2025-01-12T01:06:26.0324188Z Requested labels: macos-latest
2025-01-12T01:06:26.0324477Z Job defined at: tardis-sn/tardis/.github/workflows/tests.yml@refs/pull/2943/merge
2025-01-12T01:06:26.0324573Z Waiting for a runner to pick up this job...
2025-01-12T01:06:26.3752420Z Job is waiting for a hosted runner to come online.
2025-01-12T01:06:29.3715806Z Job is about to start running on the hosted runner: GitHub Actions 29 (hosted)
2025-01-12T01:06:30.6496760Z Current runner version: '2.321.0'
2025-01-12T01:06:30.6516030Z ##[group]Operating System
2025-01-12T01:06:30.6516560Z macOS
2025-01-12T01:06:30.6516870Z 14.7.2
2025-01-12T01:06:30.6517180Z 23H311
2025-01-12T01:06:30.6517490Z ##[endgroup]
2025-01-12T01:06:30.6517820Z ##[group]Runner Image
2025-01-12T01:06:30.6518170Z Image: macos-14-arm64
2025-01-12T01:06:30.6518490Z Version: 20250106.725
2025-01-12T01:06:30.6519170Z Included Software: https://github.com/actions/runner-images/blob/macos-14-arm64/20250106.725/images/macos/macos-14-arm64-Readme.md
2025-01-12T01:06:30.6520100Z Image Release: https://github.com/actions/runner-images/releases/tag/macos-14-arm64%2F20250106.725
2025-01-12T01:06:30.6520680Z ##[endgroup]
2025-01-12T01:06:30.6520990Z ##[group]Runner Image Provisioner
2025-01-12T01:06:30.6521390Z 2.0.404.1+573eac7f0cc07d6bb82d8b9bf5e1ffa69a554644
2025-01-12T01:06:30.6521810Z ##[endgroup]
2025-01-12T01:06:30.6523190Z ##[group]GITHUB_TOKEN Permissions
2025-01-12T01:06:30.6524520Z Actions: read
2025-01-12T01:06:30.6524840Z Attestations: read
2025-01-12T01:06:30.6525150Z Checks: read
2025-01-12T01:06:30.6525430Z Contents: read
2025-01-12T01:06:30.6525730Z Deployments: read
2025-01-12T01:06:30.6526050Z Discussions: read
2025-01-12T01:06:30.6526350Z Issues: read
2025-01-12T01:06:30.6526650Z Metadata: read
2025-01-12T01:06:30.6526950Z Packages: read
2025-01-12T01:06:30.6527240Z Pages: read
2025-01-12T01:06:30.6527530Z PullRequests: read
2025-01-12T01:06:30.6527850Z RepositoryProjects: read
2025-01-12T01:06:30.6528180Z SecurityEvents: read
2025-01-12T01:06:30.6528490Z Statuses: read
2025-01-12T01:06:30.6528800Z ##[endgroup]
2025-01-12T01:06:30.6530820Z Secret source: None
2025-01-12T01:06:30.6531340Z Prepare workflow directory
2025-01-12T01:06:30.6873280Z Prepare all required actions
2025-01-12T01:06:30.6898800Z Getting action download info
2025-01-12T01:06:30.8464330Z Download action repository 'actions/checkout@v4' (SHA:11bd71901bbe5b1630ceea73d27597364c9af683)
2025-01-12T01:06:31.1421510Z Download action repository 'actions/upload-artifact@v4' (SHA:65c4c4a1ddee5b72f698fdd19549f0f0fb45cf08)
2025-01-12T01:06:32.4369560Z Complete job name:  continuum macos-latest 
2025-01-12T01:06:32.4824680Z ##[group]Run actions/checkout@v4
2025-01-12T01:06:32.4825360Z with:
2025-01-12T01:06:32.4825720Z   repository: tardis-sn/tardis
2025-01-12T01:06:32.4826270Z   token: ***
2025-01-12T01:06:32.4826570Z   ssh-strict: true
2025-01-12T01:06:32.4826870Z   ssh-user: git
2025-01-12T01:06:32.4827180Z   persist-credentials: true
2025-01-12T01:06:32.4827520Z   clean: true
2025-01-12T01:06:32.4827840Z   sparse-checkout-cone-mode: true
2025-01-12T01:06:32.4828220Z   fetch-depth: 1
2025-01-12T01:06:32.4828520Z   fetch-tags: false
2025-01-12T01:06:32.4828830Z   show-progress: true
2025-01-12T01:06:32.4829140Z   lfs: false
2025-01-12T01:06:32.4829460Z   submodules: false
2025-01-12T01:06:32.4829790Z   set-safe-directory: true
2025-01-12T01:06:32.4830260Z env:
2025-01-12T01:06:32.4830550Z   CACHE_NUMBER: 0
2025-01-12T01:06:32.4831410Z   PYTEST_FLAGS: --tardis-regression-data=/Users/runner/work/tardis/tardis/tardis-regression-data --cov=tardis --cov-report=xml --cov-report=html --cov-append
2025-01-12T01:06:32.4832400Z   CODECOV_TOKEN: 
2025-01-12T01:06:32.4832710Z ##[endgroup]
2025-01-12T01:06:32.7434350Z Syncing repository: tardis-sn/tardis
2025-01-12T01:06:32.7435980Z ##[group]Getting Git version info
2025-01-12T01:06:32.7436560Z Working directory is '/Users/runner/work/tardis/tardis'
2025-01-12T01:06:32.7437580Z [command]/opt/homebrew/bin/git version
2025-01-12T01:06:32.8080340Z git version 2.47.1
2025-01-12T01:06:32.8108490Z ##[endgroup]
2025-01-12T01:06:32.8116220Z Copying '/Users/runner/.gitconfig' to '/Users/runner/work/_temp/d241dc6b-6eb8-4256-bf5c-bb82274aadde/.gitconfig'
2025-01-12T01:06:32.8122770Z Temporarily overriding HOME='/Users/runner/work/_temp/d241dc6b-6eb8-4256-bf5c-bb82274aadde' before making global git config changes
2025-01-12T01:06:32.8124150Z Adding repository directory to the temporary git global config as a safe directory
2025-01-12T01:06:32.8127070Z [command]/opt/homebrew/bin/git config --global --add safe.directory /Users/runner/work/tardis/tardis
2025-01-12T01:06:32.8219740Z Deleting the contents of '/Users/runner/work/tardis/tardis'
2025-01-12T01:06:32.8223290Z ##[group]Initializing the repository
2025-01-12T01:06:32.8229640Z [command]/opt/homebrew/bin/git init /Users/runner/work/tardis/tardis
2025-01-12T01:06:32.8439610Z hint: Using 'master' as the name for the initial branch. This default branch name
2025-01-12T01:06:32.8441300Z hint: is subject to change. To configure the initial branch name to use in all
2025-01-12T01:06:32.8442150Z hint: of your new repositories, which will suppress this warning, call:
2025-01-12T01:06:32.8442680Z hint:
2025-01-12T01:06:32.8443080Z hint: 	git config --global init.defaultBranch <name>
2025-01-12T01:06:32.8443540Z hint:
2025-01-12T01:06:32.8443970Z hint: Names commonly chosen instead of 'master' are 'main', 'trunk' and
2025-01-12T01:06:32.8444650Z hint: 'development'. The just-created branch can be renamed via this command:
2025-01-12T01:06:32.8445240Z hint:
2025-01-12T01:06:32.8445670Z hint: 	git branch -m <name>
2025-01-12T01:06:32.8446230Z Initialized empty Git repository in /Users/runner/work/tardis/tardis/.git/
2025-01-12T01:06:32.8449610Z [command]/opt/homebrew/bin/git remote add origin https://github.com/tardis-sn/tardis
2025-01-12T01:06:32.8564680Z ##[endgroup]
2025-01-12T01:06:32.8567190Z ##[group]Disabling automatic garbage collection
2025-01-12T01:06:32.8569460Z [command]/opt/homebrew/bin/git config --local gc.auto 0
2025-01-12T01:06:32.8632440Z ##[endgroup]
2025-01-12T01:06:32.8634160Z ##[group]Setting up auth
2025-01-12T01:06:32.8635520Z [command]/opt/homebrew/bin/git config --local --name-only --get-regexp core\.sshCommand
2025-01-12T01:06:32.8685990Z [command]/opt/homebrew/bin/git submodule foreach --recursive sh -c "git config --local --name-only --get-regexp 'core\.sshCommand' && git config --local --unset-all 'core.sshCommand' || :"
2025-01-12T01:06:32.9406790Z [command]/opt/homebrew/bin/git config --local --name-only --get-regexp http\.https\:\/\/github\.com\/\.extraheader
2025-01-12T01:06:32.9461730Z [command]/opt/homebrew/bin/git submodule foreach --recursive sh -c "git config --local --name-only --get-regexp 'http\.https\:\/\/github\.com\/\.extraheader' && git config --local --unset-all 'http.https://github.com/.extraheader' || :"
2025-01-12T01:06:33.0133870Z [command]/opt/homebrew/bin/git config --local http.https://github.com/.extraheader AUTHORIZATION: basic ***
2025-01-12T01:06:33.0215180Z ##[endgroup]
2025-01-12T01:06:33.0217710Z ##[group]Fetching the repository
2025-01-12T01:06:33.0226000Z [command]/opt/homebrew/bin/git -c protocol.version=2 fetch --no-tags --prune --no-recurse-submodules --depth=1 origin +db0e4292653cdf47ffbadb453beef38203b48a50:refs/remotes/pull/2943/merge
2025-01-12T01:06:34.5052110Z From https://github.com/tardis-sn/tardis
2025-01-12T01:06:34.5053610Z  * [new ref]         db0e4292653cdf47ffbadb453beef38203b48a50 -> pull/2943/merge
2025-01-12T01:06:34.5107570Z ##[endgroup]
2025-01-12T01:06:34.5108290Z ##[group]Determining the checkout info
2025-01-12T01:06:34.5109080Z ##[endgroup]
2025-01-12T01:06:34.5111490Z [command]/opt/homebrew/bin/git sparse-checkout disable
2025-01-12T01:06:34.5176660Z [command]/opt/homebrew/bin/git config --local --unset-all extensions.worktreeConfig
2025-01-12T01:06:34.5228030Z ##[group]Checking out the ref
2025-01-12T01:06:34.5230320Z [command]/opt/homebrew/bin/git checkout --progress --force refs/remotes/pull/2943/merge
2025-01-12T01:06:34.7048630Z HEAD is now at db0e429 Merge 8f461cdedcbeb5667e1d443b77c8b1d40d5fe411 into 0fc2c76326b8122f88ddaf369f17a637bbe37c63
2025-01-12T01:06:34.7063050Z ##[endgroup]
2025-01-12T01:06:34.7127010Z [command]/opt/homebrew/bin/git log -1 --format=%H
2025-01-12T01:06:34.7171910Z db0e4292653cdf47ffbadb453beef38203b48a50
2025-01-12T01:06:34.7440440Z Prepare all required actions
2025-01-12T01:06:34.7441330Z Getting action download info
2025-01-12T01:06:34.9061330Z Download action repository 'actions/cache@v4' (SHA:1bd1e32a3bdc45362d1e726936510720a7c30a57)
2025-01-12T01:06:35.0085630Z ##[group]Run ./.github/actions/setup_lfs
2025-01-12T01:06:35.0086300Z with:
2025-01-12T01:06:35.0086900Z   regression-data-repo: tardis-sn/tardis-regression-data
2025-01-12T01:06:35.0087650Z env:
2025-01-12T01:06:35.0088100Z   CACHE_NUMBER: 0
2025-01-12T01:06:35.0089500Z   PYTEST_FLAGS: --tardis-regression-data=/Users/runner/work/tardis/tardis/tardis-regression-data --cov=tardis --cov-report=xml --cov-report=html --cov-append
2025-01-12T01:06:35.0091000Z   CODECOV_TOKEN: 
2025-01-12T01:06:35.0091480Z ##[endgroup]
2025-01-12T01:06:35.0220750Z ##[group]Run actions/checkout@v4
2025-01-12T01:06:35.0221340Z with:
2025-01-12T01:06:35.0221850Z   repository: tardis-sn/tardis-regression-data
2025-01-12T01:06:35.0222510Z   path: tardis-regression-data
2025-01-12T01:06:35.0223320Z   token: ***
2025-01-12T01:06:35.0223900Z   ssh-strict: true
2025-01-12T01:06:35.0224390Z   ssh-user: git
2025-01-12T01:06:35.0224850Z   persist-credentials: true
2025-01-12T01:06:35.0225410Z   clean: true
2025-01-12T01:06:35.0225890Z   sparse-checkout-cone-mode: true
2025-01-12T01:06:35.0226460Z   fetch-depth: 1
2025-01-12T01:06:35.0226930Z   fetch-tags: false
2025-01-12T01:06:35.0227480Z   show-progress: true
2025-01-12T01:06:35.0227980Z   lfs: false
2025-01-12T01:06:35.0228450Z   submodules: false
2025-01-12T01:06:35.0228950Z   set-safe-directory: true
2025-01-12T01:06:35.0229490Z env:
2025-01-12T01:06:35.0229920Z   CACHE_NUMBER: 0
2025-01-12T01:06:35.0231330Z   PYTEST_FLAGS: --tardis-regression-data=/Users/runner/work/tardis/tardis/tardis-regression-data --cov=tardis --cov-report=xml --cov-report=html --cov-append
2025-01-12T01:06:35.0232900Z   CODECOV_TOKEN: 
2025-01-12T01:06:35.0233380Z ##[endgroup]
2025-01-12T01:06:35.1081190Z Syncing repository: tardis-sn/tardis-regression-data
2025-01-12T01:06:35.1084380Z ##[group]Getting Git version info
2025-01-12T01:06:35.1085360Z Working directory is '/Users/runner/work/tardis/tardis/tardis-regression-data'
2025-01-12T01:06:35.1118600Z [command]/opt/homebrew/bin/git version
2025-01-12T01:06:35.1163570Z git version 2.47.1
2025-01-12T01:06:35.1178350Z ##[endgroup]
2025-01-12T01:06:35.1184360Z Copying '/Users/runner/.gitconfig' to '/Users/runner/work/_temp/5553d966-9246-4703-8027-a4872d4aafae/.gitconfig'
2025-01-12T01:06:35.1195020Z Temporarily overriding HOME='/Users/runner/work/_temp/5553d966-9246-4703-8027-a4872d4aafae' before making global git config changes
2025-01-12T01:06:35.1201720Z Adding repository directory to the temporary git global config as a safe directory
2025-01-12T01:06:35.1203320Z [command]/opt/homebrew/bin/git config --global --add safe.directory /Users/runner/work/tardis/tardis/tardis-regression-data
2025-01-12T01:06:35.1248270Z ##[group]Initializing the repository
2025-01-12T01:06:35.1251600Z [command]/opt/homebrew/bin/git init /Users/runner/work/tardis/tardis/tardis-regression-data
2025-01-12T01:06:35.1317800Z hint: Using 'master' as the name for the initial branch. This default branch name
2025-01-12T01:06:35.1319740Z hint: is subject to change. To configure the initial branch name to use in all
2025-01-12T01:06:35.1321060Z hint: of your new repositories, which will suppress this warning, call:
2025-01-12T01:06:35.1321900Z hint:
2025-01-12T01:06:35.1322480Z hint: 	git config --global init.defaultBranch <name>
2025-01-12T01:06:35.1323180Z hint:
2025-01-12T01:06:35.1323840Z hint: Names commonly chosen instead of 'master' are 'main', 'trunk' and
2025-01-12T01:06:35.1324940Z hint: 'development'. The just-created branch can be renamed via this command:
2025-01-12T01:06:35.1325790Z hint:
2025-01-12T01:06:35.1326270Z hint: 	git branch -m <name>
2025-01-12T01:06:35.1327290Z Initialized empty Git repository in /Users/runner/work/tardis/tardis/tardis-regression-data/.git/
2025-01-12T01:06:35.1330130Z [command]/opt/homebrew/bin/git remote add origin https://github.com/tardis-sn/tardis-regression-data
2025-01-12T01:06:35.1373380Z ##[endgroup]
2025-01-12T01:06:35.1374290Z ##[group]Disabling automatic garbage collection
2025-01-12T01:06:35.1375910Z [command]/opt/homebrew/bin/git config --local gc.auto 0
2025-01-12T01:06:35.1420220Z ##[endgroup]
2025-01-12T01:06:35.1421100Z ##[group]Setting up auth
2025-01-12T01:06:35.1424920Z [command]/opt/homebrew/bin/git config --local --name-only --get-regexp core\.sshCommand
2025-01-12T01:06:35.1468460Z [command]/opt/homebrew/bin/git submodule foreach --recursive sh -c "git config --local --name-only --get-regexp 'core\.sshCommand' && git config --local --unset-all 'core.sshCommand' || :"
2025-01-12T01:06:35.1960480Z [command]/opt/homebrew/bin/git config --local --name-only --get-regexp http\.https\:\/\/github\.com\/\.extraheader
2025-01-12T01:06:35.2005850Z [command]/opt/homebrew/bin/git submodule foreach --recursive sh -c "git config --local --name-only --get-regexp 'http\.https\:\/\/github\.com\/\.extraheader' && git config --local --unset-all 'http.https://github.com/.extraheader' || :"
2025-01-12T01:06:35.3479830Z [command]/opt/homebrew/bin/git config --local http.https://github.com/.extraheader AUTHORIZATION: basic ***
2025-01-12T01:06:35.3785990Z ##[endgroup]
2025-01-12T01:06:35.3846460Z ##[group]Determining the default branch
2025-01-12T01:06:35.3948050Z Retrieving the default branch name
2025-01-12T01:06:35.7074840Z Default branch 'main'
2025-01-12T01:06:35.7075470Z ##[endgroup]
2025-01-12T01:06:35.7075880Z ##[group]Fetching the repository
2025-01-12T01:06:35.7079900Z [command]/opt/homebrew/bin/git -c protocol.version=2 fetch --no-tags --prune --no-recurse-submodules --depth=1 origin +refs/heads/main:refs/remotes/origin/main
2025-01-12T01:06:36.6227050Z From https://github.com/tardis-sn/tardis-regression-data
2025-01-12T01:06:36.6227450Z  * [new branch]      main       -> origin/main
2025-01-12T01:06:36.6276250Z ##[endgroup]
2025-01-12T01:06:36.6276590Z ##[group]Determining the checkout info
2025-01-12T01:06:36.6276970Z ##[endgroup]
2025-01-12T01:06:36.6280750Z [command]/opt/homebrew/bin/git sparse-checkout disable
2025-01-12T01:06:36.6332840Z [command]/opt/homebrew/bin/git config --local --unset-all extensions.worktreeConfig
2025-01-12T01:06:36.6377050Z ##[group]Checking out the ref
2025-01-12T01:06:36.6380990Z [command]/opt/homebrew/bin/git checkout --progress --force -B main refs/remotes/origin/main
2025-01-12T01:06:36.9549910Z Switched to a new branch 'main'
2025-01-12T01:06:36.9634020Z branch 'main' set up to track 'origin/main'.
2025-01-12T01:06:37.0697910Z ##[endgroup]
2025-01-12T01:06:37.1009910Z [command]/opt/homebrew/bin/git log -1 --format=%H
2025-01-12T01:06:37.1033300Z 666ab8501c2b2aea30d05b8822e7ddbfca078d23
2025-01-12T01:06:37.1102680Z ##[group]Run git lfs ls-files -l | cut -d' ' -f1 | sort > .lfs-assets-id
2025-01-12T01:06:37.1103070Z [36;1mgit lfs ls-files -l | cut -d' ' -f1 | sort > .lfs-assets-id[0m
2025-01-12T01:06:37.1164910Z shell: /bin/bash --noprofile --norc -e -o pipefail {0}
2025-01-12T01:06:37.1165180Z env:
2025-01-12T01:06:37.1165300Z   CACHE_NUMBER: 0
2025-01-12T01:06:37.1165760Z   PYTEST_FLAGS: --tardis-regression-data=/Users/runner/work/tardis/tardis/tardis-regression-data --cov=tardis --cov-report=xml --cov-report=html --cov-append
2025-01-12T01:06:37.1166310Z   CODECOV_TOKEN: 
2025-01-12T01:06:37.1166430Z ##[endgroup]
2025-01-12T01:06:37.3479380Z ##[group]Run actions/cache/restore@v4
2025-01-12T01:06:37.3479610Z with:
2025-01-12T01:06:37.3479740Z   path: tardis-regression-data/.git/lfs
2025-01-12T01:06:37.3480070Z   key: macOS-lfs-21f9fa4b6817cc69b9fae3598144724da7828e276a73bd17f47a2a49d9af090a-v1
2025-01-12T01:06:37.3480370Z   enableCrossOsArchive: false
2025-01-12T01:06:37.3480540Z   fail-on-cache-miss: false
2025-01-12T01:06:37.3480700Z   lookup-only: false
2025-01-12T01:06:37.3480830Z env:
2025-01-12T01:06:37.3480940Z   CACHE_NUMBER: 0
2025-01-12T01:06:37.3481630Z   PYTEST_FLAGS: --tardis-regression-data=/Users/runner/work/tardis/tardis/tardis-regression-data --cov=tardis --cov-report=xml --cov-report=html --cov-append
2025-01-12T01:06:37.3482110Z   CODECOV_TOKEN: 
2025-01-12T01:06:37.3482230Z ##[endgroup]
2025-01-12T01:06:38.8824470Z Received 46137344 of 1706796060 (2.7%), 44.0 MBs/sec
2025-01-12T01:06:39.8828270Z Received 117440512 of 1706796060 (6.9%), 55.9 MBs/sec
2025-01-12T01:06:40.8834210Z Received 192937984 of 1706796060 (11.3%), 61.3 MBs/sec
2025-01-12T01:06:41.8837150Z Received 276824064 of 1706796060 (16.2%), 66.0 MBs/sec
2025-01-12T01:06:42.8843020Z Received 364904448 of 1706796060 (21.4%), 69.6 MBs/sec
2025-01-12T01:06:43.8852940Z Received 444596224 of 1706796060 (26.0%), 70.6 MBs/sec
2025-01-12T01:06:44.8852950Z Received 515899392 of 1706796060 (30.2%), 70.2 MBs/sec
2025-01-12T01:06:45.8858290Z Received 616562688 of 1706796060 (36.1%), 73.5 MBs/sec
2025-01-12T01:06:46.8865070Z Received 696254464 of 1706796060 (40.8%), 73.7 MBs/sec
2025-01-12T01:06:47.8873950Z Received 771751936 of 1706796060 (45.2%), 73.6 MBs/sec
2025-01-12T01:06:48.8874850Z Received 847249408 of 1706796060 (49.6%), 73.4 MBs/sec
2025-01-12T01:06:49.8890370Z Received 935329792 of 1706796060 (54.8%), 74.3 MBs/sec
2025-01-12T01:06:50.8887920Z Received 1006632960 of 1706796060 (59.0%), 73.8 MBs/sec
2025-01-12T01:06:51.8896420Z Received 1107296256 of 1706796060 (64.9%), 75.4 MBs/sec
2025-01-12T01:06:52.8907520Z Received 1195376640 of 1706796060 (70.0%), 75.9 MBs/sec
2025-01-12T01:06:53.8914280Z Received 1300234240 of 1706796060 (76.2%), 77.4 MBs/sec
2025-01-12T01:06:54.8920690Z Received 1409286144 of 1706796060 (82.6%), 79.0 MBs/sec
2025-01-12T01:06:55.8926510Z Received 1501560832 of 1706796060 (88.0%), 79.5 MBs/sec
2025-01-12T01:06:56.8934590Z Received 1568669696 of 1706796060 (91.9%), 78.7 MBs/sec
2025-01-12T01:06:57.8951430Z Received 1665138688 of 1706796060 (97.6%), 79.3 MBs/sec
2025-01-12T01:06:58.4699090Z Cache Size: ~1628 MB (1706796060 B)
2025-01-12T01:06:58.4742450Z [command]/opt/homebrew/bin/gtar -xf /Users/runner/work/_temp/c5be5fa3-97bf-4c16-bc83-5b4a9ab35692/cache.tzst -P -C /Users/runner/work/tardis/tardis --delay-directory-restore --use-compress-program unzstd
2025-01-12T01:06:58.8975580Z Received 1706796060 of 1706796060 (100.0%), 77.4 MBs/sec
2025-01-12T01:07:04.4458600Z Cache restored successfully
2025-01-12T01:07:04.5375970Z Cache restored from key: macOS-lfs-21f9fa4b6817cc69b9fae3598144724da7828e276a73bd17f47a2a49d9af090a-v1
2025-01-12T01:07:04.5654650Z ##[group]Run git lfs checkout
2025-01-12T01:07:04.5655270Z [36;1mgit lfs checkout[0m
2025-01-12T01:07:04.5742600Z shell: /bin/bash --noprofile --norc -e -o pipefail {0}
2025-01-12T01:07:04.5742990Z env:
2025-01-12T01:07:04.5743340Z   CACHE_NUMBER: 0
2025-01-12T01:07:04.5744020Z   PYTEST_FLAGS: --tardis-regression-data=/Users/runner/work/tardis/tardis/tardis-regression-data --cov=tardis --cov-report=xml --cov-report=html --cov-append
2025-01-12T01:07:04.5744640Z   CODECOV_TOKEN: 
2025-01-12T01:07:04.5744980Z ##[endgroup]
2025-01-12T01:07:11.8398490Z Checking out LFS objects: 100% (204/204), 3.5 GB | 389 MB/s, done.
2025-01-12T01:07:18.8758080Z Prepare all required actions
2025-01-12T01:07:18.8758860Z Getting action download info
2025-01-12T01:07:19.0098220Z Download action repository 'mamba-org/setup-micromamba@v1' (SHA:4b9113af4fba0e9e1124b252dd6497a419e7396d)
2025-01-12T01:07:20.2360540Z ##[group]Run ./.github/actions/setup_env
2025-01-12T01:07:20.2360820Z with:
2025-01-12T01:07:20.2361130Z   os-label: osx-arm64
2025-01-12T01:07:20.2361330Z env:
2025-01-12T01:07:20.2361600Z   CACHE_NUMBER: 0
2025-01-12T01:07:20.2362130Z   PYTEST_FLAGS: --tardis-regression-data=/Users/runner/work/tardis/tardis/tardis-regression-data --cov=tardis --cov-report=xml --cov-report=html --cov-append
2025-01-12T01:07:20.2362690Z   CODECOV_TOKEN: 
2025-01-12T01:07:20.2362890Z ##[endgroup]
2025-01-12T01:07:20.2382760Z ##[group]Run file_hash=$(cat conda-osx-arm64.lock | shasum -a 256 | cut -d' ' -f1)
2025-01-12T01:07:20.2383160Z [36;1mfile_hash=$(cat conda-osx-arm64.lock | shasum -a 256 | cut -d' ' -f1)[0m
2025-01-12T01:07:20.2383520Z [36;1mecho "file_hash=$file_hash" >> "${GITHUB_OUTPUT}"[0m
2025-01-12T01:07:20.2433630Z shell: /bin/bash --noprofile --norc -e -o pipefail {0}
2025-01-12T01:07:20.2433870Z env:
2025-01-12T01:07:20.2434020Z   CACHE_NUMBER: 0
2025-01-12T01:07:20.2435060Z   PYTEST_FLAGS: --tardis-regression-data=/Users/runner/work/tardis/tardis/tardis-regression-data --cov=tardis --cov-report=xml --cov-report=html --cov-append
2025-01-12T01:07:20.2435660Z   CODECOV_TOKEN: 
2025-01-12T01:07:20.2435790Z ##[endgroup]
2025-01-12T01:07:20.3419470Z ##[group]Run mamba-org/setup-micromamba@v1
2025-01-12T01:07:20.3419690Z with:
2025-01-12T01:07:20.3419850Z   environment-file: conda-osx-arm64.lock
2025-01-12T01:07:20.3420190Z   cache-environment-key: bf0d0a4d4c847cca72476c6c68c493d56c484aada7e80de0e42c7607fcef5824
2025-01-12T01:07:20.3420660Z   cache-downloads-key: bf0d0a4d4c847cca72476c6c68c493d56c484aada7e80de0e42c7607fcef5824
2025-01-12T01:07:20.3421000Z   environment-name: tardis
2025-01-12T01:07:20.3421180Z   cache-environment: true
2025-01-12T01:07:20.3421400Z   cache-downloads: true
2025-01-12T01:07:20.3421550Z env:
2025-01-12T01:07:20.3421670Z   CACHE_NUMBER: 0
2025-01-12T01:07:20.3422180Z   PYTEST_FLAGS: --tardis-regression-data=/Users/runner/work/tardis/tardis/tardis-regression-data --cov=tardis --cov-report=xml --cov-report=html --cov-append
2025-01-12T01:07:20.3422700Z   CODECOV_TOKEN: 
2025-01-12T01:07:20.3422850Z ##[endgroup]
2025-01-12T01:07:20.6168110Z Will download micromamba to /Users/runner/micromamba-bin/micromamba
2025-01-12T01:07:20.6173700Z ##[group]Install micromamba
2025-01-12T01:07:21.4003230Z micromamba installed to /Users/runner/micromamba-bin/micromamba
2025-01-12T01:07:21.4004390Z ##[endgroup]
2025-01-12T01:07:21.4004890Z Adding conda-forge to condarc channels ...
2025-01-12T01:07:21.4085100Z ##[group]Initialize micromamba for bash.
2025-01-12T01:07:21.4094260Z [command]/Users/runner/micromamba-bin/micromamba shell init -s bash -r /Users/runner/micromamba --log-level warning --rc-file /Users/runner/work/_temp/setup-micromamba/.condarc
2025-01-12T01:07:21.4265620Z Modifying RC file "/Users/runner/.bash_profile"
2025-01-12T01:07:21.4269010Z Generating config for root prefix [1m"/Users/runner/micromamba"[0m
2025-01-12T01:07:21.4270040Z Setting mamba executable to: [1m"/Users/runner/micromamba-bin/micromamba"[0m
2025-01-12T01:07:21.4270720Z Adding (or replacing) the following in your "/Users/runner/.bash_profile" file
2025-01-12T01:07:21.4280960Z 
2025-01-12T01:07:21.4281090Z # >>> mamba initialize >>>
2025-01-12T01:07:21.4281380Z # !! Contents within this block are managed by 'mamba init' !!
2025-01-12T01:07:21.4281740Z export MAMBA_EXE='/Users/runner/micromamba-bin/micromamba';
2025-01-12T01:07:21.4282370Z export MAMBA_ROOT_PREFIX='/Users/runner/micromamba';
2025-01-12T01:07:21.4282940Z __mamba_setup="$("$MAMBA_EXE" shell hook --shell bash --root-prefix "$MAMBA_ROOT_PREFIX" 2> /dev/null)"
2025-01-12T01:07:21.4290150Z if [ $? -eq 0 ]; then
2025-01-12T01:07:21.4290550Z     eval "$__mamba_setup"
2025-01-12T01:07:21.4291670Z else
2025-01-12T01:07:21.4292000Z     alias micromamba="$MAMBA_EXE"  # Fallback on help from mamba activate
2025-01-12T01:07:21.4292520Z fi
2025-01-12T01:07:21.4292910Z unset __mamba_setup
2025-01-12T01:07:21.4293150Z # <<< mamba initialize <<<
2025-01-12T01:07:21.4293280Z 
2025-01-12T01:07:21.4293550Z ##[endgroup]
2025-01-12T01:07:21.4294210Z ##[group]Restoring downloads from `/Users/runner/micromamba/pkgs` ...
2025-01-12T01:07:22.7809800Z Received 41943040 of 310595873 (13.5%), 39.6 MBs/sec
2025-01-12T01:07:23.7816960Z Received 125829120 of 310595873 (40.5%), 59.1 MBs/sec
2025-01-12T01:07:24.7819640Z Received 201326592 of 310595873 (64.8%), 63.3 MBs/sec
2025-01-12T01:07:25.7885140Z Received 272629760 of 310595873 (87.8%), 64.4 MBs/sec
2025-01-12T01:07:26.1193700Z Cache Size: ~296 MB (310595873 B)
2025-01-12T01:07:26.1273980Z [command]/opt/homebrew/bin/gtar -xf /Users/runner/work/_temp/5d2d3c9c-ea21-4adb-ab88-2906ff1807ac/cache.tzst -P -C /Users/runner/work/tardis/tardis --delay-directory-restore --use-compress-program unzstd
2025-01-12T01:07:26.6375870Z Cache restored successfully
2025-01-12T01:07:26.6394350Z Restored cache with key `bf0d0a4d4c847cca72476c6c68c493d56c484aada7e80de0e42c7607fcef5824-osx-arm64`
2025-01-12T01:07:26.6398160Z ##[endgroup]
2025-01-12T01:07:26.6417460Z ##[group]Restoring environment `tardis` from `/Users/runner/micromamba/envs/tardis` ...
2025-01-12T01:07:26.7916760Z Received 310595873 of 310595873 (100.0%), 58.7 MBs/sec
2025-01-12T01:07:28.0201830Z Received 41943040 of 385775710 (10.9%), 40.0 MBs/sec
2025-01-12T01:07:29.0171240Z Received 113246208 of 385775710 (29.4%), 54.0 MBs/sec
2025-01-12T01:07:30.0180700Z Received 197132288 of 385775710 (51.1%), 62.6 MBs/sec
2025-01-12T01:07:31.0181560Z Received 272629760 of 385775710 (70.7%), 65.0 MBs/sec
2025-01-12T01:07:32.0186410Z Received 339738624 of 385775710 (88.1%), 64.8 MBs/sec
2025-01-12T01:07:32.5195800Z Cache Size: ~368 MB (385775710 B)
2025-01-12T01:07:32.5225060Z [command]/opt/homebrew/bin/gtar -xf /Users/runner/work/_temp/03da4d10-73b9-4284-b6c5-4210ec98f9f5/cache.tzst -P -C /Users/runner/work/tardis/tardis --delay-directory-restore --use-compress-program unzstd
2025-01-12T01:07:33.0212100Z Received 385775710 of 385775710 (100.0%), 61.3 MBs/sec
2025-01-12T01:07:43.2405980Z Cache restored successfully
2025-01-12T01:07:43.2507940Z Restored cache with key `bf0d0a4d4c847cca72476c6c68c493d56c484aada7e80de0e42c7607fcef5824-osx-arm64-tardis-args-4f53cda-root-873f6fe-bin-[object Promise]-file-bf0d0a4d4c847cca72476c6c68c493d56c484aada7e80de0e42c7607fcef5824`
2025-01-12T01:07:43.2609030Z ##[endgroup]
2025-01-12T01:07:43.2675530Z Adding environment tardis to auto-activate bash ...
2025-01-12T01:07:43.2676980Z Generating micromamba run shell.
2025-01-12T01:07:43.2681390Z ##[endgroup]
2025-01-12T01:07:43.2698730Z Set environment variables.
2025-01-12T01:07:43.2700000Z ##[group]micromamba info
2025-01-12T01:07:43.2701700Z [command]/Users/runner/micromamba-bin/micromamba info -r /Users/runner/micromamba -n tardis
2025-01-12T01:07:43.7342080Z 
2025-01-12T01:07:43.7407950Z        libmamba version : 1.5.10
2025-01-12T01:07:43.7421700Z      micromamba version : 1.5.10
2025-01-12T01:07:43.7423680Z            curl version : libcurl/8.10.1 (OpenSSL/3.3.2) SecureTransport zlib/1.3.1 zstd/1.5.6 libssh2/1.11.0 nghttp2/1.58.0
2025-01-12T01:07:43.7424760Z      libarchive version : libarchive 3.7.4 zlib/1.2.13 bz2lib/1.0.8 libzstd/1.5.6
2025-01-12T01:07:43.7425300Z        envs directories : /Users/runner/micromamba/envs
2025-01-12T01:07:43.7425710Z           package cache : /Users/runner/micromamba/pkgs
2025-01-12T01:07:43.7426410Z                           /Users/runner/.mamba/pkgs
2025-01-12T01:07:43.7426890Z             environment : tardis
2025-01-12T01:07:43.7427670Z            env location : /Users/runner/micromamba/envs/tardis
2025-01-12T01:07:43.7428110Z       user config files : /Users/runner/.mambarc
2025-01-12T01:07:43.7428640Z  populated config files : /Users/runner/work/_temp/setup-micromamba/.condarc
2025-01-12T01:07:43.7440310Z        virtual packages : __unix=0=0
2025-01-12T01:07:43.7440720Z                           __osx=14.7.2=0
2025-01-12T01:07:43.7441080Z                           __archspec=1=arm64
2025-01-12T01:07:43.7441530Z                channels : https://conda.anaconda.org/conda-forge/osx-arm64
2025-01-12T01:07:43.7441960Z                           https://conda.anaconda.org/conda-forge/noarch
2025-01-12T01:07:43.7442270Z        base environment : /Users/runner/micromamba
2025-01-12T01:07:43.7442600Z                platform : osx-arm64
2025-01-12T01:07:43.7443080Z ##[endgroup]
2025-01-12T01:07:43.7443440Z ##[group]micromamba list
2025-01-12T01:07:43.7443970Z [command]/Users/runner/micromamba-bin/micromamba list -r /Users/runner/micromamba -n tardis
2025-01-12T01:07:44.1384760Z List of packages in environment: "/Users/runner/micromamba/envs/tardis"
2025-01-12T01:07:44.1385350Z 
2025-01-12T01:07:44.1385640Z   Name                           Version              Build                    Channel    
2025-01-12T01:07:44.1387210Z ────────────────────────────────────────────────────────────────────────────────────────────
2025-01-12T01:07:44.1387790Z   alabaster                      0.7.16               pyhd8ed1ab_0             conda-forge
2025-01-12T01:07:44.1394970Z   anyio                          4.4.0                pyhd8ed1ab_0             conda-forge
2025-01-12T01:07:44.1395500Z   appnope                        0.1.4                pyhd8ed1ab_0             conda-forge
2025-01-12T01:07:44.1395880Z   argon2-cffi                    23.1.0               pyhd8ed1ab_0             conda-forge
2025-01-12T01:07:44.1396330Z   argon2-cffi-bindings           21.2.0               py312h02f2b3b_4          conda-forge
2025-01-12T01:07:44.1396790Z   arrow                          1.3.0                pyhd8ed1ab_0             conda-forge
2025-01-12T01:07:44.1397220Z   astropy                        6.1.1                py312hbebd99a_0          conda-forge
2025-01-12T01:07:44.1397680Z   astropy-iers-data              0.2024.6.17.0.31.35  pyhd8ed1ab_0             conda-forge
2025-01-12T01:07:44.1398190Z   astropy-sphinx-theme           1.1                  pyhd8ed1ab_0             conda-forge
2025-01-12T01:07:44.1398600Z   asttokens                      2.4.1                pyhd8ed1ab_0             conda-forge
2025-01-12T01:07:44.1399690Z   async-lru                      2.0.4                pyhd8ed1ab_0             conda-forge
2025-01-12T01:07:44.1400300Z   atk-1.0                        2.38.0               hd03087b_2               conda-forge
2025-01-12T01:07:44.1400770Z   attrs                          23.2.0               pyh71513ae_0             conda-forge
2025-01-12T01:07:44.1401120Z   babel                          2.14.0               pyhd8ed1ab_0             conda-forge
2025-01-12T01:07:44.1401560Z   beautifulsoup4                 4.12.3               pyha770c72_0             conda-forge
2025-01-12T01:07:44.1402040Z   bleach                         6.1.0                pyhd8ed1ab_0             conda-forge
2025-01-12T01:07:44.1402390Z   blosc                          1.21.5               h9c252e8_1               conda-forge
2025-01-12T01:07:44.1402890Z   brotli                         1.1.0                hb547adb_1               conda-forge
2025-01-12T01:07:44.1403390Z   brotli-bin                     1.1.0                hb547adb_1               conda-forge
2025-01-12T01:07:44.1403920Z   brotli-python                  1.1.0                py312h9f69965_1          conda-forge
2025-01-12T01:07:44.1404290Z   bzip2                          1.0.8                h93a5062_5               conda-forge
2025-01-12T01:07:44.1404890Z   c-ares                         1.28.1               h93a5062_0               conda-forge
2025-01-12T01:07:44.1405240Z   c-blosc2                       2.14.4               ha57e6be_1               conda-forge
2025-01-12T01:07:44.1405700Z   ca-certificates                2024.6.2             hf0a4a13_0               conda-forge
2025-01-12T01:07:44.1406410Z   cached-property                1.5.2                hd8ed1ab_1               conda-forge
2025-01-12T01:07:44.1406940Z   cached_property                1.5.2                pyha770c72_1             conda-forge
2025-01-12T01:07:44.1407320Z   cairo                          1.18.0               hd1e100b_0               conda-forge
2025-01-12T01:07:44.1407820Z   certifi                        2024.6.2             pyhd8ed1ab_0             conda-forge
2025-01-12T01:07:44.1408320Z   cffi                           1.16.0               py312h8e38eb3_0          conda-forge
2025-01-12T01:07:44.1408760Z   charset-normalizer             3.3.2                pyhd8ed1ab_0             conda-forge
2025-01-12T01:07:44.1409270Z   click                          8.1.7                unix_pyh707e725_0        conda-forge
2025-01-12T01:07:44.1409770Z   codespell                      2.3.0                pyhd8ed1ab_0             conda-forge
2025-01-12T01:07:44.1410190Z   colorama                       0.4.6                pyhd8ed1ab_0             conda-forge
2025-01-12T01:07:44.1410720Z   comm                           0.2.2                pyhd8ed1ab_0             conda-forge
2025-01-12T01:07:44.1411090Z   commonmark                     0.9.1                py_0                     conda-forge
2025-01-12T01:07:44.1411750Z   contourpy                      1.2.1                py312h0fef576_0          conda-forge
2025-01-12T01:07:44.1412170Z   coverage                       7.5.3                py312h7e5086c_0          conda-forge
2025-01-12T01:07:44.1412580Z   cycler                         0.12.1               pyhd8ed1ab_0             conda-forge
2025-01-12T01:07:44.1412920Z   dataclasses                    0.8                  pyhc8e2a94_3             conda-forge
2025-01-12T01:07:44.1413360Z   debugpy                        1.8.1                py312h20a0b95_0          conda-forge
2025-01-12T01:07:44.1413730Z   decorator                      5.1.1                pyhd8ed1ab_0             conda-forge
2025-01-12T01:07:44.1414130Z   defusedxml                     0.7.1                pyhd8ed1ab_0             conda-forge
2025-01-12T01:07:44.1414550Z   docutils                       0.20.1               py312h81bd7bf_3          conda-forge
2025-01-12T01:07:44.1414960Z   dot2tex                        2.11.3               pyhd8ed1ab_0             conda-forge
2025-01-12T01:07:44.1415430Z   entrypoints                    0.4                  pyhd8ed1ab_0             conda-forge
2025-01-12T01:07:44.1415830Z   exceptiongroup                 1.2.0                pyhd8ed1ab_2             conda-forge
2025-01-12T01:07:44.1416260Z   executing                      2.0.1                pyhd8ed1ab_0             conda-forge
2025-01-12T01:07:44.1416600Z   expat                          2.6.2                hebf3989_0               conda-forge
2025-01-12T01:07:44.1417300Z   font-ttf-dejavu-sans-mono      2.37                 hab24e00_0               conda-forge
2025-01-12T01:07:44.1417740Z   font-ttf-inconsolata           3.000                h77eed37_0               conda-forge
2025-01-12T01:07:44.1418260Z   font-ttf-source-code-pro       2.038                h77eed37_0               conda-forge
2025-01-12T01:07:44.1418670Z   font-ttf-ubuntu                0.83                 h77eed37_2               conda-forge
2025-01-12T01:07:44.1419100Z   fontconfig                     2.14.2               h82840c6_0               conda-forge
2025-01-12T01:07:44.1419500Z   fonts-conda-ecosystem          1                    0                        conda-forge
2025-01-12T01:07:44.1419970Z   fonts-conda-forge              1                    0                        conda-forge
2025-01-12T01:07:44.1420430Z   fonttools                      4.53.0               py312h7e5086c_0          conda-forge
2025-01-12T01:07:44.1421180Z   fqdn                           1.5.1                pyhd8ed1ab_0             conda-forge
2025-01-12T01:07:44.1421580Z   freetype                       2.12.1               hadb7bae_2               conda-forge
2025-01-12T01:07:44.1421920Z   fribidi                        1.0.10               h27ca646_0               conda-forge
2025-01-12T01:07:44.1422530Z   future                         1.0.0                pyhd8ed1ab_0             conda-forge
2025-01-12T01:07:44.1422870Z   gdk-pixbuf                     2.42.12              h7ddc832_0               conda-forge
2025-01-12T01:07:44.1423280Z   gettext                        0.22.5               h8fbad5d_2               conda-forge
2025-01-12T01:07:44.1423880Z   gettext-tools                  0.22.5               h8fbad5d_2               conda-forge
2025-01-12T01:07:44.1424460Z   giflib                         5.2.2                h93a5062_0               conda-forge
2025-01-12T01:07:44.1424890Z   git-lfs                        3.5.1                hce30654_0               conda-forge
2025-01-12T01:07:44.1425230Z   gmp                            6.3.0                hebf3989_1               conda-forge
2025-01-12T01:07:44.1425650Z   gmpy2                          2.1.5                py312hfa9fade_1          conda-forge
2025-01-12T01:07:44.1426040Z   graphite2                      1.3.13               hebf3989_1003            conda-forge
2025-01-12T01:07:44.1426530Z   graphviz                       11.0.0               h9bb9bc9_0               conda-forge
2025-01-12T01:07:44.1426870Z   gtk2                           2.24.33              h7895bb2_4               conda-forge
2025-01-12T01:07:44.1427680Z   gts                            0.7.6                he42f4ea_4               conda-forge
2025-01-12T01:07:44.1428040Z   h11                            0.14.0               pyhd8ed1ab_0             conda-forge
2025-01-12T01:07:44.1428480Z   h2                             4.1.0                pyhd8ed1ab_0             conda-forge
2025-01-12T01:07:44.1428840Z   h5py                           3.11.0               nompi_py312h903599c_102  conda-forge
2025-01-12T01:07:44.1429240Z   harfbuzz                       8.5.0                h1836168_0               conda-forge
2025-01-12T01:07:44.1429600Z   hdf5                           1.14.3               nompi_hec07895_105       conda-forge
2025-01-12T01:07:44.1429960Z   hpack                          4.0.0                pyh9f0ad1d_0             conda-forge
2025-01-12T01:07:44.1430560Z   httpcore                       1.0.5                pyhd8ed1ab_0             conda-forge
2025-01-12T01:07:44.1430940Z   httpx                          0.27.0               pyhd8ed1ab_0             conda-forge
2025-01-12T01:07:44.1431370Z   hyperframe                     6.0.1                pyhd8ed1ab_0             conda-forge
2025-01-12T01:07:44.1431710Z   icu                            73.2                 hc8870d7_0               conda-forge
2025-01-12T01:07:44.1432090Z   idna                           3.7                  pyhd8ed1ab_0             conda-forge
2025-01-12T01:07:44.1432490Z   imagesize                      1.4.1                pyhd8ed1ab_0             conda-forge
2025-01-12T01:07:44.1432900Z   importlib-metadata             7.1.0                pyha770c72_0             conda-forge
2025-01-12T01:07:44.1433380Z   importlib_metadata             7.1.0                hd8ed1ab_0               conda-forge
2025-01-12T01:07:44.1433760Z   importlib_resources            6.4.0                pyhd8ed1ab_0             conda-forge
2025-01-12T01:07:44.1434180Z   iniconfig                      2.0.0                pyhd8ed1ab_0             conda-forge
2025-01-12T01:07:44.1434540Z   ipykernel                      6.29.4               pyh57ce528_0             conda-forge
2025-01-12T01:07:44.1434920Z   ipython                        8.25.0               pyh707e725_0             conda-forge
2025-01-12T01:07:44.1435410Z   ipython_genutils               0.2.0                pyhd8ed1ab_1             conda-forge
2025-01-12T01:07:44.1435850Z   ipywidgets                     7.8.0                pyhd8ed1ab_0             conda-forge
2025-01-12T01:07:44.1436220Z   isoduration                    20.11.0              pyhd8ed1ab_0             conda-forge
2025-01-12T01:07:44.1436610Z   jedi                           0.19.1               pyhd8ed1ab_0             conda-forge
2025-01-12T01:07:44.1437490Z   jinja2                         3.1.4                pyhd8ed1ab_0             conda-forge
2025-01-12T01:07:44.1437860Z   json5                          0.9.25               pyhd8ed1ab_0             conda-forge
2025-01-12T01:07:44.1438760Z   jsonpointer                    3.0.0                py312h81bd7bf_0          conda-forge
2025-01-12T01:07:44.1439330Z   jsonschema                     4.22.0               pyhd8ed1ab_0             conda-forge
2025-01-12T01:07:44.1440290Z   jsonschema-specifications      2023.12.1            pyhd8ed1ab_0             conda-forge
2025-01-12T01:07:44.1440980Z   jsonschema-with-format-nongpl  4.22.0               pyhd8ed1ab_0             conda-forge
2025-01-12T01:07:44.1441610Z   jupyter-lsp                    2.2.5                pyhd8ed1ab_0             conda-forge
2025-01-12T01:07:44.1442010Z   jupyter_client                 8.6.2                pyhd8ed1ab_0             conda-forge
2025-01-12T01:07:44.1463140Z   jupyter_core                   5.7.2                py312h81bd7bf_0          conda-forge
2025-01-12T01:07:44.1463760Z   jupyter_events                 0.10.0               pyhd8ed1ab_0             conda-forge
2025-01-12T01:07:44.1464310Z   jupyter_server                 2.14.1               pyhd8ed1ab_0             conda-forge
2025-01-12T01:07:44.1465340Z   jupyter_server_terminals       0.5.3                pyhd8ed1ab_0             conda-forge
2025-01-12T01:07:44.1465830Z   jupyterlab                     4.2.2                pyhd8ed1ab_0             conda-forge
2025-01-12T01:07:44.1466260Z   jupyterlab_pygments            0.3.0                pyhd8ed1ab_1             conda-forge
2025-01-12T01:07:44.1466830Z   jupyterlab_server              2.27.2               pyhd8ed1ab_0             conda-forge
2025-01-12T01:07:44.1467300Z   jupyterlab_widgets             1.1.7                pyhd8ed1ab_0             conda-forge
2025-01-12T01:07:44.1467760Z   kiwisolver                     1.4.5                py312h389731b_1          conda-forge
2025-01-12T01:07:44.1468090Z   krb5                           1.21.2               h92f50d5_0               conda-forge
2025-01-12T01:07:44.1468470Z   latexcodec                     2.0.1                pyh9f0ad1d_0             conda-forge
2025-01-12T01:07:44.1468790Z   lcms2                          2.16                 ha0e7c42_0               conda-forge
2025-01-12T01:07:44.1469100Z   lerc                           4.0.0                h9a09cb3_0               conda-forge
2025-01-12T01:07:44.1469370Z   libaec                         1.1.3                hebf3989_0               conda-forge
2025-01-12T01:07:44.1469700Z   libasprintf                    0.22.5               h8fbad5d_2               conda-forge
2025-01-12T01:07:44.1470130Z   libasprintf-devel              0.22.5               h8fbad5d_2               conda-forge
2025-01-12T01:07:44.1470480Z   libblas                        3.9.0                22_osxarm64_openblas     conda-forge
2025-01-12T01:07:44.1470900Z   libbrotlicommon                1.1.0                hb547adb_1               conda-forge
2025-01-12T01:07:44.1471250Z   libbrotlidec                   1.1.0                hb547adb_1               conda-forge
2025-01-12T01:07:44.1471600Z   libbrotlienc                   1.1.0                hb547adb_1               conda-forge
2025-01-12T01:07:44.1471940Z   libcblas                       3.9.0                22_osxarm64_openblas     conda-forge
2025-01-12T01:07:44.1472270Z   libcurl                        8.8.0                h7b6f9a7_0               conda-forge
2025-01-12T01:07:44.1472620Z   libcxx                         17.0.6               h5f092b4_0               conda-forge
2025-01-12T01:07:44.1472980Z   libdeflate                     1.20                 h93a5062_0               conda-forge
2025-01-12T01:07:44.1473310Z   libedit                        3.1.20191231         hc8eb9b7_2               conda-forge
2025-01-12T01:07:44.1473680Z   libev                          4.33                 h93a5062_2               conda-forge
2025-01-12T01:07:44.1474380Z   libexpat                       2.6.2                hebf3989_0               conda-forge
2025-01-12T01:07:44.1474710Z   libffi                         3.4.2                h3422bc3_5               conda-forge
2025-01-12T01:07:44.1475020Z   libgd                          2.3.3                hfdf3952_9               conda-forge
2025-01-12T01:07:44.1475360Z   libgettextpo                   0.22.5               h8fbad5d_2               conda-forge
2025-01-12T01:07:44.1475720Z   libgettextpo-devel             0.22.5               h8fbad5d_2               conda-forge
2025-01-12T01:07:44.1476170Z   libgfortran                    5.0.0                13_2_0_hd922786_3        conda-forge
2025-01-12T01:07:44.1476540Z   libgfortran5                   13.2.0               hf226fd6_3               conda-forge
2025-01-12T01:07:44.1476930Z   libglib                        2.80.2               h59d46d9_1               conda-forge
2025-01-12T01:07:44.1477250Z   libiconv                       1.17                 h0d3ecfb_2               conda-forge
2025-01-12T01:07:44.1477640Z   libintl                        0.22.5               h8fbad5d_2               conda-forge
2025-01-12T01:07:44.1477980Z   libintl-devel                  0.22.5               h8fbad5d_2               conda-forge
2025-01-12T01:07:44.1478520Z   libjpeg-turbo                  3.0.0                hb547adb_1               conda-forge
2025-01-12T01:07:44.1478910Z   liblapack                      3.9.0                22_osxarm64_openblas     conda-forge
2025-01-12T01:07:44.1479320Z   libllvm14                      14.0.6               hd1a9a77_4               conda-forge
2025-01-12T01:07:44.1479670Z   libnghttp2                     1.58.0               ha4dd798_1               conda-forge
2025-01-12T01:07:44.1480120Z   libopenblas                    0.3.27               openmp_h6c19121_0        conda-forge
2025-01-12T01:07:44.1480420Z   libpng                         1.6.43               h091b4b1_0               conda-forge
2025-01-12T01:07:44.1480700Z   librsvg                        2.58.1               hbc281fb_0               conda-forge
2025-01-12T01:07:44.1481100Z   libsodium                      1.0.18               h27ca646_1               conda-forge
2025-01-12T01:07:44.1481470Z   libsqlite                      3.46.0               hfb93653_0               conda-forge
2025-01-12T01:07:44.1481820Z   libssh2                        1.11.0               h7a5bd25_0               conda-forge
2025-01-12T01:07:44.1482140Z   libtiff                        4.6.0                h07db509_3               conda-forge
2025-01-12T01:07:44.1482490Z   libwebp                        1.4.0                h54798ee_0               conda-forge
2025-01-12T01:07:44.1482830Z   libwebp-base                   1.4.0                h93a5062_0               conda-forge
2025-01-12T01:07:44.1483210Z   libxcb                         1.16                 hf2054a2_0               conda-forge
2025-01-12T01:07:44.1483490Z   libxml2                        2.12.7               ha661575_1               conda-forge
2025-01-12T01:07:44.1483840Z   libxslt                        1.1.39               h223e5b9_0               conda-forge
2025-01-12T01:07:44.1484130Z   libzlib                        1.3.1                hfb2fe0b_1               conda-forge
2025-01-12T01:07:44.1484560Z   llvm-openmp                    18.1.7               hde57baf_0               conda-forge
2025-01-12T01:07:44.1484850Z   llvmlite                       0.42.0               py312h17030e7_1          conda-forge
2025-01-12T01:07:44.1485360Z   lxml                           5.2.2                py312h0e5ab22_0          conda-forge
2025-01-12T01:07:44.1485710Z   lz4-c                          1.9.4                hb7217d7_0               conda-forge
2025-01-12T01:07:44.1486000Z   markupsafe                     2.1.5                py312he37b823_0          conda-forge
2025-01-12T01:07:44.1486350Z   matplotlib-base                3.8.4                py312h4479663_2          conda-forge
2025-01-12T01:07:44.1486900Z   matplotlib-inline              0.1.7                pyhd8ed1ab_0             conda-forge
2025-01-12T01:07:44.1487260Z   mistune                        3.0.2                pyhd8ed1ab_0             conda-forge
2025-01-12T01:07:44.1487580Z   mpc                            1.3.1                h91ba8db_0               conda-forge
2025-01-12T01:07:44.1487880Z   mpfr                           4.2.1                h41d338b_1               conda-forge
2025-01-12T01:07:44.1488150Z   mpmath                         1.3.0                pyhd8ed1ab_0             conda-forge
2025-01-12T01:07:44.1488430Z   munkres                        1.1.4                pyh9f0ad1d_0             conda-forge
2025-01-12T01:07:44.1488730Z   mypy_extensions                1.0.0                pyha770c72_0             conda-forge
2025-01-12T01:07:44.1489040Z   nbclassic                      1.1.0                pyhd8ed1ab_0             conda-forge
2025-01-12T01:07:44.1489330Z   nbclient                       0.10.0               pyhd8ed1ab_0             conda-forge
2025-01-12T01:07:44.1489710Z   nbconvert                      7.16.4               hd8ed1ab_1               conda-forge
2025-01-12T01:07:44.1490020Z   nbconvert-core                 7.16.4               pyhd8ed1ab_1             conda-forge
2025-01-12T01:07:44.1490500Z   nbconvert-pandoc               7.16.4               hd8ed1ab_1               conda-forge
2025-01-12T01:07:44.1490810Z   nbformat                       5.10.4               pyhd8ed1ab_0             conda-forge
2025-01-12T01:07:44.1491100Z   nbsphinx                       0.9.4                pyhd8ed1ab_0             conda-forge
2025-01-12T01:07:44.1491380Z   ncurses                        6.5                  hb89a1cb_0               conda-forge
2025-01-12T01:07:44.1491670Z   nest-asyncio                   1.6.0                pyhd8ed1ab_0             conda-forge
2025-01-12T01:07:44.1491970Z   networkx                       3.3                  pyhd8ed1ab_1             conda-forge
2025-01-12T01:07:44.1492270Z   notebook                       7.2.1                pyhd8ed1ab_0             conda-forge
2025-01-12T01:07:44.1492570Z   notebook-shim                  0.2.4                pyhd8ed1ab_0             conda-forge
2025-01-12T01:07:44.1492900Z   numba                          0.59.1               py312hbaff935_0          conda-forge
2025-01-12T01:07:44.1493190Z   numexpr                        2.10.0               py312h8ae5369_0          conda-forge
2025-01-12T01:07:44.1493470Z   numpy                          1.26.4               py312h8442bc7_0          conda-forge
2025-01-12T01:07:44.1493750Z   numpydoc                       1.7.0                pyhd8ed1ab_1             conda-forge
2025-01-12T01:07:44.1494040Z   openjpeg                       2.5.2                h9f1df11_0               conda-forge
2025-01-12T01:07:44.1494320Z   openssl                        3.3.1                hfb2fe0b_0               conda-forge
2025-01-12T01:07:44.1494610Z   overrides                      7.7.0                pyhd8ed1ab_0             conda-forge
2025-01-12T01:07:44.1494910Z   packaging                      24.1                 pyhd8ed1ab_0             conda-forge
2025-01-12T01:07:44.1495190Z   pandas                         2.2.2                py312h8ae5369_1          conda-forge
2025-01-12T01:07:44.1495470Z   pandoc                         3.2                  hce30654_0               conda-forge
2025-01-12T01:07:44.1495810Z   pandocfilters                  1.5.0                pyhd8ed1ab_0             conda-forge
2025-01-12T01:07:44.1496100Z   pango                          1.54.0               h5cb9fbc_0               conda-forge
2025-01-12T01:07:44.1496380Z   parso                          0.8.4                pyhd8ed1ab_0             conda-forge
2025-01-12T01:07:44.1496670Z   pathspec                       0.12.1               pyhd8ed1ab_0             conda-forge
2025-01-12T01:07:44.1496950Z   pbr                            6.0.0                pyhd8ed1ab_0             conda-forge
2025-01-12T01:07:44.1497360Z   pcre2                          10.44                h297a79d_0               conda-forge
2025-01-12T01:07:44.1497650Z   pexpect                        4.9.0                pyhd8ed1ab_0             conda-forge
2025-01-12T01:07:44.1497940Z   pickleshare                    0.7.5                py_1003                  conda-forge
2025-01-12T01:07:44.1498240Z   pillow                         10.3.0               py312h39b1d8d_1          conda-forge
2025-01-12T01:07:44.1498520Z   pip                            24.0                 pyhd8ed1ab_0             conda-forge
2025-01-12T01:07:44.1498790Z   pixman                         0.43.4               hebf3989_0               conda-forge
2025-01-12T01:07:44.1499100Z   pkgutil-resolve-name           1.3.10               pyhd8ed1ab_1             conda-forge
2025-01-12T01:07:44.1499440Z   platformdirs                   4.2.2                pyhd8ed1ab_0             conda-forge
2025-01-12T01:07:44.1499740Z   plotly                         5.22.0               pyhd8ed1ab_0             conda-forge
2025-01-12T01:07:44.1500020Z   pluggy                         1.5.0                pyhd8ed1ab_0             conda-forge
2025-01-12T01:07:44.1500330Z   prometheus_client              0.20.0               pyhd8ed1ab_0             conda-forge
2025-01-12T01:07:44.1500970Z   prompt-toolkit                 3.0.47               pyha770c72_0             conda-forge
2025-01-12T01:07:44.1501280Z   psutil                         5.9.8                py312he37b823_0          conda-forge
2025-01-12T01:07:44.1501570Z   pthread-stubs                  0.4                  h27ca646_1001            conda-forge
2025-01-12T01:07:44.1501870Z   ptyprocess                     0.7.0                pyhd3deb0d_0             conda-forge
2025-01-12T01:07:44.1502170Z   pure_eval                      0.2.2                pyhd8ed1ab_0             conda-forge
2025-01-12T01:07:44.1502460Z   py-cpuinfo                     9.0.0                pyhd8ed1ab_0             conda-forge
2025-01-12T01:07:44.1502760Z   pybtex                         0.24.0               pyhd8ed1ab_2             conda-forge
2025-01-12T01:07:44.1503060Z   pybtex-docutils                1.0.3                py312h81bd7bf_1          conda-forge
2025-01-12T01:07:44.1503380Z   pycparser                      2.22                 pyhd8ed1ab_0             conda-forge
2025-01-12T01:07:44.1503670Z   pyerfa                         2.0.1.4              py312hbebd99a_1          conda-forge
2025-01-12T01:07:44.1503960Z   pygments                       2.18.0               pyhd8ed1ab_0             conda-forge
2025-01-12T01:07:44.1504260Z   pygraphviz                     1.13                 py312h5f4d302_1          conda-forge
2025-01-12T01:07:44.1504560Z   pyobjc-core                    10.3.1               py312hbb55c70_0          conda-forge
2025-01-12T01:07:44.1504900Z   pyobjc-framework-cocoa         10.3.1               py312hbb55c70_0          conda-forge
2025-01-12T01:07:44.1505230Z   pyparsing                      3.1.2                pyhd8ed1ab_0             conda-forge
2025-01-12T01:07:44.1505520Z   pysocks                        1.7.1                pyha2e5f31_6             conda-forge
2025-01-12T01:07:44.1505810Z   pytables                       3.9.2                py312hb622ae1_2          conda-forge
2025-01-12T01:07:44.1506080Z   pytest                         8.2.2                pyhd8ed1ab_0             conda-forge
2025-01-12T01:07:44.1506370Z   pytest-cov                     5.0.0                pyhd8ed1ab_0             conda-forge
2025-01-12T01:07:44.1506680Z   pytest-doctestplus             1.2.1                pyhd8ed1ab_0             conda-forge
2025-01-12T01:07:44.1506990Z   pytest-html                    4.1.1                pyhd8ed1ab_0             conda-forge
2025-01-12T01:07:44.1507290Z   pytest-metadata                3.1.1                pyhd8ed1ab_0             conda-forge
2025-01-12T01:07:44.1507590Z   python                         3.12.4               h30c5eda_0_cpython       conda-forge
2025-01-12T01:07:44.1508170Z   python-dateutil                2.9.0                pyhd8ed1ab_0             conda-forge
2025-01-12T01:07:44.1508520Z   python-fastjsonschema          2.20.0               pyhd8ed1ab_0             conda-forge
2025-01-12T01:07:44.1508870Z   python-json-logger             2.0.7                pyhd8ed1ab_0             conda-forge
2025-01-12T01:07:44.1509210Z   python-tzdata                  2024.1               pyhd8ed1ab_0             conda-forge
2025-01-12T01:07:44.1509510Z   python_abi                     3.12                 4_cp312                  conda-forge
2025-01-12T01:07:44.1509800Z   pytz                           2024.1               pyhd8ed1ab_0             conda-forge
2025-01-12T01:07:44.1510080Z   pyyaml                         6.0.1                py312h02f2b3b_1          conda-forge
2025-01-12T01:07:44.1510350Z   pyzmq                          26.0.3               py312hfa13136_0          conda-forge
2025-01-12T01:07:44.1510630Z   qgrid                          1.3.1                pyhd8ed1ab_4             conda-forge
2025-01-12T01:07:44.1510940Z   radioactivedecay               0.5.1                pyhd8ed1ab_0             conda-forge
2025-01-12T01:07:44.1511240Z   readline                       8.2                  h92ec313_1               conda-forge
2025-01-12T01:07:44.1511660Z   recommonmark                   0.7.1                pyhd8ed1ab_0             conda-forge
2025-01-12T01:07:44.1511970Z   referencing                    0.35.1               pyhd8ed1ab_0             conda-forge
2025-01-12T01:07:44.1512270Z   requests                       2.32.3               pyhd8ed1ab_0             conda-forge
2025-01-12T01:07:44.1512580Z   rfc3339-validator              0.1.4                pyhd8ed1ab_0             conda-forge
2025-01-12T01:07:44.1512920Z   rfc3986-validator              0.1.1                pyh9f0ad1d_0             conda-forge
2025-01-12T01:07:44.1513220Z   rpds-py                        0.18.1               py312h552d48e_0          conda-forge
2025-01-12T01:07:44.1513500Z   ruff                           0.4.9                py312h3402d49_0          conda-forge
2025-01-12T01:07:44.1513770Z   scipy                          1.13.1               py312h14ffa8f_0          conda-forge
2025-01-12T01:07:44.1514240Z   send2trash                     1.8.3                pyh31c8845_0             conda-forge
2025-01-12T01:07:44.1514540Z   setuptools                     70.0.0               pyhd8ed1ab_0             conda-forge
2025-01-12T01:07:44.1514850Z   setuptools-scm                 8.1.0                pyhd8ed1ab_0             conda-forge
2025-01-12T01:07:44.1515170Z   setuptools_scm                 8.1.0                hd8ed1ab_0               conda-forge
2025-01-12T01:07:44.1515450Z   six                            1.16.0               pyh6c4a22f_0             conda-forge
2025-01-12T01:07:44.1515730Z   snakeviz                       2.2.0                pyhd8ed1ab_0             conda-forge
2025-01-12T01:07:44.1516010Z   snappy                         1.2.0                hd04f947_1               conda-forge
2025-01-12T01:07:44.1516290Z   sniffio                        1.3.1                pyhd8ed1ab_0             conda-forge
2025-01-12T01:07:44.1516590Z   snowballstemmer                2.2.0                pyhd8ed1ab_0             conda-forge
2025-01-12T01:07:44.1516900Z   soupsieve                      2.5                  pyhd8ed1ab_1             conda-forge
2025-01-12T01:07:44.1517170Z   sphinx                         7.3.7                pyhd8ed1ab_0             conda-forge
2025-01-12T01:07:44.1517460Z   sphinx-astropy                 1.9.1                pyhd8ed1ab_0             conda-forge
2025-01-12T01:07:44.1517780Z   sphinx-automodapi              0.17.0               pyh717bed2_1             conda-forge
2025-01-12T01:07:44.1518100Z   sphinx-gallery                 0.16.0               pyhd8ed1ab_0             conda-forge
2025-01-12T01:07:44.1518470Z   sphinx-jsonschema              1.19.1               pyhd8ed1ab_0             conda-forge
2025-01-12T01:07:44.1518940Z   sphinx_bootstrap_theme         0.8.1                pyhd8ed1ab_0             conda-forge
2025-01-12T01:07:44.1519280Z   sphinx_rtd_theme               2.0.0                pyha770c72_0             conda-forge
2025-01-12T01:07:44.1519600Z   sphinxcontrib-apidoc           0.3.0                py_1                     conda-forge
2025-01-12T01:07:44.1519960Z   sphinxcontrib-applehelp        1.0.8                pyhd8ed1ab_0             conda-forge
2025-01-12T01:07:44.1520310Z   sphinxcontrib-bibtex           2.6.2                pyhd8ed1ab_0             conda-forge
2025-01-12T01:07:44.1520660Z   sphinxcontrib-devhelp          1.0.6                pyhd8ed1ab_0             conda-forge
2025-01-12T01:07:44.1521020Z   sphinxcontrib-htmlhelp         2.0.5                pyhd8ed1ab_0             conda-forge
2025-01-12T01:07:44.1521370Z   sphinxcontrib-jquery           4.1                  pyhd8ed1ab_0             conda-forge
2025-01-12T01:07:44.1521710Z   sphinxcontrib-jsmath           1.0.1                pyhd8ed1ab_0             conda-forge
2025-01-12T01:07:44.1522070Z   sphinxcontrib-qthelp           1.0.7                pyhd8ed1ab_0             conda-forge
2025-01-12T01:07:44.1522440Z   sphinxcontrib-serializinghtml  1.1.10               pyhd8ed1ab_0             conda-forge
2025-01-12T01:07:44.1522910Z   stack_data                     0.6.2                pyhd8ed1ab_0             conda-forge
2025-01-12T01:07:44.1523190Z   sympy                          1.12.1               pypyh2585a3b_103         conda-forge
2025-01-12T01:07:44.1523480Z   tabulate                       0.9.0                pyhd8ed1ab_1             conda-forge
2025-01-12T01:07:44.1523770Z   tenacity                       8.4.1                pyhd8ed1ab_0             conda-forge
2025-01-12T01:07:44.1524060Z   terminado                      0.18.1               pyh31c8845_0             conda-forge
2025-01-12T01:07:44.1524360Z   tinycss2                       1.3.0                pyhd8ed1ab_0             conda-forge
2025-01-12T01:07:44.1524630Z   tk                             8.6.13               h5083fa2_1               conda-forge
2025-01-12T01:07:44.1524900Z   toml                           0.10.2               pyhd8ed1ab_0             conda-forge
2025-01-12T01:07:44.1525180Z   tomli                          2.0.1                pyhd8ed1ab_0             conda-forge
2025-01-12T01:07:44.1525460Z   tornado                        6.4.1                py312h7e5086c_0          conda-forge
2025-01-12T01:07:44.1525740Z   tqdm                           4.66.4               pyhd8ed1ab_0             conda-forge
2025-01-12T01:07:44.1526030Z   traitlets                      5.14.3               pyhd8ed1ab_0             conda-forge
2025-01-12T01:07:44.1526320Z   typed-ast                      1.5.5                py312h02f2b3b_1          conda-forge
2025-01-12T01:07:44.1526660Z   types-python-dateutil          2.9.0.20240316       pyhd8ed1ab_0             conda-forge
2025-01-12T01:07:44.1527010Z   typing-extensions              4.12.2               hd8ed1ab_0               conda-forge
2025-01-12T01:07:44.1527340Z   typing_extensions              4.12.2               pyha770c72_0             conda-forge
2025-01-12T01:07:44.1527640Z   typing_utils                   0.1.0                pyhd8ed1ab_0             conda-forge
2025-01-12T01:07:44.1527930Z   tzdata                         2024a                h0c530f3_0               conda-forge
2025-01-12T01:07:44.1528220Z   uri-template                   1.3.0                pyhd8ed1ab_0             conda-forge
2025-01-12T01:07:44.1528500Z   urllib3                        2.2.2                pyhd8ed1ab_0             conda-forge
2025-01-12T01:07:44.1528780Z   wcwidth                        0.2.13               pyhd8ed1ab_0             conda-forge
2025-01-12T01:07:44.1529060Z   webcolors                      24.6.0               pyhd8ed1ab_0             conda-forge
2025-01-12T01:07:44.1529340Z   webencodings                   0.5.1                pyhd8ed1ab_2             conda-forge
2025-01-12T01:07:44.1529720Z   websocket-client               1.8.0                pyhd8ed1ab_0             conda-forge
2025-01-12T01:07:44.1530110Z   wheel                          0.43.0               pyhd8ed1ab_1             conda-forge
2025-01-12T01:07:44.1530430Z   widgetsnbextension             3.6.6                pyhd8ed1ab_0             conda-forge
2025-01-12T01:07:44.1530740Z   xorg-libxau                    1.0.11               hb547adb_0               conda-forge
2025-01-12T01:07:44.1531030Z   xorg-libxdmcp                  1.1.3                h27ca646_0               conda-forge
2025-01-12T01:07:44.1531300Z   xz                             5.2.6                h57fd34a_0               conda-forge
2025-01-12T01:07:44.1531550Z   yaml                           0.2.5                h3422bc3_2               conda-forge
2025-01-12T01:07:44.1531810Z   zeromq                         4.3.5                hcc0f68c_4               conda-forge
2025-01-12T01:07:44.1532080Z   zipp                           3.19.2               pyhd8ed1ab_0             conda-forge
2025-01-12T01:07:44.1532330Z   zlib                           1.3.1                hfb2fe0b_1               conda-forge
2025-01-12T01:07:44.1532600Z   zlib-ng                        2.0.7                h1a8c8d9_0               conda-forge
2025-01-12T01:07:44.1532850Z   zstd                           1.5.6                hb46c0d2_0               conda-forge
2025-01-12T01:07:44.1533390Z ##[endgroup]
2025-01-12T01:07:44.1590800Z ##[group]Run pip install -e . --user
2025-01-12T01:07:44.1591090Z [36;1mpip install -e . --user[0m
2025-01-12T01:07:44.1891440Z shell: /bin/bash -l {0}
2025-01-12T01:07:44.1891630Z env:
2025-01-12T01:07:44.1891770Z   CACHE_NUMBER: 0
2025-01-12T01:07:44.1892260Z   PYTEST_FLAGS: --tardis-regression-data=/Users/runner/work/tardis/tardis/tardis-regression-data --cov=tardis --cov-report=xml --cov-report=html --cov-append
2025-01-12T01:07:44.1892770Z   CODECOV_TOKEN: 
2025-01-12T01:07:44.1892940Z   MAMBA_ROOT_PREFIX: /Users/runner/micromamba
2025-01-12T01:07:44.1893180Z   MAMBA_EXE: /Users/runner/micromamba-bin/micromamba
2025-01-12T01:07:44.1893470Z   CONDARC: /Users/runner/work/_temp/setup-micromamba/.condarc
2025-01-12T01:07:44.1893710Z ##[endgroup]
2025-01-12T01:07:45.1605510Z Obtaining file:///Users/runner/work/tardis/tardis
2025-01-12T01:07:45.1631870Z   Installing build dependencies: started
2025-01-12T01:07:47.7715570Z   Installing build dependencies: finished with status 'done'
2025-01-12T01:07:47.7724160Z   Checking if build backend supports build_editable: started
2025-01-12T01:07:47.8839800Z   Checking if build backend supports build_editable: finished with status 'done'
2025-01-12T01:07:47.8851910Z   Getting requirements to build editable: started
2025-01-12T01:07:48.3273530Z   Getting requirements to build editable: finished with status 'done'
2025-01-12T01:07:48.3285930Z   Preparing editable metadata (pyproject.toml): started
2025-01-12T01:07:48.6867530Z   Preparing editable metadata (pyproject.toml): finished with status 'done'
2025-01-12T01:07:48.7268010Z Requirement already satisfied: astropy in /Users/runner/micromamba/envs/tardis/lib/python3.12/site-packages (from tardis==0.0.0) (6.1.1)
2025-01-12T01:07:48.7505260Z Requirement already satisfied: numpy>=1.23 in /Users/runner/micromamba/envs/tardis/lib/python3.12/site-packages (from astropy->tardis==0.0.0) (1.26.4)
2025-01-12T01:07:48.7510830Z Requirement already satisfied: pyerfa>=2.0.1.1 in /Users/runner/micromamba/envs/tardis/lib/python3.12/site-packages (from astropy->tardis==0.0.0) (2.0.1.4)
2025-01-12T01:07:48.7517090Z Requirement already satisfied: astropy-iers-data>=0.2024.5.27.0.30.8 in /Users/runner/micromamba/envs/tardis/lib/python3.12/site-packages (from astropy->tardis==0.0.0) (0.2024.6.17.0.31.35)
2025-01-12T01:07:48.7521600Z Requirement already satisfied: PyYAML>=3.13 in /Users/runner/micromamba/envs/tardis/lib/python3.12/site-packages (from astropy->tardis==0.0.0) (6.0.1)
2025-01-12T01:07:48.7527830Z Requirement already satisfied: packaging>=19.0 in /Users/runner/micromamba/envs/tardis/lib/python3.12/site-packages (from astropy->tardis==0.0.0) (24.1)
2025-01-12T01:07:48.7580480Z Building wheels for collected packages: tardis
2025-01-12T01:07:48.7587340Z   Building editable for tardis (pyproject.toml): started
2025-01-12T01:07:49.3423950Z   Building editable for tardis (pyproject.toml): finished with status 'done'
2025-01-12T01:07:49.3430980Z   Created wheel for tardis: filename=tardis-0.0.0-0.editable-py3-none-any.whl size=8876 sha256=c91f7af79266e2747ee3062aa639a3607984d503ec0b7c41ba32731810cae1fc
2025-01-12T01:07:49.3431970Z   Stored in directory: /private/var/folders/ml/x_tvfgn50_s7p67dm1ypcqqm0000gn/T/pip-ephem-wheel-cache-b1amowd5/wheels/bb/4f/6a/0829b918c1c10bc28535ce7f14be21eee54375bdd9cd0c306a
2025-01-12T01:07:49.3453540Z Successfully built tardis
2025-01-12T01:07:49.9003930Z Installing collected packages: tardis
2025-01-12T01:07:49.9105280Z Successfully installed tardis-0.0.0
2025-01-12T01:07:50.1341140Z ##[group]Run pip install qgridnext
2025-01-12T01:07:50.1341390Z [36;1mpip install qgridnext[0m
2025-01-12T01:07:50.1398420Z shell: /bin/bash -l {0}
2025-01-12T01:07:50.1398600Z env:
2025-01-12T01:07:50.1398740Z   CACHE_NUMBER: 0
2025-01-12T01:07:50.1399230Z   PYTEST_FLAGS: --tardis-regression-data=/Users/runner/work/tardis/tardis/tardis-regression-data --cov=tardis --cov-report=xml --cov-report=html --cov-append
2025-01-12T01:07:50.1400130Z   CODECOV_TOKEN: 
2025-01-12T01:07:50.1400320Z   MAMBA_ROOT_PREFIX: /Users/runner/micromamba
2025-01-12T01:07:50.1400590Z   MAMBA_EXE: /Users/runner/micromamba-bin/micromamba
2025-01-12T01:07:50.1400880Z   CONDARC: /Users/runner/work/_temp/setup-micromamba/.condarc
2025-01-12T01:07:50.1401140Z ##[endgroup]
2025-01-12T01:07:50.7575670Z Collecting qgridnext
2025-01-12T01:07:50.8035330Z   Downloading qgridnext-2.0.4-py3-none-any.whl.metadata (9.9 kB)
2025-01-12T01:07:50.8208000Z Requirement already satisfied: pandas>=0.20.0 in /Users/runner/micromamba/envs/tardis/lib/python3.12/site-packages (from qgridnext) (2.2.2)
2025-01-12T01:07:50.8213030Z Requirement already satisfied: ipywidgets>=7.0.0 in /Users/runner/micromamba/envs/tardis/lib/python3.12/site-packages (from qgridnext) (7.8.0)
2025-01-12T01:07:50.8218620Z Requirement already satisfied: numpy in /Users/runner/micromamba/envs/tardis/lib/python3.12/site-packages (from qgridnext) (1.26.4)
2025-01-12T01:07:50.8224600Z Requirement already satisfied: traitlets in /Users/runner/micromamba/envs/tardis/lib/python3.12/site-packages (from qgridnext) (5.14.3)
2025-01-12T01:07:50.8273260Z Requirement already satisfied: comm>=0.1.3 in /Users/runner/micromamba/envs/tardis/lib/python3.12/site-packages (from ipywidgets>=7.0.0->qgridnext) (0.2.2)
2025-01-12T01:07:50.8278150Z Requirement already satisfied: ipython-genutils~=0.2.0 in /Users/runner/micromamba/envs/tardis/lib/python3.12/site-packages (from ipywidgets>=7.0.0->qgridnext) (0.2.0)
2025-01-12T01:07:50.8286240Z Requirement already satisfied: widgetsnbextension~=3.6.5 in /Users/runner/micromamba/envs/tardis/lib/python3.12/site-packages (from ipywidgets>=7.0.0->qgridnext) (3.6.6)
2025-01-12T01:07:50.8294540Z Requirement already satisfied: ipython>=4.0.0 in /Users/runner/micromamba/envs/tardis/lib/python3.12/site-packages (from ipywidgets>=7.0.0->qgridnext) (8.25.0)
2025-01-12T01:07:50.8314670Z Requirement already satisfied: jupyterlab-widgets<3,>=1.0.0 in /Users/runner/micromamba/envs/tardis/lib/python3.12/site-packages (from ipywidgets>=7.0.0->qgridnext) (1.1.7)
2025-01-12T01:07:50.8569330Z Requirement already satisfied: python-dateutil>=2.8.2 in /Users/runner/micromamba/envs/tardis/lib/python3.12/site-packages (from pandas>=0.20.0->qgridnext) (2.9.0)
2025-01-12T01:07:50.8577850Z Requirement already satisfied: pytz>=2020.1 in /Users/runner/micromamba/envs/tardis/lib/python3.12/site-packages (from pandas>=0.20.0->qgridnext) (2024.1)
2025-01-12T01:07:50.8582480Z Requirement already satisfied: tzdata>=2022.7 in /Users/runner/micromamba/envs/tardis/lib/python3.12/site-packages (from pandas>=0.20.0->qgridnext) (2024.1)
2025-01-12T01:07:50.8774890Z Requirement already satisfied: decorator in /Users/runner/micromamba/envs/tardis/lib/python3.12/site-packages (from ipython>=4.0.0->ipywidgets>=7.0.0->qgridnext) (5.1.1)
2025-01-12T01:07:50.8785150Z Requirement already satisfied: jedi>=0.16 in /Users/runner/micromamba/envs/tardis/lib/python3.12/site-packages (from ipython>=4.0.0->ipywidgets>=7.0.0->qgridnext) (0.19.1)
2025-01-12T01:07:50.8789970Z Requirement already satisfied: matplotlib-inline in /Users/runner/micromamba/envs/tardis/lib/python3.12/site-packages (from ipython>=4.0.0->ipywidgets>=7.0.0->qgridnext) (0.1.7)
2025-01-12T01:07:50.8795860Z Requirement already satisfied: prompt-toolkit<3.1.0,>=3.0.41 in /Users/runner/micromamba/envs/tardis/lib/python3.12/site-packages (from ipython>=4.0.0->ipywidgets>=7.0.0->qgridnext) (3.0.47)
2025-01-12T01:07:50.8802050Z Requirement already satisfied: pygments>=2.4.0 in /Users/runner/micromamba/envs/tardis/lib/python3.12/site-packages (from ipython>=4.0.0->ipywidgets>=7.0.0->qgridnext) (2.18.0)
2025-01-12T01:07:50.8807870Z Requirement already satisfied: stack-data in /Users/runner/micromamba/envs/tardis/lib/python3.12/site-packages (from ipython>=4.0.0->ipywidgets>=7.0.0->qgridnext) (0.6.2)
2025-01-12T01:07:50.8819320Z Requirement already satisfied: pexpect>4.3 in /Users/runner/micromamba/envs/tardis/lib/python3.12/site-packages (from ipython>=4.0.0->ipywidgets>=7.0.0->qgridnext) (4.9.0)
2025-01-12T01:07:50.8845050Z Requirement already satisfied: six>=1.5 in /Users/runner/micromamba/envs/tardis/lib/python3.12/site-packages (from python-dateutil>=2.8.2->pandas>=0.20.0->qgridnext) (1.16.0)
2025-01-12T01:07:50.8878140Z Requirement already satisfied: notebook>=4.4.1 in /Users/runner/micromamba/envs/tardis/lib/python3.12/site-packages (from widgetsnbextension~=3.6.5->ipywidgets>=7.0.0->qgridnext) (7.2.1)
2025-01-12T01:07:50.8991880Z Requirement already satisfied: parso<0.9.0,>=0.8.3 in /Users/runner/micromamba/envs/tardis/lib/python3.12/site-packages (from jedi>=0.16->ipython>=4.0.0->ipywidgets>=7.0.0->qgridnext) (0.8.4)
2025-01-12T01:07:50.9078230Z Requirement already satisfied: jupyter-server<3,>=2.4.0 in /Users/runner/micromamba/envs/tardis/lib/python3.12/site-packages (from notebook>=4.4.1->widgetsnbextension~=3.6.5->ipywidgets>=7.0.0->qgridnext) (2.14.1)
2025-01-12T01:07:50.9085360Z Requirement already satisfied: jupyterlab-server<3,>=2.27.1 in /Users/runner/micromamba/envs/tardis/lib/python3.12/site-packages (from notebook>=4.4.1->widgetsnbextension~=3.6.5->ipywidgets>=7.0.0->qgridnext) (2.27.2)
2025-01-12T01:07:50.9095040Z Requirement already satisfied: jupyterlab<4.3,>=4.2.0 in /Users/runner/micromamba/envs/tardis/lib/python3.12/site-packages (from notebook>=4.4.1->widgetsnbextension~=3.6.5->ipywidgets>=7.0.0->qgridnext) (4.2.2)
2025-01-12T01:07:50.9101060Z Requirement already satisfied: notebook-shim<0.3,>=0.2 in /Users/runner/micromamba/envs/tardis/lib/python3.12/site-packages (from notebook>=4.4.1->widgetsnbextension~=3.6.5->ipywidgets>=7.0.0->qgridnext) (0.2.4)
2025-01-12T01:07:50.9106290Z Requirement already satisfied: tornado>=6.2.0 in /Users/runner/micromamba/envs/tardis/lib/python3.12/site-packages (from notebook>=4.4.1->widgetsnbextension~=3.6.5->ipywidgets>=7.0.0->qgridnext) (6.4.1)
2025-01-12T01:07:50.9122790Z Requirement already satisfied: ptyprocess>=0.5 in /Users/runner/micromamba/envs/tardis/lib/python3.12/site-packages (from pexpect>4.3->ipython>=4.0.0->ipywidgets>=7.0.0->qgridnext) (0.7.0)
2025-01-12T01:07:50.9223800Z Requirement already satisfied: wcwidth in /Users/runner/micromamba/envs/tardis/lib/python3.12/site-packages (from prompt-toolkit<3.1.0,>=3.0.41->ipython>=4.0.0->ipywidgets>=7.0.0->qgridnext) (0.2.13)
2025-01-12T01:07:50.9324760Z Requirement already satisfied: executing>=1.2.0 in /Users/runner/micromamba/envs/tardis/lib/python3.12/site-packages (from stack-data->ipython>=4.0.0->ipywidgets>=7.0.0->qgridnext) (2.0.1)
2025-01-12T01:07:50.9425920Z Requirement already satisfied: asttokens>=2.1.0 in /Users/runner/micromamba/envs/tardis/lib/python3.12/site-packages (from stack-data->ipython>=4.0.0->ipywidgets>=7.0.0->qgridnext) (2.4.1)
2025-01-12T01:07:50.9528020Z Requirement already satisfied: pure-eval in /Users/runner/micromamba/envs/tardis/lib/python3.12/site-packages (from stack-data->ipython>=4.0.0->ipywidgets>=7.0.0->qgridnext) (0.2.2)
2025-01-12T01:07:50.9629060Z Requirement already satisfied: anyio>=3.1.0 in /Users/runner/micromamba/envs/tardis/lib/python3.12/site-packages (from jupyter-server<3,>=2.4.0->notebook>=4.4.1->widgetsnbextension~=3.6.5->ipywidgets>=7.0.0->qgridnext) (4.4.0)
2025-01-12T01:07:50.9730140Z Requirement already satisfied: argon2-cffi>=21.1 in /Users/runner/micromamba/envs/tardis/lib/python3.12/site-packages (from jupyter-server<3,>=2.4.0->notebook>=4.4.1->widgetsnbextension~=3.6.5->ipywidgets>=7.0.0->qgridnext) (23.1.0)
2025-01-12T01:07:50.9832020Z Requirement already satisfied: jinja2>=3.0.3 in /Users/runner/micromamba/envs/tardis/lib/python3.12/site-packages (from jupyter-server<3,>=2.4.0->notebook>=4.4.1->widgetsnbextension~=3.6.5->ipywidgets>=7.0.0->qgridnext) (3.1.4)
2025-01-12T01:07:50.9933460Z Requirement already satisfied: jupyter-client>=7.4.4 in /Users/runner/micromamba/envs/tardis/lib/python3.12/site-packages (from jupyter-server<3,>=2.4.0->notebook>=4.4.1->widgetsnbextension~=3.6.5->ipywidgets>=7.0.0->qgridnext) (8.6.2)
2025-01-12T01:07:51.0035820Z Requirement already satisfied: jupyter-core!=5.0.*,>=4.12 in /Users/runner/micromamba/envs/tardis/lib/python3.12/site-packages (from jupyter-server<3,>=2.4.0->notebook>=4.4.1->widgetsnbextension~=3.6.5->ipywidgets>=7.0.0->qgridnext) (5.7.2)
2025-01-12T01:07:51.0138290Z Requirement already satisfied: jupyter-events>=0.9.0 in /Users/runner/micromamba/envs/tardis/lib/python3.12/site-packages (from jupyter-server<3,>=2.4.0->notebook>=4.4.1->widgetsnbextension~=3.6.5->ipywidgets>=7.0.0->qgridnext) (0.10.0)
2025-01-12T01:07:51.0239190Z Requirement already satisfied: jupyter-server-terminals>=0.4.4 in /Users/runner/micromamba/envs/tardis/lib/python3.12/site-packages (from jupyter-server<3,>=2.4.0->notebook>=4.4.1->widgetsnbextension~=3.6.5->ipywidgets>=7.0.0->qgridnext) (0.5.3)
2025-01-12T01:07:51.0341120Z Requirement already satisfied: nbconvert>=6.4.4 in /Users/runner/micromamba/envs/tardis/lib/python3.12/site-packages (from jupyter-server<3,>=2.4.0->notebook>=4.4.1->widgetsnbextension~=3.6.5->ipywidgets>=7.0.0->qgridnext) (7.16.4)
2025-01-12T01:07:51.0423840Z Requirement already satisfied: nbformat>=5.3.0 in /Users/runner/micromamba/envs/tardis/lib/python3.12/site-packages (from jupyter-server<3,>=2.4.0->notebook>=4.4.1->widgetsnbextension~=3.6.5->ipywidgets>=7.0.0->qgridnext) (5.10.4)
2025-01-12T01:07:51.0425240Z Requirement already satisfied: overrides>=5.0 in /Users/runner/micromamba/envs/tardis/lib/python3.12/site-packages (from jupyter-server<3,>=2.4.0->notebook>=4.4.1->widgetsnbextension~=3.6.5->ipywidgets>=7.0.0->qgridnext) (7.7.0)
2025-01-12T01:07:51.0426500Z Requirement already satisfied: packaging>=22.0 in /Users/runner/micromamba/envs/tardis/lib/python3.12/site-packages (from jupyter-server<3,>=2.4.0->notebook>=4.4.1->widgetsnbextension~=3.6.5->ipywidgets>=7.0.0->qgridnext) (24.1)
2025-01-12T01:07:51.0427760Z Requirement already satisfied: prometheus-client>=0.9 in /Users/runner/micromamba/envs/tardis/lib/python3.12/site-packages (from jupyter-server<3,>=2.4.0->notebook>=4.4.1->widgetsnbextension~=3.6.5->ipywidgets>=7.0.0->qgridnext) (0.20.0)
2025-01-12T01:07:51.0429000Z Requirement already satisfied: pyzmq>=24 in /Users/runner/micromamba/envs/tardis/lib/python3.12/site-packages (from jupyter-server<3,>=2.4.0->notebook>=4.4.1->widgetsnbextension~=3.6.5->ipywidgets>=7.0.0->qgridnext) (26.0.3)
2025-01-12T01:07:51.0430210Z Requirement already satisfied: send2trash>=1.8.2 in /Users/runner/micromamba/envs/tardis/lib/python3.12/site-packages (from jupyter-server<3,>=2.4.0->notebook>=4.4.1->widgetsnbextension~=3.6.5->ipywidgets>=7.0.0->qgridnext) (1.8.3)
2025-01-12T01:07:51.0431430Z Requirement already satisfied: terminado>=0.8.3 in /Users/runner/micromamba/envs/tardis/lib/python3.12/site-packages (from jupyter-server<3,>=2.4.0->notebook>=4.4.1->widgetsnbextension~=3.6.5->ipywidgets>=7.0.0->qgridnext) (0.18.1)
2025-01-12T01:07:51.0432720Z Requirement already satisfied: websocket-client>=1.7 in /Users/runner/micromamba/envs/tardis/lib/python3.12/site-packages (from jupyter-server<3,>=2.4.0->notebook>=4.4.1->widgetsnbextension~=3.6.5->ipywidgets>=7.0.0->qgridnext) (1.8.0)
2025-01-12T01:07:51.0434060Z Requirement already satisfied: async-lru>=1.0.0 in /Users/runner/micromamba/envs/tardis/lib/python3.12/site-packages (from jupyterlab<4.3,>=4.2.0->notebook>=4.4.1->widgetsnbextension~=3.6.5->ipywidgets>=7.0.0->qgridnext) (2.0.4)
2025-01-12T01:07:51.0435260Z Requirement already satisfied: httpx>=0.25.0 in /Users/runner/micromamba/envs/tardis/lib/python3.12/site-packages (from jupyterlab<4.3,>=4.2.0->notebook>=4.4.1->widgetsnbextension~=3.6.5->ipywidgets>=7.0.0->qgridnext) (0.27.0)
2025-01-12T01:07:51.0436850Z Requirement already satisfied: ipykernel>=6.5.0 in /Users/runner/micromamba/envs/tardis/lib/python3.12/site-packages (from jupyterlab<4.3,>=4.2.0->notebook>=4.4.1->widgetsnbextension~=3.6.5->ipywidgets>=7.0.0->qgridnext) (6.29.4)
2025-01-12T01:07:51.0438080Z Requirement already satisfied: jupyter-lsp>=2.0.0 in /Users/runner/micromamba/envs/tardis/lib/python3.12/site-packages (from jupyterlab<4.3,>=4.2.0->notebook>=4.4.1->widgetsnbextension~=3.6.5->ipywidgets>=7.0.0->qgridnext) (2.2.5)
2025-01-12T01:07:51.0439410Z Requirement already satisfied: setuptools>=40.1.0 in /Users/runner/micromamba/envs/tardis/lib/python3.12/site-packages (from jupyterlab<4.3,>=4.2.0->notebook>=4.4.1->widgetsnbextension~=3.6.5->ipywidgets>=7.0.0->qgridnext) (70.0.0)
2025-01-12T01:07:51.0440610Z Requirement already satisfied: babel>=2.10 in /Users/runner/micromamba/envs/tardis/lib/python3.12/site-packages (from jupyterlab-server<3,>=2.27.1->notebook>=4.4.1->widgetsnbextension~=3.6.5->ipywidgets>=7.0.0->qgridnext) (2.14.0)
2025-01-12T01:07:51.0441830Z Requirement already satisfied: json5>=0.9.0 in /Users/runner/micromamba/envs/tardis/lib/python3.12/site-packages (from jupyterlab-server<3,>=2.27.1->notebook>=4.4.1->widgetsnbextension~=3.6.5->ipywidgets>=7.0.0->qgridnext) (0.9.25)
2025-01-12T01:07:51.0443090Z Requirement already satisfied: jsonschema>=4.18.0 in /Users/runner/micromamba/envs/tardis/lib/python3.12/site-packages (from jupyterlab-server<3,>=2.27.1->notebook>=4.4.1->widgetsnbextension~=3.6.5->ipywidgets>=7.0.0->qgridnext) (4.22.0)
2025-01-12T01:07:51.0444340Z Requirement already satisfied: requests>=2.31 in /Users/runner/micromamba/envs/tardis/lib/python3.12/site-packages (from jupyterlab-server<3,>=2.27.1->notebook>=4.4.1->widgetsnbextension~=3.6.5->ipywidgets>=7.0.0->qgridnext) (2.32.3)
2025-01-12T01:07:51.0445590Z Requirement already satisfied: idna>=2.8 in /Users/runner/micromamba/envs/tardis/lib/python3.12/site-packages (from anyio>=3.1.0->jupyter-server<3,>=2.4.0->notebook>=4.4.1->widgetsnbextension~=3.6.5->ipywidgets>=7.0.0->qgridnext) (3.7)
2025-01-12T01:07:51.0446820Z Requirement already satisfied: sniffio>=1.1 in /Users/runner/micromamba/envs/tardis/lib/python3.12/site-packages (from anyio>=3.1.0->jupyter-server<3,>=2.4.0->notebook>=4.4.1->widgetsnbextension~=3.6.5->ipywidgets>=7.0.0->qgridnext) (1.3.1)
2025-01-12T01:07:51.0448130Z Requirement already satisfied: argon2-cffi-bindings in /Users/runner/micromamba/envs/tardis/lib/python3.12/site-packages (from argon2-cffi>=21.1->jupyter-server<3,>=2.4.0->notebook>=4.4.1->widgetsnbextension~=3.6.5->ipywidgets>=7.0.0->qgridnext) (21.2.0)
2025-01-12T01:07:51.0449440Z Requirement already satisfied: certifi in /Users/runner/micromamba/envs/tardis/lib/python3.12/site-packages (from httpx>=0.25.0->jupyterlab<4.3,>=4.2.0->notebook>=4.4.1->widgetsnbextension~=3.6.5->ipywidgets>=7.0.0->qgridnext) (2024.6.2)
2025-01-12T01:07:51.0450990Z Requirement already satisfied: httpcore==1.* in /Users/runner/micromamba/envs/tardis/lib/python3.12/site-packages (from httpx>=0.25.0->jupyterlab<4.3,>=4.2.0->notebook>=4.4.1->widgetsnbextension~=3.6.5->ipywidgets>=7.0.0->qgridnext) (1.0.5)
2025-01-12T01:07:51.0506470Z Requirement already satisfied: h11<0.15,>=0.13 in /Users/runner/micromamba/envs/tardis/lib/python3.12/site-packages (from httpcore==1.*->httpx>=0.25.0->jupyterlab<4.3,>=4.2.0->notebook>=4.4.1->widgetsnbextension~=3.6.5->ipywidgets>=7.0.0->qgridnext) (0.14.0)
2025-01-12T01:07:51.0637500Z Requirement already satisfied: appnope in /Users/runner/micromamba/envs/tardis/lib/python3.12/site-packages (from ipykernel>=6.5.0->jupyterlab<4.3,>=4.2.0->notebook>=4.4.1->widgetsnbextension~=3.6.5->ipywidgets>=7.0.0->qgridnext) (0.1.4)
2025-01-12T01:07:51.0644340Z Requirement already satisfied: debugpy>=1.6.5 in /Users/runner/micromamba/envs/tardis/lib/python3.12/site-packages (from ipykernel>=6.5.0->jupyterlab<4.3,>=4.2.0->notebook>=4.4.1->widgetsnbextension~=3.6.5->ipywidgets>=7.0.0->qgridnext) (1.8.1)
2025-01-12T01:07:51.0661220Z Requirement already satisfied: nest-asyncio in /Users/runner/micromamba/envs/tardis/lib/python3.12/site-packages (from ipykernel>=6.5.0->jupyterlab<4.3,>=4.2.0->notebook>=4.4.1->widgetsnbextension~=3.6.5->ipywidgets>=7.0.0->qgridnext) (1.6.0)
2025-01-12T01:07:51.0671170Z Requirement already satisfied: psutil in /Users/runner/micromamba/envs/tardis/lib/python3.12/site-packages (from ipykernel>=6.5.0->jupyterlab<4.3,>=4.2.0->notebook>=4.4.1->widgetsnbextension~=3.6.5->ipywidgets>=7.0.0->qgridnext) (5.9.8)
2025-01-12T01:07:51.0717870Z Requirement already satisfied: MarkupSafe>=2.0 in /Users/runner/micromamba/envs/tardis/lib/python3.12/site-packages (from jinja2>=3.0.3->jupyter-server<3,>=2.4.0->notebook>=4.4.1->widgetsnbextension~=3.6.5->ipywidgets>=7.0.0->qgridnext) (2.1.5)
2025-01-12T01:07:51.0864480Z Requirement already satisfied: attrs>=22.2.0 in /Users/runner/micromamba/envs/tardis/lib/python3.12/site-packages (from jsonschema>=4.18.0->jupyterlab-server<3,>=2.27.1->notebook>=4.4.1->widgetsnbextension~=3.6.5->ipywidgets>=7.0.0->qgridnext) (23.2.0)
2025-01-12T01:07:51.0869310Z Requirement already satisfied: jsonschema-specifications>=2023.03.6 in /Users/runner/micromamba/envs/tardis/lib/python3.12/site-packages (from jsonschema>=4.18.0->jupyterlab-server<3,>=2.27.1->notebook>=4.4.1->widgetsnbextension~=3.6.5->ipywidgets>=7.0.0->qgridnext) (2023.12.1)
2025-01-12T01:07:51.0877520Z Requirement already satisfied: referencing>=0.28.4 in /Users/runner/micromamba/envs/tardis/lib/python3.12/site-packages (from jsonschema>=4.18.0->jupyterlab-server<3,>=2.27.1->notebook>=4.4.1->widgetsnbextension~=3.6.5->ipywidgets>=7.0.0->qgridnext) (0.35.1)
2025-01-12T01:07:51.0882230Z Requirement already satisfied: rpds-py>=0.7.1 in /Users/runner/micromamba/envs/tardis/lib/python3.12/site-packages (from jsonschema>=4.18.0->jupyterlab-server<3,>=2.27.1->notebook>=4.4.1->widgetsnbextension~=3.6.5->ipywidgets>=7.0.0->qgridnext) (0.18.1)
2025-01-12T01:07:51.1086790Z Requirement already satisfied: platformdirs>=2.5 in /Users/runner/micromamba/envs/tardis/lib/python3.12/site-packages (from jupyter-core!=5.0.*,>=4.12->jupyter-server<3,>=2.4.0->notebook>=4.4.1->widgetsnbextension~=3.6.5->ipywidgets>=7.0.0->qgridnext) (4.2.2)
2025-01-12T01:07:51.1191470Z Requirement already satisfied: python-json-logger>=2.0.4 in /Users/runner/micromamba/envs/tardis/lib/python3.12/site-packages (from jupyter-events>=0.9.0->jupyter-server<3,>=2.4.0->notebook>=4.4.1->widgetsnbextension~=3.6.5->ipywidgets>=7.0.0->qgridnext) (2.0.7)
2025-01-12T01:07:51.1197910Z Requirement already satisfied: pyyaml>=5.3 in /Users/runner/micromamba/envs/tardis/lib/python3.12/site-packages (from jupyter-events>=0.9.0->jupyter-server<3,>=2.4.0->notebook>=4.4.1->widgetsnbextension~=3.6.5->ipywidgets>=7.0.0->qgridnext) (6.0.1)
2025-01-12T01:07:51.1204550Z Requirement already satisfied: rfc3339-validator in /Users/runner/micromamba/envs/tardis/lib/python3.12/site-packages (from jupyter-events>=0.9.0->jupyter-server<3,>=2.4.0->notebook>=4.4.1->widgetsnbextension~=3.6.5->ipywidgets>=7.0.0->qgridnext) (0.1.4)
2025-01-12T01:07:51.1209730Z Requirement already satisfied: rfc3986-validator>=0.1.1 in /Users/runner/micromamba/envs/tardis/lib/python3.12/site-packages (from jupyter-events>=0.9.0->jupyter-server<3,>=2.4.0->notebook>=4.4.1->widgetsnbextension~=3.6.5->ipywidgets>=7.0.0->qgridnext) (0.1.1)
2025-01-12T01:07:51.1508960Z Requirement already satisfied: beautifulsoup4 in /Users/runner/micromamba/envs/tardis/lib/python3.12/site-packages (from nbconvert>=6.4.4->jupyter-server<3,>=2.4.0->notebook>=4.4.1->widgetsnbextension~=3.6.5->ipywidgets>=7.0.0->qgridnext) (4.12.3)
2025-01-12T01:07:51.1521840Z Requirement already satisfied: bleach!=5.0.0 in /Users/runner/micromamba/envs/tardis/lib/python3.12/site-packages (from nbconvert>=6.4.4->jupyter-server<3,>=2.4.0->notebook>=4.4.1->widgetsnbextension~=3.6.5->ipywidgets>=7.0.0->qgridnext) (6.1.0)
2025-01-12T01:07:51.1534460Z Requirement already satisfied: defusedxml in /Users/runner/micromamba/envs/tardis/lib/python3.12/site-packages (from nbconvert>=6.4.4->jupyter-server<3,>=2.4.0->notebook>=4.4.1->widgetsnbextension~=3.6.5->ipywidgets>=7.0.0->qgridnext) (0.7.1)
2025-01-12T01:07:51.1546400Z Requirement already satisfied: jupyterlab-pygments in /Users/runner/micromamba/envs/tardis/lib/python3.12/site-packages (from nbconvert>=6.4.4->jupyter-server<3,>=2.4.0->notebook>=4.4.1->widgetsnbextension~=3.6.5->ipywidgets>=7.0.0->qgridnext) (0.3.0)
2025-01-12T01:07:51.1554880Z Requirement already satisfied: mistune<4,>=2.0.3 in /Users/runner/micromamba/envs/tardis/lib/python3.12/site-packages (from nbconvert>=6.4.4->jupyter-server<3,>=2.4.0->notebook>=4.4.1->widgetsnbextension~=3.6.5->ipywidgets>=7.0.0->qgridnext) (3.0.2)
2025-01-12T01:07:51.1574710Z Requirement already satisfied: nbclient>=0.5.0 in /Users/runner/micromamba/envs/tardis/lib/python3.12/site-packages (from nbconvert>=6.4.4->jupyter-server<3,>=2.4.0->notebook>=4.4.1->widgetsnbextension~=3.6.5->ipywidgets>=7.0.0->qgridnext) (0.10.0)
2025-01-12T01:07:51.1577530Z Requirement already satisfied: pandocfilters>=1.4.1 in /Users/runner/micromamba/envs/tardis/lib/python3.12/site-packages (from nbconvert>=6.4.4->jupyter-server<3,>=2.4.0->notebook>=4.4.1->widgetsnbextension~=3.6.5->ipywidgets>=7.0.0->qgridnext) (1.5.0)
2025-01-12T01:07:51.1598120Z Requirement already satisfied: tinycss2 in /Users/runner/micromamba/envs/tardis/lib/python3.12/site-packages (from nbconvert>=6.4.4->jupyter-server<3,>=2.4.0->notebook>=4.4.1->widgetsnbextension~=3.6.5->ipywidgets>=7.0.0->qgridnext) (1.3.0)
2025-01-12T01:07:51.1679080Z Requirement already satisfied: fastjsonschema>=2.15 in /Users/runner/micromamba/envs/tardis/lib/python3.12/site-packages (from nbformat>=5.3.0->jupyter-server<3,>=2.4.0->notebook>=4.4.1->widgetsnbextension~=3.6.5->ipywidgets>=7.0.0->qgridnext) (2.20.0)
2025-01-12T01:07:51.1874210Z Requirement already satisfied: charset-normalizer<4,>=2 in /Users/runner/micromamba/envs/tardis/lib/python3.12/site-packages (from requests>=2.31->jupyterlab-server<3,>=2.27.1->notebook>=4.4.1->widgetsnbextension~=3.6.5->ipywidgets>=7.0.0->qgridnext) (3.3.2)
2025-01-12T01:07:51.1916840Z Requirement already satisfied: urllib3<3,>=1.21.1 in /Users/runner/micromamba/envs/tardis/lib/python3.12/site-packages (from requests>=2.31->jupyterlab-server<3,>=2.27.1->notebook>=4.4.1->widgetsnbextension~=3.6.5->ipywidgets>=7.0.0->qgridnext) (2.2.2)
2025-01-12T01:07:51.2441950Z Requirement already satisfied: webencodings in /Users/runner/micromamba/envs/tardis/lib/python3.12/site-packages (from bleach!=5.0.0->nbconvert>=6.4.4->jupyter-server<3,>=2.4.0->notebook>=4.4.1->widgetsnbextension~=3.6.5->ipywidgets>=7.0.0->qgridnext) (0.5.1)
2025-01-12T01:07:51.2805270Z Requirement already satisfied: fqdn in /Users/runner/micromamba/envs/tardis/lib/python3.12/site-packages (from jsonschema[format-nongpl]>=4.18.0->jupyter-events>=0.9.0->jupyter-server<3,>=2.4.0->notebook>=4.4.1->widgetsnbextension~=3.6.5->ipywidgets>=7.0.0->qgridnext) (1.5.1)
2025-01-12T01:07:51.2815570Z Requirement already satisfied: isoduration in /Users/runner/micromamba/envs/tardis/lib/python3.12/site-packages (from jsonschema[format-nongpl]>=4.18.0->jupyter-events>=0.9.0->jupyter-server<3,>=2.4.0->notebook>=4.4.1->widgetsnbextension~=3.6.5->ipywidgets>=7.0.0->qgridnext) (20.11.0)
2025-01-12T01:07:51.2825410Z Requirement already satisfied: jsonpointer>1.13 in /Users/runner/micromamba/envs/tardis/lib/python3.12/site-packages (from jsonschema[format-nongpl]>=4.18.0->jupyter-events>=0.9.0->jupyter-server<3,>=2.4.0->notebook>=4.4.1->widgetsnbextension~=3.6.5->ipywidgets>=7.0.0->qgridnext) (3.0.0)
2025-01-12T01:07:51.2840650Z Requirement already satisfied: uri-template in /Users/runner/micromamba/envs/tardis/lib/python3.12/site-packages (from jsonschema[format-nongpl]>=4.18.0->jupyter-events>=0.9.0->jupyter-server<3,>=2.4.0->notebook>=4.4.1->widgetsnbextension~=3.6.5->ipywidgets>=7.0.0->qgridnext) (1.3.0)
2025-01-12T01:07:51.2848580Z Requirement already satisfied: webcolors>=1.11 in /Users/runner/micromamba/envs/tardis/lib/python3.12/site-packages (from jsonschema[format-nongpl]>=4.18.0->jupyter-events>=0.9.0->jupyter-server<3,>=2.4.0->notebook>=4.4.1->widgetsnbextension~=3.6.5->ipywidgets>=7.0.0->qgridnext) (24.6.0)
2025-01-12T01:07:51.3572700Z Requirement already satisfied: cffi>=1.0.1 in /Users/runner/micromamba/envs/tardis/lib/python3.12/site-packages (from argon2-cffi-bindings->argon2-cffi>=21.1->jupyter-server<3,>=2.4.0->notebook>=4.4.1->widgetsnbextension~=3.6.5->ipywidgets>=7.0.0->qgridnext) (1.16.0)
2025-01-12T01:07:51.3639140Z Requirement already satisfied: soupsieve>1.2 in /Users/runner/micromamba/envs/tardis/lib/python3.12/site-packages (from beautifulsoup4->nbconvert>=6.4.4->jupyter-server<3,>=2.4.0->notebook>=4.4.1->widgetsnbextension~=3.6.5->ipywidgets>=7.0.0->qgridnext) (2.5)
2025-01-12T01:07:51.3991840Z Requirement already satisfied: pycparser in /Users/runner/micromamba/envs/tardis/lib/python3.12/site-packages (from cffi>=1.0.1->argon2-cffi-bindings->argon2-cffi>=21.1->jupyter-server<3,>=2.4.0->notebook>=4.4.1->widgetsnbextension~=3.6.5->ipywidgets>=7.0.0->qgridnext) (2.22)
2025-01-12T01:07:51.4375350Z Requirement already satisfied: arrow>=0.15.0 in /Users/runner/micromamba/envs/tardis/lib/python3.12/site-packages (from isoduration->jsonschema[format-nongpl]>=4.18.0->jupyter-events>=0.9.0->jupyter-server<3,>=2.4.0->notebook>=4.4.1->widgetsnbextension~=3.6.5->ipywidgets>=7.0.0->qgridnext) (1.3.0)
2025-01-12T01:07:51.4575500Z Requirement already satisfied: types-python-dateutil>=2.8.10 in /Users/runner/micromamba/envs/tardis/lib/python3.12/site-packages (from arrow>=0.15.0->isoduration->jsonschema[format-nongpl]>=4.18.0->jupyter-events>=0.9.0->jupyter-server<3,>=2.4.0->notebook>=4.4.1->widgetsnbextension~=3.6.5->ipywidgets>=7.0.0->qgridnext) (2.9.0.20240316)
2025-01-12T01:07:51.4856390Z Downloading qgridnext-2.0.4-py3-none-any.whl (1.3 MB)
2025-01-12T01:07:51.5399160Z    ━━━━━━━━━━━━━━━━━━━━━━━━━━━━━━━━━━━━━━━━ 1.3/1.3 MB 24.2 MB/s eta 0:00:00
2025-01-12T01:07:52.1090230Z Installing collected packages: qgridnext
2025-01-12T01:07:52.1768170Z Successfully installed qgridnext-2.0.4
2025-01-12T01:07:52.3930430Z ##[group]Run pytest tardis --tardis-regression-data=/Users/runner/work/tardis/tardis/tardis-regression-data --cov=tardis --cov-report=xml --cov-report=html --cov-append -m " continuum"
2025-01-12T01:07:52.3931590Z [36;1mpytest tardis --tardis-regression-data=/Users/runner/work/tardis/tardis/tardis-regression-data --cov=tardis --cov-report=xml --cov-report=html --cov-append -m " continuum"[0m
2025-01-12T01:07:52.3990490Z shell: /bin/bash -l {0}
2025-01-12T01:07:52.3990740Z env:
2025-01-12T01:07:52.3990960Z   CACHE_NUMBER: 0
2025-01-12T01:07:52.3991640Z   PYTEST_FLAGS: --tardis-regression-data=/Users/runner/work/tardis/tardis/tardis-regression-data --cov=tardis --cov-report=xml --cov-report=html --cov-append
2025-01-12T01:07:52.3992210Z   CODECOV_TOKEN: 
2025-01-12T01:07:52.3992490Z   MAMBA_ROOT_PREFIX: /Users/runner/micromamba
2025-01-12T01:07:52.3992810Z   MAMBA_EXE: /Users/runner/micromamba-bin/micromamba
2025-01-12T01:07:52.3993310Z   CONDARC: /Users/runner/work/_temp/setup-micromamba/.condarc
2025-01-12T01:07:52.3993670Z ##[endgroup]
2025-01-12T01:08:03.8594100Z ============================= test session starts ==============================
2025-01-12T01:08:03.8594540Z platform darwin -- Python 3.12.4, pytest-8.2.2, pluggy-1.5.0
2025-01-12T01:08:03.8594930Z rootdir: /Users/runner/work/tardis/tardis
2025-01-12T01:08:03.8595200Z configfile: pyproject.toml
2025-01-12T01:08:03.8595590Z plugins: cov-5.0.0, html-4.1.1, metadata-3.1.1, doctestplus-1.2.1, anyio-4.4.0
2025-01-12T01:08:03.8595970Z collected 1796 items / 1794 deselected / 2 selected
2025-01-12T01:08:03.8596240Z 
2025-01-12T01:08:57.5180950Z tardis/transport/montecarlo/estimators/tests/test_continuum_property_solver.py . [ 50%]
2025-01-12T01:08:57.5182200Z                                                                          [ 50%]
2025-01-12T01:09:24.6894900Z tardis/transport/montecarlo/tests/test_continuum.py .                    [100%]
2025-01-12T01:09:24.6912220Z 
2025-01-12T01:09:24.6913070Z =============================== warnings summary ===============================
2025-01-12T01:09:24.6966850Z tardis/io/configuration/config_validator.py:6
2025-01-12T01:09:24.6967530Z tardis/io/configuration/config_validator.py:6
2025-01-12T01:09:24.6968230Z   /Users/runner/work/tardis/tardis/tardis/io/configuration/config_validator.py:6: DeprecationWarning:
2025-01-12T01:09:24.6968960Z   
2025-01-12T01:09:24.6970510Z   jsonschema.RefResolver is deprecated as of v4.18.0, in favor of the https://github.com/python-jsonschema/referencing library, which provides more compliant referencing behavior as well as more flexible APIs for customization. A future release will remove RefResolver. Please file a feature request (on referencing) if you are missing an API for the kind of customization you need.
2025-01-12T01:09:24.6980700Z 
2025-01-12T01:09:24.6981070Z ../../../micromamba/envs/tardis/lib/python3.12/site-packages/jupyter_client/connect.py:22
2025-01-12T01:09:24.6981830Z   /Users/runner/micromamba/envs/tardis/lib/python3.12/site-packages/jupyter_client/connect.py:22: DeprecationWarning:
2025-01-12T01:09:24.6982470Z   
2025-01-12T01:09:24.6982760Z   Jupyter is migrating its paths to use standard platformdirs
2025-01-12T01:09:24.6983260Z   given by the platformdirs library.  To remove this warning and
2025-01-12T01:09:24.6983660Z   see the appropriate new directories, set the environment variable
2025-01-12T01:09:24.6984130Z   `JUPYTER_PLATFORM_DIRS=1` and then run `jupyter --paths`.
2025-01-12T01:09:24.6984550Z   The use of platformdirs will be the default in `jupyter_core` v6
2025-01-12T01:09:24.6984800Z 
2025-01-12T01:09:24.7004120Z tardis/transport/montecarlo/estimators/tests/test_continuum_property_solver.py::test_continuum_estimators
2025-01-12T01:09:24.7004950Z   /Users/runner/work/tardis/tardis/tardis/transport/montecarlo/montecarlo_main_loop.py:123: NumbaTypeSafetyWarning:
2025-01-12T01:09:24.7005530Z   
2025-01-12T01:09:24.7007130Z   [1m[1m[1munsafe cast from uint64 to int64. Precision may be lost.[0m[0m[0m
2025-01-12T01:09:24.7009010Z 
2025-01-12T01:09:24.7009300Z -- Docs: https://docs.pytest.org/en/stable/how-to/capture-warnings.html
2025-01-12T01:09:24.7009610Z 
2025-01-12T01:09:24.7009750Z ---------- coverage: platform darwin, python 3.12.4-final-0 ----------
2025-01-12T01:09:24.7010220Z Coverage HTML written to dir coverage_html_report
2025-01-12T01:09:24.7010530Z Coverage XML written to file coverage.xml
2025-01-12T01:09:24.7010770Z 
2025-01-12T01:09:24.7010980Z ========== 2 passed, 1794 deselected, 4 warnings in 82.15s (0:01:22) ===========
2025-01-12T01:09:25.6800710Z ##[group]Run mv .coverage .coverage.1
2025-01-12T01:09:25.6801340Z [36;1mmv .coverage .coverage.1[0m
2025-01-12T01:09:25.6983790Z shell: /bin/bash -l {0}
2025-01-12T01:09:25.6984040Z env:
2025-01-12T01:09:25.6984320Z   CACHE_NUMBER: 0
2025-01-12T01:09:25.6984890Z   PYTEST_FLAGS: --tardis-regression-data=/Users/runner/work/tardis/tardis/tardis-regression-data --cov=tardis --cov-report=xml --cov-report=html --cov-append
2025-01-12T01:09:25.6985530Z   CODECOV_TOKEN: 
2025-01-12T01:09:25.6985760Z   MAMBA_ROOT_PREFIX: /Users/runner/micromamba
2025-01-12T01:09:25.6986120Z   MAMBA_EXE: /Users/runner/micromamba-bin/micromamba
2025-01-12T01:09:25.6986440Z   CONDARC: /Users/runner/work/_temp/setup-micromamba/.condarc
2025-01-12T01:09:25.6986830Z ##[endgroup]
2025-01-12T01:09:25.8893710Z ##[group]Run actions/upload-artifact@v4
2025-01-12T01:09:25.8894040Z with:
2025-01-12T01:09:25.8894430Z   name: coverage--continuum-macos-latest
2025-01-12T01:09:25.8894770Z   include-hidden-files: true
2025-01-12T01:09:25.8895030Z   path: .coverage*
!.coveragerc

2025-01-12T01:09:25.8895340Z   if-no-files-found: warn
2025-01-12T01:09:25.8895550Z   compression-level: 6
2025-01-12T01:09:25.8895840Z   overwrite: false
2025-01-12T01:09:25.8896030Z env:
2025-01-12T01:09:25.8896270Z   CACHE_NUMBER: 0
2025-01-12T01:09:25.8896810Z   PYTEST_FLAGS: --tardis-regression-data=/Users/runner/work/tardis/tardis/tardis-regression-data --cov=tardis --cov-report=xml --cov-report=html --cov-append
2025-01-12T01:09:25.8897440Z   CODECOV_TOKEN: 
2025-01-12T01:09:25.8897660Z   MAMBA_ROOT_PREFIX: /Users/runner/micromamba
2025-01-12T01:09:25.8898010Z   MAMBA_EXE: /Users/runner/micromamba-bin/micromamba
2025-01-12T01:09:25.8898360Z   CONDARC: /Users/runner/work/_temp/setup-micromamba/.condarc
2025-01-12T01:09:25.8898800Z ##[endgroup]
2025-01-12T01:09:26.2557020Z With the provided path, there will be 2 files uploaded
2025-01-12T01:09:26.2560080Z Artifact name is valid!
2025-01-12T01:09:26.2560810Z Root directory input is valid!
2025-01-12T01:09:26.4489920Z Beginning upload of artifact content to blob storage
2025-01-12T01:09:26.6592180Z Uploaded bytes 27334
2025-01-12T01:09:26.7063410Z Finished uploading artifact content to blob storage!
2025-01-12T01:09:26.7064510Z SHA256 hash of uploaded artifact zip is ffb3f8b30be405b7b2b42492267295a5363706643e622e565f60f63faa4c951b
2025-01-12T01:09:26.7066120Z Finalizing artifact upload
2025-01-12T01:09:26.8053100Z Artifact coverage--continuum-macos-latest.zip successfully finalized. Artifact ID 2417806723
2025-01-12T01:09:26.8054170Z Artifact coverage--continuum-macos-latest has been successfully uploaded! Final size is 27334 bytes. Artifact ID is 2417806723
2025-01-12T01:09:26.8062840Z Artifact download URL: https://github.com/tardis-sn/tardis/actions/runs/12729126249/artifacts/2417806723
2025-01-12T01:09:26.8184410Z Post job cleanup.
2025-01-12T01:09:26.8232180Z Post job cleanup.
2025-01-12T01:09:26.9501150Z Will use pre-installed micromamba at /Users/runner/micromamba-bin/micromamba
2025-01-12T01:09:26.9504210Z Removing micromamba run shell ...
2025-01-12T01:09:26.9506110Z ##[group]Deinitialize micromamba for bash
2025-01-12T01:09:26.9518950Z [command]/Users/runner/micromamba-bin/micromamba shell deinit -s bash -r /Users/runner/micromamba --log-level warning --rc-file /Users/runner/work/_temp/setup-micromamba/.condarc
2025-01-12T01:09:26.9659350Z Resetting RC file "/Users/runner/.bash_profile"
2025-01-12T01:09:26.9659930Z Deleting config for root prefix 
2025-01-12T01:09:26.9660770Z Clearing mamba executable environment variable
2025-01-12T01:09:26.9684100Z Removing the following in your "/Users/runner/.bash_profile" file
2025-01-12T01:09:26.9684420Z # >>> mamba initialize >>>
2025-01-12T01:09:26.9684590Z ...
2025-01-12T01:09:26.9684730Z # <<< mamba initialize <<<
2025-01-12T01:09:26.9694340Z Removing environment tardis from auto-activate bash ...
2025-01-12T01:09:26.9775130Z Post job cleanup.
2025-01-12T01:09:26.9814940Z Post job cleanup.
2025-01-12T01:09:27.1412410Z [command]/opt/homebrew/bin/git version
2025-01-12T01:09:27.1611140Z git version 2.47.1
2025-01-12T01:09:27.1636780Z Copying '/Users/runner/.gitconfig' to '/Users/runner/work/_temp/9e06203c-90f3-4818-9969-9cb875ca5e53/.gitconfig'
2025-01-12T01:09:27.1642970Z Temporarily overriding HOME='/Users/runner/work/_temp/9e06203c-90f3-4818-9969-9cb875ca5e53' before making global git config changes
2025-01-12T01:09:27.1643620Z Adding repository directory to the temporary git global config as a safe directory
2025-01-12T01:09:27.1647030Z [command]/opt/homebrew/bin/git config --global --add safe.directory /Users/runner/work/tardis/tardis/tardis-regression-data
2025-01-12T01:09:27.1730250Z [command]/opt/homebrew/bin/git config --local --name-only --get-regexp core\.sshCommand
2025-01-12T01:09:27.1770330Z [command]/opt/homebrew/bin/git submodule foreach --recursive sh -c "git config --local --name-only --get-regexp 'core\.sshCommand' && git config --local --unset-all 'core.sshCommand' || :"
2025-01-12T01:09:27.4143670Z [command]/opt/homebrew/bin/git config --local --name-only --get-regexp http\.https\:\/\/github\.com\/\.extraheader
2025-01-12T01:09:27.4182560Z http.https://github.com/.extraheader
2025-01-12T01:09:27.4200050Z [command]/opt/homebrew/bin/git config --local --unset-all http.https://github.com/.extraheader
2025-01-12T01:09:27.4246810Z [command]/opt/homebrew/bin/git submodule foreach --recursive sh -c "git config --local --name-only --get-regexp 'http\.https\:\/\/github\.com\/\.extraheader' && git config --local --unset-all 'http.https://github.com/.extraheader' || :"
2025-01-12T01:09:27.4867850Z Post job cleanup.
2025-01-12T01:09:27.5775040Z [command]/opt/homebrew/bin/git version
2025-01-12T01:09:27.5843870Z git version 2.47.1
2025-01-12T01:09:27.6016220Z Copying '/Users/runner/.gitconfig' to '/Users/runner/work/_temp/e2f141e3-ce17-44de-93d8-98c664d4d3a2/.gitconfig'
2025-01-12T01:09:27.6017320Z Temporarily overriding HOME='/Users/runner/work/_temp/e2f141e3-ce17-44de-93d8-98c664d4d3a2' before making global git config changes
2025-01-12T01:09:27.6018120Z Adding repository directory to the temporary git global config as a safe directory
2025-01-12T01:09:27.6019300Z [command]/opt/homebrew/bin/git config --global --add safe.directory /Users/runner/work/tardis/tardis
2025-01-12T01:09:27.6020530Z [command]/opt/homebrew/bin/git config --local --name-only --get-regexp core\.sshCommand
2025-01-12T01:09:27.6092810Z [command]/opt/homebrew/bin/git submodule foreach --recursive sh -c "git config --local --name-only --get-regexp 'core\.sshCommand' && git config --local --unset-all 'core.sshCommand' || :"
2025-01-12T01:09:27.6798270Z [command]/opt/homebrew/bin/git config --local --name-only --get-regexp http\.https\:\/\/github\.com\/\.extraheader
2025-01-12T01:09:27.6839910Z http.https://github.com/.extraheader
2025-01-12T01:09:27.6848850Z [command]/opt/homebrew/bin/git config --local --unset-all http.https://github.com/.extraheader
2025-01-12T01:09:27.6938920Z [command]/opt/homebrew/bin/git submodule foreach --recursive sh -c "git config --local --name-only --get-regexp 'http\.https\:\/\/github\.com\/\.extraheader' && git config --local --unset-all 'http.https://github.com/.extraheader' || :"
2025-01-12T01:09:27.7858670Z Cleaning up orphan processes
