2025-02-27T20:36:10.0141693Z Requested labels: macos-latest
2025-02-27T20:36:10.0141981Z Job defined at: tardis-sn/tardis/.github/workflows/tests.yml@refs/pull/2876/merge
2025-02-27T20:36:10.0142099Z Waiting for a runner to pick up this job...
2025-02-27T20:36:10.2196922Z Job is waiting for a hosted runner to come online.
2025-02-27T20:36:13.6903036Z Job is about to start running on the hosted runner: GitHub Actions 53 (hosted)
2025-02-27T20:36:15.3429860Z Current runner version: '2.322.0'
2025-02-27T20:36:15.3462990Z ##[group]Operating System
2025-02-27T20:36:15.3463560Z macOS
2025-02-27T20:36:15.3463890Z 14.7.2
2025-02-27T20:36:15.3464190Z 23H311
2025-02-27T20:36:15.3464500Z ##[endgroup]
2025-02-27T20:36:15.3465600Z ##[group]Runner Image
2025-02-27T20:36:15.3466040Z Image: macos-14-arm64
2025-02-27T20:36:15.3466380Z Version: 20250120.774
2025-02-27T20:36:15.3467090Z Included Software: https://github.com/actions/runner-images/blob/macos-14-arm64/20250120.774/images/macos/macos-14-arm64-Readme.md
2025-02-27T20:36:15.3468070Z Image Release: https://github.com/actions/runner-images/releases/tag/macos-14-arm64%2F20250120.774
2025-02-27T20:36:15.3468680Z ##[endgroup]
2025-02-27T20:36:15.3469020Z ##[group]Runner Image Provisioner
2025-02-27T20:36:15.3469650Z 2.0.422.1+55c30c14fe2a0a1547db1b656933ae07d97649a9
2025-02-27T20:36:15.3470080Z ##[endgroup]
2025-02-27T20:36:15.3471560Z ##[group]GITHUB_TOKEN Permissions
2025-02-27T20:36:15.3473230Z Actions: read
2025-02-27T20:36:15.3473580Z Attestations: read
2025-02-27T20:36:15.3473900Z Checks: read
2025-02-27T20:36:15.3474200Z Contents: read
2025-02-27T20:36:15.3474520Z Deployments: read
2025-02-27T20:36:15.3474840Z Discussions: read
2025-02-27T20:36:15.3475160Z Issues: read
2025-02-27T20:36:15.3475460Z Metadata: read
2025-02-27T20:36:15.3475770Z Packages: read
2025-02-27T20:36:15.3476080Z Pages: read
2025-02-27T20:36:15.3476400Z PullRequests: read
2025-02-27T20:36:15.3476730Z RepositoryProjects: read
2025-02-27T20:36:15.3477090Z SecurityEvents: read
2025-02-27T20:36:15.3477410Z Statuses: read
2025-02-27T20:36:15.3477730Z ##[endgroup]
2025-02-27T20:36:15.3480200Z Secret source: None
2025-02-27T20:36:15.3480710Z Prepare workflow directory
2025-02-27T20:36:15.3927290Z Prepare all required actions
2025-02-27T20:36:15.3973350Z Getting action download info
2025-02-27T20:36:15.5869180Z Download action repository 'actions/checkout@v4' (SHA:11bd71901bbe5b1630ceea73d27597364c9af683)
2025-02-27T20:36:15.9325280Z Download action repository 'actions/upload-artifact@v4' (SHA:4cec3d8aa04e39d1a68397de0c4cd6fb9dce8ec1)
2025-02-27T20:36:17.2364790Z Complete job name:  continuum macos-latest 
2025-02-27T20:36:17.2866110Z ##[group]Run actions/checkout@v4
2025-02-27T20:36:17.2866710Z with:
2025-02-27T20:36:17.2867070Z   repository: tardis-sn/tardis
2025-02-27T20:36:17.2867690Z   token: ***
2025-02-27T20:36:17.2868010Z   ssh-strict: true
2025-02-27T20:36:17.2868340Z   ssh-user: git
2025-02-27T20:36:17.2868680Z   persist-credentials: true
2025-02-27T20:36:17.2869050Z   clean: true
2025-02-27T20:36:17.2869400Z   sparse-checkout-cone-mode: true
2025-02-27T20:36:17.2869790Z   fetch-depth: 1
2025-02-27T20:36:17.2870110Z   fetch-tags: false
2025-02-27T20:36:17.2870450Z   show-progress: true
2025-02-27T20:36:17.2870800Z   lfs: false
2025-02-27T20:36:17.2871140Z   submodules: false
2025-02-27T20:36:17.2871490Z   set-safe-directory: true
2025-02-27T20:36:17.2871970Z env:
2025-02-27T20:36:17.2872280Z   CACHE_NUMBER: 0
2025-02-27T20:36:17.2873190Z   PYTEST_FLAGS: --tardis-regression-data=/Users/runner/work/tardis/tardis/tardis-regression-data --cov=tardis --cov-report=xml --cov-report=html --cov-append
2025-02-27T20:36:17.2874200Z   CODECOV_TOKEN: 
2025-02-27T20:36:17.2874520Z ##[endgroup]
2025-02-27T20:36:17.6752770Z Syncing repository: tardis-sn/tardis
2025-02-27T20:36:17.6755580Z ##[group]Getting Git version info
2025-02-27T20:36:17.6756270Z Working directory is '/Users/runner/work/tardis/tardis'
2025-02-27T20:36:17.6757300Z [command]/opt/homebrew/bin/git version
2025-02-27T20:36:17.7386770Z git version 2.48.1
2025-02-27T20:36:17.7419960Z ##[endgroup]
2025-02-27T20:36:17.7436160Z Copying '/Users/runner/.gitconfig' to '/Users/runner/work/_temp/9078a74a-4cff-400b-aa7b-9eb0ed848dd2/.gitconfig'
2025-02-27T20:36:17.7447550Z Temporarily overriding HOME='/Users/runner/work/_temp/9078a74a-4cff-400b-aa7b-9eb0ed848dd2' before making global git config changes
2025-02-27T20:36:17.7451640Z Adding repository directory to the temporary git global config as a safe directory
2025-02-27T20:36:17.7457040Z [command]/opt/homebrew/bin/git config --global --add safe.directory /Users/runner/work/tardis/tardis
2025-02-27T20:36:17.7584440Z Deleting the contents of '/Users/runner/work/tardis/tardis'
2025-02-27T20:36:17.7587920Z ##[group]Initializing the repository
2025-02-27T20:36:17.7593550Z [command]/opt/homebrew/bin/git init /Users/runner/work/tardis/tardis
2025-02-27T20:36:17.7811910Z hint: Using 'master' as the name for the initial branch. This default branch name
2025-02-27T20:36:17.7814590Z hint: is subject to change. To configure the initial branch name to use in all
2025-02-27T20:36:17.7816680Z hint: of your new repositories, which will suppress this warning, call:
2025-02-27T20:36:17.7818260Z hint:
2025-02-27T20:36:17.7819410Z hint: 	git config --global init.defaultBranch <name>
2025-02-27T20:36:17.7821550Z hint:
2025-02-27T20:36:17.7822970Z hint: Names commonly chosen instead of 'master' are 'main', 'trunk' and
2025-02-27T20:36:17.7825100Z hint: 'development'. The just-created branch can be renamed via this command:
2025-02-27T20:36:17.7827130Z hint:
2025-02-27T20:36:17.7828110Z hint: 	git branch -m <name>
2025-02-27T20:36:17.7830020Z Initialized empty Git repository in /Users/runner/work/tardis/tardis/.git/
2025-02-27T20:36:17.7833080Z [command]/opt/homebrew/bin/git remote add origin https://github.com/tardis-sn/tardis
2025-02-27T20:36:17.7939230Z ##[endgroup]
2025-02-27T20:36:17.7940220Z ##[group]Disabling automatic garbage collection
2025-02-27T20:36:17.7940890Z [command]/opt/homebrew/bin/git config --local gc.auto 0
2025-02-27T20:36:17.7956920Z ##[endgroup]
2025-02-27T20:36:17.7958660Z ##[group]Setting up auth
2025-02-27T20:36:17.7960800Z [command]/opt/homebrew/bin/git config --local --name-only --get-regexp core\.sshCommand
2025-02-27T20:36:17.8042500Z [command]/opt/homebrew/bin/git submodule foreach --recursive sh -c "git config --local --name-only --get-regexp 'core\.sshCommand' && git config --local --unset-all 'core.sshCommand' || :"
2025-02-27T20:36:17.8901250Z [command]/opt/homebrew/bin/git config --local --name-only --get-regexp http\.https\:\/\/github\.com\/\.extraheader
2025-02-27T20:36:17.8956390Z [command]/opt/homebrew/bin/git submodule foreach --recursive sh -c "git config --local --name-only --get-regexp 'http\.https\:\/\/github\.com\/\.extraheader' && git config --local --unset-all 'http.https://github.com/.extraheader' || :"
2025-02-27T20:36:17.9841420Z [command]/opt/homebrew/bin/git config --local http.https://github.com/.extraheader AUTHORIZATION: basic ***
2025-02-27T20:36:17.9953940Z ##[endgroup]
2025-02-27T20:36:17.9956740Z ##[group]Fetching the repository
2025-02-27T20:36:17.9975570Z [command]/opt/homebrew/bin/git -c protocol.version=2 fetch --no-tags --prune --no-recurse-submodules --depth=1 origin +e4a07705b2ddf15df04acc3bec30df8a9a2429a8:refs/remotes/pull/2876/merge
2025-02-27T20:36:20.0357890Z From https://github.com/tardis-sn/tardis
2025-02-27T20:36:20.0359450Z  * [new ref]         e4a07705b2ddf15df04acc3bec30df8a9a2429a8 -> pull/2876/merge
2025-02-27T20:36:20.0432460Z ##[endgroup]
2025-02-27T20:36:20.0434570Z ##[group]Determining the checkout info
2025-02-27T20:36:20.0441030Z ##[endgroup]
2025-02-27T20:36:20.0441900Z [command]/opt/homebrew/bin/git sparse-checkout disable
2025-02-27T20:36:20.0510840Z [command]/opt/homebrew/bin/git config --local --unset-all extensions.worktreeConfig
2025-02-27T20:36:20.0575950Z ##[group]Checking out the ref
2025-02-27T20:36:20.0578540Z [command]/opt/homebrew/bin/git checkout --progress --force refs/remotes/pull/2876/merge
2025-02-27T20:36:20.3413580Z HEAD is now at e4a0770 Merge 26e2f3fa5b53c872864d01fcbfb806ceb181e03d into a51af908c6403099d3162da0bf4b0fbaca439cac
2025-02-27T20:36:20.3478210Z ##[endgroup]
2025-02-27T20:36:20.3592460Z [command]/opt/homebrew/bin/git log -1 --format=%H
2025-02-27T20:36:20.3654300Z e4a07705b2ddf15df04acc3bec30df8a9a2429a8
2025-02-27T20:36:20.3931920Z Prepare all required actions
2025-02-27T20:36:20.3932280Z Getting action download info
2025-02-27T20:36:20.5239520Z Download action repository 'actions/cache@v4' (SHA:d4323d4df104b026a6aa633fdb11d772146be0bf)
2025-02-27T20:36:21.7030220Z ##[group]Run ./.github/actions/setup_lfs
2025-02-27T20:36:21.7030460Z with:
2025-02-27T20:36:21.7030650Z   regression-data-repo: tardis-sn/tardis-regression-data
2025-02-27T20:36:21.7030920Z   atom-data-sparse: false
2025-02-27T20:36:21.7031060Z env:
2025-02-27T20:36:21.7031200Z   CACHE_NUMBER: 0
2025-02-27T20:36:21.7031690Z   PYTEST_FLAGS: --tardis-regression-data=/Users/runner/work/tardis/tardis/tardis-regression-data --cov=tardis --cov-report=xml --cov-report=html --cov-append
2025-02-27T20:36:21.7032180Z   CODECOV_TOKEN: 
2025-02-27T20:36:21.7032310Z ##[endgroup]
2025-02-27T20:36:21.7176630Z ##[group]Run actions/checkout@v4
2025-02-27T20:36:21.7176850Z with:
2025-02-27T20:36:21.7177000Z   repository: tardis-sn/tardis-regression-data
2025-02-27T20:36:21.7177280Z   path: tardis-regression-data
2025-02-27T20:36:21.7177460Z   lfs: false
2025-02-27T20:36:21.7177720Z   token: ***
2025-02-27T20:36:21.7177840Z   ssh-strict: true
2025-02-27T20:36:21.7177990Z   ssh-user: git
2025-02-27T20:36:21.7178130Z   persist-credentials: true
2025-02-27T20:36:21.7178280Z   clean: true
2025-02-27T20:36:21.7178420Z   sparse-checkout-cone-mode: true
2025-02-27T20:36:21.7178590Z   fetch-depth: 1
2025-02-27T20:36:21.7178730Z   fetch-tags: false
2025-02-27T20:36:21.7178860Z   show-progress: true
2025-02-27T20:36:21.7179010Z   submodules: false
2025-02-27T20:36:21.7179140Z   set-safe-directory: true
2025-02-27T20:36:21.7179290Z env:
2025-02-27T20:36:21.7179400Z   CACHE_NUMBER: 0
2025-02-27T20:36:21.7179880Z   PYTEST_FLAGS: --tardis-regression-data=/Users/runner/work/tardis/tardis/tardis-regression-data --cov=tardis --cov-report=xml --cov-report=html --cov-append
2025-02-27T20:36:21.7180390Z   CODECOV_TOKEN: 
2025-02-27T20:36:21.7180510Z ##[endgroup]
2025-02-27T20:36:21.8248860Z Syncing repository: tardis-sn/tardis-regression-data
2025-02-27T20:36:21.8251270Z ##[group]Getting Git version info
2025-02-27T20:36:21.8252740Z Working directory is '/Users/runner/work/tardis/tardis/tardis-regression-data'
2025-02-27T20:36:21.8294680Z [command]/opt/homebrew/bin/git version
2025-02-27T20:36:21.8355510Z git version 2.48.1
2025-02-27T20:36:21.8372400Z ##[endgroup]
2025-02-27T20:36:21.8379620Z Copying '/Users/runner/.gitconfig' to '/Users/runner/work/_temp/3476cfe4-dc26-4378-8274-eca2ec207b8d/.gitconfig'
2025-02-27T20:36:21.8388100Z Temporarily overriding HOME='/Users/runner/work/_temp/3476cfe4-dc26-4378-8274-eca2ec207b8d' before making global git config changes
2025-02-27T20:36:21.8389950Z Adding repository directory to the temporary git global config as a safe directory
2025-02-27T20:36:21.8393770Z [command]/opt/homebrew/bin/git config --global --add safe.directory /Users/runner/work/tardis/tardis/tardis-regression-data
2025-02-27T20:36:21.8449990Z ##[group]Initializing the repository
2025-02-27T20:36:21.8454580Z [command]/opt/homebrew/bin/git init /Users/runner/work/tardis/tardis/tardis-regression-data
2025-02-27T20:36:21.8610310Z hint: Using 'master' as the name for the initial branch. This default branch name
2025-02-27T20:36:21.8621360Z hint: is subject to change. To configure the initial branch name to use in all
2025-02-27T20:36:21.8622400Z hint: of your new repositories, which will suppress this warning, call:
2025-02-27T20:36:21.8623140Z hint:
2025-02-27T20:36:21.8623690Z hint: 	git config --global init.defaultBranch <name>
2025-02-27T20:36:21.8624380Z hint:
2025-02-27T20:36:21.8625010Z hint: Names commonly chosen instead of 'master' are 'main', 'trunk' and
2025-02-27T20:36:21.8626000Z hint: 'development'. The just-created branch can be renamed via this command:
2025-02-27T20:36:21.8626790Z hint:
2025-02-27T20:36:21.8627220Z hint: 	git branch -m <name>
2025-02-27T20:36:21.8628130Z Initialized empty Git repository in /Users/runner/work/tardis/tardis/tardis-regression-data/.git/
2025-02-27T20:36:21.8631870Z [command]/opt/homebrew/bin/git remote add origin https://github.com/tardis-sn/tardis-regression-data
2025-02-27T20:36:21.8647890Z ##[endgroup]
2025-02-27T20:36:21.8649270Z ##[group]Disabling automatic garbage collection
2025-02-27T20:36:21.8650690Z [command]/opt/homebrew/bin/git config --local gc.auto 0
2025-02-27T20:36:21.8710970Z ##[endgroup]
2025-02-27T20:36:21.8714550Z ##[group]Setting up auth
2025-02-27T20:36:21.8716410Z [command]/opt/homebrew/bin/git config --local --name-only --get-regexp core\.sshCommand
2025-02-27T20:36:21.8774710Z [command]/opt/homebrew/bin/git submodule foreach --recursive sh -c "git config --local --name-only --get-regexp 'core\.sshCommand' && git config --local --unset-all 'core.sshCommand' || :"
2025-02-27T20:36:21.9518510Z [command]/opt/homebrew/bin/git config --local --name-only --get-regexp http\.https\:\/\/github\.com\/\.extraheader
2025-02-27T20:36:21.9569670Z [command]/opt/homebrew/bin/git submodule foreach --recursive sh -c "git config --local --name-only --get-regexp 'http\.https\:\/\/github\.com\/\.extraheader' && git config --local --unset-all 'http.https://github.com/.extraheader' || :"
2025-02-27T20:36:22.0613500Z [command]/opt/homebrew/bin/git config --local http.https://github.com/.extraheader AUTHORIZATION: basic ***
2025-02-27T20:36:22.0693780Z ##[endgroup]
2025-02-27T20:36:22.0695020Z ##[group]Determining the default branch
2025-02-27T20:36:22.0697010Z Retrieving the default branch name
2025-02-27T20:36:22.4693430Z Default branch 'main'
2025-02-27T20:36:22.4762600Z ##[endgroup]
2025-02-27T20:36:22.4791080Z ##[group]Fetching the repository
2025-02-27T20:36:22.4800920Z [command]/opt/homebrew/bin/git -c protocol.version=2 fetch --no-tags --prune --no-recurse-submodules --depth=1 origin +refs/heads/main:refs/remotes/origin/main
2025-02-27T20:36:23.4584510Z From https://github.com/tardis-sn/tardis-regression-data
2025-02-27T20:36:23.4597300Z  * [new branch]      main       -> origin/main
2025-02-27T20:36:23.4643530Z ##[endgroup]
2025-02-27T20:36:23.4643950Z ##[group]Determining the checkout info
2025-02-27T20:36:23.4644360Z ##[endgroup]
2025-02-27T20:36:23.4648900Z [command]/opt/homebrew/bin/git sparse-checkout disable
2025-02-27T20:36:23.4757750Z [command]/opt/homebrew/bin/git config --local --unset-all extensions.worktreeConfig
2025-02-27T20:36:23.4829260Z ##[group]Checking out the ref
2025-02-27T20:36:23.4835680Z [command]/opt/homebrew/bin/git checkout --progress --force -B main refs/remotes/origin/main
2025-02-27T20:36:23.7335590Z Switched to a new branch 'main'
2025-02-27T20:36:23.7336620Z branch 'main' set up to track 'origin/main'.
2025-02-27T20:36:23.8243440Z ##[endgroup]
2025-02-27T20:36:23.8297350Z [command]/opt/homebrew/bin/git log -1 --format=%H
2025-02-27T20:36:23.8335110Z b2fdf418ac1a3631f8c3d2a5f392b6ebfa09ba0b
2025-02-27T20:36:23.8419740Z ##[group]Run if [ "false" == "true" ]; then
2025-02-27T20:36:23.8420060Z [36;1mif [ "false" == "true" ]; then[0m
2025-02-27T20:36:23.8420300Z [36;1m  echo "Using atom data sparse checkout"[0m
2025-02-27T20:36:23.8420590Z [36;1m  echo "atom_data/kurucz_cd23_chianti_H_He.h5" > .lfs-files-list[0m
2025-02-27T20:36:23.8420830Z [36;1melse[0m
2025-02-27T20:36:23.8420970Z [36;1m  echo "Using full repository checkout"[0m
2025-02-27T20:36:23.8421230Z [36;1m  git lfs ls-files -l | cut -d' ' -f1 | sort > .lfs-files-list[0m
2025-02-27T20:36:23.8421450Z [36;1mfi[0m
2025-02-27T20:36:23.8482620Z shell: /bin/bash --noprofile --norc -e -o pipefail {0}
2025-02-27T20:36:23.8482860Z env:
2025-02-27T20:36:23.8482990Z   CACHE_NUMBER: 0
2025-02-27T20:36:23.8483460Z   PYTEST_FLAGS: --tardis-regression-data=/Users/runner/work/tardis/tardis/tardis-regression-data --cov=tardis --cov-report=xml --cov-report=html --cov-append
2025-02-27T20:36:23.8483910Z   CODECOV_TOKEN: 
2025-02-27T20:36:23.8484060Z ##[endgroup]
2025-02-27T20:36:23.8782570Z Using full repository checkout
2025-02-27T20:36:24.1211140Z ##[group]Run actions/cache/restore@v4
2025-02-27T20:36:24.1211420Z with:
2025-02-27T20:36:24.1212060Z   path: tardis-regression-data/.git/lfs
2025-02-27T20:36:24.1212610Z   key: tardis-regression-full-data-6e3f921411cf0a4e16018f0781785ab8728ab151c8f95ea20b0c8e8609b9a332-tardis-sn/tardis-regression-data-v1
2025-02-27T20:36:24.1215590Z   fail-on-cache-miss: true
2025-02-27T20:36:24.1215800Z   enableCrossOsArchive: false
2025-02-27T20:36:24.1215980Z   lookup-only: false
2025-02-27T20:36:24.1216140Z env:
2025-02-27T20:36:24.1216280Z   CACHE_NUMBER: 0
2025-02-27T20:36:24.1216780Z   PYTEST_FLAGS: --tardis-regression-data=/Users/runner/work/tardis/tardis/tardis-regression-data --cov=tardis --cov-report=xml --cov-report=html --cov-append
2025-02-27T20:36:24.1217310Z   CODECOV_TOKEN: 
2025-02-27T20:36:24.1217460Z ##[endgroup]
2025-02-27T20:36:24.4341070Z Cache hit for: tardis-regression-full-data-6e3f921411cf0a4e16018f0781785ab8728ab151c8f95ea20b0c8e8609b9a332-tardis-sn/tardis-regression-data-v1
2025-02-27T20:36:25.6306770Z Received 29360128 of 2160718086 (1.4%), 28.0 MBs/sec
2025-02-27T20:36:26.6317240Z Received 125829120 of 2160718086 (5.8%), 60.0 MBs/sec
2025-02-27T20:36:27.6320400Z Received 171966464 of 2160718086 (8.0%), 54.6 MBs/sec
2025-02-27T20:36:28.6336900Z Received 255852544 of 2160718086 (11.8%), 61.0 MBs/sec
2025-02-27T20:36:29.6329150Z Received 301989888 of 2160718086 (14.0%), 57.6 MBs/sec
2025-02-27T20:36:30.6489510Z Received 356515840 of 2160718086 (16.5%), 56.5 MBs/sec
2025-02-27T20:36:31.6467590Z Received 398458880 of 2160718086 (18.4%), 54.2 MBs/sec
2025-02-27T20:36:32.6483240Z Received 436207616 of 2160718086 (20.2%), 51.9 MBs/sec
2025-02-27T20:36:33.6480140Z Received 511705088 of 2160718086 (23.7%), 54.1 MBs/sec
2025-02-27T20:36:34.6498650Z Received 536870912 of 2160718086 (24.8%), 51.1 MBs/sec
2025-02-27T20:36:35.6499170Z Received 595591168 of 2160718086 (27.6%), 51.5 MBs/sec
2025-02-27T20:36:36.6572540Z Received 654311424 of 2160718086 (30.3%), 51.9 MBs/sec
2025-02-27T20:36:37.6507480Z Received 696254464 of 2160718086 (32.2%), 51.0 MBs/sec
2025-02-27T20:36:38.6738820Z Received 771751936 of 2160718086 (35.7%), 52.4 MBs/sec
2025-02-27T20:36:39.6647480Z Received 826277888 of 2160718086 (38.2%), 52.4 MBs/sec
2025-02-27T20:36:40.6646370Z Received 893386752 of 2160718086 (41.3%), 53.1 MBs/sec
2025-02-27T20:36:41.6658300Z Received 939524096 of 2160718086 (43.5%), 52.6 MBs/sec
2025-02-27T20:36:42.6665290Z Received 989855744 of 2160718086 (45.8%), 52.3 MBs/sec
2025-02-27T20:36:43.6675090Z Received 1040187392 of 2160718086 (48.1%), 52.1 MBs/sec
2025-02-27T20:36:44.6729360Z Received 1086324736 of 2160718086 (50.3%), 51.7 MBs/sec
2025-02-27T20:36:45.6687470Z Received 1166016512 of 2160718086 (54.0%), 52.9 MBs/sec
2025-02-27T20:36:46.6756990Z Received 1207959552 of 2160718086 (55.9%), 52.3 MBs/sec
2025-02-27T20:36:47.6767500Z Received 1249902592 of 2160718086 (57.8%), 51.7 MBs/sec
2025-02-27T20:36:48.6771180Z Received 1321205760 of 2160718086 (61.1%), 52.4 MBs/sec
2025-02-27T20:36:49.6776210Z Received 1384120320 of 2160718086 (64.1%), 52.7 MBs/sec
2025-02-27T20:36:50.6791150Z Received 1434451968 of 2160718086 (66.4%), 52.5 MBs/sec
2025-02-27T20:36:51.6799010Z Received 1488977920 of 2160718086 (68.9%), 52.5 MBs/sec
2025-02-27T20:36:52.6804320Z Received 1539309568 of 2160718086 (71.2%), 52.3 MBs/sec
2025-02-27T20:36:53.6823250Z Received 1593835520 of 2160718086 (73.8%), 52.3 MBs/sec
2025-02-27T20:36:54.6841020Z Received 1610612736 of 2160718086 (74.5%), 51.1 MBs/sec
2025-02-27T20:36:55.6847490Z Received 1677721600 of 2160718086 (77.6%), 51.5 MBs/sec
2025-02-27T20:36:56.6877400Z Received 1732247552 of 2160718086 (80.2%), 51.5 MBs/sec
2025-02-27T20:36:57.6879250Z Received 1753219072 of 2160718086 (81.1%), 50.6 MBs/sec
2025-02-27T20:36:58.6910630Z Received 1820327936 of 2160718086 (84.2%), 51.0 MBs/sec
2025-02-27T20:36:59.7310280Z Received 1879048192 of 2160718086 (87.0%), 51.1 MBs/sec
2025-02-27T20:37:00.7311960Z Received 1925185536 of 2160718086 (89.1%), 50.9 MBs/sec
2025-02-27T20:37:01.7324550Z Received 2000683008 of 2160718086 (92.6%), 51.4 MBs/sec
2025-02-27T20:37:02.7326900Z Received 2025848832 of 2160718086 (93.8%), 50.7 MBs/sec
2025-02-27T20:37:03.7322200Z Received 2109734912 of 2160718086 (97.6%), 51.5 MBs/sec
2025-02-27T20:37:04.7327190Z Received 2156523782 of 2160718086 (99.8%), 51.3 MBs/sec
2025-02-27T20:37:04.9506940Z Received 2160718086 of 2160718086 (100.0%), 51.1 MBs/sec
2025-02-27T20:37:04.9513660Z Cache Size: ~2061 MB (2160718086 B)
2025-02-27T20:37:04.9580330Z [command]/opt/homebrew/bin/gtar -xf /Users/runner/work/_temp/60b69691-0eb3-4db1-b686-76413b4622a9/cache.tzst -P -C /Users/runner/work/tardis/tardis --delay-directory-restore --use-compress-program unzstd
2025-02-27T20:37:19.3228220Z Cache restored successfully
2025-02-27T20:37:19.5705040Z Cache restored from key: tardis-regression-full-data-6e3f921411cf0a4e16018f0781785ab8728ab151c8f95ea20b0c8e8609b9a332-tardis-sn/tardis-regression-data-v1
2025-02-27T20:37:19.6049400Z ##[group]Run git lfs checkout
2025-02-27T20:37:19.6049810Z [36;1mgit lfs checkout[0m
2025-02-27T20:37:19.6165720Z shell: /bin/bash --noprofile --norc -e -o pipefail {0}
2025-02-27T20:37:19.6166050Z env:
2025-02-27T20:37:19.6166380Z   CACHE_NUMBER: 0
2025-02-27T20:37:19.6166920Z   PYTEST_FLAGS: --tardis-regression-data=/Users/runner/work/tardis/tardis/tardis-regression-data --cov=tardis --cov-report=xml --cov-report=html --cov-append
2025-02-27T20:37:19.6167530Z   CODECOV_TOKEN: 
2025-02-27T20:37:19.6167820Z ##[endgroup]
2025-02-27T20:37:34.3226470Z Checking out LFS objects: 100% (204/204), 5.7 GB | 330 MB/s, done.
2025-02-27T20:37:49.3911890Z Prepare all required actions
2025-02-27T20:37:49.3915000Z Getting action download info
2025-02-27T20:37:49.7166850Z Download action repository 'mamba-org/setup-micromamba@v1' (SHA:4b9113af4fba0e9e1124b252dd6497a419e7396d)
2025-02-27T20:37:50.9481550Z ##[group]Run ./.github/actions/setup_env
2025-02-27T20:37:50.9481860Z with:
2025-02-27T20:37:50.9482100Z   os-label: osx-arm64
2025-02-27T20:37:50.9482310Z env:
2025-02-27T20:37:50.9482580Z   CACHE_NUMBER: 0
2025-02-27T20:37:50.9483120Z   PYTEST_FLAGS: --tardis-regression-data=/Users/runner/work/tardis/tardis/tardis-regression-data --cov=tardis --cov-report=xml --cov-report=html --cov-append
2025-02-27T20:37:50.9483780Z   CODECOV_TOKEN: 
2025-02-27T20:37:50.9483940Z ##[endgroup]
2025-02-27T20:37:50.9511970Z ##[group]Run file_hash=$(cat conda-osx-arm64.lock | shasum -a 256 | cut -d' ' -f1)
2025-02-27T20:37:50.9512440Z [36;1mfile_hash=$(cat conda-osx-arm64.lock | shasum -a 256 | cut -d' ' -f1)[0m
2025-02-27T20:37:50.9513010Z [36;1mecho "file_hash=tardis-conda-env-osx-arm64-${file_hash}-v1" >> "${GITHUB_OUTPUT}"[0m
2025-02-27T20:37:50.9599890Z shell: /bin/bash --noprofile --norc -e -o pipefail {0}
2025-02-27T20:37:50.9600150Z env:
2025-02-27T20:37:50.9600290Z   CACHE_NUMBER: 0
2025-02-27T20:37:50.9600800Z   PYTEST_FLAGS: --tardis-regression-data=/Users/runner/work/tardis/tardis/tardis-regression-data --cov=tardis --cov-report=xml --cov-report=html --cov-append
2025-02-27T20:37:50.9601320Z   CODECOV_TOKEN: 
2025-02-27T20:37:50.9601490Z ##[endgroup]
2025-02-27T20:37:51.1655280Z ##[group]Run mamba-org/setup-micromamba@v1
2025-02-27T20:37:51.1655520Z with:
2025-02-27T20:37:51.1655700Z   environment-file: conda-osx-arm64.lock
2025-02-27T20:37:51.1656170Z   cache-environment-key: tardis-conda-env-osx-arm64-354e2cc8bd515676980814f312c10753c2dc4a43f483398b98b444c582fdd35f-v1
2025-02-27T20:37:51.1656880Z   cache-downloads-key: tardis-conda-env-osx-arm64-354e2cc8bd515676980814f312c10753c2dc4a43f483398b98b444c582fdd35f-v1
2025-02-27T20:37:51.1657340Z   environment-name: tardis
2025-02-27T20:37:51.1657530Z   cache-environment: true
2025-02-27T20:37:51.1657710Z   cache-downloads: true
2025-02-27T20:37:51.1657860Z env:
2025-02-27T20:37:51.1658000Z   CACHE_NUMBER: 0
2025-02-27T20:37:51.1658500Z   PYTEST_FLAGS: --tardis-regression-data=/Users/runner/work/tardis/tardis/tardis-regression-data --cov=tardis --cov-report=xml --cov-report=html --cov-append
2025-02-27T20:37:51.1659010Z   CODECOV_TOKEN: 
2025-02-27T20:37:51.1659150Z ##[endgroup]
2025-02-27T20:37:51.8137430Z Will download micromamba to /Users/runner/micromamba-bin/micromamba
2025-02-27T20:37:51.8165100Z ##[group]Install micromamba
2025-02-27T20:37:52.7030210Z micromamba installed to /Users/runner/micromamba-bin/micromamba
2025-02-27T20:37:52.7031330Z ##[endgroup]
2025-02-27T20:37:52.7044770Z Adding conda-forge to condarc channels ...
2025-02-27T20:37:52.7068680Z ##[group]Initialize micromamba for bash.
2025-02-27T20:37:52.7090980Z [command]/Users/runner/micromamba-bin/micromamba shell init -s bash -r /Users/runner/micromamba --log-level warning --rc-file /Users/runner/work/_temp/setup-micromamba/.condarc
2025-02-27T20:37:52.7405990Z Modifying RC file "/Users/runner/.bash_profile"
2025-02-27T20:37:52.7408540Z Generating config for root prefix [1m"/Users/runner/micromamba"[0m
2025-02-27T20:37:52.7410320Z Setting mamba executable to: [1m"/Users/runner/micromamba-bin/micromamba"[0m
2025-02-27T20:37:52.7411380Z Adding (or replacing) the following in your "/Users/runner/.bash_profile" file
2025-02-27T20:37:52.7411970Z 
2025-02-27T20:37:52.7412180Z # >>> mamba initialize >>>
2025-02-27T20:37:52.7412960Z # !! Contents within this block are managed by 'mamba init' !!
2025-02-27T20:37:52.7413740Z export MAMBA_EXE='/Users/runner/micromamba-bin/micromamba';
2025-02-27T20:37:52.7414490Z export MAMBA_ROOT_PREFIX='/Users/runner/micromamba';
2025-02-27T20:37:52.7416220Z __mamba_setup="$("$MAMBA_EXE" shell hook --shell bash --root-prefix "$MAMBA_ROOT_PREFIX" 2> /dev/null)"
2025-02-27T20:37:52.7418730Z if [ $? -eq 0 ]; then
2025-02-27T20:37:52.7419260Z     eval "$__mamba_setup"
2025-02-27T20:37:52.7419430Z else
2025-02-27T20:37:52.7419660Z     alias micromamba="$MAMBA_EXE"  # Fallback on help from mamba activate
2025-02-27T20:37:52.7419970Z fi
2025-02-27T20:37:52.7420110Z unset __mamba_setup
2025-02-27T20:37:52.7420290Z # <<< mamba initialize <<<
2025-02-27T20:37:52.7420400Z 
2025-02-27T20:37:52.7420730Z ##[endgroup]
2025-02-27T20:37:52.7421200Z ##[group]Restoring downloads from `/Users/runner/micromamba/pkgs` ...
2025-02-27T20:37:54.1602210Z Received 25165824 of 310631401 (8.1%), 24.0 MBs/sec
2025-02-27T20:37:55.1608330Z Received 125829120 of 310631401 (40.5%), 59.8 MBs/sec
2025-02-27T20:37:56.1701340Z Received 205520896 of 310631401 (66.2%), 65.0 MBs/sec
2025-02-27T20:37:57.1868750Z Received 281018368 of 310631401 (90.5%), 66.6 MBs/sec
2025-02-27T20:37:57.7710410Z Cache Size: ~296 MB (310631401 B)
2025-02-27T20:37:57.7754930Z [command]/opt/homebrew/bin/gtar -xf /Users/runner/work/_temp/52a49834-5933-4aab-859f-501fd3674613/cache.tzst -P -C /Users/runner/work/tardis/tardis --delay-directory-restore --use-compress-program unzstd
2025-02-27T20:37:58.1889260Z Received 310631401 of 310631401 (100.0%), 58.9 MBs/sec
2025-02-27T20:37:58.5650800Z Cache restored successfully
2025-02-27T20:37:58.5683940Z Restored cache with key `tardis-conda-env-osx-arm64-354e2cc8bd515676980814f312c10753c2dc4a43f483398b98b444c582fdd35f-v1-osx-arm64`
2025-02-27T20:37:58.5690500Z ##[endgroup]
2025-02-27T20:37:58.5791610Z ##[group]Restoring environment `tardis` from `/Users/runner/micromamba/envs/tardis` ...
2025-02-27T20:37:59.9641990Z Received 12582912 of 385953952 (3.3%), 12.0 MBs/sec
2025-02-27T20:38:00.9540730Z Received 88080384 of 385953952 (22.8%), 42.0 MBs/sec
2025-02-27T20:38:01.9650480Z Received 163577856 of 385953952 (42.4%), 51.8 MBs/sec
2025-02-27T20:38:02.9649910Z Received 251658240 of 385953952 (65.2%), 59.8 MBs/sec
2025-02-27T20:38:03.9666480Z Received 356593824 of 385953952 (92.4%), 67.8 MBs/sec
2025-02-27T20:38:04.4452900Z Cache Size: ~368 MB (385953952 B)
2025-02-27T20:38:04.4534400Z [command]/opt/homebrew/bin/gtar -xf /Users/runner/work/_temp/fb729ba2-1042-4c3c-8b80-43749c3099b7/cache.tzst -P -C /Users/runner/work/tardis/tardis --delay-directory-restore --use-compress-program unzstd
2025-02-27T20:38:04.9693000Z Received 385953952 of 385953952 (100.0%), 61.2 MBs/sec
2025-02-27T20:38:19.7742390Z Cache restored successfully
2025-02-27T20:38:19.7790020Z Restored cache with key `tardis-conda-env-osx-arm64-354e2cc8bd515676980814f312c10753c2dc4a43f483398b98b444c582fdd35f-v1-osx-arm64-tardis-args-4f53cda-root-873f6fe-bin-[object Promise]-file-354e2cc8bd515676980814f312c10753c2dc4a43f483398b98b444c582fdd35f`
2025-02-27T20:38:19.7792560Z ##[endgroup]
2025-02-27T20:38:19.7792920Z Adding environment tardis to auto-activate bash ...
2025-02-27T20:38:19.7811520Z Generating micromamba run shell.
2025-02-27T20:38:19.7830840Z ##[endgroup]
2025-02-27T20:38:19.7836620Z Set environment variables.
2025-02-27T20:38:19.7846940Z ##[group]micromamba info
2025-02-27T20:38:19.7852120Z [command]/Users/runner/micromamba-bin/micromamba info -r /Users/runner/micromamba -n tardis
2025-02-27T20:38:20.2890340Z 
2025-02-27T20:38:20.2891310Z        libmamba version : 1.5.10
2025-02-27T20:38:20.2892130Z      micromamba version : 1.5.10
2025-02-27T20:38:20.2893210Z            curl version : libcurl/8.10.1 (OpenSSL/3.3.2) SecureTransport zlib/1.3.1 zstd/1.5.6 libssh2/1.11.0 nghttp2/1.58.0
2025-02-27T20:38:20.2894870Z      libarchive version : libarchive 3.7.4 zlib/1.2.13 bz2lib/1.0.8 libzstd/1.5.6
2025-02-27T20:38:20.2895860Z        envs directories : /Users/runner/micromamba/envs
2025-02-27T20:38:20.2897940Z           package cache : /Users/runner/micromamba/pkgs
2025-02-27T20:38:20.2898830Z                           /Users/runner/.mamba/pkgs
2025-02-27T20:38:20.2899680Z             environment : tardis
2025-02-27T20:38:20.2901100Z            env location : /Users/runner/micromamba/envs/tardis
2025-02-27T20:38:20.2902050Z       user config files : /Users/runner/.mambarc
2025-02-27T20:38:20.2912960Z  populated config files : /Users/runner/work/_temp/setup-micromamba/.condarc
2025-02-27T20:38:20.2913520Z        virtual packages : __unix=0=0
2025-02-27T20:38:20.2913890Z                           __osx=14.7.2=0
2025-02-27T20:38:20.2914180Z                           __archspec=1=arm64
2025-02-27T20:38:20.2914680Z                channels : https://conda.anaconda.org/conda-forge/osx-arm64
2025-02-27T20:38:20.2915140Z                           https://conda.anaconda.org/conda-forge/noarch
2025-02-27T20:38:20.2915570Z        base environment : /Users/runner/micromamba
2025-02-27T20:38:20.2916040Z                platform : osx-arm64
2025-02-27T20:38:20.2916840Z ##[endgroup]
2025-02-27T20:38:20.2917240Z ##[group]micromamba list
2025-02-27T20:38:20.2917770Z [command]/Users/runner/micromamba-bin/micromamba list -r /Users/runner/micromamba -n tardis
2025-02-27T20:38:20.9165680Z List of packages in environment: "/Users/runner/micromamba/envs/tardis"
2025-02-27T20:38:20.9270500Z 
2025-02-27T20:38:20.9364790Z   Name                           Version              Build                    Channel    
2025-02-27T20:38:20.9398120Z ────────────────────────────────────────────────────────────────────────────────────────────
2025-02-27T20:38:20.9398750Z   alabaster                      0.7.16               pyhd8ed1ab_0             conda-forge
2025-02-27T20:38:20.9399750Z   anyio                          4.4.0                pyhd8ed1ab_0             conda-forge
2025-02-27T20:38:20.9400220Z   appnope                        0.1.4                pyhd8ed1ab_1             conda-forge
2025-02-27T20:38:20.9401490Z   argon2-cffi                    23.1.0               pyhd8ed1ab_1             conda-forge
2025-02-27T20:38:20.9402150Z   argon2-cffi-bindings           21.2.0               py312h024a12e_5          conda-forge
2025-02-27T20:38:20.9402990Z   arrow                          1.3.0                pyhd8ed1ab_1             conda-forge
2025-02-27T20:38:20.9405270Z   astropy                        6.1.1                py312hbebd99a_1          conda-forge
2025-02-27T20:38:20.9406730Z   astropy-iers-data              0.2024.6.17.0.31.35  pyhd8ed1ab_0             conda-forge
2025-02-27T20:38:20.9407710Z   astropy-sphinx-theme           1.1                  pyhd8ed1ab_1             conda-forge
2025-02-27T20:38:20.9408440Z   asttokens                      2.4.1                pyhd8ed1ab_0             conda-forge
2025-02-27T20:38:20.9409140Z   async-lru                      2.0.4                pyhd8ed1ab_1             conda-forge
2025-02-27T20:38:20.9410010Z   atk-1.0                        2.38.0               hd03087b_2               conda-forge
2025-02-27T20:38:20.9410960Z   attrs                          23.2.0               pyh71513ae_0             conda-forge
2025-02-27T20:38:20.9411650Z   babel                          2.14.0               pyhd8ed1ab_0             conda-forge
2025-02-27T20:38:20.9413190Z   beautifulsoup4                 4.12.3               pyha770c72_1             conda-forge
2025-02-27T20:38:20.9414180Z   bleach                         6.1.0                pyhd8ed1ab_0             conda-forge
2025-02-27T20:38:20.9414530Z   blosc                          1.21.6               h7dd00d9_1               conda-forge
2025-02-27T20:38:20.9416880Z   brotli                         1.1.0                hd74edd7_2               conda-forge
2025-02-27T20:38:20.9417560Z   brotli-bin                     1.1.0                hd74edd7_2               conda-forge
2025-02-27T20:38:20.9417930Z   brotli-python                  1.1.0                py312hde4cb15_2          conda-forge
2025-02-27T20:38:20.9418390Z   bzip2                          1.0.8                h99b78c6_7               conda-forge
2025-02-27T20:38:20.9418840Z   c-ares                         1.28.1               h93a5062_0               conda-forge
2025-02-27T20:38:20.9419310Z   c-blosc2                       2.15.2               h9cbb436_1               conda-forge
2025-02-27T20:38:20.9420350Z   ca-certificates                2024.12.14           hf0a4a13_0               conda-forge
2025-02-27T20:38:20.9422330Z   cached-property                1.5.2                hd8ed1ab_1               conda-forge
2025-02-27T20:38:20.9424320Z   cached_property                1.5.2                pyha770c72_1             conda-forge
2025-02-27T20:38:20.9426640Z   cairo                          1.18.0               hc6c324b_2               conda-forge
2025-02-27T20:38:20.9429010Z   certifi                        2024.12.14           pyhd8ed1ab_0             conda-forge
2025-02-27T20:38:20.9429560Z   cffi                           1.16.0               py312h8e38eb3_0          conda-forge
2025-02-27T20:38:20.9431790Z   charset-normalizer             3.3.2                pyhd8ed1ab_0             conda-forge
2025-02-27T20:38:20.9432930Z   click                          8.1.7                unix_pyh707e725_1        conda-forge
2025-02-27T20:38:20.9433330Z   codespell                      2.3.0                pyhd8ed1ab_1             conda-forge
2025-02-27T20:38:20.9433710Z   colorama                       0.4.6                pyhd8ed1ab_1             conda-forge
2025-02-27T20:38:20.9434320Z   comm                           0.2.2                pyhd8ed1ab_1             conda-forge
2025-02-27T20:38:20.9436340Z   commonmark                     0.9.1                py_0                     conda-forge
2025-02-27T20:38:20.9437720Z   contourpy                      1.2.1                py312h0fef576_0          conda-forge
2025-02-27T20:38:20.9438080Z   coverage                       7.5.3                py312h7e5086c_0          conda-forge
2025-02-27T20:38:20.9438500Z   cycler                         0.12.1               pyhd8ed1ab_1             conda-forge
2025-02-27T20:38:20.9441090Z   dataclasses                    0.8                  pyhc8e2a94_3             conda-forge
2025-02-27T20:38:20.9442570Z   debugpy                        1.8.1                py312h20a0b95_0          conda-forge
2025-02-27T20:38:20.9443310Z   decorator                      5.1.1                pyhd8ed1ab_1             conda-forge
2025-02-27T20:38:20.9443720Z   defusedxml                     0.7.1                pyhd8ed1ab_0             conda-forge
2025-02-27T20:38:20.9444950Z   docutils                       0.20.1               py312h81bd7bf_3          conda-forge
2025-02-27T20:38:20.9445420Z   dot2tex                        2.11.3               pyhd8ed1ab_1             conda-forge
2025-02-27T20:38:20.9446500Z   entrypoints                    0.4                  pyhd8ed1ab_1             conda-forge
2025-02-27T20:38:20.9447520Z   exceptiongroup                 1.2.0                pyhd8ed1ab_2             conda-forge
2025-02-27T20:38:20.9449150Z   executing                      2.0.1                pyhd8ed1ab_0             conda-forge
2025-02-27T20:38:20.9449570Z   expat                          2.6.2                hebf3989_0               conda-forge
2025-02-27T20:38:20.9451420Z   font-ttf-dejavu-sans-mono      2.37                 hab24e00_0               conda-forge
2025-02-27T20:38:20.9453140Z   font-ttf-inconsolata           3.000                h77eed37_0               conda-forge
2025-02-27T20:38:20.9455370Z   font-ttf-source-code-pro       2.038                h77eed37_0               conda-forge
2025-02-27T20:38:20.9456250Z   font-ttf-ubuntu                0.83                 h77eed37_3               conda-forge
2025-02-27T20:38:20.9456630Z   fontconfig                     2.14.2               h82840c6_0               conda-forge
2025-02-27T20:38:20.9456970Z   fonts-conda-ecosystem          1                    0                        conda-forge
2025-02-27T20:38:20.9457550Z   fonts-conda-forge              1                    0                        conda-forge
2025-02-27T20:38:20.9457920Z   fonttools                      4.53.0               py312h7e5086c_0          conda-forge
2025-02-27T20:38:20.9458490Z   fqdn                           1.5.1                pyhd8ed1ab_1             conda-forge
2025-02-27T20:38:20.9459290Z   freetype                       2.12.1               hadb7bae_2               conda-forge
2025-02-27T20:38:20.9459640Z   fribidi                        1.0.10               h27ca646_0               conda-forge
2025-02-27T20:38:20.9459940Z   future                         1.0.0                pyhd8ed1ab_1             conda-forge
2025-02-27T20:38:20.9460260Z   gdk-pixbuf                     2.42.12              h7ddc832_0               conda-forge
2025-02-27T20:38:20.9460570Z   gettext                        0.22.5               h8414b35_3               conda-forge
2025-02-27T20:38:20.9462880Z   gettext-tools                  0.22.5               h8414b35_3               conda-forge
2025-02-27T20:38:20.9465820Z   giflib                         5.2.2                h93a5062_0               conda-forge
2025-02-27T20:38:20.9466880Z   git-lfs                        3.5.1                h40ddcf5_1               conda-forge
2025-02-27T20:38:20.9467860Z   gmp                            6.3.0                h7bae524_2               conda-forge
2025-02-27T20:38:20.9468840Z   gmpy2                          2.1.5                py312h524cf62_3          conda-forge
2025-02-27T20:38:20.9469620Z   graphite2                      1.3.13               hebf3989_1003            conda-forge
2025-02-27T20:38:20.9470300Z   graphviz                       11.0.0               h9bb9bc9_0               conda-forge
2025-02-27T20:38:20.9470710Z   gtk2                           2.24.33              h7895bb2_4               conda-forge
2025-02-27T20:38:20.9471070Z   gts                            0.7.6                he42f4ea_4               conda-forge
2025-02-27T20:38:20.9471370Z   h11                            0.14.0               pyhd8ed1ab_1             conda-forge
2025-02-27T20:38:20.9471740Z   h2                             4.1.0                pyhd8ed1ab_1             conda-forge
2025-02-27T20:38:20.9472360Z   h5py                           3.11.0               nompi_py312h3cd0824_103  conda-forge
2025-02-27T20:38:20.9472740Z   harfbuzz                       8.5.0                h1836168_0               conda-forge
2025-02-27T20:38:20.9473420Z   hdf5                           1.14.3               nompi_hec07895_105       conda-forge
2025-02-27T20:38:20.9473790Z   hpack                          4.0.0                pyhd8ed1ab_1             conda-forge
2025-02-27T20:38:20.9474910Z   httpcore                       1.0.5                pyhd8ed1ab_0             conda-forge
2025-02-27T20:38:20.9476650Z   httpx                          0.27.0               pyhd8ed1ab_0             conda-forge
2025-02-27T20:38:20.9478300Z   hyperframe                     6.0.1                pyhd8ed1ab_1             conda-forge
2025-02-27T20:38:20.9479870Z   icu                            73.2                 hc8870d7_0               conda-forge
2025-02-27T20:38:20.9480390Z   idna                           3.7                  pyhd8ed1ab_0             conda-forge
2025-02-27T20:38:20.9481830Z   imagesize                      1.4.1                pyhd8ed1ab_0             conda-forge
2025-02-27T20:38:20.9482290Z   importlib-metadata             7.1.0                pyha770c72_0             conda-forge
2025-02-27T20:38:20.9483980Z   importlib_metadata             7.1.0                hd8ed1ab_0               conda-forge
2025-02-27T20:38:20.9484760Z   importlib_resources            6.4.0                pyhd8ed1ab_0             conda-forge
2025-02-27T20:38:20.9485490Z   iniconfig                      2.0.0                pyhd8ed1ab_1             conda-forge
2025-02-27T20:38:20.9486140Z   ipykernel                      6.29.4               pyh57ce528_0             conda-forge
2025-02-27T20:38:20.9486590Z   ipython                        8.25.0               pyh707e725_0             conda-forge
2025-02-27T20:38:20.9487010Z   ipython_genutils               0.2.0                pyhd8ed1ab_2             conda-forge
2025-02-27T20:38:20.9487860Z   ipywidgets                     7.8.0                pyhd8ed1ab_0             conda-forge
2025-02-27T20:38:20.9488970Z   isoduration                    20.11.0              pyhd8ed1ab_1             conda-forge
2025-02-27T20:38:20.9494520Z   jedi                           0.19.1               pyhd8ed1ab_0             conda-forge
2025-02-27T20:38:20.9496590Z   jinja2                         3.1.4                pyhd8ed1ab_1             conda-forge
2025-02-27T20:38:20.9497220Z   json5                          0.9.25               pyhd8ed1ab_0             conda-forge
2025-02-27T20:38:20.9497850Z   jsonpointer                    3.0.0                py312h81bd7bf_1          conda-forge
2025-02-27T20:38:20.9498830Z   jsonschema                     4.22.0               pyhd8ed1ab_0             conda-forge
2025-02-27T20:38:20.9499670Z   jsonschema-specifications      2023.12.1            pyhd8ed1ab_0             conda-forge
2025-02-27T20:38:20.9501120Z   jsonschema-with-format-nongpl  4.22.0               pyhd8ed1ab_0             conda-forge
2025-02-27T20:38:20.9501870Z   jupyter-lsp                    2.2.5                pyhd8ed1ab_1             conda-forge
2025-02-27T20:38:20.9503140Z   jupyter_client                 8.6.2                pyhd8ed1ab_0             conda-forge
2025-02-27T20:38:20.9505490Z   jupyter_core                   5.7.2                pyh31011fe_1             conda-forge
2025-02-27T20:38:20.9507330Z   jupyter_events                 0.10.0               pyhd8ed1ab_1             conda-forge
2025-02-27T20:38:20.9508100Z   jupyter_server                 2.14.1               pyhd8ed1ab_1             conda-forge
2025-02-27T20:38:20.9508540Z   jupyter_server_terminals       0.5.3                pyhd8ed1ab_1             conda-forge
2025-02-27T20:38:20.9511850Z   jupyterlab                     4.2.2                pyhd8ed1ab_0             conda-forge
2025-02-27T20:38:20.9515110Z   jupyterlab_pygments            0.3.0                pyhd8ed1ab_2             conda-forge
2025-02-27T20:38:20.9516830Z   jupyterlab_server              2.27.2               pyhd8ed1ab_0             conda-forge
2025-02-27T20:38:20.9518100Z   jupyterlab_widgets             1.1.7                pyhd8ed1ab_0             conda-forge
2025-02-27T20:38:20.9519690Z   kiwisolver                     1.4.5                py312h6142ec9_2          conda-forge
2025-02-27T20:38:20.9521390Z   krb5                           1.21.2               h92f50d5_0               conda-forge
2025-02-27T20:38:20.9522390Z   latexcodec                     2.0.1                pyh9f0ad1d_0             conda-forge
2025-02-27T20:38:20.9524250Z   lcms2                          2.16                 ha0e7c42_0               conda-forge
2025-02-27T20:38:20.9525200Z   lerc                           4.0.0                h9a09cb3_0               conda-forge
2025-02-27T20:38:20.9526740Z   libaec                         1.1.3                hebf3989_0               conda-forge
2025-02-27T20:38:20.9527660Z   libasprintf                    0.22.5               h8414b35_3               conda-forge
2025-02-27T20:38:20.9530310Z   libasprintf-devel              0.22.5               h8414b35_3               conda-forge
2025-02-27T20:38:20.9531230Z   libblas                        3.9.0                24_osxarm64_openblas     conda-forge
2025-02-27T20:38:20.9531630Z   libbrotlicommon                1.1.0                hd74edd7_2               conda-forge
2025-02-27T20:38:20.9532700Z   libbrotlidec                   1.1.0                hd74edd7_2               conda-forge
2025-02-27T20:38:20.9533850Z   libbrotlienc                   1.1.0                hd74edd7_2               conda-forge
2025-02-27T20:38:20.9535120Z   libcblas                       3.9.0                24_osxarm64_openblas     conda-forge
2025-02-27T20:38:20.9535830Z   libcurl                        8.8.0                h7b6f9a7_0               conda-forge
2025-02-27T20:38:20.9536680Z   libcxx                         19.1.6               ha82da77_1               conda-forge
2025-02-27T20:38:20.9537350Z   libdeflate                     1.20                 h93a5062_0               conda-forge
2025-02-27T20:38:20.9538460Z   libedit                        3.1.20191231         hc8eb9b7_2               conda-forge
2025-02-27T20:38:20.9539860Z   libev                          4.33                 h93a5062_2               conda-forge
2025-02-27T20:38:20.9541500Z   libexpat                       2.6.2                hebf3989_0               conda-forge
2025-02-27T20:38:20.9542940Z   libffi                         3.4.2                h3422bc3_5               conda-forge
2025-02-27T20:38:20.9543380Z   libgd                          2.3.3                hfdf3952_9               conda-forge
2025-02-27T20:38:20.9544730Z   libgettextpo                   0.22.5               h8414b35_3               conda-forge
2025-02-27T20:38:20.9545270Z   libgettextpo-devel             0.22.5               h8414b35_3               conda-forge
2025-02-27T20:38:20.9546150Z   libgfortran                    5.0.0                13_2_0_hd922786_3        conda-forge
2025-02-27T20:38:20.9546690Z   libgfortran5                   13.2.0               hf226fd6_3               conda-forge
2025-02-27T20:38:20.9547430Z   libglib                        2.80.2               h59d46d9_1               conda-forge
2025-02-27T20:38:20.9547810Z   libiconv                       1.17                 h0d3ecfb_2               conda-forge
2025-02-27T20:38:20.9548920Z   libintl                        0.22.5               h8414b35_3               conda-forge
2025-02-27T20:38:20.9550360Z   libintl-devel                  0.22.5               h8414b35_3               conda-forge
2025-02-27T20:38:20.9551040Z   libjpeg-turbo                  3.0.0                hb547adb_1               conda-forge
2025-02-27T20:38:20.9551820Z   liblapack                      3.9.0                24_osxarm64_openblas     conda-forge
2025-02-27T20:38:20.9553170Z   libllvm14                      14.0.6               hd1a9a77_4               conda-forge
2025-02-27T20:38:20.9553610Z   libnghttp2                     1.58.0               ha4dd798_1               conda-forge
2025-02-27T20:38:20.9554020Z   libopenblas                    0.3.27               openmp_h517c56d_1        conda-forge
2025-02-27T20:38:20.9554700Z   libpng                         1.6.43               h091b4b1_0               conda-forge
2025-02-27T20:38:20.9555500Z   librsvg                        2.58.1               hbc281fb_0               conda-forge
2025-02-27T20:38:20.9556130Z   libsodium                      1.0.18               h27ca646_1               conda-forge
2025-02-27T20:38:20.9556960Z   libsqlite                      3.46.0               hfb93653_0               conda-forge
2025-02-27T20:38:20.9557530Z   libssh2                        1.11.0               h7a5bd25_0               conda-forge
2025-02-27T20:38:20.9558760Z   libtiff                        4.6.0                h07db509_3               conda-forge
2025-02-27T20:38:20.9559560Z   libwebp                        1.4.0                h54798ee_0               conda-forge
2025-02-27T20:38:20.9561100Z   libwebp-base                   1.4.0                h93a5062_0               conda-forge
2025-02-27T20:38:20.9562270Z   libxcb                         1.16                 hc9fafa5_1               conda-forge
2025-02-27T20:38:20.9562640Z   libxml2                        2.12.7               h9a80f22_3               conda-forge
2025-02-27T20:38:20.9563500Z   libxslt                        1.1.39               h223e5b9_0               conda-forge
2025-02-27T20:38:20.9564260Z   libzlib                        1.3.1                h8359307_2               conda-forge
2025-02-27T20:38:20.9564990Z   llvm-openmp                    18.1.7               hde57baf_0               conda-forge
2025-02-27T20:38:20.9565560Z   llvmlite                       0.43.0               py312ha9ca408_1          conda-forge
2025-02-27T20:38:20.9566020Z   lxml                           5.2.2                py312h0e5ab22_0          conda-forge
2025-02-27T20:38:20.9566360Z   lz4-c                          1.10.0               h286801f_1               conda-forge
2025-02-27T20:38:20.9566660Z   markupsafe                     2.1.5                py312h024a12e_1          conda-forge
2025-02-27T20:38:20.9567240Z   matplotlib-base                3.8.4                py312h4479663_2          conda-forge
2025-02-27T20:38:20.9567780Z   matplotlib-inline              0.1.7                pyhd8ed1ab_1             conda-forge
2025-02-27T20:38:20.9568220Z   mistune                        3.0.2                pyhd8ed1ab_1             conda-forge
2025-02-27T20:38:20.9568770Z   mpc                            1.3.1                h8f1351a_1               conda-forge
2025-02-27T20:38:20.9569080Z   mpfr                           4.2.1                hb693164_3               conda-forge
2025-02-27T20:38:20.9569370Z   mpmath                         1.3.0                pyhd8ed1ab_1             conda-forge
2025-02-27T20:38:20.9569680Z   munkres                        1.1.4                pyh9f0ad1d_0             conda-forge
2025-02-27T20:38:20.9570040Z   mypy_extensions                1.0.0                pyha770c72_1             conda-forge
2025-02-27T20:38:20.9570430Z   nbclassic                      1.1.0                pyhd8ed1ab_1             conda-forge
2025-02-27T20:38:20.9570800Z   nbclient                       0.10.0               pyhd8ed1ab_0             conda-forge
2025-02-27T20:38:20.9571140Z   nbconvert                      7.16.4               hd8ed1ab_3               conda-forge
2025-02-27T20:38:20.9571680Z   nbconvert-core                 7.16.4               pyhd8ed1ab_3             conda-forge
2025-02-27T20:38:20.9572080Z   nbconvert-pandoc               7.16.4               hd8ed1ab_3               conda-forge
2025-02-27T20:38:20.9573770Z   nbformat                       5.10.4               pyhd8ed1ab_1             conda-forge
2025-02-27T20:38:20.9574400Z   nbsphinx                       0.9.4                pyhd8ed1ab_0             conda-forge
2025-02-27T20:38:20.9574710Z   ncurses                        6.5                  h7bae524_1               conda-forge
2025-02-27T20:38:20.9575030Z   nest-asyncio                   1.6.0                pyhd8ed1ab_1             conda-forge
2025-02-27T20:38:20.9575370Z   networkx                       3.3                  pyhd8ed1ab_1             conda-forge
2025-02-27T20:38:20.9575670Z   notebook                       7.2.1                pyhd8ed1ab_0             conda-forge
2025-02-27T20:38:20.9575980Z   notebook-shim                  0.2.4                pyhd8ed1ab_1             conda-forge
2025-02-27T20:38:20.9576760Z   numba                          0.60.0               py312h41cea2d_0          conda-forge
2025-02-27T20:38:20.9577090Z   numexpr                        2.10.0               py312h8ae5369_0          conda-forge
2025-02-27T20:38:20.9577380Z   numpy                          2.0.2                py312h94ee1e1_1          conda-forge
2025-02-27T20:38:20.9577670Z   numpydoc                       1.7.0                pyhd8ed1ab_3             conda-forge
2025-02-27T20:38:20.9578880Z   openjpeg                       2.5.2                h9f1df11_0               conda-forge
2025-02-27T20:38:20.9579740Z   openssl                        3.4.0                h81ee809_1               conda-forge
2025-02-27T20:38:20.9580070Z   overrides                      7.7.0                pyhd8ed1ab_1             conda-forge
2025-02-27T20:38:20.9580400Z   packaging                      24.1                 pyhd8ed1ab_0             conda-forge
2025-02-27T20:38:20.9581020Z   pandas                         2.2.2                py312h8ae5369_1          conda-forge
2025-02-27T20:38:20.9581530Z   pandoc                         3.2.1                hce30654_0               conda-forge
2025-02-27T20:38:20.9581940Z   pandocfilters                  1.5.0                pyhd8ed1ab_0             conda-forge
2025-02-27T20:38:20.9582600Z   pango                          1.54.0               h5cb9fbc_0               conda-forge
2025-02-27T20:38:20.9582890Z   parso                          0.8.4                pyhd8ed1ab_1             conda-forge
2025-02-27T20:38:20.9583220Z   pathspec                       0.12.1               pyhd8ed1ab_1             conda-forge
2025-02-27T20:38:20.9584210Z   pbr                            6.0.0                pyhd8ed1ab_0             conda-forge
2025-02-27T20:38:20.9584870Z   pcre2                          10.44                h297a79d_2               conda-forge
2025-02-27T20:38:20.9585250Z   pexpect                        4.9.0                pyhd8ed1ab_1             conda-forge
2025-02-27T20:38:20.9586340Z   pickleshare                    0.7.5                pyhd8ed1ab_1004          conda-forge
2025-02-27T20:38:20.9586760Z   pillow                         10.3.0               py312h39b1d8d_1          conda-forge
2025-02-27T20:38:20.9587050Z   pip                            24.0                 pyhd8ed1ab_0             conda-forge
2025-02-27T20:38:20.9587400Z   pixman                         0.43.4               hebf3989_0               conda-forge
2025-02-27T20:38:20.9587800Z   pkgutil-resolve-name           1.3.10               pyhd8ed1ab_2             conda-forge
2025-02-27T20:38:20.9588170Z   platformdirs                   4.2.2                pyhd8ed1ab_0             conda-forge
2025-02-27T20:38:20.9588480Z   plotly                         5.22.0               pyhd8ed1ab_0             conda-forge
2025-02-27T20:38:20.9589130Z   pluggy                         1.5.0                pyhd8ed1ab_1             conda-forge
2025-02-27T20:38:20.9589470Z   prometheus_client              0.20.0               pyhd8ed1ab_0             conda-forge
2025-02-27T20:38:20.9589830Z   prompt-toolkit                 3.0.47               pyha770c72_0             conda-forge
2025-02-27T20:38:20.9590550Z   psutil                         5.9.8                py312he37b823_0          conda-forge
2025-02-27T20:38:20.9590880Z   pthread-stubs                  0.4                  hd74edd7_1002            conda-forge
2025-02-27T20:38:20.9591260Z   ptyprocess                     0.7.0                pyhd8ed1ab_1             conda-forge
2025-02-27T20:38:20.9592010Z   pure_eval                      0.2.2                pyhd8ed1ab_0             conda-forge
2025-02-27T20:38:20.9592380Z   py-cpuinfo                     9.0.0                pyhd8ed1ab_1             conda-forge
2025-02-27T20:38:20.9592700Z   pybtex                         0.24.0               pyhd8ed1ab_3             conda-forge
2025-02-27T20:38:20.9593500Z   pybtex-docutils                1.0.3                py312h81bd7bf_2          conda-forge
2025-02-27T20:38:20.9593850Z   pycparser                      2.22                 pyh29332c3_1             conda-forge
2025-02-27T20:38:20.9594160Z   pyerfa                         2.0.1.4              py312h755e627_2          conda-forge
2025-02-27T20:38:20.9594920Z   pygments                       2.18.0               pyhd8ed1ab_1             conda-forge
2025-02-27T20:38:20.9595230Z   pygraphviz                     1.13                 py312h5f4d302_1          conda-forge
2025-02-27T20:38:20.9596110Z   pyobjc-core                    10.3.1               py312hd24fc31_1          conda-forge
2025-02-27T20:38:20.9596520Z   pyobjc-framework-cocoa         10.3.1               py312hd24fc31_1          conda-forge
2025-02-27T20:38:20.9597850Z   pyparsing                      3.1.2                pyhd8ed1ab_0             conda-forge
2025-02-27T20:38:20.9598220Z   pysocks                        1.7.1                pyha55dd90_7             conda-forge
2025-02-27T20:38:20.9598570Z   pytables                       3.10.2               py312h2ca37b8_0          conda-forge
2025-02-27T20:38:20.9598900Z   pytest                         8.2.2                pyhd8ed1ab_0             conda-forge
2025-02-27T20:38:20.9600590Z   pytest-cov                     5.0.0                pyhd8ed1ab_0             conda-forge
2025-02-27T20:38:20.9601040Z   pytest-doctestplus             1.2.1                pyhd8ed1ab_0             conda-forge
2025-02-27T20:38:20.9601390Z   pytest-html                    4.1.1                pyhd8ed1ab_1             conda-forge
2025-02-27T20:38:20.9602820Z   pytest-metadata                3.1.1                pyhd8ed1ab_1             conda-forge
2025-02-27T20:38:20.9604650Z   python                         3.12.4               h30c5eda_0_cpython       conda-forge
2025-02-27T20:38:20.9605570Z   python-dateutil                2.9.0.post0          pyhff2d567_1             conda-forge
2025-02-27T20:38:20.9605950Z   python-fastjsonschema          2.20.0               pyhd8ed1ab_0             conda-forge
2025-02-27T20:38:20.9606320Z   python-json-logger             2.0.7                pyhd8ed1ab_0             conda-forge
2025-02-27T20:38:20.9607060Z   python-tzdata                  2024.1               pyhd8ed1ab_0             conda-forge
2025-02-27T20:38:20.9607870Z   python_abi                     3.12                 5_cp312                  conda-forge
2025-02-27T20:38:20.9608480Z   pytz                           2024.1               pyhd8ed1ab_0             conda-forge
2025-02-27T20:38:20.9609400Z   pyyaml                         6.0.1                py312h02f2b3b_1          conda-forge
2025-02-27T20:38:20.9610340Z   pyzmq                          26.0.3               py312hfa13136_0          conda-forge
2025-02-27T20:38:20.9610720Z   qgrid                          1.3.1                pyhd8ed1ab_4             conda-forge
2025-02-27T20:38:20.9625630Z   radioactivedecay               0.5.1                pyhd8ed1ab_1             conda-forge
2025-02-27T20:38:20.9626060Z   readline                       8.2                  h92ec313_1               conda-forge
2025-02-27T20:38:20.9626380Z   recommonmark                   0.7.1                pyhd8ed1ab_1             conda-forge
2025-02-27T20:38:20.9626820Z   referencing                    0.35.1               pyhd8ed1ab_1             conda-forge
2025-02-27T20:38:20.9627160Z   requests                       2.32.3               pyhd8ed1ab_1             conda-forge
2025-02-27T20:38:20.9627580Z   rfc3339-validator              0.1.4                pyhd8ed1ab_1             conda-forge
2025-02-27T20:38:20.9628030Z   rfc3986-validator              0.1.1                pyh9f0ad1d_0             conda-forge
2025-02-27T20:38:20.9628470Z   rpds-py                        0.18.1               py312h552d48e_0          conda-forge
2025-02-27T20:38:20.9628850Z   ruff                           0.4.9                py312h3402d49_0          conda-forge
2025-02-27T20:38:20.9629240Z   scipy                          1.13.1               py312h14ffa8f_0          conda-forge
2025-02-27T20:38:20.9629660Z   send2trash                     1.8.3                pyh31c8845_1             conda-forge
2025-02-27T20:38:20.9630050Z   setuptools                     70.0.0               pyhd8ed1ab_0             conda-forge
2025-02-27T20:38:20.9630470Z   setuptools-scm                 8.1.0                pyhd8ed1ab_1             conda-forge
2025-02-27T20:38:20.9630900Z   setuptools_scm                 8.1.0                hd8ed1ab_1               conda-forge
2025-02-27T20:38:20.9632060Z   six                            1.16.0               pyhd8ed1ab_1             conda-forge
2025-02-27T20:38:20.9632450Z   snakeviz                       2.2.0                pyhd8ed1ab_0             conda-forge
2025-02-27T20:38:20.9632840Z   snappy                         1.2.1                h98b9ce2_1               conda-forge
2025-02-27T20:38:20.9633190Z   sniffio                        1.3.1                pyhd8ed1ab_1             conda-forge
2025-02-27T20:38:20.9633600Z   snowballstemmer                2.2.0                pyhd8ed1ab_0             conda-forge
2025-02-27T20:38:20.9634000Z   soupsieve                      2.5                  pyhd8ed1ab_1             conda-forge
2025-02-27T20:38:20.9634370Z   sphinx                         7.3.7                pyhd8ed1ab_0             conda-forge
2025-02-27T20:38:20.9634760Z   sphinx-astropy                 1.9.1                pyhd8ed1ab_1             conda-forge
2025-02-27T20:38:20.9635230Z   sphinx-automodapi              0.17.0               pyh717bed2_1             conda-forge
2025-02-27T20:38:20.9635710Z   sphinx-gallery                 0.16.0               pyhd8ed1ab_0             conda-forge
2025-02-27T20:38:20.9636510Z   sphinx-jsonschema              1.19.1               pyhd8ed1ab_1             conda-forge
2025-02-27T20:38:20.9636940Z   sphinx_bootstrap_theme         0.8.1                pyhd8ed1ab_1             conda-forge
2025-02-27T20:38:20.9637360Z   sphinx_rtd_theme               2.0.0                pyha770c72_0             conda-forge
2025-02-27T20:38:20.9637790Z   sphinxcontrib-apidoc           0.3.0                py_1                     conda-forge
2025-02-27T20:38:20.9638260Z   sphinxcontrib-applehelp        1.0.8                pyhd8ed1ab_0             conda-forge
2025-02-27T20:38:20.9638720Z   sphinxcontrib-bibtex           2.6.2                pyhd8ed1ab_0             conda-forge
2025-02-27T20:38:20.9639150Z   sphinxcontrib-devhelp          1.0.6                pyhd8ed1ab_0             conda-forge
2025-02-27T20:38:20.9639590Z   sphinxcontrib-htmlhelp         2.0.5                pyhd8ed1ab_0             conda-forge
2025-02-27T20:38:20.9640080Z   sphinxcontrib-jquery           4.1                  pyhd8ed1ab_1             conda-forge
2025-02-27T20:38:20.9640570Z   sphinxcontrib-jsmath           1.0.1                pyhd8ed1ab_1             conda-forge
2025-02-27T20:38:20.9641010Z   sphinxcontrib-qthelp           1.0.7                pyhd8ed1ab_0             conda-forge
2025-02-27T20:38:20.9641520Z   sphinxcontrib-serializinghtml  1.1.10               pyhd8ed1ab_1             conda-forge
2025-02-27T20:38:20.9641990Z   stack_data                     0.6.2                pyhd8ed1ab_0             conda-forge
2025-02-27T20:38:20.9642400Z   sympy                          1.12.1               pypyh2585a3b_103         conda-forge
2025-02-27T20:38:20.9643450Z   tabulate                       0.9.0                pyhd8ed1ab_2             conda-forge
2025-02-27T20:38:20.9644790Z   tenacity                       8.4.1                pyhd8ed1ab_0             conda-forge
2025-02-27T20:38:20.9645940Z   terminado                      0.18.1               pyh31c8845_0             conda-forge
2025-02-27T20:38:20.9647030Z   tinycss2                       1.3.0                pyhd8ed1ab_0             conda-forge
2025-02-27T20:38:20.9647970Z   tk                             8.6.13               h5083fa2_1               conda-forge
2025-02-27T20:38:20.9648700Z   toml                           0.10.2               pyhd8ed1ab_1             conda-forge
2025-02-27T20:38:20.9649070Z   tomli                          2.0.1                pyhd8ed1ab_0             conda-forge
2025-02-27T20:38:20.9649460Z   tornado                        6.4.1                py312h024a12e_1          conda-forge
2025-02-27T20:38:20.9649790Z   tqdm                           4.66.4               pyhd8ed1ab_0             conda-forge
2025-02-27T20:38:20.9650150Z   traitlets                      5.14.3               pyhd8ed1ab_1             conda-forge
2025-02-27T20:38:20.9650530Z   typed-ast                      1.5.5                py312h02f2b3b_1          conda-forge
2025-02-27T20:38:20.9651290Z   types-python-dateutil          2.9.0.20240316       pyhd8ed1ab_0             conda-forge
2025-02-27T20:38:20.9651730Z   typing-extensions              4.12.2               hd8ed1ab_1               conda-forge
2025-02-27T20:38:20.9652110Z   typing_extensions              4.12.2               pyha770c72_1             conda-forge
2025-02-27T20:38:20.9652490Z   typing_utils                   0.1.0                pyhd8ed1ab_1             conda-forge
2025-02-27T20:38:20.9652950Z   tzdata                         2024a                h8827d51_1               conda-forge
2025-02-27T20:38:20.9653350Z   uri-template                   1.3.0                pyhd8ed1ab_1             conda-forge
2025-02-27T20:38:20.9653720Z   urllib3                        2.2.2                pyhd8ed1ab_1             conda-forge
2025-02-27T20:38:20.9654120Z   wcwidth                        0.2.13               pyhd8ed1ab_1             conda-forge
2025-02-27T20:38:20.9654460Z   webcolors                      24.6.0               pyhd8ed1ab_0             conda-forge
2025-02-27T20:38:20.9657060Z   webencodings                   0.5.1                pyhd8ed1ab_3             conda-forge
2025-02-27T20:38:20.9658430Z   websocket-client               1.8.0                pyhd8ed1ab_1             conda-forge
2025-02-27T20:38:20.9659260Z   wheel                          0.43.0               pyhd8ed1ab_1             conda-forge
2025-02-27T20:38:20.9659810Z   widgetsnbextension             3.6.6                pyhd8ed1ab_0             conda-forge
2025-02-27T20:38:20.9660380Z   xorg-libxau                    1.0.11               hd74edd7_1               conda-forge
2025-02-27T20:38:20.9660860Z   xorg-libxdmcp                  1.1.3                hd74edd7_2               conda-forge
2025-02-27T20:38:20.9661300Z   xz                             5.2.6                h57fd34a_0               conda-forge
2025-02-27T20:38:20.9661710Z   yaml                           0.2.5                h3422bc3_2               conda-forge
2025-02-27T20:38:20.9662020Z   zeromq                         4.3.5                hcc0f68c_4               conda-forge
2025-02-27T20:38:20.9662410Z   zipp                           3.19.2               pyhd8ed1ab_0             conda-forge
2025-02-27T20:38:20.9662740Z   zlib                           1.3.1                h8359307_2               conda-forge
2025-02-27T20:38:20.9663100Z   zlib-ng                        2.2.3                h13dfb9a_0               conda-forge
2025-02-27T20:38:20.9663500Z   zstandard                      0.23.0               py312h15fbf35_1          conda-forge
2025-02-27T20:38:20.9663910Z   zstd                           1.5.6                hb46c0d2_0               conda-forge
2025-02-27T20:38:20.9664600Z ##[endgroup]
2025-02-27T20:38:20.9755140Z ##[group]Run pip install -e . --user
2025-02-27T20:38:20.9755490Z [36;1mpip install -e . --user[0m
2025-02-27T20:38:21.2616930Z shell: /bin/bash -l {0}
2025-02-27T20:38:21.2617140Z env:
2025-02-27T20:38:21.2617270Z   CACHE_NUMBER: 0
2025-02-27T20:38:21.2617770Z   PYTEST_FLAGS: --tardis-regression-data=/Users/runner/work/tardis/tardis/tardis-regression-data --cov=tardis --cov-report=xml --cov-report=html --cov-append
2025-02-27T20:38:21.2618270Z   CODECOV_TOKEN: 
2025-02-27T20:38:21.2618440Z   MAMBA_ROOT_PREFIX: /Users/runner/micromamba
2025-02-27T20:38:21.2618690Z   MAMBA_EXE: /Users/runner/micromamba-bin/micromamba
2025-02-27T20:38:21.2618970Z   CONDARC: /Users/runner/work/_temp/setup-micromamba/.condarc
2025-02-27T20:38:21.2619210Z ##[endgroup]
2025-02-27T20:38:22.9524380Z Obtaining file:///Users/runner/work/tardis/tardis
2025-02-27T20:38:22.9620630Z   Installing build dependencies: started
2025-02-27T20:38:26.7286730Z   Installing build dependencies: finished with status 'done'
2025-02-27T20:38:26.7307870Z   Checking if build backend supports build_editable: started
2025-02-27T20:38:26.8665010Z   Checking if build backend supports build_editable: finished with status 'done'
2025-02-27T20:38:26.8680540Z   Getting requirements to build editable: started
2025-02-27T20:38:27.4481540Z   Getting requirements to build editable: finished with status 'done'
2025-02-27T20:38:27.4508700Z   Preparing editable metadata (pyproject.toml): started
2025-02-27T20:38:28.0125560Z   Preparing editable metadata (pyproject.toml): finished with status 'done'
2025-02-27T20:38:28.0754520Z Requirement already satisfied: astropy in /Users/runner/micromamba/envs/tardis/lib/python3.12/site-packages (from tardis==0.0.0) (6.1.1)
2025-02-27T20:38:28.1376000Z Requirement already satisfied: numpy>=1.23 in /Users/runner/micromamba/envs/tardis/lib/python3.12/site-packages (from astropy->tardis==0.0.0) (2.0.2)
2025-02-27T20:38:28.1477870Z Requirement already satisfied: pyerfa>=2.0.1.1 in /Users/runner/micromamba/envs/tardis/lib/python3.12/site-packages (from astropy->tardis==0.0.0) (2.0.1.4)
2025-02-27T20:38:28.1582560Z Requirement already satisfied: astropy-iers-data>=0.2024.5.27.0.30.8 in /Users/runner/micromamba/envs/tardis/lib/python3.12/site-packages (from astropy->tardis==0.0.0) (0.2024.6.17.0.31.35)
2025-02-27T20:38:28.1642060Z Requirement already satisfied: PyYAML>=3.13 in /Users/runner/micromamba/envs/tardis/lib/python3.12/site-packages (from astropy->tardis==0.0.0) (6.0.1)
2025-02-27T20:38:28.1643180Z Requirement already satisfied: packaging>=19.0 in /Users/runner/micromamba/envs/tardis/lib/python3.12/site-packages (from astropy->tardis==0.0.0) (24.1)
2025-02-27T20:38:28.1647420Z Building wheels for collected packages: tardis
2025-02-27T20:38:28.1648070Z   Building editable for tardis (pyproject.toml): started
2025-02-27T20:38:29.1993250Z   Building editable for tardis (pyproject.toml): finished with status 'done'
2025-02-27T20:38:29.2003730Z   Created wheel for tardis: filename=tardis-0.0.0-0.editable-py3-none-any.whl size=8878 sha256=f081a9a79223c060f3da6275cc41b49bf17d11e079bac79990a4c440c5a7d382
2025-02-27T20:38:29.2007370Z   Stored in directory: /private/var/folders/2s/h6hvv9ps03xgz_krkkstvq_r0000gn/T/pip-ephem-wheel-cache-4van5f1x/wheels/bb/4f/6a/0829b918c1c10bc28535ce7f14be21eee54375bdd9cd0c306a
2025-02-27T20:38:29.2036280Z Successfully built tardis
2025-02-27T20:38:30.1432640Z Installing collected packages: tardis
2025-02-27T20:38:30.1600240Z Successfully installed tardis-0.0.0
2025-02-27T20:38:30.6578750Z ##[group]Run pip install qgridnext
2025-02-27T20:38:30.6579310Z [36;1mpip install qgridnext[0m
2025-02-27T20:38:30.6925890Z shell: /bin/bash -l {0}
2025-02-27T20:38:30.6926230Z env:
2025-02-27T20:38:30.6926450Z   CACHE_NUMBER: 0
2025-02-27T20:38:30.6927100Z   PYTEST_FLAGS: --tardis-regression-data=/Users/runner/work/tardis/tardis/tardis-regression-data --cov=tardis --cov-report=xml --cov-report=html --cov-append
2025-02-27T20:38:30.6927680Z   CODECOV_TOKEN: 
2025-02-27T20:38:30.6927860Z   MAMBA_ROOT_PREFIX: /Users/runner/micromamba
2025-02-27T20:38:30.6928100Z   MAMBA_EXE: /Users/runner/micromamba-bin/micromamba
2025-02-27T20:38:30.6928570Z   CONDARC: /Users/runner/work/_temp/setup-micromamba/.condarc
2025-02-27T20:38:30.6928840Z ##[endgroup]
2025-02-27T20:38:31.6281890Z Collecting qgridnext
2025-02-27T20:38:31.6979070Z   Downloading qgridnext-2.0.4-py3-none-any.whl.metadata (9.9 kB)
2025-02-27T20:38:31.7374860Z Requirement already satisfied: pandas>=0.20.0 in /Users/runner/micromamba/envs/tardis/lib/python3.12/site-packages (from qgridnext) (2.2.2)
2025-02-27T20:38:31.7390720Z Requirement already satisfied: ipywidgets>=7.0.0 in /Users/runner/micromamba/envs/tardis/lib/python3.12/site-packages (from qgridnext) (7.8.0)
2025-02-27T20:38:31.7429760Z Requirement already satisfied: numpy in /Users/runner/micromamba/envs/tardis/lib/python3.12/site-packages (from qgridnext) (2.0.2)
2025-02-27T20:38:31.7438780Z Requirement already satisfied: traitlets in /Users/runner/micromamba/envs/tardis/lib/python3.12/site-packages (from qgridnext) (5.14.3)
2025-02-27T20:38:31.7501540Z Requirement already satisfied: comm>=0.1.3 in /Users/runner/micromamba/envs/tardis/lib/python3.12/site-packages (from ipywidgets>=7.0.0->qgridnext) (0.2.2)
2025-02-27T20:38:31.7516640Z Requirement already satisfied: ipython-genutils~=0.2.0 in /Users/runner/micromamba/envs/tardis/lib/python3.12/site-packages (from ipywidgets>=7.0.0->qgridnext) (0.2.0)
2025-02-27T20:38:31.7525870Z Requirement already satisfied: widgetsnbextension~=3.6.5 in /Users/runner/micromamba/envs/tardis/lib/python3.12/site-packages (from ipywidgets>=7.0.0->qgridnext) (3.6.6)
2025-02-27T20:38:31.7527080Z Requirement already satisfied: ipython>=4.0.0 in /Users/runner/micromamba/envs/tardis/lib/python3.12/site-packages (from ipywidgets>=7.0.0->qgridnext) (8.25.0)
2025-02-27T20:38:31.7528380Z Requirement already satisfied: jupyterlab-widgets<3,>=1.0.0 in /Users/runner/micromamba/envs/tardis/lib/python3.12/site-packages (from ipywidgets>=7.0.0->qgridnext) (1.1.7)
2025-02-27T20:38:31.7935010Z Requirement already satisfied: python-dateutil>=2.8.2 in /Users/runner/micromamba/envs/tardis/lib/python3.12/site-packages (from pandas>=0.20.0->qgridnext) (2.9.0.post0)
2025-02-27T20:38:31.7945990Z Requirement already satisfied: pytz>=2020.1 in /Users/runner/micromamba/envs/tardis/lib/python3.12/site-packages (from pandas>=0.20.0->qgridnext) (2024.1)
2025-02-27T20:38:31.7957850Z Requirement already satisfied: tzdata>=2022.7 in /Users/runner/micromamba/envs/tardis/lib/python3.12/site-packages (from pandas>=0.20.0->qgridnext) (2024.1)
2025-02-27T20:38:31.8183520Z Requirement already satisfied: decorator in /Users/runner/micromamba/envs/tardis/lib/python3.12/site-packages (from ipython>=4.0.0->ipywidgets>=7.0.0->qgridnext) (5.1.1)
2025-02-27T20:38:31.8196480Z Requirement already satisfied: jedi>=0.16 in /Users/runner/micromamba/envs/tardis/lib/python3.12/site-packages (from ipython>=4.0.0->ipywidgets>=7.0.0->qgridnext) (0.19.1)
2025-02-27T20:38:31.8203300Z Requirement already satisfied: matplotlib-inline in /Users/runner/micromamba/envs/tardis/lib/python3.12/site-packages (from ipython>=4.0.0->ipywidgets>=7.0.0->qgridnext) (0.1.7)
2025-02-27T20:38:31.8209980Z Requirement already satisfied: prompt-toolkit<3.1.0,>=3.0.41 in /Users/runner/micromamba/envs/tardis/lib/python3.12/site-packages (from ipython>=4.0.0->ipywidgets>=7.0.0->qgridnext) (3.0.47)
2025-02-27T20:38:31.8216850Z Requirement already satisfied: pygments>=2.4.0 in /Users/runner/micromamba/envs/tardis/lib/python3.12/site-packages (from ipython>=4.0.0->ipywidgets>=7.0.0->qgridnext) (2.18.0)
2025-02-27T20:38:31.8223310Z Requirement already satisfied: stack-data in /Users/runner/micromamba/envs/tardis/lib/python3.12/site-packages (from ipython>=4.0.0->ipywidgets>=7.0.0->qgridnext) (0.6.2)
2025-02-27T20:38:31.8238210Z Requirement already satisfied: pexpect>4.3 in /Users/runner/micromamba/envs/tardis/lib/python3.12/site-packages (from ipython>=4.0.0->ipywidgets>=7.0.0->qgridnext) (4.9.0)
2025-02-27T20:38:31.8273260Z Requirement already satisfied: six>=1.5 in /Users/runner/micromamba/envs/tardis/lib/python3.12/site-packages (from python-dateutil>=2.8.2->pandas>=0.20.0->qgridnext) (1.16.0)
2025-02-27T20:38:31.8313970Z Requirement already satisfied: notebook>=4.4.1 in /Users/runner/micromamba/envs/tardis/lib/python3.12/site-packages (from widgetsnbextension~=3.6.5->ipywidgets>=7.0.0->qgridnext) (7.2.1)
2025-02-27T20:38:31.8536510Z Requirement already satisfied: parso<0.9.0,>=0.8.3 in /Users/runner/micromamba/envs/tardis/lib/python3.12/site-packages (from jedi>=0.16->ipython>=4.0.0->ipywidgets>=7.0.0->qgridnext) (0.8.4)
2025-02-27T20:38:31.8707880Z Requirement already satisfied: jupyter-server<3,>=2.4.0 in /Users/runner/micromamba/envs/tardis/lib/python3.12/site-packages (from notebook>=4.4.1->widgetsnbextension~=3.6.5->ipywidgets>=7.0.0->qgridnext) (2.14.1)
2025-02-27T20:38:31.8723730Z Requirement already satisfied: jupyterlab-server<3,>=2.27.1 in /Users/runner/micromamba/envs/tardis/lib/python3.12/site-packages (from notebook>=4.4.1->widgetsnbextension~=3.6.5->ipywidgets>=7.0.0->qgridnext) (2.27.2)
2025-02-27T20:38:31.8748650Z Requirement already satisfied: jupyterlab<4.3,>=4.2.0 in /Users/runner/micromamba/envs/tardis/lib/python3.12/site-packages (from notebook>=4.4.1->widgetsnbextension~=3.6.5->ipywidgets>=7.0.0->qgridnext) (4.2.2)
2025-02-27T20:38:31.8795980Z Requirement already satisfied: notebook-shim<0.3,>=0.2 in /Users/runner/micromamba/envs/tardis/lib/python3.12/site-packages (from notebook>=4.4.1->widgetsnbextension~=3.6.5->ipywidgets>=7.0.0->qgridnext) (0.2.4)
2025-02-27T20:38:31.8806830Z Requirement already satisfied: tornado>=6.2.0 in /Users/runner/micromamba/envs/tardis/lib/python3.12/site-packages (from notebook>=4.4.1->widgetsnbextension~=3.6.5->ipywidgets>=7.0.0->qgridnext) (6.4.1)
2025-02-27T20:38:31.8911960Z Requirement already satisfied: ptyprocess>=0.5 in /Users/runner/micromamba/envs/tardis/lib/python3.12/site-packages (from pexpect>4.3->ipython>=4.0.0->ipywidgets>=7.0.0->qgridnext) (0.7.0)
2025-02-27T20:38:31.9014470Z Requirement already satisfied: wcwidth in /Users/runner/micromamba/envs/tardis/lib/python3.12/site-packages (from prompt-toolkit<3.1.0,>=3.0.41->ipython>=4.0.0->ipywidgets>=7.0.0->qgridnext) (0.2.13)
2025-02-27T20:38:31.9217490Z Requirement already satisfied: executing>=1.2.0 in /Users/runner/micromamba/envs/tardis/lib/python3.12/site-packages (from stack-data->ipython>=4.0.0->ipywidgets>=7.0.0->qgridnext) (2.0.1)
2025-02-27T20:38:31.9320050Z Requirement already satisfied: asttokens>=2.1.0 in /Users/runner/micromamba/envs/tardis/lib/python3.12/site-packages (from stack-data->ipython>=4.0.0->ipywidgets>=7.0.0->qgridnext) (2.4.1)
2025-02-27T20:38:31.9422210Z Requirement already satisfied: pure-eval in /Users/runner/micromamba/envs/tardis/lib/python3.12/site-packages (from stack-data->ipython>=4.0.0->ipywidgets>=7.0.0->qgridnext) (0.2.2)
2025-02-27T20:38:31.9524260Z Requirement already satisfied: anyio>=3.1.0 in /Users/runner/micromamba/envs/tardis/lib/python3.12/site-packages (from jupyter-server<3,>=2.4.0->notebook>=4.4.1->widgetsnbextension~=3.6.5->ipywidgets>=7.0.0->qgridnext) (4.4.0)
2025-02-27T20:38:31.9626720Z Requirement already satisfied: argon2-cffi>=21.1 in /Users/runner/micromamba/envs/tardis/lib/python3.12/site-packages (from jupyter-server<3,>=2.4.0->notebook>=4.4.1->widgetsnbextension~=3.6.5->ipywidgets>=7.0.0->qgridnext) (23.1.0)
2025-02-27T20:38:31.9733960Z Requirement already satisfied: jinja2>=3.0.3 in /Users/runner/micromamba/envs/tardis/lib/python3.12/site-packages (from jupyter-server<3,>=2.4.0->notebook>=4.4.1->widgetsnbextension~=3.6.5->ipywidgets>=7.0.0->qgridnext) (3.1.4)
2025-02-27T20:38:31.9836210Z Requirement already satisfied: jupyter-client>=7.4.4 in /Users/runner/micromamba/envs/tardis/lib/python3.12/site-packages (from jupyter-server<3,>=2.4.0->notebook>=4.4.1->widgetsnbextension~=3.6.5->ipywidgets>=7.0.0->qgridnext) (8.6.2)
2025-02-27T20:38:31.9899420Z Requirement already satisfied: jupyter-core!=5.0.*,>=4.12 in /Users/runner/micromamba/envs/tardis/lib/python3.12/site-packages (from jupyter-server<3,>=2.4.0->notebook>=4.4.1->widgetsnbextension~=3.6.5->ipywidgets>=7.0.0->qgridnext) (5.7.2)
2025-02-27T20:38:31.9906100Z Requirement already satisfied: jupyter-events>=0.9.0 in /Users/runner/micromamba/envs/tardis/lib/python3.12/site-packages (from jupyter-server<3,>=2.4.0->notebook>=4.4.1->widgetsnbextension~=3.6.5->ipywidgets>=7.0.0->qgridnext) (0.10.0)
2025-02-27T20:38:31.9920980Z Requirement already satisfied: jupyter-server-terminals>=0.4.4 in /Users/runner/micromamba/envs/tardis/lib/python3.12/site-packages (from jupyter-server<3,>=2.4.0->notebook>=4.4.1->widgetsnbextension~=3.6.5->ipywidgets>=7.0.0->qgridnext) (0.5.3)
2025-02-27T20:38:31.9938170Z Requirement already satisfied: nbconvert>=6.4.4 in /Users/runner/micromamba/envs/tardis/lib/python3.12/site-packages (from jupyter-server<3,>=2.4.0->notebook>=4.4.1->widgetsnbextension~=3.6.5->ipywidgets>=7.0.0->qgridnext) (7.16.4)
2025-02-27T20:38:31.9954670Z Requirement already satisfied: nbformat>=5.3.0 in /Users/runner/micromamba/envs/tardis/lib/python3.12/site-packages (from jupyter-server<3,>=2.4.0->notebook>=4.4.1->widgetsnbextension~=3.6.5->ipywidgets>=7.0.0->qgridnext) (5.10.4)
2025-02-27T20:38:31.9992090Z Requirement already satisfied: overrides>=5.0 in /Users/runner/micromamba/envs/tardis/lib/python3.12/site-packages (from jupyter-server<3,>=2.4.0->notebook>=4.4.1->widgetsnbextension~=3.6.5->ipywidgets>=7.0.0->qgridnext) (7.7.0)
2025-02-27T20:38:32.0009740Z Requirement already satisfied: packaging>=22.0 in /Users/runner/micromamba/envs/tardis/lib/python3.12/site-packages (from jupyter-server<3,>=2.4.0->notebook>=4.4.1->widgetsnbextension~=3.6.5->ipywidgets>=7.0.0->qgridnext) (24.1)
2025-02-27T20:38:32.0030680Z Requirement already satisfied: prometheus-client>=0.9 in /Users/runner/micromamba/envs/tardis/lib/python3.12/site-packages (from jupyter-server<3,>=2.4.0->notebook>=4.4.1->widgetsnbextension~=3.6.5->ipywidgets>=7.0.0->qgridnext) (0.20.0)
2025-02-27T20:38:32.0078960Z Requirement already satisfied: pyzmq>=24 in /Users/runner/micromamba/envs/tardis/lib/python3.12/site-packages (from jupyter-server<3,>=2.4.0->notebook>=4.4.1->widgetsnbextension~=3.6.5->ipywidgets>=7.0.0->qgridnext) (26.0.3)
2025-02-27T20:38:32.0085560Z Requirement already satisfied: send2trash>=1.8.2 in /Users/runner/micromamba/envs/tardis/lib/python3.12/site-packages (from jupyter-server<3,>=2.4.0->notebook>=4.4.1->widgetsnbextension~=3.6.5->ipywidgets>=7.0.0->qgridnext) (1.8.3)
2025-02-27T20:38:32.0090320Z Requirement already satisfied: terminado>=0.8.3 in /Users/runner/micromamba/envs/tardis/lib/python3.12/site-packages (from jupyter-server<3,>=2.4.0->notebook>=4.4.1->widgetsnbextension~=3.6.5->ipywidgets>=7.0.0->qgridnext) (0.18.1)
2025-02-27T20:38:32.0094320Z Requirement already satisfied: websocket-client>=1.7 in /Users/runner/micromamba/envs/tardis/lib/python3.12/site-packages (from jupyter-server<3,>=2.4.0->notebook>=4.4.1->widgetsnbextension~=3.6.5->ipywidgets>=7.0.0->qgridnext) (1.8.0)
2025-02-27T20:38:32.0095590Z Requirement already satisfied: async-lru>=1.0.0 in /Users/runner/micromamba/envs/tardis/lib/python3.12/site-packages (from jupyterlab<4.3,>=4.2.0->notebook>=4.4.1->widgetsnbextension~=3.6.5->ipywidgets>=7.0.0->qgridnext) (2.0.4)
2025-02-27T20:38:32.0107030Z Requirement already satisfied: httpx>=0.25.0 in /Users/runner/micromamba/envs/tardis/lib/python3.12/site-packages (from jupyterlab<4.3,>=4.2.0->notebook>=4.4.1->widgetsnbextension~=3.6.5->ipywidgets>=7.0.0->qgridnext) (0.27.0)
2025-02-27T20:38:32.0118790Z Requirement already satisfied: ipykernel>=6.5.0 in /Users/runner/micromamba/envs/tardis/lib/python3.12/site-packages (from jupyterlab<4.3,>=4.2.0->notebook>=4.4.1->widgetsnbextension~=3.6.5->ipywidgets>=7.0.0->qgridnext) (6.29.4)
2025-02-27T20:38:32.0131190Z Requirement already satisfied: jupyter-lsp>=2.0.0 in /Users/runner/micromamba/envs/tardis/lib/python3.12/site-packages (from jupyterlab<4.3,>=4.2.0->notebook>=4.4.1->widgetsnbextension~=3.6.5->ipywidgets>=7.0.0->qgridnext) (2.2.5)
2025-02-27T20:38:32.0153720Z Requirement already satisfied: setuptools>=40.1.0 in /Users/runner/micromamba/envs/tardis/lib/python3.12/site-packages (from jupyterlab<4.3,>=4.2.0->notebook>=4.4.1->widgetsnbextension~=3.6.5->ipywidgets>=7.0.0->qgridnext) (70.0.0)
2025-02-27T20:38:32.0168850Z Requirement already satisfied: babel>=2.10 in /Users/runner/micromamba/envs/tardis/lib/python3.12/site-packages (from jupyterlab-server<3,>=2.27.1->notebook>=4.4.1->widgetsnbextension~=3.6.5->ipywidgets>=7.0.0->qgridnext) (2.14.0)
2025-02-27T20:38:32.0189760Z Requirement already satisfied: json5>=0.9.0 in /Users/runner/micromamba/envs/tardis/lib/python3.12/site-packages (from jupyterlab-server<3,>=2.27.1->notebook>=4.4.1->widgetsnbextension~=3.6.5->ipywidgets>=7.0.0->qgridnext) (0.9.25)
2025-02-27T20:38:32.0227150Z Requirement already satisfied: jsonschema>=4.18.0 in /Users/runner/micromamba/envs/tardis/lib/python3.12/site-packages (from jupyterlab-server<3,>=2.27.1->notebook>=4.4.1->widgetsnbextension~=3.6.5->ipywidgets>=7.0.0->qgridnext) (4.22.0)
2025-02-27T20:38:32.0302600Z Requirement already satisfied: requests>=2.31 in /Users/runner/micromamba/envs/tardis/lib/python3.12/site-packages (from jupyterlab-server<3,>=2.27.1->notebook>=4.4.1->widgetsnbextension~=3.6.5->ipywidgets>=7.0.0->qgridnext) (2.32.3)
2025-02-27T20:38:32.0509350Z Requirement already satisfied: idna>=2.8 in /Users/runner/micromamba/envs/tardis/lib/python3.12/site-packages (from anyio>=3.1.0->jupyter-server<3,>=2.4.0->notebook>=4.4.1->widgetsnbextension~=3.6.5->ipywidgets>=7.0.0->qgridnext) (3.7)
2025-02-27T20:38:32.0533480Z Requirement already satisfied: sniffio>=1.1 in /Users/runner/micromamba/envs/tardis/lib/python3.12/site-packages (from anyio>=3.1.0->jupyter-server<3,>=2.4.0->notebook>=4.4.1->widgetsnbextension~=3.6.5->ipywidgets>=7.0.0->qgridnext) (1.3.1)
2025-02-27T20:38:32.0636310Z Requirement already satisfied: argon2-cffi-bindings in /Users/runner/micromamba/envs/tardis/lib/python3.12/site-packages (from argon2-cffi>=21.1->jupyter-server<3,>=2.4.0->notebook>=4.4.1->widgetsnbextension~=3.6.5->ipywidgets>=7.0.0->qgridnext) (21.2.0)
2025-02-27T20:38:32.0785800Z Requirement already satisfied: certifi in /Users/runner/micromamba/envs/tardis/lib/python3.12/site-packages (from httpx>=0.25.0->jupyterlab<4.3,>=4.2.0->notebook>=4.4.1->widgetsnbextension~=3.6.5->ipywidgets>=7.0.0->qgridnext) (2024.12.14)
2025-02-27T20:38:32.0800140Z Requirement already satisfied: httpcore==1.* in /Users/runner/micromamba/envs/tardis/lib/python3.12/site-packages (from httpx>=0.25.0->jupyterlab<4.3,>=4.2.0->notebook>=4.4.1->widgetsnbextension~=3.6.5->ipywidgets>=7.0.0->qgridnext) (1.0.5)
2025-02-27T20:38:32.0885760Z Requirement already satisfied: h11<0.15,>=0.13 in /Users/runner/micromamba/envs/tardis/lib/python3.12/site-packages (from httpcore==1.*->httpx>=0.25.0->jupyterlab<4.3,>=4.2.0->notebook>=4.4.1->widgetsnbextension~=3.6.5->ipywidgets>=7.0.0->qgridnext) (0.14.0)
2025-02-27T20:38:32.1117290Z Requirement already satisfied: appnope in /Users/runner/micromamba/envs/tardis/lib/python3.12/site-packages (from ipykernel>=6.5.0->jupyterlab<4.3,>=4.2.0->notebook>=4.4.1->widgetsnbextension~=3.6.5->ipywidgets>=7.0.0->qgridnext) (0.1.4)
2025-02-27T20:38:32.1127930Z Requirement already satisfied: debugpy>=1.6.5 in /Users/runner/micromamba/envs/tardis/lib/python3.12/site-packages (from ipykernel>=6.5.0->jupyterlab<4.3,>=4.2.0->notebook>=4.4.1->widgetsnbextension~=3.6.5->ipywidgets>=7.0.0->qgridnext) (1.8.1)
2025-02-27T20:38:32.1155410Z Requirement already satisfied: nest-asyncio in /Users/runner/micromamba/envs/tardis/lib/python3.12/site-packages (from ipykernel>=6.5.0->jupyterlab<4.3,>=4.2.0->notebook>=4.4.1->widgetsnbextension~=3.6.5->ipywidgets>=7.0.0->qgridnext) (1.6.0)
2025-02-27T20:38:32.1183560Z Requirement already satisfied: psutil in /Users/runner/micromamba/envs/tardis/lib/python3.12/site-packages (from ipykernel>=6.5.0->jupyterlab<4.3,>=4.2.0->notebook>=4.4.1->widgetsnbextension~=3.6.5->ipywidgets>=7.0.0->qgridnext) (5.9.8)
2025-02-27T20:38:32.1222430Z Requirement already satisfied: MarkupSafe>=2.0 in /Users/runner/micromamba/envs/tardis/lib/python3.12/site-packages (from jinja2>=3.0.3->jupyter-server<3,>=2.4.0->notebook>=4.4.1->widgetsnbextension~=3.6.5->ipywidgets>=7.0.0->qgridnext) (2.1.5)
2025-02-27T20:38:32.1424700Z Requirement already satisfied: attrs>=22.2.0 in /Users/runner/micromamba/envs/tardis/lib/python3.12/site-packages (from jsonschema>=4.18.0->jupyterlab-server<3,>=2.27.1->notebook>=4.4.1->widgetsnbextension~=3.6.5->ipywidgets>=7.0.0->qgridnext) (23.2.0)
2025-02-27T20:38:32.1456090Z Requirement already satisfied: jsonschema-specifications>=2023.03.6 in /Users/runner/micromamba/envs/tardis/lib/python3.12/site-packages (from jsonschema>=4.18.0->jupyterlab-server<3,>=2.27.1->notebook>=4.4.1->widgetsnbextension~=3.6.5->ipywidgets>=7.0.0->qgridnext) (2023.12.1)
2025-02-27T20:38:32.1458990Z Requirement already satisfied: referencing>=0.28.4 in /Users/runner/micromamba/envs/tardis/lib/python3.12/site-packages (from jsonschema>=4.18.0->jupyterlab-server<3,>=2.27.1->notebook>=4.4.1->widgetsnbextension~=3.6.5->ipywidgets>=7.0.0->qgridnext) (0.35.1)
2025-02-27T20:38:32.1720660Z Requirement already satisfied: rpds-py>=0.7.1 in /Users/runner/micromamba/envs/tardis/lib/python3.12/site-packages (from jsonschema>=4.18.0->jupyterlab-server<3,>=2.27.1->notebook>=4.4.1->widgetsnbextension~=3.6.5->ipywidgets>=7.0.0->qgridnext) (0.18.1)
2025-02-27T20:38:32.2067090Z Requirement already satisfied: platformdirs>=2.5 in /Users/runner/micromamba/envs/tardis/lib/python3.12/site-packages (from jupyter-core!=5.0.*,>=4.12->jupyter-server<3,>=2.4.0->notebook>=4.4.1->widgetsnbextension~=3.6.5->ipywidgets>=7.0.0->qgridnext) (4.2.2)
2025-02-27T20:38:32.2217710Z Requirement already satisfied: python-json-logger>=2.0.4 in /Users/runner/micromamba/envs/tardis/lib/python3.12/site-packages (from jupyter-events>=0.9.0->jupyter-server<3,>=2.4.0->notebook>=4.4.1->widgetsnbextension~=3.6.5->ipywidgets>=7.0.0->qgridnext) (2.0.7)
2025-02-27T20:38:32.2226860Z Requirement already satisfied: pyyaml>=5.3 in /Users/runner/micromamba/envs/tardis/lib/python3.12/site-packages (from jupyter-events>=0.9.0->jupyter-server<3,>=2.4.0->notebook>=4.4.1->widgetsnbextension~=3.6.5->ipywidgets>=7.0.0->qgridnext) (6.0.1)
2025-02-27T20:38:32.2232490Z Requirement already satisfied: rfc3339-validator in /Users/runner/micromamba/envs/tardis/lib/python3.12/site-packages (from jupyter-events>=0.9.0->jupyter-server<3,>=2.4.0->notebook>=4.4.1->widgetsnbextension~=3.6.5->ipywidgets>=7.0.0->qgridnext) (0.1.4)
2025-02-27T20:38:32.2237340Z Requirement already satisfied: rfc3986-validator>=0.1.1 in /Users/runner/micromamba/envs/tardis/lib/python3.12/site-packages (from jupyter-events>=0.9.0->jupyter-server<3,>=2.4.0->notebook>=4.4.1->widgetsnbextension~=3.6.5->ipywidgets>=7.0.0->qgridnext) (0.1.1)
2025-02-27T20:38:32.2677040Z Requirement already satisfied: beautifulsoup4 in /Users/runner/micromamba/envs/tardis/lib/python3.12/site-packages (from nbconvert>=6.4.4->jupyter-server<3,>=2.4.0->notebook>=4.4.1->widgetsnbextension~=3.6.5->ipywidgets>=7.0.0->qgridnext) (4.12.3)
2025-02-27T20:38:32.2717480Z Requirement already satisfied: bleach!=5.0.0 in /Users/runner/micromamba/envs/tardis/lib/python3.12/site-packages (from nbconvert>=6.4.4->jupyter-server<3,>=2.4.0->notebook>=4.4.1->widgetsnbextension~=3.6.5->ipywidgets>=7.0.0->qgridnext) (6.1.0)
2025-02-27T20:38:32.2742120Z Requirement already satisfied: defusedxml in /Users/runner/micromamba/envs/tardis/lib/python3.12/site-packages (from nbconvert>=6.4.4->jupyter-server<3,>=2.4.0->notebook>=4.4.1->widgetsnbextension~=3.6.5->ipywidgets>=7.0.0->qgridnext) (0.7.1)
2025-02-27T20:38:32.2825240Z Requirement already satisfied: jupyterlab-pygments in /Users/runner/micromamba/envs/tardis/lib/python3.12/site-packages (from nbconvert>=6.4.4->jupyter-server<3,>=2.4.0->notebook>=4.4.1->widgetsnbextension~=3.6.5->ipywidgets>=7.0.0->qgridnext) (0.3.0)
2025-02-27T20:38:32.2839210Z Requirement already satisfied: mistune<4,>=2.0.3 in /Users/runner/micromamba/envs/tardis/lib/python3.12/site-packages (from nbconvert>=6.4.4->jupyter-server<3,>=2.4.0->notebook>=4.4.1->widgetsnbextension~=3.6.5->ipywidgets>=7.0.0->qgridnext) (3.0.2)
2025-02-27T20:38:32.2932780Z Requirement already satisfied: nbclient>=0.5.0 in /Users/runner/micromamba/envs/tardis/lib/python3.12/site-packages (from nbconvert>=6.4.4->jupyter-server<3,>=2.4.0->notebook>=4.4.1->widgetsnbextension~=3.6.5->ipywidgets>=7.0.0->qgridnext) (0.10.0)
2025-02-27T20:38:32.3041580Z Requirement already satisfied: pandocfilters>=1.4.1 in /Users/runner/micromamba/envs/tardis/lib/python3.12/site-packages (from nbconvert>=6.4.4->jupyter-server<3,>=2.4.0->notebook>=4.4.1->widgetsnbextension~=3.6.5->ipywidgets>=7.0.0->qgridnext) (1.5.0)
2025-02-27T20:38:32.3072600Z Requirement already satisfied: tinycss2 in /Users/runner/micromamba/envs/tardis/lib/python3.12/site-packages (from nbconvert>=6.4.4->jupyter-server<3,>=2.4.0->notebook>=4.4.1->widgetsnbextension~=3.6.5->ipywidgets>=7.0.0->qgridnext) (1.3.0)
2025-02-27T20:38:32.3223060Z Requirement already satisfied: fastjsonschema>=2.15 in /Users/runner/micromamba/envs/tardis/lib/python3.12/site-packages (from nbformat>=5.3.0->jupyter-server<3,>=2.4.0->notebook>=4.4.1->widgetsnbextension~=3.6.5->ipywidgets>=7.0.0->qgridnext) (2.20.0)
2025-02-27T20:38:32.3525570Z Requirement already satisfied: charset_normalizer<4,>=2 in /Users/runner/micromamba/envs/tardis/lib/python3.12/site-packages (from requests>=2.31->jupyterlab-server<3,>=2.27.1->notebook>=4.4.1->widgetsnbextension~=3.6.5->ipywidgets>=7.0.0->qgridnext) (3.3.2)
2025-02-27T20:38:32.3538800Z Requirement already satisfied: urllib3<3,>=1.21.1 in /Users/runner/micromamba/envs/tardis/lib/python3.12/site-packages (from requests>=2.31->jupyterlab-server<3,>=2.27.1->notebook>=4.4.1->widgetsnbextension~=3.6.5->ipywidgets>=7.0.0->qgridnext) (2.2.2)
2025-02-27T20:38:32.4372730Z Requirement already satisfied: webencodings in /Users/runner/micromamba/envs/tardis/lib/python3.12/site-packages (from bleach!=5.0.0->nbconvert>=6.4.4->jupyter-server<3,>=2.4.0->notebook>=4.4.1->widgetsnbextension~=3.6.5->ipywidgets>=7.0.0->qgridnext) (0.5.1)
2025-02-27T20:38:32.4951880Z Requirement already satisfied: fqdn in /Users/runner/micromamba/envs/tardis/lib/python3.12/site-packages (from jsonschema[format-nongpl]>=4.18.0->jupyter-events>=0.9.0->jupyter-server<3,>=2.4.0->notebook>=4.4.1->widgetsnbextension~=3.6.5->ipywidgets>=7.0.0->qgridnext) (1.5.1)
2025-02-27T20:38:32.4981080Z Requirement already satisfied: isoduration in /Users/runner/micromamba/envs/tardis/lib/python3.12/site-packages (from jsonschema[format-nongpl]>=4.18.0->jupyter-events>=0.9.0->jupyter-server<3,>=2.4.0->notebook>=4.4.1->widgetsnbextension~=3.6.5->ipywidgets>=7.0.0->qgridnext) (20.11.0)
2025-02-27T20:38:32.5025330Z Requirement already satisfied: jsonpointer>1.13 in /Users/runner/micromamba/envs/tardis/lib/python3.12/site-packages (from jsonschema[format-nongpl]>=4.18.0->jupyter-events>=0.9.0->jupyter-server<3,>=2.4.0->notebook>=4.4.1->widgetsnbextension~=3.6.5->ipywidgets>=7.0.0->qgridnext) (3.0.0)
2025-02-27T20:38:32.5027210Z Requirement already satisfied: uri-template in /Users/runner/micromamba/envs/tardis/lib/python3.12/site-packages (from jsonschema[format-nongpl]>=4.18.0->jupyter-events>=0.9.0->jupyter-server<3,>=2.4.0->notebook>=4.4.1->widgetsnbextension~=3.6.5->ipywidgets>=7.0.0->qgridnext) (1.3.0)
2025-02-27T20:38:32.5029230Z Requirement already satisfied: webcolors>=1.11 in /Users/runner/micromamba/envs/tardis/lib/python3.12/site-packages (from jsonschema[format-nongpl]>=4.18.0->jupyter-events>=0.9.0->jupyter-server<3,>=2.4.0->notebook>=4.4.1->widgetsnbextension~=3.6.5->ipywidgets>=7.0.0->qgridnext) (24.6.0)
2025-02-27T20:38:32.6629780Z Requirement already satisfied: cffi>=1.0.1 in /Users/runner/micromamba/envs/tardis/lib/python3.12/site-packages (from argon2-cffi-bindings->argon2-cffi>=21.1->jupyter-server<3,>=2.4.0->notebook>=4.4.1->widgetsnbextension~=3.6.5->ipywidgets>=7.0.0->qgridnext) (1.16.0)
2025-02-27T20:38:32.6734870Z Requirement already satisfied: soupsieve>1.2 in /Users/runner/micromamba/envs/tardis/lib/python3.12/site-packages (from beautifulsoup4->nbconvert>=6.4.4->jupyter-server<3,>=2.4.0->notebook>=4.4.1->widgetsnbextension~=3.6.5->ipywidgets>=7.0.0->qgridnext) (2.5)
2025-02-27T20:38:32.7347800Z Requirement already satisfied: pycparser in /Users/runner/micromamba/envs/tardis/lib/python3.12/site-packages (from cffi>=1.0.1->argon2-cffi-bindings->argon2-cffi>=21.1->jupyter-server<3,>=2.4.0->notebook>=4.4.1->widgetsnbextension~=3.6.5->ipywidgets>=7.0.0->qgridnext) (2.22)
2025-02-27T20:38:32.7825070Z Requirement already satisfied: arrow>=0.15.0 in /Users/runner/micromamba/envs/tardis/lib/python3.12/site-packages (from isoduration->jsonschema[format-nongpl]>=4.18.0->jupyter-events>=0.9.0->jupyter-server<3,>=2.4.0->notebook>=4.4.1->widgetsnbextension~=3.6.5->ipywidgets>=7.0.0->qgridnext) (1.3.0)
2025-02-27T20:38:32.8137000Z Requirement already satisfied: types-python-dateutil>=2.8.10 in /Users/runner/micromamba/envs/tardis/lib/python3.12/site-packages (from arrow>=0.15.0->isoduration->jsonschema[format-nongpl]>=4.18.0->jupyter-events>=0.9.0->jupyter-server<3,>=2.4.0->notebook>=4.4.1->widgetsnbextension~=3.6.5->ipywidgets>=7.0.0->qgridnext) (2.9.0.20240316)
2025-02-27T20:38:32.8487090Z Downloading qgridnext-2.0.4-py3-none-any.whl (1.3 MB)
2025-02-27T20:38:32.9344290Z    ━━━━━━━━━━━━━━━━━━━━━━━━━━━━━━━━━━━━━━━━ 1.3/1.3 MB 14.6 MB/s eta 0:00:00
2025-02-27T20:38:33.8631480Z Installing collected packages: qgridnext
2025-02-27T20:38:33.9212090Z Successfully installed qgridnext-2.0.4
2025-02-27T20:38:34.2980140Z ##[group]Run pytest tardis --tardis-regression-data=/Users/runner/work/tardis/tardis/tardis-regression-data --cov=tardis --cov-report=xml --cov-report=html --cov-append -m " continuum"
2025-02-27T20:38:34.2981270Z [36;1mpytest tardis --tardis-regression-data=/Users/runner/work/tardis/tardis/tardis-regression-data --cov=tardis --cov-report=xml --cov-report=html --cov-append -m " continuum"[0m
2025-02-27T20:38:34.3100680Z shell: /bin/bash -l {0}
2025-02-27T20:38:34.3101030Z env:
2025-02-27T20:38:34.3101240Z   CACHE_NUMBER: 0
2025-02-27T20:38:34.3101740Z   PYTEST_FLAGS: --tardis-regression-data=/Users/runner/work/tardis/tardis/tardis-regression-data --cov=tardis --cov-report=xml --cov-report=html --cov-append
2025-02-27T20:38:34.3102240Z   CODECOV_TOKEN: 
2025-02-27T20:38:34.3102410Z   MAMBA_ROOT_PREFIX: /Users/runner/micromamba
2025-02-27T20:38:34.3102710Z   MAMBA_EXE: /Users/runner/micromamba-bin/micromamba
2025-02-27T20:38:34.3103210Z   CONDARC: /Users/runner/work/_temp/setup-micromamba/.condarc
2025-02-27T20:38:34.3103530Z ##[endgroup]
2025-02-27T20:38:52.3769650Z ============================= test session starts ==============================
2025-02-27T20:38:52.3772580Z platform darwin -- Python 3.12.4, pytest-8.2.2, pluggy-1.5.0
2025-02-27T20:38:52.3773760Z rootdir: /Users/runner/work/tardis/tardis
2025-02-27T20:38:52.3775140Z configfile: pyproject.toml
2025-02-27T20:38:52.3775620Z plugins: cov-5.0.0, html-4.1.1, metadata-3.1.1, doctestplus-1.2.1, anyio-4.4.0
2025-02-27T20:38:52.3776220Z collected 1798 items / 1796 deselected / 2 selected
2025-02-27T20:38:52.3776630Z 
2025-02-27T20:40:17.3161020Z tardis/transport/montecarlo/estimators/tests/test_continuum_property_solver.py . [ 50%]
2025-02-27T20:40:17.3263200Z                                                                          [ 50%]
2025-02-27T20:40:56.5390510Z tardis/transport/montecarlo/tests/test_continuum.py .                    [100%]
2025-02-27T20:40:56.5392600Z 
2025-02-27T20:40:56.5393470Z =============================== warnings summary ===============================
2025-02-27T20:40:56.5394370Z tardis/io/configuration/config_validator.py:6
2025-02-27T20:40:56.5395480Z tardis/io/configuration/config_validator.py:6
2025-02-27T20:40:56.5397100Z   /Users/runner/work/tardis/tardis/tardis/io/configuration/config_validator.py:6: DeprecationWarning:
2025-02-27T20:40:56.5399970Z   
2025-02-27T20:40:56.5401580Z   jsonschema.RefResolver is deprecated as of v4.18.0, in favor of the https://github.com/python-jsonschema/referencing library, which provides more compliant referencing behavior as well as more flexible APIs for customization. A future release will remove RefResolver. Please file a feature request (on referencing) if you are missing an API for the kind of customization you need.
2025-02-27T20:40:56.5403030Z 
2025-02-27T20:40:56.5403340Z ../../../micromamba/envs/tardis/lib/python3.12/site-packages/jupyter_client/connect.py:22
2025-02-27T20:40:56.5404040Z   /Users/runner/micromamba/envs/tardis/lib/python3.12/site-packages/jupyter_client/connect.py:22: DeprecationWarning:
2025-02-27T20:40:56.5404690Z   
2025-02-27T20:40:56.5404970Z   Jupyter is migrating its paths to use standard platformdirs
2025-02-27T20:40:56.5405510Z   given by the platformdirs library.  To remove this warning and
2025-02-27T20:40:56.5406070Z   see the appropriate new directories, set the environment variable
2025-02-27T20:40:56.5406480Z   `JUPYTER_PLATFORM_DIRS=1` and then run `jupyter --paths`.
2025-02-27T20:40:56.5406910Z   The use of platformdirs will be the default in `jupyter_core` v6
2025-02-27T20:40:56.5407110Z 
2025-02-27T20:40:56.5407240Z tardis/plasma/properties/__init__.py:17
2025-02-27T20:40:56.5407750Z   /Users/runner/work/tardis/tardis/tardis/plasma/properties/__init__.py:17: DeprecationWarning:
2025-02-27T20:40:56.5408190Z   
2025-02-27T20:40:56.5410630Z   The numpy.linalg.linalg has been made private and renamed to numpy.linalg._linalg. All public functions exported by it are available from numpy.linalg. Please use numpy.linalg.LinAlgError instead.
2025-02-27T20:40:56.5411870Z 
2025-02-27T20:40:56.5432130Z tardis/transport/montecarlo/estimators/tests/test_continuum_property_solver.py::test_continuum_estimators
2025-02-27T20:40:56.5432970Z   /Users/runner/work/tardis/tardis/tardis/transport/montecarlo/montecarlo_main_loop.py:123: NumbaTypeSafetyWarning:
2025-02-27T20:40:56.5433460Z   
2025-02-27T20:40:56.5435540Z   [1m[1m[1munsafe cast from uint64 to int64. Precision may be lost.[0m[0m[0m
2025-02-27T20:40:56.5435840Z 
2025-02-27T20:40:56.5436080Z -- Docs: https://docs.pytest.org/en/stable/how-to/capture-warnings.html
2025-02-27T20:40:56.5436300Z 
2025-02-27T20:40:56.5436500Z ---------- coverage: platform darwin, python 3.12.4-final-0 ----------
2025-02-27T20:40:56.5436920Z Coverage HTML written to dir coverage_html_report
2025-02-27T20:40:56.5437200Z Coverage XML written to file coverage.xml
2025-02-27T20:40:56.5437430Z 
2025-02-27T20:40:56.5437630Z ========== 2 passed, 1796 deselected, 5 warnings in 125.82s (0:02:05) ==========
2025-02-27T20:40:58.0941720Z ##[group]Run mv .coverage .coverage.1
2025-02-27T20:40:58.0942270Z [36;1mmv .coverage .coverage.1[0m
2025-02-27T20:40:58.1538030Z shell: /bin/bash -l {0}
2025-02-27T20:40:58.1538350Z env:
2025-02-27T20:40:58.1538540Z   CACHE_NUMBER: 0
2025-02-27T20:40:58.1539180Z   PYTEST_FLAGS: --tardis-regression-data=/Users/runner/work/tardis/tardis/tardis-regression-data --cov=tardis --cov-report=xml --cov-report=html --cov-append
2025-02-27T20:40:58.1539720Z   CODECOV_TOKEN: 
2025-02-27T20:40:58.1539950Z   MAMBA_ROOT_PREFIX: /Users/runner/micromamba
2025-02-27T20:40:58.1540300Z   MAMBA_EXE: /Users/runner/micromamba-bin/micromamba
2025-02-27T20:40:58.1540650Z   CONDARC: /Users/runner/work/_temp/setup-micromamba/.condarc
2025-02-27T20:40:58.1540990Z ##[endgroup]
2025-02-27T20:40:58.4195650Z ##[group]Run actions/upload-artifact@v4
2025-02-27T20:40:58.4195990Z with:
2025-02-27T20:40:58.4196190Z   name: coverage--continuum-macos-latest
2025-02-27T20:40:58.4196440Z   include-hidden-files: true
2025-02-27T20:40:58.4196660Z   path: .coverage*
!.coveragerc

2025-02-27T20:40:58.4196920Z   if-no-files-found: warn
2025-02-27T20:40:58.4197180Z   compression-level: 6
2025-02-27T20:40:58.4197370Z   overwrite: false
2025-02-27T20:40:58.4197610Z env:
2025-02-27T20:40:58.4197870Z   CACHE_NUMBER: 0
2025-02-27T20:40:58.4198480Z   PYTEST_FLAGS: --tardis-regression-data=/Users/runner/work/tardis/tardis/tardis-regression-data --cov=tardis --cov-report=xml --cov-report=html --cov-append
2025-02-27T20:40:58.4199070Z   CODECOV_TOKEN: 
2025-02-27T20:40:58.4199350Z   MAMBA_ROOT_PREFIX: /Users/runner/micromamba
2025-02-27T20:40:58.4199730Z   MAMBA_EXE: /Users/runner/micromamba-bin/micromamba
2025-02-27T20:40:58.4200070Z   CONDARC: /Users/runner/work/_temp/setup-micromamba/.condarc
2025-02-27T20:40:58.4200470Z ##[endgroup]
2025-02-27T20:40:59.0053680Z With the provided path, there will be 2 files uploaded
2025-02-27T20:40:59.0056790Z Artifact name is valid!
2025-02-27T20:40:59.0059140Z Root directory input is valid!
2025-02-27T20:40:59.2196110Z Beginning upload of artifact content to blob storage
2025-02-27T20:40:59.4187280Z Uploaded bytes 28173
2025-02-27T20:40:59.4616870Z Finished uploading artifact content to blob storage!
2025-02-27T20:40:59.4618130Z SHA256 hash of uploaded artifact zip is 40c12aea4feb1c6c634be5e717aa64d92828a4b143eaa3d8ed66994c26e9a197
2025-02-27T20:40:59.4619080Z Finalizing artifact upload
2025-02-27T20:40:59.5661120Z Artifact coverage--continuum-macos-latest.zip successfully finalized. Artifact ID 2666342906
2025-02-27T20:40:59.5672790Z Artifact coverage--continuum-macos-latest has been successfully uploaded! Final size is 28173 bytes. Artifact ID is 2666342906
2025-02-27T20:40:59.5673450Z Artifact download URL: https://github.com/tardis-sn/tardis/actions/runs/13575397085/artifacts/2666342906
2025-02-27T20:40:59.5759520Z Post job cleanup.
2025-02-27T20:40:59.5803130Z Post job cleanup.
2025-02-27T20:40:59.7647350Z Will use pre-installed micromamba at /Users/runner/micromamba-bin/micromamba
2025-02-27T20:40:59.7652440Z Removing micromamba run shell ...
2025-02-27T20:40:59.7654740Z ##[group]Deinitialize micromamba for bash
2025-02-27T20:40:59.7669050Z [command]/Users/runner/micromamba-bin/micromamba shell deinit -s bash -r /Users/runner/micromamba --log-level warning --rc-file /Users/runner/work/_temp/setup-micromamba/.condarc
2025-02-27T20:40:59.7829790Z Resetting RC file "/Users/runner/.bash_profile"
2025-02-27T20:40:59.7830440Z Deleting config for root prefix 
2025-02-27T20:40:59.7830730Z Clearing mamba executable environment variable
2025-02-27T20:40:59.7860750Z Removing the following in your "/Users/runner/.bash_profile" file
2025-02-27T20:40:59.7861100Z # >>> mamba initialize >>>
2025-02-27T20:40:59.7861280Z ...
2025-02-27T20:40:59.7861420Z # <<< mamba initialize <<<
2025-02-27T20:40:59.7888010Z Removing environment tardis from auto-activate bash ...
2025-02-27T20:40:59.7990760Z Post job cleanup.
2025-02-27T20:40:59.8055220Z Post job cleanup.
2025-02-27T20:41:00.0532500Z [command]/opt/homebrew/bin/git version
2025-02-27T20:41:00.2513960Z git version 2.48.1
2025-02-27T20:41:00.2835990Z Copying '/Users/runner/.gitconfig' to '/Users/runner/work/_temp/fa89b876-9601-4bf9-b27e-cf4ec1df1287/.gitconfig'
2025-02-27T20:41:00.2836650Z Temporarily overriding HOME='/Users/runner/work/_temp/fa89b876-9601-4bf9-b27e-cf4ec1df1287' before making global git config changes
2025-02-27T20:41:00.2837240Z Adding repository directory to the temporary git global config as a safe directory
2025-02-27T20:41:00.2837810Z [command]/opt/homebrew/bin/git config --global --add safe.directory /Users/runner/work/tardis/tardis/tardis-regression-data
2025-02-27T20:41:00.2838690Z [command]/opt/homebrew/bin/git config --local --name-only --get-regexp core\.sshCommand
2025-02-27T20:41:00.2839720Z [command]/opt/homebrew/bin/git submodule foreach --recursive sh -c "git config --local --name-only --get-regexp 'core\.sshCommand' && git config --local --unset-all 'core.sshCommand' || :"
2025-02-27T20:41:00.4086390Z [command]/opt/homebrew/bin/git config --local --name-only --get-regexp http\.https\:\/\/github\.com\/\.extraheader
2025-02-27T20:41:00.4136060Z http.https://github.com/.extraheader
2025-02-27T20:41:00.4148050Z [command]/opt/homebrew/bin/git config --local --unset-all http.https://github.com/.extraheader
2025-02-27T20:41:00.4210490Z [command]/opt/homebrew/bin/git submodule foreach --recursive sh -c "git config --local --name-only --get-regexp 'http\.https\:\/\/github\.com\/\.extraheader' && git config --local --unset-all 'http.https://github.com/.extraheader' || :"
2025-02-27T20:41:00.5230210Z Post job cleanup.
2025-02-27T20:41:00.7499890Z [command]/opt/homebrew/bin/git version
2025-02-27T20:41:00.7566680Z git version 2.48.1
2025-02-27T20:41:00.7709720Z Copying '/Users/runner/.gitconfig' to '/Users/runner/work/_temp/f6f73c93-20bc-43fa-ad41-039d9548ae70/.gitconfig'
2025-02-27T20:41:00.7711460Z Temporarily overriding HOME='/Users/runner/work/_temp/f6f73c93-20bc-43fa-ad41-039d9548ae70' before making global git config changes
2025-02-27T20:41:00.7745210Z Adding repository directory to the temporary git global config as a safe directory
2025-02-27T20:41:00.7758570Z [command]/opt/homebrew/bin/git config --global --add safe.directory /Users/runner/work/tardis/tardis
2025-02-27T20:41:00.7760750Z [command]/opt/homebrew/bin/git config --local --name-only --get-regexp core\.sshCommand
2025-02-27T20:41:00.7807740Z [command]/opt/homebrew/bin/git submodule foreach --recursive sh -c "git config --local --name-only --get-regexp 'core\.sshCommand' && git config --local --unset-all 'core.sshCommand' || :"
2025-02-27T20:41:00.9425250Z [command]/opt/homebrew/bin/git config --local --name-only --get-regexp http\.https\:\/\/github\.com\/\.extraheader
2025-02-27T20:41:00.9477290Z http.https://github.com/.extraheader
2025-02-27T20:41:00.9590690Z [command]/opt/homebrew/bin/git config --local --unset-all http.https://github.com/.extraheader
2025-02-27T20:41:00.9612480Z [command]/opt/homebrew/bin/git submodule foreach --recursive sh -c "git config --local --name-only --get-regexp 'http\.https\:\/\/github\.com\/\.extraheader' && git config --local --unset-all 'http.https://github.com/.extraheader' || :"
2025-02-27T20:41:01.1500760Z Cleaning up orphan processes
