2025-02-03T15:21:39.2414211Z Requested labels: macos-latest
2025-02-03T15:21:39.2414474Z Job defined at: tardis-sn/tardis/.github/workflows/tests.yml@refs/pull/2965/merge
2025-02-03T15:21:39.2414591Z Waiting for a runner to pick up this job...
2025-02-03T15:21:39.4599890Z Job is waiting for a hosted runner to come online.
2025-02-03T15:21:43.2359833Z Job is about to start running on the hosted runner: GitHub Actions 39 (hosted)
2025-02-03T15:21:44.2116840Z Current runner version: '2.322.0'
2025-02-03T15:21:44.2133180Z ##[group]Operating System
2025-02-03T15:21:44.2133640Z macOS
2025-02-03T15:21:44.2133930Z 14.7.2
2025-02-03T15:21:44.2134220Z 23H311
2025-02-03T15:21:44.2134510Z ##[endgroup]
2025-02-03T15:21:44.2134820Z ##[group]Runner Image
2025-02-03T15:21:44.2135440Z Image: macos-14-arm64
2025-02-03T15:21:44.2136560Z Version: 20250120.774
2025-02-03T15:21:44.2137320Z Included Software: https://github.com/actions/runner-images/blob/macos-14-arm64/20250120.774/images/macos/macos-14-arm64-Readme.md
2025-02-03T15:21:44.2138370Z Image Release: https://github.com/actions/runner-images/releases/tag/macos-14-arm64%2F20250120.774
2025-02-03T15:21:44.2139360Z ##[endgroup]
2025-02-03T15:21:44.2139720Z ##[group]Runner Image Provisioner
2025-02-03T15:21:44.2140170Z 2.0.422.1+55c30c14fe2a0a1547db1b656933ae07d97649a9
2025-02-03T15:21:44.2140570Z ##[endgroup]
2025-02-03T15:21:44.2141950Z ##[group]GITHUB_TOKEN Permissions
2025-02-03T15:21:44.2143240Z Actions: read
2025-02-03T15:21:44.2143570Z Attestations: read
2025-02-03T15:21:44.2143870Z Checks: read
2025-02-03T15:21:44.2144160Z Contents: read
2025-02-03T15:21:44.2144460Z Deployments: read
2025-02-03T15:21:44.2144770Z Discussions: read
2025-02-03T15:21:44.2145070Z Issues: read
2025-02-03T15:21:44.2145360Z Metadata: read
2025-02-03T15:21:44.2145660Z Packages: read
2025-02-03T15:21:44.2145950Z Pages: read
2025-02-03T15:21:44.2146250Z PullRequests: read
2025-02-03T15:21:44.2146580Z RepositoryProjects: read
2025-02-03T15:21:44.2146920Z SecurityEvents: read
2025-02-03T15:21:44.2147250Z Statuses: read
2025-02-03T15:21:44.2147560Z ##[endgroup]
2025-02-03T15:21:44.2149540Z Secret source: None
2025-02-03T15:21:44.2149920Z Prepare workflow directory
2025-02-03T15:21:44.2518300Z Prepare all required actions
2025-02-03T15:21:44.2547010Z Getting action download info
2025-02-03T15:21:44.4242300Z Download action repository 'actions/checkout@v4' (SHA:11bd71901bbe5b1630ceea73d27597364c9af683)
2025-02-03T15:21:44.8335890Z Download action repository 'actions/upload-artifact@v4' (SHA:65c4c4a1ddee5b72f698fdd19549f0f0fb45cf08)
2025-02-03T15:21:45.0493920Z Complete job name: not continuum macos-latest 
2025-02-03T15:21:45.1359620Z ##[group]Run actions/checkout@v4
2025-02-03T15:21:45.1360440Z with:
2025-02-03T15:21:45.1360960Z   repository: tardis-sn/tardis
2025-02-03T15:21:45.1361870Z   token: ***
2025-02-03T15:21:45.1362380Z   ssh-strict: true
2025-02-03T15:21:45.1362900Z   ssh-user: git
2025-02-03T15:21:45.1363450Z   persist-credentials: true
2025-02-03T15:21:45.1364050Z   clean: true
2025-02-03T15:21:45.1364600Z   sparse-checkout-cone-mode: true
2025-02-03T15:21:45.1365260Z   fetch-depth: 1
2025-02-03T15:21:45.1365790Z   fetch-tags: false
2025-02-03T15:21:45.1366350Z   show-progress: true
2025-02-03T15:21:45.1366900Z   lfs: false
2025-02-03T15:21:45.1367390Z   submodules: false
2025-02-03T15:21:45.1367950Z   set-safe-directory: true
2025-02-03T15:21:45.1368650Z env:
2025-02-03T15:21:45.1369140Z   CACHE_NUMBER: 0
2025-02-03T15:21:45.1370720Z   PYTEST_FLAGS: --tardis-regression-data=/Users/runner/work/tardis/tardis/tardis-regression-data --cov=tardis --cov-report=xml --cov-report=html --cov-append
2025-02-03T15:21:45.1372490Z   CODECOV_TOKEN: 
2025-02-03T15:21:45.1373020Z ##[endgroup]
2025-02-03T15:21:45.6614010Z Syncing repository: tardis-sn/tardis
2025-02-03T15:21:45.6616260Z ##[group]Getting Git version info
2025-02-03T15:21:45.6617100Z Working directory is '/Users/runner/work/tardis/tardis'
2025-02-03T15:21:45.6618800Z [command]/opt/homebrew/bin/git version
2025-02-03T15:21:45.7515520Z git version 2.48.1
2025-02-03T15:21:45.7545460Z ##[endgroup]
2025-02-03T15:21:45.7552820Z Copying '/Users/runner/.gitconfig' to '/Users/runner/work/_temp/3b47cfaa-9b08-4594-9c91-3b96b94d5989/.gitconfig'
2025-02-03T15:21:45.7559000Z Temporarily overriding HOME='/Users/runner/work/_temp/3b47cfaa-9b08-4594-9c91-3b96b94d5989' before making global git config changes
2025-02-03T15:21:45.7561120Z Adding repository directory to the temporary git global config as a safe directory
2025-02-03T15:21:45.7563430Z [command]/opt/homebrew/bin/git config --global --add safe.directory /Users/runner/work/tardis/tardis
2025-02-03T15:21:45.8009640Z Deleting the contents of '/Users/runner/work/tardis/tardis'
2025-02-03T15:21:45.8012900Z ##[group]Initializing the repository
2025-02-03T15:21:45.8017500Z [command]/opt/homebrew/bin/git init /Users/runner/work/tardis/tardis
2025-02-03T15:21:45.8173590Z hint: Using 'master' as the name for the initial branch. This default branch name
2025-02-03T15:21:45.8175060Z hint: is subject to change. To configure the initial branch name to use in all
2025-02-03T15:21:45.8176470Z hint: of your new repositories, which will suppress this warning, call:
2025-02-03T15:21:45.8177370Z hint:
2025-02-03T15:21:45.8178040Z hint: 	git config --global init.defaultBranch <name>
2025-02-03T15:21:45.8178810Z hint:
2025-02-03T15:21:45.8179530Z hint: Names commonly chosen instead of 'master' are 'main', 'trunk' and
2025-02-03T15:21:45.8180770Z hint: 'development'. The just-created branch can be renamed via this command:
2025-02-03T15:21:45.8181740Z hint:
2025-02-03T15:21:45.8182240Z hint: 	git branch -m <name>
2025-02-03T15:21:45.8183130Z Initialized empty Git repository in /Users/runner/work/tardis/tardis/.git/
2025-02-03T15:21:45.8185390Z [command]/opt/homebrew/bin/git remote add origin https://github.com/tardis-sn/tardis
2025-02-03T15:21:45.8244780Z ##[endgroup]
2025-02-03T15:21:45.8245800Z ##[group]Disabling automatic garbage collection
2025-02-03T15:21:45.8246890Z [command]/opt/homebrew/bin/git config --local gc.auto 0
2025-02-03T15:21:45.8286950Z ##[endgroup]
2025-02-03T15:21:45.8287860Z ##[group]Setting up auth
2025-02-03T15:21:45.8291030Z [command]/opt/homebrew/bin/git config --local --name-only --get-regexp core\.sshCommand
2025-02-03T15:21:45.8332320Z [command]/opt/homebrew/bin/git submodule foreach --recursive sh -c "git config --local --name-only --get-regexp 'core\.sshCommand' && git config --local --unset-all 'core.sshCommand' || :"
2025-02-03T15:21:45.8929170Z [command]/opt/homebrew/bin/git config --local --name-only --get-regexp http\.https\:\/\/github\.com\/\.extraheader
2025-02-03T15:21:45.8968130Z [command]/opt/homebrew/bin/git submodule foreach --recursive sh -c "git config --local --name-only --get-regexp 'http\.https\:\/\/github\.com\/\.extraheader' && git config --local --unset-all 'http.https://github.com/.extraheader' || :"
2025-02-03T15:21:45.9425120Z [command]/opt/homebrew/bin/git config --local http.https://github.com/.extraheader AUTHORIZATION: basic ***
2025-02-03T15:21:45.9492850Z ##[endgroup]
2025-02-03T15:21:45.9501280Z ##[group]Fetching the repository
2025-02-03T15:21:45.9555630Z [command]/opt/homebrew/bin/git -c protocol.version=2 fetch --no-tags --prune --no-recurse-submodules --depth=1 origin +02bf2af46cac329b9639bb4634e1f6966c71a654:refs/remotes/pull/2965/merge
2025-02-03T15:21:47.9990340Z From https://github.com/tardis-sn/tardis
2025-02-03T15:21:48.0039060Z  * [new ref]         02bf2af46cac329b9639bb4634e1f6966c71a654 -> pull/2965/merge
2025-02-03T15:21:48.0153600Z ##[endgroup]
2025-02-03T15:21:48.0154260Z ##[group]Determining the checkout info
2025-02-03T15:21:48.0154720Z ##[endgroup]
2025-02-03T15:21:48.0157560Z [command]/opt/homebrew/bin/git sparse-checkout disable
2025-02-03T15:21:48.0215860Z [command]/opt/homebrew/bin/git config --local --unset-all extensions.worktreeConfig
2025-02-03T15:21:48.0265320Z ##[group]Checking out the ref
2025-02-03T15:21:48.0267990Z [command]/opt/homebrew/bin/git checkout --progress --force refs/remotes/pull/2965/merge
2025-02-03T15:21:48.2593370Z HEAD is now at 02bf2af Merge 195d5d3e3764ef55440d5a9957af3c9282791d7c into 34c0a4ffd8db5db3e4a77fea9b6f2bea865123a1
2025-02-03T15:21:48.2600100Z ##[endgroup]
2025-02-03T15:21:48.2667500Z [command]/opt/homebrew/bin/git log -1 --format=%H
2025-02-03T15:21:48.2717280Z 02bf2af46cac329b9639bb4634e1f6966c71a654
2025-02-03T15:21:48.3168280Z Prepare all required actions
2025-02-03T15:21:48.3168640Z Getting action download info
2025-02-03T15:21:48.4720820Z Download action repository 'actions/cache@v4' (SHA:1bd1e32a3bdc45362d1e726936510720a7c30a57)
2025-02-03T15:21:48.6174420Z ##[group]Run ./.github/actions/setup_lfs
2025-02-03T15:21:48.6174680Z with:
2025-02-03T15:21:48.6174880Z   regression-data-repo: tardis-sn/tardis-regression-data
2025-02-03T15:21:48.6175130Z   atom-data-sparse: false
2025-02-03T15:21:48.6175310Z env:
2025-02-03T15:21:48.6175680Z   CACHE_NUMBER: 0
2025-02-03T15:21:48.6176190Z   PYTEST_FLAGS: --tardis-regression-data=/Users/runner/work/tardis/tardis/tardis-regression-data --cov=tardis --cov-report=xml --cov-report=html --cov-append
2025-02-03T15:21:48.6176700Z   CODECOV_TOKEN: 
2025-02-03T15:21:48.6176860Z ##[endgroup]
2025-02-03T15:21:48.6338130Z ##[group]Run actions/checkout@v4
2025-02-03T15:21:48.6338510Z with:
2025-02-03T15:21:48.6338700Z   repository: tardis-sn/tardis-regression-data
2025-02-03T15:21:48.6339000Z   path: tardis-regression-data
2025-02-03T15:21:48.6339680Z   lfs: false
2025-02-03T15:21:48.6339940Z   token: ***
2025-02-03T15:21:48.6340090Z   ssh-strict: true
2025-02-03T15:21:48.6340250Z   ssh-user: git
2025-02-03T15:21:48.6340410Z   persist-credentials: true
2025-02-03T15:21:48.6340640Z   clean: true
2025-02-03T15:21:48.6340800Z   sparse-checkout-cone-mode: true
2025-02-03T15:21:48.6340980Z   fetch-depth: 1
2025-02-03T15:21:48.6341140Z   fetch-tags: false
2025-02-03T15:21:48.6341290Z   show-progress: true
2025-02-03T15:21:48.6341500Z   submodules: false
2025-02-03T15:21:48.6341710Z   set-safe-directory: true
2025-02-03T15:21:48.6341880Z env:
2025-02-03T15:21:48.6342000Z   CACHE_NUMBER: 0
2025-02-03T15:21:48.6342650Z   PYTEST_FLAGS: --tardis-regression-data=/Users/runner/work/tardis/tardis/tardis-regression-data --cov=tardis --cov-report=xml --cov-report=html --cov-append
2025-02-03T15:21:48.6343200Z   CODECOV_TOKEN: 
2025-02-03T15:21:48.6343350Z ##[endgroup]
2025-02-03T15:21:48.7193170Z Syncing repository: tardis-sn/tardis-regression-data
2025-02-03T15:21:48.7194140Z ##[group]Getting Git version info
2025-02-03T15:21:48.7194620Z Working directory is '/Users/runner/work/tardis/tardis/tardis-regression-data'
2025-02-03T15:21:48.7220660Z [command]/opt/homebrew/bin/git version
2025-02-03T15:21:48.7313520Z git version 2.48.1
2025-02-03T15:21:48.7317640Z ##[endgroup]
2025-02-03T15:21:48.7319830Z Copying '/Users/runner/.gitconfig' to '/Users/runner/work/_temp/9f8f8694-7789-494e-9b68-ac92d4f67699/.gitconfig'
2025-02-03T15:21:48.7429680Z Temporarily overriding HOME='/Users/runner/work/_temp/9f8f8694-7789-494e-9b68-ac92d4f67699' before making global git config changes
2025-02-03T15:21:48.7430720Z Adding repository directory to the temporary git global config as a safe directory
2025-02-03T15:21:48.7432860Z [command]/opt/homebrew/bin/git config --global --add safe.directory /Users/runner/work/tardis/tardis/tardis-regression-data
2025-02-03T15:21:48.7494170Z ##[group]Initializing the repository
2025-02-03T15:21:48.7497530Z [command]/opt/homebrew/bin/git init /Users/runner/work/tardis/tardis/tardis-regression-data
2025-02-03T15:21:48.7571660Z hint: Using 'master' as the name for the initial branch. This default branch name
2025-02-03T15:21:48.7572450Z hint: is subject to change. To configure the initial branch name to use in all
2025-02-03T15:21:48.7573130Z hint: of your new repositories, which will suppress this warning, call:
2025-02-03T15:21:48.7573600Z hint:
2025-02-03T15:21:48.7573950Z hint: 	git config --global init.defaultBranch <name>
2025-02-03T15:21:48.7574320Z hint:
2025-02-03T15:21:48.7574670Z hint: Names commonly chosen instead of 'master' are 'main', 'trunk' and
2025-02-03T15:21:48.7575290Z hint: 'development'. The just-created branch can be renamed via this command:
2025-02-03T15:21:48.7577030Z hint:
2025-02-03T15:21:48.7577370Z hint: 	git branch -m <name>
2025-02-03T15:21:48.7578010Z Initialized empty Git repository in /Users/runner/work/tardis/tardis/tardis-regression-data/.git/
2025-02-03T15:21:48.7580350Z [command]/opt/homebrew/bin/git remote add origin https://github.com/tardis-sn/tardis-regression-data
2025-02-03T15:21:48.7646480Z ##[endgroup]
2025-02-03T15:21:48.7647170Z ##[group]Disabling automatic garbage collection
2025-02-03T15:21:48.7649870Z [command]/opt/homebrew/bin/git config --local gc.auto 0
2025-02-03T15:21:48.7810330Z ##[endgroup]
2025-02-03T15:21:48.7810770Z ##[group]Setting up auth
2025-02-03T15:21:48.7811280Z [command]/opt/homebrew/bin/git config --local --name-only --get-regexp core\.sshCommand
2025-02-03T15:21:48.7961720Z [command]/opt/homebrew/bin/git submodule foreach --recursive sh -c "git config --local --name-only --get-regexp 'core\.sshCommand' && git config --local --unset-all 'core.sshCommand' || :"
2025-02-03T15:21:48.8530710Z [command]/opt/homebrew/bin/git config --local --name-only --get-regexp http\.https\:\/\/github\.com\/\.extraheader
2025-02-03T15:21:48.8555890Z [command]/opt/homebrew/bin/git submodule foreach --recursive sh -c "git config --local --name-only --get-regexp 'http\.https\:\/\/github\.com\/\.extraheader' && git config --local --unset-all 'http.https://github.com/.extraheader' || :"
2025-02-03T15:21:48.9100140Z [command]/opt/homebrew/bin/git config --local http.https://github.com/.extraheader AUTHORIZATION: basic ***
2025-02-03T15:21:48.9268570Z ##[endgroup]
2025-02-03T15:21:48.9277230Z ##[group]Determining the default branch
2025-02-03T15:21:48.9277910Z Retrieving the default branch name
2025-02-03T15:21:49.4511590Z Default branch 'main'
2025-02-03T15:21:49.4516130Z ##[endgroup]
2025-02-03T15:21:49.4531910Z ##[group]Fetching the repository
2025-02-03T15:21:49.4566330Z [command]/opt/homebrew/bin/git -c protocol.version=2 fetch --no-tags --prune --no-recurse-submodules --depth=1 origin +refs/heads/main:refs/remotes/origin/main
2025-02-03T15:21:50.4125130Z From https://github.com/tardis-sn/tardis-regression-data
2025-02-03T15:21:50.4126570Z  * [new branch]      main       -> origin/main
2025-02-03T15:21:50.4178190Z ##[endgroup]
2025-02-03T15:21:50.4178620Z ##[group]Determining the checkout info
2025-02-03T15:21:50.4179030Z ##[endgroup]
2025-02-03T15:21:50.4181680Z [command]/opt/homebrew/bin/git sparse-checkout disable
2025-02-03T15:21:50.4231240Z [command]/opt/homebrew/bin/git config --local --unset-all extensions.worktreeConfig
2025-02-03T15:21:50.4285350Z ##[group]Checking out the ref
2025-02-03T15:21:50.4287690Z [command]/opt/homebrew/bin/git checkout --progress --force -B main refs/remotes/origin/main
2025-02-03T15:21:50.7285180Z Switched to a new branch 'main'
2025-02-03T15:21:50.7287180Z branch 'main' set up to track 'origin/main'.
2025-02-03T15:21:50.8211560Z ##[endgroup]
2025-02-03T15:21:50.8266400Z [command]/opt/homebrew/bin/git log -1 --format=%H
2025-02-03T15:21:50.8304860Z fa7729bc9c30e14b69acd641af8b692b56fcd416
2025-02-03T15:21:50.8475970Z ##[group]Run if [ "false" == "true" ]; then
2025-02-03T15:21:50.8476230Z [36;1mif [ "false" == "true" ]; then[0m
2025-02-03T15:21:50.8476440Z [36;1m  echo "Using atom data sparse checkout"[0m
2025-02-03T15:21:50.8476740Z [36;1m  echo "atom_data/kurucz_cd23_chianti_H_He.h5" > .lfs-files-list[0m
2025-02-03T15:21:50.8476990Z [36;1melse[0m
2025-02-03T15:21:50.8477140Z [36;1m  echo "Using full repository checkout"[0m
2025-02-03T15:21:50.8477430Z [36;1m  git lfs ls-files -l | cut -d' ' -f1 | sort > .lfs-files-list[0m
2025-02-03T15:21:50.8477650Z [36;1mfi[0m
2025-02-03T15:21:50.8648370Z shell: /bin/bash --noprofile --norc -e -o pipefail {0}
2025-02-03T15:21:50.8648630Z env:
2025-02-03T15:21:50.8648750Z   CACHE_NUMBER: 0
2025-02-03T15:21:50.8649200Z   PYTEST_FLAGS: --tardis-regression-data=/Users/runner/work/tardis/tardis/tardis-regression-data --cov=tardis --cov-report=xml --cov-report=html --cov-append
2025-02-03T15:21:50.8649680Z   CODECOV_TOKEN: 
2025-02-03T15:21:50.8649810Z ##[endgroup]
2025-02-03T15:21:50.8955820Z Using full repository checkout
2025-02-03T15:21:51.0968630Z ##[group]Run actions/cache/restore@v4
2025-02-03T15:21:51.0968900Z with:
2025-02-03T15:21:51.0969380Z   path: tardis-regression-data/.git/lfs
2025-02-03T15:21:51.0969890Z   key: tardis-regression-full-data-21f9fa4b6817cc69b9fae3598144724da7828e276a73bd17f47a2a49d9af090a-tardis-sn/tardis-regression-data-v1
2025-02-03T15:21:51.0970590Z   fail-on-cache-miss: true
2025-02-03T15:21:51.0970770Z   enableCrossOsArchive: false
2025-02-03T15:21:51.0970940Z   lookup-only: false
2025-02-03T15:21:51.0971090Z env:
2025-02-03T15:21:51.0971210Z   CACHE_NUMBER: 0
2025-02-03T15:21:51.0971680Z   PYTEST_FLAGS: --tardis-regression-data=/Users/runner/work/tardis/tardis/tardis-regression-data --cov=tardis --cov-report=xml --cov-report=html --cov-append
2025-02-03T15:21:51.0972170Z   CODECOV_TOKEN: 
2025-02-03T15:21:51.0972320Z ##[endgroup]
2025-02-03T15:21:52.6276650Z Received 41943040 of 1707218436 (2.5%), 40.0 MBs/sec
2025-02-03T15:21:53.6285040Z Received 121634816 of 1707218436 (7.1%), 57.9 MBs/sec
2025-02-03T15:21:54.6294300Z Received 197132288 of 1707218436 (11.5%), 62.6 MBs/sec
2025-02-03T15:21:55.6305270Z Received 289406976 of 1707218436 (17.0%), 68.9 MBs/sec
2025-02-03T15:21:56.6379670Z Received 377487360 of 1707218436 (22.1%), 71.9 MBs/sec
2025-02-03T15:21:57.6379780Z Received 448790528 of 1707218436 (26.3%), 71.2 MBs/sec
2025-02-03T15:21:58.6379780Z Received 545259520 of 1707218436 (31.9%), 74.2 MBs/sec
2025-02-03T15:21:59.6384970Z Received 637534208 of 1707218436 (37.3%), 75.9 MBs/sec
2025-02-03T15:22:00.6390980Z Received 713031680 of 1707218436 (41.8%), 75.5 MBs/sec
2025-02-03T15:22:01.6395320Z Received 805306368 of 1707218436 (47.2%), 76.7 MBs/sec
2025-02-03T15:22:02.6400270Z Received 868220928 of 1707218436 (50.9%), 75.2 MBs/sec
2025-02-03T15:22:03.6414530Z Received 931135488 of 1707218436 (54.5%), 73.9 MBs/sec
2025-02-03T15:22:04.6420880Z Received 1019215872 of 1707218436 (59.7%), 74.7 MBs/sec
2025-02-03T15:22:05.6454980Z Received 1107296256 of 1707218436 (64.9%), 75.3 MBs/sec
2025-02-03T15:22:06.6573200Z Received 1182793728 of 1707218436 (69.3%), 75.0 MBs/sec
2025-02-03T15:22:07.6577190Z Received 1270874112 of 1707218436 (74.4%), 75.6 MBs/sec
2025-02-03T15:22:08.6579320Z Received 1337982976 of 1707218436 (78.4%), 74.9 MBs/sec
2025-02-03T15:22:09.6589320Z Received 1417674752 of 1707218436 (83.0%), 75.0 MBs/sec
2025-02-03T15:22:10.6640690Z Received 1514143744 of 1707218436 (88.7%), 75.9 MBs/sec
2025-02-03T15:22:11.6624690Z Received 1593835520 of 1707218436 (93.4%), 75.9 MBs/sec
2025-02-03T15:22:12.6779080Z Received 1660944384 of 1707218436 (97.3%), 75.3 MBs/sec
2025-02-03T15:22:13.6753040Z Received 1707218436 of 1707218436 (100.0%), 73.8 MBs/sec
2025-02-03T15:22:13.9132590Z Cache Size: ~1628 MB (1707218436 B)
2025-02-03T15:22:13.9329860Z [command]/opt/homebrew/bin/gtar -xf /Users/runner/work/_temp/2853309b-b099-414c-978f-eaace3c1e443/cache.tzst -P -C /Users/runner/work/tardis/tardis --delay-directory-restore --use-compress-program unzstd
2025-02-03T15:22:21.1249370Z Cache restored successfully
2025-02-03T15:22:21.2586230Z Cache restored from key: tardis-regression-full-data-21f9fa4b6817cc69b9fae3598144724da7828e276a73bd17f47a2a49d9af090a-tardis-sn/tardis-regression-data-v1
2025-02-03T15:22:21.2788060Z ##[group]Run git lfs checkout
2025-02-03T15:22:21.2788400Z [36;1mgit lfs checkout[0m
2025-02-03T15:22:21.2871070Z shell: /bin/bash --noprofile --norc -e -o pipefail {0}
2025-02-03T15:22:21.2871370Z env:
2025-02-03T15:22:21.2871610Z   CACHE_NUMBER: 0
2025-02-03T15:22:21.2908170Z   PYTEST_FLAGS: --tardis-regression-data=/Users/runner/work/tardis/tardis/tardis-regression-data --cov=tardis --cov-report=xml --cov-report=html --cov-append
2025-02-03T15:22:21.2908690Z   CODECOV_TOKEN: 
2025-02-03T15:22:21.2908830Z ##[endgroup]
2025-02-03T15:22:31.1531250Z Checking out LFS objects: 100% (204/204), 3.5 GB | 282 MB/s, done.
2025-02-03T15:22:39.1338510Z Prepare all required actions
2025-02-03T15:22:39.1339060Z Getting action download info
2025-02-03T15:22:39.2685900Z Download action repository 'mamba-org/setup-micromamba@v1' (SHA:4b9113af4fba0e9e1124b252dd6497a419e7396d)
2025-02-03T15:22:40.4513980Z ##[group]Run ./.github/actions/setup_env
2025-02-03T15:22:40.4514310Z with:
2025-02-03T15:22:40.4514540Z   os-label: osx-arm64
2025-02-03T15:22:40.4514730Z env:
2025-02-03T15:22:40.4514930Z   CACHE_NUMBER: 0
2025-02-03T15:22:40.4515410Z   PYTEST_FLAGS: --tardis-regression-data=/Users/runner/work/tardis/tardis/tardis-regression-data --cov=tardis --cov-report=xml --cov-report=html --cov-append
2025-02-03T15:22:40.4516320Z   CODECOV_TOKEN: 
2025-02-03T15:22:40.4516500Z ##[endgroup]
2025-02-03T15:22:40.4559470Z ##[group]Run file_hash=$(cat conda-osx-arm64.lock | shasum -a 256 | cut -d' ' -f1)
2025-02-03T15:22:40.4559920Z [36;1mfile_hash=$(cat conda-osx-arm64.lock | shasum -a 256 | cut -d' ' -f1)[0m
2025-02-03T15:22:40.4560400Z [36;1mecho "file_hash=tardis-conda-env-osx-arm64-${file_hash}-v1" >> "${GITHUB_OUTPUT}"[0m
2025-02-03T15:22:40.4607620Z shell: /bin/bash --noprofile --norc -e -o pipefail {0}
2025-02-03T15:22:40.4607850Z env:
2025-02-03T15:22:40.4607960Z   CACHE_NUMBER: 0
2025-02-03T15:22:40.4608410Z   PYTEST_FLAGS: --tardis-regression-data=/Users/runner/work/tardis/tardis/tardis-regression-data --cov=tardis --cov-report=xml --cov-report=html --cov-append
2025-02-03T15:22:40.4608870Z   CODECOV_TOKEN: 
2025-02-03T15:22:40.4609020Z ##[endgroup]
2025-02-03T15:22:40.6189840Z ##[group]Run mamba-org/setup-micromamba@v1
2025-02-03T15:22:40.6190080Z with:
2025-02-03T15:22:40.6190220Z   environment-file: conda-osx-arm64.lock
2025-02-03T15:22:40.6190660Z   cache-environment-key: tardis-conda-env-osx-arm64-bf0d0a4d4c847cca72476c6c68c493d56c484aada7e80de0e42c7607fcef5824-v1
2025-02-03T15:22:40.6191290Z   cache-downloads-key: tardis-conda-env-osx-arm64-bf0d0a4d4c847cca72476c6c68c493d56c484aada7e80de0e42c7607fcef5824-v1
2025-02-03T15:22:40.6191720Z   environment-name: tardis
2025-02-03T15:22:40.6191910Z   cache-environment: true
2025-02-03T15:22:40.6192070Z   cache-downloads: true
2025-02-03T15:22:40.6192220Z env:
2025-02-03T15:22:40.6192330Z   CACHE_NUMBER: 0
2025-02-03T15:22:40.6192770Z   PYTEST_FLAGS: --tardis-regression-data=/Users/runner/work/tardis/tardis/tardis-regression-data --cov=tardis --cov-report=xml --cov-report=html --cov-append
2025-02-03T15:22:40.6193250Z   CODECOV_TOKEN: 
2025-02-03T15:22:40.6193390Z ##[endgroup]
2025-02-03T15:22:41.0730150Z Will download micromamba to /Users/runner/micromamba-bin/micromamba
2025-02-03T15:22:41.0734060Z ##[group]Install micromamba
2025-02-03T15:22:41.9528340Z micromamba installed to /Users/runner/micromamba-bin/micromamba
2025-02-03T15:22:41.9629870Z ##[endgroup]
2025-02-03T15:22:41.9699570Z Adding conda-forge to condarc channels ...
2025-02-03T15:22:41.9700420Z ##[group]Initialize micromamba for bash.
2025-02-03T15:22:41.9701920Z [command]/Users/runner/micromamba-bin/micromamba shell init -s bash -r /Users/runner/micromamba --log-level warning --rc-file /Users/runner/work/_temp/setup-micromamba/.condarc
2025-02-03T15:22:41.9879020Z Modifying RC file "/Users/runner/.bash_profile"
2025-02-03T15:22:41.9904710Z Generating config for root prefix [1m"/Users/runner/micromamba"[0m
2025-02-03T15:22:41.9906370Z Setting mamba executable to: [1m"/Users/runner/micromamba-bin/micromamba"[0m
2025-02-03T15:22:41.9907170Z Adding (or replacing) the following in your "/Users/runner/.bash_profile" file
2025-02-03T15:22:41.9907810Z 
2025-02-03T15:22:41.9908250Z # >>> mamba initialize >>>
2025-02-03T15:22:41.9908830Z # !! Contents within this block are managed by 'mamba init' !!
2025-02-03T15:22:41.9909540Z export MAMBA_EXE='/Users/runner/micromamba-bin/micromamba';
2025-02-03T15:22:41.9910190Z export MAMBA_ROOT_PREFIX='/Users/runner/micromamba';
2025-02-03T15:22:41.9911180Z __mamba_setup="$("$MAMBA_EXE" shell hook --shell bash --root-prefix "$MAMBA_ROOT_PREFIX" 2> /dev/null)"
2025-02-03T15:22:41.9912720Z if [ $? -eq 0 ]; then
2025-02-03T15:22:41.9913310Z     eval "$__mamba_setup"
2025-02-03T15:22:41.9913820Z else
2025-02-03T15:22:41.9914450Z     alias micromamba="$MAMBA_EXE"  # Fallback on help from mamba activate
2025-02-03T15:22:41.9915890Z fi
2025-02-03T15:22:41.9930290Z unset __mamba_setup
2025-02-03T15:22:41.9930940Z # <<< mamba initialize <<<
2025-02-03T15:22:41.9931360Z 
2025-02-03T15:22:41.9932100Z ##[endgroup]
2025-02-03T15:22:41.9933370Z ##[group]Restoring downloads from `/Users/runner/micromamba/pkgs` ...
2025-02-03T15:22:43.3844580Z Received 37748736 of 310594474 (12.2%), 35.8 MBs/sec
2025-02-03T15:22:44.3915030Z Received 92274688 of 310594474 (29.7%), 43.7 MBs/sec
2025-02-03T15:22:45.3937330Z Received 167772160 of 310594474 (54.0%), 53.1 MBs/sec
2025-02-03T15:22:46.4370820Z Received 234881024 of 310594474 (75.6%), 55.3 MBs/sec
2025-02-03T15:22:47.3127350Z Cache Size: ~296 MB (310594474 B)
2025-02-03T15:22:47.3157380Z [command]/opt/homebrew/bin/gtar -xf /Users/runner/work/_temp/9cf953a3-f993-4271-96d7-5bee244963d8/cache.tzst -P -C /Users/runner/work/tardis/tardis --delay-directory-restore --use-compress-program unzstd
2025-02-03T15:22:47.4306540Z Received 310594474 of 310594474 (100.0%), 58.6 MBs/sec
2025-02-03T15:22:48.0307540Z Cache restored successfully
2025-02-03T15:22:48.0335090Z Restored cache with key `tardis-conda-env-osx-arm64-bf0d0a4d4c847cca72476c6c68c493d56c484aada7e80de0e42c7607fcef5824-v1-osx-arm64`
2025-02-03T15:22:48.0336070Z ##[endgroup]
2025-02-03T15:22:48.0362700Z ##[group]Restoring environment `tardis` from `/Users/runner/micromamba/envs/tardis` ...
2025-02-03T15:22:49.3629100Z Received 37748736 of 385513979 (9.8%), 36.0 MBs/sec
2025-02-03T15:22:50.3634160Z Received 104857600 of 385513979 (27.2%), 50.0 MBs/sec
2025-02-03T15:22:51.3728360Z Received 171966464 of 385513979 (44.6%), 54.6 MBs/sec
2025-02-03T15:22:52.3662330Z Received 247463936 of 385513979 (64.2%), 58.9 MBs/sec
2025-02-03T15:22:53.3737070Z Received 306184192 of 385513979 (79.4%), 58.3 MBs/sec
2025-02-03T15:22:54.3744040Z Received 373293056 of 385513979 (96.8%), 59.3 MBs/sec
2025-02-03T15:22:54.4415070Z Cache Size: ~368 MB (385513979 B)
2025-02-03T15:22:54.4513080Z [command]/opt/homebrew/bin/gtar -xf /Users/runner/work/_temp/8e468661-2803-4493-bfa6-e47cde38b5de/cache.tzst -P -C /Users/runner/work/tardis/tardis --delay-directory-restore --use-compress-program unzstd
2025-02-03T15:22:55.3694330Z Received 385513979 of 385513979 (100.0%), 52.5 MBs/sec
2025-02-03T15:23:06.9795990Z Cache restored successfully
2025-02-03T15:23:06.9901460Z Restored cache with key `tardis-conda-env-osx-arm64-bf0d0a4d4c847cca72476c6c68c493d56c484aada7e80de0e42c7607fcef5824-v1-osx-arm64-tardis-args-4f53cda-root-873f6fe-bin-[object Promise]-file-bf0d0a4d4c847cca72476c6c68c493d56c484aada7e80de0e42c7607fcef5824`
2025-02-03T15:23:06.9992270Z ##[endgroup]
2025-02-03T15:23:07.0008550Z Adding environment tardis to auto-activate bash ...
2025-02-03T15:23:07.0017620Z Generating micromamba run shell.
2025-02-03T15:23:07.0020070Z ##[endgroup]
2025-02-03T15:23:07.0021800Z Set environment variables.
2025-02-03T15:23:07.0038200Z ##[group]micromamba info
2025-02-03T15:23:07.0040390Z [command]/Users/runner/micromamba-bin/micromamba info -r /Users/runner/micromamba -n tardis
2025-02-03T15:23:07.4690640Z 
2025-02-03T15:23:07.4795110Z        libmamba version : 1.5.10
2025-02-03T15:23:07.4899540Z      micromamba version : 1.5.10
2025-02-03T15:23:07.4923400Z            curl version : libcurl/8.10.1 (OpenSSL/3.3.2) SecureTransport zlib/1.3.1 zstd/1.5.6 libssh2/1.11.0 nghttp2/1.58.0
2025-02-03T15:23:07.4924190Z      libarchive version : libarchive 3.7.4 zlib/1.2.13 bz2lib/1.0.8 libzstd/1.5.6
2025-02-03T15:23:07.4924680Z        envs directories : /Users/runner/micromamba/envs
2025-02-03T15:23:07.4925180Z           package cache : /Users/runner/micromamba/pkgs
2025-02-03T15:23:07.4925560Z                           /Users/runner/.mamba/pkgs
2025-02-03T15:23:07.4925980Z             environment : tardis
2025-02-03T15:23:07.4926330Z            env location : /Users/runner/micromamba/envs/tardis
2025-02-03T15:23:07.4930240Z       user config files : /Users/runner/.mambarc
2025-02-03T15:23:07.4930700Z  populated config files : /Users/runner/work/_temp/setup-micromamba/.condarc
2025-02-03T15:23:07.4931040Z        virtual packages : __unix=0=0
2025-02-03T15:23:07.4931330Z                           __osx=14.7.2=0
2025-02-03T15:23:07.4931610Z                           __archspec=1=arm64
2025-02-03T15:23:07.4932250Z                channels : https://conda.anaconda.org/conda-forge/osx-arm64
2025-02-03T15:23:07.4932640Z                           https://conda.anaconda.org/conda-forge/noarch
2025-02-03T15:23:07.4940220Z        base environment : /Users/runner/micromamba
2025-02-03T15:23:07.4940510Z                platform : osx-arm64
2025-02-03T15:23:07.4941050Z ##[endgroup]
2025-02-03T15:23:07.4941490Z ##[group]micromamba list
2025-02-03T15:23:07.4942050Z [command]/Users/runner/micromamba-bin/micromamba list -r /Users/runner/micromamba -n tardis
2025-02-03T15:23:07.8538280Z List of packages in environment: "/Users/runner/micromamba/envs/tardis"
2025-02-03T15:23:07.8538550Z 
2025-02-03T15:23:07.8538910Z   Name                           Version              Build                    Channel    
2025-02-03T15:23:07.8540310Z â”€â”€â”€â”€â”€â”€â”€â”€â”€â”€â”€â”€â”€â”€â”€â”€â”€â”€â”€â”€â”€â”€â”€â”€â”€â”€â”€â”€â”€â”€â”€â”€â”€â”€â”€â”€â”€â”€â”€â”€â”€â”€â”€â”€â”€â”€â”€â”€â”€â”€â”€â”€â”€â”€â”€â”€â”€â”€â”€â”€â”€â”€â”€â”€â”€â”€â”€â”€â”€â”€â”€â”€â”€â”€â”€â”€â”€â”€â”€â”€â”€â”€â”€â”€â”€â”€â”€â”€â”€â”€â”€â”€
2025-02-03T15:23:07.8541040Z   alabaster                      0.7.16               pyhd8ed1ab_0             conda-forge
2025-02-03T15:23:07.8541510Z   anyio                          4.4.0                pyhd8ed1ab_0             conda-forge
2025-02-03T15:23:07.8541960Z   appnope                        0.1.4                pyhd8ed1ab_0             conda-forge
2025-02-03T15:23:07.8542410Z   argon2-cffi                    23.1.0               pyhd8ed1ab_0             conda-forge
2025-02-03T15:23:07.8542850Z   argon2-cffi-bindings           21.2.0               py312h02f2b3b_4          conda-forge
2025-02-03T15:23:07.8543330Z   arrow                          1.3.0                pyhd8ed1ab_0             conda-forge
2025-02-03T15:23:07.8543750Z   astropy                        6.1.1                py312hbebd99a_0          conda-forge
2025-02-03T15:23:07.8544140Z   astropy-iers-data              0.2024.6.17.0.31.35  pyhd8ed1ab_0             conda-forge
2025-02-03T15:23:07.8546180Z   astropy-sphinx-theme           1.1                  pyhd8ed1ab_0             conda-forge
2025-02-03T15:23:07.8546640Z   asttokens                      2.4.1                pyhd8ed1ab_0             conda-forge
2025-02-03T15:23:07.8547110Z   async-lru                      2.0.4                pyhd8ed1ab_0             conda-forge
2025-02-03T15:23:07.8547460Z   atk-1.0                        2.38.0               hd03087b_2               conda-forge
2025-02-03T15:23:07.8547910Z   attrs                          23.2.0               pyh71513ae_0             conda-forge
2025-02-03T15:23:07.8548280Z   babel                          2.14.0               pyhd8ed1ab_0             conda-forge
2025-02-03T15:23:07.8548710Z   beautifulsoup4                 4.12.3               pyha770c72_0             conda-forge
2025-02-03T15:23:07.8549090Z   bleach                         6.1.0                pyhd8ed1ab_0             conda-forge
2025-02-03T15:23:07.8549480Z   blosc                          1.21.5               h9c252e8_1               conda-forge
2025-02-03T15:23:07.8549910Z   brotli                         1.1.0                hb547adb_1               conda-forge
2025-02-03T15:23:07.8550290Z   brotli-bin                     1.1.0                hb547adb_1               conda-forge
2025-02-03T15:23:07.8550750Z   brotli-python                  1.1.0                py312h9f69965_1          conda-forge
2025-02-03T15:23:07.8551180Z   bzip2                          1.0.8                h93a5062_5               conda-forge
2025-02-03T15:23:07.8551660Z   c-ares                         1.28.1               h93a5062_0               conda-forge
2025-02-03T15:23:07.8552100Z   c-blosc2                       2.14.4               ha57e6be_1               conda-forge
2025-02-03T15:23:07.8552940Z   ca-certificates                2024.6.2             hf0a4a13_0               conda-forge
2025-02-03T15:23:07.8553350Z   cached-property                1.5.2                hd8ed1ab_1               conda-forge
2025-02-03T15:23:07.8553810Z   cached_property                1.5.2                pyha770c72_1             conda-forge
2025-02-03T15:23:07.8554200Z   cairo                          1.18.0               hd1e100b_0               conda-forge
2025-02-03T15:23:07.8554790Z   certifi                        2024.6.2             pyhd8ed1ab_0             conda-forge
2025-02-03T15:23:07.8555560Z   cffi                           1.16.0               py312h8e38eb3_0          conda-forge
2025-02-03T15:23:07.8555990Z   charset-normalizer             3.3.2                pyhd8ed1ab_0             conda-forge
2025-02-03T15:23:07.8556460Z   click                          8.1.7                unix_pyh707e725_0        conda-forge
2025-02-03T15:23:07.8556910Z   codespell                      2.3.0                pyhd8ed1ab_0             conda-forge
2025-02-03T15:23:07.8557260Z   colorama                       0.4.6                pyhd8ed1ab_0             conda-forge
2025-02-03T15:23:07.8557740Z   comm                           0.2.2                pyhd8ed1ab_0             conda-forge
2025-02-03T15:23:07.8558240Z   commonmark                     0.9.1                py_0                     conda-forge
2025-02-03T15:23:07.8558640Z   contourpy                      1.2.1                py312h0fef576_0          conda-forge
2025-02-03T15:23:07.8559000Z   coverage                       7.5.3                py312h7e5086c_0          conda-forge
2025-02-03T15:23:07.8559510Z   cycler                         0.12.1               pyhd8ed1ab_0             conda-forge
2025-02-03T15:23:07.8559910Z   dataclasses                    0.8                  pyhc8e2a94_3             conda-forge
2025-02-03T15:23:07.8560440Z   debugpy                        1.8.1                py312h20a0b95_0          conda-forge
2025-02-03T15:23:07.8560930Z   decorator                      5.1.1                pyhd8ed1ab_0             conda-forge
2025-02-03T15:23:07.8561550Z   defusedxml                     0.7.1                pyhd8ed1ab_0             conda-forge
2025-02-03T15:23:07.8562190Z   docutils                       0.20.1               py312h81bd7bf_3          conda-forge
2025-02-03T15:23:07.8562580Z   dot2tex                        2.11.3               pyhd8ed1ab_0             conda-forge
2025-02-03T15:23:07.8563110Z   entrypoints                    0.4                  pyhd8ed1ab_0             conda-forge
2025-02-03T15:23:07.8563560Z   exceptiongroup                 1.2.0                pyhd8ed1ab_2             conda-forge
2025-02-03T15:23:07.8563980Z   executing                      2.0.1                pyhd8ed1ab_0             conda-forge
2025-02-03T15:23:07.8564310Z   expat                          2.6.2                hebf3989_0               conda-forge
2025-02-03T15:23:07.8564800Z   font-ttf-dejavu-sans-mono      2.37                 hab24e00_0               conda-forge
2025-02-03T15:23:07.8565210Z   font-ttf-inconsolata           3.000                h77eed37_0               conda-forge
2025-02-03T15:23:07.8565640Z   font-ttf-source-code-pro       2.038                h77eed37_0               conda-forge
2025-02-03T15:23:07.8566030Z   font-ttf-ubuntu                0.83                 h77eed37_2               conda-forge
2025-02-03T15:23:07.8566430Z   fontconfig                     2.14.2               h82840c6_0               conda-forge
2025-02-03T15:23:07.8566790Z   fonts-conda-ecosystem          1                    0                        conda-forge
2025-02-03T15:23:07.8567220Z   fonts-conda-forge              1                    0                        conda-forge
2025-02-03T15:23:07.8567680Z   fonttools                      4.53.0               py312h7e5086c_0          conda-forge
2025-02-03T15:23:07.8568110Z   fqdn                           1.5.1                pyhd8ed1ab_0             conda-forge
2025-02-03T15:23:07.8568680Z   freetype                       2.12.1               hadb7bae_2               conda-forge
2025-02-03T15:23:07.8569010Z   fribidi                        1.0.10               h27ca646_0               conda-forge
2025-02-03T15:23:07.8569410Z   future                         1.0.0                pyhd8ed1ab_0             conda-forge
2025-02-03T15:23:07.8569750Z   gdk-pixbuf                     2.42.12              h7ddc832_0               conda-forge
2025-02-03T15:23:07.8570170Z   gettext                        0.22.5               h8fbad5d_2               conda-forge
2025-02-03T15:23:07.8570860Z   gettext-tools                  0.22.5               h8fbad5d_2               conda-forge
2025-02-03T15:23:07.8571230Z   giflib                         5.2.2                h93a5062_0               conda-forge
2025-02-03T15:23:07.8571540Z   git-lfs                        3.5.1                hce30654_0               conda-forge
2025-02-03T15:23:07.8571880Z   gmp                            6.3.0                hebf3989_1               conda-forge
2025-02-03T15:23:07.8572170Z   gmpy2                          2.1.5                py312hfa9fade_1          conda-forge
2025-02-03T15:23:07.8572540Z   graphite2                      1.3.13               hebf3989_1003            conda-forge
2025-02-03T15:23:07.8572880Z   graphviz                       11.0.0               h9bb9bc9_0               conda-forge
2025-02-03T15:23:07.8573260Z   gtk2                           2.24.33              h7895bb2_4               conda-forge
2025-02-03T15:23:07.8573570Z   gts                            0.7.6                he42f4ea_4               conda-forge
2025-02-03T15:23:07.8573930Z   h11                            0.14.0               pyhd8ed1ab_0             conda-forge
2025-02-03T15:23:07.8574240Z   h2                             4.1.0                pyhd8ed1ab_0             conda-forge
2025-02-03T15:23:07.8574670Z   h5py                           3.11.0               nompi_py312h903599c_102  conda-forge
2025-02-03T15:23:07.8575050Z   harfbuzz                       8.5.0                h1836168_0               conda-forge
2025-02-03T15:23:07.8575450Z   hdf5                           1.14.3               nompi_hec07895_105       conda-forge
2025-02-03T15:23:07.8575790Z   hpack                          4.0.0                pyh9f0ad1d_0             conda-forge
2025-02-03T15:23:07.8576730Z   httpcore                       1.0.5                pyhd8ed1ab_0             conda-forge
2025-02-03T15:23:07.8577070Z   httpx                          0.27.0               pyhd8ed1ab_0             conda-forge
2025-02-03T15:23:07.8577470Z   hyperframe                     6.0.1                pyhd8ed1ab_0             conda-forge
2025-02-03T15:23:07.8577830Z   icu                            73.2                 hc8870d7_0               conda-forge
2025-02-03T15:23:07.8578200Z   idna                           3.7                  pyhd8ed1ab_0             conda-forge
2025-02-03T15:23:07.8578560Z   imagesize                      1.4.1                pyhd8ed1ab_0             conda-forge
2025-02-03T15:23:07.8578940Z   importlib-metadata             7.1.0                pyha770c72_0             conda-forge
2025-02-03T15:23:07.8579360Z   importlib_metadata             7.1.0                hd8ed1ab_0               conda-forge
2025-02-03T15:23:07.8579750Z   importlib_resources            6.4.0                pyhd8ed1ab_0             conda-forge
2025-02-03T15:23:07.8580180Z   iniconfig                      2.0.0                pyhd8ed1ab_0             conda-forge
2025-02-03T15:23:07.8580510Z   ipykernel                      6.29.4               pyh57ce528_0             conda-forge
2025-02-03T15:23:07.8580900Z   ipython                        8.25.0               pyh707e725_0             conda-forge
2025-02-03T15:23:07.8581270Z   ipython_genutils               0.2.0                pyhd8ed1ab_1             conda-forge
2025-02-03T15:23:07.8581690Z   ipywidgets                     7.8.0                pyhd8ed1ab_0             conda-forge
2025-02-03T15:23:07.8582420Z   isoduration                    20.11.0              pyhd8ed1ab_0             conda-forge
2025-02-03T15:23:07.8582900Z   jedi                           0.19.1               pyhd8ed1ab_0             conda-forge
2025-02-03T15:23:07.8583250Z   jinja2                         3.1.4                pyhd8ed1ab_0             conda-forge
2025-02-03T15:23:07.8583670Z   json5                          0.9.25               pyhd8ed1ab_0             conda-forge
2025-02-03T15:23:07.8584040Z   jsonpointer                    3.0.0                py312h81bd7bf_0          conda-forge
2025-02-03T15:23:07.8584580Z   jsonschema                     4.22.0               pyhd8ed1ab_0             conda-forge
2025-02-03T15:23:07.8585040Z   jsonschema-specifications      2023.12.1            pyhd8ed1ab_0             conda-forge
2025-02-03T15:23:07.8585460Z   jsonschema-with-format-nongpl  4.22.0               pyhd8ed1ab_0             conda-forge
2025-02-03T15:23:07.8585940Z   jupyter-lsp                    2.2.5                pyhd8ed1ab_0             conda-forge
2025-02-03T15:23:07.8586290Z   jupyter_client                 8.6.2                pyhd8ed1ab_0             conda-forge
2025-02-03T15:23:07.8586680Z   jupyter_core                   5.7.2                py312h81bd7bf_0          conda-forge
2025-02-03T15:23:07.8587050Z   jupyter_events                 0.10.0               pyhd8ed1ab_0             conda-forge
2025-02-03T15:23:07.8587470Z   jupyter_server                 2.14.1               pyhd8ed1ab_0             conda-forge
2025-02-03T15:23:07.8587870Z   jupyter_server_terminals       0.5.3                pyhd8ed1ab_0             conda-forge
2025-02-03T15:23:07.8588310Z   jupyterlab                     4.2.2                pyhd8ed1ab_0             conda-forge
2025-02-03T15:23:07.8588690Z   jupyterlab_pygments            0.3.0                pyhd8ed1ab_1             conda-forge
2025-02-03T15:23:07.8589090Z   jupyterlab_server              2.27.2               pyhd8ed1ab_0             conda-forge
2025-02-03T15:23:07.8589460Z   jupyterlab_widgets             1.1.7                pyhd8ed1ab_0             conda-forge
2025-02-03T15:23:07.8589880Z   kiwisolver                     1.4.5                py312h389731b_1          conda-forge
2025-02-03T15:23:07.8590230Z   krb5                           1.21.2               h92f50d5_0               conda-forge
2025-02-03T15:23:07.8590580Z   latexcodec                     2.0.1                pyh9f0ad1d_0             conda-forge
2025-02-03T15:23:07.8590940Z   lcms2                          2.16                 ha0e7c42_0               conda-forge
2025-02-03T15:23:07.8591310Z   lerc                           4.0.0                h9a09cb3_0               conda-forge
2025-02-03T15:23:07.8591670Z   libaec                         1.1.3                hebf3989_0               conda-forge
2025-02-03T15:23:07.8592010Z   libasprintf                    0.22.5               h8fbad5d_2               conda-forge
2025-02-03T15:23:07.8592400Z   libasprintf-devel              0.22.5               h8fbad5d_2               conda-forge
2025-02-03T15:23:07.8592750Z   libblas                        3.9.0                22_osxarm64_openblas     conda-forge
2025-02-03T15:23:07.8593130Z   libbrotlicommon                1.1.0                hb547adb_1               conda-forge
2025-02-03T15:23:07.8593510Z   libbrotlidec                   1.1.0                hb547adb_1               conda-forge
2025-02-03T15:23:07.8593900Z   libbrotlienc                   1.1.0                hb547adb_1               conda-forge
2025-02-03T15:23:07.8594230Z   libcblas                       3.9.0                22_osxarm64_openblas     conda-forge
2025-02-03T15:23:07.8594610Z   libcurl                        8.8.0                h7b6f9a7_0               conda-forge
2025-02-03T15:23:07.8594950Z   libcxx                         17.0.6               h5f092b4_0               conda-forge
2025-02-03T15:23:07.8595280Z   libdeflate                     1.20                 h93a5062_0               conda-forge
2025-02-03T15:23:07.8595900Z   libedit                        3.1.20191231         hc8eb9b7_2               conda-forge
2025-02-03T15:23:07.8596240Z   libev                          4.33                 h93a5062_2               conda-forge
2025-02-03T15:23:07.8596660Z   libexpat                       2.6.2                hebf3989_0               conda-forge
2025-02-03T15:23:07.8597000Z   libffi                         3.4.2                h3422bc3_5               conda-forge
2025-02-03T15:23:07.8597590Z   libgd                          2.3.3                hfdf3952_9               conda-forge
2025-02-03T15:23:07.8598510Z   libgettextpo                   0.22.5               h8fbad5d_2               conda-forge
2025-02-03T15:23:07.8598990Z   libgettextpo-devel             0.22.5               h8fbad5d_2               conda-forge
2025-02-03T15:23:07.8599390Z   libgfortran                    5.0.0                13_2_0_hd922786_3        conda-forge
2025-02-03T15:23:07.8599900Z   libgfortran5                   13.2.0               hf226fd6_3               conda-forge
2025-02-03T15:23:07.8600430Z   libglib                        2.80.2               h59d46d9_1               conda-forge
2025-02-03T15:23:07.8600870Z   libiconv                       1.17                 h0d3ecfb_2               conda-forge
2025-02-03T15:23:07.8601380Z   libintl                        0.22.5               h8fbad5d_2               conda-forge
2025-02-03T15:23:07.8601770Z   libintl-devel                  0.22.5               h8fbad5d_2               conda-forge
2025-02-03T15:23:07.8602210Z   libjpeg-turbo                  3.0.0                hb547adb_1               conda-forge
2025-02-03T15:23:07.8602640Z   liblapack                      3.9.0                22_osxarm64_openblas     conda-forge
2025-02-03T15:23:07.8603100Z   libllvm14                      14.0.6               hd1a9a77_4               conda-forge
2025-02-03T15:23:07.8603580Z   libnghttp2                     1.58.0               ha4dd798_1               conda-forge
2025-02-03T15:23:07.8604010Z   libopenblas                    0.3.27               openmp_h6c19121_0        conda-forge
2025-02-03T15:23:07.8604400Z   libpng                         1.6.43               h091b4b1_0               conda-forge
2025-02-03T15:23:07.8604760Z   librsvg                        2.58.1               hbc281fb_0               conda-forge
2025-02-03T15:23:07.8605150Z   libsodium                      1.0.18               h27ca646_1               conda-forge
2025-02-03T15:23:07.8605680Z   libsqlite                      3.46.0               hfb93653_0               conda-forge
2025-02-03T15:23:07.8606030Z   libssh2                        1.11.0               h7a5bd25_0               conda-forge
2025-02-03T15:23:07.8606540Z   libtiff                        4.6.0                h07db509_3               conda-forge
2025-02-03T15:23:07.8606900Z   libwebp                        1.4.0                h54798ee_0               conda-forge
2025-02-03T15:23:07.8607240Z   libwebp-base                   1.4.0                h93a5062_0               conda-forge
2025-02-03T15:23:07.8607650Z   libxcb                         1.16                 hf2054a2_0               conda-forge
2025-02-03T15:23:07.8607970Z   libxml2                        2.12.7               ha661575_1               conda-forge
2025-02-03T15:23:07.8608360Z   libxslt                        1.1.39               h223e5b9_0               conda-forge
2025-02-03T15:23:07.8608690Z   libzlib                        1.3.1                hfb2fe0b_1               conda-forge
2025-02-03T15:23:07.8609080Z   llvm-openmp                    18.1.7               hde57baf_0               conda-forge
2025-02-03T15:23:07.8609440Z   llvmlite                       0.42.0               py312h17030e7_1          conda-forge
2025-02-03T15:23:07.8609800Z   lxml                           5.2.2                py312h0e5ab22_0          conda-forge
2025-02-03T15:23:07.8610100Z   lz4-c                          1.9.4                hb7217d7_0               conda-forge
2025-02-03T15:23:07.8610900Z   markupsafe                     2.1.5                py312he37b823_0          conda-forge
2025-02-03T15:23:07.8611270Z   matplotlib-base                3.8.4                py312h4479663_2          conda-forge
2025-02-03T15:23:07.8611670Z   matplotlib-inline              0.1.7                pyhd8ed1ab_0             conda-forge
2025-02-03T15:23:07.8612060Z   mistune                        3.0.2                pyhd8ed1ab_0             conda-forge
2025-02-03T15:23:07.8612480Z   mpc                            1.3.1                h91ba8db_0               conda-forge
2025-02-03T15:23:07.8612990Z   mpfr                           4.2.1                h41d338b_1               conda-forge
2025-02-03T15:23:07.8613380Z   mpmath                         1.3.0                pyhd8ed1ab_0             conda-forge
2025-02-03T15:23:07.8613720Z   munkres                        1.1.4                pyh9f0ad1d_0             conda-forge
2025-02-03T15:23:07.8614120Z   mypy_extensions                1.0.0                pyha770c72_0             conda-forge
2025-02-03T15:23:07.8614480Z   nbclassic                      1.1.0                pyhd8ed1ab_0             conda-forge
2025-02-03T15:23:07.8614920Z   nbclient                       0.10.0               pyhd8ed1ab_0             conda-forge
2025-02-03T15:23:07.8630140Z   nbconvert                      7.16.4               hd8ed1ab_1               conda-forge
2025-02-03T15:23:07.8630550Z   nbconvert-core                 7.16.4               pyhd8ed1ab_1             conda-forge
2025-02-03T15:23:07.8630960Z   nbconvert-pandoc               7.16.4               hd8ed1ab_1               conda-forge
2025-02-03T15:23:07.8631270Z   nbformat                       5.10.4               pyhd8ed1ab_0             conda-forge
2025-02-03T15:23:07.8631620Z   nbsphinx                       0.9.4                pyhd8ed1ab_0             conda-forge
2025-02-03T15:23:07.8631930Z   ncurses                        6.5                  hb89a1cb_0               conda-forge
2025-02-03T15:23:07.8632250Z   nest-asyncio                   1.6.0                pyhd8ed1ab_0             conda-forge
2025-02-03T15:23:07.8632570Z   networkx                       3.3                  pyhd8ed1ab_1             conda-forge
2025-02-03T15:23:07.8632910Z   notebook                       7.2.1                pyhd8ed1ab_0             conda-forge
2025-02-03T15:23:07.8633250Z   notebook-shim                  0.2.4                pyhd8ed1ab_0             conda-forge
2025-02-03T15:23:07.8633570Z   numba                          0.59.1               py312hbaff935_0          conda-forge
2025-02-03T15:23:07.8633910Z   numexpr                        2.10.0               py312h8ae5369_0          conda-forge
2025-02-03T15:23:07.8634180Z   numpy                          1.26.4               py312h8442bc7_0          conda-forge
2025-02-03T15:23:07.8634510Z   numpydoc                       1.7.0                pyhd8ed1ab_1             conda-forge
2025-02-03T15:23:07.8634790Z   openjpeg                       2.5.2                h9f1df11_0               conda-forge
2025-02-03T15:23:07.8635120Z   openssl                        3.3.1                hfb2fe0b_0               conda-forge
2025-02-03T15:23:07.8635410Z   overrides                      7.7.0                pyhd8ed1ab_0             conda-forge
2025-02-03T15:23:07.8635690Z   packaging                      24.1                 pyhd8ed1ab_0             conda-forge
2025-02-03T15:23:07.8635960Z   pandas                         2.2.2                py312h8ae5369_1          conda-forge
2025-02-03T15:23:07.8636220Z   pandoc                         3.2                  hce30654_0               conda-forge
2025-02-03T15:23:07.8636510Z   pandocfilters                  1.5.0                pyhd8ed1ab_0             conda-forge
2025-02-03T15:23:07.8636780Z   pango                          1.54.0               h5cb9fbc_0               conda-forge
2025-02-03T15:23:07.8637040Z   parso                          0.8.4                pyhd8ed1ab_0             conda-forge
2025-02-03T15:23:07.8637470Z   pathspec                       0.12.1               pyhd8ed1ab_0             conda-forge
2025-02-03T15:23:07.8637740Z   pbr                            6.0.0                pyhd8ed1ab_0             conda-forge
2025-02-03T15:23:07.8638000Z   pcre2                          10.44                h297a79d_0               conda-forge
2025-02-03T15:23:07.8638260Z   pexpect                        4.9.0                pyhd8ed1ab_0             conda-forge
2025-02-03T15:23:07.8638540Z   pickleshare                    0.7.5                py_1003                  conda-forge
2025-02-03T15:23:07.8639080Z   pillow                         10.3.0               py312h39b1d8d_1          conda-forge
2025-02-03T15:23:07.8639340Z   pip                            24.0                 pyhd8ed1ab_0             conda-forge
2025-02-03T15:23:07.8639600Z   pixman                         0.43.4               hebf3989_0               conda-forge
2025-02-03T15:23:07.8639900Z   pkgutil-resolve-name           1.3.10               pyhd8ed1ab_1             conda-forge
2025-02-03T15:23:07.8640220Z   platformdirs                   4.2.2                pyhd8ed1ab_0             conda-forge
2025-02-03T15:23:07.8640500Z   plotly                         5.22.0               pyhd8ed1ab_0             conda-forge
2025-02-03T15:23:07.8640760Z   pluggy                         1.5.0                pyhd8ed1ab_0             conda-forge
2025-02-03T15:23:07.8641050Z   prometheus_client              0.20.0               pyhd8ed1ab_0             conda-forge
2025-02-03T15:23:07.8641350Z   prompt-toolkit                 3.0.47               pyha770c72_0             conda-forge
2025-02-03T15:23:07.8641640Z   psutil                         5.9.8                py312he37b823_0          conda-forge
2025-02-03T15:23:07.8641920Z   pthread-stubs                  0.4                  h27ca646_1001            conda-forge
2025-02-03T15:23:07.8642200Z   ptyprocess                     0.7.0                pyhd3deb0d_0             conda-forge
2025-02-03T15:23:07.8642480Z   pure_eval                      0.2.2                pyhd8ed1ab_0             conda-forge
2025-02-03T15:23:07.8642750Z   py-cpuinfo                     9.0.0                pyhd8ed1ab_0             conda-forge
2025-02-03T15:23:07.8643030Z   pybtex                         0.24.0               pyhd8ed1ab_2             conda-forge
2025-02-03T15:23:07.8643320Z   pybtex-docutils                1.0.3                py312h81bd7bf_1          conda-forge
2025-02-03T15:23:07.8643610Z   pycparser                      2.22                 pyhd8ed1ab_0             conda-forge
2025-02-03T15:23:07.8643890Z   pyerfa                         2.0.1.4              py312hbebd99a_1          conda-forge
2025-02-03T15:23:07.8644160Z   pygments                       2.18.0               pyhd8ed1ab_0             conda-forge
2025-02-03T15:23:07.8644440Z   pygraphviz                     1.13                 py312h5f4d302_1          conda-forge
2025-02-03T15:23:07.8644720Z   pyobjc-core                    10.3.1               py312hbb55c70_0          conda-forge
2025-02-03T15:23:07.8645030Z   pyobjc-framework-cocoa         10.3.1               py312hbb55c70_0          conda-forge
2025-02-03T15:23:07.8645340Z   pyparsing                      3.1.2                pyhd8ed1ab_0             conda-forge
2025-02-03T15:23:07.8645620Z   pysocks                        1.7.1                pyha2e5f31_6             conda-forge
2025-02-03T15:23:07.8645890Z   pytables                       3.9.2                py312hb622ae1_2          conda-forge
2025-02-03T15:23:07.8646160Z   pytest                         8.2.2                pyhd8ed1ab_0             conda-forge
2025-02-03T15:23:07.8646430Z   pytest-cov                     5.0.0                pyhd8ed1ab_0             conda-forge
2025-02-03T15:23:07.8646740Z   pytest-doctestplus             1.2.1                pyhd8ed1ab_0             conda-forge
2025-02-03T15:23:07.8647040Z   pytest-html                    4.1.1                pyhd8ed1ab_0             conda-forge
2025-02-03T15:23:07.8647560Z   pytest-metadata                3.1.1                pyhd8ed1ab_0             conda-forge
2025-02-03T15:23:07.8647860Z   python                         3.12.4               h30c5eda_0_cpython       conda-forge
2025-02-03T15:23:07.8648150Z   python-dateutil                2.9.0                pyhd8ed1ab_0             conda-forge
2025-02-03T15:23:07.8648480Z   python-fastjsonschema          2.20.0               pyhd8ed1ab_0             conda-forge
2025-02-03T15:23:07.8648810Z   python-json-logger             2.0.7                pyhd8ed1ab_0             conda-forge
2025-02-03T15:23:07.8649230Z   python-tzdata                  2024.1               pyhd8ed1ab_0             conda-forge
2025-02-03T15:23:07.8649530Z   python_abi                     3.12                 4_cp312                  conda-forge
2025-02-03T15:23:07.8649800Z   pytz                           2024.1               pyhd8ed1ab_0             conda-forge
2025-02-03T15:23:07.8650070Z   pyyaml                         6.0.1                py312h02f2b3b_1          conda-forge
2025-02-03T15:23:07.8650330Z   pyzmq                          26.0.3               py312hfa13136_0          conda-forge
2025-02-03T15:23:07.8650590Z   qgrid                          1.3.1                pyhd8ed1ab_4             conda-forge
2025-02-03T15:23:07.8650880Z   radioactivedecay               0.5.1                pyhd8ed1ab_0             conda-forge
2025-02-03T15:23:07.8651180Z   readline                       8.2                  h92ec313_1               conda-forge
2025-02-03T15:23:07.8651470Z   recommonmark                   0.7.1                pyhd8ed1ab_0             conda-forge
2025-02-03T15:23:07.8651760Z   referencing                    0.35.1               pyhd8ed1ab_0             conda-forge
2025-02-03T15:23:07.8652050Z   requests                       2.32.3               pyhd8ed1ab_0             conda-forge
2025-02-03T15:23:07.8652350Z   rfc3339-validator              0.1.4                pyhd8ed1ab_0             conda-forge
2025-02-03T15:23:07.8652660Z   rfc3986-validator              0.1.1                pyh9f0ad1d_0             conda-forge
2025-02-03T15:23:07.8652950Z   rpds-py                        0.18.1               py312h552d48e_0          conda-forge
2025-02-03T15:23:07.8653210Z   ruff                           0.4.9                py312h3402d49_0          conda-forge
2025-02-03T15:23:07.8653460Z   scipy                          1.13.1               py312h14ffa8f_0          conda-forge
2025-02-03T15:23:07.8653730Z   send2trash                     1.8.3                pyh31c8845_0             conda-forge
2025-02-03T15:23:07.8654010Z   setuptools                     70.0.0               pyhd8ed1ab_0             conda-forge
2025-02-03T15:23:07.8654310Z   setuptools-scm                 8.1.0                pyhd8ed1ab_0             conda-forge
2025-02-03T15:23:07.8654620Z   setuptools_scm                 8.1.0                hd8ed1ab_0               conda-forge
2025-02-03T15:23:07.8654900Z   six                            1.16.0               pyh6c4a22f_0             conda-forge
2025-02-03T15:23:07.8655180Z   snakeviz                       2.2.0                pyhd8ed1ab_0             conda-forge
2025-02-03T15:23:07.8655460Z   snappy                         1.2.0                hd04f947_1               conda-forge
2025-02-03T15:23:07.8655730Z   sniffio                        1.3.1                pyhd8ed1ab_0             conda-forge
2025-02-03T15:23:07.8656020Z   snowballstemmer                2.2.0                pyhd8ed1ab_0             conda-forge
2025-02-03T15:23:07.8656310Z   soupsieve                      2.5                  pyhd8ed1ab_1             conda-forge
2025-02-03T15:23:07.8656640Z   sphinx                         7.3.7                pyhd8ed1ab_0             conda-forge
2025-02-03T15:23:07.8656920Z   sphinx-astropy                 1.9.1                pyhd8ed1ab_0             conda-forge
2025-02-03T15:23:07.8657230Z   sphinx-automodapi              0.17.0               pyh717bed2_1             conda-forge
2025-02-03T15:23:07.8657640Z   sphinx-gallery                 0.16.0               pyhd8ed1ab_0             conda-forge
2025-02-03T15:23:07.8657950Z   sphinx-jsonschema              1.19.1               pyhd8ed1ab_0             conda-forge
2025-02-03T15:23:07.8658270Z   sphinx_bootstrap_theme         0.8.1                pyhd8ed1ab_0             conda-forge
2025-02-03T15:23:07.8658580Z   sphinx_rtd_theme               2.0.0                pyha770c72_0             conda-forge
2025-02-03T15:23:07.8658890Z   sphinxcontrib-apidoc           0.3.0                py_1                     conda-forge
2025-02-03T15:23:07.8659230Z   sphinxcontrib-applehelp        1.0.8                pyhd8ed1ab_0             conda-forge
2025-02-03T15:23:07.8659660Z   sphinxcontrib-bibtex           2.6.2                pyhd8ed1ab_0             conda-forge
2025-02-03T15:23:07.8660000Z   sphinxcontrib-devhelp          1.0.6                pyhd8ed1ab_0             conda-forge
2025-02-03T15:23:07.8660340Z   sphinxcontrib-htmlhelp         2.0.5                pyhd8ed1ab_0             conda-forge
2025-02-03T15:23:07.8660680Z   sphinxcontrib-jquery           4.1                  pyhd8ed1ab_0             conda-forge
2025-02-03T15:23:07.8661010Z   sphinxcontrib-jsmath           1.0.1                pyhd8ed1ab_0             conda-forge
2025-02-03T15:23:07.8661340Z   sphinxcontrib-qthelp           1.0.7                pyhd8ed1ab_0             conda-forge
2025-02-03T15:23:07.8661700Z   sphinxcontrib-serializinghtml  1.1.10               pyhd8ed1ab_0             conda-forge
2025-02-03T15:23:07.8662030Z   stack_data                     0.6.2                pyhd8ed1ab_0             conda-forge
2025-02-03T15:23:07.8662310Z   sympy                          1.12.1               pypyh2585a3b_103         conda-forge
2025-02-03T15:23:07.8662580Z   tabulate                       0.9.0                pyhd8ed1ab_1             conda-forge
2025-02-03T15:23:07.8662850Z   tenacity                       8.4.1                pyhd8ed1ab_0             conda-forge
2025-02-03T15:23:07.8663120Z   terminado                      0.18.1               pyh31c8845_0             conda-forge
2025-02-03T15:23:07.8663400Z   tinycss2                       1.3.0                pyhd8ed1ab_0             conda-forge
2025-02-03T15:23:07.8663660Z   tk                             8.6.13               h5083fa2_1               conda-forge
2025-02-03T15:23:07.8663910Z   toml                           0.10.2               pyhd8ed1ab_0             conda-forge
2025-02-03T15:23:07.8664160Z   tomli                          2.0.1                pyhd8ed1ab_0             conda-forge
2025-02-03T15:23:07.8664430Z   tornado                        6.4.1                py312h7e5086c_0          conda-forge
2025-02-03T15:23:07.8664700Z   tqdm                           4.66.4               pyhd8ed1ab_0             conda-forge
2025-02-03T15:23:07.8664970Z   traitlets                      5.14.3               pyhd8ed1ab_0             conda-forge
2025-02-03T15:23:07.8665240Z   typed-ast                      1.5.5                py312h02f2b3b_1          conda-forge
2025-02-03T15:23:07.8665560Z   types-python-dateutil          2.9.0.20240316       pyhd8ed1ab_0             conda-forge
2025-02-03T15:23:07.8665890Z   typing-extensions              4.12.2               hd8ed1ab_0               conda-forge
2025-02-03T15:23:07.8666200Z   typing_extensions              4.12.2               pyha770c72_0             conda-forge
2025-02-03T15:23:07.8666500Z   typing_utils                   0.1.0                pyhd8ed1ab_0             conda-forge
2025-02-03T15:23:07.8666780Z   tzdata                         2024a                h0c530f3_0               conda-forge
2025-02-03T15:23:07.8667060Z   uri-template                   1.3.0                pyhd8ed1ab_0             conda-forge
2025-02-03T15:23:07.8667350Z   urllib3                        2.2.2                pyhd8ed1ab_0             conda-forge
2025-02-03T15:23:07.8667620Z   wcwidth                        0.2.13               pyhd8ed1ab_0             conda-forge
2025-02-03T15:23:07.8667900Z   webcolors                      24.6.0               pyhd8ed1ab_0             conda-forge
2025-02-03T15:23:07.8668280Z   webencodings                   0.5.1                pyhd8ed1ab_2             conda-forge
2025-02-03T15:23:07.8668590Z   websocket-client               1.8.0                pyhd8ed1ab_0             conda-forge
2025-02-03T15:23:07.8668880Z   wheel                          0.43.0               pyhd8ed1ab_1             conda-forge
2025-02-03T15:23:07.8669180Z   widgetsnbextension             3.6.6                pyhd8ed1ab_0             conda-forge
2025-02-03T15:23:07.8669480Z   xorg-libxau                    1.0.11               hb547adb_0               conda-forge
2025-02-03T15:23:07.8669860Z   xorg-libxdmcp                  1.1.3                h27ca646_0               conda-forge
2025-02-03T15:23:07.8670130Z   xz                             5.2.6                h57fd34a_0               conda-forge
2025-02-03T15:23:07.8670370Z   yaml                           0.2.5                h3422bc3_2               conda-forge
2025-02-03T15:23:07.8670630Z   zeromq                         4.3.5                hcc0f68c_4               conda-forge
2025-02-03T15:23:07.8670890Z   zipp                           3.19.2               pyhd8ed1ab_0             conda-forge
2025-02-03T15:23:07.8671140Z   zlib                           1.3.1                hfb2fe0b_1               conda-forge
2025-02-03T15:23:07.8671390Z   zlib-ng                        2.0.7                h1a8c8d9_0               conda-forge
2025-02-03T15:23:07.8671650Z   zstd                           1.5.6                hb46c0d2_0               conda-forge
2025-02-03T15:23:07.8672060Z ##[endgroup]
2025-02-03T15:23:07.8715670Z ##[group]Run pip install -e . --user
2025-02-03T15:23:07.8715930Z [36;1mpip install -e . --user[0m
2025-02-03T15:23:07.8873520Z shell: /bin/bash -l {0}
2025-02-03T15:23:07.8873710Z env:
2025-02-03T15:23:07.8873850Z   CACHE_NUMBER: 0
2025-02-03T15:23:07.8874350Z   PYTEST_FLAGS: --tardis-regression-data=/Users/runner/work/tardis/tardis/tardis-regression-data --cov=tardis --cov-report=xml --cov-report=html --cov-append
2025-02-03T15:23:07.8874860Z   CODECOV_TOKEN: 
2025-02-03T15:23:07.8875040Z   MAMBA_ROOT_PREFIX: /Users/runner/micromamba
2025-02-03T15:23:07.8875290Z   MAMBA_EXE: /Users/runner/micromamba-bin/micromamba
2025-02-03T15:23:07.8875570Z   CONDARC: /Users/runner/work/_temp/setup-micromamba/.condarc
2025-02-03T15:23:07.8875820Z ##[endgroup]
2025-02-03T15:23:08.8125170Z Obtaining file:///Users/runner/work/tardis/tardis
2025-02-03T15:23:08.8148310Z   Installing build dependencies: started
2025-02-03T15:23:11.4047690Z   Installing build dependencies: finished with status 'done'
2025-02-03T15:23:11.4148100Z   Checking if build backend supports build_editable: started
2025-02-03T15:23:11.4992640Z   Checking if build backend supports build_editable: finished with status 'done'
2025-02-03T15:23:11.5001000Z   Getting requirements to build editable: started
2025-02-03T15:23:11.8788360Z   Getting requirements to build editable: finished with status 'done'
2025-02-03T15:23:11.8798750Z   Preparing editable metadata (pyproject.toml): started
2025-02-03T15:23:12.2157750Z   Preparing editable metadata (pyproject.toml): finished with status 'done'
2025-02-03T15:23:12.2542360Z Requirement already satisfied: astropy in /Users/runner/micromamba/envs/tardis/lib/python3.12/site-packages (from tardis==0.0.0) (6.1.1)
2025-02-03T15:23:12.2781370Z Requirement already satisfied: numpy>=1.23 in /Users/runner/micromamba/envs/tardis/lib/python3.12/site-packages (from astropy->tardis==0.0.0) (1.26.4)
2025-02-03T15:23:12.2787220Z Requirement already satisfied: pyerfa>=2.0.1.1 in /Users/runner/micromamba/envs/tardis/lib/python3.12/site-packages (from astropy->tardis==0.0.0) (2.0.1.4)
2025-02-03T15:23:12.2793250Z Requirement already satisfied: astropy-iers-data>=0.2024.5.27.0.30.8 in /Users/runner/micromamba/envs/tardis/lib/python3.12/site-packages (from astropy->tardis==0.0.0) (0.2024.6.17.0.31.35)
2025-02-03T15:23:12.2798050Z Requirement already satisfied: PyYAML>=3.13 in /Users/runner/micromamba/envs/tardis/lib/python3.12/site-packages (from astropy->tardis==0.0.0) (6.0.1)
2025-02-03T15:23:12.2803520Z Requirement already satisfied: packaging>=19.0 in /Users/runner/micromamba/envs/tardis/lib/python3.12/site-packages (from astropy->tardis==0.0.0) (24.1)
2025-02-03T15:23:12.2854330Z Building wheels for collected packages: tardis
2025-02-03T15:23:12.2860790Z   Building editable for tardis (pyproject.toml): started
2025-02-03T15:23:12.8640530Z   Building editable for tardis (pyproject.toml): finished with status 'done'
2025-02-03T15:23:12.8647360Z   Created wheel for tardis: filename=tardis-0.0.0-0.editable-py3-none-any.whl size=8877 sha256=bbc3de0c10b33a5a77da429edab6e4931b41fab3759a6b1df40ca825970a7d53
2025-02-03T15:23:12.8649030Z   Stored in directory: /private/var/folders/2s/h6hvv9ps03xgz_krkkstvq_r0000gn/T/pip-ephem-wheel-cache-0cf4mcif/wheels/bb/4f/6a/0829b918c1c10bc28535ce7f14be21eee54375bdd9cd0c306a
2025-02-03T15:23:12.8671770Z Successfully built tardis
2025-02-03T15:23:13.3937600Z Installing collected packages: tardis
2025-02-03T15:23:13.4001520Z Successfully installed tardis-0.0.0
2025-02-03T15:23:13.6243310Z ##[group]Run pip install qgridnext
2025-02-03T15:23:13.6243550Z [36;1mpip install qgridnext[0m
2025-02-03T15:23:13.6485710Z shell: /bin/bash -l {0}
2025-02-03T15:23:13.6485910Z env:
2025-02-03T15:23:13.6486060Z   CACHE_NUMBER: 0
2025-02-03T15:23:13.6486550Z   PYTEST_FLAGS: --tardis-regression-data=/Users/runner/work/tardis/tardis/tardis-regression-data --cov=tardis --cov-report=xml --cov-report=html --cov-append
2025-02-03T15:23:13.6487070Z   CODECOV_TOKEN: 
2025-02-03T15:23:13.6487300Z   MAMBA_ROOT_PREFIX: /Users/runner/micromamba
2025-02-03T15:23:13.6487550Z   MAMBA_EXE: /Users/runner/micromamba-bin/micromamba
2025-02-03T15:23:13.6487880Z   CONDARC: /Users/runner/work/_temp/setup-micromamba/.condarc
2025-02-03T15:23:13.6488130Z ##[endgroup]
2025-02-03T15:23:14.9740790Z Collecting qgridnext
2025-02-03T15:23:15.0169420Z   Downloading qgridnext-2.0.4-py3-none-any.whl.metadata (9.9 kB)
2025-02-03T15:23:15.0446120Z Requirement already satisfied: pandas>=0.20.0 in /Users/runner/micromamba/envs/tardis/lib/python3.12/site-packages (from qgridnext) (2.2.2)
2025-02-03T15:23:15.0453020Z Requirement already satisfied: ipywidgets>=7.0.0 in /Users/runner/micromamba/envs/tardis/lib/python3.12/site-packages (from qgridnext) (7.8.0)
2025-02-03T15:23:15.0458790Z Requirement already satisfied: numpy in /Users/runner/micromamba/envs/tardis/lib/python3.12/site-packages (from qgridnext) (1.26.4)
2025-02-03T15:23:15.0465220Z Requirement already satisfied: traitlets in /Users/runner/micromamba/envs/tardis/lib/python3.12/site-packages (from qgridnext) (5.14.3)
2025-02-03T15:23:15.0536580Z Requirement already satisfied: comm>=0.1.3 in /Users/runner/micromamba/envs/tardis/lib/python3.12/site-packages (from ipywidgets>=7.0.0->qgridnext) (0.2.2)
2025-02-03T15:23:15.0541350Z Requirement already satisfied: ipython-genutils~=0.2.0 in /Users/runner/micromamba/envs/tardis/lib/python3.12/site-packages (from ipywidgets>=7.0.0->qgridnext) (0.2.0)
2025-02-03T15:23:15.0576090Z Requirement already satisfied: widgetsnbextension~=3.6.5 in /Users/runner/micromamba/envs/tardis/lib/python3.12/site-packages (from ipywidgets>=7.0.0->qgridnext) (3.6.6)
2025-02-03T15:23:15.0593850Z Requirement already satisfied: ipython>=4.0.0 in /Users/runner/micromamba/envs/tardis/lib/python3.12/site-packages (from ipywidgets>=7.0.0->qgridnext) (8.25.0)
2025-02-03T15:23:15.0615330Z Requirement already satisfied: jupyterlab-widgets<3,>=1.0.0 in /Users/runner/micromamba/envs/tardis/lib/python3.12/site-packages (from ipywidgets>=7.0.0->qgridnext) (1.1.7)
2025-02-03T15:23:15.0919600Z Requirement already satisfied: python-dateutil>=2.8.2 in /Users/runner/micromamba/envs/tardis/lib/python3.12/site-packages (from pandas>=0.20.0->qgridnext) (2.9.0)
2025-02-03T15:23:15.0928060Z Requirement already satisfied: pytz>=2020.1 in /Users/runner/micromamba/envs/tardis/lib/python3.12/site-packages (from pandas>=0.20.0->qgridnext) (2024.1)
2025-02-03T15:23:15.0932570Z Requirement already satisfied: tzdata>=2022.7 in /Users/runner/micromamba/envs/tardis/lib/python3.12/site-packages (from pandas>=0.20.0->qgridnext) (2024.1)
2025-02-03T15:23:15.1132140Z Requirement already satisfied: decorator in /Users/runner/micromamba/envs/tardis/lib/python3.12/site-packages (from ipython>=4.0.0->ipywidgets>=7.0.0->qgridnext) (5.1.1)
2025-02-03T15:23:15.1141970Z Requirement already satisfied: jedi>=0.16 in /Users/runner/micromamba/envs/tardis/lib/python3.12/site-packages (from ipython>=4.0.0->ipywidgets>=7.0.0->qgridnext) (0.19.1)
2025-02-03T15:23:15.1147720Z Requirement already satisfied: matplotlib-inline in /Users/runner/micromamba/envs/tardis/lib/python3.12/site-packages (from ipython>=4.0.0->ipywidgets>=7.0.0->qgridnext) (0.1.7)
2025-02-03T15:23:15.1153360Z Requirement already satisfied: prompt-toolkit<3.1.0,>=3.0.41 in /Users/runner/micromamba/envs/tardis/lib/python3.12/site-packages (from ipython>=4.0.0->ipywidgets>=7.0.0->qgridnext) (3.0.47)
2025-02-03T15:23:15.1159170Z Requirement already satisfied: pygments>=2.4.0 in /Users/runner/micromamba/envs/tardis/lib/python3.12/site-packages (from ipython>=4.0.0->ipywidgets>=7.0.0->qgridnext) (2.18.0)
2025-02-03T15:23:15.1165170Z Requirement already satisfied: stack-data in /Users/runner/micromamba/envs/tardis/lib/python3.12/site-packages (from ipython>=4.0.0->ipywidgets>=7.0.0->qgridnext) (0.6.2)
2025-02-03T15:23:15.1177040Z Requirement already satisfied: pexpect>4.3 in /Users/runner/micromamba/envs/tardis/lib/python3.12/site-packages (from ipython>=4.0.0->ipywidgets>=7.0.0->qgridnext) (4.9.0)
2025-02-03T15:23:15.1204000Z Requirement already satisfied: six>=1.5 in /Users/runner/micromamba/envs/tardis/lib/python3.12/site-packages (from python-dateutil>=2.8.2->pandas>=0.20.0->qgridnext) (1.16.0)
2025-02-03T15:23:15.1238070Z Requirement already satisfied: notebook>=4.4.1 in /Users/runner/micromamba/envs/tardis/lib/python3.12/site-packages (from widgetsnbextension~=3.6.5->ipywidgets>=7.0.0->qgridnext) (7.2.1)
2025-02-03T15:23:15.1363950Z Requirement already satisfied: parso<0.9.0,>=0.8.3 in /Users/runner/micromamba/envs/tardis/lib/python3.12/site-packages (from jedi>=0.16->ipython>=4.0.0->ipywidgets>=7.0.0->qgridnext) (0.8.4)
2025-02-03T15:23:15.1464440Z Requirement already satisfied: jupyter-server<3,>=2.4.0 in /Users/runner/micromamba/envs/tardis/lib/python3.12/site-packages (from notebook>=4.4.1->widgetsnbextension~=3.6.5->ipywidgets>=7.0.0->qgridnext) (2.14.1)
2025-02-03T15:23:15.1564100Z Requirement already satisfied: jupyterlab-server<3,>=2.27.1 in /Users/runner/micromamba/envs/tardis/lib/python3.12/site-packages (from notebook>=4.4.1->widgetsnbextension~=3.6.5->ipywidgets>=7.0.0->qgridnext) (2.27.2)
2025-02-03T15:23:15.1565310Z Requirement already satisfied: jupyterlab<4.3,>=4.2.0 in /Users/runner/micromamba/envs/tardis/lib/python3.12/site-packages (from notebook>=4.4.1->widgetsnbextension~=3.6.5->ipywidgets>=7.0.0->qgridnext) (4.2.2)
2025-02-03T15:23:15.1566460Z Requirement already satisfied: notebook-shim<0.3,>=0.2 in /Users/runner/micromamba/envs/tardis/lib/python3.12/site-packages (from notebook>=4.4.1->widgetsnbextension~=3.6.5->ipywidgets>=7.0.0->qgridnext) (0.2.4)
2025-02-03T15:23:15.1567550Z Requirement already satisfied: tornado>=6.2.0 in /Users/runner/micromamba/envs/tardis/lib/python3.12/site-packages (from notebook>=4.4.1->widgetsnbextension~=3.6.5->ipywidgets>=7.0.0->qgridnext) (6.4.1)
2025-02-03T15:23:15.1568730Z Requirement already satisfied: ptyprocess>=0.5 in /Users/runner/micromamba/envs/tardis/lib/python3.12/site-packages (from pexpect>4.3->ipython>=4.0.0->ipywidgets>=7.0.0->qgridnext) (0.7.0)
2025-02-03T15:23:15.1569830Z Requirement already satisfied: wcwidth in /Users/runner/micromamba/envs/tardis/lib/python3.12/site-packages (from prompt-toolkit<3.1.0,>=3.0.41->ipython>=4.0.0->ipywidgets>=7.0.0->qgridnext) (0.2.13)
2025-02-03T15:23:15.1612330Z Requirement already satisfied: executing>=1.2.0 in /Users/runner/micromamba/envs/tardis/lib/python3.12/site-packages (from stack-data->ipython>=4.0.0->ipywidgets>=7.0.0->qgridnext) (2.0.1)
2025-02-03T15:23:15.1618140Z Requirement already satisfied: asttokens>=2.1.0 in /Users/runner/micromamba/envs/tardis/lib/python3.12/site-packages (from stack-data->ipython>=4.0.0->ipywidgets>=7.0.0->qgridnext) (2.4.1)
2025-02-03T15:23:15.1622850Z Requirement already satisfied: pure-eval in /Users/runner/micromamba/envs/tardis/lib/python3.12/site-packages (from stack-data->ipython>=4.0.0->ipywidgets>=7.0.0->qgridnext) (0.2.2)
2025-02-03T15:23:15.1906510Z Requirement already satisfied: anyio>=3.1.0 in /Users/runner/micromamba/envs/tardis/lib/python3.12/site-packages (from jupyter-server<3,>=2.4.0->notebook>=4.4.1->widgetsnbextension~=3.6.5->ipywidgets>=7.0.0->qgridnext) (4.4.0)
2025-02-03T15:23:15.2009970Z Requirement already satisfied: argon2-cffi>=21.1 in /Users/runner/micromamba/envs/tardis/lib/python3.12/site-packages (from jupyter-server<3,>=2.4.0->notebook>=4.4.1->widgetsnbextension~=3.6.5->ipywidgets>=7.0.0->qgridnext) (23.1.0)
2025-02-03T15:23:15.2112470Z Requirement already satisfied: jinja2>=3.0.3 in /Users/runner/micromamba/envs/tardis/lib/python3.12/site-packages (from jupyter-server<3,>=2.4.0->notebook>=4.4.1->widgetsnbextension~=3.6.5->ipywidgets>=7.0.0->qgridnext) (3.1.4)
2025-02-03T15:23:15.2214590Z Requirement already satisfied: jupyter-client>=7.4.4 in /Users/runner/micromamba/envs/tardis/lib/python3.12/site-packages (from jupyter-server<3,>=2.4.0->notebook>=4.4.1->widgetsnbextension~=3.6.5->ipywidgets>=7.0.0->qgridnext) (8.6.2)
2025-02-03T15:23:15.2316720Z Requirement already satisfied: jupyter-core!=5.0.*,>=4.12 in /Users/runner/micromamba/envs/tardis/lib/python3.12/site-packages (from jupyter-server<3,>=2.4.0->notebook>=4.4.1->widgetsnbextension~=3.6.5->ipywidgets>=7.0.0->qgridnext) (5.7.2)
2025-02-03T15:23:15.2418810Z Requirement already satisfied: jupyter-events>=0.9.0 in /Users/runner/micromamba/envs/tardis/lib/python3.12/site-packages (from jupyter-server<3,>=2.4.0->notebook>=4.4.1->widgetsnbextension~=3.6.5->ipywidgets>=7.0.0->qgridnext) (0.10.0)
2025-02-03T15:23:15.2521000Z Requirement already satisfied: jupyter-server-terminals>=0.4.4 in /Users/runner/micromamba/envs/tardis/lib/python3.12/site-packages (from jupyter-server<3,>=2.4.0->notebook>=4.4.1->widgetsnbextension~=3.6.5->ipywidgets>=7.0.0->qgridnext) (0.5.3)
2025-02-03T15:23:15.2615860Z Requirement already satisfied: nbconvert>=6.4.4 in /Users/runner/micromamba/envs/tardis/lib/python3.12/site-packages (from jupyter-server<3,>=2.4.0->notebook>=4.4.1->widgetsnbextension~=3.6.5->ipywidgets>=7.0.0->qgridnext) (7.16.4)
2025-02-03T15:23:15.2617330Z Requirement already satisfied: nbformat>=5.3.0 in /Users/runner/micromamba/envs/tardis/lib/python3.12/site-packages (from jupyter-server<3,>=2.4.0->notebook>=4.4.1->widgetsnbextension~=3.6.5->ipywidgets>=7.0.0->qgridnext) (5.10.4)
2025-02-03T15:23:15.2618570Z Requirement already satisfied: overrides>=5.0 in /Users/runner/micromamba/envs/tardis/lib/python3.12/site-packages (from jupyter-server<3,>=2.4.0->notebook>=4.4.1->widgetsnbextension~=3.6.5->ipywidgets>=7.0.0->qgridnext) (7.7.0)
2025-02-03T15:23:15.2619790Z Requirement already satisfied: packaging>=22.0 in /Users/runner/micromamba/envs/tardis/lib/python3.12/site-packages (from jupyter-server<3,>=2.4.0->notebook>=4.4.1->widgetsnbextension~=3.6.5->ipywidgets>=7.0.0->qgridnext) (24.1)
2025-02-03T15:23:15.2621020Z Requirement already satisfied: prometheus-client>=0.9 in /Users/runner/micromamba/envs/tardis/lib/python3.12/site-packages (from jupyter-server<3,>=2.4.0->notebook>=4.4.1->widgetsnbextension~=3.6.5->ipywidgets>=7.0.0->qgridnext) (0.20.0)
2025-02-03T15:23:15.2622220Z Requirement already satisfied: pyzmq>=24 in /Users/runner/micromamba/envs/tardis/lib/python3.12/site-packages (from jupyter-server<3,>=2.4.0->notebook>=4.4.1->widgetsnbextension~=3.6.5->ipywidgets>=7.0.0->qgridnext) (26.0.3)
2025-02-03T15:23:15.2623400Z Requirement already satisfied: send2trash>=1.8.2 in /Users/runner/micromamba/envs/tardis/lib/python3.12/site-packages (from jupyter-server<3,>=2.4.0->notebook>=4.4.1->widgetsnbextension~=3.6.5->ipywidgets>=7.0.0->qgridnext) (1.8.3)
2025-02-03T15:23:15.2624620Z Requirement already satisfied: terminado>=0.8.3 in /Users/runner/micromamba/envs/tardis/lib/python3.12/site-packages (from jupyter-server<3,>=2.4.0->notebook>=4.4.1->widgetsnbextension~=3.6.5->ipywidgets>=7.0.0->qgridnext) (0.18.1)
2025-02-03T15:23:15.2625840Z Requirement already satisfied: websocket-client>=1.7 in /Users/runner/micromamba/envs/tardis/lib/python3.12/site-packages (from jupyter-server<3,>=2.4.0->notebook>=4.4.1->widgetsnbextension~=3.6.5->ipywidgets>=7.0.0->qgridnext) (1.8.0)
2025-02-03T15:23:15.2627040Z Requirement already satisfied: async-lru>=1.0.0 in /Users/runner/micromamba/envs/tardis/lib/python3.12/site-packages (from jupyterlab<4.3,>=4.2.0->notebook>=4.4.1->widgetsnbextension~=3.6.5->ipywidgets>=7.0.0->qgridnext) (2.0.4)
2025-02-03T15:23:15.2628460Z Requirement already satisfied: httpx>=0.25.0 in /Users/runner/micromamba/envs/tardis/lib/python3.12/site-packages (from jupyterlab<4.3,>=4.2.0->notebook>=4.4.1->widgetsnbextension~=3.6.5->ipywidgets>=7.0.0->qgridnext) (0.27.0)
2025-02-03T15:23:15.2629910Z Requirement already satisfied: ipykernel>=6.5.0 in /Users/runner/micromamba/envs/tardis/lib/python3.12/site-packages (from jupyterlab<4.3,>=4.2.0->notebook>=4.4.1->widgetsnbextension~=3.6.5->ipywidgets>=7.0.0->qgridnext) (6.29.4)
2025-02-03T15:23:15.2631100Z Requirement already satisfied: jupyter-lsp>=2.0.0 in /Users/runner/micromamba/envs/tardis/lib/python3.12/site-packages (from jupyterlab<4.3,>=4.2.0->notebook>=4.4.1->widgetsnbextension~=3.6.5->ipywidgets>=7.0.0->qgridnext) (2.2.5)
2025-02-03T15:23:15.2632270Z Requirement already satisfied: setuptools>=40.1.0 in /Users/runner/micromamba/envs/tardis/lib/python3.12/site-packages (from jupyterlab<4.3,>=4.2.0->notebook>=4.4.1->widgetsnbextension~=3.6.5->ipywidgets>=7.0.0->qgridnext) (70.0.0)
2025-02-03T15:23:15.2633460Z Requirement already satisfied: babel>=2.10 in /Users/runner/micromamba/envs/tardis/lib/python3.12/site-packages (from jupyterlab-server<3,>=2.27.1->notebook>=4.4.1->widgetsnbextension~=3.6.5->ipywidgets>=7.0.0->qgridnext) (2.14.0)
2025-02-03T15:23:15.2634650Z Requirement already satisfied: json5>=0.9.0 in /Users/runner/micromamba/envs/tardis/lib/python3.12/site-packages (from jupyterlab-server<3,>=2.27.1->notebook>=4.4.1->widgetsnbextension~=3.6.5->ipywidgets>=7.0.0->qgridnext) (0.9.25)
2025-02-03T15:23:15.2635870Z Requirement already satisfied: jsonschema>=4.18.0 in /Users/runner/micromamba/envs/tardis/lib/python3.12/site-packages (from jupyterlab-server<3,>=2.27.1->notebook>=4.4.1->widgetsnbextension~=3.6.5->ipywidgets>=7.0.0->qgridnext) (4.22.0)
2025-02-03T15:23:15.2637070Z Requirement already satisfied: requests>=2.31 in /Users/runner/micromamba/envs/tardis/lib/python3.12/site-packages (from jupyterlab-server<3,>=2.27.1->notebook>=4.4.1->widgetsnbextension~=3.6.5->ipywidgets>=7.0.0->qgridnext) (2.32.3)
2025-02-03T15:23:15.2820120Z Requirement already satisfied: idna>=2.8 in /Users/runner/micromamba/envs/tardis/lib/python3.12/site-packages (from anyio>=3.1.0->jupyter-server<3,>=2.4.0->notebook>=4.4.1->widgetsnbextension~=3.6.5->ipywidgets>=7.0.0->qgridnext) (3.7)
2025-02-03T15:23:15.2825230Z Requirement already satisfied: sniffio>=1.1 in /Users/runner/micromamba/envs/tardis/lib/python3.12/site-packages (from anyio>=3.1.0->jupyter-server<3,>=2.4.0->notebook>=4.4.1->widgetsnbextension~=3.6.5->ipywidgets>=7.0.0->qgridnext) (1.3.1)
2025-02-03T15:23:15.2903890Z Requirement already satisfied: argon2-cffi-bindings in /Users/runner/micromamba/envs/tardis/lib/python3.12/site-packages (from argon2-cffi>=21.1->jupyter-server<3,>=2.4.0->notebook>=4.4.1->widgetsnbextension~=3.6.5->ipywidgets>=7.0.0->qgridnext) (21.2.0)
2025-02-03T15:23:15.3069650Z Requirement already satisfied: certifi in /Users/runner/micromamba/envs/tardis/lib/python3.12/site-packages (from httpx>=0.25.0->jupyterlab<4.3,>=4.2.0->notebook>=4.4.1->widgetsnbextension~=3.6.5->ipywidgets>=7.0.0->qgridnext) (2024.6.2)
2025-02-03T15:23:15.3145970Z Requirement already satisfied: httpcore==1.* in /Users/runner/micromamba/envs/tardis/lib/python3.12/site-packages (from httpx>=0.25.0->jupyterlab<4.3,>=4.2.0->notebook>=4.4.1->widgetsnbextension~=3.6.5->ipywidgets>=7.0.0->qgridnext) (1.0.5)
2025-02-03T15:23:15.3147520Z Requirement already satisfied: h11<0.15,>=0.13 in /Users/runner/micromamba/envs/tardis/lib/python3.12/site-packages (from httpcore==1.*->httpx>=0.25.0->jupyterlab<4.3,>=4.2.0->notebook>=4.4.1->widgetsnbextension~=3.6.5->ipywidgets>=7.0.0->qgridnext) (0.14.0)
2025-02-03T15:23:15.3270680Z Requirement already satisfied: appnope in /Users/runner/micromamba/envs/tardis/lib/python3.12/site-packages (from ipykernel>=6.5.0->jupyterlab<4.3,>=4.2.0->notebook>=4.4.1->widgetsnbextension~=3.6.5->ipywidgets>=7.0.0->qgridnext) (0.1.4)
2025-02-03T15:23:15.3278290Z Requirement already satisfied: debugpy>=1.6.5 in /Users/runner/micromamba/envs/tardis/lib/python3.12/site-packages (from ipykernel>=6.5.0->jupyterlab<4.3,>=4.2.0->notebook>=4.4.1->widgetsnbextension~=3.6.5->ipywidgets>=7.0.0->qgridnext) (1.8.1)
2025-02-03T15:23:15.3293140Z Requirement already satisfied: nest-asyncio in /Users/runner/micromamba/envs/tardis/lib/python3.12/site-packages (from ipykernel>=6.5.0->jupyterlab<4.3,>=4.2.0->notebook>=4.4.1->widgetsnbextension~=3.6.5->ipywidgets>=7.0.0->qgridnext) (1.6.0)
2025-02-03T15:23:15.3313570Z Requirement already satisfied: psutil in /Users/runner/micromamba/envs/tardis/lib/python3.12/site-packages (from ipykernel>=6.5.0->jupyterlab<4.3,>=4.2.0->notebook>=4.4.1->widgetsnbextension~=3.6.5->ipywidgets>=7.0.0->qgridnext) (5.9.8)
2025-02-03T15:23:15.3351640Z Requirement already satisfied: MarkupSafe>=2.0 in /Users/runner/micromamba/envs/tardis/lib/python3.12/site-packages (from jinja2>=3.0.3->jupyter-server<3,>=2.4.0->notebook>=4.4.1->widgetsnbextension~=3.6.5->ipywidgets>=7.0.0->qgridnext) (2.1.5)
2025-02-03T15:23:15.3484460Z Requirement already satisfied: attrs>=22.2.0 in /Users/runner/micromamba/envs/tardis/lib/python3.12/site-packages (from jsonschema>=4.18.0->jupyterlab-server<3,>=2.27.1->notebook>=4.4.1->widgetsnbextension~=3.6.5->ipywidgets>=7.0.0->qgridnext) (23.2.0)
2025-02-03T15:23:15.3489520Z Requirement already satisfied: jsonschema-specifications>=2023.03.6 in /Users/runner/micromamba/envs/tardis/lib/python3.12/site-packages (from jsonschema>=4.18.0->jupyterlab-server<3,>=2.27.1->notebook>=4.4.1->widgetsnbextension~=3.6.5->ipywidgets>=7.0.0->qgridnext) (2023.12.1)
2025-02-03T15:23:15.3494650Z Requirement already satisfied: referencing>=0.28.4 in /Users/runner/micromamba/envs/tardis/lib/python3.12/site-packages (from jsonschema>=4.18.0->jupyterlab-server<3,>=2.27.1->notebook>=4.4.1->widgetsnbextension~=3.6.5->ipywidgets>=7.0.0->qgridnext) (0.35.1)
2025-02-03T15:23:15.3501530Z Requirement already satisfied: rpds-py>=0.7.1 in /Users/runner/micromamba/envs/tardis/lib/python3.12/site-packages (from jsonschema>=4.18.0->jupyterlab-server<3,>=2.27.1->notebook>=4.4.1->widgetsnbextension~=3.6.5->ipywidgets>=7.0.0->qgridnext) (0.18.1)
2025-02-03T15:23:15.3694130Z Requirement already satisfied: platformdirs>=2.5 in /Users/runner/micromamba/envs/tardis/lib/python3.12/site-packages (from jupyter-core!=5.0.*,>=4.12->jupyter-server<3,>=2.4.0->notebook>=4.4.1->widgetsnbextension~=3.6.5->ipywidgets>=7.0.0->qgridnext) (4.2.2)
2025-02-03T15:23:15.3797580Z Requirement already satisfied: python-json-logger>=2.0.4 in /Users/runner/micromamba/envs/tardis/lib/python3.12/site-packages (from jupyter-events>=0.9.0->jupyter-server<3,>=2.4.0->notebook>=4.4.1->widgetsnbextension~=3.6.5->ipywidgets>=7.0.0->qgridnext) (2.0.7)
2025-02-03T15:23:15.3803220Z Requirement already satisfied: pyyaml>=5.3 in /Users/runner/micromamba/envs/tardis/lib/python3.12/site-packages (from jupyter-events>=0.9.0->jupyter-server<3,>=2.4.0->notebook>=4.4.1->widgetsnbextension~=3.6.5->ipywidgets>=7.0.0->qgridnext) (6.0.1)
2025-02-03T15:23:15.3808630Z Requirement already satisfied: rfc3339-validator in /Users/runner/micromamba/envs/tardis/lib/python3.12/site-packages (from jupyter-events>=0.9.0->jupyter-server<3,>=2.4.0->notebook>=4.4.1->widgetsnbextension~=3.6.5->ipywidgets>=7.0.0->qgridnext) (0.1.4)
2025-02-03T15:23:15.3813630Z Requirement already satisfied: rfc3986-validator>=0.1.1 in /Users/runner/micromamba/envs/tardis/lib/python3.12/site-packages (from jupyter-events>=0.9.0->jupyter-server<3,>=2.4.0->notebook>=4.4.1->widgetsnbextension~=3.6.5->ipywidgets>=7.0.0->qgridnext) (0.1.1)
2025-02-03T15:23:15.4095620Z Requirement already satisfied: beautifulsoup4 in /Users/runner/micromamba/envs/tardis/lib/python3.12/site-packages (from nbconvert>=6.4.4->jupyter-server<3,>=2.4.0->notebook>=4.4.1->widgetsnbextension~=3.6.5->ipywidgets>=7.0.0->qgridnext) (4.12.3)
2025-02-03T15:23:15.4110790Z Requirement already satisfied: bleach!=5.0.0 in /Users/runner/micromamba/envs/tardis/lib/python3.12/site-packages (from nbconvert>=6.4.4->jupyter-server<3,>=2.4.0->notebook>=4.4.1->widgetsnbextension~=3.6.5->ipywidgets>=7.0.0->qgridnext) (6.1.0)
2025-02-03T15:23:15.4122310Z Requirement already satisfied: defusedxml in /Users/runner/micromamba/envs/tardis/lib/python3.12/site-packages (from nbconvert>=6.4.4->jupyter-server<3,>=2.4.0->notebook>=4.4.1->widgetsnbextension~=3.6.5->ipywidgets>=7.0.0->qgridnext) (0.7.1)
2025-02-03T15:23:15.4132910Z Requirement already satisfied: jupyterlab-pygments in /Users/runner/micromamba/envs/tardis/lib/python3.12/site-packages (from nbconvert>=6.4.4->jupyter-server<3,>=2.4.0->notebook>=4.4.1->widgetsnbextension~=3.6.5->ipywidgets>=7.0.0->qgridnext) (0.3.0)
2025-02-03T15:23:15.4143130Z Requirement already satisfied: mistune<4,>=2.0.3 in /Users/runner/micromamba/envs/tardis/lib/python3.12/site-packages (from nbconvert>=6.4.4->jupyter-server<3,>=2.4.0->notebook>=4.4.1->widgetsnbextension~=3.6.5->ipywidgets>=7.0.0->qgridnext) (3.0.2)
2025-02-03T15:23:15.4152250Z Requirement already satisfied: nbclient>=0.5.0 in /Users/runner/micromamba/envs/tardis/lib/python3.12/site-packages (from nbconvert>=6.4.4->jupyter-server<3,>=2.4.0->notebook>=4.4.1->widgetsnbextension~=3.6.5->ipywidgets>=7.0.0->qgridnext) (0.10.0)
2025-02-03T15:23:15.4163210Z Requirement already satisfied: pandocfilters>=1.4.1 in /Users/runner/micromamba/envs/tardis/lib/python3.12/site-packages (from nbconvert>=6.4.4->jupyter-server<3,>=2.4.0->notebook>=4.4.1->widgetsnbextension~=3.6.5->ipywidgets>=7.0.0->qgridnext) (1.5.0)
2025-02-03T15:23:15.4168860Z Requirement already satisfied: tinycss2 in /Users/runner/micromamba/envs/tardis/lib/python3.12/site-packages (from nbconvert>=6.4.4->jupyter-server<3,>=2.4.0->notebook>=4.4.1->widgetsnbextension~=3.6.5->ipywidgets>=7.0.0->qgridnext) (1.3.0)
2025-02-03T15:23:15.4248270Z Requirement already satisfied: fastjsonschema>=2.15 in /Users/runner/micromamba/envs/tardis/lib/python3.12/site-packages (from nbformat>=5.3.0->jupyter-server<3,>=2.4.0->notebook>=4.4.1->widgetsnbextension~=3.6.5->ipywidgets>=7.0.0->qgridnext) (2.20.0)
2025-02-03T15:23:15.4451160Z Requirement already satisfied: charset-normalizer<4,>=2 in /Users/runner/micromamba/envs/tardis/lib/python3.12/site-packages (from requests>=2.31->jupyterlab-server<3,>=2.27.1->notebook>=4.4.1->widgetsnbextension~=3.6.5->ipywidgets>=7.0.0->qgridnext) (3.3.2)
2025-02-03T15:23:15.4459500Z Requirement already satisfied: urllib3<3,>=1.21.1 in /Users/runner/micromamba/envs/tardis/lib/python3.12/site-packages (from requests>=2.31->jupyterlab-server<3,>=2.27.1->notebook>=4.4.1->widgetsnbextension~=3.6.5->ipywidgets>=7.0.0->qgridnext) (2.2.2)
2025-02-03T15:23:15.4997870Z Requirement already satisfied: webencodings in /Users/runner/micromamba/envs/tardis/lib/python3.12/site-packages (from bleach!=5.0.0->nbconvert>=6.4.4->jupyter-server<3,>=2.4.0->notebook>=4.4.1->widgetsnbextension~=3.6.5->ipywidgets>=7.0.0->qgridnext) (0.5.1)
2025-02-03T15:23:15.5354400Z Requirement already satisfied: fqdn in /Users/runner/micromamba/envs/tardis/lib/python3.12/site-packages (from jsonschema[format-nongpl]>=4.18.0->jupyter-events>=0.9.0->jupyter-server<3,>=2.4.0->notebook>=4.4.1->widgetsnbextension~=3.6.5->ipywidgets>=7.0.0->qgridnext) (1.5.1)
2025-02-03T15:23:15.5362670Z Requirement already satisfied: isoduration in /Users/runner/micromamba/envs/tardis/lib/python3.12/site-packages (from jsonschema[format-nongpl]>=4.18.0->jupyter-events>=0.9.0->jupyter-server<3,>=2.4.0->notebook>=4.4.1->widgetsnbextension~=3.6.5->ipywidgets>=7.0.0->qgridnext) (20.11.0)
2025-02-03T15:23:15.5371250Z Requirement already satisfied: jsonpointer>1.13 in /Users/runner/micromamba/envs/tardis/lib/python3.12/site-packages (from jsonschema[format-nongpl]>=4.18.0->jupyter-events>=0.9.0->jupyter-server<3,>=2.4.0->notebook>=4.4.1->widgetsnbextension~=3.6.5->ipywidgets>=7.0.0->qgridnext) (3.0.0)
2025-02-03T15:23:15.5383190Z Requirement already satisfied: uri-template in /Users/runner/micromamba/envs/tardis/lib/python3.12/site-packages (from jsonschema[format-nongpl]>=4.18.0->jupyter-events>=0.9.0->jupyter-server<3,>=2.4.0->notebook>=4.4.1->widgetsnbextension~=3.6.5->ipywidgets>=7.0.0->qgridnext) (1.3.0)
2025-02-03T15:23:15.5390170Z Requirement already satisfied: webcolors>=1.11 in /Users/runner/micromamba/envs/tardis/lib/python3.12/site-packages (from jsonschema[format-nongpl]>=4.18.0->jupyter-events>=0.9.0->jupyter-server<3,>=2.4.0->notebook>=4.4.1->widgetsnbextension~=3.6.5->ipywidgets>=7.0.0->qgridnext) (24.6.0)
2025-02-03T15:23:15.6042840Z Requirement already satisfied: cffi>=1.0.1 in /Users/runner/micromamba/envs/tardis/lib/python3.12/site-packages (from argon2-cffi-bindings->argon2-cffi>=21.1->jupyter-server<3,>=2.4.0->notebook>=4.4.1->widgetsnbextension~=3.6.5->ipywidgets>=7.0.0->qgridnext) (1.16.0)
2025-02-03T15:23:15.6100000Z Requirement already satisfied: soupsieve>1.2 in /Users/runner/micromamba/envs/tardis/lib/python3.12/site-packages (from beautifulsoup4->nbconvert>=6.4.4->jupyter-server<3,>=2.4.0->notebook>=4.4.1->widgetsnbextension~=3.6.5->ipywidgets>=7.0.0->qgridnext) (2.5)
2025-02-03T15:23:15.6427980Z Requirement already satisfied: pycparser in /Users/runner/micromamba/envs/tardis/lib/python3.12/site-packages (from cffi>=1.0.1->argon2-cffi-bindings->argon2-cffi>=21.1->jupyter-server<3,>=2.4.0->notebook>=4.4.1->widgetsnbextension~=3.6.5->ipywidgets>=7.0.0->qgridnext) (2.22)
2025-02-03T15:23:15.6744080Z Requirement already satisfied: arrow>=0.15.0 in /Users/runner/micromamba/envs/tardis/lib/python3.12/site-packages (from isoduration->jsonschema[format-nongpl]>=4.18.0->jupyter-events>=0.9.0->jupyter-server<3,>=2.4.0->notebook>=4.4.1->widgetsnbextension~=3.6.5->ipywidgets>=7.0.0->qgridnext) (1.3.0)
2025-02-03T15:23:15.6921110Z Requirement already satisfied: types-python-dateutil>=2.8.10 in /Users/runner/micromamba/envs/tardis/lib/python3.12/site-packages (from arrow>=0.15.0->isoduration->jsonschema[format-nongpl]>=4.18.0->jupyter-events>=0.9.0->jupyter-server<3,>=2.4.0->notebook>=4.4.1->widgetsnbextension~=3.6.5->ipywidgets>=7.0.0->qgridnext) (2.9.0.20240316)
2025-02-03T15:23:15.7140980Z Downloading qgridnext-2.0.4-py3-none-any.whl (1.3 MB)
2025-02-03T15:23:15.7654520Z    â”â”â”â”â”â”â”â”â”â”â”â”â”â”â”â”â”â”â”â”â”â”â”â”â”â”â”â”â”â”â”â”â”â”â”â”â”â”â”â” 1.3/1.3 MB 25.2 MB/s eta 0:00:00
2025-02-03T15:23:16.2786660Z Installing collected packages: qgridnext
2025-02-03T15:23:16.3165860Z Successfully installed qgridnext-2.0.4
2025-02-03T15:23:16.5083360Z ##[group]Run pytest tardis --tardis-regression-data=/Users/runner/work/tardis/tardis/tardis-regression-data --cov=tardis --cov-report=xml --cov-report=html --cov-append -m "not continuum"
2025-02-03T15:23:16.5084360Z [36;1mpytest tardis --tardis-regression-data=/Users/runner/work/tardis/tardis/tardis-regression-data --cov=tardis --cov-report=xml --cov-report=html --cov-append -m "not continuum"[0m
2025-02-03T15:23:16.5135430Z shell: /bin/bash -l {0}
2025-02-03T15:23:16.5135630Z env:
2025-02-03T15:23:16.5135770Z   CACHE_NUMBER: 0
2025-02-03T15:23:16.5136270Z   PYTEST_FLAGS: --tardis-regression-data=/Users/runner/work/tardis/tardis/tardis-regression-data --cov=tardis --cov-report=xml --cov-report=html --cov-append
2025-02-03T15:23:16.5136790Z   CODECOV_TOKEN: 
2025-02-03T15:23:16.5136990Z   MAMBA_ROOT_PREFIX: /Users/runner/micromamba
2025-02-03T15:23:16.5137240Z   MAMBA_EXE: /Users/runner/micromamba-bin/micromamba
2025-02-03T15:23:16.5137580Z   CONDARC: /Users/runner/work/_temp/setup-micromamba/.condarc
2025-02-03T15:23:16.5137830Z ##[endgroup]
2025-02-03T15:23:27.8728860Z ============================= test session starts ==============================
2025-02-03T15:23:27.8729290Z platform darwin -- Python 3.12.4, pytest-8.2.2, pluggy-1.5.0
2025-02-03T15:23:27.8729580Z rootdir: /Users/runner/work/tardis/tardis
2025-02-03T15:23:27.8729810Z configfile: pyproject.toml
2025-02-03T15:23:27.8730090Z plugins: cov-5.0.0, html-4.1.1, metadata-3.1.1, doctestplus-1.2.1, anyio-4.4.0
2025-02-03T15:23:27.8730410Z collected 1796 items / 2 deselected / 1794 selected
2025-02-03T15:23:27.8730590Z 
2025-02-03T15:23:30.4689790Z tardis/energy_input/tests/test_energy_source.py ..xxx                    [  0%]
2025-02-03T15:23:32.4105090Z tardis/energy_input/tests/test_gamma_ray_channel.py ...........          [  0%]
2025-02-03T15:23:33.4105330Z tardis/energy_input/tests/test_gamma_ray_grid.py xx.                     [  1%]
2025-02-03T15:23:34.2722250Z tardis/energy_input/tests/test_gamma_ray_interactions.py xx....          [  1%]
2025-02-03T15:23:34.2773930Z tardis/energy_input/tests/test_gamma_ray_packet_source.py sssssssss      [  1%]
2025-02-03T15:23:35.0285450Z tardis/energy_input/tests/test_util.py .....xxxx.....                    [  2%]
2025-02-03T15:23:35.2729720Z tardis/grid/tests/test_grid.py .                                         [  2%]
2025-02-03T15:23:35.2738770Z tardis/gui/tests/test_gui.py s                                           [  2%]
2025-02-03T15:23:38.0043390Z tardis/io/configuration/tests/test_config_reader.py ...........          [  3%]
2025-02-03T15:23:38.0125180Z tardis/io/configuration/tests/test_configuration_namespace.py .........  [  3%]
2025-02-03T15:23:38.0278520Z tardis/io/logger/tests/test_logging.py ssssssssssssssssssssssssssss      [  5%]
2025-02-03T15:24:03.6296640Z tardis/io/model/readers/tests/test_arepo_parser.py ..                    [  5%]
2025-02-03T15:24:03.6515780Z tardis/io/model/readers/tests/test_ascii_readers.py ...                  [  5%]
2025-02-03T15:24:03.6608750Z tardis/io/model/readers/tests/test_cmfgen_reader.py ..                   [  5%]
2025-02-03T15:24:03.6830720Z tardis/io/model/readers/tests/test_csvy_reader.py ....                   [  6%]
2025-02-03T15:24:03.7003120Z tardis/io/model/readers/tests/test_stella_reader.py ..                   [  6%]
2025-02-03T15:24:03.9814940Z tardis/io/tests/test_HDFWriter.py ...............                        [  7%]
2025-02-03T15:24:04.4471770Z tardis/io/tests/test_atomic.py .....                                     [  7%]
2025-02-03T15:24:04.4672710Z tardis/io/tests/test_decay.py ..                                         [  7%]
2025-02-03T15:24:04.5890550Z tardis/io/tests/test_model_reader.py ......                              [  7%]
2025-02-03T15:24:04.5932780Z tardis/model/geometry/tests/test_radial1d.py ..                          [  7%]
2025-02-03T15:24:28.4899460Z tardis/model/tests/test_base.py ........................................ [ 10%]
2025-02-03T15:24:29.1919400Z ............                                                             [ 10%]
2025-02-03T15:24:31.3490620Z tardis/model/tests/test_csvy_model.py .........                          [ 11%]
2025-02-03T15:24:31.3818480Z tardis/model/tests/test_density.py ..                                    [ 11%]
2025-02-03T15:24:32.6642970Z tardis/opacities/tests/test_opacity_solver.py .....                      [ 11%]
2025-02-03T15:24:33.8947610Z tardis/opacities/tests/test_opacity_state_numba.py .....                 [ 11%]
2025-02-03T15:24:36.1424340Z tardis/opacities/tests/test_tau_sobolev.py ..                            [ 12%]
2025-02-03T15:24:39.6524850Z tardis/plasma/equilibrium/tests/test_collisional_transitions.py ...      [ 12%]
2025-02-03T15:25:21.8789850Z tardis/plasma/equilibrium/tests/test_level_populations.py ....           [ 12%]
2025-02-03T15:25:31.5397500Z tardis/plasma/equilibrium/tests/test_rate_matrix.py .                    [ 12%]
2025-02-03T15:25:32.8625240Z tardis/plasma/tests/test_complete_plasmas.py .....................s..... [ 13%]
2025-02-03T15:25:35.2093090Z s....ssssss............s............ss.....s....ssssss............s..... [ 18%]
2025-02-03T15:25:36.7417490Z .......ss.....s....ssssss............s............ss.....s....ssssss.... [ 22%]
2025-02-03T15:25:39.4695980Z ........s............ss.....s........ss............s............ss.....s [ 26%]
2025-02-03T15:25:42.2380730Z ........ss............s............ss.....s....ssssss............s...... [ 30%]
2025-02-03T15:25:42.8893990Z ......ss.....s....ssssss............s............ss.....s.ss.ssssss..... [ 34%]
2025-02-03T15:25:45.8012770Z .......s............ss.....s....ssssss............s............ss.....s. [ 38%]
2025-02-03T15:25:48.5833720Z ...ssssss............s............ss.....s....ssssss............s....... [ 42%]
2025-02-03T15:25:51.2720880Z .....ss.....s....ssssss............s............s...........ssssss...... [ 46%]
2025-02-03T15:25:53.2636970Z ......s............s...........ssssss............s............s......... [ 50%]
2025-02-03T15:25:55.9683590Z ..ssssss............s............ss.....s....ssssss............s........ [ 54%]
2025-02-03T15:25:59.0551440Z ....ss.....s....ssssss..........................s.....s....ssss......... [ 58%]
2025-02-03T15:25:59.3982480Z ...................s.....s....ssss.......                                [ 60%]
2025-02-03T15:25:59.5945330Z tardis/plasma/tests/test_hdf_plasma.py ................................. [ 62%]
2025-02-03T15:25:59.6048250Z ......                                                                   [ 62%]
2025-02-03T15:25:59.8683500Z tardis/plasma/tests/test_nlte_excitation.py ...                          [ 62%]
2025-02-03T15:27:59.2061900Z tardis/plasma/tests/test_nlte_solver.py .....X                           [ 63%]
2025-02-03T15:27:59.2179900Z tardis/plasma/tests/test_plasma_continuum.py .                           [ 63%]
2025-02-03T15:28:19.3347640Z tardis/plasma/tests/test_plasma_vboundary.py .............               [ 63%]
2025-02-03T15:28:30.4244880Z tardis/plasma/tests/test_tardis_model_density_config.py ...              [ 64%]
2025-02-03T15:28:30.9992030Z tardis/simulation/tests/test_convergence.py .....                        [ 64%]
2025-02-03T15:28:40.2554070Z tardis/simulation/tests/test_simulation.py .............                 [ 65%]
2025-02-03T15:28:40.2705200Z tardis/spectrum/tests/test_cuda_formal_integral.py sssssssssssssssssssss [ 66%]
2025-02-03T15:28:40.5675250Z ssss...ssssssssssssssssssssss                                            [ 67%]
2025-02-03T15:28:40.5775660Z tardis/spectrum/tests/test_luminosity.py ....                            [ 68%]
2025-02-03T15:28:41.5155710Z tardis/spectrum/tests/test_numba_formal_integral.py .................... [ 69%]
2025-02-03T15:28:41.5265790Z ..........                                                               [ 69%]
2025-02-03T15:28:41.6685750Z tardis/spectrum/tests/test_spectrum.py ................................. [ 71%]
2025-02-03T15:28:41.6906830Z .........                                                                [ 72%]
2025-02-03T15:29:06.7992960Z tardis/spectrum/tests/test_spectrum_solver.py ....                       [ 72%]
2025-02-03T15:30:20.1478900Z tardis/tests/test_tardis_full.py ....                                    [ 72%]
2025-02-03T15:32:14.8506010Z tardis/tests/test_tardis_full_formal_integral.py ................        [ 73%]
2025-02-03T15:32:14.8986330Z tardis/tests/test_util.py .............................................  [ 75%]
2025-02-03T15:32:17.4272000Z tardis/transport/montecarlo/tests/test_base.py x.....................    [ 77%]
2025-02-03T15:32:22.6961580Z tardis/transport/montecarlo/tests/test_interaction.py .......            [ 77%]
2025-02-03T15:32:22.8530790Z tardis/transport/montecarlo/tests/test_macro_atom.py ....                [ 77%]
2025-02-03T15:32:22.8637880Z tardis/transport/montecarlo/tests/test_montecarlo.py sssssssssssssssssss [ 78%]
2025-02-03T15:32:22.8857230Z sssssssssssssssssssssssssssssssssssssssssssss                            [ 81%]
2025-02-03T15:32:30.7158040Z tardis/transport/montecarlo/tests/test_montecarlo_main_loop.py x..       [ 81%]
2025-02-03T15:32:30.7250120Z tardis/transport/montecarlo/tests/test_nonhomologous.py ...              [ 81%]
2025-02-03T15:32:33.7682080Z tardis/transport/montecarlo/tests/test_numba_interface.py .....x.        [ 82%]
2025-02-03T15:32:34.1712090Z tardis/transport/montecarlo/tests/test_opacities.py ...............      [ 82%]
2025-02-03T15:32:34.9666680Z tardis/transport/montecarlo/tests/test_packet.py .................xXXXXX [ 84%]
2025-02-03T15:32:35.0771120Z XX.........                                                              [ 84%]
2025-02-03T15:32:35.1050520Z tardis/transport/montecarlo/tests/test_packet_source.py ........         [ 85%]
2025-02-03T15:32:35.3489970Z tardis/transport/montecarlo/tests/test_rpacket_last_interaction_tracker.py . [ 85%]
2025-02-03T15:32:35.6801710Z .....                                                                    [ 85%]
2025-02-03T15:32:46.2496490Z tardis/transport/montecarlo/tests/test_rpacket_tracker.py ......         [ 85%]
2025-02-03T15:32:46.3241910Z tardis/transport/montecarlo/tests/test_single_packet_loop.py xxx         [ 86%]
2025-02-03T15:32:46.3352820Z tardis/transport/montecarlo/tests/test_tracker_utils.py ..               [ 86%]
2025-02-03T15:32:48.0676090Z tardis/transport/montecarlo/tests/test_vpacket.py ..x.                   [ 86%]
2025-02-03T15:32:48.0812130Z tardis/transport/montecarlo/tests/test_weighted_packet_source.py ....    [ 86%]
2025-02-03T15:32:51.2150380Z tardis/transport/montecarlo/tests/test_weighted_packet_source_integration.py . [ 86%]
2025-02-03T15:32:51.2153140Z                                                                          [ 86%]
2025-02-03T15:32:51.8255210Z tardis/transport/tests/test_doppler_factor.py ..................         [ 87%]
2025-02-03T15:32:53.4082990Z tardis/visualization/tools/tests/test_convergence_plot.py .............. [ 88%]
2025-02-03T15:32:55.9023490Z ......                                                                   [ 88%]
2025-02-03T15:33:00.2608060Z tardis/visualization/tools/tests/test_liv_plot.py ...................... [ 90%]
2025-02-03T15:33:04.0624190Z .............................                                            [ 91%]
2025-02-03T15:33:07.0768230Z tardis/visualization/tools/tests/test_rpacket_plot.py .................. [ 92%]
2025-02-03T15:33:15.0411040Z ....                                                                     [ 92%]
2025-02-03T15:33:20.3845680Z tardis/visualization/tools/tests/test_sdec_plot.py ..................... [ 94%]
2025-02-03T15:33:27.7774310Z ..............................                                           [ 95%]
2025-02-03T15:33:28.1283590Z tardis/visualization/widgets/tests/test_custom_abundance.py ........ss.. [ 96%]
2025-02-03T15:33:28.1724220Z ....                                                                     [ 96%]
2025-02-03T15:33:29.0199390Z tardis/visualization/widgets/tests/test_line_info.py ................... [ 97%]
2025-02-03T15:33:29.5912130Z ..................                                                       [ 98%]
2025-02-03T15:36:50.4443310Z tardis/visualization/widgets/tests/test_shell_info.py .................. [ 99%]
2025-02-03T15:36:58.7746370Z ......                                                                   [100%]
2025-02-03T15:36:58.7750600Z 
2025-02-03T15:36:58.7751670Z =============================== warnings summary ===============================
2025-02-03T15:36:58.7753010Z tardis/io/configuration/config_validator.py:6
2025-02-03T15:36:58.7754050Z tardis/io/configuration/config_validator.py:6
2025-02-03T15:36:58.7758860Z   /Users/runner/work/tardis/tardis/tardis/io/configuration/config_validator.py:6: DeprecationWarning:
2025-02-03T15:36:58.7760230Z   
2025-02-03T15:36:58.7766060Z   jsonschema.RefResolver is deprecated as of v4.18.0, in favor of the https://github.com/python-jsonschema/referencing library, which provides more compliant referencing behavior as well as more flexible APIs for customization. A future release will remove RefResolver. Please file a feature request (on referencing) if you are missing an API for the kind of customization you need.
2025-02-03T15:36:58.7767100Z 
2025-02-03T15:36:58.7767380Z ../../../micromamba/envs/tardis/lib/python3.12/site-packages/jupyter_client/connect.py:22
2025-02-03T15:36:58.7768070Z   /Users/runner/micromamba/envs/tardis/lib/python3.12/site-packages/jupyter_client/connect.py:22: DeprecationWarning:
2025-02-03T15:36:58.7768530Z   
2025-02-03T15:36:58.7768830Z   Jupyter is migrating its paths to use standard platformdirs
2025-02-03T15:36:58.7769190Z   given by the platformdirs library.  To remove this warning and
2025-02-03T15:36:58.7769610Z   see the appropriate new directories, set the environment variable
2025-02-03T15:36:58.7788200Z   `JUPYTER_PLATFORM_DIRS=1` and then run `jupyter --paths`.
2025-02-03T15:36:58.7789180Z   The use of platformdirs will be the default in `jupyter_core` v6
2025-02-03T15:36:58.7789810Z 
2025-02-03T15:36:58.7799260Z tardis/io/tests/test_HDFWriter.py::test_multi_index_write
2025-02-03T15:36:58.7800580Z tardis/visualization/widgets/tests/test_shell_info.py::TestHDFShellInfo::test_shells_data
2025-02-03T15:36:58.7801920Z   /Users/runner/work/tardis/tardis/tardis/io/util.py:276: PerformanceWarning:
2025-02-03T15:36:58.7802940Z   
2025-02-03T15:36:58.7803420Z   
2025-02-03T15:36:58.7804120Z   your performance may suffer as PyTables will pickle object types that it cannot
2025-02-03T15:36:58.7805540Z   map directly to c-types [inferred_type->mixed,key->block0_values] [items->Index([0], dtype='int64')]
2025-02-03T15:36:58.7806340Z 
2025-02-03T15:36:58.7806910Z tardis/io/tests/test_model_reader.py::test_read_cmfgen_isotope_abundances
2025-02-03T15:36:58.7808340Z tardis/plasma/tests/test_tardis_model_density_config.py::test_electron_densities
2025-02-03T15:36:58.7809750Z tardis/plasma/tests/test_tardis_model_density_config.py::test_isotope_number_densities
2025-02-03T15:36:58.7811530Z tardis/plasma/tests/test_tardis_model_density_config.py::test_t_rad
2025-02-03T15:36:58.7813100Z   /Users/runner/work/tardis/tardis/tardis/io/model/readers/cmfgen_deprecated.py:82: DeprecationWarning:
2025-02-03T15:36:58.7814510Z   
2025-02-03T15:36:58.7815150Z   The current CMFGEN model parser is deprecated
2025-02-03T15:36:58.7815690Z 
2025-02-03T15:36:58.7816060Z tardis/io/tests/test_model_reader.py: 1 warning
2025-02-03T15:36:58.7817040Z tardis/plasma/tests/test_tardis_model_density_config.py: 9 warnings
2025-02-03T15:36:58.7824400Z   /Users/runner/work/tardis/tardis/tardis/io/model/readers/cmfgen_deprecated.py:40: DeprecationWarning:
2025-02-03T15:36:58.7825830Z   
2025-02-03T15:36:58.7826150Z   The current CMFGEN model parser is deprecated
2025-02-03T15:36:58.7826400Z 
2025-02-03T15:36:58.7826600Z tardis/model/tests/test_base.py::TestModelFromPaper1Config::test_abundances
2025-02-03T15:36:58.7827280Z   /Users/runner/work/tardis/tardis/tardis/transport/montecarlo/montecarlo_main_loop.py:123: NumbaTypeSafetyWarning:
2025-02-03T15:36:58.7827880Z   
2025-02-03T15:36:58.8000450Z   [1m[1m[1munsafe cast from uint64 to int64. Precision may be lost.[0m[0m[0m
2025-02-03T15:36:58.8001280Z 
2025-02-03T15:36:58.8001690Z tardis/model/tests/test_base.py: 6 warnings
2025-02-03T15:36:58.8002350Z tardis/model/tests/test_csvy_model.py: 2 warnings
2025-02-03T15:36:58.8003000Z tardis/plasma/tests/test_tardis_model_density_config.py: 3 warnings
2025-02-03T15:36:58.8003600Z   /Users/runner/work/tardis/tardis/tardis/model/geometry/radial1d.py:50: DeprecationWarning:
2025-02-03T15:36:58.8004060Z   
2025-02-03T15:36:58.8004460Z   v_inner_boundary < 0, assuming default value
2025-02-03T15:36:58.8004720Z 
2025-02-03T15:36:58.8004870Z tardis/model/tests/test_base.py: 6 warnings
2025-02-03T15:36:58.8005210Z tardis/model/tests/test_csvy_model.py: 2 warnings
2025-02-03T15:36:58.8005980Z tardis/plasma/tests/test_tardis_model_density_config.py: 3 warnings
2025-02-03T15:36:58.8006840Z   /Users/runner/work/tardis/tardis/tardis/model/geometry/radial1d.py:61: DeprecationWarning:
2025-02-03T15:36:58.8007420Z   
2025-02-03T15:36:58.8007740Z   v_outer_boundary < 0, assuming default value
2025-02-03T15:36:58.8008070Z 
2025-02-03T15:36:58.8008660Z tardis/plasma/equilibrium/tests/test_level_populations.py::TestLevelPopulationSolver::test_solve[collisional_rate_solver0-radiative_transitions0]
2025-02-03T15:36:58.8011760Z   /Users/runner/work/tardis/tardis/tardis/plasma/equilibrium/level_populations.py:65: FutureWarning:
2025-02-03T15:36:58.8012920Z   
2025-02-03T15:36:58.8013440Z   A value is trying to be set on a copy of a DataFrame or Series through chained assignment using an inplace method.
2025-02-03T15:36:58.8014230Z   The behavior will change in pandas 3.0. This inplace method will never work because the intermediate object on which we are setting values always behaves as a copy.
2025-02-03T15:36:58.8015270Z   
2025-02-03T15:36:58.8016770Z   For example, when doing 'df[col].method(value, inplace=True)', try using 'df.method({col: value}, inplace=True)' or df[col] = df[col].method(value) instead, to perform the operation inplace on the original object.
2025-02-03T15:36:58.8017550Z 
2025-02-03T15:36:58.8018590Z tardis/plasma/tests/test_complete_plasmas.py: 20 warnings
2025-02-03T15:36:58.8019200Z   /Users/runner/work/tardis/tardis/tardis/plasma/tests/test_complete_plasmas.py:197: UserWarning:
2025-02-03T15:36:58.8021740Z   
2025-02-03T15:36:58.8022250Z   Property "atomic_mass" not found
2025-02-03T15:36:58.8022710Z 
2025-02-03T15:36:58.8023230Z tardis/plasma/tests/test_complete_plasmas.py::TestPlasma::test_plasma_properties[radiative_rates_type:detailed-w_epsilon:1e-10-j_blues_norm_factor]
2025-02-03T15:36:58.8026600Z tardis/plasma/tests/test_complete_plasmas.py::TestPlasma::test_plasma_properties[radiative_rates_type:detailed-j_blues_norm_factor]
2025-02-03T15:36:58.8027940Z   /Users/runner/work/tardis/tardis/tardis/plasma/tests/test_complete_plasmas.py:197: UserWarning:
2025-02-03T15:36:58.8028650Z   
2025-02-03T15:36:58.8029180Z   Property "j_blues_norm_factor" not found
2025-02-03T15:36:58.8029720Z 
2025-02-03T15:36:58.8030100Z tardis/plasma/tests/test_complete_plasmas.py::TestPlasma::test_plasma_properties[radiative_rates_type:detailed-w_epsilon:1e-10-j_blue_estimator]
2025-02-03T15:36:58.8031490Z tardis/plasma/tests/test_complete_plasmas.py::TestPlasma::test_plasma_properties[radiative_rates_type:detailed-j_blue_estimator]
2025-02-03T15:36:58.8032230Z   /Users/runner/work/tardis/tardis/tardis/plasma/tests/test_complete_plasmas.py:197: UserWarning:
2025-02-03T15:36:58.8033780Z   
2025-02-03T15:36:58.8034270Z   Property "j_blue_estimator" not found
2025-02-03T15:36:58.8034780Z 
2025-02-03T15:36:58.8035190Z tardis/plasma/tests/test_complete_plasmas.py::TestPlasma::test_plasma_properties[radiative_rates_type:detailed-w_epsilon:1e-10-volume]
2025-02-03T15:36:58.8036040Z tardis/plasma/tests/test_complete_plasmas.py::TestPlasma::test_plasma_properties[radiative_rates_type:detailed-volume]
2025-02-03T15:36:58.8036780Z   /Users/runner/work/tardis/tardis/tardis/plasma/tests/test_complete_plasmas.py:197: UserWarning:
2025-02-03T15:36:58.8038090Z   
2025-02-03T15:36:58.8038980Z   Property "volume" not found
2025-02-03T15:36:58.8039200Z 
2025-02-03T15:36:58.8039580Z tardis/plasma/tests/test_complete_plasmas.py::TestPlasma::test_plasma_properties[radiative_rates_type:detailed-w_epsilon:1e-10-r_inner]
2025-02-03T15:36:58.8040400Z tardis/plasma/tests/test_complete_plasmas.py::TestPlasma::test_plasma_properties[radiative_rates_type:detailed-r_inner]
2025-02-03T15:36:58.8041400Z   /Users/runner/work/tardis/tardis/tardis/plasma/tests/test_complete_plasmas.py:197: UserWarning:
2025-02-03T15:36:58.8041920Z   
2025-02-03T15:36:58.8042250Z   Property "r_inner" not found
2025-02-03T15:36:58.8055920Z 
2025-02-03T15:36:58.8056210Z tardis/plasma/tests/test_plasma_vboundary.py::test_plasma_vboundary[2900-3750]
2025-02-03T15:36:58.8057000Z tardis/plasma/tests/test_plasma_vboundary.py::test_plasma_vboundary[2900-3850]
2025-02-03T15:36:58.8057730Z tardis/plasma/tests/test_plasma_vboundary.py::test_plasma_vboundary[2900-3900]
2025-02-03T15:36:58.8058370Z   /Users/runner/work/tardis/tardis/tardis/model/geometry/radial1d.py:71: UserWarning:
2025-02-03T15:36:58.8058840Z   
2025-02-03T15:36:58.8059540Z   Requesting inner boundary below inner shell. Extrapolating the inner cell
2025-02-03T15:36:58.8060110Z 
2025-02-03T15:36:58.8060500Z tardis/spectrum/tests/test_spectrum_solver.py::TestSpectrumSolver::test_solve
2025-02-03T15:36:58.8061030Z   /Users/runner/work/tardis/tardis/tardis/spectrum/base.py:70: UserWarning:
2025-02-03T15:36:58.8061480Z   
2025-02-03T15:36:58.8061910Z   SpectrumSolver.spectrum_virtual_packets is zero. Please run the montecarlo simulation with no_of_virtual_packets > 0
2025-02-03T15:36:58.8062330Z 
2025-02-03T15:36:58.8100660Z tardis/spectrum/tests/test_spectrum_solver.py::TestSpectrumSolver::test_solve
2025-02-03T15:36:58.8102340Z   /Users/runner/work/tardis/tardis/tardis/spectrum/base.py:111: UserWarning:
2025-02-03T15:36:58.8103290Z   
2025-02-03T15:36:58.8104360Z   SpectrumSolver.integrator: The FormalIntegrator is not yet available.Please run the montecarlo simulation at least once.
2025-02-03T15:36:58.8105410Z 
2025-02-03T15:36:58.8105980Z tardis/transport/montecarlo/tests/test_vpacket.py::test_trace_vpacket_volley
2025-02-03T15:36:58.8106950Z   <string>:3: NumbaPendingDeprecationWarning:
2025-02-03T15:36:58.8107660Z   
2025-02-03T15:36:58.8111280Z   [1m[1mCode using Numba extension API maybe depending on 'old_style' error-capturing, which is deprecated and will be replaced by 'new_style' in a future release. See details at https://numba.readthedocs.io/en/latest/reference/deprecation.html#deprecation-of-old-style-numba-captured-errors
2025-02-03T15:36:58.8128920Z   Exception origin:
2025-02-03T15:36:58.8129430Z     File "/Users/runner/micromamba/envs/tardis/lib/python3.12/inspect.py", line 3180, in _bind
2025-02-03T15:36:58.8129900Z       raise TypeError(msg) from None
2025-02-03T15:36:58.8130410Z   [0m[0m
2025-02-03T15:36:58.8130500Z 
2025-02-03T15:36:58.8130880Z tardis/visualization/tools/tests/test_sdec_plot.py::TestSDECPlotter::test_mpl_image[plotter_generate_plot_mpl4]
2025-02-03T15:36:58.8132050Z   /Users/runner/work/tardis/tardis/tardis/visualization/tools/sdec_plot.py:1225: RuntimeWarning:
2025-02-03T15:36:58.8132620Z   
2025-02-03T15:36:58.8133460Z   More than 20 figures have been opened. Figures created through the pyplot interface (`matplotlib.pyplot.figure`) are retained until explicitly closed and may consume too much memory. (To control this warning, see the rcParam `figure.max_open_warning`). Consider using `matplotlib.pyplot.close()`.
2025-02-03T15:36:58.8134270Z 
2025-02-03T15:36:58.8134560Z tardis/visualization/widgets/tests/test_custom_abundance.py::TestCustomAbundanceWidget::test_update_input_item_value
2025-02-03T15:36:58.8135360Z tardis/visualization/widgets/tests/test_custom_abundance.py::TestCustomAbundanceWidget::test_update_input_item_value
2025-02-03T15:36:58.8136050Z tardis/visualization/widgets/tests/test_custom_abundance.py::TestCustomAbundanceWidget::test_update_input_item_value
2025-02-03T15:36:58.8139310Z tardis/visualization/widgets/tests/test_custom_abundance.py::TestCustomAbundanceWidget::test_update_input_item_value
2025-02-03T15:36:58.8140070Z tardis/visualization/widgets/tests/test_custom_abundance.py::TestCustomAbundanceWidget::test_update_input_item_value
2025-02-03T15:36:58.8141010Z tardis/visualization/widgets/tests/test_custom_abundance.py::TestCustomAbundanceWidget::test_update_input_item_value
2025-02-03T15:36:58.8141730Z   /Users/runner/micromamba/envs/tardis/lib/python3.12/site-packages/traitlets/traitlets.py:1385: DeprecationWarning:
2025-02-03T15:36:58.8142280Z   
2025-02-03T15:36:58.8142560Z   Passing unrecognized arguments to super(Checkbox).__init__(icon='lock').
2025-02-03T15:36:58.8143050Z   object.__init__() takes exactly one argument (the instance to initialize)
2025-02-03T15:36:58.8143780Z   This is deprecated in traitlets 4.2.This error will be raised in a future release of traitlets.
2025-02-03T15:36:58.8144110Z 
2025-02-03T15:36:58.8144470Z tardis/visualization/widgets/tests/test_custom_abundance.py::TestCustomAbundanceWidget::test_update_input_item_value
2025-02-03T15:36:58.8145140Z tardis/visualization/widgets/tests/test_custom_abundance.py::TestCustomAbundanceWidget::test_update_input_item_value
2025-02-03T15:36:58.8145870Z   /Users/runner/micromamba/envs/tardis/lib/python3.12/site-packages/traitlets/traitlets.py:1385: DeprecationWarning:
2025-02-03T15:36:58.8146330Z   
2025-02-03T15:36:58.8146700Z   Passing unrecognized arguments to super(FloatText).__init__(min=0).
2025-02-03T15:36:58.8147120Z   object.__init__() takes exactly one argument (the instance to initialize)
2025-02-03T15:36:58.8147660Z   This is deprecated in traitlets 4.2.This error will be raised in a future release of traitlets.
2025-02-03T15:36:58.8148270Z 
2025-02-03T15:36:58.8148840Z tardis/visualization/widgets/tests/test_custom_abundance.py::TestCustomAbundanceWidget::test_update_input_item_value
2025-02-03T15:36:58.8149640Z   /Users/runner/micromamba/envs/tardis/lib/python3.12/site-packages/traitlets/traitlets.py:1385: DeprecationWarning:
2025-02-03T15:36:58.8150160Z   
2025-02-03T15:36:58.8150430Z   Passing unrecognized arguments to super(HTML).__init__(indent=True).
2025-02-03T15:36:58.8150910Z   object.__init__() takes exactly one argument (the instance to initialize)
2025-02-03T15:36:58.8151390Z   This is deprecated in traitlets 4.2.This error will be raised in a future release of traitlets.
2025-02-03T15:36:58.8151700Z 
2025-02-03T15:36:58.8152130Z tardis/visualization/widgets/tests/test_line_info.py::TestLineInfoWidgetData::test_get_species_interactions[wavelength_range0-packet_out_nu]
2025-02-03T15:36:58.8152890Z   /Users/runner/micromamba/envs/tardis/lib/python3.12/site-packages/qgridnext/grid.py:825: DeprecationWarning:
2025-02-03T15:36:58.8153390Z   
2025-02-03T15:36:58.8153740Z   QgridWidget._grid_options_changed is deprecated in traitlets 4.1: use @observe and @unobserve instead.
2025-02-03T15:36:58.8154080Z 
2025-02-03T15:36:58.8154380Z tardis/visualization/widgets/tests/test_shell_info.py::TestHDFShellInfo::test_shells_data
2025-02-03T15:36:58.8154900Z   /Users/runner/work/tardis/tardis/tardis/io/util.py:289: PerformanceWarning:
2025-02-03T15:36:58.8155300Z   
2025-02-03T15:36:58.8155470Z   
2025-02-03T15:36:58.8155810Z   your performance may suffer as PyTables will pickle object types that it cannot
2025-02-03T15:36:58.8156300Z   map directly to c-types [inferred_type->mixed,key->block0_values] [items->Index([0], dtype='int64')]
2025-02-03T15:36:58.8156650Z 
2025-02-03T15:36:58.8156900Z tardis/visualization/widgets/tests/test_shell_info.py::TestHDFShellInfo::test_shells_data
2025-02-03T15:36:58.8157450Z   /Users/runner/work/tardis/tardis/tardis/io/util.py:292: PerformanceWarning:
2025-02-03T15:36:58.8157800Z   
2025-02-03T15:36:58.8158080Z   
2025-02-03T15:36:58.8158360Z   your performance may suffer as PyTables will pickle object types that it cannot
2025-02-03T15:36:58.8158850Z   map directly to c-types [inferred_type->mixed,key->values] [items->None]
2025-02-03T15:36:58.8159060Z 
2025-02-03T15:36:58.8159850Z tardis/visualization/widgets/tests/test_shell_info.py::TestHDFShellInfo::test_shells_data
2025-02-03T15:36:58.8160470Z   /Users/runner/work/tardis/tardis/tardis/spectrum/formal_integral.py:398: UserWarning:
2025-02-03T15:36:58.8160850Z   
2025-02-03T15:36:58.8161190Z   The number of interpolate_shells was not specified. The value was set to 80.
2025-02-03T15:36:58.8161480Z 
2025-02-03T15:36:58.8161650Z -- Docs: https://docs.pytest.org/en/stable/how-to/capture-warnings.html
2025-02-03T15:36:58.8161920Z 
2025-02-03T15:36:58.8162120Z ---------- coverage: platform darwin, python 3.12.4-final-0 ----------
2025-02-03T15:36:58.8162460Z Coverage HTML written to dir coverage_html_report
2025-02-03T15:36:58.8165090Z Coverage XML written to file coverage.xml
2025-02-03T15:36:58.8166180Z 
2025-02-03T15:36:58.8166430Z = 1438 passed, 329 skipped, 2 deselected, 19 xfailed, 8 xpassed, 91 warnings in 812.32s (0:13:32) =
2025-02-03T15:37:01.1999820Z ##[group]Run mv .coverage .coverage.0
2025-02-03T15:37:01.2000650Z [36;1mmv .coverage .coverage.0[0m
2025-02-03T15:37:01.3424740Z shell: /bin/bash -l {0}
2025-02-03T15:37:01.3424950Z env:
2025-02-03T15:37:01.3425100Z   CACHE_NUMBER: 0
2025-02-03T15:37:01.3426050Z   PYTEST_FLAGS: --tardis-regression-data=/Users/runner/work/tardis/tardis/tardis-regression-data --cov=tardis --cov-report=xml --cov-report=html --cov-append
2025-02-03T15:37:01.3426640Z   CODECOV_TOKEN: 
2025-02-03T15:37:01.3426830Z   MAMBA_ROOT_PREFIX: /Users/runner/micromamba
2025-02-03T15:37:01.3427080Z   MAMBA_EXE: /Users/runner/micromamba-bin/micromamba
2025-02-03T15:37:01.3427380Z   CONDARC: /Users/runner/work/_temp/setup-micromamba/.condarc
2025-02-03T15:37:01.3427620Z ##[endgroup]
2025-02-03T15:37:01.6972550Z ##[group]Run actions/upload-artifact@v4
2025-02-03T15:37:01.6972810Z with:
2025-02-03T15:37:01.6973090Z   name: coverage-not-continuum-macos-latest
2025-02-03T15:37:01.6973400Z   include-hidden-files: true
2025-02-03T15:37:01.6973610Z   path: .coverage*
!.coveragerc

2025-02-03T15:37:01.6973860Z   if-no-files-found: warn
2025-02-03T15:37:01.6974050Z   compression-level: 6
2025-02-03T15:37:01.6974300Z   overwrite: false
2025-02-03T15:37:01.6974450Z env:
2025-02-03T15:37:01.6974600Z   CACHE_NUMBER: 0
2025-02-03T15:37:01.6975100Z   PYTEST_FLAGS: --tardis-regression-data=/Users/runner/work/tardis/tardis/tardis-regression-data --cov=tardis --cov-report=xml --cov-report=html --cov-append
2025-02-03T15:37:01.6975620Z   CODECOV_TOKEN: 
2025-02-03T15:37:01.6975810Z   MAMBA_ROOT_PREFIX: /Users/runner/micromamba
2025-02-03T15:37:01.6976080Z   MAMBA_EXE: /Users/runner/micromamba-bin/micromamba
2025-02-03T15:37:01.6976370Z   CONDARC: /Users/runner/work/_temp/setup-micromamba/.condarc
2025-02-03T15:37:01.6976750Z ##[endgroup]
2025-02-03T15:37:02.5027150Z With the provided path, there will be 2 files uploaded
2025-02-03T15:37:02.5027780Z Artifact name is valid!
2025-02-03T15:37:02.5027970Z Root directory input is valid!
2025-02-03T15:37:02.7481380Z Beginning upload of artifact content to blob storage
2025-02-03T15:37:02.9641890Z Uploaded bytes 29601
2025-02-03T15:37:03.0184120Z Finished uploading artifact content to blob storage!
2025-02-03T15:37:03.0187840Z SHA256 hash of uploaded artifact zip is 6c688cbac7880ddcce8d7c0fadbf35bf231016fbd31e06f4da45665b4ec9a16c
2025-02-03T15:37:03.0191110Z Finalizing artifact upload
2025-02-03T15:37:03.1220580Z Artifact coverage-not-continuum-macos-latest.zip successfully finalized. Artifact ID 2527891350
2025-02-03T15:37:03.1222310Z Artifact coverage-not-continuum-macos-latest has been successfully uploaded! Final size is 29601 bytes. Artifact ID is 2527891350
2025-02-03T15:37:03.1239000Z Artifact download URL: https://github.com/tardis-sn/tardis/actions/runs/13116792403/artifacts/2527891350
2025-02-03T15:37:03.1405150Z Post job cleanup.
2025-02-03T15:37:03.1455240Z Post job cleanup.
2025-02-03T15:37:03.3538850Z Will use pre-installed micromamba at /Users/runner/micromamba-bin/micromamba
2025-02-03T15:37:03.3546350Z Removing micromamba run shell ...
2025-02-03T15:37:03.3548930Z ##[group]Deinitialize micromamba for bash
2025-02-03T15:37:03.3587440Z [command]/Users/runner/micromamba-bin/micromamba shell deinit -s bash -r /Users/runner/micromamba --log-level warning --rc-file /Users/runner/work/_temp/setup-micromamba/.condarc
2025-02-03T15:37:03.3849130Z Resetting RC file "/Users/runner/.bash_profile"
2025-02-03T15:37:03.3850170Z Deleting config for root prefix 
2025-02-03T15:37:03.3850820Z Clearing mamba executable environment variable
2025-02-03T15:37:03.3872410Z Removing the following in your "/Users/runner/.bash_profile" file
2025-02-03T15:37:03.3873300Z # >>> mamba initialize >>>
2025-02-03T15:37:03.3874390Z ...
2025-02-03T15:37:03.3874580Z # <<< mamba initialize <<<
2025-02-03T15:37:03.3931600Z Removing environment tardis from auto-activate bash ...
2025-02-03T15:37:03.4076810Z Post job cleanup.
2025-02-03T15:37:03.4133560Z Post job cleanup.
2025-02-03T15:37:03.5636100Z [command]/opt/homebrew/bin/git version
2025-02-03T15:37:03.6101570Z git version 2.48.1
2025-02-03T15:37:03.6157660Z Copying '/Users/runner/.gitconfig' to '/Users/runner/work/_temp/73c6e05f-ff08-4de4-abd5-92e0c495f670/.gitconfig'
2025-02-03T15:37:03.6159750Z Temporarily overriding HOME='/Users/runner/work/_temp/73c6e05f-ff08-4de4-abd5-92e0c495f670' before making global git config changes
2025-02-03T15:37:03.6162210Z Adding repository directory to the temporary git global config as a safe directory
2025-02-03T15:37:03.6164020Z [command]/opt/homebrew/bin/git config --global --add safe.directory /Users/runner/work/tardis/tardis/tardis-regression-data
2025-02-03T15:37:03.6352190Z [command]/opt/homebrew/bin/git config --local --name-only --get-regexp core\.sshCommand
2025-02-03T15:37:03.6416350Z [command]/opt/homebrew/bin/git submodule foreach --recursive sh -c "git config --local --name-only --get-regexp 'core\.sshCommand' && git config --local --unset-all 'core.sshCommand' || :"
2025-02-03T15:37:03.7982180Z [command]/opt/homebrew/bin/git config --local --name-only --get-regexp http\.https\:\/\/github\.com\/\.extraheader
2025-02-03T15:37:03.8039380Z http.https://github.com/.extraheader
2025-02-03T15:37:03.8050360Z [command]/opt/homebrew/bin/git config --local --unset-all http.https://github.com/.extraheader
2025-02-03T15:37:03.8127280Z [command]/opt/homebrew/bin/git submodule foreach --recursive sh -c "git config --local --name-only --get-regexp 'http\.https\:\/\/github\.com\/\.extraheader' && git config --local --unset-all 'http.https://github.com/.extraheader' || :"
2025-02-03T15:37:03.9681910Z Post job cleanup.
2025-02-03T15:37:04.1350050Z [command]/opt/homebrew/bin/git version
2025-02-03T15:37:04.1426650Z git version 2.48.1
2025-02-03T15:37:04.1456390Z Copying '/Users/runner/.gitconfig' to '/Users/runner/work/_temp/fe81675a-6255-4150-80c7-f2b148c8df68/.gitconfig'
2025-02-03T15:37:04.1470510Z Temporarily overriding HOME='/Users/runner/work/_temp/fe81675a-6255-4150-80c7-f2b148c8df68' before making global git config changes
2025-02-03T15:37:04.1471280Z Adding repository directory to the temporary git global config as a safe directory
2025-02-03T15:37:04.1479980Z [command]/opt/homebrew/bin/git config --global --add safe.directory /Users/runner/work/tardis/tardis
2025-02-03T15:37:04.1562360Z [command]/opt/homebrew/bin/git config --local --name-only --get-regexp core\.sshCommand
2025-02-03T15:37:04.1626560Z [command]/opt/homebrew/bin/git submodule foreach --recursive sh -c "git config --local --name-only --get-regexp 'core\.sshCommand' && git config --local --unset-all 'core.sshCommand' || :"
2025-02-03T15:37:04.2583980Z [command]/opt/homebrew/bin/git config --local --name-only --get-regexp http\.https\:\/\/github\.com\/\.extraheader
2025-02-03T15:37:04.2667420Z http.https://github.com/.extraheader
2025-02-03T15:37:04.2686480Z [command]/opt/homebrew/bin/git config --local --unset-all http.https://github.com/.extraheader
2025-02-03T15:37:04.2812670Z [command]/opt/homebrew/bin/git submodule foreach --recursive sh -c "git config --local --name-only --get-regexp 'http\.https\:\/\/github\.com\/\.extraheader' && git config --local --unset-all 'http.https://github.com/.extraheader' || :"
2025-02-03T15:37:04.3953320Z Cleaning up orphan processes
