2025-01-27T13:10:23.8605606Z Requested labels: ubuntu-latest
2025-01-27T13:10:23.8605838Z Job defined at: tardis-sn/tardis/.github/workflows/tests.yml@refs/pull/2954/merge
2025-01-27T13:10:23.8605960Z Waiting for a runner to pick up this job...
2025-01-27T13:10:24.0334683Z Job is waiting for a hosted runner to come online.
2025-01-27T13:10:27.9444006Z Job is about to start running on the hosted runner: GitHub Actions 19 (hosted)
2025-01-27T13:10:30.2394998Z Current runner version: '2.321.0'
2025-01-27T13:10:30.2422972Z ##[group]Operating System
2025-01-27T13:10:30.2423764Z Ubuntu
2025-01-27T13:10:30.2424360Z 24.04.1
2025-01-27T13:10:30.2424841Z LTS
2025-01-27T13:10:30.2425330Z ##[endgroup]
2025-01-27T13:10:30.2425932Z ##[group]Runner Image
2025-01-27T13:10:30.2426629Z Image: ubuntu-24.04
2025-01-27T13:10:30.2427156Z Version: 20250120.5.0
2025-01-27T13:10:30.2428268Z Included Software: https://github.com/actions/runner-images/blob/ubuntu24/20250120.5/images/ubuntu/Ubuntu2404-Readme.md
2025-01-27T13:10:30.2429582Z Image Release: https://github.com/actions/runner-images/releases/tag/ubuntu24%2F20250120.5
2025-01-27T13:10:30.2430472Z ##[endgroup]
2025-01-27T13:10:30.2431053Z ##[group]Runner Image Provisioner
2025-01-27T13:10:30.2431609Z 2.0.417.1
2025-01-27T13:10:30.2432083Z ##[endgroup]
2025-01-27T13:10:30.2434220Z ##[group]GITHUB_TOKEN Permissions
2025-01-27T13:10:30.2436134Z Actions: read
2025-01-27T13:10:30.2437345Z Attestations: read
2025-01-27T13:10:30.2437946Z Checks: read
2025-01-27T13:10:30.2438515Z Contents: read
2025-01-27T13:10:30.2439026Z Deployments: read
2025-01-27T13:10:30.2439529Z Discussions: read
2025-01-27T13:10:30.2440084Z Issues: read
2025-01-27T13:10:30.2440537Z Metadata: read
2025-01-27T13:10:30.2441058Z Packages: read
2025-01-27T13:10:30.2441601Z Pages: read
2025-01-27T13:10:30.2442057Z PullRequests: read
2025-01-27T13:10:30.2442606Z RepositoryProjects: read
2025-01-27T13:10:30.2443214Z SecurityEvents: read
2025-01-27T13:10:30.2443703Z Statuses: read
2025-01-27T13:10:30.2444228Z ##[endgroup]
2025-01-27T13:10:30.2447560Z Secret source: None
2025-01-27T13:10:30.2448216Z Prepare workflow directory
2025-01-27T13:10:30.3126124Z Prepare all required actions
2025-01-27T13:10:30.3162822Z Getting action download info
2025-01-27T13:10:30.5169764Z Download action repository 'actions/checkout@v4' (SHA:11bd71901bbe5b1630ceea73d27597364c9af683)
2025-01-27T13:10:30.6150321Z Download action repository 'actions/upload-artifact@v4' (SHA:65c4c4a1ddee5b72f698fdd19549f0f0fb45cf08)
2025-01-27T13:10:30.7908159Z Complete job name: not continuum ubuntu-latest 
2025-01-27T13:10:30.8624586Z ##[group]Run actions/checkout@v4
2025-01-27T13:10:30.8625533Z with:
2025-01-27T13:10:30.8625928Z   repository: tardis-sn/tardis
2025-01-27T13:10:30.8626875Z   token: ***
2025-01-27T13:10:30.8627267Z   ssh-strict: true
2025-01-27T13:10:30.8627657Z   ssh-user: git
2025-01-27T13:10:30.8628061Z   persist-credentials: true
2025-01-27T13:10:30.8628511Z   clean: true
2025-01-27T13:10:30.8628906Z   sparse-checkout-cone-mode: true
2025-01-27T13:10:30.8629396Z   fetch-depth: 1
2025-01-27T13:10:30.8629782Z   fetch-tags: false
2025-01-27T13:10:30.8630180Z   show-progress: true
2025-01-27T13:10:30.8630575Z   lfs: false
2025-01-27T13:10:30.8630936Z   submodules: false
2025-01-27T13:10:30.8631337Z   set-safe-directory: true
2025-01-27T13:10:30.8632058Z env:
2025-01-27T13:10:30.8632421Z   CACHE_NUMBER: 0
2025-01-27T13:10:30.8633614Z   PYTEST_FLAGS: --tardis-regression-data=/home/runner/work/tardis/tardis/tardis-regression-data --cov=tardis --cov-report=xml --cov-report=html --cov-append
2025-01-27T13:10:30.8634843Z   CODECOV_TOKEN: 
2025-01-27T13:10:30.8635236Z ##[endgroup]
2025-01-27T13:10:31.0706052Z Syncing repository: tardis-sn/tardis
2025-01-27T13:10:31.0708185Z ##[group]Getting Git version info
2025-01-27T13:10:31.0708851Z Working directory is '/home/runner/work/tardis/tardis'
2025-01-27T13:10:31.0709742Z [command]/usr/bin/git version
2025-01-27T13:10:31.0767169Z git version 2.48.1
2025-01-27T13:10:31.0809514Z ##[endgroup]
2025-01-27T13:10:31.0828955Z Temporarily overriding HOME='/home/runner/work/_temp/34b00563-5e39-485d-868d-cd48fbdc43d3' before making global git config changes
2025-01-27T13:10:31.0830488Z Adding repository directory to the temporary git global config as a safe directory
2025-01-27T13:10:31.0836747Z [command]/usr/bin/git config --global --add safe.directory /home/runner/work/tardis/tardis
2025-01-27T13:10:31.0877962Z Deleting the contents of '/home/runner/work/tardis/tardis'
2025-01-27T13:10:31.0881732Z ##[group]Initializing the repository
2025-01-27T13:10:31.0886221Z [command]/usr/bin/git init /home/runner/work/tardis/tardis
2025-01-27T13:10:31.0954159Z hint: Using 'master' as the name for the initial branch. This default branch name
2025-01-27T13:10:31.0955563Z hint: is subject to change. To configure the initial branch name to use in all
2025-01-27T13:10:31.0956824Z hint: of your new repositories, which will suppress this warning, call:
2025-01-27T13:10:31.0958026Z hint:
2025-01-27T13:10:31.0958825Z hint: 	git config --global init.defaultBranch <name>
2025-01-27T13:10:31.0959811Z hint:
2025-01-27T13:10:31.0960695Z hint: Names commonly chosen instead of 'master' are 'main', 'trunk' and
2025-01-27T13:10:31.0962165Z hint: 'development'. The just-created branch can be renamed via this command:
2025-01-27T13:10:31.0962858Z hint:
2025-01-27T13:10:31.0963237Z hint: 	git branch -m <name>
2025-01-27T13:10:31.0963907Z Initialized empty Git repository in /home/runner/work/tardis/tardis/.git/
2025-01-27T13:10:31.0972783Z [command]/usr/bin/git remote add origin https://github.com/tardis-sn/tardis
2025-01-27T13:10:31.1005010Z ##[endgroup]
2025-01-27T13:10:31.1005725Z ##[group]Disabling automatic garbage collection
2025-01-27T13:10:31.1009491Z [command]/usr/bin/git config --local gc.auto 0
2025-01-27T13:10:31.1039003Z ##[endgroup]
2025-01-27T13:10:31.1039652Z ##[group]Setting up auth
2025-01-27T13:10:31.1046073Z [command]/usr/bin/git config --local --name-only --get-regexp core\.sshCommand
2025-01-27T13:10:31.1076685Z [command]/usr/bin/git submodule foreach --recursive sh -c "git config --local --name-only --get-regexp 'core\.sshCommand' && git config --local --unset-all 'core.sshCommand' || :"
2025-01-27T13:10:31.1398101Z [command]/usr/bin/git config --local --name-only --get-regexp http\.https\:\/\/github\.com\/\.extraheader
2025-01-27T13:10:31.1428665Z [command]/usr/bin/git submodule foreach --recursive sh -c "git config --local --name-only --get-regexp 'http\.https\:\/\/github\.com\/\.extraheader' && git config --local --unset-all 'http.https://github.com/.extraheader' || :"
2025-01-27T13:10:31.1660412Z [command]/usr/bin/git config --local http.https://github.com/.extraheader AUTHORIZATION: basic ***
2025-01-27T13:10:31.1699412Z ##[endgroup]
2025-01-27T13:10:31.1700186Z ##[group]Fetching the repository
2025-01-27T13:10:31.1708720Z [command]/usr/bin/git -c protocol.version=2 fetch --no-tags --prune --no-recurse-submodules --depth=1 origin +38dcd29f53fc843f9ec46e7b0e3fbdf33a63134b:refs/remotes/pull/2954/merge
2025-01-27T13:10:32.7882076Z From https://github.com/tardis-sn/tardis
2025-01-27T13:10:32.7884416Z  * [new ref]         38dcd29f53fc843f9ec46e7b0e3fbdf33a63134b -> pull/2954/merge
2025-01-27T13:10:32.7911664Z ##[endgroup]
2025-01-27T13:10:32.7913666Z ##[group]Determining the checkout info
2025-01-27T13:10:32.7915776Z ##[endgroup]
2025-01-27T13:10:32.8021246Z [command]/usr/bin/git sparse-checkout disable
2025-01-27T13:10:32.8025477Z [command]/usr/bin/git config --local --unset-all extensions.worktreeConfig
2025-01-27T13:10:32.8030243Z ##[group]Checking out the ref
2025-01-27T13:10:32.8032158Z [command]/usr/bin/git checkout --progress --force refs/remotes/pull/2954/merge
2025-01-27T13:10:33.0019534Z Note: switching to 'refs/remotes/pull/2954/merge'.
2025-01-27T13:10:33.0021095Z 
2025-01-27T13:10:33.0022106Z You are in 'detached HEAD' state. You can look around, make experimental
2025-01-27T13:10:33.0025747Z changes and commit them, and you can discard any commits you make in this
2025-01-27T13:10:33.0028295Z state without impacting any branches by switching back to a branch.
2025-01-27T13:10:33.0029637Z 
2025-01-27T13:10:33.0030513Z If you want to create a new branch to retain commits you create, you may
2025-01-27T13:10:33.0032526Z do so (now or later) by using -c with the switch command. Example:
2025-01-27T13:10:33.0033672Z 
2025-01-27T13:10:33.0034191Z   git switch -c <new-branch-name>
2025-01-27T13:10:33.0035054Z 
2025-01-27T13:10:33.0035545Z Or undo this operation with:
2025-01-27T13:10:33.0036505Z 
2025-01-27T13:10:33.0037371Z   git switch -
2025-01-27T13:10:33.0037996Z 
2025-01-27T13:10:33.0039075Z Turn off this advice by setting config variable advice.detachedHead to false
2025-01-27T13:10:33.0040485Z 
2025-01-27T13:10:33.0042125Z HEAD is now at 38dcd29 Merge 058593b9ff275bce402dcf6cd3996a3d2c1a6144 into ba33d7b6d9d42ff82557ca382cff5b2a54f91c51
2025-01-27T13:10:33.0049384Z ##[endgroup]
2025-01-27T13:10:33.0094888Z [command]/usr/bin/git log -1 --format=%H
2025-01-27T13:10:33.0121304Z 38dcd29f53fc843f9ec46e7b0e3fbdf33a63134b
2025-01-27T13:10:33.0404200Z Prepare all required actions
2025-01-27T13:10:33.0404759Z Getting action download info
2025-01-27T13:10:33.2146201Z Download action repository 'actions/cache@v4' (SHA:1bd1e32a3bdc45362d1e726936510720a7c30a57)
2025-01-27T13:10:33.3384085Z ##[group]Run ./.github/actions/setup_lfs
2025-01-27T13:10:33.3384453Z with:
2025-01-27T13:10:33.3384769Z   regression-data-repo: tardis-sn/tardis-regression-data
2025-01-27T13:10:33.3385167Z   atom-data-sparse: false
2025-01-27T13:10:33.3385481Z env:
2025-01-27T13:10:33.3385703Z   CACHE_NUMBER: 0
2025-01-27T13:10:33.3386605Z   PYTEST_FLAGS: --tardis-regression-data=/home/runner/work/tardis/tardis/tardis-regression-data --cov=tardis --cov-report=xml --cov-report=html --cov-append
2025-01-27T13:10:33.3387379Z   CODECOV_TOKEN: 
2025-01-27T13:10:33.3387626Z ##[endgroup]
2025-01-27T13:10:33.3537007Z ##[group]Run actions/checkout@v4
2025-01-27T13:10:33.3537376Z with:
2025-01-27T13:10:33.3537666Z   repository: tardis-sn/tardis-regression-data
2025-01-27T13:10:33.3538116Z   path: tardis-regression-data
2025-01-27T13:10:33.3538436Z   lfs: false
2025-01-27T13:10:33.3538844Z   token: ***
2025-01-27T13:10:33.3539105Z   ssh-strict: true
2025-01-27T13:10:33.3539369Z   ssh-user: git
2025-01-27T13:10:33.3539651Z   persist-credentials: true
2025-01-27T13:10:33.3539958Z   clean: true
2025-01-27T13:10:33.3540232Z   sparse-checkout-cone-mode: true
2025-01-27T13:10:33.3540562Z   fetch-depth: 1
2025-01-27T13:10:33.3540827Z   fetch-tags: false
2025-01-27T13:10:33.3541105Z   show-progress: true
2025-01-27T13:10:33.3541384Z   submodules: false
2025-01-27T13:10:33.3541660Z   set-safe-directory: true
2025-01-27T13:10:33.3541971Z env:
2025-01-27T13:10:33.3542211Z   CACHE_NUMBER: 0
2025-01-27T13:10:33.3542956Z   PYTEST_FLAGS: --tardis-regression-data=/home/runner/work/tardis/tardis/tardis-regression-data --cov=tardis --cov-report=xml --cov-report=html --cov-append
2025-01-27T13:10:33.3543734Z   CODECOV_TOKEN: 
2025-01-27T13:10:33.3543992Z ##[endgroup]
2025-01-27T13:10:33.4487814Z Syncing repository: tardis-sn/tardis-regression-data
2025-01-27T13:10:33.4496028Z ##[group]Getting Git version info
2025-01-27T13:10:33.4496838Z Working directory is '/home/runner/work/tardis/tardis/tardis-regression-data'
2025-01-27T13:10:33.4536852Z [command]/usr/bin/git version
2025-01-27T13:10:33.4582710Z git version 2.48.1
2025-01-27T13:10:33.4608711Z ##[endgroup]
2025-01-27T13:10:33.4623023Z Temporarily overriding HOME='/home/runner/work/_temp/bba89169-c85b-4f58-a667-d02369d16789' before making global git config changes
2025-01-27T13:10:33.4624616Z Adding repository directory to the temporary git global config as a safe directory
2025-01-27T13:10:33.4629915Z [command]/usr/bin/git config --global --add safe.directory /home/runner/work/tardis/tardis/tardis-regression-data
2025-01-27T13:10:33.4662147Z ##[group]Initializing the repository
2025-01-27T13:10:33.4668064Z [command]/usr/bin/git init /home/runner/work/tardis/tardis/tardis-regression-data
2025-01-27T13:10:33.4704338Z hint: Using 'master' as the name for the initial branch. This default branch name
2025-01-27T13:10:33.4705425Z hint: is subject to change. To configure the initial branch name to use in all
2025-01-27T13:10:33.4706552Z hint: of your new repositories, which will suppress this warning, call:
2025-01-27T13:10:33.4707129Z hint:
2025-01-27T13:10:33.4707454Z hint: 	git config --global init.defaultBranch <name>
2025-01-27T13:10:33.4707842Z hint:
2025-01-27T13:10:33.4708215Z hint: Names commonly chosen instead of 'master' are 'main', 'trunk' and
2025-01-27T13:10:33.4709061Z hint: 'development'. The just-created branch can be renamed via this command:
2025-01-27T13:10:33.4709506Z hint:
2025-01-27T13:10:33.4709765Z hint: 	git branch -m <name>
2025-01-27T13:10:33.4710308Z Initialized empty Git repository in /home/runner/work/tardis/tardis/tardis-regression-data/.git/
2025-01-27T13:10:33.4716831Z [command]/usr/bin/git remote add origin https://github.com/tardis-sn/tardis-regression-data
2025-01-27T13:10:33.4747191Z ##[endgroup]
2025-01-27T13:10:33.4748136Z ##[group]Disabling automatic garbage collection
2025-01-27T13:10:33.4751744Z [command]/usr/bin/git config --local gc.auto 0
2025-01-27T13:10:33.4780548Z ##[endgroup]
2025-01-27T13:10:33.4781056Z ##[group]Setting up auth
2025-01-27T13:10:33.4787097Z [command]/usr/bin/git config --local --name-only --get-regexp core\.sshCommand
2025-01-27T13:10:33.4815945Z [command]/usr/bin/git submodule foreach --recursive sh -c "git config --local --name-only --get-regexp 'core\.sshCommand' && git config --local --unset-all 'core.sshCommand' || :"
2025-01-27T13:10:33.5045086Z [command]/usr/bin/git config --local --name-only --get-regexp http\.https\:\/\/github\.com\/\.extraheader
2025-01-27T13:10:33.5079821Z [command]/usr/bin/git submodule foreach --recursive sh -c "git config --local --name-only --get-regexp 'http\.https\:\/\/github\.com\/\.extraheader' && git config --local --unset-all 'http.https://github.com/.extraheader' || :"
2025-01-27T13:10:33.5331139Z [command]/usr/bin/git config --local http.https://github.com/.extraheader AUTHORIZATION: basic ***
2025-01-27T13:10:33.5369959Z ##[endgroup]
2025-01-27T13:10:33.5370629Z ##[group]Determining the default branch
2025-01-27T13:10:33.5373023Z Retrieving the default branch name
2025-01-27T13:10:33.8564473Z Default branch 'main'
2025-01-27T13:10:33.8565829Z ##[endgroup]
2025-01-27T13:10:33.8566792Z ##[group]Fetching the repository
2025-01-27T13:10:33.8572166Z [command]/usr/bin/git -c protocol.version=2 fetch --no-tags --prune --no-recurse-submodules --depth=1 origin +refs/heads/main:refs/remotes/origin/main
2025-01-27T13:10:34.5351830Z From https://github.com/tardis-sn/tardis-regression-data
2025-01-27T13:10:34.5353239Z  * [new branch]      main       -> origin/main
2025-01-27T13:10:34.5380709Z ##[endgroup]
2025-01-27T13:10:34.5381509Z ##[group]Determining the checkout info
2025-01-27T13:10:34.5383945Z ##[endgroup]
2025-01-27T13:10:34.5389319Z [command]/usr/bin/git sparse-checkout disable
2025-01-27T13:10:34.5434251Z [command]/usr/bin/git config --local --unset-all extensions.worktreeConfig
2025-01-27T13:10:34.5465510Z ##[group]Checking out the ref
2025-01-27T13:10:34.5470541Z [command]/usr/bin/git checkout --progress --force -B main refs/remotes/origin/main
2025-01-27T13:10:35.0923879Z Switched to a new branch 'main'
2025-01-27T13:10:35.0926983Z branch 'main' set up to track 'origin/main'.
2025-01-27T13:10:35.1198493Z ##[endgroup]
2025-01-27T13:10:35.1238988Z [command]/usr/bin/git log -1 --format=%H
2025-01-27T13:10:35.1263753Z fa7729bc9c30e14b69acd641af8b692b56fcd416
2025-01-27T13:10:35.1404291Z ##[group]Run if [ "false" == "true" ]; then
2025-01-27T13:10:35.1404693Z [36;1mif [ "false" == "true" ]; then[0m
2025-01-27T13:10:35.1404978Z [36;1m  echo "Using atom data sparse checkout"[0m
2025-01-27T13:10:35.1405348Z [36;1m  echo "atom_data/kurucz_cd23_chianti_H_He.h5" > .lfs-files-list[0m
2025-01-27T13:10:35.1405691Z [36;1melse[0m
2025-01-27T13:10:35.1405891Z [36;1m  echo "Using full repository checkout"[0m
2025-01-27T13:10:35.1406266Z [36;1m  git lfs ls-files -l | cut -d' ' -f1 | sort > .lfs-files-list[0m
2025-01-27T13:10:35.1406753Z [36;1mfi[0m
2025-01-27T13:10:35.1439179Z shell: /usr/bin/bash --noprofile --norc -e -o pipefail {0}
2025-01-27T13:10:35.1439512Z env:
2025-01-27T13:10:35.1439679Z   CACHE_NUMBER: 0
2025-01-27T13:10:35.1440324Z   PYTEST_FLAGS: --tardis-regression-data=/home/runner/work/tardis/tardis/tardis-regression-data --cov=tardis --cov-report=xml --cov-report=html --cov-append
2025-01-27T13:10:35.1440989Z   CODECOV_TOKEN: 
2025-01-27T13:10:35.1441451Z ##[endgroup]
2025-01-27T13:10:35.1512058Z Using full repository checkout
2025-01-27T13:10:35.2938078Z ##[group]Run actions/cache/restore@v4
2025-01-27T13:10:35.2938415Z with:
2025-01-27T13:10:35.2938627Z   path: tardis-regression-data/.git/lfs
2025-01-27T13:10:35.2939405Z   key: tardis-regression-full-data-21f9fa4b6817cc69b9fae3598144724da7828e276a73bd17f47a2a49d9af090a-tardis-sn/tardis-regression-data-v1
2025-01-27T13:10:35.2940184Z   fail-on-cache-miss: true
2025-01-27T13:10:35.2940684Z   enableCrossOsArchive: false
2025-01-27T13:10:35.2940931Z   lookup-only: false
2025-01-27T13:10:35.2941131Z env:
2025-01-27T13:10:35.2941296Z   CACHE_NUMBER: 0
2025-01-27T13:10:35.2941961Z   PYTEST_FLAGS: --tardis-regression-data=/home/runner/work/tardis/tardis/tardis-regression-data --cov=tardis --cov-report=xml --cov-report=html --cov-append
2025-01-27T13:10:35.2942679Z   CODECOV_TOKEN: 
2025-01-27T13:10:35.2942874Z ##[endgroup]
2025-01-27T13:10:37.0863388Z Received 0 of 1707217032 (0.0%), 0.0 MBs/sec
2025-01-27T13:10:38.0878527Z Received 67108864 of 1707217032 (3.9%), 32.0 MBs/sec
2025-01-27T13:10:39.0883266Z Received 167772160 of 1707217032 (9.8%), 53.3 MBs/sec
2025-01-27T13:10:40.0885680Z Received 268435456 of 1707217032 (15.7%), 64.0 MBs/sec
2025-01-27T13:10:41.0895913Z Received 369098752 of 1707217032 (21.6%), 70.3 MBs/sec
2025-01-27T13:10:42.0895173Z Received 469762048 of 1707217032 (27.5%), 74.6 MBs/sec
2025-01-27T13:10:43.0893778Z Received 566231040 of 1707217032 (33.2%), 77.1 MBs/sec
2025-01-27T13:10:44.0893692Z Received 662700032 of 1707217032 (38.8%), 79.0 MBs/sec
2025-01-27T13:10:45.0901041Z Received 763363328 of 1707217032 (44.7%), 80.9 MBs/sec
2025-01-27T13:10:46.0902628Z Received 864026624 of 1707217032 (50.6%), 82.4 MBs/sec
2025-01-27T13:10:47.0912397Z Received 964689920 of 1707217032 (56.5%), 83.6 MBs/sec
2025-01-27T13:10:48.0911178Z Received 1065353216 of 1707217032 (62.4%), 84.6 MBs/sec
2025-01-27T13:10:49.0924191Z Received 1166016512 of 1707217032 (68.3%), 85.5 MBs/sec
2025-01-27T13:10:50.0932495Z Received 1266679808 of 1707217032 (74.2%), 86.2 MBs/sec
2025-01-27T13:10:51.0935756Z Received 1367343104 of 1707217032 (80.1%), 86.9 MBs/sec
2025-01-27T13:10:52.0935989Z Received 1472200704 of 1707217032 (86.2%), 87.7 MBs/sec
2025-01-27T13:10:53.0944015Z Received 1572864000 of 1707217032 (92.1%), 88.2 MBs/sec
2025-01-27T13:10:54.0953687Z Received 1669332992 of 1707217032 (97.8%), 88.4 MBs/sec
2025-01-27T13:10:54.4795491Z Cache Size: ~1628 MB (1707217032 B)
2025-01-27T13:10:54.4883380Z [command]/usr/bin/tar -xf /home/runner/work/_temp/e98623a1-216b-46b1-924c-451b8a492c85/cache.tzst -P -C /home/runner/work/tardis/tardis --use-compress-program unzstd
2025-01-27T13:10:55.0974961Z Received 1707217032 of 1707217032 (100.0%), 85.6 MBs/sec
2025-01-27T13:11:00.7831379Z Cache restored successfully
2025-01-27T13:11:01.6613560Z Cache restored from key: tardis-regression-full-data-21f9fa4b6817cc69b9fae3598144724da7828e276a73bd17f47a2a49d9af090a-tardis-sn/tardis-regression-data-v1
2025-01-27T13:11:01.6749755Z ##[group]Run git lfs checkout
2025-01-27T13:11:01.6750017Z [36;1mgit lfs checkout[0m
2025-01-27T13:11:01.6777568Z shell: /usr/bin/bash --noprofile --norc -e -o pipefail {0}
2025-01-27T13:11:01.6777885Z env:
2025-01-27T13:11:01.6778073Z   CACHE_NUMBER: 0
2025-01-27T13:11:01.6778692Z   PYTEST_FLAGS: --tardis-regression-data=/home/runner/work/tardis/tardis/tardis-regression-data --cov=tardis --cov-report=xml --cov-report=html --cov-append
2025-01-27T13:11:01.6779345Z   CODECOV_TOKEN: 
2025-01-27T13:11:01.6779533Z ##[endgroup]
2025-01-27T13:11:11.8181162Z Checking out LFS objects: 100% (204/204), 3.5 GB | 332 MB/s, done.
2025-01-27T13:11:15.0328377Z Prepare all required actions
2025-01-27T13:11:15.0328713Z Getting action download info
2025-01-27T13:11:15.1898020Z Download action repository 'mamba-org/setup-micromamba@v1' (SHA:4b9113af4fba0e9e1124b252dd6497a419e7396d)
2025-01-27T13:11:15.7646556Z ##[group]Run ./.github/actions/setup_env
2025-01-27T13:11:15.7646926Z with:
2025-01-27T13:11:15.7647111Z   os-label: linux-64
2025-01-27T13:11:15.7647501Z env:
2025-01-27T13:11:15.7647655Z   CACHE_NUMBER: 0
2025-01-27T13:11:15.7648275Z   PYTEST_FLAGS: --tardis-regression-data=/home/runner/work/tardis/tardis/tardis-regression-data --cov=tardis --cov-report=xml --cov-report=html --cov-append
2025-01-27T13:11:15.7648921Z   CODECOV_TOKEN: 
2025-01-27T13:11:15.7649098Z ##[endgroup]
2025-01-27T13:11:15.7670855Z ##[group]Run file_hash=$(cat conda-linux-64.lock | shasum -a 256 | cut -d' ' -f1)
2025-01-27T13:11:15.7671355Z [36;1mfile_hash=$(cat conda-linux-64.lock | shasum -a 256 | cut -d' ' -f1)[0m
2025-01-27T13:11:15.7671955Z [36;1mecho "file_hash=tardis-conda-env-linux-64-${file_hash}-v1" >> "${GITHUB_OUTPUT}"[0m
2025-01-27T13:11:15.7699144Z shell: /usr/bin/bash --noprofile --norc -e -o pipefail {0}
2025-01-27T13:11:15.7699456Z env:
2025-01-27T13:11:15.7699618Z   CACHE_NUMBER: 0
2025-01-27T13:11:15.7700225Z   PYTEST_FLAGS: --tardis-regression-data=/home/runner/work/tardis/tardis/tardis-regression-data --cov=tardis --cov-report=xml --cov-report=html --cov-append
2025-01-27T13:11:15.7700904Z   CODECOV_TOKEN: 
2025-01-27T13:11:15.7701085Z ##[endgroup]
2025-01-27T13:11:15.8020069Z ##[group]Run mamba-org/setup-micromamba@v1
2025-01-27T13:11:15.8020340Z with:
2025-01-27T13:11:15.8020531Z   environment-file: conda-linux-64.lock
2025-01-27T13:11:15.8021089Z   cache-environment-key: tardis-conda-env-linux-64-d7cd390425b0fd3cf82649dcc003efba9915fb4928f15d342148c3ccffcbe2ee-v1
2025-01-27T13:11:15.8021913Z   cache-downloads-key: tardis-conda-env-linux-64-d7cd390425b0fd3cf82649dcc003efba9915fb4928f15d342148c3ccffcbe2ee-v1
2025-01-27T13:11:15.8022464Z   environment-name: tardis
2025-01-27T13:11:15.8022689Z   cache-environment: true
2025-01-27T13:11:15.8022901Z   cache-downloads: true
2025-01-27T13:11:15.8023092Z env:
2025-01-27T13:11:15.8023322Z   CACHE_NUMBER: 0
2025-01-27T13:11:15.8023936Z   PYTEST_FLAGS: --tardis-regression-data=/home/runner/work/tardis/tardis/tardis-regression-data --cov=tardis --cov-report=xml --cov-report=html --cov-append
2025-01-27T13:11:15.8024595Z   CODECOV_TOKEN: 
2025-01-27T13:11:15.8024773Z ##[endgroup]
2025-01-27T13:11:15.9390452Z Will download micromamba to /home/runner/micromamba-bin/micromamba
2025-01-27T13:11:15.9401480Z ##[group]Install micromamba
2025-01-27T13:11:16.4469721Z micromamba installed to /home/runner/micromamba-bin/micromamba
2025-01-27T13:11:16.4470552Z ##[endgroup]
2025-01-27T13:11:16.4471612Z Adding conda-forge to condarc channels ...
2025-01-27T13:11:16.4484739Z ##[group]Initialize micromamba for bash.
2025-01-27T13:11:16.4510088Z [command]/home/runner/micromamba-bin/micromamba shell init -s bash -r /home/runner/micromamba --log-level warning --rc-file /home/runner/work/_temp/setup-micromamba/.condarc
2025-01-27T13:11:16.4630852Z Modifying RC file "/home/runner/.bashrc"
2025-01-27T13:11:16.4633201Z Generating config for root prefix [1m"/home/runner/micromamba"[0m
2025-01-27T13:11:16.4634225Z Setting mamba executable to: [1m"/home/runner/micromamba-bin/micromamba"[0m
2025-01-27T13:11:16.4635096Z Adding (or replacing) the following in your "/home/runner/.bashrc" file
2025-01-27T13:11:16.4635575Z 
2025-01-27T13:11:16.4635731Z # >>> mamba initialize >>>
2025-01-27T13:11:16.4636250Z # !! Contents within this block are managed by 'mamba init' !!
2025-01-27T13:11:16.4637205Z export MAMBA_EXE='/home/runner/micromamba-bin/micromamba';
2025-01-27T13:11:16.4637817Z export MAMBA_ROOT_PREFIX='/home/runner/micromamba';
2025-01-27T13:11:16.4638673Z __mamba_setup="$("$MAMBA_EXE" shell hook --shell bash --root-prefix "$MAMBA_ROOT_PREFIX" 2> /dev/null)"
2025-01-27T13:11:16.4639473Z if [ $? -eq 0 ]; then
2025-01-27T13:11:16.4640197Z     eval "$__mamba_setup"
2025-01-27T13:11:16.4640584Z else
2025-01-27T13:11:16.4641054Z     alias micromamba="$MAMBA_EXE"  # Fallback on help from mamba activate
2025-01-27T13:11:16.4641633Z fi
2025-01-27T13:11:16.4641901Z unset __mamba_setup
2025-01-27T13:11:16.4642238Z # <<< mamba initialize <<<
2025-01-27T13:11:16.4642480Z 
2025-01-27T13:11:16.4650570Z Moving mamba initialize block to .bash_profile
2025-01-27T13:11:16.4663060Z ##[endgroup]
2025-01-27T13:11:16.4664372Z ##[group]Restoring downloads from `/home/runner/micromamba/pkgs` ...
2025-01-27T13:11:18.0741842Z Received 0 of 356813101 (0.0%), 0.0 MBs/sec
2025-01-27T13:11:19.0746867Z Received 88080384 of 356813101 (24.7%), 42.0 MBs/sec
2025-01-27T13:11:20.0754788Z Received 243269632 of 356813101 (68.2%), 77.3 MBs/sec
2025-01-27T13:11:21.0758756Z Received 348424493 of 356813101 (97.6%), 83.0 MBs/sec
2025-01-27T13:11:21.4058559Z Cache Size: ~340 MB (356813101 B)
2025-01-27T13:11:21.4216706Z [command]/usr/bin/tar -xf /home/runner/work/_temp/88c3f960-bea8-4ab7-bf32-9a55eccadde7/cache.tzst -P -C /home/runner/work/tardis/tardis --use-compress-program unzstd
2025-01-27T13:11:21.8837893Z Cache restored successfully
2025-01-27T13:11:21.9575748Z Restored cache with key `tardis-conda-env-linux-64-d7cd390425b0fd3cf82649dcc003efba9915fb4928f15d342148c3ccffcbe2ee-v1-linux-64`
2025-01-27T13:11:21.9576947Z ##[endgroup]
2025-01-27T13:11:21.9589083Z ##[group]Restoring environment `tardis` from `/home/runner/micromamba/envs/tardis` ...
2025-01-27T13:11:22.0760660Z Received 356813101 of 356813101 (100.0%), 68.0 MBs/sec
2025-01-27T13:11:23.5625637Z Received 0 of 444054693 (0.0%), 0.0 MBs/sec
2025-01-27T13:11:24.5634221Z Received 100663296 of 444054693 (22.7%), 48.0 MBs/sec
2025-01-27T13:11:25.5637368Z Received 247463936 of 444054693 (55.7%), 78.6 MBs/sec
2025-01-27T13:11:26.5640987Z Received 390070272 of 444054693 (87.8%), 93.0 MBs/sec
2025-01-27T13:11:26.9475281Z Cache Size: ~423 MB (444054693 B)
2025-01-27T13:11:26.9600968Z [command]/usr/bin/tar -xf /home/runner/work/_temp/a10709eb-081d-401d-8940-09612c566f1d/cache.tzst -P -C /home/runner/work/tardis/tardis --use-compress-program unzstd
2025-01-27T13:11:27.5652395Z Received 444054693 of 444054693 (100.0%), 84.6 MBs/sec
2025-01-27T13:11:32.0531773Z Cache restored successfully
2025-01-27T13:11:32.1333518Z Restored cache with key `tardis-conda-env-linux-64-d7cd390425b0fd3cf82649dcc003efba9915fb4928f15d342148c3ccffcbe2ee-v1-linux-64-tardis-args-4f53cda-root-dcc80ee-bin-[object Promise]-file-d7cd390425b0fd3cf82649dcc003efba9915fb4928f15d342148c3ccffcbe2ee`
2025-01-27T13:11:32.1336045Z ##[endgroup]
2025-01-27T13:11:32.1336648Z Adding environment tardis to auto-activate bash ...
2025-01-27T13:11:32.1344618Z Generating micromamba run shell.
2025-01-27T13:11:32.1353377Z ##[endgroup]
2025-01-27T13:11:32.1360185Z Set environment variables.
2025-01-27T13:11:32.1364238Z ##[group]micromamba info
2025-01-27T13:11:32.1367942Z [command]/home/runner/micromamba-bin/micromamba info -r /home/runner/micromamba -n tardis
2025-01-27T13:11:32.1603576Z 
2025-01-27T13:11:32.1604050Z        libmamba version : 1.5.10
2025-01-27T13:11:32.1604629Z      micromamba version : 1.5.10
2025-01-27T13:11:32.1605305Z            curl version : libcurl/8.10.1 OpenSSL/3.3.2 zlib/1.3.1 zstd/1.5.6 libssh2/1.11.0 nghttp2/1.58.0
2025-01-27T13:11:32.1606492Z      libarchive version : libarchive 3.7.4 zlib/1.2.13 bz2lib/1.0.8 libzstd/1.5.6
2025-01-27T13:11:32.1607217Z        envs directories : /home/runner/micromamba/envs
2025-01-27T13:11:32.1607900Z           package cache : /home/runner/micromamba/pkgs
2025-01-27T13:11:32.1608413Z                           /home/runner/.mamba/pkgs
2025-01-27T13:11:32.1608870Z             environment : tardis
2025-01-27T13:11:32.1609345Z            env location : /home/runner/micromamba/envs/tardis
2025-01-27T13:11:32.1609714Z       user config files : /home/runner/.mambarc
2025-01-27T13:11:32.1610126Z  populated config files : /home/runner/work/_temp/setup-micromamba/.condarc
2025-01-27T13:11:32.1610776Z        virtual packages : __unix=0=0
2025-01-27T13:11:32.1611050Z                           __linux=6.8.0=0
2025-01-27T13:11:32.1611424Z                           __glibc=2.39=0
2025-01-27T13:11:32.1612139Z                           __archspec=1=x86_64_v3
2025-01-27T13:11:32.1612737Z                channels : https://conda.anaconda.org/conda-forge/linux-64
2025-01-27T13:11:32.1613377Z                           https://conda.anaconda.org/conda-forge/noarch
2025-01-27T13:11:32.1614143Z        base environment : /home/runner/micromamba
2025-01-27T13:11:32.1614613Z                platform : linux-64
2025-01-27T13:11:32.1620264Z ##[endgroup]
2025-01-27T13:11:32.1620898Z ##[group]micromamba list
2025-01-27T13:11:32.1623994Z [command]/home/runner/micromamba-bin/micromamba list -r /home/runner/micromamba -n tardis
2025-01-27T13:11:32.5921969Z List of packages in environment: "/home/runner/micromamba/envs/tardis"
2025-01-27T13:11:32.5922490Z 
2025-01-27T13:11:32.5922770Z   Name                           Version              Build                    Channel    
2025-01-27T13:11:32.5923872Z ────────────────────────────────────────────────────────────────────────────────────────────
2025-01-27T13:11:32.5924589Z   _libgcc_mutex                  0.1                  conda_forge              conda-forge
2025-01-27T13:11:32.5925304Z   _openmp_mutex                  4.5                  2_gnu                    conda-forge
2025-01-27T13:11:32.5925920Z   alabaster                      0.7.16               pyhd8ed1ab_0             conda-forge
2025-01-27T13:11:32.5926597Z   anyio                          4.4.0                pyhd8ed1ab_0             conda-forge
2025-01-27T13:11:32.5927065Z   argon2-cffi                    23.1.0               pyhd8ed1ab_0             conda-forge
2025-01-27T13:11:32.5927597Z   argon2-cffi-bindings           21.2.0               py312h98912ed_4          conda-forge
2025-01-27T13:11:32.5928075Z   arrow                          1.3.0                pyhd8ed1ab_0             conda-forge
2025-01-27T13:11:32.5928520Z   astropy                        6.1.1                py312h085067d_0          conda-forge
2025-01-27T13:11:32.5929027Z   astropy-iers-data              0.2024.6.17.0.31.35  pyhd8ed1ab_0             conda-forge
2025-01-27T13:11:32.5929564Z   astropy-sphinx-theme           1.1                  pyhd8ed1ab_0             conda-forge
2025-01-27T13:11:32.5930051Z   asttokens                      2.4.1                pyhd8ed1ab_0             conda-forge
2025-01-27T13:11:32.5930498Z   async-lru                      2.0.4                pyhd8ed1ab_0             conda-forge
2025-01-27T13:11:32.5930920Z   atk-1.0                        2.38.0               h04ea711_2               conda-forge
2025-01-27T13:11:32.5931321Z   attrs                          23.2.0               pyh71513ae_0             conda-forge
2025-01-27T13:11:32.5931821Z   babel                          2.14.0               pyhd8ed1ab_0             conda-forge
2025-01-27T13:11:32.5932501Z   beautifulsoup4                 4.12.3               pyha770c72_0             conda-forge
2025-01-27T13:11:32.5933188Z   bleach                         6.1.0                pyhd8ed1ab_0             conda-forge
2025-01-27T13:11:32.5933808Z   blosc                          1.21.5               hc2324a3_1               conda-forge
2025-01-27T13:11:32.5934423Z   brotli                         1.1.0                hd590300_1               conda-forge
2025-01-27T13:11:32.5935073Z   brotli-bin                     1.1.0                hd590300_1               conda-forge
2025-01-27T13:11:32.5935757Z   brotli-python                  1.1.0                py312h30efb56_1          conda-forge
2025-01-27T13:11:32.5936580Z   bzip2                          1.0.8                hd590300_5               conda-forge
2025-01-27T13:11:32.5937210Z   c-ares                         1.28.1               hd590300_0               conda-forge
2025-01-27T13:11:32.5937844Z   c-blosc2                       2.14.4               hb4ffafa_1               conda-forge
2025-01-27T13:11:32.5938787Z   ca-certificates                2024.6.2             hbcca054_0               conda-forge
2025-01-27T13:11:32.5939488Z   cached-property                1.5.2                hd8ed1ab_1               conda-forge
2025-01-27T13:11:32.5940162Z   cached_property                1.5.2                pyha770c72_1             conda-forge
2025-01-27T13:11:32.5940778Z   cairo                          1.18.0               h3faef2a_0               conda-forge
2025-01-27T13:11:32.5941566Z   certifi                        2024.6.2             pyhd8ed1ab_0             conda-forge
2025-01-27T13:11:32.5942152Z   cffi                           1.16.0               py312hf06ca03_0          conda-forge
2025-01-27T13:11:32.5942890Z   charset-normalizer             3.3.2                pyhd8ed1ab_0             conda-forge
2025-01-27T13:11:32.5943535Z   click                          8.1.7                unix_pyh707e725_0        conda-forge
2025-01-27T13:11:32.5944128Z   codespell                      2.3.0                pyhd8ed1ab_0             conda-forge
2025-01-27T13:11:32.5944860Z   colorama                       0.4.6                pyhd8ed1ab_0             conda-forge
2025-01-27T13:11:32.5945570Z   comm                           0.2.2                pyhd8ed1ab_0             conda-forge
2025-01-27T13:11:32.5946485Z   commonmark                     0.9.1                py_0                     conda-forge
2025-01-27T13:11:32.5947445Z   contourpy                      1.2.1                py312h8572e83_0          conda-forge
2025-01-27T13:11:32.5948207Z   coverage                       7.5.3                py312h9a8786e_0          conda-forge
2025-01-27T13:11:32.5948984Z   cycler                         0.12.1               pyhd8ed1ab_0             conda-forge
2025-01-27T13:11:32.5949736Z   dataclasses                    0.8                  pyhc8e2a94_3             conda-forge
2025-01-27T13:11:32.5950496Z   debugpy                        1.8.1                py312h30efb56_0          conda-forge
2025-01-27T13:11:32.5951309Z   decorator                      5.1.1                pyhd8ed1ab_0             conda-forge
2025-01-27T13:11:32.5952087Z   defusedxml                     0.7.1                pyhd8ed1ab_0             conda-forge
2025-01-27T13:11:32.5952847Z   docutils                       0.20.1               py312h7900ff3_3          conda-forge
2025-01-27T13:11:32.5953667Z   dot2tex                        2.11.3               pyhd8ed1ab_0             conda-forge
2025-01-27T13:11:32.5954497Z   entrypoints                    0.4                  pyhd8ed1ab_0             conda-forge
2025-01-27T13:11:32.5955366Z   exceptiongroup                 1.2.0                pyhd8ed1ab_2             conda-forge
2025-01-27T13:11:32.5971716Z   executing                      2.0.1                pyhd8ed1ab_0             conda-forge
2025-01-27T13:11:32.5972418Z   expat                          2.6.2                h59595ed_0               conda-forge
2025-01-27T13:11:32.5973094Z   font-ttf-dejavu-sans-mono      2.37                 hab24e00_0               conda-forge
2025-01-27T13:11:32.5973903Z   font-ttf-inconsolata           3.000                h77eed37_0               conda-forge
2025-01-27T13:11:32.5974730Z   font-ttf-source-code-pro       2.038                h77eed37_0               conda-forge
2025-01-27T13:11:32.5975284Z   font-ttf-ubuntu                0.83                 h77eed37_2               conda-forge
2025-01-27T13:11:32.5977980Z   fontconfig                     2.14.2               h14ed4e7_0               conda-forge
2025-01-27T13:11:32.5978736Z   fonts-conda-ecosystem          1                    0                        conda-forge
2025-01-27T13:11:32.5979457Z   fonts-conda-forge              1                    0                        conda-forge
2025-01-27T13:11:32.5980132Z   fonttools                      4.53.0               py312h9a8786e_0          conda-forge
2025-01-27T13:11:32.5980744Z   fqdn                           1.5.1                pyhd8ed1ab_0             conda-forge
2025-01-27T13:11:32.5981557Z   freetype                       2.12.1               h267a509_2               conda-forge
2025-01-27T13:11:32.5982196Z   fribidi                        1.0.10               h36c2ea0_0               conda-forge
2025-01-27T13:11:32.5982560Z   future                         1.0.0                pyhd8ed1ab_0             conda-forge
2025-01-27T13:11:32.5982948Z   gdk-pixbuf                     2.42.12              hb9ae30d_0               conda-forge
2025-01-27T13:11:32.5983519Z   giflib                         5.2.2                hd590300_0               conda-forge
2025-01-27T13:11:32.5983975Z   git-lfs                        3.5.1                ha770c72_0               conda-forge
2025-01-27T13:11:32.5984312Z   gmp                            6.3.0                h59595ed_1               conda-forge
2025-01-27T13:11:32.5984639Z   gmpy2                          2.1.5                py312h1d5cde6_1          conda-forge
2025-01-27T13:11:32.5984989Z   graphite2                      1.3.13               h59595ed_1003            conda-forge
2025-01-27T13:11:32.5985356Z   graphviz                       11.0.0               hc68bbd7_0               conda-forge
2025-01-27T13:11:32.5985691Z   gtk2                           2.24.33              h280cfa0_4               conda-forge
2025-01-27T13:11:32.5986007Z   gts                            0.7.6                h977cf35_4               conda-forge
2025-01-27T13:11:32.5986568Z   h11                            0.14.0               pyhd8ed1ab_0             conda-forge
2025-01-27T13:11:32.5986902Z   h2                             4.1.0                pyhd8ed1ab_0             conda-forge
2025-01-27T13:11:32.5987233Z   h5py                           3.11.0               nompi_py312hb7ab980_102  conda-forge
2025-01-27T13:11:32.5987578Z   harfbuzz                       8.5.0                hfac3d4d_0               conda-forge
2025-01-27T13:11:32.5987923Z   hdf5                           1.14.3               nompi_hdf9ad27_105       conda-forge
2025-01-27T13:11:32.5988260Z   hpack                          4.0.0                pyh9f0ad1d_0             conda-forge
2025-01-27T13:11:32.5988605Z   httpcore                       1.0.5                pyhd8ed1ab_0             conda-forge
2025-01-27T13:11:32.5988963Z   httpx                          0.27.0               pyhd8ed1ab_0             conda-forge
2025-01-27T13:11:32.5989313Z   hyperframe                     6.0.1                pyhd8ed1ab_0             conda-forge
2025-01-27T13:11:32.5989658Z   icu                            73.2                 h59595ed_0               conda-forge
2025-01-27T13:11:32.5989988Z   idna                           3.7                  pyhd8ed1ab_0             conda-forge
2025-01-27T13:11:32.5990345Z   imagesize                      1.4.1                pyhd8ed1ab_0             conda-forge
2025-01-27T13:11:32.5990748Z   importlib-metadata             7.1.0                pyha770c72_0             conda-forge
2025-01-27T13:11:32.5991170Z   importlib_metadata             7.1.0                hd8ed1ab_0               conda-forge
2025-01-27T13:11:32.5991594Z   importlib_resources            6.4.0                pyhd8ed1ab_0             conda-forge
2025-01-27T13:11:32.5991992Z   iniconfig                      2.0.0                pyhd8ed1ab_0             conda-forge
2025-01-27T13:11:32.5992362Z   ipykernel                      6.29.4               pyh3099207_0             conda-forge
2025-01-27T13:11:32.5992866Z   ipython                        8.25.0               pyh707e725_0             conda-forge
2025-01-27T13:11:32.5993503Z   ipython_genutils               0.2.0                pyhd8ed1ab_1             conda-forge
2025-01-27T13:11:32.5994148Z   ipywidgets                     7.8.0                pyhd8ed1ab_0             conda-forge
2025-01-27T13:11:32.5994777Z   isoduration                    20.11.0              pyhd8ed1ab_0             conda-forge
2025-01-27T13:11:32.5995368Z   jedi                           0.19.1               pyhd8ed1ab_0             conda-forge
2025-01-27T13:11:32.5996105Z   jinja2                         3.1.4                pyhd8ed1ab_0             conda-forge
2025-01-27T13:11:32.5996893Z   json5                          0.9.25               pyhd8ed1ab_0             conda-forge
2025-01-27T13:11:32.5997521Z   jsonpointer                    3.0.0                py312h7900ff3_0          conda-forge
2025-01-27T13:11:32.5998167Z   jsonschema                     4.22.0               pyhd8ed1ab_0             conda-forge
2025-01-27T13:11:32.5999060Z   jsonschema-specifications      2023.12.1            pyhd8ed1ab_0             conda-forge
2025-01-27T13:11:32.5999922Z   jsonschema-with-format-nongpl  4.22.0               pyhd8ed1ab_0             conda-forge
2025-01-27T13:11:32.6000665Z   jupyter-lsp                    2.2.5                pyhd8ed1ab_0             conda-forge
2025-01-27T13:11:32.6001319Z   jupyter_client                 8.6.2                pyhd8ed1ab_0             conda-forge
2025-01-27T13:11:32.6001970Z   jupyter_core                   5.7.2                py312h7900ff3_0          conda-forge
2025-01-27T13:11:32.6002675Z   jupyter_events                 0.10.0               pyhd8ed1ab_0             conda-forge
2025-01-27T13:11:32.6003344Z   jupyter_server                 2.14.1               pyhd8ed1ab_0             conda-forge
2025-01-27T13:11:32.6004054Z   jupyter_server_terminals       0.5.3                pyhd8ed1ab_0             conda-forge
2025-01-27T13:11:32.6004747Z   jupyterlab                     4.2.2                pyhd8ed1ab_0             conda-forge
2025-01-27T13:11:32.6005434Z   jupyterlab_pygments            0.3.0                pyhd8ed1ab_1             conda-forge
2025-01-27T13:11:32.6006148Z   jupyterlab_server              2.27.2               pyhd8ed1ab_0             conda-forge
2025-01-27T13:11:32.6007015Z   jupyterlab_widgets             1.1.7                pyhd8ed1ab_0             conda-forge
2025-01-27T13:11:32.6007678Z   keyutils                       1.6.1                h166bdaf_0               conda-forge
2025-01-27T13:11:32.6008300Z   kiwisolver                     1.4.5                py312h8572e83_1          conda-forge
2025-01-27T13:11:32.6008888Z   krb5                           1.21.2               h659d440_0               conda-forge
2025-01-27T13:11:32.6009471Z   latexcodec                     2.0.1                pyh9f0ad1d_0             conda-forge
2025-01-27T13:11:32.6010072Z   lcms2                          2.16                 hb7c19ff_0               conda-forge
2025-01-27T13:11:32.6010702Z   ld_impl_linux-64               2.40                 hf3520f5_7               conda-forge
2025-01-27T13:11:32.6011298Z   lerc                           4.0.0                h27087fc_0               conda-forge
2025-01-27T13:11:32.6011833Z   libaec                         1.1.3                h59595ed_0               conda-forge
2025-01-27T13:11:32.6012403Z   libblas                        3.9.0                22_linux64_openblas      conda-forge
2025-01-27T13:11:32.6013041Z   libbrotlicommon                1.1.0                hd590300_1               conda-forge
2025-01-27T13:11:32.6013683Z   libbrotlidec                   1.1.0                hd590300_1               conda-forge
2025-01-27T13:11:32.6014294Z   libbrotlienc                   1.1.0                hd590300_1               conda-forge
2025-01-27T13:11:32.6014900Z   libcblas                       3.9.0                22_linux64_openblas      conda-forge
2025-01-27T13:11:32.6015496Z   libcurl                        8.8.0                hca28451_0               conda-forge
2025-01-27T13:11:32.6016050Z   libdeflate                     1.20                 hd590300_0               conda-forge
2025-01-27T13:11:32.6016812Z   libedit                        3.1.20191231         he28a2e2_2               conda-forge
2025-01-27T13:11:32.6017393Z   libev                          4.33                 hd590300_2               conda-forge
2025-01-27T13:11:32.6017938Z   libexpat                       2.6.2                h59595ed_0               conda-forge
2025-01-27T13:11:32.6018657Z   libffi                         3.4.2                h7f98852_5               conda-forge
2025-01-27T13:11:32.6019220Z   libgcc-ng                      13.2.0               h77fa898_10              conda-forge
2025-01-27T13:11:32.6019768Z   libgd                          2.3.3                h119a65a_9               conda-forge
2025-01-27T13:11:32.6020366Z   libgfortran-ng                 13.2.0               h69a702a_10              conda-forge
2025-01-27T13:11:32.6021125Z   libgfortran5                   13.2.0               h3d2ce59_10              conda-forge
2025-01-27T13:11:32.6021718Z   libglib                        2.80.2               h8a4344b_1               conda-forge
2025-01-27T13:11:32.6022270Z   libgomp                        13.2.0               h77fa898_10              conda-forge
2025-01-27T13:11:32.6022828Z   libiconv                       1.17                 hd590300_2               conda-forge
2025-01-27T13:11:32.6023421Z   libjpeg-turbo                  3.0.0                hd590300_1               conda-forge
2025-01-27T13:11:32.6024077Z   liblapack                      3.9.0                22_linux64_openblas      conda-forge
2025-01-27T13:11:32.6024698Z   libllvm14                      14.0.6               hcd5def8_4               conda-forge
2025-01-27T13:11:32.6025320Z   libnghttp2                     1.58.0               h47da74e_1               conda-forge
2025-01-27T13:11:32.6025923Z   libnsl                         2.0.1                hd590300_0               conda-forge
2025-01-27T13:11:32.6026709Z   libopenblas                    0.3.27               pthreads_h413a1c8_0      conda-forge
2025-01-27T13:11:32.6027343Z   libpng                         1.6.43               h2797004_0               conda-forge
2025-01-27T13:11:32.6027933Z   librsvg                        2.58.1               hadf69e7_0               conda-forge
2025-01-27T13:11:32.6028540Z   libsodium                      1.0.18               h36c2ea0_1               conda-forge
2025-01-27T13:11:32.6029166Z   libsqlite                      3.46.0               hde9e2c9_0               conda-forge
2025-01-27T13:11:32.6029770Z   libssh2                        1.11.0               h0841786_0               conda-forge
2025-01-27T13:11:32.6030384Z   libstdcxx-ng                   13.2.0               hc0a3c3a_10              conda-forge
2025-01-27T13:11:32.6031005Z   libtiff                        4.6.0                h1dd3fc0_3               conda-forge
2025-01-27T13:11:32.6031610Z   libuuid                        2.38.1               h0b41bf4_0               conda-forge
2025-01-27T13:11:32.6032205Z   libwebp                        1.4.0                h2c329e2_0               conda-forge
2025-01-27T13:11:32.6032818Z   libwebp-base                   1.4.0                hd590300_0               conda-forge
2025-01-27T13:11:32.6033424Z   libxcb                         1.15                 h0b41bf4_0               conda-forge
2025-01-27T13:11:32.6034020Z   libxcrypt                      4.4.36               hd590300_1               conda-forge
2025-01-27T13:11:32.6034633Z   libxml2                        2.12.7               hc051c1a_1               conda-forge
2025-01-27T13:11:32.6035223Z   libxslt                        1.1.39               h76b75d6_0               conda-forge
2025-01-27T13:11:32.6035821Z   libzlib                        1.3.1                h4ab18f5_1               conda-forge
2025-01-27T13:11:32.6036634Z   llvmlite                       0.42.0               py312hb06c811_1          conda-forge
2025-01-27T13:11:32.6037228Z   lxml                           5.2.2                py312hb90d8a5_0          conda-forge
2025-01-27T13:11:32.6037796Z   lz4-c                          1.9.4                hcb278e6_0               conda-forge
2025-01-27T13:11:32.6038333Z   lzo                            2.10                 hd590300_1001            conda-forge
2025-01-27T13:11:32.6038922Z   markupsafe                     2.1.5                py312h98912ed_0          conda-forge
2025-01-27T13:11:32.6039588Z   matplotlib-base                3.8.4                py312h20ab3a6_2          conda-forge
2025-01-27T13:11:32.6040480Z   matplotlib-inline              0.1.7                pyhd8ed1ab_0             conda-forge
2025-01-27T13:11:32.6041159Z   mistune                        3.0.2                pyhd8ed1ab_0             conda-forge
2025-01-27T13:11:32.6041744Z   mpc                            1.3.1                hfe3b2da_0               conda-forge
2025-01-27T13:11:32.6042300Z   mpfr                           4.2.1                h9458935_1               conda-forge
2025-01-27T13:11:32.6043009Z   mpmath                         1.3.0                pyhd8ed1ab_0             conda-forge
2025-01-27T13:11:32.6043602Z   munkres                        1.1.4                pyh9f0ad1d_0             conda-forge
2025-01-27T13:11:32.6044241Z   mypy_extensions                1.0.0                pyha770c72_0             conda-forge
2025-01-27T13:11:32.6044902Z   nbclassic                      1.1.0                pyhd8ed1ab_0             conda-forge
2025-01-27T13:11:32.6045527Z   nbclient                       0.10.0               pyhd8ed1ab_0             conda-forge
2025-01-27T13:11:32.6046141Z   nbconvert                      7.16.4               hd8ed1ab_1               conda-forge
2025-01-27T13:11:32.6046967Z   nbconvert-core                 7.16.4               pyhd8ed1ab_1             conda-forge
2025-01-27T13:11:32.6047659Z   nbconvert-pandoc               7.16.4               hd8ed1ab_1               conda-forge
2025-01-27T13:11:32.6048331Z   nbformat                       5.10.4               pyhd8ed1ab_0             conda-forge
2025-01-27T13:11:32.6048946Z   nbsphinx                       0.9.4                pyhd8ed1ab_0             conda-forge
2025-01-27T13:11:32.6049530Z   ncurses                        6.5                  h59595ed_0               conda-forge
2025-01-27T13:11:32.6050119Z   nest-asyncio                   1.6.0                pyhd8ed1ab_0             conda-forge
2025-01-27T13:11:32.6050727Z   networkx                       3.3                  pyhd8ed1ab_1             conda-forge
2025-01-27T13:11:32.6051293Z   nomkl                          1.0                  h5ca1d4c_0               conda-forge
2025-01-27T13:11:32.6051863Z   notebook                       7.2.1                pyhd8ed1ab_0             conda-forge
2025-01-27T13:11:32.6052483Z   notebook-shim                  0.2.4                pyhd8ed1ab_0             conda-forge
2025-01-27T13:11:32.6053085Z   numba                          0.59.1               py312hacefee8_0          conda-forge
2025-01-27T13:11:32.6053664Z   numexpr                        2.10.0               py312hf412c99_100        conda-forge
2025-01-27T13:11:32.6054229Z   numpy                          1.26.4               py312heda63a1_0          conda-forge
2025-01-27T13:11:32.6054814Z   numpydoc                       1.7.0                pyhd8ed1ab_1             conda-forge
2025-01-27T13:11:32.6055406Z   openjpeg                       2.5.2                h488ebb8_0               conda-forge
2025-01-27T13:11:32.6055985Z   openssl                        3.3.1                h4ab18f5_0               conda-forge
2025-01-27T13:11:32.6056702Z   overrides                      7.7.0                pyhd8ed1ab_0             conda-forge
2025-01-27T13:11:32.6057297Z   packaging                      24.1                 pyhd8ed1ab_0             conda-forge
2025-01-27T13:11:32.6057877Z   pandas                         2.2.2                py312h1d6d2e6_1          conda-forge
2025-01-27T13:11:32.6058468Z   pandoc                         3.2                  ha770c72_0               conda-forge
2025-01-27T13:11:32.6059078Z   pandocfilters                  1.5.0                pyhd8ed1ab_0             conda-forge
2025-01-27T13:11:32.6059681Z   pango                          1.54.0               h84a9a3c_0               conda-forge
2025-01-27T13:11:32.6060231Z   parso                          0.8.4                pyhd8ed1ab_0             conda-forge
2025-01-27T13:11:32.6060808Z   pathspec                       0.12.1               pyhd8ed1ab_0             conda-forge
2025-01-27T13:11:32.6061564Z   pbr                            6.0.0                pyhd8ed1ab_0             conda-forge
2025-01-27T13:11:32.6062129Z   pcre2                          10.44                h0f59acf_0               conda-forge
2025-01-27T13:11:32.6062717Z   pexpect                        4.9.0                pyhd8ed1ab_0             conda-forge
2025-01-27T13:11:32.6063341Z   pickleshare                    0.7.5                py_1003                  conda-forge
2025-01-27T13:11:32.6064102Z   pillow                         10.3.0               py312hdcec9eb_0          conda-forge
2025-01-27T13:11:32.6064673Z   pip                            24.0                 pyhd8ed1ab_0             conda-forge
2025-01-27T13:11:32.6065234Z   pixman                         0.43.2               h59595ed_0               conda-forge
2025-01-27T13:11:32.6065903Z   pkgutil-resolve-name           1.3.10               pyhd8ed1ab_1             conda-forge
2025-01-27T13:11:32.6066764Z   platformdirs                   4.2.2                pyhd8ed1ab_0             conda-forge
2025-01-27T13:11:32.6067395Z   plotly                         5.22.0               pyhd8ed1ab_0             conda-forge
2025-01-27T13:11:32.6067980Z   pluggy                         1.5.0                pyhd8ed1ab_0             conda-forge
2025-01-27T13:11:32.6068637Z   prometheus_client              0.20.0               pyhd8ed1ab_0             conda-forge
2025-01-27T13:11:32.6069345Z   prompt-toolkit                 3.0.47               pyha770c72_0             conda-forge
2025-01-27T13:11:32.6069990Z   psutil                         5.9.8                py312h98912ed_0          conda-forge
2025-01-27T13:11:32.6070608Z   pthread-stubs                  0.4                  h36c2ea0_1001            conda-forge
2025-01-27T13:11:32.6071256Z   ptyprocess                     0.7.0                pyhd3deb0d_0             conda-forge
2025-01-27T13:11:32.6071872Z   pure_eval                      0.2.2                pyhd8ed1ab_0             conda-forge
2025-01-27T13:11:32.6072498Z   py-cpuinfo                     9.0.0                pyhd8ed1ab_0             conda-forge
2025-01-27T13:11:32.6073109Z   pybtex                         0.24.0               pyhd8ed1ab_2             conda-forge
2025-01-27T13:11:32.6073755Z   pybtex-docutils                1.0.3                py312h7900ff3_1          conda-forge
2025-01-27T13:11:32.6074420Z   pycparser                      2.22                 pyhd8ed1ab_0             conda-forge
2025-01-27T13:11:32.6075035Z   pyerfa                         2.0.1.4              py312h085067d_1          conda-forge
2025-01-27T13:11:32.6075639Z   pygments                       2.18.0               pyhd8ed1ab_0             conda-forge
2025-01-27T13:11:32.6076418Z   pygraphviz                     1.13                 py312h4a1d8a7_1          conda-forge
2025-01-27T13:11:32.6077057Z   pyparsing                      3.1.2                pyhd8ed1ab_0             conda-forge
2025-01-27T13:11:32.6077680Z   pysocks                        1.7.1                pyha2e5f31_6             conda-forge
2025-01-27T13:11:32.6078290Z   pytables                       3.9.2                py312h96d95ec_2          conda-forge
2025-01-27T13:11:32.6078886Z   pytest                         8.2.2                pyhd8ed1ab_0             conda-forge
2025-01-27T13:11:32.6079493Z   pytest-cov                     5.0.0                pyhd8ed1ab_0             conda-forge
2025-01-27T13:11:32.6080171Z   pytest-doctestplus             1.2.1                pyhd8ed1ab_0             conda-forge
2025-01-27T13:11:32.6080842Z   pytest-html                    4.1.1                pyhd8ed1ab_0             conda-forge
2025-01-27T13:11:32.6081499Z   pytest-metadata                3.1.1                pyhd8ed1ab_0             conda-forge
2025-01-27T13:11:32.6082132Z   python                         3.12.4               h194c7f8_0_cpython       conda-forge
2025-01-27T13:11:32.6082723Z   python-dateutil                2.9.0                pyhd8ed1ab_0             conda-forge
2025-01-27T13:11:32.6083586Z   python-fastjsonschema          2.20.0               pyhd8ed1ab_0             conda-forge
2025-01-27T13:11:32.6084310Z   python-json-logger             2.0.7                pyhd8ed1ab_0             conda-forge
2025-01-27T13:11:32.6084973Z   python-tzdata                  2024.1               pyhd8ed1ab_0             conda-forge
2025-01-27T13:11:32.6085585Z   python_abi                     3.12                 4_cp312                  conda-forge
2025-01-27T13:11:32.6086458Z   pytz                           2024.1               pyhd8ed1ab_0             conda-forge
2025-01-27T13:11:32.6087045Z   pyyaml                         6.0.1                py312h98912ed_1          conda-forge
2025-01-27T13:11:32.6087622Z   pyzmq                          26.0.3               py312h8fd38d8_0          conda-forge
2025-01-27T13:11:32.6088200Z   qgrid                          1.3.1                pyhd8ed1ab_4             conda-forge
2025-01-27T13:11:32.6088858Z   radioactivedecay               0.5.1                pyhd8ed1ab_0             conda-forge
2025-01-27T13:11:32.6089466Z   readline                       8.2                  h8228510_1               conda-forge
2025-01-27T13:11:32.6090066Z   recommonmark                   0.7.1                pyhd8ed1ab_0             conda-forge
2025-01-27T13:11:32.6090682Z   referencing                    0.35.1               pyhd8ed1ab_0             conda-forge
2025-01-27T13:11:32.6091328Z   requests                       2.32.3               pyhd8ed1ab_0             conda-forge
2025-01-27T13:11:32.6091949Z   rfc3339-validator              0.1.4                pyhd8ed1ab_0             conda-forge
2025-01-27T13:11:32.6092490Z   rfc3986-validator              0.1.1                pyh9f0ad1d_0             conda-forge
2025-01-27T13:11:32.6092864Z   rpds-py                        0.18.1               py312h4413252_0          conda-forge
2025-01-27T13:11:32.6093196Z   ruff                           0.4.9                py312h5715c7c_0          conda-forge
2025-01-27T13:11:32.6093534Z   scipy                          1.13.1               py312hc2bc53b_0          conda-forge
2025-01-27T13:11:32.6093888Z   send2trash                     1.8.3                pyh0d859eb_0             conda-forge
2025-01-27T13:11:32.6094254Z   setuptools                     70.0.0               pyhd8ed1ab_0             conda-forge
2025-01-27T13:11:32.6094634Z   setuptools-scm                 8.1.0                pyhd8ed1ab_0             conda-forge
2025-01-27T13:11:32.6095024Z   setuptools_scm                 8.1.0                hd8ed1ab_0               conda-forge
2025-01-27T13:11:32.6095375Z   six                            1.16.0               pyh6c4a22f_0             conda-forge
2025-01-27T13:11:32.6095710Z   snakeviz                       2.2.0                pyhd8ed1ab_0             conda-forge
2025-01-27T13:11:32.6096055Z   snappy                         1.2.0                hdb0a2a9_1               conda-forge
2025-01-27T13:11:32.6096675Z   sniffio                        1.3.1                pyhd8ed1ab_0             conda-forge
2025-01-27T13:11:32.6097056Z   snowballstemmer                2.2.0                pyhd8ed1ab_0             conda-forge
2025-01-27T13:11:32.6097443Z   soupsieve                      2.5                  pyhd8ed1ab_1             conda-forge
2025-01-27T13:11:32.6097791Z   sphinx                         7.3.7                pyhd8ed1ab_0             conda-forge
2025-01-27T13:11:32.6098166Z   sphinx-astropy                 1.9.1                pyhd8ed1ab_0             conda-forge
2025-01-27T13:11:32.6098573Z   sphinx-automodapi              0.17.0               pyh717bed2_1             conda-forge
2025-01-27T13:11:32.6098980Z   sphinx-gallery                 0.16.0               pyhd8ed1ab_0             conda-forge
2025-01-27T13:11:32.6099382Z   sphinx-jsonschema              1.19.1               pyhd8ed1ab_0             conda-forge
2025-01-27T13:11:32.6099805Z   sphinx_bootstrap_theme         0.8.1                pyhd8ed1ab_0             conda-forge
2025-01-27T13:11:32.6100413Z   sphinx_rtd_theme               2.0.0                pyha770c72_0             conda-forge
2025-01-27T13:11:32.6100842Z   sphinxcontrib-apidoc           0.3.0                py_1                     conda-forge
2025-01-27T13:11:32.6101297Z   sphinxcontrib-applehelp        1.0.8                pyhd8ed1ab_0             conda-forge
2025-01-27T13:11:32.6101750Z   sphinxcontrib-bibtex           2.6.2                pyhd8ed1ab_0             conda-forge
2025-01-27T13:11:32.6102305Z   sphinxcontrib-devhelp          1.0.6                pyhd8ed1ab_0             conda-forge
2025-01-27T13:11:32.6102792Z   sphinxcontrib-htmlhelp         2.0.5                pyhd8ed1ab_0             conda-forge
2025-01-27T13:11:32.6103241Z   sphinxcontrib-jquery           4.1                  pyhd8ed1ab_0             conda-forge
2025-01-27T13:11:32.6103677Z   sphinxcontrib-jsmath           1.0.1                pyhd8ed1ab_0             conda-forge
2025-01-27T13:11:32.6104117Z   sphinxcontrib-qthelp           1.0.7                pyhd8ed1ab_0             conda-forge
2025-01-27T13:11:32.6104589Z   sphinxcontrib-serializinghtml  1.1.10               pyhd8ed1ab_0             conda-forge
2025-01-27T13:11:32.6105027Z   stack_data                     0.6.2                pyhd8ed1ab_0             conda-forge
2025-01-27T13:11:32.6105377Z   sympy                          1.12.1               pypyh2585a3b_103         conda-forge
2025-01-27T13:11:32.6105732Z   tabulate                       0.9.0                pyhd8ed1ab_1             conda-forge
2025-01-27T13:11:32.6106084Z   tenacity                       8.4.1                pyhd8ed1ab_0             conda-forge
2025-01-27T13:11:32.6106687Z   terminado                      0.18.1               pyh0d859eb_0             conda-forge
2025-01-27T13:11:32.6107045Z   tinycss2                       1.3.0                pyhd8ed1ab_0             conda-forge
2025-01-27T13:11:32.6107374Z   tk                             8.6.13               noxft_h4845f30_101       conda-forge
2025-01-27T13:11:32.6107695Z   toml                           0.10.2               pyhd8ed1ab_0             conda-forge
2025-01-27T13:11:32.6108026Z   tomli                          2.0.1                pyhd8ed1ab_0             conda-forge
2025-01-27T13:11:32.6108363Z   tornado                        6.4.1                py312h9a8786e_0          conda-forge
2025-01-27T13:11:32.6108700Z   tqdm                           4.66.4               pyhd8ed1ab_0             conda-forge
2025-01-27T13:11:32.6109045Z   traitlets                      5.14.3               pyhd8ed1ab_0             conda-forge
2025-01-27T13:11:32.6109402Z   typed-ast                      1.5.5                py312h98912ed_1          conda-forge
2025-01-27T13:11:32.6109815Z   types-python-dateutil          2.9.0.20240316       pyhd8ed1ab_0             conda-forge
2025-01-27T13:11:32.6110255Z   typing-extensions              4.12.2               hd8ed1ab_0               conda-forge
2025-01-27T13:11:32.6110663Z   typing_extensions              4.12.2               pyha770c72_0             conda-forge
2025-01-27T13:11:32.6111054Z   typing_utils                   0.1.0                pyhd8ed1ab_0             conda-forge
2025-01-27T13:11:32.6111412Z   tzdata                         2024a                h0c530f3_0               conda-forge
2025-01-27T13:11:32.6111777Z   uri-template                   1.3.0                pyhd8ed1ab_0             conda-forge
2025-01-27T13:11:32.6112154Z   urllib3                        2.2.2                pyhd8ed1ab_0             conda-forge
2025-01-27T13:11:32.6112512Z   wcwidth                        0.2.13               pyhd8ed1ab_0             conda-forge
2025-01-27T13:11:32.6112876Z   webcolors                      24.6.0               pyhd8ed1ab_0             conda-forge
2025-01-27T13:11:32.6113250Z   webencodings                   0.5.1                pyhd8ed1ab_2             conda-forge
2025-01-27T13:11:32.6113644Z   websocket-client               1.8.0                pyhd8ed1ab_0             conda-forge
2025-01-27T13:11:32.6114176Z   wheel                          0.43.0               pyhd8ed1ab_1             conda-forge
2025-01-27T13:11:32.6114565Z   widgetsnbextension             3.6.6                pyhd8ed1ab_0             conda-forge
2025-01-27T13:11:32.6114964Z   xorg-kbproto                   1.0.7                h7f98852_1002            conda-forge
2025-01-27T13:11:32.6115330Z   xorg-libice                    1.1.1                hd590300_0               conda-forge
2025-01-27T13:11:32.6115799Z   xorg-libsm                     1.2.4                h7391055_0               conda-forge
2025-01-27T13:11:32.6116162Z   xorg-libx11                    1.8.9                h8ee46fc_0               conda-forge
2025-01-27T13:11:32.6116699Z   xorg-libxau                    1.0.11               hd590300_0               conda-forge
2025-01-27T13:11:32.6117071Z   xorg-libxdmcp                  1.1.3                h7f98852_0               conda-forge
2025-01-27T13:11:32.6117448Z   xorg-libxext                   1.3.4                h0b41bf4_2               conda-forge
2025-01-27T13:11:32.6117836Z   xorg-libxrender                0.9.11               hd590300_0               conda-forge
2025-01-27T13:11:32.6118233Z   xorg-renderproto               0.11.1               h7f98852_1002            conda-forge
2025-01-27T13:11:32.6118622Z   xorg-xextproto                 7.3.0                h0b41bf4_1003            conda-forge
2025-01-27T13:11:32.6118996Z   xorg-xproto                    7.0.31               h7f98852_1007            conda-forge
2025-01-27T13:11:32.6119345Z   xz                             5.2.6                h166bdaf_0               conda-forge
2025-01-27T13:11:32.6119661Z   yaml                           0.2.5                h7f98852_2               conda-forge
2025-01-27T13:11:32.6119984Z   zeromq                         4.3.5                h75354e8_4               conda-forge
2025-01-27T13:11:32.6120314Z   zipp                           3.19.2               pyhd8ed1ab_0             conda-forge
2025-01-27T13:11:32.6120646Z   zlib                           1.3.1                h4ab18f5_1               conda-forge
2025-01-27T13:11:32.6120974Z   zlib-ng                        2.0.7                h0b41bf4_0               conda-forge
2025-01-27T13:11:32.6121301Z   zstd                           1.5.6                ha6fb4c9_0               conda-forge
2025-01-27T13:11:32.6121850Z ##[endgroup]
2025-01-27T13:11:32.6157057Z ##[group]Run pip install -e . --user
2025-01-27T13:11:32.6157410Z [36;1mpip install -e . --user[0m
2025-01-27T13:11:32.6187403Z shell: /usr/bin/bash -l {0}
2025-01-27T13:11:32.6187647Z env:
2025-01-27T13:11:32.6187822Z   CACHE_NUMBER: 0
2025-01-27T13:11:32.6188469Z   PYTEST_FLAGS: --tardis-regression-data=/home/runner/work/tardis/tardis/tardis-regression-data --cov=tardis --cov-report=xml --cov-report=html --cov-append
2025-01-27T13:11:32.6189138Z   CODECOV_TOKEN: 
2025-01-27T13:11:32.6189364Z   MAMBA_ROOT_PREFIX: /home/runner/micromamba
2025-01-27T13:11:32.6189678Z   MAMBA_EXE: /home/runner/micromamba-bin/micromamba
2025-01-27T13:11:32.6190031Z   CONDARC: /home/runner/work/_temp/setup-micromamba/.condarc
2025-01-27T13:11:32.6190339Z ##[endgroup]
2025-01-27T13:11:34.1116626Z Obtaining file:///home/runner/work/tardis/tardis
2025-01-27T13:11:34.1140108Z   Installing build dependencies: started
2025-01-27T13:11:36.8079581Z   Installing build dependencies: finished with status 'done'
2025-01-27T13:11:36.8085548Z   Checking if build backend supports build_editable: started
2025-01-27T13:11:36.9319727Z   Checking if build backend supports build_editable: finished with status 'done'
2025-01-27T13:11:36.9326949Z   Getting requirements to build editable: started
2025-01-27T13:11:37.3865553Z   Getting requirements to build editable: finished with status 'done'
2025-01-27T13:11:37.3873791Z   Preparing editable metadata (pyproject.toml): started
2025-01-27T13:11:37.8526226Z   Preparing editable metadata (pyproject.toml): finished with status 'done'
2025-01-27T13:11:37.9115022Z Requirement already satisfied: astropy in /home/runner/micromamba/envs/tardis/lib/python3.12/site-packages (from tardis==0.0.0) (6.1.1)
2025-01-27T13:11:37.9506036Z Requirement already satisfied: numpy>=1.23 in /home/runner/micromamba/envs/tardis/lib/python3.12/site-packages (from astropy->tardis==0.0.0) (1.26.4)
2025-01-27T13:11:37.9515078Z Requirement already satisfied: pyerfa>=2.0.1.1 in /home/runner/micromamba/envs/tardis/lib/python3.12/site-packages (from astropy->tardis==0.0.0) (2.0.1.4)
2025-01-27T13:11:37.9526043Z Requirement already satisfied: astropy-iers-data>=0.2024.5.27.0.30.8 in /home/runner/micromamba/envs/tardis/lib/python3.12/site-packages (from astropy->tardis==0.0.0) (0.2024.6.17.0.31.35)
2025-01-27T13:11:37.9534368Z Requirement already satisfied: PyYAML>=3.13 in /home/runner/micromamba/envs/tardis/lib/python3.12/site-packages (from astropy->tardis==0.0.0) (6.0.1)
2025-01-27T13:11:37.9544137Z Requirement already satisfied: packaging>=19.0 in /home/runner/micromamba/envs/tardis/lib/python3.12/site-packages (from astropy->tardis==0.0.0) (24.1)
2025-01-27T13:11:37.9632798Z Building wheels for collected packages: tardis
2025-01-27T13:11:37.9641944Z   Building editable for tardis (pyproject.toml): started
2025-01-27T13:11:38.7228225Z   Building editable for tardis (pyproject.toml): finished with status 'done'
2025-01-27T13:11:38.7233812Z   Created wheel for tardis: filename=tardis-0.0.0-0.editable-py3-none-any.whl size=8879 sha256=aceaef9428e524b9abc042ede442ee396f7927d94194ffca1e70bea64181c7a4
2025-01-27T13:11:38.7235420Z   Stored in directory: /tmp/pip-ephem-wheel-cache-9bizzn8c/wheels/6a/c7/ae/89fa6dc2565455898176888ef0e2e475e4e90eb0124afcb995
2025-01-27T13:11:38.7261799Z Successfully built tardis
2025-01-27T13:11:39.4920837Z Installing collected packages: tardis
2025-01-27T13:11:39.5011896Z Successfully installed tardis-0.0.0
2025-01-27T13:11:39.7065359Z ##[group]Run pip install qgridnext
2025-01-27T13:11:39.7065690Z [36;1mpip install qgridnext[0m
2025-01-27T13:11:39.7093592Z shell: /usr/bin/bash -l {0}
2025-01-27T13:11:39.7093825Z env:
2025-01-27T13:11:39.7093999Z   CACHE_NUMBER: 0
2025-01-27T13:11:39.7094626Z   PYTEST_FLAGS: --tardis-regression-data=/home/runner/work/tardis/tardis/tardis-regression-data --cov=tardis --cov-report=xml --cov-report=html --cov-append
2025-01-27T13:11:39.7095293Z   CODECOV_TOKEN: 
2025-01-27T13:11:39.7095514Z   MAMBA_ROOT_PREFIX: /home/runner/micromamba
2025-01-27T13:11:39.7095827Z   MAMBA_EXE: /home/runner/micromamba-bin/micromamba
2025-01-27T13:11:39.7096213Z   CONDARC: /home/runner/work/_temp/setup-micromamba/.condarc
2025-01-27T13:11:39.7096713Z ##[endgroup]
2025-01-27T13:11:40.3138736Z Collecting qgridnext
2025-01-27T13:11:40.3283019Z   Downloading qgridnext-2.0.4-py3-none-any.whl.metadata (9.9 kB)
2025-01-27T13:11:40.3375331Z Requirement already satisfied: pandas>=0.20.0 in /home/runner/micromamba/envs/tardis/lib/python3.12/site-packages (from qgridnext) (2.2.2)
2025-01-27T13:11:40.3384791Z Requirement already satisfied: ipywidgets>=7.0.0 in /home/runner/micromamba/envs/tardis/lib/python3.12/site-packages (from qgridnext) (7.8.0)
2025-01-27T13:11:40.3394601Z Requirement already satisfied: numpy in /home/runner/micromamba/envs/tardis/lib/python3.12/site-packages (from qgridnext) (1.26.4)
2025-01-27T13:11:40.3405225Z Requirement already satisfied: traitlets in /home/runner/micromamba/envs/tardis/lib/python3.12/site-packages (from qgridnext) (5.14.3)
2025-01-27T13:11:40.3492022Z Requirement already satisfied: comm>=0.1.3 in /home/runner/micromamba/envs/tardis/lib/python3.12/site-packages (from ipywidgets>=7.0.0->qgridnext) (0.2.2)
2025-01-27T13:11:40.3501162Z Requirement already satisfied: ipython-genutils~=0.2.0 in /home/runner/micromamba/envs/tardis/lib/python3.12/site-packages (from ipywidgets>=7.0.0->qgridnext) (0.2.0)
2025-01-27T13:11:40.3514828Z Requirement already satisfied: widgetsnbextension~=3.6.5 in /home/runner/micromamba/envs/tardis/lib/python3.12/site-packages (from ipywidgets>=7.0.0->qgridnext) (3.6.6)
2025-01-27T13:11:40.3533310Z Requirement already satisfied: ipython>=4.0.0 in /home/runner/micromamba/envs/tardis/lib/python3.12/site-packages (from ipywidgets>=7.0.0->qgridnext) (8.25.0)
2025-01-27T13:11:40.3548537Z Requirement already satisfied: jupyterlab-widgets<3,>=1.0.0 in /home/runner/micromamba/envs/tardis/lib/python3.12/site-packages (from ipywidgets>=7.0.0->qgridnext) (1.1.7)
2025-01-27T13:11:40.4007394Z Requirement already satisfied: python-dateutil>=2.8.2 in /home/runner/micromamba/envs/tardis/lib/python3.12/site-packages (from pandas>=0.20.0->qgridnext) (2.9.0)
2025-01-27T13:11:40.4021509Z Requirement already satisfied: pytz>=2020.1 in /home/runner/micromamba/envs/tardis/lib/python3.12/site-packages (from pandas>=0.20.0->qgridnext) (2024.1)
2025-01-27T13:11:40.4030037Z Requirement already satisfied: tzdata>=2022.7 in /home/runner/micromamba/envs/tardis/lib/python3.12/site-packages (from pandas>=0.20.0->qgridnext) (2024.1)
2025-01-27T13:11:40.4359467Z Requirement already satisfied: decorator in /home/runner/micromamba/envs/tardis/lib/python3.12/site-packages (from ipython>=4.0.0->ipywidgets>=7.0.0->qgridnext) (5.1.1)
2025-01-27T13:11:40.4374052Z Requirement already satisfied: jedi>=0.16 in /home/runner/micromamba/envs/tardis/lib/python3.12/site-packages (from ipython>=4.0.0->ipywidgets>=7.0.0->qgridnext) (0.19.1)
2025-01-27T13:11:40.4383650Z Requirement already satisfied: matplotlib-inline in /home/runner/micromamba/envs/tardis/lib/python3.12/site-packages (from ipython>=4.0.0->ipywidgets>=7.0.0->qgridnext) (0.1.7)
2025-01-27T13:11:40.4395202Z Requirement already satisfied: prompt-toolkit<3.1.0,>=3.0.41 in /home/runner/micromamba/envs/tardis/lib/python3.12/site-packages (from ipython>=4.0.0->ipywidgets>=7.0.0->qgridnext) (3.0.47)
2025-01-27T13:11:40.4405166Z Requirement already satisfied: pygments>=2.4.0 in /home/runner/micromamba/envs/tardis/lib/python3.12/site-packages (from ipython>=4.0.0->ipywidgets>=7.0.0->qgridnext) (2.18.0)
2025-01-27T13:11:40.4415695Z Requirement already satisfied: stack-data in /home/runner/micromamba/envs/tardis/lib/python3.12/site-packages (from ipython>=4.0.0->ipywidgets>=7.0.0->qgridnext) (0.6.2)
2025-01-27T13:11:40.4435806Z Requirement already satisfied: pexpect>4.3 in /home/runner/micromamba/envs/tardis/lib/python3.12/site-packages (from ipython>=4.0.0->ipywidgets>=7.0.0->qgridnext) (4.9.0)
2025-01-27T13:11:40.4485518Z Requirement already satisfied: six>=1.5 in /home/runner/micromamba/envs/tardis/lib/python3.12/site-packages (from python-dateutil>=2.8.2->pandas>=0.20.0->qgridnext) (1.16.0)
2025-01-27T13:11:40.4547830Z Requirement already satisfied: notebook>=4.4.1 in /home/runner/micromamba/envs/tardis/lib/python3.12/site-packages (from widgetsnbextension~=3.6.5->ipywidgets>=7.0.0->qgridnext) (7.2.1)
2025-01-27T13:11:40.4739683Z Requirement already satisfied: parso<0.9.0,>=0.8.3 in /home/runner/micromamba/envs/tardis/lib/python3.12/site-packages (from jedi>=0.16->ipython>=4.0.0->ipywidgets>=7.0.0->qgridnext) (0.8.4)
2025-01-27T13:11:40.4886168Z Requirement already satisfied: jupyter-server<3,>=2.4.0 in /home/runner/micromamba/envs/tardis/lib/python3.12/site-packages (from notebook>=4.4.1->widgetsnbextension~=3.6.5->ipywidgets>=7.0.0->qgridnext) (2.14.1)
2025-01-27T13:11:40.4900357Z Requirement already satisfied: jupyterlab-server<3,>=2.27.1 in /home/runner/micromamba/envs/tardis/lib/python3.12/site-packages (from notebook>=4.4.1->widgetsnbextension~=3.6.5->ipywidgets>=7.0.0->qgridnext) (2.27.2)
2025-01-27T13:11:40.4915904Z Requirement already satisfied: jupyterlab<4.3,>=4.2.0 in /home/runner/micromamba/envs/tardis/lib/python3.12/site-packages (from notebook>=4.4.1->widgetsnbextension~=3.6.5->ipywidgets>=7.0.0->qgridnext) (4.2.2)
2025-01-27T13:11:40.4927174Z Requirement already satisfied: notebook-shim<0.3,>=0.2 in /home/runner/micromamba/envs/tardis/lib/python3.12/site-packages (from notebook>=4.4.1->widgetsnbextension~=3.6.5->ipywidgets>=7.0.0->qgridnext) (0.2.4)
2025-01-27T13:11:40.4935917Z Requirement already satisfied: tornado>=6.2.0 in /home/runner/micromamba/envs/tardis/lib/python3.12/site-packages (from notebook>=4.4.1->widgetsnbextension~=3.6.5->ipywidgets>=7.0.0->qgridnext) (6.4.1)
2025-01-27T13:11:40.4966817Z Requirement already satisfied: ptyprocess>=0.5 in /home/runner/micromamba/envs/tardis/lib/python3.12/site-packages (from pexpect>4.3->ipython>=4.0.0->ipywidgets>=7.0.0->qgridnext) (0.7.0)
2025-01-27T13:11:40.4996117Z Requirement already satisfied: wcwidth in /home/runner/micromamba/envs/tardis/lib/python3.12/site-packages (from prompt-toolkit<3.1.0,>=3.0.41->ipython>=4.0.0->ipywidgets>=7.0.0->qgridnext) (0.2.13)
2025-01-27T13:11:40.5135810Z Requirement already satisfied: executing>=1.2.0 in /home/runner/micromamba/envs/tardis/lib/python3.12/site-packages (from stack-data->ipython>=4.0.0->ipywidgets>=7.0.0->qgridnext) (2.0.1)
2025-01-27T13:11:40.5145932Z Requirement already satisfied: asttokens>=2.1.0 in /home/runner/micromamba/envs/tardis/lib/python3.12/site-packages (from stack-data->ipython>=4.0.0->ipywidgets>=7.0.0->qgridnext) (2.4.1)
2025-01-27T13:11:40.5154435Z Requirement already satisfied: pure-eval in /home/runner/micromamba/envs/tardis/lib/python3.12/site-packages (from stack-data->ipython>=4.0.0->ipywidgets>=7.0.0->qgridnext) (0.2.2)
2025-01-27T13:11:40.5503697Z Requirement already satisfied: anyio>=3.1.0 in /home/runner/micromamba/envs/tardis/lib/python3.12/site-packages (from jupyter-server<3,>=2.4.0->notebook>=4.4.1->widgetsnbextension~=3.6.5->ipywidgets>=7.0.0->qgridnext) (4.4.0)
2025-01-27T13:11:40.5514693Z Requirement already satisfied: argon2-cffi>=21.1 in /home/runner/micromamba/envs/tardis/lib/python3.12/site-packages (from jupyter-server<3,>=2.4.0->notebook>=4.4.1->widgetsnbextension~=3.6.5->ipywidgets>=7.0.0->qgridnext) (23.1.0)
2025-01-27T13:11:40.5524678Z Requirement already satisfied: jinja2>=3.0.3 in /home/runner/micromamba/envs/tardis/lib/python3.12/site-packages (from jupyter-server<3,>=2.4.0->notebook>=4.4.1->widgetsnbextension~=3.6.5->ipywidgets>=7.0.0->qgridnext) (3.1.4)
2025-01-27T13:11:40.5537357Z Requirement already satisfied: jupyter-client>=7.4.4 in /home/runner/micromamba/envs/tardis/lib/python3.12/site-packages (from jupyter-server<3,>=2.4.0->notebook>=4.4.1->widgetsnbextension~=3.6.5->ipywidgets>=7.0.0->qgridnext) (8.6.2)
2025-01-27T13:11:40.5550095Z Requirement already satisfied: jupyter-core!=5.0.*,>=4.12 in /home/runner/micromamba/envs/tardis/lib/python3.12/site-packages (from jupyter-server<3,>=2.4.0->notebook>=4.4.1->widgetsnbextension~=3.6.5->ipywidgets>=7.0.0->qgridnext) (5.7.2)
2025-01-27T13:11:40.5562464Z Requirement already satisfied: jupyter-events>=0.9.0 in /home/runner/micromamba/envs/tardis/lib/python3.12/site-packages (from jupyter-server<3,>=2.4.0->notebook>=4.4.1->widgetsnbextension~=3.6.5->ipywidgets>=7.0.0->qgridnext) (0.10.0)
2025-01-27T13:11:40.5574408Z Requirement already satisfied: jupyter-server-terminals>=0.4.4 in /home/runner/micromamba/envs/tardis/lib/python3.12/site-packages (from jupyter-server<3,>=2.4.0->notebook>=4.4.1->widgetsnbextension~=3.6.5->ipywidgets>=7.0.0->qgridnext) (0.5.3)
2025-01-27T13:11:40.5588762Z Requirement already satisfied: nbconvert>=6.4.4 in /home/runner/micromamba/envs/tardis/lib/python3.12/site-packages (from jupyter-server<3,>=2.4.0->notebook>=4.4.1->widgetsnbextension~=3.6.5->ipywidgets>=7.0.0->qgridnext) (7.16.4)
2025-01-27T13:11:40.5599968Z Requirement already satisfied: nbformat>=5.3.0 in /home/runner/micromamba/envs/tardis/lib/python3.12/site-packages (from jupyter-server<3,>=2.4.0->notebook>=4.4.1->widgetsnbextension~=3.6.5->ipywidgets>=7.0.0->qgridnext) (5.10.4)
2025-01-27T13:11:40.5610415Z Requirement already satisfied: overrides>=5.0 in /home/runner/micromamba/envs/tardis/lib/python3.12/site-packages (from jupyter-server<3,>=2.4.0->notebook>=4.4.1->widgetsnbextension~=3.6.5->ipywidgets>=7.0.0->qgridnext) (7.7.0)
2025-01-27T13:11:40.5621261Z Requirement already satisfied: packaging>=22.0 in /home/runner/micromamba/envs/tardis/lib/python3.12/site-packages (from jupyter-server<3,>=2.4.0->notebook>=4.4.1->widgetsnbextension~=3.6.5->ipywidgets>=7.0.0->qgridnext) (24.1)
2025-01-27T13:11:40.5631528Z Requirement already satisfied: prometheus-client>=0.9 in /home/runner/micromamba/envs/tardis/lib/python3.12/site-packages (from jupyter-server<3,>=2.4.0->notebook>=4.4.1->widgetsnbextension~=3.6.5->ipywidgets>=7.0.0->qgridnext) (0.20.0)
2025-01-27T13:11:40.5643280Z Requirement already satisfied: pyzmq>=24 in /home/runner/micromamba/envs/tardis/lib/python3.12/site-packages (from jupyter-server<3,>=2.4.0->notebook>=4.4.1->widgetsnbextension~=3.6.5->ipywidgets>=7.0.0->qgridnext) (26.0.3)
2025-01-27T13:11:40.5653122Z Requirement already satisfied: send2trash>=1.8.2 in /home/runner/micromamba/envs/tardis/lib/python3.12/site-packages (from jupyter-server<3,>=2.4.0->notebook>=4.4.1->widgetsnbextension~=3.6.5->ipywidgets>=7.0.0->qgridnext) (1.8.3)
2025-01-27T13:11:40.5665535Z Requirement already satisfied: terminado>=0.8.3 in /home/runner/micromamba/envs/tardis/lib/python3.12/site-packages (from jupyter-server<3,>=2.4.0->notebook>=4.4.1->widgetsnbextension~=3.6.5->ipywidgets>=7.0.0->qgridnext) (0.18.1)
2025-01-27T13:11:40.5683990Z Requirement already satisfied: websocket-client>=1.7 in /home/runner/micromamba/envs/tardis/lib/python3.12/site-packages (from jupyter-server<3,>=2.4.0->notebook>=4.4.1->widgetsnbextension~=3.6.5->ipywidgets>=7.0.0->qgridnext) (1.8.0)
2025-01-27T13:11:40.5975941Z Requirement already satisfied: async-lru>=1.0.0 in /home/runner/micromamba/envs/tardis/lib/python3.12/site-packages (from jupyterlab<4.3,>=4.2.0->notebook>=4.4.1->widgetsnbextension~=3.6.5->ipywidgets>=7.0.0->qgridnext) (2.0.4)
2025-01-27T13:11:40.5988582Z Requirement already satisfied: httpx>=0.25.0 in /home/runner/micromamba/envs/tardis/lib/python3.12/site-packages (from jupyterlab<4.3,>=4.2.0->notebook>=4.4.1->widgetsnbextension~=3.6.5->ipywidgets>=7.0.0->qgridnext) (0.27.0)
2025-01-27T13:11:40.6001542Z Requirement already satisfied: ipykernel>=6.5.0 in /home/runner/micromamba/envs/tardis/lib/python3.12/site-packages (from jupyterlab<4.3,>=4.2.0->notebook>=4.4.1->widgetsnbextension~=3.6.5->ipywidgets>=7.0.0->qgridnext) (6.29.4)
2025-01-27T13:11:40.6016697Z Requirement already satisfied: jupyter-lsp>=2.0.0 in /home/runner/micromamba/envs/tardis/lib/python3.12/site-packages (from jupyterlab<4.3,>=4.2.0->notebook>=4.4.1->widgetsnbextension~=3.6.5->ipywidgets>=7.0.0->qgridnext) (2.2.5)
2025-01-27T13:11:40.6043809Z Requirement already satisfied: setuptools>=40.1.0 in /home/runner/micromamba/envs/tardis/lib/python3.12/site-packages (from jupyterlab<4.3,>=4.2.0->notebook>=4.4.1->widgetsnbextension~=3.6.5->ipywidgets>=7.0.0->qgridnext) (70.0.0)
2025-01-27T13:11:40.6236523Z Requirement already satisfied: babel>=2.10 in /home/runner/micromamba/envs/tardis/lib/python3.12/site-packages (from jupyterlab-server<3,>=2.27.1->notebook>=4.4.1->widgetsnbextension~=3.6.5->ipywidgets>=7.0.0->qgridnext) (2.14.0)
2025-01-27T13:11:40.6263609Z Requirement already satisfied: json5>=0.9.0 in /home/runner/micromamba/envs/tardis/lib/python3.12/site-packages (from jupyterlab-server<3,>=2.27.1->notebook>=4.4.1->widgetsnbextension~=3.6.5->ipywidgets>=7.0.0->qgridnext) (0.9.25)
2025-01-27T13:11:40.6275293Z Requirement already satisfied: jsonschema>=4.18.0 in /home/runner/micromamba/envs/tardis/lib/python3.12/site-packages (from jupyterlab-server<3,>=2.27.1->notebook>=4.4.1->widgetsnbextension~=3.6.5->ipywidgets>=7.0.0->qgridnext) (4.22.0)
2025-01-27T13:11:40.6293738Z Requirement already satisfied: requests>=2.31 in /home/runner/micromamba/envs/tardis/lib/python3.12/site-packages (from jupyterlab-server<3,>=2.27.1->notebook>=4.4.1->widgetsnbextension~=3.6.5->ipywidgets>=7.0.0->qgridnext) (2.32.3)
2025-01-27T13:11:40.6650644Z Requirement already satisfied: idna>=2.8 in /home/runner/micromamba/envs/tardis/lib/python3.12/site-packages (from anyio>=3.1.0->jupyter-server<3,>=2.4.0->notebook>=4.4.1->widgetsnbextension~=3.6.5->ipywidgets>=7.0.0->qgridnext) (3.7)
2025-01-27T13:11:40.6659387Z Requirement already satisfied: sniffio>=1.1 in /home/runner/micromamba/envs/tardis/lib/python3.12/site-packages (from anyio>=3.1.0->jupyter-server<3,>=2.4.0->notebook>=4.4.1->widgetsnbextension~=3.6.5->ipywidgets>=7.0.0->qgridnext) (1.3.1)
2025-01-27T13:11:40.6751591Z Requirement already satisfied: argon2-cffi-bindings in /home/runner/micromamba/envs/tardis/lib/python3.12/site-packages (from argon2-cffi>=21.1->jupyter-server<3,>=2.4.0->notebook>=4.4.1->widgetsnbextension~=3.6.5->ipywidgets>=7.0.0->qgridnext) (21.2.0)
2025-01-27T13:11:40.6923514Z Requirement already satisfied: certifi in /home/runner/micromamba/envs/tardis/lib/python3.12/site-packages (from httpx>=0.25.0->jupyterlab<4.3,>=4.2.0->notebook>=4.4.1->widgetsnbextension~=3.6.5->ipywidgets>=7.0.0->qgridnext) (2024.6.2)
2025-01-27T13:11:40.6938377Z Requirement already satisfied: httpcore==1.* in /home/runner/micromamba/envs/tardis/lib/python3.12/site-packages (from httpx>=0.25.0->jupyterlab<4.3,>=4.2.0->notebook>=4.4.1->widgetsnbextension~=3.6.5->ipywidgets>=7.0.0->qgridnext) (1.0.5)
2025-01-27T13:11:40.7016608Z Requirement already satisfied: h11<0.15,>=0.13 in /home/runner/micromamba/envs/tardis/lib/python3.12/site-packages (from httpcore==1.*->httpx>=0.25.0->jupyterlab<4.3,>=4.2.0->notebook>=4.4.1->widgetsnbextension~=3.6.5->ipywidgets>=7.0.0->qgridnext) (0.14.0)
2025-01-27T13:11:40.7203424Z Requirement already satisfied: debugpy>=1.6.5 in /home/runner/micromamba/envs/tardis/lib/python3.12/site-packages (from ipykernel>=6.5.0->jupyterlab<4.3,>=4.2.0->notebook>=4.4.1->widgetsnbextension~=3.6.5->ipywidgets>=7.0.0->qgridnext) (1.8.1)
2025-01-27T13:11:40.7224469Z Requirement already satisfied: nest-asyncio in /home/runner/micromamba/envs/tardis/lib/python3.12/site-packages (from ipykernel>=6.5.0->jupyterlab<4.3,>=4.2.0->notebook>=4.4.1->widgetsnbextension~=3.6.5->ipywidgets>=7.0.0->qgridnext) (1.6.0)
2025-01-27T13:11:40.7239088Z Requirement already satisfied: psutil in /home/runner/micromamba/envs/tardis/lib/python3.12/site-packages (from ipykernel>=6.5.0->jupyterlab<4.3,>=4.2.0->notebook>=4.4.1->widgetsnbextension~=3.6.5->ipywidgets>=7.0.0->qgridnext) (5.9.8)
2025-01-27T13:11:40.7301714Z Requirement already satisfied: MarkupSafe>=2.0 in /home/runner/micromamba/envs/tardis/lib/python3.12/site-packages (from jinja2>=3.0.3->jupyter-server<3,>=2.4.0->notebook>=4.4.1->widgetsnbextension~=3.6.5->ipywidgets>=7.0.0->qgridnext) (2.1.5)
2025-01-27T13:11:40.7499077Z Requirement already satisfied: attrs>=22.2.0 in /home/runner/micromamba/envs/tardis/lib/python3.12/site-packages (from jsonschema>=4.18.0->jupyterlab-server<3,>=2.27.1->notebook>=4.4.1->widgetsnbextension~=3.6.5->ipywidgets>=7.0.0->qgridnext) (23.2.0)
2025-01-27T13:11:40.7510201Z Requirement already satisfied: jsonschema-specifications>=2023.03.6 in /home/runner/micromamba/envs/tardis/lib/python3.12/site-packages (from jsonschema>=4.18.0->jupyterlab-server<3,>=2.27.1->notebook>=4.4.1->widgetsnbextension~=3.6.5->ipywidgets>=7.0.0->qgridnext) (2023.12.1)
2025-01-27T13:11:40.7519834Z Requirement already satisfied: referencing>=0.28.4 in /home/runner/micromamba/envs/tardis/lib/python3.12/site-packages (from jsonschema>=4.18.0->jupyterlab-server<3,>=2.27.1->notebook>=4.4.1->widgetsnbextension~=3.6.5->ipywidgets>=7.0.0->qgridnext) (0.35.1)
2025-01-27T13:11:40.7529697Z Requirement already satisfied: rpds-py>=0.7.1 in /home/runner/micromamba/envs/tardis/lib/python3.12/site-packages (from jsonschema>=4.18.0->jupyterlab-server<3,>=2.27.1->notebook>=4.4.1->widgetsnbextension~=3.6.5->ipywidgets>=7.0.0->qgridnext) (0.18.1)
2025-01-27T13:11:40.7798299Z Requirement already satisfied: platformdirs>=2.5 in /home/runner/micromamba/envs/tardis/lib/python3.12/site-packages (from jupyter-core!=5.0.*,>=4.12->jupyter-server<3,>=2.4.0->notebook>=4.4.1->widgetsnbextension~=3.6.5->ipywidgets>=7.0.0->qgridnext) (4.2.2)
2025-01-27T13:11:40.7951612Z Requirement already satisfied: python-json-logger>=2.0.4 in /home/runner/micromamba/envs/tardis/lib/python3.12/site-packages (from jupyter-events>=0.9.0->jupyter-server<3,>=2.4.0->notebook>=4.4.1->widgetsnbextension~=3.6.5->ipywidgets>=7.0.0->qgridnext) (2.0.7)
2025-01-27T13:11:40.7960635Z Requirement already satisfied: pyyaml>=5.3 in /home/runner/micromamba/envs/tardis/lib/python3.12/site-packages (from jupyter-events>=0.9.0->jupyter-server<3,>=2.4.0->notebook>=4.4.1->widgetsnbextension~=3.6.5->ipywidgets>=7.0.0->qgridnext) (6.0.1)
2025-01-27T13:11:40.7972093Z Requirement already satisfied: rfc3339-validator in /home/runner/micromamba/envs/tardis/lib/python3.12/site-packages (from jupyter-events>=0.9.0->jupyter-server<3,>=2.4.0->notebook>=4.4.1->widgetsnbextension~=3.6.5->ipywidgets>=7.0.0->qgridnext) (0.1.4)
2025-01-27T13:11:40.7981558Z Requirement already satisfied: rfc3986-validator>=0.1.1 in /home/runner/micromamba/envs/tardis/lib/python3.12/site-packages (from jupyter-events>=0.9.0->jupyter-server<3,>=2.4.0->notebook>=4.4.1->widgetsnbextension~=3.6.5->ipywidgets>=7.0.0->qgridnext) (0.1.1)
2025-01-27T13:11:40.8450100Z Requirement already satisfied: beautifulsoup4 in /home/runner/micromamba/envs/tardis/lib/python3.12/site-packages (from nbconvert>=6.4.4->jupyter-server<3,>=2.4.0->notebook>=4.4.1->widgetsnbextension~=3.6.5->ipywidgets>=7.0.0->qgridnext) (4.12.3)
2025-01-27T13:11:40.8469961Z Requirement already satisfied: bleach!=5.0.0 in /home/runner/micromamba/envs/tardis/lib/python3.12/site-packages (from nbconvert>=6.4.4->jupyter-server<3,>=2.4.0->notebook>=4.4.1->widgetsnbextension~=3.6.5->ipywidgets>=7.0.0->qgridnext) (6.1.0)
2025-01-27T13:11:40.8484881Z Requirement already satisfied: defusedxml in /home/runner/micromamba/envs/tardis/lib/python3.12/site-packages (from nbconvert>=6.4.4->jupyter-server<3,>=2.4.0->notebook>=4.4.1->widgetsnbextension~=3.6.5->ipywidgets>=7.0.0->qgridnext) (0.7.1)
2025-01-27T13:11:40.8500423Z Requirement already satisfied: jupyterlab-pygments in /home/runner/micromamba/envs/tardis/lib/python3.12/site-packages (from nbconvert>=6.4.4->jupyter-server<3,>=2.4.0->notebook>=4.4.1->widgetsnbextension~=3.6.5->ipywidgets>=7.0.0->qgridnext) (0.3.0)
2025-01-27T13:11:40.8512840Z Requirement already satisfied: mistune<4,>=2.0.3 in /home/runner/micromamba/envs/tardis/lib/python3.12/site-packages (from nbconvert>=6.4.4->jupyter-server<3,>=2.4.0->notebook>=4.4.1->widgetsnbextension~=3.6.5->ipywidgets>=7.0.0->qgridnext) (3.0.2)
2025-01-27T13:11:40.8525938Z Requirement already satisfied: nbclient>=0.5.0 in /home/runner/micromamba/envs/tardis/lib/python3.12/site-packages (from nbconvert>=6.4.4->jupyter-server<3,>=2.4.0->notebook>=4.4.1->widgetsnbextension~=3.6.5->ipywidgets>=7.0.0->qgridnext) (0.10.0)
2025-01-27T13:11:40.8543763Z Requirement already satisfied: pandocfilters>=1.4.1 in /home/runner/micromamba/envs/tardis/lib/python3.12/site-packages (from nbconvert>=6.4.4->jupyter-server<3,>=2.4.0->notebook>=4.4.1->widgetsnbextension~=3.6.5->ipywidgets>=7.0.0->qgridnext) (1.5.0)
2025-01-27T13:11:40.8554262Z Requirement already satisfied: tinycss2 in /home/runner/micromamba/envs/tardis/lib/python3.12/site-packages (from nbconvert>=6.4.4->jupyter-server<3,>=2.4.0->notebook>=4.4.1->widgetsnbextension~=3.6.5->ipywidgets>=7.0.0->qgridnext) (1.3.0)
2025-01-27T13:11:40.8672503Z Requirement already satisfied: fastjsonschema>=2.15 in /home/runner/micromamba/envs/tardis/lib/python3.12/site-packages (from nbformat>=5.3.0->jupyter-server<3,>=2.4.0->notebook>=4.4.1->widgetsnbextension~=3.6.5->ipywidgets>=7.0.0->qgridnext) (2.20.0)
2025-01-27T13:11:40.8983459Z Requirement already satisfied: charset-normalizer<4,>=2 in /home/runner/micromamba/envs/tardis/lib/python3.12/site-packages (from requests>=2.31->jupyterlab-server<3,>=2.27.1->notebook>=4.4.1->widgetsnbextension~=3.6.5->ipywidgets>=7.0.0->qgridnext) (3.3.2)
2025-01-27T13:11:40.8998852Z Requirement already satisfied: urllib3<3,>=1.21.1 in /home/runner/micromamba/envs/tardis/lib/python3.12/site-packages (from requests>=2.31->jupyterlab-server<3,>=2.27.1->notebook>=4.4.1->widgetsnbextension~=3.6.5->ipywidgets>=7.0.0->qgridnext) (2.2.2)
2025-01-27T13:11:40.9796692Z Requirement already satisfied: webencodings in /home/runner/micromamba/envs/tardis/lib/python3.12/site-packages (from bleach!=5.0.0->nbconvert>=6.4.4->jupyter-server<3,>=2.4.0->notebook>=4.4.1->widgetsnbextension~=3.6.5->ipywidgets>=7.0.0->qgridnext) (0.5.1)
2025-01-27T13:11:41.0372894Z Requirement already satisfied: fqdn in /home/runner/micromamba/envs/tardis/lib/python3.12/site-packages (from jsonschema[format-nongpl]>=4.18.0->jupyter-events>=0.9.0->jupyter-server<3,>=2.4.0->notebook>=4.4.1->widgetsnbextension~=3.6.5->ipywidgets>=7.0.0->qgridnext) (1.5.1)
2025-01-27T13:11:41.0391215Z Requirement already satisfied: isoduration in /home/runner/micromamba/envs/tardis/lib/python3.12/site-packages (from jsonschema[format-nongpl]>=4.18.0->jupyter-events>=0.9.0->jupyter-server<3,>=2.4.0->notebook>=4.4.1->widgetsnbextension~=3.6.5->ipywidgets>=7.0.0->qgridnext) (20.11.0)
2025-01-27T13:11:41.0405543Z Requirement already satisfied: jsonpointer>1.13 in /home/runner/micromamba/envs/tardis/lib/python3.12/site-packages (from jsonschema[format-nongpl]>=4.18.0->jupyter-events>=0.9.0->jupyter-server<3,>=2.4.0->notebook>=4.4.1->widgetsnbextension~=3.6.5->ipywidgets>=7.0.0->qgridnext) (3.0.0)
2025-01-27T13:11:41.0423286Z Requirement already satisfied: uri-template in /home/runner/micromamba/envs/tardis/lib/python3.12/site-packages (from jsonschema[format-nongpl]>=4.18.0->jupyter-events>=0.9.0->jupyter-server<3,>=2.4.0->notebook>=4.4.1->widgetsnbextension~=3.6.5->ipywidgets>=7.0.0->qgridnext) (1.3.0)
2025-01-27T13:11:41.0438162Z Requirement already satisfied: webcolors>=1.11 in /home/runner/micromamba/envs/tardis/lib/python3.12/site-packages (from jsonschema[format-nongpl]>=4.18.0->jupyter-events>=0.9.0->jupyter-server<3,>=2.4.0->notebook>=4.4.1->widgetsnbextension~=3.6.5->ipywidgets>=7.0.0->qgridnext) (24.6.0)
2025-01-27T13:11:41.1459999Z Requirement already satisfied: cffi>=1.0.1 in /home/runner/micromamba/envs/tardis/lib/python3.12/site-packages (from argon2-cffi-bindings->argon2-cffi>=21.1->jupyter-server<3,>=2.4.0->notebook>=4.4.1->widgetsnbextension~=3.6.5->ipywidgets>=7.0.0->qgridnext) (1.16.0)
2025-01-27T13:11:41.1557826Z Requirement already satisfied: soupsieve>1.2 in /home/runner/micromamba/envs/tardis/lib/python3.12/site-packages (from beautifulsoup4->nbconvert>=6.4.4->jupyter-server<3,>=2.4.0->notebook>=4.4.1->widgetsnbextension~=3.6.5->ipywidgets>=7.0.0->qgridnext) (2.5)
2025-01-27T13:11:41.2086207Z Requirement already satisfied: pycparser in /home/runner/micromamba/envs/tardis/lib/python3.12/site-packages (from cffi>=1.0.1->argon2-cffi-bindings->argon2-cffi>=21.1->jupyter-server<3,>=2.4.0->notebook>=4.4.1->widgetsnbextension~=3.6.5->ipywidgets>=7.0.0->qgridnext) (2.22)
2025-01-27T13:11:41.2598010Z Requirement already satisfied: arrow>=0.15.0 in /home/runner/micromamba/envs/tardis/lib/python3.12/site-packages (from isoduration->jsonschema[format-nongpl]>=4.18.0->jupyter-events>=0.9.0->jupyter-server<3,>=2.4.0->notebook>=4.4.1->widgetsnbextension~=3.6.5->ipywidgets>=7.0.0->qgridnext) (1.3.0)
2025-01-27T13:11:41.2901933Z Requirement already satisfied: types-python-dateutil>=2.8.10 in /home/runner/micromamba/envs/tardis/lib/python3.12/site-packages (from arrow>=0.15.0->isoduration->jsonschema[format-nongpl]>=4.18.0->jupyter-events>=0.9.0->jupyter-server<3,>=2.4.0->notebook>=4.4.1->widgetsnbextension~=3.6.5->ipywidgets>=7.0.0->qgridnext) (2.9.0.20240316)
2025-01-27T13:11:41.3130410Z Downloading qgridnext-2.0.4-py3-none-any.whl (1.3 MB)
2025-01-27T13:11:41.3321776Z    ━━━━━━━━━━━━━━━━━━━━━━━━━━━━━━━━━━━━━━━━ 1.3/1.3 MB 75.1 MB/s eta 0:00:00
2025-01-27T13:11:42.1294689Z Installing collected packages: qgridnext
2025-01-27T13:11:42.1980195Z Successfully installed qgridnext-2.0.4
2025-01-27T13:11:42.3823517Z ##[group]Run pytest tardis --tardis-regression-data=/home/runner/work/tardis/tardis/tardis-regression-data --cov=tardis --cov-report=xml --cov-report=html --cov-append -m "not continuum"
2025-01-27T13:11:42.3824879Z [36;1mpytest tardis --tardis-regression-data=/home/runner/work/tardis/tardis/tardis-regression-data --cov=tardis --cov-report=xml --cov-report=html --cov-append -m "not continuum"[0m
2025-01-27T13:11:42.3853099Z shell: /usr/bin/bash -l {0}
2025-01-27T13:11:42.3853333Z env:
2025-01-27T13:11:42.3853503Z   CACHE_NUMBER: 0
2025-01-27T13:11:42.3854128Z   PYTEST_FLAGS: --tardis-regression-data=/home/runner/work/tardis/tardis/tardis-regression-data --cov=tardis --cov-report=xml --cov-report=html --cov-append
2025-01-27T13:11:42.3854801Z   CODECOV_TOKEN: 
2025-01-27T13:11:42.3855017Z   MAMBA_ROOT_PREFIX: /home/runner/micromamba
2025-01-27T13:11:42.3855326Z   MAMBA_EXE: /home/runner/micromamba-bin/micromamba
2025-01-27T13:11:42.3855723Z   CONDARC: /home/runner/work/_temp/setup-micromamba/.condarc
2025-01-27T13:11:42.3856035Z ##[endgroup]
2025-01-27T13:11:51.0757503Z ============================= test session starts ==============================
2025-01-27T13:11:51.0758920Z platform linux -- Python 3.12.4, pytest-8.2.2, pluggy-1.5.0
2025-01-27T13:11:51.0759541Z rootdir: /home/runner/work/tardis/tardis
2025-01-27T13:11:51.0760022Z configfile: pyproject.toml
2025-01-27T13:11:51.0760598Z plugins: anyio-4.4.0, doctestplus-1.2.1, html-4.1.1, metadata-3.1.1, cov-5.0.0
2025-01-27T13:11:51.0761294Z collected 1796 items / 2 deselected / 1794 selected
2025-01-27T13:11:51.0761670Z 
2025-01-27T13:11:56.2429780Z tardis/energy_input/tests/test_energy_source.py ..xxx                    [  0%]
2025-01-27T13:11:59.3783551Z tardis/energy_input/tests/test_gamma_ray_channel.py ...........          [  0%]
2025-01-27T13:12:01.0340847Z tardis/energy_input/tests/test_gamma_ray_grid.py xx.                     [  1%]
2025-01-27T13:12:02.8787209Z tardis/energy_input/tests/test_gamma_ray_interactions.py xx....          [  1%]
2025-01-27T13:12:02.8881041Z tardis/energy_input/tests/test_gamma_ray_packet_source.py sssssssss      [  1%]
2025-01-27T13:12:04.2265477Z tardis/energy_input/tests/test_util.py .....xxxx.....                    [  2%]
2025-01-27T13:12:04.5725311Z tardis/grid/tests/test_grid.py .                                         [  2%]
2025-01-27T13:12:04.5741461Z tardis/gui/tests/test_gui.py s                                           [  2%]
2025-01-27T13:12:08.1747399Z tardis/io/configuration/tests/test_config_reader.py ...........          [  3%]
2025-01-27T13:12:08.1879792Z tardis/io/configuration/tests/test_configuration_namespace.py .........  [  3%]
2025-01-27T13:12:08.2153156Z tardis/io/logger/tests/test_logging.py ssssssssssssssssssssssssssss      [  5%]
2025-01-27T13:12:48.8101565Z tardis/io/model/readers/tests/test_arepo_parser.py ..                    [  5%]
2025-01-27T13:12:48.8257855Z tardis/io/model/readers/tests/test_ascii_readers.py ...                  [  5%]
2025-01-27T13:12:48.8383484Z tardis/io/model/readers/tests/test_cmfgen_reader.py ..                   [  5%]
2025-01-27T13:12:48.8712683Z tardis/io/model/readers/tests/test_csvy_reader.py ....                   [  6%]
2025-01-27T13:12:48.8941137Z tardis/io/model/readers/tests/test_stella_reader.py ..                   [  6%]
2025-01-27T13:12:49.2148286Z tardis/io/tests/test_HDFWriter.py ...............                        [  7%]
2025-01-27T13:12:49.5441224Z tardis/io/tests/test_atomic.py .....                                     [  7%]
2025-01-27T13:12:49.5648999Z tardis/io/tests/test_decay.py ..                                         [  7%]
2025-01-27T13:12:49.7674677Z tardis/io/tests/test_model_reader.py ......                              [  7%]
2025-01-27T13:12:49.7747613Z tardis/model/geometry/tests/test_radial1d.py ..                          [  7%]
2025-01-27T13:13:50.0685612Z tardis/model/tests/test_base.py ........................................ [ 10%]
2025-01-27T13:13:51.0767614Z ............                                                             [ 10%]
2025-01-27T13:13:54.1753781Z tardis/model/tests/test_csvy_model.py .........                          [ 11%]
2025-01-27T13:13:54.2241112Z tardis/model/tests/test_density.py ..                                    [ 11%]
2025-01-27T13:13:55.5465924Z tardis/opacities/tests/test_opacity_solver.py .....                      [ 11%]
2025-01-27T13:13:56.8854811Z tardis/opacities/tests/test_opacity_state_numba.py .....                 [ 11%]
2025-01-27T13:13:58.5087246Z tardis/opacities/tests/test_tau_sobolev.py ..                            [ 12%]
2025-01-27T13:14:01.6073711Z tardis/plasma/equilibrium/tests/test_collisional_transitions.py ...      [ 12%]
2025-01-27T13:14:48.1265720Z tardis/plasma/equilibrium/tests/test_level_populations.py ....           [ 12%]
2025-01-27T13:14:59.9277718Z tardis/plasma/equilibrium/tests/test_rate_matrix.py .                    [ 12%]
2025-01-27T13:15:01.4134901Z tardis/plasma/tests/test_complete_plasmas.py .....................s..... [ 13%]
2025-01-27T13:15:04.4613142Z s....ssssss............s............ss.....s....ssssss............s..... [ 18%]
2025-01-27T13:15:06.5195195Z .......ss.....s....ssssss............s............ss.....s....ssssss.... [ 22%]
2025-01-27T13:15:09.5747669Z ........s............ss.....s........ss............s............ss.....s [ 26%]
2025-01-27T13:15:12.6099363Z ........ss............s............ss.....s....ssssss............s...... [ 30%]
2025-01-27T13:15:13.3732958Z ......ss.....s....ssssss............s............ss.....s.ss.ssssss..... [ 34%]
2025-01-27T13:15:16.3253462Z .......s............ss.....s....ssssss............s............ss.....s. [ 38%]
2025-01-27T13:15:19.6233811Z ...ssssss............s............ss.....s....ssssss............s....... [ 42%]
2025-01-27T13:15:22.7840986Z .....ss.....s....ssssss............s............s...........ssssss...... [ 46%]
2025-01-27T13:15:24.6472331Z ......s............s...........ssssss............s............s......... [ 50%]
2025-01-27T13:15:27.6097365Z ..ssssss............s............ss.....s....ssssss............s........ [ 54%]
2025-01-27T13:15:31.2046854Z ....ss.....s....ssssss..........................s.....s....ssss......... [ 58%]
2025-01-27T13:15:31.5428987Z ...................s.....s....ssss.......                                [ 60%]
2025-01-27T13:15:31.6603786Z tardis/plasma/tests/test_hdf_plasma.py ................................. [ 62%]
2025-01-27T13:15:31.6720445Z ......                                                                   [ 62%]
2025-01-27T13:15:31.8098039Z tardis/plasma/tests/test_nlte_excitation.py ...                          [ 62%]
2025-01-27T13:17:51.8976739Z tardis/plasma/tests/test_nlte_solver.py .....X                           [ 63%]
2025-01-27T13:17:51.9006189Z tardis/plasma/tests/test_plasma_continuum.py .                           [ 63%]
2025-01-27T13:18:16.7445752Z tardis/plasma/tests/test_plasma_vboundary.py .............               [ 63%]
2025-01-27T13:18:30.2582680Z tardis/plasma/tests/test_tardis_model_density_config.py ...              [ 64%]
2025-01-27T13:18:31.0265245Z tardis/simulation/tests/test_convergence.py .....                        [ 64%]
2025-01-27T13:18:39.9724523Z tardis/simulation/tests/test_simulation.py .............                 [ 65%]
2025-01-27T13:18:39.9922366Z tardis/spectrum/tests/test_cuda_formal_integral.py sssssssssssssssssssss [ 66%]
2025-01-27T13:18:40.4940701Z ssss...ssssssssssssssssssssss                                            [ 67%]
2025-01-27T13:18:40.5016471Z tardis/spectrum/tests/test_luminosity.py ....                            [ 68%]
2025-01-27T13:18:42.1819143Z tardis/spectrum/tests/test_numba_formal_integral.py .................... [ 69%]
2025-01-27T13:18:42.2017475Z ..........                                                               [ 69%]
2025-01-27T13:18:42.3852030Z tardis/spectrum/tests/test_spectrum.py ................................. [ 71%]
2025-01-27T13:18:42.4197439Z .........                                                                [ 72%]
2025-01-27T13:19:02.1863340Z tardis/spectrum/tests/test_spectrum_solver.py ....                       [ 72%]
2025-01-27T13:20:05.3408252Z tardis/tests/test_tardis_full.py ....                                    [ 72%]
2025-01-27T13:21:30.8989029Z tardis/tests/test_tardis_full_formal_integral.py ................        [ 73%]
2025-01-27T13:21:30.9770739Z tardis/tests/test_util.py .............................................  [ 75%]
2025-01-27T13:21:33.6952082Z tardis/transport/montecarlo/tests/test_base.py x.....................    [ 77%]
2025-01-27T13:21:41.8062629Z tardis/transport/montecarlo/tests/test_interaction.py .......            [ 77%]
2025-01-27T13:21:42.0386225Z tardis/transport/montecarlo/tests/test_macro_atom.py ....                [ 77%]
2025-01-27T13:21:42.0563960Z tardis/transport/montecarlo/tests/test_montecarlo.py sssssssssssssssssss [ 78%]
2025-01-27T13:21:42.1029484Z sssssssssssssssssssssssssssssssssssssssssssss                            [ 81%]
2025-01-27T13:21:51.3838989Z tardis/transport/montecarlo/tests/test_montecarlo_main_loop.py x..       [ 81%]
2025-01-27T13:21:51.3908088Z tardis/transport/montecarlo/tests/test_nonhomologous.py ...              [ 81%]
2025-01-27T13:21:57.5566265Z tardis/transport/montecarlo/tests/test_numba_interface.py .....x.        [ 82%]
2025-01-27T13:21:58.0641565Z tardis/transport/montecarlo/tests/test_opacities.py ...............      [ 82%]
2025-01-27T13:21:59.7622768Z tardis/transport/montecarlo/tests/test_packet.py .................xXXXXX [ 84%]
2025-01-27T13:21:59.9085028Z XX.........                                                              [ 84%]
2025-01-27T13:21:59.9400798Z tardis/transport/montecarlo/tests/test_packet_source.py ........         [ 85%]
2025-01-27T13:22:00.2958072Z tardis/transport/montecarlo/tests/test_rpacket_last_interaction_tracker.py . [ 85%]
2025-01-27T13:22:00.7499354Z .....                                                                    [ 85%]
2025-01-27T13:22:38.2634726Z tardis/transport/montecarlo/tests/test_rpacket_tracker.py ......         [ 85%]
2025-01-27T13:22:38.2925058Z tardis/transport/montecarlo/tests/test_single_packet_loop.py xxx         [ 86%]
2025-01-27T13:22:38.2957025Z tardis/transport/montecarlo/tests/test_tracker_utils.py ..               [ 86%]
2025-01-27T13:22:40.8334064Z tardis/transport/montecarlo/tests/test_vpacket.py ..x.                   [ 86%]
2025-01-27T13:22:40.8515090Z tardis/transport/montecarlo/tests/test_weighted_packet_source.py ....    [ 86%]
2025-01-27T13:22:44.3601956Z tardis/transport/montecarlo/tests/test_weighted_packet_source_integration.py . [ 86%]
2025-01-27T13:22:44.3604459Z                                                                          [ 86%]
2025-01-27T13:22:45.1582492Z tardis/transport/tests/test_doppler_factor.py ..................         [ 87%]
2025-01-27T13:22:46.5311186Z tardis/visualization/tools/tests/test_convergence_plot.py .............. [ 88%]
2025-01-27T13:22:48.8026958Z ......                                                                   [ 88%]
2025-01-27T13:22:53.7306138Z tardis/visualization/tools/tests/test_liv_plot.py ...................... [ 90%]
2025-01-27T13:22:57.0738859Z .............................                                            [ 91%]
2025-01-27T13:22:59.9273048Z tardis/visualization/tools/tests/test_rpacket_plot.py .................. [ 92%]
2025-01-27T13:23:06.9562600Z ....                                                                     [ 92%]
2025-01-27T13:23:13.0053027Z tardis/visualization/tools/tests/test_sdec_plot.py ..................... [ 94%]
2025-01-27T13:23:20.6189303Z ..............................                                           [ 95%]
2025-01-27T13:23:21.0714559Z tardis/visualization/widgets/tests/test_custom_abundance.py ........ss.. [ 96%]
2025-01-27T13:23:21.1490379Z ....                                                                     [ 96%]
2025-01-27T13:23:22.2603465Z tardis/visualization/widgets/tests/test_line_info.py ................... [ 97%]
2025-01-27T13:23:22.9178467Z ..................                                                       [ 98%]
2025-01-27T13:24:27.0781057Z tardis/visualization/widgets/tests/test_shell_info.py .................. [ 99%]
2025-01-27T13:24:33.8673471Z ......                                                                   [100%]
2025-01-27T13:24:33.8673884Z 
2025-01-27T13:24:33.8674076Z =============================== warnings summary ===============================
2025-01-27T13:24:33.8674578Z tardis/io/configuration/config_validator.py:6
2025-01-27T13:24:33.8675051Z tardis/io/configuration/config_validator.py:6
2025-01-27T13:24:33.8675814Z   /home/runner/work/tardis/tardis/tardis/io/configuration/config_validator.py:6: DeprecationWarning:
2025-01-27T13:24:33.8676767Z   
2025-01-27T13:24:33.8678739Z   jsonschema.RefResolver is deprecated as of v4.18.0, in favor of the https://github.com/python-jsonschema/referencing library, which provides more compliant referencing behavior as well as more flexible APIs for customization. A future release will remove RefResolver. Please file a feature request (on referencing) if you are missing an API for the kind of customization you need.
2025-01-27T13:24:33.8680663Z 
2025-01-27T13:24:33.8681441Z ../../../micromamba/envs/tardis/lib/python3.12/site-packages/jupyter_client/connect.py:22
2025-01-27T13:24:33.8682670Z   /home/runner/micromamba/envs/tardis/lib/python3.12/site-packages/jupyter_client/connect.py:22: DeprecationWarning:
2025-01-27T13:24:33.8683458Z   
2025-01-27T13:24:33.8683818Z   Jupyter is migrating its paths to use standard platformdirs
2025-01-27T13:24:33.8684324Z   given by the platformdirs library.  To remove this warning and
2025-01-27T13:24:33.8684816Z   see the appropriate new directories, set the environment variable
2025-01-27T13:24:33.8685212Z   `JUPYTER_PLATFORM_DIRS=1` and then run `jupyter --paths`.
2025-01-27T13:24:33.8685607Z   The use of platformdirs will be the default in `jupyter_core` v6
2025-01-27T13:24:33.8685848Z 
2025-01-27T13:24:33.8691940Z tardis/io/tests/test_HDFWriter.py::test_multi_index_write
2025-01-27T13:24:33.8692540Z tardis/visualization/widgets/tests/test_shell_info.py::TestHDFShellInfo::test_shells_data
2025-01-27T13:24:33.8693126Z   /home/runner/work/tardis/tardis/tardis/io/util.py:276: PerformanceWarning:
2025-01-27T13:24:33.8693512Z   
2025-01-27T13:24:33.8693664Z   
2025-01-27T13:24:33.8693959Z   your performance may suffer as PyTables will pickle object types that it cannot
2025-01-27T13:24:33.8694513Z   map directly to c-types [inferred_type->mixed,key->block0_values] [items->Index([0], dtype='int64')]
2025-01-27T13:24:33.8694862Z 
2025-01-27T13:24:33.8695062Z tardis/io/tests/test_model_reader.py::test_read_cmfgen_isotope_abundances
2025-01-27T13:24:33.8695560Z tardis/plasma/tests/test_tardis_model_density_config.py::test_electron_densities
2025-01-27T13:24:33.8696097Z tardis/plasma/tests/test_tardis_model_density_config.py::test_isotope_number_densities
2025-01-27T13:24:33.8696794Z tardis/plasma/tests/test_tardis_model_density_config.py::test_t_rad
2025-01-27T13:24:33.8697636Z   /home/runner/work/tardis/tardis/tardis/io/model/readers/cmfgen_deprecated.py:82: DeprecationWarning:
2025-01-27T13:24:33.8698312Z   
2025-01-27T13:24:33.8698534Z   The current CMFGEN model parser is deprecated
2025-01-27T13:24:33.8698741Z 
2025-01-27T13:24:33.8698850Z tardis/io/tests/test_model_reader.py: 1 warning
2025-01-27T13:24:33.8699229Z tardis/plasma/tests/test_tardis_model_density_config.py: 9 warnings
2025-01-27T13:24:33.8699806Z   /home/runner/work/tardis/tardis/tardis/io/model/readers/cmfgen_deprecated.py:40: DeprecationWarning:
2025-01-27T13:24:33.8700283Z   
2025-01-27T13:24:33.8700472Z   The current CMFGEN model parser is deprecated
2025-01-27T13:24:33.8700656Z 
2025-01-27T13:24:33.8700871Z tardis/model/tests/test_base.py::TestModelFromPaper1Config::test_abundances
2025-01-27T13:24:33.8701536Z   /home/runner/work/tardis/tardis/tardis/transport/montecarlo/montecarlo_main_loop.py:123: NumbaTypeSafetyWarning:
2025-01-27T13:24:33.8702059Z   
2025-01-27T13:24:33.8702804Z   [1m[1m[1munsafe cast from uint64 to int64. Precision may be lost.[0m[0m[0m
2025-01-27T13:24:33.8703084Z 
2025-01-27T13:24:33.8703190Z tardis/model/tests/test_base.py: 6 warnings
2025-01-27T13:24:33.8703486Z tardis/model/tests/test_csvy_model.py: 2 warnings
2025-01-27T13:24:33.8703862Z tardis/plasma/tests/test_tardis_model_density_config.py: 3 warnings
2025-01-27T13:24:33.8704410Z   /home/runner/work/tardis/tardis/tardis/model/geometry/radial1d.py:50: DeprecationWarning:
2025-01-27T13:24:33.8704840Z   
2025-01-27T13:24:33.8705029Z   v_inner_boundary < 0, assuming default value
2025-01-27T13:24:33.8705221Z 
2025-01-27T13:24:33.8705316Z tardis/model/tests/test_base.py: 6 warnings
2025-01-27T13:24:33.8705613Z tardis/model/tests/test_csvy_model.py: 2 warnings
2025-01-27T13:24:33.8705990Z tardis/plasma/tests/test_tardis_model_density_config.py: 3 warnings
2025-01-27T13:24:33.8706724Z   /home/runner/work/tardis/tardis/tardis/model/geometry/radial1d.py:61: DeprecationWarning:
2025-01-27T13:24:33.8707152Z   
2025-01-27T13:24:33.8707343Z   v_outer_boundary < 0, assuming default value
2025-01-27T13:24:33.8707530Z 
2025-01-27T13:24:33.8708007Z tardis/plasma/equilibrium/tests/test_level_populations.py::TestLevelPopulationSolver::test_solve[collisional_rate_solver0-radiative_transitions0]
2025-01-27T13:24:33.8708988Z   /home/runner/work/tardis/tardis/tardis/plasma/equilibrium/level_populations.py:65: FutureWarning:
2025-01-27T13:24:33.8709450Z   
2025-01-27T13:24:33.8709806Z   A value is trying to be set on a copy of a DataFrame or Series through chained assignment using an inplace method.
2025-01-27T13:24:33.8710616Z   The behavior will change in pandas 3.0. This inplace method will never work because the intermediate object on which we are setting values always behaves as a copy.
2025-01-27T13:24:33.8711214Z   
2025-01-27T13:24:33.8711833Z   For example, when doing 'df[col].method(value, inplace=True)', try using 'df.method({col: value}, inplace=True)' or df[col] = df[col].method(value) instead, to perform the operation inplace on the original object.
2025-01-27T13:24:33.8712457Z 
2025-01-27T13:24:33.8712601Z tardis/plasma/tests/test_complete_plasmas.py: 20 warnings
2025-01-27T13:24:33.8713114Z   /home/runner/work/tardis/tardis/tardis/plasma/tests/test_complete_plasmas.py:197: UserWarning:
2025-01-27T13:24:33.8713562Z   
2025-01-27T13:24:33.8713730Z   Property "atomic_mass" not found
2025-01-27T13:24:33.8713896Z 
2025-01-27T13:24:33.8714340Z tardis/plasma/tests/test_complete_plasmas.py::TestPlasma::test_plasma_properties[radiative_rates_type:detailed-w_epsilon:1e-10-j_blues_norm_factor]
2025-01-27T13:24:33.8715254Z tardis/plasma/tests/test_complete_plasmas.py::TestPlasma::test_plasma_properties[radiative_rates_type:detailed-j_blues_norm_factor]
2025-01-27T13:24:33.8716013Z   /home/runner/work/tardis/tardis/tardis/plasma/tests/test_complete_plasmas.py:197: UserWarning:
2025-01-27T13:24:33.8716658Z   
2025-01-27T13:24:33.8716845Z   Property "j_blues_norm_factor" not found
2025-01-27T13:24:33.8717024Z 
2025-01-27T13:24:33.8717463Z tardis/plasma/tests/test_complete_plasmas.py::TestPlasma::test_plasma_properties[radiative_rates_type:detailed-w_epsilon:1e-10-j_blue_estimator]
2025-01-27T13:24:33.8718354Z tardis/plasma/tests/test_complete_plasmas.py::TestPlasma::test_plasma_properties[radiative_rates_type:detailed-j_blue_estimator]
2025-01-27T13:24:33.8719104Z   /home/runner/work/tardis/tardis/tardis/plasma/tests/test_complete_plasmas.py:197: UserWarning:
2025-01-27T13:24:33.8719541Z   
2025-01-27T13:24:33.8719719Z   Property "j_blue_estimator" not found
2025-01-27T13:24:33.8719900Z 
2025-01-27T13:24:33.8720300Z tardis/plasma/tests/test_complete_plasmas.py::TestPlasma::test_plasma_properties[radiative_rates_type:detailed-w_epsilon:1e-10-volume]
2025-01-27T13:24:33.8721135Z tardis/plasma/tests/test_complete_plasmas.py::TestPlasma::test_plasma_properties[radiative_rates_type:detailed-volume]
2025-01-27T13:24:33.8721855Z   /home/runner/work/tardis/tardis/tardis/plasma/tests/test_complete_plasmas.py:197: UserWarning:
2025-01-27T13:24:33.8722299Z   
2025-01-27T13:24:33.8722597Z   Property "volume" not found
2025-01-27T13:24:33.8722760Z 
2025-01-27T13:24:33.8723166Z tardis/plasma/tests/test_complete_plasmas.py::TestPlasma::test_plasma_properties[radiative_rates_type:detailed-w_epsilon:1e-10-r_inner]
2025-01-27T13:24:33.8724011Z tardis/plasma/tests/test_complete_plasmas.py::TestPlasma::test_plasma_properties[radiative_rates_type:detailed-r_inner]
2025-01-27T13:24:33.8724730Z   /home/runner/work/tardis/tardis/tardis/plasma/tests/test_complete_plasmas.py:197: UserWarning:
2025-01-27T13:24:33.8725173Z   
2025-01-27T13:24:33.8725341Z   Property "r_inner" not found
2025-01-27T13:24:33.8725492Z 
2025-01-27T13:24:33.8725712Z tardis/plasma/tests/test_plasma_vboundary.py::test_plasma_vboundary[2900-3750]
2025-01-27T13:24:33.8726232Z tardis/plasma/tests/test_plasma_vboundary.py::test_plasma_vboundary[2900-3850]
2025-01-27T13:24:33.8726913Z tardis/plasma/tests/test_plasma_vboundary.py::test_plasma_vboundary[2900-3900]
2025-01-27T13:24:33.8727452Z   /home/runner/work/tardis/tardis/tardis/model/geometry/radial1d.py:71: UserWarning:
2025-01-27T13:24:33.8727847Z   
2025-01-27T13:24:33.8728126Z   Requesting inner boundary below inner shell. Extrapolating the inner cell
2025-01-27T13:24:33.8728537Z 
2025-01-27T13:24:33.8728752Z tardis/spectrum/tests/test_spectrum_solver.py::TestSpectrumSolver::test_solve
2025-01-27T13:24:33.8729251Z   /home/runner/work/tardis/tardis/tardis/spectrum/base.py:70: UserWarning:
2025-01-27T13:24:33.8729602Z   
2025-01-27T13:24:33.8730016Z   SpectrumSolver.spectrum_virtual_packets is zero. Please run the montecarlo simulation with no_of_virtual_packets > 0
2025-01-27T13:24:33.8730439Z 
2025-01-27T13:24:33.8730647Z tardis/spectrum/tests/test_spectrum_solver.py::TestSpectrumSolver::test_solve
2025-01-27T13:24:33.8731148Z   /home/runner/work/tardis/tardis/tardis/spectrum/base.py:111: UserWarning:
2025-01-27T13:24:33.8731499Z   
2025-01-27T13:24:33.8731937Z   SpectrumSolver.integrator: The FormalIntegrator is not yet available.Please run the montecarlo simulation at least once.
2025-01-27T13:24:33.8732381Z 
2025-01-27T13:24:33.8732597Z tardis/transport/montecarlo/tests/test_vpacket.py::test_trace_vpacket_volley
2025-01-27T13:24:33.8733009Z   <string>:3: NumbaPendingDeprecationWarning:
2025-01-27T13:24:33.8733268Z   
2025-01-27T13:24:33.8734450Z   [1m[1mCode using Numba extension API maybe depending on 'old_style' error-capturing, which is deprecated and will be replaced by 'new_style' in a future release. See details at https://numba.readthedocs.io/en/latest/reference/deprecation.html#deprecation-of-old-style-numba-captured-errors
2025-01-27T13:24:33.8735505Z   Exception origin:
2025-01-27T13:24:33.8735880Z     File "/home/runner/micromamba/envs/tardis/lib/python3.12/inspect.py", line 3180, in _bind
2025-01-27T13:24:33.8736466Z       raise TypeError(msg) from None
2025-01-27T13:24:33.8736740Z   [0m[0m
2025-01-27T13:24:33.8736844Z 
2025-01-27T13:24:33.8737190Z tardis/visualization/tools/tests/test_sdec_plot.py::TestSDECPlotter::test_mpl_image[plotter_generate_plot_mpl4]
2025-01-27T13:24:33.8737907Z   /home/runner/work/tardis/tardis/tardis/visualization/tools/sdec_plot.py:1225: RuntimeWarning:
2025-01-27T13:24:33.8738353Z   
2025-01-27T13:24:33.8739326Z   More than 20 figures have been opened. Figures created through the pyplot interface (`matplotlib.pyplot.figure`) are retained until explicitly closed and may consume too much memory. (To control this warning, see the rcParam `figure.max_open_warning`). Consider using `matplotlib.pyplot.close()`.
2025-01-27T13:24:33.8740284Z 
2025-01-27T13:24:33.8740650Z tardis/visualization/widgets/tests/test_custom_abundance.py::TestCustomAbundanceWidget::test_update_input_item_value
2025-01-27T13:24:33.8741446Z tardis/visualization/widgets/tests/test_custom_abundance.py::TestCustomAbundanceWidget::test_update_input_item_value
2025-01-27T13:24:33.8742242Z tardis/visualization/widgets/tests/test_custom_abundance.py::TestCustomAbundanceWidget::test_update_input_item_value
2025-01-27T13:24:33.8743155Z tardis/visualization/widgets/tests/test_custom_abundance.py::TestCustomAbundanceWidget::test_update_input_item_value
2025-01-27T13:24:33.8743949Z tardis/visualization/widgets/tests/test_custom_abundance.py::TestCustomAbundanceWidget::test_update_input_item_value
2025-01-27T13:24:33.8744750Z tardis/visualization/widgets/tests/test_custom_abundance.py::TestCustomAbundanceWidget::test_update_input_item_value
2025-01-27T13:24:33.8745556Z   /home/runner/micromamba/envs/tardis/lib/python3.12/site-packages/traitlets/traitlets.py:1385: DeprecationWarning:
2025-01-27T13:24:33.8746070Z   
2025-01-27T13:24:33.8746518Z   Passing unrecognized arguments to super(Checkbox).__init__(icon='lock').
2025-01-27T13:24:33.8746981Z   object.__init__() takes exactly one argument (the instance to initialize)
2025-01-27T13:24:33.8747514Z   This is deprecated in traitlets 4.2.This error will be raised in a future release of traitlets.
2025-01-27T13:24:33.8747845Z 
2025-01-27T13:24:33.8748213Z tardis/visualization/widgets/tests/test_custom_abundance.py::TestCustomAbundanceWidget::test_update_input_item_value
2025-01-27T13:24:33.8749009Z tardis/visualization/widgets/tests/test_custom_abundance.py::TestCustomAbundanceWidget::test_update_input_item_value
2025-01-27T13:24:33.8749934Z   /home/runner/micromamba/envs/tardis/lib/python3.12/site-packages/traitlets/traitlets.py:1385: DeprecationWarning:
2025-01-27T13:24:33.8750443Z   
2025-01-27T13:24:33.8750703Z   Passing unrecognized arguments to super(FloatText).__init__(min=0).
2025-01-27T13:24:33.8751139Z   object.__init__() takes exactly one argument (the instance to initialize)
2025-01-27T13:24:33.8751636Z   This is deprecated in traitlets 4.2.This error will be raised in a future release of traitlets.
2025-01-27T13:24:33.8751958Z 
2025-01-27T13:24:33.8752313Z tardis/visualization/widgets/tests/test_custom_abundance.py::TestCustomAbundanceWidget::test_update_input_item_value
2025-01-27T13:24:33.8753107Z   /home/runner/micromamba/envs/tardis/lib/python3.12/site-packages/traitlets/traitlets.py:1385: DeprecationWarning:
2025-01-27T13:24:33.8753613Z   
2025-01-27T13:24:33.8753881Z   Passing unrecognized arguments to super(HTML).__init__(indent=True).
2025-01-27T13:24:33.8754318Z   object.__init__() takes exactly one argument (the instance to initialize)
2025-01-27T13:24:33.8754813Z   This is deprecated in traitlets 4.2.This error will be raised in a future release of traitlets.
2025-01-27T13:24:33.8755137Z 
2025-01-27T13:24:33.8755578Z tardis/visualization/widgets/tests/test_line_info.py::TestLineInfoWidgetData::test_get_species_interactions[wavelength_range0-packet_out_nu]
2025-01-27T13:24:33.8756604Z   /home/runner/micromamba/envs/tardis/lib/python3.12/site-packages/qgridnext/grid.py:825: DeprecationWarning:
2025-01-27T13:24:33.8757094Z   
2025-01-27T13:24:33.8757455Z   QgridWidget._grid_options_changed is deprecated in traitlets 4.1: use @observe and @unobserve instead.
2025-01-27T13:24:33.8757819Z 
2025-01-27T13:24:33.8758083Z tardis/visualization/widgets/tests/test_shell_info.py::TestHDFShellInfo::test_shells_data
2025-01-27T13:24:33.8758637Z   /home/runner/work/tardis/tardis/tardis/io/util.py:289: PerformanceWarning:
2025-01-27T13:24:33.8758999Z   
2025-01-27T13:24:33.8759169Z   
2025-01-27T13:24:33.8759463Z   your performance may suffer as PyTables will pickle object types that it cannot
2025-01-27T13:24:33.8760017Z   map directly to c-types [inferred_type->mixed,key->block0_values] [items->Index([0], dtype='int64')]
2025-01-27T13:24:33.8760367Z 
2025-01-27T13:24:33.8760628Z tardis/visualization/widgets/tests/test_shell_info.py::TestHDFShellInfo::test_shells_data
2025-01-27T13:24:33.8761181Z   /home/runner/work/tardis/tardis/tardis/io/util.py:292: PerformanceWarning:
2025-01-27T13:24:33.8761542Z   
2025-01-27T13:24:33.8761692Z   
2025-01-27T13:24:33.8761978Z   your performance may suffer as PyTables will pickle object types that it cannot
2025-01-27T13:24:33.8762443Z   map directly to c-types [inferred_type->mixed,key->values] [items->None]
2025-01-27T13:24:33.8762715Z 
2025-01-27T13:24:33.8763121Z tardis/visualization/widgets/tests/test_shell_info.py::TestHDFShellInfo::test_shells_data
2025-01-27T13:24:33.8763718Z   /home/runner/work/tardis/tardis/tardis/spectrum/formal_integral.py:398: UserWarning:
2025-01-27T13:24:33.8764127Z   
2025-01-27T13:24:33.8764401Z   The number of interpolate_shells was not specified. The value was set to 80.
2025-01-27T13:24:33.8764676Z 
2025-01-27T13:24:33.8764868Z -- Docs: https://docs.pytest.org/en/stable/how-to/capture-warnings.html
2025-01-27T13:24:33.8765142Z 
2025-01-27T13:24:33.8765312Z ---------- coverage: platform linux, python 3.12.4-final-0 -----------
2025-01-27T13:24:33.8765677Z Coverage HTML written to dir coverage_html_report
2025-01-27T13:24:33.8765972Z Coverage XML written to file coverage.xml
2025-01-27T13:24:33.8766154Z 
2025-01-27T13:24:33.8766547Z = 1438 passed, 329 skipped, 2 deselected, 19 xfailed, 8 xpassed, 91 warnings in 764.49s (0:12:44) =
2025-01-27T13:24:36.0584939Z ##[group]Run mv .coverage .coverage.2
2025-01-27T13:24:36.0585263Z [36;1mmv .coverage .coverage.2[0m
2025-01-27T13:24:36.0612810Z shell: /usr/bin/bash -l {0}
2025-01-27T13:24:36.0613040Z env:
2025-01-27T13:24:36.0613212Z   CACHE_NUMBER: 0
2025-01-27T13:24:36.0613847Z   PYTEST_FLAGS: --tardis-regression-data=/home/runner/work/tardis/tardis/tardis-regression-data --cov=tardis --cov-report=xml --cov-report=html --cov-append
2025-01-27T13:24:36.0614760Z   CODECOV_TOKEN: 
2025-01-27T13:24:36.0614978Z   MAMBA_ROOT_PREFIX: /home/runner/micromamba
2025-01-27T13:24:36.0615277Z   MAMBA_EXE: /home/runner/micromamba-bin/micromamba
2025-01-27T13:24:36.0615623Z   CONDARC: /home/runner/work/_temp/setup-micromamba/.condarc
2025-01-27T13:24:36.0615928Z ##[endgroup]
2025-01-27T13:24:36.1778876Z ##[group]Run actions/upload-artifact@v4
2025-01-27T13:24:36.1779179Z with:
2025-01-27T13:24:36.1779398Z   name: coverage-not-continuum-ubuntu-latest
2025-01-27T13:24:36.1779682Z   include-hidden-files: true
2025-01-27T13:24:36.1779921Z   path: .coverage*
!.coveragerc

2025-01-27T13:24:36.1780157Z   if-no-files-found: warn
2025-01-27T13:24:36.1780371Z   compression-level: 6
2025-01-27T13:24:36.1780572Z   overwrite: false
2025-01-27T13:24:36.1780753Z env:
2025-01-27T13:24:36.1780914Z   CACHE_NUMBER: 0
2025-01-27T13:24:36.1781549Z   PYTEST_FLAGS: --tardis-regression-data=/home/runner/work/tardis/tardis/tardis-regression-data --cov=tardis --cov-report=xml --cov-report=html --cov-append
2025-01-27T13:24:36.1782207Z   CODECOV_TOKEN: 
2025-01-27T13:24:36.1782423Z   MAMBA_ROOT_PREFIX: /home/runner/micromamba
2025-01-27T13:24:36.1782716Z   MAMBA_EXE: /home/runner/micromamba-bin/micromamba
2025-01-27T13:24:36.1783068Z   CONDARC: /home/runner/work/_temp/setup-micromamba/.condarc
2025-01-27T13:24:36.1783390Z ##[endgroup]
2025-01-27T13:24:36.4032629Z With the provided path, there will be 1 file uploaded
2025-01-27T13:24:36.4039305Z Artifact name is valid!
2025-01-27T13:24:36.4040549Z Root directory input is valid!
2025-01-27T13:24:36.7308118Z Beginning upload of artifact content to blob storage
2025-01-27T13:24:37.1399142Z Uploaded bytes 19961
2025-01-27T13:24:37.2278851Z Finished uploading artifact content to blob storage!
2025-01-27T13:24:37.2281740Z SHA256 hash of uploaded artifact zip is d89a0c977660f8eff90c3371741eb0efea9daff348a7edd264a04e7a868babfa
2025-01-27T13:24:37.2283538Z Finalizing artifact upload
2025-01-27T13:24:37.3655992Z Artifact coverage-not-continuum-ubuntu-latest.zip successfully finalized. Artifact ID 2490622577
2025-01-27T13:24:37.3657410Z Artifact coverage-not-continuum-ubuntu-latest has been successfully uploaded! Final size is 19961 bytes. Artifact ID is 2490622577
2025-01-27T13:24:37.3663573Z Artifact download URL: https://github.com/tardis-sn/tardis/actions/runs/12989755274/artifacts/2490622577
2025-01-27T13:24:37.3797317Z Post job cleanup.
2025-01-27T13:24:37.3840931Z Post job cleanup.
2025-01-27T13:24:37.5164000Z Will use pre-installed micromamba at /home/runner/micromamba-bin/micromamba
2025-01-27T13:24:37.5170805Z Removing micromamba run shell ...
2025-01-27T13:24:37.5174285Z ##[group]Deinitialize micromamba for bash
2025-01-27T13:24:37.5192594Z [command]/home/runner/micromamba-bin/micromamba shell deinit -s bash -r /home/runner/micromamba --log-level warning --rc-file /home/runner/work/_temp/setup-micromamba/.condarc
2025-01-27T13:24:37.5292681Z Resetting RC file "/home/runner/.bashrc"
2025-01-27T13:24:37.5293250Z Deleting config for root prefix 
2025-01-27T13:24:37.5293757Z Clearing mamba executable environment variable
2025-01-27T13:24:37.5295685Z Removing the following in your "/home/runner/.bashrc" file
2025-01-27T13:24:37.5296064Z # >>> mamba initialize >>>
2025-01-27T13:24:37.5296455Z ...
2025-01-27T13:24:37.5296672Z # <<< mamba initialize <<<
2025-01-27T13:24:37.5326696Z Removing mamba initialize block from .bash_profile
2025-01-27T13:24:37.5342336Z ##[endgroup]
2025-01-27T13:24:37.5346900Z Removing environment tardis from auto-activate bash ...
2025-01-27T13:24:37.5472007Z Post job cleanup.
2025-01-27T13:24:37.5508809Z Post job cleanup.
2025-01-27T13:24:37.6494266Z [command]/usr/bin/git version
2025-01-27T13:24:37.6530310Z git version 2.48.1
2025-01-27T13:24:37.6579602Z Temporarily overriding HOME='/home/runner/work/_temp/c1fd3eb6-e9c0-475b-80f3-cc71c6ece573' before making global git config changes
2025-01-27T13:24:37.6580863Z Adding repository directory to the temporary git global config as a safe directory
2025-01-27T13:24:37.6584823Z [command]/usr/bin/git config --global --add safe.directory /home/runner/work/tardis/tardis/tardis-regression-data
2025-01-27T13:24:37.6619771Z [command]/usr/bin/git config --local --name-only --get-regexp core\.sshCommand
2025-01-27T13:24:37.6651658Z [command]/usr/bin/git submodule foreach --recursive sh -c "git config --local --name-only --get-regexp 'core\.sshCommand' && git config --local --unset-all 'core.sshCommand' || :"
2025-01-27T13:24:37.6882322Z [command]/usr/bin/git config --local --name-only --get-regexp http\.https\:\/\/github\.com\/\.extraheader
2025-01-27T13:24:37.6902602Z http.https://github.com/.extraheader
2025-01-27T13:24:37.6914789Z [command]/usr/bin/git config --local --unset-all http.https://github.com/.extraheader
2025-01-27T13:24:37.6944492Z [command]/usr/bin/git submodule foreach --recursive sh -c "git config --local --name-only --get-regexp 'http\.https\:\/\/github\.com\/\.extraheader' && git config --local --unset-all 'http.https://github.com/.extraheader' || :"
2025-01-27T13:24:37.7296919Z Post job cleanup.
2025-01-27T13:24:37.8235713Z [command]/usr/bin/git version
2025-01-27T13:24:37.8272005Z git version 2.48.1
2025-01-27T13:24:37.8322614Z Temporarily overriding HOME='/home/runner/work/_temp/26dfd5e3-84b4-46ce-8260-a031ccef2fd7' before making global git config changes
2025-01-27T13:24:37.8323714Z Adding repository directory to the temporary git global config as a safe directory
2025-01-27T13:24:37.8327921Z [command]/usr/bin/git config --global --add safe.directory /home/runner/work/tardis/tardis
2025-01-27T13:24:37.8362635Z [command]/usr/bin/git config --local --name-only --get-regexp core\.sshCommand
2025-01-27T13:24:37.8394513Z [command]/usr/bin/git submodule foreach --recursive sh -c "git config --local --name-only --get-regexp 'core\.sshCommand' && git config --local --unset-all 'core.sshCommand' || :"
2025-01-27T13:24:37.8623268Z [command]/usr/bin/git config --local --name-only --get-regexp http\.https\:\/\/github\.com\/\.extraheader
2025-01-27T13:24:37.8643626Z http.https://github.com/.extraheader
2025-01-27T13:24:37.8655493Z [command]/usr/bin/git config --local --unset-all http.https://github.com/.extraheader
2025-01-27T13:24:37.8685613Z [command]/usr/bin/git submodule foreach --recursive sh -c "git config --local --name-only --get-regexp 'http\.https\:\/\/github\.com\/\.extraheader' && git config --local --unset-all 'http.https://github.com/.extraheader' || :"
2025-01-27T13:24:37.9012288Z Cleaning up orphan processes
