2025-02-20T21:33:20.9855094Z Requested labels: ubuntu-latest
2025-02-20T21:33:20.9855497Z Job defined at: tardis-sn/tardis/.github/workflows/tests.yml@refs/pull/2984/merge
2025-02-20T21:33:20.9855642Z Waiting for a runner to pick up this job...
2025-02-20T21:33:21.2215539Z Job is waiting for a hosted runner to come online.
2025-02-20T21:33:24.3048997Z Job is about to start running on the hosted runner: GitHub Actions 9 (hosted)
2025-02-20T21:33:25.9006371Z Current runner version: '2.322.0'
2025-02-20T21:33:25.9037333Z ##[group]Operating System
2025-02-20T21:33:25.9038456Z Ubuntu
2025-02-20T21:33:25.9039179Z 24.04.1
2025-02-20T21:33:25.9040227Z LTS
2025-02-20T21:33:25.9041001Z ##[endgroup]
2025-02-20T21:33:25.9041874Z ##[group]Runner Image
2025-02-20T21:33:25.9042872Z Image: ubuntu-24.04
2025-02-20T21:33:25.9043671Z Version: 20250209.1.0
2025-02-20T21:33:25.9045372Z Included Software: https://github.com/actions/runner-images/blob/ubuntu24/20250209.1/images/ubuntu/Ubuntu2404-Readme.md
2025-02-20T21:33:25.9047786Z Image Release: https://github.com/actions/runner-images/releases/tag/ubuntu24%2F20250209.1
2025-02-20T21:33:25.9049478Z ##[endgroup]
2025-02-20T21:33:25.9050500Z ##[group]Runner Image Provisioner
2025-02-20T21:33:25.9051450Z 2.0.422.1
2025-02-20T21:33:25.9051999Z ##[endgroup]
2025-02-20T21:33:25.9054192Z ##[group]GITHUB_TOKEN Permissions
2025-02-20T21:33:25.9056361Z Actions: read
2025-02-20T21:33:25.9057159Z Attestations: read
2025-02-20T21:33:25.9057782Z Checks: read
2025-02-20T21:33:25.9058354Z Contents: read
2025-02-20T21:33:25.9058876Z Deployments: read
2025-02-20T21:33:25.9059581Z Discussions: read
2025-02-20T21:33:25.9060229Z Issues: read
2025-02-20T21:33:25.9060735Z Metadata: read
2025-02-20T21:33:25.9061271Z Packages: read
2025-02-20T21:33:25.9061806Z Pages: read
2025-02-20T21:33:25.9062262Z PullRequests: read
2025-02-20T21:33:25.9062833Z RepositoryProjects: read
2025-02-20T21:33:25.9063428Z SecurityEvents: read
2025-02-20T21:33:25.9063952Z Statuses: read
2025-02-20T21:33:25.9064503Z ##[endgroup]
2025-02-20T21:33:25.9067654Z Secret source: None
2025-02-20T21:33:25.9068538Z Prepare workflow directory
2025-02-20T21:33:25.9693995Z Prepare all required actions
2025-02-20T21:33:25.9729758Z Getting action download info
2025-02-20T21:33:26.1518715Z ##[group]Download immutable action package 'actions/checkout@v4'
2025-02-20T21:33:26.1520141Z Version: 4.2.2
2025-02-20T21:33:26.1521094Z Digest: sha256:ccb2698953eaebd21c7bf6268a94f9c26518a7e38e27e0b83c1fe1ad049819b1
2025-02-20T21:33:26.1522139Z Source commit SHA: 11bd71901bbe5b1630ceea73d27597364c9af683
2025-02-20T21:33:26.1522738Z ##[endgroup]
2025-02-20T21:33:26.2316381Z ##[group]Download immutable action package 'actions/upload-artifact@v4'
2025-02-20T21:33:26.2317114Z Version: 4.6.0
2025-02-20T21:33:26.2317748Z Digest: sha256:bf85474c8423f9cd48bd2caf3ce5adb1711e2dfdb055b040bd36b044e4290329
2025-02-20T21:33:26.2318605Z Source commit SHA: 65c4c4a1ddee5b72f698fdd19549f0f0fb45cf08
2025-02-20T21:33:26.2319198Z ##[endgroup]
2025-02-20T21:33:26.4040371Z Complete job name:  continuum ubuntu-latest 
2025-02-20T21:33:26.4701704Z ##[group]Run actions/checkout@v4
2025-02-20T21:33:26.4702556Z with:
2025-02-20T21:33:26.4702948Z   repository: tardis-sn/tardis
2025-02-20T21:33:26.4703630Z   token: ***
2025-02-20T21:33:26.4704011Z   ssh-strict: true
2025-02-20T21:33:26.4704408Z   ssh-user: git
2025-02-20T21:33:26.4704805Z   persist-credentials: true
2025-02-20T21:33:26.4705247Z   clean: true
2025-02-20T21:33:26.4705645Z   sparse-checkout-cone-mode: true
2025-02-20T21:33:26.4706148Z   fetch-depth: 1
2025-02-20T21:33:26.4706554Z   fetch-tags: false
2025-02-20T21:33:26.4706953Z   show-progress: true
2025-02-20T21:33:26.4707360Z   lfs: false
2025-02-20T21:33:26.4707732Z   submodules: false
2025-02-20T21:33:26.4708135Z   set-safe-directory: true
2025-02-20T21:33:26.4708869Z env:
2025-02-20T21:33:26.4709239Z   CACHE_NUMBER: 0
2025-02-20T21:33:26.4710633Z   PYTEST_FLAGS: --tardis-regression-data=/home/runner/work/tardis/tardis/tardis-regression-data --cov=tardis --cov-report=xml --cov-report=html --cov-append
2025-02-20T21:33:26.4711869Z   CODECOV_TOKEN: 
2025-02-20T21:33:26.4712250Z ##[endgroup]
2025-02-20T21:33:26.6549222Z Syncing repository: tardis-sn/tardis
2025-02-20T21:33:26.6551159Z ##[group]Getting Git version info
2025-02-20T21:33:26.6551805Z Working directory is '/home/runner/work/tardis/tardis'
2025-02-20T21:33:26.6552699Z [command]/usr/bin/git version
2025-02-20T21:33:26.6617112Z git version 2.48.1
2025-02-20T21:33:26.6643748Z ##[endgroup]
2025-02-20T21:33:26.6657527Z Temporarily overriding HOME='/home/runner/work/_temp/805bb822-031c-4227-901a-1a9df2f4d048' before making global git config changes
2025-02-20T21:33:26.6658842Z Adding repository directory to the temporary git global config as a safe directory
2025-02-20T21:33:26.6663158Z [command]/usr/bin/git config --global --add safe.directory /home/runner/work/tardis/tardis
2025-02-20T21:33:26.6695801Z Deleting the contents of '/home/runner/work/tardis/tardis'
2025-02-20T21:33:26.6699739Z ##[group]Initializing the repository
2025-02-20T21:33:26.6703735Z [command]/usr/bin/git init /home/runner/work/tardis/tardis
2025-02-20T21:33:26.6773296Z hint: Using 'master' as the name for the initial branch. This default branch name
2025-02-20T21:33:26.6774396Z hint: is subject to change. To configure the initial branch name to use in all
2025-02-20T21:33:26.6775304Z hint: of your new repositories, which will suppress this warning, call:
2025-02-20T21:33:26.6775965Z hint:
2025-02-20T21:33:26.6776454Z hint: 	git config --global init.defaultBranch <name>
2025-02-20T21:33:26.6777024Z hint:
2025-02-20T21:33:26.6777563Z hint: Names commonly chosen instead of 'master' are 'main', 'trunk' and
2025-02-20T21:33:26.6778445Z hint: 'development'. The just-created branch can be renamed via this command:
2025-02-20T21:33:26.6779150Z hint:
2025-02-20T21:33:26.6779908Z hint: 	git branch -m <name>
2025-02-20T21:33:26.6780879Z Initialized empty Git repository in /home/runner/work/tardis/tardis/.git/
2025-02-20T21:33:26.6791073Z [command]/usr/bin/git remote add origin https://github.com/tardis-sn/tardis
2025-02-20T21:33:26.6824970Z ##[endgroup]
2025-02-20T21:33:26.6826194Z ##[group]Disabling automatic garbage collection
2025-02-20T21:33:26.6830002Z [command]/usr/bin/git config --local gc.auto 0
2025-02-20T21:33:26.6858809Z ##[endgroup]
2025-02-20T21:33:26.6860392Z ##[group]Setting up auth
2025-02-20T21:33:26.6866521Z [command]/usr/bin/git config --local --name-only --get-regexp core\.sshCommand
2025-02-20T21:33:26.6897613Z [command]/usr/bin/git submodule foreach --recursive sh -c "git config --local --name-only --get-regexp 'core\.sshCommand' && git config --local --unset-all 'core.sshCommand' || :"
2025-02-20T21:33:26.7185666Z [command]/usr/bin/git config --local --name-only --get-regexp http\.https\:\/\/github\.com\/\.extraheader
2025-02-20T21:33:26.7216141Z [command]/usr/bin/git submodule foreach --recursive sh -c "git config --local --name-only --get-regexp 'http\.https\:\/\/github\.com\/\.extraheader' && git config --local --unset-all 'http.https://github.com/.extraheader' || :"
2025-02-20T21:33:26.7454729Z [command]/usr/bin/git config --local http.https://github.com/.extraheader AUTHORIZATION: basic ***
2025-02-20T21:33:26.7494702Z ##[endgroup]
2025-02-20T21:33:26.7495472Z ##[group]Fetching the repository
2025-02-20T21:33:26.7504209Z [command]/usr/bin/git -c protocol.version=2 fetch --no-tags --prune --no-recurse-submodules --depth=1 origin +3f2ea5c1883b1521ee7f6730e1002e73fb25e079:refs/remotes/pull/2984/merge
2025-02-20T21:33:27.9498720Z From https://github.com/tardis-sn/tardis
2025-02-20T21:33:27.9500883Z  * [new ref]         3f2ea5c1883b1521ee7f6730e1002e73fb25e079 -> pull/2984/merge
2025-02-20T21:33:27.9525393Z ##[endgroup]
2025-02-20T21:33:27.9526605Z ##[group]Determining the checkout info
2025-02-20T21:33:27.9528691Z ##[endgroup]
2025-02-20T21:33:27.9533678Z [command]/usr/bin/git sparse-checkout disable
2025-02-20T21:33:27.9574517Z [command]/usr/bin/git config --local --unset-all extensions.worktreeConfig
2025-02-20T21:33:27.9604004Z ##[group]Checking out the ref
2025-02-20T21:33:27.9609522Z [command]/usr/bin/git checkout --progress --force refs/remotes/pull/2984/merge
2025-02-20T21:33:28.1610541Z Note: switching to 'refs/remotes/pull/2984/merge'.
2025-02-20T21:33:28.1611361Z 
2025-02-20T21:33:28.1611916Z You are in 'detached HEAD' state. You can look around, make experimental
2025-02-20T21:33:28.1613158Z changes and commit them, and you can discard any commits you make in this
2025-02-20T21:33:28.1614418Z state without impacting any branches by switching back to a branch.
2025-02-20T21:33:28.1615524Z 
2025-02-20T21:33:28.1616050Z If you want to create a new branch to retain commits you create, you may
2025-02-20T21:33:28.1617200Z do so (now or later) by using -c with the switch command. Example:
2025-02-20T21:33:28.1617857Z 
2025-02-20T21:33:28.1618204Z   git switch -c <new-branch-name>
2025-02-20T21:33:28.1618750Z 
2025-02-20T21:33:28.1619090Z Or undo this operation with:
2025-02-20T21:33:28.1619722Z 
2025-02-20T21:33:28.1620029Z   git switch -
2025-02-20T21:33:28.1620436Z 
2025-02-20T21:33:28.1621054Z Turn off this advice by setting config variable advice.detachedHead to false
2025-02-20T21:33:28.1621900Z 
2025-02-20T21:33:28.1622851Z HEAD is now at 3f2ea5c Merge b755ac5f622ef70722c9fbd98dc8696f3926c286 into cec8b531cc56e66219fe3ca2efdbf837c008b852
2025-02-20T21:33:28.1634203Z ##[endgroup]
2025-02-20T21:33:28.1674427Z [command]/usr/bin/git log -1 --format=%H
2025-02-20T21:33:28.1697289Z 3f2ea5c1883b1521ee7f6730e1002e73fb25e079
2025-02-20T21:33:28.2045412Z Prepare all required actions
2025-02-20T21:33:28.2046857Z Getting action download info
2025-02-20T21:33:28.3622465Z ##[group]Download immutable action package 'actions/cache@v4'
2025-02-20T21:33:28.3623214Z Version: 4.2.1
2025-02-20T21:33:28.3623915Z Digest: sha256:b0404c9628d43aa6855629075b28f32cadf8efc5c26198438149f78500112940
2025-02-20T21:33:28.3624803Z Source commit SHA: 0c907a75c2c80ebcb7f088228285e798b750cf8f
2025-02-20T21:33:28.3625432Z ##[endgroup]
2025-02-20T21:33:28.6298574Z ##[group]Run ./.github/actions/setup_lfs
2025-02-20T21:33:28.6299144Z with:
2025-02-20T21:33:28.6299851Z   regression-data-repo: tardis-sn/tardis-regression-data
2025-02-20T21:33:28.6300489Z   atom-data-sparse: false
2025-02-20T21:33:28.6300960Z env:
2025-02-20T21:33:28.6301360Z   CACHE_NUMBER: 0
2025-02-20T21:33:28.6302374Z   PYTEST_FLAGS: --tardis-regression-data=/home/runner/work/tardis/tardis/tardis-regression-data --cov=tardis --cov-report=xml --cov-report=html --cov-append
2025-02-20T21:33:28.6303441Z   CODECOV_TOKEN: 
2025-02-20T21:33:28.6303872Z ##[endgroup]
2025-02-20T21:33:28.6460965Z ##[group]Run actions/checkout@v4
2025-02-20T21:33:28.6461504Z with:
2025-02-20T21:33:28.6462001Z   repository: tardis-sn/tardis-regression-data
2025-02-20T21:33:28.6462592Z   path: tardis-regression-data
2025-02-20T21:33:28.6463084Z   lfs: false
2025-02-20T21:33:28.6463678Z   token: ***
2025-02-20T21:33:28.6464110Z   ssh-strict: true
2025-02-20T21:33:28.6464558Z   ssh-user: git
2025-02-20T21:33:28.6465018Z   persist-credentials: true
2025-02-20T21:33:28.6465494Z   clean: true
2025-02-20T21:33:28.6465945Z   sparse-checkout-cone-mode: true
2025-02-20T21:33:28.6466450Z   fetch-depth: 1
2025-02-20T21:33:28.6466883Z   fetch-tags: false
2025-02-20T21:33:28.6467323Z   show-progress: true
2025-02-20T21:33:28.6467770Z   submodules: false
2025-02-20T21:33:28.6468223Z   set-safe-directory: true
2025-02-20T21:33:28.6468688Z env:
2025-02-20T21:33:28.6469089Z   CACHE_NUMBER: 0
2025-02-20T21:33:28.6470252Z   PYTEST_FLAGS: --tardis-regression-data=/home/runner/work/tardis/tardis/tardis-regression-data --cov=tardis --cov-report=xml --cov-report=html --cov-append
2025-02-20T21:33:28.6471274Z   CODECOV_TOKEN: 
2025-02-20T21:33:28.6471709Z ##[endgroup]
2025-02-20T21:33:28.7405903Z Syncing repository: tardis-sn/tardis-regression-data
2025-02-20T21:33:28.7412498Z ##[group]Getting Git version info
2025-02-20T21:33:28.7413528Z Working directory is '/home/runner/work/tardis/tardis/tardis-regression-data'
2025-02-20T21:33:28.7460817Z [command]/usr/bin/git version
2025-02-20T21:33:28.7496297Z git version 2.48.1
2025-02-20T21:33:28.7521858Z ##[endgroup]
2025-02-20T21:33:28.7534146Z Temporarily overriding HOME='/home/runner/work/_temp/28daa7f8-0927-4a96-a112-18d8a9106f2c' before making global git config changes
2025-02-20T21:33:28.7535339Z Adding repository directory to the temporary git global config as a safe directory
2025-02-20T21:33:28.7539535Z [command]/usr/bin/git config --global --add safe.directory /home/runner/work/tardis/tardis/tardis-regression-data
2025-02-20T21:33:28.7570238Z ##[group]Initializing the repository
2025-02-20T21:33:28.7575059Z [command]/usr/bin/git init /home/runner/work/tardis/tardis/tardis-regression-data
2025-02-20T21:33:28.7609515Z hint: Using 'master' as the name for the initial branch. This default branch name
2025-02-20T21:33:28.7611006Z hint: is subject to change. To configure the initial branch name to use in all
2025-02-20T21:33:28.7612241Z hint: of your new repositories, which will suppress this warning, call:
2025-02-20T21:33:28.7612893Z hint:
2025-02-20T21:33:28.7613419Z hint: 	git config --global init.defaultBranch <name>
2025-02-20T21:33:28.7613989Z hint:
2025-02-20T21:33:28.7614571Z hint: Names commonly chosen instead of 'master' are 'main', 'trunk' and
2025-02-20T21:33:28.7615405Z hint: 'development'. The just-created branch can be renamed via this command:
2025-02-20T21:33:28.7616499Z hint:
2025-02-20T21:33:28.7616981Z hint: 	git branch -m <name>
2025-02-20T21:33:28.7618055Z Initialized empty Git repository in /home/runner/work/tardis/tardis/tardis-regression-data/.git/
2025-02-20T21:33:28.7620907Z [command]/usr/bin/git remote add origin https://github.com/tardis-sn/tardis-regression-data
2025-02-20T21:33:28.7650967Z ##[endgroup]
2025-02-20T21:33:28.7651790Z ##[group]Disabling automatic garbage collection
2025-02-20T21:33:28.7655138Z [command]/usr/bin/git config --local gc.auto 0
2025-02-20T21:33:28.7683252Z ##[endgroup]
2025-02-20T21:33:28.7684024Z ##[group]Setting up auth
2025-02-20T21:33:28.7688950Z [command]/usr/bin/git config --local --name-only --get-regexp core\.sshCommand
2025-02-20T21:33:28.7717899Z [command]/usr/bin/git submodule foreach --recursive sh -c "git config --local --name-only --get-regexp 'core\.sshCommand' && git config --local --unset-all 'core.sshCommand' || :"
2025-02-20T21:33:28.7943797Z [command]/usr/bin/git config --local --name-only --get-regexp http\.https\:\/\/github\.com\/\.extraheader
2025-02-20T21:33:28.7973080Z [command]/usr/bin/git submodule foreach --recursive sh -c "git config --local --name-only --get-regexp 'http\.https\:\/\/github\.com\/\.extraheader' && git config --local --unset-all 'http.https://github.com/.extraheader' || :"
2025-02-20T21:33:28.8205845Z [command]/usr/bin/git config --local http.https://github.com/.extraheader AUTHORIZATION: basic ***
2025-02-20T21:33:28.8243537Z ##[endgroup]
2025-02-20T21:33:28.8244460Z ##[group]Determining the default branch
2025-02-20T21:33:28.8246820Z Retrieving the default branch name
2025-02-20T21:33:29.1068154Z Default branch 'main'
2025-02-20T21:33:29.1069234Z ##[endgroup]
2025-02-20T21:33:29.1070054Z ##[group]Fetching the repository
2025-02-20T21:33:29.1077423Z [command]/usr/bin/git -c protocol.version=2 fetch --no-tags --prune --no-recurse-submodules --depth=1 origin +refs/heads/main:refs/remotes/origin/main
2025-02-20T21:33:29.7864652Z From https://github.com/tardis-sn/tardis-regression-data
2025-02-20T21:33:29.7866698Z  * [new branch]      main       -> origin/main
2025-02-20T21:33:29.7891967Z ##[endgroup]
2025-02-20T21:33:29.7892853Z ##[group]Determining the checkout info
2025-02-20T21:33:29.7895524Z ##[endgroup]
2025-02-20T21:33:29.7900524Z [command]/usr/bin/git sparse-checkout disable
2025-02-20T21:33:29.7939036Z [command]/usr/bin/git config --local --unset-all extensions.worktreeConfig
2025-02-20T21:33:29.7967661Z ##[group]Checking out the ref
2025-02-20T21:33:29.7973380Z [command]/usr/bin/git checkout --progress --force -B main refs/remotes/origin/main
2025-02-20T21:33:30.8203960Z Updating files:   3% (8/238)
2025-02-20T21:33:30.8207787Z Updating files:   4% (10/238)
2025-02-20T21:33:30.8287714Z Updating files:   5% (12/238)
2025-02-20T21:33:30.8292613Z Updating files:   6% (15/238)
2025-02-20T21:33:30.8298899Z Updating files:   7% (17/238)
2025-02-20T21:33:30.8306419Z Updating files:   8% (20/238)
2025-02-20T21:33:30.8313976Z Updating files:   9% (22/238)
2025-02-20T21:33:30.8321093Z Updating files:  10% (24/238)
2025-02-20T21:33:30.8325588Z Updating files:  11% (27/238)
2025-02-20T21:33:30.8330457Z Updating files:  12% (29/238)
2025-02-20T21:33:30.8337077Z Updating files:  13% (31/238)
2025-02-20T21:33:30.8341950Z Updating files:  14% (34/238)
2025-02-20T21:33:30.8353379Z Updating files:  15% (36/238)
2025-02-20T21:33:30.8357536Z Updating files:  16% (39/238)
2025-02-20T21:33:30.8361472Z Updating files:  17% (41/238)
2025-02-20T21:33:30.8366610Z Updating files:  18% (43/238)
2025-02-20T21:33:30.8369565Z Updating files:  19% (46/238)
2025-02-20T21:33:30.8373600Z Updating files:  20% (48/238)
2025-02-20T21:33:30.8378609Z Updating files:  21% (50/238)
2025-02-20T21:33:30.8382201Z Updating files:  22% (53/238)
2025-02-20T21:33:30.8388128Z Updating files:  23% (55/238)
2025-02-20T21:33:30.8392690Z Updating files:  24% (58/238)
2025-02-20T21:33:30.8398867Z Updating files:  25% (60/238)
2025-02-20T21:33:30.8404038Z Updating files:  26% (62/238)
2025-02-20T21:33:30.8408011Z Updating files:  27% (65/238)
2025-02-20T21:33:30.8413805Z Updating files:  28% (67/238)
2025-02-20T21:33:30.8417766Z Updating files:  29% (70/238)
2025-02-20T21:33:30.8422274Z Updating files:  30% (72/238)
2025-02-20T21:33:30.8427240Z Updating files:  31% (74/238)
2025-02-20T21:33:30.8431515Z Updating files:  32% (77/238)
2025-02-20T21:33:30.8434747Z Updating files:  33% (79/238)
2025-02-20T21:33:30.8443552Z Updating files:  34% (81/238)
2025-02-20T21:33:30.8448949Z Updating files:  35% (84/238)
2025-02-20T21:33:30.8454314Z Updating files:  36% (86/238)
2025-02-20T21:33:30.8458480Z Updating files:  37% (89/238)
2025-02-20T21:33:30.8463785Z Updating files:  38% (91/238)
2025-02-20T21:33:30.8469827Z Updating files:  39% (93/238)
2025-02-20T21:33:30.8474046Z Updating files:  40% (96/238)
2025-02-20T21:33:30.8477925Z Updating files:  41% (98/238)
2025-02-20T21:33:30.8487665Z Updating files:  42% (100/238)
2025-02-20T21:33:30.8493476Z Updating files:  43% (103/238)
2025-02-20T21:33:30.8498279Z Updating files:  44% (105/238)
2025-02-20T21:33:30.8502244Z Updating files:  45% (108/238)
2025-02-20T21:33:30.8506329Z Updating files:  46% (110/238)
2025-02-20T21:33:30.8511621Z Updating files:  47% (112/238)
2025-02-20T21:33:30.8515506Z Updating files:  48% (115/238)
2025-02-20T21:33:30.8519644Z Updating files:  49% (117/238)
2025-02-20T21:33:30.8526803Z Updating files:  50% (119/238)
2025-02-20T21:33:30.8534470Z Updating files:  51% (122/238)
2025-02-20T21:33:30.8539735Z Updating files:  52% (124/238)
2025-02-20T21:33:30.8544445Z Updating files:  53% (127/238)
2025-02-20T21:33:30.8547982Z Updating files:  54% (129/238)
2025-02-20T21:33:30.8554531Z Updating files:  55% (131/238)
2025-02-20T21:33:30.8558604Z Updating files:  56% (134/238)
2025-02-20T21:33:30.8565990Z Updating files:  57% (136/238)
2025-02-20T21:33:30.8569647Z Updating files:  58% (139/238)
2025-02-20T21:33:30.8573341Z Updating files:  59% (141/238)
2025-02-20T21:33:30.8580517Z Updating files:  60% (143/238)
2025-02-20T21:33:30.8584046Z Updating files:  61% (146/238)
2025-02-20T21:33:30.8587653Z Updating files:  62% (148/238)
2025-02-20T21:33:30.8594039Z Updating files:  63% (150/238)
2025-02-20T21:33:30.8597999Z Updating files:  64% (153/238)
2025-02-20T21:33:30.8603425Z Updating files:  65% (155/238)
2025-02-20T21:33:30.8606857Z Updating files:  66% (158/238)
2025-02-20T21:33:30.8610954Z Updating files:  67% (160/238)
2025-02-20T21:33:30.8615637Z Updating files:  68% (162/238)
2025-02-20T21:33:30.8619173Z Updating files:  69% (165/238)
2025-02-20T21:33:30.8623276Z Updating files:  70% (167/238)
2025-02-20T21:33:30.8627773Z Updating files:  71% (169/238)
2025-02-20T21:33:30.8632413Z Updating files:  72% (172/238)
2025-02-20T21:33:30.8637143Z Updating files:  73% (174/238)
2025-02-20T21:33:30.8639805Z Updating files:  74% (177/238)
2025-02-20T21:33:30.8644389Z Updating files:  75% (179/238)
2025-02-20T21:33:30.8648054Z Updating files:  76% (181/238)
2025-02-20T21:33:30.8650817Z Updating files:  77% (184/238)
2025-02-20T21:33:30.8657315Z Updating files:  78% (186/238)
2025-02-20T21:33:30.8661109Z Updating files:  79% (189/238)
2025-02-20T21:33:30.8663832Z Updating files:  80% (191/238)
2025-02-20T21:33:30.8670670Z Updating files:  81% (193/238)
2025-02-20T21:33:30.8673458Z Updating files:  82% (196/238)
2025-02-20T21:33:30.8676620Z Updating files:  83% (198/238)
2025-02-20T21:33:30.8681145Z Updating files:  84% (200/238)
2025-02-20T21:33:30.8684516Z Updating files:  85% (203/238)
2025-02-20T21:33:30.8689782Z Updating files:  86% (205/238)
2025-02-20T21:33:30.8693268Z Updating files:  87% (208/238)
2025-02-20T21:33:30.8696421Z Updating files:  88% (210/238)
2025-02-20T21:33:30.8704072Z Updating files:  89% (212/238)
2025-02-20T21:33:30.8707488Z Updating files:  90% (215/238)
2025-02-20T21:33:30.8710847Z Updating files:  91% (217/238)
2025-02-20T21:33:30.8716567Z Updating files:  92% (219/238)
2025-02-20T21:33:30.8721779Z Updating files:  93% (222/238)
2025-02-20T21:33:30.8727752Z Updating files:  94% (224/238)
2025-02-20T21:33:30.8731193Z Updating files:  95% (227/238)
2025-02-20T21:33:30.8734624Z Updating files:  96% (229/238)
2025-02-20T21:33:30.8739978Z Updating files:  97% (231/238)
2025-02-20T21:33:30.8743823Z Updating files:  98% (234/238)
2025-02-20T21:33:30.8747734Z Updating files:  99% (236/238)
2025-02-20T21:33:30.8748160Z Updating files: 100% (238/238)
2025-02-20T21:33:30.8748572Z Updating files: 100% (238/238), done.
2025-02-20T21:33:30.8764703Z Switched to a new branch 'main'
2025-02-20T21:33:30.8768252Z branch 'main' set up to track 'origin/main'.
2025-02-20T21:33:30.9031508Z ##[endgroup]
2025-02-20T21:33:30.9070034Z [command]/usr/bin/git log -1 --format=%H
2025-02-20T21:33:30.9092888Z 84e768462f20f09fbccc05625cdcc1d8ffbe404c
2025-02-20T21:33:30.9231560Z ##[group]Run if [ "false" == "true" ]; then
2025-02-20T21:33:30.9231951Z [36;1mif [ "false" == "true" ]; then[0m
2025-02-20T21:33:30.9232270Z [36;1m  echo "Using atom data sparse checkout"[0m
2025-02-20T21:33:30.9232648Z [36;1m  echo "atom_data/kurucz_cd23_chianti_H_He.h5" > .lfs-files-list[0m
2025-02-20T21:33:30.9232974Z [36;1melse[0m
2025-02-20T21:33:30.9233183Z [36;1m  echo "Using full repository checkout"[0m
2025-02-20T21:33:30.9233558Z [36;1m  git lfs ls-files -l | cut -d' ' -f1 | sort > .lfs-files-list[0m
2025-02-20T21:33:30.9233903Z [36;1mfi[0m
2025-02-20T21:33:30.9394811Z shell: /usr/bin/bash --noprofile --norc -e -o pipefail {0}
2025-02-20T21:33:30.9395391Z env:
2025-02-20T21:33:30.9462265Z   CACHE_NUMBER: 0
2025-02-20T21:33:30.9462947Z   PYTEST_FLAGS: --tardis-regression-data=/home/runner/work/tardis/tardis/tardis-regression-data --cov=tardis --cov-report=xml --cov-report=html --cov-append
2025-02-20T21:33:30.9463601Z   CODECOV_TOKEN: 
2025-02-20T21:33:30.9463795Z ##[endgroup]
2025-02-20T21:33:30.9566926Z Using full repository checkout
2025-02-20T21:33:31.0991913Z ##[group]Run actions/cache/restore@v4
2025-02-20T21:33:31.0992248Z with:
2025-02-20T21:33:31.0992499Z   path: tardis-regression-data/.git/lfs
2025-02-20T21:33:31.0993363Z   key: tardis-regression-full-data-c8ff2bbb6048b3f24d3f52a1e85b013ad47e52c369a6ce4cfdeff528b659b86f-tardis-sn/tardis-regression-data-v1
2025-02-20T21:33:31.0994236Z   fail-on-cache-miss: true
2025-02-20T21:33:31.0994574Z   enableCrossOsArchive: false
2025-02-20T21:33:31.0994871Z   lookup-only: false
2025-02-20T21:33:31.0995113Z env:
2025-02-20T21:33:31.0995327Z   CACHE_NUMBER: 0
2025-02-20T21:33:31.0996082Z   PYTEST_FLAGS: --tardis-regression-data=/home/runner/work/tardis/tardis/tardis-regression-data --cov=tardis --cov-report=xml --cov-report=html --cov-append
2025-02-20T21:33:31.0996750Z   CODECOV_TOKEN: 
2025-02-20T21:33:31.0996938Z ##[endgroup]
2025-02-20T21:33:31.3408400Z Cache hit for: tardis-regression-full-data-c8ff2bbb6048b3f24d3f52a1e85b013ad47e52c369a6ce4cfdeff528b659b86f-tardis-sn/tardis-regression-data-v1
2025-02-20T21:33:32.4505489Z Received 125829120 of 2161656325 (5.8%), 120.0 MBs/sec
2025-02-20T21:33:33.4515963Z Received 268435456 of 2161656325 (12.4%), 127.9 MBs/sec
2025-02-20T21:33:34.4517447Z Received 432013312 of 2161656325 (20.0%), 137.3 MBs/sec
2025-02-20T21:33:35.4522876Z Received 591396864 of 2161656325 (27.4%), 140.9 MBs/sec
2025-02-20T21:33:36.4527651Z Received 775946240 of 2161656325 (35.9%), 147.9 MBs/sec
2025-02-20T21:33:37.4525417Z Received 939524096 of 2161656325 (43.5%), 149.3 MBs/sec
2025-02-20T21:33:38.4527446Z Received 1128267776 of 2161656325 (52.2%), 153.7 MBs/sec
2025-02-20T21:33:39.4526390Z Received 1333788672 of 2161656325 (61.7%), 159.0 MBs/sec
2025-02-20T21:33:40.4528202Z Received 1488977920 of 2161656325 (68.9%), 157.7 MBs/sec
2025-02-20T21:33:41.4528977Z Received 1694498816 of 2161656325 (78.4%), 161.6 MBs/sec
2025-02-20T21:33:42.4535554Z Received 1879048192 of 2161656325 (86.9%), 162.9 MBs/sec
2025-02-20T21:33:43.4536232Z Received 2113929216 of 2161656325 (97.8%), 168.0 MBs/sec
2025-02-20T21:33:43.9282034Z Received 2161656325 of 2161656325 (100.0%), 165.2 MBs/sec
2025-02-20T21:33:43.9284414Z Cache Size: ~2062 MB (2161656325 B)
2025-02-20T21:33:43.9362013Z [command]/usr/bin/tar -xf /home/runner/work/_temp/4d0662db-2e81-4053-b5d7-672d89359139/cache.tzst -P -C /home/runner/work/tardis/tardis --use-compress-program unzstd
2025-02-20T21:33:55.2447883Z Cache restored successfully
2025-02-20T21:33:55.6325011Z Cache restored from key: tardis-regression-full-data-c8ff2bbb6048b3f24d3f52a1e85b013ad47e52c369a6ce4cfdeff528b659b86f-tardis-sn/tardis-regression-data-v1
2025-02-20T21:33:55.6452175Z ##[group]Run git lfs checkout
2025-02-20T21:33:55.6452585Z [36;1mgit lfs checkout[0m
2025-02-20T21:33:55.6510790Z shell: /usr/bin/bash --noprofile --norc -e -o pipefail {0}
2025-02-20T21:33:55.6511107Z env:
2025-02-20T21:33:55.6511289Z   CACHE_NUMBER: 0
2025-02-20T21:33:55.6511912Z   PYTEST_FLAGS: --tardis-regression-data=/home/runner/work/tardis/tardis/tardis-regression-data --cov=tardis --cov-report=xml --cov-report=html --cov-append
2025-02-20T21:33:55.6512562Z   CODECOV_TOKEN: 
2025-02-20T21:33:55.6512750Z ##[endgroup]
2025-02-20T21:34:16.6200798Z Checking out LFS objects: 100% (204/204), 5.7 GB | 237 MB/s, done.
2025-02-20T21:34:19.1687950Z Prepare all required actions
2025-02-20T21:34:19.1688294Z Getting action download info
2025-02-20T21:34:19.2771935Z Download action repository 'mamba-org/setup-micromamba@v1' (SHA:4b9113af4fba0e9e1124b252dd6497a419e7396d)
2025-02-20T21:34:19.7247031Z ##[group]Run ./.github/actions/setup_env
2025-02-20T21:34:19.7247287Z with:
2025-02-20T21:34:19.7247467Z   os-label: linux-64
2025-02-20T21:34:19.7247646Z env:
2025-02-20T21:34:19.7247804Z   CACHE_NUMBER: 0
2025-02-20T21:34:19.7248396Z   PYTEST_FLAGS: --tardis-regression-data=/home/runner/work/tardis/tardis/tardis-regression-data --cov=tardis --cov-report=xml --cov-report=html --cov-append
2025-02-20T21:34:19.7249009Z   CODECOV_TOKEN: 
2025-02-20T21:34:19.7249185Z ##[endgroup]
2025-02-20T21:34:19.7269444Z ##[group]Run file_hash=$(cat conda-linux-64.lock | shasum -a 256 | cut -d' ' -f1)
2025-02-20T21:34:19.7269934Z [36;1mfile_hash=$(cat conda-linux-64.lock | shasum -a 256 | cut -d' ' -f1)[0m
2025-02-20T21:34:19.7270520Z [36;1mecho "file_hash=tardis-conda-env-linux-64-${file_hash}-v1" >> "${GITHUB_OUTPUT}"[0m
2025-02-20T21:34:19.7326212Z shell: /usr/bin/bash --noprofile --norc -e -o pipefail {0}
2025-02-20T21:34:19.7326537Z env:
2025-02-20T21:34:19.7326704Z   CACHE_NUMBER: 0
2025-02-20T21:34:19.7327301Z   PYTEST_FLAGS: --tardis-regression-data=/home/runner/work/tardis/tardis/tardis-regression-data --cov=tardis --cov-report=xml --cov-report=html --cov-append
2025-02-20T21:34:19.7327933Z   CODECOV_TOKEN: 
2025-02-20T21:34:19.7328114Z ##[endgroup]
2025-02-20T21:34:19.7856223Z ##[group]Run mamba-org/setup-micromamba@v1
2025-02-20T21:34:19.7856480Z with:
2025-02-20T21:34:19.7856669Z   environment-file: conda-linux-64.lock
2025-02-20T21:34:19.7857219Z   cache-environment-key: tardis-conda-env-linux-64-d7cd390425b0fd3cf82649dcc003efba9915fb4928f15d342148c3ccffcbe2ee-v1
2025-02-20T21:34:19.7858032Z   cache-downloads-key: tardis-conda-env-linux-64-d7cd390425b0fd3cf82649dcc003efba9915fb4928f15d342148c3ccffcbe2ee-v1
2025-02-20T21:34:19.7858567Z   environment-name: tardis
2025-02-20T21:34:19.7858778Z   cache-environment: true
2025-02-20T21:34:19.7858983Z   cache-downloads: true
2025-02-20T21:34:19.7859170Z env:
2025-02-20T21:34:19.7859792Z   CACHE_NUMBER: 0
2025-02-20T21:34:19.7860402Z   PYTEST_FLAGS: --tardis-regression-data=/home/runner/work/tardis/tardis/tardis-regression-data --cov=tardis --cov-report=xml --cov-report=html --cov-append
2025-02-20T21:34:19.7861040Z   CODECOV_TOKEN: 
2025-02-20T21:34:19.7861219Z ##[endgroup]
2025-02-20T21:34:19.9308439Z Will download micromamba to /home/runner/micromamba-bin/micromamba
2025-02-20T21:34:19.9318958Z ##[group]Install micromamba
2025-02-20T21:34:20.2711116Z micromamba installed to /home/runner/micromamba-bin/micromamba
2025-02-20T21:34:20.2712077Z ##[endgroup]
2025-02-20T21:34:20.2712685Z Adding conda-forge to condarc channels ...
2025-02-20T21:34:20.2722522Z ##[group]Initialize micromamba for bash.
2025-02-20T21:34:20.2738650Z [command]/home/runner/micromamba-bin/micromamba shell init -s bash -r /home/runner/micromamba --log-level warning --rc-file /home/runner/work/_temp/setup-micromamba/.condarc
2025-02-20T21:34:20.2849829Z Modifying RC file "/home/runner/.bashrc"
2025-02-20T21:34:20.2850852Z Generating config for root prefix [1m"/home/runner/micromamba"[0m
2025-02-20T21:34:20.2851475Z Setting mamba executable to: [1m"/home/runner/micromamba-bin/micromamba"[0m
2025-02-20T21:34:20.2851938Z Adding (or replacing) the following in your "/home/runner/.bashrc" file
2025-02-20T21:34:20.2852195Z 
2025-02-20T21:34:20.2852303Z # >>> mamba initialize >>>
2025-02-20T21:34:20.2852716Z # !! Contents within this block are managed by 'mamba init' !!
2025-02-20T21:34:20.2853074Z export MAMBA_EXE='/home/runner/micromamba-bin/micromamba';
2025-02-20T21:34:20.2853410Z export MAMBA_ROOT_PREFIX='/home/runner/micromamba';
2025-02-20T21:34:20.2853890Z __mamba_setup="$("$MAMBA_EXE" shell hook --shell bash --root-prefix "$MAMBA_ROOT_PREFIX" 2> /dev/null)"
2025-02-20T21:34:20.2854291Z if [ $? -eq 0 ]; then
2025-02-20T21:34:20.2854776Z     eval "$__mamba_setup"
2025-02-20T21:34:20.2854971Z else
2025-02-20T21:34:20.2855226Z     alias micromamba="$MAMBA_EXE"  # Fallback on help from mamba activate
2025-02-20T21:34:20.2855554Z fi
2025-02-20T21:34:20.2855709Z unset __mamba_setup
2025-02-20T21:34:20.2855895Z # <<< mamba initialize <<<
2025-02-20T21:34:20.2856022Z 
2025-02-20T21:34:20.2868150Z Moving mamba initialize block to .bash_profile
2025-02-20T21:34:20.2962317Z ##[endgroup]
2025-02-20T21:34:20.2963419Z ##[group]Restoring downloads from `/home/runner/micromamba/pkgs` ...
2025-02-20T21:34:21.5138932Z Received 218103808 of 356815776 (61.1%), 207.6 MBs/sec
2025-02-20T21:34:22.1970821Z Cache Size: ~340 MB (356815776 B)
2025-02-20T21:34:22.2008401Z [command]/usr/bin/tar -xf /home/runner/work/_temp/af2c6df2-a7fc-4fdd-88f1-b357e63bf753/cache.tzst -P -C /home/runner/work/tardis/tardis --use-compress-program unzstd
2025-02-20T21:34:22.5144392Z Received 356815776 of 356815776 (100.0%), 169.9 MBs/sec
2025-02-20T21:34:22.7186926Z Cache restored successfully
2025-02-20T21:34:22.7935161Z Restored cache with key `tardis-conda-env-linux-64-d7cd390425b0fd3cf82649dcc003efba9915fb4928f15d342148c3ccffcbe2ee-v1-linux-64`
2025-02-20T21:34:22.7936341Z ##[endgroup]
2025-02-20T21:34:22.7948090Z ##[group]Restoring environment `tardis` from `/home/runner/micromamba/envs/tardis` ...
2025-02-20T21:34:23.9555462Z Received 213909504 of 444032293 (48.2%), 202.8 MBs/sec
2025-02-20T21:34:24.9561699Z Received 439837989 of 444032293 (99.1%), 209.1 MBs/sec
2025-02-20T21:34:25.1227659Z Cache Size: ~423 MB (444032293 B)
2025-02-20T21:34:25.1265246Z [command]/usr/bin/tar -xf /home/runner/work/_temp/253777e8-09cf-4e15-b6a2-f6feb179a638/cache.tzst -P -C /home/runner/work/tardis/tardis --use-compress-program unzstd
2025-02-20T21:34:25.9574363Z Received 444032293 of 444032293 (100.0%), 140.8 MBs/sec
2025-02-20T21:34:30.3370398Z Cache restored successfully
2025-02-20T21:34:30.4325926Z Restored cache with key `tardis-conda-env-linux-64-d7cd390425b0fd3cf82649dcc003efba9915fb4928f15d342148c3ccffcbe2ee-v1-linux-64-tardis-args-4f53cda-root-dcc80ee-bin-[object Promise]-file-d7cd390425b0fd3cf82649dcc003efba9915fb4928f15d342148c3ccffcbe2ee`
2025-02-20T21:34:30.4328724Z ##[endgroup]
2025-02-20T21:34:30.4329119Z Adding environment tardis to auto-activate bash ...
2025-02-20T21:34:30.4338446Z Generating micromamba run shell.
2025-02-20T21:34:30.4347306Z ##[endgroup]
2025-02-20T21:34:30.4353573Z Set environment variables.
2025-02-20T21:34:30.4357364Z ##[group]micromamba info
2025-02-20T21:34:30.4361413Z [command]/home/runner/micromamba-bin/micromamba info -r /home/runner/micromamba -n tardis
2025-02-20T21:34:30.4593913Z 
2025-02-20T21:34:30.4594196Z        libmamba version : 1.5.10
2025-02-20T21:34:30.4594645Z      micromamba version : 1.5.10
2025-02-20T21:34:30.4595224Z            curl version : libcurl/8.10.1 OpenSSL/3.3.2 zlib/1.3.1 zstd/1.5.6 libssh2/1.11.0 nghttp2/1.58.0
2025-02-20T21:34:30.4595791Z      libarchive version : libarchive 3.7.4 zlib/1.2.13 bz2lib/1.0.8 libzstd/1.5.6
2025-02-20T21:34:30.4596214Z        envs directories : /home/runner/micromamba/envs
2025-02-20T21:34:30.4596538Z           package cache : /home/runner/micromamba/pkgs
2025-02-20T21:34:30.4596852Z                           /home/runner/.mamba/pkgs
2025-02-20T21:34:30.4597136Z             environment : tardis
2025-02-20T21:34:30.4597421Z            env location : /home/runner/micromamba/envs/tardis
2025-02-20T21:34:30.4597737Z       user config files : /home/runner/.mambarc
2025-02-20T21:34:30.4598122Z  populated config files : /home/runner/work/_temp/setup-micromamba/.condarc
2025-02-20T21:34:30.4598499Z        virtual packages : __unix=0=0
2025-02-20T21:34:30.4598749Z                           __linux=6.8.0=0
2025-02-20T21:34:30.4598994Z                           __glibc=2.39=0
2025-02-20T21:34:30.4599247Z                           __archspec=1=x86_64_v3
2025-02-20T21:34:30.4599866Z                channels : https://conda.anaconda.org/conda-forge/linux-64
2025-02-20T21:34:30.4600550Z                           https://conda.anaconda.org/conda-forge/noarch
2025-02-20T21:34:30.4600898Z        base environment : /home/runner/micromamba
2025-02-20T21:34:30.4601171Z                platform : linux-64
2025-02-20T21:34:30.4611185Z ##[endgroup]
2025-02-20T21:34:30.4611813Z ##[group]micromamba list
2025-02-20T21:34:30.4613048Z [command]/home/runner/micromamba-bin/micromamba list -r /home/runner/micromamba -n tardis
2025-02-20T21:34:30.8477455Z List of packages in environment: "/home/runner/micromamba/envs/tardis"
2025-02-20T21:34:30.8478410Z 
2025-02-20T21:34:30.8478881Z   Name                           Version              Build                    Channel    
2025-02-20T21:34:30.8480728Z ────────────────────────────────────────────────────────────────────────────────────────────
2025-02-20T21:34:30.8481380Z   _libgcc_mutex                  0.1                  conda_forge              conda-forge
2025-02-20T21:34:30.8482026Z   _openmp_mutex                  4.5                  2_gnu                    conda-forge
2025-02-20T21:34:30.8482691Z   alabaster                      0.7.16               pyhd8ed1ab_0             conda-forge
2025-02-20T21:34:30.8483283Z   anyio                          4.4.0                pyhd8ed1ab_0             conda-forge
2025-02-20T21:34:30.8483910Z   argon2-cffi                    23.1.0               pyhd8ed1ab_0             conda-forge
2025-02-20T21:34:30.8484623Z   argon2-cffi-bindings           21.2.0               py312h98912ed_4          conda-forge
2025-02-20T21:34:30.8485258Z   arrow                          1.3.0                pyhd8ed1ab_0             conda-forge
2025-02-20T21:34:30.8485824Z   astropy                        6.1.1                py312h085067d_0          conda-forge
2025-02-20T21:34:30.8486474Z   astropy-iers-data              0.2024.6.17.0.31.35  pyhd8ed1ab_0             conda-forge
2025-02-20T21:34:30.8487110Z   astropy-sphinx-theme           1.1                  pyhd8ed1ab_0             conda-forge
2025-02-20T21:34:30.8487597Z   asttokens                      2.4.1                pyhd8ed1ab_0             conda-forge
2025-02-20T21:34:30.8487965Z   async-lru                      2.0.4                pyhd8ed1ab_0             conda-forge
2025-02-20T21:34:30.8488619Z   atk-1.0                        2.38.0               h04ea711_2               conda-forge
2025-02-20T21:34:30.8489107Z   attrs                          23.2.0               pyh71513ae_0             conda-forge
2025-02-20T21:34:30.8489861Z   babel                          2.14.0               pyhd8ed1ab_0             conda-forge
2025-02-20T21:34:30.8490474Z   beautifulsoup4                 4.12.3               pyha770c72_0             conda-forge
2025-02-20T21:34:30.8491100Z   bleach                         6.1.0                pyhd8ed1ab_0             conda-forge
2025-02-20T21:34:30.8491648Z   blosc                          1.21.5               hc2324a3_1               conda-forge
2025-02-20T21:34:30.8492202Z   brotli                         1.1.0                hd590300_1               conda-forge
2025-02-20T21:34:30.8492789Z   brotli-bin                     1.1.0                hd590300_1               conda-forge
2025-02-20T21:34:30.8493402Z   brotli-python                  1.1.0                py312h30efb56_1          conda-forge
2025-02-20T21:34:30.8494004Z   bzip2                          1.0.8                hd590300_5               conda-forge
2025-02-20T21:34:30.8494547Z   c-ares                         1.28.1               hd590300_0               conda-forge
2025-02-20T21:34:30.8495114Z   c-blosc2                       2.14.4               hb4ffafa_1               conda-forge
2025-02-20T21:34:30.8495760Z   ca-certificates                2024.6.2             hbcca054_0               conda-forge
2025-02-20T21:34:30.8496446Z   cached-property                1.5.2                hd8ed1ab_1               conda-forge
2025-02-20T21:34:30.8497124Z   cached_property                1.5.2                pyha770c72_1             conda-forge
2025-02-20T21:34:30.8497930Z   cairo                          1.18.0               h3faef2a_0               conda-forge
2025-02-20T21:34:30.8498531Z   certifi                        2024.6.2             pyhd8ed1ab_0             conda-forge
2025-02-20T21:34:30.8499133Z   cffi                           1.16.0               py312hf06ca03_0          conda-forge
2025-02-20T21:34:30.8499935Z   charset-normalizer             3.3.2                pyhd8ed1ab_0             conda-forge
2025-02-20T21:34:30.8500590Z   click                          8.1.7                unix_pyh707e725_0        conda-forge
2025-02-20T21:34:30.8501191Z   codespell                      2.3.0                pyhd8ed1ab_0             conda-forge
2025-02-20T21:34:30.8501811Z   colorama                       0.4.6                pyhd8ed1ab_0             conda-forge
2025-02-20T21:34:30.8502406Z   comm                           0.2.2                pyhd8ed1ab_0             conda-forge
2025-02-20T21:34:30.8502988Z   commonmark                     0.9.1                py_0                     conda-forge
2025-02-20T21:34:30.8503586Z   contourpy                      1.2.1                py312h8572e83_0          conda-forge
2025-02-20T21:34:30.8504227Z   coverage                       7.5.3                py312h9a8786e_0          conda-forge
2025-02-20T21:34:30.8504864Z   cycler                         0.12.1               pyhd8ed1ab_0             conda-forge
2025-02-20T21:34:30.8505487Z   dataclasses                    0.8                  pyhc8e2a94_3             conda-forge
2025-02-20T21:34:30.8506127Z   debugpy                        1.8.1                py312h30efb56_0          conda-forge
2025-02-20T21:34:30.8506752Z   decorator                      5.1.1                pyhd8ed1ab_0             conda-forge
2025-02-20T21:34:30.8507392Z   defusedxml                     0.7.1                pyhd8ed1ab_0             conda-forge
2025-02-20T21:34:30.8508030Z   docutils                       0.20.1               py312h7900ff3_3          conda-forge
2025-02-20T21:34:30.8508661Z   dot2tex                        2.11.3               pyhd8ed1ab_0             conda-forge
2025-02-20T21:34:30.8509432Z   entrypoints                    0.4                  pyhd8ed1ab_0             conda-forge
2025-02-20T21:34:30.8510127Z   exceptiongroup                 1.2.0                pyhd8ed1ab_2             conda-forge
2025-02-20T21:34:30.8510983Z   executing                      2.0.1                pyhd8ed1ab_0             conda-forge
2025-02-20T21:34:30.8511590Z   expat                          2.6.2                h59595ed_0               conda-forge
2025-02-20T21:34:30.8512283Z   font-ttf-dejavu-sans-mono      2.37                 hab24e00_0               conda-forge
2025-02-20T21:34:30.8513058Z   font-ttf-inconsolata           3.000                h77eed37_0               conda-forge
2025-02-20T21:34:30.8513810Z   font-ttf-source-code-pro       2.038                h77eed37_0               conda-forge
2025-02-20T21:34:30.8514536Z   font-ttf-ubuntu                0.83                 h77eed37_2               conda-forge
2025-02-20T21:34:30.8515202Z   fontconfig                     2.14.2               h14ed4e7_0               conda-forge
2025-02-20T21:34:30.8515899Z   fonts-conda-ecosystem          1                    0                        conda-forge
2025-02-20T21:34:30.8516619Z   fonts-conda-forge              1                    0                        conda-forge
2025-02-20T21:34:30.8517281Z   fonttools                      4.53.0               py312h9a8786e_0          conda-forge
2025-02-20T21:34:30.8517859Z   fqdn                           1.5.1                pyhd8ed1ab_0             conda-forge
2025-02-20T21:34:30.8518403Z   freetype                       2.12.1               h267a509_2               conda-forge
2025-02-20T21:34:30.8518861Z   fribidi                        1.0.10               h36c2ea0_0               conda-forge
2025-02-20T21:34:30.8519200Z   future                         1.0.0                pyhd8ed1ab_0             conda-forge
2025-02-20T21:34:30.8519912Z   gdk-pixbuf                     2.42.12              hb9ae30d_0               conda-forge
2025-02-20T21:34:30.8520260Z   giflib                         5.2.2                hd590300_0               conda-forge
2025-02-20T21:34:30.8520586Z   git-lfs                        3.5.1                ha770c72_0               conda-forge
2025-02-20T21:34:30.8520907Z   gmp                            6.3.0                h59595ed_1               conda-forge
2025-02-20T21:34:30.8521228Z   gmpy2                          2.1.5                py312h1d5cde6_1          conda-forge
2025-02-20T21:34:30.8521566Z   graphite2                      1.3.13               h59595ed_1003            conda-forge
2025-02-20T21:34:30.8522090Z   graphviz                       11.0.0               hc68bbd7_0               conda-forge
2025-02-20T21:34:30.8522431Z   gtk2                           2.24.33              h280cfa0_4               conda-forge
2025-02-20T21:34:30.8522743Z   gts                            0.7.6                h977cf35_4               conda-forge
2025-02-20T21:34:30.8523113Z   h11                            0.14.0               pyhd8ed1ab_0             conda-forge
2025-02-20T21:34:30.8523422Z   h2                             4.1.0                pyhd8ed1ab_0             conda-forge
2025-02-20T21:34:30.8523742Z   h5py                           3.11.0               nompi_py312hb7ab980_102  conda-forge
2025-02-20T21:34:30.8524080Z   harfbuzz                       8.5.0                hfac3d4d_0               conda-forge
2025-02-20T21:34:30.8524565Z   hdf5                           1.14.3               nompi_hdf9ad27_105       conda-forge
2025-02-20T21:34:30.8525109Z   hpack                          4.0.0                pyh9f0ad1d_0             conda-forge
2025-02-20T21:34:30.8526378Z   httpcore                       1.0.5                pyhd8ed1ab_0             conda-forge
2025-02-20T21:34:30.8526781Z   httpx                          0.27.0               pyhd8ed1ab_0             conda-forge
2025-02-20T21:34:30.8527434Z   hyperframe                     6.0.1                pyhd8ed1ab_0             conda-forge
2025-02-20T21:34:30.8528023Z   icu                            73.2                 h59595ed_0               conda-forge
2025-02-20T21:34:30.8528573Z   idna                           3.7                  pyhd8ed1ab_0             conda-forge
2025-02-20T21:34:30.8529593Z   imagesize                      1.4.1                pyhd8ed1ab_0             conda-forge
2025-02-20T21:34:30.8530316Z   importlib-metadata             7.1.0                pyha770c72_0             conda-forge
2025-02-20T21:34:30.8531018Z   importlib_metadata             7.1.0                hd8ed1ab_0               conda-forge
2025-02-20T21:34:30.8531662Z   importlib_resources            6.4.0                pyhd8ed1ab_0             conda-forge
2025-02-20T21:34:30.8532290Z   iniconfig                      2.0.0                pyhd8ed1ab_0             conda-forge
2025-02-20T21:34:30.8532885Z   ipykernel                      6.29.4               pyh3099207_0             conda-forge
2025-02-20T21:34:30.8533472Z   ipython                        8.25.0               pyh707e725_0             conda-forge
2025-02-20T21:34:30.8534095Z   ipython_genutils               0.2.0                pyhd8ed1ab_1             conda-forge
2025-02-20T21:34:30.8534682Z   ipywidgets                     7.8.0                pyhd8ed1ab_0             conda-forge
2025-02-20T21:34:30.8535311Z   isoduration                    20.11.0              pyhd8ed1ab_0             conda-forge
2025-02-20T21:34:30.8535882Z   jedi                           0.19.1               pyhd8ed1ab_0             conda-forge
2025-02-20T21:34:30.8536418Z   jinja2                         3.1.4                pyhd8ed1ab_0             conda-forge
2025-02-20T21:34:30.8536963Z   json5                          0.9.25               pyhd8ed1ab_0             conda-forge
2025-02-20T21:34:30.8537550Z   jsonpointer                    3.0.0                py312h7900ff3_0          conda-forge
2025-02-20T21:34:30.8538064Z   jsonschema                     4.22.0               pyhd8ed1ab_0             conda-forge
2025-02-20T21:34:30.8538667Z   jsonschema-specifications      2023.12.1            pyhd8ed1ab_0             conda-forge
2025-02-20T21:34:30.8539171Z   jsonschema-with-format-nongpl  4.22.0               pyhd8ed1ab_0             conda-forge
2025-02-20T21:34:30.8539817Z   jupyter-lsp                    2.2.5                pyhd8ed1ab_0             conda-forge
2025-02-20T21:34:30.8540193Z   jupyter_client                 8.6.2                pyhd8ed1ab_0             conda-forge
2025-02-20T21:34:30.8540571Z   jupyter_core                   5.7.2                py312h7900ff3_0          conda-forge
2025-02-20T21:34:30.8540941Z   jupyter_events                 0.10.0               pyhd8ed1ab_0             conda-forge
2025-02-20T21:34:30.8541322Z   jupyter_server                 2.14.1               pyhd8ed1ab_0             conda-forge
2025-02-20T21:34:30.8541725Z   jupyter_server_terminals       0.5.3                pyhd8ed1ab_0             conda-forge
2025-02-20T21:34:30.8542236Z   jupyterlab                     4.2.2                pyhd8ed1ab_0             conda-forge
2025-02-20T21:34:30.8542660Z   jupyterlab_pygments            0.3.0                pyhd8ed1ab_1             conda-forge
2025-02-20T21:34:30.8543072Z   jupyterlab_server              2.27.2               pyhd8ed1ab_0             conda-forge
2025-02-20T21:34:30.8543471Z   jupyterlab_widgets             1.1.7                pyhd8ed1ab_0             conda-forge
2025-02-20T21:34:30.8543842Z   keyutils                       1.6.1                h166bdaf_0               conda-forge
2025-02-20T21:34:30.8544197Z   kiwisolver                     1.4.5                py312h8572e83_1          conda-forge
2025-02-20T21:34:30.8544533Z   krb5                           1.21.2               h659d440_0               conda-forge
2025-02-20T21:34:30.8544873Z   latexcodec                     2.0.1                pyh9f0ad1d_0             conda-forge
2025-02-20T21:34:30.8545215Z   lcms2                          2.16                 hb7c19ff_0               conda-forge
2025-02-20T21:34:30.8545563Z   ld_impl_linux-64               2.40                 hf3520f5_7               conda-forge
2025-02-20T21:34:30.8545922Z   lerc                           4.0.0                h27087fc_0               conda-forge
2025-02-20T21:34:30.8546374Z   libaec                         1.1.3                h59595ed_0               conda-forge
2025-02-20T21:34:30.8546716Z   libblas                        3.9.0                22_linux64_openblas      conda-forge
2025-02-20T21:34:30.8547090Z   libbrotlicommon                1.1.0                hd590300_1               conda-forge
2025-02-20T21:34:30.8547470Z   libbrotlidec                   1.1.0                hd590300_1               conda-forge
2025-02-20T21:34:30.8548250Z   libbrotlienc                   1.1.0                hd590300_1               conda-forge
2025-02-20T21:34:30.8548930Z   libcblas                       3.9.0                22_linux64_openblas      conda-forge
2025-02-20T21:34:30.8549773Z   libcurl                        8.8.0                hca28451_0               conda-forge
2025-02-20T21:34:30.8550323Z   libdeflate                     1.20                 hd590300_0               conda-forge
2025-02-20T21:34:30.8550701Z   libedit                        3.1.20191231         he28a2e2_2               conda-forge
2025-02-20T21:34:30.8551042Z   libev                          4.33                 hd590300_2               conda-forge
2025-02-20T21:34:30.8551376Z   libexpat                       2.6.2                h59595ed_0               conda-forge
2025-02-20T21:34:30.8551711Z   libffi                         3.4.2                h7f98852_5               conda-forge
2025-02-20T21:34:30.8552056Z   libgcc-ng                      13.2.0               h77fa898_10              conda-forge
2025-02-20T21:34:30.8552390Z   libgd                          2.3.3                h119a65a_9               conda-forge
2025-02-20T21:34:30.8552744Z   libgfortran-ng                 13.2.0               h69a702a_10              conda-forge
2025-02-20T21:34:30.8553437Z   libgfortran5                   13.2.0               h3d2ce59_10              conda-forge
2025-02-20T21:34:30.8554128Z   libglib                        2.80.2               h8a4344b_1               conda-forge
2025-02-20T21:34:30.8554776Z   libgomp                        13.2.0               h77fa898_10              conda-forge
2025-02-20T21:34:30.8555223Z   libiconv                       1.17                 hd590300_2               conda-forge
2025-02-20T21:34:30.8555584Z   libjpeg-turbo                  3.0.0                hd590300_1               conda-forge
2025-02-20T21:34:30.8555951Z   liblapack                      3.9.0                22_linux64_openblas      conda-forge
2025-02-20T21:34:30.8556305Z   libllvm14                      14.0.6               hcd5def8_4               conda-forge
2025-02-20T21:34:30.8556662Z   libnghttp2                     1.58.0               h47da74e_1               conda-forge
2025-02-20T21:34:30.8557014Z   libnsl                         2.0.1                hd590300_0               conda-forge
2025-02-20T21:34:30.8557384Z   libopenblas                    0.3.27               pthreads_h413a1c8_0      conda-forge
2025-02-20T21:34:30.8557745Z   libpng                         1.6.43               h2797004_0               conda-forge
2025-02-20T21:34:30.8558079Z   librsvg                        2.58.1               hadf69e7_0               conda-forge
2025-02-20T21:34:30.8558425Z   libsodium                      1.0.18               h36c2ea0_1               conda-forge
2025-02-20T21:34:30.8558775Z   libsqlite                      3.46.0               hde9e2c9_0               conda-forge
2025-02-20T21:34:30.8559119Z   libssh2                        1.11.0               h0841786_0               conda-forge
2025-02-20T21:34:30.8559715Z   libstdcxx-ng                   13.2.0               hc0a3c3a_10              conda-forge
2025-02-20T21:34:30.8560072Z   libtiff                        4.6.0                h1dd3fc0_3               conda-forge
2025-02-20T21:34:30.8560414Z   libuuid                        2.38.1               h0b41bf4_0               conda-forge
2025-02-20T21:34:30.8560752Z   libwebp                        1.4.0                h2c329e2_0               conda-forge
2025-02-20T21:34:30.8561570Z   libwebp-base                   1.4.0                hd590300_0               conda-forge
2025-02-20T21:34:30.8561938Z   libxcb                         1.15                 h0b41bf4_0               conda-forge
2025-02-20T21:34:30.8562286Z   libxcrypt                      4.4.36               hd590300_1               conda-forge
2025-02-20T21:34:30.8562636Z   libxml2                        2.12.7               hc051c1a_1               conda-forge
2025-02-20T21:34:30.8562970Z   libxslt                        1.1.39               h76b75d6_0               conda-forge
2025-02-20T21:34:30.8563300Z   libzlib                        1.3.1                h4ab18f5_1               conda-forge
2025-02-20T21:34:30.8563646Z   llvmlite                       0.42.0               py312hb06c811_1          conda-forge
2025-02-20T21:34:30.8563983Z   lxml                           5.2.2                py312hb90d8a5_0          conda-forge
2025-02-20T21:34:30.8564304Z   lz4-c                          1.9.4                hcb278e6_0               conda-forge
2025-02-20T21:34:30.8564609Z   lzo                            2.10                 hd590300_1001            conda-forge
2025-02-20T21:34:30.8564939Z   markupsafe                     2.1.5                py312h98912ed_0          conda-forge
2025-02-20T21:34:30.8565315Z   matplotlib-base                3.8.4                py312h20ab3a6_2          conda-forge
2025-02-20T21:34:30.8565717Z   matplotlib-inline              0.1.7                pyhd8ed1ab_0             conda-forge
2025-02-20T21:34:30.8566090Z   mistune                        3.0.2                pyhd8ed1ab_0             conda-forge
2025-02-20T21:34:30.8566411Z   mpc                            1.3.1                hfe3b2da_0               conda-forge
2025-02-20T21:34:30.8566837Z   mpfr                           4.2.1                h9458935_1               conda-forge
2025-02-20T21:34:30.8567161Z   mpmath                         1.3.0                pyhd8ed1ab_0             conda-forge
2025-02-20T21:34:30.8567503Z   munkres                        1.1.4                pyh9f0ad1d_0             conda-forge
2025-02-20T21:34:30.8567860Z   mypy_extensions                1.0.0                pyha770c72_0             conda-forge
2025-02-20T21:34:30.8568224Z   nbclassic                      1.1.0                pyhd8ed1ab_0             conda-forge
2025-02-20T21:34:30.8568575Z   nbclient                       0.10.0               pyhd8ed1ab_0             conda-forge
2025-02-20T21:34:30.8568921Z   nbconvert                      7.16.4               hd8ed1ab_1               conda-forge
2025-02-20T21:34:30.8569450Z   nbconvert-core                 7.16.4               pyhd8ed1ab_1             conda-forge
2025-02-20T21:34:30.8569880Z   nbconvert-pandoc               7.16.4               hd8ed1ab_1               conda-forge
2025-02-20T21:34:30.8570261Z   nbformat                       5.10.4               pyhd8ed1ab_0             conda-forge
2025-02-20T21:34:30.8570615Z   nbsphinx                       0.9.4                pyhd8ed1ab_0             conda-forge
2025-02-20T21:34:30.8570983Z   ncurses                        6.5                  h59595ed_0               conda-forge
2025-02-20T21:34:30.8571336Z   nest-asyncio                   1.6.0                pyhd8ed1ab_0             conda-forge
2025-02-20T21:34:30.8571691Z   networkx                       3.3                  pyhd8ed1ab_1             conda-forge
2025-02-20T21:34:30.8572021Z   nomkl                          1.0                  h5ca1d4c_0               conda-forge
2025-02-20T21:34:30.8572351Z   notebook                       7.2.1                pyhd8ed1ab_0             conda-forge
2025-02-20T21:34:30.8572711Z   notebook-shim                  0.2.4                pyhd8ed1ab_0             conda-forge
2025-02-20T21:34:30.8573073Z   numba                          0.59.1               py312hacefee8_0          conda-forge
2025-02-20T21:34:30.8573419Z   numexpr                        2.10.0               py312hf412c99_100        conda-forge
2025-02-20T21:34:30.8573888Z   numpy                          1.26.4               py312heda63a1_0          conda-forge
2025-02-20T21:34:30.8574223Z   numpydoc                       1.7.0                pyhd8ed1ab_1             conda-forge
2025-02-20T21:34:30.8574566Z   openjpeg                       2.5.2                h488ebb8_0               conda-forge
2025-02-20T21:34:30.8574902Z   openssl                        3.3.1                h4ab18f5_0               conda-forge
2025-02-20T21:34:30.8575245Z   overrides                      7.7.0                pyhd8ed1ab_0             conda-forge
2025-02-20T21:34:30.8575601Z   packaging                      24.1                 pyhd8ed1ab_0             conda-forge
2025-02-20T21:34:30.8575950Z   pandas                         2.2.2                py312h1d6d2e6_1          conda-forge
2025-02-20T21:34:30.8576280Z   pandoc                         3.2                  ha770c72_0               conda-forge
2025-02-20T21:34:30.8576640Z   pandocfilters                  1.5.0                pyhd8ed1ab_0             conda-forge
2025-02-20T21:34:30.8576998Z   pango                          1.54.0               h84a9a3c_0               conda-forge
2025-02-20T21:34:30.8577319Z   parso                          0.8.4                pyhd8ed1ab_0             conda-forge
2025-02-20T21:34:30.8577663Z   pathspec                       0.12.1               pyhd8ed1ab_0             conda-forge
2025-02-20T21:34:30.8577997Z   pbr                            6.0.0                pyhd8ed1ab_0             conda-forge
2025-02-20T21:34:30.8578315Z   pcre2                          10.44                h0f59acf_0               conda-forge
2025-02-20T21:34:30.8578649Z   pexpect                        4.9.0                pyhd8ed1ab_0             conda-forge
2025-02-20T21:34:30.8579158Z   pickleshare                    0.7.5                py_1003                  conda-forge
2025-02-20T21:34:30.8579703Z   pillow                         10.3.0               py312hdcec9eb_0          conda-forge
2025-02-20T21:34:30.8580045Z   pip                            24.0                 pyhd8ed1ab_0             conda-forge
2025-02-20T21:34:30.8580364Z   pixman                         0.43.2               h59595ed_0               conda-forge
2025-02-20T21:34:30.8580743Z   pkgutil-resolve-name           1.3.10               pyhd8ed1ab_1             conda-forge
2025-02-20T21:34:30.8581142Z   platformdirs                   4.2.2                pyhd8ed1ab_0             conda-forge
2025-02-20T21:34:30.8581493Z   plotly                         5.22.0               pyhd8ed1ab_0             conda-forge
2025-02-20T21:34:30.8581823Z   pluggy                         1.5.0                pyhd8ed1ab_0             conda-forge
2025-02-20T21:34:30.8582193Z   prometheus_client              0.20.0               pyhd8ed1ab_0             conda-forge
2025-02-20T21:34:30.8582590Z   prompt-toolkit                 3.0.47               pyha770c72_0             conda-forge
2025-02-20T21:34:30.8582948Z   psutil                         5.9.8                py312h98912ed_0          conda-forge
2025-02-20T21:34:30.8583306Z   pthread-stubs                  0.4                  h36c2ea0_1001            conda-forge
2025-02-20T21:34:30.8583671Z   ptyprocess                     0.7.0                pyhd3deb0d_0             conda-forge
2025-02-20T21:34:30.8584022Z   pure_eval                      0.2.2                pyhd8ed1ab_0             conda-forge
2025-02-20T21:34:30.8584371Z   py-cpuinfo                     9.0.0                pyhd8ed1ab_0             conda-forge
2025-02-20T21:34:30.8584718Z   pybtex                         0.24.0               pyhd8ed1ab_2             conda-forge
2025-02-20T21:34:30.8585081Z   pybtex-docutils                1.0.3                py312h7900ff3_1          conda-forge
2025-02-20T21:34:30.8585455Z   pycparser                      2.22                 pyhd8ed1ab_0             conda-forge
2025-02-20T21:34:30.8585799Z   pyerfa                         2.0.1.4              py312h085067d_1          conda-forge
2025-02-20T21:34:30.8586273Z   pygments                       2.18.0               pyhd8ed1ab_0             conda-forge
2025-02-20T21:34:30.8586625Z   pygraphviz                     1.13                 py312h4a1d8a7_1          conda-forge
2025-02-20T21:34:30.8586982Z   pyparsing                      3.1.2                pyhd8ed1ab_0             conda-forge
2025-02-20T21:34:30.8587328Z   pysocks                        1.7.1                pyha2e5f31_6             conda-forge
2025-02-20T21:34:30.8587670Z   pytables                       3.9.2                py312h96d95ec_2          conda-forge
2025-02-20T21:34:30.8588012Z   pytest                         8.2.2                pyhd8ed1ab_0             conda-forge
2025-02-20T21:34:30.8588371Z   pytest-cov                     5.0.0                pyhd8ed1ab_0             conda-forge
2025-02-20T21:34:30.8588765Z   pytest-doctestplus             1.2.1                pyhd8ed1ab_0             conda-forge
2025-02-20T21:34:30.8589154Z   pytest-html                    4.1.1                pyhd8ed1ab_0             conda-forge
2025-02-20T21:34:30.8589712Z   pytest-metadata                3.1.1                pyhd8ed1ab_0             conda-forge
2025-02-20T21:34:30.8590081Z   python                         3.12.4               h194c7f8_0_cpython       conda-forge
2025-02-20T21:34:30.8590442Z   python-dateutil                2.9.0                pyhd8ed1ab_0             conda-forge
2025-02-20T21:34:30.8590854Z   python-fastjsonschema          2.20.0               pyhd8ed1ab_0             conda-forge
2025-02-20T21:34:30.8591273Z   python-json-logger             2.0.7                pyhd8ed1ab_0             conda-forge
2025-02-20T21:34:30.8591668Z   python-tzdata                  2024.1               pyhd8ed1ab_0             conda-forge
2025-02-20T21:34:30.8592158Z   python_abi                     3.12                 4_cp312                  conda-forge
2025-02-20T21:34:30.8592501Z   pytz                           2024.1               pyhd8ed1ab_0             conda-forge
2025-02-20T21:34:30.8592835Z   pyyaml                         6.0.1                py312h98912ed_1          conda-forge
2025-02-20T21:34:30.8593164Z   pyzmq                          26.0.3               py312h8fd38d8_0          conda-forge
2025-02-20T21:34:30.8593487Z   qgrid                          1.3.1                pyhd8ed1ab_4             conda-forge
2025-02-20T21:34:30.8593848Z   radioactivedecay               0.5.1                pyhd8ed1ab_0             conda-forge
2025-02-20T21:34:30.8594213Z   readline                       8.2                  h8228510_1               conda-forge
2025-02-20T21:34:30.8594562Z   recommonmark                   0.7.1                pyhd8ed1ab_0             conda-forge
2025-02-20T21:34:30.8594931Z   referencing                    0.35.1               pyhd8ed1ab_0             conda-forge
2025-02-20T21:34:30.8595290Z   requests                       2.32.3               pyhd8ed1ab_0             conda-forge
2025-02-20T21:34:30.8595662Z   rfc3339-validator              0.1.4                pyhd8ed1ab_0             conda-forge
2025-02-20T21:34:30.8596062Z   rfc3986-validator              0.1.1                pyh9f0ad1d_0             conda-forge
2025-02-20T21:34:30.8596429Z   rpds-py                        0.18.1               py312h4413252_0          conda-forge
2025-02-20T21:34:30.8596750Z   ruff                           0.4.9                py312h5715c7c_0          conda-forge
2025-02-20T21:34:30.8597067Z   scipy                          1.13.1               py312hc2bc53b_0          conda-forge
2025-02-20T21:34:30.8597407Z   send2trash                     1.8.3                pyh0d859eb_0             conda-forge
2025-02-20T21:34:30.8597763Z   setuptools                     70.0.0               pyhd8ed1ab_0             conda-forge
2025-02-20T21:34:30.8598140Z   setuptools-scm                 8.1.0                pyhd8ed1ab_0             conda-forge
2025-02-20T21:34:30.8598512Z   setuptools_scm                 8.1.0                hd8ed1ab_0               conda-forge
2025-02-20T21:34:30.8598976Z   six                            1.16.0               pyh6c4a22f_0             conda-forge
2025-02-20T21:34:30.8599551Z   snakeviz                       2.2.0                pyhd8ed1ab_0             conda-forge
2025-02-20T21:34:30.8600122Z   snappy                         1.2.0                hdb0a2a9_1               conda-forge
2025-02-20T21:34:30.8600523Z   sniffio                        1.3.1                pyhd8ed1ab_0             conda-forge
2025-02-20T21:34:30.8600898Z   snowballstemmer                2.2.0                pyhd8ed1ab_0             conda-forge
2025-02-20T21:34:30.8601267Z   soupsieve                      2.5                  pyhd8ed1ab_1             conda-forge
2025-02-20T21:34:30.8601608Z   sphinx                         7.3.7                pyhd8ed1ab_0             conda-forge
2025-02-20T21:34:30.8601973Z   sphinx-astropy                 1.9.1                pyhd8ed1ab_0             conda-forge
2025-02-20T21:34:30.8602368Z   sphinx-automodapi              0.17.0               pyh717bed2_1             conda-forge
2025-02-20T21:34:30.8602767Z   sphinx-gallery                 0.16.0               pyhd8ed1ab_0             conda-forge
2025-02-20T21:34:30.8603162Z   sphinx-jsonschema              1.19.1               pyhd8ed1ab_0             conda-forge
2025-02-20T21:34:30.8603572Z   sphinx_bootstrap_theme         0.8.1                pyhd8ed1ab_0             conda-forge
2025-02-20T21:34:30.8603975Z   sphinx_rtd_theme               2.0.0                pyha770c72_0             conda-forge
2025-02-20T21:34:30.8604371Z   sphinxcontrib-apidoc           0.3.0                py_1                     conda-forge
2025-02-20T21:34:30.8604803Z   sphinxcontrib-applehelp        1.0.8                pyhd8ed1ab_0             conda-forge
2025-02-20T21:34:30.8605387Z   sphinxcontrib-bibtex           2.6.2                pyhd8ed1ab_0             conda-forge
2025-02-20T21:34:30.8605819Z   sphinxcontrib-devhelp          1.0.6                pyhd8ed1ab_0             conda-forge
2025-02-20T21:34:30.8606257Z   sphinxcontrib-htmlhelp         2.0.5                pyhd8ed1ab_0             conda-forge
2025-02-20T21:34:30.8606681Z   sphinxcontrib-jquery           4.1                  pyhd8ed1ab_0             conda-forge
2025-02-20T21:34:30.8607102Z   sphinxcontrib-jsmath           1.0.1                pyhd8ed1ab_0             conda-forge
2025-02-20T21:34:30.8607522Z   sphinxcontrib-qthelp           1.0.7                pyhd8ed1ab_0             conda-forge
2025-02-20T21:34:30.8607980Z   sphinxcontrib-serializinghtml  1.1.10               pyhd8ed1ab_0             conda-forge
2025-02-20T21:34:30.8608404Z   stack_data                     0.6.2                pyhd8ed1ab_0             conda-forge
2025-02-20T21:34:30.8608746Z   sympy                          1.12.1               pypyh2585a3b_103         conda-forge
2025-02-20T21:34:30.8609083Z   tabulate                       0.9.0                pyhd8ed1ab_1             conda-forge
2025-02-20T21:34:30.8609613Z   tenacity                       8.4.1                pyhd8ed1ab_0             conda-forge
2025-02-20T21:34:30.8609972Z   terminado                      0.18.1               pyh0d859eb_0             conda-forge
2025-02-20T21:34:30.8610325Z   tinycss2                       1.3.0                pyhd8ed1ab_0             conda-forge
2025-02-20T21:34:30.8610647Z   tk                             8.6.13               noxft_h4845f30_101       conda-forge
2025-02-20T21:34:30.8610958Z   toml                           0.10.2               pyhd8ed1ab_0             conda-forge
2025-02-20T21:34:30.8611280Z   tomli                          2.0.1                pyhd8ed1ab_0             conda-forge
2025-02-20T21:34:30.8611613Z   tornado                        6.4.1                py312h9a8786e_0          conda-forge
2025-02-20T21:34:30.8611943Z   tqdm                           4.66.4               pyhd8ed1ab_0             conda-forge
2025-02-20T21:34:30.8612281Z   traitlets                      5.14.3               pyhd8ed1ab_0             conda-forge
2025-02-20T21:34:30.8612764Z   typed-ast                      1.5.5                py312h98912ed_1          conda-forge
2025-02-20T21:34:30.8613164Z   types-python-dateutil          2.9.0.20240316       pyhd8ed1ab_0             conda-forge
2025-02-20T21:34:30.8613595Z   typing-extensions              4.12.2               hd8ed1ab_0               conda-forge
2025-02-20T21:34:30.8613997Z   typing_extensions              4.12.2               pyha770c72_0             conda-forge
2025-02-20T21:34:30.8614377Z   typing_utils                   0.1.0                pyhd8ed1ab_0             conda-forge
2025-02-20T21:34:30.8614751Z   tzdata                         2024a                h0c530f3_0               conda-forge
2025-02-20T21:34:30.8615113Z   uri-template                   1.3.0                pyhd8ed1ab_0             conda-forge
2025-02-20T21:34:30.8615480Z   urllib3                        2.2.2                pyhd8ed1ab_0             conda-forge
2025-02-20T21:34:30.8615819Z   wcwidth                        0.2.13               pyhd8ed1ab_0             conda-forge
2025-02-20T21:34:30.8616176Z   webcolors                      24.6.0               pyhd8ed1ab_0             conda-forge
2025-02-20T21:34:30.8616540Z   webencodings                   0.5.1                pyhd8ed1ab_2             conda-forge
2025-02-20T21:34:30.8616922Z   websocket-client               1.8.0                pyhd8ed1ab_0             conda-forge
2025-02-20T21:34:30.8617294Z   wheel                          0.43.0               pyhd8ed1ab_1             conda-forge
2025-02-20T21:34:30.8617662Z   widgetsnbextension             3.6.6                pyhd8ed1ab_0             conda-forge
2025-02-20T21:34:30.8618048Z   xorg-kbproto                   1.0.7                h7f98852_1002            conda-forge
2025-02-20T21:34:30.8618533Z   xorg-libice                    1.1.1                hd590300_0               conda-forge
2025-02-20T21:34:30.8618902Z   xorg-libsm                     1.2.4                h7391055_0               conda-forge
2025-02-20T21:34:30.8619258Z   xorg-libx11                    1.8.9                h8ee46fc_0               conda-forge
2025-02-20T21:34:30.8619793Z   xorg-libxau                    1.0.11               hd590300_0               conda-forge
2025-02-20T21:34:30.8620157Z   xorg-libxdmcp                  1.1.3                h7f98852_0               conda-forge
2025-02-20T21:34:30.8620521Z   xorg-libxext                   1.3.4                h0b41bf4_2               conda-forge
2025-02-20T21:34:30.8620893Z   xorg-libxrender                0.9.11               hd590300_0               conda-forge
2025-02-20T21:34:30.8621277Z   xorg-renderproto               0.11.1               h7f98852_1002            conda-forge
2025-02-20T21:34:30.8621657Z   xorg-xextproto                 7.3.0                h0b41bf4_1003            conda-forge
2025-02-20T21:34:30.8622030Z   xorg-xproto                    7.0.31               h7f98852_1007            conda-forge
2025-02-20T21:34:30.8622357Z   xz                             5.2.6                h166bdaf_0               conda-forge
2025-02-20T21:34:30.8622671Z   yaml                           0.2.5                h7f98852_2               conda-forge
2025-02-20T21:34:30.8622991Z   zeromq                         4.3.5                h75354e8_4               conda-forge
2025-02-20T21:34:30.8623315Z   zipp                           3.19.2               pyhd8ed1ab_0             conda-forge
2025-02-20T21:34:30.8623632Z   zlib                           1.3.1                h4ab18f5_1               conda-forge
2025-02-20T21:34:30.8623947Z   zlib-ng                        2.0.7                h0b41bf4_0               conda-forge
2025-02-20T21:34:30.8624265Z   zstd                           1.5.6                ha6fb4c9_0               conda-forge
2025-02-20T21:34:30.8624788Z ##[endgroup]
2025-02-20T21:34:30.8664594Z ##[group]Run pip install -e . --user
2025-02-20T21:34:30.8664920Z [36;1mpip install -e . --user[0m
2025-02-20T21:34:30.8722076Z shell: /usr/bin/bash -l {0}
2025-02-20T21:34:30.8722321Z env:
2025-02-20T21:34:30.8722651Z   CACHE_NUMBER: 0
2025-02-20T21:34:30.8723279Z   PYTEST_FLAGS: --tardis-regression-data=/home/runner/work/tardis/tardis/tardis-regression-data --cov=tardis --cov-report=xml --cov-report=html --cov-append
2025-02-20T21:34:30.8723929Z   CODECOV_TOKEN: 
2025-02-20T21:34:30.8724152Z   MAMBA_ROOT_PREFIX: /home/runner/micromamba
2025-02-20T21:34:30.8724448Z   MAMBA_EXE: /home/runner/micromamba-bin/micromamba
2025-02-20T21:34:30.8724790Z   CONDARC: /home/runner/work/_temp/setup-micromamba/.condarc
2025-02-20T21:34:30.8725090Z ##[endgroup]
2025-02-20T21:34:31.5146964Z Obtaining file:///home/runner/work/tardis/tardis
2025-02-20T21:34:31.5178127Z   Installing build dependencies: started
2025-02-20T21:34:34.2438338Z   Installing build dependencies: finished with status 'done'
2025-02-20T21:34:34.2444167Z   Checking if build backend supports build_editable: started
2025-02-20T21:34:34.3632012Z   Checking if build backend supports build_editable: finished with status 'done'
2025-02-20T21:34:34.3639116Z   Getting requirements to build editable: started
2025-02-20T21:34:34.8466411Z   Getting requirements to build editable: finished with status 'done'
2025-02-20T21:34:34.8475382Z   Preparing editable metadata (pyproject.toml): started
2025-02-20T21:34:35.2960234Z   Preparing editable metadata (pyproject.toml): finished with status 'done'
2025-02-20T21:34:35.3550756Z Requirement already satisfied: astropy in /home/runner/micromamba/envs/tardis/lib/python3.12/site-packages (from tardis==0.0.0) (6.1.1)
2025-02-20T21:34:35.3946737Z Requirement already satisfied: numpy>=1.23 in /home/runner/micromamba/envs/tardis/lib/python3.12/site-packages (from astropy->tardis==0.0.0) (1.26.4)
2025-02-20T21:34:35.3955497Z Requirement already satisfied: pyerfa>=2.0.1.1 in /home/runner/micromamba/envs/tardis/lib/python3.12/site-packages (from astropy->tardis==0.0.0) (2.0.1.4)
2025-02-20T21:34:35.3965555Z Requirement already satisfied: astropy-iers-data>=0.2024.5.27.0.30.8 in /home/runner/micromamba/envs/tardis/lib/python3.12/site-packages (from astropy->tardis==0.0.0) (0.2024.6.17.0.31.35)
2025-02-20T21:34:35.3973575Z Requirement already satisfied: PyYAML>=3.13 in /home/runner/micromamba/envs/tardis/lib/python3.12/site-packages (from astropy->tardis==0.0.0) (6.0.1)
2025-02-20T21:34:35.3982884Z Requirement already satisfied: packaging>=19.0 in /home/runner/micromamba/envs/tardis/lib/python3.12/site-packages (from astropy->tardis==0.0.0) (24.1)
2025-02-20T21:34:35.4068664Z Building wheels for collected packages: tardis
2025-02-20T21:34:35.4077371Z   Building editable for tardis (pyproject.toml): started
2025-02-20T21:34:36.1474653Z   Building editable for tardis (pyproject.toml): finished with status 'done'
2025-02-20T21:34:36.1482227Z   Created wheel for tardis: filename=tardis-0.0.0-0.editable-py3-none-any.whl size=8879 sha256=c80c4104add951949d0ef5121f267dae59b83351468a5363adf5edf2e70859a4
2025-02-20T21:34:36.1483734Z   Stored in directory: /tmp/pip-ephem-wheel-cache-1bqd919h/wheels/6a/c7/ae/89fa6dc2565455898176888ef0e2e475e4e90eb0124afcb995
2025-02-20T21:34:36.1508901Z Successfully built tardis
2025-02-20T21:34:36.9018545Z Installing collected packages: tardis
2025-02-20T21:34:36.9110347Z Successfully installed tardis-0.0.0
2025-02-20T21:34:37.1053045Z ##[group]Run pip install qgridnext
2025-02-20T21:34:37.1053374Z [36;1mpip install qgridnext[0m
2025-02-20T21:34:37.1107346Z shell: /usr/bin/bash -l {0}
2025-02-20T21:34:37.1107581Z env:
2025-02-20T21:34:37.1107755Z   CACHE_NUMBER: 0
2025-02-20T21:34:37.1108386Z   PYTEST_FLAGS: --tardis-regression-data=/home/runner/work/tardis/tardis/tardis-regression-data --cov=tardis --cov-report=xml --cov-report=html --cov-append
2025-02-20T21:34:37.1109052Z   CODECOV_TOKEN: 
2025-02-20T21:34:37.1109424Z   MAMBA_ROOT_PREFIX: /home/runner/micromamba
2025-02-20T21:34:37.1109768Z   MAMBA_EXE: /home/runner/micromamba-bin/micromamba
2025-02-20T21:34:37.1110122Z   CONDARC: /home/runner/work/_temp/setup-micromamba/.condarc
2025-02-20T21:34:37.1110426Z ##[endgroup]
2025-02-20T21:34:37.7204682Z Collecting qgridnext
2025-02-20T21:34:37.7404130Z   Downloading qgridnext-2.0.4-py3-none-any.whl.metadata (9.9 kB)
2025-02-20T21:34:37.7487460Z Requirement already satisfied: pandas>=0.20.0 in /home/runner/micromamba/envs/tardis/lib/python3.12/site-packages (from qgridnext) (2.2.2)
2025-02-20T21:34:37.7495924Z Requirement already satisfied: ipywidgets>=7.0.0 in /home/runner/micromamba/envs/tardis/lib/python3.12/site-packages (from qgridnext) (7.8.0)
2025-02-20T21:34:37.7504712Z Requirement already satisfied: numpy in /home/runner/micromamba/envs/tardis/lib/python3.12/site-packages (from qgridnext) (1.26.4)
2025-02-20T21:34:37.7514355Z Requirement already satisfied: traitlets in /home/runner/micromamba/envs/tardis/lib/python3.12/site-packages (from qgridnext) (5.14.3)
2025-02-20T21:34:37.7597824Z Requirement already satisfied: comm>=0.1.3 in /home/runner/micromamba/envs/tardis/lib/python3.12/site-packages (from ipywidgets>=7.0.0->qgridnext) (0.2.2)
2025-02-20T21:34:37.7606202Z Requirement already satisfied: ipython-genutils~=0.2.0 in /home/runner/micromamba/envs/tardis/lib/python3.12/site-packages (from ipywidgets>=7.0.0->qgridnext) (0.2.0)
2025-02-20T21:34:37.7618248Z Requirement already satisfied: widgetsnbextension~=3.6.5 in /home/runner/micromamba/envs/tardis/lib/python3.12/site-packages (from ipywidgets>=7.0.0->qgridnext) (3.6.6)
2025-02-20T21:34:37.7635576Z Requirement already satisfied: ipython>=4.0.0 in /home/runner/micromamba/envs/tardis/lib/python3.12/site-packages (from ipywidgets>=7.0.0->qgridnext) (8.25.0)
2025-02-20T21:34:37.7649841Z Requirement already satisfied: jupyterlab-widgets<3,>=1.0.0 in /home/runner/micromamba/envs/tardis/lib/python3.12/site-packages (from ipywidgets>=7.0.0->qgridnext) (1.1.7)
2025-02-20T21:34:37.8085099Z Requirement already satisfied: python-dateutil>=2.8.2 in /home/runner/micromamba/envs/tardis/lib/python3.12/site-packages (from pandas>=0.20.0->qgridnext) (2.9.0)
2025-02-20T21:34:37.8097888Z Requirement already satisfied: pytz>=2020.1 in /home/runner/micromamba/envs/tardis/lib/python3.12/site-packages (from pandas>=0.20.0->qgridnext) (2024.1)
2025-02-20T21:34:37.8105627Z Requirement already satisfied: tzdata>=2022.7 in /home/runner/micromamba/envs/tardis/lib/python3.12/site-packages (from pandas>=0.20.0->qgridnext) (2024.1)
2025-02-20T21:34:37.8416472Z Requirement already satisfied: decorator in /home/runner/micromamba/envs/tardis/lib/python3.12/site-packages (from ipython>=4.0.0->ipywidgets>=7.0.0->qgridnext) (5.1.1)
2025-02-20T21:34:37.8430318Z Requirement already satisfied: jedi>=0.16 in /home/runner/micromamba/envs/tardis/lib/python3.12/site-packages (from ipython>=4.0.0->ipywidgets>=7.0.0->qgridnext) (0.19.1)
2025-02-20T21:34:37.8438140Z Requirement already satisfied: matplotlib-inline in /home/runner/micromamba/envs/tardis/lib/python3.12/site-packages (from ipython>=4.0.0->ipywidgets>=7.0.0->qgridnext) (0.1.7)
2025-02-20T21:34:37.8448897Z Requirement already satisfied: prompt-toolkit<3.1.0,>=3.0.41 in /home/runner/micromamba/envs/tardis/lib/python3.12/site-packages (from ipython>=4.0.0->ipywidgets>=7.0.0->qgridnext) (3.0.47)
2025-02-20T21:34:37.8457883Z Requirement already satisfied: pygments>=2.4.0 in /home/runner/micromamba/envs/tardis/lib/python3.12/site-packages (from ipython>=4.0.0->ipywidgets>=7.0.0->qgridnext) (2.18.0)
2025-02-20T21:34:37.8467117Z Requirement already satisfied: stack-data in /home/runner/micromamba/envs/tardis/lib/python3.12/site-packages (from ipython>=4.0.0->ipywidgets>=7.0.0->qgridnext) (0.6.2)
2025-02-20T21:34:37.8485529Z Requirement already satisfied: pexpect>4.3 in /home/runner/micromamba/envs/tardis/lib/python3.12/site-packages (from ipython>=4.0.0->ipywidgets>=7.0.0->qgridnext) (4.9.0)
2025-02-20T21:34:37.8533103Z Requirement already satisfied: six>=1.5 in /home/runner/micromamba/envs/tardis/lib/python3.12/site-packages (from python-dateutil>=2.8.2->pandas>=0.20.0->qgridnext) (1.16.0)
2025-02-20T21:34:37.8588647Z Requirement already satisfied: notebook>=4.4.1 in /home/runner/micromamba/envs/tardis/lib/python3.12/site-packages (from widgetsnbextension~=3.6.5->ipywidgets>=7.0.0->qgridnext) (7.2.1)
2025-02-20T21:34:37.8771933Z Requirement already satisfied: parso<0.9.0,>=0.8.3 in /home/runner/micromamba/envs/tardis/lib/python3.12/site-packages (from jedi>=0.16->ipython>=4.0.0->ipywidgets>=7.0.0->qgridnext) (0.8.4)
2025-02-20T21:34:37.8912896Z Requirement already satisfied: jupyter-server<3,>=2.4.0 in /home/runner/micromamba/envs/tardis/lib/python3.12/site-packages (from notebook>=4.4.1->widgetsnbextension~=3.6.5->ipywidgets>=7.0.0->qgridnext) (2.14.1)
2025-02-20T21:34:37.8925279Z Requirement already satisfied: jupyterlab-server<3,>=2.27.1 in /home/runner/micromamba/envs/tardis/lib/python3.12/site-packages (from notebook>=4.4.1->widgetsnbextension~=3.6.5->ipywidgets>=7.0.0->qgridnext) (2.27.2)
2025-02-20T21:34:37.8939968Z Requirement already satisfied: jupyterlab<4.3,>=4.2.0 in /home/runner/micromamba/envs/tardis/lib/python3.12/site-packages (from notebook>=4.4.1->widgetsnbextension~=3.6.5->ipywidgets>=7.0.0->qgridnext) (4.2.2)
2025-02-20T21:34:37.8949980Z Requirement already satisfied: notebook-shim<0.3,>=0.2 in /home/runner/micromamba/envs/tardis/lib/python3.12/site-packages (from notebook>=4.4.1->widgetsnbextension~=3.6.5->ipywidgets>=7.0.0->qgridnext) (0.2.4)
2025-02-20T21:34:37.8957715Z Requirement already satisfied: tornado>=6.2.0 in /home/runner/micromamba/envs/tardis/lib/python3.12/site-packages (from notebook>=4.4.1->widgetsnbextension~=3.6.5->ipywidgets>=7.0.0->qgridnext) (6.4.1)
2025-02-20T21:34:37.8986478Z Requirement already satisfied: ptyprocess>=0.5 in /home/runner/micromamba/envs/tardis/lib/python3.12/site-packages (from pexpect>4.3->ipython>=4.0.0->ipywidgets>=7.0.0->qgridnext) (0.7.0)
2025-02-20T21:34:37.9014393Z Requirement already satisfied: wcwidth in /home/runner/micromamba/envs/tardis/lib/python3.12/site-packages (from prompt-toolkit<3.1.0,>=3.0.41->ipython>=4.0.0->ipywidgets>=7.0.0->qgridnext) (0.2.13)
2025-02-20T21:34:37.9147986Z Requirement already satisfied: executing>=1.2.0 in /home/runner/micromamba/envs/tardis/lib/python3.12/site-packages (from stack-data->ipython>=4.0.0->ipywidgets>=7.0.0->qgridnext) (2.0.1)
2025-02-20T21:34:37.9157177Z Requirement already satisfied: asttokens>=2.1.0 in /home/runner/micromamba/envs/tardis/lib/python3.12/site-packages (from stack-data->ipython>=4.0.0->ipywidgets>=7.0.0->qgridnext) (2.4.1)
2025-02-20T21:34:37.9164372Z Requirement already satisfied: pure-eval in /home/runner/micromamba/envs/tardis/lib/python3.12/site-packages (from stack-data->ipython>=4.0.0->ipywidgets>=7.0.0->qgridnext) (0.2.2)
2025-02-20T21:34:37.9496296Z Requirement already satisfied: anyio>=3.1.0 in /home/runner/micromamba/envs/tardis/lib/python3.12/site-packages (from jupyter-server<3,>=2.4.0->notebook>=4.4.1->widgetsnbextension~=3.6.5->ipywidgets>=7.0.0->qgridnext) (4.4.0)
2025-02-20T21:34:37.9505845Z Requirement already satisfied: argon2-cffi>=21.1 in /home/runner/micromamba/envs/tardis/lib/python3.12/site-packages (from jupyter-server<3,>=2.4.0->notebook>=4.4.1->widgetsnbextension~=3.6.5->ipywidgets>=7.0.0->qgridnext) (23.1.0)
2025-02-20T21:34:37.9514423Z Requirement already satisfied: jinja2>=3.0.3 in /home/runner/micromamba/envs/tardis/lib/python3.12/site-packages (from jupyter-server<3,>=2.4.0->notebook>=4.4.1->widgetsnbextension~=3.6.5->ipywidgets>=7.0.0->qgridnext) (3.1.4)
2025-02-20T21:34:37.9525518Z Requirement already satisfied: jupyter-client>=7.4.4 in /home/runner/micromamba/envs/tardis/lib/python3.12/site-packages (from jupyter-server<3,>=2.4.0->notebook>=4.4.1->widgetsnbextension~=3.6.5->ipywidgets>=7.0.0->qgridnext) (8.6.2)
2025-02-20T21:34:37.9536733Z Requirement already satisfied: jupyter-core!=5.0.*,>=4.12 in /home/runner/micromamba/envs/tardis/lib/python3.12/site-packages (from jupyter-server<3,>=2.4.0->notebook>=4.4.1->widgetsnbextension~=3.6.5->ipywidgets>=7.0.0->qgridnext) (5.7.2)
2025-02-20T21:34:37.9547673Z Requirement already satisfied: jupyter-events>=0.9.0 in /home/runner/micromamba/envs/tardis/lib/python3.12/site-packages (from jupyter-server<3,>=2.4.0->notebook>=4.4.1->widgetsnbextension~=3.6.5->ipywidgets>=7.0.0->qgridnext) (0.10.0)
2025-02-20T21:34:37.9558458Z Requirement already satisfied: jupyter-server-terminals>=0.4.4 in /home/runner/micromamba/envs/tardis/lib/python3.12/site-packages (from jupyter-server<3,>=2.4.0->notebook>=4.4.1->widgetsnbextension~=3.6.5->ipywidgets>=7.0.0->qgridnext) (0.5.3)
2025-02-20T21:34:37.9571695Z Requirement already satisfied: nbconvert>=6.4.4 in /home/runner/micromamba/envs/tardis/lib/python3.12/site-packages (from jupyter-server<3,>=2.4.0->notebook>=4.4.1->widgetsnbextension~=3.6.5->ipywidgets>=7.0.0->qgridnext) (7.16.4)
2025-02-20T21:34:37.9581691Z Requirement already satisfied: nbformat>=5.3.0 in /home/runner/micromamba/envs/tardis/lib/python3.12/site-packages (from jupyter-server<3,>=2.4.0->notebook>=4.4.1->widgetsnbextension~=3.6.5->ipywidgets>=7.0.0->qgridnext) (5.10.4)
2025-02-20T21:34:37.9590400Z Requirement already satisfied: overrides>=5.0 in /home/runner/micromamba/envs/tardis/lib/python3.12/site-packages (from jupyter-server<3,>=2.4.0->notebook>=4.4.1->widgetsnbextension~=3.6.5->ipywidgets>=7.0.0->qgridnext) (7.7.0)
2025-02-20T21:34:37.9599746Z Requirement already satisfied: packaging>=22.0 in /home/runner/micromamba/envs/tardis/lib/python3.12/site-packages (from jupyter-server<3,>=2.4.0->notebook>=4.4.1->widgetsnbextension~=3.6.5->ipywidgets>=7.0.0->qgridnext) (24.1)
2025-02-20T21:34:37.9607834Z Requirement already satisfied: prometheus-client>=0.9 in /home/runner/micromamba/envs/tardis/lib/python3.12/site-packages (from jupyter-server<3,>=2.4.0->notebook>=4.4.1->widgetsnbextension~=3.6.5->ipywidgets>=7.0.0->qgridnext) (0.20.0)
2025-02-20T21:34:37.9618024Z Requirement already satisfied: pyzmq>=24 in /home/runner/micromamba/envs/tardis/lib/python3.12/site-packages (from jupyter-server<3,>=2.4.0->notebook>=4.4.1->widgetsnbextension~=3.6.5->ipywidgets>=7.0.0->qgridnext) (26.0.3)
2025-02-20T21:34:37.9626795Z Requirement already satisfied: send2trash>=1.8.2 in /home/runner/micromamba/envs/tardis/lib/python3.12/site-packages (from jupyter-server<3,>=2.4.0->notebook>=4.4.1->widgetsnbextension~=3.6.5->ipywidgets>=7.0.0->qgridnext) (1.8.3)
2025-02-20T21:34:37.9637856Z Requirement already satisfied: terminado>=0.8.3 in /home/runner/micromamba/envs/tardis/lib/python3.12/site-packages (from jupyter-server<3,>=2.4.0->notebook>=4.4.1->widgetsnbextension~=3.6.5->ipywidgets>=7.0.0->qgridnext) (0.18.1)
2025-02-20T21:34:37.9654550Z Requirement already satisfied: websocket-client>=1.7 in /home/runner/micromamba/envs/tardis/lib/python3.12/site-packages (from jupyter-server<3,>=2.4.0->notebook>=4.4.1->widgetsnbextension~=3.6.5->ipywidgets>=7.0.0->qgridnext) (1.8.0)
2025-02-20T21:34:37.9932055Z Requirement already satisfied: async-lru>=1.0.0 in /home/runner/micromamba/envs/tardis/lib/python3.12/site-packages (from jupyterlab<4.3,>=4.2.0->notebook>=4.4.1->widgetsnbextension~=3.6.5->ipywidgets>=7.0.0->qgridnext) (2.0.4)
2025-02-20T21:34:37.9943324Z Requirement already satisfied: httpx>=0.25.0 in /home/runner/micromamba/envs/tardis/lib/python3.12/site-packages (from jupyterlab<4.3,>=4.2.0->notebook>=4.4.1->widgetsnbextension~=3.6.5->ipywidgets>=7.0.0->qgridnext) (0.27.0)
2025-02-20T21:34:37.9954712Z Requirement already satisfied: ipykernel>=6.5.0 in /home/runner/micromamba/envs/tardis/lib/python3.12/site-packages (from jupyterlab<4.3,>=4.2.0->notebook>=4.4.1->widgetsnbextension~=3.6.5->ipywidgets>=7.0.0->qgridnext) (6.29.4)
2025-02-20T21:34:37.9968133Z Requirement already satisfied: jupyter-lsp>=2.0.0 in /home/runner/micromamba/envs/tardis/lib/python3.12/site-packages (from jupyterlab<4.3,>=4.2.0->notebook>=4.4.1->widgetsnbextension~=3.6.5->ipywidgets>=7.0.0->qgridnext) (2.2.5)
2025-02-20T21:34:37.9994620Z Requirement already satisfied: setuptools>=40.1.0 in /home/runner/micromamba/envs/tardis/lib/python3.12/site-packages (from jupyterlab<4.3,>=4.2.0->notebook>=4.4.1->widgetsnbextension~=3.6.5->ipywidgets>=7.0.0->qgridnext) (70.0.0)
2025-02-20T21:34:38.0180988Z Requirement already satisfied: babel>=2.10 in /home/runner/micromamba/envs/tardis/lib/python3.12/site-packages (from jupyterlab-server<3,>=2.27.1->notebook>=4.4.1->widgetsnbextension~=3.6.5->ipywidgets>=7.0.0->qgridnext) (2.14.0)
2025-02-20T21:34:38.0207413Z Requirement already satisfied: json5>=0.9.0 in /home/runner/micromamba/envs/tardis/lib/python3.12/site-packages (from jupyterlab-server<3,>=2.27.1->notebook>=4.4.1->widgetsnbextension~=3.6.5->ipywidgets>=7.0.0->qgridnext) (0.9.25)
2025-02-20T21:34:38.0217661Z Requirement already satisfied: jsonschema>=4.18.0 in /home/runner/micromamba/envs/tardis/lib/python3.12/site-packages (from jupyterlab-server<3,>=2.27.1->notebook>=4.4.1->widgetsnbextension~=3.6.5->ipywidgets>=7.0.0->qgridnext) (4.22.0)
2025-02-20T21:34:38.0236878Z Requirement already satisfied: requests>=2.31 in /home/runner/micromamba/envs/tardis/lib/python3.12/site-packages (from jupyterlab-server<3,>=2.27.1->notebook>=4.4.1->widgetsnbextension~=3.6.5->ipywidgets>=7.0.0->qgridnext) (2.32.3)
2025-02-20T21:34:38.0584103Z Requirement already satisfied: idna>=2.8 in /home/runner/micromamba/envs/tardis/lib/python3.12/site-packages (from anyio>=3.1.0->jupyter-server<3,>=2.4.0->notebook>=4.4.1->widgetsnbextension~=3.6.5->ipywidgets>=7.0.0->qgridnext) (3.7)
2025-02-20T21:34:38.0592773Z Requirement already satisfied: sniffio>=1.1 in /home/runner/micromamba/envs/tardis/lib/python3.12/site-packages (from anyio>=3.1.0->jupyter-server<3,>=2.4.0->notebook>=4.4.1->widgetsnbextension~=3.6.5->ipywidgets>=7.0.0->qgridnext) (1.3.1)
2025-02-20T21:34:38.0682432Z Requirement already satisfied: argon2-cffi-bindings in /home/runner/micromamba/envs/tardis/lib/python3.12/site-packages (from argon2-cffi>=21.1->jupyter-server<3,>=2.4.0->notebook>=4.4.1->widgetsnbextension~=3.6.5->ipywidgets>=7.0.0->qgridnext) (21.2.0)
2025-02-20T21:34:38.0850105Z Requirement already satisfied: certifi in /home/runner/micromamba/envs/tardis/lib/python3.12/site-packages (from httpx>=0.25.0->jupyterlab<4.3,>=4.2.0->notebook>=4.4.1->widgetsnbextension~=3.6.5->ipywidgets>=7.0.0->qgridnext) (2024.6.2)
2025-02-20T21:34:38.0864787Z Requirement already satisfied: httpcore==1.* in /home/runner/micromamba/envs/tardis/lib/python3.12/site-packages (from httpx>=0.25.0->jupyterlab<4.3,>=4.2.0->notebook>=4.4.1->widgetsnbextension~=3.6.5->ipywidgets>=7.0.0->qgridnext) (1.0.5)
2025-02-20T21:34:38.0941581Z Requirement already satisfied: h11<0.15,>=0.13 in /home/runner/micromamba/envs/tardis/lib/python3.12/site-packages (from httpcore==1.*->httpx>=0.25.0->jupyterlab<4.3,>=4.2.0->notebook>=4.4.1->widgetsnbextension~=3.6.5->ipywidgets>=7.0.0->qgridnext) (0.14.0)
2025-02-20T21:34:38.1122173Z Requirement already satisfied: debugpy>=1.6.5 in /home/runner/micromamba/envs/tardis/lib/python3.12/site-packages (from ipykernel>=6.5.0->jupyterlab<4.3,>=4.2.0->notebook>=4.4.1->widgetsnbextension~=3.6.5->ipywidgets>=7.0.0->qgridnext) (1.8.1)
2025-02-20T21:34:38.1142539Z Requirement already satisfied: nest-asyncio in /home/runner/micromamba/envs/tardis/lib/python3.12/site-packages (from ipykernel>=6.5.0->jupyterlab<4.3,>=4.2.0->notebook>=4.4.1->widgetsnbextension~=3.6.5->ipywidgets>=7.0.0->qgridnext) (1.6.0)
2025-02-20T21:34:38.1156803Z Requirement already satisfied: psutil in /home/runner/micromamba/envs/tardis/lib/python3.12/site-packages (from ipykernel>=6.5.0->jupyterlab<4.3,>=4.2.0->notebook>=4.4.1->widgetsnbextension~=3.6.5->ipywidgets>=7.0.0->qgridnext) (5.9.8)
2025-02-20T21:34:38.1217989Z Requirement already satisfied: MarkupSafe>=2.0 in /home/runner/micromamba/envs/tardis/lib/python3.12/site-packages (from jinja2>=3.0.3->jupyter-server<3,>=2.4.0->notebook>=4.4.1->widgetsnbextension~=3.6.5->ipywidgets>=7.0.0->qgridnext) (2.1.5)
2025-02-20T21:34:38.1407379Z Requirement already satisfied: attrs>=22.2.0 in /home/runner/micromamba/envs/tardis/lib/python3.12/site-packages (from jsonschema>=4.18.0->jupyterlab-server<3,>=2.27.1->notebook>=4.4.1->widgetsnbextension~=3.6.5->ipywidgets>=7.0.0->qgridnext) (23.2.0)
2025-02-20T21:34:38.1417175Z Requirement already satisfied: jsonschema-specifications>=2023.03.6 in /home/runner/micromamba/envs/tardis/lib/python3.12/site-packages (from jsonschema>=4.18.0->jupyterlab-server<3,>=2.27.1->notebook>=4.4.1->widgetsnbextension~=3.6.5->ipywidgets>=7.0.0->qgridnext) (2023.12.1)
2025-02-20T21:34:38.1425749Z Requirement already satisfied: referencing>=0.28.4 in /home/runner/micromamba/envs/tardis/lib/python3.12/site-packages (from jsonschema>=4.18.0->jupyterlab-server<3,>=2.27.1->notebook>=4.4.1->widgetsnbextension~=3.6.5->ipywidgets>=7.0.0->qgridnext) (0.35.1)
2025-02-20T21:34:38.1434573Z Requirement already satisfied: rpds-py>=0.7.1 in /home/runner/micromamba/envs/tardis/lib/python3.12/site-packages (from jsonschema>=4.18.0->jupyterlab-server<3,>=2.27.1->notebook>=4.4.1->widgetsnbextension~=3.6.5->ipywidgets>=7.0.0->qgridnext) (0.18.1)
2025-02-20T21:34:38.1691700Z Requirement already satisfied: platformdirs>=2.5 in /home/runner/micromamba/envs/tardis/lib/python3.12/site-packages (from jupyter-core!=5.0.*,>=4.12->jupyter-server<3,>=2.4.0->notebook>=4.4.1->widgetsnbextension~=3.6.5->ipywidgets>=7.0.0->qgridnext) (4.2.2)
2025-02-20T21:34:38.1837966Z Requirement already satisfied: python-json-logger>=2.0.4 in /home/runner/micromamba/envs/tardis/lib/python3.12/site-packages (from jupyter-events>=0.9.0->jupyter-server<3,>=2.4.0->notebook>=4.4.1->widgetsnbextension~=3.6.5->ipywidgets>=7.0.0->qgridnext) (2.0.7)
2025-02-20T21:34:38.1846397Z Requirement already satisfied: pyyaml>=5.3 in /home/runner/micromamba/envs/tardis/lib/python3.12/site-packages (from jupyter-events>=0.9.0->jupyter-server<3,>=2.4.0->notebook>=4.4.1->widgetsnbextension~=3.6.5->ipywidgets>=7.0.0->qgridnext) (6.0.1)
2025-02-20T21:34:38.1856685Z Requirement already satisfied: rfc3339-validator in /home/runner/micromamba/envs/tardis/lib/python3.12/site-packages (from jupyter-events>=0.9.0->jupyter-server<3,>=2.4.0->notebook>=4.4.1->widgetsnbextension~=3.6.5->ipywidgets>=7.0.0->qgridnext) (0.1.4)
2025-02-20T21:34:38.1864817Z Requirement already satisfied: rfc3986-validator>=0.1.1 in /home/runner/micromamba/envs/tardis/lib/python3.12/site-packages (from jupyter-events>=0.9.0->jupyter-server<3,>=2.4.0->notebook>=4.4.1->widgetsnbextension~=3.6.5->ipywidgets>=7.0.0->qgridnext) (0.1.1)
2025-02-20T21:34:38.2284457Z Requirement already satisfied: beautifulsoup4 in /home/runner/micromamba/envs/tardis/lib/python3.12/site-packages (from nbconvert>=6.4.4->jupyter-server<3,>=2.4.0->notebook>=4.4.1->widgetsnbextension~=3.6.5->ipywidgets>=7.0.0->qgridnext) (4.12.3)
2025-02-20T21:34:38.2303036Z Requirement already satisfied: bleach!=5.0.0 in /home/runner/micromamba/envs/tardis/lib/python3.12/site-packages (from nbconvert>=6.4.4->jupyter-server<3,>=2.4.0->notebook>=4.4.1->widgetsnbextension~=3.6.5->ipywidgets>=7.0.0->qgridnext) (6.1.0)
2025-02-20T21:34:38.2316847Z Requirement already satisfied: defusedxml in /home/runner/micromamba/envs/tardis/lib/python3.12/site-packages (from nbconvert>=6.4.4->jupyter-server<3,>=2.4.0->notebook>=4.4.1->widgetsnbextension~=3.6.5->ipywidgets>=7.0.0->qgridnext) (0.7.1)
2025-02-20T21:34:38.2330789Z Requirement already satisfied: jupyterlab-pygments in /home/runner/micromamba/envs/tardis/lib/python3.12/site-packages (from nbconvert>=6.4.4->jupyter-server<3,>=2.4.0->notebook>=4.4.1->widgetsnbextension~=3.6.5->ipywidgets>=7.0.0->qgridnext) (0.3.0)
2025-02-20T21:34:38.2342311Z Requirement already satisfied: mistune<4,>=2.0.3 in /home/runner/micromamba/envs/tardis/lib/python3.12/site-packages (from nbconvert>=6.4.4->jupyter-server<3,>=2.4.0->notebook>=4.4.1->widgetsnbextension~=3.6.5->ipywidgets>=7.0.0->qgridnext) (3.0.2)
2025-02-20T21:34:38.2354442Z Requirement already satisfied: nbclient>=0.5.0 in /home/runner/micromamba/envs/tardis/lib/python3.12/site-packages (from nbconvert>=6.4.4->jupyter-server<3,>=2.4.0->notebook>=4.4.1->widgetsnbextension~=3.6.5->ipywidgets>=7.0.0->qgridnext) (0.10.0)
2025-02-20T21:34:38.2370290Z Requirement already satisfied: pandocfilters>=1.4.1 in /home/runner/micromamba/envs/tardis/lib/python3.12/site-packages (from nbconvert>=6.4.4->jupyter-server<3,>=2.4.0->notebook>=4.4.1->widgetsnbextension~=3.6.5->ipywidgets>=7.0.0->qgridnext) (1.5.0)
2025-02-20T21:34:38.2379445Z Requirement already satisfied: tinycss2 in /home/runner/micromamba/envs/tardis/lib/python3.12/site-packages (from nbconvert>=6.4.4->jupyter-server<3,>=2.4.0->notebook>=4.4.1->widgetsnbextension~=3.6.5->ipywidgets>=7.0.0->qgridnext) (1.3.0)
2025-02-20T21:34:38.2494578Z Requirement already satisfied: fastjsonschema>=2.15 in /home/runner/micromamba/envs/tardis/lib/python3.12/site-packages (from nbformat>=5.3.0->jupyter-server<3,>=2.4.0->notebook>=4.4.1->widgetsnbextension~=3.6.5->ipywidgets>=7.0.0->qgridnext) (2.20.0)
2025-02-20T21:34:38.2799809Z Requirement already satisfied: charset-normalizer<4,>=2 in /home/runner/micromamba/envs/tardis/lib/python3.12/site-packages (from requests>=2.31->jupyterlab-server<3,>=2.27.1->notebook>=4.4.1->widgetsnbextension~=3.6.5->ipywidgets>=7.0.0->qgridnext) (3.3.2)
2025-02-20T21:34:38.2812599Z Requirement already satisfied: urllib3<3,>=1.21.1 in /home/runner/micromamba/envs/tardis/lib/python3.12/site-packages (from requests>=2.31->jupyterlab-server<3,>=2.27.1->notebook>=4.4.1->widgetsnbextension~=3.6.5->ipywidgets>=7.0.0->qgridnext) (2.2.2)
2025-02-20T21:34:38.3588805Z Requirement already satisfied: webencodings in /home/runner/micromamba/envs/tardis/lib/python3.12/site-packages (from bleach!=5.0.0->nbconvert>=6.4.4->jupyter-server<3,>=2.4.0->notebook>=4.4.1->widgetsnbextension~=3.6.5->ipywidgets>=7.0.0->qgridnext) (0.5.1)
2025-02-20T21:34:38.4146377Z Requirement already satisfied: fqdn in /home/runner/micromamba/envs/tardis/lib/python3.12/site-packages (from jsonschema[format-nongpl]>=4.18.0->jupyter-events>=0.9.0->jupyter-server<3,>=2.4.0->notebook>=4.4.1->widgetsnbextension~=3.6.5->ipywidgets>=7.0.0->qgridnext) (1.5.1)
2025-02-20T21:34:38.4162883Z Requirement already satisfied: isoduration in /home/runner/micromamba/envs/tardis/lib/python3.12/site-packages (from jsonschema[format-nongpl]>=4.18.0->jupyter-events>=0.9.0->jupyter-server<3,>=2.4.0->notebook>=4.4.1->widgetsnbextension~=3.6.5->ipywidgets>=7.0.0->qgridnext) (20.11.0)
2025-02-20T21:34:38.4175897Z Requirement already satisfied: jsonpointer>1.13 in /home/runner/micromamba/envs/tardis/lib/python3.12/site-packages (from jsonschema[format-nongpl]>=4.18.0->jupyter-events>=0.9.0->jupyter-server<3,>=2.4.0->notebook>=4.4.1->widgetsnbextension~=3.6.5->ipywidgets>=7.0.0->qgridnext) (3.0.0)
2025-02-20T21:34:38.4192213Z Requirement already satisfied: uri-template in /home/runner/micromamba/envs/tardis/lib/python3.12/site-packages (from jsonschema[format-nongpl]>=4.18.0->jupyter-events>=0.9.0->jupyter-server<3,>=2.4.0->notebook>=4.4.1->widgetsnbextension~=3.6.5->ipywidgets>=7.0.0->qgridnext) (1.3.0)
2025-02-20T21:34:38.4205565Z Requirement already satisfied: webcolors>=1.11 in /home/runner/micromamba/envs/tardis/lib/python3.12/site-packages (from jsonschema[format-nongpl]>=4.18.0->jupyter-events>=0.9.0->jupyter-server<3,>=2.4.0->notebook>=4.4.1->widgetsnbextension~=3.6.5->ipywidgets>=7.0.0->qgridnext) (24.6.0)
2025-02-20T21:34:38.5212927Z Requirement already satisfied: cffi>=1.0.1 in /home/runner/micromamba/envs/tardis/lib/python3.12/site-packages (from argon2-cffi-bindings->argon2-cffi>=21.1->jupyter-server<3,>=2.4.0->notebook>=4.4.1->widgetsnbextension~=3.6.5->ipywidgets>=7.0.0->qgridnext) (1.16.0)
2025-02-20T21:34:38.5309575Z Requirement already satisfied: soupsieve>1.2 in /home/runner/micromamba/envs/tardis/lib/python3.12/site-packages (from beautifulsoup4->nbconvert>=6.4.4->jupyter-server<3,>=2.4.0->notebook>=4.4.1->widgetsnbextension~=3.6.5->ipywidgets>=7.0.0->qgridnext) (2.5)
2025-02-20T21:34:38.5836046Z Requirement already satisfied: pycparser in /home/runner/micromamba/envs/tardis/lib/python3.12/site-packages (from cffi>=1.0.1->argon2-cffi-bindings->argon2-cffi>=21.1->jupyter-server<3,>=2.4.0->notebook>=4.4.1->widgetsnbextension~=3.6.5->ipywidgets>=7.0.0->qgridnext) (2.22)
2025-02-20T21:34:38.6337554Z Requirement already satisfied: arrow>=0.15.0 in /home/runner/micromamba/envs/tardis/lib/python3.12/site-packages (from isoduration->jsonschema[format-nongpl]>=4.18.0->jupyter-events>=0.9.0->jupyter-server<3,>=2.4.0->notebook>=4.4.1->widgetsnbextension~=3.6.5->ipywidgets>=7.0.0->qgridnext) (1.3.0)
2025-02-20T21:34:38.6633478Z Requirement already satisfied: types-python-dateutil>=2.8.10 in /home/runner/micromamba/envs/tardis/lib/python3.12/site-packages (from arrow>=0.15.0->isoduration->jsonschema[format-nongpl]>=4.18.0->jupyter-events>=0.9.0->jupyter-server<3,>=2.4.0->notebook>=4.4.1->widgetsnbextension~=3.6.5->ipywidgets>=7.0.0->qgridnext) (2.9.0.20240316)
2025-02-20T21:34:38.6915897Z Downloading qgridnext-2.0.4-py3-none-any.whl (1.3 MB)
2025-02-20T21:34:38.7104953Z    ━━━━━━━━━━━━━━━━━━━━━━━━━━━━━━━━━━━━━━━━ 1.3/1.3 MB 75.4 MB/s eta 0:00:00
2025-02-20T21:34:39.4905513Z Installing collected packages: qgridnext
2025-02-20T21:34:39.5637910Z Successfully installed qgridnext-2.0.4
2025-02-20T21:34:39.7408072Z ##[group]Run pytest tardis --tardis-regression-data=/home/runner/work/tardis/tardis/tardis-regression-data --cov=tardis --cov-report=xml --cov-report=html --cov-append -m " continuum"
2025-02-20T21:34:39.7409666Z [36;1mpytest tardis --tardis-regression-data=/home/runner/work/tardis/tardis/tardis-regression-data --cov=tardis --cov-report=xml --cov-report=html --cov-append -m " continuum"[0m
2025-02-20T21:34:39.7464296Z shell: /usr/bin/bash -l {0}
2025-02-20T21:34:39.7464544Z env:
2025-02-20T21:34:39.7464719Z   CACHE_NUMBER: 0
2025-02-20T21:34:39.7465337Z   PYTEST_FLAGS: --tardis-regression-data=/home/runner/work/tardis/tardis/tardis-regression-data --cov=tardis --cov-report=xml --cov-report=html --cov-append
2025-02-20T21:34:39.7465984Z   CODECOV_TOKEN: 
2025-02-20T21:34:39.7466200Z   MAMBA_ROOT_PREFIX: /home/runner/micromamba
2025-02-20T21:34:39.7466493Z   MAMBA_EXE: /home/runner/micromamba-bin/micromamba
2025-02-20T21:34:39.7466872Z   CONDARC: /home/runner/work/_temp/setup-micromamba/.condarc
2025-02-20T21:34:39.7467177Z ##[endgroup]
2025-02-20T21:34:48.4548172Z ============================= test session starts ==============================
2025-02-20T21:34:48.4548911Z platform linux -- Python 3.12.4, pytest-8.2.2, pluggy-1.5.0
2025-02-20T21:34:48.4549921Z rootdir: /home/runner/work/tardis/tardis
2025-02-20T21:34:48.4550469Z configfile: pyproject.toml
2025-02-20T21:34:48.4551059Z plugins: metadata-3.1.1, anyio-4.4.0, doctestplus-1.2.1, cov-5.0.0, html-4.1.1
2025-02-20T21:34:48.4551781Z collected 1796 items / 1794 deselected / 2 selected
2025-02-20T21:34:48.4552155Z 
2025-02-20T21:36:38.2897977Z tardis/transport/montecarlo/estimators/tests/test_continuum_property_solver.py . [ 50%]
2025-02-20T21:36:38.2899902Z                                                                          [ 50%]
2025-02-20T21:37:10.9754139Z tardis/transport/montecarlo/tests/test_continuum.py .                    [100%]
2025-02-20T21:37:10.9754728Z 
2025-02-20T21:37:10.9754951Z =============================== warnings summary ===============================
2025-02-20T21:37:10.9755545Z tardis/io/configuration/config_validator.py:6
2025-02-20T21:37:10.9756144Z tardis/io/configuration/config_validator.py:6
2025-02-20T21:37:10.9757153Z   /home/runner/work/tardis/tardis/tardis/io/configuration/config_validator.py:6: DeprecationWarning:
2025-02-20T21:37:10.9758178Z   
2025-02-20T21:37:10.9760737Z   jsonschema.RefResolver is deprecated as of v4.18.0, in favor of the https://github.com/python-jsonschema/referencing library, which provides more compliant referencing behavior as well as more flexible APIs for customization. A future release will remove RefResolver. Please file a feature request (on referencing) if you are missing an API for the kind of customization you need.
2025-02-20T21:37:10.9762426Z 
2025-02-20T21:37:10.9762750Z ../../../micromamba/envs/tardis/lib/python3.12/site-packages/jupyter_client/connect.py:22
2025-02-20T21:37:10.9763639Z   /home/runner/micromamba/envs/tardis/lib/python3.12/site-packages/jupyter_client/connect.py:22: DeprecationWarning:
2025-02-20T21:37:10.9764144Z   
2025-02-20T21:37:10.9764384Z   Jupyter is migrating its paths to use standard platformdirs
2025-02-20T21:37:10.9764769Z   given by the platformdirs library.  To remove this warning and
2025-02-20T21:37:10.9765187Z   see the appropriate new directories, set the environment variable
2025-02-20T21:37:10.9765907Z   `JUPYTER_PLATFORM_DIRS=1` and then run `jupyter --paths`.
2025-02-20T21:37:10.9766291Z   The use of platformdirs will be the default in `jupyter_core` v6
2025-02-20T21:37:10.9766530Z 
2025-02-20T21:37:10.9773660Z tardis/transport/montecarlo/estimators/tests/test_continuum_property_solver.py::test_continuum_estimators
2025-02-20T21:37:10.9774489Z   /home/runner/work/tardis/tardis/tardis/transport/montecarlo/montecarlo_main_loop.py:123: NumbaTypeSafetyWarning:
2025-02-20T21:37:10.9775020Z   
2025-02-20T21:37:10.9775535Z   [1m[1m[1munsafe cast from uint64 to int64. Precision may be lost.[0m[0m[0m
2025-02-20T21:37:10.9776144Z 
2025-02-20T21:37:10.9776369Z -- Docs: https://docs.pytest.org/en/stable/how-to/capture-warnings.html
2025-02-20T21:37:10.9776661Z 
2025-02-20T21:37:10.9776828Z ---------- coverage: platform linux, python 3.12.4-final-0 -----------
2025-02-20T21:37:10.9777193Z Coverage HTML written to dir coverage_html_report
2025-02-20T21:37:10.9777502Z Coverage XML written to file coverage.xml
2025-02-20T21:37:10.9777690Z 
2025-02-20T21:37:10.9777853Z ========== 2 passed, 1794 deselected, 4 warnings in 144.15s (0:02:24) ==========
2025-02-20T21:37:12.1538077Z ##[group]Run mv .coverage .coverage.3
2025-02-20T21:37:12.1538406Z [36;1mmv .coverage .coverage.3[0m
2025-02-20T21:37:12.1591865Z shell: /usr/bin/bash -l {0}
2025-02-20T21:37:12.1592097Z env:
2025-02-20T21:37:12.1592269Z   CACHE_NUMBER: 0
2025-02-20T21:37:12.1592893Z   PYTEST_FLAGS: --tardis-regression-data=/home/runner/work/tardis/tardis/tardis-regression-data --cov=tardis --cov-report=xml --cov-report=html --cov-append
2025-02-20T21:37:12.1593547Z   CODECOV_TOKEN: 
2025-02-20T21:37:12.1593768Z   MAMBA_ROOT_PREFIX: /home/runner/micromamba
2025-02-20T21:37:12.1594069Z   MAMBA_EXE: /home/runner/micromamba-bin/micromamba
2025-02-20T21:37:12.1594421Z   CONDARC: /home/runner/work/_temp/setup-micromamba/.condarc
2025-02-20T21:37:12.1594738Z ##[endgroup]
2025-02-20T21:37:12.2757365Z ##[group]Run actions/upload-artifact@v4
2025-02-20T21:37:12.2757684Z with:
2025-02-20T21:37:12.2757902Z   name: coverage--continuum-ubuntu-latest
2025-02-20T21:37:12.2758195Z   include-hidden-files: true
2025-02-20T21:37:12.2758441Z   path: .coverage*
!.coveragerc

2025-02-20T21:37:12.2758680Z   if-no-files-found: warn
2025-02-20T21:37:12.2758899Z   compression-level: 6
2025-02-20T21:37:12.2759101Z   overwrite: false
2025-02-20T21:37:12.2759472Z env:
2025-02-20T21:37:12.2759705Z   CACHE_NUMBER: 0
2025-02-20T21:37:12.2760320Z   PYTEST_FLAGS: --tardis-regression-data=/home/runner/work/tardis/tardis/tardis-regression-data --cov=tardis --cov-report=xml --cov-report=html --cov-append
2025-02-20T21:37:12.2760963Z   CODECOV_TOKEN: 
2025-02-20T21:37:12.2761179Z   MAMBA_ROOT_PREFIX: /home/runner/micromamba
2025-02-20T21:37:12.2761486Z   MAMBA_EXE: /home/runner/micromamba-bin/micromamba
2025-02-20T21:37:12.2761838Z   CONDARC: /home/runner/work/_temp/setup-micromamba/.condarc
2025-02-20T21:37:12.2762165Z ##[endgroup]
2025-02-20T21:37:12.5025553Z With the provided path, there will be 1 file uploaded
2025-02-20T21:37:12.5031742Z Artifact name is valid!
2025-02-20T21:37:12.5032842Z Root directory input is valid!
2025-02-20T21:37:12.6724161Z Beginning upload of artifact content to blob storage
2025-02-20T21:37:12.8138522Z Uploaded bytes 18418
2025-02-20T21:37:12.8533591Z Finished uploading artifact content to blob storage!
2025-02-20T21:37:12.8537423Z SHA256 hash of uploaded artifact zip is 1dbed3042153212abe72ddd712a143ae91587e9360a24e24b48d7ff10f7cecca
2025-02-20T21:37:12.8538988Z Finalizing artifact upload
2025-02-20T21:37:12.9402474Z Artifact coverage--continuum-ubuntu-latest.zip successfully finalized. Artifact ID 2626704543
2025-02-20T21:37:12.9404126Z Artifact coverage--continuum-ubuntu-latest has been successfully uploaded! Final size is 18418 bytes. Artifact ID is 2626704543
2025-02-20T21:37:12.9410359Z Artifact download URL: https://github.com/tardis-sn/tardis/actions/runs/13444835218/artifacts/2626704543
2025-02-20T21:37:12.9575233Z Post job cleanup.
2025-02-20T21:37:12.9607802Z Post job cleanup.
2025-02-20T21:37:13.0959604Z Will use pre-installed micromamba at /home/runner/micromamba-bin/micromamba
2025-02-20T21:37:13.0966288Z Removing micromamba run shell ...
2025-02-20T21:37:13.0969995Z ##[group]Deinitialize micromamba for bash
2025-02-20T21:37:13.0988925Z [command]/home/runner/micromamba-bin/micromamba shell deinit -s bash -r /home/runner/micromamba --log-level warning --rc-file /home/runner/work/_temp/setup-micromamba/.condarc
2025-02-20T21:37:13.1087083Z Resetting RC file "/home/runner/.bashrc"
2025-02-20T21:37:13.1087611Z Deleting config for root prefix 
2025-02-20T21:37:13.1088088Z Clearing mamba executable environment variable
2025-02-20T21:37:13.1090859Z Removing the following in your "/home/runner/.bashrc" file
2025-02-20T21:37:13.1091232Z # >>> mamba initialize >>>
2025-02-20T21:37:13.1091451Z ...
2025-02-20T21:37:13.1091636Z # <<< mamba initialize <<<
2025-02-20T21:37:13.1120190Z Removing mamba initialize block from .bash_profile
2025-02-20T21:37:13.1134651Z ##[endgroup]
2025-02-20T21:37:13.1138847Z Removing environment tardis from auto-activate bash ...
2025-02-20T21:37:13.1258432Z Post job cleanup.
2025-02-20T21:37:13.1294914Z Post job cleanup.
2025-02-20T21:37:13.2298549Z [command]/usr/bin/git version
2025-02-20T21:37:13.2335403Z git version 2.48.1
2025-02-20T21:37:13.2386465Z Temporarily overriding HOME='/home/runner/work/_temp/87f29533-5132-4138-b7b4-2e0f2333c2f1' before making global git config changes
2025-02-20T21:37:13.2387813Z Adding repository directory to the temporary git global config as a safe directory
2025-02-20T21:37:13.2393182Z [command]/usr/bin/git config --global --add safe.directory /home/runner/work/tardis/tardis/tardis-regression-data
2025-02-20T21:37:13.2429807Z [command]/usr/bin/git config --local --name-only --get-regexp core\.sshCommand
2025-02-20T21:37:13.2462771Z [command]/usr/bin/git submodule foreach --recursive sh -c "git config --local --name-only --get-regexp 'core\.sshCommand' && git config --local --unset-all 'core.sshCommand' || :"
2025-02-20T21:37:13.2695822Z [command]/usr/bin/git config --local --name-only --get-regexp http\.https\:\/\/github\.com\/\.extraheader
2025-02-20T21:37:13.2717329Z http.https://github.com/.extraheader
2025-02-20T21:37:13.2729918Z [command]/usr/bin/git config --local --unset-all http.https://github.com/.extraheader
2025-02-20T21:37:13.2761213Z [command]/usr/bin/git submodule foreach --recursive sh -c "git config --local --name-only --get-regexp 'http\.https\:\/\/github\.com\/\.extraheader' && git config --local --unset-all 'http.https://github.com/.extraheader' || :"
2025-02-20T21:37:13.3113453Z Post job cleanup.
2025-02-20T21:37:13.4080056Z [command]/usr/bin/git version
2025-02-20T21:37:13.4123074Z git version 2.48.1
2025-02-20T21:37:13.4174048Z Temporarily overriding HOME='/home/runner/work/_temp/bf3f6989-99ad-4a4c-8068-c99eb4a435b2' before making global git config changes
2025-02-20T21:37:13.4175154Z Adding repository directory to the temporary git global config as a safe directory
2025-02-20T21:37:13.4179770Z [command]/usr/bin/git config --global --add safe.directory /home/runner/work/tardis/tardis
2025-02-20T21:37:13.4216726Z [command]/usr/bin/git config --local --name-only --get-regexp core\.sshCommand
2025-02-20T21:37:13.4250088Z [command]/usr/bin/git submodule foreach --recursive sh -c "git config --local --name-only --get-regexp 'core\.sshCommand' && git config --local --unset-all 'core.sshCommand' || :"
2025-02-20T21:37:13.4485004Z [command]/usr/bin/git config --local --name-only --get-regexp http\.https\:\/\/github\.com\/\.extraheader
2025-02-20T21:37:13.4506097Z http.https://github.com/.extraheader
2025-02-20T21:37:13.4518702Z [command]/usr/bin/git config --local --unset-all http.https://github.com/.extraheader
2025-02-20T21:37:13.4549184Z [command]/usr/bin/git submodule foreach --recursive sh -c "git config --local --name-only --get-regexp 'http\.https\:\/\/github\.com\/\.extraheader' && git config --local --unset-all 'http.https://github.com/.extraheader' || :"
2025-02-20T21:37:13.4875192Z Cleaning up orphan processes
