2025-01-07T12:25:30.6514725Z Prepare all required actions
2025-01-07T12:25:30.6515091Z Getting action download info
2025-01-07T12:25:30.7924807Z Download action repository 'mamba-org/setup-micromamba@v1' (SHA:4b9113af4fba0e9e1124b252dd6497a419e7396d)
2025-01-07T12:25:31.1898830Z ##[group]Run ./.github/actions/setup_env
2025-01-07T12:25:31.1899124Z with:
2025-01-07T12:25:31.1899314Z   os-label: linux-64
2025-01-07T12:25:31.1899510Z env:
2025-01-07T12:25:31.1899672Z   CACHE_NUMBER: 0
2025-01-07T12:25:31.1900306Z   PYTEST_FLAGS: --tardis-regression-data=/home/runner/work/tardis/tardis/tardis-regression-data --cov=tardis --cov-report=xml --cov-report=html --cov-append
2025-01-07T12:25:31.1900938Z   CODECOV_TOKEN: 
2025-01-07T12:25:31.1901129Z ##[endgroup]
2025-01-07T12:25:31.1919870Z ##[group]Run file_hash=$(cat conda-linux-64.lock | shasum -a 256 | cut -d' ' -f1)
2025-01-07T12:25:31.1920369Z [36;1mfile_hash=$(cat conda-linux-64.lock | shasum -a 256 | cut -d' ' -f1)[0m
2025-01-07T12:25:31.1920767Z [36;1mecho "file_hash=$file_hash" >> "${GITHUB_OUTPUT}"[0m
2025-01-07T12:25:31.1946300Z shell: /usr/bin/bash --noprofile --norc -e -o pipefail {0}
2025-01-07T12:25:31.1946631Z env:
2025-01-07T12:25:31.1946807Z   CACHE_NUMBER: 0
2025-01-07T12:25:31.1947408Z   PYTEST_FLAGS: --tardis-regression-data=/home/runner/work/tardis/tardis/tardis-regression-data --cov=tardis --cov-report=xml --cov-report=html --cov-append
2025-01-07T12:25:31.1948064Z   CODECOV_TOKEN: 
2025-01-07T12:25:31.1948250Z ##[endgroup]
2025-01-07T12:25:31.2238521Z ##[group]Run mamba-org/setup-micromamba@v1
2025-01-07T12:25:31.2238793Z with:
2025-01-07T12:25:31.2238992Z   environment-file: conda-linux-64.lock
2025-01-07T12:25:31.2239414Z   cache-environment-key: d7cd390425b0fd3cf82649dcc003efba9915fb4928f15d342148c3ccffcbe2ee
2025-01-07T12:25:31.2239981Z   cache-downloads-key: d7cd390425b0fd3cf82649dcc003efba9915fb4928f15d342148c3ccffcbe2ee
2025-01-07T12:25:31.2240396Z   environment-name: tardis
2025-01-07T12:25:31.2240642Z   cache-environment: true
2025-01-07T12:25:31.2240861Z   cache-downloads: true
2025-01-07T12:25:31.2241069Z env:
2025-01-07T12:25:31.2241237Z   CACHE_NUMBER: 0
2025-01-07T12:25:31.2241838Z   PYTEST_FLAGS: --tardis-regression-data=/home/runner/work/tardis/tardis/tardis-regression-data --cov=tardis --cov-report=xml --cov-report=html --cov-append
2025-01-07T12:25:31.2242487Z   CODECOV_TOKEN: 
2025-01-07T12:25:31.2242681Z ##[endgroup]
2025-01-07T12:25:31.3584243Z Will download micromamba to /home/runner/micromamba-bin/micromamba
2025-01-07T12:25:31.3593989Z ##[group]Install micromamba
2025-01-07T12:25:31.6933639Z micromamba installed to /home/runner/micromamba-bin/micromamba
2025-01-07T12:25:31.6935444Z ##[endgroup]
2025-01-07T12:25:31.6935864Z Adding conda-forge to condarc channels ...
2025-01-07T12:25:31.6945093Z ##[group]Initialize micromamba for bash.
2025-01-07T12:25:31.6961354Z [command]/home/runner/micromamba-bin/micromamba shell init -s bash -r /home/runner/micromamba --log-level warning --rc-file /home/runner/work/_temp/setup-micromamba/.condarc
2025-01-07T12:25:31.7067348Z Modifying RC file "/home/runner/.bashrc"
2025-01-07T12:25:31.7068283Z Generating config for root prefix [1m"/home/runner/micromamba"[0m
2025-01-07T12:25:31.7068842Z Setting mamba executable to: [1m"/home/runner/micromamba-bin/micromamba"[0m
2025-01-07T12:25:31.7069345Z Adding (or replacing) the following in your "/home/runner/.bashrc" file
2025-01-07T12:25:31.7069774Z 
2025-01-07T12:25:31.7069876Z # >>> mamba initialize >>>
2025-01-07T12:25:31.7070172Z # !! Contents within this block are managed by 'mamba init' !!
2025-01-07T12:25:31.7070550Z export MAMBA_EXE='/home/runner/micromamba-bin/micromamba';
2025-01-07T12:25:31.7070915Z export MAMBA_ROOT_PREFIX='/home/runner/micromamba';
2025-01-07T12:25:31.7071405Z __mamba_setup="$("$MAMBA_EXE" shell hook --shell bash --root-prefix "$MAMBA_ROOT_PREFIX" 2> /dev/null)"
2025-01-07T12:25:31.7071855Z if [ $? -eq 0 ]; then
2025-01-07T12:25:31.7072065Z     eval "$__mamba_setup"
2025-01-07T12:25:31.7072272Z else
2025-01-07T12:25:31.7072543Z     alias micromamba="$MAMBA_EXE"  # Fallback on help from mamba activate
2025-01-07T12:25:31.7073182Z fi
2025-01-07T12:25:31.7073355Z unset __mamba_setup
2025-01-07T12:25:31.7073552Z # <<< mamba initialize <<<
2025-01-07T12:25:31.7073697Z 
2025-01-07T12:25:31.7085075Z Moving mamba initialize block to .bash_profile
2025-01-07T12:25:31.7095171Z ##[endgroup]
2025-01-07T12:25:31.7096535Z ##[group]Restoring downloads from `/home/runner/micromamba/pkgs` ...
2025-01-07T12:25:32.9036927Z Received 222298112 of 356800233 (62.3%), 211.6 MBs/sec
2025-01-07T12:25:33.6607058Z Cache Size: ~340 MB (356800233 B)
2025-01-07T12:25:33.6762144Z [command]/usr/bin/tar -xf /home/runner/work/_temp/40a3af81-ca8c-429e-9287-5375e5df1749/cache.tzst -P -C /home/runner/work/tardis/tardis --use-compress-program unzstd
2025-01-07T12:25:33.9049636Z Received 356800233 of 356800233 (100.0%), 169.9 MBs/sec
2025-01-07T12:25:34.1244959Z Cache restored successfully
2025-01-07T12:25:34.1963540Z Restored cache with key `d7cd390425b0fd3cf82649dcc003efba9915fb4928f15d342148c3ccffcbe2ee-linux-64`
2025-01-07T12:25:34.1964636Z ##[endgroup]
2025-01-07T12:25:34.1976523Z ##[group]Restoring environment `tardis` from `/home/runner/micromamba/envs/tardis` ...
2025-01-07T12:25:35.3232749Z Received 239075328 of 444592193 (53.8%), 228.0 MBs/sec
2025-01-07T12:25:36.0413297Z Cache Size: ~424 MB (444592193 B)
2025-01-07T12:25:36.0565338Z [command]/usr/bin/tar -xf /home/runner/work/_temp/6080f5f1-3de7-4dd3-ae53-f632c1569173/cache.tzst -P -C /home/runner/work/tardis/tardis --use-compress-program unzstd
2025-01-07T12:25:36.3211929Z Received 444592193 of 444592193 (100.0%), 211.9 MBs/sec
2025-01-07T12:25:41.4213189Z Cache restored successfully
2025-01-07T12:25:41.5001075Z Restored cache with key `d7cd390425b0fd3cf82649dcc003efba9915fb4928f15d342148c3ccffcbe2ee-linux-64-tardis-args-4f53cda-root-dcc80ee-bin-[object Promise]-file-d7cd390425b0fd3cf82649dcc003efba9915fb4928f15d342148c3ccffcbe2ee`
2025-01-07T12:25:41.5004697Z ##[endgroup]
2025-01-07T12:25:41.5005124Z Adding environment tardis to auto-activate bash ...
2025-01-07T12:25:41.5015939Z Generating micromamba run shell.
2025-01-07T12:25:41.5033235Z ##[endgroup]
2025-01-07T12:25:41.5034643Z Set environment variables.
2025-01-07T12:25:41.5041142Z ##[group]micromamba info
2025-01-07T12:25:41.5043658Z [command]/home/runner/micromamba-bin/micromamba info -r /home/runner/micromamba -n tardis
2025-01-07T12:25:41.5278538Z 
2025-01-07T12:25:41.5279103Z        libmamba version : 1.5.10
2025-01-07T12:25:41.5279897Z      micromamba version : 1.5.10
2025-01-07T12:25:41.5280845Z            curl version : libcurl/8.10.1 OpenSSL/3.3.2 zlib/1.3.1 zstd/1.5.6 libssh2/1.11.0 nghttp2/1.58.0
2025-01-07T12:25:41.5281853Z      libarchive version : libarchive 3.7.4 zlib/1.2.13 bz2lib/1.0.8 libzstd/1.5.6
2025-01-07T12:25:41.5282588Z        envs directories : /home/runner/micromamba/envs
2025-01-07T12:25:41.5283169Z           package cache : /home/runner/micromamba/pkgs
2025-01-07T12:25:41.5283676Z                           /home/runner/.mamba/pkgs
2025-01-07T12:25:41.5284188Z             environment : tardis
2025-01-07T12:25:41.5284870Z            env location : /home/runner/micromamba/envs/tardis
2025-01-07T12:25:41.5285366Z       user config files : /home/runner/.mambarc
2025-01-07T12:25:41.5286007Z  populated config files : /home/runner/work/_temp/setup-micromamba/.condarc
2025-01-07T12:25:41.5286653Z        virtual packages : __unix=0=0
2025-01-07T12:25:41.5287083Z                           __linux=6.8.0=0
2025-01-07T12:25:41.5287513Z                           __glibc=2.39=0
2025-01-07T12:25:41.5287959Z                           __archspec=1=x86_64_v3
2025-01-07T12:25:41.5288598Z                channels : https://conda.anaconda.org/conda-forge/linux-64
2025-01-07T12:25:41.5289240Z                           https://conda.anaconda.org/conda-forge/noarch
2025-01-07T12:25:41.5289795Z        base environment : /home/runner/micromamba
2025-01-07T12:25:41.5290275Z                platform : linux-64
2025-01-07T12:25:41.5296870Z ##[endgroup]
2025-01-07T12:25:41.5297418Z ##[group]micromamba list
2025-01-07T12:25:41.5298597Z [command]/home/runner/micromamba-bin/micromamba list -r /home/runner/micromamba -n tardis
2025-01-07T12:25:41.9744695Z List of packages in environment: "/home/runner/micromamba/envs/tardis"
2025-01-07T12:25:41.9745989Z 
2025-01-07T12:25:41.9746396Z   Name                           Version              Build                    Channel    
2025-01-07T12:25:41.9747858Z â”€â”€â”€â”€â”€â”€â”€â”€â”€â”€â”€â”€â”€â”€â”€â”€â”€â”€â”€â”€â”€â”€â”€â”€â”€â”€â”€â”€â”€â”€â”€â”€â”€â”€â”€â”€â”€â”€â”€â”€â”€â”€â”€â”€â”€â”€â”€â”€â”€â”€â”€â”€â”€â”€â”€â”€â”€â”€â”€â”€â”€â”€â”€â”€â”€â”€â”€â”€â”€â”€â”€â”€â”€â”€â”€â”€â”€â”€â”€â”€â”€â”€â”€â”€â”€â”€â”€â”€â”€â”€â”€â”€
2025-01-07T12:25:41.9748756Z   _libgcc_mutex                  0.1                  conda_forge              conda-forge
2025-01-07T12:25:41.9749647Z   _openmp_mutex                  4.5                  2_gnu                    conda-forge
2025-01-07T12:25:41.9750530Z   alabaster                      0.7.16               pyhd8ed1ab_0             conda-forge
2025-01-07T12:25:41.9751385Z   anyio                          4.4.0                pyhd8ed1ab_0             conda-forge
2025-01-07T12:25:41.9752242Z   argon2-cffi                    23.1.0               pyhd8ed1ab_0             conda-forge
2025-01-07T12:25:41.9752971Z   argon2-cffi-bindings           21.2.0               py312h98912ed_4          conda-forge
2025-01-07T12:25:41.9753449Z   arrow                          1.3.0                pyhd8ed1ab_0             conda-forge
2025-01-07T12:25:41.9753887Z   astropy                        6.1.1                py312h085067d_0          conda-forge
2025-01-07T12:25:41.9754621Z   astropy-iers-data              0.2024.6.17.0.31.35  pyhd8ed1ab_0             conda-forge
2025-01-07T12:25:41.9755182Z   astropy-sphinx-theme           1.1                  pyhd8ed1ab_0             conda-forge
2025-01-07T12:25:41.9755679Z   asttokens                      2.4.1                pyhd8ed1ab_0             conda-forge
2025-01-07T12:25:41.9756130Z   async-lru                      2.0.4                pyhd8ed1ab_0             conda-forge
2025-01-07T12:25:41.9756561Z   atk-1.0                        2.38.0               h04ea711_2               conda-forge
2025-01-07T12:25:41.9756978Z   attrs                          23.2.0               pyh71513ae_0             conda-forge
2025-01-07T12:25:41.9757413Z   babel                          2.14.0               pyhd8ed1ab_0             conda-forge
2025-01-07T12:25:41.9757879Z   beautifulsoup4                 4.12.3               pyha770c72_0             conda-forge
2025-01-07T12:25:41.9758347Z   bleach                         6.1.0                pyhd8ed1ab_0             conda-forge
2025-01-07T12:25:41.9758769Z   blosc                          1.21.5               hc2324a3_1               conda-forge
2025-01-07T12:25:41.9759184Z   brotli                         1.1.0                hd590300_1               conda-forge
2025-01-07T12:25:41.9759732Z   brotli-bin                     1.1.0                hd590300_1               conda-forge
2025-01-07T12:25:41.9760324Z   brotli-python                  1.1.0                py312h30efb56_1          conda-forge
2025-01-07T12:25:41.9760771Z   bzip2                          1.0.8                hd590300_5               conda-forge
2025-01-07T12:25:41.9761190Z   c-ares                         1.28.1               hd590300_0               conda-forge
2025-01-07T12:25:41.9761612Z   c-blosc2                       2.14.4               hb4ffafa_1               conda-forge
2025-01-07T12:25:41.9762085Z   ca-certificates                2024.6.2             hbcca054_0               conda-forge
2025-01-07T12:25:41.9762602Z   cached-property                1.5.2                hd8ed1ab_1               conda-forge
2025-01-07T12:25:41.9763039Z   cached_property                1.5.2                pyha770c72_1             conda-forge
2025-01-07T12:25:41.9763416Z   cairo                          1.18.0               h3faef2a_0               conda-forge
2025-01-07T12:25:41.9763766Z   certifi                        2024.6.2             pyhd8ed1ab_0             conda-forge
2025-01-07T12:25:41.9764115Z   cffi                           1.16.0               py312hf06ca03_0          conda-forge
2025-01-07T12:25:41.9765095Z   charset-normalizer             3.3.2                pyhd8ed1ab_0             conda-forge
2025-01-07T12:25:41.9765514Z   click                          8.1.7                unix_pyh707e725_0        conda-forge
2025-01-07T12:25:41.9765998Z   codespell                      2.3.0                pyhd8ed1ab_0             conda-forge
2025-01-07T12:25:41.9766414Z   colorama                       0.4.6                pyhd8ed1ab_0             conda-forge
2025-01-07T12:25:41.9766763Z   comm                           0.2.2                pyhd8ed1ab_0             conda-forge
2025-01-07T12:25:41.9767111Z   commonmark                     0.9.1                py_0                     conda-forge
2025-01-07T12:25:41.9767478Z   contourpy                      1.2.1                py312h8572e83_0          conda-forge
2025-01-07T12:25:41.9767837Z   coverage                       7.5.3                py312h9a8786e_0          conda-forge
2025-01-07T12:25:41.9768184Z   cycler                         0.12.1               pyhd8ed1ab_0             conda-forge
2025-01-07T12:25:41.9768551Z   dataclasses                    0.8                  pyhc8e2a94_3             conda-forge
2025-01-07T12:25:41.9768927Z   debugpy                        1.8.1                py312h30efb56_0          conda-forge
2025-01-07T12:25:41.9769308Z   decorator                      5.1.1                pyhd8ed1ab_0             conda-forge
2025-01-07T12:25:41.9769679Z   defusedxml                     0.7.1                pyhd8ed1ab_0             conda-forge
2025-01-07T12:25:41.9770042Z   docutils                       0.20.1               py312h7900ff3_3          conda-forge
2025-01-07T12:25:41.9770400Z   dot2tex                        2.11.3               pyhd8ed1ab_0             conda-forge
2025-01-07T12:25:41.9770763Z   entrypoints                    0.4                  pyhd8ed1ab_0             conda-forge
2025-01-07T12:25:41.9771153Z   exceptiongroup                 1.2.0                pyhd8ed1ab_2             conda-forge
2025-01-07T12:25:41.9771562Z   executing                      2.0.1                pyhd8ed1ab_0             conda-forge
2025-01-07T12:25:41.9771920Z   expat                          2.6.2                h59595ed_0               conda-forge
2025-01-07T12:25:41.9772325Z   font-ttf-dejavu-sans-mono      2.37                 hab24e00_0               conda-forge
2025-01-07T12:25:41.9772771Z   font-ttf-inconsolata           3.000                h77eed37_0               conda-forge
2025-01-07T12:25:41.9773210Z   font-ttf-source-code-pro       2.038                h77eed37_0               conda-forge
2025-01-07T12:25:41.9773628Z   font-ttf-ubuntu                0.83                 h77eed37_2               conda-forge
2025-01-07T12:25:41.9774010Z   fontconfig                     2.14.2               h14ed4e7_0               conda-forge
2025-01-07T12:25:41.9774525Z   fonts-conda-ecosystem          1                    0                        conda-forge
2025-01-07T12:25:41.9774935Z   fonts-conda-forge              1                    0                        conda-forge
2025-01-07T12:25:41.9775322Z   fonttools                      4.53.0               py312h9a8786e_0          conda-forge
2025-01-07T12:25:41.9775682Z   fqdn                           1.5.1                pyhd8ed1ab_0             conda-forge
2025-01-07T12:25:41.9776033Z   freetype                       2.12.1               h267a509_2               conda-forge
2025-01-07T12:25:41.9776387Z   fribidi                        1.0.10               h36c2ea0_0               conda-forge
2025-01-07T12:25:41.9776733Z   future                         1.0.0                pyhd8ed1ab_0             conda-forge
2025-01-07T12:25:41.9777094Z   gdk-pixbuf                     2.42.12              hb9ae30d_0               conda-forge
2025-01-07T12:25:41.9777443Z   giflib                         5.2.2                hd590300_0               conda-forge
2025-01-07T12:25:41.9777782Z   git-lfs                        3.5.1                ha770c72_0               conda-forge
2025-01-07T12:25:41.9778410Z   gmp                            6.3.0                h59595ed_1               conda-forge
2025-01-07T12:25:41.9778738Z   gmpy2                          2.1.5                py312h1d5cde6_1          conda-forge
2025-01-07T12:25:41.9779204Z   graphite2                      1.3.13               h59595ed_1003            conda-forge
2025-01-07T12:25:41.9779562Z   graphviz                       11.0.0               hc68bbd7_0               conda-forge
2025-01-07T12:25:41.9779909Z   gtk2                           2.24.33              h280cfa0_4               conda-forge
2025-01-07T12:25:41.9780508Z   gts                            0.7.6                h977cf35_4               conda-forge
2025-01-07T12:25:41.9780955Z   h11                            0.14.0               pyhd8ed1ab_0             conda-forge
2025-01-07T12:25:41.9781282Z   h2                             4.1.0                pyhd8ed1ab_0             conda-forge
2025-01-07T12:25:41.9781610Z   h5py                           3.11.0               nompi_py312hb7ab980_102  conda-forge
2025-01-07T12:25:41.9781965Z   harfbuzz                       8.5.0                hfac3d4d_0               conda-forge
2025-01-07T12:25:41.9782322Z   hdf5                           1.14.3               nompi_hdf9ad27_105       conda-forge
2025-01-07T12:25:41.9782734Z   hpack                          4.0.0                pyh9f0ad1d_0             conda-forge
2025-01-07T12:25:41.9783306Z   httpcore                       1.0.5                pyhd8ed1ab_0             conda-forge
2025-01-07T12:25:41.9783930Z   httpx                          0.27.0               pyhd8ed1ab_0             conda-forge
2025-01-07T12:25:41.9784741Z   hyperframe                     6.0.1                pyhd8ed1ab_0             conda-forge
2025-01-07T12:25:41.9785345Z   icu                            73.2                 h59595ed_0               conda-forge
2025-01-07T12:25:41.9785764Z   idna                           3.7                  pyhd8ed1ab_0             conda-forge
2025-01-07T12:25:41.9786372Z   imagesize                      1.4.1                pyhd8ed1ab_0             conda-forge
2025-01-07T12:25:41.9787055Z   importlib-metadata             7.1.0                pyha770c72_0             conda-forge
2025-01-07T12:25:41.9787819Z   importlib_metadata             7.1.0                hd8ed1ab_0               conda-forge
2025-01-07T12:25:41.9788593Z   importlib_resources            6.4.0                pyhd8ed1ab_0             conda-forge
2025-01-07T12:25:41.9789299Z   iniconfig                      2.0.0                pyhd8ed1ab_0             conda-forge
2025-01-07T12:25:41.9789688Z   ipykernel                      6.29.4               pyh3099207_0             conda-forge
2025-01-07T12:25:41.9790049Z   ipython                        8.25.0               pyh707e725_0             conda-forge
2025-01-07T12:25:41.9790433Z   ipython_genutils               0.2.0                pyhd8ed1ab_1             conda-forge
2025-01-07T12:25:41.9790822Z   ipywidgets                     7.8.0                pyhd8ed1ab_0             conda-forge
2025-01-07T12:25:41.9791203Z   isoduration                    20.11.0              pyhd8ed1ab_0             conda-forge
2025-01-07T12:25:41.9791561Z   jedi                           0.19.1               pyhd8ed1ab_0             conda-forge
2025-01-07T12:25:41.9791910Z   jinja2                         3.1.4                pyhd8ed1ab_0             conda-forge
2025-01-07T12:25:41.9792264Z   json5                          0.9.25               pyhd8ed1ab_0             conda-forge
2025-01-07T12:25:41.9792628Z   jsonpointer                    3.0.0                py312h7900ff3_0          conda-forge
2025-01-07T12:25:41.9793005Z   jsonschema                     4.22.0               pyhd8ed1ab_0             conda-forge
2025-01-07T12:25:41.9793442Z   jsonschema-specifications      2023.12.1            pyhd8ed1ab_0             conda-forge
2025-01-07T12:25:41.9793942Z   jsonschema-with-format-nongpl  4.22.0               pyhd8ed1ab_0             conda-forge
2025-01-07T12:25:41.9794770Z   jupyter-lsp                    2.2.5                pyhd8ed1ab_0             conda-forge
2025-01-07T12:25:41.9795158Z   jupyter_client                 8.6.2                pyhd8ed1ab_0             conda-forge
2025-01-07T12:25:41.9795663Z   jupyter_core                   5.7.2                py312h7900ff3_0          conda-forge
2025-01-07T12:25:41.9796044Z   jupyter_events                 0.10.0               pyhd8ed1ab_0             conda-forge
2025-01-07T12:25:41.9796435Z   jupyter_server                 2.14.1               pyhd8ed1ab_0             conda-forge
2025-01-07T12:25:41.9796899Z   jupyter_server_terminals       0.5.3                pyhd8ed1ab_0             conda-forge
2025-01-07T12:25:41.9797565Z   jupyterlab                     4.2.2                pyhd8ed1ab_0             conda-forge
2025-01-07T12:25:41.9798260Z   jupyterlab_pygments            0.3.0                pyhd8ed1ab_1             conda-forge
2025-01-07T12:25:41.9798992Z   jupyterlab_server              2.27.2               pyhd8ed1ab_0             conda-forge
2025-01-07T12:25:41.9799730Z   jupyterlab_widgets             1.1.7                pyhd8ed1ab_0             conda-forge
2025-01-07T12:25:41.9800418Z   keyutils                       1.6.1                h166bdaf_0               conda-forge
2025-01-07T12:25:41.9801061Z   kiwisolver                     1.4.5                py312h8572e83_1          conda-forge
2025-01-07T12:25:41.9801670Z   krb5                           1.21.2               h659d440_0               conda-forge
2025-01-07T12:25:41.9802279Z   latexcodec                     2.0.1                pyh9f0ad1d_0             conda-forge
2025-01-07T12:25:41.9802896Z   lcms2                          2.16                 hb7c19ff_0               conda-forge
2025-01-07T12:25:41.9803514Z   ld_impl_linux-64               2.40                 hf3520f5_7               conda-forge
2025-01-07T12:25:41.9804123Z   lerc                           4.0.0                h27087fc_0               conda-forge
2025-01-07T12:25:41.9804854Z   libaec                         1.1.3                h59595ed_0               conda-forge
2025-01-07T12:25:41.9805473Z   libblas                        3.9.0                22_linux64_openblas      conda-forge
2025-01-07T12:25:41.9806135Z   libbrotlicommon                1.1.0                hd590300_1               conda-forge
2025-01-07T12:25:41.9806824Z   libbrotlidec                   1.1.0                hd590300_1               conda-forge
2025-01-07T12:25:41.9807490Z   libbrotlienc                   1.1.0                hd590300_1               conda-forge
2025-01-07T12:25:41.9808147Z   libcblas                       3.9.0                22_linux64_openblas      conda-forge
2025-01-07T12:25:41.9808764Z   libcurl                        8.8.0                hca28451_0               conda-forge
2025-01-07T12:25:41.9809381Z   libdeflate                     1.20                 hd590300_0               conda-forge
2025-01-07T12:25:41.9810023Z   libedit                        3.1.20191231         he28a2e2_2               conda-forge
2025-01-07T12:25:41.9810643Z   libev                          4.33                 hd590300_2               conda-forge
2025-01-07T12:25:41.9811245Z   libexpat                       2.6.2                h59595ed_0               conda-forge
2025-01-07T12:25:41.9811950Z   libffi                         3.4.2                h7f98852_5               conda-forge
2025-01-07T12:25:41.9812565Z   libgcc-ng                      13.2.0               h77fa898_10              conda-forge
2025-01-07T12:25:41.9813169Z   libgd                          2.3.3                h119a65a_9               conda-forge
2025-01-07T12:25:41.9813818Z   libgfortran-ng                 13.2.0               h69a702a_10              conda-forge
2025-01-07T12:25:41.9814710Z   libgfortran5                   13.2.0               h3d2ce59_10              conda-forge
2025-01-07T12:25:41.9815356Z   libglib                        2.80.2               h8a4344b_1               conda-forge
2025-01-07T12:25:41.9815938Z   libgomp                        13.2.0               h77fa898_10              conda-forge
2025-01-07T12:25:41.9816728Z   libiconv                       1.17                 hd590300_2               conda-forge
2025-01-07T12:25:41.9817341Z   libjpeg-turbo                  3.0.0                hd590300_1               conda-forge
2025-01-07T12:25:41.9818116Z   liblapack                      3.9.0                22_linux64_openblas      conda-forge
2025-01-07T12:25:41.9818721Z   libllvm14                      14.0.6               hcd5def8_4               conda-forge
2025-01-07T12:25:41.9819331Z   libnghttp2                     1.58.0               h47da74e_1               conda-forge
2025-01-07T12:25:41.9819920Z   libnsl                         2.0.1                hd590300_0               conda-forge
2025-01-07T12:25:41.9820525Z   libopenblas                    0.3.27               pthreads_h413a1c8_0      conda-forge
2025-01-07T12:25:41.9821146Z   libpng                         1.6.43               h2797004_0               conda-forge
2025-01-07T12:25:41.9821757Z   librsvg                        2.58.1               hadf69e7_0               conda-forge
2025-01-07T12:25:41.9822375Z   libsodium                      1.0.18               h36c2ea0_1               conda-forge
2025-01-07T12:25:41.9822987Z   libsqlite                      3.46.0               hde9e2c9_0               conda-forge
2025-01-07T12:25:41.9823576Z   libssh2                        1.11.0               h0841786_0               conda-forge
2025-01-07T12:25:41.9824181Z   libstdcxx-ng                   13.2.0               hc0a3c3a_10              conda-forge
2025-01-07T12:25:41.9824938Z   libtiff                        4.6.0                h1dd3fc0_3               conda-forge
2025-01-07T12:25:41.9825543Z   libuuid                        2.38.1               h0b41bf4_0               conda-forge
2025-01-07T12:25:41.9826149Z   libwebp                        1.4.0                h2c329e2_0               conda-forge
2025-01-07T12:25:41.9826780Z   libwebp-base                   1.4.0                hd590300_0               conda-forge
2025-01-07T12:25:41.9827408Z   libxcb                         1.15                 h0b41bf4_0               conda-forge
2025-01-07T12:25:41.9828017Z   libxcrypt                      4.4.36               hd590300_1               conda-forge
2025-01-07T12:25:41.9828639Z   libxml2                        2.12.7               hc051c1a_1               conda-forge
2025-01-07T12:25:41.9829248Z   libxslt                        1.1.39               h76b75d6_0               conda-forge
2025-01-07T12:25:41.9829860Z   libzlib                        1.3.1                h4ab18f5_1               conda-forge
2025-01-07T12:25:41.9830490Z   llvmlite                       0.42.0               py312hb06c811_1          conda-forge
2025-01-07T12:25:41.9831100Z   lxml                           5.2.2                py312hb90d8a5_0          conda-forge
2025-01-07T12:25:41.9831678Z   lz4-c                          1.9.4                hcb278e6_0               conda-forge
2025-01-07T12:25:41.9832272Z   lzo                            2.10                 hd590300_1001            conda-forge
2025-01-07T12:25:41.9832877Z   markupsafe                     2.1.5                py312h98912ed_0          conda-forge
2025-01-07T12:25:41.9833564Z   matplotlib-base                3.8.4                py312h20ab3a6_2          conda-forge
2025-01-07T12:25:41.9834429Z   matplotlib-inline              0.1.7                pyhd8ed1ab_0             conda-forge
2025-01-07T12:25:41.9835200Z   mistune                        3.0.2                pyhd8ed1ab_0             conda-forge
2025-01-07T12:25:41.9835803Z   mpc                            1.3.1                hfe3b2da_0               conda-forge
2025-01-07T12:25:41.9836369Z   mpfr                           4.2.1                h9458935_1               conda-forge
2025-01-07T12:25:41.9836954Z   mpmath                         1.3.0                pyhd8ed1ab_0             conda-forge
2025-01-07T12:25:41.9837580Z   munkres                        1.1.4                pyh9f0ad1d_0             conda-forge
2025-01-07T12:25:41.9838404Z   mypy_extensions                1.0.0                pyha770c72_0             conda-forge
2025-01-07T12:25:41.9839079Z   nbclassic                      1.1.0                pyhd8ed1ab_0             conda-forge
2025-01-07T12:25:41.9839866Z   nbclient                       0.10.0               pyhd8ed1ab_0             conda-forge
2025-01-07T12:25:41.9840519Z   nbconvert                      7.16.4               hd8ed1ab_1               conda-forge
2025-01-07T12:25:41.9841195Z   nbconvert-core                 7.16.4               pyhd8ed1ab_1             conda-forge
2025-01-07T12:25:41.9841902Z   nbconvert-pandoc               7.16.4               hd8ed1ab_1               conda-forge
2025-01-07T12:25:41.9842586Z   nbformat                       5.10.4               pyhd8ed1ab_0             conda-forge
2025-01-07T12:25:41.9843233Z   nbsphinx                       0.9.4                pyhd8ed1ab_0             conda-forge
2025-01-07T12:25:41.9843865Z   ncurses                        6.5                  h59595ed_0               conda-forge
2025-01-07T12:25:41.9844648Z   nest-asyncio                   1.6.0                pyhd8ed1ab_0             conda-forge
2025-01-07T12:25:41.9845313Z   networkx                       3.3                  pyhd8ed1ab_1             conda-forge
2025-01-07T12:25:41.9845917Z   nomkl                          1.0                  h5ca1d4c_0               conda-forge
2025-01-07T12:25:41.9846532Z   notebook                       7.2.1                pyhd8ed1ab_0             conda-forge
2025-01-07T12:25:41.9847186Z   notebook-shim                  0.2.4                pyhd8ed1ab_0             conda-forge
2025-01-07T12:25:41.9847835Z   numba                          0.59.1               py312hacefee8_0          conda-forge
2025-01-07T12:25:41.9848463Z   numexpr                        2.10.0               py312hf412c99_100        conda-forge
2025-01-07T12:25:41.9849084Z   numpy                          1.26.4               py312heda63a1_0          conda-forge
2025-01-07T12:25:41.9849710Z   numpydoc                       1.7.0                pyhd8ed1ab_1             conda-forge
2025-01-07T12:25:41.9850338Z   openjpeg                       2.5.2                h488ebb8_0               conda-forge
2025-01-07T12:25:41.9850960Z   openssl                        3.3.1                h4ab18f5_0               conda-forge
2025-01-07T12:25:41.9851596Z   overrides                      7.7.0                pyhd8ed1ab_0             conda-forge
2025-01-07T12:25:41.9852245Z   packaging                      24.1                 pyhd8ed1ab_0             conda-forge
2025-01-07T12:25:41.9852871Z   pandas                         2.2.2                py312h1d6d2e6_1          conda-forge
2025-01-07T12:25:41.9853469Z   pandoc                         3.2                  ha770c72_0               conda-forge
2025-01-07T12:25:41.9854113Z   pandocfilters                  1.5.0                pyhd8ed1ab_0             conda-forge
2025-01-07T12:25:41.9854911Z   pango                          1.54.0               h84a9a3c_0               conda-forge
2025-01-07T12:25:41.9855528Z   parso                          0.8.4                pyhd8ed1ab_0             conda-forge
2025-01-07T12:25:41.9856174Z   pathspec                       0.12.1               pyhd8ed1ab_0             conda-forge
2025-01-07T12:25:41.9856793Z   pbr                            6.0.0                pyhd8ed1ab_0             conda-forge
2025-01-07T12:25:41.9857382Z   pcre2                          10.44                h0f59acf_0               conda-forge
2025-01-07T12:25:41.9858000Z   pexpect                        4.9.0                pyhd8ed1ab_0             conda-forge
2025-01-07T12:25:41.9858652Z   pickleshare                    0.7.5                py_1003                  conda-forge
2025-01-07T12:25:41.9859295Z   pillow                         10.3.0               py312hdcec9eb_0          conda-forge
2025-01-07T12:25:41.9859893Z   pip                            24.0                 pyhd8ed1ab_0             conda-forge
2025-01-07T12:25:41.9860643Z   pixman                         0.43.2               h59595ed_0               conda-forge
2025-01-07T12:25:41.9861336Z   pkgutil-resolve-name           1.3.10               pyhd8ed1ab_1             conda-forge
2025-01-07T12:25:41.9862217Z   platformdirs                   4.2.2                pyhd8ed1ab_0             conda-forge
2025-01-07T12:25:41.9862869Z   plotly                         5.22.0               pyhd8ed1ab_0             conda-forge
2025-01-07T12:25:41.9863491Z   pluggy                         1.5.0                pyhd8ed1ab_0             conda-forge
2025-01-07T12:25:41.9864165Z   prometheus_client              0.20.0               pyhd8ed1ab_0             conda-forge
2025-01-07T12:25:41.9865022Z   prompt-toolkit                 3.0.47               pyha770c72_0             conda-forge
2025-01-07T12:25:41.9865683Z   psutil                         5.9.8                py312h98912ed_0          conda-forge
2025-01-07T12:25:41.9866379Z   pthread-stubs                  0.4                  h36c2ea0_1001            conda-forge
2025-01-07T12:25:41.9867056Z   ptyprocess                     0.7.0                pyhd3deb0d_0             conda-forge
2025-01-07T12:25:41.9867721Z   pure_eval                      0.2.2                pyhd8ed1ab_0             conda-forge
2025-01-07T12:25:41.9868368Z   py-cpuinfo                     9.0.0                pyhd8ed1ab_0             conda-forge
2025-01-07T12:25:41.9869007Z   pybtex                         0.24.0               pyhd8ed1ab_2             conda-forge
2025-01-07T12:25:41.9869676Z   pybtex-docutils                1.0.3                py312h7900ff3_1          conda-forge
2025-01-07T12:25:41.9870369Z   pycparser                      2.22                 pyhd8ed1ab_0             conda-forge
2025-01-07T12:25:41.9871006Z   pyerfa                         2.0.1.4              py312h085067d_1          conda-forge
2025-01-07T12:25:41.9871636Z   pygments                       2.18.0               pyhd8ed1ab_0             conda-forge
2025-01-07T12:25:41.9872316Z   pygraphviz                     1.13                 py312h4a1d8a7_1          conda-forge
2025-01-07T12:25:41.9872983Z   pyparsing                      3.1.2                pyhd8ed1ab_0             conda-forge
2025-01-07T12:25:41.9873633Z   pysocks                        1.7.1                pyha2e5f31_6             conda-forge
2025-01-07T12:25:41.9874268Z   pytables                       3.9.2                py312h96d95ec_2          conda-forge
2025-01-07T12:25:41.9875040Z   pytest                         8.2.2                pyhd8ed1ab_0             conda-forge
2025-01-07T12:25:41.9875677Z   pytest-cov                     5.0.0                pyhd8ed1ab_0             conda-forge
2025-01-07T12:25:41.9876417Z   pytest-doctestplus             1.2.1                pyhd8ed1ab_0             conda-forge
2025-01-07T12:25:41.9877135Z   pytest-html                    4.1.1                pyhd8ed1ab_0             conda-forge
2025-01-07T12:25:41.9877849Z   pytest-metadata                3.1.1                pyhd8ed1ab_0             conda-forge
2025-01-07T12:25:41.9878521Z   python                         3.12.4               h194c7f8_0_cpython       conda-forge
2025-01-07T12:25:41.9879199Z   python-dateutil                2.9.0                pyhd8ed1ab_0             conda-forge
2025-01-07T12:25:41.9879965Z   python-fastjsonschema          2.20.0               pyhd8ed1ab_0             conda-forge
2025-01-07T12:25:41.9880739Z   python-json-logger             2.0.7                pyhd8ed1ab_0             conda-forge
2025-01-07T12:25:41.9881474Z   python-tzdata                  2024.1               pyhd8ed1ab_0             conda-forge
2025-01-07T12:25:41.9882148Z   python_abi                     3.12                 4_cp312                  conda-forge
2025-01-07T12:25:41.9882772Z   pytz                           2024.1               pyhd8ed1ab_0             conda-forge
2025-01-07T12:25:41.9883378Z   pyyaml                         6.0.1                py312h98912ed_1          conda-forge
2025-01-07T12:25:41.9884159Z   pyzmq                          26.0.3               py312h8fd38d8_0          conda-forge
2025-01-07T12:25:41.9884956Z   qgrid                          1.3.1                pyhd8ed1ab_4             conda-forge
2025-01-07T12:25:41.9885820Z   radioactivedecay               0.5.1                pyhd8ed1ab_0             conda-forge
2025-01-07T12:25:41.9886506Z   readline                       8.2                  h8228510_1               conda-forge
2025-01-07T12:25:41.9887157Z   recommonmark                   0.7.1                pyhd8ed1ab_0             conda-forge
2025-01-07T12:25:41.9887853Z   referencing                    0.35.1               pyhd8ed1ab_0             conda-forge
2025-01-07T12:25:41.9888516Z   requests                       2.32.3               pyhd8ed1ab_0             conda-forge
2025-01-07T12:25:41.9889205Z   rfc3339-validator              0.1.4                pyhd8ed1ab_0             conda-forge
2025-01-07T12:25:41.9889907Z   rfc3986-validator              0.1.1                pyh9f0ad1d_0             conda-forge
2025-01-07T12:25:41.9890572Z   rpds-py                        0.18.1               py312h4413252_0          conda-forge
2025-01-07T12:25:41.9891162Z   ruff                           0.4.9                py312h5715c7c_0          conda-forge
2025-01-07T12:25:41.9891752Z   scipy                          1.13.1               py312hc2bc53b_0          conda-forge
2025-01-07T12:25:41.9892353Z   send2trash                     1.8.3                pyh0d859eb_0             conda-forge
2025-01-07T12:25:41.9893012Z   setuptools                     70.0.0               pyhd8ed1ab_0             conda-forge
2025-01-07T12:25:41.9893670Z   setuptools-scm                 8.1.0                pyhd8ed1ab_0             conda-forge
2025-01-07T12:25:41.9894478Z   setuptools_scm                 8.1.0                hd8ed1ab_0               conda-forge
2025-01-07T12:25:41.9895095Z   six                            1.16.0               pyh6c4a22f_0             conda-forge
2025-01-07T12:25:41.9895708Z   snakeviz                       2.2.0                pyhd8ed1ab_0             conda-forge
2025-01-07T12:25:41.9896318Z   snappy                         1.2.0                hdb0a2a9_1               conda-forge
2025-01-07T12:25:41.9896918Z   sniffio                        1.3.1                pyhd8ed1ab_0             conda-forge
2025-01-07T12:25:41.9897576Z   snowballstemmer                2.2.0                pyhd8ed1ab_0             conda-forge
2025-01-07T12:25:41.9898227Z   soupsieve                      2.5                  pyhd8ed1ab_1             conda-forge
2025-01-07T12:25:41.9898837Z   sphinx                         7.3.7                pyhd8ed1ab_0             conda-forge
2025-01-07T12:25:41.9899484Z   sphinx-astropy                 1.9.1                pyhd8ed1ab_0             conda-forge
2025-01-07T12:25:41.9900194Z   sphinx-automodapi              0.17.0               pyh717bed2_1             conda-forge
2025-01-07T12:25:41.9900911Z   sphinx-gallery                 0.16.0               pyhd8ed1ab_0             conda-forge
2025-01-07T12:25:41.9901628Z   sphinx-jsonschema              1.19.1               pyhd8ed1ab_0             conda-forge
2025-01-07T12:25:41.9902380Z   sphinx_bootstrap_theme         0.8.1                pyhd8ed1ab_0             conda-forge
2025-01-07T12:25:41.9903115Z   sphinx_rtd_theme               2.0.0                pyha770c72_0             conda-forge
2025-01-07T12:25:41.9903819Z   sphinxcontrib-apidoc           0.3.0                py_1                     conda-forge
2025-01-07T12:25:41.9904759Z   sphinxcontrib-applehelp        1.0.8                pyhd8ed1ab_0             conda-forge
2025-01-07T12:25:41.9905570Z   sphinxcontrib-bibtex           2.6.2                pyhd8ed1ab_0             conda-forge
2025-01-07T12:25:41.9906367Z   sphinxcontrib-devhelp          1.0.6                pyhd8ed1ab_0             conda-forge
2025-01-07T12:25:41.9907180Z   sphinxcontrib-htmlhelp         2.0.5                pyhd8ed1ab_0             conda-forge
2025-01-07T12:25:41.9908178Z   sphinxcontrib-jquery           4.1                  pyhd8ed1ab_0             conda-forge
2025-01-07T12:25:41.9908966Z   sphinxcontrib-jsmath           1.0.1                pyhd8ed1ab_0             conda-forge
2025-01-07T12:25:41.9909896Z   sphinxcontrib-qthelp           1.0.7                pyhd8ed1ab_0             conda-forge
2025-01-07T12:25:41.9910779Z   sphinxcontrib-serializinghtml  1.1.10               pyhd8ed1ab_0             conda-forge
2025-01-07T12:25:41.9911568Z   stack_data                     0.6.2                pyhd8ed1ab_0             conda-forge
2025-01-07T12:25:41.9912214Z   sympy                          1.12.1               pypyh2585a3b_103         conda-forge
2025-01-07T12:25:41.9912842Z   tabulate                       0.9.0                pyhd8ed1ab_1             conda-forge
2025-01-07T12:25:41.9913482Z   tenacity                       8.4.1                pyhd8ed1ab_0             conda-forge
2025-01-07T12:25:41.9914127Z   terminado                      0.18.1               pyh0d859eb_0             conda-forge
2025-01-07T12:25:41.9914945Z   tinycss2                       1.3.0                pyhd8ed1ab_0             conda-forge
2025-01-07T12:25:41.9915546Z   tk                             8.6.13               noxft_h4845f30_101       conda-forge
2025-01-07T12:25:41.9916138Z   toml                           0.10.2               pyhd8ed1ab_0             conda-forge
2025-01-07T12:25:41.9916739Z   tomli                          2.0.1                pyhd8ed1ab_0             conda-forge
2025-01-07T12:25:41.9917357Z   tornado                        6.4.1                py312h9a8786e_0          conda-forge
2025-01-07T12:25:41.9917967Z   tqdm                           4.66.4               pyhd8ed1ab_0             conda-forge
2025-01-07T12:25:41.9918591Z   traitlets                      5.14.3               pyhd8ed1ab_0             conda-forge
2025-01-07T12:25:41.9919245Z   typed-ast                      1.5.5                py312h98912ed_1          conda-forge
2025-01-07T12:25:41.9919975Z   types-python-dateutil          2.9.0.20240316       pyhd8ed1ab_0             conda-forge
2025-01-07T12:25:41.9920762Z   typing-extensions              4.12.2               hd8ed1ab_0               conda-forge
2025-01-07T12:25:41.9921506Z   typing_extensions              4.12.2               pyha770c72_0             conda-forge
2025-01-07T12:25:41.9922210Z   typing_utils                   0.1.0                pyhd8ed1ab_0             conda-forge
2025-01-07T12:25:41.9922863Z   tzdata                         2024a                h0c530f3_0               conda-forge
2025-01-07T12:25:41.9923519Z   uri-template                   1.3.0                pyhd8ed1ab_0             conda-forge
2025-01-07T12:25:41.9924193Z   urllib3                        2.2.2                pyhd8ed1ab_0             conda-forge
2025-01-07T12:25:41.9924957Z   wcwidth                        0.2.13               pyhd8ed1ab_0             conda-forge
2025-01-07T12:25:41.9925608Z   webcolors                      24.6.0               pyhd8ed1ab_0             conda-forge
2025-01-07T12:25:41.9926302Z   webencodings                   0.5.1                pyhd8ed1ab_2             conda-forge
2025-01-07T12:25:41.9927024Z   websocket-client               1.8.0                pyhd8ed1ab_0             conda-forge
2025-01-07T12:25:41.9927700Z   wheel                          0.43.0               pyhd8ed1ab_1             conda-forge
2025-01-07T12:25:41.9928353Z   widgetsnbextension             3.6.6                pyhd8ed1ab_0             conda-forge
2025-01-07T12:25:41.9929039Z   xorg-kbproto                   1.0.7                h7f98852_1002            conda-forge
2025-01-07T12:25:41.9929664Z   xorg-libice                    1.1.1                hd590300_0               conda-forge
2025-01-07T12:25:41.9930277Z   xorg-libsm                     1.2.4                h7391055_0               conda-forge
2025-01-07T12:25:41.9930896Z   xorg-libx11                    1.8.9                h8ee46fc_0               conda-forge
2025-01-07T12:25:41.9931700Z   xorg-libxau                    1.0.11               hd590300_0               conda-forge
2025-01-07T12:25:41.9932327Z   xorg-libxdmcp                  1.1.3                h7f98852_0               conda-forge
2025-01-07T12:25:41.9933131Z   xorg-libxext                   1.3.4                h0b41bf4_2               conda-forge
2025-01-07T12:25:41.9933870Z   xorg-libxrender                0.9.11               hd590300_0               conda-forge
2025-01-07T12:25:41.9934751Z   xorg-renderproto               0.11.1               h7f98852_1002            conda-forge
2025-01-07T12:25:41.9935470Z   xorg-xextproto                 7.3.0                h0b41bf4_1003            conda-forge
2025-01-07T12:25:41.9936110Z   xorg-xproto                    7.0.31               h7f98852_1007            conda-forge
2025-01-07T12:25:41.9936742Z   xz                             5.2.6                h166bdaf_0               conda-forge
2025-01-07T12:25:41.9937307Z   yaml                           0.2.5                h7f98852_2               conda-forge
2025-01-07T12:25:41.9937900Z   zeromq                         4.3.5                h75354e8_4               conda-forge
2025-01-07T12:25:41.9938490Z   zipp                           3.19.2               pyhd8ed1ab_0             conda-forge
2025-01-07T12:25:41.9938848Z   zlib                           1.3.1                h4ab18f5_1               conda-forge
2025-01-07T12:25:41.9939188Z   zlib-ng                        2.0.7                h0b41bf4_0               conda-forge
2025-01-07T12:25:41.9939527Z   zstd                           1.5.6                ha6fb4c9_0               conda-forge
2025-01-07T12:25:41.9940086Z ##[endgroup]
