2025-01-21T21:21:22.3013360Z Prepare all required actions
2025-01-21T21:21:22.3014888Z Getting action download info
2025-01-21T21:21:22.4427617Z Download action repository 'mamba-org/setup-micromamba@v1' (SHA:4b9113af4fba0e9e1124b252dd6497a419e7396d)
2025-01-21T21:21:22.7092551Z ##[group]Run ./.github/actions/setup_env
2025-01-21T21:21:22.7093609Z with:
2025-01-21T21:21:22.7094343Z   os-label: linux-64
2025-01-21T21:21:22.7095125Z env:
2025-01-21T21:21:22.7095807Z   CACHE_NUMBER: 0
2025-01-21T21:21:22.7098138Z   PYTEST_FLAGS: --tardis-regression-data=/home/runner/work/tardis/tardis/tardis-regression-data --cov=tardis --cov-report=xml --cov-report=html --cov-append
2025-01-21T21:21:22.7100831Z   CODECOV_TOKEN: 
2025-01-21T21:21:22.7101607Z ##[endgroup]
2025-01-21T21:21:22.7228369Z ##[group]Run file_hash=$(cat conda-linux-64.lock | shasum -a 256 | cut -d' ' -f1)
2025-01-21T21:21:22.7230452Z [36;1mfile_hash=$(cat conda-linux-64.lock | shasum -a 256 | cut -d' ' -f1)[0m
2025-01-21T21:21:22.7232076Z [36;1mecho "file_hash=$file_hash" >> "${GITHUB_OUTPUT}"[0m
2025-01-21T21:21:22.7266499Z shell: /usr/bin/bash --noprofile --norc -e -o pipefail {0}
2025-01-21T21:21:22.7267737Z env:
2025-01-21T21:21:22.7268427Z   CACHE_NUMBER: 0
2025-01-21T21:21:22.7270921Z   PYTEST_FLAGS: --tardis-regression-data=/home/runner/work/tardis/tardis/tardis-regression-data --cov=tardis --cov-report=xml --cov-report=html --cov-append
2025-01-21T21:21:22.7273512Z   CODECOV_TOKEN: 
2025-01-21T21:21:22.7274279Z ##[endgroup]
2025-01-21T21:21:22.8211793Z ##[group]Run mamba-org/setup-micromamba@v1
2025-01-21T21:21:22.8212827Z with:
2025-01-21T21:21:22.8213589Z   environment-file: conda-linux-64.lock
2025-01-21T21:21:22.8215234Z   cache-environment-key: d7cd390425b0fd3cf82649dcc003efba9915fb4928f15d342148c3ccffcbe2ee
2025-01-21T21:21:22.8217469Z   cache-downloads-key: d7cd390425b0fd3cf82649dcc003efba9915fb4928f15d342148c3ccffcbe2ee
2025-01-21T21:21:22.8219076Z   environment-name: tardis
2025-01-21T21:21:22.8220090Z   cache-environment: true
2025-01-21T21:21:22.8220980Z   cache-downloads: true
2025-01-21T21:21:22.8221810Z env:
2025-01-21T21:21:22.8222488Z   CACHE_NUMBER: 0
2025-01-21T21:21:22.8224782Z   PYTEST_FLAGS: --tardis-regression-data=/home/runner/work/tardis/tardis/tardis-regression-data --cov=tardis --cov-report=xml --cov-report=html --cov-append
2025-01-21T21:21:22.8227251Z   CODECOV_TOKEN: 
2025-01-21T21:21:22.8228026Z ##[endgroup]
2025-01-21T21:21:22.9566128Z Will download micromamba to /home/runner/micromamba-bin/micromamba
2025-01-21T21:21:22.9576930Z ##[group]Install micromamba
2025-01-21T21:21:23.2565757Z micromamba installed to /home/runner/micromamba-bin/micromamba
2025-01-21T21:21:23.2567103Z ##[endgroup]
2025-01-21T21:21:23.2568215Z Adding conda-forge to condarc channels ...
2025-01-21T21:21:23.2577502Z ##[group]Initialize micromamba for bash.
2025-01-21T21:21:23.2594434Z [command]/home/runner/micromamba-bin/micromamba shell init -s bash -r /home/runner/micromamba --log-level warning --rc-file /home/runner/work/_temp/setup-micromamba/.condarc
2025-01-21T21:21:23.3261972Z Modifying RC file "/home/runner/.bashrc"
2025-01-21T21:21:23.3263562Z Generating config for root prefix [1m"/home/runner/micromamba"[0m
2025-01-21T21:21:23.3265901Z Setting mamba executable to: [1m"/home/runner/micromamba-bin/micromamba"[0m
2025-01-21T21:21:23.3266794Z Adding (or replacing) the following in your "/home/runner/.bashrc" file
2025-01-21T21:21:23.3267656Z 
2025-01-21T21:21:23.3267836Z # >>> mamba initialize >>>
2025-01-21T21:21:23.3268381Z # !! Contents within this block are managed by 'mamba init' !!
2025-01-21T21:21:23.3269158Z export MAMBA_EXE='/home/runner/micromamba-bin/micromamba';
2025-01-21T21:21:23.3270034Z export MAMBA_ROOT_PREFIX='/home/runner/micromamba';
2025-01-21T21:21:23.3270896Z __mamba_setup="$("$MAMBA_EXE" shell hook --shell bash --root-prefix "$MAMBA_ROOT_PREFIX" 2> /dev/null)"
2025-01-21T21:21:23.3271674Z if [ $? -eq 0 ]; then
2025-01-21T21:21:23.3272044Z     eval "$__mamba_setup"
2025-01-21T21:21:23.3272406Z else
2025-01-21T21:21:23.3272885Z     alias micromamba="$MAMBA_EXE"  # Fallback on help from mamba activate
2025-01-21T21:21:23.3273832Z fi
2025-01-21T21:21:23.3274122Z unset __mamba_setup
2025-01-21T21:21:23.3274476Z # <<< mamba initialize <<<
2025-01-21T21:21:23.3274725Z 
2025-01-21T21:21:23.3281371Z Moving mamba initialize block to .bash_profile
2025-01-21T21:21:23.3400678Z ##[endgroup]
2025-01-21T21:21:23.3402038Z ##[group]Restoring downloads from `/home/runner/micromamba/pkgs` ...
2025-01-21T21:21:24.4592667Z Received 352605929 of 356800233 (98.8%), 336.3 MBs/sec
2025-01-21T21:21:24.4661615Z Cache Size: ~340 MB (356800233 B)
2025-01-21T21:21:24.4726409Z [command]/usr/bin/tar -xf /home/runner/work/_temp/e0aa9ea1-8cc3-4894-9568-7af84d058cef/cache.tzst -P -C /home/runner/work/tardis/tardis --use-compress-program unzstd
2025-01-21T21:21:24.9440040Z Cache restored successfully
2025-01-21T21:21:25.0189058Z Restored cache with key `d7cd390425b0fd3cf82649dcc003efba9915fb4928f15d342148c3ccffcbe2ee-linux-64`
2025-01-21T21:21:25.0190950Z ##[endgroup]
2025-01-21T21:21:25.0205615Z ##[group]Restoring environment `tardis` from `/home/runner/micromamba/envs/tardis` ...
2025-01-21T21:21:25.4646242Z Received 356800233 of 356800233 (100.0%), 169.6 MBs/sec
2025-01-21T21:21:26.1084405Z Received 310378496 of 444592193 (69.8%), 295.7 MBs/sec
2025-01-21T21:21:26.4165139Z Cache Size: ~424 MB (444592193 B)
2025-01-21T21:21:26.4201640Z [command]/usr/bin/tar -xf /home/runner/work/_temp/d23b734c-495e-4588-8454-d852fd339a1d/cache.tzst -P -C /home/runner/work/tardis/tardis --use-compress-program unzstd
2025-01-21T21:21:27.1100215Z Received 444592193 of 444592193 (100.0%), 211.7 MBs/sec
2025-01-21T21:21:31.6363388Z Cache restored successfully
2025-01-21T21:21:31.7360619Z Restored cache with key `d7cd390425b0fd3cf82649dcc003efba9915fb4928f15d342148c3ccffcbe2ee-linux-64-tardis-args-4f53cda-root-dcc80ee-bin-[object Promise]-file-d7cd390425b0fd3cf82649dcc003efba9915fb4928f15d342148c3ccffcbe2ee`
2025-01-21T21:21:31.7362777Z ##[endgroup]
2025-01-21T21:21:31.7363179Z Adding environment tardis to auto-activate bash ...
2025-01-21T21:21:31.7373676Z Generating micromamba run shell.
2025-01-21T21:21:31.7407428Z ##[endgroup]
2025-01-21T21:21:31.7418097Z Set environment variables.
2025-01-21T21:21:31.7422408Z ##[group]micromamba info
2025-01-21T21:21:31.7425914Z [command]/home/runner/micromamba-bin/micromamba info -r /home/runner/micromamba -n tardis
2025-01-21T21:21:31.7657882Z 
2025-01-21T21:21:31.7658212Z        libmamba version : 1.5.10
2025-01-21T21:21:31.7658664Z      micromamba version : 1.5.10
2025-01-21T21:21:31.7659346Z            curl version : libcurl/8.10.1 OpenSSL/3.3.2 zlib/1.3.1 zstd/1.5.6 libssh2/1.11.0 nghttp2/1.58.0
2025-01-21T21:21:31.7660420Z      libarchive version : libarchive 3.7.4 zlib/1.2.13 bz2lib/1.0.8 libzstd/1.5.6
2025-01-21T21:21:31.7661114Z        envs directories : /home/runner/micromamba/envs
2025-01-21T21:21:31.7661673Z           package cache : /home/runner/micromamba/pkgs
2025-01-21T21:21:31.7662172Z                           /home/runner/.mamba/pkgs
2025-01-21T21:21:31.7662661Z             environment : tardis
2025-01-21T21:21:31.7663139Z            env location : /home/runner/micromamba/envs/tardis
2025-01-21T21:21:31.7663678Z       user config files : /home/runner/.mambarc
2025-01-21T21:21:31.7664327Z  populated config files : /home/runner/work/_temp/setup-micromamba/.condarc
2025-01-21T21:21:31.7665278Z        virtual packages : __unix=0=0
2025-01-21T21:21:31.7665715Z                           __linux=6.8.0=0
2025-01-21T21:21:31.7666133Z                           __glibc=2.39=0
2025-01-21T21:21:31.7666563Z                           __archspec=1=x86_64_v3
2025-01-21T21:21:31.7667274Z                channels : https://conda.anaconda.org/conda-forge/linux-64
2025-01-21T21:21:31.7667914Z                           https://conda.anaconda.org/conda-forge/noarch
2025-01-21T21:21:31.7668458Z        base environment : /home/runner/micromamba
2025-01-21T21:21:31.7668928Z                platform : linux-64
2025-01-21T21:21:31.7674835Z ##[endgroup]
2025-01-21T21:21:31.7675408Z ##[group]micromamba list
2025-01-21T21:21:31.7676826Z [command]/home/runner/micromamba-bin/micromamba list -r /home/runner/micromamba -n tardis
2025-01-21T21:21:32.1654780Z List of packages in environment: "/home/runner/micromamba/envs/tardis"
2025-01-21T21:21:32.1655688Z 
2025-01-21T21:21:32.1656170Z   Name                           Version              Build                    Channel    
2025-01-21T21:21:32.1657816Z â”€â”€â”€â”€â”€â”€â”€â”€â”€â”€â”€â”€â”€â”€â”€â”€â”€â”€â”€â”€â”€â”€â”€â”€â”€â”€â”€â”€â”€â”€â”€â”€â”€â”€â”€â”€â”€â”€â”€â”€â”€â”€â”€â”€â”€â”€â”€â”€â”€â”€â”€â”€â”€â”€â”€â”€â”€â”€â”€â”€â”€â”€â”€â”€â”€â”€â”€â”€â”€â”€â”€â”€â”€â”€â”€â”€â”€â”€â”€â”€â”€â”€â”€â”€â”€â”€â”€â”€â”€â”€â”€â”€
2025-01-21T21:21:32.1658828Z   _libgcc_mutex                  0.1                  conda_forge              conda-forge
2025-01-21T21:21:32.1666160Z   _openmp_mutex                  4.5                  2_gnu                    conda-forge
2025-01-21T21:21:32.1666859Z   alabaster                      0.7.16               pyhd8ed1ab_0             conda-forge
2025-01-21T21:21:32.1667483Z   anyio                          4.4.0                pyhd8ed1ab_0             conda-forge
2025-01-21T21:21:32.1668105Z   argon2-cffi                    23.1.0               pyhd8ed1ab_0             conda-forge
2025-01-21T21:21:32.1668852Z   argon2-cffi-bindings           21.2.0               py312h98912ed_4          conda-forge
2025-01-21T21:21:32.1669531Z   arrow                          1.3.0                pyhd8ed1ab_0             conda-forge
2025-01-21T21:21:32.1670279Z   astropy                        6.1.1                py312h085067d_0          conda-forge
2025-01-21T21:21:32.1670984Z   astropy-iers-data              0.2024.6.17.0.31.35  pyhd8ed1ab_0             conda-forge
2025-01-21T21:21:32.1671748Z   astropy-sphinx-theme           1.1                  pyhd8ed1ab_0             conda-forge
2025-01-21T21:21:32.1672461Z   asttokens                      2.4.1                pyhd8ed1ab_0             conda-forge
2025-01-21T21:21:32.1673097Z   async-lru                      2.0.4                pyhd8ed1ab_0             conda-forge
2025-01-21T21:21:32.1673683Z   atk-1.0                        2.38.0               h04ea711_2               conda-forge
2025-01-21T21:21:32.1674150Z   attrs                          23.2.0               pyh71513ae_0             conda-forge
2025-01-21T21:21:32.1674644Z   babel                          2.14.0               pyhd8ed1ab_0             conda-forge
2025-01-21T21:21:32.1675035Z   beautifulsoup4                 4.12.3               pyha770c72_0             conda-forge
2025-01-21T21:21:32.1675531Z   bleach                         6.1.0                pyhd8ed1ab_0             conda-forge
2025-01-21T21:21:32.1675926Z   blosc                          1.21.5               hc2324a3_1               conda-forge
2025-01-21T21:21:32.1676264Z   brotli                         1.1.0                hd590300_1               conda-forge
2025-01-21T21:21:32.1676609Z   brotli-bin                     1.1.0                hd590300_1               conda-forge
2025-01-21T21:21:32.1677086Z   brotli-python                  1.1.0                py312h30efb56_1          conda-forge
2025-01-21T21:21:32.1677450Z   bzip2                          1.0.8                hd590300_5               conda-forge
2025-01-21T21:21:32.1677820Z   c-ares                         1.28.1               hd590300_0               conda-forge
2025-01-21T21:21:32.1678156Z   c-blosc2                       2.14.4               hb4ffafa_1               conda-forge
2025-01-21T21:21:32.1678831Z   ca-certificates                2024.6.2             hbcca054_0               conda-forge
2025-01-21T21:21:32.1679360Z   cached-property                1.5.2                hd8ed1ab_1               conda-forge
2025-01-21T21:21:32.1679904Z   cached_property                1.5.2                pyha770c72_1             conda-forge
2025-01-21T21:21:32.1680264Z   cairo                          1.18.0               h3faef2a_0               conda-forge
2025-01-21T21:21:32.1680611Z   certifi                        2024.6.2             pyhd8ed1ab_0             conda-forge
2025-01-21T21:21:32.1680955Z   cffi                           1.16.0               py312hf06ca03_0          conda-forge
2025-01-21T21:21:32.1681478Z   charset-normalizer             3.3.2                pyhd8ed1ab_0             conda-forge
2025-01-21T21:21:32.1681854Z   click                          8.1.7                unix_pyh707e725_0        conda-forge
2025-01-21T21:21:32.1682200Z   codespell                      2.3.0                pyhd8ed1ab_0             conda-forge
2025-01-21T21:21:32.1682566Z   colorama                       0.4.6                pyhd8ed1ab_0             conda-forge
2025-01-21T21:21:32.1682908Z   comm                           0.2.2                pyhd8ed1ab_0             conda-forge
2025-01-21T21:21:32.1683385Z   commonmark                     0.9.1                py_0                     conda-forge
2025-01-21T21:21:32.1683747Z   contourpy                      1.2.1                py312h8572e83_0          conda-forge
2025-01-21T21:21:32.1684097Z   coverage                       7.5.3                py312h9a8786e_0          conda-forge
2025-01-21T21:21:32.1684441Z   cycler                         0.12.1               pyhd8ed1ab_0             conda-forge
2025-01-21T21:21:32.1684800Z   dataclasses                    0.8                  pyhc8e2a94_3             conda-forge
2025-01-21T21:21:32.1685154Z   debugpy                        1.8.1                py312h30efb56_0          conda-forge
2025-01-21T21:21:32.1685509Z   decorator                      5.1.1                pyhd8ed1ab_0             conda-forge
2025-01-21T21:21:32.1685868Z   defusedxml                     0.7.1                pyhd8ed1ab_0             conda-forge
2025-01-21T21:21:32.1686232Z   docutils                       0.20.1               py312h7900ff3_3          conda-forge
2025-01-21T21:21:32.1686582Z   dot2tex                        2.11.3               pyhd8ed1ab_0             conda-forge
2025-01-21T21:21:32.1686940Z   entrypoints                    0.4                  pyhd8ed1ab_0             conda-forge
2025-01-21T21:21:32.1687323Z   exceptiongroup                 1.2.0                pyhd8ed1ab_2             conda-forge
2025-01-21T21:21:32.1687703Z   executing                      2.0.1                pyhd8ed1ab_0             conda-forge
2025-01-21T21:21:32.1688047Z   expat                          2.6.2                h59595ed_0               conda-forge
2025-01-21T21:21:32.1688435Z   font-ttf-dejavu-sans-mono      2.37                 hab24e00_0               conda-forge
2025-01-21T21:21:32.1688887Z   font-ttf-inconsolata           3.000                h77eed37_0               conda-forge
2025-01-21T21:21:32.1727819Z   font-ttf-source-code-pro       2.038                h77eed37_0               conda-forge
2025-01-21T21:21:32.1728690Z   font-ttf-ubuntu                0.83                 h77eed37_2               conda-forge
2025-01-21T21:21:32.1729383Z   fontconfig                     2.14.2               h14ed4e7_0               conda-forge
2025-01-21T21:21:32.1730240Z   fonts-conda-ecosystem          1                    0                        conda-forge
2025-01-21T21:21:32.1730954Z   fonts-conda-forge              1                    0                        conda-forge
2025-01-21T21:21:32.1731631Z   fonttools                      4.53.0               py312h9a8786e_0          conda-forge
2025-01-21T21:21:32.1732238Z   fqdn                           1.5.1                pyhd8ed1ab_0             conda-forge
2025-01-21T21:21:32.1732831Z   freetype                       2.12.1               h267a509_2               conda-forge
2025-01-21T21:21:32.1733700Z   fribidi                        1.0.10               h36c2ea0_0               conda-forge
2025-01-21T21:21:32.1734299Z   future                         1.0.0                pyhd8ed1ab_0             conda-forge
2025-01-21T21:21:32.1734909Z   gdk-pixbuf                     2.42.12              hb9ae30d_0               conda-forge
2025-01-21T21:21:32.1735585Z   giflib                         5.2.2                hd590300_0               conda-forge
2025-01-21T21:21:32.1736190Z   git-lfs                        3.5.1                ha770c72_0               conda-forge
2025-01-21T21:21:32.1736905Z   gmp                            6.3.0                h59595ed_1               conda-forge
2025-01-21T21:21:32.1737461Z   gmpy2                          2.1.5                py312h1d5cde6_1          conda-forge
2025-01-21T21:21:32.1738060Z   graphite2                      1.3.13               h59595ed_1003            conda-forge
2025-01-21T21:21:32.1738684Z   graphviz                       11.0.0               hc68bbd7_0               conda-forge
2025-01-21T21:21:32.1739279Z   gtk2                           2.24.33              h280cfa0_4               conda-forge
2025-01-21T21:21:32.1739964Z   gts                            0.7.6                h977cf35_4               conda-forge
2025-01-21T21:21:32.1740507Z   h11                            0.14.0               pyhd8ed1ab_0             conda-forge
2025-01-21T21:21:32.1741082Z   h2                             4.1.0                pyhd8ed1ab_0             conda-forge
2025-01-21T21:21:32.1741642Z   h5py                           3.11.0               nompi_py312hb7ab980_102  conda-forge
2025-01-21T21:21:32.1742242Z   harfbuzz                       8.5.0                hfac3d4d_0               conda-forge
2025-01-21T21:21:32.1742826Z   hdf5                           1.14.3               nompi_hdf9ad27_105       conda-forge
2025-01-21T21:21:32.1743411Z   hpack                          4.0.0                pyh9f0ad1d_0             conda-forge
2025-01-21T21:21:32.1744033Z   httpcore                       1.0.5                pyhd8ed1ab_0             conda-forge
2025-01-21T21:21:32.1744648Z   httpx                          0.27.0               pyhd8ed1ab_0             conda-forge
2025-01-21T21:21:32.1745265Z   hyperframe                     6.0.1                pyhd8ed1ab_0             conda-forge
2025-01-21T21:21:32.1745884Z   icu                            73.2                 h59595ed_0               conda-forge
2025-01-21T21:21:32.1746454Z   idna                           3.7                  pyhd8ed1ab_0             conda-forge
2025-01-21T21:21:32.1747063Z   imagesize                      1.4.1                pyhd8ed1ab_0             conda-forge
2025-01-21T21:21:32.1747757Z   importlib-metadata             7.1.0                pyha770c72_0             conda-forge
2025-01-21T21:21:32.1748488Z   importlib_metadata             7.1.0                hd8ed1ab_0               conda-forge
2025-01-21T21:21:32.1749001Z   importlib_resources            6.4.0                pyhd8ed1ab_0             conda-forge
2025-01-21T21:21:32.1749447Z   iniconfig                      2.0.0                pyhd8ed1ab_0             conda-forge
2025-01-21T21:21:32.1750042Z   ipykernel                      6.29.4               pyh3099207_0             conda-forge
2025-01-21T21:21:32.1750425Z   ipython                        8.25.0               pyh707e725_0             conda-forge
2025-01-21T21:21:32.1750812Z   ipython_genutils               0.2.0                pyhd8ed1ab_1             conda-forge
2025-01-21T21:21:32.1751204Z   ipywidgets                     7.8.0                pyhd8ed1ab_0             conda-forge
2025-01-21T21:21:32.1751598Z   isoduration                    20.11.0              pyhd8ed1ab_0             conda-forge
2025-01-21T21:21:32.1751952Z   jedi                           0.19.1               pyhd8ed1ab_0             conda-forge
2025-01-21T21:21:32.1752293Z   jinja2                         3.1.4                pyhd8ed1ab_0             conda-forge
2025-01-21T21:21:32.1752818Z   json5                          0.9.25               pyhd8ed1ab_0             conda-forge
2025-01-21T21:21:32.1753181Z   jsonpointer                    3.0.0                py312h7900ff3_0          conda-forge
2025-01-21T21:21:32.1753562Z   jsonschema                     4.22.0               pyhd8ed1ab_0             conda-forge
2025-01-21T21:21:32.1753991Z   jsonschema-specifications      2023.12.1            pyhd8ed1ab_0             conda-forge
2025-01-21T21:21:32.1754500Z   jsonschema-with-format-nongpl  4.22.0               pyhd8ed1ab_0             conda-forge
2025-01-21T21:21:32.1755054Z   jupyter-lsp                    2.2.5                pyhd8ed1ab_0             conda-forge
2025-01-21T21:21:32.1755438Z   jupyter_client                 8.6.2                pyhd8ed1ab_0             conda-forge
2025-01-21T21:21:32.1755824Z   jupyter_core                   5.7.2                py312h7900ff3_0          conda-forge
2025-01-21T21:21:32.1756209Z   jupyter_events                 0.10.0               pyhd8ed1ab_0             conda-forge
2025-01-21T21:21:32.1756598Z   jupyter_server                 2.14.1               pyhd8ed1ab_0             conda-forge
2025-01-21T21:21:32.1757016Z   jupyter_server_terminals       0.5.3                pyhd8ed1ab_0             conda-forge
2025-01-21T21:21:32.1757422Z   jupyterlab                     4.2.2                pyhd8ed1ab_0             conda-forge
2025-01-21T21:21:32.1757817Z   jupyterlab_pygments            0.3.0                pyhd8ed1ab_1             conda-forge
2025-01-21T21:21:32.1758238Z   jupyterlab_server              2.27.2               pyhd8ed1ab_0             conda-forge
2025-01-21T21:21:32.1758649Z   jupyterlab_widgets             1.1.7                pyhd8ed1ab_0             conda-forge
2025-01-21T21:21:32.1759040Z   keyutils                       1.6.1                h166bdaf_0               conda-forge
2025-01-21T21:21:32.1759397Z   kiwisolver                     1.4.5                py312h8572e83_1          conda-forge
2025-01-21T21:21:32.1759939Z   krb5                           1.21.2               h659d440_0               conda-forge
2025-01-21T21:21:32.1760375Z   latexcodec                     2.0.1                pyh9f0ad1d_0             conda-forge
2025-01-21T21:21:32.1760726Z   lcms2                          2.16                 hb7c19ff_0               conda-forge
2025-01-21T21:21:32.1761077Z   ld_impl_linux-64               2.40                 hf3520f5_7               conda-forge
2025-01-21T21:21:32.1761422Z   lerc                           4.0.0                h27087fc_0               conda-forge
2025-01-21T21:21:32.1761752Z   libaec                         1.1.3                h59595ed_0               conda-forge
2025-01-21T21:21:32.1762104Z   libblas                        3.9.0                22_linux64_openblas      conda-forge
2025-01-21T21:21:32.1762483Z   libbrotlicommon                1.1.0                hd590300_1               conda-forge
2025-01-21T21:21:32.1762881Z   libbrotlidec                   1.1.0                hd590300_1               conda-forge
2025-01-21T21:21:32.1763256Z   libbrotlienc                   1.1.0                hd590300_1               conda-forge
2025-01-21T21:21:32.1763622Z   libcblas                       3.9.0                22_linux64_openblas      conda-forge
2025-01-21T21:21:32.1763977Z   libcurl                        8.8.0                hca28451_0               conda-forge
2025-01-21T21:21:32.1764355Z   libdeflate                     1.20                 hd590300_0               conda-forge
2025-01-21T21:21:32.1764739Z   libedit                        3.1.20191231         he28a2e2_2               conda-forge
2025-01-21T21:21:32.1765101Z   libev                          4.33                 hd590300_2               conda-forge
2025-01-21T21:21:32.1765446Z   libexpat                       2.6.2                h59595ed_0               conda-forge
2025-01-21T21:21:32.1765793Z   libffi                         3.4.2                h7f98852_5               conda-forge
2025-01-21T21:21:32.1766291Z   libgcc-ng                      13.2.0               h77fa898_10              conda-forge
2025-01-21T21:21:32.1766640Z   libgd                          2.3.3                h119a65a_9               conda-forge
2025-01-21T21:21:32.1767007Z   libgfortran-ng                 13.2.0               h69a702a_10              conda-forge
2025-01-21T21:21:32.1767394Z   libgfortran5                   13.2.0               h3d2ce59_10              conda-forge
2025-01-21T21:21:32.1767763Z   libglib                        2.80.2               h8a4344b_1               conda-forge
2025-01-21T21:21:32.1768113Z   libgomp                        13.2.0               h77fa898_10              conda-forge
2025-01-21T21:21:32.1768569Z   libiconv                       1.17                 hd590300_2               conda-forge
2025-01-21T21:21:32.1768946Z   libjpeg-turbo                  3.0.0                hd590300_1               conda-forge
2025-01-21T21:21:32.1769323Z   liblapack                      3.9.0                22_linux64_openblas      conda-forge
2025-01-21T21:21:32.1769855Z   libllvm14                      14.0.6               hcd5def8_4               conda-forge
2025-01-21T21:21:32.1770270Z   libnghttp2                     1.58.0               h47da74e_1               conda-forge
2025-01-21T21:21:32.1770630Z   libnsl                         2.0.1                hd590300_0               conda-forge
2025-01-21T21:21:32.1770997Z   libopenblas                    0.3.27               pthreads_h413a1c8_0      conda-forge
2025-01-21T21:21:32.1771361Z   libpng                         1.6.43               h2797004_0               conda-forge
2025-01-21T21:21:32.1771712Z   librsvg                        2.58.1               hadf69e7_0               conda-forge
2025-01-21T21:21:32.1772063Z   libsodium                      1.0.18               h36c2ea0_1               conda-forge
2025-01-21T21:21:32.1772422Z   libsqlite                      3.46.0               hde9e2c9_0               conda-forge
2025-01-21T21:21:32.1772777Z   libssh2                        1.11.0               h0841786_0               conda-forge
2025-01-21T21:21:32.1773137Z   libstdcxx-ng                   13.2.0               hc0a3c3a_10              conda-forge
2025-01-21T21:21:32.1773506Z   libtiff                        4.6.0                h1dd3fc0_3               conda-forge
2025-01-21T21:21:32.1773859Z   libuuid                        2.38.1               h0b41bf4_0               conda-forge
2025-01-21T21:21:32.1774205Z   libwebp                        1.4.0                h2c329e2_0               conda-forge
2025-01-21T21:21:32.1774564Z   libwebp-base                   1.4.0                hd590300_0               conda-forge
2025-01-21T21:21:32.1774926Z   libxcb                         1.15                 h0b41bf4_0               conda-forge
2025-01-21T21:21:32.1775287Z   libxcrypt                      4.4.36               hd590300_1               conda-forge
2025-01-21T21:21:32.1775649Z   libxml2                        2.12.7               hc051c1a_1               conda-forge
2025-01-21T21:21:32.1775998Z   libxslt                        1.1.39               h76b75d6_0               conda-forge
2025-01-21T21:21:32.1776335Z   libzlib                        1.3.1                h4ab18f5_1               conda-forge
2025-01-21T21:21:32.1776695Z   llvmlite                       0.42.0               py312hb06c811_1          conda-forge
2025-01-21T21:21:32.1777042Z   lxml                           5.2.2                py312hb90d8a5_0          conda-forge
2025-01-21T21:21:32.1777371Z   lz4-c                          1.9.4                hcb278e6_0               conda-forge
2025-01-21T21:21:32.1777696Z   lzo                            2.10                 hd590300_1001            conda-forge
2025-01-21T21:21:32.1778038Z   markupsafe                     2.1.5                py312h98912ed_0          conda-forge
2025-01-21T21:21:32.1778422Z   matplotlib-base                3.8.4                py312h20ab3a6_2          conda-forge
2025-01-21T21:21:32.1778989Z   matplotlib-inline              0.1.7                pyhd8ed1ab_0             conda-forge
2025-01-21T21:21:32.1779385Z   mistune                        3.0.2                pyhd8ed1ab_0             conda-forge
2025-01-21T21:21:32.1779831Z   mpc                            1.3.1                hfe3b2da_0               conda-forge
2025-01-21T21:21:32.1780160Z   mpfr                           4.2.1                h9458935_1               conda-forge
2025-01-21T21:21:32.1780501Z   mpmath                         1.3.0                pyhd8ed1ab_0             conda-forge
2025-01-21T21:21:32.1780850Z   munkres                        1.1.4                pyh9f0ad1d_0             conda-forge
2025-01-21T21:21:32.1781334Z   mypy_extensions                1.0.0                pyha770c72_0             conda-forge
2025-01-21T21:21:32.1781714Z   nbclassic                      1.1.0                pyhd8ed1ab_0             conda-forge
2025-01-21T21:21:32.1782083Z   nbclient                       0.10.0               pyhd8ed1ab_0             conda-forge
2025-01-21T21:21:32.1782448Z   nbconvert                      7.16.4               hd8ed1ab_1               conda-forge
2025-01-21T21:21:32.1782826Z   nbconvert-core                 7.16.4               pyhd8ed1ab_1             conda-forge
2025-01-21T21:21:32.1783231Z   nbconvert-pandoc               7.16.4               hd8ed1ab_1               conda-forge
2025-01-21T21:21:32.1783622Z   nbformat                       5.10.4               pyhd8ed1ab_0             conda-forge
2025-01-21T21:21:32.1783991Z   nbsphinx                       0.9.4                pyhd8ed1ab_0             conda-forge
2025-01-21T21:21:32.1784367Z   ncurses                        6.5                  h59595ed_0               conda-forge
2025-01-21T21:21:32.1784740Z   nest-asyncio                   1.6.0                pyhd8ed1ab_0             conda-forge
2025-01-21T21:21:32.1785114Z   networkx                       3.3                  pyhd8ed1ab_1             conda-forge
2025-01-21T21:21:32.1785467Z   nomkl                          1.0                  h5ca1d4c_0               conda-forge
2025-01-21T21:21:32.1785817Z   notebook                       7.2.1                pyhd8ed1ab_0             conda-forge
2025-01-21T21:21:32.1786190Z   notebook-shim                  0.2.4                pyhd8ed1ab_0             conda-forge
2025-01-21T21:21:32.1786560Z   numba                          0.59.1               py312hacefee8_0          conda-forge
2025-01-21T21:21:32.1786915Z   numexpr                        2.10.0               py312hf412c99_100        conda-forge
2025-01-21T21:21:32.1787263Z   numpy                          1.26.4               py312heda63a1_0          conda-forge
2025-01-21T21:21:32.1787625Z   numpydoc                       1.7.0                pyhd8ed1ab_1             conda-forge
2025-01-21T21:21:32.1787983Z   openjpeg                       2.5.2                h488ebb8_0               conda-forge
2025-01-21T21:21:32.1788339Z   openssl                        3.3.1                h4ab18f5_0               conda-forge
2025-01-21T21:21:32.1788702Z   overrides                      7.7.0                pyhd8ed1ab_0             conda-forge
2025-01-21T21:21:32.1789069Z   packaging                      24.1                 pyhd8ed1ab_0             conda-forge
2025-01-21T21:21:32.1789417Z   pandas                         2.2.2                py312h1d6d2e6_1          conda-forge
2025-01-21T21:21:32.1789973Z   pandoc                         3.2                  ha770c72_0               conda-forge
2025-01-21T21:21:32.1790353Z   pandocfilters                  1.5.0                pyhd8ed1ab_0             conda-forge
2025-01-21T21:21:32.1790754Z   pango                          1.54.0               h84a9a3c_0               conda-forge
2025-01-21T21:21:32.1791092Z   parso                          0.8.4                pyhd8ed1ab_0             conda-forge
2025-01-21T21:21:32.1791452Z   pathspec                       0.12.1               pyhd8ed1ab_0             conda-forge
2025-01-21T21:21:32.1791959Z   pbr                            6.0.0                pyhd8ed1ab_0             conda-forge
2025-01-21T21:21:32.1792290Z   pcre2                          10.44                h0f59acf_0               conda-forge
2025-01-21T21:21:32.1792634Z   pexpect                        4.9.0                pyhd8ed1ab_0             conda-forge
2025-01-21T21:21:32.1792997Z   pickleshare                    0.7.5                py_1003                  conda-forge
2025-01-21T21:21:32.1793358Z   pillow                         10.3.0               py312hdcec9eb_0          conda-forge
2025-01-21T21:21:32.1793708Z   pip                            24.0                 pyhd8ed1ab_0             conda-forge
2025-01-21T21:21:32.1794151Z   pixman                         0.43.2               h59595ed_0               conda-forge
2025-01-21T21:21:32.1794551Z   pkgutil-resolve-name           1.3.10               pyhd8ed1ab_1             conda-forge
2025-01-21T21:21:32.1794970Z   platformdirs                   4.2.2                pyhd8ed1ab_0             conda-forge
2025-01-21T21:21:32.1795523Z   plotly                         5.22.0               pyhd8ed1ab_0             conda-forge
2025-01-21T21:21:32.1796125Z   pluggy                         1.5.0                pyhd8ed1ab_0             conda-forge
2025-01-21T21:21:32.1796785Z   prometheus_client              0.20.0               pyhd8ed1ab_0             conda-forge
2025-01-21T21:21:32.1797488Z   prompt-toolkit                 3.0.47               pyha770c72_0             conda-forge
2025-01-21T21:21:32.1798133Z   psutil                         5.9.8                py312h98912ed_0          conda-forge
2025-01-21T21:21:32.1798771Z   pthread-stubs                  0.4                  h36c2ea0_1001            conda-forge
2025-01-21T21:21:32.1799436Z   ptyprocess                     0.7.0                pyhd3deb0d_0             conda-forge
2025-01-21T21:21:32.1800211Z   pure_eval                      0.2.2                pyhd8ed1ab_0             conda-forge
2025-01-21T21:21:32.1800851Z   py-cpuinfo                     9.0.0                pyhd8ed1ab_0             conda-forge
2025-01-21T21:21:32.1801473Z   pybtex                         0.24.0               pyhd8ed1ab_2             conda-forge
2025-01-21T21:21:32.1802125Z   pybtex-docutils                1.0.3                py312h7900ff3_1          conda-forge
2025-01-21T21:21:32.1802796Z   pycparser                      2.22                 pyhd8ed1ab_0             conda-forge
2025-01-21T21:21:32.1803415Z   pyerfa                         2.0.1.4              py312h085067d_1          conda-forge
2025-01-21T21:21:32.1804034Z   pygments                       2.18.0               pyhd8ed1ab_0             conda-forge
2025-01-21T21:21:32.1804682Z   pygraphviz                     1.13                 py312h4a1d8a7_1          conda-forge
2025-01-21T21:21:32.1805325Z   pyparsing                      3.1.2                pyhd8ed1ab_0             conda-forge
2025-01-21T21:21:32.1805949Z   pysocks                        1.7.1                pyha2e5f31_6             conda-forge
2025-01-21T21:21:32.1806575Z   pytables                       3.9.2                py312h96d95ec_2          conda-forge
2025-01-21T21:21:32.1807187Z   pytest                         8.2.2                pyhd8ed1ab_0             conda-forge
2025-01-21T21:21:32.1807805Z   pytest-cov                     5.0.0                pyhd8ed1ab_0             conda-forge
2025-01-21T21:21:32.1808495Z   pytest-doctestplus             1.2.1                pyhd8ed1ab_0             conda-forge
2025-01-21T21:21:32.1809199Z   pytest-html                    4.1.1                pyhd8ed1ab_0             conda-forge
2025-01-21T21:21:32.1810031Z   pytest-metadata                3.1.1                pyhd8ed1ab_0             conda-forge
2025-01-21T21:21:32.1810679Z   python                         3.12.4               h194c7f8_0_cpython       conda-forge
2025-01-21T21:21:32.1811339Z   python-dateutil                2.9.0                pyhd8ed1ab_0             conda-forge
2025-01-21T21:21:32.1812279Z   python-fastjsonschema          2.20.0               pyhd8ed1ab_0             conda-forge
2025-01-21T21:21:32.1813039Z   python-json-logger             2.0.7                pyhd8ed1ab_0             conda-forge
2025-01-21T21:21:32.1813754Z   python-tzdata                  2024.1               pyhd8ed1ab_0             conda-forge
2025-01-21T21:21:32.1814414Z   python_abi                     3.12                 4_cp312                  conda-forge
2025-01-21T21:21:32.1815018Z   pytz                           2024.1               pyhd8ed1ab_0             conda-forge
2025-01-21T21:21:32.1815611Z   pyyaml                         6.0.1                py312h98912ed_1          conda-forge
2025-01-21T21:21:32.1816342Z   pyzmq                          26.0.3               py312h8fd38d8_0          conda-forge
2025-01-21T21:21:32.1816930Z   qgrid                          1.3.1                pyhd8ed1ab_4             conda-forge
2025-01-21T21:21:32.1817589Z   radioactivedecay               0.5.1                pyhd8ed1ab_0             conda-forge
2025-01-21T21:21:32.1818266Z   readline                       8.2                  h8228510_1               conda-forge
2025-01-21T21:21:32.1818902Z   recommonmark                   0.7.1                pyhd8ed1ab_0             conda-forge
2025-01-21T21:21:32.1819570Z   referencing                    0.35.1               pyhd8ed1ab_0             conda-forge
2025-01-21T21:21:32.1820359Z   requests                       2.32.3               pyhd8ed1ab_0             conda-forge
2025-01-21T21:21:32.1821033Z   rfc3339-validator              0.1.4                pyhd8ed1ab_0             conda-forge
2025-01-21T21:21:32.1821753Z   rfc3986-validator              0.1.1                pyh9f0ad1d_0             conda-forge
2025-01-21T21:21:32.1822414Z   rpds-py                        0.18.1               py312h4413252_0          conda-forge
2025-01-21T21:21:32.1822994Z   ruff                           0.4.9                py312h5715c7c_0          conda-forge
2025-01-21T21:21:32.1823571Z   scipy                          1.13.1               py312hc2bc53b_0          conda-forge
2025-01-21T21:21:32.1824191Z   send2trash                     1.8.3                pyh0d859eb_0             conda-forge
2025-01-21T21:21:32.1824843Z   setuptools                     70.0.0               pyhd8ed1ab_0             conda-forge
2025-01-21T21:21:32.1825523Z   setuptools-scm                 8.1.0                pyhd8ed1ab_0             conda-forge
2025-01-21T21:21:32.1826198Z   setuptools_scm                 8.1.0                hd8ed1ab_0               conda-forge
2025-01-21T21:21:32.1826815Z   six                            1.16.0               pyh6c4a22f_0             conda-forge
2025-01-21T21:21:32.1827411Z   snakeviz                       2.2.0                pyhd8ed1ab_0             conda-forge
2025-01-21T21:21:32.1828017Z   snappy                         1.2.0                hdb0a2a9_1               conda-forge
2025-01-21T21:21:32.1828621Z   sniffio                        1.3.1                pyhd8ed1ab_0             conda-forge
2025-01-21T21:21:32.1829287Z   snowballstemmer                2.2.0                pyhd8ed1ab_0             conda-forge
2025-01-21T21:21:32.1830093Z   soupsieve                      2.5                  pyhd8ed1ab_1             conda-forge
2025-01-21T21:21:32.1830707Z   sphinx                         7.3.7                pyhd8ed1ab_0             conda-forge
2025-01-21T21:21:32.1831350Z   sphinx-astropy                 1.9.1                pyhd8ed1ab_0             conda-forge
2025-01-21T21:21:32.1832062Z   sphinx-automodapi              0.17.0               pyh717bed2_1             conda-forge
2025-01-21T21:21:32.1832778Z   sphinx-gallery                 0.16.0               pyhd8ed1ab_0             conda-forge
2025-01-21T21:21:32.1833495Z   sphinx-jsonschema              1.19.1               pyhd8ed1ab_0             conda-forge
2025-01-21T21:21:32.1834239Z   sphinx_bootstrap_theme         0.8.1                pyhd8ed1ab_0             conda-forge
2025-01-21T21:21:32.1835125Z   sphinx_rtd_theme               2.0.0                pyha770c72_0             conda-forge
2025-01-21T21:21:32.1835846Z   sphinxcontrib-apidoc           0.3.0                py_1                     conda-forge
2025-01-21T21:21:32.1836626Z   sphinxcontrib-applehelp        1.0.8                pyhd8ed1ab_0             conda-forge
2025-01-21T21:21:32.1837417Z   sphinxcontrib-bibtex           2.6.2                pyhd8ed1ab_0             conda-forge
2025-01-21T21:21:32.1838193Z   sphinxcontrib-devhelp          1.0.6                pyhd8ed1ab_0             conda-forge
2025-01-21T21:21:32.1838983Z   sphinxcontrib-htmlhelp         2.0.5                pyhd8ed1ab_0             conda-forge
2025-01-21T21:21:32.1840033Z   sphinxcontrib-jquery           4.1                  pyhd8ed1ab_0             conda-forge
2025-01-21T21:21:32.1840800Z   sphinxcontrib-jsmath           1.0.1                pyhd8ed1ab_0             conda-forge
2025-01-21T21:21:32.1841568Z   sphinxcontrib-qthelp           1.0.7                pyhd8ed1ab_0             conda-forge
2025-01-21T21:21:32.1842415Z   sphinxcontrib-serializinghtml  1.1.10               pyhd8ed1ab_0             conda-forge
2025-01-21T21:21:32.1843190Z   stack_data                     0.6.2                pyhd8ed1ab_0             conda-forge
2025-01-21T21:21:32.1843800Z   sympy                          1.12.1               pypyh2585a3b_103         conda-forge
2025-01-21T21:21:32.1844410Z   tabulate                       0.9.0                pyhd8ed1ab_1             conda-forge
2025-01-21T21:21:32.1845031Z   tenacity                       8.4.1                pyhd8ed1ab_0             conda-forge
2025-01-21T21:21:32.1845661Z   terminado                      0.18.1               pyh0d859eb_0             conda-forge
2025-01-21T21:21:32.1846297Z   tinycss2                       1.3.0                pyhd8ed1ab_0             conda-forge
2025-01-21T21:21:32.1846879Z   tk                             8.6.13               noxft_h4845f30_101       conda-forge
2025-01-21T21:21:32.1847446Z   toml                           0.10.2               pyhd8ed1ab_0             conda-forge
2025-01-21T21:21:32.1848029Z   tomli                          2.0.1                pyhd8ed1ab_0             conda-forge
2025-01-21T21:21:32.1848626Z   tornado                        6.4.1                py312h9a8786e_0          conda-forge
2025-01-21T21:21:32.1849222Z   tqdm                           4.66.4               pyhd8ed1ab_0             conda-forge
2025-01-21T21:21:32.1849958Z   traitlets                      5.14.3               pyhd8ed1ab_0             conda-forge
2025-01-21T21:21:32.1850584Z   typed-ast                      1.5.5                py312h98912ed_1          conda-forge
2025-01-21T21:21:32.1851322Z   types-python-dateutil          2.9.0.20240316       pyhd8ed1ab_0             conda-forge
2025-01-21T21:21:32.1851783Z   typing-extensions              4.12.2               hd8ed1ab_0               conda-forge
2025-01-21T21:21:32.1852198Z   typing_extensions              4.12.2               pyha770c72_0             conda-forge
2025-01-21T21:21:32.1852593Z   typing_utils                   0.1.0                pyhd8ed1ab_0             conda-forge
2025-01-21T21:21:32.1852957Z   tzdata                         2024a                h0c530f3_0               conda-forge
2025-01-21T21:21:32.1853327Z   uri-template                   1.3.0                pyhd8ed1ab_0             conda-forge
2025-01-21T21:21:32.1853692Z   urllib3                        2.2.2                pyhd8ed1ab_0             conda-forge
2025-01-21T21:21:32.1854047Z   wcwidth                        0.2.13               pyhd8ed1ab_0             conda-forge
2025-01-21T21:21:32.1854417Z   webcolors                      24.6.0               pyhd8ed1ab_0             conda-forge
2025-01-21T21:21:32.1854805Z   webencodings                   0.5.1                pyhd8ed1ab_2             conda-forge
2025-01-21T21:21:32.1855200Z   websocket-client               1.8.0                pyhd8ed1ab_0             conda-forge
2025-01-21T21:21:32.1855744Z   wheel                          0.43.0               pyhd8ed1ab_1             conda-forge
2025-01-21T21:21:32.1856128Z   widgetsnbextension             3.6.6                pyhd8ed1ab_0             conda-forge
2025-01-21T21:21:32.1856525Z   xorg-kbproto                   1.0.7                h7f98852_1002            conda-forge
2025-01-21T21:21:32.1856894Z   xorg-libice                    1.1.1                hd590300_0               conda-forge
2025-01-21T21:21:32.1857255Z   xorg-libsm                     1.2.4                h7391055_0               conda-forge
2025-01-21T21:21:32.1857617Z   xorg-libx11                    1.8.9                h8ee46fc_0               conda-forge
2025-01-21T21:21:32.1858088Z   xorg-libxau                    1.0.11               hd590300_0               conda-forge
2025-01-21T21:21:32.1858450Z   xorg-libxdmcp                  1.1.3                h7f98852_0               conda-forge
2025-01-21T21:21:32.1858830Z   xorg-libxext                   1.3.4                h0b41bf4_2               conda-forge
2025-01-21T21:21:32.1859231Z   xorg-libxrender                0.9.11               hd590300_0               conda-forge
2025-01-21T21:21:32.1859627Z   xorg-renderproto               0.11.1               h7f98852_1002            conda-forge
2025-01-21T21:21:32.1860155Z   xorg-xextproto                 7.3.0                h0b41bf4_1003            conda-forge
2025-01-21T21:21:32.1860538Z   xorg-xproto                    7.0.31               h7f98852_1007            conda-forge
2025-01-21T21:21:32.1860885Z   xz                             5.2.6                h166bdaf_0               conda-forge
2025-01-21T21:21:32.1861206Z   yaml                           0.2.5                h7f98852_2               conda-forge
2025-01-21T21:21:32.1861544Z   zeromq                         4.3.5                h75354e8_4               conda-forge
2025-01-21T21:21:32.1861883Z   zipp                           3.19.2               pyhd8ed1ab_0             conda-forge
2025-01-21T21:21:32.1862210Z   zlib                           1.3.1                h4ab18f5_1               conda-forge
2025-01-21T21:21:32.1862544Z   zlib-ng                        2.0.7                h0b41bf4_0               conda-forge
2025-01-21T21:21:32.1862873Z   zstd                           1.5.6                ha6fb4c9_0               conda-forge
2025-01-21T21:21:32.1863440Z ##[endgroup]
