2025-01-15T21:42:55.8588060Z Prepare all required actions
2025-01-15T21:42:55.8588850Z Getting action download info
2025-01-15T21:42:55.9882480Z Download action repository 'actions/cache@v4' (SHA:1bd1e32a3bdc45362d1e726936510720a7c30a57)
2025-01-15T21:42:56.1121010Z ##[group]Run ./.github/actions/setup_lfs
2025-01-15T21:42:56.1121650Z with:
2025-01-15T21:42:56.1122210Z   regression-data-repo: tardis-sn/tardis-regression-data
2025-01-15T21:42:56.1122900Z env:
2025-01-15T21:42:56.1123310Z   CACHE_NUMBER: 0
2025-01-15T21:42:56.1124650Z   PYTEST_FLAGS: --tardis-regression-data=/Users/runner/work/tardis/tardis/tardis-regression-data --cov=tardis --cov-report=xml --cov-report=html --cov-append
2025-01-15T21:42:56.1126110Z   CODECOV_TOKEN: 
2025-01-15T21:42:56.1126550Z ##[endgroup]
2025-01-15T21:42:56.1246980Z ##[group]Run actions/checkout@v4
2025-01-15T21:42:56.1247520Z with:
2025-01-15T21:42:56.1248000Z   repository: tardis-sn/tardis-regression-data
2025-01-15T21:42:56.1248650Z   path: tardis-regression-data
2025-01-15T21:42:56.1249300Z   token: ***
2025-01-15T21:42:56.1249770Z   ssh-strict: true
2025-01-15T21:42:56.1250220Z   ssh-user: git
2025-01-15T21:42:56.1250680Z   persist-credentials: true
2025-01-15T21:42:56.1251200Z   clean: true
2025-01-15T21:42:56.1251650Z   sparse-checkout-cone-mode: true
2025-01-15T21:42:56.1252200Z   fetch-depth: 1
2025-01-15T21:42:56.1252640Z   fetch-tags: false
2025-01-15T21:42:56.1253080Z   show-progress: true
2025-01-15T21:42:56.1253540Z   lfs: false
2025-01-15T21:42:56.1253960Z   submodules: false
2025-01-15T21:42:56.1254420Z   set-safe-directory: true
2025-01-15T21:42:56.1254910Z env:
2025-01-15T21:42:56.1255300Z   CACHE_NUMBER: 0
2025-01-15T21:42:56.1256590Z   PYTEST_FLAGS: --tardis-regression-data=/Users/runner/work/tardis/tardis/tardis-regression-data --cov=tardis --cov-report=xml --cov-report=html --cov-append
2025-01-15T21:42:56.1258010Z   CODECOV_TOKEN: 
2025-01-15T21:42:56.1258450Z ##[endgroup]
2025-01-15T21:42:56.2060370Z Syncing repository: tardis-sn/tardis-regression-data
2025-01-15T21:42:56.2062950Z ##[group]Getting Git version info
2025-01-15T21:42:56.2063880Z Working directory is '/Users/runner/work/tardis/tardis/tardis-regression-data'
2025-01-15T21:42:56.2089880Z [command]/opt/homebrew/bin/git version
2025-01-15T21:42:56.2135100Z git version 2.47.1
2025-01-15T21:42:56.2150670Z ##[endgroup]
2025-01-15T21:42:56.2155410Z Copying '/Users/runner/.gitconfig' to '/Users/runner/work/_temp/72973e67-e66b-4890-9e1a-0bdf308e25a5/.gitconfig'
2025-01-15T21:42:56.2161970Z Temporarily overriding HOME='/Users/runner/work/_temp/72973e67-e66b-4890-9e1a-0bdf308e25a5' before making global git config changes
2025-01-15T21:42:56.2163620Z Adding repository directory to the temporary git global config as a safe directory
2025-01-15T21:42:56.2165240Z [command]/opt/homebrew/bin/git config --global --add safe.directory /Users/runner/work/tardis/tardis/tardis-regression-data
2025-01-15T21:42:56.2204010Z ##[group]Initializing the repository
2025-01-15T21:42:56.2207010Z [command]/opt/homebrew/bin/git init /Users/runner/work/tardis/tardis/tardis-regression-data
2025-01-15T21:42:56.2265330Z hint: Using 'master' as the name for the initial branch. This default branch name
2025-01-15T21:42:56.2266810Z hint: is subject to change. To configure the initial branch name to use in all
2025-01-15T21:42:56.2268000Z hint: of your new repositories, which will suppress this warning, call:
2025-01-15T21:42:56.2268820Z hint:
2025-01-15T21:42:56.2269400Z hint: 	git config --global init.defaultBranch <name>
2025-01-15T21:42:56.2270100Z hint:
2025-01-15T21:42:56.2270760Z hint: Names commonly chosen instead of 'master' are 'main', 'trunk' and
2025-01-15T21:42:56.2271860Z hint: 'development'. The just-created branch can be renamed via this command:
2025-01-15T21:42:56.2274170Z hint:
2025-01-15T21:42:56.2274670Z hint: 	git branch -m <name>
2025-01-15T21:42:56.2275730Z Initialized empty Git repository in /Users/runner/work/tardis/tardis/tardis-regression-data/.git/
2025-01-15T21:42:56.2278240Z [command]/opt/homebrew/bin/git remote add origin https://github.com/tardis-sn/tardis-regression-data
2025-01-15T21:42:56.2999050Z ##[endgroup]
2025-01-15T21:42:56.3101200Z ##[group]Disabling automatic garbage collection
2025-01-15T21:42:56.3204590Z [command]/opt/homebrew/bin/git config --local gc.auto 0
2025-01-15T21:42:56.3521560Z ##[endgroup]
2025-01-15T21:42:56.3636210Z ##[group]Setting up auth
2025-01-15T21:42:56.3758060Z [command]/opt/homebrew/bin/git config --local --name-only --get-regexp core\.sshCommand
2025-01-15T21:42:56.4065190Z [command]/opt/homebrew/bin/git submodule foreach --recursive sh -c "git config --local --name-only --get-regexp 'core\.sshCommand' && git config --local --unset-all 'core.sshCommand' || :"
2025-01-15T21:42:56.4366630Z [command]/opt/homebrew/bin/git config --local --name-only --get-regexp http\.https\:\/\/github\.com\/\.extraheader
2025-01-15T21:42:56.4670240Z [command]/opt/homebrew/bin/git submodule foreach --recursive sh -c "git config --local --name-only --get-regexp 'http\.https\:\/\/github\.com\/\.extraheader' && git config --local --unset-all 'http.https://github.com/.extraheader' || :"
2025-01-15T21:42:56.5160420Z [command]/opt/homebrew/bin/git config --local http.https://github.com/.extraheader AUTHORIZATION: basic ***
2025-01-15T21:42:56.5214820Z ##[endgroup]
2025-01-15T21:42:56.5216330Z ##[group]Determining the default branch
2025-01-15T21:42:56.5231120Z Retrieving the default branch name
2025-01-15T21:42:56.9332210Z Default branch 'main'
2025-01-15T21:42:56.9433710Z ##[endgroup]
2025-01-15T21:42:56.9534040Z ##[group]Fetching the repository
2025-01-15T21:42:56.9635310Z [command]/opt/homebrew/bin/git -c protocol.version=2 fetch --no-tags --prune --no-recurse-submodules --depth=1 origin +refs/heads/main:refs/remotes/origin/main
2025-01-15T21:42:57.9391250Z From https://github.com/tardis-sn/tardis-regression-data
2025-01-15T21:42:57.9392000Z  * [new branch]      main       -> origin/main
2025-01-15T21:42:57.9458540Z ##[endgroup]
2025-01-15T21:42:57.9458880Z ##[group]Determining the checkout info
2025-01-15T21:42:57.9459180Z ##[endgroup]
2025-01-15T21:42:57.9462720Z [command]/opt/homebrew/bin/git sparse-checkout disable
2025-01-15T21:42:57.9523270Z [command]/opt/homebrew/bin/git config --local --unset-all extensions.worktreeConfig
2025-01-15T21:42:57.9607530Z ##[group]Checking out the ref
2025-01-15T21:42:57.9626960Z [command]/opt/homebrew/bin/git checkout --progress --force -B main refs/remotes/origin/main
2025-01-15T21:42:58.1548400Z Switched to a new branch 'main'
2025-01-15T21:42:58.1551060Z branch 'main' set up to track 'origin/main'.
2025-01-15T21:42:58.2060130Z ##[endgroup]
2025-01-15T21:42:58.2107930Z [command]/opt/homebrew/bin/git log -1 --format=%H
2025-01-15T21:42:58.2141400Z fa7729bc9c30e14b69acd641af8b692b56fcd416
2025-01-15T21:42:58.2213470Z ##[group]Run git lfs ls-files -l | cut -d' ' -f1 | sort > .lfs-assets-id
2025-01-15T21:42:58.2213840Z [36;1mgit lfs ls-files -l | cut -d' ' -f1 | sort > .lfs-assets-id[0m
2025-01-15T21:42:58.2262780Z shell: /bin/bash --noprofile --norc -e -o pipefail {0}
2025-01-15T21:42:58.2263000Z env:
2025-01-15T21:42:58.2263140Z   CACHE_NUMBER: 0
2025-01-15T21:42:58.2263610Z   PYTEST_FLAGS: --tardis-regression-data=/Users/runner/work/tardis/tardis/tardis-regression-data --cov=tardis --cov-report=xml --cov-report=html --cov-append
2025-01-15T21:42:58.2264220Z   CODECOV_TOKEN: 
2025-01-15T21:42:58.2264350Z ##[endgroup]
2025-01-15T21:42:58.4487220Z ##[group]Run actions/cache/restore@v4
2025-01-15T21:42:58.4487510Z with:
2025-01-15T21:42:58.4487650Z   path: tardis-regression-data/.git/lfs
2025-01-15T21:42:58.4487990Z   key: macOS-lfs-21f9fa4b6817cc69b9fae3598144724da7828e276a73bd17f47a2a49d9af090a-v1
2025-01-15T21:42:58.4488320Z   enableCrossOsArchive: false
2025-01-15T21:42:58.4488500Z   fail-on-cache-miss: false
2025-01-15T21:42:58.4488650Z   lookup-only: false
2025-01-15T21:42:58.4488800Z env:
2025-01-15T21:42:58.4488910Z   CACHE_NUMBER: 0
2025-01-15T21:42:58.4489380Z   PYTEST_FLAGS: --tardis-regression-data=/Users/runner/work/tardis/tardis/tardis-regression-data --cov=tardis --cov-report=xml --cov-report=html --cov-append
2025-01-15T21:42:58.4490140Z   CODECOV_TOKEN: 
2025-01-15T21:42:58.4490270Z ##[endgroup]
2025-01-15T21:42:59.9589630Z Received 50331648 of 1706796060 (2.9%), 48.0 MBs/sec
2025-01-15T21:43:00.9582980Z Received 100663296 of 1706796060 (5.9%), 48.0 MBs/sec
2025-01-15T21:43:01.9586920Z Received 180355072 of 1706796060 (10.6%), 57.3 MBs/sec
2025-01-15T21:43:02.9586180Z Received 255852544 of 1706796060 (15.0%), 61.0 MBs/sec
2025-01-15T21:43:03.9581160Z Received 335544320 of 1706796060 (19.7%), 64.0 MBs/sec
2025-01-15T21:43:04.9583950Z Received 406847488 of 1706796060 (23.8%), 64.6 MBs/sec
2025-01-15T21:43:05.9631200Z Received 490733568 of 1706796060 (28.8%), 66.8 MBs/sec
2025-01-15T21:43:06.9602900Z Received 562036736 of 1706796060 (32.9%), 67.0 MBs/sec
2025-01-15T21:43:07.9603230Z Received 645922816 of 1706796060 (37.8%), 68.4 MBs/sec
2025-01-15T21:43:08.9641960Z Received 742391808 of 1706796060 (43.5%), 70.8 MBs/sec
2025-01-15T21:43:09.9645440Z Received 834666496 of 1706796060 (48.9%), 72.3 MBs/sec
2025-01-15T21:43:10.9644400Z Received 905969664 of 1706796060 (53.1%), 72.0 MBs/sec
2025-01-15T21:43:11.9643950Z Received 985661440 of 1706796060 (57.7%), 72.3 MBs/sec
2025-01-15T21:43:12.9644460Z Received 1065353216 of 1706796060 (62.4%), 72.5 MBs/sec
2025-01-15T21:43:13.9643270Z Received 1153433600 of 1706796060 (67.6%), 73.3 MBs/sec
2025-01-15T21:43:14.9644500Z Received 1237319680 of 1706796060 (72.5%), 73.7 MBs/sec
2025-01-15T21:43:15.9700130Z Received 1312817152 of 1706796060 (76.9%), 73.6 MBs/sec
2025-01-15T21:43:16.9728480Z Received 1392508928 of 1706796060 (81.6%), 73.7 MBs/sec
2025-01-15T21:43:17.9711790Z Received 1468006400 of 1706796060 (86.0%), 73.6 MBs/sec
2025-01-15T21:43:18.9722060Z Received 1535115264 of 1706796060 (89.9%), 73.1 MBs/sec
2025-01-15T21:43:19.9722970Z Received 1627389952 of 1706796060 (95.3%), 73.9 MBs/sec
2025-01-15T21:43:20.9742790Z Received 1706796060 of 1706796060 (100.0%), 73.9 MBs/sec
2025-01-15T21:43:21.3400130Z Cache Size: ~1628 MB (1706796060 B)
2025-01-15T21:43:21.3457440Z [command]/opt/homebrew/bin/gtar -xf /Users/runner/work/_temp/a5f56e50-011d-44ef-9831-9ea756eae501/cache.tzst -P -C /Users/runner/work/tardis/tardis --delay-directory-restore --use-compress-program unzstd
2025-01-15T21:43:27.2547350Z Cache restored successfully
2025-01-15T21:43:27.3395020Z Cache restored from key: macOS-lfs-21f9fa4b6817cc69b9fae3598144724da7828e276a73bd17f47a2a49d9af090a-v1
2025-01-15T21:43:27.3636670Z ##[group]Run git lfs checkout
2025-01-15T21:43:27.3637040Z [36;1mgit lfs checkout[0m
2025-01-15T21:43:27.3691960Z shell: /bin/bash --noprofile --norc -e -o pipefail {0}
2025-01-15T21:43:27.3692330Z env:
2025-01-15T21:43:27.3692610Z   CACHE_NUMBER: 0
2025-01-15T21:43:27.3693160Z   PYTEST_FLAGS: --tardis-regression-data=/Users/runner/work/tardis/tardis/tardis-regression-data --cov=tardis --cov-report=xml --cov-report=html --cov-append
2025-01-15T21:43:27.3693640Z   CODECOV_TOKEN: 
2025-01-15T21:43:27.3693790Z ##[endgroup]
2025-01-15T21:43:35.0781380Z Checking out LFS objects: 100% (204/204), 3.5 GB | 359 MB/s, done.
