2025-02-05T14:38:41.7876276Z Prepare all required actions
2025-02-05T14:38:41.7876634Z Getting action download info
2025-02-05T14:38:41.8849890Z Download action repository 'mamba-org/setup-micromamba@v1' (SHA:4b9113af4fba0e9e1124b252dd6497a419e7396d)
2025-02-05T14:38:42.1270473Z ##[group]Run ./.github/actions/setup_env
2025-02-05T14:38:42.1270779Z with:
2025-02-05T14:38:42.1270977Z   os-label: linux-64
2025-02-05T14:38:42.1271182Z env:
2025-02-05T14:38:42.1271354Z   CACHE_NUMBER: 0
2025-02-05T14:38:42.1271961Z   PYTEST_FLAGS: --tardis-regression-data=/home/runner/work/tardis/tardis/tardis-regression-data --cov=tardis --cov-report=xml --cov-report=html --cov-append
2025-02-05T14:38:42.1272618Z   CODECOV_TOKEN: 
2025-02-05T14:38:42.1272815Z ##[endgroup]
2025-02-05T14:38:42.1291968Z ##[group]Run file_hash=$(cat conda-linux-64.lock | shasum -a 256 | cut -d' ' -f1)
2025-02-05T14:38:42.1292469Z [36;1mfile_hash=$(cat conda-linux-64.lock | shasum -a 256 | cut -d' ' -f1)[0m
2025-02-05T14:38:42.1292981Z [36;1mecho "file_hash=tardis-conda-env-linux-64-${file_hash}-v1" >> "${GITHUB_OUTPUT}"[0m
2025-02-05T14:38:42.1319777Z shell: /usr/bin/bash --noprofile --norc -e -o pipefail {0}
2025-02-05T14:38:42.1320222Z env:
2025-02-05T14:38:42.1320396Z   CACHE_NUMBER: 0
2025-02-05T14:38:42.1320999Z   PYTEST_FLAGS: --tardis-regression-data=/home/runner/work/tardis/tardis/tardis-regression-data --cov=tardis --cov-report=xml --cov-report=html --cov-append
2025-02-05T14:38:42.1321637Z   CODECOV_TOKEN: 
2025-02-05T14:38:42.1321837Z ##[endgroup]
2025-02-05T14:38:42.1594135Z ##[group]Run mamba-org/setup-micromamba@v1
2025-02-05T14:38:42.1594404Z with:
2025-02-05T14:38:42.1594603Z   environment-file: conda-linux-64.lock
2025-02-05T14:38:42.1595151Z   cache-environment-key: tardis-conda-env-linux-64-d7cd390425b0fd3cf82649dcc003efba9915fb4928f15d342148c3ccffcbe2ee-v1
2025-02-05T14:38:42.1595982Z   cache-downloads-key: tardis-conda-env-linux-64-d7cd390425b0fd3cf82649dcc003efba9915fb4928f15d342148c3ccffcbe2ee-v1
2025-02-05T14:38:42.1596506Z   environment-name: tardis
2025-02-05T14:38:42.1596742Z   cache-environment: true
2025-02-05T14:38:42.1596964Z   cache-downloads: true
2025-02-05T14:38:42.1597160Z env:
2025-02-05T14:38:42.1597325Z   CACHE_NUMBER: 0
2025-02-05T14:38:42.1597925Z   PYTEST_FLAGS: --tardis-regression-data=/home/runner/work/tardis/tardis/tardis-regression-data --cov=tardis --cov-report=xml --cov-report=html --cov-append
2025-02-05T14:38:42.1598556Z   CODECOV_TOKEN: 
2025-02-05T14:38:42.1598745Z ##[endgroup]
2025-02-05T14:38:42.2929172Z Will download micromamba to /home/runner/micromamba-bin/micromamba
2025-02-05T14:38:42.2937774Z ##[group]Install micromamba
2025-02-05T14:38:42.5419644Z micromamba installed to /home/runner/micromamba-bin/micromamba
2025-02-05T14:38:42.5420663Z ##[endgroup]
2025-02-05T14:38:42.5421637Z Adding conda-forge to condarc channels ...
2025-02-05T14:38:42.5432926Z ##[group]Initialize micromamba for bash.
2025-02-05T14:38:42.5454161Z [command]/home/runner/micromamba-bin/micromamba shell init -s bash -r /home/runner/micromamba --log-level warning --rc-file /home/runner/work/_temp/setup-micromamba/.condarc
2025-02-05T14:38:42.5749889Z Modifying RC file "/home/runner/.bashrc"
2025-02-05T14:38:42.5751840Z Generating config for root prefix [1m"/home/runner/micromamba"[0m
2025-02-05T14:38:42.5752691Z Setting mamba executable to: [1m"/home/runner/micromamba-bin/micromamba"[0m
2025-02-05T14:38:42.5753452Z Adding (or replacing) the following in your "/home/runner/.bashrc" file
2025-02-05T14:38:42.5753903Z 
2025-02-05T14:38:42.5754042Z # >>> mamba initialize >>>
2025-02-05T14:38:42.5754507Z # !! Contents within this block are managed by 'mamba init' !!
2025-02-05T14:38:42.5755125Z export MAMBA_EXE='/home/runner/micromamba-bin/micromamba';
2025-02-05T14:38:42.5755704Z export MAMBA_ROOT_PREFIX='/home/runner/micromamba';
2025-02-05T14:38:42.5756704Z __mamba_setup="$("$MAMBA_EXE" shell hook --shell bash --root-prefix "$MAMBA_ROOT_PREFIX" 2> /dev/null)"
2025-02-05T14:38:42.5757419Z if [ $? -eq 0 ]; then
2025-02-05T14:38:42.5757760Z     eval "$__mamba_setup"
2025-02-05T14:38:42.5758329Z else
2025-02-05T14:38:42.5758753Z     alias micromamba="$MAMBA_EXE"  # Fallback on help from mamba activate
2025-02-05T14:38:42.5759344Z fi
2025-02-05T14:38:42.5759524Z unset __mamba_setup
2025-02-05T14:38:42.5759725Z # <<< mamba initialize <<<
2025-02-05T14:38:42.5759865Z 
2025-02-05T14:38:42.5775719Z Moving mamba initialize block to .bash_profile
2025-02-05T14:38:42.5820682Z ##[endgroup]
2025-02-05T14:38:42.5822156Z ##[group]Restoring downloads from `/home/runner/micromamba/pkgs` ...
2025-02-05T14:38:43.6462851Z Received 314572800 of 356815776 (88.2%), 298.5 MBs/sec
2025-02-05T14:38:43.7150359Z Cache Size: ~340 MB (356815776 B)
2025-02-05T14:38:43.7186910Z [command]/usr/bin/tar -xf /home/runner/work/_temp/8566e860-38d0-42d8-8d6a-ac642386ad9d/cache.tzst -P -C /home/runner/work/tardis/tardis --use-compress-program unzstd
2025-02-05T14:38:44.1983248Z Cache restored successfully
2025-02-05T14:38:44.2721634Z Restored cache with key `tardis-conda-env-linux-64-d7cd390425b0fd3cf82649dcc003efba9915fb4928f15d342148c3ccffcbe2ee-v1-linux-64`
2025-02-05T14:38:44.2723263Z ##[endgroup]
2025-02-05T14:38:44.2734311Z ##[group]Restoring environment `tardis` from `/home/runner/micromamba/envs/tardis` ...
2025-02-05T14:38:44.6470002Z Received 356815776 of 356815776 (100.0%), 169.7 MBs/sec
2025-02-05T14:38:45.3229859Z Received 385875968 of 444032293 (86.9%), 367.6 MBs/sec
2025-02-05T14:38:45.4416117Z Cache Size: ~423 MB (444032293 B)
2025-02-05T14:38:45.4455622Z [command]/usr/bin/tar -xf /home/runner/work/_temp/9e3aa1f6-9b56-4896-a6b2-e401a569e476/cache.tzst -P -C /home/runner/work/tardis/tardis --use-compress-program unzstd
2025-02-05T14:38:46.3238806Z Received 444032293 of 444032293 (100.0%), 211.5 MBs/sec
2025-02-05T14:38:50.4617617Z Cache restored successfully
2025-02-05T14:38:50.8975974Z Restored cache with key `tardis-conda-env-linux-64-d7cd390425b0fd3cf82649dcc003efba9915fb4928f15d342148c3ccffcbe2ee-v1-linux-64-tardis-args-4f53cda-root-dcc80ee-bin-[object Promise]-file-d7cd390425b0fd3cf82649dcc003efba9915fb4928f15d342148c3ccffcbe2ee`
2025-02-05T14:38:50.8977884Z ##[endgroup]
2025-02-05T14:38:50.8978133Z Adding environment tardis to auto-activate bash ...
2025-02-05T14:38:50.8987212Z Generating micromamba run shell.
2025-02-05T14:38:50.8996136Z ##[endgroup]
2025-02-05T14:38:50.9001961Z Set environment variables.
2025-02-05T14:38:50.9005791Z ##[group]micromamba info
2025-02-05T14:38:50.9009079Z [command]/home/runner/micromamba-bin/micromamba info -r /home/runner/micromamba -n tardis
2025-02-05T14:38:50.9246549Z 
2025-02-05T14:38:50.9246959Z        libmamba version : 1.5.10
2025-02-05T14:38:50.9247436Z      micromamba version : 1.5.10
2025-02-05T14:38:50.9248133Z            curl version : libcurl/8.10.1 OpenSSL/3.3.2 zlib/1.3.1 zstd/1.5.6 libssh2/1.11.0 nghttp2/1.58.0
2025-02-05T14:38:50.9249053Z      libarchive version : libarchive 3.7.4 zlib/1.2.13 bz2lib/1.0.8 libzstd/1.5.6
2025-02-05T14:38:50.9249772Z        envs directories : /home/runner/micromamba/envs
2025-02-05T14:38:50.9250523Z           package cache : /home/runner/micromamba/pkgs
2025-02-05T14:38:50.9251050Z                           /home/runner/.mamba/pkgs
2025-02-05T14:38:50.9251503Z             environment : tardis
2025-02-05T14:38:50.9251999Z            env location : /home/runner/micromamba/envs/tardis
2025-02-05T14:38:50.9252552Z       user config files : /home/runner/.mambarc
2025-02-05T14:38:50.9253218Z  populated config files : /home/runner/work/_temp/setup-micromamba/.condarc
2025-02-05T14:38:50.9253865Z        virtual packages : __unix=0=0
2025-02-05T14:38:50.9254299Z                           __linux=6.8.0=0
2025-02-05T14:38:50.9254724Z                           __glibc=2.39=0
2025-02-05T14:38:50.9255180Z                           __archspec=1=x86_64_v3
2025-02-05T14:38:50.9256028Z                channels : https://conda.anaconda.org/conda-forge/linux-64
2025-02-05T14:38:50.9256680Z                           https://conda.anaconda.org/conda-forge/noarch
2025-02-05T14:38:50.9257314Z        base environment : /home/runner/micromamba
2025-02-05T14:38:50.9258133Z                platform : linux-64
2025-02-05T14:38:50.9264152Z ##[endgroup]
2025-02-05T14:38:50.9264794Z ##[group]micromamba list
2025-02-05T14:38:50.9265806Z [command]/home/runner/micromamba-bin/micromamba list -r /home/runner/micromamba -n tardis
2025-02-05T14:38:51.3132362Z List of packages in environment: "/home/runner/micromamba/envs/tardis"
2025-02-05T14:38:51.3133084Z 
2025-02-05T14:38:51.3206453Z   Name                           Version              Build                    Channel    
2025-02-05T14:38:51.3207567Z â”€â”€â”€â”€â”€â”€â”€â”€â”€â”€â”€â”€â”€â”€â”€â”€â”€â”€â”€â”€â”€â”€â”€â”€â”€â”€â”€â”€â”€â”€â”€â”€â”€â”€â”€â”€â”€â”€â”€â”€â”€â”€â”€â”€â”€â”€â”€â”€â”€â”€â”€â”€â”€â”€â”€â”€â”€â”€â”€â”€â”€â”€â”€â”€â”€â”€â”€â”€â”€â”€â”€â”€â”€â”€â”€â”€â”€â”€â”€â”€â”€â”€â”€â”€â”€â”€â”€â”€â”€â”€â”€â”€
2025-02-05T14:38:51.3208199Z   _libgcc_mutex                  0.1                  conda_forge              conda-forge
2025-02-05T14:38:51.3208931Z   _openmp_mutex                  4.5                  2_gnu                    conda-forge
2025-02-05T14:38:51.3209584Z   alabaster                      0.7.16               pyhd8ed1ab_0             conda-forge
2025-02-05T14:38:51.3210371Z   anyio                          4.4.0                pyhd8ed1ab_0             conda-forge
2025-02-05T14:38:51.3210987Z   argon2-cffi                    23.1.0               pyhd8ed1ab_0             conda-forge
2025-02-05T14:38:51.3211711Z   argon2-cffi-bindings           21.2.0               py312h98912ed_4          conda-forge
2025-02-05T14:38:51.3212377Z   arrow                          1.3.0                pyhd8ed1ab_0             conda-forge
2025-02-05T14:38:51.3212965Z   astropy                        6.1.1                py312h085067d_0          conda-forge
2025-02-05T14:38:51.3213641Z   astropy-iers-data              0.2024.6.17.0.31.35  pyhd8ed1ab_0             conda-forge
2025-02-05T14:38:51.3214393Z   astropy-sphinx-theme           1.1                  pyhd8ed1ab_0             conda-forge
2025-02-05T14:38:51.3215093Z   asttokens                      2.4.1                pyhd8ed1ab_0             conda-forge
2025-02-05T14:38:51.3215715Z   async-lru                      2.0.4                pyhd8ed1ab_0             conda-forge
2025-02-05T14:38:51.3216307Z   atk-1.0                        2.38.0               h04ea711_2               conda-forge
2025-02-05T14:38:51.3216873Z   attrs                          23.2.0               pyh71513ae_0             conda-forge
2025-02-05T14:38:51.3217456Z   babel                          2.14.0               pyhd8ed1ab_0             conda-forge
2025-02-05T14:38:51.3218102Z   beautifulsoup4                 4.12.3               pyha770c72_0             conda-forge
2025-02-05T14:38:51.3218796Z   bleach                         6.1.0                pyhd8ed1ab_0             conda-forge
2025-02-05T14:38:51.3219384Z   blosc                          1.21.5               hc2324a3_1               conda-forge
2025-02-05T14:38:51.3219960Z   brotli                         1.1.0                hd590300_1               conda-forge
2025-02-05T14:38:51.3220683Z   brotli-bin                     1.1.0                hd590300_1               conda-forge
2025-02-05T14:38:51.3221334Z   brotli-python                  1.1.0                py312h30efb56_1          conda-forge
2025-02-05T14:38:51.3221955Z   bzip2                          1.0.8                hd590300_5               conda-forge
2025-02-05T14:38:51.3222520Z   c-ares                         1.28.1               hd590300_0               conda-forge
2025-02-05T14:38:51.3223112Z   c-blosc2                       2.14.4               hb4ffafa_1               conda-forge
2025-02-05T14:38:51.3223773Z   ca-certificates                2024.6.2             hbcca054_0               conda-forge
2025-02-05T14:38:51.3224480Z   cached-property                1.5.2                hd8ed1ab_1               conda-forge
2025-02-05T14:38:51.3225169Z   cached_property                1.5.2                pyha770c72_1             conda-forge
2025-02-05T14:38:51.3226131Z   cairo                          1.18.0               h3faef2a_0               conda-forge
2025-02-05T14:38:51.3226744Z   certifi                        2024.6.2             pyhd8ed1ab_0             conda-forge
2025-02-05T14:38:51.3227520Z   cffi                           1.16.0               py312hf06ca03_0          conda-forge
2025-02-05T14:38:51.3228173Z   charset-normalizer             3.3.2                pyhd8ed1ab_0             conda-forge
2025-02-05T14:38:51.3228831Z   click                          8.1.7                unix_pyh707e725_0        conda-forge
2025-02-05T14:38:51.3229441Z   codespell                      2.3.0                pyhd8ed1ab_0             conda-forge
2025-02-05T14:38:51.3230199Z   colorama                       0.4.6                pyhd8ed1ab_0             conda-forge
2025-02-05T14:38:51.3230797Z   comm                           0.2.2                pyhd8ed1ab_0             conda-forge
2025-02-05T14:38:51.3231417Z   commonmark                     0.9.1                py_0                     conda-forge
2025-02-05T14:38:51.3232050Z   contourpy                      1.2.1                py312h8572e83_0          conda-forge
2025-02-05T14:38:51.3232688Z   coverage                       7.5.3                py312h9a8786e_0          conda-forge
2025-02-05T14:38:51.3233293Z   cycler                         0.12.1               pyhd8ed1ab_0             conda-forge
2025-02-05T14:38:51.3233915Z   dataclasses                    0.8                  pyhc8e2a94_3             conda-forge
2025-02-05T14:38:51.3234539Z   debugpy                        1.8.1                py312h30efb56_0          conda-forge
2025-02-05T14:38:51.3235158Z   decorator                      5.1.1                pyhd8ed1ab_0             conda-forge
2025-02-05T14:38:51.3235797Z   defusedxml                     0.7.1                pyhd8ed1ab_0             conda-forge
2025-02-05T14:38:51.3236432Z   docutils                       0.20.1               py312h7900ff3_3          conda-forge
2025-02-05T14:38:51.3237058Z   dot2tex                        2.11.3               pyhd8ed1ab_0             conda-forge
2025-02-05T14:38:51.3237690Z   entrypoints                    0.4                  pyhd8ed1ab_0             conda-forge
2025-02-05T14:38:51.3238373Z   exceptiongroup                 1.2.0                pyhd8ed1ab_2             conda-forge
2025-02-05T14:38:51.3239045Z   executing                      2.0.1                pyhd8ed1ab_0             conda-forge
2025-02-05T14:38:51.3239651Z   expat                          2.6.2                h59595ed_0               conda-forge
2025-02-05T14:38:51.3240456Z   font-ttf-dejavu-sans-mono      2.37                 hab24e00_0               conda-forge
2025-02-05T14:38:51.3241238Z   font-ttf-inconsolata           3.000                h77eed37_0               conda-forge
2025-02-05T14:38:51.3242013Z   font-ttf-source-code-pro       2.038                h77eed37_0               conda-forge
2025-02-05T14:38:51.3242743Z   font-ttf-ubuntu                0.83                 h77eed37_2               conda-forge
2025-02-05T14:38:51.3243402Z   fontconfig                     2.14.2               h14ed4e7_0               conda-forge
2025-02-05T14:38:51.3244089Z   fonts-conda-ecosystem          1                    0                        conda-forge
2025-02-05T14:38:51.3244806Z   fonts-conda-forge              1                    0                        conda-forge
2025-02-05T14:38:51.3245463Z   fonttools                      4.53.0               py312h9a8786e_0          conda-forge
2025-02-05T14:38:51.3246067Z   fqdn                           1.5.1                pyhd8ed1ab_0             conda-forge
2025-02-05T14:38:51.3246660Z   freetype                       2.12.1               h267a509_2               conda-forge
2025-02-05T14:38:51.3247266Z   fribidi                        1.0.10               h36c2ea0_0               conda-forge
2025-02-05T14:38:51.3247867Z   future                         1.0.0                pyhd8ed1ab_0             conda-forge
2025-02-05T14:38:51.3248650Z   gdk-pixbuf                     2.42.12              hb9ae30d_0               conda-forge
2025-02-05T14:38:51.3249265Z   giflib                         5.2.2                hd590300_0               conda-forge
2025-02-05T14:38:51.3249983Z   git-lfs                        3.5.1                ha770c72_0               conda-forge
2025-02-05T14:38:51.3250677Z   gmp                            6.3.0                h59595ed_1               conda-forge
2025-02-05T14:38:51.3251240Z   gmpy2                          2.1.5                py312h1d5cde6_1          conda-forge
2025-02-05T14:38:51.3251839Z   graphite2                      1.3.13               h59595ed_1003            conda-forge
2025-02-05T14:38:51.3252461Z   graphviz                       11.0.0               hc68bbd7_0               conda-forge
2025-02-05T14:38:51.3253047Z   gtk2                           2.24.33              h280cfa0_4               conda-forge
2025-02-05T14:38:51.3253606Z   gts                            0.7.6                h977cf35_4               conda-forge
2025-02-05T14:38:51.3254154Z   h11                            0.14.0               pyhd8ed1ab_0             conda-forge
2025-02-05T14:38:51.3254696Z   h2                             4.1.0                pyhd8ed1ab_0             conda-forge
2025-02-05T14:38:51.3255265Z   h5py                           3.11.0               nompi_py312hb7ab980_102  conda-forge
2025-02-05T14:38:51.3255862Z   harfbuzz                       8.5.0                hfac3d4d_0               conda-forge
2025-02-05T14:38:51.3256454Z   hdf5                           1.14.3               nompi_hdf9ad27_105       conda-forge
2025-02-05T14:38:51.3257027Z   hpack                          4.0.0                pyh9f0ad1d_0             conda-forge
2025-02-05T14:38:51.3257628Z   httpcore                       1.0.5                pyhd8ed1ab_0             conda-forge
2025-02-05T14:38:51.3258232Z   httpx                          0.27.0               pyhd8ed1ab_0             conda-forge
2025-02-05T14:38:51.3258862Z   hyperframe                     6.0.1                pyhd8ed1ab_0             conda-forge
2025-02-05T14:38:51.3259455Z   icu                            73.2                 h59595ed_0               conda-forge
2025-02-05T14:38:51.3260008Z   idna                           3.7                  pyhd8ed1ab_0             conda-forge
2025-02-05T14:38:51.3260726Z   imagesize                      1.4.1                pyhd8ed1ab_0             conda-forge
2025-02-05T14:38:51.3261419Z   importlib-metadata             7.1.0                pyha770c72_0             conda-forge
2025-02-05T14:38:51.3262141Z   importlib_metadata             7.1.0                hd8ed1ab_0               conda-forge
2025-02-05T14:38:51.3262863Z   importlib_resources            6.4.0                pyhd8ed1ab_0             conda-forge
2025-02-05T14:38:51.3263546Z   iniconfig                      2.0.0                pyhd8ed1ab_0             conda-forge
2025-02-05T14:38:51.3264178Z   ipykernel                      6.29.4               pyh3099207_0             conda-forge
2025-02-05T14:38:51.3264788Z   ipython                        8.25.0               pyh707e725_0             conda-forge
2025-02-05T14:38:51.3265438Z   ipython_genutils               0.2.0                pyhd8ed1ab_1             conda-forge
2025-02-05T14:38:51.3266115Z   ipywidgets                     7.8.0                pyhd8ed1ab_0             conda-forge
2025-02-05T14:38:51.3266838Z   isoduration                    20.11.0              pyhd8ed1ab_0             conda-forge
2025-02-05T14:38:51.3267456Z   jedi                           0.19.1               pyhd8ed1ab_0             conda-forge
2025-02-05T14:38:51.3268031Z   jinja2                         3.1.4                pyhd8ed1ab_0             conda-forge
2025-02-05T14:38:51.3268617Z   json5                          0.9.25               pyhd8ed1ab_0             conda-forge
2025-02-05T14:38:51.3269236Z   jsonpointer                    3.0.0                py312h7900ff3_0          conda-forge
2025-02-05T14:38:51.3270189Z   jsonschema                     4.22.0               pyhd8ed1ab_0             conda-forge
2025-02-05T14:38:51.3270976Z   jsonschema-specifications      2023.12.1            pyhd8ed1ab_0             conda-forge
2025-02-05T14:38:51.3271994Z   jsonschema-with-format-nongpl  4.22.0               pyhd8ed1ab_0             conda-forge
2025-02-05T14:38:51.3272768Z   jupyter-lsp                    2.2.5                pyhd8ed1ab_0             conda-forge
2025-02-05T14:38:51.3273434Z   jupyter_client                 8.6.2                pyhd8ed1ab_0             conda-forge
2025-02-05T14:38:51.3274094Z   jupyter_core                   5.7.2                py312h7900ff3_0          conda-forge
2025-02-05T14:38:51.3274757Z   jupyter_events                 0.10.0               pyhd8ed1ab_0             conda-forge
2025-02-05T14:38:51.3275438Z   jupyter_server                 2.14.1               pyhd8ed1ab_0             conda-forge
2025-02-05T14:38:51.3276176Z   jupyter_server_terminals       0.5.3                pyhd8ed1ab_0             conda-forge
2025-02-05T14:38:51.3276895Z   jupyterlab                     4.2.2                pyhd8ed1ab_0             conda-forge
2025-02-05T14:38:51.3277593Z   jupyterlab_pygments            0.3.0                pyhd8ed1ab_1             conda-forge
2025-02-05T14:38:51.3278334Z   jupyterlab_server              2.27.2               pyhd8ed1ab_0             conda-forge
2025-02-05T14:38:51.3279047Z   jupyterlab_widgets             1.1.7                pyhd8ed1ab_0             conda-forge
2025-02-05T14:38:51.3279686Z   keyutils                       1.6.1                h166bdaf_0               conda-forge
2025-02-05T14:38:51.3280403Z   kiwisolver                     1.4.5                py312h8572e83_1          conda-forge
2025-02-05T14:38:51.3280975Z   krb5                           1.21.2               h659d440_0               conda-forge
2025-02-05T14:38:51.3281547Z   latexcodec                     2.0.1                pyh9f0ad1d_0             conda-forge
2025-02-05T14:38:51.3282138Z   lcms2                          2.16                 hb7c19ff_0               conda-forge
2025-02-05T14:38:51.3282713Z   ld_impl_linux-64               2.40                 hf3520f5_7               conda-forge
2025-02-05T14:38:51.3283286Z   lerc                           4.0.0                h27087fc_0               conda-forge
2025-02-05T14:38:51.3283836Z   libaec                         1.1.3                h59595ed_0               conda-forge
2025-02-05T14:38:51.3284434Z   libblas                        3.9.0                22_linux64_openblas      conda-forge
2025-02-05T14:38:51.3285087Z   libbrotlicommon                1.1.0                hd590300_1               conda-forge
2025-02-05T14:38:51.3285759Z   libbrotlidec                   1.1.0                hd590300_1               conda-forge
2025-02-05T14:38:51.3286411Z   libbrotlienc                   1.1.0                hd590300_1               conda-forge
2025-02-05T14:38:51.3287057Z   libcblas                       3.9.0                22_linux64_openblas      conda-forge
2025-02-05T14:38:51.3287662Z   libcurl                        8.8.0                hca28451_0               conda-forge
2025-02-05T14:38:51.3288271Z   libdeflate                     1.20                 hd590300_0               conda-forge
2025-02-05T14:38:51.3288909Z   libedit                        3.1.20191231         he28a2e2_2               conda-forge
2025-02-05T14:38:51.3289506Z   libev                          4.33                 hd590300_2               conda-forge
2025-02-05T14:38:51.3290213Z   libexpat                       2.6.2                h59595ed_0               conda-forge
2025-02-05T14:38:51.3290889Z   libffi                         3.4.2                h7f98852_5               conda-forge
2025-02-05T14:38:51.3291485Z   libgcc-ng                      13.2.0               h77fa898_10              conda-forge
2025-02-05T14:38:51.3292071Z   libgd                          2.3.3                h119a65a_9               conda-forge
2025-02-05T14:38:51.3292849Z   libgfortran-ng                 13.2.0               h69a702a_10              conda-forge
2025-02-05T14:38:51.3293515Z   libgfortran5                   13.2.0               h3d2ce59_10              conda-forge
2025-02-05T14:38:51.3294333Z   libglib                        2.80.2               h8a4344b_1               conda-forge
2025-02-05T14:38:51.3294936Z   libgomp                        13.2.0               h77fa898_10              conda-forge
2025-02-05T14:38:51.3295535Z   libiconv                       1.17                 hd590300_2               conda-forge
2025-02-05T14:38:51.3296162Z   libjpeg-turbo                  3.0.0                hd590300_1               conda-forge
2025-02-05T14:38:51.3296810Z   liblapack                      3.9.0                22_linux64_openblas      conda-forge
2025-02-05T14:38:51.3297445Z   libllvm14                      14.0.6               hcd5def8_4               conda-forge
2025-02-05T14:38:51.3298082Z   libnghttp2                     1.58.0               h47da74e_1               conda-forge
2025-02-05T14:38:51.3298698Z   libnsl                         2.0.1                hd590300_0               conda-forge
2025-02-05T14:38:51.3299325Z   libopenblas                    0.3.27               pthreads_h413a1c8_0      conda-forge
2025-02-05T14:38:51.3299960Z   libpng                         1.6.43               h2797004_0               conda-forge
2025-02-05T14:38:51.3300676Z   librsvg                        2.58.1               hadf69e7_0               conda-forge
2025-02-05T14:38:51.3301286Z   libsodium                      1.0.18               h36c2ea0_1               conda-forge
2025-02-05T14:38:51.3301915Z   libsqlite                      3.46.0               hde9e2c9_0               conda-forge
2025-02-05T14:38:51.3302507Z   libssh2                        1.11.0               h0841786_0               conda-forge
2025-02-05T14:38:51.3303109Z   libstdcxx-ng                   13.2.0               hc0a3c3a_10              conda-forge
2025-02-05T14:38:51.3303714Z   libtiff                        4.6.0                h1dd3fc0_3               conda-forge
2025-02-05T14:38:51.3304285Z   libuuid                        2.38.1               h0b41bf4_0               conda-forge
2025-02-05T14:38:51.3304864Z   libwebp                        1.4.0                h2c329e2_0               conda-forge
2025-02-05T14:38:51.3305464Z   libwebp-base                   1.4.0                hd590300_0               conda-forge
2025-02-05T14:38:51.3306055Z   libxcb                         1.15                 h0b41bf4_0               conda-forge
2025-02-05T14:38:51.3306628Z   libxcrypt                      4.4.36               hd590300_1               conda-forge
2025-02-05T14:38:51.3307223Z   libxml2                        2.12.7               hc051c1a_1               conda-forge
2025-02-05T14:38:51.3307793Z   libxslt                        1.1.39               h76b75d6_0               conda-forge
2025-02-05T14:38:51.3308368Z   libzlib                        1.3.1                h4ab18f5_1               conda-forge
2025-02-05T14:38:51.3308975Z   llvmlite                       0.42.0               py312hb06c811_1          conda-forge
2025-02-05T14:38:51.3309572Z   lxml                           5.2.2                py312hb90d8a5_0          conda-forge
2025-02-05T14:38:51.3310488Z   lz4-c                          1.9.4                hcb278e6_0               conda-forge
2025-02-05T14:38:51.3310973Z   lzo                            2.10                 hd590300_1001            conda-forge
2025-02-05T14:38:51.3311361Z   markupsafe                     2.1.5                py312h98912ed_0          conda-forge
2025-02-05T14:38:51.3311753Z   matplotlib-base                3.8.4                py312h20ab3a6_2          conda-forge
2025-02-05T14:38:51.3312165Z   matplotlib-inline              0.1.7                pyhd8ed1ab_0             conda-forge
2025-02-05T14:38:51.3312543Z   mistune                        3.0.2                pyhd8ed1ab_0             conda-forge
2025-02-05T14:38:51.3313183Z   mpc                            1.3.1                hfe3b2da_0               conda-forge
2025-02-05T14:38:51.3313502Z   mpfr                           4.2.1                h9458935_1               conda-forge
2025-02-05T14:38:51.3313952Z   mpmath                         1.3.0                pyhd8ed1ab_0             conda-forge
2025-02-05T14:38:51.3314294Z   munkres                        1.1.4                pyh9f0ad1d_0             conda-forge
2025-02-05T14:38:51.3314658Z   mypy_extensions                1.0.0                pyha770c72_0             conda-forge
2025-02-05T14:38:51.3315032Z   nbclassic                      1.1.0                pyhd8ed1ab_0             conda-forge
2025-02-05T14:38:51.3315388Z   nbclient                       0.10.0               pyhd8ed1ab_0             conda-forge
2025-02-05T14:38:51.3315747Z   nbconvert                      7.16.4               hd8ed1ab_1               conda-forge
2025-02-05T14:38:51.3316121Z   nbconvert-core                 7.16.4               pyhd8ed1ab_1             conda-forge
2025-02-05T14:38:51.3316527Z   nbconvert-pandoc               7.16.4               hd8ed1ab_1               conda-forge
2025-02-05T14:38:51.3316916Z   nbformat                       5.10.4               pyhd8ed1ab_0             conda-forge
2025-02-05T14:38:51.3317273Z   nbsphinx                       0.9.4                pyhd8ed1ab_0             conda-forge
2025-02-05T14:38:51.3317616Z   ncurses                        6.5                  h59595ed_0               conda-forge
2025-02-05T14:38:51.3317972Z   nest-asyncio                   1.6.0                pyhd8ed1ab_0             conda-forge
2025-02-05T14:38:51.3318331Z   networkx                       3.3                  pyhd8ed1ab_1             conda-forge
2025-02-05T14:38:51.3318666Z   nomkl                          1.0                  h5ca1d4c_0               conda-forge
2025-02-05T14:38:51.3319007Z   notebook                       7.2.1                pyhd8ed1ab_0             conda-forge
2025-02-05T14:38:51.3319375Z   notebook-shim                  0.2.4                pyhd8ed1ab_0             conda-forge
2025-02-05T14:38:51.3319728Z   numba                          0.59.1               py312hacefee8_0          conda-forge
2025-02-05T14:38:51.3320240Z   numexpr                        2.10.0               py312hf412c99_100        conda-forge
2025-02-05T14:38:51.3320596Z   numpy                          1.26.4               py312heda63a1_0          conda-forge
2025-02-05T14:38:51.3320934Z   numpydoc                       1.7.0                pyhd8ed1ab_1             conda-forge
2025-02-05T14:38:51.3321286Z   openjpeg                       2.5.2                h488ebb8_0               conda-forge
2025-02-05T14:38:51.3321631Z   openssl                        3.3.1                h4ab18f5_0               conda-forge
2025-02-05T14:38:51.3321979Z   overrides                      7.7.0                pyhd8ed1ab_0             conda-forge
2025-02-05T14:38:51.3322334Z   packaging                      24.1                 pyhd8ed1ab_0             conda-forge
2025-02-05T14:38:51.3322685Z   pandas                         2.2.2                py312h1d6d2e6_1          conda-forge
2025-02-05T14:38:51.3323034Z   pandoc                         3.2                  ha770c72_0               conda-forge
2025-02-05T14:38:51.3323875Z   pandocfilters                  1.5.0                pyhd8ed1ab_0             conda-forge
2025-02-05T14:38:51.3324511Z   pango                          1.54.0               h84a9a3c_0               conda-forge
2025-02-05T14:38:51.3325086Z   parso                          0.8.4                pyhd8ed1ab_0             conda-forge
2025-02-05T14:38:51.3325440Z   pathspec                       0.12.1               pyhd8ed1ab_0             conda-forge
2025-02-05T14:38:51.3325786Z   pbr                            6.0.0                pyhd8ed1ab_0             conda-forge
2025-02-05T14:38:51.3326117Z   pcre2                          10.44                h0f59acf_0               conda-forge
2025-02-05T14:38:51.3326615Z   pexpect                        4.9.0                pyhd8ed1ab_0             conda-forge
2025-02-05T14:38:51.3326975Z   pickleshare                    0.7.5                py_1003                  conda-forge
2025-02-05T14:38:51.3327364Z   pillow                         10.3.0               py312hdcec9eb_0          conda-forge
2025-02-05T14:38:51.3327808Z   pip                            24.0                 pyhd8ed1ab_0             conda-forge
2025-02-05T14:38:51.3328133Z   pixman                         0.43.2               h59595ed_0               conda-forge
2025-02-05T14:38:51.3328516Z   pkgutil-resolve-name           1.3.10               pyhd8ed1ab_1             conda-forge
2025-02-05T14:38:51.3328922Z   platformdirs                   4.2.2                pyhd8ed1ab_0             conda-forge
2025-02-05T14:38:51.3329279Z   plotly                         5.22.0               pyhd8ed1ab_0             conda-forge
2025-02-05T14:38:51.3329614Z   pluggy                         1.5.0                pyhd8ed1ab_0             conda-forge
2025-02-05T14:38:51.3329990Z   prometheus_client              0.20.0               pyhd8ed1ab_0             conda-forge
2025-02-05T14:38:51.3330645Z   prompt-toolkit                 3.0.47               pyha770c72_0             conda-forge
2025-02-05T14:38:51.3331027Z   psutil                         5.9.8                py312h98912ed_0          conda-forge
2025-02-05T14:38:51.3331384Z   pthread-stubs                  0.4                  h36c2ea0_1001            conda-forge
2025-02-05T14:38:51.3331759Z   ptyprocess                     0.7.0                pyhd3deb0d_0             conda-forge
2025-02-05T14:38:51.3332142Z   pure_eval                      0.2.2                pyhd8ed1ab_0             conda-forge
2025-02-05T14:38:51.3332501Z   py-cpuinfo                     9.0.0                pyhd8ed1ab_0             conda-forge
2025-02-05T14:38:51.3332859Z   pybtex                         0.24.0               pyhd8ed1ab_2             conda-forge
2025-02-05T14:38:51.3333236Z   pybtex-docutils                1.0.3                py312h7900ff3_1          conda-forge
2025-02-05T14:38:51.3333613Z   pycparser                      2.22                 pyhd8ed1ab_0             conda-forge
2025-02-05T14:38:51.3333962Z   pyerfa                         2.0.1.4              py312h085067d_1          conda-forge
2025-02-05T14:38:51.3334318Z   pygments                       2.18.0               pyhd8ed1ab_0             conda-forge
2025-02-05T14:38:51.3334680Z   pygraphviz                     1.13                 py312h4a1d8a7_1          conda-forge
2025-02-05T14:38:51.3335041Z   pyparsing                      3.1.2                pyhd8ed1ab_0             conda-forge
2025-02-05T14:38:51.3335391Z   pysocks                        1.7.1                pyha2e5f31_6             conda-forge
2025-02-05T14:38:51.3335740Z   pytables                       3.9.2                py312h96d95ec_2          conda-forge
2025-02-05T14:38:51.3336086Z   pytest                         8.2.2                pyhd8ed1ab_0             conda-forge
2025-02-05T14:38:51.3336442Z   pytest-cov                     5.0.0                pyhd8ed1ab_0             conda-forge
2025-02-05T14:38:51.3336831Z   pytest-doctestplus             1.2.1                pyhd8ed1ab_0             conda-forge
2025-02-05T14:38:51.3337230Z   pytest-html                    4.1.1                pyhd8ed1ab_0             conda-forge
2025-02-05T14:38:51.3337609Z   pytest-metadata                3.1.1                pyhd8ed1ab_0             conda-forge
2025-02-05T14:38:51.3337977Z   python                         3.12.4               h194c7f8_0_cpython       conda-forge
2025-02-05T14:38:51.3338365Z   python-dateutil                2.9.0                pyhd8ed1ab_0             conda-forge
2025-02-05T14:38:51.3338795Z   python-fastjsonschema          2.20.0               pyhd8ed1ab_0             conda-forge
2025-02-05T14:38:51.3339219Z   python-json-logger             2.0.7                pyhd8ed1ab_0             conda-forge
2025-02-05T14:38:51.3339763Z   python-tzdata                  2024.1               pyhd8ed1ab_0             conda-forge
2025-02-05T14:38:51.3340814Z   python_abi                     3.12                 4_cp312                  conda-forge
2025-02-05T14:38:51.3341197Z   pytz                           2024.1               pyhd8ed1ab_0             conda-forge
2025-02-05T14:38:51.3341682Z   pyyaml                         6.0.1                py312h98912ed_1          conda-forge
2025-02-05T14:38:51.3342021Z   pyzmq                          26.0.3               py312h8fd38d8_0          conda-forge
2025-02-05T14:38:51.3342358Z   qgrid                          1.3.1                pyhd8ed1ab_4             conda-forge
2025-02-05T14:38:51.3342748Z   radioactivedecay               0.5.1                pyhd8ed1ab_0             conda-forge
2025-02-05T14:38:51.3343142Z   readline                       8.2                  h8228510_1               conda-forge
2025-02-05T14:38:51.3343510Z   recommonmark                   0.7.1                pyhd8ed1ab_0             conda-forge
2025-02-05T14:38:51.3343896Z   referencing                    0.35.1               pyhd8ed1ab_0             conda-forge
2025-02-05T14:38:51.3344262Z   requests                       2.32.3               pyhd8ed1ab_0             conda-forge
2025-02-05T14:38:51.3344649Z   rfc3339-validator              0.1.4                pyhd8ed1ab_0             conda-forge
2025-02-05T14:38:51.3345053Z   rfc3986-validator              0.1.1                pyh9f0ad1d_0             conda-forge
2025-02-05T14:38:51.3345424Z   rpds-py                        0.18.1               py312h4413252_0          conda-forge
2025-02-05T14:38:51.3345759Z   ruff                           0.4.9                py312h5715c7c_0          conda-forge
2025-02-05T14:38:51.3346092Z   scipy                          1.13.1               py312hc2bc53b_0          conda-forge
2025-02-05T14:38:51.3346447Z   send2trash                     1.8.3                pyh0d859eb_0             conda-forge
2025-02-05T14:38:51.3346819Z   setuptools                     70.0.0               pyhd8ed1ab_0             conda-forge
2025-02-05T14:38:51.3347197Z   setuptools-scm                 8.1.0                pyhd8ed1ab_0             conda-forge
2025-02-05T14:38:51.3347583Z   setuptools_scm                 8.1.0                hd8ed1ab_0               conda-forge
2025-02-05T14:38:51.3347960Z   six                            1.16.0               pyh6c4a22f_0             conda-forge
2025-02-05T14:38:51.3348307Z   snakeviz                       2.2.0                pyhd8ed1ab_0             conda-forge
2025-02-05T14:38:51.3348657Z   snappy                         1.2.0                hdb0a2a9_1               conda-forge
2025-02-05T14:38:51.3349000Z   sniffio                        1.3.1                pyhd8ed1ab_0             conda-forge
2025-02-05T14:38:51.3349375Z   snowballstemmer                2.2.0                pyhd8ed1ab_0             conda-forge
2025-02-05T14:38:51.3349753Z   soupsieve                      2.5                  pyhd8ed1ab_1             conda-forge
2025-02-05T14:38:51.3350297Z   sphinx                         7.3.7                pyhd8ed1ab_0             conda-forge
2025-02-05T14:38:51.3350729Z   sphinx-astropy                 1.9.1                pyhd8ed1ab_0             conda-forge
2025-02-05T14:38:51.3351141Z   sphinx-automodapi              0.17.0               pyh717bed2_1             conda-forge
2025-02-05T14:38:51.3351541Z   sphinx-gallery                 0.16.0               pyhd8ed1ab_0             conda-forge
2025-02-05T14:38:51.3351941Z   sphinx-jsonschema              1.19.1               pyhd8ed1ab_0             conda-forge
2025-02-05T14:38:51.3352355Z   sphinx_bootstrap_theme         0.8.1                pyhd8ed1ab_0             conda-forge
2025-02-05T14:38:51.3352772Z   sphinx_rtd_theme               2.0.0                pyha770c72_0             conda-forge
2025-02-05T14:38:51.3353189Z   sphinxcontrib-apidoc           0.3.0                py_1                     conda-forge
2025-02-05T14:38:51.3353638Z   sphinxcontrib-applehelp        1.0.8                pyhd8ed1ab_0             conda-forge
2025-02-05T14:38:51.3354223Z   sphinxcontrib-bibtex           2.6.2                pyhd8ed1ab_0             conda-forge
2025-02-05T14:38:51.3354693Z   sphinxcontrib-devhelp          1.0.6                pyhd8ed1ab_0             conda-forge
2025-02-05T14:38:51.3355268Z   sphinxcontrib-htmlhelp         2.0.5                pyhd8ed1ab_0             conda-forge
2025-02-05T14:38:51.3355704Z   sphinxcontrib-jquery           4.1                  pyhd8ed1ab_0             conda-forge
2025-02-05T14:38:51.3356135Z   sphinxcontrib-jsmath           1.0.1                pyhd8ed1ab_0             conda-forge
2025-02-05T14:38:51.3356568Z   sphinxcontrib-qthelp           1.0.7                pyhd8ed1ab_0             conda-forge
2025-02-05T14:38:51.3357038Z   sphinxcontrib-serializinghtml  1.1.10               pyhd8ed1ab_0             conda-forge
2025-02-05T14:38:51.3357484Z   stack_data                     0.6.2                pyhd8ed1ab_0             conda-forge
2025-02-05T14:38:51.3357848Z   sympy                          1.12.1               pypyh2585a3b_103         conda-forge
2025-02-05T14:38:51.3358203Z   tabulate                       0.9.0                pyhd8ed1ab_1             conda-forge
2025-02-05T14:38:51.3358564Z   tenacity                       8.4.1                pyhd8ed1ab_0             conda-forge
2025-02-05T14:38:51.3358919Z   terminado                      0.18.1               pyh0d859eb_0             conda-forge
2025-02-05T14:38:51.3359273Z   tinycss2                       1.3.0                pyhd8ed1ab_0             conda-forge
2025-02-05T14:38:51.3359612Z   tk                             8.6.13               noxft_h4845f30_101       conda-forge
2025-02-05T14:38:51.3359932Z   toml                           0.10.2               pyhd8ed1ab_0             conda-forge
2025-02-05T14:38:51.3360494Z   tomli                          2.0.1                pyhd8ed1ab_0             conda-forge
2025-02-05T14:38:51.3360839Z   tornado                        6.4.1                py312h9a8786e_0          conda-forge
2025-02-05T14:38:51.3361180Z   tqdm                           4.66.4               pyhd8ed1ab_0             conda-forge
2025-02-05T14:38:51.3361523Z   traitlets                      5.14.3               pyhd8ed1ab_0             conda-forge
2025-02-05T14:38:51.3361885Z   typed-ast                      1.5.5                py312h98912ed_1          conda-forge
2025-02-05T14:38:51.3362294Z   types-python-dateutil          2.9.0.20240316       pyhd8ed1ab_0             conda-forge
2025-02-05T14:38:51.3362733Z   typing-extensions              4.12.2               hd8ed1ab_0               conda-forge
2025-02-05T14:38:51.3363140Z   typing_extensions              4.12.2               pyha770c72_0             conda-forge
2025-02-05T14:38:51.3363526Z   typing_utils                   0.1.0                pyhd8ed1ab_0             conda-forge
2025-02-05T14:38:51.3363887Z   tzdata                         2024a                h0c530f3_0               conda-forge
2025-02-05T14:38:51.3364255Z   uri-template                   1.3.0                pyhd8ed1ab_0             conda-forge
2025-02-05T14:38:51.3364614Z   urllib3                        2.2.2                pyhd8ed1ab_0             conda-forge
2025-02-05T14:38:51.3364968Z   wcwidth                        0.2.13               pyhd8ed1ab_0             conda-forge
2025-02-05T14:38:51.3365323Z   webcolors                      24.6.0               pyhd8ed1ab_0             conda-forge
2025-02-05T14:38:51.3365691Z   webencodings                   0.5.1                pyhd8ed1ab_2             conda-forge
2025-02-05T14:38:51.3366085Z   websocket-client               1.8.0                pyhd8ed1ab_0             conda-forge
2025-02-05T14:38:51.3366460Z   wheel                          0.43.0               pyhd8ed1ab_1             conda-forge
2025-02-05T14:38:51.3366837Z   widgetsnbextension             3.6.6                pyhd8ed1ab_0             conda-forge
2025-02-05T14:38:51.3367233Z   xorg-kbproto                   1.0.7                h7f98852_1002            conda-forge
2025-02-05T14:38:51.3367734Z   xorg-libice                    1.1.1                hd590300_0               conda-forge
2025-02-05T14:38:51.3368095Z   xorg-libsm                     1.2.4                h7391055_0               conda-forge
2025-02-05T14:38:51.3368564Z   xorg-libx11                    1.8.9                h8ee46fc_0               conda-forge
2025-02-05T14:38:51.3368923Z   xorg-libxau                    1.0.11               hd590300_0               conda-forge
2025-02-05T14:38:51.3369292Z   xorg-libxdmcp                  1.1.3                h7f98852_0               conda-forge
2025-02-05T14:38:51.3369665Z   xorg-libxext                   1.3.4                h0b41bf4_2               conda-forge
2025-02-05T14:38:51.3370391Z   xorg-libxrender                0.9.11               hd590300_0               conda-forge
2025-02-05T14:38:51.3370883Z   xorg-renderproto               0.11.1               h7f98852_1002            conda-forge
2025-02-05T14:38:51.3371311Z   xorg-xextproto                 7.3.0                h0b41bf4_1003            conda-forge
2025-02-05T14:38:51.3371691Z   xorg-xproto                    7.0.31               h7f98852_1007            conda-forge
2025-02-05T14:38:51.3372030Z   xz                             5.2.6                h166bdaf_0               conda-forge
2025-02-05T14:38:51.3372352Z   yaml                           0.2.5                h7f98852_2               conda-forge
2025-02-05T14:38:51.3372679Z   zeromq                         4.3.5                h75354e8_4               conda-forge
2025-02-05T14:38:51.3373012Z   zipp                           3.19.2               pyhd8ed1ab_0             conda-forge
2025-02-05T14:38:51.3373336Z   zlib                           1.3.1                h4ab18f5_1               conda-forge
2025-02-05T14:38:51.3373661Z   zlib-ng                        2.0.7                h0b41bf4_0               conda-forge
2025-02-05T14:38:51.3373994Z   zstd                           1.5.6                ha6fb4c9_0               conda-forge
2025-02-05T14:38:51.3374510Z ##[endgroup]
