2025-02-17T15:35:42.0002293Z Requested labels: ubuntu-latest
2025-02-17T15:35:42.0002553Z Job defined at: tardis-sn/tardis/.github/workflows/tests.yml@refs/heads/master
2025-02-17T15:35:42.0002671Z Waiting for a runner to pick up this job...
2025-02-17T15:35:42.2111557Z Job is waiting for a hosted runner to come online.
2025-02-17T15:35:45.2794372Z Job is about to start running on the hosted runner: GitHub Actions 27 (hosted)
2025-02-17T15:35:46.6603601Z Current runner version: '2.322.0'
2025-02-17T15:35:46.6628739Z ##[group]Operating System
2025-02-17T15:35:46.6629507Z Ubuntu
2025-02-17T15:35:46.6630096Z 24.04.1
2025-02-17T15:35:46.6630594Z LTS
2025-02-17T15:35:46.6631108Z ##[endgroup]
2025-02-17T15:35:46.6631663Z ##[group]Runner Image
2025-02-17T15:35:46.6632227Z Image: ubuntu-24.04
2025-02-17T15:35:46.6632767Z Version: 20250209.1.0
2025-02-17T15:35:46.6633832Z Included Software: https://github.com/actions/runner-images/blob/ubuntu24/20250209.1/images/ubuntu/Ubuntu2404-Readme.md
2025-02-17T15:35:46.6635206Z Image Release: https://github.com/actions/runner-images/releases/tag/ubuntu24%2F20250209.1
2025-02-17T15:35:46.6636178Z ##[endgroup]
2025-02-17T15:35:46.6636710Z ##[group]Runner Image Provisioner
2025-02-17T15:35:46.6637595Z 2.0.422.1
2025-02-17T15:35:46.6638177Z ##[endgroup]
2025-02-17T15:35:46.6640343Z ##[group]GITHUB_TOKEN Permissions
2025-02-17T15:35:46.6642323Z Actions: write
2025-02-17T15:35:46.6643076Z Attestations: write
2025-02-17T15:35:46.6643878Z Checks: write
2025-02-17T15:35:46.6644388Z Contents: write
2025-02-17T15:35:46.6644928Z Deployments: write
2025-02-17T15:35:46.6645476Z Discussions: write
2025-02-17T15:35:46.6645995Z Issues: write
2025-02-17T15:35:46.6646566Z Metadata: read
2025-02-17T15:35:46.6647420Z Packages: write
2025-02-17T15:35:46.6647962Z Pages: write
2025-02-17T15:35:46.6648558Z PullRequests: write
2025-02-17T15:35:46.6649085Z RepositoryProjects: write
2025-02-17T15:35:46.6649676Z SecurityEvents: write
2025-02-17T15:35:46.6650288Z Statuses: write
2025-02-17T15:35:46.6650810Z ##[endgroup]
2025-02-17T15:35:46.6653738Z Secret source: Actions
2025-02-17T15:35:46.6654542Z Prepare workflow directory
2025-02-17T15:35:46.7185718Z Prepare all required actions
2025-02-17T15:35:46.7222079Z Getting action download info
2025-02-17T15:35:46.8868887Z ##[group]Download immutable action package 'actions/checkout@v4'
2025-02-17T15:35:46.8870241Z Version: 4.2.2
2025-02-17T15:35:46.8871348Z Digest: sha256:ccb2698953eaebd21c7bf6268a94f9c26518a7e38e27e0b83c1fe1ad049819b1
2025-02-17T15:35:46.8872608Z Source commit SHA: 11bd71901bbe5b1630ceea73d27597364c9af683
2025-02-17T15:35:46.8873483Z ##[endgroup]
2025-02-17T15:35:46.9732990Z ##[group]Download immutable action package 'actions/upload-artifact@v4'
2025-02-17T15:35:46.9733749Z Version: 4.6.0
2025-02-17T15:35:46.9734417Z Digest: sha256:bf85474c8423f9cd48bd2caf3ce5adb1711e2dfdb055b040bd36b044e4290329
2025-02-17T15:35:46.9735289Z Source commit SHA: 65c4c4a1ddee5b72f698fdd19549f0f0fb45cf08
2025-02-17T15:35:46.9735900Z ##[endgroup]
2025-02-17T15:35:47.1439860Z Complete job name:  continuum ubuntu-latest 
2025-02-17T15:35:47.2197132Z ##[group]Run actions/checkout@v4
2025-02-17T15:35:47.2198079Z with:
2025-02-17T15:35:47.2198504Z   repository: tardis-sn/tardis
2025-02-17T15:35:47.2199149Z   token: ***
2025-02-17T15:35:47.2199540Z   ssh-strict: true
2025-02-17T15:35:47.2199958Z   ssh-user: git
2025-02-17T15:35:47.2200385Z   persist-credentials: true
2025-02-17T15:35:47.2200861Z   clean: true
2025-02-17T15:35:47.2201301Z   sparse-checkout-cone-mode: true
2025-02-17T15:35:47.2201795Z   fetch-depth: 1
2025-02-17T15:35:47.2202191Z   fetch-tags: false
2025-02-17T15:35:47.2202613Z   show-progress: true
2025-02-17T15:35:47.2203039Z   lfs: false
2025-02-17T15:35:47.2203419Z   submodules: false
2025-02-17T15:35:47.2203844Z   set-safe-directory: true
2025-02-17T15:35:47.2204489Z env:
2025-02-17T15:35:47.2204863Z   CACHE_NUMBER: 0
2025-02-17T15:35:47.2205998Z   PYTEST_FLAGS: --tardis-regression-data=/home/runner/work/tardis/tardis/tardis-regression-data --cov=tardis --cov-report=xml --cov-report=html --cov-append
2025-02-17T15:35:47.2207614Z   CODECOV_TOKEN: ***
2025-02-17T15:35:47.2208032Z ##[endgroup]
2025-02-17T15:35:47.3921456Z Syncing repository: tardis-sn/tardis
2025-02-17T15:35:47.3923132Z ##[group]Getting Git version info
2025-02-17T15:35:47.3923804Z Working directory is '/home/runner/work/tardis/tardis'
2025-02-17T15:35:47.3924734Z [command]/usr/bin/git version
2025-02-17T15:35:47.3979372Z git version 2.48.1
2025-02-17T15:35:47.4006381Z ##[endgroup]
2025-02-17T15:35:47.4020329Z Temporarily overriding HOME='/home/runner/work/_temp/fb05f61f-8b97-494b-a640-e8b60ac38890' before making global git config changes
2025-02-17T15:35:47.4021749Z Adding repository directory to the temporary git global config as a safe directory
2025-02-17T15:35:47.4032731Z [command]/usr/bin/git config --global --add safe.directory /home/runner/work/tardis/tardis
2025-02-17T15:35:47.4067511Z Deleting the contents of '/home/runner/work/tardis/tardis'
2025-02-17T15:35:47.4071594Z ##[group]Initializing the repository
2025-02-17T15:35:47.4075451Z [command]/usr/bin/git init /home/runner/work/tardis/tardis
2025-02-17T15:35:47.4139177Z hint: Using 'master' as the name for the initial branch. This default branch name
2025-02-17T15:35:47.4140591Z hint: is subject to change. To configure the initial branch name to use in all
2025-02-17T15:35:47.4141900Z hint: of your new repositories, which will suppress this warning, call:
2025-02-17T15:35:47.4143083Z hint:
2025-02-17T15:35:47.4143936Z hint: 	git config --global init.defaultBranch <name>
2025-02-17T15:35:47.4144881Z hint:
2025-02-17T15:35:47.4145772Z hint: Names commonly chosen instead of 'master' are 'main', 'trunk' and
2025-02-17T15:35:47.4146850Z hint: 'development'. The just-created branch can be renamed via this command:
2025-02-17T15:35:47.4147912Z hint:
2025-02-17T15:35:47.4148311Z hint: 	git branch -m <name>
2025-02-17T15:35:47.4149005Z Initialized empty Git repository in /home/runner/work/tardis/tardis/.git/
2025-02-17T15:35:47.4156010Z [command]/usr/bin/git remote add origin https://github.com/tardis-sn/tardis
2025-02-17T15:35:47.4186508Z ##[endgroup]
2025-02-17T15:35:47.4187440Z ##[group]Disabling automatic garbage collection
2025-02-17T15:35:47.4190550Z [command]/usr/bin/git config --local gc.auto 0
2025-02-17T15:35:47.4218465Z ##[endgroup]
2025-02-17T15:35:47.4219161Z ##[group]Setting up auth
2025-02-17T15:35:47.4225122Z [command]/usr/bin/git config --local --name-only --get-regexp core\.sshCommand
2025-02-17T15:35:47.4253356Z [command]/usr/bin/git submodule foreach --recursive sh -c "git config --local --name-only --get-regexp 'core\.sshCommand' && git config --local --unset-all 'core.sshCommand' || :"
2025-02-17T15:35:47.4523745Z [command]/usr/bin/git config --local --name-only --get-regexp http\.https\:\/\/github\.com\/\.extraheader
2025-02-17T15:35:47.4554016Z [command]/usr/bin/git submodule foreach --recursive sh -c "git config --local --name-only --get-regexp 'http\.https\:\/\/github\.com\/\.extraheader' && git config --local --unset-all 'http.https://github.com/.extraheader' || :"
2025-02-17T15:35:47.4776452Z [command]/usr/bin/git config --local http.https://github.com/.extraheader AUTHORIZATION: basic ***
2025-02-17T15:35:47.4816196Z ##[endgroup]
2025-02-17T15:35:47.4817686Z ##[group]Fetching the repository
2025-02-17T15:35:47.4826072Z [command]/usr/bin/git -c protocol.version=2 fetch --no-tags --prune --no-recurse-submodules --depth=1 origin +b53686a4985800795ba63c09d922c846a4924221:refs/remotes/origin/master
2025-02-17T15:35:48.7488142Z From https://github.com/tardis-sn/tardis
2025-02-17T15:35:48.7491964Z  * [new ref]         b53686a4985800795ba63c09d922c846a4924221 -> origin/master
2025-02-17T15:35:48.7512768Z ##[endgroup]
2025-02-17T15:35:48.7514781Z ##[group]Determining the checkout info
2025-02-17T15:35:48.7517306Z ##[endgroup]
2025-02-17T15:35:48.7521210Z [command]/usr/bin/git sparse-checkout disable
2025-02-17T15:35:48.7558723Z [command]/usr/bin/git config --local --unset-all extensions.worktreeConfig
2025-02-17T15:35:48.7587951Z ##[group]Checking out the ref
2025-02-17T15:35:48.7592030Z [command]/usr/bin/git checkout --progress --force -B master refs/remotes/origin/master
2025-02-17T15:35:48.9630908Z Reset branch 'master'
2025-02-17T15:35:48.9632402Z branch 'master' set up to track 'origin/master'.
2025-02-17T15:35:48.9655516Z ##[endgroup]
2025-02-17T15:35:48.9699304Z [command]/usr/bin/git log -1 --format=%H
2025-02-17T15:35:48.9722280Z b53686a4985800795ba63c09d922c846a4924221
2025-02-17T15:35:49.0113945Z Prepare all required actions
2025-02-17T15:35:49.0115065Z Getting action download info
2025-02-17T15:35:49.2680246Z ##[group]Download immutable action package 'actions/cache@v4'
2025-02-17T15:35:49.2680612Z Version: 4.2.0
2025-02-17T15:35:49.2680950Z Digest: sha256:5bc11090595acbf82dbfb02747bf0bfd91544e869357fd3ac0eb41f509632110
2025-02-17T15:35:49.2681417Z Source commit SHA: 1bd1e32a3bdc45362d1e726936510720a7c30a57
2025-02-17T15:35:49.2681713Z ##[endgroup]
2025-02-17T15:35:49.3890397Z ##[group]Run ./.github/actions/setup_lfs
2025-02-17T15:35:49.3890676Z with:
2025-02-17T15:35:49.3890943Z   regression-data-repo: tardis-sn/tardis-regression-data
2025-02-17T15:35:49.3891260Z   atom-data-sparse: false
2025-02-17T15:35:49.3891477Z env:
2025-02-17T15:35:49.3891647Z   CACHE_NUMBER: 0
2025-02-17T15:35:49.3892263Z   PYTEST_FLAGS: --tardis-regression-data=/home/runner/work/tardis/tardis/tardis-regression-data --cov=tardis --cov-report=xml --cov-report=html --cov-append
2025-02-17T15:35:49.3893135Z   CODECOV_TOKEN: ***
2025-02-17T15:35:49.3893372Z ##[endgroup]
2025-02-17T15:35:49.4027285Z ##[group]Run actions/checkout@v4
2025-02-17T15:35:49.4027543Z with:
2025-02-17T15:35:49.4027765Z   repository: tardis-sn/tardis-regression-data
2025-02-17T15:35:49.4028059Z   path: tardis-regression-data
2025-02-17T15:35:49.4028294Z   lfs: false
2025-02-17T15:35:49.4028594Z   token: ***
2025-02-17T15:35:49.4028787Z   ssh-strict: true
2025-02-17T15:35:49.4028981Z   ssh-user: git
2025-02-17T15:35:49.4029175Z   persist-credentials: true
2025-02-17T15:35:49.4029399Z   clean: true
2025-02-17T15:35:49.4029601Z   sparse-checkout-cone-mode: true
2025-02-17T15:35:49.4029844Z   fetch-depth: 1
2025-02-17T15:35:49.4030035Z   fetch-tags: false
2025-02-17T15:35:49.4030234Z   show-progress: true
2025-02-17T15:35:49.4030442Z   submodules: false
2025-02-17T15:35:49.4030646Z   set-safe-directory: true
2025-02-17T15:35:49.4030866Z env:
2025-02-17T15:35:49.4031035Z   CACHE_NUMBER: 0
2025-02-17T15:35:49.4031666Z   PYTEST_FLAGS: --tardis-regression-data=/home/runner/work/tardis/tardis/tardis-regression-data --cov=tardis --cov-report=xml --cov-report=html --cov-append
2025-02-17T15:35:49.4032364Z   CODECOV_TOKEN: ***
2025-02-17T15:35:49.4032568Z ##[endgroup]
2025-02-17T15:35:49.4947232Z Syncing repository: tardis-sn/tardis-regression-data
2025-02-17T15:35:49.4954786Z ##[group]Getting Git version info
2025-02-17T15:35:49.4955536Z Working directory is '/home/runner/work/tardis/tardis/tardis-regression-data'
2025-02-17T15:35:49.4995806Z [command]/usr/bin/git version
2025-02-17T15:35:49.5031756Z git version 2.48.1
2025-02-17T15:35:49.5056760Z ##[endgroup]
2025-02-17T15:35:49.5069408Z Temporarily overriding HOME='/home/runner/work/_temp/4bd34d06-216c-40a4-9ac4-4f7247d7f992' before making global git config changes
2025-02-17T15:35:49.5070372Z Adding repository directory to the temporary git global config as a safe directory
2025-02-17T15:35:49.5081826Z [command]/usr/bin/git config --global --add safe.directory /home/runner/work/tardis/tardis/tardis-regression-data
2025-02-17T15:35:49.5110699Z ##[group]Initializing the repository
2025-02-17T15:35:49.5115612Z [command]/usr/bin/git init /home/runner/work/tardis/tardis/tardis-regression-data
2025-02-17T15:35:49.5150533Z hint: Using 'master' as the name for the initial branch. This default branch name
2025-02-17T15:35:49.5151449Z hint: is subject to change. To configure the initial branch name to use in all
2025-02-17T15:35:49.5153919Z hint: of your new repositories, which will suppress this warning, call:
2025-02-17T15:35:49.5154622Z hint:
2025-02-17T15:35:49.5155119Z hint: 	git config --global init.defaultBranch <name>
2025-02-17T15:35:49.5155668Z hint:
2025-02-17T15:35:49.5156214Z hint: Names commonly chosen instead of 'master' are 'main', 'trunk' and
2025-02-17T15:35:49.5157395Z hint: 'development'. The just-created branch can be renamed via this command:
2025-02-17T15:35:49.5158130Z hint:
2025-02-17T15:35:49.5158524Z hint: 	git branch -m <name>
2025-02-17T15:35:49.5159678Z Initialized empty Git repository in /home/runner/work/tardis/tardis/tardis-regression-data/.git/
2025-02-17T15:35:49.5164328Z [command]/usr/bin/git remote add origin https://github.com/tardis-sn/tardis-regression-data
2025-02-17T15:35:49.5194600Z ##[endgroup]
2025-02-17T15:35:49.5195277Z ##[group]Disabling automatic garbage collection
2025-02-17T15:35:49.5200177Z [command]/usr/bin/git config --local gc.auto 0
2025-02-17T15:35:49.5228364Z ##[endgroup]
2025-02-17T15:35:49.5229029Z ##[group]Setting up auth
2025-02-17T15:35:49.5235368Z [command]/usr/bin/git config --local --name-only --get-regexp core\.sshCommand
2025-02-17T15:35:49.5264651Z [command]/usr/bin/git submodule foreach --recursive sh -c "git config --local --name-only --get-regexp 'core\.sshCommand' && git config --local --unset-all 'core.sshCommand' || :"
2025-02-17T15:35:49.5486782Z [command]/usr/bin/git config --local --name-only --get-regexp http\.https\:\/\/github\.com\/\.extraheader
2025-02-17T15:35:49.5515952Z [command]/usr/bin/git submodule foreach --recursive sh -c "git config --local --name-only --get-regexp 'http\.https\:\/\/github\.com\/\.extraheader' && git config --local --unset-all 'http.https://github.com/.extraheader' || :"
2025-02-17T15:35:49.5751846Z [command]/usr/bin/git config --local http.https://github.com/.extraheader AUTHORIZATION: basic ***
2025-02-17T15:35:49.5794405Z ##[endgroup]
2025-02-17T15:35:49.5796465Z ##[group]Determining the default branch
2025-02-17T15:35:49.5798930Z Retrieving the default branch name
2025-02-17T15:35:49.8104660Z Default branch 'main'
2025-02-17T15:35:49.8105420Z ##[endgroup]
2025-02-17T15:35:49.8105986Z ##[group]Fetching the repository
2025-02-17T15:35:49.8112939Z [command]/usr/bin/git -c protocol.version=2 fetch --no-tags --prune --no-recurse-submodules --depth=1 origin +refs/heads/main:refs/remotes/origin/main
2025-02-17T15:35:50.0921957Z From https://github.com/tardis-sn/tardis-regression-data
2025-02-17T15:35:50.0923277Z  * [new branch]      main       -> origin/main
2025-02-17T15:35:50.0949074Z ##[endgroup]
2025-02-17T15:35:50.0949745Z ##[group]Determining the checkout info
2025-02-17T15:35:50.0951676Z ##[endgroup]
2025-02-17T15:35:50.0956491Z [command]/usr/bin/git sparse-checkout disable
2025-02-17T15:35:50.0995091Z [command]/usr/bin/git config --local --unset-all extensions.worktreeConfig
2025-02-17T15:35:50.1025214Z ##[group]Checking out the ref
2025-02-17T15:35:50.1028780Z [command]/usr/bin/git checkout --progress --force -B main refs/remotes/origin/main
2025-02-17T15:35:50.2000042Z Switched to a new branch 'main'
2025-02-17T15:35:50.2002217Z branch 'main' set up to track 'origin/main'.
2025-02-17T15:35:50.2256645Z ##[endgroup]
2025-02-17T15:35:50.2294709Z [command]/usr/bin/git log -1 --format=%H
2025-02-17T15:35:50.2317886Z fa7729bc9c30e14b69acd641af8b692b56fcd416
2025-02-17T15:35:50.2442299Z ##[group]Run if [ "false" == "true" ]; then
2025-02-17T15:35:50.2442697Z [36;1mif [ "false" == "true" ]; then[0m
2025-02-17T15:35:50.2443007Z [36;1m  echo "Using atom data sparse checkout"[0m
2025-02-17T15:35:50.2443418Z [36;1m  echo "atom_data/kurucz_cd23_chianti_H_He.h5" > .lfs-files-list[0m
2025-02-17T15:35:50.2443768Z [36;1melse[0m
2025-02-17T15:35:50.2443991Z [36;1m  echo "Using full repository checkout"[0m
2025-02-17T15:35:50.2444355Z [36;1m  git lfs ls-files -l | cut -d' ' -f1 | sort > .lfs-files-list[0m
2025-02-17T15:35:50.2444673Z [36;1mfi[0m
2025-02-17T15:35:50.2590855Z shell: /usr/bin/bash --noprofile --norc -e -o pipefail {0}
2025-02-17T15:35:50.2591215Z env:
2025-02-17T15:35:50.2591391Z   CACHE_NUMBER: 0
2025-02-17T15:35:50.2592037Z   PYTEST_FLAGS: --tardis-regression-data=/home/runner/work/tardis/tardis/tardis-regression-data --cov=tardis --cov-report=xml --cov-report=html --cov-append
2025-02-17T15:35:50.2592858Z   CODECOV_TOKEN: ***
2025-02-17T15:35:50.2593068Z ##[endgroup]
2025-02-17T15:35:50.2684718Z Using full repository checkout
2025-02-17T15:35:50.4128119Z ##[group]Run actions/cache/restore@v4
2025-02-17T15:35:50.4128455Z with:
2025-02-17T15:35:50.4128706Z   path: tardis-regression-data/.git/lfs
2025-02-17T15:35:50.4129915Z   key: tardis-regression-full-data-21f9fa4b6817cc69b9fae3598144724da7828e276a73bd17f47a2a49d9af090a-tardis-sn/tardis-regression-data-v1
2025-02-17T15:35:50.4130778Z   fail-on-cache-miss: true
2025-02-17T15:35:50.4131081Z   enableCrossOsArchive: false
2025-02-17T15:35:50.4131381Z   lookup-only: false
2025-02-17T15:35:50.4131657Z env:
2025-02-17T15:35:50.4131873Z   CACHE_NUMBER: 0
2025-02-17T15:35:50.4132679Z   PYTEST_FLAGS: --tardis-regression-data=/home/runner/work/tardis/tardis/tardis-regression-data --cov=tardis --cov-report=xml --cov-report=html --cov-append
2025-02-17T15:35:50.4133684Z   CODECOV_TOKEN: ***
2025-02-17T15:35:50.4133940Z ##[endgroup]
2025-02-17T15:35:50.6270333Z Cache hit for: tardis-regression-full-data-21f9fa4b6817cc69b9fae3598144724da7828e276a73bd17f47a2a49d9af090a-tardis-sn/tardis-regression-data-v1
2025-02-17T15:35:51.6791963Z Received 213909504 of 1707217599 (12.5%), 203.8 MBs/sec
2025-02-17T15:35:52.6837480Z Received 461373440 of 1707217599 (27.0%), 219.3 MBs/sec
2025-02-17T15:35:53.6832417Z Received 671088640 of 1707217599 (39.3%), 212.9 MBs/sec
2025-02-17T15:35:54.7212463Z Received 939524096 of 1707217599 (55.0%), 221.7 MBs/sec
2025-02-17T15:35:55.7847757Z Received 1207959552 of 1707217599 (70.8%), 225.7 MBs/sec
2025-02-17T15:35:56.8685465Z Received 1476395008 of 1707217599 (86.5%), 227.5 MBs/sec
2025-02-17T15:35:57.7640476Z Received 1707217599 of 1707217599 (100.0%), 229.8 MBs/sec
2025-02-17T15:35:57.7642933Z Cache Size: ~1628 MB (1707217599 B)
2025-02-17T15:35:57.7743936Z [command]/usr/bin/tar -xf /home/runner/work/_temp/e7eac7e4-fb8b-462c-9a5e-3d41a62dee30/cache.tzst -P -C /home/runner/work/tardis/tardis --use-compress-program unzstd
2025-02-17T15:36:04.1611825Z Cache restored successfully
2025-02-17T15:36:04.4938029Z Cache restored from key: tardis-regression-full-data-21f9fa4b6817cc69b9fae3598144724da7828e276a73bd17f47a2a49d9af090a-tardis-sn/tardis-regression-data-v1
2025-02-17T15:36:04.5098935Z ##[group]Run git lfs checkout
2025-02-17T15:36:04.5099224Z [36;1mgit lfs checkout[0m
2025-02-17T15:36:04.5155145Z shell: /usr/bin/bash --noprofile --norc -e -o pipefail {0}
2025-02-17T15:36:04.5155482Z env:
2025-02-17T15:36:04.5155655Z   CACHE_NUMBER: 0
2025-02-17T15:36:04.5156280Z   PYTEST_FLAGS: --tardis-regression-data=/home/runner/work/tardis/tardis/tardis-regression-data --cov=tardis --cov-report=xml --cov-report=html --cov-append
2025-02-17T15:36:04.5157329Z   CODECOV_TOKEN: ***
2025-02-17T15:36:04.5157549Z ##[endgroup]
2025-02-17T15:36:14.7102573Z Checking out LFS objects: 100% (204/204), 3.5 GB | 312 MB/s, done.
2025-02-17T15:36:18.0789842Z Prepare all required actions
2025-02-17T15:36:18.0790201Z Getting action download info
2025-02-17T15:36:18.1818923Z Download action repository 'mamba-org/setup-micromamba@v1' (SHA:4b9113af4fba0e9e1124b252dd6497a419e7396d)
2025-02-17T15:36:18.4073321Z ##[group]Run ./.github/actions/setup_env
2025-02-17T15:36:18.4073604Z with:
2025-02-17T15:36:18.4073792Z   os-label: linux-64
2025-02-17T15:36:18.4073986Z env:
2025-02-17T15:36:18.4074160Z   CACHE_NUMBER: 0
2025-02-17T15:36:18.4074797Z   PYTEST_FLAGS: --tardis-regression-data=/home/runner/work/tardis/tardis/tardis-regression-data --cov=tardis --cov-report=xml --cov-report=html --cov-append
2025-02-17T15:36:18.4075556Z   CODECOV_TOKEN: ***
2025-02-17T15:36:18.4075790Z ##[endgroup]
2025-02-17T15:36:18.4095478Z ##[group]Run file_hash=$(cat conda-linux-64.lock | shasum -a 256 | cut -d' ' -f1)
2025-02-17T15:36:18.4095972Z [36;1mfile_hash=$(cat conda-linux-64.lock | shasum -a 256 | cut -d' ' -f1)[0m
2025-02-17T15:36:18.4096542Z [36;1mecho "file_hash=tardis-conda-env-linux-64-${file_hash}-v1" >> "${GITHUB_OUTPUT}"[0m
2025-02-17T15:36:18.4149905Z shell: /usr/bin/bash --noprofile --norc -e -o pipefail {0}
2025-02-17T15:36:18.4150225Z env:
2025-02-17T15:36:18.4150403Z   CACHE_NUMBER: 0
2025-02-17T15:36:18.4151017Z   PYTEST_FLAGS: --tardis-regression-data=/home/runner/work/tardis/tardis/tardis-regression-data --cov=tardis --cov-report=xml --cov-report=html --cov-append
2025-02-17T15:36:18.4151770Z   CODECOV_TOKEN: ***
2025-02-17T15:36:18.4152154Z ##[endgroup]
2025-02-17T15:36:18.4527509Z ##[group]Run mamba-org/setup-micromamba@v1
2025-02-17T15:36:18.4527786Z with:
2025-02-17T15:36:18.4527981Z   environment-file: conda-linux-64.lock
2025-02-17T15:36:18.4528549Z   cache-environment-key: tardis-conda-env-linux-64-d7cd390425b0fd3cf82649dcc003efba9915fb4928f15d342148c3ccffcbe2ee-v1
2025-02-17T15:36:18.4529358Z   cache-downloads-key: tardis-conda-env-linux-64-d7cd390425b0fd3cf82649dcc003efba9915fb4928f15d342148c3ccffcbe2ee-v1
2025-02-17T15:36:18.4529902Z   environment-name: tardis
2025-02-17T15:36:18.4530143Z   cache-environment: true
2025-02-17T15:36:18.4530360Z   cache-downloads: true
2025-02-17T15:36:18.4530563Z env:
2025-02-17T15:36:18.4530730Z   CACHE_NUMBER: 0
2025-02-17T15:36:18.4531336Z   PYTEST_FLAGS: --tardis-regression-data=/home/runner/work/tardis/tardis/tardis-regression-data --cov=tardis --cov-report=xml --cov-report=html --cov-append
2025-02-17T15:36:18.4532068Z   CODECOV_TOKEN: ***
2025-02-17T15:36:18.4532267Z ##[endgroup]
2025-02-17T15:36:18.5852728Z Will download micromamba to /home/runner/micromamba-bin/micromamba
2025-02-17T15:36:18.5864717Z ##[group]Install micromamba
2025-02-17T15:36:18.8683018Z micromamba installed to /home/runner/micromamba-bin/micromamba
2025-02-17T15:36:18.8683996Z ##[endgroup]
2025-02-17T15:36:18.8684657Z Adding conda-forge to condarc channels ...
2025-02-17T15:36:18.8694143Z ##[group]Initialize micromamba for bash.
2025-02-17T15:36:18.8710484Z [command]/home/runner/micromamba-bin/micromamba shell init -s bash -r /home/runner/micromamba --log-level warning --rc-file /home/runner/work/_temp/setup-micromamba/.condarc
2025-02-17T15:36:18.8817698Z Modifying RC file "/home/runner/.bashrc"
2025-02-17T15:36:18.8818658Z Generating config for root prefix [1m"/home/runner/micromamba"[0m
2025-02-17T15:36:18.8819403Z Setting mamba executable to: [1m"/home/runner/micromamba-bin/micromamba"[0m
2025-02-17T15:36:18.8819999Z Adding (or replacing) the following in your "/home/runner/.bashrc" file
2025-02-17T15:36:18.8820328Z 
2025-02-17T15:36:18.8820418Z # >>> mamba initialize >>>
2025-02-17T15:36:18.8820702Z # !! Contents within this block are managed by 'mamba init' !!
2025-02-17T15:36:18.8821072Z export MAMBA_EXE='/home/runner/micromamba-bin/micromamba';
2025-02-17T15:36:18.8821417Z export MAMBA_ROOT_PREFIX='/home/runner/micromamba';
2025-02-17T15:36:18.8821900Z __mamba_setup="$("$MAMBA_EXE" shell hook --shell bash --root-prefix "$MAMBA_ROOT_PREFIX" 2> /dev/null)"
2025-02-17T15:36:18.8822345Z if [ $? -eq 0 ]; then
2025-02-17T15:36:18.8822819Z     eval "$__mamba_setup"
2025-02-17T15:36:18.8823049Z else
2025-02-17T15:36:18.8823323Z     alias micromamba="$MAMBA_EXE"  # Fallback on help from mamba activate
2025-02-17T15:36:18.8823652Z fi
2025-02-17T15:36:18.8823818Z unset __mamba_setup
2025-02-17T15:36:18.8824018Z # <<< mamba initialize <<<
2025-02-17T15:36:18.8824158Z 
2025-02-17T15:36:18.8835375Z Moving mamba initialize block to .bash_profile
2025-02-17T15:36:18.8844854Z ##[endgroup]
2025-02-17T15:36:18.8846073Z ##[group]Restoring downloads from `/home/runner/micromamba/pkgs` ...
2025-02-17T15:36:20.0038463Z Received 331350016 of 356815776 (92.9%), 316.0 MBs/sec
2025-02-17T15:36:20.0846447Z Cache Size: ~340 MB (356815776 B)
2025-02-17T15:36:20.0885495Z [command]/usr/bin/tar -xf /home/runner/work/_temp/c70b07b1-1b04-43c5-bf6f-196e64590182/cache.tzst -P -C /home/runner/work/tardis/tardis --use-compress-program unzstd
2025-02-17T15:36:20.5631217Z Cache restored successfully
2025-02-17T15:36:20.6393069Z Restored cache with key `tardis-conda-env-linux-64-d7cd390425b0fd3cf82649dcc003efba9915fb4928f15d342148c3ccffcbe2ee-v1-linux-64`
2025-02-17T15:36:20.6394508Z ##[endgroup]
2025-02-17T15:36:20.6405756Z ##[group]Restoring environment `tardis` from `/home/runner/micromamba/envs/tardis` ...
2025-02-17T15:36:21.0075008Z Received 356815776 of 356815776 (100.0%), 169.8 MBs/sec
2025-02-17T15:36:21.7162928Z Received 343932928 of 444032293 (77.5%), 327.7 MBs/sec
2025-02-17T15:36:22.0162747Z Cache Size: ~423 MB (444032293 B)
2025-02-17T15:36:22.0230213Z [command]/usr/bin/tar -xf /home/runner/work/_temp/e9a44942-761a-481e-844c-a207f9764679/cache.tzst -P -C /home/runner/work/tardis/tardis --use-compress-program unzstd
2025-02-17T15:36:22.7177282Z Received 444032293 of 444032293 (100.0%), 211.5 MBs/sec
2025-02-17T15:36:27.0164550Z Cache restored successfully
2025-02-17T15:36:27.1069350Z Restored cache with key `tardis-conda-env-linux-64-d7cd390425b0fd3cf82649dcc003efba9915fb4928f15d342148c3ccffcbe2ee-v1-linux-64-tardis-args-4f53cda-root-dcc80ee-bin-[object Promise]-file-d7cd390425b0fd3cf82649dcc003efba9915fb4928f15d342148c3ccffcbe2ee`
2025-02-17T15:36:27.1071198Z ##[endgroup]
2025-02-17T15:36:27.1071525Z Adding environment tardis to auto-activate bash ...
2025-02-17T15:36:27.1079912Z Generating micromamba run shell.
2025-02-17T15:36:27.1090503Z ##[endgroup]
2025-02-17T15:36:27.1094737Z Set environment variables.
2025-02-17T15:36:27.1098640Z ##[group]micromamba info
2025-02-17T15:36:27.1101708Z [command]/home/runner/micromamba-bin/micromamba info -r /home/runner/micromamba -n tardis
2025-02-17T15:36:27.1361915Z 
2025-02-17T15:36:27.1362185Z        libmamba version : 1.5.10
2025-02-17T15:36:27.1362638Z      micromamba version : 1.5.10
2025-02-17T15:36:27.1363301Z            curl version : libcurl/8.10.1 OpenSSL/3.3.2 zlib/1.3.1 zstd/1.5.6 libssh2/1.11.0 nghttp2/1.58.0
2025-02-17T15:36:27.1364158Z      libarchive version : libarchive 3.7.4 zlib/1.2.13 bz2lib/1.0.8 libzstd/1.5.6
2025-02-17T15:36:27.1364824Z        envs directories : /home/runner/micromamba/envs
2025-02-17T15:36:27.1365388Z           package cache : /home/runner/micromamba/pkgs
2025-02-17T15:36:27.1365710Z                           /home/runner/.mamba/pkgs
2025-02-17T15:36:27.1366001Z             environment : tardis
2025-02-17T15:36:27.1366288Z            env location : /home/runner/micromamba/envs/tardis
2025-02-17T15:36:27.1366605Z       user config files : /home/runner/.mambarc
2025-02-17T15:36:27.1367210Z  populated config files : /home/runner/work/_temp/setup-micromamba/.condarc
2025-02-17T15:36:27.1367604Z        virtual packages : __unix=0=0
2025-02-17T15:36:27.1367858Z                           __linux=6.8.0=0
2025-02-17T15:36:27.1368108Z                           __glibc=2.39=0
2025-02-17T15:36:27.1368369Z                           __archspec=1=x86_64_v3
2025-02-17T15:36:27.1368723Z                channels : https://conda.anaconda.org/conda-forge/linux-64
2025-02-17T15:36:27.1369115Z                           https://conda.anaconda.org/conda-forge/noarch
2025-02-17T15:36:27.1369991Z        base environment : /home/runner/micromamba
2025-02-17T15:36:27.1370467Z                platform : linux-64
2025-02-17T15:36:27.1379596Z ##[endgroup]
2025-02-17T15:36:27.1379966Z ##[group]micromamba list
2025-02-17T15:36:27.1381391Z [command]/home/runner/micromamba-bin/micromamba list -r /home/runner/micromamba -n tardis
2025-02-17T15:36:27.5292371Z List of packages in environment: "/home/runner/micromamba/envs/tardis"
2025-02-17T15:36:27.5293141Z 
2025-02-17T15:36:27.5293632Z   Name                           Version              Build                    Channel    
2025-02-17T15:36:27.5295173Z â”€â”€â”€â”€â”€â”€â”€â”€â”€â”€â”€â”€â”€â”€â”€â”€â”€â”€â”€â”€â”€â”€â”€â”€â”€â”€â”€â”€â”€â”€â”€â”€â”€â”€â”€â”€â”€â”€â”€â”€â”€â”€â”€â”€â”€â”€â”€â”€â”€â”€â”€â”€â”€â”€â”€â”€â”€â”€â”€â”€â”€â”€â”€â”€â”€â”€â”€â”€â”€â”€â”€â”€â”€â”€â”€â”€â”€â”€â”€â”€â”€â”€â”€â”€â”€â”€â”€â”€â”€â”€â”€â”€
2025-02-17T15:36:27.5295800Z   _libgcc_mutex                  0.1                  conda_forge              conda-forge
2025-02-17T15:36:27.5296400Z   _openmp_mutex                  4.5                  2_gnu                    conda-forge
2025-02-17T15:36:27.5297341Z   alabaster                      0.7.16               pyhd8ed1ab_0             conda-forge
2025-02-17T15:36:27.5298194Z   anyio                          4.4.0                pyhd8ed1ab_0             conda-forge
2025-02-17T15:36:27.5298915Z   argon2-cffi                    23.1.0               pyhd8ed1ab_0             conda-forge
2025-02-17T15:36:27.5299638Z   argon2-cffi-bindings           21.2.0               py312h98912ed_4          conda-forge
2025-02-17T15:36:27.5300059Z   arrow                          1.3.0                pyhd8ed1ab_0             conda-forge
2025-02-17T15:36:27.5301074Z   astropy                        6.1.1                py312h085067d_0          conda-forge
2025-02-17T15:36:27.5301814Z   astropy-iers-data              0.2024.6.17.0.31.35  pyhd8ed1ab_0             conda-forge
2025-02-17T15:36:27.5302586Z   astropy-sphinx-theme           1.1                  pyhd8ed1ab_0             conda-forge
2025-02-17T15:36:27.5303274Z   asttokens                      2.4.1                pyhd8ed1ab_0             conda-forge
2025-02-17T15:36:27.5303907Z   async-lru                      2.0.4                pyhd8ed1ab_0             conda-forge
2025-02-17T15:36:27.5304475Z   atk-1.0                        2.38.0               h04ea711_2               conda-forge
2025-02-17T15:36:27.5305043Z   attrs                          23.2.0               pyh71513ae_0             conda-forge
2025-02-17T15:36:27.5305458Z   babel                          2.14.0               pyhd8ed1ab_0             conda-forge
2025-02-17T15:36:27.5305833Z   beautifulsoup4                 4.12.3               pyha770c72_0             conda-forge
2025-02-17T15:36:27.5306213Z   bleach                         6.1.0                pyhd8ed1ab_0             conda-forge
2025-02-17T15:36:27.5306547Z   blosc                          1.21.5               hc2324a3_1               conda-forge
2025-02-17T15:36:27.5307075Z   brotli                         1.1.0                hd590300_1               conda-forge
2025-02-17T15:36:27.5307508Z   brotli-bin                     1.1.0                hd590300_1               conda-forge
2025-02-17T15:36:27.5307879Z   brotli-python                  1.1.0                py312h30efb56_1          conda-forge
2025-02-17T15:36:27.5308244Z   bzip2                          1.0.8                hd590300_5               conda-forge
2025-02-17T15:36:27.5308569Z   c-ares                         1.28.1               hd590300_0               conda-forge
2025-02-17T15:36:27.5308903Z   c-blosc2                       2.14.4               hb4ffafa_1               conda-forge
2025-02-17T15:36:27.5309286Z   ca-certificates                2024.6.2             hbcca054_0               conda-forge
2025-02-17T15:36:27.5309690Z   cached-property                1.5.2                hd8ed1ab_1               conda-forge
2025-02-17T15:36:27.5310083Z   cached_property                1.5.2                pyha770c72_1             conda-forge
2025-02-17T15:36:27.5310440Z   cairo                          1.18.0               h3faef2a_0               conda-forge
2025-02-17T15:36:27.5310984Z   certifi                        2024.6.2             pyhd8ed1ab_0             conda-forge
2025-02-17T15:36:27.5311342Z   cffi                           1.16.0               py312hf06ca03_0          conda-forge
2025-02-17T15:36:27.5311719Z   charset-normalizer             3.3.2                pyhd8ed1ab_0             conda-forge
2025-02-17T15:36:27.5312105Z   click                          8.1.7                unix_pyh707e725_0        conda-forge
2025-02-17T15:36:27.5312466Z   codespell                      2.3.0                pyhd8ed1ab_0             conda-forge
2025-02-17T15:36:27.5312834Z   colorama                       0.4.6                pyhd8ed1ab_0             conda-forge
2025-02-17T15:36:27.5313174Z   comm                           0.2.2                pyhd8ed1ab_0             conda-forge
2025-02-17T15:36:27.5313514Z   commonmark                     0.9.1                py_0                     conda-forge
2025-02-17T15:36:27.5313879Z   contourpy                      1.2.1                py312h8572e83_0          conda-forge
2025-02-17T15:36:27.5314236Z   coverage                       7.5.3                py312h9a8786e_0          conda-forge
2025-02-17T15:36:27.5314593Z   cycler                         0.12.1               pyhd8ed1ab_0             conda-forge
2025-02-17T15:36:27.5314965Z   dataclasses                    0.8                  pyhc8e2a94_3             conda-forge
2025-02-17T15:36:27.5315327Z   debugpy                        1.8.1                py312h30efb56_0          conda-forge
2025-02-17T15:36:27.5315805Z   decorator                      5.1.1                pyhd8ed1ab_0             conda-forge
2025-02-17T15:36:27.5316169Z   defusedxml                     0.7.1                pyhd8ed1ab_0             conda-forge
2025-02-17T15:36:27.5316528Z   docutils                       0.20.1               py312h7900ff3_3          conda-forge
2025-02-17T15:36:27.5317051Z   dot2tex                        2.11.3               pyhd8ed1ab_0             conda-forge
2025-02-17T15:36:27.5317432Z   entrypoints                    0.4                  pyhd8ed1ab_0             conda-forge
2025-02-17T15:36:27.5317819Z   exceptiongroup                 1.2.0                pyhd8ed1ab_2             conda-forge
2025-02-17T15:36:27.5318204Z   executing                      2.0.1                pyhd8ed1ab_0             conda-forge
2025-02-17T15:36:27.5318546Z   expat                          2.6.2                h59595ed_0               conda-forge
2025-02-17T15:36:27.5318935Z   font-ttf-dejavu-sans-mono      2.37                 hab24e00_0               conda-forge
2025-02-17T15:36:27.5319379Z   font-ttf-inconsolata           3.000                h77eed37_0               conda-forge
2025-02-17T15:36:27.5319819Z   font-ttf-source-code-pro       2.038                h77eed37_0               conda-forge
2025-02-17T15:36:27.5320238Z   font-ttf-ubuntu                0.83                 h77eed37_2               conda-forge
2025-02-17T15:36:27.5320625Z   fontconfig                     2.14.2               h14ed4e7_0               conda-forge
2025-02-17T15:36:27.5321017Z   fonts-conda-ecosystem          1                    0                        conda-forge
2025-02-17T15:36:27.5321419Z   fonts-conda-forge              1                    0                        conda-forge
2025-02-17T15:36:27.5321796Z   fonttools                      4.53.0               py312h9a8786e_0          conda-forge
2025-02-17T15:36:27.5322147Z   fqdn                           1.5.1                pyhd8ed1ab_0             conda-forge
2025-02-17T15:36:27.5322497Z   freetype                       2.12.1               h267a509_2               conda-forge
2025-02-17T15:36:27.5322852Z   fribidi                        1.0.10               h36c2ea0_0               conda-forge
2025-02-17T15:36:27.5323205Z   future                         1.0.0                pyhd8ed1ab_0             conda-forge
2025-02-17T15:36:27.5323566Z   gdk-pixbuf                     2.42.12              hb9ae30d_0               conda-forge
2025-02-17T15:36:27.5324034Z   giflib                         5.2.2                hd590300_0               conda-forge
2025-02-17T15:36:27.5324381Z   git-lfs                        3.5.1                ha770c72_0               conda-forge
2025-02-17T15:36:27.5324710Z   gmp                            6.3.0                h59595ed_1               conda-forge
2025-02-17T15:36:27.5325037Z   gmpy2                          2.1.5                py312h1d5cde6_1          conda-forge
2025-02-17T15:36:27.5325607Z   graphite2                      1.3.13               h59595ed_1003            conda-forge
2025-02-17T15:36:27.5326211Z   graphviz                       11.0.0               hc68bbd7_0               conda-forge
2025-02-17T15:36:27.5326800Z   gtk2                           2.24.33              h280cfa0_4               conda-forge
2025-02-17T15:36:27.5327597Z   gts                            0.7.6                h977cf35_4               conda-forge
2025-02-17T15:36:27.5328177Z   h11                            0.14.0               pyhd8ed1ab_0             conda-forge
2025-02-17T15:36:27.5328739Z   h2                             4.1.0                pyhd8ed1ab_0             conda-forge
2025-02-17T15:36:27.5329308Z   h5py                           3.11.0               nompi_py312hb7ab980_102  conda-forge
2025-02-17T15:36:27.5329837Z   harfbuzz                       8.5.0                hfac3d4d_0               conda-forge
2025-02-17T15:36:27.5330406Z   hdf5                           1.14.3               nompi_hdf9ad27_105       conda-forge
2025-02-17T15:36:27.5331263Z   hpack                          4.0.0                pyh9f0ad1d_0             conda-forge
2025-02-17T15:36:27.5331903Z   httpcore                       1.0.5                pyhd8ed1ab_0             conda-forge
2025-02-17T15:36:27.5332535Z   httpx                          0.27.0               pyhd8ed1ab_0             conda-forge
2025-02-17T15:36:27.5333163Z   hyperframe                     6.0.1                pyhd8ed1ab_0             conda-forge
2025-02-17T15:36:27.5333751Z   icu                            73.2                 h59595ed_0               conda-forge
2025-02-17T15:36:27.5334258Z   idna                           3.7                  pyhd8ed1ab_0             conda-forge
2025-02-17T15:36:27.5334646Z   imagesize                      1.4.1                pyhd8ed1ab_0             conda-forge
2025-02-17T15:36:27.5335217Z   importlib-metadata             7.1.0                pyha770c72_0             conda-forge
2025-02-17T15:36:27.5335931Z   importlib_metadata             7.1.0                hd8ed1ab_0               conda-forge
2025-02-17T15:36:27.5336675Z   importlib_resources            6.4.0                pyhd8ed1ab_0             conda-forge
2025-02-17T15:36:27.5337606Z   iniconfig                      2.0.0                pyhd8ed1ab_0             conda-forge
2025-02-17T15:36:27.5338130Z   ipykernel                      6.29.4               pyh3099207_0             conda-forge
2025-02-17T15:36:27.5338489Z   ipython                        8.25.0               pyh707e725_0             conda-forge
2025-02-17T15:36:27.5338868Z   ipython_genutils               0.2.0                pyhd8ed1ab_1             conda-forge
2025-02-17T15:36:27.5339248Z   ipywidgets                     7.8.0                pyhd8ed1ab_0             conda-forge
2025-02-17T15:36:27.5339620Z   isoduration                    20.11.0              pyhd8ed1ab_0             conda-forge
2025-02-17T15:36:27.5339975Z   jedi                           0.19.1               pyhd8ed1ab_0             conda-forge
2025-02-17T15:36:27.5340314Z   jinja2                         3.1.4                pyhd8ed1ab_0             conda-forge
2025-02-17T15:36:27.5340658Z   json5                          0.9.25               pyhd8ed1ab_0             conda-forge
2025-02-17T15:36:27.5341015Z   jsonpointer                    3.0.0                py312h7900ff3_0          conda-forge
2025-02-17T15:36:27.5341387Z   jsonschema                     4.22.0               pyhd8ed1ab_0             conda-forge
2025-02-17T15:36:27.5341984Z   jsonschema-specifications      2023.12.1            pyhd8ed1ab_0             conda-forge
2025-02-17T15:36:27.5342486Z   jsonschema-with-format-nongpl  4.22.0               pyhd8ed1ab_0             conda-forge
2025-02-17T15:36:27.5342921Z   jupyter-lsp                    2.2.5                pyhd8ed1ab_0             conda-forge
2025-02-17T15:36:27.5343305Z   jupyter_client                 8.6.2                pyhd8ed1ab_0             conda-forge
2025-02-17T15:36:27.5343688Z   jupyter_core                   5.7.2                py312h7900ff3_0          conda-forge
2025-02-17T15:36:27.5344070Z   jupyter_events                 0.10.0               pyhd8ed1ab_0             conda-forge
2025-02-17T15:36:27.5344450Z   jupyter_server                 2.14.1               pyhd8ed1ab_0             conda-forge
2025-02-17T15:36:27.5344861Z   jupyter_server_terminals       0.5.3                pyhd8ed1ab_0             conda-forge
2025-02-17T15:36:27.5345267Z   jupyterlab                     4.2.2                pyhd8ed1ab_0             conda-forge
2025-02-17T15:36:27.5345913Z   jupyterlab_pygments            0.3.0                pyhd8ed1ab_1             conda-forge
2025-02-17T15:36:27.5346818Z   jupyterlab_server              2.27.2               pyhd8ed1ab_0             conda-forge
2025-02-17T15:36:27.5347858Z   jupyterlab_widgets             1.1.7                pyhd8ed1ab_0             conda-forge
2025-02-17T15:36:27.5348714Z   keyutils                       1.6.1                h166bdaf_0               conda-forge
2025-02-17T15:36:27.5349662Z   kiwisolver                     1.4.5                py312h8572e83_1          conda-forge
2025-02-17T15:36:27.5350429Z   krb5                           1.21.2               h659d440_0               conda-forge
2025-02-17T15:36:27.5351244Z   latexcodec                     2.0.1                pyh9f0ad1d_0             conda-forge
2025-02-17T15:36:27.5351971Z   lcms2                          2.16                 hb7c19ff_0               conda-forge
2025-02-17T15:36:27.5352771Z   ld_impl_linux-64               2.40                 hf3520f5_7               conda-forge
2025-02-17T15:36:27.5353504Z   lerc                           4.0.0                h27087fc_0               conda-forge
2025-02-17T15:36:27.5354211Z   libaec                         1.1.3                h59595ed_0               conda-forge
2025-02-17T15:36:27.5355034Z   libblas                        3.9.0                22_linux64_openblas      conda-forge
2025-02-17T15:36:27.5355822Z   libbrotlicommon                1.1.0                hd590300_1               conda-forge
2025-02-17T15:36:27.5356661Z   libbrotlidec                   1.1.0                hd590300_1               conda-forge
2025-02-17T15:36:27.5434510Z   libbrotlienc                   1.1.0                hd590300_1               conda-forge
2025-02-17T15:36:27.5435284Z   libcblas                       3.9.0                22_linux64_openblas      conda-forge
2025-02-17T15:36:27.5435941Z   libcurl                        8.8.0                hca28451_0               conda-forge
2025-02-17T15:36:27.5436591Z   libdeflate                     1.20                 hd590300_0               conda-forge
2025-02-17T15:36:27.5437364Z   libedit                        3.1.20191231         he28a2e2_2               conda-forge
2025-02-17T15:36:27.5437954Z   libev                          4.33                 hd590300_2               conda-forge
2025-02-17T15:36:27.5438522Z   libexpat                       2.6.2                h59595ed_0               conda-forge
2025-02-17T15:36:27.5439200Z   libffi                         3.4.2                h7f98852_5               conda-forge
2025-02-17T15:36:27.5439805Z   libgcc-ng                      13.2.0               h77fa898_10              conda-forge
2025-02-17T15:36:27.5440381Z   libgd                          2.3.3                h119a65a_9               conda-forge
2025-02-17T15:36:27.5440992Z   libgfortran-ng                 13.2.0               h69a702a_10              conda-forge
2025-02-17T15:36:27.5441868Z   libgfortran5                   13.2.0               h3d2ce59_10              conda-forge
2025-02-17T15:36:27.5442494Z   libglib                        2.80.2               h8a4344b_1               conda-forge
2025-02-17T15:36:27.5443082Z   libgomp                        13.2.0               h77fa898_10              conda-forge
2025-02-17T15:36:27.5443670Z   libiconv                       1.17                 hd590300_2               conda-forge
2025-02-17T15:36:27.5444288Z   libjpeg-turbo                  3.0.0                hd590300_1               conda-forge
2025-02-17T15:36:27.5444935Z   liblapack                      3.9.0                22_linux64_openblas      conda-forge
2025-02-17T15:36:27.5445557Z   libllvm14                      14.0.6               hcd5def8_4               conda-forge
2025-02-17T15:36:27.5446193Z   libnghttp2                     1.58.0               h47da74e_1               conda-forge
2025-02-17T15:36:27.5446815Z   libnsl                         2.0.1                hd590300_0               conda-forge
2025-02-17T15:36:27.5447603Z   libopenblas                    0.3.27               pthreads_h413a1c8_0      conda-forge
2025-02-17T15:36:27.5448237Z   libpng                         1.6.43               h2797004_0               conda-forge
2025-02-17T15:36:27.5448817Z   librsvg                        2.58.1               hadf69e7_0               conda-forge
2025-02-17T15:36:27.5449377Z   libsodium                      1.0.18               h36c2ea0_1               conda-forge
2025-02-17T15:36:27.5450146Z   libsqlite                      3.46.0               hde9e2c9_0               conda-forge
2025-02-17T15:36:27.5450717Z   libssh2                        1.11.0               h0841786_0               conda-forge
2025-02-17T15:36:27.5451306Z   libstdcxx-ng                   13.2.0               hc0a3c3a_10              conda-forge
2025-02-17T15:36:27.5451899Z   libtiff                        4.6.0                h1dd3fc0_3               conda-forge
2025-02-17T15:36:27.5452481Z   libuuid                        2.38.1               h0b41bf4_0               conda-forge
2025-02-17T15:36:27.5453046Z   libwebp                        1.4.0                h2c329e2_0               conda-forge
2025-02-17T15:36:27.5453661Z   libwebp-base                   1.4.0                hd590300_0               conda-forge
2025-02-17T15:36:27.5454265Z   libxcb                         1.15                 h0b41bf4_0               conda-forge
2025-02-17T15:36:27.5454865Z   libxcrypt                      4.4.36               hd590300_1               conda-forge
2025-02-17T15:36:27.5455492Z   libxml2                        2.12.7               hc051c1a_1               conda-forge
2025-02-17T15:36:27.5456088Z   libxslt                        1.1.39               h76b75d6_0               conda-forge
2025-02-17T15:36:27.5456682Z   libzlib                        1.3.1                h4ab18f5_1               conda-forge
2025-02-17T15:36:27.5457427Z   llvmlite                       0.42.0               py312hb06c811_1          conda-forge
2025-02-17T15:36:27.5458046Z   lxml                           5.2.2                py312hb90d8a5_0          conda-forge
2025-02-17T15:36:27.5458617Z   lz4-c                          1.9.4                hcb278e6_0               conda-forge
2025-02-17T15:36:27.5459167Z   lzo                            2.10                 hd590300_1001            conda-forge
2025-02-17T15:36:27.5459755Z   markupsafe                     2.1.5                py312h98912ed_0          conda-forge
2025-02-17T15:36:27.5460429Z   matplotlib-base                3.8.4                py312h20ab3a6_2          conda-forge
2025-02-17T15:36:27.5461142Z   matplotlib-inline              0.1.7                pyhd8ed1ab_0             conda-forge
2025-02-17T15:36:27.5461809Z   mistune                        3.0.2                pyhd8ed1ab_0             conda-forge
2025-02-17T15:36:27.5462399Z   mpc                            1.3.1                hfe3b2da_0               conda-forge
2025-02-17T15:36:27.5463105Z   mpfr                           4.2.1                h9458935_1               conda-forge
2025-02-17T15:36:27.5463696Z   mpmath                         1.3.0                pyhd8ed1ab_0             conda-forge
2025-02-17T15:36:27.5464293Z   munkres                        1.1.4                pyh9f0ad1d_0             conda-forge
2025-02-17T15:36:27.5464924Z   mypy_extensions                1.0.0                pyha770c72_0             conda-forge
2025-02-17T15:36:27.5465581Z   nbclassic                      1.1.0                pyhd8ed1ab_0             conda-forge
2025-02-17T15:36:27.5466208Z   nbclient                       0.10.0               pyhd8ed1ab_0             conda-forge
2025-02-17T15:36:27.5466825Z   nbconvert                      7.16.4               hd8ed1ab_1               conda-forge
2025-02-17T15:36:27.5467617Z   nbconvert-core                 7.16.4               pyhd8ed1ab_1             conda-forge
2025-02-17T15:36:27.5468346Z   nbconvert-pandoc               7.16.4               hd8ed1ab_1               conda-forge
2025-02-17T15:36:27.5469024Z   nbformat                       5.10.4               pyhd8ed1ab_0             conda-forge
2025-02-17T15:36:27.5469593Z   nbsphinx                       0.9.4                pyhd8ed1ab_0             conda-forge
2025-02-17T15:36:27.5470155Z   ncurses                        6.5                  h59595ed_0               conda-forge
2025-02-17T15:36:27.5470752Z   nest-asyncio                   1.6.0                pyhd8ed1ab_0             conda-forge
2025-02-17T15:36:27.5471560Z   networkx                       3.3                  pyhd8ed1ab_1             conda-forge
2025-02-17T15:36:27.5472336Z   nomkl                          1.0                  h5ca1d4c_0               conda-forge
2025-02-17T15:36:27.5472704Z   notebook                       7.2.1                pyhd8ed1ab_0             conda-forge
2025-02-17T15:36:27.5473082Z   notebook-shim                  0.2.4                pyhd8ed1ab_0             conda-forge
2025-02-17T15:36:27.5473453Z   numba                          0.59.1               py312hacefee8_0          conda-forge
2025-02-17T15:36:27.5473788Z   numexpr                        2.10.0               py312hf412c99_100        conda-forge
2025-02-17T15:36:27.5474135Z   numpy                          1.26.4               py312heda63a1_0          conda-forge
2025-02-17T15:36:27.5474489Z   numpydoc                       1.7.0                pyhd8ed1ab_1             conda-forge
2025-02-17T15:36:27.5474837Z   openjpeg                       2.5.2                h488ebb8_0               conda-forge
2025-02-17T15:36:27.5475187Z   openssl                        3.3.1                h4ab18f5_0               conda-forge
2025-02-17T15:36:27.5475534Z   overrides                      7.7.0                pyhd8ed1ab_0             conda-forge
2025-02-17T15:36:27.5475896Z   packaging                      24.1                 pyhd8ed1ab_0             conda-forge
2025-02-17T15:36:27.5476245Z   pandas                         2.2.2                py312h1d6d2e6_1          conda-forge
2025-02-17T15:36:27.5476583Z   pandoc                         3.2                  ha770c72_0               conda-forge
2025-02-17T15:36:27.5477158Z   pandocfilters                  1.5.0                pyhd8ed1ab_0             conda-forge
2025-02-17T15:36:27.5477531Z   pango                          1.54.0               h84a9a3c_0               conda-forge
2025-02-17T15:36:27.5477862Z   parso                          0.8.4                pyhd8ed1ab_0             conda-forge
2025-02-17T15:36:27.5478213Z   pathspec                       0.12.1               pyhd8ed1ab_0             conda-forge
2025-02-17T15:36:27.5478570Z   pbr                            6.0.0                pyhd8ed1ab_0             conda-forge
2025-02-17T15:36:27.5478897Z   pcre2                          10.44                h0f59acf_0               conda-forge
2025-02-17T15:36:27.5479238Z   pexpect                        4.9.0                pyhd8ed1ab_0             conda-forge
2025-02-17T15:36:27.5479595Z   pickleshare                    0.7.5                py_1003                  conda-forge
2025-02-17T15:36:27.5480091Z   pillow                         10.3.0               py312hdcec9eb_0          conda-forge
2025-02-17T15:36:27.5480429Z   pip                            24.0                 pyhd8ed1ab_0             conda-forge
2025-02-17T15:36:27.5480760Z   pixman                         0.43.2               h59595ed_0               conda-forge
2025-02-17T15:36:27.5481142Z   pkgutil-resolve-name           1.3.10               pyhd8ed1ab_1             conda-forge
2025-02-17T15:36:27.5481556Z   platformdirs                   4.2.2                pyhd8ed1ab_0             conda-forge
2025-02-17T15:36:27.5481917Z   plotly                         5.22.0               pyhd8ed1ab_0             conda-forge
2025-02-17T15:36:27.5482259Z   pluggy                         1.5.0                pyhd8ed1ab_0             conda-forge
2025-02-17T15:36:27.5482632Z   prometheus_client              0.20.0               pyhd8ed1ab_0             conda-forge
2025-02-17T15:36:27.5483041Z   prompt-toolkit                 3.0.47               pyha770c72_0             conda-forge
2025-02-17T15:36:27.5483411Z   psutil                         5.9.8                py312h98912ed_0          conda-forge
2025-02-17T15:36:27.5483771Z   pthread-stubs                  0.4                  h36c2ea0_1001            conda-forge
2025-02-17T15:36:27.5484152Z   ptyprocess                     0.7.0                pyhd3deb0d_0             conda-forge
2025-02-17T15:36:27.5484515Z   pure_eval                      0.2.2                pyhd8ed1ab_0             conda-forge
2025-02-17T15:36:27.5484994Z   py-cpuinfo                     9.0.0                pyhd8ed1ab_0             conda-forge
2025-02-17T15:36:27.5485348Z   pybtex                         0.24.0               pyhd8ed1ab_2             conda-forge
2025-02-17T15:36:27.5485718Z   pybtex-docutils                1.0.3                py312h7900ff3_1          conda-forge
2025-02-17T15:36:27.5486095Z   pycparser                      2.22                 pyhd8ed1ab_0             conda-forge
2025-02-17T15:36:27.5486451Z   pyerfa                         2.0.1.4              py312h085067d_1          conda-forge
2025-02-17T15:36:27.5486805Z   pygments                       2.18.0               pyhd8ed1ab_0             conda-forge
2025-02-17T15:36:27.5487499Z   pygraphviz                     1.13                 py312h4a1d8a7_1          conda-forge
2025-02-17T15:36:27.5487868Z   pyparsing                      3.1.2                pyhd8ed1ab_0             conda-forge
2025-02-17T15:36:27.5488228Z   pysocks                        1.7.1                pyha2e5f31_6             conda-forge
2025-02-17T15:36:27.5488588Z   pytables                       3.9.2                py312h96d95ec_2          conda-forge
2025-02-17T15:36:27.5488933Z   pytest                         8.2.2                pyhd8ed1ab_0             conda-forge
2025-02-17T15:36:27.5489283Z   pytest-cov                     5.0.0                pyhd8ed1ab_0             conda-forge
2025-02-17T15:36:27.5489676Z   pytest-doctestplus             1.2.1                pyhd8ed1ab_0             conda-forge
2025-02-17T15:36:27.5490070Z   pytest-html                    4.1.1                pyhd8ed1ab_0             conda-forge
2025-02-17T15:36:27.5490453Z   pytest-metadata                3.1.1                pyhd8ed1ab_0             conda-forge
2025-02-17T15:36:27.5490825Z   python                         3.12.4               h194c7f8_0_cpython       conda-forge
2025-02-17T15:36:27.5491196Z   python-dateutil                2.9.0                pyhd8ed1ab_0             conda-forge
2025-02-17T15:36:27.5491615Z   python-fastjsonschema          2.20.0               pyhd8ed1ab_0             conda-forge
2025-02-17T15:36:27.5492041Z   python-json-logger             2.0.7                pyhd8ed1ab_0             conda-forge
2025-02-17T15:36:27.5492445Z   python-tzdata                  2024.1               pyhd8ed1ab_0             conda-forge
2025-02-17T15:36:27.5492818Z   python_abi                     3.12                 4_cp312                  conda-forge
2025-02-17T15:36:27.5493289Z   pytz                           2024.1               pyhd8ed1ab_0             conda-forge
2025-02-17T15:36:27.5493639Z   pyyaml                         6.0.1                py312h98912ed_1          conda-forge
2025-02-17T15:36:27.5493975Z   pyzmq                          26.0.3               py312h8fd38d8_0          conda-forge
2025-02-17T15:36:27.5494309Z   qgrid                          1.3.1                pyhd8ed1ab_4             conda-forge
2025-02-17T15:36:27.5494685Z   radioactivedecay               0.5.1                pyhd8ed1ab_0             conda-forge
2025-02-17T15:36:27.5495062Z   readline                       8.2                  h8228510_1               conda-forge
2025-02-17T15:36:27.5495423Z   recommonmark                   0.7.1                pyhd8ed1ab_0             conda-forge
2025-02-17T15:36:27.5495803Z   referencing                    0.35.1               pyhd8ed1ab_0             conda-forge
2025-02-17T15:36:27.5496174Z   requests                       2.32.3               pyhd8ed1ab_0             conda-forge
2025-02-17T15:36:27.5496554Z   rfc3339-validator              0.1.4                pyhd8ed1ab_0             conda-forge
2025-02-17T15:36:27.5497156Z   rfc3986-validator              0.1.1                pyh9f0ad1d_0             conda-forge
2025-02-17T15:36:27.5497534Z   rpds-py                        0.18.1               py312h4413252_0          conda-forge
2025-02-17T15:36:27.5497858Z   ruff                           0.4.9                py312h5715c7c_0          conda-forge
2025-02-17T15:36:27.5498339Z   scipy                          1.13.1               py312hc2bc53b_0          conda-forge
2025-02-17T15:36:27.5498704Z   send2trash                     1.8.3                pyh0d859eb_0             conda-forge
2025-02-17T15:36:27.5499071Z   setuptools                     70.0.0               pyhd8ed1ab_0             conda-forge
2025-02-17T15:36:27.5499451Z   setuptools-scm                 8.1.0                pyhd8ed1ab_0             conda-forge
2025-02-17T15:36:27.5499838Z   setuptools_scm                 8.1.0                hd8ed1ab_0               conda-forge
2025-02-17T15:36:27.5500184Z   six                            1.16.0               pyh6c4a22f_0             conda-forge
2025-02-17T15:36:27.5500523Z   snakeviz                       2.2.0                pyhd8ed1ab_0             conda-forge
2025-02-17T15:36:27.5500868Z   snappy                         1.2.0                hdb0a2a9_1               conda-forge
2025-02-17T15:36:27.5501226Z   sniffio                        1.3.1                pyhd8ed1ab_0             conda-forge
2025-02-17T15:36:27.5501599Z   snowballstemmer                2.2.0                pyhd8ed1ab_0             conda-forge
2025-02-17T15:36:27.5501974Z   soupsieve                      2.5                  pyhd8ed1ab_1             conda-forge
2025-02-17T15:36:27.5502325Z   sphinx                         7.3.7                pyhd8ed1ab_0             conda-forge
2025-02-17T15:36:27.5502695Z   sphinx-astropy                 1.9.1                pyhd8ed1ab_0             conda-forge
2025-02-17T15:36:27.5503101Z   sphinx-automodapi              0.17.0               pyh717bed2_1             conda-forge
2025-02-17T15:36:27.5503508Z   sphinx-gallery                 0.16.0               pyhd8ed1ab_0             conda-forge
2025-02-17T15:36:27.5503911Z   sphinx-jsonschema              1.19.1               pyhd8ed1ab_0             conda-forge
2025-02-17T15:36:27.5504324Z   sphinx_bootstrap_theme         0.8.1                pyhd8ed1ab_0             conda-forge
2025-02-17T15:36:27.5504729Z   sphinx_rtd_theme               2.0.0                pyha770c72_0             conda-forge
2025-02-17T15:36:27.5505128Z   sphinxcontrib-apidoc           0.3.0                py_1                     conda-forge
2025-02-17T15:36:27.5505565Z   sphinxcontrib-applehelp        1.0.8                pyhd8ed1ab_0             conda-forge
2025-02-17T15:36:27.5506003Z   sphinxcontrib-bibtex           2.6.2                pyhd8ed1ab_0             conda-forge
2025-02-17T15:36:27.5506559Z   sphinxcontrib-devhelp          1.0.6                pyhd8ed1ab_0             conda-forge
2025-02-17T15:36:27.5507213Z   sphinxcontrib-htmlhelp         2.0.5                pyhd8ed1ab_0             conda-forge
2025-02-17T15:36:27.5507651Z   sphinxcontrib-jquery           4.1                  pyhd8ed1ab_0             conda-forge
2025-02-17T15:36:27.5508078Z   sphinxcontrib-jsmath           1.0.1                pyhd8ed1ab_0             conda-forge
2025-02-17T15:36:27.5508507Z   sphinxcontrib-qthelp           1.0.7                pyhd8ed1ab_0             conda-forge
2025-02-17T15:36:27.5508976Z   sphinxcontrib-serializinghtml  1.1.10               pyhd8ed1ab_0             conda-forge
2025-02-17T15:36:27.5509408Z   stack_data                     0.6.2                pyhd8ed1ab_0             conda-forge
2025-02-17T15:36:27.5509754Z   sympy                          1.12.1               pypyh2585a3b_103         conda-forge
2025-02-17T15:36:27.5510103Z   tabulate                       0.9.0                pyhd8ed1ab_1             conda-forge
2025-02-17T15:36:27.5510453Z   tenacity                       8.4.1                pyhd8ed1ab_0             conda-forge
2025-02-17T15:36:27.5510805Z   terminado                      0.18.1               pyh0d859eb_0             conda-forge
2025-02-17T15:36:27.5511158Z   tinycss2                       1.3.0                pyhd8ed1ab_0             conda-forge
2025-02-17T15:36:27.5511488Z   tk                             8.6.13               noxft_h4845f30_101       conda-forge
2025-02-17T15:36:27.5511935Z   toml                           0.10.2               pyhd8ed1ab_0             conda-forge
2025-02-17T15:36:27.5512263Z   tomli                          2.0.1                pyhd8ed1ab_0             conda-forge
2025-02-17T15:36:27.5512602Z   tornado                        6.4.1                py312h9a8786e_0          conda-forge
2025-02-17T15:36:27.5512938Z   tqdm                           4.66.4               pyhd8ed1ab_0             conda-forge
2025-02-17T15:36:27.5513286Z   traitlets                      5.14.3               pyhd8ed1ab_0             conda-forge
2025-02-17T15:36:27.5513645Z   typed-ast                      1.5.5                py312h98912ed_1          conda-forge
2025-02-17T15:36:27.5514051Z   types-python-dateutil          2.9.0.20240316       pyhd8ed1ab_0             conda-forge
2025-02-17T15:36:27.5514487Z   typing-extensions              4.12.2               hd8ed1ab_0               conda-forge
2025-02-17T15:36:27.5514887Z   typing_extensions              4.12.2               pyha770c72_0             conda-forge
2025-02-17T15:36:27.5515268Z   typing_utils                   0.1.0                pyhd8ed1ab_0             conda-forge
2025-02-17T15:36:27.5515626Z   tzdata                         2024a                h0c530f3_0               conda-forge
2025-02-17T15:36:27.5515987Z   uri-template                   1.3.0                pyhd8ed1ab_0             conda-forge
2025-02-17T15:36:27.5516346Z   urllib3                        2.2.2                pyhd8ed1ab_0             conda-forge
2025-02-17T15:36:27.5516690Z   wcwidth                        0.2.13               pyhd8ed1ab_0             conda-forge
2025-02-17T15:36:27.5517353Z   webcolors                      24.6.0               pyhd8ed1ab_0             conda-forge
2025-02-17T15:36:27.5517999Z   webencodings                   0.5.1                pyhd8ed1ab_2             conda-forge
2025-02-17T15:36:27.5518677Z   websocket-client               1.8.0                pyhd8ed1ab_0             conda-forge
2025-02-17T15:36:27.5519334Z   wheel                          0.43.0               pyhd8ed1ab_1             conda-forge
2025-02-17T15:36:27.5519718Z   widgetsnbextension             3.6.6                pyhd8ed1ab_0             conda-forge
2025-02-17T15:36:27.5520115Z   xorg-kbproto                   1.0.7                h7f98852_1002            conda-forge
2025-02-17T15:36:27.5520496Z   xorg-libice                    1.1.1                hd590300_0               conda-forge
2025-02-17T15:36:27.5520989Z   xorg-libsm                     1.2.4                h7391055_0               conda-forge
2025-02-17T15:36:27.5521348Z   xorg-libx11                    1.8.9                h8ee46fc_0               conda-forge
2025-02-17T15:36:27.5521705Z   xorg-libxau                    1.0.11               hd590300_0               conda-forge
2025-02-17T15:36:27.5522070Z   xorg-libxdmcp                  1.1.3                h7f98852_0               conda-forge
2025-02-17T15:36:27.5522437Z   xorg-libxext                   1.3.4                h0b41bf4_2               conda-forge
2025-02-17T15:36:27.5522821Z   xorg-libxrender                0.9.11               hd590300_0               conda-forge
2025-02-17T15:36:27.5523211Z   xorg-renderproto               0.11.1               h7f98852_1002            conda-forge
2025-02-17T15:36:27.5523597Z   xorg-xextproto                 7.3.0                h0b41bf4_1003            conda-forge
2025-02-17T15:36:27.5523968Z   xorg-xproto                    7.0.31               h7f98852_1007            conda-forge
2025-02-17T15:36:27.5524299Z   xz                             5.2.6                h166bdaf_0               conda-forge
2025-02-17T15:36:27.5524605Z   yaml                           0.2.5                h7f98852_2               conda-forge
2025-02-17T15:36:27.5524922Z   zeromq                         4.3.5                h75354e8_4               conda-forge
2025-02-17T15:36:27.5525252Z   zipp                           3.19.2               pyhd8ed1ab_0             conda-forge
2025-02-17T15:36:27.5525693Z   zlib                           1.3.1                h4ab18f5_1               conda-forge
2025-02-17T15:36:27.5526010Z   zlib-ng                        2.0.7                h0b41bf4_0               conda-forge
2025-02-17T15:36:27.5526331Z   zstd                           1.5.6                ha6fb4c9_0               conda-forge
2025-02-17T15:36:27.5526832Z ##[endgroup]
2025-02-17T15:36:27.5558876Z ##[group]Run pip install -e . --user
2025-02-17T15:36:27.5559204Z [36;1mpip install -e . --user[0m
2025-02-17T15:36:27.5615154Z shell: /usr/bin/bash -l {0}
2025-02-17T15:36:27.5615402Z env:
2025-02-17T15:36:27.5615581Z   CACHE_NUMBER: 0
2025-02-17T15:36:27.5616200Z   PYTEST_FLAGS: --tardis-regression-data=/home/runner/work/tardis/tardis/tardis-regression-data --cov=tardis --cov-report=xml --cov-report=html --cov-append
2025-02-17T15:36:27.5617232Z   CODECOV_TOKEN: ***
2025-02-17T15:36:27.5617484Z   MAMBA_ROOT_PREFIX: /home/runner/micromamba
2025-02-17T15:36:27.5617788Z   MAMBA_EXE: /home/runner/micromamba-bin/micromamba
2025-02-17T15:36:27.5618153Z   CONDARC: /home/runner/work/_temp/setup-micromamba/.condarc
2025-02-17T15:36:27.5618460Z ##[endgroup]
2025-02-17T15:36:28.1990579Z Obtaining file:///home/runner/work/tardis/tardis
2025-02-17T15:36:28.2018246Z   Installing build dependencies: started
2025-02-17T15:36:30.9349458Z   Installing build dependencies: finished with status 'done'
2025-02-17T15:36:30.9355660Z   Checking if build backend supports build_editable: started
2025-02-17T15:36:31.0531000Z   Checking if build backend supports build_editable: finished with status 'done'
2025-02-17T15:36:31.0538317Z   Getting requirements to build editable: started
2025-02-17T15:36:31.5135823Z   Getting requirements to build editable: finished with status 'done'
2025-02-17T15:36:31.5144803Z   Preparing editable metadata (pyproject.toml): started
2025-02-17T15:36:31.9569563Z   Preparing editable metadata (pyproject.toml): finished with status 'done'
2025-02-17T15:36:32.0152818Z Requirement already satisfied: astropy in /home/runner/micromamba/envs/tardis/lib/python3.12/site-packages (from tardis==0.0.0) (6.1.1)
2025-02-17T15:36:32.0543888Z Requirement already satisfied: numpy>=1.23 in /home/runner/micromamba/envs/tardis/lib/python3.12/site-packages (from astropy->tardis==0.0.0) (1.26.4)
2025-02-17T15:36:32.0552920Z Requirement already satisfied: pyerfa>=2.0.1.1 in /home/runner/micromamba/envs/tardis/lib/python3.12/site-packages (from astropy->tardis==0.0.0) (2.0.1.4)
2025-02-17T15:36:32.0562915Z Requirement already satisfied: astropy-iers-data>=0.2024.5.27.0.30.8 in /home/runner/micromamba/envs/tardis/lib/python3.12/site-packages (from astropy->tardis==0.0.0) (0.2024.6.17.0.31.35)
2025-02-17T15:36:32.0570906Z Requirement already satisfied: PyYAML>=3.13 in /home/runner/micromamba/envs/tardis/lib/python3.12/site-packages (from astropy->tardis==0.0.0) (6.0.1)
2025-02-17T15:36:32.0580236Z Requirement already satisfied: packaging>=19.0 in /home/runner/micromamba/envs/tardis/lib/python3.12/site-packages (from astropy->tardis==0.0.0) (24.1)
2025-02-17T15:36:32.0665378Z Building wheels for collected packages: tardis
2025-02-17T15:36:32.0673840Z   Building editable for tardis (pyproject.toml): started
2025-02-17T15:36:32.8037396Z   Building editable for tardis (pyproject.toml): finished with status 'done'
2025-02-17T15:36:32.8043516Z   Created wheel for tardis: filename=tardis-0.0.0-0.editable-py3-none-any.whl size=8879 sha256=6ed799feb0eebb5de24add2801e4b7f56dd6d5afa0c2699d4e0acd4e52c74f80
2025-02-17T15:36:32.8044856Z   Stored in directory: /tmp/pip-ephem-wheel-cache-34pn4fu3/wheels/6a/c7/ae/89fa6dc2565455898176888ef0e2e475e4e90eb0124afcb995
2025-02-17T15:36:32.8070139Z Successfully built tardis
2025-02-17T15:36:33.5623546Z Installing collected packages: tardis
2025-02-17T15:36:33.5705842Z Successfully installed tardis-0.0.0
2025-02-17T15:36:33.7608346Z ##[group]Run pip install qgridnext
2025-02-17T15:36:33.7608691Z [36;1mpip install qgridnext[0m
2025-02-17T15:36:33.7662566Z shell: /usr/bin/bash -l {0}
2025-02-17T15:36:33.7663097Z env:
2025-02-17T15:36:33.7663290Z   CACHE_NUMBER: 0
2025-02-17T15:36:33.7663935Z   PYTEST_FLAGS: --tardis-regression-data=/home/runner/work/tardis/tardis/tardis-regression-data --cov=tardis --cov-report=xml --cov-report=html --cov-append
2025-02-17T15:36:33.7664768Z   CODECOV_TOKEN: ***
2025-02-17T15:36:33.7665021Z   MAMBA_ROOT_PREFIX: /home/runner/micromamba
2025-02-17T15:36:33.7665341Z   MAMBA_EXE: /home/runner/micromamba-bin/micromamba
2025-02-17T15:36:33.7665706Z   CONDARC: /home/runner/work/_temp/setup-micromamba/.condarc
2025-02-17T15:36:33.7666030Z ##[endgroup]
2025-02-17T15:36:34.3761647Z Collecting qgridnext
2025-02-17T15:36:34.4316213Z   Downloading qgridnext-2.0.4-py3-none-any.whl.metadata (9.9 kB)
2025-02-17T15:36:34.4399918Z Requirement already satisfied: pandas>=0.20.0 in /home/runner/micromamba/envs/tardis/lib/python3.12/site-packages (from qgridnext) (2.2.2)
2025-02-17T15:36:34.4408291Z Requirement already satisfied: ipywidgets>=7.0.0 in /home/runner/micromamba/envs/tardis/lib/python3.12/site-packages (from qgridnext) (7.8.0)
2025-02-17T15:36:34.4416657Z Requirement already satisfied: numpy in /home/runner/micromamba/envs/tardis/lib/python3.12/site-packages (from qgridnext) (1.26.4)
2025-02-17T15:36:34.4426110Z Requirement already satisfied: traitlets in /home/runner/micromamba/envs/tardis/lib/python3.12/site-packages (from qgridnext) (5.14.3)
2025-02-17T15:36:34.4511414Z Requirement already satisfied: comm>=0.1.3 in /home/runner/micromamba/envs/tardis/lib/python3.12/site-packages (from ipywidgets>=7.0.0->qgridnext) (0.2.2)
2025-02-17T15:36:34.4519602Z Requirement already satisfied: ipython-genutils~=0.2.0 in /home/runner/micromamba/envs/tardis/lib/python3.12/site-packages (from ipywidgets>=7.0.0->qgridnext) (0.2.0)
2025-02-17T15:36:34.4531819Z Requirement already satisfied: widgetsnbextension~=3.6.5 in /home/runner/micromamba/envs/tardis/lib/python3.12/site-packages (from ipywidgets>=7.0.0->qgridnext) (3.6.6)
2025-02-17T15:36:34.4549478Z Requirement already satisfied: ipython>=4.0.0 in /home/runner/micromamba/envs/tardis/lib/python3.12/site-packages (from ipywidgets>=7.0.0->qgridnext) (8.25.0)
2025-02-17T15:36:34.4563497Z Requirement already satisfied: jupyterlab-widgets<3,>=1.0.0 in /home/runner/micromamba/envs/tardis/lib/python3.12/site-packages (from ipywidgets>=7.0.0->qgridnext) (1.1.7)
2025-02-17T15:36:34.5009437Z Requirement already satisfied: python-dateutil>=2.8.2 in /home/runner/micromamba/envs/tardis/lib/python3.12/site-packages (from pandas>=0.20.0->qgridnext) (2.9.0)
2025-02-17T15:36:34.5022348Z Requirement already satisfied: pytz>=2020.1 in /home/runner/micromamba/envs/tardis/lib/python3.12/site-packages (from pandas>=0.20.0->qgridnext) (2024.1)
2025-02-17T15:36:34.5030098Z Requirement already satisfied: tzdata>=2022.7 in /home/runner/micromamba/envs/tardis/lib/python3.12/site-packages (from pandas>=0.20.0->qgridnext) (2024.1)
2025-02-17T15:36:34.5347247Z Requirement already satisfied: decorator in /home/runner/micromamba/envs/tardis/lib/python3.12/site-packages (from ipython>=4.0.0->ipywidgets>=7.0.0->qgridnext) (5.1.1)
2025-02-17T15:36:34.5361116Z Requirement already satisfied: jedi>=0.16 in /home/runner/micromamba/envs/tardis/lib/python3.12/site-packages (from ipython>=4.0.0->ipywidgets>=7.0.0->qgridnext) (0.19.1)
2025-02-17T15:36:34.5369167Z Requirement already satisfied: matplotlib-inline in /home/runner/micromamba/envs/tardis/lib/python3.12/site-packages (from ipython>=4.0.0->ipywidgets>=7.0.0->qgridnext) (0.1.7)
2025-02-17T15:36:34.5379815Z Requirement already satisfied: prompt-toolkit<3.1.0,>=3.0.41 in /home/runner/micromamba/envs/tardis/lib/python3.12/site-packages (from ipython>=4.0.0->ipywidgets>=7.0.0->qgridnext) (3.0.47)
2025-02-17T15:36:34.5388663Z Requirement already satisfied: pygments>=2.4.0 in /home/runner/micromamba/envs/tardis/lib/python3.12/site-packages (from ipython>=4.0.0->ipywidgets>=7.0.0->qgridnext) (2.18.0)
2025-02-17T15:36:34.5397914Z Requirement already satisfied: stack-data in /home/runner/micromamba/envs/tardis/lib/python3.12/site-packages (from ipython>=4.0.0->ipywidgets>=7.0.0->qgridnext) (0.6.2)
2025-02-17T15:36:34.5416418Z Requirement already satisfied: pexpect>4.3 in /home/runner/micromamba/envs/tardis/lib/python3.12/site-packages (from ipython>=4.0.0->ipywidgets>=7.0.0->qgridnext) (4.9.0)
2025-02-17T15:36:34.5463507Z Requirement already satisfied: six>=1.5 in /home/runner/micromamba/envs/tardis/lib/python3.12/site-packages (from python-dateutil>=2.8.2->pandas>=0.20.0->qgridnext) (1.16.0)
2025-02-17T15:36:34.5519844Z Requirement already satisfied: notebook>=4.4.1 in /home/runner/micromamba/envs/tardis/lib/python3.12/site-packages (from widgetsnbextension~=3.6.5->ipywidgets>=7.0.0->qgridnext) (7.2.1)
2025-02-17T15:36:34.5708324Z Requirement already satisfied: parso<0.9.0,>=0.8.3 in /home/runner/micromamba/envs/tardis/lib/python3.12/site-packages (from jedi>=0.16->ipython>=4.0.0->ipywidgets>=7.0.0->qgridnext) (0.8.4)
2025-02-17T15:36:34.5853268Z Requirement already satisfied: jupyter-server<3,>=2.4.0 in /home/runner/micromamba/envs/tardis/lib/python3.12/site-packages (from notebook>=4.4.1->widgetsnbextension~=3.6.5->ipywidgets>=7.0.0->qgridnext) (2.14.1)
2025-02-17T15:36:34.5865914Z Requirement already satisfied: jupyterlab-server<3,>=2.27.1 in /home/runner/micromamba/envs/tardis/lib/python3.12/site-packages (from notebook>=4.4.1->widgetsnbextension~=3.6.5->ipywidgets>=7.0.0->qgridnext) (2.27.2)
2025-02-17T15:36:34.5880882Z Requirement already satisfied: jupyterlab<4.3,>=4.2.0 in /home/runner/micromamba/envs/tardis/lib/python3.12/site-packages (from notebook>=4.4.1->widgetsnbextension~=3.6.5->ipywidgets>=7.0.0->qgridnext) (4.2.2)
2025-02-17T15:36:34.5891015Z Requirement already satisfied: notebook-shim<0.3,>=0.2 in /home/runner/micromamba/envs/tardis/lib/python3.12/site-packages (from notebook>=4.4.1->widgetsnbextension~=3.6.5->ipywidgets>=7.0.0->qgridnext) (0.2.4)
2025-02-17T15:36:34.5898954Z Requirement already satisfied: tornado>=6.2.0 in /home/runner/micromamba/envs/tardis/lib/python3.12/site-packages (from notebook>=4.4.1->widgetsnbextension~=3.6.5->ipywidgets>=7.0.0->qgridnext) (6.4.1)
2025-02-17T15:36:34.5928519Z Requirement already satisfied: ptyprocess>=0.5 in /home/runner/micromamba/envs/tardis/lib/python3.12/site-packages (from pexpect>4.3->ipython>=4.0.0->ipywidgets>=7.0.0->qgridnext) (0.7.0)
2025-02-17T15:36:34.5956539Z Requirement already satisfied: wcwidth in /home/runner/micromamba/envs/tardis/lib/python3.12/site-packages (from prompt-toolkit<3.1.0,>=3.0.41->ipython>=4.0.0->ipywidgets>=7.0.0->qgridnext) (0.2.13)
2025-02-17T15:36:34.6094621Z Requirement already satisfied: executing>=1.2.0 in /home/runner/micromamba/envs/tardis/lib/python3.12/site-packages (from stack-data->ipython>=4.0.0->ipywidgets>=7.0.0->qgridnext) (2.0.1)
2025-02-17T15:36:34.6104221Z Requirement already satisfied: asttokens>=2.1.0 in /home/runner/micromamba/envs/tardis/lib/python3.12/site-packages (from stack-data->ipython>=4.0.0->ipywidgets>=7.0.0->qgridnext) (2.4.1)
2025-02-17T15:36:34.6111518Z Requirement already satisfied: pure-eval in /home/runner/micromamba/envs/tardis/lib/python3.12/site-packages (from stack-data->ipython>=4.0.0->ipywidgets>=7.0.0->qgridnext) (0.2.2)
2025-02-17T15:36:34.6450857Z Requirement already satisfied: anyio>=3.1.0 in /home/runner/micromamba/envs/tardis/lib/python3.12/site-packages (from jupyter-server<3,>=2.4.0->notebook>=4.4.1->widgetsnbextension~=3.6.5->ipywidgets>=7.0.0->qgridnext) (4.4.0)
2025-02-17T15:36:34.6460887Z Requirement already satisfied: argon2-cffi>=21.1 in /home/runner/micromamba/envs/tardis/lib/python3.12/site-packages (from jupyter-server<3,>=2.4.0->notebook>=4.4.1->widgetsnbextension~=3.6.5->ipywidgets>=7.0.0->qgridnext) (23.1.0)
2025-02-17T15:36:34.6469178Z Requirement already satisfied: jinja2>=3.0.3 in /home/runner/micromamba/envs/tardis/lib/python3.12/site-packages (from jupyter-server<3,>=2.4.0->notebook>=4.4.1->widgetsnbextension~=3.6.5->ipywidgets>=7.0.0->qgridnext) (3.1.4)
2025-02-17T15:36:34.6480502Z Requirement already satisfied: jupyter-client>=7.4.4 in /home/runner/micromamba/envs/tardis/lib/python3.12/site-packages (from jupyter-server<3,>=2.4.0->notebook>=4.4.1->widgetsnbextension~=3.6.5->ipywidgets>=7.0.0->qgridnext) (8.6.2)
2025-02-17T15:36:34.6491778Z Requirement already satisfied: jupyter-core!=5.0.*,>=4.12 in /home/runner/micromamba/envs/tardis/lib/python3.12/site-packages (from jupyter-server<3,>=2.4.0->notebook>=4.4.1->widgetsnbextension~=3.6.5->ipywidgets>=7.0.0->qgridnext) (5.7.2)
2025-02-17T15:36:34.6502586Z Requirement already satisfied: jupyter-events>=0.9.0 in /home/runner/micromamba/envs/tardis/lib/python3.12/site-packages (from jupyter-server<3,>=2.4.0->notebook>=4.4.1->widgetsnbextension~=3.6.5->ipywidgets>=7.0.0->qgridnext) (0.10.0)
2025-02-17T15:36:34.6513556Z Requirement already satisfied: jupyter-server-terminals>=0.4.4 in /home/runner/micromamba/envs/tardis/lib/python3.12/site-packages (from jupyter-server<3,>=2.4.0->notebook>=4.4.1->widgetsnbextension~=3.6.5->ipywidgets>=7.0.0->qgridnext) (0.5.3)
2025-02-17T15:36:34.6530228Z Requirement already satisfied: nbconvert>=6.4.4 in /home/runner/micromamba/envs/tardis/lib/python3.12/site-packages (from jupyter-server<3,>=2.4.0->notebook>=4.4.1->widgetsnbextension~=3.6.5->ipywidgets>=7.0.0->qgridnext) (7.16.4)
2025-02-17T15:36:34.6540416Z Requirement already satisfied: nbformat>=5.3.0 in /home/runner/micromamba/envs/tardis/lib/python3.12/site-packages (from jupyter-server<3,>=2.4.0->notebook>=4.4.1->widgetsnbextension~=3.6.5->ipywidgets>=7.0.0->qgridnext) (5.10.4)
2025-02-17T15:36:34.6549522Z Requirement already satisfied: overrides>=5.0 in /home/runner/micromamba/envs/tardis/lib/python3.12/site-packages (from jupyter-server<3,>=2.4.0->notebook>=4.4.1->widgetsnbextension~=3.6.5->ipywidgets>=7.0.0->qgridnext) (7.7.0)
2025-02-17T15:36:34.6559227Z Requirement already satisfied: packaging>=22.0 in /home/runner/micromamba/envs/tardis/lib/python3.12/site-packages (from jupyter-server<3,>=2.4.0->notebook>=4.4.1->widgetsnbextension~=3.6.5->ipywidgets>=7.0.0->qgridnext) (24.1)
2025-02-17T15:36:34.6567651Z Requirement already satisfied: prometheus-client>=0.9 in /home/runner/micromamba/envs/tardis/lib/python3.12/site-packages (from jupyter-server<3,>=2.4.0->notebook>=4.4.1->widgetsnbextension~=3.6.5->ipywidgets>=7.0.0->qgridnext) (0.20.0)
2025-02-17T15:36:34.6578738Z Requirement already satisfied: pyzmq>=24 in /home/runner/micromamba/envs/tardis/lib/python3.12/site-packages (from jupyter-server<3,>=2.4.0->notebook>=4.4.1->widgetsnbextension~=3.6.5->ipywidgets>=7.0.0->qgridnext) (26.0.3)
2025-02-17T15:36:34.6588394Z Requirement already satisfied: send2trash>=1.8.2 in /home/runner/micromamba/envs/tardis/lib/python3.12/site-packages (from jupyter-server<3,>=2.4.0->notebook>=4.4.1->widgetsnbextension~=3.6.5->ipywidgets>=7.0.0->qgridnext) (1.8.3)
2025-02-17T15:36:34.6600442Z Requirement already satisfied: terminado>=0.8.3 in /home/runner/micromamba/envs/tardis/lib/python3.12/site-packages (from jupyter-server<3,>=2.4.0->notebook>=4.4.1->widgetsnbextension~=3.6.5->ipywidgets>=7.0.0->qgridnext) (0.18.1)
2025-02-17T15:36:34.6618146Z Requirement already satisfied: websocket-client>=1.7 in /home/runner/micromamba/envs/tardis/lib/python3.12/site-packages (from jupyter-server<3,>=2.4.0->notebook>=4.4.1->widgetsnbextension~=3.6.5->ipywidgets>=7.0.0->qgridnext) (1.8.0)
2025-02-17T15:36:34.6903529Z Requirement already satisfied: async-lru>=1.0.0 in /home/runner/micromamba/envs/tardis/lib/python3.12/site-packages (from jupyterlab<4.3,>=4.2.0->notebook>=4.4.1->widgetsnbextension~=3.6.5->ipywidgets>=7.0.0->qgridnext) (2.0.4)
2025-02-17T15:36:34.6915123Z Requirement already satisfied: httpx>=0.25.0 in /home/runner/micromamba/envs/tardis/lib/python3.12/site-packages (from jupyterlab<4.3,>=4.2.0->notebook>=4.4.1->widgetsnbextension~=3.6.5->ipywidgets>=7.0.0->qgridnext) (0.27.0)
2025-02-17T15:36:34.6926732Z Requirement already satisfied: ipykernel>=6.5.0 in /home/runner/micromamba/envs/tardis/lib/python3.12/site-packages (from jupyterlab<4.3,>=4.2.0->notebook>=4.4.1->widgetsnbextension~=3.6.5->ipywidgets>=7.0.0->qgridnext) (6.29.4)
2025-02-17T15:36:34.6940616Z Requirement already satisfied: jupyter-lsp>=2.0.0 in /home/runner/micromamba/envs/tardis/lib/python3.12/site-packages (from jupyterlab<4.3,>=4.2.0->notebook>=4.4.1->widgetsnbextension~=3.6.5->ipywidgets>=7.0.0->qgridnext) (2.2.5)
2025-02-17T15:36:34.6966201Z Requirement already satisfied: setuptools>=40.1.0 in /home/runner/micromamba/envs/tardis/lib/python3.12/site-packages (from jupyterlab<4.3,>=4.2.0->notebook>=4.4.1->widgetsnbextension~=3.6.5->ipywidgets>=7.0.0->qgridnext) (70.0.0)
2025-02-17T15:36:34.7157871Z Requirement already satisfied: babel>=2.10 in /home/runner/micromamba/envs/tardis/lib/python3.12/site-packages (from jupyterlab-server<3,>=2.27.1->notebook>=4.4.1->widgetsnbextension~=3.6.5->ipywidgets>=7.0.0->qgridnext) (2.14.0)
2025-02-17T15:36:34.7183612Z Requirement already satisfied: json5>=0.9.0 in /home/runner/micromamba/envs/tardis/lib/python3.12/site-packages (from jupyterlab-server<3,>=2.27.1->notebook>=4.4.1->widgetsnbextension~=3.6.5->ipywidgets>=7.0.0->qgridnext) (0.9.25)
2025-02-17T15:36:34.7194486Z Requirement already satisfied: jsonschema>=4.18.0 in /home/runner/micromamba/envs/tardis/lib/python3.12/site-packages (from jupyterlab-server<3,>=2.27.1->notebook>=4.4.1->widgetsnbextension~=3.6.5->ipywidgets>=7.0.0->qgridnext) (4.22.0)
2025-02-17T15:36:34.7212873Z Requirement already satisfied: requests>=2.31 in /home/runner/micromamba/envs/tardis/lib/python3.12/site-packages (from jupyterlab-server<3,>=2.27.1->notebook>=4.4.1->widgetsnbextension~=3.6.5->ipywidgets>=7.0.0->qgridnext) (2.32.3)
2025-02-17T15:36:34.7566407Z Requirement already satisfied: idna>=2.8 in /home/runner/micromamba/envs/tardis/lib/python3.12/site-packages (from anyio>=3.1.0->jupyter-server<3,>=2.4.0->notebook>=4.4.1->widgetsnbextension~=3.6.5->ipywidgets>=7.0.0->qgridnext) (3.7)
2025-02-17T15:36:34.7575295Z Requirement already satisfied: sniffio>=1.1 in /home/runner/micromamba/envs/tardis/lib/python3.12/site-packages (from anyio>=3.1.0->jupyter-server<3,>=2.4.0->notebook>=4.4.1->widgetsnbextension~=3.6.5->ipywidgets>=7.0.0->qgridnext) (1.3.1)
2025-02-17T15:36:34.7665597Z Requirement already satisfied: argon2-cffi-bindings in /home/runner/micromamba/envs/tardis/lib/python3.12/site-packages (from argon2-cffi>=21.1->jupyter-server<3,>=2.4.0->notebook>=4.4.1->widgetsnbextension~=3.6.5->ipywidgets>=7.0.0->qgridnext) (21.2.0)
2025-02-17T15:36:34.7836500Z Requirement already satisfied: certifi in /home/runner/micromamba/envs/tardis/lib/python3.12/site-packages (from httpx>=0.25.0->jupyterlab<4.3,>=4.2.0->notebook>=4.4.1->widgetsnbextension~=3.6.5->ipywidgets>=7.0.0->qgridnext) (2024.6.2)
2025-02-17T15:36:34.7851345Z Requirement already satisfied: httpcore==1.* in /home/runner/micromamba/envs/tardis/lib/python3.12/site-packages (from httpx>=0.25.0->jupyterlab<4.3,>=4.2.0->notebook>=4.4.1->widgetsnbextension~=3.6.5->ipywidgets>=7.0.0->qgridnext) (1.0.5)
2025-02-17T15:36:34.7929252Z Requirement already satisfied: h11<0.15,>=0.13 in /home/runner/micromamba/envs/tardis/lib/python3.12/site-packages (from httpcore==1.*->httpx>=0.25.0->jupyterlab<4.3,>=4.2.0->notebook>=4.4.1->widgetsnbextension~=3.6.5->ipywidgets>=7.0.0->qgridnext) (0.14.0)
2025-02-17T15:36:34.8116577Z Requirement already satisfied: debugpy>=1.6.5 in /home/runner/micromamba/envs/tardis/lib/python3.12/site-packages (from ipykernel>=6.5.0->jupyterlab<4.3,>=4.2.0->notebook>=4.4.1->widgetsnbextension~=3.6.5->ipywidgets>=7.0.0->qgridnext) (1.8.1)
2025-02-17T15:36:34.8137220Z Requirement already satisfied: nest-asyncio in /home/runner/micromamba/envs/tardis/lib/python3.12/site-packages (from ipykernel>=6.5.0->jupyterlab<4.3,>=4.2.0->notebook>=4.4.1->widgetsnbextension~=3.6.5->ipywidgets>=7.0.0->qgridnext) (1.6.0)
2025-02-17T15:36:34.8151822Z Requirement already satisfied: psutil in /home/runner/micromamba/envs/tardis/lib/python3.12/site-packages (from ipykernel>=6.5.0->jupyterlab<4.3,>=4.2.0->notebook>=4.4.1->widgetsnbextension~=3.6.5->ipywidgets>=7.0.0->qgridnext) (5.9.8)
2025-02-17T15:36:34.8213935Z Requirement already satisfied: MarkupSafe>=2.0 in /home/runner/micromamba/envs/tardis/lib/python3.12/site-packages (from jinja2>=3.0.3->jupyter-server<3,>=2.4.0->notebook>=4.4.1->widgetsnbextension~=3.6.5->ipywidgets>=7.0.0->qgridnext) (2.1.5)
2025-02-17T15:36:34.8407102Z Requirement already satisfied: attrs>=22.2.0 in /home/runner/micromamba/envs/tardis/lib/python3.12/site-packages (from jsonschema>=4.18.0->jupyterlab-server<3,>=2.27.1->notebook>=4.4.1->widgetsnbextension~=3.6.5->ipywidgets>=7.0.0->qgridnext) (23.2.0)
2025-02-17T15:36:34.8416657Z Requirement already satisfied: jsonschema-specifications>=2023.03.6 in /home/runner/micromamba/envs/tardis/lib/python3.12/site-packages (from jsonschema>=4.18.0->jupyterlab-server<3,>=2.27.1->notebook>=4.4.1->widgetsnbextension~=3.6.5->ipywidgets>=7.0.0->qgridnext) (2023.12.1)
2025-02-17T15:36:34.8425010Z Requirement already satisfied: referencing>=0.28.4 in /home/runner/micromamba/envs/tardis/lib/python3.12/site-packages (from jsonschema>=4.18.0->jupyterlab-server<3,>=2.27.1->notebook>=4.4.1->widgetsnbextension~=3.6.5->ipywidgets>=7.0.0->qgridnext) (0.35.1)
2025-02-17T15:36:34.8433967Z Requirement already satisfied: rpds-py>=0.7.1 in /home/runner/micromamba/envs/tardis/lib/python3.12/site-packages (from jsonschema>=4.18.0->jupyterlab-server<3,>=2.27.1->notebook>=4.4.1->widgetsnbextension~=3.6.5->ipywidgets>=7.0.0->qgridnext) (0.18.1)
2025-02-17T15:36:34.8697373Z Requirement already satisfied: platformdirs>=2.5 in /home/runner/micromamba/envs/tardis/lib/python3.12/site-packages (from jupyter-core!=5.0.*,>=4.12->jupyter-server<3,>=2.4.0->notebook>=4.4.1->widgetsnbextension~=3.6.5->ipywidgets>=7.0.0->qgridnext) (4.2.2)
2025-02-17T15:36:34.8846676Z Requirement already satisfied: python-json-logger>=2.0.4 in /home/runner/micromamba/envs/tardis/lib/python3.12/site-packages (from jupyter-events>=0.9.0->jupyter-server<3,>=2.4.0->notebook>=4.4.1->widgetsnbextension~=3.6.5->ipywidgets>=7.0.0->qgridnext) (2.0.7)
2025-02-17T15:36:34.8855691Z Requirement already satisfied: pyyaml>=5.3 in /home/runner/micromamba/envs/tardis/lib/python3.12/site-packages (from jupyter-events>=0.9.0->jupyter-server<3,>=2.4.0->notebook>=4.4.1->widgetsnbextension~=3.6.5->ipywidgets>=7.0.0->qgridnext) (6.0.1)
2025-02-17T15:36:34.8867342Z Requirement already satisfied: rfc3339-validator in /home/runner/micromamba/envs/tardis/lib/python3.12/site-packages (from jupyter-events>=0.9.0->jupyter-server<3,>=2.4.0->notebook>=4.4.1->widgetsnbextension~=3.6.5->ipywidgets>=7.0.0->qgridnext) (0.1.4)
2025-02-17T15:36:34.8876736Z Requirement already satisfied: rfc3986-validator>=0.1.1 in /home/runner/micromamba/envs/tardis/lib/python3.12/site-packages (from jupyter-events>=0.9.0->jupyter-server<3,>=2.4.0->notebook>=4.4.1->widgetsnbextension~=3.6.5->ipywidgets>=7.0.0->qgridnext) (0.1.1)
2025-02-17T15:36:34.9304092Z Requirement already satisfied: beautifulsoup4 in /home/runner/micromamba/envs/tardis/lib/python3.12/site-packages (from nbconvert>=6.4.4->jupyter-server<3,>=2.4.0->notebook>=4.4.1->widgetsnbextension~=3.6.5->ipywidgets>=7.0.0->qgridnext) (4.12.3)
2025-02-17T15:36:34.9323965Z Requirement already satisfied: bleach!=5.0.0 in /home/runner/micromamba/envs/tardis/lib/python3.12/site-packages (from nbconvert>=6.4.4->jupyter-server<3,>=2.4.0->notebook>=4.4.1->widgetsnbextension~=3.6.5->ipywidgets>=7.0.0->qgridnext) (6.1.0)
2025-02-17T15:36:34.9338978Z Requirement already satisfied: defusedxml in /home/runner/micromamba/envs/tardis/lib/python3.12/site-packages (from nbconvert>=6.4.4->jupyter-server<3,>=2.4.0->notebook>=4.4.1->widgetsnbextension~=3.6.5->ipywidgets>=7.0.0->qgridnext) (0.7.1)
2025-02-17T15:36:34.9356862Z Requirement already satisfied: jupyterlab-pygments in /home/runner/micromamba/envs/tardis/lib/python3.12/site-packages (from nbconvert>=6.4.4->jupyter-server<3,>=2.4.0->notebook>=4.4.1->widgetsnbextension~=3.6.5->ipywidgets>=7.0.0->qgridnext) (0.3.0)
2025-02-17T15:36:34.9369602Z Requirement already satisfied: mistune<4,>=2.0.3 in /home/runner/micromamba/envs/tardis/lib/python3.12/site-packages (from nbconvert>=6.4.4->jupyter-server<3,>=2.4.0->notebook>=4.4.1->widgetsnbextension~=3.6.5->ipywidgets>=7.0.0->qgridnext) (3.0.2)
2025-02-17T15:36:34.9382805Z Requirement already satisfied: nbclient>=0.5.0 in /home/runner/micromamba/envs/tardis/lib/python3.12/site-packages (from nbconvert>=6.4.4->jupyter-server<3,>=2.4.0->notebook>=4.4.1->widgetsnbextension~=3.6.5->ipywidgets>=7.0.0->qgridnext) (0.10.0)
2025-02-17T15:36:34.9400493Z Requirement already satisfied: pandocfilters>=1.4.1 in /home/runner/micromamba/envs/tardis/lib/python3.12/site-packages (from nbconvert>=6.4.4->jupyter-server<3,>=2.4.0->notebook>=4.4.1->widgetsnbextension~=3.6.5->ipywidgets>=7.0.0->qgridnext) (1.5.0)
2025-02-17T15:36:34.9410924Z Requirement already satisfied: tinycss2 in /home/runner/micromamba/envs/tardis/lib/python3.12/site-packages (from nbconvert>=6.4.4->jupyter-server<3,>=2.4.0->notebook>=4.4.1->widgetsnbextension~=3.6.5->ipywidgets>=7.0.0->qgridnext) (1.3.0)
2025-02-17T15:36:34.9526547Z Requirement already satisfied: fastjsonschema>=2.15 in /home/runner/micromamba/envs/tardis/lib/python3.12/site-packages (from nbformat>=5.3.0->jupyter-server<3,>=2.4.0->notebook>=4.4.1->widgetsnbextension~=3.6.5->ipywidgets>=7.0.0->qgridnext) (2.20.0)
2025-02-17T15:36:34.9825838Z Requirement already satisfied: charset-normalizer<4,>=2 in /home/runner/micromamba/envs/tardis/lib/python3.12/site-packages (from requests>=2.31->jupyterlab-server<3,>=2.27.1->notebook>=4.4.1->widgetsnbextension~=3.6.5->ipywidgets>=7.0.0->qgridnext) (3.3.2)
2025-02-17T15:36:34.9839461Z Requirement already satisfied: urllib3<3,>=1.21.1 in /home/runner/micromamba/envs/tardis/lib/python3.12/site-packages (from requests>=2.31->jupyterlab-server<3,>=2.27.1->notebook>=4.4.1->widgetsnbextension~=3.6.5->ipywidgets>=7.0.0->qgridnext) (2.2.2)
2025-02-17T15:36:35.0615747Z Requirement already satisfied: webencodings in /home/runner/micromamba/envs/tardis/lib/python3.12/site-packages (from bleach!=5.0.0->nbconvert>=6.4.4->jupyter-server<3,>=2.4.0->notebook>=4.4.1->widgetsnbextension~=3.6.5->ipywidgets>=7.0.0->qgridnext) (0.5.1)
2025-02-17T15:36:35.1182107Z Requirement already satisfied: fqdn in /home/runner/micromamba/envs/tardis/lib/python3.12/site-packages (from jsonschema[format-nongpl]>=4.18.0->jupyter-events>=0.9.0->jupyter-server<3,>=2.4.0->notebook>=4.4.1->widgetsnbextension~=3.6.5->ipywidgets>=7.0.0->qgridnext) (1.5.1)
2025-02-17T15:36:35.1200866Z Requirement already satisfied: isoduration in /home/runner/micromamba/envs/tardis/lib/python3.12/site-packages (from jsonschema[format-nongpl]>=4.18.0->jupyter-events>=0.9.0->jupyter-server<3,>=2.4.0->notebook>=4.4.1->widgetsnbextension~=3.6.5->ipywidgets>=7.0.0->qgridnext) (20.11.0)
2025-02-17T15:36:35.1215376Z Requirement already satisfied: jsonpointer>1.13 in /home/runner/micromamba/envs/tardis/lib/python3.12/site-packages (from jsonschema[format-nongpl]>=4.18.0->jupyter-events>=0.9.0->jupyter-server<3,>=2.4.0->notebook>=4.4.1->widgetsnbextension~=3.6.5->ipywidgets>=7.0.0->qgridnext) (3.0.0)
2025-02-17T15:36:35.1233115Z Requirement already satisfied: uri-template in /home/runner/micromamba/envs/tardis/lib/python3.12/site-packages (from jsonschema[format-nongpl]>=4.18.0->jupyter-events>=0.9.0->jupyter-server<3,>=2.4.0->notebook>=4.4.1->widgetsnbextension~=3.6.5->ipywidgets>=7.0.0->qgridnext) (1.3.0)
2025-02-17T15:36:35.1248101Z Requirement already satisfied: webcolors>=1.11 in /home/runner/micromamba/envs/tardis/lib/python3.12/site-packages (from jsonschema[format-nongpl]>=4.18.0->jupyter-events>=0.9.0->jupyter-server<3,>=2.4.0->notebook>=4.4.1->widgetsnbextension~=3.6.5->ipywidgets>=7.0.0->qgridnext) (24.6.0)
2025-02-17T15:36:35.2262865Z Requirement already satisfied: cffi>=1.0.1 in /home/runner/micromamba/envs/tardis/lib/python3.12/site-packages (from argon2-cffi-bindings->argon2-cffi>=21.1->jupyter-server<3,>=2.4.0->notebook>=4.4.1->widgetsnbextension~=3.6.5->ipywidgets>=7.0.0->qgridnext) (1.16.0)
2025-02-17T15:36:35.2362171Z Requirement already satisfied: soupsieve>1.2 in /home/runner/micromamba/envs/tardis/lib/python3.12/site-packages (from beautifulsoup4->nbconvert>=6.4.4->jupyter-server<3,>=2.4.0->notebook>=4.4.1->widgetsnbextension~=3.6.5->ipywidgets>=7.0.0->qgridnext) (2.5)
2025-02-17T15:36:35.2880060Z Requirement already satisfied: pycparser in /home/runner/micromamba/envs/tardis/lib/python3.12/site-packages (from cffi>=1.0.1->argon2-cffi-bindings->argon2-cffi>=21.1->jupyter-server<3,>=2.4.0->notebook>=4.4.1->widgetsnbextension~=3.6.5->ipywidgets>=7.0.0->qgridnext) (2.22)
2025-02-17T15:36:35.3378165Z Requirement already satisfied: arrow>=0.15.0 in /home/runner/micromamba/envs/tardis/lib/python3.12/site-packages (from isoduration->jsonschema[format-nongpl]>=4.18.0->jupyter-events>=0.9.0->jupyter-server<3,>=2.4.0->notebook>=4.4.1->widgetsnbextension~=3.6.5->ipywidgets>=7.0.0->qgridnext) (1.3.0)
2025-02-17T15:36:35.3675541Z Requirement already satisfied: types-python-dateutil>=2.8.10 in /home/runner/micromamba/envs/tardis/lib/python3.12/site-packages (from arrow>=0.15.0->isoduration->jsonschema[format-nongpl]>=4.18.0->jupyter-events>=0.9.0->jupyter-server<3,>=2.4.0->notebook>=4.4.1->widgetsnbextension~=3.6.5->ipywidgets>=7.0.0->qgridnext) (2.9.0.20240316)
2025-02-17T15:36:35.4011305Z Downloading qgridnext-2.0.4-py3-none-any.whl (1.3 MB)
2025-02-17T15:36:35.4615512Z    â”â”â”â”â”â”â”â”â”â”â”â”â”â”â”â”â”â”â”â”â”â”â”â”â”â”â”â”â”â”â”â”â”â”â”â”â”â”â”â” 1.3/1.3 MB 21.7 MB/s eta 0:00:00
2025-02-17T15:36:36.2596169Z Installing collected packages: qgridnext
2025-02-17T15:36:36.3336460Z Successfully installed qgridnext-2.0.4
2025-02-17T15:36:36.5065169Z ##[group]Run pytest tardis --tardis-regression-data=/home/runner/work/tardis/tardis/tardis-regression-data --cov=tardis --cov-report=xml --cov-report=html --cov-append -m " continuum"
2025-02-17T15:36:36.5066462Z [36;1mpytest tardis --tardis-regression-data=/home/runner/work/tardis/tardis/tardis-regression-data --cov=tardis --cov-report=xml --cov-report=html --cov-append -m " continuum"[0m
2025-02-17T15:36:36.5120753Z shell: /usr/bin/bash -l {0}
2025-02-17T15:36:36.5120993Z env:
2025-02-17T15:36:36.5121222Z   CACHE_NUMBER: 0
2025-02-17T15:36:36.5121837Z   PYTEST_FLAGS: --tardis-regression-data=/home/runner/work/tardis/tardis/tardis-regression-data --cov=tardis --cov-report=xml --cov-report=html --cov-append
2025-02-17T15:36:36.5122798Z   CODECOV_TOKEN: ***
2025-02-17T15:36:36.5123046Z   MAMBA_ROOT_PREFIX: /home/runner/micromamba
2025-02-17T15:36:36.5123352Z   MAMBA_EXE: /home/runner/micromamba-bin/micromamba
2025-02-17T15:36:36.5123737Z   CONDARC: /home/runner/work/_temp/setup-micromamba/.condarc
2025-02-17T15:36:36.5124049Z ##[endgroup]
2025-02-17T15:36:45.2886352Z ============================= test session starts ==============================
2025-02-17T15:36:45.2887197Z platform linux -- Python 3.12.4, pytest-8.2.2, pluggy-1.5.0
2025-02-17T15:36:45.2887695Z rootdir: /home/runner/work/tardis/tardis
2025-02-17T15:36:45.2888081Z configfile: pyproject.toml
2025-02-17T15:36:45.2888566Z plugins: metadata-3.1.1, anyio-4.4.0, doctestplus-1.2.1, cov-5.0.0, html-4.1.1
2025-02-17T15:36:45.2889123Z collected 1796 items / 1794 deselected / 2 selected
2025-02-17T15:36:45.2889408Z 
2025-02-17T15:38:31.8432245Z tardis/transport/montecarlo/estimators/tests/test_continuum_property_solver.py . [ 50%]
2025-02-17T15:38:31.8433860Z                                                                          [ 50%]
2025-02-17T15:39:05.1280225Z tardis/transport/montecarlo/tests/test_continuum.py .                    [100%]
2025-02-17T15:39:05.1280654Z 
2025-02-17T15:39:05.1280846Z =============================== warnings summary ===============================
2025-02-17T15:39:05.1281260Z tardis/io/configuration/config_validator.py:6
2025-02-17T15:39:05.1281640Z tardis/io/configuration/config_validator.py:6
2025-02-17T15:39:05.1282242Z   /home/runner/work/tardis/tardis/tardis/io/configuration/config_validator.py:6: DeprecationWarning:
2025-02-17T15:39:05.1282814Z   
2025-02-17T15:39:05.1284321Z   jsonschema.RefResolver is deprecated as of v4.18.0, in favor of the https://github.com/python-jsonschema/referencing library, which provides more compliant referencing behavior as well as more flexible APIs for customization. A future release will remove RefResolver. Please file a feature request (on referencing) if you are missing an API for the kind of customization you need.
2025-02-17T15:39:05.1285896Z 
2025-02-17T15:39:05.1286158Z ../../../micromamba/envs/tardis/lib/python3.12/site-packages/jupyter_client/connect.py:22
2025-02-17T15:39:05.1287247Z   /home/runner/micromamba/envs/tardis/lib/python3.12/site-packages/jupyter_client/connect.py:22: DeprecationWarning:
2025-02-17T15:39:05.1288101Z   
2025-02-17T15:39:05.1288434Z   Jupyter is migrating its paths to use standard platformdirs
2025-02-17T15:39:05.1288849Z   given by the platformdirs library.  To remove this warning and
2025-02-17T15:39:05.1289283Z   see the appropriate new directories, set the environment variable
2025-02-17T15:39:05.1289707Z   `JUPYTER_PLATFORM_DIRS=1` and then run `jupyter --paths`.
2025-02-17T15:39:05.1290113Z   The use of platformdirs will be the default in `jupyter_core` v6
2025-02-17T15:39:05.1290362Z 
2025-02-17T15:39:05.1297244Z tardis/transport/montecarlo/estimators/tests/test_continuum_property_solver.py::test_continuum_estimators
2025-02-17T15:39:05.1298094Z   /home/runner/work/tardis/tardis/tardis/transport/montecarlo/montecarlo_main_loop.py:123: NumbaTypeSafetyWarning:
2025-02-17T15:39:05.1298628Z   
2025-02-17T15:39:05.1299162Z   [1m[1m[1munsafe cast from uint64 to int64. Precision may be lost.[0m[0m[0m
2025-02-17T15:39:05.1299709Z 
2025-02-17T15:39:05.1299930Z -- Docs: https://docs.pytest.org/en/stable/how-to/capture-warnings.html
2025-02-17T15:39:05.1300215Z 
2025-02-17T15:39:05.1300393Z ---------- coverage: platform linux, python 3.12.4-final-0 -----------
2025-02-17T15:39:05.1300769Z Coverage HTML written to dir coverage_html_report
2025-02-17T15:39:05.1301100Z Coverage XML written to file coverage.xml
2025-02-17T15:39:05.1301285Z 
2025-02-17T15:39:05.1301450Z ========== 2 passed, 1794 deselected, 4 warnings in 141.43s (0:02:21) ==========
2025-02-17T15:39:06.1524056Z ##[group]Run pytest tardis --tardis-regression-data=/home/runner/work/tardis/tardis/tardis-regression-data --cov=tardis --cov-report=xml --cov-report=html --cov-append --generate-reference -m " continuum"
2025-02-17T15:39:06.1525492Z [36;1mpytest tardis --tardis-regression-data=/home/runner/work/tardis/tardis/tardis-regression-data --cov=tardis --cov-report=xml --cov-report=html --cov-append --generate-reference -m " continuum"[0m
2025-02-17T15:39:06.1585082Z shell: /usr/bin/bash -l {0}
2025-02-17T15:39:06.1585330Z env:
2025-02-17T15:39:06.1585508Z   CACHE_NUMBER: 0
2025-02-17T15:39:06.1586128Z   PYTEST_FLAGS: --tardis-regression-data=/home/runner/work/tardis/tardis/tardis-regression-data --cov=tardis --cov-report=xml --cov-report=html --cov-append
2025-02-17T15:39:06.1587114Z   CODECOV_TOKEN: ***
2025-02-17T15:39:06.1587374Z   MAMBA_ROOT_PREFIX: /home/runner/micromamba
2025-02-17T15:39:06.1587688Z   MAMBA_EXE: /home/runner/micromamba-bin/micromamba
2025-02-17T15:39:06.1588082Z   CONDARC: /home/runner/work/_temp/setup-micromamba/.condarc
2025-02-17T15:39:06.1588400Z ##[endgroup]
2025-02-17T15:39:13.4739756Z ============================= test session starts ==============================
2025-02-17T15:39:13.4740554Z platform linux -- Python 3.12.4, pytest-8.2.2, pluggy-1.5.0
2025-02-17T15:39:13.4741166Z rootdir: /home/runner/work/tardis/tardis
2025-02-17T15:39:13.4741680Z configfile: pyproject.toml
2025-02-17T15:39:13.4742260Z plugins: metadata-3.1.1, anyio-4.4.0, doctestplus-1.2.1, cov-5.0.0, html-4.1.1
2025-02-17T15:39:13.4742958Z collected 1796 items / 1794 deselected / 2 selected
2025-02-17T15:39:13.4743313Z 
2025-02-17T15:41:00.3375189Z tardis/transport/montecarlo/estimators/tests/test_continuum_property_solver.py . [ 50%]
2025-02-17T15:41:00.3377351Z                                                                          [ 50%]
2025-02-17T15:41:32.8416430Z tardis/transport/montecarlo/tests/test_continuum.py s                    [100%]
2025-02-17T15:41:32.8417181Z 
2025-02-17T15:41:32.8417425Z =============================== warnings summary ===============================
2025-02-17T15:41:32.8418015Z tardis/io/configuration/config_validator.py:6
2025-02-17T15:41:32.8418921Z tardis/io/configuration/config_validator.py:6
2025-02-17T15:41:32.8419831Z   /home/runner/work/tardis/tardis/tardis/io/configuration/config_validator.py:6: DeprecationWarning:
2025-02-17T15:41:32.8420672Z   
2025-02-17T15:41:32.8423181Z   jsonschema.RefResolver is deprecated as of v4.18.0, in favor of the https://github.com/python-jsonschema/referencing library, which provides more compliant referencing behavior as well as more flexible APIs for customization. A future release will remove RefResolver. Please file a feature request (on referencing) if you are missing an API for the kind of customization you need.
2025-02-17T15:41:32.8425317Z 
2025-02-17T15:41:32.8425754Z ../../../micromamba/envs/tardis/lib/python3.12/site-packages/jupyter_client/connect.py:22
2025-02-17T15:41:32.8426831Z   /home/runner/micromamba/envs/tardis/lib/python3.12/site-packages/jupyter_client/connect.py:22: DeprecationWarning:
2025-02-17T15:41:32.8427812Z   
2025-02-17T15:41:32.8428196Z   Jupyter is migrating its paths to use standard platformdirs
2025-02-17T15:41:32.8428810Z   given by the platformdirs library.  To remove this warning and
2025-02-17T15:41:32.8429507Z   see the appropriate new directories, set the environment variable
2025-02-17T15:41:32.8430205Z   `JUPYTER_PLATFORM_DIRS=1` and then run `jupyter --paths`.
2025-02-17T15:41:32.8430873Z   The use of platformdirs will be the default in `jupyter_core` v6
2025-02-17T15:41:32.8431289Z 
2025-02-17T15:41:32.8431903Z tardis/transport/montecarlo/estimators/tests/test_continuum_property_solver.py::test_continuum_estimators
2025-02-17T15:41:32.8433226Z   /home/runner/work/tardis/tardis/tardis/transport/montecarlo/montecarlo_main_loop.py:123: NumbaTypeSafetyWarning:
2025-02-17T15:41:32.8434093Z   
2025-02-17T15:41:32.8435166Z   [1m[1m[1munsafe cast from uint64 to int64. Precision may be lost.[0m[0m[0m
2025-02-17T15:41:32.8435625Z 
2025-02-17T15:41:32.8436006Z tardis/transport/montecarlo/tests/test_continuum.py::test_montecarlo_continuum
2025-02-17T15:41:32.8436829Z tardis/transport/montecarlo/tests/test_continuum.py::test_montecarlo_continuum
2025-02-17T15:41:32.8437854Z   /home/runner/work/tardis/tardis/tardis/io/util.py:289: PerformanceWarning:
2025-02-17T15:41:32.8438426Z   
2025-02-17T15:41:32.8438664Z   
2025-02-17T15:41:32.8439114Z   your performance may suffer as PyTables will pickle object types that it cannot
2025-02-17T15:41:32.8439991Z   map directly to c-types [inferred_type->mixed,key->block0_values] [items->Index([0], dtype='int64')]
2025-02-17T15:41:32.8440501Z 
2025-02-17T15:41:32.8440846Z tardis/transport/montecarlo/tests/test_continuum.py::test_montecarlo_continuum
2025-02-17T15:41:32.8441677Z tardis/transport/montecarlo/tests/test_continuum.py::test_montecarlo_continuum
2025-02-17T15:41:32.8442497Z tardis/transport/montecarlo/tests/test_continuum.py::test_montecarlo_continuum
2025-02-17T15:41:32.8443296Z tardis/transport/montecarlo/tests/test_continuum.py::test_montecarlo_continuum
2025-02-17T15:41:32.8444059Z   /home/runner/work/tardis/tardis/tardis/io/util.py:276: PerformanceWarning:
2025-02-17T15:41:32.8444613Z   
2025-02-17T15:41:32.8444855Z   
2025-02-17T15:41:32.8445309Z   your performance may suffer as PyTables will pickle object types that it cannot
2025-02-17T15:41:32.8446141Z   map directly to c-types [inferred_type->mixed,key->block0_values] [items->Index([0], dtype='int64')]
2025-02-17T15:41:32.8446670Z 
2025-02-17T15:41:32.8447178Z tardis/transport/montecarlo/tests/test_continuum.py::test_montecarlo_continuum
2025-02-17T15:41:32.8447964Z   /home/runner/work/tardis/tardis/tardis/io/util.py:280: PerformanceWarning:
2025-02-17T15:41:32.8448509Z   
2025-02-17T15:41:32.8448746Z   
2025-02-17T15:41:32.8449187Z   your performance may suffer as PyTables will pickle object types that it cannot
2025-02-17T15:41:32.8449973Z   map directly to c-types [inferred_type->mixed-integer,key->axis1_level0] [items->None]
2025-02-17T15:41:32.8450446Z 
2025-02-17T15:41:32.8450804Z tardis/transport/montecarlo/tests/test_continuum.py::test_montecarlo_continuum
2025-02-17T15:41:32.8451787Z   /home/runner/work/tardis/tardis/tardis/io/util.py:280: PerformanceWarning:
2025-02-17T15:41:32.8452327Z   
2025-02-17T15:41:32.8452564Z   
2025-02-17T15:41:32.8453012Z   your performance may suffer as PyTables will pickle object types that it cannot
2025-02-17T15:41:32.8453811Z   map directly to c-types [inferred_type->mixed-integer,key->axis1_level1] [items->None]
2025-02-17T15:41:32.8454294Z 
2025-02-17T15:41:32.8454636Z tardis/transport/montecarlo/tests/test_continuum.py::test_montecarlo_continuum
2025-02-17T15:41:32.8455582Z   /home/runner/work/tardis/tardis/tardis/io/util.py:280: PerformanceWarning:
2025-02-17T15:41:32.8456141Z   
2025-02-17T15:41:32.8456371Z   
2025-02-17T15:41:32.8456814Z   your performance may suffer as PyTables will pickle object types that it cannot
2025-02-17T15:41:32.8457733Z   map directly to c-types [inferred_type->mixed-integer,key->axis1] [items->None]
2025-02-17T15:41:32.8458198Z 
2025-02-17T15:41:32.8458544Z tardis/transport/montecarlo/tests/test_continuum.py::test_montecarlo_continuum
2025-02-17T15:41:32.8459334Z   /home/runner/work/tardis/tardis/tardis/io/util.py:269: PerformanceWarning:
2025-02-17T15:41:32.8459884Z   
2025-02-17T15:41:32.8460120Z   
2025-02-17T15:41:32.8460549Z   your performance may suffer as PyTables will pickle object types that it cannot
2025-02-17T15:41:32.8461280Z   map directly to c-types [inferred_type->mixed-integer,key->index] [items->None]
2025-02-17T15:41:32.8461703Z 
2025-02-17T15:41:32.8462041Z tardis/transport/montecarlo/tests/test_continuum.py::test_montecarlo_continuum
2025-02-17T15:41:32.8462837Z   /home/runner/work/tardis/tardis/tardis/io/util.py:280: PerformanceWarning:
2025-02-17T15:41:32.8463411Z   
2025-02-17T15:41:32.8463637Z   
2025-02-17T15:41:32.8464276Z   your performance may suffer as PyTables will pickle object types that it cannot
2025-02-17T15:41:32.8465056Z   map directly to c-types [inferred_type->mixed-integer,key->axis0] [items->None]
2025-02-17T15:41:32.8465502Z 
2025-02-17T15:41:32.8465863Z tardis/transport/montecarlo/tests/test_continuum.py::test_montecarlo_continuum
2025-02-17T15:41:32.8466639Z   /home/runner/work/tardis/tardis/tardis/io/util.py:280: PerformanceWarning:
2025-02-17T15:41:32.8467377Z   
2025-02-17T15:41:32.8467613Z   
2025-02-17T15:41:32.8468051Z   your performance may suffer as PyTables will pickle object types that it cannot
2025-02-17T15:41:32.8468817Z   map directly to c-types [inferred_type->integer,key->block1_items] [items->None]
2025-02-17T15:41:32.8469279Z 
2025-02-17T15:41:32.8469627Z tardis/transport/montecarlo/tests/test_continuum.py::test_montecarlo_continuum
2025-02-17T15:41:32.8470393Z   /home/runner/work/tardis/tardis/tardis/io/util.py:280: PerformanceWarning:
2025-02-17T15:41:32.8470959Z   
2025-02-17T15:41:32.8471194Z   
2025-02-17T15:41:32.8471649Z   your performance may suffer as PyTables will pickle object types that it cannot
2025-02-17T15:41:32.8472410Z   map directly to c-types [inferred_type->integer,key->block0_items] [items->None]
2025-02-17T15:41:32.8472862Z 
2025-02-17T15:41:32.8473194Z tardis/transport/montecarlo/tests/test_continuum.py::test_montecarlo_continuum
2025-02-17T15:41:32.8473971Z   /home/runner/work/tardis/tardis/tardis/io/util.py:280: PerformanceWarning:
2025-02-17T15:41:32.8474535Z   
2025-02-17T15:41:32.8474765Z   
2025-02-17T15:41:32.8475201Z   your performance may suffer as PyTables will pickle object types that it cannot
2025-02-17T15:41:32.8475921Z   map directly to c-types [inferred_type->integer,key->axis0] [items->None]
2025-02-17T15:41:32.8482032Z 
2025-02-17T15:41:32.8482342Z tardis/transport/montecarlo/tests/test_continuum.py::test_montecarlo_continuum
2025-02-17T15:41:32.8483094Z   /home/runner/work/tardis/tardis/tardis/io/util.py:292: PerformanceWarning:
2025-02-17T15:41:32.8483554Z   
2025-02-17T15:41:32.8483724Z   
2025-02-17T15:41:32.8484044Z   your performance may suffer as PyTables will pickle object types that it cannot
2025-02-17T15:41:32.8484653Z   map directly to c-types [inferred_type->mixed-integer,key->values] [items->None]
2025-02-17T15:41:32.8485283Z 
2025-02-17T15:41:32.8485535Z tardis/transport/montecarlo/tests/test_continuum.py::test_montecarlo_continuum
2025-02-17T15:41:32.8486142Z   /home/runner/work/tardis/tardis/tardis/spectrum/base.py:70: UserWarning:
2025-02-17T15:41:32.8486505Z   
2025-02-17T15:41:32.8487300Z   SpectrumSolver.spectrum_virtual_packets is zero. Please run the montecarlo simulation with no_of_virtual_packets > 0
2025-02-17T15:41:32.8487843Z 
2025-02-17T15:41:32.8488167Z tardis/transport/montecarlo/tests/test_continuum.py::test_montecarlo_continuum
2025-02-17T15:41:32.8488796Z   /home/runner/work/tardis/tardis/tardis/spectrum/base.py:94: UserWarning:
2025-02-17T15:41:32.8489152Z   
2025-02-17T15:41:32.8489900Z   The FormalIntegrator is not yet implemented for the full relativity mode or continuum processes. Please run with config option enable_full_relativity: False and continuum_processes_enabled: False This RETURNS AN EMPTY SPECTRUM!
2025-02-17T15:41:32.8490650Z 
2025-02-17T15:41:32.8490858Z -- Docs: https://docs.pytest.org/en/stable/how-to/capture-warnings.html
2025-02-17T15:41:32.8491164Z 
2025-02-17T15:41:32.8491338Z ---------- coverage: platform linux, python 3.12.4-final-0 -----------
2025-02-17T15:41:32.8491717Z Coverage HTML written to dir coverage_html_report
2025-02-17T15:41:32.8492022Z Coverage XML written to file coverage.xml
2025-02-17T15:41:32.8492208Z 
2025-02-17T15:41:32.8492392Z ==== 1 passed, 1 skipped, 1794 deselected, 21 warnings in 140.48s (0:02:20) ====
2025-02-17T15:41:33.9319785Z ##[group]Run mv .coverage .coverage.3
2025-02-17T15:41:33.9320305Z [36;1mmv .coverage .coverage.3[0m
2025-02-17T15:41:33.9383439Z shell: /usr/bin/bash -l {0}
2025-02-17T15:41:33.9383699Z env:
2025-02-17T15:41:33.9383881Z   CACHE_NUMBER: 0
2025-02-17T15:41:33.9384503Z   PYTEST_FLAGS: --tardis-regression-data=/home/runner/work/tardis/tardis/tardis-regression-data --cov=tardis --cov-report=xml --cov-report=html --cov-append
2025-02-17T15:41:33.9385327Z   CODECOV_TOKEN: ***
2025-02-17T15:41:33.9385585Z   MAMBA_ROOT_PREFIX: /home/runner/micromamba
2025-02-17T15:41:33.9385895Z   MAMBA_EXE: /home/runner/micromamba-bin/micromamba
2025-02-17T15:41:33.9386258Z   CONDARC: /home/runner/work/_temp/setup-micromamba/.condarc
2025-02-17T15:41:33.9386582Z ##[endgroup]
2025-02-17T15:41:34.0557533Z ##[group]Run actions/upload-artifact@v4
2025-02-17T15:41:34.0557852Z with:
2025-02-17T15:41:34.0558074Z   name: coverage--continuum-ubuntu-latest
2025-02-17T15:41:34.0558368Z   include-hidden-files: true
2025-02-17T15:41:34.0558618Z   path: .coverage*
!.coveragerc

2025-02-17T15:41:34.0558864Z   if-no-files-found: warn
2025-02-17T15:41:34.0559090Z   compression-level: 6
2025-02-17T15:41:34.0559303Z   overwrite: false
2025-02-17T15:41:34.0559501Z env:
2025-02-17T15:41:34.0559673Z   CACHE_NUMBER: 0
2025-02-17T15:41:34.0560293Z   PYTEST_FLAGS: --tardis-regression-data=/home/runner/work/tardis/tardis/tardis-regression-data --cov=tardis --cov-report=xml --cov-report=html --cov-append
2025-02-17T15:41:34.0561132Z   CODECOV_TOKEN: ***
2025-02-17T15:41:34.0561369Z   MAMBA_ROOT_PREFIX: /home/runner/micromamba
2025-02-17T15:41:34.0561683Z   MAMBA_EXE: /home/runner/micromamba-bin/micromamba
2025-02-17T15:41:34.0562048Z   CONDARC: /home/runner/work/_temp/setup-micromamba/.condarc
2025-02-17T15:41:34.0562381Z ##[endgroup]
2025-02-17T15:41:34.2888146Z With the provided path, there will be 1 file uploaded
2025-02-17T15:41:34.2893723Z Artifact name is valid!
2025-02-17T15:41:34.2895012Z Root directory input is valid!
2025-02-17T15:41:34.3749671Z Beginning upload of artifact content to blob storage
2025-02-17T15:41:34.4521267Z Uploaded bytes 18842
2025-02-17T15:41:34.4743344Z Finished uploading artifact content to blob storage!
2025-02-17T15:41:34.4747794Z SHA256 hash of uploaded artifact zip is 38c2524885b3565fb9d396dc999a9314d792a88ad736bbc9d3f0a71e9a96a738
2025-02-17T15:41:34.4749486Z Finalizing artifact upload
2025-02-17T15:41:34.5510018Z Artifact coverage--continuum-ubuntu-latest.zip successfully finalized. Artifact ID 2604127740
2025-02-17T15:41:34.5512165Z Artifact coverage--continuum-ubuntu-latest has been successfully uploaded! Final size is 18842 bytes. Artifact ID is 2604127740
2025-02-17T15:41:34.5519560Z Artifact download URL: https://github.com/tardis-sn/tardis/actions/runs/13373804172/artifacts/2604127740
2025-02-17T15:41:34.5647880Z Post job cleanup.
2025-02-17T15:41:34.5678764Z Post job cleanup.
2025-02-17T15:41:34.7016575Z Will use pre-installed micromamba at /home/runner/micromamba-bin/micromamba
2025-02-17T15:41:34.7025037Z Removing micromamba run shell ...
2025-02-17T15:41:34.7029527Z ##[group]Deinitialize micromamba for bash
2025-02-17T15:41:34.7048279Z [command]/home/runner/micromamba-bin/micromamba shell deinit -s bash -r /home/runner/micromamba --log-level warning --rc-file /home/runner/work/_temp/setup-micromamba/.condarc
2025-02-17T15:41:34.7147481Z Resetting RC file "/home/runner/.bashrc"
2025-02-17T15:41:34.7148081Z Deleting config for root prefix 
2025-02-17T15:41:34.7148591Z Clearing mamba executable environment variable
2025-02-17T15:41:34.7150010Z Removing the following in your "/home/runner/.bashrc" file
2025-02-17T15:41:34.7150507Z # >>> mamba initialize >>>
2025-02-17T15:41:34.7150742Z ...
2025-02-17T15:41:34.7150932Z # <<< mamba initialize <<<
2025-02-17T15:41:34.7180206Z Removing mamba initialize block from .bash_profile
2025-02-17T15:41:34.7195449Z ##[endgroup]
2025-02-17T15:41:34.7199841Z Removing environment tardis from auto-activate bash ...
2025-02-17T15:41:34.7323904Z Post job cleanup.
2025-02-17T15:41:34.7359804Z Post job cleanup.
2025-02-17T15:41:34.8340432Z [command]/usr/bin/git version
2025-02-17T15:41:34.8381773Z git version 2.48.1
2025-02-17T15:41:34.8426740Z Temporarily overriding HOME='/home/runner/work/_temp/095c4502-5582-4e39-8643-351992635912' before making global git config changes
2025-02-17T15:41:34.8428661Z Adding repository directory to the temporary git global config as a safe directory
2025-02-17T15:41:34.8433895Z [command]/usr/bin/git config --global --add safe.directory /home/runner/work/tardis/tardis/tardis-regression-data
2025-02-17T15:41:34.8473193Z [command]/usr/bin/git config --local --name-only --get-regexp core\.sshCommand
2025-02-17T15:41:34.8508369Z [command]/usr/bin/git submodule foreach --recursive sh -c "git config --local --name-only --get-regexp 'core\.sshCommand' && git config --local --unset-all 'core.sshCommand' || :"
2025-02-17T15:41:34.8758636Z [command]/usr/bin/git config --local --name-only --get-regexp http\.https\:\/\/github\.com\/\.extraheader
2025-02-17T15:41:34.8780084Z http.https://github.com/.extraheader
2025-02-17T15:41:34.8793012Z [command]/usr/bin/git config --local --unset-all http.https://github.com/.extraheader
2025-02-17T15:41:34.8824530Z [command]/usr/bin/git submodule foreach --recursive sh -c "git config --local --name-only --get-regexp 'http\.https\:\/\/github\.com\/\.extraheader' && git config --local --unset-all 'http.https://github.com/.extraheader' || :"
2025-02-17T15:41:34.9165821Z Post job cleanup.
2025-02-17T15:41:35.0108761Z [command]/usr/bin/git version
2025-02-17T15:41:35.0144918Z git version 2.48.1
2025-02-17T15:41:35.0188744Z Temporarily overriding HOME='/home/runner/work/_temp/f6bf3d6a-2e0c-4538-be28-d5218742356e' before making global git config changes
2025-02-17T15:41:35.0190069Z Adding repository directory to the temporary git global config as a safe directory
2025-02-17T15:41:35.0195155Z [command]/usr/bin/git config --global --add safe.directory /home/runner/work/tardis/tardis
2025-02-17T15:41:35.0232894Z [command]/usr/bin/git config --local --name-only --get-regexp core\.sshCommand
2025-02-17T15:41:35.0266291Z [command]/usr/bin/git submodule foreach --recursive sh -c "git config --local --name-only --get-regexp 'core\.sshCommand' && git config --local --unset-all 'core.sshCommand' || :"
2025-02-17T15:41:35.0501825Z [command]/usr/bin/git config --local --name-only --get-regexp http\.https\:\/\/github\.com\/\.extraheader
2025-02-17T15:41:35.0523219Z http.https://github.com/.extraheader
2025-02-17T15:41:35.0536155Z [command]/usr/bin/git config --local --unset-all http.https://github.com/.extraheader
2025-02-17T15:41:35.0567526Z [command]/usr/bin/git submodule foreach --recursive sh -c "git config --local --name-only --get-regexp 'http\.https\:\/\/github\.com\/\.extraheader' && git config --local --unset-all 'http.https://github.com/.extraheader' || :"
2025-02-17T15:41:35.0903775Z Cleaning up orphan processes
