2025-01-31T14:06:06.4915715Z Prepare all required actions
2025-01-31T14:06:06.4916646Z Getting action download info
2025-01-31T14:06:06.6676040Z Download action repository 'actions/cache@v4' (SHA:1bd1e32a3bdc45362d1e726936510720a7c30a57)
2025-01-31T14:06:06.8106001Z ##[group]Run ./.github/actions/setup_lfs
2025-01-31T14:06:06.8107647Z with:
2025-01-31T14:06:06.8108880Z   regression-data-repo: tardis-sn/tardis-regression-data
2025-01-31T14:06:06.8110112Z   atom-data-sparse: false
2025-01-31T14:06:06.8111079Z env:
2025-01-31T14:06:06.8111846Z   CACHE_NUMBER: 0
2025-01-31T14:06:06.8114121Z   PYTEST_FLAGS: --tardis-regression-data=/home/runner/work/tardis/tardis/tardis-regression-data --cov=tardis --cov-report=xml --cov-report=html --cov-append
2025-01-31T14:06:06.8116351Z   CODECOV_TOKEN: 
2025-01-31T14:06:06.8117177Z ##[endgroup]
2025-01-31T14:06:06.8310263Z ##[group]Run actions/checkout@v4
2025-01-31T14:06:06.8311182Z with:
2025-01-31T14:06:06.8312000Z   repository: tardis-sn/tardis-regression-data
2025-01-31T14:06:06.8313196Z   path: tardis-regression-data
2025-01-31T14:06:06.8314137Z   lfs: false
2025-01-31T14:06:06.8315123Z   token: ***
2025-01-31T14:06:06.8315891Z   ssh-strict: true
2025-01-31T14:06:06.8316643Z   ssh-user: git
2025-01-31T14:06:06.8317433Z   persist-credentials: true
2025-01-31T14:06:06.8318297Z   clean: true
2025-01-31T14:06:06.8319083Z   sparse-checkout-cone-mode: true
2025-01-31T14:06:06.8319999Z   fetch-depth: 1
2025-01-31T14:06:06.8320762Z   fetch-tags: false
2025-01-31T14:06:06.8321570Z   show-progress: true
2025-01-31T14:06:06.8322382Z   submodules: false
2025-01-31T14:06:06.8323281Z   set-safe-directory: true
2025-01-31T14:06:06.8324094Z env:
2025-01-31T14:06:06.8324789Z   CACHE_NUMBER: 0
2025-01-31T14:06:06.8326763Z   PYTEST_FLAGS: --tardis-regression-data=/home/runner/work/tardis/tardis/tardis-regression-data --cov=tardis --cov-report=xml --cov-report=html --cov-append
2025-01-31T14:06:06.8328862Z   CODECOV_TOKEN: 
2025-01-31T14:06:06.8329631Z ##[endgroup]
2025-01-31T14:06:06.9268022Z Syncing repository: tardis-sn/tardis-regression-data
2025-01-31T14:06:06.9274810Z ##[group]Getting Git version info
2025-01-31T14:06:06.9276270Z Working directory is '/home/runner/work/tardis/tardis/tardis-regression-data'
2025-01-31T14:06:06.9316070Z [command]/usr/bin/git version
2025-01-31T14:06:06.9359531Z git version 2.48.1
2025-01-31T14:06:06.9385138Z ##[endgroup]
2025-01-31T14:06:06.9397910Z Temporarily overriding HOME='/home/runner/work/_temp/c9f888c7-ecf6-436a-bbcd-abf56bb92b40' before making global git config changes
2025-01-31T14:06:06.9400245Z Adding repository directory to the temporary git global config as a safe directory
2025-01-31T14:06:06.9403062Z [command]/usr/bin/git config --global --add safe.directory /home/runner/work/tardis/tardis/tardis-regression-data
2025-01-31T14:06:06.9432908Z ##[group]Initializing the repository
2025-01-31T14:06:06.9438179Z [command]/usr/bin/git init /home/runner/work/tardis/tardis/tardis-regression-data
2025-01-31T14:06:06.9473687Z hint: Using 'master' as the name for the initial branch. This default branch name
2025-01-31T14:06:06.9476339Z hint: is subject to change. To configure the initial branch name to use in all
2025-01-31T14:06:06.9479148Z hint: of your new repositories, which will suppress this warning, call:
2025-01-31T14:06:06.9481252Z hint:
2025-01-31T14:06:06.9482755Z hint: 	git config --global init.defaultBranch <name>
2025-01-31T14:06:06.9484738Z hint:
2025-01-31T14:06:06.9486538Z hint: Names commonly chosen instead of 'master' are 'main', 'trunk' and
2025-01-31T14:06:06.9489564Z hint: 'development'. The just-created branch can be renamed via this command:
2025-01-31T14:06:06.9491629Z hint:
2025-01-31T14:06:06.9492788Z hint: 	git branch -m <name>
2025-01-31T14:06:06.9494514Z Initialized empty Git repository in /home/runner/work/tardis/tardis/tardis-regression-data/.git/
2025-01-31T14:06:06.9498024Z [command]/usr/bin/git remote add origin https://github.com/tardis-sn/tardis-regression-data
2025-01-31T14:06:06.9522184Z ##[endgroup]
2025-01-31T14:06:06.9524705Z ##[group]Disabling automatic garbage collection
2025-01-31T14:06:06.9527092Z [command]/usr/bin/git config --local gc.auto 0
2025-01-31T14:06:06.9558772Z ##[endgroup]
2025-01-31T14:06:06.9560957Z ##[group]Setting up auth
2025-01-31T14:06:06.9564595Z [command]/usr/bin/git config --local --name-only --get-regexp core\.sshCommand
2025-01-31T14:06:06.9596304Z [command]/usr/bin/git submodule foreach --recursive sh -c "git config --local --name-only --get-regexp 'core\.sshCommand' && git config --local --unset-all 'core.sshCommand' || :"
2025-01-31T14:06:06.9819346Z [command]/usr/bin/git config --local --name-only --get-regexp http\.https\:\/\/github\.com\/\.extraheader
2025-01-31T14:06:06.9850576Z [command]/usr/bin/git submodule foreach --recursive sh -c "git config --local --name-only --get-regexp 'http\.https\:\/\/github\.com\/\.extraheader' && git config --local --unset-all 'http.https://github.com/.extraheader' || :"
2025-01-31T14:06:07.0078213Z [command]/usr/bin/git config --local http.https://github.com/.extraheader AUTHORIZATION: basic ***
2025-01-31T14:06:07.0114598Z ##[endgroup]
2025-01-31T14:06:07.0115954Z ##[group]Determining the default branch
2025-01-31T14:06:07.0119216Z Retrieving the default branch name
2025-01-31T14:06:07.3047776Z Default branch 'main'
2025-01-31T14:06:07.3050629Z ##[endgroup]
2025-01-31T14:06:07.3057249Z ##[group]Fetching the repository
2025-01-31T14:06:07.3060770Z [command]/usr/bin/git -c protocol.version=2 fetch --no-tags --prune --no-recurse-submodules --depth=1 origin +refs/heads/main:refs/remotes/origin/main
2025-01-31T14:06:07.9900239Z From https://github.com/tardis-sn/tardis-regression-data
2025-01-31T14:06:07.9901500Z  * [new branch]      main       -> origin/main
2025-01-31T14:06:07.9927748Z ##[endgroup]
2025-01-31T14:06:07.9928513Z ##[group]Determining the checkout info
2025-01-31T14:06:07.9929779Z ##[endgroup]
2025-01-31T14:06:07.9935753Z [command]/usr/bin/git sparse-checkout disable
2025-01-31T14:06:07.9973982Z [command]/usr/bin/git config --local --unset-all extensions.worktreeConfig
2025-01-31T14:06:08.0004328Z ##[group]Checking out the ref
2025-01-31T14:06:08.0008280Z [command]/usr/bin/git checkout --progress --force -B main refs/remotes/origin/main
2025-01-31T14:06:08.1196257Z Switched to a new branch 'main'
2025-01-31T14:06:08.1199583Z branch 'main' set up to track 'origin/main'.
2025-01-31T14:06:08.1488713Z ##[endgroup]
2025-01-31T14:06:08.1531664Z [command]/usr/bin/git log -1 --format=%H
2025-01-31T14:06:08.1556822Z fa7729bc9c30e14b69acd641af8b692b56fcd416
2025-01-31T14:06:08.1705937Z ##[group]Run if [ "false" == "true" ]; then
2025-01-31T14:06:08.1706329Z [36;1mif [ "false" == "true" ]; then[0m
2025-01-31T14:06:08.1706631Z [36;1m  echo "Using atom data sparse checkout"[0m
2025-01-31T14:06:08.1706996Z [36;1m  echo "atom_data/kurucz_cd23_chianti_H_He.h5" > .lfs-files-list[0m
2025-01-31T14:06:08.1707321Z [36;1melse[0m
2025-01-31T14:06:08.1707532Z [36;1m  echo "Using full repository checkout"[0m
2025-01-31T14:06:08.1707882Z [36;1m  git lfs ls-files -l | cut -d' ' -f1 | sort > .lfs-files-list[0m
2025-01-31T14:06:08.1708211Z [36;1mfi[0m
2025-01-31T14:06:08.1741050Z shell: /usr/bin/bash --noprofile --norc -e -o pipefail {0}
2025-01-31T14:06:08.1741390Z env:
2025-01-31T14:06:08.1741553Z   CACHE_NUMBER: 0
2025-01-31T14:06:08.1742157Z   PYTEST_FLAGS: --tardis-regression-data=/home/runner/work/tardis/tardis/tardis-regression-data --cov=tardis --cov-report=xml --cov-report=html --cov-append
2025-01-31T14:06:08.1742791Z   CODECOV_TOKEN: 
2025-01-31T14:06:08.1743345Z ##[endgroup]
2025-01-31T14:06:08.1811183Z Using full repository checkout
2025-01-31T14:06:08.3284738Z ##[group]Run actions/cache/restore@v4
2025-01-31T14:06:08.3285041Z with:
2025-01-31T14:06:08.3285245Z   path: tardis-regression-data/.git/lfs
2025-01-31T14:06:08.3285971Z   key: tardis-regression-full-data-21f9fa4b6817cc69b9fae3598144724da7828e276a73bd17f47a2a49d9af090a-tardis-sn/tardis-regression-data-v1
2025-01-31T14:06:08.3286686Z   fail-on-cache-miss: true
2025-01-31T14:06:08.3286933Z   enableCrossOsArchive: false
2025-01-31T14:06:08.3287373Z   lookup-only: false
2025-01-31T14:06:08.3287579Z env:
2025-01-31T14:06:08.3287744Z   CACHE_NUMBER: 0
2025-01-31T14:06:08.3288435Z   PYTEST_FLAGS: --tardis-regression-data=/home/runner/work/tardis/tardis/tardis-regression-data --cov=tardis --cov-report=xml --cov-report=html --cov-append
2025-01-31T14:06:08.3289159Z   CODECOV_TOKEN: 
2025-01-31T14:06:08.3289339Z ##[endgroup]
2025-01-31T14:06:09.4289412Z Cache Size: ~0 MB (12471 B)
2025-01-31T14:06:09.4317503Z [command]/usr/bin/tar -xf /home/runner/work/_temp/6d949ea1-b1a2-4b93-9be7-89297fa9da16/cache.tzst -P -C /home/runner/work/tardis/tardis --use-compress-program unzstd
2025-01-31T14:06:09.4466281Z Cache restored successfully
2025-01-31T14:06:09.4647366Z Cache restored from key: tardis-regression-full-data-21f9fa4b6817cc69b9fae3598144724da7828e276a73bd17f47a2a49d9af090a-tardis-sn/tardis-regression-data-v1
2025-01-31T14:06:09.4758036Z ##[group]Run git lfs checkout
2025-01-31T14:06:09.4758291Z [36;1mgit lfs checkout[0m
2025-01-31T14:06:09.4785962Z shell: /usr/bin/bash --noprofile --norc -e -o pipefail {0}
2025-01-31T14:06:09.4786273Z env:
2025-01-31T14:06:09.4786457Z   CACHE_NUMBER: 0
2025-01-31T14:06:09.4787044Z   PYTEST_FLAGS: --tardis-regression-data=/home/runner/work/tardis/tardis/tardis-regression-data --cov=tardis --cov-report=xml --cov-report=html --cov-append
2025-01-31T14:06:09.4787660Z   CODECOV_TOKEN: 
2025-01-31T14:06:09.4787839Z ##[endgroup]
2025-01-31T14:06:09.5129345Z Skipped checkout for "arepo_data/arepo_snapshot.hdf5", content not local. Use fetch to download.
2025-01-31T14:06:09.5130533Z Skipped checkout for "arepo_data/arepo_snapshot.json", content not local. Use fetch to download.
2025-01-31T14:06:09.5131935Z Skipped checkout for "atom_data/chianti_He.h5", content not local. Use fetch to download.
2025-01-31T14:06:09.5133831Z Skipped checkout for "atom_data/kurucz_atom_chianti_many.h5", content not local. Use fetch to download.
2025-01-31T14:06:09.5135463Z Skipped checkout for "atom_data/kurucz_cd23_chianti_H_He.h5", content not local. Use fetch to download.
2025-01-31T14:06:09.5137118Z Skipped checkout for "atom_data/kurucz_cd23_chianti_Si.h5", content not local. Use fetch to download.
2025-01-31T14:06:09.5138805Z Skipped checkout for "atom_data/new_kurucz_cd23_chianti_H_He.h5", content not local. Use fetch to download.
2025-01-31T14:06:09.5140505Z Skipped checkout for "atom_data/nlte_atom_data/TestNLTE_He_Ti.h5", content not local. Use fetch to download.
2025-01-31T14:06:09.5142266Z Skipped checkout for "atom_data/stardis_atom_data/tardis_adata_vald_longlist.hdf", content not local. Use fetch to download.
2025-01-31T14:06:09.5144040Z Skipped checkout for "atom_data/stardis_atom_data/tardis_adata_vald_shortlist.hdf", content not local. Use fetch to download.
2025-01-31T14:06:09.5146015Z Skipped checkout for "tardis/opacities/tests/test_tau_sobolev/test_calculate_beta_sobolevs.npy", content not local. Use fetch to download.
2025-01-31T14:06:09.5147656Z Skipped checkout for "tardis/opacities/tests/test_tau_sobolev/test_calculate_sobolev_line_opacity.h5", content not local. Use fetch to download.
2025-01-31T14:06:09.5149800Z Skipped checkout for "tardis/plasma/equilibrium/tests/test_level_populations/test_level_population_solver/test_solve__collisional_rate_solver0-radiative_transitions0__.h5", content not local. Use fetch to download.
2025-01-31T14:06:09.5152176Z Skipped checkout for "tardis/plasma/equilibrium/tests/test_rate_matrix/test_rate_matrix_solver__collisional_rate_solver0-radiative_transitions0__.h5", content not local. Use fetch to download.
2025-01-31T14:06:09.5154474Z Skipped checkout for "tardis/plasma/tests/test_complete_plasmas/test_plasma/TestPlasma.h5", content not local. Use fetch to download.
2025-01-31T14:06:09.5156214Z Skipped checkout for "tardis/plasma/tests/test_complete_plasmas/test_plasma/plasma_unittest_disable_electron_scattering_False.h5", content not local. Use fetch to download.
2025-01-31T14:06:09.5158180Z Skipped checkout for "tardis/plasma/tests/test_complete_plasmas/test_plasma/plasma_unittest_disable_electron_scattering_True.h5", content not local. Use fetch to download.
2025-01-31T14:06:09.5160521Z Skipped checkout for "tardis/plasma/tests/test_complete_plasmas/test_plasma/plasma_unittest_excitation_dilute-lte.h5", content not local. Use fetch to download.
2025-01-31T14:06:09.5162311Z Skipped checkout for "tardis/plasma/tests/test_complete_plasmas/test_plasma/plasma_unittest_excitation_lte.h5", content not local. Use fetch to download.
2025-01-31T14:06:09.5164315Z Skipped checkout for "tardis/plasma/tests/test_complete_plasmas/test_plasma/plasma_unittest_helium_treatment_recomb-nlte.h5", content not local. Use fetch to download.
2025-01-31T14:06:09.5166359Z Skipped checkout for "tardis/plasma/tests/test_complete_plasmas/test_plasma/plasma_unittest_helium_treatment_recomb-nlte_delta_treatment_0.5.h5", content not local. Use fetch to download.
2025-01-31T14:06:09.5168319Z Skipped checkout for "tardis/plasma/tests/test_complete_plasmas/test_plasma/plasma_unittest_initial_t_inner_10000 K.h5", content not local. Use fetch to download.
2025-01-31T14:06:09.5170130Z Skipped checkout for "tardis/plasma/tests/test_complete_plasmas/test_plasma/plasma_unittest_initial_t_rad_10000 K.h5", content not local. Use fetch to download.
2025-01-31T14:06:09.5171912Z Skipped checkout for "tardis/plasma/tests/test_complete_plasmas/test_plasma/plasma_unittest_ionization_lte.h5", content not local. Use fetch to download.
2025-01-31T14:06:09.5173858Z Skipped checkout for "tardis/plasma/tests/test_complete_plasmas/test_plasma/plasma_unittest_ionization_nebular.h5", content not local. Use fetch to download.
2025-01-31T14:06:09.5175749Z Skipped checkout for "tardis/plasma/tests/test_complete_plasmas/test_plasma/plasma_unittest_line_interaction_type_downbranch.h5", content not local. Use fetch to download.
2025-01-31T14:06:09.5177687Z Skipped checkout for "tardis/plasma/tests/test_complete_plasmas/test_plasma/plasma_unittest_line_interaction_type_macroatom.h5", content not local. Use fetch to download.
2025-01-31T14:06:09.5179581Z Skipped checkout for "tardis/plasma/tests/test_complete_plasmas/test_plasma/plasma_unittest_line_interaction_type_scatter.h5", content not local. Use fetch to download.
2025-01-31T14:06:09.5181356Z Skipped checkout for "tardis/plasma/tests/test_complete_plasmas/test_plasma/plasma_unittest_nlte.h5", content not local. Use fetch to download.
2025-01-31T14:06:09.5183244Z Skipped checkout for "tardis/plasma/tests/test_complete_plasmas/test_plasma/plasma_unittest_nlte_classical_nebular.h5", content not local. Use fetch to download.
2025-01-31T14:06:09.5185122Z Skipped checkout for "tardis/plasma/tests/test_complete_plasmas/test_plasma/plasma_unittest_nlte_coronal_approximation.h5", content not local. Use fetch to download.
2025-01-31T14:06:09.5187027Z Skipped checkout for "tardis/plasma/tests/test_complete_plasmas/test_plasma/plasma_unittest_radiative_rates_type_blackbody.h5", content not local. Use fetch to download.
2025-01-31T14:06:09.5188933Z Skipped checkout for "tardis/plasma/tests/test_complete_plasmas/test_plasma/plasma_unittest_radiative_rates_type_detailed.h5", content not local. Use fetch to download.
2025-01-31T14:06:09.5190957Z Skipped checkout for "tardis/plasma/tests/test_complete_plasmas/test_plasma/plasma_unittest_radiative_rates_type_detailed_w_epsilon_1e-10.h5", content not local. Use fetch to download.
2025-01-31T14:06:09.5193000Z Skipped checkout for "tardis/plasma/tests/test_complete_plasmas/test_plasma/plasma_unittest_radiative_rates_type_dilute-blackbody.h5", content not local. Use fetch to download.
2025-01-31T14:06:09.5195151Z Skipped checkout for "tardis/plasma/tests/test_hdf_plasma/test_collection__density__.npy", content not local. Use fetch to download.
2025-01-31T14:06:09.5196620Z Skipped checkout for "tardis/plasma/tests/test_hdf_plasma/test_collection__t_rad__.npy", content not local. Use fetch to download.
2025-01-31T14:06:09.5198026Z Skipped checkout for "tardis/plasma/tests/test_hdf_plasma/test_collection__w__.npy", content not local. Use fetch to download.
2025-01-31T14:06:09.5199375Z Skipped checkout for "tardis/plasma/tests/test_hdf_plasma/test_hdf_levels.h5", content not local. Use fetch to download.
2025-01-31T14:06:09.5200983Z Skipped checkout for "tardis/plasma/tests/test_hdf_plasma/test_hdf_plasma__abundance__.npy", content not local. Use fetch to download.
2025-01-31T14:06:09.5202492Z Skipped checkout for "tardis/plasma/tests/test_hdf_plasma/test_hdf_plasma__atomic_mass__.npy", content not local. Use fetch to download.
2025-01-31T14:06:09.5204168Z Skipped checkout for "tardis/plasma/tests/test_hdf_plasma/test_hdf_plasma__beta_rad__.npy", content not local. Use fetch to download.
2025-01-31T14:06:09.5205645Z Skipped checkout for "tardis/plasma/tests/test_hdf_plasma/test_hdf_plasma__beta_sobolev__.npy", content not local. Use fetch to download.
2025-01-31T14:06:09.5207114Z Skipped checkout for "tardis/plasma/tests/test_hdf_plasma/test_hdf_plasma__density__.npy", content not local. Use fetch to download.
2025-01-31T14:06:09.5208630Z Skipped checkout for "tardis/plasma/tests/test_hdf_plasma/test_hdf_plasma__electron_densities__.npy", content not local. Use fetch to download.
2025-01-31T14:06:09.5210229Z Skipped checkout for "tardis/plasma/tests/test_hdf_plasma/test_hdf_plasma__excitation_energy__.npy", content not local. Use fetch to download.
2025-01-31T14:06:09.5211725Z Skipped checkout for "tardis/plasma/tests/test_hdf_plasma/test_hdf_plasma__f_lu__.npy", content not local. Use fetch to download.
2025-01-31T14:06:09.5213301Z Skipped checkout for "tardis/plasma/tests/test_hdf_plasma/test_hdf_plasma__g__.npy", content not local. Use fetch to download.
2025-01-31T14:06:09.5214748Z Skipped checkout for "tardis/plasma/tests/test_hdf_plasma/test_hdf_plasma__g_electron__.npy", content not local. Use fetch to download.
2025-01-31T14:06:09.5216345Z Skipped checkout for "tardis/plasma/tests/test_hdf_plasma/test_hdf_plasma__general_level_boltzmann_factor__.npy", content not local. Use fetch to download.
2025-01-31T14:06:09.5217969Z Skipped checkout for "tardis/plasma/tests/test_hdf_plasma/test_hdf_plasma__ion_number_density__.npy", content not local. Use fetch to download.
2025-01-31T14:06:09.5219557Z Skipped checkout for "tardis/plasma/tests/test_hdf_plasma/test_hdf_plasma__ionization_data__.npy", content not local. Use fetch to download.
2025-01-31T14:06:09.5221056Z Skipped checkout for "tardis/plasma/tests/test_hdf_plasma/test_hdf_plasma__j_blues__.npy", content not local. Use fetch to download.
2025-01-31T14:06:09.5222595Z Skipped checkout for "tardis/plasma/tests/test_hdf_plasma/test_hdf_plasma__level_boltzmann_factor__.npy", content not local. Use fetch to download.
2025-01-31T14:06:09.5224516Z Skipped checkout for "tardis/plasma/tests/test_hdf_plasma/test_hdf_plasma__level_number_density__.npy", content not local. Use fetch to download.
2025-01-31T14:06:09.5226038Z Skipped checkout for "tardis/plasma/tests/test_hdf_plasma/test_hdf_plasma__lines__.npy", content not local. Use fetch to download.
2025-01-31T14:06:09.5227574Z Skipped checkout for "tardis/plasma/tests/test_hdf_plasma/test_hdf_plasma__lines_lower_level_index__.npy", content not local. Use fetch to download.
2025-01-31T14:06:09.5229200Z Skipped checkout for "tardis/plasma/tests/test_hdf_plasma/test_hdf_plasma__lines_upper_level_index__.npy", content not local. Use fetch to download.
2025-01-31T14:06:09.5230763Z Skipped checkout for "tardis/plasma/tests/test_hdf_plasma/test_hdf_plasma__metastability__.npy", content not local. Use fetch to download.
2025-01-31T14:06:09.5232231Z Skipped checkout for "tardis/plasma/tests/test_hdf_plasma/test_hdf_plasma__nu__.npy", content not local. Use fetch to download.
2025-01-31T14:06:09.5234079Z Skipped checkout for "tardis/plasma/tests/test_hdf_plasma/test_hdf_plasma__number_density__.npy", content not local. Use fetch to download.
2025-01-31T14:06:09.5235622Z Skipped checkout for "tardis/plasma/tests/test_hdf_plasma/test_hdf_plasma__partition_function__.npy", content not local. Use fetch to download.
2025-01-31T14:06:09.5237100Z Skipped checkout for "tardis/plasma/tests/test_hdf_plasma/test_hdf_plasma__phi__.npy", content not local. Use fetch to download.
2025-01-31T14:06:09.5238491Z Skipped checkout for "tardis/plasma/tests/test_hdf_plasma/test_hdf_plasma__selected_atoms__.npy", content not local. Use fetch to download.
2025-01-31T14:06:09.5239725Z Skipped checkout for "tardis/plasma/tests/test_hdf_plasma/test_hdf_plasma__stimulated_emission_factor__.npy", content not local. Use fetch to download.
2025-01-31T14:06:09.5241076Z Skipped checkout for "tardis/plasma/tests/test_hdf_plasma/test_hdf_plasma__t_electrons__.npy", content not local. Use fetch to download.
2025-01-31T14:06:09.5242573Z Skipped checkout for "tardis/plasma/tests/test_hdf_plasma/test_hdf_plasma__t_rad__.npy", content not local. Use fetch to download.
2025-01-31T14:06:09.5244231Z Skipped checkout for "tardis/plasma/tests/test_hdf_plasma/test_hdf_plasma__tau_sobolevs__.npy", content not local. Use fetch to download.
2025-01-31T14:06:09.5245838Z Skipped checkout for "tardis/plasma/tests/test_hdf_plasma/test_hdf_plasma__transition_probabilities__.npy", content not local. Use fetch to download.
2025-01-31T14:06:09.5247394Z Skipped checkout for "tardis/plasma/tests/test_hdf_plasma/test_hdf_plasma__w__.npy", content not local. Use fetch to download.
2025-01-31T14:06:09.5248475Z Skipped checkout for "tardis/plasma/tests/test_hdf_plasma/test_hdf_plasma__wavelength_cm__.npy", content not local. Use fetch to download.
2025-01-31T14:06:09.5249860Z Skipped checkout for "tardis/plasma/tests/test_hdf_plasma/test_hdf_scalars__link_t_rad_t_electron__.npy", content not local. Use fetch to download.
2025-01-31T14:06:09.5252197Z Skipped checkout for "tardis/plasma/tests/test_hdf_plasma/test_hdf_scalars__time_explosion__.npy", content not local. Use fetch to download.
2025-01-31T14:06:09.5254144Z Skipped checkout for "tardis/plasma/tests/test_nlte_excitation/test_coll_exc_deexc_matrix__coll_exc_coeff_values0-coll_deexc_coeff_values0-3__.npy", content not local. Use fetch to download.
2025-01-31T14:06:09.5255808Z Skipped checkout for "tardis/plasma/tests/test_nlte_excitation/test_coll_exc_deexc_matrix__coll_exc_coeff_values1-coll_deexc_coeff_values1-3__.npy", content not local. Use fetch to download.
2025-01-31T14:06:09.5257363Z Skipped checkout for "tardis/plasma/tests/test_nlte_excitation/test_prepare_bound_bound_rate_matrix.npy", content not local. Use fetch to download.
2025-01-31T14:06:09.5258463Z Skipped checkout for "tardis/plasma/tests/test_nlte_solver/test_jacobian_matrix.npy", content not local. Use fetch to download.
2025-01-31T14:06:09.5260302Z Skipped checkout for "tardis/plasma/tests/test_nlte_solver/test_rate_matrix.npy", content not local. Use fetch to download.
2025-01-31T14:06:09.5262077Z Skipped checkout for "tardis/plasma/tests/test_plasma_continuum/test_exp1_times_exp.npy", content not local. Use fetch to download.
2025-01-31T14:06:09.5263897Z Skipped checkout for "tardis/plasma/tests/test_tardis_model_density_config/test_electron_densities.npy", content not local. Use fetch to download.
2025-01-31T14:06:09.5265694Z Skipped checkout for "tardis/plasma/tests/test_tardis_model_density_config/test_isotope_number_densities.h5", content not local. Use fetch to download.
2025-01-31T14:06:09.5267430Z Skipped checkout for "tardis/plasma/tests/test_tardis_model_density_config/test_t_rad.npy", content not local. Use fetch to download.
2025-01-31T14:06:09.5268947Z Skipped checkout for "tardis/simulation/tests/test_simulation/test_plasma_estimates__dilution_factor__.h5", content not local. Use fetch to download.
2025-01-31T14:06:09.5270633Z Skipped checkout for "tardis/simulation/tests/test_simulation/test_plasma_estimates__j_estimator__.h5", content not local. Use fetch to download.
2025-01-31T14:06:09.5272227Z Skipped checkout for "tardis/simulation/tests/test_simulation/test_plasma_estimates__nu_bar_estimator__.h5", content not local. Use fetch to download.
2025-01-31T14:06:09.5274003Z Skipped checkout for "tardis/simulation/tests/test_simulation/test_plasma_estimates__output_energies__.h5", content not local. Use fetch to download.
2025-01-31T14:06:09.5275819Z Skipped checkout for "tardis/simulation/tests/test_simulation/test_plasma_estimates__output_nus__.h5", content not local. Use fetch to download.
2025-01-31T14:06:09.5277209Z Skipped checkout for "tardis/simulation/tests/test_simulation/test_plasma_estimates__t_radiative__.h5", content not local. Use fetch to download.
2025-01-31T14:06:09.5278942Z Skipped checkout for "tardis/simulation/tests/test_simulation/test_plasma_state_iterations__iterations_electron_densities__.h5", content not local. Use fetch to download.
2025-01-31T14:06:09.5280864Z Skipped checkout for "tardis/simulation/tests/test_simulation/test_plasma_state_iterations__iterations_t_inner__.h5", content not local. Use fetch to download.
2025-01-31T14:06:09.5282545Z Skipped checkout for "tardis/simulation/tests/test_simulation/test_plasma_state_iterations__iterations_t_rad__.h5", content not local. Use fetch to download.
2025-01-31T14:06:09.5284004Z Skipped checkout for "tardis/simulation/tests/test_simulation/test_plasma_state_iterations__iterations_w__.h5", content not local. Use fetch to download.
2025-01-31T14:06:09.5285481Z Skipped checkout for "tardis/spectrum/tests/test_spectrum_solver/test_spectrum_solver/TestSpectrumSolver.h5", content not local. Use fetch to download.
2025-01-31T14:06:09.5287101Z Skipped checkout for "tardis/tests/test_tardis_full/test_transport_simple/TestTransportSimple.h5", content not local. Use fetch to download.
2025-01-31T14:06:09.5289425Z Skipped checkout for "tardis/tests/test_tardis_full_formal_integral/test_transport_simple_formal_integral/test_j_blue_estimators__-1-downbranch__.npy", content not local. Use fetch to download.
2025-01-31T14:06:09.5291355Z Skipped checkout for "tardis/tests/test_tardis_full_formal_integral/test_transport_simple_formal_integral/test_j_blue_estimators__-1-macroatom__.npy", content not local. Use fetch to download.
2025-01-31T14:06:09.5293554Z Skipped checkout for "tardis/tests/test_tardis_full_formal_integral/test_transport_simple_formal_integral/test_j_blue_estimators__30-downbranch__.npy", content not local. Use fetch to download.
2025-01-31T14:06:09.5295593Z Skipped checkout for "tardis/tests/test_tardis_full_formal_integral/test_transport_simple_formal_integral/test_j_blue_estimators__30-macroatom__.npy", content not local. Use fetch to download.
2025-01-31T14:06:09.5297579Z Skipped checkout for "tardis/tests/test_tardis_full_formal_integral/test_transport_simple_formal_integral/test_simulation__-1-downbranch__.h5", content not local. Use fetch to download.
2025-01-31T14:06:09.5299549Z Skipped checkout for "tardis/tests/test_tardis_full_formal_integral/test_transport_simple_formal_integral/test_simulation__-1-macroatom__.h5", content not local. Use fetch to download.
2025-01-31T14:06:09.5301497Z Skipped checkout for "tardis/tests/test_tardis_full_formal_integral/test_transport_simple_formal_integral/test_simulation__30-downbranch__.h5", content not local. Use fetch to download.
2025-01-31T14:06:09.5303562Z Skipped checkout for "tardis/tests/test_tardis_full_formal_integral/test_transport_simple_formal_integral/test_simulation__30-macroatom__.h5", content not local. Use fetch to download.
2025-01-31T14:06:09.5305508Z Skipped checkout for "tardis/tests/test_tardis_full_formal_integral/test_transport_simple_formal_integral/test_spectrum__-1-downbranch__.npy", content not local. Use fetch to download.
2025-01-31T14:06:09.5307440Z Skipped checkout for "tardis/tests/test_tardis_full_formal_integral/test_transport_simple_formal_integral/test_spectrum__-1-macroatom__.npy", content not local. Use fetch to download.
2025-01-31T14:06:09.5309572Z Skipped checkout for "tardis/tests/test_tardis_full_formal_integral/test_transport_simple_formal_integral/test_spectrum__30-downbranch__.npy", content not local. Use fetch to download.
2025-01-31T14:06:09.5311505Z Skipped checkout for "tardis/tests/test_tardis_full_formal_integral/test_transport_simple_formal_integral/test_spectrum__30-macroatom__.npy", content not local. Use fetch to download.
2025-01-31T14:06:09.5313610Z Skipped checkout for "tardis/tests/test_tardis_full_formal_integral/test_transport_simple_formal_integral/test_spectrum_integrated__-1-downbranch__.npy", content not local. Use fetch to download.
2025-01-31T14:06:09.5315855Z Skipped checkout for "tardis/tests/test_tardis_full_formal_integral/test_transport_simple_formal_integral/test_spectrum_integrated__-1-macroatom__.npy", content not local. Use fetch to download.
2025-01-31T14:06:09.5317926Z Skipped checkout for "tardis/tests/test_tardis_full_formal_integral/test_transport_simple_formal_integral/test_spectrum_integrated__30-downbranch__.npy", content not local. Use fetch to download.
2025-01-31T14:06:09.5319929Z Skipped checkout for "tardis/tests/test_tardis_full_formal_integral/test_transport_simple_formal_integral/test_spectrum_integrated__30-macroatom__.npy", content not local. Use fetch to download.
2025-01-31T14:06:09.5321770Z Skipped checkout for "tardis/transport/montecarlo/tests/test_continuum/test_montecarlo_continuum.h5", content not local. Use fetch to download.
2025-01-31T14:06:09.5323556Z Skipped checkout for "tardis/transport/montecarlo/tests/test_montecarlo_main_loop/test_montecarlo_main_loop.h5", content not local. Use fetch to download.
2025-01-31T14:06:09.5325279Z Skipped checkout for "tardis/transport/montecarlo/tests/test_montecarlo_main_loop/test_montecarlo_main_loop_vpacket_log.h5", content not local. Use fetch to download.
2025-01-31T14:06:09.5326995Z Skipped checkout for "tardis/transport/montecarlo/tests/test_packet_source/test_black_body_simple_source/test_bb_attributes.h5", content not local. Use fetch to download.
2025-01-31T14:06:09.5328518Z Skipped checkout for "tardis/transport/montecarlo/tests/test_packet_source/test_black_body_simple_source/test_bb_energies.npy", content not local. Use fetch to download.
2025-01-31T14:06:09.5330106Z Skipped checkout for "tardis/transport/montecarlo/tests/test_packet_source/test_black_body_simple_source/test_bb_mus.npy", content not local. Use fetch to download.
2025-01-31T14:06:09.5331491Z Skipped checkout for "tardis/transport/montecarlo/tests/test_packet_source/test_black_body_simple_source/test_bb_nus.npy", content not local. Use fetch to download.
2025-01-31T14:06:09.5333276Z Skipped checkout for "tardis/transport/montecarlo/tests/test_packet_source/test_black_body_simple_source_rel/test_bb_attributes.h5", content not local. Use fetch to download.
2025-01-31T14:06:09.5334987Z Skipped checkout for "tardis/transport/montecarlo/tests/test_packet_source/test_black_body_simple_source_rel/test_bb_energies.npy", content not local. Use fetch to download.
2025-01-31T14:06:09.5336337Z Skipped checkout for "tardis/transport/montecarlo/tests/test_packet_source/test_black_body_simple_source_rel/test_bb_mus.npy", content not local. Use fetch to download.
2025-01-31T14:06:09.5337927Z Skipped checkout for "tardis/transport/montecarlo/tests/test_packet_source/test_black_body_simple_source_rel/test_bb_nus.npy", content not local. Use fetch to download.
2025-01-31T14:06:09.5339306Z Skipped checkout for "tardis/transport/montecarlo/tests/test_rpacket_tracker/test_boundary_interactions.npy", content not local. Use fetch to download.
2025-01-31T14:06:09.5340612Z Skipped checkout for "tardis/transport/montecarlo/tests/test_weighted_packet_source/test_black_body_weighted_source/test_bb_attributes.h5", content not local. Use fetch to download.
2025-01-31T14:06:09.5342423Z Skipped checkout for "tardis/transport/montecarlo/tests/test_weighted_packet_source/test_black_body_weighted_source/test_bb_energies.npy", content not local. Use fetch to download.
2025-01-31T14:06:09.5344530Z Skipped checkout for "tardis/transport/montecarlo/tests/test_weighted_packet_source/test_black_body_weighted_source/test_bb_mus.npy", content not local. Use fetch to download.
2025-01-31T14:06:09.5345888Z Skipped checkout for "tardis/transport/montecarlo/tests/test_weighted_packet_source/test_black_body_weighted_source/test_bb_nus.npy", content not local. Use fetch to download.
2025-01-31T14:06:09.5347614Z Skipped checkout for "tardis/visualization/tools/tests/test_liv_plot/test_liv_plotter/test_generate_plot_mpl__plotter_generate_plot_mpl0__.h5", content not local. Use fetch to download.
2025-01-31T14:06:09.5349398Z Skipped checkout for "tardis/visualization/tools/tests/test_liv_plot/test_liv_plotter/test_generate_plot_mpl__plotter_generate_plot_mpl1__.h5", content not local. Use fetch to download.
2025-01-31T14:06:09.5350990Z Skipped checkout for "tardis/visualization/tools/tests/test_liv_plot/test_liv_plotter/test_generate_plot_mpl__plotter_generate_plot_mpl2__.h5", content not local. Use fetch to download.
2025-01-31T14:06:09.5352507Z Skipped checkout for "tardis/visualization/tools/tests/test_liv_plot/test_liv_plotter/test_generate_plot_mpl__plotter_generate_plot_mpl3__.h5", content not local. Use fetch to download.
2025-01-31T14:06:09.5354288Z Skipped checkout for "tardis/visualization/tools/tests/test_liv_plot/test_liv_plotter/test_generate_plot_mpl__plotter_generate_plot_mpl4__.h5", content not local. Use fetch to download.
2025-01-31T14:06:09.5355860Z Skipped checkout for "tardis/visualization/tools/tests/test_liv_plot/test_liv_plotter/test_generate_plot_mpl__plotter_generate_plot_mpl5__.h5", content not local. Use fetch to download.
2025-01-31T14:06:09.5357456Z Skipped checkout for "tardis/visualization/tools/tests/test_liv_plot/test_liv_plotter/test_generate_plot_mpl__plotter_generate_plot_mpl6__.h5", content not local. Use fetch to download.
2025-01-31T14:06:09.5358983Z Skipped checkout for "tardis/visualization/tools/tests/test_liv_plot/test_liv_plotter/test_generate_plot_mpl__plotter_generate_plot_mpl7__.h5", content not local. Use fetch to download.
2025-01-31T14:06:09.5360552Z Skipped checkout for "tardis/visualization/tools/tests/test_liv_plot/test_liv_plotter/test_generate_plot_ply__plotter_generate_plot_ply0__.h5", content not local. Use fetch to download.
2025-01-31T14:06:09.5362245Z Skipped checkout for "tardis/visualization/tools/tests/test_liv_plot/test_liv_plotter/test_generate_plot_ply__plotter_generate_plot_ply1__.h5", content not local. Use fetch to download.
2025-01-31T14:06:09.5364082Z Skipped checkout for "tardis/visualization/tools/tests/test_liv_plot/test_liv_plotter/test_generate_plot_ply__plotter_generate_plot_ply2__.h5", content not local. Use fetch to download.
2025-01-31T14:06:09.5365318Z Skipped checkout for "tardis/visualization/tools/tests/test_liv_plot/test_liv_plotter/test_generate_plot_ply__plotter_generate_plot_ply3__.h5", content not local. Use fetch to download.
2025-01-31T14:06:09.5367021Z Skipped checkout for "tardis/visualization/tools/tests/test_liv_plot/test_liv_plotter/test_generate_plot_ply__plotter_generate_plot_ply4__.h5", content not local. Use fetch to download.
2025-01-31T14:06:09.5368816Z Skipped checkout for "tardis/visualization/tools/tests/test_liv_plot/test_liv_plotter/test_generate_plot_ply__plotter_generate_plot_ply5__.h5", content not local. Use fetch to download.
2025-01-31T14:06:09.5370382Z Skipped checkout for "tardis/visualization/tools/tests/test_liv_plot/test_liv_plotter/test_generate_plot_ply__plotter_generate_plot_ply6__.h5", content not local. Use fetch to download.
2025-01-31T14:06:09.5371948Z Skipped checkout for "tardis/visualization/tools/tests/test_liv_plot/test_liv_plotter/test_generate_plot_ply__plotter_generate_plot_ply7__.h5", content not local. Use fetch to download.
2025-01-31T14:06:09.5373789Z Skipped checkout for "tardis/visualization/tools/tests/test_liv_plot/test_liv_plotter/test_parse_species_list___keep_colour__.npy", content not local. Use fetch to download.
2025-01-31T14:06:09.5375472Z Skipped checkout for "tardis/visualization/tools/tests/test_liv_plot/test_liv_plotter/test_parse_species_list___species_list__.npy", content not local. Use fetch to download.
2025-01-31T14:06:09.5377120Z Skipped checkout for "tardis/visualization/tools/tests/test_liv_plot/test_liv_plotter/test_parse_species_list___species_mapped__.npy", content not local. Use fetch to download.
2025-01-31T14:06:09.5378693Z Skipped checkout for "tardis/visualization/tools/tests/test_liv_plot/test_liv_plotter/test_prepare_plot_data__plotter_prepare_plot_data0-new_bin_edges__.npy", content not local. Use fetch to download.
2025-01-31T14:06:09.5380617Z Skipped checkout for "tardis/visualization/tools/tests/test_liv_plot/test_liv_plotter/test_prepare_plot_data__plotter_prepare_plot_data0-plot_colors__.npy", content not local. Use fetch to download.
2025-01-31T14:06:09.5382371Z Skipped checkout for "tardis/visualization/tools/tests/test_liv_plot/test_liv_plotter/test_prepare_plot_data__plotter_prepare_plot_data0-plot_data__.npy", content not local. Use fetch to download.
2025-01-31T14:06:09.5384401Z Skipped checkout for "tardis/visualization/tools/tests/test_liv_plot/test_liv_plotter/test_prepare_plot_data__plotter_prepare_plot_data1-new_bin_edges__.npy", content not local. Use fetch to download.
2025-01-31T14:06:09.5385969Z Skipped checkout for "tardis/visualization/tools/tests/test_liv_plot/test_liv_plotter/test_prepare_plot_data__plotter_prepare_plot_data1-plot_colors__.npy", content not local. Use fetch to download.
2025-01-31T14:06:09.5387862Z Skipped checkout for "tardis/visualization/tools/tests/test_liv_plot/test_liv_plotter/test_prepare_plot_data__plotter_prepare_plot_data1-plot_data__.npy", content not local. Use fetch to download.
2025-01-31T14:06:09.5389575Z Skipped checkout for "tardis/visualization/tools/tests/test_liv_plot/test_liv_plotter/test_prepare_plot_data__plotter_prepare_plot_data2-new_bin_edges__.npy", content not local. Use fetch to download.
2025-01-31T14:06:09.5391392Z Skipped checkout for "tardis/visualization/tools/tests/test_liv_plot/test_liv_plotter/test_prepare_plot_data__plotter_prepare_plot_data2-plot_colors__.npy", content not local. Use fetch to download.
2025-01-31T14:06:09.5393212Z Skipped checkout for "tardis/visualization/tools/tests/test_liv_plot/test_liv_plotter/test_prepare_plot_data__plotter_prepare_plot_data2-plot_data__.npy", content not local. Use fetch to download.
2025-01-31T14:06:09.5394910Z Skipped checkout for "tardis/visualization/tools/tests/test_liv_plot/test_liv_plotter/test_prepare_plot_data__plotter_prepare_plot_data3-new_bin_edges__.npy", content not local. Use fetch to download.
2025-01-31T14:06:09.5396591Z Skipped checkout for "tardis/visualization/tools/tests/test_liv_plot/test_liv_plotter/test_prepare_plot_data__plotter_prepare_plot_data3-plot_colors__.npy", content not local. Use fetch to download.
2025-01-31T14:06:09.5398274Z Skipped checkout for "tardis/visualization/tools/tests/test_liv_plot/test_liv_plotter/test_prepare_plot_data__plotter_prepare_plot_data3-plot_data__.npy", content not local. Use fetch to download.
2025-01-31T14:06:09.5400041Z Skipped checkout for "tardis/visualization/tools/tests/test_liv_plot/test_liv_plotter/test_prepare_plot_data__plotter_prepare_plot_data4-new_bin_edges__.npy", content not local. Use fetch to download.
2025-01-31T14:06:09.5401754Z Skipped checkout for "tardis/visualization/tools/tests/test_liv_plot/test_liv_plotter/test_prepare_plot_data__plotter_prepare_plot_data4-plot_colors__.npy", content not local. Use fetch to download.
2025-01-31T14:06:09.5403646Z Skipped checkout for "tardis/visualization/tools/tests/test_liv_plot/test_liv_plotter/test_prepare_plot_data__plotter_prepare_plot_data4-plot_data__.npy", content not local. Use fetch to download.
2025-01-31T14:06:09.5405493Z Skipped checkout for "tardis/visualization/tools/tests/test_liv_plot/test_liv_plotter/test_prepare_plot_data__plotter_prepare_plot_data5-new_bin_edges__.npy", content not local. Use fetch to download.
2025-01-31T14:06:09.5407081Z Skipped checkout for "tardis/visualization/tools/tests/test_liv_plot/test_liv_plotter/test_prepare_plot_data__plotter_prepare_plot_data5-plot_colors__.npy", content not local. Use fetch to download.
2025-01-31T14:06:09.5408967Z Skipped checkout for "tardis/visualization/tools/tests/test_liv_plot/test_liv_plotter/test_prepare_plot_data__plotter_prepare_plot_data5-plot_data__.npy", content not local. Use fetch to download.
2025-01-31T14:06:09.5410693Z Skipped checkout for "tardis/visualization/tools/tests/test_liv_plot/test_liv_plotter/test_prepare_plot_data__plotter_prepare_plot_data6-new_bin_edges__.npy", content not local. Use fetch to download.
2025-01-31T14:06:09.5412562Z Skipped checkout for "tardis/visualization/tools/tests/test_liv_plot/test_liv_plotter/test_prepare_plot_data__plotter_prepare_plot_data6-plot_colors__.npy", content not local. Use fetch to download.
2025-01-31T14:06:09.5414443Z Skipped checkout for "tardis/visualization/tools/tests/test_liv_plot/test_liv_plotter/test_prepare_plot_data__plotter_prepare_plot_data6-plot_data__.npy", content not local. Use fetch to download.
2025-01-31T14:06:09.5416239Z Skipped checkout for "tardis/visualization/tools/tests/test_liv_plot/test_liv_plotter/test_prepare_plot_data__plotter_prepare_plot_data7-new_bin_edges__.npy", content not local. Use fetch to download.
2025-01-31T14:06:09.5418128Z Skipped checkout for "tardis/visualization/tools/tests/test_liv_plot/test_liv_plotter/test_prepare_plot_data__plotter_prepare_plot_data7-plot_colors__.npy", content not local. Use fetch to download.
2025-01-31T14:06:09.5419721Z Skipped checkout for "tardis/visualization/tools/tests/test_liv_plot/test_liv_plotter/test_prepare_plot_data__plotter_prepare_plot_data7-plot_data__.npy", content not local. Use fetch to download.
2025-01-31T14:06:09.5421425Z Skipped checkout for "tardis/visualization/tools/tests/test_sdec_plot/test_sdec_plotter/test_calculate_plotting_data__plotter_calculate_plotting_data0__.h5", content not local. Use fetch to download.
2025-01-31T14:06:09.5423327Z Skipped checkout for "tardis/visualization/tools/tests/test_sdec_plot/test_sdec_plotter/test_calculate_plotting_data__plotter_calculate_plotting_data10__.h5", content not local. Use fetch to download.
2025-01-31T14:06:09.5425050Z Skipped checkout for "tardis/visualization/tools/tests/test_sdec_plot/test_sdec_plotter/test_calculate_plotting_data__plotter_calculate_plotting_data11__.h5", content not local. Use fetch to download.
2025-01-31T14:06:09.5426921Z Skipped checkout for "tardis/visualization/tools/tests/test_sdec_plot/test_sdec_plotter/test_calculate_plotting_data__plotter_calculate_plotting_data12__.h5", content not local. Use fetch to download.
2025-01-31T14:06:09.5428767Z Skipped checkout for "tardis/visualization/tools/tests/test_sdec_plot/test_sdec_plotter/test_calculate_plotting_data__plotter_calculate_plotting_data13__.h5", content not local. Use fetch to download.
2025-01-31T14:06:09.5430530Z Skipped checkout for "tardis/visualization/tools/tests/test_sdec_plot/test_sdec_plotter/test_calculate_plotting_data__plotter_calculate_plotting_data14__.h5", content not local. Use fetch to download.
2025-01-31T14:06:09.5432305Z Skipped checkout for "tardis/visualization/tools/tests/test_sdec_plot/test_sdec_plotter/test_calculate_plotting_data__plotter_calculate_plotting_data15__.h5", content not local. Use fetch to download.
2025-01-31T14:06:09.5434120Z Skipped checkout for "tardis/visualization/tools/tests/test_sdec_plot/test_sdec_plotter/test_calculate_plotting_data__plotter_calculate_plotting_data1__.h5", content not local. Use fetch to download.
2025-01-31T14:06:09.5435847Z Skipped checkout for "tardis/visualization/tools/tests/test_sdec_plot/test_sdec_plotter/test_calculate_plotting_data__plotter_calculate_plotting_data2__.h5", content not local. Use fetch to download.
2025-01-31T14:06:09.5437546Z Skipped checkout for "tardis/visualization/tools/tests/test_sdec_plot/test_sdec_plotter/test_calculate_plotting_data__plotter_calculate_plotting_data3__.h5", content not local. Use fetch to download.
2025-01-31T14:06:09.5439533Z Skipped checkout for "tardis/visualization/tools/tests/test_sdec_plot/test_sdec_plotter/test_calculate_plotting_data__plotter_calculate_plotting_data4__.h5", content not local. Use fetch to download.
2025-01-31T14:06:09.5441328Z Skipped checkout for "tardis/visualization/tools/tests/test_sdec_plot/test_sdec_plotter/test_calculate_plotting_data__plotter_calculate_plotting_data5__.h5", content not local. Use fetch to download.
2025-01-31T14:06:09.5443405Z Skipped checkout for "tardis/visualization/tools/tests/test_sdec_plot/test_sdec_plotter/test_calculate_plotting_data__plotter_calculate_plotting_data6__.h5", content not local. Use fetch to download.
2025-01-31T14:06:09.5445263Z Skipped checkout for "tardis/visualization/tools/tests/test_sdec_plot/test_sdec_plotter/test_calculate_plotting_data__plotter_calculate_plotting_data7__.h5", content not local. Use fetch to download.
2025-01-31T14:06:09.5447080Z Skipped checkout for "tardis/visualization/tools/tests/test_sdec_plot/test_sdec_plotter/test_calculate_plotting_data__plotter_calculate_plotting_data8__.h5", content not local. Use fetch to download.
2025-01-31T14:06:09.5448687Z Skipped checkout for "tardis/visualization/tools/tests/test_sdec_plot/test_sdec_plotter/test_calculate_plotting_data__plotter_calculate_plotting_data9__.h5", content not local. Use fetch to download.
2025-01-31T14:06:09.5450359Z Skipped checkout for "tardis/visualization/tools/tests/test_sdec_plot/test_sdec_plotter/test_generate_plot_mpl__plotter_generate_plot_ply0__.h5", content not local. Use fetch to download.
2025-01-31T14:06:09.5452186Z Skipped checkout for "tardis/visualization/tools/tests/test_sdec_plot/test_sdec_plotter/test_generate_plot_mpl__plotter_generate_plot_ply10__.h5", content not local. Use fetch to download.
2025-01-31T14:06:09.5453765Z Skipped checkout for "tardis/visualization/tools/tests/test_sdec_plot/test_sdec_plotter/test_generate_plot_mpl__plotter_generate_plot_ply11__.h5", content not local. Use fetch to download.
2025-01-31T14:06:09.5455529Z Skipped checkout for "tardis/visualization/tools/tests/test_sdec_plot/test_sdec_plotter/test_generate_plot_mpl__plotter_generate_plot_ply12__.h5", content not local. Use fetch to download.
2025-01-31T14:06:09.5457137Z Skipped checkout for "tardis/visualization/tools/tests/test_sdec_plot/test_sdec_plotter/test_generate_plot_mpl__plotter_generate_plot_ply13__.h5", content not local. Use fetch to download.
2025-01-31T14:06:09.5458850Z Skipped checkout for "tardis/visualization/tools/tests/test_sdec_plot/test_sdec_plotter/test_generate_plot_mpl__plotter_generate_plot_ply14__.h5", content not local. Use fetch to download.
2025-01-31T14:06:09.5460429Z Skipped checkout for "tardis/visualization/tools/tests/test_sdec_plot/test_sdec_plotter/test_generate_plot_mpl__plotter_generate_plot_ply15__.h5", content not local. Use fetch to download.
2025-01-31T14:06:09.5462324Z Skipped checkout for "tardis/visualization/tools/tests/test_sdec_plot/test_sdec_plotter/test_generate_plot_mpl__plotter_generate_plot_ply1__.h5", content not local. Use fetch to download.
2025-01-31T14:06:09.5463860Z Skipped checkout for "tardis/visualization/tools/tests/test_sdec_plot/test_sdec_plotter/test_generate_plot_mpl__plotter_generate_plot_ply2__.h5", content not local. Use fetch to download.
2025-01-31T14:06:09.5464992Z Skipped checkout for "tardis/visualization/tools/tests/test_sdec_plot/test_sdec_plotter/test_generate_plot_mpl__plotter_generate_plot_ply3__.h5", content not local. Use fetch to download.
2025-01-31T14:06:09.5466106Z Skipped checkout for "tardis/visualization/tools/tests/test_sdec_plot/test_sdec_plotter/test_generate_plot_mpl__plotter_generate_plot_ply4__.h5", content not local. Use fetch to download.
2025-01-31T14:06:09.5467828Z Skipped checkout for "tardis/visualization/tools/tests/test_sdec_plot/test_sdec_plotter/test_generate_plot_mpl__plotter_generate_plot_ply5__.h5", content not local. Use fetch to download.
2025-01-31T14:06:09.5469104Z Skipped checkout for "tardis/visualization/tools/tests/test_sdec_plot/test_sdec_plotter/test_generate_plot_mpl__plotter_generate_plot_ply6__.h5", content not local. Use fetch to download.
2025-01-31T14:06:09.5470517Z Skipped checkout for "tardis/visualization/tools/tests/test_sdec_plot/test_sdec_plotter/test_generate_plot_mpl__plotter_generate_plot_ply7__.h5", content not local. Use fetch to download.
2025-01-31T14:06:09.5472144Z Skipped checkout for "tardis/visualization/tools/tests/test_sdec_plot/test_sdec_plotter/test_generate_plot_mpl__plotter_generate_plot_ply8__.h5", content not local. Use fetch to download.
2025-01-31T14:06:09.5473378Z Skipped checkout for "tardis/visualization/tools/tests/test_sdec_plot/test_sdec_plotter/test_generate_plot_mpl__plotter_generate_plot_ply9__.h5", content not local. Use fetch to download.
2025-01-31T14:06:09.5475250Z Skipped checkout for "tardis/visualization/tools/tests/test_sdec_plot/test_sdec_plotter/test_parse_species_list___full_species_list__.npy", content not local. Use fetch to download.
2025-01-31T14:06:09.5476396Z Skipped checkout for "tardis/visualization/tools/tests/test_sdec_plot/test_sdec_plotter/test_parse_species_list___keep_colour__.npy", content not local. Use fetch to download.
2025-01-31T14:06:09.5477585Z Skipped checkout for "tardis/visualization/tools/tests/test_sdec_plot/test_sdec_plotter/test_parse_species_list___species_list__.npy", content not local. Use fetch to download.
2025-01-31T14:06:09.5478835Z Checking out LFS objects: 100% (204/204), 3.5 GB | 0 B/s, done.
