2025-01-27T08:23:50.2086040Z Prepare all required actions
2025-01-27T08:23:50.2086830Z Getting action download info
2025-01-27T08:23:50.3457590Z Download action repository 'actions/cache@v4' (SHA:1bd1e32a3bdc45362d1e726936510720a7c30a57)
2025-01-27T08:23:50.4516880Z ##[group]Run ./.github/actions/setup_lfs
2025-01-27T08:23:50.4517500Z with:
2025-01-27T08:23:50.4518030Z   regression-data-repo: tardis-sn/tardis-regression-data
2025-01-27T08:23:50.4518720Z   atom-data-sparse: false
2025-01-27T08:23:50.4519200Z env:
2025-01-27T08:23:50.4519600Z   CACHE_NUMBER: 0
2025-01-27T08:23:50.4520860Z   PYTEST_FLAGS: --tardis-regression-data=/Users/runner/work/tardis/tardis/tardis-regression-data --cov=tardis --cov-report=xml --cov-report=html --cov-append
2025-01-27T08:23:50.4522270Z   CODECOV_TOKEN: 
2025-01-27T08:23:50.4522720Z ##[endgroup]
2025-01-27T08:23:50.4652860Z ##[group]Run actions/checkout@v4
2025-01-27T08:23:50.4653390Z with:
2025-01-27T08:23:50.4653850Z   repository: tardis-sn/tardis-regression-data
2025-01-27T08:23:50.4654450Z   path: tardis-regression-data
2025-01-27T08:23:50.4655120Z   token: ***
2025-01-27T08:23:50.4655550Z   ssh-strict: true
2025-01-27T08:23:50.4655970Z   ssh-user: git
2025-01-27T08:23:50.4656410Z   persist-credentials: true
2025-01-27T08:23:50.4656900Z   clean: true
2025-01-27T08:23:50.4657330Z   sparse-checkout-cone-mode: true
2025-01-27T08:23:50.4657850Z   fetch-depth: 1
2025-01-27T08:23:50.4658280Z   fetch-tags: false
2025-01-27T08:23:50.4658800Z   show-progress: true
2025-01-27T08:23:50.4659240Z   lfs: false
2025-01-27T08:23:50.4659640Z   submodules: false
2025-01-27T08:23:50.4660070Z   set-safe-directory: true
2025-01-27T08:23:50.4660530Z env:
2025-01-27T08:23:50.4660900Z   CACHE_NUMBER: 0
2025-01-27T08:23:50.4662130Z   PYTEST_FLAGS: --tardis-regression-data=/Users/runner/work/tardis/tardis/tardis-regression-data --cov=tardis --cov-report=xml --cov-report=html --cov-append
2025-01-27T08:23:50.4663480Z   CODECOV_TOKEN: 
2025-01-27T08:23:50.4663890Z ##[endgroup]
2025-01-27T08:23:50.5709220Z Syncing repository: tardis-sn/tardis-regression-data
2025-01-27T08:23:50.5711950Z ##[group]Getting Git version info
2025-01-27T08:23:50.5712860Z Working directory is '/Users/runner/work/tardis/tardis/tardis-regression-data'
2025-01-27T08:23:50.5738090Z [command]/opt/homebrew/bin/git version
2025-01-27T08:23:50.5780600Z git version 2.48.1
2025-01-27T08:23:50.5794000Z ##[endgroup]
2025-01-27T08:23:50.5798620Z Copying '/Users/runner/.gitconfig' to '/Users/runner/work/_temp/81304a26-cabe-463e-a29d-a73559ec9cf0/.gitconfig'
2025-01-27T08:23:50.5805470Z Temporarily overriding HOME='/Users/runner/work/_temp/81304a26-cabe-463e-a29d-a73559ec9cf0' before making global git config changes
2025-01-27T08:23:50.5807120Z Adding repository directory to the temporary git global config as a safe directory
2025-01-27T08:23:50.5808590Z [command]/opt/homebrew/bin/git config --global --add safe.directory /Users/runner/work/tardis/tardis/tardis-regression-data
2025-01-27T08:23:50.5845640Z ##[group]Initializing the repository
2025-01-27T08:23:50.5848790Z [command]/opt/homebrew/bin/git init /Users/runner/work/tardis/tardis/tardis-regression-data
2025-01-27T08:23:50.5910090Z hint: Using 'master' as the name for the initial branch. This default branch name
2025-01-27T08:23:50.5913510Z hint: is subject to change. To configure the initial branch name to use in all
2025-01-27T08:23:50.5914630Z hint: of your new repositories, which will suppress this warning, call:
2025-01-27T08:23:50.5915410Z hint:
2025-01-27T08:23:50.5915940Z hint: 	git config --global init.defaultBranch <name>
2025-01-27T08:23:50.5916590Z hint:
2025-01-27T08:23:50.5917260Z hint: Names commonly chosen instead of 'master' are 'main', 'trunk' and
2025-01-27T08:23:50.5918370Z hint: 'development'. The just-created branch can be renamed via this command:
2025-01-27T08:23:50.5919170Z hint:
2025-01-27T08:23:50.5919600Z hint: 	git branch -m <name>
2025-01-27T08:23:50.5920540Z Initialized empty Git repository in /Users/runner/work/tardis/tardis/tardis-regression-data/.git/
2025-01-27T08:23:50.5922860Z [command]/opt/homebrew/bin/git remote add origin https://github.com/tardis-sn/tardis-regression-data
2025-01-27T08:23:50.5958660Z ##[endgroup]
2025-01-27T08:23:50.5959980Z ##[group]Disabling automatic garbage collection
2025-01-27T08:23:50.5961010Z [command]/opt/homebrew/bin/git config --local gc.auto 0
2025-01-27T08:23:50.5996270Z ##[endgroup]
2025-01-27T08:23:50.5997080Z ##[group]Setting up auth
2025-01-27T08:23:50.5999830Z [command]/opt/homebrew/bin/git config --local --name-only --get-regexp core\.sshCommand
2025-01-27T08:23:50.6035120Z [command]/opt/homebrew/bin/git submodule foreach --recursive sh -c "git config --local --name-only --get-regexp 'core\.sshCommand' && git config --local --unset-all 'core.sshCommand' || :"
2025-01-27T08:23:50.6526450Z [command]/opt/homebrew/bin/git config --local --name-only --get-regexp http\.https\:\/\/github\.com\/\.extraheader
2025-01-27T08:23:50.6560720Z [command]/opt/homebrew/bin/git submodule foreach --recursive sh -c "git config --local --name-only --get-regexp 'http\.https\:\/\/github\.com\/\.extraheader' && git config --local --unset-all 'http.https://github.com/.extraheader' || :"
2025-01-27T08:23:50.7000020Z [command]/opt/homebrew/bin/git config --local http.https://github.com/.extraheader AUTHORIZATION: basic ***
2025-01-27T08:23:50.7045720Z ##[endgroup]
2025-01-27T08:23:50.7046600Z ##[group]Determining the default branch
2025-01-27T08:23:50.7047420Z Retrieving the default branch name
2025-01-27T08:23:51.1186470Z Default branch 'main'
2025-01-27T08:23:51.1288330Z ##[endgroup]
2025-01-27T08:23:51.1390110Z ##[group]Fetching the repository
2025-01-27T08:23:51.1491730Z [command]/opt/homebrew/bin/git -c protocol.version=2 fetch --no-tags --prune --no-recurse-submodules --depth=1 origin +refs/heads/main:refs/remotes/origin/main
2025-01-27T08:23:52.0505010Z From https://github.com/tardis-sn/tardis-regression-data
2025-01-27T08:23:52.0569920Z  * [new branch]      main       -> origin/main
2025-01-27T08:23:52.0642680Z ##[endgroup]
2025-01-27T08:23:52.0653390Z ##[group]Determining the checkout info
2025-01-27T08:23:52.0665260Z ##[endgroup]
2025-01-27T08:23:52.0669030Z [command]/opt/homebrew/bin/git sparse-checkout disable
2025-01-27T08:23:52.0675960Z [command]/opt/homebrew/bin/git config --local --unset-all extensions.worktreeConfig
2025-01-27T08:23:52.0705650Z ##[group]Checking out the ref
2025-01-27T08:23:52.0708850Z [command]/opt/homebrew/bin/git checkout --progress --force -B main refs/remotes/origin/main
2025-01-27T08:23:52.2361930Z Switched to a new branch 'main'
2025-01-27T08:23:52.2363930Z branch 'main' set up to track 'origin/main'.
2025-01-27T08:23:52.2923750Z ##[endgroup]
2025-01-27T08:23:52.2978580Z [command]/opt/homebrew/bin/git log -1 --format=%H
2025-01-27T08:23:52.3021020Z fa7729bc9c30e14b69acd641af8b692b56fcd416
2025-01-27T08:23:52.3109930Z ##[group]Run if [ "false" == "true" ]; then
2025-01-27T08:23:52.3110400Z [36;1mif [ "false" == "true" ]; then[0m
2025-01-27T08:23:52.3110740Z [36;1m  echo "Using atom data sparse checkout"[0m
2025-01-27T08:23:52.3111130Z [36;1m  echo "atom_data/kurucz_cd23_chianti_H_He.h5" > .lfs-files-list[0m
2025-01-27T08:23:52.3111510Z [36;1melse[0m
2025-01-27T08:23:52.3111780Z [36;1m  echo "Using full repository checkout"[0m
2025-01-27T08:23:52.3112180Z [36;1m  git lfs ls-files -l | cut -d' ' -f1 | sort > .lfs-files-list[0m
2025-01-27T08:23:52.3112530Z [36;1mfi[0m
2025-01-27T08:23:52.3165460Z shell: /bin/bash --noprofile --norc -e -o pipefail {0}
2025-01-27T08:23:52.3165860Z env:
2025-01-27T08:23:52.3166130Z   CACHE_NUMBER: 0
2025-01-27T08:23:52.3166780Z   PYTEST_FLAGS: --tardis-regression-data=/Users/runner/work/tardis/tardis/tardis-regression-data --cov=tardis --cov-report=xml --cov-report=html --cov-append
2025-01-27T08:23:52.3167450Z   CODECOV_TOKEN: 
2025-01-27T08:23:52.3167700Z ##[endgroup]
2025-01-27T08:23:52.3443100Z Using full repository checkout
2025-01-27T08:23:52.5779360Z ##[group]Run actions/cache/restore@v4
2025-01-27T08:23:52.5779780Z with:
2025-01-27T08:23:52.5780010Z   path: tardis-regression-data/.git/lfs
2025-01-27T08:23:52.5780950Z   key: tardis-regression-full-data-21f9fa4b6817cc69b9fae3598144724da7828e276a73bd17f47a2a49d9af090a-tardis-sn/tardis-regression-data-v1
2025-01-27T08:23:52.5781730Z   enableCrossOsArchive: false
2025-01-27T08:23:52.5782000Z   fail-on-cache-miss: false
2025-01-27T08:23:52.5782240Z   lookup-only: false
2025-01-27T08:23:52.5782590Z env:
2025-01-27T08:23:52.5782820Z   CACHE_NUMBER: 0
2025-01-27T08:23:52.5783420Z   PYTEST_FLAGS: --tardis-regression-data=/Users/runner/work/tardis/tardis/tardis-regression-data --cov=tardis --cov-report=xml --cov-report=html --cov-append
2025-01-27T08:23:52.5784030Z   CODECOV_TOKEN: 
2025-01-27T08:23:52.5784270Z ##[endgroup]
2025-01-27T08:23:52.9590780Z Cache not found for input keys: tardis-regression-full-data-21f9fa4b6817cc69b9fae3598144724da7828e276a73bd17f47a2a49d9af090a-tardis-sn/tardis-regression-data-v1
2025-01-27T08:23:52.9706600Z ##[error]Can't find 'action.yml', 'action.yaml' or 'Dockerfile' under '/Users/runner/work/tardis/tardis/.github/workflows/lfs-cache.yml'. Did you forget to run actions/checkout before running your local action?
