2025-02-24T12:32:29.9730742Z Requested labels: ubuntu-latest
2025-02-24T12:32:29.9731081Z Job defined at: tardis-sn/tardis/.github/workflows/tests.yml@refs/pull/2993/merge
2025-02-24T12:32:29.9731233Z Waiting for a runner to pick up this job...
2025-02-24T12:32:30.2911674Z Job is waiting for a hosted runner to come online.
2025-02-24T12:32:33.2611281Z Job is about to start running on the hosted runner: GitHub Actions 38 (hosted)
2025-02-24T12:32:35.5916561Z Current runner version: '2.322.0'
2025-02-24T12:32:35.5942467Z ##[group]Operating System
2025-02-24T12:32:35.5943431Z Ubuntu
2025-02-24T12:32:35.5944012Z 24.04.1
2025-02-24T12:32:35.5944495Z LTS
2025-02-24T12:32:35.5945097Z ##[endgroup]
2025-02-24T12:32:35.5945644Z ##[group]Runner Image
2025-02-24T12:32:35.5946251Z Image: ubuntu-24.04
2025-02-24T12:32:35.5946797Z Version: 20250209.1.0
2025-02-24T12:32:35.5947832Z Included Software: https://github.com/actions/runner-images/blob/ubuntu24/20250209.1/images/ubuntu/Ubuntu2404-Readme.md
2025-02-24T12:32:35.5949208Z Image Release: https://github.com/actions/runner-images/releases/tag/ubuntu24%2F20250209.1
2025-02-24T12:32:35.5950152Z ##[endgroup]
2025-02-24T12:32:35.5950669Z ##[group]Runner Image Provisioner
2025-02-24T12:32:35.5951567Z 2.0.422.1
2025-02-24T12:32:35.5952072Z ##[endgroup]
2025-02-24T12:32:35.5954372Z ##[group]GITHUB_TOKEN Permissions
2025-02-24T12:32:35.5956684Z Actions: write
2025-02-24T12:32:35.5957535Z Attestations: write
2025-02-24T12:32:35.5958166Z Checks: write
2025-02-24T12:32:35.5958721Z Contents: write
2025-02-24T12:32:35.5959269Z Deployments: write
2025-02-24T12:32:35.5959800Z Discussions: write
2025-02-24T12:32:35.5960310Z Issues: write
2025-02-24T12:32:35.5960836Z Metadata: read
2025-02-24T12:32:35.5961504Z Packages: write
2025-02-24T12:32:35.5962103Z Pages: write
2025-02-24T12:32:35.5962608Z PullRequests: write
2025-02-24T12:32:35.5963140Z RepositoryProjects: write
2025-02-24T12:32:35.5963795Z SecurityEvents: write
2025-02-24T12:32:35.5964291Z Statuses: write
2025-02-24T12:32:35.5964776Z ##[endgroup]
2025-02-24T12:32:35.5967748Z Secret source: Actions
2025-02-24T12:32:35.5968468Z Prepare workflow directory
2025-02-24T12:32:35.6619469Z Prepare all required actions
2025-02-24T12:32:35.6656481Z Getting action download info
2025-02-24T12:32:35.9151632Z ##[group]Download immutable action package 'actions/checkout@v4'
2025-02-24T12:32:35.9152620Z Version: 4.2.2
2025-02-24T12:32:35.9153464Z Digest: sha256:ccb2698953eaebd21c7bf6268a94f9c26518a7e38e27e0b83c1fe1ad049819b1
2025-02-24T12:32:35.9154482Z Source commit SHA: 11bd71901bbe5b1630ceea73d27597364c9af683
2025-02-24T12:32:35.9155095Z ##[endgroup]
2025-02-24T12:32:36.0019112Z ##[group]Download immutable action package 'actions/upload-artifact@v4'
2025-02-24T12:32:36.0019850Z Version: 4.6.1
2025-02-24T12:32:36.0020510Z Digest: sha256:3f6a28e7a1e0b5c8e2249e28da121a049fa5b91863b04390a46a82e4f8e2da98
2025-02-24T12:32:36.0021641Z Source commit SHA: 4cec3d8aa04e39d1a68397de0c4cd6fb9dce8ec1
2025-02-24T12:32:36.0022254Z ##[endgroup]
2025-02-24T12:32:36.3980154Z Complete job name: not continuum ubuntu-latest 
2025-02-24T12:32:36.4636394Z ##[group]Run actions/checkout@v4
2025-02-24T12:32:36.4637238Z with:
2025-02-24T12:32:36.4637639Z   repository: tardis-sn/tardis
2025-02-24T12:32:36.4638352Z   token: ***
2025-02-24T12:32:36.4638742Z   ssh-strict: true
2025-02-24T12:32:36.4639148Z   ssh-user: git
2025-02-24T12:32:36.4639560Z   persist-credentials: true
2025-02-24T12:32:36.4640020Z   clean: true
2025-02-24T12:32:36.4640453Z   sparse-checkout-cone-mode: true
2025-02-24T12:32:36.4640941Z   fetch-depth: 1
2025-02-24T12:32:36.4641539Z   fetch-tags: false
2025-02-24T12:32:36.4641952Z   show-progress: true
2025-02-24T12:32:36.4642367Z   lfs: false
2025-02-24T12:32:36.4642751Z   submodules: false
2025-02-24T12:32:36.4643163Z   set-safe-directory: true
2025-02-24T12:32:36.4643867Z env:
2025-02-24T12:32:36.4644245Z   CACHE_NUMBER: 0
2025-02-24T12:32:36.4645379Z   PYTEST_FLAGS: --tardis-regression-data=/home/runner/work/tardis/tardis/tardis-regression-data --cov=tardis --cov-report=xml --cov-report=html --cov-append
2025-02-24T12:32:36.4646730Z   CODECOV_TOKEN: ***
2025-02-24T12:32:36.4647144Z ##[endgroup]
2025-02-24T12:32:36.7045300Z Syncing repository: tardis-sn/tardis
2025-02-24T12:32:36.7047185Z ##[group]Getting Git version info
2025-02-24T12:32:36.7047899Z Working directory is '/home/runner/work/tardis/tardis'
2025-02-24T12:32:36.7048980Z [command]/usr/bin/git version
2025-02-24T12:32:36.7132562Z git version 2.48.1
2025-02-24T12:32:36.7165001Z ##[endgroup]
2025-02-24T12:32:36.7179375Z Temporarily overriding HOME='/home/runner/work/_temp/3ba082f2-ec79-402e-ae94-7aa2790531cc' before making global git config changes
2025-02-24T12:32:36.7185121Z Adding repository directory to the temporary git global config as a safe directory
2025-02-24T12:32:36.7186298Z [command]/usr/bin/git config --global --add safe.directory /home/runner/work/tardis/tardis
2025-02-24T12:32:36.7223710Z Deleting the contents of '/home/runner/work/tardis/tardis'
2025-02-24T12:32:36.7228246Z ##[group]Initializing the repository
2025-02-24T12:32:36.7232183Z [command]/usr/bin/git init /home/runner/work/tardis/tardis
2025-02-24T12:32:36.7303101Z hint: Using 'master' as the name for the initial branch. This default branch name
2025-02-24T12:32:36.7304278Z hint: is subject to change. To configure the initial branch name to use in all
2025-02-24T12:32:36.7305160Z hint: of your new repositories, which will suppress this warning, call:
2025-02-24T12:32:36.7305811Z hint:
2025-02-24T12:32:36.7306315Z hint: 	git config --global init.defaultBranch <name>
2025-02-24T12:32:36.7306880Z hint:
2025-02-24T12:32:36.7307548Z hint: Names commonly chosen instead of 'master' are 'main', 'trunk' and
2025-02-24T12:32:36.7308443Z hint: 'development'. The just-created branch can be renamed via this command:
2025-02-24T12:32:36.7309140Z hint:
2025-02-24T12:32:36.7309521Z hint: 	git branch -m <name>
2025-02-24T12:32:36.7310671Z Initialized empty Git repository in /home/runner/work/tardis/tardis/.git/
2025-02-24T12:32:36.7322582Z [command]/usr/bin/git remote add origin https://github.com/tardis-sn/tardis
2025-02-24T12:32:36.7356339Z ##[endgroup]
2025-02-24T12:32:36.7357054Z ##[group]Disabling automatic garbage collection
2025-02-24T12:32:36.7360528Z [command]/usr/bin/git config --local gc.auto 0
2025-02-24T12:32:36.7389841Z ##[endgroup]
2025-02-24T12:32:36.7391319Z ##[group]Setting up auth
2025-02-24T12:32:36.7397677Z [command]/usr/bin/git config --local --name-only --get-regexp core\.sshCommand
2025-02-24T12:32:36.7428833Z [command]/usr/bin/git submodule foreach --recursive sh -c "git config --local --name-only --get-regexp 'core\.sshCommand' && git config --local --unset-all 'core.sshCommand' || :"
2025-02-24T12:32:36.7756235Z [command]/usr/bin/git config --local --name-only --get-regexp http\.https\:\/\/github\.com\/\.extraheader
2025-02-24T12:32:36.7788092Z [command]/usr/bin/git submodule foreach --recursive sh -c "git config --local --name-only --get-regexp 'http\.https\:\/\/github\.com\/\.extraheader' && git config --local --unset-all 'http.https://github.com/.extraheader' || :"
2025-02-24T12:32:36.8021939Z [command]/usr/bin/git config --local http.https://github.com/.extraheader AUTHORIZATION: basic ***
2025-02-24T12:32:36.8069505Z ##[endgroup]
2025-02-24T12:32:36.8070918Z ##[group]Fetching the repository
2025-02-24T12:32:36.8166865Z [command]/usr/bin/git -c protocol.version=2 fetch --no-tags --prune --no-recurse-submodules --depth=1 origin +2cb0de9b04e926466e28e62ca4906ceaeb596d15:refs/remotes/pull/2993/merge
2025-02-24T12:32:38.2534066Z From https://github.com/tardis-sn/tardis
2025-02-24T12:32:38.2535358Z  * [new ref]         2cb0de9b04e926466e28e62ca4906ceaeb596d15 -> pull/2993/merge
2025-02-24T12:32:38.2560997Z ##[endgroup]
2025-02-24T12:32:38.2562256Z ##[group]Determining the checkout info
2025-02-24T12:32:38.2563719Z ##[endgroup]
2025-02-24T12:32:38.2568884Z [command]/usr/bin/git sparse-checkout disable
2025-02-24T12:32:38.2609817Z [command]/usr/bin/git config --local --unset-all extensions.worktreeConfig
2025-02-24T12:32:38.2639430Z ##[group]Checking out the ref
2025-02-24T12:32:38.2644113Z [command]/usr/bin/git checkout --progress --force refs/remotes/pull/2993/merge
2025-02-24T12:32:38.4688240Z Note: switching to 'refs/remotes/pull/2993/merge'.
2025-02-24T12:32:38.4689085Z 
2025-02-24T12:32:38.4689676Z You are in 'detached HEAD' state. You can look around, make experimental
2025-02-24T12:32:38.4691349Z changes and commit them, and you can discard any commits you make in this
2025-02-24T12:32:38.4693129Z state without impacting any branches by switching back to a branch.
2025-02-24T12:32:38.4693931Z 
2025-02-24T12:32:38.4694492Z If you want to create a new branch to retain commits you create, you may
2025-02-24T12:32:38.4695689Z do so (now or later) by using -c with the switch command. Example:
2025-02-24T12:32:38.4696418Z 
2025-02-24T12:32:38.4696736Z   git switch -c <new-branch-name>
2025-02-24T12:32:38.4697311Z 
2025-02-24T12:32:38.4697639Z Or undo this operation with:
2025-02-24T12:32:38.4698142Z 
2025-02-24T12:32:38.4698432Z   git switch -
2025-02-24T12:32:38.4698850Z 
2025-02-24T12:32:38.4699514Z Turn off this advice by setting config variable advice.detachedHead to false
2025-02-24T12:32:38.4700462Z 
2025-02-24T12:32:38.4701634Z HEAD is now at 2cb0de9 Merge 1101a200d0397b94be4e264383aef31d36498c00 into 6e790c66049717c1a7df370212bf7063c85b7fdd
2025-02-24T12:32:38.4709680Z ##[endgroup]
2025-02-24T12:32:38.4749095Z [command]/usr/bin/git log -1 --format=%H
2025-02-24T12:32:38.4773183Z 2cb0de9b04e926466e28e62ca4906ceaeb596d15
2025-02-24T12:32:38.5164068Z Prepare all required actions
2025-02-24T12:32:38.5165468Z Getting action download info
2025-02-24T12:32:38.7074389Z ##[group]Download immutable action package 'actions/cache@v4'
2025-02-24T12:32:38.7074895Z Version: 4.2.1
2025-02-24T12:32:38.7075353Z Digest: sha256:b0404c9628d43aa6855629075b28f32cadf8efc5c26198438149f78500112940
2025-02-24T12:32:38.7075938Z Source commit SHA: 0c907a75c2c80ebcb7f088228285e798b750cf8f
2025-02-24T12:32:38.7076351Z ##[endgroup]
2025-02-24T12:32:39.0310611Z ##[group]Run ./.github/actions/setup_lfs
2025-02-24T12:32:39.0310981Z with:
2025-02-24T12:32:39.0311450Z   regression-data-repo: tardis-sn/tardis-regression-data
2025-02-24T12:32:39.0311826Z   atom-data-sparse: false
2025-02-24T12:32:39.0312096Z env:
2025-02-24T12:32:39.0312317Z   CACHE_NUMBER: 0
2025-02-24T12:32:39.0313007Z   PYTEST_FLAGS: --tardis-regression-data=/home/runner/work/tardis/tardis/tardis-regression-data --cov=tardis --cov-report=xml --cov-report=html --cov-append
2025-02-24T12:32:39.0313953Z   CODECOV_TOKEN: ***
2025-02-24T12:32:39.0314225Z ##[endgroup]
2025-02-24T12:32:39.0453816Z ##[group]Run actions/checkout@v4
2025-02-24T12:32:39.0454117Z with:
2025-02-24T12:32:39.0454394Z   repository: tardis-sn/tardis-regression-data
2025-02-24T12:32:39.0454749Z   path: tardis-regression-data
2025-02-24T12:32:39.0455027Z   lfs: false
2025-02-24T12:32:39.0455406Z   token: ***
2025-02-24T12:32:39.0455656Z   ssh-strict: true
2025-02-24T12:32:39.0455899Z   ssh-user: git
2025-02-24T12:32:39.0456144Z   persist-credentials: true
2025-02-24T12:32:39.0456415Z   clean: true
2025-02-24T12:32:39.0456671Z   sparse-checkout-cone-mode: true
2025-02-24T12:32:39.0456971Z   fetch-depth: 1
2025-02-24T12:32:39.0457214Z   fetch-tags: false
2025-02-24T12:32:39.0457461Z   show-progress: true
2025-02-24T12:32:39.0457723Z   submodules: false
2025-02-24T12:32:39.0457967Z   set-safe-directory: true
2025-02-24T12:32:39.0458227Z env:
2025-02-24T12:32:39.0458441Z   CACHE_NUMBER: 0
2025-02-24T12:32:39.0459147Z   PYTEST_FLAGS: --tardis-regression-data=/home/runner/work/tardis/tardis/tardis-regression-data --cov=tardis --cov-report=xml --cov-report=html --cov-append
2025-02-24T12:32:39.0459927Z   CODECOV_TOKEN: ***
2025-02-24T12:32:39.0460198Z ##[endgroup]
2025-02-24T12:32:39.1412180Z Syncing repository: tardis-sn/tardis-regression-data
2025-02-24T12:32:39.1418279Z ##[group]Getting Git version info
2025-02-24T12:32:39.1419077Z Working directory is '/home/runner/work/tardis/tardis/tardis-regression-data'
2025-02-24T12:32:39.1461876Z [command]/usr/bin/git version
2025-02-24T12:32:39.1505923Z git version 2.48.1
2025-02-24T12:32:39.1530888Z ##[endgroup]
2025-02-24T12:32:39.1543835Z Temporarily overriding HOME='/home/runner/work/_temp/4162e364-ada6-446e-9cfb-f6a678509242' before making global git config changes
2025-02-24T12:32:39.1544851Z Adding repository directory to the temporary git global config as a safe directory
2025-02-24T12:32:39.1549166Z [command]/usr/bin/git config --global --add safe.directory /home/runner/work/tardis/tardis/tardis-regression-data
2025-02-24T12:32:39.1579094Z ##[group]Initializing the repository
2025-02-24T12:32:39.1584293Z [command]/usr/bin/git init /home/runner/work/tardis/tardis/tardis-regression-data
2025-02-24T12:32:39.1618874Z hint: Using 'master' as the name for the initial branch. This default branch name
2025-02-24T12:32:39.1621540Z hint: is subject to change. To configure the initial branch name to use in all
2025-02-24T12:32:39.1622578Z hint: of your new repositories, which will suppress this warning, call:
2025-02-24T12:32:39.1623340Z hint:
2025-02-24T12:32:39.1623937Z hint: 	git config --global init.defaultBranch <name>
2025-02-24T12:32:39.1624563Z hint:
2025-02-24T12:32:39.1625236Z hint: Names commonly chosen instead of 'master' are 'main', 'trunk' and
2025-02-24T12:32:39.1626495Z hint: 'development'. The just-created branch can be renamed via this command:
2025-02-24T12:32:39.1627275Z hint:
2025-02-24T12:32:39.1627685Z hint: 	git branch -m <name>
2025-02-24T12:32:39.1628973Z Initialized empty Git repository in /home/runner/work/tardis/tardis/tardis-regression-data/.git/
2025-02-24T12:32:39.1632287Z [command]/usr/bin/git remote add origin https://github.com/tardis-sn/tardis-regression-data
2025-02-24T12:32:39.1663793Z ##[endgroup]
2025-02-24T12:32:39.1664623Z ##[group]Disabling automatic garbage collection
2025-02-24T12:32:39.1669160Z [command]/usr/bin/git config --local gc.auto 0
2025-02-24T12:32:39.1698931Z ##[endgroup]
2025-02-24T12:32:39.1699764Z ##[group]Setting up auth
2025-02-24T12:32:39.1706246Z [command]/usr/bin/git config --local --name-only --get-regexp core\.sshCommand
2025-02-24T12:32:39.1736876Z [command]/usr/bin/git submodule foreach --recursive sh -c "git config --local --name-only --get-regexp 'core\.sshCommand' && git config --local --unset-all 'core.sshCommand' || :"
2025-02-24T12:32:39.1967070Z [command]/usr/bin/git config --local --name-only --get-regexp http\.https\:\/\/github\.com\/\.extraheader
2025-02-24T12:32:39.1998039Z [command]/usr/bin/git submodule foreach --recursive sh -c "git config --local --name-only --get-regexp 'http\.https\:\/\/github\.com\/\.extraheader' && git config --local --unset-all 'http.https://github.com/.extraheader' || :"
2025-02-24T12:32:39.2232486Z [command]/usr/bin/git config --local http.https://github.com/.extraheader AUTHORIZATION: basic ***
2025-02-24T12:32:39.2268676Z ##[endgroup]
2025-02-24T12:32:39.2269410Z ##[group]Determining the default branch
2025-02-24T12:32:39.2272283Z Retrieving the default branch name
2025-02-24T12:32:39.5206809Z Default branch 'main'
2025-02-24T12:32:39.5208280Z ##[endgroup]
2025-02-24T12:32:39.5209193Z ##[group]Fetching the repository
2025-02-24T12:32:39.5216246Z [command]/usr/bin/git -c protocol.version=2 fetch --no-tags --prune --no-recurse-submodules --depth=1 origin +refs/heads/main:refs/remotes/origin/main
2025-02-24T12:32:43.1039527Z From https://github.com/tardis-sn/tardis-regression-data
2025-02-24T12:32:43.1040220Z  * [new branch]      main       -> origin/main
2025-02-24T12:32:43.1067643Z ##[endgroup]
2025-02-24T12:32:43.1068274Z ##[group]Determining the checkout info
2025-02-24T12:32:43.1069419Z ##[endgroup]
2025-02-24T12:32:43.1075137Z [command]/usr/bin/git sparse-checkout disable
2025-02-24T12:32:43.1111383Z [command]/usr/bin/git config --local --unset-all extensions.worktreeConfig
2025-02-24T12:32:43.1144134Z ##[group]Checking out the ref
2025-02-24T12:32:43.1144821Z [command]/usr/bin/git checkout --progress --force -B main refs/remotes/origin/main
2025-02-24T12:32:43.2152827Z Switched to a new branch 'main'
2025-02-24T12:32:43.2154593Z branch 'main' set up to track 'origin/main'.
2025-02-24T12:32:43.2423235Z ##[endgroup]
2025-02-24T12:32:43.2461967Z [command]/usr/bin/git log -1 --format=%H
2025-02-24T12:32:43.2485319Z 84e768462f20f09fbccc05625cdcc1d8ffbe404c
2025-02-24T12:32:43.2628374Z ##[group]Run if [ "false" == "true" ]; then
2025-02-24T12:32:43.2628760Z [36;1mif [ "false" == "true" ]; then[0m
2025-02-24T12:32:43.2629063Z [36;1m  echo "Using atom data sparse checkout"[0m
2025-02-24T12:32:43.2629665Z [36;1m  echo "atom_data/kurucz_cd23_chianti_H_He.h5" > .lfs-files-list[0m
2025-02-24T12:32:43.2629988Z [36;1melse[0m
2025-02-24T12:32:43.2630205Z [36;1m  echo "Using full repository checkout"[0m
2025-02-24T12:32:43.2630559Z [36;1m  git lfs ls-files -l | cut -d' ' -f1 | sort > .lfs-files-list[0m
2025-02-24T12:32:43.2630888Z [36;1mfi[0m
2025-02-24T12:32:43.2834340Z shell: /usr/bin/bash --noprofile --norc -e -o pipefail {0}
2025-02-24T12:32:43.2834781Z env:
2025-02-24T12:32:43.2835006Z   CACHE_NUMBER: 0
2025-02-24T12:32:43.2835715Z   PYTEST_FLAGS: --tardis-regression-data=/home/runner/work/tardis/tardis/tardis-regression-data --cov=tardis --cov-report=xml --cov-report=html --cov-append
2025-02-24T12:32:43.2836728Z   CODECOV_TOKEN: ***
2025-02-24T12:32:43.2836952Z ##[endgroup]
2025-02-24T12:32:43.2938319Z Using full repository checkout
2025-02-24T12:32:43.4440979Z ##[group]Run actions/cache/restore@v4
2025-02-24T12:32:43.4441509Z with:
2025-02-24T12:32:43.4441711Z   path: tardis-regression-data/.git/lfs
2025-02-24T12:32:43.4442585Z   key: tardis-regression-full-data-c8ff2bbb6048b3f24d3f52a1e85b013ad47e52c369a6ce4cfdeff528b659b86f-tardis-sn/tardis-regression-data-v1
2025-02-24T12:32:43.4443232Z   fail-on-cache-miss: true
2025-02-24T12:32:43.4443464Z   enableCrossOsArchive: false
2025-02-24T12:32:43.4443690Z   lookup-only: false
2025-02-24T12:32:43.4443883Z env:
2025-02-24T12:32:43.4444047Z   CACHE_NUMBER: 0
2025-02-24T12:32:43.4444654Z   PYTEST_FLAGS: --tardis-regression-data=/home/runner/work/tardis/tardis/tardis-regression-data --cov=tardis --cov-report=xml --cov-report=html --cov-append
2025-02-24T12:32:43.4445452Z   CODECOV_TOKEN: ***
2025-02-24T12:32:43.4445643Z ##[endgroup]
2025-02-24T12:32:43.8532802Z Cache hit for: tardis-regression-full-data-c8ff2bbb6048b3f24d3f52a1e85b013ad47e52c369a6ce4cfdeff528b659b86f-tardis-sn/tardis-regression-data-v1
2025-02-24T12:32:45.1538782Z Received 4194304 of 2161656325 (0.2%), 4.0 MBs/sec
2025-02-24T12:32:46.1536239Z Received 113246208 of 2161656325 (5.2%), 54.0 MBs/sec
2025-02-24T12:32:47.1539372Z Received 213909504 of 2161656325 (9.9%), 68.0 MBs/sec
2025-02-24T12:32:48.1544005Z Received 318767104 of 2161656325 (14.7%), 76.0 MBs/sec
2025-02-24T12:32:49.1546608Z Received 406847488 of 2161656325 (18.8%), 77.6 MBs/sec
2025-02-24T12:32:50.1550252Z Received 520093696 of 2161656325 (24.1%), 82.6 MBs/sec
2025-02-24T12:32:51.1556466Z Received 612368384 of 2161656325 (28.3%), 83.4 MBs/sec
2025-02-24T12:32:52.1563622Z Received 687865856 of 2161656325 (31.8%), 82.0 MBs/sec
2025-02-24T12:32:53.1622669Z Received 796917760 of 2161656325 (36.9%), 84.4 MBs/sec
2025-02-24T12:32:54.1579443Z Received 880803840 of 2161656325 (40.7%), 84.0 MBs/sec
2025-02-24T12:32:55.1580334Z Received 939524096 of 2161656325 (43.5%), 81.4 MBs/sec
2025-02-24T12:32:56.1577454Z Received 1048576000 of 2161656325 (48.5%), 83.3 MBs/sec
2025-02-24T12:32:57.1577381Z Received 1111490560 of 2161656325 (51.4%), 81.5 MBs/sec
2025-02-24T12:32:58.1578787Z Received 1207959552 of 2161656325 (55.9%), 82.3 MBs/sec
2025-02-24T12:32:59.1583746Z Received 1300234240 of 2161656325 (60.1%), 82.6 MBs/sec
2025-02-24T12:33:00.1586750Z Received 1342177280 of 2161656325 (62.1%), 80.0 MBs/sec
2025-02-24T12:33:01.1593438Z Received 1434451968 of 2161656325 (66.4%), 80.4 MBs/sec
2025-02-24T12:33:02.1595705Z Received 1484783616 of 2161656325 (68.7%), 78.6 MBs/sec
2025-02-24T12:33:03.1600884Z Received 1568669696 of 2161656325 (72.6%), 78.7 MBs/sec
2025-02-24T12:33:04.1597119Z Received 1610612736 of 2161656325 (74.5%), 76.8 MBs/sec
2025-02-24T12:33:05.1600083Z Received 1702887424 of 2161656325 (78.8%), 77.3 MBs/sec
2025-02-24T12:33:06.1597128Z Received 1744830464 of 2161656325 (80.7%), 75.6 MBs/sec
2025-02-24T12:33:07.1610791Z Received 1807745024 of 2161656325 (83.6%), 74.9 MBs/sec
2025-02-24T12:33:08.1608944Z Received 1879048192 of 2161656325 (86.9%), 74.6 MBs/sec
2025-02-24T12:33:09.1610171Z Received 1937768448 of 2161656325 (89.6%), 73.9 MBs/sec
2025-02-24T12:33:10.1605700Z Received 2004877312 of 2161656325 (92.7%), 73.5 MBs/sec
2025-02-24T12:33:11.1616352Z Received 2059403264 of 2161656325 (95.3%), 72.7 MBs/sec
2025-02-24T12:33:12.1626932Z Received 2122317824 of 2161656325 (98.2%), 72.3 MBs/sec
2025-02-24T12:33:13.1629111Z Received 2153267717 of 2161656325 (99.6%), 70.8 MBs/sec
2025-02-24T12:33:13.5583012Z Received 2161656325 of 2161656325 (100.0%), 70.1 MBs/sec
2025-02-24T12:33:13.5585841Z Cache Size: ~2062 MB (2161656325 B)
2025-02-24T12:33:13.5629801Z [command]/usr/bin/tar -xf /home/runner/work/_temp/57847905-0b62-419e-8e0d-b3cacdde3229/cache.tzst -P -C /home/runner/work/tardis/tardis --use-compress-program unzstd
2025-02-24T12:33:23.7178957Z Cache restored successfully
2025-02-24T12:33:24.8715576Z Cache restored from key: tardis-regression-full-data-c8ff2bbb6048b3f24d3f52a1e85b013ad47e52c369a6ce4cfdeff528b659b86f-tardis-sn/tardis-regression-data-v1
2025-02-24T12:33:24.8840218Z ##[group]Run git lfs checkout
2025-02-24T12:33:24.8840493Z [36;1mgit lfs checkout[0m
2025-02-24T12:33:24.8896931Z shell: /usr/bin/bash --noprofile --norc -e -o pipefail {0}
2025-02-24T12:33:24.8897278Z env:
2025-02-24T12:33:24.8897475Z   CACHE_NUMBER: 0
2025-02-24T12:33:24.8898087Z   PYTEST_FLAGS: --tardis-regression-data=/home/runner/work/tardis/tardis/tardis-regression-data --cov=tardis --cov-report=xml --cov-report=html --cov-append
2025-02-24T12:33:24.8898890Z   CODECOV_TOKEN: ***
2025-02-24T12:33:24.8899089Z ##[endgroup]
2025-02-24T12:33:44.4732069Z Checking out LFS objects: 100% (204/204), 5.7 GB | 261 MB/s, done.
2025-02-24T12:33:47.7914404Z Prepare all required actions
2025-02-24T12:33:47.7914764Z Getting action download info
2025-02-24T12:33:47.9546568Z Download action repository 'mamba-org/setup-micromamba@v1' (SHA:4b9113af4fba0e9e1124b252dd6497a419e7396d)
2025-02-24T12:33:48.4995629Z ##[group]Run ./.github/actions/setup_env
2025-02-24T12:33:48.4995908Z with:
2025-02-24T12:33:48.4996095Z   os-label: linux-64
2025-02-24T12:33:48.4996289Z env:
2025-02-24T12:33:48.4996458Z   CACHE_NUMBER: 0
2025-02-24T12:33:48.4997074Z   PYTEST_FLAGS: --tardis-regression-data=/home/runner/work/tardis/tardis/tardis-regression-data --cov=tardis --cov-report=xml --cov-report=html --cov-append
2025-02-24T12:33:48.4997869Z   CODECOV_TOKEN: ***
2025-02-24T12:33:48.4998073Z ##[endgroup]
2025-02-24T12:33:48.5019463Z ##[group]Run file_hash=$(cat conda-linux-64.lock | shasum -a 256 | cut -d' ' -f1)
2025-02-24T12:33:48.5019947Z [36;1mfile_hash=$(cat conda-linux-64.lock | shasum -a 256 | cut -d' ' -f1)[0m
2025-02-24T12:33:48.5020513Z [36;1mecho "file_hash=tardis-conda-env-linux-64-${file_hash}-v1" >> "${GITHUB_OUTPUT}"[0m
2025-02-24T12:33:48.5083878Z shell: /usr/bin/bash --noprofile --norc -e -o pipefail {0}
2025-02-24T12:33:48.5084201Z env:
2025-02-24T12:33:48.5084381Z   CACHE_NUMBER: 0
2025-02-24T12:33:48.5084990Z   PYTEST_FLAGS: --tardis-regression-data=/home/runner/work/tardis/tardis/tardis-regression-data --cov=tardis --cov-report=xml --cov-report=html --cov-append
2025-02-24T12:33:48.5085756Z   CODECOV_TOKEN: ***
2025-02-24T12:33:48.5085956Z ##[endgroup]
2025-02-24T12:33:48.5452637Z ##[group]Run mamba-org/setup-micromamba@v1
2025-02-24T12:33:48.5452922Z with:
2025-02-24T12:33:48.5453133Z   environment-file: conda-linux-64.lock
2025-02-24T12:33:48.5453708Z   cache-environment-key: tardis-conda-env-linux-64-d7cd390425b0fd3cf82649dcc003efba9915fb4928f15d342148c3ccffcbe2ee-v1
2025-02-24T12:33:48.5454548Z   cache-downloads-key: tardis-conda-env-linux-64-d7cd390425b0fd3cf82649dcc003efba9915fb4928f15d342148c3ccffcbe2ee-v1
2025-02-24T12:33:48.5455101Z   environment-name: tardis
2025-02-24T12:33:48.5455333Z   cache-environment: true
2025-02-24T12:33:48.5455549Z   cache-downloads: true
2025-02-24T12:33:48.5455752Z env:
2025-02-24T12:33:48.5455922Z   CACHE_NUMBER: 0
2025-02-24T12:33:48.5456523Z   PYTEST_FLAGS: --tardis-regression-data=/home/runner/work/tardis/tardis/tardis-regression-data --cov=tardis --cov-report=xml --cov-report=html --cov-append
2025-02-24T12:33:48.5457313Z   CODECOV_TOKEN: ***
2025-02-24T12:33:48.5457511Z ##[endgroup]
2025-02-24T12:33:48.6843825Z Will download micromamba to /home/runner/micromamba-bin/micromamba
2025-02-24T12:33:48.6855666Z ##[group]Install micromamba
2025-02-24T12:33:49.3225231Z micromamba installed to /home/runner/micromamba-bin/micromamba
2025-02-24T12:33:49.3226278Z ##[endgroup]
2025-02-24T12:33:49.3227085Z Adding conda-forge to condarc channels ...
2025-02-24T12:33:49.3236798Z ##[group]Initialize micromamba for bash.
2025-02-24T12:33:49.3253333Z [command]/home/runner/micromamba-bin/micromamba shell init -s bash -r /home/runner/micromamba --log-level warning --rc-file /home/runner/work/_temp/setup-micromamba/.condarc
2025-02-24T12:33:49.3366238Z Modifying RC file "/home/runner/.bashrc"
2025-02-24T12:33:49.3367230Z Generating config for root prefix [1m"/home/runner/micromamba"[0m
2025-02-24T12:33:49.3368173Z Setting mamba executable to: [1m"/home/runner/micromamba-bin/micromamba"[0m
2025-02-24T12:33:49.3368898Z Adding (or replacing) the following in your "/home/runner/.bashrc" file
2025-02-24T12:33:49.3369321Z 
2025-02-24T12:33:49.3369500Z # >>> mamba initialize >>>
2025-02-24T12:33:49.3369969Z # !! Contents within this block are managed by 'mamba init' !!
2025-02-24T12:33:49.3370589Z export MAMBA_EXE='/home/runner/micromamba-bin/micromamba';
2025-02-24T12:33:49.3371375Z export MAMBA_ROOT_PREFIX='/home/runner/micromamba';
2025-02-24T12:33:49.3372188Z __mamba_setup="$("$MAMBA_EXE" shell hook --shell bash --root-prefix "$MAMBA_ROOT_PREFIX" 2> /dev/null)"
2025-02-24T12:33:49.3372889Z if [ $? -eq 0 ]; then
2025-02-24T12:33:49.3373565Z     eval "$__mamba_setup"
2025-02-24T12:33:49.3373907Z else
2025-02-24T12:33:49.3374337Z     alias micromamba="$MAMBA_EXE"  # Fallback on help from mamba activate
2025-02-24T12:33:49.3374896Z fi
2025-02-24T12:33:49.3375157Z unset __mamba_setup
2025-02-24T12:33:49.3375489Z # <<< mamba initialize <<<
2025-02-24T12:33:49.3375723Z 
2025-02-24T12:33:49.3387501Z Moving mamba initialize block to .bash_profile
2025-02-24T12:33:49.3400067Z ##[endgroup]
2025-02-24T12:33:49.3401833Z ##[group]Restoring downloads from `/home/runner/micromamba/pkgs` ...
2025-02-24T12:33:50.9420826Z Received 0 of 356815776 (0.0%), 0.0 MBs/sec
2025-02-24T12:33:51.9431459Z Received 117440512 of 356815776 (32.9%), 56.0 MBs/sec
2025-02-24T12:33:52.9433655Z Received 251658240 of 356815776 (70.5%), 79.9 MBs/sec
2025-02-24T12:33:53.7237542Z Cache Size: ~340 MB (356815776 B)
2025-02-24T12:33:53.7362184Z [command]/usr/bin/tar -xf /home/runner/work/_temp/224eaa27-528e-42e2-9408-fba351640c26/cache.tzst -P -C /home/runner/work/tardis/tardis --use-compress-program unzstd
2025-02-24T12:33:53.9440505Z Received 356815776 of 356815776 (100.0%), 85.0 MBs/sec
2025-02-24T12:33:54.2461820Z Cache restored successfully
2025-02-24T12:33:54.3209279Z Restored cache with key `tardis-conda-env-linux-64-d7cd390425b0fd3cf82649dcc003efba9915fb4928f15d342148c3ccffcbe2ee-v1-linux-64`
2025-02-24T12:33:54.3210726Z ##[endgroup]
2025-02-24T12:33:54.3221522Z ##[group]Restoring environment `tardis` from `/home/runner/micromamba/envs/tardis` ...
2025-02-24T12:33:55.6942050Z Received 0 of 444032293 (0.0%), 0.0 MBs/sec
2025-02-24T12:33:56.7003626Z Received 100663296 of 444032293 (22.7%), 47.9 MBs/sec
2025-02-24T12:33:57.6986240Z Received 230686720 of 444032293 (52.0%), 73.2 MBs/sec
2025-02-24T12:33:58.6990453Z Received 352321536 of 444032293 (79.3%), 83.9 MBs/sec
2025-02-24T12:33:59.5972182Z Cache Size: ~423 MB (444032293 B)
2025-02-24T12:33:59.6100146Z [command]/usr/bin/tar -xf /home/runner/work/_temp/045ff7a1-e1d4-4494-94c5-73fcba8fd50e/cache.tzst -P -C /home/runner/work/tardis/tardis --use-compress-program unzstd
2025-02-24T12:33:59.7005499Z Received 444032293 of 444032293 (100.0%), 84.6 MBs/sec
2025-02-24T12:34:04.5900553Z Cache restored successfully
2025-02-24T12:34:04.6828377Z Restored cache with key `tardis-conda-env-linux-64-d7cd390425b0fd3cf82649dcc003efba9915fb4928f15d342148c3ccffcbe2ee-v1-linux-64-tardis-args-4f53cda-root-dcc80ee-bin-[object Promise]-file-d7cd390425b0fd3cf82649dcc003efba9915fb4928f15d342148c3ccffcbe2ee`
2025-02-24T12:34:04.6831563Z ##[endgroup]
2025-02-24T12:34:04.6832526Z Adding environment tardis to auto-activate bash ...
2025-02-24T12:34:04.6841327Z Generating micromamba run shell.
2025-02-24T12:34:04.6849977Z ##[endgroup]
2025-02-24T12:34:04.6856479Z Set environment variables.
2025-02-24T12:34:04.6860926Z ##[group]micromamba info
2025-02-24T12:34:04.6865017Z [command]/home/runner/micromamba-bin/micromamba info -r /home/runner/micromamba -n tardis
2025-02-24T12:34:04.7100919Z 
2025-02-24T12:34:04.7102372Z        libmamba version : 1.5.10
2025-02-24T12:34:04.7102981Z      micromamba version : 1.5.10
2025-02-24T12:34:04.7103688Z            curl version : libcurl/8.10.1 OpenSSL/3.3.2 zlib/1.3.1 zstd/1.5.6 libssh2/1.11.0 nghttp2/1.58.0
2025-02-24T12:34:04.7104593Z      libarchive version : libarchive 3.7.4 zlib/1.2.13 bz2lib/1.0.8 libzstd/1.5.6
2025-02-24T12:34:04.7105313Z        envs directories : /home/runner/micromamba/envs
2025-02-24T12:34:04.7105879Z           package cache : /home/runner/micromamba/pkgs
2025-02-24T12:34:04.7106441Z                           /home/runner/.mamba/pkgs
2025-02-24T12:34:04.7106997Z             environment : tardis
2025-02-24T12:34:04.7107500Z            env location : /home/runner/micromamba/envs/tardis
2025-02-24T12:34:04.7108064Z       user config files : /home/runner/.mambarc
2025-02-24T12:34:04.7108759Z  populated config files : /home/runner/work/_temp/setup-micromamba/.condarc
2025-02-24T12:34:04.7109430Z        virtual packages : __unix=0=0
2025-02-24T12:34:04.7110263Z                           __linux=6.8.0=0
2025-02-24T12:34:04.7110759Z                           __glibc=2.39=0
2025-02-24T12:34:04.7111395Z                           __archspec=1=x86_64_v3
2025-02-24T12:34:04.7112014Z                channels : https://conda.anaconda.org/conda-forge/linux-64
2025-02-24T12:34:04.7112703Z                           https://conda.anaconda.org/conda-forge/noarch
2025-02-24T12:34:04.7113299Z        base environment : /home/runner/micromamba
2025-02-24T12:34:04.7113801Z                platform : linux-64
2025-02-24T12:34:04.7122220Z ##[endgroup]
2025-02-24T12:34:04.7123032Z ##[group]micromamba list
2025-02-24T12:34:04.7128926Z [command]/home/runner/micromamba-bin/micromamba list -r /home/runner/micromamba -n tardis
2025-02-24T12:34:05.1063478Z List of packages in environment: "/home/runner/micromamba/envs/tardis"
2025-02-24T12:34:05.1064028Z 
2025-02-24T12:34:05.1064304Z   Name                           Version              Build                    Channel    
2025-02-24T12:34:05.1065357Z ────────────────────────────────────────────────────────────────────────────────────────────
2025-02-24T12:34:05.1066037Z   _libgcc_mutex                  0.1                  conda_forge              conda-forge
2025-02-24T12:34:05.1066711Z   _openmp_mutex                  4.5                  2_gnu                    conda-forge
2025-02-24T12:34:05.1067302Z   alabaster                      0.7.16               pyhd8ed1ab_0             conda-forge
2025-02-24T12:34:05.1067872Z   anyio                          4.4.0                pyhd8ed1ab_0             conda-forge
2025-02-24T12:34:05.1068466Z   argon2-cffi                    23.1.0               pyhd8ed1ab_0             conda-forge
2025-02-24T12:34:05.1069150Z   argon2-cffi-bindings           21.2.0               py312h98912ed_4          conda-forge
2025-02-24T12:34:05.1069763Z   arrow                          1.3.0                pyhd8ed1ab_0             conda-forge
2025-02-24T12:34:05.1070311Z   astropy                        6.1.1                py312h085067d_0          conda-forge
2025-02-24T12:34:05.1070956Z   astropy-iers-data              0.2024.6.17.0.31.35  pyhd8ed1ab_0             conda-forge
2025-02-24T12:34:05.1071942Z   astropy-sphinx-theme           1.1                  pyhd8ed1ab_0             conda-forge
2025-02-24T12:34:05.1072667Z   asttokens                      2.4.1                pyhd8ed1ab_0             conda-forge
2025-02-24T12:34:05.1073370Z   async-lru                      2.0.4                pyhd8ed1ab_0             conda-forge
2025-02-24T12:34:05.1073978Z   atk-1.0                        2.38.0               h04ea711_2               conda-forge
2025-02-24T12:34:05.1075113Z   attrs                          23.2.0               pyh71513ae_0             conda-forge
2025-02-24T12:34:05.1075665Z   babel                          2.14.0               pyhd8ed1ab_0             conda-forge
2025-02-24T12:34:05.1076242Z   beautifulsoup4                 4.12.3               pyha770c72_0             conda-forge
2025-02-24T12:34:05.1076847Z   bleach                         6.1.0                pyhd8ed1ab_0             conda-forge
2025-02-24T12:34:05.1077452Z   blosc                          1.21.5               hc2324a3_1               conda-forge
2025-02-24T12:34:05.1078034Z   brotli                         1.1.0                hd590300_1               conda-forge
2025-02-24T12:34:05.1078634Z   brotli-bin                     1.1.0                hd590300_1               conda-forge
2025-02-24T12:34:05.1079288Z   brotli-python                  1.1.0                py312h30efb56_1          conda-forge
2025-02-24T12:34:05.1079927Z   bzip2                          1.0.8                hd590300_5               conda-forge
2025-02-24T12:34:05.1080505Z   c-ares                         1.28.1               hd590300_0               conda-forge
2025-02-24T12:34:05.1081294Z   c-blosc2                       2.14.4               hb4ffafa_1               conda-forge
2025-02-24T12:34:05.1081958Z   ca-certificates                2024.6.2             hbcca054_0               conda-forge
2025-02-24T12:34:05.1082858Z   cached-property                1.5.2                hd8ed1ab_1               conda-forge
2025-02-24T12:34:05.1083546Z   cached_property                1.5.2                pyha770c72_1             conda-forge
2025-02-24T12:34:05.1084182Z   cairo                          1.18.0               h3faef2a_0               conda-forge
2025-02-24T12:34:05.1084802Z   certifi                        2024.6.2             pyhd8ed1ab_0             conda-forge
2025-02-24T12:34:05.1085441Z   cffi                           1.16.0               py312hf06ca03_0          conda-forge
2025-02-24T12:34:05.1086111Z   charset-normalizer             3.3.2                pyhd8ed1ab_0             conda-forge
2025-02-24T12:34:05.1086779Z   click                          8.1.7                unix_pyh707e725_0        conda-forge
2025-02-24T12:34:05.1087505Z   codespell                      2.3.0                pyhd8ed1ab_0             conda-forge
2025-02-24T12:34:05.1088196Z   colorama                       0.4.6                pyhd8ed1ab_0             conda-forge
2025-02-24T12:34:05.1088813Z   comm                           0.2.2                pyhd8ed1ab_0             conda-forge
2025-02-24T12:34:05.1089424Z   commonmark                     0.9.1                py_0                     conda-forge
2025-02-24T12:34:05.1090068Z   contourpy                      1.2.1                py312h8572e83_0          conda-forge
2025-02-24T12:34:05.1090688Z   coverage                       7.5.3                py312h9a8786e_0          conda-forge
2025-02-24T12:34:05.1091435Z   cycler                         0.12.1               pyhd8ed1ab_0             conda-forge
2025-02-24T12:34:05.1092055Z   dataclasses                    0.8                  pyhc8e2a94_3             conda-forge
2025-02-24T12:34:05.1092711Z   debugpy                        1.8.1                py312h30efb56_0          conda-forge
2025-02-24T12:34:05.1093351Z   decorator                      5.1.1                pyhd8ed1ab_0             conda-forge
2025-02-24T12:34:05.1094024Z   defusedxml                     0.7.1                pyhd8ed1ab_0             conda-forge
2025-02-24T12:34:05.1094675Z   docutils                       0.20.1               py312h7900ff3_3          conda-forge
2025-02-24T12:34:05.1095307Z   dot2tex                        2.11.3               pyhd8ed1ab_0             conda-forge
2025-02-24T12:34:05.1095971Z   entrypoints                    0.4                  pyhd8ed1ab_0             conda-forge
2025-02-24T12:34:05.1096667Z   exceptiongroup                 1.2.0                pyhd8ed1ab_2             conda-forge
2025-02-24T12:34:05.1097641Z   executing                      2.0.1                pyhd8ed1ab_0             conda-forge
2025-02-24T12:34:05.1098261Z   expat                          2.6.2                h59595ed_0               conda-forge
2025-02-24T12:34:05.1098969Z   font-ttf-dejavu-sans-mono      2.37                 hab24e00_0               conda-forge
2025-02-24T12:34:05.1099771Z   font-ttf-inconsolata           3.000                h77eed37_0               conda-forge
2025-02-24T12:34:05.1100598Z   font-ttf-source-code-pro       2.038                h77eed37_0               conda-forge
2025-02-24T12:34:05.1101545Z   font-ttf-ubuntu                0.83                 h77eed37_2               conda-forge
2025-02-24T12:34:05.1102260Z   fontconfig                     2.14.2               h14ed4e7_0               conda-forge
2025-02-24T12:34:05.1102985Z   fonts-conda-ecosystem          1                    0                        conda-forge
2025-02-24T12:34:05.1103730Z   fonts-conda-forge              1                    0                        conda-forge
2025-02-24T12:34:05.1104399Z   fonttools                      4.53.0               py312h9a8786e_0          conda-forge
2025-02-24T12:34:05.1104976Z   fqdn                           1.5.1                pyhd8ed1ab_0             conda-forge
2025-02-24T12:34:05.1105540Z   freetype                       2.12.1               h267a509_2               conda-forge
2025-02-24T12:34:05.1106073Z   fribidi                        1.0.10               h36c2ea0_0               conda-forge
2025-02-24T12:34:05.1106442Z   future                         1.0.0                pyhd8ed1ab_0             conda-forge
2025-02-24T12:34:05.1106812Z   gdk-pixbuf                     2.42.12              hb9ae30d_0               conda-forge
2025-02-24T12:34:05.1107160Z   giflib                         5.2.2                hd590300_0               conda-forge
2025-02-24T12:34:05.1107511Z   git-lfs                        3.5.1                ha770c72_0               conda-forge
2025-02-24T12:34:05.1107852Z   gmp                            6.3.0                h59595ed_1               conda-forge
2025-02-24T12:34:05.1108188Z   gmpy2                          2.1.5                py312h1d5cde6_1          conda-forge
2025-02-24T12:34:05.1108542Z   graphite2                      1.3.13               h59595ed_1003            conda-forge
2025-02-24T12:34:05.1108918Z   graphviz                       11.0.0               hc68bbd7_0               conda-forge
2025-02-24T12:34:05.1109528Z   gtk2                           2.24.33              h280cfa0_4               conda-forge
2025-02-24T12:34:05.1110090Z   gts                            0.7.6                h977cf35_4               conda-forge
2025-02-24T12:34:05.1110521Z   h11                            0.14.0               pyhd8ed1ab_0             conda-forge
2025-02-24T12:34:05.1110853Z   h2                             4.1.0                pyhd8ed1ab_0             conda-forge
2025-02-24T12:34:05.1111626Z   h5py                           3.11.0               nompi_py312hb7ab980_102  conda-forge
2025-02-24T12:34:05.1111990Z   harfbuzz                       8.5.0                hfac3d4d_0               conda-forge
2025-02-24T12:34:05.1112338Z   hdf5                           1.14.3               nompi_hdf9ad27_105       conda-forge
2025-02-24T12:34:05.1112855Z   hpack                          4.0.0                pyh9f0ad1d_0             conda-forge
2025-02-24T12:34:05.1113498Z   httpcore                       1.0.5                pyhd8ed1ab_0             conda-forge
2025-02-24T12:34:05.1114697Z   httpx                          0.27.0               pyhd8ed1ab_0             conda-forge
2025-02-24T12:34:05.1115345Z   hyperframe                     6.0.1                pyhd8ed1ab_0             conda-forge
2025-02-24T12:34:05.1115941Z   icu                            73.2                 h59595ed_0               conda-forge
2025-02-24T12:34:05.1116491Z   idna                           3.7                  pyhd8ed1ab_0             conda-forge
2025-02-24T12:34:05.1117190Z   imagesize                      1.4.1                pyhd8ed1ab_0             conda-forge
2025-02-24T12:34:05.1117823Z   importlib-metadata             7.1.0                pyha770c72_0             conda-forge
2025-02-24T12:34:05.1118386Z   importlib_metadata             7.1.0                hd8ed1ab_0               conda-forge
2025-02-24T12:34:05.1119217Z   importlib_resources            6.4.0                pyhd8ed1ab_0             conda-forge
2025-02-24T12:34:05.1119748Z   iniconfig                      2.0.0                pyhd8ed1ab_0             conda-forge
2025-02-24T12:34:05.1120378Z   ipykernel                      6.29.4               pyh3099207_0             conda-forge
2025-02-24T12:34:05.1120956Z   ipython                        8.25.0               pyh707e725_0             conda-forge
2025-02-24T12:34:05.1121778Z   ipython_genutils               0.2.0                pyhd8ed1ab_1             conda-forge
2025-02-24T12:34:05.1122390Z   ipywidgets                     7.8.0                pyhd8ed1ab_0             conda-forge
2025-02-24T12:34:05.1123012Z   isoduration                    20.11.0              pyhd8ed1ab_0             conda-forge
2025-02-24T12:34:05.1123611Z   jedi                           0.19.1               pyhd8ed1ab_0             conda-forge
2025-02-24T12:34:05.1124148Z   jinja2                         3.1.4                pyhd8ed1ab_0             conda-forge
2025-02-24T12:34:05.1124947Z   json5                          0.9.25               pyhd8ed1ab_0             conda-forge
2025-02-24T12:34:05.1125540Z   jsonpointer                    3.0.0                py312h7900ff3_0          conda-forge
2025-02-24T12:34:05.1126120Z   jsonschema                     4.22.0               pyhd8ed1ab_0             conda-forge
2025-02-24T12:34:05.1126846Z   jsonschema-specifications      2023.12.1            pyhd8ed1ab_0             conda-forge
2025-02-24T12:34:05.1127624Z   jsonschema-with-format-nongpl  4.22.0               pyhd8ed1ab_0             conda-forge
2025-02-24T12:34:05.1128312Z   jupyter-lsp                    2.2.5                pyhd8ed1ab_0             conda-forge
2025-02-24T12:34:05.1128931Z   jupyter_client                 8.6.2                pyhd8ed1ab_0             conda-forge
2025-02-24T12:34:05.1129534Z   jupyter_core                   5.7.2                py312h7900ff3_0          conda-forge
2025-02-24T12:34:05.1129994Z   jupyter_events                 0.10.0               pyhd8ed1ab_0             conda-forge
2025-02-24T12:34:05.1130391Z   jupyter_server                 2.14.1               pyhd8ed1ab_0             conda-forge
2025-02-24T12:34:05.1130818Z   jupyter_server_terminals       0.5.3                pyhd8ed1ab_0             conda-forge
2025-02-24T12:34:05.1131461Z   jupyterlab                     4.2.2                pyhd8ed1ab_0             conda-forge
2025-02-24T12:34:05.1131876Z   jupyterlab_pygments            0.3.0                pyhd8ed1ab_1             conda-forge
2025-02-24T12:34:05.1132291Z   jupyterlab_server              2.27.2               pyhd8ed1ab_0             conda-forge
2025-02-24T12:34:05.1132706Z   jupyterlab_widgets             1.1.7                pyhd8ed1ab_0             conda-forge
2025-02-24T12:34:05.1133090Z   keyutils                       1.6.1                h166bdaf_0               conda-forge
2025-02-24T12:34:05.1133455Z   kiwisolver                     1.4.5                py312h8572e83_1          conda-forge
2025-02-24T12:34:05.1133817Z   krb5                           1.21.2               h659d440_0               conda-forge
2025-02-24T12:34:05.1134166Z   latexcodec                     2.0.1                pyh9f0ad1d_0             conda-forge
2025-02-24T12:34:05.1134528Z   lcms2                          2.16                 hb7c19ff_0               conda-forge
2025-02-24T12:34:05.1134893Z   ld_impl_linux-64               2.40                 hf3520f5_7               conda-forge
2025-02-24T12:34:05.1135248Z   lerc                           4.0.0                h27087fc_0               conda-forge
2025-02-24T12:34:05.1135935Z   libaec                         1.1.3                h59595ed_0               conda-forge
2025-02-24T12:34:05.1136295Z   libblas                        3.9.0                22_linux64_openblas      conda-forge
2025-02-24T12:34:05.1136671Z   libbrotlicommon                1.1.0                hd590300_1               conda-forge
2025-02-24T12:34:05.1137069Z   libbrotlidec                   1.1.0                hd590300_1               conda-forge
2025-02-24T12:34:05.1137444Z   libbrotlienc                   1.1.0                hd590300_1               conda-forge
2025-02-24T12:34:05.1137811Z   libcblas                       3.9.0                22_linux64_openblas      conda-forge
2025-02-24T12:34:05.1138169Z   libcurl                        8.8.0                hca28451_0               conda-forge
2025-02-24T12:34:05.1138520Z   libdeflate                     1.20                 hd590300_0               conda-forge
2025-02-24T12:34:05.1138891Z   libedit                        3.1.20191231         he28a2e2_2               conda-forge
2025-02-24T12:34:05.1139249Z   libev                          4.33                 hd590300_2               conda-forge
2025-02-24T12:34:05.1139603Z   libexpat                       2.6.2                h59595ed_0               conda-forge
2025-02-24T12:34:05.1139953Z   libffi                         3.4.2                h7f98852_5               conda-forge
2025-02-24T12:34:05.1140412Z   libgcc-ng                      13.2.0               h77fa898_10              conda-forge
2025-02-24T12:34:05.1140762Z   libgd                          2.3.3                h119a65a_9               conda-forge
2025-02-24T12:34:05.1141299Z   libgfortran-ng                 13.2.0               h69a702a_10              conda-forge
2025-02-24T12:34:05.1141692Z   libgfortran5                   13.2.0               h3d2ce59_10              conda-forge
2025-02-24T12:34:05.1142056Z   libglib                        2.80.2               h8a4344b_1               conda-forge
2025-02-24T12:34:05.1142419Z   libgomp                        13.2.0               h77fa898_10              conda-forge
2025-02-24T12:34:05.1142766Z   libiconv                       1.17                 hd590300_2               conda-forge
2025-02-24T12:34:05.1143130Z   libjpeg-turbo                  3.0.0                hd590300_1               conda-forge
2025-02-24T12:34:05.1143509Z   liblapack                      3.9.0                22_linux64_openblas      conda-forge
2025-02-24T12:34:05.1143883Z   libllvm14                      14.0.6               hcd5def8_4               conda-forge
2025-02-24T12:34:05.1144253Z   libnghttp2                     1.58.0               h47da74e_1               conda-forge
2025-02-24T12:34:05.1144625Z   libnsl                         2.0.1                hd590300_0               conda-forge
2025-02-24T12:34:05.1144998Z   libopenblas                    0.3.27               pthreads_h413a1c8_0      conda-forge
2025-02-24T12:34:05.1145367Z   libpng                         1.6.43               h2797004_0               conda-forge
2025-02-24T12:34:05.1145719Z   librsvg                        2.58.1               hadf69e7_0               conda-forge
2025-02-24T12:34:05.1146085Z   libsodium                      1.0.18               h36c2ea0_1               conda-forge
2025-02-24T12:34:05.1146447Z   libsqlite                      3.46.0               hde9e2c9_0               conda-forge
2025-02-24T12:34:05.1146805Z   libssh2                        1.11.0               h0841786_0               conda-forge
2025-02-24T12:34:05.1147177Z   libstdcxx-ng                   13.2.0               hc0a3c3a_10              conda-forge
2025-02-24T12:34:05.1147541Z   libtiff                        4.6.0                h1dd3fc0_3               conda-forge
2025-02-24T12:34:05.1147891Z   libuuid                        2.38.1               h0b41bf4_0               conda-forge
2025-02-24T12:34:05.1148237Z   libwebp                        1.4.0                h2c329e2_0               conda-forge
2025-02-24T12:34:05.1148732Z   libwebp-base                   1.4.0                hd590300_0               conda-forge
2025-02-24T12:34:05.1149092Z   libxcb                         1.15                 h0b41bf4_0               conda-forge
2025-02-24T12:34:05.1149449Z   libxcrypt                      4.4.36               hd590300_1               conda-forge
2025-02-24T12:34:05.1149801Z   libxml2                        2.12.7               hc051c1a_1               conda-forge
2025-02-24T12:34:05.1150157Z   libxslt                        1.1.39               h76b75d6_0               conda-forge
2025-02-24T12:34:05.1150504Z   libzlib                        1.3.1                h4ab18f5_1               conda-forge
2025-02-24T12:34:05.1150866Z   llvmlite                       0.42.0               py312hb06c811_1          conda-forge
2025-02-24T12:34:05.1151473Z   lxml                           5.2.2                py312hb90d8a5_0          conda-forge
2025-02-24T12:34:05.1151806Z   lz4-c                          1.9.4                hcb278e6_0               conda-forge
2025-02-24T12:34:05.1152140Z   lzo                            2.10                 hd590300_1001            conda-forge
2025-02-24T12:34:05.1152481Z   markupsafe                     2.1.5                py312h98912ed_0          conda-forge
2025-02-24T12:34:05.1152896Z   matplotlib-base                3.8.4                py312h20ab3a6_2          conda-forge
2025-02-24T12:34:05.1153434Z   matplotlib-inline              0.1.7                pyhd8ed1ab_0             conda-forge
2025-02-24T12:34:05.1153830Z   mistune                        3.0.2                pyhd8ed1ab_0             conda-forge
2025-02-24T12:34:05.1154167Z   mpc                            1.3.1                hfe3b2da_0               conda-forge
2025-02-24T12:34:05.1154489Z   mpfr                           4.2.1                h9458935_1               conda-forge
2025-02-24T12:34:05.1154824Z   mpmath                         1.3.0                pyhd8ed1ab_0             conda-forge
2025-02-24T12:34:05.1155182Z   munkres                        1.1.4                pyh9f0ad1d_0             conda-forge
2025-02-24T12:34:05.1155561Z   mypy_extensions                1.0.0                pyha770c72_0             conda-forge
2025-02-24T12:34:05.1155946Z   nbclassic                      1.1.0                pyhd8ed1ab_0             conda-forge
2025-02-24T12:34:05.1156315Z   nbclient                       0.10.0               pyhd8ed1ab_0             conda-forge
2025-02-24T12:34:05.1156683Z   nbconvert                      7.16.4               hd8ed1ab_1               conda-forge
2025-02-24T12:34:05.1157060Z   nbconvert-core                 7.16.4               pyhd8ed1ab_1             conda-forge
2025-02-24T12:34:05.1157467Z   nbconvert-pandoc               7.16.4               hd8ed1ab_1               conda-forge
2025-02-24T12:34:05.1157860Z   nbformat                       5.10.4               pyhd8ed1ab_0             conda-forge
2025-02-24T12:34:05.1158228Z   nbsphinx                       0.9.4                pyhd8ed1ab_0             conda-forge
2025-02-24T12:34:05.1158591Z   ncurses                        6.5                  h59595ed_0               conda-forge
2025-02-24T12:34:05.1158954Z   nest-asyncio                   1.6.0                pyhd8ed1ab_0             conda-forge
2025-02-24T12:34:05.1159327Z   networkx                       3.3                  pyhd8ed1ab_1             conda-forge
2025-02-24T12:34:05.1159681Z   nomkl                          1.0                  h5ca1d4c_0               conda-forge
2025-02-24T12:34:05.1160027Z   notebook                       7.2.1                pyhd8ed1ab_0             conda-forge
2025-02-24T12:34:05.1160404Z   notebook-shim                  0.2.4                pyhd8ed1ab_0             conda-forge
2025-02-24T12:34:05.1160776Z   numba                          0.59.1               py312hacefee8_0          conda-forge
2025-02-24T12:34:05.1161296Z   numexpr                        2.10.0               py312hf412c99_100        conda-forge
2025-02-24T12:34:05.1161778Z   numpy                          1.26.4               py312heda63a1_0          conda-forge
2025-02-24T12:34:05.1162129Z   numpydoc                       1.7.0                pyhd8ed1ab_1             conda-forge
2025-02-24T12:34:05.1162485Z   openjpeg                       2.5.2                h488ebb8_0               conda-forge
2025-02-24T12:34:05.1162834Z   openssl                        3.3.1                h4ab18f5_0               conda-forge
2025-02-24T12:34:05.1163200Z   overrides                      7.7.0                pyhd8ed1ab_0             conda-forge
2025-02-24T12:34:05.1163574Z   packaging                      24.1                 pyhd8ed1ab_0             conda-forge
2025-02-24T12:34:05.1163936Z   pandas                         2.2.2                py312h1d6d2e6_1          conda-forge
2025-02-24T12:34:05.1164272Z   pandoc                         3.2                  ha770c72_0               conda-forge
2025-02-24T12:34:05.1164639Z   pandocfilters                  1.5.0                pyhd8ed1ab_0             conda-forge
2025-02-24T12:34:05.1165011Z   pango                          1.54.0               h84a9a3c_0               conda-forge
2025-02-24T12:34:05.1165351Z   parso                          0.8.4                pyhd8ed1ab_0             conda-forge
2025-02-24T12:34:05.1165717Z   pathspec                       0.12.1               pyhd8ed1ab_0             conda-forge
2025-02-24T12:34:05.1166229Z   pbr                            6.0.0                pyhd8ed1ab_0             conda-forge
2025-02-24T12:34:05.1166565Z   pcre2                          10.44                h0f59acf_0               conda-forge
2025-02-24T12:34:05.1166912Z   pexpect                        4.9.0                pyhd8ed1ab_0             conda-forge
2025-02-24T12:34:05.1167278Z   pickleshare                    0.7.5                py_1003                  conda-forge
2025-02-24T12:34:05.1167644Z   pillow                         10.3.0               py312hdcec9eb_0          conda-forge
2025-02-24T12:34:05.1167996Z   pip                            24.0                 pyhd8ed1ab_0             conda-forge
2025-02-24T12:34:05.1168328Z   pixman                         0.43.2               h59595ed_0               conda-forge
2025-02-24T12:34:05.1168719Z   pkgutil-resolve-name           1.3.10               pyhd8ed1ab_1             conda-forge
2025-02-24T12:34:05.1169128Z   platformdirs                   4.2.2                pyhd8ed1ab_0             conda-forge
2025-02-24T12:34:05.1169526Z   plotly                         5.22.0               pyhd8ed1ab_0             conda-forge
2025-02-24T12:34:05.1169874Z   pluggy                         1.5.0                pyhd8ed1ab_0             conda-forge
2025-02-24T12:34:05.1170256Z   prometheus_client              0.20.0               pyhd8ed1ab_0             conda-forge
2025-02-24T12:34:05.1170665Z   prompt-toolkit                 3.0.47               pyha770c72_0             conda-forge
2025-02-24T12:34:05.1171208Z   psutil                         5.9.8                py312h98912ed_0          conda-forge
2025-02-24T12:34:05.1171628Z   pthread-stubs                  0.4                  h36c2ea0_1001            conda-forge
2025-02-24T12:34:05.1172017Z   ptyprocess                     0.7.0                pyhd3deb0d_0             conda-forge
2025-02-24T12:34:05.1172396Z   pure_eval                      0.2.2                pyhd8ed1ab_0             conda-forge
2025-02-24T12:34:05.1172777Z   py-cpuinfo                     9.0.0                pyhd8ed1ab_0             conda-forge
2025-02-24T12:34:05.1173141Z   pybtex                         0.24.0               pyhd8ed1ab_2             conda-forge
2025-02-24T12:34:05.1173517Z   pybtex-docutils                1.0.3                py312h7900ff3_1          conda-forge
2025-02-24T12:34:05.1173900Z   pycparser                      2.22                 pyhd8ed1ab_0             conda-forge
2025-02-24T12:34:05.1174259Z   pyerfa                         2.0.1.4              py312h085067d_1          conda-forge
2025-02-24T12:34:05.1174614Z   pygments                       2.18.0               pyhd8ed1ab_0             conda-forge
2025-02-24T12:34:05.1175160Z   pygraphviz                     1.13                 py312h4a1d8a7_1          conda-forge
2025-02-24T12:34:05.1175535Z   pyparsing                      3.1.2                pyhd8ed1ab_0             conda-forge
2025-02-24T12:34:05.1175897Z   pysocks                        1.7.1                pyha2e5f31_6             conda-forge
2025-02-24T12:34:05.1176264Z   pytables                       3.9.2                py312h96d95ec_2          conda-forge
2025-02-24T12:34:05.1176616Z   pytest                         8.2.2                pyhd8ed1ab_0             conda-forge
2025-02-24T12:34:05.1176973Z   pytest-cov                     5.0.0                pyhd8ed1ab_0             conda-forge
2025-02-24T12:34:05.1177371Z   pytest-doctestplus             1.2.1                pyhd8ed1ab_0             conda-forge
2025-02-24T12:34:05.1177775Z   pytest-html                    4.1.1                pyhd8ed1ab_0             conda-forge
2025-02-24T12:34:05.1178169Z   pytest-metadata                3.1.1                pyhd8ed1ab_0             conda-forge
2025-02-24T12:34:05.1178545Z   python                         3.12.4               h194c7f8_0_cpython       conda-forge
2025-02-24T12:34:05.1178922Z   python-dateutil                2.9.0                pyhd8ed1ab_0             conda-forge
2025-02-24T12:34:05.1179455Z   python-fastjsonschema          2.20.0               pyhd8ed1ab_0             conda-forge
2025-02-24T12:34:05.1179889Z   python-json-logger             2.0.7                pyhd8ed1ab_0             conda-forge
2025-02-24T12:34:05.1180300Z   python-tzdata                  2024.1               pyhd8ed1ab_0             conda-forge
2025-02-24T12:34:05.1180676Z   python_abi                     3.12                 4_cp312                  conda-forge
2025-02-24T12:34:05.1181220Z   pytz                           2024.1               pyhd8ed1ab_0             conda-forge
2025-02-24T12:34:05.1181590Z   pyyaml                         6.0.1                py312h98912ed_1          conda-forge
2025-02-24T12:34:05.1181951Z   pyzmq                          26.0.3               py312h8fd38d8_0          conda-forge
2025-02-24T12:34:05.1182299Z   qgrid                          1.3.1                pyhd8ed1ab_4             conda-forge
2025-02-24T12:34:05.1182689Z   radioactivedecay               0.5.1                pyhd8ed1ab_0             conda-forge
2025-02-24T12:34:05.1183077Z   readline                       8.2                  h8228510_1               conda-forge
2025-02-24T12:34:05.1183444Z   recommonmark                   0.7.1                pyhd8ed1ab_0             conda-forge
2025-02-24T12:34:05.1183826Z   referencing                    0.35.1               pyhd8ed1ab_0             conda-forge
2025-02-24T12:34:05.1184196Z   requests                       2.32.3               pyhd8ed1ab_0             conda-forge
2025-02-24T12:34:05.1184580Z   rfc3339-validator              0.1.4                pyhd8ed1ab_0             conda-forge
2025-02-24T12:34:05.1184996Z   rfc3986-validator              0.1.1                pyh9f0ad1d_0             conda-forge
2025-02-24T12:34:05.1185388Z   rpds-py                        0.18.1               py312h4413252_0          conda-forge
2025-02-24T12:34:05.1185728Z   ruff                           0.4.9                py312h5715c7c_0          conda-forge
2025-02-24T12:34:05.1186069Z   scipy                          1.13.1               py312hc2bc53b_0          conda-forge
2025-02-24T12:34:05.1186433Z   send2trash                     1.8.3                pyh0d859eb_0             conda-forge
2025-02-24T12:34:05.1186808Z   setuptools                     70.0.0               pyhd8ed1ab_0             conda-forge
2025-02-24T12:34:05.1187196Z   setuptools-scm                 8.1.0                pyhd8ed1ab_0             conda-forge
2025-02-24T12:34:05.1187590Z   setuptools_scm                 8.1.0                hd8ed1ab_0               conda-forge
2025-02-24T12:34:05.1187964Z   six                            1.16.0               pyh6c4a22f_0             conda-forge
2025-02-24T12:34:05.1188559Z   snakeviz                       2.2.0                pyhd8ed1ab_0             conda-forge
2025-02-24T12:34:05.1188920Z   snappy                         1.2.0                hdb0a2a9_1               conda-forge
2025-02-24T12:34:05.1189269Z   sniffio                        1.3.1                pyhd8ed1ab_0             conda-forge
2025-02-24T12:34:05.1189651Z   snowballstemmer                2.2.0                pyhd8ed1ab_0             conda-forge
2025-02-24T12:34:05.1190034Z   soupsieve                      2.5                  pyhd8ed1ab_1             conda-forge
2025-02-24T12:34:05.1190395Z   sphinx                         7.3.7                pyhd8ed1ab_0             conda-forge
2025-02-24T12:34:05.1190767Z   sphinx-astropy                 1.9.1                pyhd8ed1ab_0             conda-forge
2025-02-24T12:34:05.1191411Z   sphinx-automodapi              0.17.0               pyh717bed2_1             conda-forge
2025-02-24T12:34:05.1191841Z   sphinx-gallery                 0.16.0               pyhd8ed1ab_0             conda-forge
2025-02-24T12:34:05.1192245Z   sphinx-jsonschema              1.19.1               pyhd8ed1ab_0             conda-forge
2025-02-24T12:34:05.1192669Z   sphinx_bootstrap_theme         0.8.1                pyhd8ed1ab_0             conda-forge
2025-02-24T12:34:05.1193072Z   sphinx_rtd_theme               2.0.0                pyha770c72_0             conda-forge
2025-02-24T12:34:05.1193617Z   sphinxcontrib-apidoc           0.3.0                py_1                     conda-forge
2025-02-24T12:34:05.1194066Z   sphinxcontrib-applehelp        1.0.8                pyhd8ed1ab_0             conda-forge
2025-02-24T12:34:05.1194508Z   sphinxcontrib-bibtex           2.6.2                pyhd8ed1ab_0             conda-forge
2025-02-24T12:34:05.1194952Z   sphinxcontrib-devhelp          1.0.6                pyhd8ed1ab_0             conda-forge
2025-02-24T12:34:05.1195394Z   sphinxcontrib-htmlhelp         2.0.5                pyhd8ed1ab_0             conda-forge
2025-02-24T12:34:05.1195839Z   sphinxcontrib-jquery           4.1                  pyhd8ed1ab_0             conda-forge
2025-02-24T12:34:05.1196270Z   sphinxcontrib-jsmath           1.0.1                pyhd8ed1ab_0             conda-forge
2025-02-24T12:34:05.1196707Z   sphinxcontrib-qthelp           1.0.7                pyhd8ed1ab_0             conda-forge
2025-02-24T12:34:05.1197188Z   sphinxcontrib-serializinghtml  1.1.10               pyhd8ed1ab_0             conda-forge
2025-02-24T12:34:05.1197626Z   stack_data                     0.6.2                pyhd8ed1ab_0             conda-forge
2025-02-24T12:34:05.1197977Z   sympy                          1.12.1               pypyh2585a3b_103         conda-forge
2025-02-24T12:34:05.1198334Z   tabulate                       0.9.0                pyhd8ed1ab_1             conda-forge
2025-02-24T12:34:05.1198691Z   tenacity                       8.4.1                pyhd8ed1ab_0             conda-forge
2025-02-24T12:34:05.1199068Z   terminado                      0.18.1               pyh0d859eb_0             conda-forge
2025-02-24T12:34:05.1199434Z   tinycss2                       1.3.0                pyhd8ed1ab_0             conda-forge
2025-02-24T12:34:05.1199774Z   tk                             8.6.13               noxft_h4845f30_101       conda-forge
2025-02-24T12:34:05.1200104Z   toml                           0.10.2               pyhd8ed1ab_0             conda-forge
2025-02-24T12:34:05.1200445Z   tomli                          2.0.1                pyhd8ed1ab_0             conda-forge
2025-02-24T12:34:05.1200794Z   tornado                        6.4.1                py312h9a8786e_0          conda-forge
2025-02-24T12:34:05.1201528Z   tqdm                           4.66.4               pyhd8ed1ab_0             conda-forge
2025-02-24T12:34:05.1201891Z   traitlets                      5.14.3               pyhd8ed1ab_0             conda-forge
2025-02-24T12:34:05.1202257Z   typed-ast                      1.5.5                py312h98912ed_1          conda-forge
2025-02-24T12:34:05.1202809Z   types-python-dateutil          2.9.0.20240316       pyhd8ed1ab_0             conda-forge
2025-02-24T12:34:05.1203249Z   typing-extensions              4.12.2               hd8ed1ab_0               conda-forge
2025-02-24T12:34:05.1203661Z   typing_extensions              4.12.2               pyha770c72_0             conda-forge
2025-02-24T12:34:05.1204055Z   typing_utils                   0.1.0                pyhd8ed1ab_0             conda-forge
2025-02-24T12:34:05.1204430Z   tzdata                         2024a                h0c530f3_0               conda-forge
2025-02-24T12:34:05.1204800Z   uri-template                   1.3.0                pyhd8ed1ab_0             conda-forge
2025-02-24T12:34:05.1205176Z   urllib3                        2.2.2                pyhd8ed1ab_0             conda-forge
2025-02-24T12:34:05.1205530Z   wcwidth                        0.2.13               pyhd8ed1ab_0             conda-forge
2025-02-24T12:34:05.1205894Z   webcolors                      24.6.0               pyhd8ed1ab_0             conda-forge
2025-02-24T12:34:05.1206271Z   webencodings                   0.5.1                pyhd8ed1ab_2             conda-forge
2025-02-24T12:34:05.1206667Z   websocket-client               1.8.0                pyhd8ed1ab_0             conda-forge
2025-02-24T12:34:05.1207049Z   wheel                          0.43.0               pyhd8ed1ab_1             conda-forge
2025-02-24T12:34:05.1207541Z   widgetsnbextension             3.6.6                pyhd8ed1ab_0             conda-forge
2025-02-24T12:34:05.1207950Z   xorg-kbproto                   1.0.7                h7f98852_1002            conda-forge
2025-02-24T12:34:05.1208320Z   xorg-libice                    1.1.1                hd590300_0               conda-forge
2025-02-24T12:34:05.1208683Z   xorg-libsm                     1.2.4                h7391055_0               conda-forge
2025-02-24T12:34:05.1209056Z   xorg-libx11                    1.8.9                h8ee46fc_0               conda-forge
2025-02-24T12:34:05.1209424Z   xorg-libxau                    1.0.11               hd590300_0               conda-forge
2025-02-24T12:34:05.1209820Z   xorg-libxdmcp                  1.1.3                h7f98852_0               conda-forge
2025-02-24T12:34:05.1210199Z   xorg-libxext                   1.3.4                h0b41bf4_2               conda-forge
2025-02-24T12:34:05.1210585Z   xorg-libxrender                0.9.11               hd590300_0               conda-forge
2025-02-24T12:34:05.1210981Z   xorg-renderproto               0.11.1               h7f98852_1002            conda-forge
2025-02-24T12:34:05.1211586Z   xorg-xextproto                 7.3.0                h0b41bf4_1003            conda-forge
2025-02-24T12:34:05.1211964Z   xorg-xproto                    7.0.31               h7f98852_1007            conda-forge
2025-02-24T12:34:05.1212309Z   xz                             5.2.6                h166bdaf_0               conda-forge
2025-02-24T12:34:05.1212633Z   yaml                           0.2.5                h7f98852_2               conda-forge
2025-02-24T12:34:05.1212962Z   zeromq                         4.3.5                h75354e8_4               conda-forge
2025-02-24T12:34:05.1213300Z   zipp                           3.19.2               pyhd8ed1ab_0             conda-forge
2025-02-24T12:34:05.1213630Z   zlib                           1.3.1                h4ab18f5_1               conda-forge
2025-02-24T12:34:05.1213965Z   zlib-ng                        2.0.7                h0b41bf4_0               conda-forge
2025-02-24T12:34:05.1214298Z   zstd                           1.5.6                ha6fb4c9_0               conda-forge
2025-02-24T12:34:05.1214890Z ##[endgroup]
2025-02-24T12:34:05.1254716Z ##[group]Run pip install -e . --user
2025-02-24T12:34:05.1255063Z [36;1mpip install -e . --user[0m
2025-02-24T12:34:05.1314226Z shell: /usr/bin/bash -l {0}
2025-02-24T12:34:05.1314518Z env:
2025-02-24T12:34:05.1314736Z   CACHE_NUMBER: 0
2025-02-24T12:34:05.1315643Z   PYTEST_FLAGS: --tardis-regression-data=/home/runner/work/tardis/tardis/tardis-regression-data --cov=tardis --cov-report=xml --cov-report=html --cov-append
2025-02-24T12:34:05.1316562Z   CODECOV_TOKEN: ***
2025-02-24T12:34:05.1316825Z   MAMBA_ROOT_PREFIX: /home/runner/micromamba
2025-02-24T12:34:05.1317162Z   MAMBA_EXE: /home/runner/micromamba-bin/micromamba
2025-02-24T12:34:05.1317544Z   CONDARC: /home/runner/work/_temp/setup-micromamba/.condarc
2025-02-24T12:34:05.1317902Z ##[endgroup]
2025-02-24T12:34:05.8180080Z Obtaining file:///home/runner/work/tardis/tardis
2025-02-24T12:34:05.8213731Z   Installing build dependencies: started
2025-02-24T12:34:08.5632876Z   Installing build dependencies: finished with status 'done'
2025-02-24T12:34:08.5639421Z   Checking if build backend supports build_editable: started
2025-02-24T12:34:08.6885775Z   Checking if build backend supports build_editable: finished with status 'done'
2025-02-24T12:34:08.6893845Z   Getting requirements to build editable: started
2025-02-24T12:34:09.1759525Z   Getting requirements to build editable: finished with status 'done'
2025-02-24T12:34:09.1768517Z   Preparing editable metadata (pyproject.toml): started
2025-02-24T12:34:09.6351010Z   Preparing editable metadata (pyproject.toml): finished with status 'done'
2025-02-24T12:34:09.6949220Z Requirement already satisfied: astropy in /home/runner/micromamba/envs/tardis/lib/python3.12/site-packages (from tardis==0.0.0) (6.1.1)
2025-02-24T12:34:09.7359997Z Requirement already satisfied: numpy>=1.23 in /home/runner/micromamba/envs/tardis/lib/python3.12/site-packages (from astropy->tardis==0.0.0) (1.26.4)
2025-02-24T12:34:09.7369569Z Requirement already satisfied: pyerfa>=2.0.1.1 in /home/runner/micromamba/envs/tardis/lib/python3.12/site-packages (from astropy->tardis==0.0.0) (2.0.1.4)
2025-02-24T12:34:09.7380484Z Requirement already satisfied: astropy-iers-data>=0.2024.5.27.0.30.8 in /home/runner/micromamba/envs/tardis/lib/python3.12/site-packages (from astropy->tardis==0.0.0) (0.2024.6.17.0.31.35)
2025-02-24T12:34:09.7389524Z Requirement already satisfied: PyYAML>=3.13 in /home/runner/micromamba/envs/tardis/lib/python3.12/site-packages (from astropy->tardis==0.0.0) (6.0.1)
2025-02-24T12:34:09.7399959Z Requirement already satisfied: packaging>=19.0 in /home/runner/micromamba/envs/tardis/lib/python3.12/site-packages (from astropy->tardis==0.0.0) (24.1)
2025-02-24T12:34:09.7489650Z Building wheels for collected packages: tardis
2025-02-24T12:34:09.7499084Z   Building editable for tardis (pyproject.toml): started
2025-02-24T12:34:10.4958900Z   Building editable for tardis (pyproject.toml): finished with status 'done'
2025-02-24T12:34:10.4965762Z   Created wheel for tardis: filename=tardis-0.0.0-0.editable-py3-none-any.whl size=8879 sha256=e485f8cc9a84ac09f76e59606f782bcc9b2a0404a1dbdd11bf51e173204b0c3f
2025-02-24T12:34:10.4967026Z   Stored in directory: /tmp/pip-ephem-wheel-cache-ef931ic4/wheels/6a/c7/ae/89fa6dc2565455898176888ef0e2e475e4e90eb0124afcb995
2025-02-24T12:34:10.4993404Z Successfully built tardis
2025-02-24T12:34:11.2657445Z Installing collected packages: tardis
2025-02-24T12:34:11.2751547Z Successfully installed tardis-0.0.0
2025-02-24T12:34:11.4793755Z ##[group]Run pip install qgridnext
2025-02-24T12:34:11.4794228Z [36;1mpip install qgridnext[0m
2025-02-24T12:34:11.4849182Z shell: /usr/bin/bash -l {0}
2025-02-24T12:34:11.4849582Z env:
2025-02-24T12:34:11.4849903Z   CACHE_NUMBER: 0
2025-02-24T12:34:11.4850629Z   PYTEST_FLAGS: --tardis-regression-data=/home/runner/work/tardis/tardis/tardis-regression-data --cov=tardis --cov-report=xml --cov-report=html --cov-append
2025-02-24T12:34:11.4852009Z   CODECOV_TOKEN: ***
2025-02-24T12:34:11.4852372Z   MAMBA_ROOT_PREFIX: /home/runner/micromamba
2025-02-24T12:34:11.4852877Z   MAMBA_EXE: /home/runner/micromamba-bin/micromamba
2025-02-24T12:34:11.4853389Z   CONDARC: /home/runner/work/_temp/setup-micromamba/.condarc
2025-02-24T12:34:11.4853802Z ##[endgroup]
2025-02-24T12:34:12.1139927Z Collecting qgridnext
2025-02-24T12:34:12.1285731Z   Downloading qgridnext-2.0.4-py3-none-any.whl.metadata (9.9 kB)
2025-02-24T12:34:12.1371662Z Requirement already satisfied: pandas>=0.20.0 in /home/runner/micromamba/envs/tardis/lib/python3.12/site-packages (from qgridnext) (2.2.2)
2025-02-24T12:34:12.1380702Z Requirement already satisfied: ipywidgets>=7.0.0 in /home/runner/micromamba/envs/tardis/lib/python3.12/site-packages (from qgridnext) (7.8.0)
2025-02-24T12:34:12.1390620Z Requirement already satisfied: numpy in /home/runner/micromamba/envs/tardis/lib/python3.12/site-packages (from qgridnext) (1.26.4)
2025-02-24T12:34:12.1401447Z Requirement already satisfied: traitlets in /home/runner/micromamba/envs/tardis/lib/python3.12/site-packages (from qgridnext) (5.14.3)
2025-02-24T12:34:12.1494627Z Requirement already satisfied: comm>=0.1.3 in /home/runner/micromamba/envs/tardis/lib/python3.12/site-packages (from ipywidgets>=7.0.0->qgridnext) (0.2.2)
2025-02-24T12:34:12.1503865Z Requirement already satisfied: ipython-genutils~=0.2.0 in /home/runner/micromamba/envs/tardis/lib/python3.12/site-packages (from ipywidgets>=7.0.0->qgridnext) (0.2.0)
2025-02-24T12:34:12.1517850Z Requirement already satisfied: widgetsnbextension~=3.6.5 in /home/runner/micromamba/envs/tardis/lib/python3.12/site-packages (from ipywidgets>=7.0.0->qgridnext) (3.6.6)
2025-02-24T12:34:12.1536403Z Requirement already satisfied: ipython>=4.0.0 in /home/runner/micromamba/envs/tardis/lib/python3.12/site-packages (from ipywidgets>=7.0.0->qgridnext) (8.25.0)
2025-02-24T12:34:12.1551643Z Requirement already satisfied: jupyterlab-widgets<3,>=1.0.0 in /home/runner/micromamba/envs/tardis/lib/python3.12/site-packages (from ipywidgets>=7.0.0->qgridnext) (1.1.7)
2025-02-24T12:34:12.2001309Z Requirement already satisfied: python-dateutil>=2.8.2 in /home/runner/micromamba/envs/tardis/lib/python3.12/site-packages (from pandas>=0.20.0->qgridnext) (2.9.0)
2025-02-24T12:34:12.2015585Z Requirement already satisfied: pytz>=2020.1 in /home/runner/micromamba/envs/tardis/lib/python3.12/site-packages (from pandas>=0.20.0->qgridnext) (2024.1)
2025-02-24T12:34:12.2024546Z Requirement already satisfied: tzdata>=2022.7 in /home/runner/micromamba/envs/tardis/lib/python3.12/site-packages (from pandas>=0.20.0->qgridnext) (2024.1)
2025-02-24T12:34:12.2352265Z Requirement already satisfied: decorator in /home/runner/micromamba/envs/tardis/lib/python3.12/site-packages (from ipython>=4.0.0->ipywidgets>=7.0.0->qgridnext) (5.1.1)
2025-02-24T12:34:12.2367327Z Requirement already satisfied: jedi>=0.16 in /home/runner/micromamba/envs/tardis/lib/python3.12/site-packages (from ipython>=4.0.0->ipywidgets>=7.0.0->qgridnext) (0.19.1)
2025-02-24T12:34:12.2376577Z Requirement already satisfied: matplotlib-inline in /home/runner/micromamba/envs/tardis/lib/python3.12/site-packages (from ipython>=4.0.0->ipywidgets>=7.0.0->qgridnext) (0.1.7)
2025-02-24T12:34:12.2388089Z Requirement already satisfied: prompt-toolkit<3.1.0,>=3.0.41 in /home/runner/micromamba/envs/tardis/lib/python3.12/site-packages (from ipython>=4.0.0->ipywidgets>=7.0.0->qgridnext) (3.0.47)
2025-02-24T12:34:12.2397973Z Requirement already satisfied: pygments>=2.4.0 in /home/runner/micromamba/envs/tardis/lib/python3.12/site-packages (from ipython>=4.0.0->ipywidgets>=7.0.0->qgridnext) (2.18.0)
2025-02-24T12:34:12.2408578Z Requirement already satisfied: stack-data in /home/runner/micromamba/envs/tardis/lib/python3.12/site-packages (from ipython>=4.0.0->ipywidgets>=7.0.0->qgridnext) (0.6.2)
2025-02-24T12:34:12.2428448Z Requirement already satisfied: pexpect>4.3 in /home/runner/micromamba/envs/tardis/lib/python3.12/site-packages (from ipython>=4.0.0->ipywidgets>=7.0.0->qgridnext) (4.9.0)
2025-02-24T12:34:12.2476375Z Requirement already satisfied: six>=1.5 in /home/runner/micromamba/envs/tardis/lib/python3.12/site-packages (from python-dateutil>=2.8.2->pandas>=0.20.0->qgridnext) (1.16.0)
2025-02-24T12:34:12.2534300Z Requirement already satisfied: notebook>=4.4.1 in /home/runner/micromamba/envs/tardis/lib/python3.12/site-packages (from widgetsnbextension~=3.6.5->ipywidgets>=7.0.0->qgridnext) (7.2.1)
2025-02-24T12:34:12.2724878Z Requirement already satisfied: parso<0.9.0,>=0.8.3 in /home/runner/micromamba/envs/tardis/lib/python3.12/site-packages (from jedi>=0.16->ipython>=4.0.0->ipywidgets>=7.0.0->qgridnext) (0.8.4)
2025-02-24T12:34:12.2872074Z Requirement already satisfied: jupyter-server<3,>=2.4.0 in /home/runner/micromamba/envs/tardis/lib/python3.12/site-packages (from notebook>=4.4.1->widgetsnbextension~=3.6.5->ipywidgets>=7.0.0->qgridnext) (2.14.1)
2025-02-24T12:34:12.2886465Z Requirement already satisfied: jupyterlab-server<3,>=2.27.1 in /home/runner/micromamba/envs/tardis/lib/python3.12/site-packages (from notebook>=4.4.1->widgetsnbextension~=3.6.5->ipywidgets>=7.0.0->qgridnext) (2.27.2)
2025-02-24T12:34:12.2902502Z Requirement already satisfied: jupyterlab<4.3,>=4.2.0 in /home/runner/micromamba/envs/tardis/lib/python3.12/site-packages (from notebook>=4.4.1->widgetsnbextension~=3.6.5->ipywidgets>=7.0.0->qgridnext) (4.2.2)
2025-02-24T12:34:12.2913740Z Requirement already satisfied: notebook-shim<0.3,>=0.2 in /home/runner/micromamba/envs/tardis/lib/python3.12/site-packages (from notebook>=4.4.1->widgetsnbextension~=3.6.5->ipywidgets>=7.0.0->qgridnext) (0.2.4)
2025-02-24T12:34:12.2922625Z Requirement already satisfied: tornado>=6.2.0 in /home/runner/micromamba/envs/tardis/lib/python3.12/site-packages (from notebook>=4.4.1->widgetsnbextension~=3.6.5->ipywidgets>=7.0.0->qgridnext) (6.4.1)
2025-02-24T12:34:12.2953141Z Requirement already satisfied: ptyprocess>=0.5 in /home/runner/micromamba/envs/tardis/lib/python3.12/site-packages (from pexpect>4.3->ipython>=4.0.0->ipywidgets>=7.0.0->qgridnext) (0.7.0)
2025-02-24T12:34:12.2982590Z Requirement already satisfied: wcwidth in /home/runner/micromamba/envs/tardis/lib/python3.12/site-packages (from prompt-toolkit<3.1.0,>=3.0.41->ipython>=4.0.0->ipywidgets>=7.0.0->qgridnext) (0.2.13)
2025-02-24T12:34:12.3118675Z Requirement already satisfied: executing>=1.2.0 in /home/runner/micromamba/envs/tardis/lib/python3.12/site-packages (from stack-data->ipython>=4.0.0->ipywidgets>=7.0.0->qgridnext) (2.0.1)
2025-02-24T12:34:12.3128902Z Requirement already satisfied: asttokens>=2.1.0 in /home/runner/micromamba/envs/tardis/lib/python3.12/site-packages (from stack-data->ipython>=4.0.0->ipywidgets>=7.0.0->qgridnext) (2.4.1)
2025-02-24T12:34:12.3137391Z Requirement already satisfied: pure-eval in /home/runner/micromamba/envs/tardis/lib/python3.12/site-packages (from stack-data->ipython>=4.0.0->ipywidgets>=7.0.0->qgridnext) (0.2.2)
2025-02-24T12:34:12.3485335Z Requirement already satisfied: anyio>=3.1.0 in /home/runner/micromamba/envs/tardis/lib/python3.12/site-packages (from jupyter-server<3,>=2.4.0->notebook>=4.4.1->widgetsnbextension~=3.6.5->ipywidgets>=7.0.0->qgridnext) (4.4.0)
2025-02-24T12:34:12.3496385Z Requirement already satisfied: argon2-cffi>=21.1 in /home/runner/micromamba/envs/tardis/lib/python3.12/site-packages (from jupyter-server<3,>=2.4.0->notebook>=4.4.1->widgetsnbextension~=3.6.5->ipywidgets>=7.0.0->qgridnext) (23.1.0)
2025-02-24T12:34:12.3506174Z Requirement already satisfied: jinja2>=3.0.3 in /home/runner/micromamba/envs/tardis/lib/python3.12/site-packages (from jupyter-server<3,>=2.4.0->notebook>=4.4.1->widgetsnbextension~=3.6.5->ipywidgets>=7.0.0->qgridnext) (3.1.4)
2025-02-24T12:34:12.3519088Z Requirement already satisfied: jupyter-client>=7.4.4 in /home/runner/micromamba/envs/tardis/lib/python3.12/site-packages (from jupyter-server<3,>=2.4.0->notebook>=4.4.1->widgetsnbextension~=3.6.5->ipywidgets>=7.0.0->qgridnext) (8.6.2)
2025-02-24T12:34:12.3531951Z Requirement already satisfied: jupyter-core!=5.0.*,>=4.12 in /home/runner/micromamba/envs/tardis/lib/python3.12/site-packages (from jupyter-server<3,>=2.4.0->notebook>=4.4.1->widgetsnbextension~=3.6.5->ipywidgets>=7.0.0->qgridnext) (5.7.2)
2025-02-24T12:34:12.3544231Z Requirement already satisfied: jupyter-events>=0.9.0 in /home/runner/micromamba/envs/tardis/lib/python3.12/site-packages (from jupyter-server<3,>=2.4.0->notebook>=4.4.1->widgetsnbextension~=3.6.5->ipywidgets>=7.0.0->qgridnext) (0.10.0)
2025-02-24T12:34:12.3556459Z Requirement already satisfied: jupyter-server-terminals>=0.4.4 in /home/runner/micromamba/envs/tardis/lib/python3.12/site-packages (from jupyter-server<3,>=2.4.0->notebook>=4.4.1->widgetsnbextension~=3.6.5->ipywidgets>=7.0.0->qgridnext) (0.5.3)
2025-02-24T12:34:12.3570832Z Requirement already satisfied: nbconvert>=6.4.4 in /home/runner/micromamba/envs/tardis/lib/python3.12/site-packages (from jupyter-server<3,>=2.4.0->notebook>=4.4.1->widgetsnbextension~=3.6.5->ipywidgets>=7.0.0->qgridnext) (7.16.4)
2025-02-24T12:34:12.3582557Z Requirement already satisfied: nbformat>=5.3.0 in /home/runner/micromamba/envs/tardis/lib/python3.12/site-packages (from jupyter-server<3,>=2.4.0->notebook>=4.4.1->widgetsnbextension~=3.6.5->ipywidgets>=7.0.0->qgridnext) (5.10.4)
2025-02-24T12:34:12.3592757Z Requirement already satisfied: overrides>=5.0 in /home/runner/micromamba/envs/tardis/lib/python3.12/site-packages (from jupyter-server<3,>=2.4.0->notebook>=4.4.1->widgetsnbextension~=3.6.5->ipywidgets>=7.0.0->qgridnext) (7.7.0)
2025-02-24T12:34:12.3603734Z Requirement already satisfied: packaging>=22.0 in /home/runner/micromamba/envs/tardis/lib/python3.12/site-packages (from jupyter-server<3,>=2.4.0->notebook>=4.4.1->widgetsnbextension~=3.6.5->ipywidgets>=7.0.0->qgridnext) (24.1)
2025-02-24T12:34:12.3613201Z Requirement already satisfied: prometheus-client>=0.9 in /home/runner/micromamba/envs/tardis/lib/python3.12/site-packages (from jupyter-server<3,>=2.4.0->notebook>=4.4.1->widgetsnbextension~=3.6.5->ipywidgets>=7.0.0->qgridnext) (0.20.0)
2025-02-24T12:34:12.3624966Z Requirement already satisfied: pyzmq>=24 in /home/runner/micromamba/envs/tardis/lib/python3.12/site-packages (from jupyter-server<3,>=2.4.0->notebook>=4.4.1->widgetsnbextension~=3.6.5->ipywidgets>=7.0.0->qgridnext) (26.0.3)
2025-02-24T12:34:12.3634809Z Requirement already satisfied: send2trash>=1.8.2 in /home/runner/micromamba/envs/tardis/lib/python3.12/site-packages (from jupyter-server<3,>=2.4.0->notebook>=4.4.1->widgetsnbextension~=3.6.5->ipywidgets>=7.0.0->qgridnext) (1.8.3)
2025-02-24T12:34:12.3647165Z Requirement already satisfied: terminado>=0.8.3 in /home/runner/micromamba/envs/tardis/lib/python3.12/site-packages (from jupyter-server<3,>=2.4.0->notebook>=4.4.1->widgetsnbextension~=3.6.5->ipywidgets>=7.0.0->qgridnext) (0.18.1)
2025-02-24T12:34:12.3665490Z Requirement already satisfied: websocket-client>=1.7 in /home/runner/micromamba/envs/tardis/lib/python3.12/site-packages (from jupyter-server<3,>=2.4.0->notebook>=4.4.1->widgetsnbextension~=3.6.5->ipywidgets>=7.0.0->qgridnext) (1.8.0)
2025-02-24T12:34:12.3955565Z Requirement already satisfied: async-lru>=1.0.0 in /home/runner/micromamba/envs/tardis/lib/python3.12/site-packages (from jupyterlab<4.3,>=4.2.0->notebook>=4.4.1->widgetsnbextension~=3.6.5->ipywidgets>=7.0.0->qgridnext) (2.0.4)
2025-02-24T12:34:12.3968013Z Requirement already satisfied: httpx>=0.25.0 in /home/runner/micromamba/envs/tardis/lib/python3.12/site-packages (from jupyterlab<4.3,>=4.2.0->notebook>=4.4.1->widgetsnbextension~=3.6.5->ipywidgets>=7.0.0->qgridnext) (0.27.0)
2025-02-24T12:34:12.3981313Z Requirement already satisfied: ipykernel>=6.5.0 in /home/runner/micromamba/envs/tardis/lib/python3.12/site-packages (from jupyterlab<4.3,>=4.2.0->notebook>=4.4.1->widgetsnbextension~=3.6.5->ipywidgets>=7.0.0->qgridnext) (6.29.4)
2025-02-24T12:34:12.3996630Z Requirement already satisfied: jupyter-lsp>=2.0.0 in /home/runner/micromamba/envs/tardis/lib/python3.12/site-packages (from jupyterlab<4.3,>=4.2.0->notebook>=4.4.1->widgetsnbextension~=3.6.5->ipywidgets>=7.0.0->qgridnext) (2.2.5)
2025-02-24T12:34:12.4024083Z Requirement already satisfied: setuptools>=40.1.0 in /home/runner/micromamba/envs/tardis/lib/python3.12/site-packages (from jupyterlab<4.3,>=4.2.0->notebook>=4.4.1->widgetsnbextension~=3.6.5->ipywidgets>=7.0.0->qgridnext) (70.0.0)
2025-02-24T12:34:12.4217955Z Requirement already satisfied: babel>=2.10 in /home/runner/micromamba/envs/tardis/lib/python3.12/site-packages (from jupyterlab-server<3,>=2.27.1->notebook>=4.4.1->widgetsnbextension~=3.6.5->ipywidgets>=7.0.0->qgridnext) (2.14.0)
2025-02-24T12:34:12.4245695Z Requirement already satisfied: json5>=0.9.0 in /home/runner/micromamba/envs/tardis/lib/python3.12/site-packages (from jupyterlab-server<3,>=2.27.1->notebook>=4.4.1->widgetsnbextension~=3.6.5->ipywidgets>=7.0.0->qgridnext) (0.9.25)
2025-02-24T12:34:12.4257535Z Requirement already satisfied: jsonschema>=4.18.0 in /home/runner/micromamba/envs/tardis/lib/python3.12/site-packages (from jupyterlab-server<3,>=2.27.1->notebook>=4.4.1->widgetsnbextension~=3.6.5->ipywidgets>=7.0.0->qgridnext) (4.22.0)
2025-02-24T12:34:12.4278124Z Requirement already satisfied: requests>=2.31 in /home/runner/micromamba/envs/tardis/lib/python3.12/site-packages (from jupyterlab-server<3,>=2.27.1->notebook>=4.4.1->widgetsnbextension~=3.6.5->ipywidgets>=7.0.0->qgridnext) (2.32.3)
2025-02-24T12:34:12.4634577Z Requirement already satisfied: idna>=2.8 in /home/runner/micromamba/envs/tardis/lib/python3.12/site-packages (from anyio>=3.1.0->jupyter-server<3,>=2.4.0->notebook>=4.4.1->widgetsnbextension~=3.6.5->ipywidgets>=7.0.0->qgridnext) (3.7)
2025-02-24T12:34:12.4644740Z Requirement already satisfied: sniffio>=1.1 in /home/runner/micromamba/envs/tardis/lib/python3.12/site-packages (from anyio>=3.1.0->jupyter-server<3,>=2.4.0->notebook>=4.4.1->widgetsnbextension~=3.6.5->ipywidgets>=7.0.0->qgridnext) (1.3.1)
2025-02-24T12:34:12.4737913Z Requirement already satisfied: argon2-cffi-bindings in /home/runner/micromamba/envs/tardis/lib/python3.12/site-packages (from argon2-cffi>=21.1->jupyter-server<3,>=2.4.0->notebook>=4.4.1->widgetsnbextension~=3.6.5->ipywidgets>=7.0.0->qgridnext) (21.2.0)
2025-02-24T12:34:12.4908938Z Requirement already satisfied: certifi in /home/runner/micromamba/envs/tardis/lib/python3.12/site-packages (from httpx>=0.25.0->jupyterlab<4.3,>=4.2.0->notebook>=4.4.1->widgetsnbextension~=3.6.5->ipywidgets>=7.0.0->qgridnext) (2024.6.2)
2025-02-24T12:34:12.4923968Z Requirement already satisfied: httpcore==1.* in /home/runner/micromamba/envs/tardis/lib/python3.12/site-packages (from httpx>=0.25.0->jupyterlab<4.3,>=4.2.0->notebook>=4.4.1->widgetsnbextension~=3.6.5->ipywidgets>=7.0.0->qgridnext) (1.0.5)
2025-02-24T12:34:12.5002134Z Requirement already satisfied: h11<0.15,>=0.13 in /home/runner/micromamba/envs/tardis/lib/python3.12/site-packages (from httpcore==1.*->httpx>=0.25.0->jupyterlab<4.3,>=4.2.0->notebook>=4.4.1->widgetsnbextension~=3.6.5->ipywidgets>=7.0.0->qgridnext) (0.14.0)
2025-02-24T12:34:12.5188339Z Requirement already satisfied: debugpy>=1.6.5 in /home/runner/micromamba/envs/tardis/lib/python3.12/site-packages (from ipykernel>=6.5.0->jupyterlab<4.3,>=4.2.0->notebook>=4.4.1->widgetsnbextension~=3.6.5->ipywidgets>=7.0.0->qgridnext) (1.8.1)
2025-02-24T12:34:12.5209400Z Requirement already satisfied: nest-asyncio in /home/runner/micromamba/envs/tardis/lib/python3.12/site-packages (from ipykernel>=6.5.0->jupyterlab<4.3,>=4.2.0->notebook>=4.4.1->widgetsnbextension~=3.6.5->ipywidgets>=7.0.0->qgridnext) (1.6.0)
2025-02-24T12:34:12.5224596Z Requirement already satisfied: psutil in /home/runner/micromamba/envs/tardis/lib/python3.12/site-packages (from ipykernel>=6.5.0->jupyterlab<4.3,>=4.2.0->notebook>=4.4.1->widgetsnbextension~=3.6.5->ipywidgets>=7.0.0->qgridnext) (5.9.8)
2025-02-24T12:34:12.5287966Z Requirement already satisfied: MarkupSafe>=2.0 in /home/runner/micromamba/envs/tardis/lib/python3.12/site-packages (from jinja2>=3.0.3->jupyter-server<3,>=2.4.0->notebook>=4.4.1->widgetsnbextension~=3.6.5->ipywidgets>=7.0.0->qgridnext) (2.1.5)
2025-02-24T12:34:12.5483367Z Requirement already satisfied: attrs>=22.2.0 in /home/runner/micromamba/envs/tardis/lib/python3.12/site-packages (from jsonschema>=4.18.0->jupyterlab-server<3,>=2.27.1->notebook>=4.4.1->widgetsnbextension~=3.6.5->ipywidgets>=7.0.0->qgridnext) (23.2.0)
2025-02-24T12:34:12.5493684Z Requirement already satisfied: jsonschema-specifications>=2023.03.6 in /home/runner/micromamba/envs/tardis/lib/python3.12/site-packages (from jsonschema>=4.18.0->jupyterlab-server<3,>=2.27.1->notebook>=4.4.1->widgetsnbextension~=3.6.5->ipywidgets>=7.0.0->qgridnext) (2023.12.1)
2025-02-24T12:34:12.5502280Z Requirement already satisfied: referencing>=0.28.4 in /home/runner/micromamba/envs/tardis/lib/python3.12/site-packages (from jsonschema>=4.18.0->jupyterlab-server<3,>=2.27.1->notebook>=4.4.1->widgetsnbextension~=3.6.5->ipywidgets>=7.0.0->qgridnext) (0.35.1)
2025-02-24T12:34:12.5511243Z Requirement already satisfied: rpds-py>=0.7.1 in /home/runner/micromamba/envs/tardis/lib/python3.12/site-packages (from jsonschema>=4.18.0->jupyterlab-server<3,>=2.27.1->notebook>=4.4.1->widgetsnbextension~=3.6.5->ipywidgets>=7.0.0->qgridnext) (0.18.1)
2025-02-24T12:34:12.5782931Z Requirement already satisfied: platformdirs>=2.5 in /home/runner/micromamba/envs/tardis/lib/python3.12/site-packages (from jupyter-core!=5.0.*,>=4.12->jupyter-server<3,>=2.4.0->notebook>=4.4.1->widgetsnbextension~=3.6.5->ipywidgets>=7.0.0->qgridnext) (4.2.2)
2025-02-24T12:34:12.5934631Z Requirement already satisfied: python-json-logger>=2.0.4 in /home/runner/micromamba/envs/tardis/lib/python3.12/site-packages (from jupyter-events>=0.9.0->jupyter-server<3,>=2.4.0->notebook>=4.4.1->widgetsnbextension~=3.6.5->ipywidgets>=7.0.0->qgridnext) (2.0.7)
2025-02-24T12:34:12.5943327Z Requirement already satisfied: pyyaml>=5.3 in /home/runner/micromamba/envs/tardis/lib/python3.12/site-packages (from jupyter-events>=0.9.0->jupyter-server<3,>=2.4.0->notebook>=4.4.1->widgetsnbextension~=3.6.5->ipywidgets>=7.0.0->qgridnext) (6.0.1)
2025-02-24T12:34:12.5953426Z Requirement already satisfied: rfc3339-validator in /home/runner/micromamba/envs/tardis/lib/python3.12/site-packages (from jupyter-events>=0.9.0->jupyter-server<3,>=2.4.0->notebook>=4.4.1->widgetsnbextension~=3.6.5->ipywidgets>=7.0.0->qgridnext) (0.1.4)
2025-02-24T12:34:12.5962043Z Requirement already satisfied: rfc3986-validator>=0.1.1 in /home/runner/micromamba/envs/tardis/lib/python3.12/site-packages (from jupyter-events>=0.9.0->jupyter-server<3,>=2.4.0->notebook>=4.4.1->widgetsnbextension~=3.6.5->ipywidgets>=7.0.0->qgridnext) (0.1.1)
2025-02-24T12:34:12.6390072Z Requirement already satisfied: beautifulsoup4 in /home/runner/micromamba/envs/tardis/lib/python3.12/site-packages (from nbconvert>=6.4.4->jupyter-server<3,>=2.4.0->notebook>=4.4.1->widgetsnbextension~=3.6.5->ipywidgets>=7.0.0->qgridnext) (4.12.3)
2025-02-24T12:34:12.6408336Z Requirement already satisfied: bleach!=5.0.0 in /home/runner/micromamba/envs/tardis/lib/python3.12/site-packages (from nbconvert>=6.4.4->jupyter-server<3,>=2.4.0->notebook>=4.4.1->widgetsnbextension~=3.6.5->ipywidgets>=7.0.0->qgridnext) (6.1.0)
2025-02-24T12:34:12.6422224Z Requirement already satisfied: defusedxml in /home/runner/micromamba/envs/tardis/lib/python3.12/site-packages (from nbconvert>=6.4.4->jupyter-server<3,>=2.4.0->notebook>=4.4.1->widgetsnbextension~=3.6.5->ipywidgets>=7.0.0->qgridnext) (0.7.1)
2025-02-24T12:34:12.6436746Z Requirement already satisfied: jupyterlab-pygments in /home/runner/micromamba/envs/tardis/lib/python3.12/site-packages (from nbconvert>=6.4.4->jupyter-server<3,>=2.4.0->notebook>=4.4.1->widgetsnbextension~=3.6.5->ipywidgets>=7.0.0->qgridnext) (0.3.0)
2025-02-24T12:34:12.6448785Z Requirement already satisfied: mistune<4,>=2.0.3 in /home/runner/micromamba/envs/tardis/lib/python3.12/site-packages (from nbconvert>=6.4.4->jupyter-server<3,>=2.4.0->notebook>=4.4.1->widgetsnbextension~=3.6.5->ipywidgets>=7.0.0->qgridnext) (3.0.2)
2025-02-24T12:34:12.6461346Z Requirement already satisfied: nbclient>=0.5.0 in /home/runner/micromamba/envs/tardis/lib/python3.12/site-packages (from nbconvert>=6.4.4->jupyter-server<3,>=2.4.0->notebook>=4.4.1->widgetsnbextension~=3.6.5->ipywidgets>=7.0.0->qgridnext) (0.10.0)
2025-02-24T12:34:12.6477304Z Requirement already satisfied: pandocfilters>=1.4.1 in /home/runner/micromamba/envs/tardis/lib/python3.12/site-packages (from nbconvert>=6.4.4->jupyter-server<3,>=2.4.0->notebook>=4.4.1->widgetsnbextension~=3.6.5->ipywidgets>=7.0.0->qgridnext) (1.5.0)
2025-02-24T12:34:12.6487119Z Requirement already satisfied: tinycss2 in /home/runner/micromamba/envs/tardis/lib/python3.12/site-packages (from nbconvert>=6.4.4->jupyter-server<3,>=2.4.0->notebook>=4.4.1->widgetsnbextension~=3.6.5->ipywidgets>=7.0.0->qgridnext) (1.3.0)
2025-02-24T12:34:12.6606050Z Requirement already satisfied: fastjsonschema>=2.15 in /home/runner/micromamba/envs/tardis/lib/python3.12/site-packages (from nbformat>=5.3.0->jupyter-server<3,>=2.4.0->notebook>=4.4.1->widgetsnbextension~=3.6.5->ipywidgets>=7.0.0->qgridnext) (2.20.0)
2025-02-24T12:34:12.6913405Z Requirement already satisfied: charset-normalizer<4,>=2 in /home/runner/micromamba/envs/tardis/lib/python3.12/site-packages (from requests>=2.31->jupyterlab-server<3,>=2.27.1->notebook>=4.4.1->widgetsnbextension~=3.6.5->ipywidgets>=7.0.0->qgridnext) (3.3.2)
2025-02-24T12:34:12.6926857Z Requirement already satisfied: urllib3<3,>=1.21.1 in /home/runner/micromamba/envs/tardis/lib/python3.12/site-packages (from requests>=2.31->jupyterlab-server<3,>=2.27.1->notebook>=4.4.1->widgetsnbextension~=3.6.5->ipywidgets>=7.0.0->qgridnext) (2.2.2)
2025-02-24T12:34:12.7710908Z Requirement already satisfied: webencodings in /home/runner/micromamba/envs/tardis/lib/python3.12/site-packages (from bleach!=5.0.0->nbconvert>=6.4.4->jupyter-server<3,>=2.4.0->notebook>=4.4.1->widgetsnbextension~=3.6.5->ipywidgets>=7.0.0->qgridnext) (0.5.1)
2025-02-24T12:34:12.8277815Z Requirement already satisfied: fqdn in /home/runner/micromamba/envs/tardis/lib/python3.12/site-packages (from jsonschema[format-nongpl]>=4.18.0->jupyter-events>=0.9.0->jupyter-server<3,>=2.4.0->notebook>=4.4.1->widgetsnbextension~=3.6.5->ipywidgets>=7.0.0->qgridnext) (1.5.1)
2025-02-24T12:34:12.8294679Z Requirement already satisfied: isoduration in /home/runner/micromamba/envs/tardis/lib/python3.12/site-packages (from jsonschema[format-nongpl]>=4.18.0->jupyter-events>=0.9.0->jupyter-server<3,>=2.4.0->notebook>=4.4.1->widgetsnbextension~=3.6.5->ipywidgets>=7.0.0->qgridnext) (20.11.0)
2025-02-24T12:34:12.8307979Z Requirement already satisfied: jsonpointer>1.13 in /home/runner/micromamba/envs/tardis/lib/python3.12/site-packages (from jsonschema[format-nongpl]>=4.18.0->jupyter-events>=0.9.0->jupyter-server<3,>=2.4.0->notebook>=4.4.1->widgetsnbextension~=3.6.5->ipywidgets>=7.0.0->qgridnext) (3.0.0)
2025-02-24T12:34:12.8324558Z Requirement already satisfied: uri-template in /home/runner/micromamba/envs/tardis/lib/python3.12/site-packages (from jsonschema[format-nongpl]>=4.18.0->jupyter-events>=0.9.0->jupyter-server<3,>=2.4.0->notebook>=4.4.1->widgetsnbextension~=3.6.5->ipywidgets>=7.0.0->qgridnext) (1.3.0)
2025-02-24T12:34:12.8338409Z Requirement already satisfied: webcolors>=1.11 in /home/runner/micromamba/envs/tardis/lib/python3.12/site-packages (from jsonschema[format-nongpl]>=4.18.0->jupyter-events>=0.9.0->jupyter-server<3,>=2.4.0->notebook>=4.4.1->widgetsnbextension~=3.6.5->ipywidgets>=7.0.0->qgridnext) (24.6.0)
2025-02-24T12:34:12.9348966Z Requirement already satisfied: cffi>=1.0.1 in /home/runner/micromamba/envs/tardis/lib/python3.12/site-packages (from argon2-cffi-bindings->argon2-cffi>=21.1->jupyter-server<3,>=2.4.0->notebook>=4.4.1->widgetsnbextension~=3.6.5->ipywidgets>=7.0.0->qgridnext) (1.16.0)
2025-02-24T12:34:12.9447726Z Requirement already satisfied: soupsieve>1.2 in /home/runner/micromamba/envs/tardis/lib/python3.12/site-packages (from beautifulsoup4->nbconvert>=6.4.4->jupyter-server<3,>=2.4.0->notebook>=4.4.1->widgetsnbextension~=3.6.5->ipywidgets>=7.0.0->qgridnext) (2.5)
2025-02-24T12:34:12.9970295Z Requirement already satisfied: pycparser in /home/runner/micromamba/envs/tardis/lib/python3.12/site-packages (from cffi>=1.0.1->argon2-cffi-bindings->argon2-cffi>=21.1->jupyter-server<3,>=2.4.0->notebook>=4.4.1->widgetsnbextension~=3.6.5->ipywidgets>=7.0.0->qgridnext) (2.22)
2025-02-24T12:34:13.0471740Z Requirement already satisfied: arrow>=0.15.0 in /home/runner/micromamba/envs/tardis/lib/python3.12/site-packages (from isoduration->jsonschema[format-nongpl]>=4.18.0->jupyter-events>=0.9.0->jupyter-server<3,>=2.4.0->notebook>=4.4.1->widgetsnbextension~=3.6.5->ipywidgets>=7.0.0->qgridnext) (1.3.0)
2025-02-24T12:34:13.0775921Z Requirement already satisfied: types-python-dateutil>=2.8.10 in /home/runner/micromamba/envs/tardis/lib/python3.12/site-packages (from arrow>=0.15.0->isoduration->jsonschema[format-nongpl]>=4.18.0->jupyter-events>=0.9.0->jupyter-server<3,>=2.4.0->notebook>=4.4.1->widgetsnbextension~=3.6.5->ipywidgets>=7.0.0->qgridnext) (2.9.0.20240316)
2025-02-24T12:34:13.1021578Z Downloading qgridnext-2.0.4-py3-none-any.whl (1.3 MB)
2025-02-24T12:34:13.1304671Z    ━━━━━━━━━━━━━━━━━━━━━━━━━━━━━━━━━━━━━━━━ 1.3/1.3 MB 48.5 MB/s eta 0:00:00
2025-02-24T12:34:13.9347189Z Installing collected packages: qgridnext
2025-02-24T12:34:14.0084078Z Successfully installed qgridnext-2.0.4
2025-02-24T12:34:14.1966902Z ##[group]Run pytest tardis --tardis-regression-data=/home/runner/work/tardis/tardis/tardis-regression-data --cov=tardis --cov-report=xml --cov-report=html --cov-append -m "not continuum"
2025-02-24T12:34:14.1968175Z [36;1mpytest tardis --tardis-regression-data=/home/runner/work/tardis/tardis/tardis-regression-data --cov=tardis --cov-report=xml --cov-report=html --cov-append -m "not continuum"[0m
2025-02-24T12:34:14.2023361Z shell: /usr/bin/bash -l {0}
2025-02-24T12:34:14.2023605Z env:
2025-02-24T12:34:14.2023788Z   CACHE_NUMBER: 0
2025-02-24T12:34:14.2024409Z   PYTEST_FLAGS: --tardis-regression-data=/home/runner/work/tardis/tardis/tardis-regression-data --cov=tardis --cov-report=xml --cov-report=html --cov-append
2025-02-24T12:34:14.2025255Z   CODECOV_TOKEN: ***
2025-02-24T12:34:14.2025499Z   MAMBA_ROOT_PREFIX: /home/runner/micromamba
2025-02-24T12:34:14.2025815Z   MAMBA_EXE: /home/runner/micromamba-bin/micromamba
2025-02-24T12:34:14.2026201Z   CONDARC: /home/runner/work/_temp/setup-micromamba/.condarc
2025-02-24T12:34:14.2026514Z ##[endgroup]
2025-02-24T12:34:23.7717275Z ============================= test session starts ==============================
2025-02-24T12:34:23.7718185Z platform linux -- Python 3.12.4, pytest-8.2.2, pluggy-1.5.0
2025-02-24T12:34:23.7718716Z rootdir: /home/runner/work/tardis/tardis
2025-02-24T12:34:23.7719190Z configfile: pyproject.toml
2025-02-24T12:34:23.7719700Z plugins: metadata-3.1.1, anyio-4.4.0, doctestplus-1.2.1, cov-5.0.0, html-4.1.1
2025-02-24T12:34:23.7720298Z collected 1796 items / 2 deselected / 1794 selected
2025-02-24T12:34:23.7720607Z 
2025-02-24T12:34:28.8180977Z tardis/energy_input/tests/test_energy_source.py ..xxx                    [  0%]
2025-02-24T12:34:31.8313311Z tardis/energy_input/tests/test_gamma_ray_channel.py ...........          [  0%]
2025-02-24T12:34:33.4689669Z tardis/energy_input/tests/test_gamma_ray_grid.py xx.                     [  1%]
2025-02-24T12:34:35.2699347Z tardis/energy_input/tests/test_gamma_ray_interactions.py xx....          [  1%]
2025-02-24T12:34:35.2797099Z tardis/energy_input/tests/test_gamma_ray_packet_source.py sssssssss      [  1%]
2025-02-24T12:34:36.7023658Z tardis/energy_input/tests/test_util.py .....xxxx.....                    [  2%]
2025-02-24T12:34:37.0866584Z tardis/grid/tests/test_grid.py .                                         [  2%]
2025-02-24T12:34:37.0884967Z tardis/gui/tests/test_gui.py s                                           [  2%]
2025-02-24T12:34:40.5905531Z tardis/io/configuration/tests/test_config_reader.py ...........          [  3%]
2025-02-24T12:34:40.6036539Z tardis/io/configuration/tests/test_configuration_namespace.py .........  [  3%]
2025-02-24T12:34:40.6307637Z tardis/io/logger/tests/test_logging.py ssssssssssssssssssssssssssss      [  5%]
2025-02-24T12:35:19.6450656Z tardis/io/model/readers/tests/test_arepo_parser.py ..                    [  5%]
2025-02-24T12:35:19.6601645Z tardis/io/model/readers/tests/test_ascii_readers.py ...                  [  5%]
2025-02-24T12:35:19.6709509Z tardis/io/model/readers/tests/test_cmfgen_reader.py ..                   [  5%]
2025-02-24T12:35:19.7014775Z tardis/io/model/readers/tests/test_csvy_reader.py ....                   [  6%]
2025-02-24T12:35:19.7229028Z tardis/io/model/readers/tests/test_stella_reader.py ..                   [  6%]
2025-02-24T12:35:20.0432150Z tardis/io/tests/test_HDFWriter.py ...............                        [  7%]
2025-02-24T12:35:20.3842189Z tardis/io/tests/test_atomic.py .....                                     [  7%]
2025-02-24T12:35:20.4054810Z tardis/io/tests/test_decay.py ..                                         [  7%]
2025-02-24T12:35:20.6084077Z tardis/io/tests/test_model_reader.py ......                              [  7%]
2025-02-24T12:35:20.6152837Z tardis/model/geometry/tests/test_radial1d.py ..                          [  7%]
2025-02-24T12:36:21.0311473Z tardis/model/tests/test_base.py ........................................ [ 10%]
2025-02-24T12:36:22.0615563Z ............                                                             [ 10%]
2025-02-24T12:36:25.2618688Z tardis/model/tests/test_csvy_model.py .........                          [ 11%]
2025-02-24T12:36:25.3126169Z tardis/model/tests/test_density.py ..                                    [ 11%]
2025-02-24T12:36:26.6664375Z tardis/opacities/tests/test_opacity_solver.py .....                      [ 11%]
2025-02-24T12:36:28.0204087Z tardis/opacities/tests/test_opacity_state_numba.py .....                 [ 11%]
2025-02-24T12:36:29.6548233Z tardis/opacities/tests/test_tau_sobolev.py ..                            [ 12%]
2025-02-24T12:36:32.8466146Z tardis/plasma/equilibrium/tests/test_collisional_transitions.py ...      [ 12%]
2025-02-24T12:37:19.9654524Z tardis/plasma/equilibrium/tests/test_level_populations.py ....           [ 12%]
2025-02-24T12:37:31.7566682Z tardis/plasma/equilibrium/tests/test_rate_matrix.py .                    [ 12%]
2025-02-24T12:37:33.2079007Z tardis/plasma/tests/test_complete_plasmas.py ..............s......s..... [ 13%]
2025-02-24T12:37:36.1472497Z s....ssssss............s......s.....ss.....s....ssssss............s..... [ 18%]
2025-02-24T12:37:38.1553406Z .s.....ss.....s....ssssss............s......s.....ss.....s....ssssss.... [ 22%]
2025-02-24T12:37:41.1093396Z ........s......s.....ss.....s....ssssss............s......s.....ss.....s [ 26%]
2025-02-24T12:37:44.0769025Z ....ssssss............s......s.....ss.....s....ssssss............s...... [ 30%]
2025-02-24T12:37:44.7981505Z s.....ss.....s....ssssss............s......s.....ss.....s.ss.ssssss..... [ 34%]
2025-02-24T12:37:47.7292263Z .......s......s.....ss.....s....ssssss............s......s.....ss.....s. [ 38%]
2025-02-24T12:37:50.9672887Z ...ssssss............s......s.....ss.....s....ssssss............s......s [ 42%]
2025-02-24T12:37:54.0953062Z .....ss.....s....ssssss............s......s.....s...........ssssss...... [ 46%]
2025-02-24T12:37:55.9301631Z ......s......s.....s...........ssssss............s......s.....s......... [ 50%]
2025-02-24T12:37:58.8726009Z ..ssssss............s......s.....ss.....s....ssssss............s......s. [ 54%]
2025-02-24T12:38:02.4554255Z ....ss.....s....ssssss...................s......s.....s....ssss......... [ 58%]
2025-02-24T12:38:02.7492297Z ............s......s.....s....ssss.......                                [ 60%]
2025-02-24T12:38:02.8657113Z tardis/plasma/tests/test_hdf_plasma.py ................................. [ 62%]
2025-02-24T12:38:02.8773266Z ......                                                                   [ 62%]
2025-02-24T12:38:03.0170104Z tardis/plasma/tests/test_nlte_excitation.py ...                          [ 62%]
2025-02-24T12:40:23.6727300Z tardis/plasma/tests/test_nlte_solver.py .....X                           [ 63%]
2025-02-24T12:40:23.6755539Z tardis/plasma/tests/test_plasma_continuum.py .                           [ 63%]
2025-02-24T12:40:47.6096863Z tardis/plasma/tests/test_plasma_vboundary.py .............               [ 63%]
2025-02-24T12:41:01.0647136Z tardis/plasma/tests/test_tardis_model_density_config.py ...              [ 64%]
2025-02-24T12:41:01.8232466Z tardis/simulation/tests/test_convergence.py .....                        [ 64%]
2025-02-24T12:41:10.4872293Z tardis/simulation/tests/test_simulation.py .............                 [ 65%]
2025-02-24T12:41:10.5072226Z tardis/spectrum/tests/test_cuda_formal_integral.py sssssssssssssssssssss [ 66%]
2025-02-24T12:41:10.9895643Z ssss...ssssssssssssssssssssss                                            [ 67%]
2025-02-24T12:41:10.9970043Z tardis/spectrum/tests/test_luminosity.py ....                            [ 68%]
2025-02-24T12:41:12.6289026Z tardis/spectrum/tests/test_numba_formal_integral.py .................... [ 69%]
2025-02-24T12:41:12.6487350Z ..........                                                               [ 69%]
2025-02-24T12:41:12.8256143Z tardis/spectrum/tests/test_spectrum.py ................................. [ 71%]
2025-02-24T12:41:12.8594550Z .........                                                                [ 72%]
2025-02-24T12:41:32.4423941Z tardis/spectrum/tests/test_spectrum_solver.py ....                       [ 72%]
2025-02-24T12:42:35.5000893Z tardis/tests/test_tardis_full.py ....                                    [ 72%]
2025-02-24T12:44:01.2987045Z tardis/tests/test_tardis_full_formal_integral.py ................        [ 73%]
2025-02-24T12:44:01.3740602Z tardis/tests/test_util.py .............................................  [ 75%]
2025-02-24T12:44:04.1000642Z tardis/transport/montecarlo/tests/test_base.py x.....................    [ 77%]
2025-02-24T12:44:12.1946024Z tardis/transport/montecarlo/tests/test_interaction.py .......            [ 77%]
2025-02-24T12:44:12.4280971Z tardis/transport/montecarlo/tests/test_macro_atom.py ....                [ 77%]
2025-02-24T12:44:12.4460236Z tardis/transport/montecarlo/tests/test_montecarlo.py sssssssssssssssssss [ 78%]
2025-02-24T12:44:12.4880162Z sssssssssssssssssssssssssssssssssssssssssssss                            [ 81%]
2025-02-24T12:44:21.5692465Z tardis/transport/montecarlo/tests/test_montecarlo_main_loop.py x..       [ 81%]
2025-02-24T12:44:21.5761621Z tardis/transport/montecarlo/tests/test_nonhomologous.py ...              [ 81%]
2025-02-24T12:44:27.5867293Z tardis/transport/montecarlo/tests/test_numba_interface.py .....x.        [ 82%]
2025-02-24T12:44:28.0824786Z tardis/transport/montecarlo/tests/test_opacities.py ...............      [ 82%]
2025-02-24T12:44:29.1464354Z tardis/transport/montecarlo/tests/test_packet.py .................xXXXXX [ 84%]
2025-02-24T12:44:29.8505940Z XX.........                                                              [ 84%]
2025-02-24T12:44:29.8794217Z tardis/transport/montecarlo/tests/test_packet_source.py ........         [ 85%]
2025-02-24T12:44:30.2165204Z tardis/transport/montecarlo/tests/test_rpacket_last_interaction_tracker.py . [ 85%]
2025-02-24T12:44:30.6510939Z .....                                                                    [ 85%]
2025-02-24T12:45:06.8315163Z tardis/transport/montecarlo/tests/test_rpacket_tracker.py ......         [ 85%]
2025-02-24T12:45:06.8606989Z tardis/transport/montecarlo/tests/test_single_packet_loop.py xxx         [ 86%]
2025-02-24T12:45:06.8639110Z tardis/transport/montecarlo/tests/test_tracker_utils.py ..               [ 86%]
2025-02-24T12:45:09.3758750Z tardis/transport/montecarlo/tests/test_vpacket.py ..x.                   [ 86%]
2025-02-24T12:45:09.3943247Z tardis/transport/montecarlo/tests/test_weighted_packet_source.py ....    [ 86%]
2025-02-24T12:45:12.8950823Z tardis/transport/montecarlo/tests/test_weighted_packet_source_integration.py . [ 86%]
2025-02-24T12:45:12.8953206Z                                                                          [ 86%]
2025-02-24T12:45:13.6843310Z tardis/transport/tests/test_doppler_factor.py ..................         [ 87%]
2025-02-24T12:45:15.0513918Z tardis/visualization/tools/tests/test_convergence_plot.py .............. [ 88%]
2025-02-24T12:45:17.3900169Z ......                                                                   [ 88%]
2025-02-24T12:45:22.2148839Z tardis/visualization/tools/tests/test_liv_plot.py ...................... [ 90%]
2025-02-24T12:45:25.5679199Z .............................                                            [ 91%]
2025-02-24T12:45:28.4511333Z tardis/visualization/tools/tests/test_rpacket_plot.py .................. [ 92%]
2025-02-24T12:45:35.5293681Z ....                                                                     [ 92%]
2025-02-24T12:45:41.7897137Z tardis/visualization/tools/tests/test_sdec_plot.py ..................... [ 94%]
2025-02-24T12:45:49.6829008Z ..............................                                           [ 95%]
2025-02-24T12:45:50.1317217Z tardis/visualization/widgets/tests/test_custom_abundance.py ........ss.. [ 96%]
2025-02-24T12:45:50.2090304Z ....                                                                     [ 96%]
2025-02-24T12:45:51.3173777Z tardis/visualization/widgets/tests/test_line_info.py ................... [ 97%]
2025-02-24T12:45:51.9769680Z ..................                                                       [ 98%]
2025-02-24T12:46:55.8051921Z tardis/visualization/widgets/tests/test_shell_info.py .................. [ 99%]
2025-02-24T12:47:04.0547658Z ......                                                                   [100%]
2025-02-24T12:47:04.0548068Z 
2025-02-24T12:47:04.0548271Z =============================== warnings summary ===============================
2025-02-24T12:47:04.0548871Z tardis/io/configuration/config_validator.py:6
2025-02-24T12:47:04.0549356Z tardis/io/configuration/config_validator.py:6
2025-02-24T12:47:04.0550269Z   /home/runner/work/tardis/tardis/tardis/io/configuration/config_validator.py:6: DeprecationWarning:
2025-02-24T12:47:04.0551553Z   
2025-02-24T12:47:04.0553940Z   jsonschema.RefResolver is deprecated as of v4.18.0, in favor of the https://github.com/python-jsonschema/referencing library, which provides more compliant referencing behavior as well as more flexible APIs for customization. A future release will remove RefResolver. Please file a feature request (on referencing) if you are missing an API for the kind of customization you need.
2025-02-24T12:47:04.0555182Z 
2025-02-24T12:47:04.0555445Z ../../../micromamba/envs/tardis/lib/python3.12/site-packages/jupyter_client/connect.py:22
2025-02-24T12:47:04.0556136Z   /home/runner/micromamba/envs/tardis/lib/python3.12/site-packages/jupyter_client/connect.py:22: DeprecationWarning:
2025-02-24T12:47:04.0556662Z   
2025-02-24T12:47:04.0556913Z   Jupyter is migrating its paths to use standard platformdirs
2025-02-24T12:47:04.0557425Z   given by the platformdirs library.  To remove this warning and
2025-02-24T12:47:04.0558138Z   see the appropriate new directories, set the environment variable
2025-02-24T12:47:04.0558768Z   `JUPYTER_PLATFORM_DIRS=1` and then run `jupyter --paths`.
2025-02-24T12:47:04.0559154Z   The use of platformdirs will be the default in `jupyter_core` v6
2025-02-24T12:47:04.0559389Z 
2025-02-24T12:47:04.0565891Z tardis/io/tests/test_HDFWriter.py::test_multi_index_write
2025-02-24T12:47:04.0566453Z tardis/visualization/widgets/tests/test_shell_info.py::TestHDFShellInfo::test_shells_data
2025-02-24T12:47:04.0567031Z   /home/runner/work/tardis/tardis/tardis/io/util.py:276: PerformanceWarning:
2025-02-24T12:47:04.0567403Z   
2025-02-24T12:47:04.0567564Z   
2025-02-24T12:47:04.0567870Z   your performance may suffer as PyTables will pickle object types that it cannot
2025-02-24T12:47:04.0568432Z   map directly to c-types [inferred_type->mixed,key->block0_values] [items->Index([0], dtype='int64')]
2025-02-24T12:47:04.0568781Z 
2025-02-24T12:47:04.0568987Z tardis/io/tests/test_model_reader.py::test_read_cmfgen_isotope_abundances
2025-02-24T12:47:04.0569506Z tardis/plasma/tests/test_tardis_model_density_config.py::test_electron_densities
2025-02-24T12:47:04.0570042Z tardis/plasma/tests/test_tardis_model_density_config.py::test_isotope_number_densities
2025-02-24T12:47:04.0570539Z tardis/plasma/tests/test_tardis_model_density_config.py::test_t_rad
2025-02-24T12:47:04.0571325Z   /home/runner/work/tardis/tardis/tardis/io/model/readers/cmfgen_deprecated.py:82: DeprecationWarning:
2025-02-24T12:47:04.0571810Z   
2025-02-24T12:47:04.0572019Z   The current CMFGEN model parser is deprecated
2025-02-24T12:47:04.0572217Z 
2025-02-24T12:47:04.0572334Z tardis/io/tests/test_model_reader.py: 1 warning
2025-02-24T12:47:04.0572705Z tardis/plasma/tests/test_tardis_model_density_config.py: 9 warnings
2025-02-24T12:47:04.0573512Z   /home/runner/work/tardis/tardis/tardis/io/model/readers/cmfgen_deprecated.py:40: DeprecationWarning:
2025-02-24T12:47:04.0573967Z   
2025-02-24T12:47:04.0574162Z   The current CMFGEN model parser is deprecated
2025-02-24T12:47:04.0574350Z 
2025-02-24T12:47:04.0574557Z tardis/model/tests/test_base.py::TestModelFromPaper1Config::test_abundances
2025-02-24T12:47:04.0575404Z   /home/runner/work/tardis/tardis/tardis/transport/montecarlo/montecarlo_main_loop.py:123: NumbaTypeSafetyWarning:
2025-02-24T12:47:04.0576246Z   
2025-02-24T12:47:04.0576966Z   [1m[1m[1munsafe cast from uint64 to int64. Precision may be lost.[0m[0m[0m
2025-02-24T12:47:04.0577244Z 
2025-02-24T12:47:04.0577348Z tardis/model/tests/test_base.py: 6 warnings
2025-02-24T12:47:04.0577646Z tardis/model/tests/test_csvy_model.py: 2 warnings
2025-02-24T12:47:04.0578020Z tardis/plasma/tests/test_tardis_model_density_config.py: 3 warnings
2025-02-24T12:47:04.0578545Z   /home/runner/work/tardis/tardis/tardis/model/geometry/radial1d.py:50: DeprecationWarning:
2025-02-24T12:47:04.0578982Z   
2025-02-24T12:47:04.0579179Z   v_inner_boundary < 0, assuming default value
2025-02-24T12:47:04.0579365Z 
2025-02-24T12:47:04.0579474Z tardis/model/tests/test_base.py: 6 warnings
2025-02-24T12:47:04.0579767Z tardis/model/tests/test_csvy_model.py: 2 warnings
2025-02-24T12:47:04.0580136Z tardis/plasma/tests/test_tardis_model_density_config.py: 3 warnings
2025-02-24T12:47:04.0580655Z   /home/runner/work/tardis/tardis/tardis/model/geometry/radial1d.py:61: DeprecationWarning:
2025-02-24T12:47:04.0581330Z   
2025-02-24T12:47:04.0581547Z   v_outer_boundary < 0, assuming default value
2025-02-24T12:47:04.0581745Z 
2025-02-24T12:47:04.0582217Z tardis/plasma/equilibrium/tests/test_level_populations.py::TestLevelPopulationSolver::test_solve[collisional_rate_solver0-radiative_transitions0]
2025-02-24T12:47:04.0583065Z   /home/runner/work/tardis/tardis/tardis/plasma/equilibrium/level_populations.py:65: FutureWarning:
2025-02-24T12:47:04.0583536Z   
2025-02-24T12:47:04.0583902Z   A value is trying to be set on a copy of a DataFrame or Series through chained assignment using an inplace method.
2025-02-24T12:47:04.0584693Z   The behavior will change in pandas 3.0. This inplace method will never work because the intermediate object on which we are setting values always behaves as a copy.
2025-02-24T12:47:04.0585280Z   
2025-02-24T12:47:04.0585905Z   For example, when doing 'df[col].method(value, inplace=True)', try using 'df.method({col: value}, inplace=True)' or df[col] = df[col].method(value) instead, to perform the operation inplace on the original object.
2025-02-24T12:47:04.0586511Z 
2025-02-24T12:47:04.0586733Z tardis/plasma/tests/test_plasma_vboundary.py::test_plasma_vboundary[2900-3750]
2025-02-24T12:47:04.0587234Z tardis/plasma/tests/test_plasma_vboundary.py::test_plasma_vboundary[2900-3850]
2025-02-24T12:47:04.0587715Z tardis/plasma/tests/test_plasma_vboundary.py::test_plasma_vboundary[2900-3900]
2025-02-24T12:47:04.0588239Z   /home/runner/work/tardis/tardis/tardis/model/geometry/radial1d.py:71: UserWarning:
2025-02-24T12:47:04.0588633Z   
2025-02-24T12:47:04.0588911Z   Requesting inner boundary below inner shell. Extrapolating the inner cell
2025-02-24T12:47:04.0589189Z 
2025-02-24T12:47:04.0589408Z tardis/spectrum/tests/test_spectrum_solver.py::TestSpectrumSolver::test_solve
2025-02-24T12:47:04.0589896Z   /home/runner/work/tardis/tardis/tardis/spectrum/base.py:70: UserWarning:
2025-02-24T12:47:04.0590246Z   
2025-02-24T12:47:04.0590657Z   SpectrumSolver.spectrum_virtual_packets is zero. Please run the montecarlo simulation with no_of_virtual_packets > 0
2025-02-24T12:47:04.0591300Z 
2025-02-24T12:47:04.0591518Z tardis/spectrum/tests/test_spectrum_solver.py::TestSpectrumSolver::test_solve
2025-02-24T12:47:04.0592011Z   /home/runner/work/tardis/tardis/tardis/spectrum/base.py:111: UserWarning:
2025-02-24T12:47:04.0592360Z   
2025-02-24T12:47:04.0592798Z   SpectrumSolver.integrator: The FormalIntegrator is not yet available.Please run the montecarlo simulation at least once.
2025-02-24T12:47:04.0593369Z 
2025-02-24T12:47:04.0593584Z tardis/transport/montecarlo/tests/test_vpacket.py::test_trace_vpacket_volley
2025-02-24T12:47:04.0593991Z   <string>:3: NumbaPendingDeprecationWarning:
2025-02-24T12:47:04.0594247Z   
2025-02-24T12:47:04.0595387Z   [1m[1mCode using Numba extension API maybe depending on 'old_style' error-capturing, which is deprecated and will be replaced by 'new_style' in a future release. See details at https://numba.readthedocs.io/en/latest/reference/deprecation.html#deprecation-of-old-style-numba-captured-errors
2025-02-24T12:47:04.0596515Z   Exception origin:
2025-02-24T12:47:04.0596900Z     File "/home/runner/micromamba/envs/tardis/lib/python3.12/inspect.py", line 3180, in _bind
2025-02-24T12:47:04.0597323Z       raise TypeError(msg) from None
2025-02-24T12:47:04.0597583Z   [0m[0m
2025-02-24T12:47:04.0597682Z 
2025-02-24T12:47:04.0598021Z tardis/visualization/tools/tests/test_sdec_plot.py::TestSDECPlotter::test_mpl_image[plotter_generate_plot_mpl4]
2025-02-24T12:47:04.0598713Z   /home/runner/work/tardis/tardis/tardis/visualization/tools/sdec_plot.py:1225: RuntimeWarning:
2025-02-24T12:47:04.0599142Z   
2025-02-24T12:47:04.0600074Z   More than 20 figures have been opened. Figures created through the pyplot interface (`matplotlib.pyplot.figure`) are retained until explicitly closed and may consume too much memory. (To control this warning, see the rcParam `figure.max_open_warning`). Consider using `matplotlib.pyplot.close()`.
2025-02-24T12:47:04.0600993Z 
2025-02-24T12:47:04.0601543Z tardis/visualization/widgets/tests/test_custom_abundance.py::TestCustomAbundanceWidget::test_update_input_item_value
2025-02-24T12:47:04.0602322Z tardis/visualization/widgets/tests/test_custom_abundance.py::TestCustomAbundanceWidget::test_update_input_item_value
2025-02-24T12:47:04.0603083Z tardis/visualization/widgets/tests/test_custom_abundance.py::TestCustomAbundanceWidget::test_update_input_item_value
2025-02-24T12:47:04.0603852Z tardis/visualization/widgets/tests/test_custom_abundance.py::TestCustomAbundanceWidget::test_update_input_item_value
2025-02-24T12:47:04.0604610Z tardis/visualization/widgets/tests/test_custom_abundance.py::TestCustomAbundanceWidget::test_update_input_item_value
2025-02-24T12:47:04.0605376Z tardis/visualization/widgets/tests/test_custom_abundance.py::TestCustomAbundanceWidget::test_update_input_item_value
2025-02-24T12:47:04.0606144Z   /home/runner/micromamba/envs/tardis/lib/python3.12/site-packages/traitlets/traitlets.py:1385: DeprecationWarning:
2025-02-24T12:47:04.0606640Z   
2025-02-24T12:47:04.0606923Z   Passing unrecognized arguments to super(Checkbox).__init__(icon='lock').
2025-02-24T12:47:04.0607372Z   object.__init__() takes exactly one argument (the instance to initialize)
2025-02-24T12:47:04.0607868Z   This is deprecated in traitlets 4.2.This error will be raised in a future release of traitlets.
2025-02-24T12:47:04.0608189Z 
2025-02-24T12:47:04.0608532Z tardis/visualization/widgets/tests/test_custom_abundance.py::TestCustomAbundanceWidget::test_update_input_item_value
2025-02-24T12:47:04.0609310Z tardis/visualization/widgets/tests/test_custom_abundance.py::TestCustomAbundanceWidget::test_update_input_item_value
2025-02-24T12:47:04.0610073Z   /home/runner/micromamba/envs/tardis/lib/python3.12/site-packages/traitlets/traitlets.py:1385: DeprecationWarning:
2025-02-24T12:47:04.0610567Z   
2025-02-24T12:47:04.0610834Z   Passing unrecognized arguments to super(FloatText).__init__(min=0).
2025-02-24T12:47:04.0611439Z   object.__init__() takes exactly one argument (the instance to initialize)
2025-02-24T12:47:04.0611931Z   This is deprecated in traitlets 4.2.This error will be raised in a future release of traitlets.
2025-02-24T12:47:04.0612253Z 
2025-02-24T12:47:04.0612601Z tardis/visualization/widgets/tests/test_custom_abundance.py::TestCustomAbundanceWidget::test_update_input_item_value
2025-02-24T12:47:04.0613366Z   /home/runner/micromamba/envs/tardis/lib/python3.12/site-packages/traitlets/traitlets.py:1385: DeprecationWarning:
2025-02-24T12:47:04.0613995Z   
2025-02-24T12:47:04.0614261Z   Passing unrecognized arguments to super(HTML).__init__(indent=True).
2025-02-24T12:47:04.0614686Z   object.__init__() takes exactly one argument (the instance to initialize)
2025-02-24T12:47:04.0615188Z   This is deprecated in traitlets 4.2.This error will be raised in a future release of traitlets.
2025-02-24T12:47:04.0615507Z 
2025-02-24T12:47:04.0615935Z tardis/visualization/widgets/tests/test_line_info.py::TestLineInfoWidgetData::test_get_species_interactions[wavelength_range0-packet_out_nu]
2025-02-24T12:47:04.0616865Z   /home/runner/micromamba/envs/tardis/lib/python3.12/site-packages/qgridnext/grid.py:814: DeprecationWarning:
2025-02-24T12:47:04.0617352Z   
2025-02-24T12:47:04.0617689Z   QgridWidget._df_changed is deprecated in traitlets 4.1: use @observe and @unobserve instead.
2025-02-24T12:47:04.0618023Z 
2025-02-24T12:47:04.0618281Z tardis/visualization/widgets/tests/test_shell_info.py::TestHDFShellInfo::test_shells_data
2025-02-24T12:47:04.0618837Z   /home/runner/work/tardis/tardis/tardis/io/util.py:289: PerformanceWarning:
2025-02-24T12:47:04.0619234Z   
2025-02-24T12:47:04.0619401Z   
2025-02-24T12:47:04.0619693Z   your performance may suffer as PyTables will pickle object types that it cannot
2025-02-24T12:47:04.0620240Z   map directly to c-types [inferred_type->mixed,key->block0_values] [items->Index([0], dtype='int64')]
2025-02-24T12:47:04.0620580Z 
2025-02-24T12:47:04.0620839Z tardis/visualization/widgets/tests/test_shell_info.py::TestHDFShellInfo::test_shells_data
2025-02-24T12:47:04.0621608Z   /home/runner/work/tardis/tardis/tardis/io/util.py:292: PerformanceWarning:
2025-02-24T12:47:04.0621972Z   
2025-02-24T12:47:04.0622127Z   
2025-02-24T12:47:04.0622411Z   your performance may suffer as PyTables will pickle object types that it cannot
2025-02-24T12:47:04.0622880Z   map directly to c-types [inferred_type->mixed,key->values] [items->None]
2025-02-24T12:47:04.0623145Z 
2025-02-24T12:47:04.0623405Z tardis/visualization/widgets/tests/test_shell_info.py::TestHDFShellInfo::test_shells_data
2025-02-24T12:47:04.0623990Z   /home/runner/work/tardis/tardis/tardis/spectrum/formal_integral.py:398: UserWarning:
2025-02-24T12:47:04.0624385Z   
2025-02-24T12:47:04.0624661Z   The number of interpolate_shells was not specified. The value was set to 80.
2025-02-24T12:47:04.0624943Z 
2025-02-24T12:47:04.0625139Z -- Docs: https://docs.pytest.org/en/stable/how-to/capture-warnings.html
2025-02-24T12:47:04.0625417Z 
2025-02-24T12:47:04.0625584Z ---------- coverage: platform linux, python 3.12.4-final-0 -----------
2025-02-24T12:47:04.0625954Z Coverage HTML written to dir coverage_html_report
2025-02-24T12:47:04.0626256Z Coverage XML written to file coverage.xml
2025-02-24T12:47:04.0626432Z 
2025-02-24T12:47:04.0626670Z = 1410 passed, 357 skipped, 2 deselected, 19 xfailed, 8 xpassed, 63 warnings in 761.94s (0:12:41) =
2025-02-24T12:47:06.5578285Z ##[group]Run mv .coverage .coverage.2
2025-02-24T12:47:06.5578623Z [36;1mmv .coverage .coverage.2[0m
2025-02-24T12:47:06.5655169Z shell: /usr/bin/bash -l {0}
2025-02-24T12:47:06.5655425Z env:
2025-02-24T12:47:06.5655605Z   CACHE_NUMBER: 0
2025-02-24T12:47:06.5656254Z   PYTEST_FLAGS: --tardis-regression-data=/home/runner/work/tardis/tardis/tardis-regression-data --cov=tardis --cov-report=xml --cov-report=html --cov-append
2025-02-24T12:47:06.5657266Z   CODECOV_TOKEN: ***
2025-02-24T12:47:06.5657519Z   MAMBA_ROOT_PREFIX: /home/runner/micromamba
2025-02-24T12:47:06.5657841Z   MAMBA_EXE: /home/runner/micromamba-bin/micromamba
2025-02-24T12:47:06.5658199Z   CONDARC: /home/runner/work/_temp/setup-micromamba/.condarc
2025-02-24T12:47:06.5658511Z ##[endgroup]
2025-02-24T12:47:06.6850604Z ##[group]Run actions/upload-artifact@v4
2025-02-24T12:47:06.6850903Z with:
2025-02-24T12:47:06.6851362Z   name: coverage-not-continuum-ubuntu-latest
2025-02-24T12:47:06.6851669Z   include-hidden-files: true
2025-02-24T12:47:06.6851917Z   path: .coverage*
!.coveragerc

2025-02-24T12:47:06.6852167Z   if-no-files-found: warn
2025-02-24T12:47:06.6852651Z   compression-level: 6
2025-02-24T12:47:06.6852876Z   overwrite: false
2025-02-24T12:47:06.6853069Z env:
2025-02-24T12:47:06.6853243Z   CACHE_NUMBER: 0
2025-02-24T12:47:06.6853873Z   PYTEST_FLAGS: --tardis-regression-data=/home/runner/work/tardis/tardis/tardis-regression-data --cov=tardis --cov-report=xml --cov-report=html --cov-append
2025-02-24T12:47:06.6854667Z   CODECOV_TOKEN: ***
2025-02-24T12:47:06.6854909Z   MAMBA_ROOT_PREFIX: /home/runner/micromamba
2025-02-24T12:47:06.6855217Z   MAMBA_EXE: /home/runner/micromamba-bin/micromamba
2025-02-24T12:47:06.6855579Z   CONDARC: /home/runner/work/_temp/setup-micromamba/.condarc
2025-02-24T12:47:06.6855908Z ##[endgroup]
2025-02-24T12:47:06.9167076Z With the provided path, there will be 1 file uploaded
2025-02-24T12:47:06.9173449Z Artifact name is valid!
2025-02-24T12:47:06.9174621Z Root directory input is valid!
2025-02-24T12:47:07.2217631Z Beginning upload of artifact content to blob storage
2025-02-24T12:47:07.5950921Z Uploaded bytes 20013
2025-02-24T12:47:07.6758508Z Finished uploading artifact content to blob storage!
2025-02-24T12:47:07.6761547Z SHA256 hash of uploaded artifact zip is 7b20b13da2a7594a08c591134a8747a5b76fcc75579bc454df2b348f2a469cc6
2025-02-24T12:47:07.6763623Z Finalizing artifact upload
2025-02-24T12:47:07.8107318Z Artifact coverage-not-continuum-ubuntu-latest.zip successfully finalized. Artifact ID 2641009570
2025-02-24T12:47:07.8108732Z Artifact coverage-not-continuum-ubuntu-latest has been successfully uploaded! Final size is 20013 bytes. Artifact ID is 2641009570
2025-02-24T12:47:07.8115940Z Artifact download URL: https://github.com/tardis-sn/tardis/actions/runs/13498102500/artifacts/2641009570
2025-02-24T12:47:07.8250418Z Post job cleanup.
2025-02-24T12:47:07.8282190Z Post job cleanup.
2025-02-24T12:47:07.9647961Z Will use pre-installed micromamba at /home/runner/micromamba-bin/micromamba
2025-02-24T12:47:07.9655133Z Removing micromamba run shell ...
2025-02-24T12:47:07.9659033Z ##[group]Deinitialize micromamba for bash
2025-02-24T12:47:07.9678726Z [command]/home/runner/micromamba-bin/micromamba shell deinit -s bash -r /home/runner/micromamba --log-level warning --rc-file /home/runner/work/_temp/setup-micromamba/.condarc
2025-02-24T12:47:07.9807337Z Resetting RC file "/home/runner/.bashrc"
2025-02-24T12:47:07.9808768Z Deleting config for root prefix 
2025-02-24T12:47:07.9809971Z Clearing mamba executable environment variable
2025-02-24T12:47:07.9811239Z Removing the following in your "/home/runner/.bashrc" file
2025-02-24T12:47:07.9811840Z # >>> mamba initialize >>>
2025-02-24T12:47:07.9812220Z ...
2025-02-24T12:47:07.9812534Z # <<< mamba initialize <<<
2025-02-24T12:47:07.9850934Z Removing mamba initialize block from .bash_profile
2025-02-24T12:47:07.9869055Z ##[endgroup]
2025-02-24T12:47:07.9874282Z Removing environment tardis from auto-activate bash ...
2025-02-24T12:47:08.0034913Z Post job cleanup.
2025-02-24T12:47:08.0079585Z Post job cleanup.
2025-02-24T12:47:08.1096781Z [command]/usr/bin/git version
2025-02-24T12:47:08.1134729Z git version 2.48.1
2025-02-24T12:47:08.1187638Z Temporarily overriding HOME='/home/runner/work/_temp/aa92bb76-58db-4e72-82d4-ffd91f68bb19' before making global git config changes
2025-02-24T12:47:08.1189134Z Adding repository directory to the temporary git global config as a safe directory
2025-02-24T12:47:08.1193741Z [command]/usr/bin/git config --global --add safe.directory /home/runner/work/tardis/tardis/tardis-regression-data
2025-02-24T12:47:08.1231588Z [command]/usr/bin/git config --local --name-only --get-regexp core\.sshCommand
2025-02-24T12:47:08.1266536Z [command]/usr/bin/git submodule foreach --recursive sh -c "git config --local --name-only --get-regexp 'core\.sshCommand' && git config --local --unset-all 'core.sshCommand' || :"
2025-02-24T12:47:08.1513374Z [command]/usr/bin/git config --local --name-only --get-regexp http\.https\:\/\/github\.com\/\.extraheader
2025-02-24T12:47:08.1539788Z http.https://github.com/.extraheader
2025-02-24T12:47:08.1554272Z [command]/usr/bin/git config --local --unset-all http.https://github.com/.extraheader
2025-02-24T12:47:08.1590416Z [command]/usr/bin/git submodule foreach --recursive sh -c "git config --local --name-only --get-regexp 'http\.https\:\/\/github\.com\/\.extraheader' && git config --local --unset-all 'http.https://github.com/.extraheader' || :"
2025-02-24T12:47:08.1951226Z Post job cleanup.
2025-02-24T12:47:08.2928089Z [command]/usr/bin/git version
2025-02-24T12:47:08.2970380Z git version 2.48.1
2025-02-24T12:47:08.3022244Z Temporarily overriding HOME='/home/runner/work/_temp/01bd0f02-38cb-4414-9f73-53816b82b431' before making global git config changes
2025-02-24T12:47:08.3023506Z Adding repository directory to the temporary git global config as a safe directory
2025-02-24T12:47:08.3028132Z [command]/usr/bin/git config --global --add safe.directory /home/runner/work/tardis/tardis
2025-02-24T12:47:08.3067361Z [command]/usr/bin/git config --local --name-only --get-regexp core\.sshCommand
2025-02-24T12:47:08.3102360Z [command]/usr/bin/git submodule foreach --recursive sh -c "git config --local --name-only --get-regexp 'core\.sshCommand' && git config --local --unset-all 'core.sshCommand' || :"
2025-02-24T12:47:08.3349484Z [command]/usr/bin/git config --local --name-only --get-regexp http\.https\:\/\/github\.com\/\.extraheader
2025-02-24T12:47:08.3372688Z http.https://github.com/.extraheader
2025-02-24T12:47:08.3386745Z [command]/usr/bin/git config --local --unset-all http.https://github.com/.extraheader
2025-02-24T12:47:08.3420082Z [command]/usr/bin/git submodule foreach --recursive sh -c "git config --local --name-only --get-regexp 'http\.https\:\/\/github\.com\/\.extraheader' && git config --local --unset-all 'http.https://github.com/.extraheader' || :"
2025-02-24T12:47:08.3781695Z Cleaning up orphan processes
