2025-02-20T07:18:11.2699654Z Requested labels: ubuntu-latest
2025-02-20T07:18:11.2700048Z Job defined at: tardis-sn/tardis/.github/workflows/lfs-cache.yml@refs/pull/2964/merge
2025-02-20T07:18:11.2700335Z Reusable workflow chain:
2025-02-20T07:18:11.2700448Z tardis-sn/tardis/.github/workflows/tests.yml@refs/pull/2964/merge (6f463fb6998cd88996030d046da30e329939f798)
2025-02-20T07:18:11.2700570Z -> tardis-sn/tardis/.github/workflows/lfs-cache.yml@refs/pull/2964/merge (6f463fb6998cd88996030d046da30e329939f798)
2025-02-20T07:18:11.2700683Z Waiting for a runner to pick up this job...
2025-02-20T07:18:11.4697017Z Job is waiting for a hosted runner to come online.
2025-02-20T07:18:14.2984667Z Job is about to start running on the hosted runner: GitHub Actions 3 (hosted)
2025-02-20T07:18:15.9085516Z Current runner version: '2.322.0'
2025-02-20T07:18:15.9114532Z ##[group]Operating System
2025-02-20T07:18:15.9115453Z Ubuntu
2025-02-20T07:18:15.9115957Z 24.04.1
2025-02-20T07:18:15.9116456Z LTS
2025-02-20T07:18:15.9116986Z ##[endgroup]
2025-02-20T07:18:15.9117511Z ##[group]Runner Image
2025-02-20T07:18:15.9118073Z Image: ubuntu-24.04
2025-02-20T07:18:15.9118635Z Version: 20250209.1.0
2025-02-20T07:18:15.9119668Z Included Software: https://github.com/actions/runner-images/blob/ubuntu24/20250209.1/images/ubuntu/Ubuntu2404-Readme.md
2025-02-20T07:18:15.9121331Z Image Release: https://github.com/actions/runner-images/releases/tag/ubuntu24%2F20250209.1
2025-02-20T07:18:15.9122358Z ##[endgroup]
2025-02-20T07:18:15.9122891Z ##[group]Runner Image Provisioner
2025-02-20T07:18:15.9123430Z 2.0.422.1
2025-02-20T07:18:15.9123982Z ##[endgroup]
2025-02-20T07:18:15.9126078Z ##[group]GITHUB_TOKEN Permissions
2025-02-20T07:18:15.9128120Z Actions: read
2025-02-20T07:18:15.9128848Z Attestations: read
2025-02-20T07:18:15.9129612Z Checks: read
2025-02-20T07:18:15.9130085Z Contents: read
2025-02-20T07:18:15.9130695Z Deployments: read
2025-02-20T07:18:15.9131372Z Discussions: read
2025-02-20T07:18:15.9131884Z Issues: read
2025-02-20T07:18:15.9132463Z Metadata: read
2025-02-20T07:18:15.9132974Z Packages: read
2025-02-20T07:18:15.9133457Z Pages: read
2025-02-20T07:18:15.9133995Z PullRequests: read
2025-02-20T07:18:15.9134531Z RepositoryProjects: read
2025-02-20T07:18:15.9135096Z SecurityEvents: read
2025-02-20T07:18:15.9135699Z Statuses: read
2025-02-20T07:18:15.9136195Z ##[endgroup]
2025-02-20T07:18:15.9139210Z Secret source: None
2025-02-20T07:18:15.9140053Z Prepare workflow directory
2025-02-20T07:18:15.9631794Z Prepare all required actions
2025-02-20T07:18:15.9668424Z Getting action download info
2025-02-20T07:18:16.1418928Z ##[group]Download immutable action package 'actions/checkout@v4'
2025-02-20T07:18:16.1421149Z Version: 4.2.2
2025-02-20T07:18:16.1422865Z Digest: sha256:ccb2698953eaebd21c7bf6268a94f9c26518a7e38e27e0b83c1fe1ad049819b1
2025-02-20T07:18:16.1424832Z Source commit SHA: 11bd71901bbe5b1630ceea73d27597364c9af683
2025-02-20T07:18:16.1425909Z ##[endgroup]
2025-02-20T07:18:16.2389245Z ##[group]Download immutable action package 'actions/cache@v4'
2025-02-20T07:18:16.2389926Z Version: 4.2.1
2025-02-20T07:18:16.2390565Z Digest: sha256:b0404c9628d43aa6855629075b28f32cadf8efc5c26198438149f78500112940
2025-02-20T07:18:16.2391689Z Source commit SHA: 0c907a75c2c80ebcb7f088228285e798b750cf8f
2025-02-20T07:18:16.2392320Z ##[endgroup]
2025-02-20T07:18:16.5660494Z Uses: tardis-sn/tardis/.github/workflows/lfs-cache.yml@refs/pull/2964/merge (6f463fb6998cd88996030d046da30e329939f798)
2025-02-20T07:18:16.5663038Z ##[group] Inputs
2025-02-20T07:18:16.5663897Z   atom-data-sparse: false
2025-02-20T07:18:16.5664504Z   regression-data-repo: tardis-sn/tardis-regression-data
2025-02-20T07:18:16.5665151Z   allow_lfs_pull: false
2025-02-20T07:18:16.5665593Z ##[endgroup]
2025-02-20T07:18:16.5666084Z Complete job name: test-cache / lfs-cache
2025-02-20T07:18:16.6412140Z ##[group]Run actions/checkout@v4
2025-02-20T07:18:16.6412975Z with:
2025-02-20T07:18:16.6413436Z   repository: tardis-sn/tardis-regression-data
2025-02-20T07:18:16.6414014Z   path: tardis-regression-data
2025-02-20T07:18:16.6414659Z   token: ***
2025-02-20T07:18:16.6415060Z   ssh-strict: true
2025-02-20T07:18:16.6415458Z   ssh-user: git
2025-02-20T07:18:16.6415867Z   persist-credentials: true
2025-02-20T07:18:16.6416316Z   clean: true
2025-02-20T07:18:16.6416726Z   sparse-checkout-cone-mode: true
2025-02-20T07:18:16.6417214Z   fetch-depth: 1
2025-02-20T07:18:16.6417611Z   fetch-tags: false
2025-02-20T07:18:16.6418022Z   show-progress: true
2025-02-20T07:18:16.6418421Z   lfs: false
2025-02-20T07:18:16.6418788Z   submodules: false
2025-02-20T07:18:16.6419198Z   set-safe-directory: true
2025-02-20T07:18:16.6419841Z ##[endgroup]
2025-02-20T07:18:16.8298848Z Syncing repository: tardis-sn/tardis-regression-data
2025-02-20T07:18:16.8300617Z ##[group]Getting Git version info
2025-02-20T07:18:16.8302045Z Working directory is '/home/runner/work/tardis/tardis/tardis-regression-data'
2025-02-20T07:18:16.8303117Z [command]/usr/bin/git version
2025-02-20T07:18:16.8365186Z git version 2.48.1
2025-02-20T07:18:16.8393085Z ##[endgroup]
2025-02-20T07:18:16.8406829Z Temporarily overriding HOME='/home/runner/work/_temp/4e9ed8e5-0f3a-4628-8fd8-5de0637e65ee' before making global git config changes
2025-02-20T07:18:16.8408192Z Adding repository directory to the temporary git global config as a safe directory
2025-02-20T07:18:16.8412497Z [command]/usr/bin/git config --global --add safe.directory /home/runner/work/tardis/tardis/tardis-regression-data
2025-02-20T07:18:16.8447107Z ##[group]Initializing the repository
2025-02-20T07:18:16.8452535Z [command]/usr/bin/git init /home/runner/work/tardis/tardis/tardis-regression-data
2025-02-20T07:18:16.8548389Z hint: Using 'master' as the name for the initial branch. This default branch name
2025-02-20T07:18:16.8549762Z hint: is subject to change. To configure the initial branch name to use in all
2025-02-20T07:18:16.8551398Z hint: of your new repositories, which will suppress this warning, call:
2025-02-20T07:18:16.8552627Z hint:
2025-02-20T07:18:16.8553457Z hint: 	git config --global init.defaultBranch <name>
2025-02-20T07:18:16.8554500Z hint:
2025-02-20T07:18:16.8555474Z hint: Names commonly chosen instead of 'master' are 'main', 'trunk' and
2025-02-20T07:18:16.8556668Z hint: 'development'. The just-created branch can be renamed via this command:
2025-02-20T07:18:16.8557375Z hint:
2025-02-20T07:18:16.8557757Z hint: 	git branch -m <name>
2025-02-20T07:18:16.8558588Z Initialized empty Git repository in /home/runner/work/tardis/tardis/tardis-regression-data/.git/
2025-02-20T07:18:16.8565661Z [command]/usr/bin/git remote add origin https://github.com/tardis-sn/tardis-regression-data
2025-02-20T07:18:16.8599212Z ##[endgroup]
2025-02-20T07:18:16.8604052Z ##[group]Disabling automatic garbage collection
2025-02-20T07:18:16.8604722Z [command]/usr/bin/git config --local gc.auto 0
2025-02-20T07:18:16.8632147Z ##[endgroup]
2025-02-20T07:18:16.8632897Z ##[group]Setting up auth
2025-02-20T07:18:16.8638056Z [command]/usr/bin/git config --local --name-only --get-regexp core\.sshCommand
2025-02-20T07:18:16.8666588Z [command]/usr/bin/git submodule foreach --recursive sh -c "git config --local --name-only --get-regexp 'core\.sshCommand' && git config --local --unset-all 'core.sshCommand' || :"
2025-02-20T07:18:16.9009422Z [command]/usr/bin/git config --local --name-only --get-regexp http\.https\:\/\/github\.com\/\.extraheader
2025-02-20T07:18:16.9042036Z [command]/usr/bin/git submodule foreach --recursive sh -c "git config --local --name-only --get-regexp 'http\.https\:\/\/github\.com\/\.extraheader' && git config --local --unset-all 'http.https://github.com/.extraheader' || :"
2025-02-20T07:18:16.9298078Z [command]/usr/bin/git config --local http.https://github.com/.extraheader AUTHORIZATION: basic ***
2025-02-20T07:18:16.9346603Z ##[endgroup]
2025-02-20T07:18:16.9352644Z ##[group]Determining the default branch
2025-02-20T07:18:16.9353291Z Retrieving the default branch name
2025-02-20T07:18:17.1662830Z Default branch 'main'
2025-02-20T07:18:17.1664350Z ##[endgroup]
2025-02-20T07:18:17.1665583Z ##[group]Fetching the repository
2025-02-20T07:18:17.1672225Z [command]/usr/bin/git -c protocol.version=2 fetch --no-tags --prune --no-recurse-submodules --depth=1 origin +refs/heads/main:refs/remotes/origin/main
2025-02-20T07:18:17.5594928Z From https://github.com/tardis-sn/tardis-regression-data
2025-02-20T07:18:17.5596811Z  * [new branch]      main       -> origin/main
2025-02-20T07:18:17.5623658Z ##[endgroup]
2025-02-20T07:18:17.5625625Z ##[group]Determining the checkout info
2025-02-20T07:18:17.5627661Z ##[endgroup]
2025-02-20T07:18:17.5631231Z [command]/usr/bin/git sparse-checkout disable
2025-02-20T07:18:17.5671772Z [command]/usr/bin/git config --local --unset-all extensions.worktreeConfig
2025-02-20T07:18:17.5700607Z ##[group]Checking out the ref
2025-02-20T07:18:17.5704962Z [command]/usr/bin/git checkout --progress --force -B main refs/remotes/origin/main
2025-02-20T07:18:18.5692501Z Switched to a new branch 'main'
2025-02-20T07:18:18.5693518Z branch 'main' set up to track 'origin/main'.
2025-02-20T07:18:18.6010088Z ##[endgroup]
2025-02-20T07:18:18.6050272Z [command]/usr/bin/git log -1 --format=%H
2025-02-20T07:18:18.6074741Z 84e768462f20f09fbccc05625cdcc1d8ffbe404c
2025-02-20T07:18:18.6278685Z ##[group]Run if [ "false" == "true" ]; then
2025-02-20T07:18:18.6279350Z [36;1mif [ "false" == "true" ]; then[0m
2025-02-20T07:18:18.6279901Z [36;1m  echo "Using atom data sparse checkout"[0m
2025-02-20T07:18:18.6280546Z [36;1m  echo "atom_data/kurucz_cd23_chianti_H_He.h5" > .lfs-files-list[0m
2025-02-20T07:18:18.6281388Z [36;1melse[0m
2025-02-20T07:18:18.6281859Z [36;1m  echo "Using full repository checkout"[0m
2025-02-20T07:18:18.6282489Z [36;1m  git lfs ls-files -l | cut -d' ' -f1 | sort > .lfs-files-list[0m
2025-02-20T07:18:18.6283066Z [36;1mfi[0m
2025-02-20T07:18:18.6466571Z shell: /usr/bin/bash -l {0}
2025-02-20T07:18:18.6467095Z ##[endgroup]
2025-02-20T07:18:18.8582904Z Using full repository checkout
2025-02-20T07:18:19.0120624Z ##[group]Run actions/cache/restore@v4
2025-02-20T07:18:19.0121331Z with:
2025-02-20T07:18:19.0121610Z   path: tardis-regression-data/.git/lfs
2025-02-20T07:18:19.0122388Z   key: tardis-regression-full-data-c8ff2bbb6048b3f24d3f52a1e85b013ad47e52c369a6ce4cfdeff528b659b86f-tardis-sn/tardis-regression-data-v1
2025-02-20T07:18:19.0123167Z   lookup-only: true
2025-02-20T07:18:19.0123472Z   enableCrossOsArchive: false
2025-02-20T07:18:19.0123775Z   fail-on-cache-miss: false
2025-02-20T07:18:19.0124056Z ##[endgroup]
2025-02-20T07:18:19.2478978Z Cache hit for: tardis-regression-full-data-c8ff2bbb6048b3f24d3f52a1e85b013ad47e52c369a6ce4cfdeff528b659b86f-tardis-sn/tardis-regression-data-v1
2025-02-20T07:18:19.2480352Z Lookup only - skipping download
2025-02-20T07:18:19.2644286Z Cache found and can be restored from key: tardis-regression-full-data-c8ff2bbb6048b3f24d3f52a1e85b013ad47e52c369a6ce4cfdeff528b659b86f-tardis-sn/tardis-regression-data-v1
2025-02-20T07:18:19.2775038Z ##[group]Run git lfs checkout
2025-02-20T07:18:19.2775423Z [36;1mgit lfs checkout[0m
2025-02-20T07:18:19.2831224Z shell: /usr/bin/bash -l {0}
2025-02-20T07:18:19.2831583Z ##[endgroup]
2025-02-20T07:18:19.4059817Z Skipped checkout for "arepo_data/arepo_snapshot.hdf5", content not local. Use fetch to download.
2025-02-20T07:18:19.4061489Z Skipped checkout for "arepo_data/arepo_snapshot.json", content not local. Use fetch to download.
2025-02-20T07:18:19.4062739Z Skipped checkout for "atom_data/chianti_He.h5", content not local. Use fetch to download.
2025-02-20T07:18:19.4064409Z Skipped checkout for "atom_data/kurucz_atom_chianti_many.h5", content not local. Use fetch to download.
2025-02-20T07:18:19.4065963Z Skipped checkout for "atom_data/kurucz_cd23_chianti_H_He.h5", content not local. Use fetch to download.
2025-02-20T07:18:19.4067693Z Skipped checkout for "atom_data/kurucz_cd23_chianti_Si.h5", content not local. Use fetch to download.
2025-02-20T07:18:19.4069196Z Skipped checkout for "atom_data/new_kurucz_cd23_chianti_H_He.h5", content not local. Use fetch to download.
2025-02-20T07:18:19.4070718Z Skipped checkout for "atom_data/nlte_atom_data/TestNLTE_He_Ti.h5", content not local. Use fetch to download.
2025-02-20T07:18:19.4072592Z Skipped checkout for "atom_data/stardis_atom_data/tardis_adata_vald_longlist.hdf", content not local. Use fetch to download.
2025-02-20T07:18:19.4074158Z Skipped checkout for "atom_data/stardis_atom_data/tardis_adata_vald_shortlist.hdf", content not local. Use fetch to download.
2025-02-20T07:18:19.4075988Z Skipped checkout for "tardis/opacities/tests/test_tau_sobolev/test_calculate_beta_sobolevs.npy", content not local. Use fetch to download.
2025-02-20T07:18:19.4078703Z Skipped checkout for "tardis/opacities/tests/test_tau_sobolev/test_calculate_sobolev_line_opacity.h5", content not local. Use fetch to download.
2025-02-20T07:18:19.4081309Z Skipped checkout for "tardis/plasma/equilibrium/tests/test_level_populations/test_level_population_solver/test_solve__collisional_rate_solver0-radiative_transitions0__.h5", content not local. Use fetch to download.
2025-02-20T07:18:19.4084315Z Skipped checkout for "tardis/plasma/equilibrium/tests/test_rate_matrix/test_rate_matrix_solver__collisional_rate_solver0-radiative_transitions0__.h5", content not local. Use fetch to download.
2025-02-20T07:18:19.4086468Z Skipped checkout for "tardis/plasma/tests/test_complete_plasmas/test_plasma/TestPlasma.h5", content not local. Use fetch to download.
2025-02-20T07:18:19.4088553Z Skipped checkout for "tardis/plasma/tests/test_complete_plasmas/test_plasma/plasma_unittest_disable_electron_scattering_False.h5", content not local. Use fetch to download.
2025-02-20T07:18:19.4091119Z Skipped checkout for "tardis/plasma/tests/test_complete_plasmas/test_plasma/plasma_unittest_disable_electron_scattering_True.h5", content not local. Use fetch to download.
2025-02-20T07:18:19.4093329Z Skipped checkout for "tardis/plasma/tests/test_complete_plasmas/test_plasma/plasma_unittest_excitation_dilute-lte.h5", content not local. Use fetch to download.
2025-02-20T07:18:19.4095478Z Skipped checkout for "tardis/plasma/tests/test_complete_plasmas/test_plasma/plasma_unittest_excitation_lte.h5", content not local. Use fetch to download.
2025-02-20T07:18:19.4097633Z Skipped checkout for "tardis/plasma/tests/test_complete_plasmas/test_plasma/plasma_unittest_helium_treatment_recomb-nlte.h5", content not local. Use fetch to download.
2025-02-20T07:18:19.4099984Z Skipped checkout for "tardis/plasma/tests/test_complete_plasmas/test_plasma/plasma_unittest_helium_treatment_recomb-nlte_delta_treatment_0.5.h5", content not local. Use fetch to download.
2025-02-20T07:18:19.4102486Z Skipped checkout for "tardis/plasma/tests/test_complete_plasmas/test_plasma/plasma_unittest_initial_t_inner_10000 K.h5", content not local. Use fetch to download.
2025-02-20T07:18:19.4104941Z Skipped checkout for "tardis/plasma/tests/test_complete_plasmas/test_plasma/plasma_unittest_initial_t_rad_10000 K.h5", content not local. Use fetch to download.
2025-02-20T07:18:19.4107028Z Skipped checkout for "tardis/plasma/tests/test_complete_plasmas/test_plasma/plasma_unittest_ionization_lte.h5", content not local. Use fetch to download.
2025-02-20T07:18:19.4109103Z Skipped checkout for "tardis/plasma/tests/test_complete_plasmas/test_plasma/plasma_unittest_ionization_nebular.h5", content not local. Use fetch to download.
2025-02-20T07:18:19.4111492Z Skipped checkout for "tardis/plasma/tests/test_complete_plasmas/test_plasma/plasma_unittest_line_interaction_type_downbranch.h5", content not local. Use fetch to download.
2025-02-20T07:18:19.4113764Z Skipped checkout for "tardis/plasma/tests/test_complete_plasmas/test_plasma/plasma_unittest_line_interaction_type_macroatom.h5", content not local. Use fetch to download.
2025-02-20T07:18:19.4116077Z Skipped checkout for "tardis/plasma/tests/test_complete_plasmas/test_plasma/plasma_unittest_line_interaction_type_scatter.h5", content not local. Use fetch to download.
2025-02-20T07:18:19.4118178Z Skipped checkout for "tardis/plasma/tests/test_complete_plasmas/test_plasma/plasma_unittest_nlte.h5", content not local. Use fetch to download.
2025-02-20T07:18:19.4120200Z Skipped checkout for "tardis/plasma/tests/test_complete_plasmas/test_plasma/plasma_unittest_nlte_classical_nebular.h5", content not local. Use fetch to download.
2025-02-20T07:18:19.4122572Z Skipped checkout for "tardis/plasma/tests/test_complete_plasmas/test_plasma/plasma_unittest_nlte_coronal_approximation.h5", content not local. Use fetch to download.
2025-02-20T07:18:19.4124821Z Skipped checkout for "tardis/plasma/tests/test_complete_plasmas/test_plasma/plasma_unittest_radiative_rates_type_blackbody.h5", content not local. Use fetch to download.
2025-02-20T07:18:19.4127055Z Skipped checkout for "tardis/plasma/tests/test_complete_plasmas/test_plasma/plasma_unittest_radiative_rates_type_detailed.h5", content not local. Use fetch to download.
2025-02-20T07:18:19.4129403Z Skipped checkout for "tardis/plasma/tests/test_complete_plasmas/test_plasma/plasma_unittest_radiative_rates_type_detailed_w_epsilon_1e-10.h5", content not local. Use fetch to download.
2025-02-20T07:18:19.4132241Z Skipped checkout for "tardis/plasma/tests/test_complete_plasmas/test_plasma/plasma_unittest_radiative_rates_type_dilute-blackbody.h5", content not local. Use fetch to download.
2025-02-20T07:18:19.4134303Z Skipped checkout for "tardis/plasma/tests/test_hdf_plasma/test_collection__density__.npy", content not local. Use fetch to download.
2025-02-20T07:18:19.4136033Z Skipped checkout for "tardis/plasma/tests/test_hdf_plasma/test_collection__t_rad__.npy", content not local. Use fetch to download.
2025-02-20T07:18:19.4137705Z Skipped checkout for "tardis/plasma/tests/test_hdf_plasma/test_collection__w__.npy", content not local. Use fetch to download.
2025-02-20T07:18:19.4139298Z Skipped checkout for "tardis/plasma/tests/test_hdf_plasma/test_hdf_levels.h5", content not local. Use fetch to download.
2025-02-20T07:18:19.4141140Z Skipped checkout for "tardis/plasma/tests/test_hdf_plasma/test_hdf_plasma__abundance__.npy", content not local. Use fetch to download.
2025-02-20T07:18:19.4142924Z Skipped checkout for "tardis/plasma/tests/test_hdf_plasma/test_hdf_plasma__atomic_mass__.npy", content not local. Use fetch to download.
2025-02-20T07:18:19.4144675Z Skipped checkout for "tardis/plasma/tests/test_hdf_plasma/test_hdf_plasma__beta_rad__.npy", content not local. Use fetch to download.
2025-02-20T07:18:19.4146416Z Skipped checkout for "tardis/plasma/tests/test_hdf_plasma/test_hdf_plasma__beta_sobolev__.npy", content not local. Use fetch to download.
2025-02-20T07:18:19.4148154Z Skipped checkout for "tardis/plasma/tests/test_hdf_plasma/test_hdf_plasma__density__.npy", content not local. Use fetch to download.
2025-02-20T07:18:19.4149976Z Skipped checkout for "tardis/plasma/tests/test_hdf_plasma/test_hdf_plasma__electron_densities__.npy", content not local. Use fetch to download.
2025-02-20T07:18:19.4152229Z Skipped checkout for "tardis/plasma/tests/test_hdf_plasma/test_hdf_plasma__excitation_energy__.npy", content not local. Use fetch to download.
2025-02-20T07:18:19.4153999Z Skipped checkout for "tardis/plasma/tests/test_hdf_plasma/test_hdf_plasma__f_lu__.npy", content not local. Use fetch to download.
2025-02-20T07:18:19.4155642Z Skipped checkout for "tardis/plasma/tests/test_hdf_plasma/test_hdf_plasma__g__.npy", content not local. Use fetch to download.
2025-02-20T07:18:19.4157326Z Skipped checkout for "tardis/plasma/tests/test_hdf_plasma/test_hdf_plasma__g_electron__.npy", content not local. Use fetch to download.
2025-02-20T07:18:19.4159192Z Skipped checkout for "tardis/plasma/tests/test_hdf_plasma/test_hdf_plasma__general_level_boltzmann_factor__.npy", content not local. Use fetch to download.
2025-02-20T07:18:19.4161268Z Skipped checkout for "tardis/plasma/tests/test_hdf_plasma/test_hdf_plasma__ion_number_density__.npy", content not local. Use fetch to download.
2025-02-20T07:18:19.4163112Z Skipped checkout for "tardis/plasma/tests/test_hdf_plasma/test_hdf_plasma__ionization_data__.npy", content not local. Use fetch to download.
2025-02-20T07:18:19.4164867Z Skipped checkout for "tardis/plasma/tests/test_hdf_plasma/test_hdf_plasma__j_blues__.npy", content not local. Use fetch to download.
2025-02-20T07:18:19.4166673Z Skipped checkout for "tardis/plasma/tests/test_hdf_plasma/test_hdf_plasma__level_boltzmann_factor__.npy", content not local. Use fetch to download.
2025-02-20T07:18:19.4168540Z Skipped checkout for "tardis/plasma/tests/test_hdf_plasma/test_hdf_plasma__level_number_density__.npy", content not local. Use fetch to download.
2025-02-20T07:18:19.4169895Z Skipped checkout for "tardis/plasma/tests/test_hdf_plasma/test_hdf_plasma__lines__.npy", content not local. Use fetch to download.
2025-02-20T07:18:19.4171393Z Skipped checkout for "tardis/plasma/tests/test_hdf_plasma/test_hdf_plasma__lines_lower_level_index__.npy", content not local. Use fetch to download.
2025-02-20T07:18:19.4172912Z Skipped checkout for "tardis/plasma/tests/test_hdf_plasma/test_hdf_plasma__lines_upper_level_index__.npy", content not local. Use fetch to download.
2025-02-20T07:18:19.4174417Z Skipped checkout for "tardis/plasma/tests/test_hdf_plasma/test_hdf_plasma__metastability__.npy", content not local. Use fetch to download.
2025-02-20T07:18:19.4175569Z Skipped checkout for "tardis/plasma/tests/test_hdf_plasma/test_hdf_plasma__nu__.npy", content not local. Use fetch to download.
2025-02-20T07:18:19.4176812Z Skipped checkout for "tardis/plasma/tests/test_hdf_plasma/test_hdf_plasma__number_density__.npy", content not local. Use fetch to download.
2025-02-20T07:18:19.4178100Z Skipped checkout for "tardis/plasma/tests/test_hdf_plasma/test_hdf_plasma__partition_function__.npy", content not local. Use fetch to download.
2025-02-20T07:18:19.4179335Z Skipped checkout for "tardis/plasma/tests/test_hdf_plasma/test_hdf_plasma__phi__.npy", content not local. Use fetch to download.
2025-02-20T07:18:19.4180632Z Skipped checkout for "tardis/plasma/tests/test_hdf_plasma/test_hdf_plasma__selected_atoms__.npy", content not local. Use fetch to download.
2025-02-20T07:18:19.4182111Z Skipped checkout for "tardis/plasma/tests/test_hdf_plasma/test_hdf_plasma__stimulated_emission_factor__.npy", content not local. Use fetch to download.
2025-02-20T07:18:19.4183360Z Skipped checkout for "tardis/plasma/tests/test_hdf_plasma/test_hdf_plasma__t_electrons__.npy", content not local. Use fetch to download.
2025-02-20T07:18:19.4184637Z Skipped checkout for "tardis/plasma/tests/test_hdf_plasma/test_hdf_plasma__t_rad__.npy", content not local. Use fetch to download.
2025-02-20T07:18:19.4185959Z Skipped checkout for "tardis/plasma/tests/test_hdf_plasma/test_hdf_plasma__tau_sobolevs__.npy", content not local. Use fetch to download.
2025-02-20T07:18:19.4187364Z Skipped checkout for "tardis/plasma/tests/test_hdf_plasma/test_hdf_plasma__transition_probabilities__.npy", content not local. Use fetch to download.
2025-02-20T07:18:19.4188803Z Skipped checkout for "tardis/plasma/tests/test_hdf_plasma/test_hdf_plasma__w__.npy", content not local. Use fetch to download.
2025-02-20T07:18:19.4189973Z Skipped checkout for "tardis/plasma/tests/test_hdf_plasma/test_hdf_plasma__wavelength_cm__.npy", content not local. Use fetch to download.
2025-02-20T07:18:19.4191444Z Skipped checkout for "tardis/plasma/tests/test_hdf_plasma/test_hdf_scalars__link_t_rad_t_electron__.npy", content not local. Use fetch to download.
2025-02-20T07:18:19.4192956Z Skipped checkout for "tardis/plasma/tests/test_hdf_plasma/test_hdf_scalars__time_explosion__.npy", content not local. Use fetch to download.
2025-02-20T07:18:19.4194645Z Skipped checkout for "tardis/plasma/tests/test_nlte_excitation/test_coll_exc_deexc_matrix__coll_exc_coeff_values0-coll_deexc_coeff_values0-3__.npy", content not local. Use fetch to download.
2025-02-20T07:18:19.4196280Z Skipped checkout for "tardis/plasma/tests/test_nlte_excitation/test_coll_exc_deexc_matrix__coll_exc_coeff_values1-coll_deexc_coeff_values1-3__.npy", content not local. Use fetch to download.
2025-02-20T07:18:19.4198073Z Skipped checkout for "tardis/plasma/tests/test_nlte_excitation/test_prepare_bound_bound_rate_matrix.npy", content not local. Use fetch to download.
2025-02-20T07:18:19.4199884Z Skipped checkout for "tardis/plasma/tests/test_nlte_solver/test_jacobian_matrix.npy", content not local. Use fetch to download.
2025-02-20T07:18:19.4201741Z Skipped checkout for "tardis/plasma/tests/test_nlte_solver/test_rate_matrix.npy", content not local. Use fetch to download.
2025-02-20T07:18:19.4203422Z Skipped checkout for "tardis/plasma/tests/test_plasma_continuum/test_exp1_times_exp.npy", content not local. Use fetch to download.
2025-02-20T07:18:19.4205261Z Skipped checkout for "tardis/plasma/tests/test_tardis_model_density_config/test_electron_densities.npy", content not local. Use fetch to download.
2025-02-20T07:18:19.4207218Z Skipped checkout for "tardis/plasma/tests/test_tardis_model_density_config/test_isotope_number_densities.h5", content not local. Use fetch to download.
2025-02-20T07:18:19.4209096Z Skipped checkout for "tardis/plasma/tests/test_tardis_model_density_config/test_t_rad.npy", content not local. Use fetch to download.
2025-02-20T07:18:19.4211359Z Skipped checkout for "tardis/simulation/tests/test_simulation/test_plasma_estimates__dilution_factor__.h5", content not local. Use fetch to download.
2025-02-20T07:18:19.4213308Z Skipped checkout for "tardis/simulation/tests/test_simulation/test_plasma_estimates__j_estimator__.h5", content not local. Use fetch to download.
2025-02-20T07:18:19.4215232Z Skipped checkout for "tardis/simulation/tests/test_simulation/test_plasma_estimates__nu_bar_estimator__.h5", content not local. Use fetch to download.
2025-02-20T07:18:19.4217196Z Skipped checkout for "tardis/simulation/tests/test_simulation/test_plasma_estimates__output_energies__.h5", content not local. Use fetch to download.
2025-02-20T07:18:19.4219171Z Skipped checkout for "tardis/simulation/tests/test_simulation/test_plasma_estimates__output_nus__.h5", content not local. Use fetch to download.
2025-02-20T07:18:19.4221289Z Skipped checkout for "tardis/simulation/tests/test_simulation/test_plasma_estimates__t_radiative__.h5", content not local. Use fetch to download.
2025-02-20T07:18:19.4223367Z Skipped checkout for "tardis/simulation/tests/test_simulation/test_plasma_state_iterations__iterations_electron_densities__.h5", content not local. Use fetch to download.
2025-02-20T07:18:19.4225528Z Skipped checkout for "tardis/simulation/tests/test_simulation/test_plasma_state_iterations__iterations_t_inner__.h5", content not local. Use fetch to download.
2025-02-20T07:18:19.4227587Z Skipped checkout for "tardis/simulation/tests/test_simulation/test_plasma_state_iterations__iterations_t_rad__.h5", content not local. Use fetch to download.
2025-02-20T07:18:19.4229612Z Skipped checkout for "tardis/simulation/tests/test_simulation/test_plasma_state_iterations__iterations_w__.h5", content not local. Use fetch to download.
2025-02-20T07:18:19.4232031Z Skipped checkout for "tardis/spectrum/tests/test_spectrum_solver/test_spectrum_solver/TestSpectrumSolver.h5", content not local. Use fetch to download.
2025-02-20T07:18:19.4234039Z Skipped checkout for "tardis/tests/test_tardis_full/test_transport_simple/TestTransportSimple.h5", content not local. Use fetch to download.
2025-02-20T07:18:19.4236271Z Skipped checkout for "tardis/tests/test_tardis_full_formal_integral/test_transport_simple_formal_integral/test_j_blue_estimators__-1-downbranch__.npy", content not local. Use fetch to download.
2025-02-20T07:18:19.4238740Z Skipped checkout for "tardis/tests/test_tardis_full_formal_integral/test_transport_simple_formal_integral/test_j_blue_estimators__-1-macroatom__.npy", content not local. Use fetch to download.
2025-02-20T07:18:19.4241383Z Skipped checkout for "tardis/tests/test_tardis_full_formal_integral/test_transport_simple_formal_integral/test_j_blue_estimators__30-downbranch__.npy", content not local. Use fetch to download.
2025-02-20T07:18:19.4243851Z Skipped checkout for "tardis/tests/test_tardis_full_formal_integral/test_transport_simple_formal_integral/test_j_blue_estimators__30-macroatom__.npy", content not local. Use fetch to download.
2025-02-20T07:18:19.4246253Z Skipped checkout for "tardis/tests/test_tardis_full_formal_integral/test_transport_simple_formal_integral/test_simulation__-1-downbranch__.h5", content not local. Use fetch to download.
2025-02-20T07:18:19.4248618Z Skipped checkout for "tardis/tests/test_tardis_full_formal_integral/test_transport_simple_formal_integral/test_simulation__-1-macroatom__.h5", content not local. Use fetch to download.
2025-02-20T07:18:19.4251139Z Skipped checkout for "tardis/tests/test_tardis_full_formal_integral/test_transport_simple_formal_integral/test_simulation__30-downbranch__.h5", content not local. Use fetch to download.
2025-02-20T07:18:19.4253487Z Skipped checkout for "tardis/tests/test_tardis_full_formal_integral/test_transport_simple_formal_integral/test_simulation__30-macroatom__.h5", content not local. Use fetch to download.
2025-02-20T07:18:19.4255858Z Skipped checkout for "tardis/tests/test_tardis_full_formal_integral/test_transport_simple_formal_integral/test_spectrum__-1-downbranch__.npy", content not local. Use fetch to download.
2025-02-20T07:18:19.4258376Z Skipped checkout for "tardis/tests/test_tardis_full_formal_integral/test_transport_simple_formal_integral/test_spectrum__-1-macroatom__.npy", content not local. Use fetch to download.
2025-02-20T07:18:19.4260721Z Skipped checkout for "tardis/tests/test_tardis_full_formal_integral/test_transport_simple_formal_integral/test_spectrum__30-downbranch__.npy", content not local. Use fetch to download.
2025-02-20T07:18:19.4263230Z Skipped checkout for "tardis/tests/test_tardis_full_formal_integral/test_transport_simple_formal_integral/test_spectrum__30-macroatom__.npy", content not local. Use fetch to download.
2025-02-20T07:18:19.4265657Z Skipped checkout for "tardis/tests/test_tardis_full_formal_integral/test_transport_simple_formal_integral/test_spectrum_integrated__-1-downbranch__.npy", content not local. Use fetch to download.
2025-02-20T07:18:19.4268168Z Skipped checkout for "tardis/tests/test_tardis_full_formal_integral/test_transport_simple_formal_integral/test_spectrum_integrated__-1-macroatom__.npy", content not local. Use fetch to download.
2025-02-20T07:18:19.4270676Z Skipped checkout for "tardis/tests/test_tardis_full_formal_integral/test_transport_simple_formal_integral/test_spectrum_integrated__30-downbranch__.npy", content not local. Use fetch to download.
2025-02-20T07:18:19.4273385Z Skipped checkout for "tardis/tests/test_tardis_full_formal_integral/test_transport_simple_formal_integral/test_spectrum_integrated__30-macroatom__.npy", content not local. Use fetch to download.
2025-02-20T07:18:19.4275614Z Skipped checkout for "tardis/transport/montecarlo/tests/test_continuum/test_montecarlo_continuum.h5", content not local. Use fetch to download.
2025-02-20T07:18:19.4277581Z Skipped checkout for "tardis/transport/montecarlo/tests/test_montecarlo_main_loop/test_montecarlo_main_loop.h5", content not local. Use fetch to download.
2025-02-20T07:18:19.4279707Z Skipped checkout for "tardis/transport/montecarlo/tests/test_montecarlo_main_loop/test_montecarlo_main_loop_vpacket_log.h5", content not local. Use fetch to download.
2025-02-20T07:18:19.4282096Z Skipped checkout for "tardis/transport/montecarlo/tests/test_packet_source/test_black_body_simple_source/test_bb_attributes.h5", content not local. Use fetch to download.
2025-02-20T07:18:19.4284077Z Skipped checkout for "tardis/transport/montecarlo/tests/test_packet_source/test_black_body_simple_source/test_bb_energies.npy", content not local. Use fetch to download.
2025-02-20T07:18:19.4285683Z Skipped checkout for "tardis/transport/montecarlo/tests/test_packet_source/test_black_body_simple_source/test_bb_mus.npy", content not local. Use fetch to download.
2025-02-20T07:18:19.4287258Z Skipped checkout for "tardis/transport/montecarlo/tests/test_packet_source/test_black_body_simple_source/test_bb_nus.npy", content not local. Use fetch to download.
2025-02-20T07:18:19.4288862Z Skipped checkout for "tardis/transport/montecarlo/tests/test_packet_source/test_black_body_simple_source_rel/test_bb_attributes.h5", content not local. Use fetch to download.
2025-02-20T07:18:19.4290364Z Skipped checkout for "tardis/transport/montecarlo/tests/test_packet_source/test_black_body_simple_source_rel/test_bb_energies.npy", content not local. Use fetch to download.
2025-02-20T07:18:19.4292191Z Skipped checkout for "tardis/transport/montecarlo/tests/test_packet_source/test_black_body_simple_source_rel/test_bb_mus.npy", content not local. Use fetch to download.
2025-02-20T07:18:19.4293886Z Skipped checkout for "tardis/transport/montecarlo/tests/test_packet_source/test_black_body_simple_source_rel/test_bb_nus.npy", content not local. Use fetch to download.
2025-02-20T07:18:19.4295746Z Skipped checkout for "tardis/transport/montecarlo/tests/test_rpacket_tracker/test_boundary_interactions.npy", content not local. Use fetch to download.
2025-02-20T07:18:19.4297545Z Skipped checkout for "tardis/transport/montecarlo/tests/test_weighted_packet_source/test_black_body_weighted_source/test_bb_attributes.h5", content not local. Use fetch to download.
2025-02-20T07:18:19.4299720Z Skipped checkout for "tardis/transport/montecarlo/tests/test_weighted_packet_source/test_black_body_weighted_source/test_bb_energies.npy", content not local. Use fetch to download.
2025-02-20T07:18:19.4301602Z Skipped checkout for "tardis/transport/montecarlo/tests/test_weighted_packet_source/test_black_body_weighted_source/test_bb_mus.npy", content not local. Use fetch to download.
2025-02-20T07:18:19.4303346Z Skipped checkout for "tardis/transport/montecarlo/tests/test_weighted_packet_source/test_black_body_weighted_source/test_bb_nus.npy", content not local. Use fetch to download.
2025-02-20T07:18:19.4305165Z Skipped checkout for "tardis/visualization/tools/tests/test_liv_plot/test_liv_plotter/test_generate_plot_mpl__plotter_generate_plot_mpl0__.h5", content not local. Use fetch to download.
2025-02-20T07:18:19.4307173Z Skipped checkout for "tardis/visualization/tools/tests/test_liv_plot/test_liv_plotter/test_generate_plot_mpl__plotter_generate_plot_mpl1__.h5", content not local. Use fetch to download.
2025-02-20T07:18:19.4309112Z Skipped checkout for "tardis/visualization/tools/tests/test_liv_plot/test_liv_plotter/test_generate_plot_mpl__plotter_generate_plot_mpl2__.h5", content not local. Use fetch to download.
2025-02-20T07:18:19.4311213Z Skipped checkout for "tardis/visualization/tools/tests/test_liv_plot/test_liv_plotter/test_generate_plot_mpl__plotter_generate_plot_mpl3__.h5", content not local. Use fetch to download.
2025-02-20T07:18:19.4313285Z Skipped checkout for "tardis/visualization/tools/tests/test_liv_plot/test_liv_plotter/test_generate_plot_mpl__plotter_generate_plot_mpl4__.h5", content not local. Use fetch to download.
2025-02-20T07:18:19.4315076Z Skipped checkout for "tardis/visualization/tools/tests/test_liv_plot/test_liv_plotter/test_generate_plot_mpl__plotter_generate_plot_mpl5__.h5", content not local. Use fetch to download.
2025-02-20T07:18:19.4317073Z Skipped checkout for "tardis/visualization/tools/tests/test_liv_plot/test_liv_plotter/test_generate_plot_mpl__plotter_generate_plot_mpl6__.h5", content not local. Use fetch to download.
2025-02-20T07:18:19.4318773Z Skipped checkout for "tardis/visualization/tools/tests/test_liv_plot/test_liv_plotter/test_generate_plot_mpl__plotter_generate_plot_mpl7__.h5", content not local. Use fetch to download.
2025-02-20T07:18:19.4320677Z Skipped checkout for "tardis/visualization/tools/tests/test_liv_plot/test_liv_plotter/test_generate_plot_ply__plotter_generate_plot_ply0__.h5", content not local. Use fetch to download.
2025-02-20T07:18:19.4322526Z Skipped checkout for "tardis/visualization/tools/tests/test_liv_plot/test_liv_plotter/test_generate_plot_ply__plotter_generate_plot_ply1__.h5", content not local. Use fetch to download.
2025-02-20T07:18:19.4324393Z Skipped checkout for "tardis/visualization/tools/tests/test_liv_plot/test_liv_plotter/test_generate_plot_ply__plotter_generate_plot_ply2__.h5", content not local. Use fetch to download.
2025-02-20T07:18:19.4326250Z Skipped checkout for "tardis/visualization/tools/tests/test_liv_plot/test_liv_plotter/test_generate_plot_ply__plotter_generate_plot_ply3__.h5", content not local. Use fetch to download.
2025-02-20T07:18:19.4328002Z Skipped checkout for "tardis/visualization/tools/tests/test_liv_plot/test_liv_plotter/test_generate_plot_ply__plotter_generate_plot_ply4__.h5", content not local. Use fetch to download.
2025-02-20T07:18:19.4329792Z Skipped checkout for "tardis/visualization/tools/tests/test_liv_plot/test_liv_plotter/test_generate_plot_ply__plotter_generate_plot_ply5__.h5", content not local. Use fetch to download.
2025-02-20T07:18:19.4331851Z Skipped checkout for "tardis/visualization/tools/tests/test_liv_plot/test_liv_plotter/test_generate_plot_ply__plotter_generate_plot_ply6__.h5", content not local. Use fetch to download.
2025-02-20T07:18:19.4333502Z Skipped checkout for "tardis/visualization/tools/tests/test_liv_plot/test_liv_plotter/test_generate_plot_ply__plotter_generate_plot_ply7__.h5", content not local. Use fetch to download.
2025-02-20T07:18:19.4336024Z Skipped checkout for "tardis/visualization/tools/tests/test_liv_plot/test_liv_plotter/test_parse_species_list___keep_colour__.npy", content not local. Use fetch to download.
2025-02-20T07:18:19.4338248Z Skipped checkout for "tardis/visualization/tools/tests/test_liv_plot/test_liv_plotter/test_parse_species_list___species_list__.npy", content not local. Use fetch to download.
2025-02-20T07:18:19.4340495Z Skipped checkout for "tardis/visualization/tools/tests/test_liv_plot/test_liv_plotter/test_parse_species_list___species_mapped__.npy", content not local. Use fetch to download.
2025-02-20T07:18:19.4343071Z Skipped checkout for "tardis/visualization/tools/tests/test_liv_plot/test_liv_plotter/test_prepare_plot_data__plotter_prepare_plot_data0-new_bin_edges__.npy", content not local. Use fetch to download.
2025-02-20T07:18:19.4345598Z Skipped checkout for "tardis/visualization/tools/tests/test_liv_plot/test_liv_plotter/test_prepare_plot_data__plotter_prepare_plot_data0-plot_colors__.npy", content not local. Use fetch to download.
2025-02-20T07:18:19.4348120Z Skipped checkout for "tardis/visualization/tools/tests/test_liv_plot/test_liv_plotter/test_prepare_plot_data__plotter_prepare_plot_data0-plot_data__.npy", content not local. Use fetch to download.
2025-02-20T07:18:19.4350704Z Skipped checkout for "tardis/visualization/tools/tests/test_liv_plot/test_liv_plotter/test_prepare_plot_data__plotter_prepare_plot_data1-new_bin_edges__.npy", content not local. Use fetch to download.
2025-02-20T07:18:19.4353438Z Skipped checkout for "tardis/visualization/tools/tests/test_liv_plot/test_liv_plotter/test_prepare_plot_data__plotter_prepare_plot_data1-plot_colors__.npy", content not local. Use fetch to download.
2025-02-20T07:18:19.4355949Z Skipped checkout for "tardis/visualization/tools/tests/test_liv_plot/test_liv_plotter/test_prepare_plot_data__plotter_prepare_plot_data1-plot_data__.npy", content not local. Use fetch to download.
2025-02-20T07:18:19.4358751Z Skipped checkout for "tardis/visualization/tools/tests/test_liv_plot/test_liv_plotter/test_prepare_plot_data__plotter_prepare_plot_data2-new_bin_edges__.npy", content not local. Use fetch to download.
2025-02-20T07:18:19.4361507Z Skipped checkout for "tardis/visualization/tools/tests/test_liv_plot/test_liv_plotter/test_prepare_plot_data__plotter_prepare_plot_data2-plot_colors__.npy", content not local. Use fetch to download.
2025-02-20T07:18:19.4364050Z Skipped checkout for "tardis/visualization/tools/tests/test_liv_plot/test_liv_plotter/test_prepare_plot_data__plotter_prepare_plot_data2-plot_data__.npy", content not local. Use fetch to download.
2025-02-20T07:18:19.4366582Z Skipped checkout for "tardis/visualization/tools/tests/test_liv_plot/test_liv_plotter/test_prepare_plot_data__plotter_prepare_plot_data3-new_bin_edges__.npy", content not local. Use fetch to download.
2025-02-20T07:18:19.4369140Z Skipped checkout for "tardis/visualization/tools/tests/test_liv_plot/test_liv_plotter/test_prepare_plot_data__plotter_prepare_plot_data3-plot_colors__.npy", content not local. Use fetch to download.
2025-02-20T07:18:19.4371824Z Skipped checkout for "tardis/visualization/tools/tests/test_liv_plot/test_liv_plotter/test_prepare_plot_data__plotter_prepare_plot_data3-plot_data__.npy", content not local. Use fetch to download.
2025-02-20T07:18:19.4374369Z Skipped checkout for "tardis/visualization/tools/tests/test_liv_plot/test_liv_plotter/test_prepare_plot_data__plotter_prepare_plot_data4-new_bin_edges__.npy", content not local. Use fetch to download.
2025-02-20T07:18:19.4376907Z Skipped checkout for "tardis/visualization/tools/tests/test_liv_plot/test_liv_plotter/test_prepare_plot_data__plotter_prepare_plot_data4-plot_colors__.npy", content not local. Use fetch to download.
2025-02-20T07:18:19.4379436Z Skipped checkout for "tardis/visualization/tools/tests/test_liv_plot/test_liv_plotter/test_prepare_plot_data__plotter_prepare_plot_data4-plot_data__.npy", content not local. Use fetch to download.
2025-02-20T07:18:19.4382401Z Skipped checkout for "tardis/visualization/tools/tests/test_liv_plot/test_liv_plotter/test_prepare_plot_data__plotter_prepare_plot_data5-new_bin_edges__.npy", content not local. Use fetch to download.
2025-02-20T07:18:19.4384977Z Skipped checkout for "tardis/visualization/tools/tests/test_liv_plot/test_liv_plotter/test_prepare_plot_data__plotter_prepare_plot_data5-plot_colors__.npy", content not local. Use fetch to download.
2025-02-20T07:18:19.4387589Z Skipped checkout for "tardis/visualization/tools/tests/test_liv_plot/test_liv_plotter/test_prepare_plot_data__plotter_prepare_plot_data5-plot_data__.npy", content not local. Use fetch to download.
2025-02-20T07:18:19.4390117Z Skipped checkout for "tardis/visualization/tools/tests/test_liv_plot/test_liv_plotter/test_prepare_plot_data__plotter_prepare_plot_data6-new_bin_edges__.npy", content not local. Use fetch to download.
2025-02-20T07:18:19.4392855Z Skipped checkout for "tardis/visualization/tools/tests/test_liv_plot/test_liv_plotter/test_prepare_plot_data__plotter_prepare_plot_data6-plot_colors__.npy", content not local. Use fetch to download.
2025-02-20T07:18:19.4395406Z Skipped checkout for "tardis/visualization/tools/tests/test_liv_plot/test_liv_plotter/test_prepare_plot_data__plotter_prepare_plot_data6-plot_data__.npy", content not local. Use fetch to download.
2025-02-20T07:18:19.4397926Z Skipped checkout for "tardis/visualization/tools/tests/test_liv_plot/test_liv_plotter/test_prepare_plot_data__plotter_prepare_plot_data7-new_bin_edges__.npy", content not local. Use fetch to download.
2025-02-20T07:18:19.4400511Z Skipped checkout for "tardis/visualization/tools/tests/test_liv_plot/test_liv_plotter/test_prepare_plot_data__plotter_prepare_plot_data7-plot_colors__.npy", content not local. Use fetch to download.
2025-02-20T07:18:19.4403172Z Skipped checkout for "tardis/visualization/tools/tests/test_liv_plot/test_liv_plotter/test_prepare_plot_data__plotter_prepare_plot_data7-plot_data__.npy", content not local. Use fetch to download.
2025-02-20T07:18:19.4405802Z Skipped checkout for "tardis/visualization/tools/tests/test_sdec_plot/test_sdec_plotter/test_calculate_plotting_data__plotter_calculate_plotting_data0__.h5", content not local. Use fetch to download.
2025-02-20T07:18:19.4408233Z Skipped checkout for "tardis/visualization/tools/tests/test_sdec_plot/test_sdec_plotter/test_calculate_plotting_data__plotter_calculate_plotting_data10__.h5", content not local. Use fetch to download.
2025-02-20T07:18:19.4410700Z Skipped checkout for "tardis/visualization/tools/tests/test_sdec_plot/test_sdec_plotter/test_calculate_plotting_data__plotter_calculate_plotting_data11__.h5", content not local. Use fetch to download.
2025-02-20T07:18:19.4413295Z Skipped checkout for "tardis/visualization/tools/tests/test_sdec_plot/test_sdec_plotter/test_calculate_plotting_data__plotter_calculate_plotting_data12__.h5", content not local. Use fetch to download.
2025-02-20T07:18:19.4415744Z Skipped checkout for "tardis/visualization/tools/tests/test_sdec_plot/test_sdec_plotter/test_calculate_plotting_data__plotter_calculate_plotting_data13__.h5", content not local. Use fetch to download.
2025-02-20T07:18:19.4417362Z Skipped checkout for "tardis/visualization/tools/tests/test_sdec_plot/test_sdec_plotter/test_calculate_plotting_data__plotter_calculate_plotting_data14__.h5", content not local. Use fetch to download.
2025-02-20T07:18:19.4418975Z Skipped checkout for "tardis/visualization/tools/tests/test_sdec_plot/test_sdec_plotter/test_calculate_plotting_data__plotter_calculate_plotting_data15__.h5", content not local. Use fetch to download.
2025-02-20T07:18:19.4420572Z Skipped checkout for "tardis/visualization/tools/tests/test_sdec_plot/test_sdec_plotter/test_calculate_plotting_data__plotter_calculate_plotting_data1__.h5", content not local. Use fetch to download.
2025-02-20T07:18:19.4422425Z Skipped checkout for "tardis/visualization/tools/tests/test_sdec_plot/test_sdec_plotter/test_calculate_plotting_data__plotter_calculate_plotting_data2__.h5", content not local. Use fetch to download.
2025-02-20T07:18:19.4424305Z Skipped checkout for "tardis/visualization/tools/tests/test_sdec_plot/test_sdec_plotter/test_calculate_plotting_data__plotter_calculate_plotting_data3__.h5", content not local. Use fetch to download.
2025-02-20T07:18:19.4426673Z Skipped checkout for "tardis/visualization/tools/tests/test_sdec_plot/test_sdec_plotter/test_calculate_plotting_data__plotter_calculate_plotting_data4__.h5", content not local. Use fetch to download.
2025-02-20T07:18:19.4428403Z Skipped checkout for "tardis/visualization/tools/tests/test_sdec_plot/test_sdec_plotter/test_calculate_plotting_data__plotter_calculate_plotting_data5__.h5", content not local. Use fetch to download.
2025-02-20T07:18:19.4430020Z Skipped checkout for "tardis/visualization/tools/tests/test_sdec_plot/test_sdec_plotter/test_calculate_plotting_data__plotter_calculate_plotting_data6__.h5", content not local. Use fetch to download.
2025-02-20T07:18:19.4431779Z Skipped checkout for "tardis/visualization/tools/tests/test_sdec_plot/test_sdec_plotter/test_calculate_plotting_data__plotter_calculate_plotting_data7__.h5", content not local. Use fetch to download.
2025-02-20T07:18:19.4433986Z Skipped checkout for "tardis/visualization/tools/tests/test_sdec_plot/test_sdec_plotter/test_calculate_plotting_data__plotter_calculate_plotting_data8__.h5", content not local. Use fetch to download.
2025-02-20T07:18:19.4435323Z Skipped checkout for "tardis/visualization/tools/tests/test_sdec_plot/test_sdec_plotter/test_calculate_plotting_data__plotter_calculate_plotting_data9__.h5", content not local. Use fetch to download.
2025-02-20T07:18:19.4436587Z Skipped checkout for "tardis/visualization/tools/tests/test_sdec_plot/test_sdec_plotter/test_generate_plot_mpl__plotter_generate_plot_ply0__.h5", content not local. Use fetch to download.
2025-02-20T07:18:19.4437980Z Skipped checkout for "tardis/visualization/tools/tests/test_sdec_plot/test_sdec_plotter/test_generate_plot_mpl__plotter_generate_plot_ply10__.h5", content not local. Use fetch to download.
2025-02-20T07:18:19.4439221Z Skipped checkout for "tardis/visualization/tools/tests/test_sdec_plot/test_sdec_plotter/test_generate_plot_mpl__plotter_generate_plot_ply11__.h5", content not local. Use fetch to download.
2025-02-20T07:18:19.4440455Z Skipped checkout for "tardis/visualization/tools/tests/test_sdec_plot/test_sdec_plotter/test_generate_plot_mpl__plotter_generate_plot_ply12__.h5", content not local. Use fetch to download.
2025-02-20T07:18:19.4441862Z Skipped checkout for "tardis/visualization/tools/tests/test_sdec_plot/test_sdec_plotter/test_generate_plot_mpl__plotter_generate_plot_ply13__.h5", content not local. Use fetch to download.
2025-02-20T07:18:19.4443093Z Skipped checkout for "tardis/visualization/tools/tests/test_sdec_plot/test_sdec_plotter/test_generate_plot_mpl__plotter_generate_plot_ply14__.h5", content not local. Use fetch to download.
2025-02-20T07:18:19.4444318Z Skipped checkout for "tardis/visualization/tools/tests/test_sdec_plot/test_sdec_plotter/test_generate_plot_mpl__plotter_generate_plot_ply15__.h5", content not local. Use fetch to download.
2025-02-20T07:18:19.4445542Z Skipped checkout for "tardis/visualization/tools/tests/test_sdec_plot/test_sdec_plotter/test_generate_plot_mpl__plotter_generate_plot_ply1__.h5", content not local. Use fetch to download.
2025-02-20T07:18:19.4446770Z Skipped checkout for "tardis/visualization/tools/tests/test_sdec_plot/test_sdec_plotter/test_generate_plot_mpl__plotter_generate_plot_ply2__.h5", content not local. Use fetch to download.
2025-02-20T07:18:19.4447986Z Skipped checkout for "tardis/visualization/tools/tests/test_sdec_plot/test_sdec_plotter/test_generate_plot_mpl__plotter_generate_plot_ply3__.h5", content not local. Use fetch to download.
2025-02-20T07:18:19.4449205Z Skipped checkout for "tardis/visualization/tools/tests/test_sdec_plot/test_sdec_plotter/test_generate_plot_mpl__plotter_generate_plot_ply4__.h5", content not local. Use fetch to download.
2025-02-20T07:18:19.4450550Z Skipped checkout for "tardis/visualization/tools/tests/test_sdec_plot/test_sdec_plotter/test_generate_plot_mpl__plotter_generate_plot_ply5__.h5", content not local. Use fetch to download.
2025-02-20T07:18:19.4451940Z Skipped checkout for "tardis/visualization/tools/tests/test_sdec_plot/test_sdec_plotter/test_generate_plot_mpl__plotter_generate_plot_ply6__.h5", content not local. Use fetch to download.
2025-02-20T07:18:19.4453152Z Skipped checkout for "tardis/visualization/tools/tests/test_sdec_plot/test_sdec_plotter/test_generate_plot_mpl__plotter_generate_plot_ply7__.h5", content not local. Use fetch to download.
2025-02-20T07:18:19.4454371Z Skipped checkout for "tardis/visualization/tools/tests/test_sdec_plot/test_sdec_plotter/test_generate_plot_mpl__plotter_generate_plot_ply8__.h5", content not local. Use fetch to download.
2025-02-20T07:18:19.4455577Z Skipped checkout for "tardis/visualization/tools/tests/test_sdec_plot/test_sdec_plotter/test_generate_plot_mpl__plotter_generate_plot_ply9__.h5", content not local. Use fetch to download.
2025-02-20T07:18:19.4456796Z Skipped checkout for "tardis/visualization/tools/tests/test_sdec_plot/test_sdec_plotter/test_parse_species_list___full_species_list__.npy", content not local. Use fetch to download.
2025-02-20T07:18:19.4457974Z Skipped checkout for "tardis/visualization/tools/tests/test_sdec_plot/test_sdec_plotter/test_parse_species_list___keep_colour__.npy", content not local. Use fetch to download.
2025-02-20T07:18:19.4459122Z Skipped checkout for "tardis/visualization/tools/tests/test_sdec_plot/test_sdec_plotter/test_parse_species_list___species_list__.npy", content not local. Use fetch to download.
2025-02-20T07:18:19.4459910Z Checking out LFS objects: 100% (204/204), 5.7 GB | 0 B/s, done.
2025-02-20T07:18:19.4635464Z Post job cleanup.
2025-02-20T07:18:19.5574220Z [command]/usr/bin/git version
2025-02-20T07:18:19.5610780Z git version 2.48.1
2025-02-20T07:18:19.5661441Z Temporarily overriding HOME='/home/runner/work/_temp/f6f2c0c5-3761-4d3c-8338-016976e9f9ac' before making global git config changes
2025-02-20T07:18:19.5662388Z Adding repository directory to the temporary git global config as a safe directory
2025-02-20T07:18:19.5666912Z [command]/usr/bin/git config --global --add safe.directory /home/runner/work/tardis/tardis/tardis-regression-data
2025-02-20T07:18:19.5702306Z [command]/usr/bin/git config --local --name-only --get-regexp core\.sshCommand
2025-02-20T07:18:19.5735067Z [command]/usr/bin/git submodule foreach --recursive sh -c "git config --local --name-only --get-regexp 'core\.sshCommand' && git config --local --unset-all 'core.sshCommand' || :"
2025-02-20T07:18:19.5976013Z [command]/usr/bin/git config --local --name-only --get-regexp http\.https\:\/\/github\.com\/\.extraheader
2025-02-20T07:18:19.5989399Z http.https://github.com/.extraheader
2025-02-20T07:18:19.6006769Z [command]/usr/bin/git config --local --unset-all http.https://github.com/.extraheader
2025-02-20T07:18:19.6043616Z [command]/usr/bin/git submodule foreach --recursive sh -c "git config --local --name-only --get-regexp 'http\.https\:\/\/github\.com\/\.extraheader' && git config --local --unset-all 'http.https://github.com/.extraheader' || :"
2025-02-20T07:18:19.6421810Z Cleaning up orphan processes
