2025-01-27T11:28:44.5136000Z Prepare all required actions
2025-01-27T11:28:44.5137150Z Getting action download info
2025-01-27T11:28:44.6609310Z Download action repository 'actions/cache@v4' (SHA:1bd1e32a3bdc45362d1e726936510720a7c30a57)
2025-01-27T11:28:44.8256210Z ##[group]Run ./.github/actions/setup_lfs
2025-01-27T11:28:44.8257040Z with:
2025-01-27T11:28:44.8257710Z   regression-data-repo: tardis-sn/tardis-regression-data
2025-01-27T11:28:44.8258540Z   atom-data-sparse: false
2025-01-27T11:28:44.8259140Z env:
2025-01-27T11:28:44.8259740Z   CACHE_NUMBER: 0
2025-01-27T11:28:44.8261250Z   PYTEST_FLAGS: --tardis-regression-data=/Users/runner/work/tardis/tardis/tardis-regression-data --cov=tardis --cov-report=xml --cov-report=html --cov-append
2025-01-27T11:28:44.8262890Z   CODECOV_TOKEN: 
2025-01-27T11:28:44.8263450Z ##[endgroup]
2025-01-27T11:28:44.8471170Z ##[group]Run actions/checkout@v4
2025-01-27T11:28:44.8471830Z with:
2025-01-27T11:28:44.8472450Z   repository: tardis-sn/tardis-regression-data
2025-01-27T11:28:44.8473190Z   path: tardis-regression-data
2025-01-27T11:28:44.8473900Z   lfs: false
2025-01-27T11:28:44.8474700Z   token: ***
2025-01-27T11:28:44.8475280Z   ssh-strict: true
2025-01-27T11:28:44.8475900Z   ssh-user: git
2025-01-27T11:28:44.8476420Z   persist-credentials: true
2025-01-27T11:28:44.8477010Z   clean: true
2025-01-27T11:28:44.8477570Z   sparse-checkout-cone-mode: true
2025-01-27T11:28:44.8478300Z   fetch-depth: 1
2025-01-27T11:28:44.8478800Z   fetch-tags: false
2025-01-27T11:28:44.8479300Z   show-progress: true
2025-01-27T11:28:44.8479850Z   submodules: false
2025-01-27T11:28:44.8480390Z   set-safe-directory: true
2025-01-27T11:28:44.8480950Z env:
2025-01-27T11:28:44.8481550Z   CACHE_NUMBER: 0
2025-01-27T11:28:44.8482970Z   PYTEST_FLAGS: --tardis-regression-data=/Users/runner/work/tardis/tardis/tardis-regression-data --cov=tardis --cov-report=xml --cov-report=html --cov-append
2025-01-27T11:28:44.8484520Z   CODECOV_TOKEN: 
2025-01-27T11:28:44.8485010Z ##[endgroup]
2025-01-27T11:28:44.9551410Z Syncing repository: tardis-sn/tardis-regression-data
2025-01-27T11:28:44.9552890Z ##[group]Getting Git version info
2025-01-27T11:28:44.9553840Z Working directory is '/Users/runner/work/tardis/tardis/tardis-regression-data'
2025-01-27T11:28:44.9575310Z [command]/opt/homebrew/bin/git version
2025-01-27T11:28:44.9670760Z git version 2.48.1
2025-01-27T11:28:44.9673410Z ##[endgroup]
2025-01-27T11:28:44.9679770Z Copying '/Users/runner/.gitconfig' to '/Users/runner/work/_temp/b2fc19ee-5a65-4946-80c9-5ba92e0ab537/.gitconfig'
2025-01-27T11:28:44.9696630Z Temporarily overriding HOME='/Users/runner/work/_temp/b2fc19ee-5a65-4946-80c9-5ba92e0ab537' before making global git config changes
2025-01-27T11:28:44.9698770Z Adding repository directory to the temporary git global config as a safe directory
2025-01-27T11:28:44.9700780Z [command]/opt/homebrew/bin/git config --global --add safe.directory /Users/runner/work/tardis/tardis/tardis-regression-data
2025-01-27T11:28:44.9790530Z ##[group]Initializing the repository
2025-01-27T11:28:44.9799830Z [command]/opt/homebrew/bin/git init /Users/runner/work/tardis/tardis/tardis-regression-data
2025-01-27T11:28:44.9899410Z hint: Using 'master' as the name for the initial branch. This default branch name
2025-01-27T11:28:44.9901870Z hint: is subject to change. To configure the initial branch name to use in all
2025-01-27T11:28:44.9903370Z hint: of your new repositories, which will suppress this warning, call:
2025-01-27T11:28:44.9907720Z hint:
2025-01-27T11:28:44.9909880Z hint: 	git config --global init.defaultBranch <name>
2025-01-27T11:28:44.9910820Z hint:
2025-01-27T11:28:44.9911620Z hint: Names commonly chosen instead of 'master' are 'main', 'trunk' and
2025-01-27T11:28:44.9912840Z hint: 'development'. The just-created branch can be renamed via this command:
2025-01-27T11:28:44.9913830Z hint:
2025-01-27T11:28:44.9914410Z hint: 	git branch -m <name>
2025-01-27T11:28:44.9915760Z Initialized empty Git repository in /Users/runner/work/tardis/tardis/tardis-regression-data/.git/
2025-01-27T11:28:44.9918770Z [command]/opt/homebrew/bin/git remote add origin https://github.com/tardis-sn/tardis-regression-data
2025-01-27T11:28:44.9998500Z ##[endgroup]
2025-01-27T11:28:45.0012590Z ##[group]Disabling automatic garbage collection
2025-01-27T11:28:45.0014010Z [command]/opt/homebrew/bin/git config --local gc.auto 0
2025-01-27T11:28:45.0078780Z ##[endgroup]
2025-01-27T11:28:45.0080030Z ##[group]Setting up auth
2025-01-27T11:28:45.0081180Z [command]/opt/homebrew/bin/git config --local --name-only --get-regexp core\.sshCommand
2025-01-27T11:28:45.0182180Z [command]/opt/homebrew/bin/git submodule foreach --recursive sh -c "git config --local --name-only --get-regexp 'core\.sshCommand' && git config --local --unset-all 'core.sshCommand' || :"
2025-01-27T11:28:45.0925810Z [command]/opt/homebrew/bin/git config --local --name-only --get-regexp http\.https\:\/\/github\.com\/\.extraheader
2025-01-27T11:28:45.1095610Z [command]/opt/homebrew/bin/git submodule foreach --recursive sh -c "git config --local --name-only --get-regexp 'http\.https\:\/\/github\.com\/\.extraheader' && git config --local --unset-all 'http.https://github.com/.extraheader' || :"
2025-01-27T11:28:45.3271260Z [command]/opt/homebrew/bin/git config --local http.https://github.com/.extraheader AUTHORIZATION: basic ***
2025-01-27T11:28:45.3589960Z ##[endgroup]
2025-01-27T11:28:45.3692580Z ##[group]Determining the default branch
2025-01-27T11:28:45.3792460Z Retrieving the default branch name
2025-01-27T11:28:45.8377570Z Default branch 'main'
2025-01-27T11:28:45.8477800Z ##[endgroup]
2025-01-27T11:28:45.8518350Z ##[group]Fetching the repository
2025-01-27T11:28:46.8205870Z [command]/opt/homebrew/bin/git -c protocol.version=2 fetch --no-tags --prune --no-recurse-submodules --depth=1 origin +refs/heads/main:refs/remotes/origin/main
2025-01-27T11:28:46.8207070Z From https://github.com/tardis-sn/tardis-regression-data
2025-01-27T11:28:46.8208740Z  * [new branch]      main       -> origin/main
2025-01-27T11:28:46.8273320Z ##[endgroup]
2025-01-27T11:28:46.8275110Z ##[group]Determining the checkout info
2025-01-27T11:28:46.8276530Z ##[endgroup]
2025-01-27T11:28:46.8277410Z [command]/opt/homebrew/bin/git sparse-checkout disable
2025-01-27T11:28:46.8354850Z [command]/opt/homebrew/bin/git config --local --unset-all extensions.worktreeConfig
2025-01-27T11:28:46.8514500Z ##[group]Checking out the ref
2025-01-27T11:28:46.8534310Z [command]/opt/homebrew/bin/git checkout --progress --force -B main refs/remotes/origin/main
2025-01-27T11:28:47.0717200Z Switched to a new branch 'main'
2025-01-27T11:28:47.0725330Z branch 'main' set up to track 'origin/main'.
2025-01-27T11:28:47.2255320Z ##[endgroup]
2025-01-27T11:28:47.2257750Z [command]/opt/homebrew/bin/git log -1 --format=%H
2025-01-27T11:28:47.2307830Z fa7729bc9c30e14b69acd641af8b692b56fcd416
2025-01-27T11:28:47.2616900Z ##[group]Run if [ "false" == "true" ]; then
2025-01-27T11:28:47.2617390Z [36;1mif [ "false" == "true" ]; then[0m
2025-01-27T11:28:47.2617630Z [36;1m  echo "Using atom data sparse checkout"[0m
2025-01-27T11:28:47.2617970Z [36;1m  echo "atom_data/kurucz_cd23_chianti_H_He.h5" > .lfs-files-list[0m
2025-01-27T11:28:47.2618320Z [36;1melse[0m
2025-01-27T11:28:47.2618520Z [36;1m  echo "Using full repository checkout"[0m
2025-01-27T11:28:47.2618870Z [36;1m  git lfs ls-files -l | cut -d' ' -f1 | sort > .lfs-files-list[0m
2025-01-27T11:28:47.2619170Z [36;1mfi[0m
2025-01-27T11:28:47.3187890Z shell: /bin/bash --noprofile --norc -e -o pipefail {0}
2025-01-27T11:28:47.3188320Z env:
2025-01-27T11:28:47.3188880Z   CACHE_NUMBER: 0
2025-01-27T11:28:47.3189430Z   PYTEST_FLAGS: --tardis-regression-data=/Users/runner/work/tardis/tardis/tardis-regression-data --cov=tardis --cov-report=xml --cov-report=html --cov-append
2025-01-27T11:28:47.3190000Z   CODECOV_TOKEN: 
2025-01-27T11:28:47.3190170Z ##[endgroup]
2025-01-27T11:28:47.3939420Z Using full repository checkout
2025-01-27T11:28:47.8085960Z ##[group]Run actions/cache/restore@v4
2025-01-27T11:28:47.8086360Z with:
2025-01-27T11:28:47.8086560Z   path: tardis-regression-data/.git/lfs
2025-01-27T11:28:47.8087650Z   key: tardis-regression-full-data-21f9fa4b6817cc69b9fae3598144724da7828e276a73bd17f47a2a49d9af090a-tardis-sn/tardis-regression-data-v1
2025-01-27T11:28:47.8088370Z   fail-on-cache-miss: true
2025-01-27T11:28:47.8088550Z   enableCrossOsArchive: false
2025-01-27T11:28:47.8088740Z   lookup-only: false
2025-01-27T11:28:47.8088890Z env:
2025-01-27T11:28:47.8089010Z   CACHE_NUMBER: 0
2025-01-27T11:28:47.8089520Z   PYTEST_FLAGS: --tardis-regression-data=/Users/runner/work/tardis/tardis/tardis-regression-data --cov=tardis --cov-report=xml --cov-report=html --cov-append
2025-01-27T11:28:47.8090040Z   CODECOV_TOKEN: 
2025-01-27T11:28:47.8090180Z ##[endgroup]
2025-01-27T11:28:49.3385740Z Received 8388608 of 1707217032 (0.5%), 8.0 MBs/sec
2025-01-27T11:28:50.4080690Z Received 62914560 of 1707217032 (3.7%), 28.9 MBs/sec
2025-01-27T11:28:51.4147240Z Received 121634816 of 1707217032 (7.1%), 37.7 MBs/sec
2025-01-27T11:28:52.4056840Z Received 171966464 of 1707217032 (10.1%), 40.2 MBs/sec
2025-01-27T11:28:53.4067030Z Received 243269632 of 1707217032 (14.2%), 45.7 MBs/sec
2025-01-27T11:28:54.4065950Z Received 314572800 of 1707217032 (18.4%), 49.3 MBs/sec
2025-01-27T11:28:55.4087770Z Received 377487360 of 1707217032 (22.1%), 50.8 MBs/sec
2025-01-27T11:28:56.4093440Z Received 432013312 of 1707217032 (25.3%), 51.0 MBs/sec
2025-01-27T11:28:57.4139040Z Received 478150656 of 1707217032 (28.0%), 50.2 MBs/sec
2025-01-27T11:28:58.4338750Z Received 545259520 of 1707217032 (31.9%), 51.5 MBs/sec
2025-01-27T11:28:59.4660220Z Received 612368384 of 1707217032 (35.9%), 52.6 MBs/sec
2025-01-27T11:29:00.4427640Z Received 679477248 of 1707217032 (39.8%), 53.5 MBs/sec
2025-01-27T11:29:01.4747630Z Received 725614592 of 1707217032 (42.5%), 52.7 MBs/sec
2025-01-27T11:29:02.4747870Z Received 788529152 of 1707217032 (46.2%), 53.2 MBs/sec
2025-01-27T11:29:03.4685120Z Received 855638016 of 1707217032 (50.1%), 53.9 MBs/sec
2025-01-27T11:29:04.4746620Z Received 914358272 of 1707217032 (53.6%), 54.0 MBs/sec
2025-01-27T11:29:05.4687480Z Received 989855744 of 1707217032 (58.0%), 55.1 MBs/sec
2025-01-27T11:29:06.4691790Z Received 1048576000 of 1707217032 (61.4%), 55.1 MBs/sec
2025-01-27T11:29:07.4775830Z Received 1094713344 of 1707217032 (64.1%), 54.5 MBs/sec
2025-01-27T11:29:08.4800710Z Received 1145044992 of 1707217032 (67.1%), 54.2 MBs/sec
2025-01-27T11:29:09.4803770Z Received 1195376640 of 1707217032 (70.0%), 53.9 MBs/sec
2025-01-27T11:29:10.4737610Z Received 1266679808 of 1707217032 (74.2%), 54.5 MBs/sec
2025-01-27T11:29:11.4738990Z Received 1333788672 of 1707217032 (78.1%), 55.0 MBs/sec
2025-01-27T11:29:12.4846770Z Received 1388314624 of 1707217032 (81.3%), 54.8 MBs/sec
2025-01-27T11:29:13.4844190Z Received 1447034880 of 1707217032 (84.8%), 54.9 MBs/sec
2025-01-27T11:29:14.4856510Z Received 1514143744 of 1707217032 (88.7%), 55.2 MBs/sec
2025-01-27T11:29:15.4864340Z Received 1568669696 of 1707217032 (91.9%), 55.1 MBs/sec
2025-01-27T11:29:16.4882190Z Received 1614807040 of 1707217032 (94.6%), 54.7 MBs/sec
2025-01-27T11:29:17.4884650Z Received 1686245512 of 1707217032 (98.8%), 55.1 MBs/sec
2025-01-27T11:29:18.4910500Z Received 1707217032 of 1707217032 (100.0%), 54.0 MBs/sec
2025-01-27T11:29:18.5854610Z Cache Size: ~1628 MB (1707217032 B)
2025-01-27T11:29:18.6159520Z [command]/opt/homebrew/bin/gtar -xf /Users/runner/work/_temp/fa737723-abac-4bc6-b7ed-0b495226d4df/cache.tzst -P -C /Users/runner/work/tardis/tardis --delay-directory-restore --use-compress-program unzstd
2025-01-27T11:29:25.3948230Z Cache restored successfully
2025-01-27T11:29:25.4717890Z Cache restored from key: tardis-regression-full-data-21f9fa4b6817cc69b9fae3598144724da7828e276a73bd17f47a2a49d9af090a-tardis-sn/tardis-regression-data-v1
