2025-01-12T01:06:34.7440420Z Prepare all required actions
2025-01-12T01:06:34.7441320Z Getting action download info
2025-01-12T01:06:34.9061300Z Download action repository 'actions/cache@v4' (SHA:1bd1e32a3bdc45362d1e726936510720a7c30a57)
2025-01-12T01:06:35.0085610Z ##[group]Run ./.github/actions/setup_lfs
2025-01-12T01:06:35.0086300Z with:
2025-01-12T01:06:35.0086890Z   regression-data-repo: tardis-sn/tardis-regression-data
2025-01-12T01:06:35.0087650Z env:
2025-01-12T01:06:35.0088090Z   CACHE_NUMBER: 0
2025-01-12T01:06:35.0089490Z   PYTEST_FLAGS: --tardis-regression-data=/Users/runner/work/tardis/tardis/tardis-regression-data --cov=tardis --cov-report=xml --cov-report=html --cov-append
2025-01-12T01:06:35.0091000Z   CODECOV_TOKEN: 
2025-01-12T01:06:35.0091480Z ##[endgroup]
2025-01-12T01:06:35.0220730Z ##[group]Run actions/checkout@v4
2025-01-12T01:06:35.0221340Z with:
2025-01-12T01:06:35.0221840Z   repository: tardis-sn/tardis-regression-data
2025-01-12T01:06:35.0222510Z   path: tardis-regression-data
2025-01-12T01:06:35.0223290Z   token: ***
2025-01-12T01:06:35.0223900Z   ssh-strict: true
2025-01-12T01:06:35.0224390Z   ssh-user: git
2025-01-12T01:06:35.0224850Z   persist-credentials: true
2025-01-12T01:06:35.0225400Z   clean: true
2025-01-12T01:06:35.0225880Z   sparse-checkout-cone-mode: true
2025-01-12T01:06:35.0226450Z   fetch-depth: 1
2025-01-12T01:06:35.0226930Z   fetch-tags: false
2025-01-12T01:06:35.0227480Z   show-progress: true
2025-01-12T01:06:35.0227980Z   lfs: false
2025-01-12T01:06:35.0228440Z   submodules: false
2025-01-12T01:06:35.0228950Z   set-safe-directory: true
2025-01-12T01:06:35.0229490Z env:
2025-01-12T01:06:35.0229910Z   CACHE_NUMBER: 0
2025-01-12T01:06:35.0231330Z   PYTEST_FLAGS: --tardis-regression-data=/Users/runner/work/tardis/tardis/tardis-regression-data --cov=tardis --cov-report=xml --cov-report=html --cov-append
2025-01-12T01:06:35.0232900Z   CODECOV_TOKEN: 
2025-01-12T01:06:35.0233370Z ##[endgroup]
2025-01-12T01:06:35.1081070Z Syncing repository: tardis-sn/tardis-regression-data
2025-01-12T01:06:35.1084370Z ##[group]Getting Git version info
2025-01-12T01:06:35.1085350Z Working directory is '/Users/runner/work/tardis/tardis/tardis-regression-data'
2025-01-12T01:06:35.1118510Z [command]/opt/homebrew/bin/git version
2025-01-12T01:06:35.1163520Z git version 2.47.1
2025-01-12T01:06:35.1178320Z ##[endgroup]
2025-01-12T01:06:35.1184340Z Copying '/Users/runner/.gitconfig' to '/Users/runner/work/_temp/5553d966-9246-4703-8027-a4872d4aafae/.gitconfig'
2025-01-12T01:06:35.1194990Z Temporarily overriding HOME='/Users/runner/work/_temp/5553d966-9246-4703-8027-a4872d4aafae' before making global git config changes
2025-01-12T01:06:35.1201710Z Adding repository directory to the temporary git global config as a safe directory
2025-01-12T01:06:35.1203310Z [command]/opt/homebrew/bin/git config --global --add safe.directory /Users/runner/work/tardis/tardis/tardis-regression-data
2025-01-12T01:06:35.1248230Z ##[group]Initializing the repository
2025-01-12T01:06:35.1251550Z [command]/opt/homebrew/bin/git init /Users/runner/work/tardis/tardis/tardis-regression-data
2025-01-12T01:06:35.1317760Z hint: Using 'master' as the name for the initial branch. This default branch name
2025-01-12T01:06:35.1319720Z hint: is subject to change. To configure the initial branch name to use in all
2025-01-12T01:06:35.1321050Z hint: of your new repositories, which will suppress this warning, call:
2025-01-12T01:06:35.1321890Z hint:
2025-01-12T01:06:35.1322480Z hint: 	git config --global init.defaultBranch <name>
2025-01-12T01:06:35.1323170Z hint:
2025-01-12T01:06:35.1323830Z hint: Names commonly chosen instead of 'master' are 'main', 'trunk' and
2025-01-12T01:06:35.1324930Z hint: 'development'. The just-created branch can be renamed via this command:
2025-01-12T01:06:35.1325790Z hint:
2025-01-12T01:06:35.1326260Z hint: 	git branch -m <name>
2025-01-12T01:06:35.1327290Z Initialized empty Git repository in /Users/runner/work/tardis/tardis/tardis-regression-data/.git/
2025-01-12T01:06:35.1329630Z [command]/opt/homebrew/bin/git remote add origin https://github.com/tardis-sn/tardis-regression-data
2025-01-12T01:06:35.1373350Z ##[endgroup]
2025-01-12T01:06:35.1374280Z ##[group]Disabling automatic garbage collection
2025-01-12T01:06:35.1375900Z [command]/opt/homebrew/bin/git config --local gc.auto 0
2025-01-12T01:06:35.1420180Z ##[endgroup]
2025-01-12T01:06:35.1421100Z ##[group]Setting up auth
2025-01-12T01:06:35.1424910Z [command]/opt/homebrew/bin/git config --local --name-only --get-regexp core\.sshCommand
2025-01-12T01:06:35.1468420Z [command]/opt/homebrew/bin/git submodule foreach --recursive sh -c "git config --local --name-only --get-regexp 'core\.sshCommand' && git config --local --unset-all 'core.sshCommand' || :"
2025-01-12T01:06:35.1960440Z [command]/opt/homebrew/bin/git config --local --name-only --get-regexp http\.https\:\/\/github\.com\/\.extraheader
2025-01-12T01:06:35.2005740Z [command]/opt/homebrew/bin/git submodule foreach --recursive sh -c "git config --local --name-only --get-regexp 'http\.https\:\/\/github\.com\/\.extraheader' && git config --local --unset-all 'http.https://github.com/.extraheader' || :"
2025-01-12T01:06:35.3479760Z [command]/opt/homebrew/bin/git config --local http.https://github.com/.extraheader AUTHORIZATION: basic ***
2025-01-12T01:06:35.3785950Z ##[endgroup]
2025-01-12T01:06:35.3846420Z ##[group]Determining the default branch
2025-01-12T01:06:35.3947990Z Retrieving the default branch name
2025-01-12T01:06:35.7074790Z Default branch 'main'
2025-01-12T01:06:35.7075470Z ##[endgroup]
2025-01-12T01:06:35.7075880Z ##[group]Fetching the repository
2025-01-12T01:06:35.7079880Z [command]/opt/homebrew/bin/git -c protocol.version=2 fetch --no-tags --prune --no-recurse-submodules --depth=1 origin +refs/heads/main:refs/remotes/origin/main
2025-01-12T01:06:36.6227020Z From https://github.com/tardis-sn/tardis-regression-data
2025-01-12T01:06:36.6227450Z  * [new branch]      main       -> origin/main
2025-01-12T01:06:36.6276230Z ##[endgroup]
2025-01-12T01:06:36.6276580Z ##[group]Determining the checkout info
2025-01-12T01:06:36.6276940Z ##[endgroup]
2025-01-12T01:06:36.6280740Z [command]/opt/homebrew/bin/git sparse-checkout disable
2025-01-12T01:06:36.6332810Z [command]/opt/homebrew/bin/git config --local --unset-all extensions.worktreeConfig
2025-01-12T01:06:36.6377030Z ##[group]Checking out the ref
2025-01-12T01:06:36.6380970Z [command]/opt/homebrew/bin/git checkout --progress --force -B main refs/remotes/origin/main
2025-01-12T01:06:36.9549860Z Switched to a new branch 'main'
2025-01-12T01:06:36.9633970Z branch 'main' set up to track 'origin/main'.
2025-01-12T01:06:37.0697860Z ##[endgroup]
2025-01-12T01:06:37.1009870Z [command]/opt/homebrew/bin/git log -1 --format=%H
2025-01-12T01:06:37.1033260Z 666ab8501c2b2aea30d05b8822e7ddbfca078d23
2025-01-12T01:06:37.1102660Z ##[group]Run git lfs ls-files -l | cut -d' ' -f1 | sort > .lfs-assets-id
2025-01-12T01:06:37.1103060Z [36;1mgit lfs ls-files -l | cut -d' ' -f1 | sort > .lfs-assets-id[0m
2025-01-12T01:06:37.1164890Z shell: /bin/bash --noprofile --norc -e -o pipefail {0}
2025-01-12T01:06:37.1165150Z env:
2025-01-12T01:06:37.1165290Z   CACHE_NUMBER: 0
2025-01-12T01:06:37.1165760Z   PYTEST_FLAGS: --tardis-regression-data=/Users/runner/work/tardis/tardis/tardis-regression-data --cov=tardis --cov-report=xml --cov-report=html --cov-append
2025-01-12T01:06:37.1166310Z   CODECOV_TOKEN: 
2025-01-12T01:06:37.1166430Z ##[endgroup]
2025-01-12T01:06:37.3479350Z ##[group]Run actions/cache/restore@v4
2025-01-12T01:06:37.3479610Z with:
2025-01-12T01:06:37.3479740Z   path: tardis-regression-data/.git/lfs
2025-01-12T01:06:37.3480070Z   key: macOS-lfs-21f9fa4b6817cc69b9fae3598144724da7828e276a73bd17f47a2a49d9af090a-v1
2025-01-12T01:06:37.3480370Z   enableCrossOsArchive: false
2025-01-12T01:06:37.3480540Z   fail-on-cache-miss: false
2025-01-12T01:06:37.3480700Z   lookup-only: false
2025-01-12T01:06:37.3480830Z env:
2025-01-12T01:06:37.3480930Z   CACHE_NUMBER: 0
2025-01-12T01:06:37.3481370Z   PYTEST_FLAGS: --tardis-regression-data=/Users/runner/work/tardis/tardis/tardis-regression-data --cov=tardis --cov-report=xml --cov-report=html --cov-append
2025-01-12T01:06:37.3482110Z   CODECOV_TOKEN: 
2025-01-12T01:06:37.3482230Z ##[endgroup]
2025-01-12T01:06:38.8824380Z Received 46137344 of 1706796060 (2.7%), 44.0 MBs/sec
2025-01-12T01:06:39.8828210Z Received 117440512 of 1706796060 (6.9%), 55.9 MBs/sec
2025-01-12T01:06:40.8834130Z Received 192937984 of 1706796060 (11.3%), 61.3 MBs/sec
2025-01-12T01:06:41.8837120Z Received 276824064 of 1706796060 (16.2%), 66.0 MBs/sec
2025-01-12T01:06:42.8842990Z Received 364904448 of 1706796060 (21.4%), 69.6 MBs/sec
2025-01-12T01:06:43.8852840Z Received 444596224 of 1706796060 (26.0%), 70.6 MBs/sec
2025-01-12T01:06:44.8852900Z Received 515899392 of 1706796060 (30.2%), 70.2 MBs/sec
2025-01-12T01:06:45.8858260Z Received 616562688 of 1706796060 (36.1%), 73.5 MBs/sec
2025-01-12T01:06:46.8865040Z Received 696254464 of 1706796060 (40.8%), 73.7 MBs/sec
2025-01-12T01:06:47.8873910Z Received 771751936 of 1706796060 (45.2%), 73.6 MBs/sec
2025-01-12T01:06:48.8874630Z Received 847249408 of 1706796060 (49.6%), 73.4 MBs/sec
2025-01-12T01:06:49.8890340Z Received 935329792 of 1706796060 (54.8%), 74.3 MBs/sec
2025-01-12T01:06:50.8887880Z Received 1006632960 of 1706796060 (59.0%), 73.8 MBs/sec
2025-01-12T01:06:51.8896340Z Received 1107296256 of 1706796060 (64.9%), 75.4 MBs/sec
2025-01-12T01:06:52.8907470Z Received 1195376640 of 1706796060 (70.0%), 75.9 MBs/sec
2025-01-12T01:06:53.8914250Z Received 1300234240 of 1706796060 (76.2%), 77.4 MBs/sec
2025-01-12T01:06:54.8920660Z Received 1409286144 of 1706796060 (82.6%), 79.0 MBs/sec
2025-01-12T01:06:55.8926430Z Received 1501560832 of 1706796060 (88.0%), 79.5 MBs/sec
2025-01-12T01:06:56.8934560Z Received 1568669696 of 1706796060 (91.9%), 78.7 MBs/sec
2025-01-12T01:06:57.8951400Z Received 1665138688 of 1706796060 (97.6%), 79.3 MBs/sec
2025-01-12T01:06:58.4699040Z Cache Size: ~1628 MB (1706796060 B)
2025-01-12T01:06:58.4742390Z [command]/opt/homebrew/bin/gtar -xf /Users/runner/work/_temp/c5be5fa3-97bf-4c16-bc83-5b4a9ab35692/cache.tzst -P -C /Users/runner/work/tardis/tardis --delay-directory-restore --use-compress-program unzstd
2025-01-12T01:06:58.8975510Z Received 1706796060 of 1706796060 (100.0%), 77.4 MBs/sec
2025-01-12T01:07:04.4458380Z Cache restored successfully
2025-01-12T01:07:04.5375930Z Cache restored from key: macOS-lfs-21f9fa4b6817cc69b9fae3598144724da7828e276a73bd17f47a2a49d9af090a-v1
2025-01-12T01:07:04.5654620Z ##[group]Run git lfs checkout
2025-01-12T01:07:04.5655270Z [36;1mgit lfs checkout[0m
2025-01-12T01:07:04.5742570Z shell: /bin/bash --noprofile --norc -e -o pipefail {0}
2025-01-12T01:07:04.5742980Z env:
2025-01-12T01:07:04.5743340Z   CACHE_NUMBER: 0
2025-01-12T01:07:04.5744020Z   PYTEST_FLAGS: --tardis-regression-data=/Users/runner/work/tardis/tardis/tardis-regression-data --cov=tardis --cov-report=xml --cov-report=html --cov-append
2025-01-12T01:07:04.5744630Z   CODECOV_TOKEN: 
2025-01-12T01:07:04.5744970Z ##[endgroup]
2025-01-12T01:07:11.8397960Z Checking out LFS objects: 100% (204/204), 3.5 GB | 389 MB/s, done.
