2025-01-20T14:53:21.0354577Z Prepare all required actions
2025-01-20T14:53:21.0355318Z Getting action download info
2025-01-20T14:53:21.2326668Z Download action repository 'actions/cache@v4' (SHA:1bd1e32a3bdc45362d1e726936510720a7c30a57)
2025-01-20T14:53:21.3606107Z ##[group]Run ./.github/actions/setup_lfs
2025-01-20T14:53:21.3606451Z with:
2025-01-20T14:53:21.3606749Z   regression-data-repo: tardis-sn/tardis-regression-data
2025-01-20T14:53:21.3607086Z env:
2025-01-20T14:53:21.3607334Z   CACHE_NUMBER: 0
2025-01-20T14:53:21.3607996Z   PYTEST_FLAGS: --tardis-regression-data=/home/runner/work/tardis/tardis/tardis-regression-data --cov=tardis --cov-report=xml --cov-report=html --cov-append
2025-01-20T14:53:21.3608710Z   CODECOV_TOKEN: 
2025-01-20T14:53:21.3609105Z ##[endgroup]
2025-01-20T14:53:21.3729641Z ##[group]Run actions/checkout@v4
2025-01-20T14:53:21.3729940Z with:
2025-01-20T14:53:21.3730209Z   repository: atharva-2001/tardis-regression-data
2025-01-20T14:53:21.3730553Z   path: tardis-regression-data
2025-01-20T14:53:21.3730822Z   ref: numpy_v2_2
2025-01-20T14:53:21.3731229Z   token: ***
2025-01-20T14:53:21.3731454Z   ssh-strict: true
2025-01-20T14:53:21.3731690Z   ssh-user: git
2025-01-20T14:53:21.3731920Z   persist-credentials: true
2025-01-20T14:53:21.3732179Z   clean: true
2025-01-20T14:53:21.3732419Z   sparse-checkout-cone-mode: true
2025-01-20T14:53:21.3732693Z   fetch-depth: 1
2025-01-20T14:53:21.3732918Z   fetch-tags: false
2025-01-20T14:53:21.3733152Z   show-progress: true
2025-01-20T14:53:21.3733390Z   lfs: false
2025-01-20T14:53:21.3733602Z   submodules: false
2025-01-20T14:53:21.3733836Z   set-safe-directory: true
2025-01-20T14:53:21.3734076Z env:
2025-01-20T14:53:21.3734279Z   CACHE_NUMBER: 0
2025-01-20T14:53:21.3734932Z   PYTEST_FLAGS: --tardis-regression-data=/home/runner/work/tardis/tardis/tardis-regression-data --cov=tardis --cov-report=xml --cov-report=html --cov-append
2025-01-20T14:53:21.3735610Z   CODECOV_TOKEN: 
2025-01-20T14:53:21.3735832Z ##[endgroup]
2025-01-20T14:53:21.4665405Z Syncing repository: atharva-2001/tardis-regression-data
2025-01-20T14:53:21.4671631Z ##[group]Getting Git version info
2025-01-20T14:53:21.4672435Z Working directory is '/home/runner/work/tardis/tardis/tardis-regression-data'
2025-01-20T14:53:21.4713231Z [command]/usr/bin/git version
2025-01-20T14:53:21.4754663Z git version 2.47.1
2025-01-20T14:53:21.4779268Z ##[endgroup]
2025-01-20T14:53:21.4791108Z Temporarily overriding HOME='/home/runner/work/_temp/ca77c344-4a0b-48b9-8e9a-90bf54e42c25' before making global git config changes
2025-01-20T14:53:21.4795845Z Adding repository directory to the temporary git global config as a safe directory
2025-01-20T14:53:21.4796828Z [command]/usr/bin/git config --global --add safe.directory /home/runner/work/tardis/tardis/tardis-regression-data
2025-01-20T14:53:21.4825121Z ##[group]Initializing the repository
2025-01-20T14:53:21.4830100Z [command]/usr/bin/git init /home/runner/work/tardis/tardis/tardis-regression-data
2025-01-20T14:53:21.4864559Z hint: Using 'master' as the name for the initial branch. This default branch name
2025-01-20T14:53:21.4865578Z hint: is subject to change. To configure the initial branch name to use in all
2025-01-20T14:53:21.4866486Z hint: of your new repositories, which will suppress this warning, call:
2025-01-20T14:53:21.4867144Z hint:
2025-01-20T14:53:21.4867500Z hint: 	git config --global init.defaultBranch <name>
2025-01-20T14:53:21.4867852Z hint:
2025-01-20T14:53:21.4868203Z hint: Names commonly chosen instead of 'master' are 'main', 'trunk' and
2025-01-20T14:53:21.4869130Z hint: 'development'. The just-created branch can be renamed via this command:
2025-01-20T14:53:21.4869561Z hint:
2025-01-20T14:53:21.4869808Z hint: 	git branch -m <name>
2025-01-20T14:53:21.4870336Z Initialized empty Git repository in /home/runner/work/tardis/tardis/tardis-regression-data/.git/
2025-01-20T14:53:21.4876096Z [command]/usr/bin/git remote add origin https://github.com/atharva-2001/tardis-regression-data
2025-01-20T14:53:21.4903900Z ##[endgroup]
2025-01-20T14:53:21.4904396Z ##[group]Disabling automatic garbage collection
2025-01-20T14:53:21.4908335Z [command]/usr/bin/git config --local gc.auto 0
2025-01-20T14:53:21.4936296Z ##[endgroup]
2025-01-20T14:53:21.4936969Z ##[group]Setting up auth
2025-01-20T14:53:21.4942400Z [command]/usr/bin/git config --local --name-only --get-regexp core\.sshCommand
2025-01-20T14:53:21.4970920Z [command]/usr/bin/git submodule foreach --recursive sh -c "git config --local --name-only --get-regexp 'core\.sshCommand' && git config --local --unset-all 'core.sshCommand' || :"
2025-01-20T14:53:21.5194974Z [command]/usr/bin/git config --local --name-only --get-regexp http\.https\:\/\/github\.com\/\.extraheader
2025-01-20T14:53:21.5223238Z [command]/usr/bin/git submodule foreach --recursive sh -c "git config --local --name-only --get-regexp 'http\.https\:\/\/github\.com\/\.extraheader' && git config --local --unset-all 'http.https://github.com/.extraheader' || :"
2025-01-20T14:53:21.5446035Z [command]/usr/bin/git config --local http.https://github.com/.extraheader AUTHORIZATION: basic ***
2025-01-20T14:53:21.5480147Z ##[endgroup]
2025-01-20T14:53:21.5480878Z ##[group]Fetching the repository
2025-01-20T14:53:21.5488167Z [command]/usr/bin/git -c protocol.version=2 fetch --no-tags --prune --no-recurse-submodules --depth=1 origin +refs/heads/numpy_v2_2*:refs/remotes/origin/numpy_v2_2* +refs/tags/numpy_v2_2*:refs/tags/numpy_v2_2*
2025-01-20T14:53:22.1749354Z From https://github.com/atharva-2001/tardis-regression-data
2025-01-20T14:53:22.1750399Z  * [new branch]      numpy_v2_2 -> origin/numpy_v2_2
2025-01-20T14:53:22.1773956Z ##[endgroup]
2025-01-20T14:53:22.1774896Z ##[group]Determining the checkout info
2025-01-20T14:53:22.1782306Z [command]/usr/bin/git branch --list --remote origin/numpy_v2_2
2025-01-20T14:53:22.1805564Z   origin/numpy_v2_2
2025-01-20T14:53:22.1813137Z ##[endgroup]
2025-01-20T14:53:22.1816385Z [command]/usr/bin/git sparse-checkout disable
2025-01-20T14:53:22.1852195Z [command]/usr/bin/git config --local --unset-all extensions.worktreeConfig
2025-01-20T14:53:22.1881298Z ##[group]Checking out the ref
2025-01-20T14:53:22.1884727Z [command]/usr/bin/git checkout --progress --force -B numpy_v2_2 refs/remotes/origin/numpy_v2_2
2025-01-20T14:53:22.2789256Z Switched to a new branch 'numpy_v2_2'
2025-01-20T14:53:22.2791352Z branch 'numpy_v2_2' set up to track 'origin/numpy_v2_2'.
2025-01-20T14:53:22.3055216Z ##[endgroup]
2025-01-20T14:53:22.3092561Z [command]/usr/bin/git log -1 --format=%H
2025-01-20T14:53:22.3114428Z 1b733c351f2eb90190b8c0228dc6b4d32242ad4e
2025-01-20T14:53:22.3234723Z ##[group]Run git lfs ls-files -l | cut -d' ' -f1 | sort > .lfs-assets-id
2025-01-20T14:53:22.3235284Z [36;1mgit lfs ls-files -l | cut -d' ' -f1 | sort > .lfs-assets-id[0m
2025-01-20T14:53:22.3266960Z shell: /usr/bin/bash --noprofile --norc -e -o pipefail {0}
2025-01-20T14:53:22.3267285Z env:
2025-01-20T14:53:22.3267456Z   CACHE_NUMBER: 0
2025-01-20T14:53:22.3268061Z   PYTEST_FLAGS: --tardis-regression-data=/home/runner/work/tardis/tardis/tardis-regression-data --cov=tardis --cov-report=xml --cov-report=html --cov-append
2025-01-20T14:53:22.3268724Z   CODECOV_TOKEN: 
2025-01-20T14:53:22.3269067Z ##[endgroup]
2025-01-20T14:53:22.4716679Z ##[group]Run actions/cache/restore@v4
2025-01-20T14:53:22.4716946Z with:
2025-01-20T14:53:22.4717133Z   path: tardis-regression-data/.git/lfs
2025-01-20T14:53:22.4717556Z   key: Linux-lfs-da2b5f2a10e913c6b13843a5855aea2bb20264b467d915063c23fa8ba1af31fb-v1
2025-01-20T14:53:22.4717979Z   enableCrossOsArchive: false
2025-01-20T14:53:22.4718415Z   fail-on-cache-miss: false
2025-01-20T14:53:22.4718635Z   lookup-only: false
2025-01-20T14:53:22.4718819Z env:
2025-01-20T14:53:22.4719344Z   CACHE_NUMBER: 0
2025-01-20T14:53:22.4719992Z   PYTEST_FLAGS: --tardis-regression-data=/home/runner/work/tardis/tardis/tardis-regression-data --cov=tardis --cov-report=xml --cov-report=html --cov-append
2025-01-20T14:53:22.4720670Z   CODECOV_TOKEN: 
2025-01-20T14:53:22.4720845Z ##[endgroup]
2025-01-20T14:53:22.9620328Z Cache not found for input keys: Linux-lfs-da2b5f2a10e913c6b13843a5855aea2bb20264b467d915063c23fa8ba1af31fb-v1
2025-01-20T14:53:22.9737839Z ##[group]Run git lfs pull
2025-01-20T14:53:22.9738077Z [36;1mgit lfs pull[0m
2025-01-20T14:53:22.9765990Z shell: /usr/bin/bash --noprofile --norc -e -o pipefail {0}
2025-01-20T14:53:22.9766305Z env:
2025-01-20T14:53:22.9766467Z   CACHE_NUMBER: 0
2025-01-20T14:53:22.9767049Z   PYTEST_FLAGS: --tardis-regression-data=/home/runner/work/tardis/tardis/tardis-regression-data --cov=tardis --cov-report=xml --cov-report=html --cov-append
2025-01-20T14:53:22.9767707Z   CODECOV_TOKEN: 
2025-01-20T14:53:22.9767887Z ##[endgroup]
