2025-01-13T22:05:45.5903272Z Requested labels: macos-latest
2025-01-13T22:05:45.5903650Z Job defined at: tardis-sn/tardis/.github/workflows/tests.yml@refs/heads/master
2025-01-13T22:05:45.5903782Z Waiting for a runner to pick up this job...
2025-01-13T22:05:45.7895129Z Job is waiting for a hosted runner to come online.
2025-01-13T22:05:49.5949942Z Job is about to start running on the hosted runner: GitHub Actions 19 (hosted)
2025-01-13T22:05:50.1644660Z Current runner version: '2.321.0'
2025-01-13T22:05:50.1666510Z ##[group]Operating System
2025-01-13T22:05:50.1667120Z macOS
2025-01-13T22:05:50.1667560Z 14.7.2
2025-01-13T22:05:50.1667890Z 23H311
2025-01-13T22:05:50.1668230Z ##[endgroup]
2025-01-13T22:05:50.1668720Z ##[group]Runner Image
2025-01-13T22:05:50.1669110Z Image: macos-14-arm64
2025-01-13T22:05:50.1669480Z Version: 20250106.725
2025-01-13T22:05:50.1670210Z Included Software: https://github.com/actions/runner-images/blob/macos-14-arm64/20250106.725/images/macos/macos-14-arm64-Readme.md
2025-01-13T22:05:50.1671190Z Image Release: https://github.com/actions/runner-images/releases/tag/macos-14-arm64%2F20250106.725
2025-01-13T22:05:50.1671830Z ##[endgroup]
2025-01-13T22:05:50.1672350Z ##[group]Runner Image Provisioner
2025-01-13T22:05:50.1672820Z 2.0.404.1+573eac7f0cc07d6bb82d8b9bf5e1ffa69a554644
2025-01-13T22:05:50.1673390Z ##[endgroup]
2025-01-13T22:05:50.1674960Z ##[group]GITHUB_TOKEN Permissions
2025-01-13T22:05:50.1677000Z Actions: write
2025-01-13T22:05:50.1677370Z Attestations: write
2025-01-13T22:05:50.1677730Z Checks: write
2025-01-13T22:05:50.1678230Z Contents: write
2025-01-13T22:05:50.1678590Z Deployments: write
2025-01-13T22:05:50.1679000Z Discussions: write
2025-01-13T22:05:50.1679340Z Issues: write
2025-01-13T22:05:50.1679710Z Metadata: read
2025-01-13T22:05:50.1680040Z Packages: write
2025-01-13T22:05:50.1680390Z Pages: write
2025-01-13T22:05:50.1680720Z PullRequests: write
2025-01-13T22:05:50.1681080Z RepositoryProjects: write
2025-01-13T22:05:50.1681550Z SecurityEvents: write
2025-01-13T22:05:50.1681920Z Statuses: write
2025-01-13T22:05:50.1682370Z ##[endgroup]
2025-01-13T22:05:50.1685060Z Secret source: Actions
2025-01-13T22:05:50.1685600Z Prepare workflow directory
2025-01-13T22:05:50.2162590Z Prepare all required actions
2025-01-13T22:05:50.2192320Z Getting action download info
2025-01-13T22:05:50.3749810Z Download action repository 'actions/checkout@v4' (SHA:11bd71901bbe5b1630ceea73d27597364c9af683)
2025-01-13T22:05:50.7891830Z Download action repository 'actions/upload-artifact@v4' (SHA:65c4c4a1ddee5b72f698fdd19549f0f0fb45cf08)
2025-01-13T22:05:52.0591300Z Complete job name:  continuum macos-latest 
2025-01-13T22:05:52.1111570Z ##[group]Run actions/checkout@v4
2025-01-13T22:05:52.1112180Z with:
2025-01-13T22:05:52.1112540Z   repository: tardis-sn/tardis
2025-01-13T22:05:52.1113170Z   token: ***
2025-01-13T22:05:52.1113500Z   ssh-strict: true
2025-01-13T22:05:52.1113830Z   ssh-user: git
2025-01-13T22:05:52.1114150Z   persist-credentials: true
2025-01-13T22:05:52.1114530Z   clean: true
2025-01-13T22:05:52.1114890Z   sparse-checkout-cone-mode: true
2025-01-13T22:05:52.1115290Z   fetch-depth: 1
2025-01-13T22:05:52.1115610Z   fetch-tags: false
2025-01-13T22:05:52.1115940Z   show-progress: true
2025-01-13T22:05:52.1116280Z   lfs: false
2025-01-13T22:05:52.1116610Z   submodules: false
2025-01-13T22:05:52.1116950Z   set-safe-directory: true
2025-01-13T22:05:52.1117430Z env:
2025-01-13T22:05:52.1117740Z   CACHE_NUMBER: 0
2025-01-13T22:05:52.1118840Z   PYTEST_FLAGS: --tardis-regression-data=/Users/runner/work/tardis/tardis/tardis-regression-data --cov=tardis --cov-report=xml --cov-report=html --cov-append
2025-01-13T22:05:52.1120060Z   CODECOV_TOKEN: ***
2025-01-13T22:05:52.1120400Z ##[endgroup]
2025-01-13T22:05:52.4010460Z Syncing repository: tardis-sn/tardis
2025-01-13T22:05:52.4011860Z ##[group]Getting Git version info
2025-01-13T22:05:52.4012390Z Working directory is '/Users/runner/work/tardis/tardis'
2025-01-13T22:05:52.4013120Z [command]/opt/homebrew/bin/git version
2025-01-13T22:05:52.4634480Z git version 2.47.1
2025-01-13T22:05:52.4658010Z ##[endgroup]
2025-01-13T22:05:52.4665120Z Copying '/Users/runner/.gitconfig' to '/Users/runner/work/_temp/46fcbd52-b5d4-41ee-8e6f-02628bdd551e/.gitconfig'
2025-01-13T22:05:52.4667050Z Temporarily overriding HOME='/Users/runner/work/_temp/46fcbd52-b5d4-41ee-8e6f-02628bdd551e' before making global git config changes
2025-01-13T22:05:52.4668780Z Adding repository directory to the temporary git global config as a safe directory
2025-01-13T22:05:52.4672430Z [command]/opt/homebrew/bin/git config --global --add safe.directory /Users/runner/work/tardis/tardis
2025-01-13T22:05:52.4767500Z Deleting the contents of '/Users/runner/work/tardis/tardis'
2025-01-13T22:05:52.4801840Z ##[group]Initializing the repository
2025-01-13T22:05:52.4951310Z [command]/opt/homebrew/bin/git init /Users/runner/work/tardis/tardis
2025-01-13T22:05:52.4952160Z hint: Using 'master' as the name for the initial branch. This default branch name
2025-01-13T22:05:52.4979920Z hint: is subject to change. To configure the initial branch name to use in all
2025-01-13T22:05:52.4982830Z hint: of your new repositories, which will suppress this warning, call:
2025-01-13T22:05:52.4983500Z hint:
2025-01-13T22:05:52.4984000Z hint: 	git config --global init.defaultBranch <name>
2025-01-13T22:05:52.4984570Z hint:
2025-01-13T22:05:52.4985090Z hint: Names commonly chosen instead of 'master' are 'main', 'trunk' and
2025-01-13T22:05:52.4985850Z hint: 'development'. The just-created branch can be renamed via this command:
2025-01-13T22:05:52.4986500Z hint:
2025-01-13T22:05:52.4987110Z hint: 	git branch -m <name>
2025-01-13T22:05:52.4987750Z Initialized empty Git repository in /Users/runner/work/tardis/tardis/.git/
2025-01-13T22:05:52.4989440Z [command]/opt/homebrew/bin/git remote add origin https://github.com/tardis-sn/tardis
2025-01-13T22:05:52.5032140Z ##[endgroup]
2025-01-13T22:05:52.5032930Z ##[group]Disabling automatic garbage collection
2025-01-13T22:05:52.5034690Z [command]/opt/homebrew/bin/git config --local gc.auto 0
2025-01-13T22:05:52.5078230Z ##[endgroup]
2025-01-13T22:05:52.5078920Z ##[group]Setting up auth
2025-01-13T22:05:52.5082310Z [command]/opt/homebrew/bin/git config --local --name-only --get-regexp core\.sshCommand
2025-01-13T22:05:52.5122950Z [command]/opt/homebrew/bin/git submodule foreach --recursive sh -c "git config --local --name-only --get-regexp 'core\.sshCommand' && git config --local --unset-all 'core.sshCommand' || :"
2025-01-13T22:05:52.5895970Z [command]/opt/homebrew/bin/git config --local --name-only --get-regexp http\.https\:\/\/github\.com\/\.extraheader
2025-01-13T22:05:52.5980850Z [command]/opt/homebrew/bin/git submodule foreach --recursive sh -c "git config --local --name-only --get-regexp 'http\.https\:\/\/github\.com\/\.extraheader' && git config --local --unset-all 'http.https://github.com/.extraheader' || :"
2025-01-13T22:05:52.7100900Z [command]/opt/homebrew/bin/git config --local http.https://github.com/.extraheader AUTHORIZATION: basic ***
2025-01-13T22:05:52.7104850Z ##[endgroup]
2025-01-13T22:05:52.7105720Z ##[group]Fetching the repository
2025-01-13T22:05:52.7106890Z [command]/opt/homebrew/bin/git -c protocol.version=2 fetch --no-tags --prune --no-recurse-submodules --depth=1 origin +2a06fdfb60190bbd9b49ff572d78772607138660:refs/remotes/origin/master
2025-01-13T22:05:54.5924990Z From https://github.com/tardis-sn/tardis
2025-01-13T22:05:54.5931250Z  * [new ref]         2a06fdfb60190bbd9b49ff572d78772607138660 -> origin/master
2025-01-13T22:05:54.6031190Z ##[endgroup]
2025-01-13T22:05:54.6032170Z ##[group]Determining the checkout info
2025-01-13T22:05:54.6035210Z ##[endgroup]
2025-01-13T22:05:54.6037030Z [command]/opt/homebrew/bin/git sparse-checkout disable
2025-01-13T22:05:54.6113020Z [command]/opt/homebrew/bin/git config --local --unset-all extensions.worktreeConfig
2025-01-13T22:05:54.6202330Z ##[group]Checking out the ref
2025-01-13T22:05:54.6203540Z [command]/opt/homebrew/bin/git checkout --progress --force -B master refs/remotes/origin/master
2025-01-13T22:05:54.8554210Z Reset branch 'master'
2025-01-13T22:05:54.8557910Z branch 'master' set up to track 'origin/master'.
2025-01-13T22:05:54.8566930Z ##[endgroup]
2025-01-13T22:05:54.8633820Z [command]/opt/homebrew/bin/git log -1 --format=%H
2025-01-13T22:05:54.8714780Z 2a06fdfb60190bbd9b49ff572d78772607138660
2025-01-13T22:05:54.9054310Z Prepare all required actions
2025-01-13T22:05:54.9055550Z Getting action download info
2025-01-13T22:05:55.0701070Z Download action repository 'actions/cache@v4' (SHA:1bd1e32a3bdc45362d1e726936510720a7c30a57)
2025-01-13T22:05:55.1880310Z ##[group]Run ./.github/actions/setup_lfs
2025-01-13T22:05:55.1881020Z with:
2025-01-13T22:05:55.1881640Z   regression-data-repo: tardis-sn/tardis-regression-data
2025-01-13T22:05:55.1882500Z env:
2025-01-13T22:05:55.1882990Z   CACHE_NUMBER: 0
2025-01-13T22:05:55.1884600Z   PYTEST_FLAGS: --tardis-regression-data=/Users/runner/work/tardis/tardis/tardis-regression-data --cov=tardis --cov-report=xml --cov-report=html --cov-append
2025-01-13T22:05:55.1886780Z   CODECOV_TOKEN: ***
2025-01-13T22:05:55.1887460Z ##[endgroup]
2025-01-13T22:05:55.2091790Z ##[group]Run actions/checkout@v4
2025-01-13T22:05:55.2092390Z with:
2025-01-13T22:05:55.2092920Z   repository: tardis-sn/tardis-regression-data
2025-01-13T22:05:55.2093630Z   path: tardis-regression-data
2025-01-13T22:05:55.2094430Z   token: ***
2025-01-13T22:05:55.2094920Z   ssh-strict: true
2025-01-13T22:05:55.2095400Z   ssh-user: git
2025-01-13T22:05:55.2095890Z   persist-credentials: true
2025-01-13T22:05:55.2096450Z   clean: true
2025-01-13T22:05:55.2096940Z   sparse-checkout-cone-mode: true
2025-01-13T22:05:55.2097570Z   fetch-depth: 1
2025-01-13T22:05:55.2098070Z   fetch-tags: false
2025-01-13T22:05:55.2098580Z   show-progress: true
2025-01-13T22:05:55.2099100Z   lfs: false
2025-01-13T22:05:55.2099640Z   submodules: false
2025-01-13T22:05:55.2100140Z   set-safe-directory: true
2025-01-13T22:05:55.2100670Z env:
2025-01-13T22:05:55.2101100Z   CACHE_NUMBER: 0
2025-01-13T22:05:55.2102490Z   PYTEST_FLAGS: --tardis-regression-data=/Users/runner/work/tardis/tardis/tardis-regression-data --cov=tardis --cov-report=xml --cov-report=html --cov-append
2025-01-13T22:05:55.2104140Z   CODECOV_TOKEN: ***
2025-01-13T22:05:55.2104640Z ##[endgroup]
2025-01-13T22:05:55.4843090Z Syncing repository: tardis-sn/tardis-regression-data
2025-01-13T22:05:55.4949230Z ##[group]Getting Git version info
2025-01-13T22:05:55.5051240Z Working directory is '/Users/runner/work/tardis/tardis/tardis-regression-data'
2025-01-13T22:05:55.5102410Z [command]/opt/homebrew/bin/git version
2025-01-13T22:05:55.5144760Z git version 2.47.1
2025-01-13T22:05:55.5178900Z ##[endgroup]
2025-01-13T22:05:55.5255280Z Copying '/Users/runner/.gitconfig' to '/Users/runner/work/_temp/5d2823b1-4a52-4344-85c6-4abda9e22701/.gitconfig'
2025-01-13T22:05:55.5270840Z Temporarily overriding HOME='/Users/runner/work/_temp/5d2823b1-4a52-4344-85c6-4abda9e22701' before making global git config changes
2025-01-13T22:05:55.5373750Z Adding repository directory to the temporary git global config as a safe directory
2025-01-13T22:05:55.5427300Z [command]/opt/homebrew/bin/git config --global --add safe.directory /Users/runner/work/tardis/tardis/tardis-regression-data
2025-01-13T22:05:55.5866100Z ##[group]Initializing the repository
2025-01-13T22:05:55.5988060Z [command]/opt/homebrew/bin/git init /Users/runner/work/tardis/tardis/tardis-regression-data
2025-01-13T22:05:55.6091130Z hint: Using 'master' as the name for the initial branch. This default branch name
2025-01-13T22:05:55.6193850Z hint: is subject to change. To configure the initial branch name to use in all
2025-01-13T22:05:55.6296150Z hint: of your new repositories, which will suppress this warning, call:
2025-01-13T22:05:55.6485860Z hint:
2025-01-13T22:05:55.6867370Z hint: 	git config --global init.defaultBranch <name>
2025-01-13T22:05:55.6969180Z hint:
2025-01-13T22:05:55.7072970Z hint: Names commonly chosen instead of 'master' are 'main', 'trunk' and
2025-01-13T22:05:55.7174660Z hint: 'development'. The just-created branch can be renamed via this command:
2025-01-13T22:05:55.7295210Z hint:
2025-01-13T22:05:55.7407030Z hint: 	git branch -m <name>
2025-01-13T22:05:55.7507970Z Initialized empty Git repository in /Users/runner/work/tardis/tardis/tardis-regression-data/.git/
2025-01-13T22:05:55.8108110Z [command]/opt/homebrew/bin/git remote add origin https://github.com/tardis-sn/tardis-regression-data
2025-01-13T22:05:55.8114070Z ##[endgroup]
2025-01-13T22:05:55.8114950Z ##[group]Disabling automatic garbage collection
2025-01-13T22:05:55.8116060Z [command]/opt/homebrew/bin/git config --local gc.auto 0
2025-01-13T22:05:55.8118330Z ##[endgroup]
2025-01-13T22:05:55.8120000Z ##[group]Setting up auth
2025-01-13T22:05:55.8120790Z [command]/opt/homebrew/bin/git config --local --name-only --get-regexp core\.sshCommand
2025-01-13T22:05:55.8123250Z [command]/opt/homebrew/bin/git submodule foreach --recursive sh -c "git config --local --name-only --get-regexp 'core\.sshCommand' && git config --local --unset-all 'core.sshCommand' || :"
2025-01-13T22:05:55.8125960Z [command]/opt/homebrew/bin/git config --local --name-only --get-regexp http\.https\:\/\/github\.com\/\.extraheader
2025-01-13T22:05:55.8129230Z [command]/opt/homebrew/bin/git submodule foreach --recursive sh -c "git config --local --name-only --get-regexp 'http\.https\:\/\/github\.com\/\.extraheader' && git config --local --unset-all 'http.https://github.com/.extraheader' || :"
2025-01-13T22:05:55.8131790Z [command]/opt/homebrew/bin/git config --local http.https://github.com/.extraheader AUTHORIZATION: basic ***
2025-01-13T22:05:55.8417440Z ##[endgroup]
2025-01-13T22:05:55.8519310Z ##[group]Determining the default branch
2025-01-13T22:05:55.8621090Z Retrieving the default branch name
2025-01-13T22:05:56.2107090Z Default branch 'main'
2025-01-13T22:05:56.2208610Z ##[endgroup]
2025-01-13T22:05:56.2330060Z ##[group]Fetching the repository
2025-01-13T22:05:56.2572450Z [command]/opt/homebrew/bin/git -c protocol.version=2 fetch --no-tags --prune --no-recurse-submodules --depth=1 origin +refs/heads/main:refs/remotes/origin/main
2025-01-13T22:05:57.5161930Z From https://github.com/tardis-sn/tardis-regression-data
2025-01-13T22:05:57.5264610Z  * [new branch]      main       -> origin/main
2025-01-13T22:05:57.5569160Z ##[endgroup]
2025-01-13T22:05:57.5675760Z ##[group]Determining the checkout info
2025-01-13T22:05:57.5778320Z ##[endgroup]
2025-01-13T22:05:57.5879300Z [command]/opt/homebrew/bin/git sparse-checkout disable
2025-01-13T22:05:57.6190130Z [command]/opt/homebrew/bin/git config --local --unset-all extensions.worktreeConfig
2025-01-13T22:05:57.6503240Z ##[group]Checking out the ref
2025-01-13T22:05:57.6647580Z [command]/opt/homebrew/bin/git checkout --progress --force -B main refs/remotes/origin/main
2025-01-13T22:05:58.6479860Z Switched to a new branch 'main'
2025-01-13T22:05:58.6581070Z branch 'main' set up to track 'origin/main'.
2025-01-13T22:05:58.9245560Z ##[endgroup]
2025-01-13T22:05:58.9285810Z [command]/opt/homebrew/bin/git log -1 --format=%H
2025-01-13T22:05:58.9367780Z fa7729bc9c30e14b69acd641af8b692b56fcd416
2025-01-13T22:05:58.9797550Z ##[group]Run git lfs ls-files -l | cut -d' ' -f1 | sort > .lfs-assets-id
2025-01-13T22:05:58.9798030Z [36;1mgit lfs ls-files -l | cut -d' ' -f1 | sort > .lfs-assets-id[0m
2025-01-13T22:05:58.9988310Z shell: /bin/bash --noprofile --norc -e -o pipefail {0}
2025-01-13T22:05:58.9988720Z env:
2025-01-13T22:05:58.9988880Z   CACHE_NUMBER: 0
2025-01-13T22:05:58.9989420Z   PYTEST_FLAGS: --tardis-regression-data=/Users/runner/work/tardis/tardis/tardis-regression-data --cov=tardis --cov-report=xml --cov-report=html --cov-append
2025-01-13T22:05:58.9990200Z   CODECOV_TOKEN: ***
2025-01-13T22:05:58.9990380Z ##[endgroup]
2025-01-13T22:05:59.5149890Z ##[group]Run actions/cache/restore@v4
2025-01-13T22:05:59.5150150Z with:
2025-01-13T22:05:59.5150360Z   path: tardis-regression-data/.git/lfs
2025-01-13T22:05:59.5150760Z   key: macOS-lfs-21f9fa4b6817cc69b9fae3598144724da7828e276a73bd17f47a2a49d9af090a-v1
2025-01-13T22:05:59.5151140Z   enableCrossOsArchive: false
2025-01-13T22:05:59.5151390Z   fail-on-cache-miss: false
2025-01-13T22:05:59.5151590Z   lookup-only: false
2025-01-13T22:05:59.5151740Z env:
2025-01-13T22:05:59.5151860Z   CACHE_NUMBER: 0
2025-01-13T22:05:59.5152790Z   PYTEST_FLAGS: --tardis-regression-data=/Users/runner/work/tardis/tardis/tardis-regression-data --cov=tardis --cov-report=xml --cov-report=html --cov-append
2025-01-13T22:05:59.5153600Z   CODECOV_TOKEN: ***
2025-01-13T22:05:59.5153760Z ##[endgroup]
2025-01-13T22:06:01.0373750Z Received 16777216 of 1706796060 (1.0%), 15.9 MBs/sec
2025-01-13T22:06:02.0316910Z Received 79691776 of 1706796060 (4.7%), 37.7 MBs/sec
2025-01-13T22:06:03.0329280Z Received 125829120 of 1706796060 (7.4%), 39.7 MBs/sec
2025-01-13T22:06:04.0332330Z Received 184549376 of 1706796060 (10.8%), 43.8 MBs/sec
2025-01-13T22:06:05.0339000Z Received 234881024 of 1706796060 (13.8%), 44.6 MBs/sec
2025-01-13T22:06:06.0371650Z Received 301989888 of 1706796060 (17.7%), 47.8 MBs/sec
2025-01-13T22:06:07.0402270Z Received 364904448 of 1706796060 (21.4%), 49.5 MBs/sec
2025-01-13T22:06:08.0400900Z Received 411041792 of 1706796060 (24.1%), 48.8 MBs/sec
2025-01-13T22:06:09.0397060Z Received 469762048 of 1706796060 (27.5%), 49.6 MBs/sec
2025-01-13T22:06:10.0405100Z Received 528482304 of 1706796060 (31.0%), 50.3 MBs/sec
2025-01-13T22:06:11.0500090Z Received 583008256 of 1706796060 (34.2%), 50.4 MBs/sec
2025-01-13T22:06:12.0431360Z Received 641728512 of 1706796060 (37.6%), 50.9 MBs/sec
2025-01-13T22:06:13.0426480Z Received 713031680 of 1706796060 (41.8%), 52.2 MBs/sec
2025-01-13T22:06:14.0429690Z Received 771751936 of 1706796060 (45.2%), 52.5 MBs/sec
2025-01-13T22:06:15.0481730Z Received 826277888 of 1706796060 (48.4%), 52.4 MBs/sec
2025-01-13T22:06:16.0455830Z Received 889192448 of 1706796060 (52.1%), 52.9 MBs/sec
2025-01-13T22:06:17.0457000Z Received 943718400 of 1706796060 (55.3%), 52.8 MBs/sec
2025-01-13T22:06:18.0457040Z Received 998244352 of 1706796060 (58.5%), 52.8 MBs/sec
2025-01-13T22:06:19.0479070Z Received 1052770304 of 1706796060 (61.7%), 52.7 MBs/sec
2025-01-13T22:06:20.0486240Z Received 1124073472 of 1706796060 (65.9%), 53.5 MBs/sec
2025-01-13T22:06:21.0500580Z Received 1178599424 of 1706796060 (69.1%), 53.4 MBs/sec
2025-01-13T22:06:22.0502570Z Received 1237319680 of 1706796060 (72.5%), 53.5 MBs/sec
2025-01-13T22:06:23.0513150Z Received 1287651328 of 1706796060 (75.4%), 53.3 MBs/sec
2025-01-13T22:06:24.0534600Z Received 1358954496 of 1706796060 (79.6%), 53.9 MBs/sec
2025-01-13T22:06:25.0548870Z Received 1430257664 of 1706796060 (83.8%), 54.5 MBs/sec
2025-01-13T22:06:26.0556040Z Received 1484783616 of 1706796060 (87.0%), 54.4 MBs/sec
2025-01-13T22:06:27.0555710Z Received 1543503872 of 1706796060 (90.4%), 54.4 MBs/sec
2025-01-13T22:06:28.0555440Z Received 1614807040 of 1706796060 (94.6%), 54.9 MBs/sec
2025-01-13T22:06:29.0572990Z Received 1665138688 of 1706796060 (97.6%), 54.7 MBs/sec
2025-01-13T22:06:30.0592380Z Received 1706796060 of 1706796060 (100.0%), 54.2 MBs/sec
2025-01-13T22:06:30.2579800Z Cache Size: ~1628 MB (1706796060 B)
2025-01-13T22:06:30.2711600Z [command]/opt/homebrew/bin/gtar -xf /Users/runner/work/_temp/7ac53987-2ab9-4af7-9f1f-6ca3faf29000/cache.tzst -P -C /Users/runner/work/tardis/tardis --delay-directory-restore --use-compress-program unzstd
2025-01-13T22:06:39.3748170Z Cache restored successfully
2025-01-13T22:06:39.4604570Z Cache restored from key: macOS-lfs-21f9fa4b6817cc69b9fae3598144724da7828e276a73bd17f47a2a49d9af090a-v1
2025-01-13T22:06:39.4844000Z ##[group]Run git lfs checkout
2025-01-13T22:06:39.4844500Z [36;1mgit lfs checkout[0m
2025-01-13T22:06:39.4920460Z shell: /bin/bash --noprofile --norc -e -o pipefail {0}
2025-01-13T22:06:39.4920750Z env:
2025-01-13T22:06:39.4921020Z   CACHE_NUMBER: 0
2025-01-13T22:06:39.4921680Z   PYTEST_FLAGS: --tardis-regression-data=/Users/runner/work/tardis/tardis/tardis-regression-data --cov=tardis --cov-report=xml --cov-report=html --cov-append
2025-01-13T22:06:39.4922740Z   CODECOV_TOKEN: ***
2025-01-13T22:06:39.4923020Z ##[endgroup]
2025-01-13T22:06:48.8472520Z Checking out LFS objects: 100% (204/204), 3.5 GB | 319 MB/s, done.
2025-01-13T22:06:58.2218660Z Prepare all required actions
2025-01-13T22:06:58.2219740Z Getting action download info
2025-01-13T22:06:58.3424380Z Download action repository 'mamba-org/setup-micromamba@v1' (SHA:4b9113af4fba0e9e1124b252dd6497a419e7396d)
2025-01-13T22:06:59.5099900Z ##[group]Run ./.github/actions/setup_env
2025-01-13T22:06:59.5100320Z with:
2025-01-13T22:06:59.5100510Z   os-label: osx-arm64
2025-01-13T22:06:59.5100730Z env:
2025-01-13T22:06:59.5101530Z   CACHE_NUMBER: 0
2025-01-13T22:06:59.5102070Z   PYTEST_FLAGS: --tardis-regression-data=/Users/runner/work/tardis/tardis/tardis-regression-data --cov=tardis --cov-report=xml --cov-report=html --cov-append
2025-01-13T22:06:59.5103190Z   CODECOV_TOKEN: ***
2025-01-13T22:06:59.5103460Z ##[endgroup]
2025-01-13T22:06:59.5146020Z ##[group]Run file_hash=$(cat conda-osx-arm64.lock | shasum -a 256 | cut -d' ' -f1)
2025-01-13T22:06:59.5146460Z [36;1mfile_hash=$(cat conda-osx-arm64.lock | shasum -a 256 | cut -d' ' -f1)[0m
2025-01-13T22:06:59.5146890Z [36;1mecho "file_hash=$file_hash" >> "${GITHUB_OUTPUT}"[0m
2025-01-13T22:06:59.5214670Z shell: /bin/bash --noprofile --norc -e -o pipefail {0}
2025-01-13T22:06:59.5215000Z env:
2025-01-13T22:06:59.5215170Z   CACHE_NUMBER: 0
2025-01-13T22:06:59.5215700Z   PYTEST_FLAGS: --tardis-regression-data=/Users/runner/work/tardis/tardis/tardis-regression-data --cov=tardis --cov-report=xml --cov-report=html --cov-append
2025-01-13T22:06:59.5216560Z   CODECOV_TOKEN: ***
2025-01-13T22:06:59.5216780Z ##[endgroup]
2025-01-13T22:06:59.6448770Z ##[group]Run mamba-org/setup-micromamba@v1
2025-01-13T22:06:59.6449040Z with:
2025-01-13T22:06:59.6449210Z   environment-file: conda-osx-arm64.lock
2025-01-13T22:06:59.6449590Z   cache-environment-key: bf0d0a4d4c847cca72476c6c68c493d56c484aada7e80de0e42c7607fcef5824
2025-01-13T22:06:59.6450100Z   cache-downloads-key: bf0d0a4d4c847cca72476c6c68c493d56c484aada7e80de0e42c7607fcef5824
2025-01-13T22:06:59.6450450Z   environment-name: tardis
2025-01-13T22:06:59.6450670Z   cache-environment: true
2025-01-13T22:06:59.6450920Z   cache-downloads: true
2025-01-13T22:06:59.6451080Z env:
2025-01-13T22:06:59.6451260Z   CACHE_NUMBER: 0
2025-01-13T22:06:59.6451750Z   PYTEST_FLAGS: --tardis-regression-data=/Users/runner/work/tardis/tardis/tardis-regression-data --cov=tardis --cov-report=xml --cov-report=html --cov-append
2025-01-13T22:06:59.6452580Z   CODECOV_TOKEN: ***
2025-01-13T22:06:59.6452770Z ##[endgroup]
2025-01-13T22:06:59.9931500Z Will download micromamba to /Users/runner/micromamba-bin/micromamba
2025-01-13T22:06:59.9945400Z ##[group]Install micromamba
2025-01-13T22:07:00.8910160Z micromamba installed to /Users/runner/micromamba-bin/micromamba
2025-01-13T22:07:00.8912780Z ##[endgroup]
2025-01-13T22:07:00.8913100Z Adding conda-forge to condarc channels ...
2025-01-13T22:07:00.8924120Z ##[group]Initialize micromamba for bash.
2025-01-13T22:07:00.8945750Z [command]/Users/runner/micromamba-bin/micromamba shell init -s bash -r /Users/runner/micromamba --log-level warning --rc-file /Users/runner/work/_temp/setup-micromamba/.condarc
2025-01-13T22:07:00.9371300Z Modifying RC file "/Users/runner/.bash_profile"
2025-01-13T22:07:00.9373470Z Generating config for root prefix [1m"/Users/runner/micromamba"[0m
2025-01-13T22:07:00.9373970Z Setting mamba executable to: [1m"/Users/runner/micromamba-bin/micromamba"[0m
2025-01-13T22:07:00.9374380Z Adding (or replacing) the following in your "/Users/runner/.bash_profile" file
2025-01-13T22:07:00.9374610Z 
2025-01-13T22:07:00.9374720Z # >>> mamba initialize >>>
2025-01-13T22:07:00.9374970Z # !! Contents within this block are managed by 'mamba init' !!
2025-01-13T22:07:00.9375300Z export MAMBA_EXE='/Users/runner/micromamba-bin/micromamba';
2025-01-13T22:07:00.9375640Z export MAMBA_ROOT_PREFIX='/Users/runner/micromamba';
2025-01-13T22:07:00.9376080Z __mamba_setup="$("$MAMBA_EXE" shell hook --shell bash --root-prefix "$MAMBA_ROOT_PREFIX" 2> /dev/null)"
2025-01-13T22:07:00.9376520Z if [ $? -eq 0 ]; then
2025-01-13T22:07:00.9376700Z     eval "$__mamba_setup"
2025-01-13T22:07:00.9377620Z else
2025-01-13T22:07:00.9377870Z     alias micromamba="$MAMBA_EXE"  # Fallback on help from mamba activate
2025-01-13T22:07:00.9378190Z fi
2025-01-13T22:07:00.9378330Z unset __mamba_setup
2025-01-13T22:07:00.9378490Z # <<< mamba initialize <<<
2025-01-13T22:07:00.9378610Z 
2025-01-13T22:07:00.9384030Z ##[endgroup]
2025-01-13T22:07:00.9385560Z ##[group]Restoring downloads from `/Users/runner/micromamba/pkgs` ...
2025-01-13T22:07:02.3525220Z Received 29360128 of 310595873 (9.5%), 27.8 MBs/sec
2025-01-13T22:07:03.3520440Z Received 83886080 of 310595873 (27.0%), 39.8 MBs/sec
2025-01-13T22:07:04.3541930Z Received 142606336 of 310595873 (45.9%), 45.2 MBs/sec
2025-01-13T22:07:05.3537250Z Received 201326592 of 310595873 (64.8%), 47.9 MBs/sec
2025-01-13T22:07:06.3545350Z Received 260046848 of 310595873 (83.7%), 49.5 MBs/sec
2025-01-13T22:07:07.0432620Z Cache Size: ~296 MB (310595873 B)
2025-01-13T22:07:07.0471850Z [command]/opt/homebrew/bin/gtar -xf /Users/runner/work/_temp/00976d1d-da1d-426c-b194-8ae6ba82e309/cache.tzst -P -C /Users/runner/work/tardis/tardis --delay-directory-restore --use-compress-program unzstd
2025-01-13T22:07:07.3578380Z Received 310595873 of 310595873 (100.0%), 49.2 MBs/sec
2025-01-13T22:07:07.9096480Z Cache restored successfully
2025-01-13T22:07:07.9126490Z Restored cache with key `bf0d0a4d4c847cca72476c6c68c493d56c484aada7e80de0e42c7607fcef5824-osx-arm64`
2025-01-13T22:07:07.9128360Z ##[endgroup]
2025-01-13T22:07:07.9237000Z ##[group]Restoring environment `tardis` from `/Users/runner/micromamba/envs/tardis` ...
2025-01-13T22:07:09.7408670Z Received 29360128 of 385775710 (7.6%), 28.0 MBs/sec
2025-01-13T22:07:10.7415630Z Received 96468992 of 385775710 (25.0%), 46.0 MBs/sec
2025-01-13T22:07:11.7415330Z Received 155189248 of 385775710 (40.2%), 49.3 MBs/sec
2025-01-13T22:07:12.7434480Z Received 222298112 of 385775710 (57.6%), 53.0 MBs/sec
2025-01-13T22:07:13.7419940Z Received 285212672 of 385775710 (73.9%), 54.4 MBs/sec
2025-01-13T22:07:14.7419110Z Received 356515840 of 385775710 (92.4%), 56.7 MBs/sec
2025-01-13T22:07:15.2661520Z Cache Size: ~368 MB (385775710 B)
2025-01-13T22:07:15.2732160Z [command]/opt/homebrew/bin/gtar -xf /Users/runner/work/_temp/3ae349a0-390b-487d-9670-8f1fcccc8a20/cache.tzst -P -C /Users/runner/work/tardis/tardis --delay-directory-restore --use-compress-program unzstd
2025-01-13T22:07:15.7453770Z Received 385775710 of 385775710 (100.0%), 52.5 MBs/sec
2025-01-13T22:07:31.2349170Z Cache restored successfully
2025-01-13T22:07:31.2401200Z Restored cache with key `bf0d0a4d4c847cca72476c6c68c493d56c484aada7e80de0e42c7607fcef5824-osx-arm64-tardis-args-4f53cda-root-873f6fe-bin-[object Promise]-file-bf0d0a4d4c847cca72476c6c68c493d56c484aada7e80de0e42c7607fcef5824`
2025-01-13T22:07:31.2408100Z ##[endgroup]
2025-01-13T22:07:31.2410740Z Adding environment tardis to auto-activate bash ...
2025-01-13T22:07:31.2419520Z Generating micromamba run shell.
2025-01-13T22:07:31.2432790Z ##[endgroup]
2025-01-13T22:07:31.2502920Z Set environment variables.
2025-01-13T22:07:31.2504160Z ##[group]micromamba info
2025-01-13T22:07:31.2505870Z [command]/Users/runner/micromamba-bin/micromamba info -r /Users/runner/micromamba -n tardis
2025-01-13T22:07:31.7969100Z 
2025-01-13T22:07:31.7971980Z        libmamba version : 1.5.10
2025-01-13T22:07:31.7972390Z      micromamba version : 1.5.10
2025-01-13T22:07:31.7974200Z            curl version : libcurl/8.10.1 (OpenSSL/3.3.2) SecureTransport zlib/1.3.1 zstd/1.5.6 libssh2/1.11.0 nghttp2/1.58.0
2025-01-13T22:07:31.7975940Z      libarchive version : libarchive 3.7.4 zlib/1.2.13 bz2lib/1.0.8 libzstd/1.5.6
2025-01-13T22:07:31.7977080Z        envs directories : /Users/runner/micromamba/envs
2025-01-13T22:07:31.7978320Z           package cache : /Users/runner/micromamba/pkgs
2025-01-13T22:07:31.7979590Z                           /Users/runner/.mamba/pkgs
2025-01-13T22:07:31.7981220Z             environment : tardis
2025-01-13T22:07:31.7982100Z            env location : /Users/runner/micromamba/envs/tardis
2025-01-13T22:07:31.7993600Z       user config files : /Users/runner/.mambarc
2025-01-13T22:07:31.7994350Z  populated config files : /Users/runner/work/_temp/setup-micromamba/.condarc
2025-01-13T22:07:31.7994720Z        virtual packages : __unix=0=0
2025-01-13T22:07:31.7994990Z                           __osx=14.7.2=0
2025-01-13T22:07:31.7995330Z                           __archspec=1=arm64
2025-01-13T22:07:31.7995840Z                channels : https://conda.anaconda.org/conda-forge/osx-arm64
2025-01-13T22:07:31.8037860Z                           https://conda.anaconda.org/conda-forge/noarch
2025-01-13T22:07:31.8038580Z        base environment : /Users/runner/micromamba
2025-01-13T22:07:31.8039250Z                platform : osx-arm64
2025-01-13T22:07:31.8040320Z ##[endgroup]
2025-01-13T22:07:31.8041090Z ##[group]micromamba list
2025-01-13T22:07:31.8042290Z [command]/Users/runner/micromamba-bin/micromamba list -r /Users/runner/micromamba -n tardis
2025-01-13T22:07:32.2536400Z List of packages in environment: "/Users/runner/micromamba/envs/tardis"
2025-01-13T22:07:32.2537180Z 
2025-01-13T22:07:32.2538080Z   Name                           Version              Build                    Channel    
2025-01-13T22:07:32.2540150Z ────────────────────────────────────────────────────────────────────────────────────────────
2025-01-13T22:07:32.2540720Z   alabaster                      0.7.16               pyhd8ed1ab_0             conda-forge
2025-01-13T22:07:32.2541220Z   anyio                          4.4.0                pyhd8ed1ab_0             conda-forge
2025-01-13T22:07:32.2541670Z   appnope                        0.1.4                pyhd8ed1ab_0             conda-forge
2025-01-13T22:07:32.2542200Z   argon2-cffi                    23.1.0               pyhd8ed1ab_0             conda-forge
2025-01-13T22:07:32.2542660Z   argon2-cffi-bindings           21.2.0               py312h02f2b3b_4          conda-forge
2025-01-13T22:07:32.2543060Z   arrow                          1.3.0                pyhd8ed1ab_0             conda-forge
2025-01-13T22:07:32.2543370Z   astropy                        6.1.1                py312hbebd99a_0          conda-forge
2025-01-13T22:07:32.2543710Z   astropy-iers-data              0.2024.6.17.0.31.35  pyhd8ed1ab_0             conda-forge
2025-01-13T22:07:32.2544080Z   astropy-sphinx-theme           1.1                  pyhd8ed1ab_0             conda-forge
2025-01-13T22:07:32.2544500Z   asttokens                      2.4.1                pyhd8ed1ab_0             conda-forge
2025-01-13T22:07:32.2544930Z   async-lru                      2.0.4                pyhd8ed1ab_0             conda-forge
2025-01-13T22:07:32.2545240Z   atk-1.0                        2.38.0               hd03087b_2               conda-forge
2025-01-13T22:07:32.2545780Z   attrs                          23.2.0               pyh71513ae_0             conda-forge
2025-01-13T22:07:32.2546240Z   babel                          2.14.0               pyhd8ed1ab_0             conda-forge
2025-01-13T22:07:32.2546640Z   beautifulsoup4                 4.12.3               pyha770c72_0             conda-forge
2025-01-13T22:07:32.2547160Z   bleach                         6.1.0                pyhd8ed1ab_0             conda-forge
2025-01-13T22:07:32.2547650Z   blosc                          1.21.5               h9c252e8_1               conda-forge
2025-01-13T22:07:32.2548060Z   brotli                         1.1.0                hb547adb_1               conda-forge
2025-01-13T22:07:32.2548580Z   brotli-bin                     1.1.0                hb547adb_1               conda-forge
2025-01-13T22:07:32.2549200Z   brotli-python                  1.1.0                py312h9f69965_1          conda-forge
2025-01-13T22:07:32.2549710Z   bzip2                          1.0.8                h93a5062_5               conda-forge
2025-01-13T22:07:32.2550120Z   c-ares                         1.28.1               h93a5062_0               conda-forge
2025-01-13T22:07:32.2550600Z   c-blosc2                       2.14.4               ha57e6be_1               conda-forge
2025-01-13T22:07:32.2551630Z   ca-certificates                2024.6.2             hf0a4a13_0               conda-forge
2025-01-13T22:07:32.2554420Z   cached-property                1.5.2                hd8ed1ab_1               conda-forge
2025-01-13T22:07:32.2555460Z   cached_property                1.5.2                pyha770c72_1             conda-forge
2025-01-13T22:07:32.2556270Z   cairo                          1.18.0               hd1e100b_0               conda-forge
2025-01-13T22:07:32.2557280Z   certifi                        2024.6.2             pyhd8ed1ab_0             conda-forge
2025-01-13T22:07:32.2558770Z   cffi                           1.16.0               py312h8e38eb3_0          conda-forge
2025-01-13T22:07:32.2559740Z   charset-normalizer             3.3.2                pyhd8ed1ab_0             conda-forge
2025-01-13T22:07:32.2560850Z   click                          8.1.7                unix_pyh707e725_0        conda-forge
2025-01-13T22:07:32.2561630Z   codespell                      2.3.0                pyhd8ed1ab_0             conda-forge
2025-01-13T22:07:32.2562770Z   colorama                       0.4.6                pyhd8ed1ab_0             conda-forge
2025-01-13T22:07:32.2564230Z   comm                           0.2.2                pyhd8ed1ab_0             conda-forge
2025-01-13T22:07:32.2565510Z   commonmark                     0.9.1                py_0                     conda-forge
2025-01-13T22:07:32.2566570Z   contourpy                      1.2.1                py312h0fef576_0          conda-forge
2025-01-13T22:07:32.2567500Z   coverage                       7.5.3                py312h7e5086c_0          conda-forge
2025-01-13T22:07:32.2568530Z   cycler                         0.12.1               pyhd8ed1ab_0             conda-forge
2025-01-13T22:07:32.2569610Z   dataclasses                    0.8                  pyhc8e2a94_3             conda-forge
2025-01-13T22:07:32.2570650Z   debugpy                        1.8.1                py312h20a0b95_0          conda-forge
2025-01-13T22:07:32.2571570Z   decorator                      5.1.1                pyhd8ed1ab_0             conda-forge
2025-01-13T22:07:32.2572570Z   defusedxml                     0.7.1                pyhd8ed1ab_0             conda-forge
2025-01-13T22:07:32.2573760Z   docutils                       0.20.1               py312h81bd7bf_3          conda-forge
2025-01-13T22:07:32.2574780Z   dot2tex                        2.11.3               pyhd8ed1ab_0             conda-forge
2025-01-13T22:07:32.2575890Z   entrypoints                    0.4                  pyhd8ed1ab_0             conda-forge
2025-01-13T22:07:32.2577150Z   exceptiongroup                 1.2.0                pyhd8ed1ab_2             conda-forge
2025-01-13T22:07:32.2578310Z   executing                      2.0.1                pyhd8ed1ab_0             conda-forge
2025-01-13T22:07:32.2579620Z   expat                          2.6.2                hebf3989_0               conda-forge
2025-01-13T22:07:32.2580810Z   font-ttf-dejavu-sans-mono      2.37                 hab24e00_0               conda-forge
2025-01-13T22:07:32.2582170Z   font-ttf-inconsolata           3.000                h77eed37_0               conda-forge
2025-01-13T22:07:32.2583340Z   font-ttf-source-code-pro       2.038                h77eed37_0               conda-forge
2025-01-13T22:07:32.2584470Z   font-ttf-ubuntu                0.83                 h77eed37_2               conda-forge
2025-01-13T22:07:32.2585730Z   fontconfig                     2.14.2               h82840c6_0               conda-forge
2025-01-13T22:07:32.2586720Z   fonts-conda-ecosystem          1                    0                        conda-forge
2025-01-13T22:07:32.2588170Z   fonts-conda-forge              1                    0                        conda-forge
2025-01-13T22:07:32.2589210Z   fonttools                      4.53.0               py312h7e5086c_0          conda-forge
2025-01-13T22:07:32.2590270Z   fqdn                           1.5.1                pyhd8ed1ab_0             conda-forge
2025-01-13T22:07:32.2592080Z   freetype                       2.12.1               hadb7bae_2               conda-forge
2025-01-13T22:07:32.2602480Z   fribidi                        1.0.10               h27ca646_0               conda-forge
2025-01-13T22:07:32.2605780Z   future                         1.0.0                pyhd8ed1ab_0             conda-forge
2025-01-13T22:07:32.2606840Z   gdk-pixbuf                     2.42.12              h7ddc832_0               conda-forge
2025-01-13T22:07:32.2607810Z   gettext                        0.22.5               h8fbad5d_2               conda-forge
2025-01-13T22:07:32.2610180Z   gettext-tools                  0.22.5               h8fbad5d_2               conda-forge
2025-01-13T22:07:32.2612000Z   giflib                         5.2.2                h93a5062_0               conda-forge
2025-01-13T22:07:32.2612930Z   git-lfs                        3.5.1                hce30654_0               conda-forge
2025-01-13T22:07:32.2613670Z   gmp                            6.3.0                hebf3989_1               conda-forge
2025-01-13T22:07:32.2614450Z   gmpy2                          2.1.5                py312hfa9fade_1          conda-forge
2025-01-13T22:07:32.2615260Z   graphite2                      1.3.13               hebf3989_1003            conda-forge
2025-01-13T22:07:32.2616090Z   graphviz                       11.0.0               h9bb9bc9_0               conda-forge
2025-01-13T22:07:32.2616900Z   gtk2                           2.24.33              h7895bb2_4               conda-forge
2025-01-13T22:07:32.2617670Z   gts                            0.7.6                he42f4ea_4               conda-forge
2025-01-13T22:07:32.2618440Z   h11                            0.14.0               pyhd8ed1ab_0             conda-forge
2025-01-13T22:07:32.2619350Z   h2                             4.1.0                pyhd8ed1ab_0             conda-forge
2025-01-13T22:07:32.2620100Z   h5py                           3.11.0               nompi_py312h903599c_102  conda-forge
2025-01-13T22:07:32.2621010Z   harfbuzz                       8.5.0                h1836168_0               conda-forge
2025-01-13T22:07:32.2622070Z   hdf5                           1.14.3               nompi_hec07895_105       conda-forge
2025-01-13T22:07:32.2623010Z   hpack                          4.0.0                pyh9f0ad1d_0             conda-forge
2025-01-13T22:07:32.2624720Z   httpcore                       1.0.5                pyhd8ed1ab_0             conda-forge
2025-01-13T22:07:32.2627260Z   httpx                          0.27.0               pyhd8ed1ab_0             conda-forge
2025-01-13T22:07:32.2627700Z   hyperframe                     6.0.1                pyhd8ed1ab_0             conda-forge
2025-01-13T22:07:32.2628010Z   icu                            73.2                 hc8870d7_0               conda-forge
2025-01-13T22:07:32.2628320Z   idna                           3.7                  pyhd8ed1ab_0             conda-forge
2025-01-13T22:07:32.2628630Z   imagesize                      1.4.1                pyhd8ed1ab_0             conda-forge
2025-01-13T22:07:32.2629090Z   importlib-metadata             7.1.0                pyha770c72_0             conda-forge
2025-01-13T22:07:32.2629500Z   importlib_metadata             7.1.0                hd8ed1ab_0               conda-forge
2025-01-13T22:07:32.2629850Z   importlib_resources            6.4.0                pyhd8ed1ab_0             conda-forge
2025-01-13T22:07:32.2630180Z   iniconfig                      2.0.0                pyhd8ed1ab_0             conda-forge
2025-01-13T22:07:32.2630550Z   ipykernel                      6.29.4               pyh57ce528_0             conda-forge
2025-01-13T22:07:32.2630990Z   ipython                        8.25.0               pyh707e725_0             conda-forge
2025-01-13T22:07:32.2631430Z   ipython_genutils               0.2.0                pyhd8ed1ab_1             conda-forge
2025-01-13T22:07:32.2631860Z   ipywidgets                     7.8.0                pyhd8ed1ab_0             conda-forge
2025-01-13T22:07:32.2633040Z   isoduration                    20.11.0              pyhd8ed1ab_0             conda-forge
2025-01-13T22:07:32.2633380Z   jedi                           0.19.1               pyhd8ed1ab_0             conda-forge
2025-01-13T22:07:32.2633710Z   jinja2                         3.1.4                pyhd8ed1ab_0             conda-forge
2025-01-13T22:07:32.2634000Z   json5                          0.9.25               pyhd8ed1ab_0             conda-forge
2025-01-13T22:07:32.2634390Z   jsonpointer                    3.0.0                py312h81bd7bf_0          conda-forge
2025-01-13T22:07:32.2635020Z   jsonschema                     4.22.0               pyhd8ed1ab_0             conda-forge
2025-01-13T22:07:32.2635480Z   jsonschema-specifications      2023.12.1            pyhd8ed1ab_0             conda-forge
2025-01-13T22:07:32.2635980Z   jsonschema-with-format-nongpl  4.22.0               pyhd8ed1ab_0             conda-forge
2025-01-13T22:07:32.2636470Z   jupyter-lsp                    2.2.5                pyhd8ed1ab_0             conda-forge
2025-01-13T22:07:32.2636920Z   jupyter_client                 8.6.2                pyhd8ed1ab_0             conda-forge
2025-01-13T22:07:32.2637290Z   jupyter_core                   5.7.2                py312h81bd7bf_0          conda-forge
2025-01-13T22:07:32.2637710Z   jupyter_events                 0.10.0               pyhd8ed1ab_0             conda-forge
2025-01-13T22:07:32.2638120Z   jupyter_server                 2.14.1               pyhd8ed1ab_0             conda-forge
2025-01-13T22:07:32.2638610Z   jupyter_server_terminals       0.5.3                pyhd8ed1ab_0             conda-forge
2025-01-13T22:07:32.2639140Z   jupyterlab                     4.2.2                pyhd8ed1ab_0             conda-forge
2025-01-13T22:07:32.2639520Z   jupyterlab_pygments            0.3.0                pyhd8ed1ab_1             conda-forge
2025-01-13T22:07:32.2639970Z   jupyterlab_server              2.27.2               pyhd8ed1ab_0             conda-forge
2025-01-13T22:07:32.2640380Z   jupyterlab_widgets             1.1.7                pyhd8ed1ab_0             conda-forge
2025-01-13T22:07:32.2640830Z   kiwisolver                     1.4.5                py312h389731b_1          conda-forge
2025-01-13T22:07:32.2641200Z   krb5                           1.21.2               h92f50d5_0               conda-forge
2025-01-13T22:07:32.2641600Z   latexcodec                     2.0.1                pyh9f0ad1d_0             conda-forge
2025-01-13T22:07:32.2641950Z   lcms2                          2.16                 ha0e7c42_0               conda-forge
2025-01-13T22:07:32.2642360Z   lerc                           4.0.0                h9a09cb3_0               conda-forge
2025-01-13T22:07:32.2642770Z   libaec                         1.1.3                hebf3989_0               conda-forge
2025-01-13T22:07:32.2643110Z   libasprintf                    0.22.5               h8fbad5d_2               conda-forge
2025-01-13T22:07:32.2643550Z   libasprintf-devel              0.22.5               h8fbad5d_2               conda-forge
2025-01-13T22:07:32.2643930Z   libblas                        3.9.0                22_osxarm64_openblas     conda-forge
2025-01-13T22:07:32.2649390Z   libbrotlicommon                1.1.0                hb547adb_1               conda-forge
2025-01-13T22:07:32.2650610Z   libbrotlidec                   1.1.0                hb547adb_1               conda-forge
2025-01-13T22:07:32.2651870Z   libbrotlienc                   1.1.0                hb547adb_1               conda-forge
2025-01-13T22:07:32.2653280Z   libcblas                       3.9.0                22_osxarm64_openblas     conda-forge
2025-01-13T22:07:32.2654400Z   libcurl                        8.8.0                h7b6f9a7_0               conda-forge
2025-01-13T22:07:32.2655560Z   libcxx                         17.0.6               h5f092b4_0               conda-forge
2025-01-13T22:07:32.2656590Z   libdeflate                     1.20                 h93a5062_0               conda-forge
2025-01-13T22:07:32.2659470Z   libedit                        3.1.20191231         hc8eb9b7_2               conda-forge
2025-01-13T22:07:32.2660410Z   libev                          4.33                 h93a5062_2               conda-forge
2025-01-13T22:07:32.2661330Z   libexpat                       2.6.2                hebf3989_0               conda-forge
2025-01-13T22:07:32.2662330Z   libffi                         3.4.2                h3422bc3_5               conda-forge
2025-01-13T22:07:32.2663130Z   libgd                          2.3.3                hfdf3952_9               conda-forge
2025-01-13T22:07:32.2664650Z   libgettextpo                   0.22.5               h8fbad5d_2               conda-forge
2025-01-13T22:07:32.2665680Z   libgettextpo-devel             0.22.5               h8fbad5d_2               conda-forge
2025-01-13T22:07:32.2666620Z   libgfortran                    5.0.0                13_2_0_hd922786_3        conda-forge
2025-01-13T22:07:32.2667530Z   libgfortran5                   13.2.0               hf226fd6_3               conda-forge
2025-01-13T22:07:32.2668490Z   libglib                        2.80.2               h59d46d9_1               conda-forge
2025-01-13T22:07:32.2669380Z   libiconv                       1.17                 h0d3ecfb_2               conda-forge
2025-01-13T22:07:32.2670240Z   libintl                        0.22.5               h8fbad5d_2               conda-forge
2025-01-13T22:07:32.2671390Z   libintl-devel                  0.22.5               h8fbad5d_2               conda-forge
2025-01-13T22:07:32.2672320Z   libjpeg-turbo                  3.0.0                hb547adb_1               conda-forge
2025-01-13T22:07:32.2673310Z   liblapack                      3.9.0                22_osxarm64_openblas     conda-forge
2025-01-13T22:07:32.2674160Z   libllvm14                      14.0.6               hd1a9a77_4               conda-forge
2025-01-13T22:07:32.2675100Z   libnghttp2                     1.58.0               ha4dd798_1               conda-forge
2025-01-13T22:07:32.2676080Z   libopenblas                    0.3.27               openmp_h6c19121_0        conda-forge
2025-01-13T22:07:32.2677010Z   libpng                         1.6.43               h091b4b1_0               conda-forge
2025-01-13T22:07:32.2677900Z   librsvg                        2.58.1               hbc281fb_0               conda-forge
2025-01-13T22:07:32.2678870Z   libsodium                      1.0.18               h27ca646_1               conda-forge
2025-01-13T22:07:32.2679250Z   libsqlite                      3.46.0               hfb93653_0               conda-forge
2025-01-13T22:07:32.2679650Z   libssh2                        1.11.0               h7a5bd25_0               conda-forge
2025-01-13T22:07:32.2680100Z   libtiff                        4.6.0                h07db509_3               conda-forge
2025-01-13T22:07:32.2680550Z   libwebp                        1.4.0                h54798ee_0               conda-forge
2025-01-13T22:07:32.2680910Z   libwebp-base                   1.4.0                h93a5062_0               conda-forge
2025-01-13T22:07:32.2681290Z   libxcb                         1.16                 hf2054a2_0               conda-forge
2025-01-13T22:07:32.2681580Z   libxml2                        2.12.7               ha661575_1               conda-forge
2025-01-13T22:07:32.2681990Z   libxslt                        1.1.39               h223e5b9_0               conda-forge
2025-01-13T22:07:32.2682440Z   libzlib                        1.3.1                hfb2fe0b_1               conda-forge
2025-01-13T22:07:32.2682800Z   llvm-openmp                    18.1.7               hde57baf_0               conda-forge
2025-01-13T22:07:32.2683310Z   llvmlite                       0.42.0               py312h17030e7_1          conda-forge
2025-01-13T22:07:32.2683670Z   lxml                           5.2.2                py312h0e5ab22_0          conda-forge
2025-01-13T22:07:32.2683950Z   lz4-c                          1.9.4                hb7217d7_0               conda-forge
2025-01-13T22:07:32.2684300Z   markupsafe                     2.1.5                py312he37b823_0          conda-forge
2025-01-13T22:07:32.2685320Z   matplotlib-base                3.8.4                py312h4479663_2          conda-forge
2025-01-13T22:07:32.2686130Z   matplotlib-inline              0.1.7                pyhd8ed1ab_0             conda-forge
2025-01-13T22:07:32.2686490Z   mistune                        3.0.2                pyhd8ed1ab_0             conda-forge
2025-01-13T22:07:32.2686910Z   mpc                            1.3.1                h91ba8db_0               conda-forge
2025-01-13T22:07:32.2687570Z   mpfr                           4.2.1                h41d338b_1               conda-forge
2025-01-13T22:07:32.2687910Z   mpmath                         1.3.0                pyhd8ed1ab_0             conda-forge
2025-01-13T22:07:32.2688260Z   munkres                        1.1.4                pyh9f0ad1d_0             conda-forge
2025-01-13T22:07:32.2688610Z   mypy_extensions                1.0.0                pyha770c72_0             conda-forge
2025-01-13T22:07:32.2689020Z   nbclassic                      1.1.0                pyhd8ed1ab_0             conda-forge
2025-01-13T22:07:32.2689410Z   nbclient                       0.10.0               pyhd8ed1ab_0             conda-forge
2025-01-13T22:07:32.2689770Z   nbconvert                      7.16.4               hd8ed1ab_1               conda-forge
2025-01-13T22:07:32.2690170Z   nbconvert-core                 7.16.4               pyhd8ed1ab_1             conda-forge
2025-01-13T22:07:32.2690720Z   nbconvert-pandoc               7.16.4               hd8ed1ab_1               conda-forge
2025-01-13T22:07:32.2691180Z   nbformat                       5.10.4               pyhd8ed1ab_0             conda-forge
2025-01-13T22:07:32.2691550Z   nbsphinx                       0.9.4                pyhd8ed1ab_0             conda-forge
2025-01-13T22:07:32.2691950Z   ncurses                        6.5                  hb89a1cb_0               conda-forge
2025-01-13T22:07:32.2692310Z   nest-asyncio                   1.6.0                pyhd8ed1ab_0             conda-forge
2025-01-13T22:07:32.2692780Z   networkx                       3.3                  pyhd8ed1ab_1             conda-forge
2025-01-13T22:07:32.2693140Z   notebook                       7.2.1                pyhd8ed1ab_0             conda-forge
2025-01-13T22:07:32.2693510Z   notebook-shim                  0.2.4                pyhd8ed1ab_0             conda-forge
2025-01-13T22:07:32.2693880Z   numba                          0.59.1               py312hbaff935_0          conda-forge
2025-01-13T22:07:32.2694170Z   numexpr                        2.10.0               py312h8ae5369_0          conda-forge
2025-01-13T22:07:32.2694510Z   numpy                          1.26.4               py312h8442bc7_0          conda-forge
2025-01-13T22:07:32.2694850Z   numpydoc                       1.7.0                pyhd8ed1ab_1             conda-forge
2025-01-13T22:07:32.2695160Z   openjpeg                       2.5.2                h9f1df11_0               conda-forge
2025-01-13T22:07:32.2695460Z   openssl                        3.3.1                hfb2fe0b_0               conda-forge
2025-01-13T22:07:32.2695760Z   overrides                      7.7.0                pyhd8ed1ab_0             conda-forge
2025-01-13T22:07:32.2696070Z   packaging                      24.1                 pyhd8ed1ab_0             conda-forge
2025-01-13T22:07:32.2696360Z   pandas                         2.2.2                py312h8ae5369_1          conda-forge
2025-01-13T22:07:32.2696630Z   pandoc                         3.2                  hce30654_0               conda-forge
2025-01-13T22:07:32.2697000Z   pandocfilters                  1.5.0                pyhd8ed1ab_0             conda-forge
2025-01-13T22:07:32.2697290Z   pango                          1.54.0               h5cb9fbc_0               conda-forge
2025-01-13T22:07:32.2697570Z   parso                          0.8.4                pyhd8ed1ab_0             conda-forge
2025-01-13T22:07:32.2697850Z   pathspec                       0.12.1               pyhd8ed1ab_0             conda-forge
2025-01-13T22:07:32.2698450Z   pbr                            6.0.0                pyhd8ed1ab_0             conda-forge
2025-01-13T22:07:32.2698730Z   pcre2                          10.44                h297a79d_0               conda-forge
2025-01-13T22:07:32.2699030Z   pexpect                        4.9.0                pyhd8ed1ab_0             conda-forge
2025-01-13T22:07:32.2699570Z   pickleshare                    0.7.5                py_1003                  conda-forge
2025-01-13T22:07:32.2700600Z   pillow                         10.3.0               py312h39b1d8d_1          conda-forge
2025-01-13T22:07:32.2701040Z   pip                            24.0                 pyhd8ed1ab_0             conda-forge
2025-01-13T22:07:32.2710380Z   pixman                         0.43.4               hebf3989_0               conda-forge
2025-01-13T22:07:32.2710860Z   pkgutil-resolve-name           1.3.10               pyhd8ed1ab_1             conda-forge
2025-01-13T22:07:32.2711210Z   platformdirs                   4.2.2                pyhd8ed1ab_0             conda-forge
2025-01-13T22:07:32.2711520Z   plotly                         5.22.0               pyhd8ed1ab_0             conda-forge
2025-01-13T22:07:32.2711800Z   pluggy                         1.5.0                pyhd8ed1ab_0             conda-forge
2025-01-13T22:07:32.2712120Z   prometheus_client              0.20.0               pyhd8ed1ab_0             conda-forge
2025-01-13T22:07:32.2712460Z   prompt-toolkit                 3.0.47               pyha770c72_0             conda-forge
2025-01-13T22:07:32.2712770Z   psutil                         5.9.8                py312he37b823_0          conda-forge
2025-01-13T22:07:32.2713090Z   pthread-stubs                  0.4                  h27ca646_1001            conda-forge
2025-01-13T22:07:32.2713400Z   ptyprocess                     0.7.0                pyhd3deb0d_0             conda-forge
2025-01-13T22:07:32.2713700Z   pure_eval                      0.2.2                pyhd8ed1ab_0             conda-forge
2025-01-13T22:07:32.2714000Z   py-cpuinfo                     9.0.0                pyhd8ed1ab_0             conda-forge
2025-01-13T22:07:32.2714290Z   pybtex                         0.24.0               pyhd8ed1ab_2             conda-forge
2025-01-13T22:07:32.2714600Z   pybtex-docutils                1.0.3                py312h81bd7bf_1          conda-forge
2025-01-13T22:07:32.2714920Z   pycparser                      2.22                 pyhd8ed1ab_0             conda-forge
2025-01-13T22:07:32.2715220Z   pyerfa                         2.0.1.4              py312hbebd99a_1          conda-forge
2025-01-13T22:07:32.2715520Z   pygments                       2.18.0               pyhd8ed1ab_0             conda-forge
2025-01-13T22:07:32.2715820Z   pygraphviz                     1.13                 py312h5f4d302_1          conda-forge
2025-01-13T22:07:32.2716120Z   pyobjc-core                    10.3.1               py312hbb55c70_0          conda-forge
2025-01-13T22:07:32.2716470Z   pyobjc-framework-cocoa         10.3.1               py312hbb55c70_0          conda-forge
2025-01-13T22:07:32.2716810Z   pyparsing                      3.1.2                pyhd8ed1ab_0             conda-forge
2025-01-13T22:07:32.2717110Z   pysocks                        1.7.1                pyha2e5f31_6             conda-forge
2025-01-13T22:07:32.2717400Z   pytables                       3.9.2                py312hb622ae1_2          conda-forge
2025-01-13T22:07:32.2717680Z   pytest                         8.2.2                pyhd8ed1ab_0             conda-forge
2025-01-13T22:07:32.2717990Z   pytest-cov                     5.0.0                pyhd8ed1ab_0             conda-forge
2025-01-13T22:07:32.2718310Z   pytest-doctestplus             1.2.1                pyhd8ed1ab_0             conda-forge
2025-01-13T22:07:32.2718640Z   pytest-html                    4.1.1                pyhd8ed1ab_0             conda-forge
2025-01-13T22:07:32.2718950Z   pytest-metadata                3.1.1                pyhd8ed1ab_0             conda-forge
2025-01-13T22:07:32.2719860Z   python                         3.12.4               h30c5eda_0_cpython       conda-forge
2025-01-13T22:07:32.2720290Z   python-dateutil                2.9.0                pyhd8ed1ab_0             conda-forge
2025-01-13T22:07:32.2720640Z   python-fastjsonschema          2.20.0               pyhd8ed1ab_0             conda-forge
2025-01-13T22:07:32.2721000Z   python-json-logger             2.0.7                pyhd8ed1ab_0             conda-forge
2025-01-13T22:07:32.2721540Z   python-tzdata                  2024.1               pyhd8ed1ab_0             conda-forge
2025-01-13T22:07:32.2721850Z   python_abi                     3.12                 4_cp312                  conda-forge
2025-01-13T22:07:32.2722140Z   pytz                           2024.1               pyhd8ed1ab_0             conda-forge
2025-01-13T22:07:32.2722430Z   pyyaml                         6.0.1                py312h02f2b3b_1          conda-forge
2025-01-13T22:07:32.2722730Z   pyzmq                          26.0.3               py312hfa13136_0          conda-forge
2025-01-13T22:07:32.2723020Z   qgrid                          1.3.1                pyhd8ed1ab_4             conda-forge
2025-01-13T22:07:32.2723380Z   radioactivedecay               0.5.1                pyhd8ed1ab_0             conda-forge
2025-01-13T22:07:32.2723720Z   readline                       8.2                  h92ec313_1               conda-forge
2025-01-13T22:07:32.2724030Z   recommonmark                   0.7.1                pyhd8ed1ab_0             conda-forge
2025-01-13T22:07:32.2724350Z   referencing                    0.35.1               pyhd8ed1ab_0             conda-forge
2025-01-13T22:07:32.2724660Z   requests                       2.32.3               pyhd8ed1ab_0             conda-forge
2025-01-13T22:07:32.2724980Z   rfc3339-validator              0.1.4                pyhd8ed1ab_0             conda-forge
2025-01-13T22:07:32.2725330Z   rfc3986-validator              0.1.1                pyh9f0ad1d_0             conda-forge
2025-01-13T22:07:32.2725650Z   rpds-py                        0.18.1               py312h552d48e_0          conda-forge
2025-01-13T22:07:32.2725930Z   ruff                           0.4.9                py312h3402d49_0          conda-forge
2025-01-13T22:07:32.2726220Z   scipy                          1.13.1               py312h14ffa8f_0          conda-forge
2025-01-13T22:07:32.2726520Z   send2trash                     1.8.3                pyh31c8845_0             conda-forge
2025-01-13T22:07:32.2726830Z   setuptools                     70.0.0               pyhd8ed1ab_0             conda-forge
2025-01-13T22:07:32.2727150Z   setuptools-scm                 8.1.0                pyhd8ed1ab_0             conda-forge
2025-01-13T22:07:32.2727490Z   setuptools_scm                 8.1.0                hd8ed1ab_0               conda-forge
2025-01-13T22:07:32.2727790Z   six                            1.16.0               pyh6c4a22f_0             conda-forge
2025-01-13T22:07:32.2728080Z   snakeviz                       2.2.0                pyhd8ed1ab_0             conda-forge
2025-01-13T22:07:32.2728370Z   snappy                         1.2.0                hd04f947_1               conda-forge
2025-01-13T22:07:32.2728680Z   sniffio                        1.3.1                pyhd8ed1ab_0             conda-forge
2025-01-13T22:07:32.2729000Z   snowballstemmer                2.2.0                pyhd8ed1ab_0             conda-forge
2025-01-13T22:07:32.2729340Z   soupsieve                      2.5                  pyhd8ed1ab_1             conda-forge
2025-01-13T22:07:32.2729650Z   sphinx                         7.3.7                pyhd8ed1ab_0             conda-forge
2025-01-13T22:07:32.2729970Z   sphinx-astropy                 1.9.1                pyhd8ed1ab_0             conda-forge
2025-01-13T22:07:32.2730490Z   sphinx-automodapi              0.17.0               pyh717bed2_1             conda-forge
2025-01-13T22:07:32.2730840Z   sphinx-gallery                 0.16.0               pyhd8ed1ab_0             conda-forge
2025-01-13T22:07:32.2731420Z   sphinx-jsonschema              1.19.1               pyhd8ed1ab_0             conda-forge
2025-01-13T22:07:32.2731840Z   sphinx_bootstrap_theme         0.8.1                pyhd8ed1ab_0             conda-forge
2025-01-13T22:07:32.2732180Z   sphinx_rtd_theme               2.0.0                pyha770c72_0             conda-forge
2025-01-13T22:07:32.2732520Z   sphinxcontrib-apidoc           0.3.0                py_1                     conda-forge
2025-01-13T22:07:32.2733060Z   sphinxcontrib-applehelp        1.0.8                pyhd8ed1ab_0             conda-forge
2025-01-13T22:07:32.2733420Z   sphinxcontrib-bibtex           2.6.2                pyhd8ed1ab_0             conda-forge
2025-01-13T22:07:32.2733790Z   sphinxcontrib-devhelp          1.0.6                pyhd8ed1ab_0             conda-forge
2025-01-13T22:07:32.2734150Z   sphinxcontrib-htmlhelp         2.0.5                pyhd8ed1ab_0             conda-forge
2025-01-13T22:07:32.2734520Z   sphinxcontrib-jquery           4.1                  pyhd8ed1ab_0             conda-forge
2025-01-13T22:07:32.2734890Z   sphinxcontrib-jsmath           1.0.1                pyhd8ed1ab_0             conda-forge
2025-01-13T22:07:32.2735260Z   sphinxcontrib-qthelp           1.0.7                pyhd8ed1ab_0             conda-forge
2025-01-13T22:07:32.2735660Z   sphinxcontrib-serializinghtml  1.1.10               pyhd8ed1ab_0             conda-forge
2025-01-13T22:07:32.2736030Z   stack_data                     0.6.2                pyhd8ed1ab_0             conda-forge
2025-01-13T22:07:32.2736330Z   sympy                          1.12.1               pypyh2585a3b_103         conda-forge
2025-01-13T22:07:32.2736630Z   tabulate                       0.9.0                pyhd8ed1ab_1             conda-forge
2025-01-13T22:07:32.2736920Z   tenacity                       8.4.1                pyhd8ed1ab_0             conda-forge
2025-01-13T22:07:32.2737230Z   terminado                      0.18.1               pyh31c8845_0             conda-forge
2025-01-13T22:07:32.2737540Z   tinycss2                       1.3.0                pyhd8ed1ab_0             conda-forge
2025-01-13T22:07:32.2737830Z   tk                             8.6.13               h5083fa2_1               conda-forge
2025-01-13T22:07:32.2738120Z   toml                           0.10.2               pyhd8ed1ab_0             conda-forge
2025-01-13T22:07:32.2738400Z   tomli                          2.0.1                pyhd8ed1ab_0             conda-forge
2025-01-13T22:07:32.2738700Z   tornado                        6.4.1                py312h7e5086c_0          conda-forge
2025-01-13T22:07:32.2738990Z   tqdm                           4.66.4               pyhd8ed1ab_0             conda-forge
2025-01-13T22:07:32.2739280Z   traitlets                      5.14.3               pyhd8ed1ab_0             conda-forge
2025-01-13T22:07:32.2739600Z   typed-ast                      1.5.5                py312h02f2b3b_1          conda-forge
2025-01-13T22:07:32.2739950Z   types-python-dateutil          2.9.0.20240316       pyhd8ed1ab_0             conda-forge
2025-01-13T22:07:32.2740380Z   typing-extensions              4.12.2               hd8ed1ab_0               conda-forge
2025-01-13T22:07:32.2740730Z   typing_extensions              4.12.2               pyha770c72_0             conda-forge
2025-01-13T22:07:32.2741050Z   typing_utils                   0.1.0                pyhd8ed1ab_0             conda-forge
2025-01-13T22:07:32.2741370Z   tzdata                         2024a                h0c530f3_0               conda-forge
2025-01-13T22:07:32.2741680Z   uri-template                   1.3.0                pyhd8ed1ab_0             conda-forge
2025-01-13T22:07:32.2741980Z   urllib3                        2.2.2                pyhd8ed1ab_0             conda-forge
2025-01-13T22:07:32.2742280Z   wcwidth                        0.2.13               pyhd8ed1ab_0             conda-forge
2025-01-13T22:07:32.2742590Z   webcolors                      24.6.0               pyhd8ed1ab_0             conda-forge
2025-01-13T22:07:32.2743080Z   webencodings                   0.5.1                pyhd8ed1ab_2             conda-forge
2025-01-13T22:07:32.2743440Z   websocket-client               1.8.0                pyhd8ed1ab_0             conda-forge
2025-01-13T22:07:32.2743760Z   wheel                          0.43.0               pyhd8ed1ab_1             conda-forge
2025-01-13T22:07:32.2744080Z   widgetsnbextension             3.6.6                pyhd8ed1ab_0             conda-forge
2025-01-13T22:07:32.2744410Z   xorg-libxau                    1.0.11               hb547adb_0               conda-forge
2025-01-13T22:07:32.2744950Z   xorg-libxdmcp                  1.1.3                h27ca646_0               conda-forge
2025-01-13T22:07:32.2745240Z   xz                             5.2.6                h57fd34a_0               conda-forge
2025-01-13T22:07:32.2745510Z   yaml                           0.2.5                h3422bc3_2               conda-forge
2025-01-13T22:07:32.2745800Z   zeromq                         4.3.5                hcc0f68c_4               conda-forge
2025-01-13T22:07:32.2746080Z   zipp                           3.19.2               pyhd8ed1ab_0             conda-forge
2025-01-13T22:07:32.2746360Z   zlib                           1.3.1                hfb2fe0b_1               conda-forge
2025-01-13T22:07:32.2746640Z   zlib-ng                        2.0.7                h1a8c8d9_0               conda-forge
2025-01-13T22:07:32.2746920Z   zstd                           1.5.6                hb46c0d2_0               conda-forge
2025-01-13T22:07:32.2747680Z ##[endgroup]
2025-01-13T22:07:32.2856470Z ##[group]Run pip install -e . --user
2025-01-13T22:07:32.2856870Z [36;1mpip install -e . --user[0m
2025-01-13T22:07:32.5157490Z shell: /bin/bash -l {0}
2025-01-13T22:07:32.5157670Z env:
2025-01-13T22:07:32.5157800Z   CACHE_NUMBER: 0
2025-01-13T22:07:32.5158300Z   PYTEST_FLAGS: --tardis-regression-data=/Users/runner/work/tardis/tardis/tardis-regression-data --cov=tardis --cov-report=xml --cov-report=html --cov-append
2025-01-13T22:07:32.5159480Z   CODECOV_TOKEN: ***
2025-01-13T22:07:32.5159660Z   MAMBA_ROOT_PREFIX: /Users/runner/micromamba
2025-01-13T22:07:32.5159900Z   MAMBA_EXE: /Users/runner/micromamba-bin/micromamba
2025-01-13T22:07:32.5160170Z   CONDARC: /Users/runner/work/_temp/setup-micromamba/.condarc
2025-01-13T22:07:32.5160400Z ##[endgroup]
2025-01-13T22:07:33.8368140Z Obtaining file:///Users/runner/work/tardis/tardis
2025-01-13T22:07:33.8401200Z   Installing build dependencies: started
2025-01-13T22:07:37.0304530Z   Installing build dependencies: finished with status 'done'
2025-01-13T22:07:37.0404540Z   Checking if build backend supports build_editable: started
2025-01-13T22:07:37.1579370Z   Checking if build backend supports build_editable: finished with status 'done'
2025-01-13T22:07:37.1590860Z   Getting requirements to build editable: started
2025-01-13T22:07:37.7129810Z   Getting requirements to build editable: finished with status 'done'
2025-01-13T22:07:37.7141540Z   Preparing editable metadata (pyproject.toml): started
2025-01-13T22:07:38.2378070Z   Preparing editable metadata (pyproject.toml): finished with status 'done'
2025-01-13T22:07:38.2834950Z Requirement already satisfied: astropy in /Users/runner/micromamba/envs/tardis/lib/python3.12/site-packages (from tardis==0.0.0) (6.1.1)
2025-01-13T22:07:38.3139900Z Requirement already satisfied: numpy>=1.23 in /Users/runner/micromamba/envs/tardis/lib/python3.12/site-packages (from astropy->tardis==0.0.0) (1.26.4)
2025-01-13T22:07:38.3146170Z Requirement already satisfied: pyerfa>=2.0.1.1 in /Users/runner/micromamba/envs/tardis/lib/python3.12/site-packages (from astropy->tardis==0.0.0) (2.0.1.4)
2025-01-13T22:07:38.3153240Z Requirement already satisfied: astropy-iers-data>=0.2024.5.27.0.30.8 in /Users/runner/micromamba/envs/tardis/lib/python3.12/site-packages (from astropy->tardis==0.0.0) (0.2024.6.17.0.31.35)
2025-01-13T22:07:38.3254080Z Requirement already satisfied: PyYAML>=3.13 in /Users/runner/micromamba/envs/tardis/lib/python3.12/site-packages (from astropy->tardis==0.0.0) (6.0.1)
2025-01-13T22:07:38.3356050Z Requirement already satisfied: packaging>=19.0 in /Users/runner/micromamba/envs/tardis/lib/python3.12/site-packages (from astropy->tardis==0.0.0) (24.1)
2025-01-13T22:07:38.3457500Z Building wheels for collected packages: tardis
2025-01-13T22:07:38.3559780Z   Building editable for tardis (pyproject.toml): started
2025-01-13T22:07:39.3321480Z   Building editable for tardis (pyproject.toml): finished with status 'done'
2025-01-13T22:07:39.3329330Z   Created wheel for tardis: filename=tardis-0.0.0-0.editable-py3-none-any.whl size=8876 sha256=018118a6b8145d225782713476556a2c1c05bad361840460e65d878851d16898
2025-01-13T22:07:39.3333670Z   Stored in directory: /private/var/folders/ml/x_tvfgn50_s7p67dm1ypcqqm0000gn/T/pip-ephem-wheel-cache-w0p_h2b1/wheels/bb/4f/6a/0829b918c1c10bc28535ce7f14be21eee54375bdd9cd0c306a
2025-01-13T22:07:39.3418050Z Successfully built tardis
2025-01-13T22:07:40.0428530Z Installing collected packages: tardis
2025-01-13T22:07:40.1792660Z Successfully installed tardis-0.0.0
2025-01-13T22:07:40.5932230Z ##[group]Run pip install qgridnext
2025-01-13T22:07:40.5932530Z [36;1mpip install qgridnext[0m
2025-01-13T22:07:40.6377170Z shell: /bin/bash -l {0}
2025-01-13T22:07:40.6377370Z env:
2025-01-13T22:07:40.6377540Z   CACHE_NUMBER: 0
2025-01-13T22:07:40.6378090Z   PYTEST_FLAGS: --tardis-regression-data=/Users/runner/work/tardis/tardis/tardis-regression-data --cov=tardis --cov-report=xml --cov-report=html --cov-append
2025-01-13T22:07:40.6378780Z   CODECOV_TOKEN: ***
2025-01-13T22:07:40.6379010Z   MAMBA_ROOT_PREFIX: /Users/runner/micromamba
2025-01-13T22:07:40.6379260Z   MAMBA_EXE: /Users/runner/micromamba-bin/micromamba
2025-01-13T22:07:40.6379540Z   CONDARC: /Users/runner/work/_temp/setup-micromamba/.condarc
2025-01-13T22:07:40.6379780Z ##[endgroup]
2025-01-13T22:07:41.5081200Z Collecting qgridnext
2025-01-13T22:07:41.5579540Z   Downloading qgridnext-2.0.4-py3-none-any.whl.metadata (9.9 kB)
2025-01-13T22:07:41.5881840Z Requirement already satisfied: pandas>=0.20.0 in /Users/runner/micromamba/envs/tardis/lib/python3.12/site-packages (from qgridnext) (2.2.2)
2025-01-13T22:07:41.5887740Z Requirement already satisfied: ipywidgets>=7.0.0 in /Users/runner/micromamba/envs/tardis/lib/python3.12/site-packages (from qgridnext) (7.8.0)
2025-01-13T22:07:41.5894440Z Requirement already satisfied: numpy in /Users/runner/micromamba/envs/tardis/lib/python3.12/site-packages (from qgridnext) (1.26.4)
2025-01-13T22:07:41.5901530Z Requirement already satisfied: traitlets in /Users/runner/micromamba/envs/tardis/lib/python3.12/site-packages (from qgridnext) (5.14.3)
2025-01-13T22:07:41.5958720Z Requirement already satisfied: comm>=0.1.3 in /Users/runner/micromamba/envs/tardis/lib/python3.12/site-packages (from ipywidgets>=7.0.0->qgridnext) (0.2.2)
2025-01-13T22:07:41.5964200Z Requirement already satisfied: ipython-genutils~=0.2.0 in /Users/runner/micromamba/envs/tardis/lib/python3.12/site-packages (from ipywidgets>=7.0.0->qgridnext) (0.2.0)
2025-01-13T22:07:41.5974200Z Requirement already satisfied: widgetsnbextension~=3.6.5 in /Users/runner/micromamba/envs/tardis/lib/python3.12/site-packages (from ipywidgets>=7.0.0->qgridnext) (3.6.6)
2025-01-13T22:07:41.5984320Z Requirement already satisfied: ipython>=4.0.0 in /Users/runner/micromamba/envs/tardis/lib/python3.12/site-packages (from ipywidgets>=7.0.0->qgridnext) (8.25.0)
2025-01-13T22:07:41.5993760Z Requirement already satisfied: jupyterlab-widgets<3,>=1.0.0 in /Users/runner/micromamba/envs/tardis/lib/python3.12/site-packages (from ipywidgets>=7.0.0->qgridnext) (1.1.7)
2025-01-13T22:07:41.6396970Z Requirement already satisfied: python-dateutil>=2.8.2 in /Users/runner/micromamba/envs/tardis/lib/python3.12/site-packages (from pandas>=0.20.0->qgridnext) (2.9.0)
2025-01-13T22:07:41.6400460Z Requirement already satisfied: pytz>=2020.1 in /Users/runner/micromamba/envs/tardis/lib/python3.12/site-packages (from pandas>=0.20.0->qgridnext) (2024.1)
2025-01-13T22:07:41.6407740Z Requirement already satisfied: tzdata>=2022.7 in /Users/runner/micromamba/envs/tardis/lib/python3.12/site-packages (from pandas>=0.20.0->qgridnext) (2024.1)
2025-01-13T22:07:41.6696960Z Requirement already satisfied: decorator in /Users/runner/micromamba/envs/tardis/lib/python3.12/site-packages (from ipython>=4.0.0->ipywidgets>=7.0.0->qgridnext) (5.1.1)
2025-01-13T22:07:41.6709050Z Requirement already satisfied: jedi>=0.16 in /Users/runner/micromamba/envs/tardis/lib/python3.12/site-packages (from ipython>=4.0.0->ipywidgets>=7.0.0->qgridnext) (0.19.1)
2025-01-13T22:07:41.6714090Z Requirement already satisfied: matplotlib-inline in /Users/runner/micromamba/envs/tardis/lib/python3.12/site-packages (from ipython>=4.0.0->ipywidgets>=7.0.0->qgridnext) (0.1.7)
2025-01-13T22:07:41.6818150Z Requirement already satisfied: prompt-toolkit<3.1.0,>=3.0.41 in /Users/runner/micromamba/envs/tardis/lib/python3.12/site-packages (from ipython>=4.0.0->ipywidgets>=7.0.0->qgridnext) (3.0.47)
2025-01-13T22:07:41.6921180Z Requirement already satisfied: pygments>=2.4.0 in /Users/runner/micromamba/envs/tardis/lib/python3.12/site-packages (from ipython>=4.0.0->ipywidgets>=7.0.0->qgridnext) (2.18.0)
2025-01-13T22:07:41.7022170Z Requirement already satisfied: stack-data in /Users/runner/micromamba/envs/tardis/lib/python3.12/site-packages (from ipython>=4.0.0->ipywidgets>=7.0.0->qgridnext) (0.6.2)
2025-01-13T22:07:41.7132870Z Requirement already satisfied: pexpect>4.3 in /Users/runner/micromamba/envs/tardis/lib/python3.12/site-packages (from ipython>=4.0.0->ipywidgets>=7.0.0->qgridnext) (4.9.0)
2025-01-13T22:07:41.7135440Z Requirement already satisfied: six>=1.5 in /Users/runner/micromamba/envs/tardis/lib/python3.12/site-packages (from python-dateutil>=2.8.2->pandas>=0.20.0->qgridnext) (1.16.0)
2025-01-13T22:07:41.7238390Z Requirement already satisfied: notebook>=4.4.1 in /Users/runner/micromamba/envs/tardis/lib/python3.12/site-packages (from widgetsnbextension~=3.6.5->ipywidgets>=7.0.0->qgridnext) (7.2.1)
2025-01-13T22:07:41.7340270Z Requirement already satisfied: parso<0.9.0,>=0.8.3 in /Users/runner/micromamba/envs/tardis/lib/python3.12/site-packages (from jedi>=0.16->ipython>=4.0.0->ipywidgets>=7.0.0->qgridnext) (0.8.4)
2025-01-13T22:07:41.7442180Z Requirement already satisfied: jupyter-server<3,>=2.4.0 in /Users/runner/micromamba/envs/tardis/lib/python3.12/site-packages (from notebook>=4.4.1->widgetsnbextension~=3.6.5->ipywidgets>=7.0.0->qgridnext) (2.14.1)
2025-01-13T22:07:41.7545740Z Requirement already satisfied: jupyterlab-server<3,>=2.27.1 in /Users/runner/micromamba/envs/tardis/lib/python3.12/site-packages (from notebook>=4.4.1->widgetsnbextension~=3.6.5->ipywidgets>=7.0.0->qgridnext) (2.27.2)
2025-01-13T22:07:41.7649010Z Requirement already satisfied: jupyterlab<4.3,>=4.2.0 in /Users/runner/micromamba/envs/tardis/lib/python3.12/site-packages (from notebook>=4.4.1->widgetsnbextension~=3.6.5->ipywidgets>=7.0.0->qgridnext) (4.2.2)
2025-01-13T22:07:41.7752850Z Requirement already satisfied: notebook-shim<0.3,>=0.2 in /Users/runner/micromamba/envs/tardis/lib/python3.12/site-packages (from notebook>=4.4.1->widgetsnbextension~=3.6.5->ipywidgets>=7.0.0->qgridnext) (0.2.4)
2025-01-13T22:07:41.7858230Z Requirement already satisfied: tornado>=6.2.0 in /Users/runner/micromamba/envs/tardis/lib/python3.12/site-packages (from notebook>=4.4.1->widgetsnbextension~=3.6.5->ipywidgets>=7.0.0->qgridnext) (6.4.1)
2025-01-13T22:07:41.7961480Z Requirement already satisfied: ptyprocess>=0.5 in /Users/runner/micromamba/envs/tardis/lib/python3.12/site-packages (from pexpect>4.3->ipython>=4.0.0->ipywidgets>=7.0.0->qgridnext) (0.7.0)
2025-01-13T22:07:41.8064620Z Requirement already satisfied: wcwidth in /Users/runner/micromamba/envs/tardis/lib/python3.12/site-packages (from prompt-toolkit<3.1.0,>=3.0.41->ipython>=4.0.0->ipywidgets>=7.0.0->qgridnext) (0.2.13)
2025-01-13T22:07:41.8195240Z Requirement already satisfied: executing>=1.2.0 in /Users/runner/micromamba/envs/tardis/lib/python3.12/site-packages (from stack-data->ipython>=4.0.0->ipywidgets>=7.0.0->qgridnext) (2.0.1)
2025-01-13T22:07:41.8300850Z Requirement already satisfied: asttokens>=2.1.0 in /Users/runner/micromamba/envs/tardis/lib/python3.12/site-packages (from stack-data->ipython>=4.0.0->ipywidgets>=7.0.0->qgridnext) (2.4.1)
2025-01-13T22:07:41.8404290Z Requirement already satisfied: pure-eval in /Users/runner/micromamba/envs/tardis/lib/python3.12/site-packages (from stack-data->ipython>=4.0.0->ipywidgets>=7.0.0->qgridnext) (0.2.2)
2025-01-13T22:07:41.8506810Z Requirement already satisfied: anyio>=3.1.0 in /Users/runner/micromamba/envs/tardis/lib/python3.12/site-packages (from jupyter-server<3,>=2.4.0->notebook>=4.4.1->widgetsnbextension~=3.6.5->ipywidgets>=7.0.0->qgridnext) (4.4.0)
2025-01-13T22:07:41.8611840Z Requirement already satisfied: argon2-cffi>=21.1 in /Users/runner/micromamba/envs/tardis/lib/python3.12/site-packages (from jupyter-server<3,>=2.4.0->notebook>=4.4.1->widgetsnbextension~=3.6.5->ipywidgets>=7.0.0->qgridnext) (23.1.0)
2025-01-13T22:07:41.8717840Z Requirement already satisfied: jinja2>=3.0.3 in /Users/runner/micromamba/envs/tardis/lib/python3.12/site-packages (from jupyter-server<3,>=2.4.0->notebook>=4.4.1->widgetsnbextension~=3.6.5->ipywidgets>=7.0.0->qgridnext) (3.1.4)
2025-01-13T22:07:41.8823140Z Requirement already satisfied: jupyter-client>=7.4.4 in /Users/runner/micromamba/envs/tardis/lib/python3.12/site-packages (from jupyter-server<3,>=2.4.0->notebook>=4.4.1->widgetsnbextension~=3.6.5->ipywidgets>=7.0.0->qgridnext) (8.6.2)
2025-01-13T22:07:41.8927520Z Requirement already satisfied: jupyter-core!=5.0.*,>=4.12 in /Users/runner/micromamba/envs/tardis/lib/python3.12/site-packages (from jupyter-server<3,>=2.4.0->notebook>=4.4.1->widgetsnbextension~=3.6.5->ipywidgets>=7.0.0->qgridnext) (5.7.2)
2025-01-13T22:07:41.9031320Z Requirement already satisfied: jupyter-events>=0.9.0 in /Users/runner/micromamba/envs/tardis/lib/python3.12/site-packages (from jupyter-server<3,>=2.4.0->notebook>=4.4.1->widgetsnbextension~=3.6.5->ipywidgets>=7.0.0->qgridnext) (0.10.0)
2025-01-13T22:07:41.9134350Z Requirement already satisfied: jupyter-server-terminals>=0.4.4 in /Users/runner/micromamba/envs/tardis/lib/python3.12/site-packages (from jupyter-server<3,>=2.4.0->notebook>=4.4.1->widgetsnbextension~=3.6.5->ipywidgets>=7.0.0->qgridnext) (0.5.3)
2025-01-13T22:07:41.9238590Z Requirement already satisfied: nbconvert>=6.4.4 in /Users/runner/micromamba/envs/tardis/lib/python3.12/site-packages (from jupyter-server<3,>=2.4.0->notebook>=4.4.1->widgetsnbextension~=3.6.5->ipywidgets>=7.0.0->qgridnext) (7.16.4)
2025-01-13T22:07:41.9342050Z Requirement already satisfied: nbformat>=5.3.0 in /Users/runner/micromamba/envs/tardis/lib/python3.12/site-packages (from jupyter-server<3,>=2.4.0->notebook>=4.4.1->widgetsnbextension~=3.6.5->ipywidgets>=7.0.0->qgridnext) (5.10.4)
2025-01-13T22:07:41.9444420Z Requirement already satisfied: overrides>=5.0 in /Users/runner/micromamba/envs/tardis/lib/python3.12/site-packages (from jupyter-server<3,>=2.4.0->notebook>=4.4.1->widgetsnbextension~=3.6.5->ipywidgets>=7.0.0->qgridnext) (7.7.0)
2025-01-13T22:07:41.9546770Z Requirement already satisfied: packaging>=22.0 in /Users/runner/micromamba/envs/tardis/lib/python3.12/site-packages (from jupyter-server<3,>=2.4.0->notebook>=4.4.1->widgetsnbextension~=3.6.5->ipywidgets>=7.0.0->qgridnext) (24.1)
2025-01-13T22:07:41.9648420Z Requirement already satisfied: prometheus-client>=0.9 in /Users/runner/micromamba/envs/tardis/lib/python3.12/site-packages (from jupyter-server<3,>=2.4.0->notebook>=4.4.1->widgetsnbextension~=3.6.5->ipywidgets>=7.0.0->qgridnext) (0.20.0)
2025-01-13T22:07:41.9756060Z Requirement already satisfied: pyzmq>=24 in /Users/runner/micromamba/envs/tardis/lib/python3.12/site-packages (from jupyter-server<3,>=2.4.0->notebook>=4.4.1->widgetsnbextension~=3.6.5->ipywidgets>=7.0.0->qgridnext) (26.0.3)
2025-01-13T22:07:41.9858700Z Requirement already satisfied: send2trash>=1.8.2 in /Users/runner/micromamba/envs/tardis/lib/python3.12/site-packages (from jupyter-server<3,>=2.4.0->notebook>=4.4.1->widgetsnbextension~=3.6.5->ipywidgets>=7.0.0->qgridnext) (1.8.3)
2025-01-13T22:07:41.9860180Z Requirement already satisfied: terminado>=0.8.3 in /Users/runner/micromamba/envs/tardis/lib/python3.12/site-packages (from jupyter-server<3,>=2.4.0->notebook>=4.4.1->widgetsnbextension~=3.6.5->ipywidgets>=7.0.0->qgridnext) (0.18.1)
2025-01-13T22:07:41.9963180Z Requirement already satisfied: websocket-client>=1.7 in /Users/runner/micromamba/envs/tardis/lib/python3.12/site-packages (from jupyter-server<3,>=2.4.0->notebook>=4.4.1->widgetsnbextension~=3.6.5->ipywidgets>=7.0.0->qgridnext) (1.8.0)
2025-01-13T22:07:42.0159930Z Requirement already satisfied: async-lru>=1.0.0 in /Users/runner/micromamba/envs/tardis/lib/python3.12/site-packages (from jupyterlab<4.3,>=4.2.0->notebook>=4.4.1->widgetsnbextension~=3.6.5->ipywidgets>=7.0.0->qgridnext) (2.0.4)
2025-01-13T22:07:42.0273100Z Requirement already satisfied: httpx>=0.25.0 in /Users/runner/micromamba/envs/tardis/lib/python3.12/site-packages (from jupyterlab<4.3,>=4.2.0->notebook>=4.4.1->widgetsnbextension~=3.6.5->ipywidgets>=7.0.0->qgridnext) (0.27.0)
2025-01-13T22:07:42.0379060Z Requirement already satisfied: ipykernel>=6.5.0 in /Users/runner/micromamba/envs/tardis/lib/python3.12/site-packages (from jupyterlab<4.3,>=4.2.0->notebook>=4.4.1->widgetsnbextension~=3.6.5->ipywidgets>=7.0.0->qgridnext) (6.29.4)
2025-01-13T22:07:42.0482770Z Requirement already satisfied: jupyter-lsp>=2.0.0 in /Users/runner/micromamba/envs/tardis/lib/python3.12/site-packages (from jupyterlab<4.3,>=4.2.0->notebook>=4.4.1->widgetsnbextension~=3.6.5->ipywidgets>=7.0.0->qgridnext) (2.2.5)
2025-01-13T22:07:42.0591130Z Requirement already satisfied: setuptools>=40.1.0 in /Users/runner/micromamba/envs/tardis/lib/python3.12/site-packages (from jupyterlab<4.3,>=4.2.0->notebook>=4.4.1->widgetsnbextension~=3.6.5->ipywidgets>=7.0.0->qgridnext) (70.0.0)
2025-01-13T22:07:42.0693610Z Requirement already satisfied: babel>=2.10 in /Users/runner/micromamba/envs/tardis/lib/python3.12/site-packages (from jupyterlab-server<3,>=2.27.1->notebook>=4.4.1->widgetsnbextension~=3.6.5->ipywidgets>=7.0.0->qgridnext) (2.14.0)
2025-01-13T22:07:42.0701410Z Requirement already satisfied: json5>=0.9.0 in /Users/runner/micromamba/envs/tardis/lib/python3.12/site-packages (from jupyterlab-server<3,>=2.27.1->notebook>=4.4.1->widgetsnbextension~=3.6.5->ipywidgets>=7.0.0->qgridnext) (0.9.25)
2025-01-13T22:07:42.0803470Z Requirement already satisfied: jsonschema>=4.18.0 in /Users/runner/micromamba/envs/tardis/lib/python3.12/site-packages (from jupyterlab-server<3,>=2.27.1->notebook>=4.4.1->widgetsnbextension~=3.6.5->ipywidgets>=7.0.0->qgridnext) (4.22.0)
2025-01-13T22:07:42.0905800Z Requirement already satisfied: requests>=2.31 in /Users/runner/micromamba/envs/tardis/lib/python3.12/site-packages (from jupyterlab-server<3,>=2.27.1->notebook>=4.4.1->widgetsnbextension~=3.6.5->ipywidgets>=7.0.0->qgridnext) (2.32.3)
2025-01-13T22:07:42.1017680Z Requirement already satisfied: idna>=2.8 in /Users/runner/micromamba/envs/tardis/lib/python3.12/site-packages (from anyio>=3.1.0->jupyter-server<3,>=2.4.0->notebook>=4.4.1->widgetsnbextension~=3.6.5->ipywidgets>=7.0.0->qgridnext) (3.7)
2025-01-13T22:07:42.1125910Z Requirement already satisfied: sniffio>=1.1 in /Users/runner/micromamba/envs/tardis/lib/python3.12/site-packages (from anyio>=3.1.0->jupyter-server<3,>=2.4.0->notebook>=4.4.1->widgetsnbextension~=3.6.5->ipywidgets>=7.0.0->qgridnext) (1.3.1)
2025-01-13T22:07:42.1228150Z Requirement already satisfied: argon2-cffi-bindings in /Users/runner/micromamba/envs/tardis/lib/python3.12/site-packages (from argon2-cffi>=21.1->jupyter-server<3,>=2.4.0->notebook>=4.4.1->widgetsnbextension~=3.6.5->ipywidgets>=7.0.0->qgridnext) (21.2.0)
2025-01-13T22:07:42.1333260Z Requirement already satisfied: certifi in /Users/runner/micromamba/envs/tardis/lib/python3.12/site-packages (from httpx>=0.25.0->jupyterlab<4.3,>=4.2.0->notebook>=4.4.1->widgetsnbextension~=3.6.5->ipywidgets>=7.0.0->qgridnext) (2024.6.2)
2025-01-13T22:07:42.1436700Z Requirement already satisfied: httpcore==1.* in /Users/runner/micromamba/envs/tardis/lib/python3.12/site-packages (from httpx>=0.25.0->jupyterlab<4.3,>=4.2.0->notebook>=4.4.1->widgetsnbextension~=3.6.5->ipywidgets>=7.0.0->qgridnext) (1.0.5)
2025-01-13T22:07:42.1541450Z Requirement already satisfied: h11<0.15,>=0.13 in /Users/runner/micromamba/envs/tardis/lib/python3.12/site-packages (from httpcore==1.*->httpx>=0.25.0->jupyterlab<4.3,>=4.2.0->notebook>=4.4.1->widgetsnbextension~=3.6.5->ipywidgets>=7.0.0->qgridnext) (0.14.0)
2025-01-13T22:07:42.1650270Z Requirement already satisfied: appnope in /Users/runner/micromamba/envs/tardis/lib/python3.12/site-packages (from ipykernel>=6.5.0->jupyterlab<4.3,>=4.2.0->notebook>=4.4.1->widgetsnbextension~=3.6.5->ipywidgets>=7.0.0->qgridnext) (0.1.4)
2025-01-13T22:07:42.1754710Z Requirement already satisfied: debugpy>=1.6.5 in /Users/runner/micromamba/envs/tardis/lib/python3.12/site-packages (from ipykernel>=6.5.0->jupyterlab<4.3,>=4.2.0->notebook>=4.4.1->widgetsnbextension~=3.6.5->ipywidgets>=7.0.0->qgridnext) (1.8.1)
2025-01-13T22:07:42.1857460Z Requirement already satisfied: nest-asyncio in /Users/runner/micromamba/envs/tardis/lib/python3.12/site-packages (from ipykernel>=6.5.0->jupyterlab<4.3,>=4.2.0->notebook>=4.4.1->widgetsnbextension~=3.6.5->ipywidgets>=7.0.0->qgridnext) (1.6.0)
2025-01-13T22:07:42.1960140Z Requirement already satisfied: psutil in /Users/runner/micromamba/envs/tardis/lib/python3.12/site-packages (from ipykernel>=6.5.0->jupyterlab<4.3,>=4.2.0->notebook>=4.4.1->widgetsnbextension~=3.6.5->ipywidgets>=7.0.0->qgridnext) (5.9.8)
2025-01-13T22:07:42.2064360Z Requirement already satisfied: MarkupSafe>=2.0 in /Users/runner/micromamba/envs/tardis/lib/python3.12/site-packages (from jinja2>=3.0.3->jupyter-server<3,>=2.4.0->notebook>=4.4.1->widgetsnbextension~=3.6.5->ipywidgets>=7.0.0->qgridnext) (2.1.5)
2025-01-13T22:07:42.2181660Z Requirement already satisfied: attrs>=22.2.0 in /Users/runner/micromamba/envs/tardis/lib/python3.12/site-packages (from jsonschema>=4.18.0->jupyterlab-server<3,>=2.27.1->notebook>=4.4.1->widgetsnbextension~=3.6.5->ipywidgets>=7.0.0->qgridnext) (23.2.0)
2025-01-13T22:07:42.2291630Z Requirement already satisfied: jsonschema-specifications>=2023.03.6 in /Users/runner/micromamba/envs/tardis/lib/python3.12/site-packages (from jsonschema>=4.18.0->jupyterlab-server<3,>=2.27.1->notebook>=4.4.1->widgetsnbextension~=3.6.5->ipywidgets>=7.0.0->qgridnext) (2023.12.1)
2025-01-13T22:07:42.2405770Z Requirement already satisfied: referencing>=0.28.4 in /Users/runner/micromamba/envs/tardis/lib/python3.12/site-packages (from jsonschema>=4.18.0->jupyterlab-server<3,>=2.27.1->notebook>=4.4.1->widgetsnbextension~=3.6.5->ipywidgets>=7.0.0->qgridnext) (0.35.1)
2025-01-13T22:07:42.2511520Z Requirement already satisfied: rpds-py>=0.7.1 in /Users/runner/micromamba/envs/tardis/lib/python3.12/site-packages (from jsonschema>=4.18.0->jupyterlab-server<3,>=2.27.1->notebook>=4.4.1->widgetsnbextension~=3.6.5->ipywidgets>=7.0.0->qgridnext) (0.18.1)
2025-01-13T22:07:42.2626750Z Requirement already satisfied: platformdirs>=2.5 in /Users/runner/micromamba/envs/tardis/lib/python3.12/site-packages (from jupyter-core!=5.0.*,>=4.12->jupyter-server<3,>=2.4.0->notebook>=4.4.1->widgetsnbextension~=3.6.5->ipywidgets>=7.0.0->qgridnext) (4.2.2)
2025-01-13T22:07:42.2730940Z Requirement already satisfied: python-json-logger>=2.0.4 in /Users/runner/micromamba/envs/tardis/lib/python3.12/site-packages (from jupyter-events>=0.9.0->jupyter-server<3,>=2.4.0->notebook>=4.4.1->widgetsnbextension~=3.6.5->ipywidgets>=7.0.0->qgridnext) (2.0.7)
2025-01-13T22:07:42.2834830Z Requirement already satisfied: pyyaml>=5.3 in /Users/runner/micromamba/envs/tardis/lib/python3.12/site-packages (from jupyter-events>=0.9.0->jupyter-server<3,>=2.4.0->notebook>=4.4.1->widgetsnbextension~=3.6.5->ipywidgets>=7.0.0->qgridnext) (6.0.1)
2025-01-13T22:07:42.2929230Z Requirement already satisfied: rfc3339-validator in /Users/runner/micromamba/envs/tardis/lib/python3.12/site-packages (from jupyter-events>=0.9.0->jupyter-server<3,>=2.4.0->notebook>=4.4.1->widgetsnbextension~=3.6.5->ipywidgets>=7.0.0->qgridnext) (0.1.4)
2025-01-13T22:07:42.2997310Z Requirement already satisfied: rfc3986-validator>=0.1.1 in /Users/runner/micromamba/envs/tardis/lib/python3.12/site-packages (from jupyter-events>=0.9.0->jupyter-server<3,>=2.4.0->notebook>=4.4.1->widgetsnbextension~=3.6.5->ipywidgets>=7.0.0->qgridnext) (0.1.1)
2025-01-13T22:07:42.3077880Z Requirement already satisfied: beautifulsoup4 in /Users/runner/micromamba/envs/tardis/lib/python3.12/site-packages (from nbconvert>=6.4.4->jupyter-server<3,>=2.4.0->notebook>=4.4.1->widgetsnbextension~=3.6.5->ipywidgets>=7.0.0->qgridnext) (4.12.3)
2025-01-13T22:07:42.3152480Z Requirement already satisfied: bleach!=5.0.0 in /Users/runner/micromamba/envs/tardis/lib/python3.12/site-packages (from nbconvert>=6.4.4->jupyter-server<3,>=2.4.0->notebook>=4.4.1->widgetsnbextension~=3.6.5->ipywidgets>=7.0.0->qgridnext) (6.1.0)
2025-01-13T22:07:42.3254780Z Requirement already satisfied: defusedxml in /Users/runner/micromamba/envs/tardis/lib/python3.12/site-packages (from nbconvert>=6.4.4->jupyter-server<3,>=2.4.0->notebook>=4.4.1->widgetsnbextension~=3.6.5->ipywidgets>=7.0.0->qgridnext) (0.7.1)
2025-01-13T22:07:42.3357290Z Requirement already satisfied: jupyterlab-pygments in /Users/runner/micromamba/envs/tardis/lib/python3.12/site-packages (from nbconvert>=6.4.4->jupyter-server<3,>=2.4.0->notebook>=4.4.1->widgetsnbextension~=3.6.5->ipywidgets>=7.0.0->qgridnext) (0.3.0)
2025-01-13T22:07:42.3459790Z Requirement already satisfied: mistune<4,>=2.0.3 in /Users/runner/micromamba/envs/tardis/lib/python3.12/site-packages (from nbconvert>=6.4.4->jupyter-server<3,>=2.4.0->notebook>=4.4.1->widgetsnbextension~=3.6.5->ipywidgets>=7.0.0->qgridnext) (3.0.2)
2025-01-13T22:07:42.3563850Z Requirement already satisfied: nbclient>=0.5.0 in /Users/runner/micromamba/envs/tardis/lib/python3.12/site-packages (from nbconvert>=6.4.4->jupyter-server<3,>=2.4.0->notebook>=4.4.1->widgetsnbextension~=3.6.5->ipywidgets>=7.0.0->qgridnext) (0.10.0)
2025-01-13T22:07:42.3660040Z Requirement already satisfied: pandocfilters>=1.4.1 in /Users/runner/micromamba/envs/tardis/lib/python3.12/site-packages (from nbconvert>=6.4.4->jupyter-server<3,>=2.4.0->notebook>=4.4.1->widgetsnbextension~=3.6.5->ipywidgets>=7.0.0->qgridnext) (1.5.0)
2025-01-13T22:07:42.3754470Z Requirement already satisfied: tinycss2 in /Users/runner/micromamba/envs/tardis/lib/python3.12/site-packages (from nbconvert>=6.4.4->jupyter-server<3,>=2.4.0->notebook>=4.4.1->widgetsnbextension~=3.6.5->ipywidgets>=7.0.0->qgridnext) (1.3.0)
2025-01-13T22:07:42.3802830Z Requirement already satisfied: fastjsonschema>=2.15 in /Users/runner/micromamba/envs/tardis/lib/python3.12/site-packages (from nbformat>=5.3.0->jupyter-server<3,>=2.4.0->notebook>=4.4.1->widgetsnbextension~=3.6.5->ipywidgets>=7.0.0->qgridnext) (2.20.0)
2025-01-13T22:07:42.3835200Z Requirement already satisfied: charset-normalizer<4,>=2 in /Users/runner/micromamba/envs/tardis/lib/python3.12/site-packages (from requests>=2.31->jupyterlab-server<3,>=2.27.1->notebook>=4.4.1->widgetsnbextension~=3.6.5->ipywidgets>=7.0.0->qgridnext) (3.3.2)
2025-01-13T22:07:42.3859250Z Requirement already satisfied: urllib3<3,>=1.21.1 in /Users/runner/micromamba/envs/tardis/lib/python3.12/site-packages (from requests>=2.31->jupyterlab-server<3,>=2.27.1->notebook>=4.4.1->widgetsnbextension~=3.6.5->ipywidgets>=7.0.0->qgridnext) (2.2.2)
2025-01-13T22:07:42.3872690Z Requirement already satisfied: webencodings in /Users/runner/micromamba/envs/tardis/lib/python3.12/site-packages (from bleach!=5.0.0->nbconvert>=6.4.4->jupyter-server<3,>=2.4.0->notebook>=4.4.1->widgetsnbextension~=3.6.5->ipywidgets>=7.0.0->qgridnext) (0.5.1)
2025-01-13T22:07:42.3882640Z Requirement already satisfied: fqdn in /Users/runner/micromamba/envs/tardis/lib/python3.12/site-packages (from jsonschema[format-nongpl]>=4.18.0->jupyter-events>=0.9.0->jupyter-server<3,>=2.4.0->notebook>=4.4.1->widgetsnbextension~=3.6.5->ipywidgets>=7.0.0->qgridnext) (1.5.1)
2025-01-13T22:07:42.3888310Z Requirement already satisfied: isoduration in /Users/runner/micromamba/envs/tardis/lib/python3.12/site-packages (from jsonschema[format-nongpl]>=4.18.0->jupyter-events>=0.9.0->jupyter-server<3,>=2.4.0->notebook>=4.4.1->widgetsnbextension~=3.6.5->ipywidgets>=7.0.0->qgridnext) (20.11.0)
2025-01-13T22:07:42.3900590Z Requirement already satisfied: jsonpointer>1.13 in /Users/runner/micromamba/envs/tardis/lib/python3.12/site-packages (from jsonschema[format-nongpl]>=4.18.0->jupyter-events>=0.9.0->jupyter-server<3,>=2.4.0->notebook>=4.4.1->widgetsnbextension~=3.6.5->ipywidgets>=7.0.0->qgridnext) (3.0.0)
2025-01-13T22:07:42.3984670Z Requirement already satisfied: uri-template in /Users/runner/micromamba/envs/tardis/lib/python3.12/site-packages (from jsonschema[format-nongpl]>=4.18.0->jupyter-events>=0.9.0->jupyter-server<3,>=2.4.0->notebook>=4.4.1->widgetsnbextension~=3.6.5->ipywidgets>=7.0.0->qgridnext) (1.3.0)
2025-01-13T22:07:42.3996570Z Requirement already satisfied: webcolors>=1.11 in /Users/runner/micromamba/envs/tardis/lib/python3.12/site-packages (from jsonschema[format-nongpl]>=4.18.0->jupyter-events>=0.9.0->jupyter-server<3,>=2.4.0->notebook>=4.4.1->widgetsnbextension~=3.6.5->ipywidgets>=7.0.0->qgridnext) (24.6.0)
2025-01-13T22:07:42.4252510Z Requirement already satisfied: cffi>=1.0.1 in /Users/runner/micromamba/envs/tardis/lib/python3.12/site-packages (from argon2-cffi-bindings->argon2-cffi>=21.1->jupyter-server<3,>=2.4.0->notebook>=4.4.1->widgetsnbextension~=3.6.5->ipywidgets>=7.0.0->qgridnext) (1.16.0)
2025-01-13T22:07:42.4327540Z Requirement already satisfied: soupsieve>1.2 in /Users/runner/micromamba/envs/tardis/lib/python3.12/site-packages (from beautifulsoup4->nbconvert>=6.4.4->jupyter-server<3,>=2.4.0->notebook>=4.4.1->widgetsnbextension~=3.6.5->ipywidgets>=7.0.0->qgridnext) (2.5)
2025-01-13T22:07:42.4747880Z Requirement already satisfied: pycparser in /Users/runner/micromamba/envs/tardis/lib/python3.12/site-packages (from cffi>=1.0.1->argon2-cffi-bindings->argon2-cffi>=21.1->jupyter-server<3,>=2.4.0->notebook>=4.4.1->widgetsnbextension~=3.6.5->ipywidgets>=7.0.0->qgridnext) (2.22)
2025-01-13T22:07:42.5296820Z Requirement already satisfied: arrow>=0.15.0 in /Users/runner/micromamba/envs/tardis/lib/python3.12/site-packages (from isoduration->jsonschema[format-nongpl]>=4.18.0->jupyter-events>=0.9.0->jupyter-server<3,>=2.4.0->notebook>=4.4.1->widgetsnbextension~=3.6.5->ipywidgets>=7.0.0->qgridnext) (1.3.0)
2025-01-13T22:07:42.5516930Z Requirement already satisfied: types-python-dateutil>=2.8.10 in /Users/runner/micromamba/envs/tardis/lib/python3.12/site-packages (from arrow>=0.15.0->isoduration->jsonschema[format-nongpl]>=4.18.0->jupyter-events>=0.9.0->jupyter-server<3,>=2.4.0->notebook>=4.4.1->widgetsnbextension~=3.6.5->ipywidgets>=7.0.0->qgridnext) (2.9.0.20240316)
2025-01-13T22:07:42.5803180Z Downloading qgridnext-2.0.4-py3-none-any.whl (1.3 MB)
2025-01-13T22:07:42.6514980Z    ━━━━━━━━━━━━━━━━━━━━━━━━━━━━━━━━━━━━━━━━ 1.3/1.3 MB 19.7 MB/s eta 0:00:00
2025-01-13T22:07:43.4427350Z Installing collected packages: qgridnext
2025-01-13T22:07:43.5058430Z Successfully installed qgridnext-2.0.4
2025-01-13T22:07:43.8584510Z ##[group]Run pytest tardis --tardis-regression-data=/Users/runner/work/tardis/tardis/tardis-regression-data --cov=tardis --cov-report=xml --cov-report=html --cov-append -m " continuum"
2025-01-13T22:07:43.8585550Z [36;1mpytest tardis --tardis-regression-data=/Users/runner/work/tardis/tardis/tardis-regression-data --cov=tardis --cov-report=xml --cov-report=html --cov-append -m " continuum"[0m
2025-01-13T22:07:43.8653860Z shell: /bin/bash -l {0}
2025-01-13T22:07:43.8654050Z env:
2025-01-13T22:07:43.8654190Z   CACHE_NUMBER: 0
2025-01-13T22:07:43.8654740Z   PYTEST_FLAGS: --tardis-regression-data=/Users/runner/work/tardis/tardis/tardis-regression-data --cov=tardis --cov-report=xml --cov-report=html --cov-append
2025-01-13T22:07:43.8655570Z   CODECOV_TOKEN: ***
2025-01-13T22:07:43.8655880Z   MAMBA_ROOT_PREFIX: /Users/runner/micromamba
2025-01-13T22:07:43.8656250Z   MAMBA_EXE: /Users/runner/micromamba-bin/micromamba
2025-01-13T22:07:43.8656640Z   CONDARC: /Users/runner/work/_temp/setup-micromamba/.condarc
2025-01-13T22:07:43.8657030Z ##[endgroup]
2025-01-13T22:08:00.2055220Z ============================= test session starts ==============================
2025-01-13T22:08:00.2056320Z platform darwin -- Python 3.12.4, pytest-8.2.2, pluggy-1.5.0
2025-01-13T22:08:00.2057090Z rootdir: /Users/runner/work/tardis/tardis
2025-01-13T22:08:00.2057700Z configfile: pyproject.toml
2025-01-13T22:08:00.2058440Z plugins: cov-5.0.0, html-4.1.1, metadata-3.1.1, doctestplus-1.2.1, anyio-4.4.0
2025-01-13T22:08:00.2059320Z collected 1796 items / 1794 deselected / 2 selected
2025-01-13T22:08:00.2059750Z 
2025-01-13T22:09:20.5438770Z tardis/transport/montecarlo/estimators/tests/test_continuum_property_solver.py . [ 50%]
2025-01-13T22:09:20.5440470Z                                                                          [ 50%]
2025-01-13T22:09:57.8918620Z tardis/transport/montecarlo/tests/test_continuum.py .                    [100%]
2025-01-13T22:09:57.8921610Z 
2025-01-13T22:09:57.8926990Z =============================== warnings summary ===============================
2025-01-13T22:09:57.8927560Z tardis/io/configuration/config_validator.py:6
2025-01-13T22:09:57.8928030Z tardis/io/configuration/config_validator.py:6
2025-01-13T22:09:57.8928610Z   /Users/runner/work/tardis/tardis/tardis/io/configuration/config_validator.py:6: DeprecationWarning:
2025-01-13T22:09:57.8929400Z   
2025-01-13T22:09:57.8931620Z   jsonschema.RefResolver is deprecated as of v4.18.0, in favor of the https://github.com/python-jsonschema/referencing library, which provides more compliant referencing behavior as well as more flexible APIs for customization. A future release will remove RefResolver. Please file a feature request (on referencing) if you are missing an API for the kind of customization you need.
2025-01-13T22:09:57.8936010Z 
2025-01-13T22:09:57.8937150Z ../../../micromamba/envs/tardis/lib/python3.12/site-packages/jupyter_client/connect.py:22
2025-01-13T22:09:57.8939460Z   /Users/runner/micromamba/envs/tardis/lib/python3.12/site-packages/jupyter_client/connect.py:22: DeprecationWarning:
2025-01-13T22:09:57.8941270Z   
2025-01-13T22:09:57.8942860Z   Jupyter is migrating its paths to use standard platformdirs
2025-01-13T22:09:57.8943920Z   given by the platformdirs library.  To remove this warning and
2025-01-13T22:09:57.8945680Z   see the appropriate new directories, set the environment variable
2025-01-13T22:09:57.8946350Z   `JUPYTER_PLATFORM_DIRS=1` and then run `jupyter --paths`.
2025-01-13T22:09:57.8947050Z   The use of platformdirs will be the default in `jupyter_core` v6
2025-01-13T22:09:57.8947540Z 
2025-01-13T22:09:57.8957950Z tardis/transport/montecarlo/estimators/tests/test_continuum_property_solver.py::test_continuum_estimators
2025-01-13T22:09:57.8961040Z   /Users/runner/work/tardis/tardis/tardis/transport/montecarlo/montecarlo_main_loop.py:123: NumbaTypeSafetyWarning:
2025-01-13T22:09:57.8962290Z   
2025-01-13T22:09:57.8967480Z   [1m[1m[1munsafe cast from uint64 to int64. Precision may be lost.[0m[0m[0m
2025-01-13T22:09:57.8981860Z 
2025-01-13T22:09:57.9053180Z -- Docs: https://docs.pytest.org/en/stable/how-to/capture-warnings.html
2025-01-13T22:09:57.9054100Z 
2025-01-13T22:09:57.9054540Z ---------- coverage: platform darwin, python 3.12.4-final-0 ----------
2025-01-13T22:09:57.9055670Z Coverage HTML written to dir coverage_html_report
2025-01-13T22:09:57.9056460Z Coverage XML written to file coverage.xml
2025-01-13T22:09:57.9057010Z 
2025-01-13T22:09:57.9057550Z ========== 2 passed, 1794 deselected, 4 warnings in 119.51s (0:01:59) ==========
2025-01-13T22:09:59.1138240Z ##[group]Run pytest tardis --tardis-regression-data=/Users/runner/work/tardis/tardis/tardis-regression-data --cov=tardis --cov-report=xml --cov-report=html --cov-append --generate-reference -m " continuum"
2025-01-13T22:09:59.1139540Z [36;1mpytest tardis --tardis-regression-data=/Users/runner/work/tardis/tardis/tardis-regression-data --cov=tardis --cov-report=xml --cov-report=html --cov-append --generate-reference -m " continuum"[0m
2025-01-13T22:09:59.2076240Z shell: /bin/bash -l {0}
2025-01-13T22:09:59.2076430Z env:
2025-01-13T22:09:59.2076750Z   CACHE_NUMBER: 0
2025-01-13T22:09:59.2077420Z   PYTEST_FLAGS: --tardis-regression-data=/Users/runner/work/tardis/tardis/tardis-regression-data --cov=tardis --cov-report=xml --cov-report=html --cov-append
2025-01-13T22:09:59.2078230Z   CODECOV_TOKEN: ***
2025-01-13T22:09:59.2078420Z   MAMBA_ROOT_PREFIX: /Users/runner/micromamba
2025-01-13T22:09:59.2078660Z   MAMBA_EXE: /Users/runner/micromamba-bin/micromamba
2025-01-13T22:09:59.2079100Z   CONDARC: /Users/runner/work/_temp/setup-micromamba/.condarc
2025-01-13T22:09:59.2079860Z ##[endgroup]
2025-01-13T22:10:11.2484270Z ============================= test session starts ==============================
2025-01-13T22:10:11.2486390Z platform darwin -- Python 3.12.4, pytest-8.2.2, pluggy-1.5.0
2025-01-13T22:10:11.2487770Z rootdir: /Users/runner/work/tardis/tardis
2025-01-13T22:10:11.2488670Z configfile: pyproject.toml
2025-01-13T22:10:11.2489840Z plugins: cov-5.0.0, html-4.1.1, metadata-3.1.1, doctestplus-1.2.1, anyio-4.4.0
2025-01-13T22:10:11.2491260Z collected 1796 items / 1794 deselected / 2 selected
2025-01-13T22:10:11.2492000Z 
2025-01-13T22:11:32.8947640Z tardis/transport/montecarlo/estimators/tests/test_continuum_property_solver.py . [ 50%]
2025-01-13T22:11:32.8957810Z                                                                          [ 50%]
2025-01-13T22:12:13.4754020Z tardis/transport/montecarlo/tests/test_continuum.py s                    [100%]
2025-01-13T22:12:13.4766320Z 
2025-01-13T22:12:13.4769650Z =============================== warnings summary ===============================
2025-01-13T22:12:13.4771070Z tardis/io/configuration/config_validator.py:6
2025-01-13T22:12:13.4771880Z tardis/io/configuration/config_validator.py:6
2025-01-13T22:12:13.4772750Z   /Users/runner/work/tardis/tardis/tardis/io/configuration/config_validator.py:6: DeprecationWarning:
2025-01-13T22:12:13.4773520Z   
2025-01-13T22:12:13.4776050Z   jsonschema.RefResolver is deprecated as of v4.18.0, in favor of the https://github.com/python-jsonschema/referencing library, which provides more compliant referencing behavior as well as more flexible APIs for customization. A future release will remove RefResolver. Please file a feature request (on referencing) if you are missing an API for the kind of customization you need.
2025-01-13T22:12:13.4778030Z 
2025-01-13T22:12:13.4778660Z ../../../micromamba/envs/tardis/lib/python3.12/site-packages/jupyter_client/connect.py:22
2025-01-13T22:12:13.4779860Z   /Users/runner/micromamba/envs/tardis/lib/python3.12/site-packages/jupyter_client/connect.py:22: DeprecationWarning:
2025-01-13T22:12:13.4781090Z   
2025-01-13T22:12:13.4781530Z   Jupyter is migrating its paths to use standard platformdirs
2025-01-13T22:12:13.4782140Z   given by the platformdirs library.  To remove this warning and
2025-01-13T22:12:13.4782860Z   see the appropriate new directories, set the environment variable
2025-01-13T22:12:13.4783410Z   `JUPYTER_PLATFORM_DIRS=1` and then run `jupyter --paths`.
2025-01-13T22:12:13.4784150Z   The use of platformdirs will be the default in `jupyter_core` v6
2025-01-13T22:12:13.4784560Z 
2025-01-13T22:12:13.4785550Z tardis/transport/montecarlo/estimators/tests/test_continuum_property_solver.py::test_continuum_estimators
2025-01-13T22:12:13.4786500Z   /Users/runner/work/tardis/tardis/tardis/transport/montecarlo/montecarlo_main_loop.py:123: NumbaTypeSafetyWarning:
2025-01-13T22:12:13.4787270Z   
2025-01-13T22:12:13.4799770Z   [1m[1m[1munsafe cast from uint64 to int64. Precision may be lost.[0m[0m[0m
2025-01-13T22:12:13.4800680Z 
2025-01-13T22:12:13.4801260Z tardis/transport/montecarlo/tests/test_continuum.py::test_montecarlo_continuum
2025-01-13T22:12:13.4802250Z tardis/transport/montecarlo/tests/test_continuum.py::test_montecarlo_continuum
2025-01-13T22:12:13.4803010Z   /Users/runner/work/tardis/tardis/tardis/io/util.py:289: PerformanceWarning:
2025-01-13T22:12:13.4803530Z   
2025-01-13T22:12:13.4804550Z   
2025-01-13T22:12:13.4805200Z   your performance may suffer as PyTables will pickle object types that it cannot
2025-01-13T22:12:13.4806160Z   map directly to c-types [inferred_type->mixed,key->block0_values] [items->Index([0], dtype='int64')]
2025-01-13T22:12:13.4806660Z 
2025-01-13T22:12:13.4806940Z tardis/transport/montecarlo/tests/test_continuum.py::test_montecarlo_continuum
2025-01-13T22:12:13.4807910Z tardis/transport/montecarlo/tests/test_continuum.py::test_montecarlo_continuum
2025-01-13T22:12:13.4808790Z tardis/transport/montecarlo/tests/test_continuum.py::test_montecarlo_continuum
2025-01-13T22:12:13.4809370Z tardis/transport/montecarlo/tests/test_continuum.py::test_montecarlo_continuum
2025-01-13T22:12:13.4820830Z   /Users/runner/work/tardis/tardis/tardis/io/util.py:276: PerformanceWarning:
2025-01-13T22:12:13.4821260Z   
2025-01-13T22:12:13.4821590Z   
2025-01-13T22:12:13.4877280Z   your performance may suffer as PyTables will pickle object types that it cannot
2025-01-13T22:12:13.4877830Z   map directly to c-types [inferred_type->mixed,key->block0_values] [items->Index([0], dtype='int64')]
2025-01-13T22:12:13.4878180Z 
2025-01-13T22:12:13.4878590Z tardis/transport/montecarlo/tests/test_continuum.py::test_montecarlo_continuum
2025-01-13T22:12:13.4879030Z   /Users/runner/work/tardis/tardis/tardis/io/util.py:280: PerformanceWarning:
2025-01-13T22:12:13.4879440Z   
2025-01-13T22:12:13.4879690Z   
2025-01-13T22:12:13.4879990Z   your performance may suffer as PyTables will pickle object types that it cannot
2025-01-13T22:12:13.4880660Z   map directly to c-types [inferred_type->mixed-integer,key->axis1_level0] [items->None]
2025-01-13T22:12:13.4881020Z 
2025-01-13T22:12:13.4881240Z tardis/transport/montecarlo/tests/test_continuum.py::test_montecarlo_continuum
2025-01-13T22:12:13.4881680Z   /Users/runner/work/tardis/tardis/tardis/io/util.py:280: PerformanceWarning:
2025-01-13T22:12:13.4882170Z   
2025-01-13T22:12:13.4882300Z   
2025-01-13T22:12:13.4882530Z   your performance may suffer as PyTables will pickle object types that it cannot
2025-01-13T22:12:13.4883010Z   map directly to c-types [inferred_type->mixed-integer,key->axis1_level1] [items->None]
2025-01-13T22:12:13.4883260Z 
2025-01-13T22:12:13.4883660Z tardis/transport/montecarlo/tests/test_continuum.py::test_montecarlo_continuum
2025-01-13T22:12:13.4884930Z   /Users/runner/work/tardis/tardis/tardis/io/util.py:280: PerformanceWarning:
2025-01-13T22:12:13.4885400Z   
2025-01-13T22:12:13.4885700Z   
2025-01-13T22:12:13.4885950Z   your performance may suffer as PyTables will pickle object types that it cannot
2025-01-13T22:12:13.4886500Z   map directly to c-types [inferred_type->mixed-integer,key->axis1] [items->None]
2025-01-13T22:12:13.4886850Z 
2025-01-13T22:12:13.4887160Z tardis/transport/montecarlo/tests/test_continuum.py::test_montecarlo_continuum
2025-01-13T22:12:13.4887710Z   /Users/runner/work/tardis/tardis/tardis/io/util.py:269: PerformanceWarning:
2025-01-13T22:12:13.4888170Z   
2025-01-13T22:12:13.4888430Z   
2025-01-13T22:12:13.4888860Z   your performance may suffer as PyTables will pickle object types that it cannot
2025-01-13T22:12:13.4889430Z   map directly to c-types [inferred_type->mixed-integer,key->index] [items->None]
2025-01-13T22:12:13.4889790Z 
2025-01-13T22:12:13.4890250Z tardis/transport/montecarlo/tests/test_continuum.py::test_montecarlo_continuum
2025-01-13T22:12:13.4893440Z   /Users/runner/work/tardis/tardis/tardis/io/util.py:280: PerformanceWarning:
2025-01-13T22:12:13.4894730Z   
2025-01-13T22:12:13.4895930Z   
2025-01-13T22:12:13.4897340Z   your performance may suffer as PyTables will pickle object types that it cannot
2025-01-13T22:12:13.4899470Z   map directly to c-types [inferred_type->mixed-integer,key->axis0] [items->None]
2025-01-13T22:12:13.4900260Z 
2025-01-13T22:12:13.4900930Z tardis/transport/montecarlo/tests/test_continuum.py::test_montecarlo_continuum
2025-01-13T22:12:13.4904720Z   /Users/runner/work/tardis/tardis/tardis/io/util.py:280: PerformanceWarning:
2025-01-13T22:12:13.4908070Z   
2025-01-13T22:12:13.4912290Z   
2025-01-13T22:12:13.4913160Z   your performance may suffer as PyTables will pickle object types that it cannot
2025-01-13T22:12:13.4917220Z   map directly to c-types [inferred_type->integer,key->block1_items] [items->None]
2025-01-13T22:12:13.4919140Z 
2025-01-13T22:12:13.4919560Z tardis/transport/montecarlo/tests/test_continuum.py::test_montecarlo_continuum
2025-01-13T22:12:13.4921210Z   /Users/runner/work/tardis/tardis/tardis/io/util.py:280: PerformanceWarning:
2025-01-13T22:12:13.4923130Z   
2025-01-13T22:12:13.4923910Z   
2025-01-13T22:12:13.4924700Z   your performance may suffer as PyTables will pickle object types that it cannot
2025-01-13T22:12:13.4927010Z   map directly to c-types [inferred_type->integer,key->block0_items] [items->None]
2025-01-13T22:12:13.4927660Z 
2025-01-13T22:12:13.4928690Z tardis/transport/montecarlo/tests/test_continuum.py::test_montecarlo_continuum
2025-01-13T22:12:13.4931890Z   /Users/runner/work/tardis/tardis/tardis/io/util.py:280: PerformanceWarning:
2025-01-13T22:12:13.4932570Z   
2025-01-13T22:12:13.4933020Z   
2025-01-13T22:12:13.4933340Z   your performance may suffer as PyTables will pickle object types that it cannot
2025-01-13T22:12:13.4935130Z   map directly to c-types [inferred_type->integer,key->axis0] [items->None]
2025-01-13T22:12:13.4935790Z 
2025-01-13T22:12:13.4936650Z tardis/transport/montecarlo/tests/test_continuum.py::test_montecarlo_continuum
2025-01-13T22:12:13.4939160Z   /Users/runner/work/tardis/tardis/tardis/io/util.py:292: PerformanceWarning:
2025-01-13T22:12:13.4939650Z   
2025-01-13T22:12:13.4939810Z   
2025-01-13T22:12:13.4940750Z   your performance may suffer as PyTables will pickle object types that it cannot
2025-01-13T22:12:13.4943070Z   map directly to c-types [inferred_type->mixed-integer,key->values] [items->None]
2025-01-13T22:12:13.4943460Z 
2025-01-13T22:12:13.4943960Z tardis/transport/montecarlo/tests/test_continuum.py::test_montecarlo_continuum
2025-01-13T22:12:13.4946000Z   /Users/runner/work/tardis/tardis/tardis/spectrum/base.py:70: UserWarning:
2025-01-13T22:12:13.4947430Z   
2025-01-13T22:12:13.4948400Z   SpectrumSolver.spectrum_virtual_packets is zero. Please run the montecarlo simulation with no_of_virtual_packets > 0
2025-01-13T22:12:13.4948830Z 
2025-01-13T22:12:13.4949080Z tardis/transport/montecarlo/tests/test_continuum.py::test_montecarlo_continuum
2025-01-13T22:12:13.4949870Z   /Users/runner/work/tardis/tardis/tardis/spectrum/base.py:94: UserWarning:
2025-01-13T22:12:13.4950950Z   
2025-01-13T22:12:13.4951560Z   The FormalIntegrator is not yet implemented for the full relativity mode or continuum processes. Please run with config option enable_full_relativity: False and continuum_processes_enabled: False This RETURNS AN EMPTY SPECTRUM!
2025-01-13T22:12:13.4952180Z 
2025-01-13T22:12:13.4952440Z -- Docs: https://docs.pytest.org/en/stable/how-to/capture-warnings.html
2025-01-13T22:12:13.4953420Z 
2025-01-13T22:12:13.4953790Z ---------- coverage: platform darwin, python 3.12.4-final-0 ----------
2025-01-13T22:12:13.4954340Z Coverage HTML written to dir coverage_html_report
2025-01-13T22:12:13.4956790Z Coverage XML written to file coverage.xml
2025-01-13T22:12:13.4957010Z 
2025-01-13T22:12:13.4957240Z ==== 1 passed, 1 skipped, 1794 deselected, 21 warnings in 123.89s (0:02:03) ====
2025-01-13T22:12:14.8789960Z ##[group]Run mv .coverage .coverage.1
2025-01-13T22:12:14.8790900Z [36;1mmv .coverage .coverage.1[0m
2025-01-13T22:12:14.9568690Z shell: /bin/bash -l {0}
2025-01-13T22:12:14.9568990Z env:
2025-01-13T22:12:14.9569120Z   CACHE_NUMBER: 0
2025-01-13T22:12:14.9569660Z   PYTEST_FLAGS: --tardis-regression-data=/Users/runner/work/tardis/tardis/tardis-regression-data --cov=tardis --cov-report=xml --cov-report=html --cov-append
2025-01-13T22:12:14.9570560Z   CODECOV_TOKEN: ***
2025-01-13T22:12:14.9570740Z   MAMBA_ROOT_PREFIX: /Users/runner/micromamba
2025-01-13T22:12:14.9571070Z   MAMBA_EXE: /Users/runner/micromamba-bin/micromamba
2025-01-13T22:12:14.9571410Z   CONDARC: /Users/runner/work/_temp/setup-micromamba/.condarc
2025-01-13T22:12:14.9571740Z ##[endgroup]
2025-01-13T22:12:15.1880600Z ##[group]Run actions/upload-artifact@v4
2025-01-13T22:12:15.1881040Z with:
2025-01-13T22:12:15.1881320Z   name: coverage--continuum-macos-latest
2025-01-13T22:12:15.1881590Z   include-hidden-files: true
2025-01-13T22:12:15.1881800Z   path: .coverage*
!.coveragerc

2025-01-13T22:12:15.1882010Z   if-no-files-found: warn
2025-01-13T22:12:15.1882260Z   compression-level: 6
2025-01-13T22:12:15.1882530Z   overwrite: false
2025-01-13T22:12:15.1882680Z env:
2025-01-13T22:12:15.1882870Z   CACHE_NUMBER: 0
2025-01-13T22:12:15.1883410Z   PYTEST_FLAGS: --tardis-regression-data=/Users/runner/work/tardis/tardis/tardis-regression-data --cov=tardis --cov-report=xml --cov-report=html --cov-append
2025-01-13T22:12:15.1884330Z   CODECOV_TOKEN: ***
2025-01-13T22:12:15.1884530Z   MAMBA_ROOT_PREFIX: /Users/runner/micromamba
2025-01-13T22:12:15.1884800Z   MAMBA_EXE: /Users/runner/micromamba-bin/micromamba
2025-01-13T22:12:15.1885110Z   CONDARC: /Users/runner/work/_temp/setup-micromamba/.condarc
2025-01-13T22:12:15.1885470Z ##[endgroup]
2025-01-13T22:12:15.7366010Z With the provided path, there will be 1 file uploaded
2025-01-13T22:12:15.7369170Z Artifact name is valid!
2025-01-13T22:12:15.7369880Z Root directory input is valid!
2025-01-13T22:12:15.9627550Z Beginning upload of artifact content to blob storage
2025-01-13T22:12:16.1594570Z Uploaded bytes 18533
2025-01-13T22:12:16.2096180Z Finished uploading artifact content to blob storage!
2025-01-13T22:12:16.2198250Z SHA256 hash of uploaded artifact zip is 36306db30cddaf5a7e14c45eecd4db59f26cc06d5befb704bae0de1d7d6a640b
2025-01-13T22:12:16.2298470Z Finalizing artifact upload
2025-01-13T22:12:16.3426730Z Artifact coverage--continuum-macos-latest.zip successfully finalized. Artifact ID 2425095459
2025-01-13T22:12:16.3428590Z Artifact coverage--continuum-macos-latest has been successfully uploaded! Final size is 18533 bytes. Artifact ID is 2425095459
2025-01-13T22:12:16.3433400Z Artifact download URL: https://github.com/tardis-sn/tardis/actions/runs/12756942963/artifacts/2425095459
2025-01-13T22:12:16.3584830Z Post job cleanup.
2025-01-13T22:12:16.3638520Z Post job cleanup.
2025-01-13T22:12:16.5399700Z Will use pre-installed micromamba at /Users/runner/micromamba-bin/micromamba
2025-01-13T22:12:16.5402360Z Removing micromamba run shell ...
2025-01-13T22:12:16.5404320Z ##[group]Deinitialize micromamba for bash
2025-01-13T22:12:16.5418010Z [command]/Users/runner/micromamba-bin/micromamba shell deinit -s bash -r /Users/runner/micromamba --log-level warning --rc-file /Users/runner/work/_temp/setup-micromamba/.condarc
2025-01-13T22:12:16.5664900Z Resetting RC file "/Users/runner/.bash_profile"
2025-01-13T22:12:16.5665420Z Deleting config for root prefix 
2025-01-13T22:12:16.5665670Z Clearing mamba executable environment variable
2025-01-13T22:12:16.5684630Z Removing the following in your "/Users/runner/.bash_profile" file
2025-01-13T22:12:16.5685070Z # >>> mamba initialize >>>
2025-01-13T22:12:16.5685450Z ...
2025-01-13T22:12:16.5685720Z # <<< mamba initialize <<<
2025-01-13T22:12:16.5762740Z Removing environment tardis from auto-activate bash ...
2025-01-13T22:12:16.5868740Z Post job cleanup.
2025-01-13T22:12:16.5912340Z Post job cleanup.
2025-01-13T22:12:16.7373870Z [command]/opt/homebrew/bin/git version
2025-01-13T22:12:16.7618230Z git version 2.47.1
2025-01-13T22:12:16.7642140Z Copying '/Users/runner/.gitconfig' to '/Users/runner/work/_temp/69edc4ff-bfb3-4502-be90-2d44d7f16dd5/.gitconfig'
2025-01-13T22:12:16.7657170Z Temporarily overriding HOME='/Users/runner/work/_temp/69edc4ff-bfb3-4502-be90-2d44d7f16dd5' before making global git config changes
2025-01-13T22:12:16.7657950Z Adding repository directory to the temporary git global config as a safe directory
2025-01-13T22:12:16.7670640Z [command]/opt/homebrew/bin/git config --global --add safe.directory /Users/runner/work/tardis/tardis/tardis-regression-data
2025-01-13T22:12:16.7811620Z [command]/opt/homebrew/bin/git config --local --name-only --get-regexp core\.sshCommand
2025-01-13T22:12:16.7864280Z [command]/opt/homebrew/bin/git submodule foreach --recursive sh -c "git config --local --name-only --get-regexp 'core\.sshCommand' && git config --local --unset-all 'core.sshCommand' || :"
2025-01-13T22:12:16.9817480Z [command]/opt/homebrew/bin/git config --local --name-only --get-regexp http\.https\:\/\/github\.com\/\.extraheader
2025-01-13T22:12:16.9817950Z http.https://github.com/.extraheader
2025-01-13T22:12:16.9818640Z [command]/opt/homebrew/bin/git config --local --unset-all http.https://github.com/.extraheader
2025-01-13T22:12:16.9990560Z [command]/opt/homebrew/bin/git submodule foreach --recursive sh -c "git config --local --name-only --get-regexp 'http\.https\:\/\/github\.com\/\.extraheader' && git config --local --unset-all 'http.https://github.com/.extraheader' || :"
2025-01-13T22:12:17.1413370Z Post job cleanup.
2025-01-13T22:12:17.2830250Z [command]/opt/homebrew/bin/git version
2025-01-13T22:12:17.2880140Z git version 2.47.1
2025-01-13T22:12:17.2934260Z Copying '/Users/runner/.gitconfig' to '/Users/runner/work/_temp/f5d2a853-e5ba-4ad5-a728-35b6ed1e3513/.gitconfig'
2025-01-13T22:12:17.2945440Z Temporarily overriding HOME='/Users/runner/work/_temp/f5d2a853-e5ba-4ad5-a728-35b6ed1e3513' before making global git config changes
2025-01-13T22:12:17.2946180Z Adding repository directory to the temporary git global config as a safe directory
2025-01-13T22:12:17.2946770Z [command]/opt/homebrew/bin/git config --global --add safe.directory /Users/runner/work/tardis/tardis
2025-01-13T22:12:17.2962440Z [command]/opt/homebrew/bin/git config --local --name-only --get-regexp core\.sshCommand
2025-01-13T22:12:17.3056110Z [command]/opt/homebrew/bin/git submodule foreach --recursive sh -c "git config --local --name-only --get-regexp 'core\.sshCommand' && git config --local --unset-all 'core.sshCommand' || :"
2025-01-13T22:12:17.4039710Z [command]/opt/homebrew/bin/git config --local --name-only --get-regexp http\.https\:\/\/github\.com\/\.extraheader
2025-01-13T22:12:17.4135360Z http.https://github.com/.extraheader
2025-01-13T22:12:17.4150260Z [command]/opt/homebrew/bin/git config --local --unset-all http.https://github.com/.extraheader
2025-01-13T22:12:17.4218440Z [command]/opt/homebrew/bin/git submodule foreach --recursive sh -c "git config --local --name-only --get-regexp 'http\.https\:\/\/github\.com\/\.extraheader' && git config --local --unset-all 'http.https://github.com/.extraheader' || :"
2025-01-13T22:12:17.5879110Z Cleaning up orphan processes
