2025-02-21T13:23:32.6867694Z Requested labels: macos-latest
2025-02-21T13:23:32.6868384Z Job defined at: tardis-sn/tardis/.github/workflows/tests.yml@refs/pull/2977/merge
2025-02-21T13:23:32.6868571Z Waiting for a runner to pick up this job...
2025-02-21T13:23:32.9185779Z Job is waiting for a hosted runner to come online.
2025-02-21T13:23:37.0914796Z Job is about to start running on the hosted runner: GitHub Actions 59 (hosted)
2025-02-21T13:23:38.6857430Z Current runner version: '2.322.0'
2025-02-21T13:23:38.6910290Z ##[group]Operating System
2025-02-21T13:23:38.6911670Z macOS
2025-02-21T13:23:38.6923800Z 14.7.2
2025-02-21T13:23:38.6924610Z 23H311
2025-02-21T13:23:38.6925380Z ##[endgroup]
2025-02-21T13:23:38.6926230Z ##[group]Runner Image
2025-02-21T13:23:38.6927190Z Image: macos-14-arm64
2025-02-21T13:23:38.6928080Z Version: 20250120.774
2025-02-21T13:23:38.6929980Z Included Software: https://github.com/actions/runner-images/blob/macos-14-arm64/20250120.774/images/macos/macos-14-arm64-Readme.md
2025-02-21T13:23:38.6932630Z Image Release: https://github.com/actions/runner-images/releases/tag/macos-14-arm64%2F20250120.774
2025-02-21T13:23:38.6934300Z ##[endgroup]
2025-02-21T13:23:38.6935170Z ##[group]Runner Image Provisioner
2025-02-21T13:23:38.6936330Z 2.0.422.1+55c30c14fe2a0a1547db1b656933ae07d97649a9
2025-02-21T13:23:38.6937470Z ##[endgroup]
2025-02-21T13:23:38.6941510Z ##[group]GITHUB_TOKEN Permissions
2025-02-21T13:23:38.6945070Z Actions: read
2025-02-21T13:23:38.6945990Z Attestations: read
2025-02-21T13:23:38.6946880Z Checks: read
2025-02-21T13:23:38.6947740Z Contents: read
2025-02-21T13:23:38.6948580Z Deployments: read
2025-02-21T13:23:38.6949450Z Discussions: read
2025-02-21T13:23:38.6950350Z Issues: read
2025-02-21T13:23:38.6951190Z Metadata: read
2025-02-21T13:23:38.6952030Z Packages: read
2025-02-21T13:23:38.6952870Z Pages: read
2025-02-21T13:23:38.6953740Z PullRequests: read
2025-02-21T13:23:38.6954660Z RepositoryProjects: read
2025-02-21T13:23:38.6955640Z SecurityEvents: read
2025-02-21T13:23:38.6956570Z Statuses: read
2025-02-21T13:23:38.6957820Z ##[endgroup]
2025-02-21T13:23:38.6961110Z Secret source: None
2025-02-21T13:23:38.6961820Z Prepare workflow directory
2025-02-21T13:23:38.7433130Z Prepare all required actions
2025-02-21T13:23:38.7459200Z Getting action download info
2025-02-21T13:23:38.9333970Z ##[group]Download immutable action package 'actions/checkout@v4'
2025-02-21T13:23:38.9334560Z Version: 4.2.2
2025-02-21T13:23:38.9335150Z Digest: sha256:ccb2698953eaebd21c7bf6268a94f9c26518a7e38e27e0b83c1fe1ad049819b1
2025-02-21T13:23:38.9335860Z Source commit SHA: 11bd71901bbe5b1630ceea73d27597364c9af683
2025-02-21T13:23:38.9336290Z ##[endgroup]
2025-02-21T13:23:39.2482220Z ##[group]Download immutable action package 'actions/upload-artifact@v4'
2025-02-21T13:23:39.2482810Z Version: 4.6.0
2025-02-21T13:23:39.2483280Z Digest: sha256:bf85474c8423f9cd48bd2caf3ce5adb1711e2dfdb055b040bd36b044e4290329
2025-02-21T13:23:39.2483880Z Source commit SHA: 65c4c4a1ddee5b72f698fdd19549f0f0fb45cf08
2025-02-21T13:23:39.2484310Z ##[endgroup]
2025-02-21T13:23:39.4361960Z Complete job name: not continuum macos-latest 
2025-02-21T13:23:39.4718370Z ##[group]Run actions/checkout@v4
2025-02-21T13:23:39.4718880Z with:
2025-02-21T13:23:39.4719170Z   repository: tardis-sn/tardis
2025-02-21T13:23:39.4719610Z   token: ***
2025-02-21T13:23:39.4719890Z   ssh-strict: true
2025-02-21T13:23:39.4720180Z   ssh-user: git
2025-02-21T13:23:39.4720480Z   persist-credentials: true
2025-02-21T13:23:39.4720830Z   clean: true
2025-02-21T13:23:39.4721130Z   sparse-checkout-cone-mode: true
2025-02-21T13:23:39.4721480Z   fetch-depth: 1
2025-02-21T13:23:39.4721770Z   fetch-tags: false
2025-02-21T13:23:39.4722070Z   show-progress: true
2025-02-21T13:23:39.4722370Z   lfs: false
2025-02-21T13:23:39.4722650Z   submodules: false
2025-02-21T13:23:39.4722960Z   set-safe-directory: true
2025-02-21T13:23:39.4723380Z env:
2025-02-21T13:23:39.4723650Z   CACHE_NUMBER: 0
2025-02-21T13:23:39.4724440Z   PYTEST_FLAGS: --tardis-regression-data=/Users/runner/work/tardis/tardis/tardis-regression-data --cov=tardis --cov-report=xml --cov-report=html --cov-append
2025-02-21T13:23:39.4725280Z   CODECOV_TOKEN: 
2025-02-21T13:23:39.4725580Z ##[endgroup]
2025-02-21T13:23:39.8333400Z Syncing repository: tardis-sn/tardis
2025-02-21T13:23:39.8334780Z ##[group]Getting Git version info
2025-02-21T13:23:39.8335240Z Working directory is '/Users/runner/work/tardis/tardis'
2025-02-21T13:23:39.8335910Z [command]/opt/homebrew/bin/git version
2025-02-21T13:23:39.8862770Z git version 2.48.1
2025-02-21T13:23:39.8890670Z ##[endgroup]
2025-02-21T13:23:39.8896920Z Copying '/Users/runner/.gitconfig' to '/Users/runner/work/_temp/00bc2594-32d3-4fc1-9b6f-a421f078ef7e/.gitconfig'
2025-02-21T13:23:39.8902890Z Temporarily overriding HOME='/Users/runner/work/_temp/00bc2594-32d3-4fc1-9b6f-a421f078ef7e' before making global git config changes
2025-02-21T13:23:39.8904070Z Adding repository directory to the temporary git global config as a safe directory
2025-02-21T13:23:39.8907610Z [command]/opt/homebrew/bin/git config --global --add safe.directory /Users/runner/work/tardis/tardis
2025-02-21T13:23:39.8992540Z Deleting the contents of '/Users/runner/work/tardis/tardis'
2025-02-21T13:23:39.8994180Z ##[group]Initializing the repository
2025-02-21T13:23:39.8998080Z [command]/opt/homebrew/bin/git init /Users/runner/work/tardis/tardis
2025-02-21T13:23:39.9146000Z hint: Using 'master' as the name for the initial branch. This default branch name
2025-02-21T13:23:39.9146970Z hint: is subject to change. To configure the initial branch name to use in all
2025-02-21T13:23:39.9147830Z hint: of your new repositories, which will suppress this warning, call:
2025-02-21T13:23:39.9148310Z hint:
2025-02-21T13:23:39.9148670Z hint: 	git config --global init.defaultBranch <name>
2025-02-21T13:23:39.9149090Z hint:
2025-02-21T13:23:39.9149490Z hint: Names commonly chosen instead of 'master' are 'main', 'trunk' and
2025-02-21T13:23:39.9150130Z hint: 'development'. The just-created branch can be renamed via this command:
2025-02-21T13:23:39.9150620Z hint:
2025-02-21T13:23:39.9150910Z hint: 	git branch -m <name>
2025-02-21T13:23:39.9151410Z Initialized empty Git repository in /Users/runner/work/tardis/tardis/.git/
2025-02-21T13:23:39.9155150Z [command]/opt/homebrew/bin/git remote add origin https://github.com/tardis-sn/tardis
2025-02-21T13:23:39.9208360Z ##[endgroup]
2025-02-21T13:23:39.9208980Z ##[group]Disabling automatic garbage collection
2025-02-21T13:23:39.9211140Z [command]/opt/homebrew/bin/git config --local gc.auto 0
2025-02-21T13:23:39.9247460Z ##[endgroup]
2025-02-21T13:23:39.9247970Z ##[group]Setting up auth
2025-02-21T13:23:39.9252130Z [command]/opt/homebrew/bin/git config --local --name-only --get-regexp core\.sshCommand
2025-02-21T13:23:39.9295740Z [command]/opt/homebrew/bin/git submodule foreach --recursive sh -c "git config --local --name-only --get-regexp 'core\.sshCommand' && git config --local --unset-all 'core.sshCommand' || :"
2025-02-21T13:23:40.0244220Z [command]/opt/homebrew/bin/git config --local --name-only --get-regexp http\.https\:\/\/github\.com\/\.extraheader
2025-02-21T13:23:40.0327260Z [command]/opt/homebrew/bin/git submodule foreach --recursive sh -c "git config --local --name-only --get-regexp 'http\.https\:\/\/github\.com\/\.extraheader' && git config --local --unset-all 'http.https://github.com/.extraheader' || :"
2025-02-21T13:23:40.0945910Z [command]/opt/homebrew/bin/git config --local http.https://github.com/.extraheader AUTHORIZATION: basic ***
2025-02-21T13:23:40.1052740Z ##[endgroup]
2025-02-21T13:23:40.1053330Z ##[group]Fetching the repository
2025-02-21T13:23:40.1060450Z [command]/opt/homebrew/bin/git -c protocol.version=2 fetch --no-tags --prune --no-recurse-submodules --depth=1 origin +4447f4ce8abb58140d42bc88ac6c4d41e1023d98:refs/remotes/pull/2977/merge
2025-02-21T13:23:42.0192170Z From https://github.com/tardis-sn/tardis
2025-02-21T13:23:42.0245170Z  * [new ref]         4447f4ce8abb58140d42bc88ac6c4d41e1023d98 -> pull/2977/merge
2025-02-21T13:23:42.0269400Z ##[endgroup]
2025-02-21T13:23:42.0270270Z ##[group]Determining the checkout info
2025-02-21T13:23:42.0271120Z ##[endgroup]
2025-02-21T13:23:42.0273940Z [command]/opt/homebrew/bin/git sparse-checkout disable
2025-02-21T13:23:42.0337740Z [command]/opt/homebrew/bin/git config --local --unset-all extensions.worktreeConfig
2025-02-21T13:23:42.0386990Z ##[group]Checking out the ref
2025-02-21T13:23:42.0389090Z [command]/opt/homebrew/bin/git checkout --progress --force refs/remotes/pull/2977/merge
2025-02-21T13:23:42.3868960Z HEAD is now at 4447f4c Merge 0f98d37d9bc62ee9ec7aa2195b2c1caead60d674 into cec8b531cc56e66219fe3ca2efdbf837c008b852
2025-02-21T13:23:42.3886640Z ##[endgroup]
2025-02-21T13:23:42.3962490Z [command]/opt/homebrew/bin/git log -1 --format=%H
2025-02-21T13:23:42.4014630Z 4447f4ce8abb58140d42bc88ac6c4d41e1023d98
2025-02-21T13:23:42.4307480Z Prepare all required actions
2025-02-21T13:23:42.4308730Z Getting action download info
2025-02-21T13:23:42.5992250Z ##[group]Download immutable action package 'actions/cache@v4'
2025-02-21T13:23:42.5993110Z Version: 4.2.1
2025-02-21T13:23:42.5993770Z Digest: sha256:b0404c9628d43aa6855629075b28f32cadf8efc5c26198438149f78500112940
2025-02-21T13:23:42.5994760Z Source commit SHA: 0c907a75c2c80ebcb7f088228285e798b750cf8f
2025-02-21T13:23:42.5995430Z ##[endgroup]
2025-02-21T13:23:43.3111520Z ##[group]Run ./.github/actions/setup_lfs
2025-02-21T13:23:43.3112300Z with:
2025-02-21T13:23:43.3113080Z   regression-data-repo: tardis-sn/tardis-regression-data
2025-02-21T13:23:43.3113850Z   atom-data-sparse: false
2025-02-21T13:23:43.3114610Z env:
2025-02-21T13:23:43.3115210Z   CACHE_NUMBER: 0
2025-02-21T13:23:43.3116320Z   PYTEST_FLAGS: --tardis-regression-data=/Users/runner/work/tardis/tardis/tardis-regression-data --cov=tardis --cov-report=xml --cov-report=html --cov-append
2025-02-21T13:23:43.3117430Z   CODECOV_TOKEN: 
2025-02-21T13:23:43.3118060Z ##[endgroup]
2025-02-21T13:23:43.3271280Z ##[group]Run actions/checkout@v4
2025-02-21T13:23:43.3271870Z with:
2025-02-21T13:23:43.3272430Z   repository: tardis-sn/tardis-regression-data
2025-02-21T13:23:43.3273040Z   path: tardis-regression-data
2025-02-21T13:23:43.3273590Z   lfs: false
2025-02-21T13:23:43.3274180Z   token: ***
2025-02-21T13:23:43.3274670Z   ssh-strict: true
2025-02-21T13:23:43.3275170Z   ssh-user: git
2025-02-21T13:23:43.3275660Z   persist-credentials: true
2025-02-21T13:23:43.3276180Z   clean: true
2025-02-21T13:23:43.3276700Z   sparse-checkout-cone-mode: true
2025-02-21T13:23:43.3277270Z   fetch-depth: 1
2025-02-21T13:23:43.3277800Z   fetch-tags: false
2025-02-21T13:23:43.3278300Z   show-progress: true
2025-02-21T13:23:43.3278800Z   submodules: false
2025-02-21T13:23:43.3279320Z   set-safe-directory: true
2025-02-21T13:23:43.3279840Z env:
2025-02-21T13:23:43.3280320Z   CACHE_NUMBER: 0
2025-02-21T13:23:43.3281220Z   PYTEST_FLAGS: --tardis-regression-data=/Users/runner/work/tardis/tardis/tardis-regression-data --cov=tardis --cov-report=xml --cov-report=html --cov-append
2025-02-21T13:23:43.3282180Z   CODECOV_TOKEN: 
2025-02-21T13:23:43.3282700Z ##[endgroup]
2025-02-21T13:23:43.4254890Z Syncing repository: tardis-sn/tardis-regression-data
2025-02-21T13:23:43.4256340Z ##[group]Getting Git version info
2025-02-21T13:23:43.4257210Z Working directory is '/Users/runner/work/tardis/tardis/tardis-regression-data'
2025-02-21T13:23:43.4259140Z [command]/opt/homebrew/bin/git version
2025-02-21T13:23:43.4312070Z git version 2.48.1
2025-02-21T13:23:43.4326530Z ##[endgroup]
2025-02-21T13:23:43.4332730Z Copying '/Users/runner/.gitconfig' to '/Users/runner/work/_temp/e70cb5f3-1e71-4eb7-a69e-997a5ea92daa/.gitconfig'
2025-02-21T13:23:43.4339090Z Temporarily overriding HOME='/Users/runner/work/_temp/e70cb5f3-1e71-4eb7-a69e-997a5ea92daa' before making global git config changes
2025-02-21T13:23:43.4340530Z Adding repository directory to the temporary git global config as a safe directory
2025-02-21T13:23:43.4342020Z [command]/opt/homebrew/bin/git config --global --add safe.directory /Users/runner/work/tardis/tardis/tardis-regression-data
2025-02-21T13:23:43.4388380Z ##[group]Initializing the repository
2025-02-21T13:23:43.4392200Z [command]/opt/homebrew/bin/git init /Users/runner/work/tardis/tardis/tardis-regression-data
2025-02-21T13:23:43.4472560Z hint: Using 'master' as the name for the initial branch. This default branch name
2025-02-21T13:23:43.4479510Z hint: is subject to change. To configure the initial branch name to use in all
2025-02-21T13:23:43.4480440Z hint: of your new repositories, which will suppress this warning, call:
2025-02-21T13:23:43.4484310Z hint:
2025-02-21T13:23:43.4485090Z hint: 	git config --global init.defaultBranch <name>
2025-02-21T13:23:43.4485810Z hint:
2025-02-21T13:23:43.4486520Z hint: Names commonly chosen instead of 'master' are 'main', 'trunk' and
2025-02-21T13:23:43.4488260Z hint: 'development'. The just-created branch can be renamed via this command:
2025-02-21T13:23:43.4489560Z hint:
2025-02-21T13:23:43.4490250Z hint: 	git branch -m <name>
2025-02-21T13:23:43.4491130Z Initialized empty Git repository in /Users/runner/work/tardis/tardis/tardis-regression-data/.git/
2025-02-21T13:23:43.4507430Z [command]/opt/homebrew/bin/git remote add origin https://github.com/tardis-sn/tardis-regression-data
2025-02-21T13:23:43.4525200Z ##[endgroup]
2025-02-21T13:23:43.4526130Z ##[group]Disabling automatic garbage collection
2025-02-21T13:23:43.4527500Z [command]/opt/homebrew/bin/git config --local gc.auto 0
2025-02-21T13:23:43.4572400Z ##[endgroup]
2025-02-21T13:23:43.4573330Z ##[group]Setting up auth
2025-02-21T13:23:43.4576920Z [command]/opt/homebrew/bin/git config --local --name-only --get-regexp core\.sshCommand
2025-02-21T13:23:43.4621320Z [command]/opt/homebrew/bin/git submodule foreach --recursive sh -c "git config --local --name-only --get-regexp 'core\.sshCommand' && git config --local --unset-all 'core.sshCommand' || :"
2025-02-21T13:23:43.5104020Z [command]/opt/homebrew/bin/git config --local --name-only --get-regexp http\.https\:\/\/github\.com\/\.extraheader
2025-02-21T13:23:43.5143010Z [command]/opt/homebrew/bin/git submodule foreach --recursive sh -c "git config --local --name-only --get-regexp 'http\.https\:\/\/github\.com\/\.extraheader' && git config --local --unset-all 'http.https://github.com/.extraheader' || :"
2025-02-21T13:23:43.5640210Z [command]/opt/homebrew/bin/git config --local http.https://github.com/.extraheader AUTHORIZATION: basic ***
2025-02-21T13:23:43.5728850Z ##[endgroup]
2025-02-21T13:23:43.5737450Z ##[group]Determining the default branch
2025-02-21T13:23:43.5738700Z Retrieving the default branch name
2025-02-21T13:23:44.0265220Z Default branch 'main'
2025-02-21T13:23:44.0277730Z ##[endgroup]
2025-02-21T13:23:44.0279040Z ##[group]Fetching the repository
2025-02-21T13:23:44.0285800Z [command]/opt/homebrew/bin/git -c protocol.version=2 fetch --no-tags --prune --no-recurse-submodules --depth=1 origin +refs/heads/main:refs/remotes/origin/main
2025-02-21T13:23:45.0779360Z From https://github.com/tardis-sn/tardis-regression-data
2025-02-21T13:23:45.0781370Z  * [new branch]      main       -> origin/main
2025-02-21T13:23:45.0829920Z ##[endgroup]
2025-02-21T13:23:45.0830300Z ##[group]Determining the checkout info
2025-02-21T13:23:45.0831110Z ##[endgroup]
2025-02-21T13:23:45.0834170Z [command]/opt/homebrew/bin/git sparse-checkout disable
2025-02-21T13:23:45.0885740Z [command]/opt/homebrew/bin/git config --local --unset-all extensions.worktreeConfig
2025-02-21T13:23:45.0927220Z ##[group]Checking out the ref
2025-02-21T13:23:45.0927700Z [command]/opt/homebrew/bin/git checkout --progress --force -B main refs/remotes/origin/main
2025-02-21T13:23:45.3176390Z Switched to a new branch 'main'
2025-02-21T13:23:45.3180530Z branch 'main' set up to track 'origin/main'.
2025-02-21T13:23:45.4000930Z ##[endgroup]
2025-02-21T13:23:45.4062080Z [command]/opt/homebrew/bin/git log -1 --format=%H
2025-02-21T13:23:45.4108030Z 84e768462f20f09fbccc05625cdcc1d8ffbe404c
2025-02-21T13:23:45.4214290Z ##[group]Run if [ "false" == "true" ]; then
2025-02-21T13:23:45.4214610Z [36;1mif [ "false" == "true" ]; then[0m
2025-02-21T13:23:45.4214900Z [36;1m  echo "Using atom data sparse checkout"[0m
2025-02-21T13:23:45.4215260Z [36;1m  echo "atom_data/kurucz_cd23_chianti_H_He.h5" > .lfs-files-list[0m
2025-02-21T13:23:45.4215540Z [36;1melse[0m
2025-02-21T13:23:45.4215730Z [36;1m  echo "Using full repository checkout"[0m
2025-02-21T13:23:45.4216080Z [36;1m  git lfs ls-files -l | cut -d' ' -f1 | sort > .lfs-files-list[0m
2025-02-21T13:23:45.4216390Z [36;1mfi[0m
2025-02-21T13:23:45.4281050Z shell: /bin/bash --noprofile --norc -e -o pipefail {0}
2025-02-21T13:23:45.4283400Z env:
2025-02-21T13:23:45.4283680Z   CACHE_NUMBER: 0
2025-02-21T13:23:45.4284270Z   PYTEST_FLAGS: --tardis-regression-data=/Users/runner/work/tardis/tardis/tardis-regression-data --cov=tardis --cov-report=xml --cov-report=html --cov-append
2025-02-21T13:23:45.4284830Z   CODECOV_TOKEN: 
2025-02-21T13:23:45.4285320Z ##[endgroup]
2025-02-21T13:23:45.4644820Z Using full repository checkout
2025-02-21T13:23:45.6877030Z ##[group]Run actions/cache/restore@v4
2025-02-21T13:23:45.6877360Z with:
2025-02-21T13:23:45.6877520Z   path: tardis-regression-data/.git/lfs
2025-02-21T13:23:45.6878040Z   key: tardis-regression-full-data-c8ff2bbb6048b3f24d3f52a1e85b013ad47e52c369a6ce4cfdeff528b659b86f-tardis-sn/tardis-regression-data-v1
2025-02-21T13:23:45.6878530Z   fail-on-cache-miss: true
2025-02-21T13:23:45.6878740Z   enableCrossOsArchive: false
2025-02-21T13:23:45.6878910Z   lookup-only: false
2025-02-21T13:23:45.6879060Z env:
2025-02-21T13:23:45.6879210Z   CACHE_NUMBER: 0
2025-02-21T13:23:45.6879690Z   PYTEST_FLAGS: --tardis-regression-data=/Users/runner/work/tardis/tardis/tardis-regression-data --cov=tardis --cov-report=xml --cov-report=html --cov-append
2025-02-21T13:23:45.6880220Z   CODECOV_TOKEN: 
2025-02-21T13:23:45.6880360Z ##[endgroup]
2025-02-21T13:23:45.9768090Z Cache hit for: tardis-regression-full-data-c8ff2bbb6048b3f24d3f52a1e85b013ad47e52c369a6ce4cfdeff528b659b86f-tardis-sn/tardis-regression-data-v1
2025-02-21T13:23:47.2088760Z Received 50331648 of 2161656325 (2.3%), 48.0 MBs/sec
2025-02-21T13:23:48.2084580Z Received 125829120 of 2161656325 (5.8%), 59.8 MBs/sec
2025-02-21T13:23:49.2092090Z Received 180355072 of 2161656325 (8.3%), 57.2 MBs/sec
2025-02-21T13:23:50.2122270Z Received 264241152 of 2161656325 (12.2%), 62.8 MBs/sec
2025-02-21T13:23:51.2210140Z Received 331350016 of 2161656325 (15.3%), 63.1 MBs/sec
2025-02-21T13:23:52.2146940Z Received 398458880 of 2161656325 (18.4%), 63.2 MBs/sec
2025-02-21T13:23:53.2152300Z Received 436207616 of 2161656325 (20.2%), 59.3 MBs/sec
2025-02-21T13:23:54.2219700Z Received 536870912 of 2161656325 (24.8%), 63.9 MBs/sec
2025-02-21T13:23:55.2176780Z Received 637534208 of 2161656325 (29.5%), 67.4 MBs/sec
2025-02-21T13:23:56.2280200Z Received 708837376 of 2161656325 (32.8%), 67.4 MBs/sec
2025-02-21T13:23:57.2296150Z Received 805306368 of 2161656325 (37.3%), 69.6 MBs/sec
2025-02-21T13:23:58.2297550Z Received 889192448 of 2161656325 (41.1%), 70.5 MBs/sec
2025-02-21T13:23:59.2327430Z Received 960495616 of 2161656325 (44.4%), 70.3 MBs/sec
2025-02-21T13:24:00.2318370Z Received 1044381696 of 2161656325 (48.3%), 71.0 MBs/sec
2025-02-21T13:24:01.2329630Z Received 1077936128 of 2161656325 (49.9%), 68.4 MBs/sec
2025-02-21T13:24:02.2697720Z Received 1174405120 of 2161656325 (54.3%), 69.8 MBs/sec
2025-02-21T13:24:03.2543960Z Received 1207959552 of 2161656325 (55.9%), 67.6 MBs/sec
2025-02-21T13:24:04.2543830Z Received 1300234240 of 2161656325 (60.1%), 68.7 MBs/sec
2025-02-21T13:24:05.2546650Z Received 1342177280 of 2161656325 (62.1%), 67.2 MBs/sec
2025-02-21T13:24:06.2565170Z Received 1413480448 of 2161656325 (65.4%), 67.2 MBs/sec
2025-02-21T13:24:07.4851290Z Received 1476395008 of 2161656325 (68.3%), 66.2 MBs/sec
2025-02-21T13:24:08.4864460Z Received 1530920960 of 2161656325 (70.8%), 65.5 MBs/sec
2025-02-21T13:24:09.4865350Z Received 1602224128 of 2161656325 (74.1%), 65.6 MBs/sec
2025-02-21T13:24:10.4902550Z Received 1644167168 of 2161656325 (76.1%), 64.6 MBs/sec
2025-02-21T13:24:11.4875070Z Received 1719664640 of 2161656325 (79.6%), 64.9 MBs/sec
2025-02-21T13:24:12.5679650Z Received 1744830464 of 2161656325 (80.7%), 63.1 MBs/sec
2025-02-21T13:24:13.5713680Z Received 1816133632 of 2161656325 (84.0%), 63.3 MBs/sec
2025-02-21T13:24:14.5743020Z Received 1874853888 of 2161656325 (86.7%), 63.0 MBs/sec
2025-02-21T13:24:15.5762340Z Received 1946157056 of 2161656325 (90.0%), 63.2 MBs/sec
2025-02-21T13:24:16.5821030Z Received 2013265920 of 2161656325 (93.1%), 63.2 MBs/sec
2025-02-21T13:24:17.5844480Z Received 2113929216 of 2161656325 (97.8%), 64.2 MBs/sec
2025-02-21T13:24:18.5851600Z Received 2157462021 of 2161656325 (99.8%), 63.5 MBs/sec
2025-02-21T13:24:18.8386260Z Received 2161656325 of 2161656325 (100.0%), 63.2 MBs/sec
2025-02-21T13:24:18.8393150Z Cache Size: ~2062 MB (2161656325 B)
2025-02-21T13:24:18.8832670Z [command]/opt/homebrew/bin/gtar -xf /Users/runner/work/_temp/7b3b8b7a-bc06-4e85-bc01-e116f0ad7af3/cache.tzst -P -C /Users/runner/work/tardis/tardis --delay-directory-restore --use-compress-program unzstd
2025-02-21T13:24:29.6302110Z Cache restored successfully
2025-02-21T13:24:29.7751250Z Cache restored from key: tardis-regression-full-data-c8ff2bbb6048b3f24d3f52a1e85b013ad47e52c369a6ce4cfdeff528b659b86f-tardis-sn/tardis-regression-data-v1
2025-02-21T13:24:29.7908850Z ##[group]Run git lfs checkout
2025-02-21T13:24:29.7909300Z [36;1mgit lfs checkout[0m
2025-02-21T13:24:29.8128260Z shell: /bin/bash --noprofile --norc -e -o pipefail {0}
2025-02-21T13:24:29.8128600Z env:
2025-02-21T13:24:29.8128880Z   CACHE_NUMBER: 0
2025-02-21T13:24:29.8129410Z   PYTEST_FLAGS: --tardis-regression-data=/Users/runner/work/tardis/tardis/tardis-regression-data --cov=tardis --cov-report=xml --cov-report=html --cov-append
2025-02-21T13:24:29.8130150Z   CODECOV_TOKEN: 
2025-02-21T13:24:29.8130450Z ##[endgroup]
2025-02-21T13:24:43.1397520Z Checking out LFS objects: 100% (204/204), 5.7 GB | 342 MB/s, done.
2025-02-21T13:24:53.2412470Z Prepare all required actions
2025-02-21T13:24:53.2412890Z Getting action download info
2025-02-21T13:24:53.3841150Z Download action repository 'mamba-org/setup-micromamba@v1' (SHA:4b9113af4fba0e9e1124b252dd6497a419e7396d)
2025-02-21T13:24:54.5584020Z ##[group]Run ./.github/actions/setup_env
2025-02-21T13:24:54.5584230Z with:
2025-02-21T13:24:54.5584360Z   os-label: osx-arm64
2025-02-21T13:24:54.5584570Z env:
2025-02-21T13:24:54.5584720Z   CACHE_NUMBER: 0
2025-02-21T13:24:54.5585200Z   PYTEST_FLAGS: --tardis-regression-data=/Users/runner/work/tardis/tardis/tardis-regression-data --cov=tardis --cov-report=xml --cov-report=html --cov-append
2025-02-21T13:24:54.5585670Z   CODECOV_TOKEN: 
2025-02-21T13:24:54.5586000Z ##[endgroup]
2025-02-21T13:24:54.5603500Z ##[group]Run file_hash=$(cat conda-osx-arm64.lock | shasum -a 256 | cut -d' ' -f1)
2025-02-21T13:24:54.5603870Z [36;1mfile_hash=$(cat conda-osx-arm64.lock | shasum -a 256 | cut -d' ' -f1)[0m
2025-02-21T13:24:54.5604390Z [36;1mecho "file_hash=tardis-conda-env-osx-arm64-${file_hash}-v1" >> "${GITHUB_OUTPUT}"[0m
2025-02-21T13:24:54.5651410Z shell: /bin/bash --noprofile --norc -e -o pipefail {0}
2025-02-21T13:24:54.5651630Z env:
2025-02-21T13:24:54.5651740Z   CACHE_NUMBER: 0
2025-02-21T13:24:54.5652190Z   PYTEST_FLAGS: --tardis-regression-data=/Users/runner/work/tardis/tardis/tardis-regression-data --cov=tardis --cov-report=xml --cov-report=html --cov-append
2025-02-21T13:24:54.5652660Z   CODECOV_TOKEN: 
2025-02-21T13:24:54.5652790Z ##[endgroup]
2025-02-21T13:24:54.7102940Z ##[group]Run mamba-org/setup-micromamba@v1
2025-02-21T13:24:54.7103130Z with:
2025-02-21T13:24:54.7103260Z   environment-file: conda-osx-arm64.lock
2025-02-21T13:24:54.7103720Z   cache-environment-key: tardis-conda-env-osx-arm64-bf0d0a4d4c847cca72476c6c68c493d56c484aada7e80de0e42c7607fcef5824-v1
2025-02-21T13:24:54.7104390Z   cache-downloads-key: tardis-conda-env-osx-arm64-bf0d0a4d4c847cca72476c6c68c493d56c484aada7e80de0e42c7607fcef5824-v1
2025-02-21T13:24:54.7104810Z   environment-name: tardis
2025-02-21T13:24:54.7104990Z   cache-environment: true
2025-02-21T13:24:54.7105140Z   cache-downloads: true
2025-02-21T13:24:54.7105280Z env:
2025-02-21T13:24:54.7105410Z   CACHE_NUMBER: 0
2025-02-21T13:24:54.7105840Z   PYTEST_FLAGS: --tardis-regression-data=/Users/runner/work/tardis/tardis/tardis-regression-data --cov=tardis --cov-report=xml --cov-report=html --cov-append
2025-02-21T13:24:54.7106310Z   CODECOV_TOKEN: 
2025-02-21T13:24:54.7106440Z ##[endgroup]
2025-02-21T13:24:54.8489130Z Will download micromamba to /Users/runner/micromamba-bin/micromamba
2025-02-21T13:24:54.8507720Z ##[group]Install micromamba
2025-02-21T13:24:55.5714160Z micromamba installed to /Users/runner/micromamba-bin/micromamba
2025-02-21T13:24:55.5725720Z ##[endgroup]
2025-02-21T13:24:55.5726000Z Adding conda-forge to condarc channels ...
2025-02-21T13:24:55.5726330Z ##[group]Initialize micromamba for bash.
2025-02-21T13:24:55.5729230Z [command]/Users/runner/micromamba-bin/micromamba shell init -s bash -r /Users/runner/micromamba --log-level warning --rc-file /Users/runner/work/_temp/setup-micromamba/.condarc
2025-02-21T13:24:55.6077110Z Modifying RC file "/Users/runner/.bash_profile"
2025-02-21T13:24:55.6078560Z Generating config for root prefix [1m"/Users/runner/micromamba"[0m
2025-02-21T13:24:55.6079130Z Setting mamba executable to: [1m"/Users/runner/micromamba-bin/micromamba"[0m
2025-02-21T13:24:55.6079540Z Adding (or replacing) the following in your "/Users/runner/.bash_profile" file
2025-02-21T13:24:55.6079770Z 
2025-02-21T13:24:55.6079830Z # >>> mamba initialize >>>
2025-02-21T13:24:55.6080070Z # !! Contents within this block are managed by 'mamba init' !!
2025-02-21T13:24:55.6080360Z export MAMBA_EXE='/Users/runner/micromamba-bin/micromamba';
2025-02-21T13:24:55.6080670Z export MAMBA_ROOT_PREFIX='/Users/runner/micromamba';
2025-02-21T13:24:55.6081110Z __mamba_setup="$("$MAMBA_EXE" shell hook --shell bash --root-prefix "$MAMBA_ROOT_PREFIX" 2> /dev/null)"
2025-02-21T13:24:55.6081900Z if [ $? -eq 0 ]; then
2025-02-21T13:24:55.6082100Z     eval "$__mamba_setup"
2025-02-21T13:24:55.6082270Z else
2025-02-21T13:24:55.6082470Z     alias micromamba="$MAMBA_EXE"  # Fallback on help from mamba activate
2025-02-21T13:24:55.6082740Z fi
2025-02-21T13:24:55.6082860Z unset __mamba_setup
2025-02-21T13:24:55.6083020Z # <<< mamba initialize <<<
2025-02-21T13:24:55.6083120Z 
2025-02-21T13:24:55.6084270Z ##[endgroup]
2025-02-21T13:24:55.6084900Z ##[group]Restoring downloads from `/Users/runner/micromamba/pkgs` ...
2025-02-21T13:24:57.0051410Z Received 67108864 of 310594474 (21.6%), 63.8 MBs/sec
2025-02-21T13:24:58.0062630Z Received 197132288 of 310594474 (63.5%), 93.8 MBs/sec
2025-02-21T13:24:59.0094140Z Received 310594474 of 310594474 (100.0%), 98.5 MBs/sec
2025-02-21T13:24:59.0572990Z Cache Size: ~296 MB (310594474 B)
2025-02-21T13:24:59.0658210Z [command]/opt/homebrew/bin/gtar -xf /Users/runner/work/_temp/4c293637-e2c6-4e1e-9e4e-8a91fd60864f/cache.tzst -P -C /Users/runner/work/tardis/tardis --delay-directory-restore --use-compress-program unzstd
2025-02-21T13:24:59.5494540Z Cache restored successfully
2025-02-21T13:24:59.5519330Z Restored cache with key `tardis-conda-env-osx-arm64-bf0d0a4d4c847cca72476c6c68c493d56c484aada7e80de0e42c7607fcef5824-v1-osx-arm64`
2025-02-21T13:24:59.5520490Z ##[endgroup]
2025-02-21T13:24:59.5526780Z ##[group]Restoring environment `tardis` from `/Users/runner/micromamba/envs/tardis` ...
2025-02-21T13:25:00.7734070Z Received 46137344 of 385513979 (12.0%), 44.0 MBs/sec
2025-02-21T13:25:01.7742480Z Received 163577856 of 385513979 (42.4%), 77.9 MBs/sec
2025-02-21T13:25:02.7763470Z Received 268435456 of 385513979 (69.6%), 85.2 MBs/sec
2025-02-21T13:25:03.7770370Z Received 381319675 of 385513979 (98.9%), 90.8 MBs/sec
2025-02-21T13:25:04.7794510Z Received 381319675 of 385513979 (98.9%), 72.6 MBs/sec
2025-02-21T13:25:05.3311290Z Cache Size: ~368 MB (385513979 B)
2025-02-21T13:25:05.3407640Z [command]/opt/homebrew/bin/gtar -xf /Users/runner/work/_temp/37128eba-12fe-42a8-ad71-b071bd64d18d/cache.tzst -P -C /Users/runner/work/tardis/tardis --delay-directory-restore --use-compress-program unzstd
2025-02-21T13:25:05.7808040Z Received 385513979 of 385513979 (100.0%), 61.2 MBs/sec
2025-02-21T13:25:19.2012630Z Cache restored successfully
2025-02-21T13:25:19.2115300Z Restored cache with key `tardis-conda-env-osx-arm64-bf0d0a4d4c847cca72476c6c68c493d56c484aada7e80de0e42c7607fcef5824-v1-osx-arm64-tardis-args-4f53cda-root-873f6fe-bin-[object Promise]-file-bf0d0a4d4c847cca72476c6c68c493d56c484aada7e80de0e42c7607fcef5824`
2025-02-21T13:25:19.2163240Z ##[endgroup]
2025-02-21T13:25:19.2164390Z Adding environment tardis to auto-activate bash ...
2025-02-21T13:25:19.2167160Z Generating micromamba run shell.
2025-02-21T13:25:19.2176900Z ##[endgroup]
2025-02-21T13:25:19.2178030Z Set environment variables.
2025-02-21T13:25:19.2178820Z ##[group]micromamba info
2025-02-21T13:25:19.2180040Z [command]/Users/runner/micromamba-bin/micromamba info -r /Users/runner/micromamba -n tardis
2025-02-21T13:25:19.6632890Z 
2025-02-21T13:25:19.6635670Z        libmamba version : 1.5.10
2025-02-21T13:25:19.6637610Z      micromamba version : 1.5.10
2025-02-21T13:25:19.6638200Z            curl version : libcurl/8.10.1 (OpenSSL/3.3.2) SecureTransport zlib/1.3.1 zstd/1.5.6 libssh2/1.11.0 nghttp2/1.58.0
2025-02-21T13:25:19.6638740Z      libarchive version : libarchive 3.7.4 zlib/1.2.13 bz2lib/1.0.8 libzstd/1.5.6
2025-02-21T13:25:19.6639210Z        envs directories : /Users/runner/micromamba/envs
2025-02-21T13:25:19.6639550Z           package cache : /Users/runner/micromamba/pkgs
2025-02-21T13:25:19.6639930Z                           /Users/runner/.mamba/pkgs
2025-02-21T13:25:19.6640220Z             environment : tardis
2025-02-21T13:25:19.6640630Z            env location : /Users/runner/micromamba/envs/tardis
2025-02-21T13:25:19.6641050Z       user config files : /Users/runner/.mambarc
2025-02-21T13:25:19.6641410Z  populated config files : /Users/runner/work/_temp/setup-micromamba/.condarc
2025-02-21T13:25:19.6641810Z        virtual packages : __unix=0=0
2025-02-21T13:25:19.6747730Z                           __osx=14.7.2=0
2025-02-21T13:25:19.6748440Z                           __archspec=1=arm64
2025-02-21T13:25:19.6748860Z                channels : https://conda.anaconda.org/conda-forge/osx-arm64
2025-02-21T13:25:19.6749290Z                           https://conda.anaconda.org/conda-forge/noarch
2025-02-21T13:25:19.6749610Z        base environment : /Users/runner/micromamba
2025-02-21T13:25:19.6750000Z                platform : osx-arm64
2025-02-21T13:25:19.6750610Z ##[endgroup]
2025-02-21T13:25:19.6751020Z ##[group]micromamba list
2025-02-21T13:25:19.6751580Z [command]/Users/runner/micromamba-bin/micromamba list -r /Users/runner/micromamba -n tardis
2025-02-21T13:25:20.1960840Z List of packages in environment: "/Users/runner/micromamba/envs/tardis"
2025-02-21T13:25:20.1961380Z 
2025-02-21T13:25:20.1961770Z   Name                           Version              Build                    Channel    
2025-02-21T13:25:20.1963400Z â”€â”€â”€â”€â”€â”€â”€â”€â”€â”€â”€â”€â”€â”€â”€â”€â”€â”€â”€â”€â”€â”€â”€â”€â”€â”€â”€â”€â”€â”€â”€â”€â”€â”€â”€â”€â”€â”€â”€â”€â”€â”€â”€â”€â”€â”€â”€â”€â”€â”€â”€â”€â”€â”€â”€â”€â”€â”€â”€â”€â”€â”€â”€â”€â”€â”€â”€â”€â”€â”€â”€â”€â”€â”€â”€â”€â”€â”€â”€â”€â”€â”€â”€â”€â”€â”€â”€â”€â”€â”€â”€â”€
2025-02-21T13:25:20.1964160Z   alabaster                      0.7.16               pyhd8ed1ab_0             conda-forge
2025-02-21T13:25:20.1964570Z   anyio                          4.4.0                pyhd8ed1ab_0             conda-forge
2025-02-21T13:25:20.1965010Z   appnope                        0.1.4                pyhd8ed1ab_0             conda-forge
2025-02-21T13:25:20.1965380Z   argon2-cffi                    23.1.0               pyhd8ed1ab_0             conda-forge
2025-02-21T13:25:20.1965880Z   argon2-cffi-bindings           21.2.0               py312h02f2b3b_4          conda-forge
2025-02-21T13:25:20.1966280Z   arrow                          1.3.0                pyhd8ed1ab_0             conda-forge
2025-02-21T13:25:20.1966700Z   astropy                        6.1.1                py312hbebd99a_0          conda-forge
2025-02-21T13:25:20.1968150Z   astropy-iers-data              0.2024.6.17.0.31.35  pyhd8ed1ab_0             conda-forge
2025-02-21T13:25:20.1968740Z   astropy-sphinx-theme           1.1                  pyhd8ed1ab_0             conda-forge
2025-02-21T13:25:20.1969160Z   asttokens                      2.4.1                pyhd8ed1ab_0             conda-forge
2025-02-21T13:25:20.1969610Z   async-lru                      2.0.4                pyhd8ed1ab_0             conda-forge
2025-02-21T13:25:20.1970060Z   atk-1.0                        2.38.0               hd03087b_2               conda-forge
2025-02-21T13:25:20.1970400Z   attrs                          23.2.0               pyh71513ae_0             conda-forge
2025-02-21T13:25:20.1970810Z   babel                          2.14.0               pyhd8ed1ab_0             conda-forge
2025-02-21T13:25:20.1971840Z   beautifulsoup4                 4.12.3               pyha770c72_0             conda-forge
2025-02-21T13:25:20.1972260Z   bleach                         6.1.0                pyhd8ed1ab_0             conda-forge
2025-02-21T13:25:20.1972670Z   blosc                          1.21.5               h9c252e8_1               conda-forge
2025-02-21T13:25:20.1973120Z   brotli                         1.1.0                hb547adb_1               conda-forge
2025-02-21T13:25:20.1973480Z   brotli-bin                     1.1.0                hb547adb_1               conda-forge
2025-02-21T13:25:20.1973910Z   brotli-python                  1.1.0                py312h9f69965_1          conda-forge
2025-02-21T13:25:20.1974260Z   bzip2                          1.0.8                h93a5062_5               conda-forge
2025-02-21T13:25:20.1974640Z   c-ares                         1.28.1               h93a5062_0               conda-forge
2025-02-21T13:25:20.1974960Z   c-blosc2                       2.14.4               ha57e6be_1               conda-forge
2025-02-21T13:25:20.1976020Z   ca-certificates                2024.6.2             hf0a4a13_0               conda-forge
2025-02-21T13:25:20.1976480Z   cached-property                1.5.2                hd8ed1ab_1               conda-forge
2025-02-21T13:25:20.1977140Z   cached_property                1.5.2                pyha770c72_1             conda-forge
2025-02-21T13:25:20.1977590Z   cairo                          1.18.0               hd1e100b_0               conda-forge
2025-02-21T13:25:20.1978050Z   certifi                        2024.6.2             pyhd8ed1ab_0             conda-forge
2025-02-21T13:25:20.1978530Z   cffi                           1.16.0               py312h8e38eb3_0          conda-forge
2025-02-21T13:25:20.1978890Z   charset-normalizer             3.3.2                pyhd8ed1ab_0             conda-forge
2025-02-21T13:25:20.1979440Z   click                          8.1.7                unix_pyh707e725_0        conda-forge
2025-02-21T13:25:20.1979800Z   codespell                      2.3.0                pyhd8ed1ab_0             conda-forge
2025-02-21T13:25:20.1980260Z   colorama                       0.4.6                pyhd8ed1ab_0             conda-forge
2025-02-21T13:25:20.1980610Z   comm                           0.2.2                pyhd8ed1ab_0             conda-forge
2025-02-21T13:25:20.1981000Z   commonmark                     0.9.1                py_0                     conda-forge
2025-02-21T13:25:20.1981410Z   contourpy                      1.2.1                py312h0fef576_0          conda-forge
2025-02-21T13:25:20.1981750Z   coverage                       7.5.3                py312h7e5086c_0          conda-forge
2025-02-21T13:25:20.1982180Z   cycler                         0.12.1               pyhd8ed1ab_0             conda-forge
2025-02-21T13:25:20.1982570Z   dataclasses                    0.8                  pyhc8e2a94_3             conda-forge
2025-02-21T13:25:20.1983140Z   debugpy                        1.8.1                py312h20a0b95_0          conda-forge
2025-02-21T13:25:20.1983630Z   decorator                      5.1.1                pyhd8ed1ab_0             conda-forge
2025-02-21T13:25:20.1984230Z   defusedxml                     0.7.1                pyhd8ed1ab_0             conda-forge
2025-02-21T13:25:20.1984840Z   docutils                       0.20.1               py312h81bd7bf_3          conda-forge
2025-02-21T13:25:20.1985180Z   dot2tex                        2.11.3               pyhd8ed1ab_0             conda-forge
2025-02-21T13:25:20.1985540Z   entrypoints                    0.4                  pyhd8ed1ab_0             conda-forge
2025-02-21T13:25:20.2010450Z   exceptiongroup                 1.2.0                pyhd8ed1ab_2             conda-forge
2025-02-21T13:25:20.2010880Z   executing                      2.0.1                pyhd8ed1ab_0             conda-forge
2025-02-21T13:25:20.2011280Z   expat                          2.6.2                hebf3989_0               conda-forge
2025-02-21T13:25:20.2012650Z   font-ttf-dejavu-sans-mono      2.37                 hab24e00_0               conda-forge
2025-02-21T13:25:20.2013150Z   font-ttf-inconsolata           3.000                h77eed37_0               conda-forge
2025-02-21T13:25:20.2013540Z   font-ttf-source-code-pro       2.038                h77eed37_0               conda-forge
2025-02-21T13:25:20.2013890Z   font-ttf-ubuntu                0.83                 h77eed37_2               conda-forge
2025-02-21T13:25:20.2014270Z   fontconfig                     2.14.2               h82840c6_0               conda-forge
2025-02-21T13:25:20.2014740Z   fonts-conda-ecosystem          1                    0                        conda-forge
2025-02-21T13:25:20.2015130Z   fonts-conda-forge              1                    0                        conda-forge
2025-02-21T13:25:20.2015560Z   fonttools                      4.53.0               py312h7e5086c_0          conda-forge
2025-02-21T13:25:20.2015900Z   fqdn                           1.5.1                pyhd8ed1ab_0             conda-forge
2025-02-21T13:25:20.2016290Z   freetype                       2.12.1               hadb7bae_2               conda-forge
2025-02-21T13:25:20.2016640Z   fribidi                        1.0.10               h27ca646_0               conda-forge
2025-02-21T13:25:20.2017220Z   future                         1.0.0                pyhd8ed1ab_0             conda-forge
2025-02-21T13:25:20.2017620Z   gdk-pixbuf                     2.42.12              h7ddc832_0               conda-forge
2025-02-21T13:25:20.2017960Z   gettext                        0.22.5               h8fbad5d_2               conda-forge
2025-02-21T13:25:20.2018390Z   gettext-tools                  0.22.5               h8fbad5d_2               conda-forge
2025-02-21T13:25:20.2018730Z   giflib                         5.2.2                h93a5062_0               conda-forge
2025-02-21T13:25:20.2019710Z   git-lfs                        3.5.1                hce30654_0               conda-forge
2025-02-21T13:25:20.2020040Z   gmp                            6.3.0                hebf3989_1               conda-forge
2025-02-21T13:25:20.2020410Z   gmpy2                          2.1.5                py312hfa9fade_1          conda-forge
2025-02-21T13:25:20.2020790Z   graphite2                      1.3.13               hebf3989_1003            conda-forge
2025-02-21T13:25:20.2021180Z   graphviz                       11.0.0               h9bb9bc9_0               conda-forge
2025-02-21T13:25:20.2021470Z   gtk2                           2.24.33              h7895bb2_4               conda-forge
2025-02-21T13:25:20.2021990Z   gts                            0.7.6                he42f4ea_4               conda-forge
2025-02-21T13:25:20.2022330Z   h11                            0.14.0               pyhd8ed1ab_0             conda-forge
2025-02-21T13:25:20.2022660Z   h2                             4.1.0                pyhd8ed1ab_0             conda-forge
2025-02-21T13:25:20.2022930Z   h5py                           3.11.0               nompi_py312h903599c_102  conda-forge
2025-02-21T13:25:20.2023210Z   harfbuzz                       8.5.0                h1836168_0               conda-forge
2025-02-21T13:25:20.2023500Z   hdf5                           1.14.3               nompi_hec07895_105       conda-forge
2025-02-21T13:25:20.2023780Z   hpack                          4.0.0                pyh9f0ad1d_0             conda-forge
2025-02-21T13:25:20.2024070Z   httpcore                       1.0.5                pyhd8ed1ab_0             conda-forge
2025-02-21T13:25:20.2024360Z   httpx                          0.27.0               pyhd8ed1ab_0             conda-forge
2025-02-21T13:25:20.2024650Z   hyperframe                     6.0.1                pyhd8ed1ab_0             conda-forge
2025-02-21T13:25:20.2024930Z   icu                            73.2                 hc8870d7_0               conda-forge
2025-02-21T13:25:20.2025190Z   idna                           3.7                  pyhd8ed1ab_0             conda-forge
2025-02-21T13:25:20.2025730Z   imagesize                      1.4.1                pyhd8ed1ab_0             conda-forge
2025-02-21T13:25:20.2026050Z   importlib-metadata             7.1.0                pyha770c72_0             conda-forge
2025-02-21T13:25:20.2026390Z   importlib_metadata             7.1.0                hd8ed1ab_0               conda-forge
2025-02-21T13:25:20.2026810Z   importlib_resources            6.4.0                pyhd8ed1ab_0             conda-forge
2025-02-21T13:25:20.2027240Z   iniconfig                      2.0.0                pyhd8ed1ab_0             conda-forge
2025-02-21T13:25:20.2027590Z   ipykernel                      6.29.4               pyh57ce528_0             conda-forge
2025-02-21T13:25:20.2028020Z   ipython                        8.25.0               pyh707e725_0             conda-forge
2025-02-21T13:25:20.2028380Z   ipython_genutils               0.2.0                pyhd8ed1ab_1             conda-forge
2025-02-21T13:25:20.2028690Z   ipywidgets                     7.8.0                pyhd8ed1ab_0             conda-forge
2025-02-21T13:25:20.2029060Z   isoduration                    20.11.0              pyhd8ed1ab_0             conda-forge
2025-02-21T13:25:20.2029350Z   jedi                           0.19.1               pyhd8ed1ab_0             conda-forge
2025-02-21T13:25:20.2030020Z   jinja2                         3.1.4                pyhd8ed1ab_0             conda-forge
2025-02-21T13:25:20.2030330Z   json5                          0.9.25               pyhd8ed1ab_0             conda-forge
2025-02-21T13:25:20.2030630Z   jsonpointer                    3.0.0                py312h81bd7bf_0          conda-forge
2025-02-21T13:25:20.2031030Z   jsonschema                     4.22.0               pyhd8ed1ab_0             conda-forge
2025-02-21T13:25:20.2031460Z   jsonschema-specifications      2023.12.1            pyhd8ed1ab_0             conda-forge
2025-02-21T13:25:20.2032000Z   jsonschema-with-format-nongpl  4.22.0               pyhd8ed1ab_0             conda-forge
2025-02-21T13:25:20.2032410Z   jupyter-lsp                    2.2.5                pyhd8ed1ab_0             conda-forge
2025-02-21T13:25:20.2032830Z   jupyter_client                 8.6.2                pyhd8ed1ab_0             conda-forge
2025-02-21T13:25:20.2033180Z   jupyter_core                   5.7.2                py312h81bd7bf_0          conda-forge
2025-02-21T13:25:20.2033540Z   jupyter_events                 0.10.0               pyhd8ed1ab_0             conda-forge
2025-02-21T13:25:20.2034220Z   jupyter_server                 2.14.1               pyhd8ed1ab_0             conda-forge
2025-02-21T13:25:20.2034700Z   jupyter_server_terminals       0.5.3                pyhd8ed1ab_0             conda-forge
2025-02-21T13:25:20.2035040Z   jupyterlab                     4.2.2                pyhd8ed1ab_0             conda-forge
2025-02-21T13:25:20.2035500Z   jupyterlab_pygments            0.3.0                pyhd8ed1ab_1             conda-forge
2025-02-21T13:25:20.2035860Z   jupyterlab_server              2.27.2               pyhd8ed1ab_0             conda-forge
2025-02-21T13:25:20.2036990Z   jupyterlab_widgets             1.1.7                pyhd8ed1ab_0             conda-forge
2025-02-21T13:25:20.2037550Z   kiwisolver                     1.4.5                py312h389731b_1          conda-forge
2025-02-21T13:25:20.2037960Z   krb5                           1.21.2               h92f50d5_0               conda-forge
2025-02-21T13:25:20.2038380Z   latexcodec                     2.0.1                pyh9f0ad1d_0             conda-forge
2025-02-21T13:25:20.2038850Z   lcms2                          2.16                 ha0e7c42_0               conda-forge
2025-02-21T13:25:20.2039240Z   lerc                           4.0.0                h9a09cb3_0               conda-forge
2025-02-21T13:25:20.2039820Z   libaec                         1.1.3                hebf3989_0               conda-forge
2025-02-21T13:25:20.2040330Z   libasprintf                    0.22.5               h8fbad5d_2               conda-forge
2025-02-21T13:25:20.2040820Z   libasprintf-devel              0.22.5               h8fbad5d_2               conda-forge
2025-02-21T13:25:20.2041610Z   libblas                        3.9.0                22_osxarm64_openblas     conda-forge
2025-02-21T13:25:20.2042000Z   libbrotlicommon                1.1.0                hb547adb_1               conda-forge
2025-02-21T13:25:20.2042470Z   libbrotlidec                   1.1.0                hb547adb_1               conda-forge
2025-02-21T13:25:20.2042860Z   libbrotlienc                   1.1.0                hb547adb_1               conda-forge
2025-02-21T13:25:20.2043260Z   libcblas                       3.9.0                22_osxarm64_openblas     conda-forge
2025-02-21T13:25:20.2043620Z   libcurl                        8.8.0                h7b6f9a7_0               conda-forge
2025-02-21T13:25:20.2043990Z   libcxx                         17.0.6               h5f092b4_0               conda-forge
2025-02-21T13:25:20.2044380Z   libdeflate                     1.20                 h93a5062_0               conda-forge
2025-02-21T13:25:20.2044720Z   libedit                        3.1.20191231         hc8eb9b7_2               conda-forge
2025-02-21T13:25:20.2045090Z   libev                          4.33                 h93a5062_2               conda-forge
2025-02-21T13:25:20.2045820Z   libexpat                       2.6.2                hebf3989_0               conda-forge
2025-02-21T13:25:20.2046200Z   libffi                         3.4.2                h3422bc3_5               conda-forge
2025-02-21T13:25:20.2046610Z   libgd                          2.3.3                hfdf3952_9               conda-forge
2025-02-21T13:25:20.2046970Z   libgettextpo                   0.22.5               h8fbad5d_2               conda-forge
2025-02-21T13:25:20.2047400Z   libgettextpo-devel             0.22.5               h8fbad5d_2               conda-forge
2025-02-21T13:25:20.2047790Z   libgfortran                    5.0.0                13_2_0_hd922786_3        conda-forge
2025-02-21T13:25:20.2048170Z   libgfortran5                   13.2.0               hf226fd6_3               conda-forge
2025-02-21T13:25:20.2048560Z   libglib                        2.80.2               h59d46d9_1               conda-forge
2025-02-21T13:25:20.2048900Z   libiconv                       1.17                 h0d3ecfb_2               conda-forge
2025-02-21T13:25:20.2049220Z   libintl                        0.22.5               h8fbad5d_2               conda-forge
2025-02-21T13:25:20.2049520Z   libintl-devel                  0.22.5               h8fbad5d_2               conda-forge
2025-02-21T13:25:20.2049970Z   libjpeg-turbo                  3.0.0                hb547adb_1               conda-forge
2025-02-21T13:25:20.2050320Z   liblapack                      3.9.0                22_osxarm64_openblas     conda-forge
2025-02-21T13:25:20.2050720Z   libllvm14                      14.0.6               hd1a9a77_4               conda-forge
2025-02-21T13:25:20.2051070Z   libnghttp2                     1.58.0               ha4dd798_1               conda-forge
2025-02-21T13:25:20.2051460Z   libopenblas                    0.3.27               openmp_h6c19121_0        conda-forge
2025-02-21T13:25:20.2051790Z   libpng                         1.6.43               h091b4b1_0               conda-forge
2025-02-21T13:25:20.2052160Z   librsvg                        2.58.1               hbc281fb_0               conda-forge
2025-02-21T13:25:20.2052530Z   libsodium                      1.0.18               h27ca646_1               conda-forge
2025-02-21T13:25:20.2052890Z   libsqlite                      3.46.0               hfb93653_0               conda-forge
2025-02-21T13:25:20.2053300Z   libssh2                        1.11.0               h7a5bd25_0               conda-forge
2025-02-21T13:25:20.2053610Z   libtiff                        4.6.0                h07db509_3               conda-forge
2025-02-21T13:25:20.2053920Z   libwebp                        1.4.0                h54798ee_0               conda-forge
2025-02-21T13:25:20.2054220Z   libwebp-base                   1.4.0                h93a5062_0               conda-forge
2025-02-21T13:25:20.2055120Z   libxcb                         1.16                 hf2054a2_0               conda-forge
2025-02-21T13:25:20.2055420Z   libxml2                        2.12.7               ha661575_1               conda-forge
2025-02-21T13:25:20.2055700Z   libxslt                        1.1.39               h223e5b9_0               conda-forge
2025-02-21T13:25:20.2056070Z   libzlib                        1.3.1                hfb2fe0b_1               conda-forge
2025-02-21T13:25:20.2056370Z   llvm-openmp                    18.1.7               hde57baf_0               conda-forge
2025-02-21T13:25:20.2056770Z   llvmlite                       0.42.0               py312h17030e7_1          conda-forge
2025-02-21T13:25:20.2057160Z   lxml                           5.2.2                py312h0e5ab22_0          conda-forge
2025-02-21T13:25:20.2057480Z   lz4-c                          1.9.4                hb7217d7_0               conda-forge
2025-02-21T13:25:20.2057850Z   markupsafe                     2.1.5                py312he37b823_0          conda-forge
2025-02-21T13:25:20.2058240Z   matplotlib-base                3.8.4                py312h4479663_2          conda-forge
2025-02-21T13:25:20.2058690Z   matplotlib-inline              0.1.7                pyhd8ed1ab_0             conda-forge
2025-02-21T13:25:20.2059040Z   mistune                        3.0.2                pyhd8ed1ab_0             conda-forge
2025-02-21T13:25:20.2059340Z   mpc                            1.3.1                h91ba8db_0               conda-forge
2025-02-21T13:25:20.2059600Z   mpfr                           4.2.1                h41d338b_1               conda-forge
2025-02-21T13:25:20.2060050Z   mpmath                         1.3.0                pyhd8ed1ab_0             conda-forge
2025-02-21T13:25:20.2060350Z   munkres                        1.1.4                pyh9f0ad1d_0             conda-forge
2025-02-21T13:25:20.2060710Z   mypy_extensions                1.0.0                pyha770c72_0             conda-forge
2025-02-21T13:25:20.2061110Z   nbclassic                      1.1.0                pyhd8ed1ab_0             conda-forge
2025-02-21T13:25:20.2061460Z   nbclient                       0.10.0               pyhd8ed1ab_0             conda-forge
2025-02-21T13:25:20.2061740Z   nbconvert                      7.16.4               hd8ed1ab_1               conda-forge
2025-02-21T13:25:20.2062060Z   nbconvert-core                 7.16.4               pyhd8ed1ab_1             conda-forge
2025-02-21T13:25:20.2062430Z   nbconvert-pandoc               7.16.4               hd8ed1ab_1               conda-forge
2025-02-21T13:25:20.2062850Z   nbformat                       5.10.4               pyhd8ed1ab_0             conda-forge
2025-02-21T13:25:20.2063190Z   nbsphinx                       0.9.4                pyhd8ed1ab_0             conda-forge
2025-02-21T13:25:20.2063520Z   ncurses                        6.5                  hb89a1cb_0               conda-forge
2025-02-21T13:25:20.2063810Z   nest-asyncio                   1.6.0                pyhd8ed1ab_0             conda-forge
2025-02-21T13:25:20.2064100Z   networkx                       3.3                  pyhd8ed1ab_1             conda-forge
2025-02-21T13:25:20.2064410Z   notebook                       7.2.1                pyhd8ed1ab_0             conda-forge
2025-02-21T13:25:20.2064740Z   notebook-shim                  0.2.4                pyhd8ed1ab_0             conda-forge
2025-02-21T13:25:20.2065020Z   numba                          0.59.1               py312hbaff935_0          conda-forge
2025-02-21T13:25:20.2065280Z   numexpr                        2.10.0               py312h8ae5369_0          conda-forge
2025-02-21T13:25:20.2065550Z   numpy                          1.26.4               py312h8442bc7_0          conda-forge
2025-02-21T13:25:20.2065810Z   numpydoc                       1.7.0                pyhd8ed1ab_1             conda-forge
2025-02-21T13:25:20.2066090Z   openjpeg                       2.5.2                h9f1df11_0               conda-forge
2025-02-21T13:25:20.2066620Z   openssl                        3.3.1                hfb2fe0b_0               conda-forge
2025-02-21T13:25:20.2066890Z   overrides                      7.7.0                pyhd8ed1ab_0             conda-forge
2025-02-21T13:25:20.2067170Z   packaging                      24.1                 pyhd8ed1ab_0             conda-forge
2025-02-21T13:25:20.2067440Z   pandas                         2.2.2                py312h8ae5369_1          conda-forge
2025-02-21T13:25:20.2067710Z   pandoc                         3.2                  hce30654_0               conda-forge
2025-02-21T13:25:20.2067990Z   pandocfilters                  1.5.0                pyhd8ed1ab_0             conda-forge
2025-02-21T13:25:20.2068280Z   pango                          1.54.0               h5cb9fbc_0               conda-forge
2025-02-21T13:25:20.2068550Z   parso                          0.8.4                pyhd8ed1ab_0             conda-forge
2025-02-21T13:25:20.2068830Z   pathspec                       0.12.1               pyhd8ed1ab_0             conda-forge
2025-02-21T13:25:20.2069090Z   pbr                            6.0.0                pyhd8ed1ab_0             conda-forge
2025-02-21T13:25:20.2069460Z   pcre2                          10.44                h297a79d_0               conda-forge
2025-02-21T13:25:20.2069750Z   pexpect                        4.9.0                pyhd8ed1ab_0             conda-forge
2025-02-21T13:25:20.2070030Z   pickleshare                    0.7.5                py_1003                  conda-forge
2025-02-21T13:25:20.2070310Z   pillow                         10.3.0               py312h39b1d8d_1          conda-forge
2025-02-21T13:25:20.2070570Z   pip                            24.0                 pyhd8ed1ab_0             conda-forge
2025-02-21T13:25:20.2070820Z   pixman                         0.43.4               hebf3989_0               conda-forge
2025-02-21T13:25:20.2071120Z   pkgutil-resolve-name           1.3.10               pyhd8ed1ab_1             conda-forge
2025-02-21T13:25:20.2071430Z   platformdirs                   4.2.2                pyhd8ed1ab_0             conda-forge
2025-02-21T13:25:20.2071710Z   plotly                         5.22.0               pyhd8ed1ab_0             conda-forge
2025-02-21T13:25:20.2071980Z   pluggy                         1.5.0                pyhd8ed1ab_0             conda-forge
2025-02-21T13:25:20.2072270Z   prometheus_client              0.20.0               pyhd8ed1ab_0             conda-forge
2025-02-21T13:25:20.2072570Z   prompt-toolkit                 3.0.47               pyha770c72_0             conda-forge
2025-02-21T13:25:20.2072860Z   psutil                         5.9.8                py312he37b823_0          conda-forge
2025-02-21T13:25:20.2073130Z   pthread-stubs                  0.4                  h27ca646_1001            conda-forge
2025-02-21T13:25:20.2073410Z   ptyprocess                     0.7.0                pyhd3deb0d_0             conda-forge
2025-02-21T13:25:20.2073700Z   pure_eval                      0.2.2                pyhd8ed1ab_0             conda-forge
2025-02-21T13:25:20.2073970Z   py-cpuinfo                     9.0.0                pyhd8ed1ab_0             conda-forge
2025-02-21T13:25:20.2074240Z   pybtex                         0.24.0               pyhd8ed1ab_2             conda-forge
2025-02-21T13:25:20.2074530Z   pybtex-docutils                1.0.3                py312h81bd7bf_1          conda-forge
2025-02-21T13:25:20.2074820Z   pycparser                      2.22                 pyhd8ed1ab_0             conda-forge
2025-02-21T13:25:20.2075090Z   pyerfa                         2.0.1.4              py312hbebd99a_1          conda-forge
2025-02-21T13:25:20.2075360Z   pygments                       2.18.0               pyhd8ed1ab_0             conda-forge
2025-02-21T13:25:20.2075640Z   pygraphviz                     1.13                 py312h5f4d302_1          conda-forge
2025-02-21T13:25:20.2075920Z   pyobjc-core                    10.3.1               py312hbb55c70_0          conda-forge
2025-02-21T13:25:20.2076340Z   pyobjc-framework-cocoa         10.3.1               py312hbb55c70_0          conda-forge
2025-02-21T13:25:20.2076660Z   pyparsing                      3.1.2                pyhd8ed1ab_0             conda-forge
2025-02-21T13:25:20.2076930Z   pysocks                        1.7.1                pyha2e5f31_6             conda-forge
2025-02-21T13:25:20.2077200Z   pytables                       3.9.2                py312hb622ae1_2          conda-forge
2025-02-21T13:25:20.2077470Z   pytest                         8.2.2                pyhd8ed1ab_0             conda-forge
2025-02-21T13:25:20.2077750Z   pytest-cov                     5.0.0                pyhd8ed1ab_0             conda-forge
2025-02-21T13:25:20.2078050Z   pytest-doctestplus             1.2.1                pyhd8ed1ab_0             conda-forge
2025-02-21T13:25:20.2078360Z   pytest-html                    4.1.1                pyhd8ed1ab_0             conda-forge
2025-02-21T13:25:20.2078650Z   pytest-metadata                3.1.1                pyhd8ed1ab_0             conda-forge
2025-02-21T13:25:20.2078940Z   python                         3.12.4               h30c5eda_0_cpython       conda-forge
2025-02-21T13:25:20.2079390Z   python-dateutil                2.9.0                pyhd8ed1ab_0             conda-forge
2025-02-21T13:25:20.2079730Z   python-fastjsonschema          2.20.0               pyhd8ed1ab_0             conda-forge
2025-02-21T13:25:20.2080060Z   python-json-logger             2.0.7                pyhd8ed1ab_0             conda-forge
2025-02-21T13:25:20.2080370Z   python-tzdata                  2024.1               pyhd8ed1ab_0             conda-forge
2025-02-21T13:25:20.2080660Z   python_abi                     3.12                 4_cp312                  conda-forge
2025-02-21T13:25:20.2080920Z   pytz                           2024.1               pyhd8ed1ab_0             conda-forge
2025-02-21T13:25:20.2081180Z   pyyaml                         6.0.1                py312h02f2b3b_1          conda-forge
2025-02-21T13:25:20.2081450Z   pyzmq                          26.0.3               py312hfa13136_0          conda-forge
2025-02-21T13:25:20.2081710Z   qgrid                          1.3.1                pyhd8ed1ab_4             conda-forge
2025-02-21T13:25:20.2082000Z   radioactivedecay               0.5.1                pyhd8ed1ab_0             conda-forge
2025-02-21T13:25:20.2082300Z   readline                       8.2                  h92ec313_1               conda-forge
2025-02-21T13:25:20.2082590Z   recommonmark                   0.7.1                pyhd8ed1ab_0             conda-forge
2025-02-21T13:25:20.2082890Z   referencing                    0.35.1               pyhd8ed1ab_0             conda-forge
2025-02-21T13:25:20.2083170Z   requests                       2.32.3               pyhd8ed1ab_0             conda-forge
2025-02-21T13:25:20.2083460Z   rfc3339-validator              0.1.4                pyhd8ed1ab_0             conda-forge
2025-02-21T13:25:20.2083780Z   rfc3986-validator              0.1.1                pyh9f0ad1d_0             conda-forge
2025-02-21T13:25:20.2084080Z   rpds-py                        0.18.1               py312h552d48e_0          conda-forge
2025-02-21T13:25:20.2084350Z   ruff                           0.4.9                py312h3402d49_0          conda-forge
2025-02-21T13:25:20.2084600Z   scipy                          1.13.1               py312h14ffa8f_0          conda-forge
2025-02-21T13:25:20.2084870Z   send2trash                     1.8.3                pyh31c8845_0             conda-forge
2025-02-21T13:25:20.2085150Z   setuptools                     70.0.0               pyhd8ed1ab_0             conda-forge
2025-02-21T13:25:20.2085440Z   setuptools-scm                 8.1.0                pyhd8ed1ab_0             conda-forge
2025-02-21T13:25:20.2085750Z   setuptools_scm                 8.1.0                hd8ed1ab_0               conda-forge
2025-02-21T13:25:20.2086030Z   six                            1.16.0               pyh6c4a22f_0             conda-forge
2025-02-21T13:25:20.2086410Z   snakeviz                       2.2.0                pyhd8ed1ab_0             conda-forge
2025-02-21T13:25:20.2086680Z   snappy                         1.2.0                hd04f947_1               conda-forge
2025-02-21T13:25:20.2086940Z   sniffio                        1.3.1                pyhd8ed1ab_0             conda-forge
2025-02-21T13:25:20.2087230Z   snowballstemmer                2.2.0                pyhd8ed1ab_0             conda-forge
2025-02-21T13:25:20.2087520Z   soupsieve                      2.5                  pyhd8ed1ab_1             conda-forge
2025-02-21T13:25:20.2087800Z   sphinx                         7.3.7                pyhd8ed1ab_0             conda-forge
2025-02-21T13:25:20.2088090Z   sphinx-astropy                 1.9.1                pyhd8ed1ab_0             conda-forge
2025-02-21T13:25:20.2088400Z   sphinx-automodapi              0.17.0               pyh717bed2_1             conda-forge
2025-02-21T13:25:20.2088720Z   sphinx-gallery                 0.16.0               pyhd8ed1ab_0             conda-forge
2025-02-21T13:25:20.2089080Z   sphinx-jsonschema              1.19.1               pyhd8ed1ab_0             conda-forge
2025-02-21T13:25:20.2089400Z   sphinx_bootstrap_theme         0.8.1                pyhd8ed1ab_0             conda-forge
2025-02-21T13:25:20.2089820Z   sphinx_rtd_theme               2.0.0                pyha770c72_0             conda-forge
2025-02-21T13:25:20.2090150Z   sphinxcontrib-apidoc           0.3.0                py_1                     conda-forge
2025-02-21T13:25:20.2090480Z   sphinxcontrib-applehelp        1.0.8                pyhd8ed1ab_0             conda-forge
2025-02-21T13:25:20.2090830Z   sphinxcontrib-bibtex           2.6.2                pyhd8ed1ab_0             conda-forge
2025-02-21T13:25:20.2091180Z   sphinxcontrib-devhelp          1.0.6                pyhd8ed1ab_0             conda-forge
2025-02-21T13:25:20.2091510Z   sphinxcontrib-htmlhelp         2.0.5                pyhd8ed1ab_0             conda-forge
2025-02-21T13:25:20.2091850Z   sphinxcontrib-jquery           4.1                  pyhd8ed1ab_0             conda-forge
2025-02-21T13:25:20.2092180Z   sphinxcontrib-jsmath           1.0.1                pyhd8ed1ab_0             conda-forge
2025-02-21T13:25:20.2092510Z   sphinxcontrib-qthelp           1.0.7                pyhd8ed1ab_0             conda-forge
2025-02-21T13:25:20.2092870Z   sphinxcontrib-serializinghtml  1.1.10               pyhd8ed1ab_0             conda-forge
2025-02-21T13:25:20.2093200Z   stack_data                     0.6.2                pyhd8ed1ab_0             conda-forge
2025-02-21T13:25:20.2093470Z   sympy                          1.12.1               pypyh2585a3b_103         conda-forge
2025-02-21T13:25:20.2093740Z   tabulate                       0.9.0                pyhd8ed1ab_1             conda-forge
2025-02-21T13:25:20.2094010Z   tenacity                       8.4.1                pyhd8ed1ab_0             conda-forge
2025-02-21T13:25:20.2094290Z   terminado                      0.18.1               pyh31c8845_0             conda-forge
2025-02-21T13:25:20.2094570Z   tinycss2                       1.3.0                pyhd8ed1ab_0             conda-forge
2025-02-21T13:25:20.2094830Z   tk                             8.6.13               h5083fa2_1               conda-forge
2025-02-21T13:25:20.2095070Z   toml                           0.10.2               pyhd8ed1ab_0             conda-forge
2025-02-21T13:25:20.2095330Z   tomli                          2.0.1                pyhd8ed1ab_0             conda-forge
2025-02-21T13:25:20.2095600Z   tornado                        6.4.1                py312h7e5086c_0          conda-forge
2025-02-21T13:25:20.2095860Z   tqdm                           4.66.4               pyhd8ed1ab_0             conda-forge
2025-02-21T13:25:20.2096230Z   traitlets                      5.14.3               pyhd8ed1ab_0             conda-forge
2025-02-21T13:25:20.2096590Z   typed-ast                      1.5.5                py312h02f2b3b_1          conda-forge
2025-02-21T13:25:20.2097090Z   types-python-dateutil          2.9.0.20240316       pyhd8ed1ab_0             conda-forge
2025-02-21T13:25:20.2097440Z   typing-extensions              4.12.2               hd8ed1ab_0               conda-forge
2025-02-21T13:25:20.2097870Z   typing_extensions              4.12.2               pyha770c72_0             conda-forge
2025-02-21T13:25:20.2104590Z   typing_utils                   0.1.0                pyhd8ed1ab_0             conda-forge
2025-02-21T13:25:20.2104910Z   tzdata                         2024a                h0c530f3_0               conda-forge
2025-02-21T13:25:20.2105210Z   uri-template                   1.3.0                pyhd8ed1ab_0             conda-forge
2025-02-21T13:25:20.2105490Z   urllib3                        2.2.2                pyhd8ed1ab_0             conda-forge
2025-02-21T13:25:20.2105750Z   wcwidth                        0.2.13               pyhd8ed1ab_0             conda-forge
2025-02-21T13:25:20.2106020Z   webcolors                      24.6.0               pyhd8ed1ab_0             conda-forge
2025-02-21T13:25:20.2106310Z   webencodings                   0.5.1                pyhd8ed1ab_2             conda-forge
2025-02-21T13:25:20.2106620Z   websocket-client               1.8.0                pyhd8ed1ab_0             conda-forge
2025-02-21T13:25:20.2107060Z   wheel                          0.43.0               pyhd8ed1ab_1             conda-forge
2025-02-21T13:25:20.2107360Z   widgetsnbextension             3.6.6                pyhd8ed1ab_0             conda-forge
2025-02-21T13:25:20.2107670Z   xorg-libxau                    1.0.11               hb547adb_0               conda-forge
2025-02-21T13:25:20.2107950Z   xorg-libxdmcp                  1.1.3                h27ca646_0               conda-forge
2025-02-21T13:25:20.2108230Z   xz                             5.2.6                h57fd34a_0               conda-forge
2025-02-21T13:25:20.2108480Z   yaml                           0.2.5                h3422bc3_2               conda-forge
2025-02-21T13:25:20.2108740Z   zeromq                         4.3.5                hcc0f68c_4               conda-forge
2025-02-21T13:25:20.2109000Z   zipp                           3.19.2               pyhd8ed1ab_0             conda-forge
2025-02-21T13:25:20.2109250Z   zlib                           1.3.1                hfb2fe0b_1               conda-forge
2025-02-21T13:25:20.2109510Z   zlib-ng                        2.0.7                h1a8c8d9_0               conda-forge
2025-02-21T13:25:20.2109770Z   zstd                           1.5.6                hb46c0d2_0               conda-forge
2025-02-21T13:25:20.2110180Z ##[endgroup]
2025-02-21T13:25:20.2167730Z ##[group]Run pip install -e . --user
2025-02-21T13:25:20.2167960Z [36;1mpip install -e . --user[0m
2025-02-21T13:25:20.4880890Z shell: /bin/bash -l {0}
2025-02-21T13:25:20.4881070Z env:
2025-02-21T13:25:20.4881210Z   CACHE_NUMBER: 0
2025-02-21T13:25:20.4881720Z   PYTEST_FLAGS: --tardis-regression-data=/Users/runner/work/tardis/tardis/tardis-regression-data --cov=tardis --cov-report=xml --cov-report=html --cov-append
2025-02-21T13:25:20.4882250Z   CODECOV_TOKEN: 
2025-02-21T13:25:20.4882420Z   MAMBA_ROOT_PREFIX: /Users/runner/micromamba
2025-02-21T13:25:20.4882670Z   MAMBA_EXE: /Users/runner/micromamba-bin/micromamba
2025-02-21T13:25:20.4882950Z   CONDARC: /Users/runner/work/_temp/setup-micromamba/.condarc
2025-02-21T13:25:20.4883190Z ##[endgroup]
2025-02-21T13:25:21.8597220Z Obtaining file:///Users/runner/work/tardis/tardis
2025-02-21T13:25:21.8625080Z   Installing build dependencies: started
2025-02-21T13:25:24.6502490Z   Installing build dependencies: finished with status 'done'
2025-02-21T13:25:24.6577820Z   Checking if build backend supports build_editable: started
2025-02-21T13:25:24.7620220Z   Checking if build backend supports build_editable: finished with status 'done'
2025-02-21T13:25:24.7630210Z   Getting requirements to build editable: started
2025-02-21T13:25:25.2972340Z   Getting requirements to build editable: finished with status 'done'
2025-02-21T13:25:25.2982640Z   Preparing editable metadata (pyproject.toml): started
2025-02-21T13:25:25.6441760Z   Preparing editable metadata (pyproject.toml): finished with status 'done'
2025-02-21T13:25:25.6838540Z Requirement already satisfied: astropy in /Users/runner/micromamba/envs/tardis/lib/python3.12/site-packages (from tardis==0.0.0) (6.1.1)
2025-02-21T13:25:25.7089610Z Requirement already satisfied: numpy>=1.23 in /Users/runner/micromamba/envs/tardis/lib/python3.12/site-packages (from astropy->tardis==0.0.0) (1.26.4)
2025-02-21T13:25:25.7095830Z Requirement already satisfied: pyerfa>=2.0.1.1 in /Users/runner/micromamba/envs/tardis/lib/python3.12/site-packages (from astropy->tardis==0.0.0) (2.0.1.4)
2025-02-21T13:25:25.7101910Z Requirement already satisfied: astropy-iers-data>=0.2024.5.27.0.30.8 in /Users/runner/micromamba/envs/tardis/lib/python3.12/site-packages (from astropy->tardis==0.0.0) (0.2024.6.17.0.31.35)
2025-02-21T13:25:25.7106500Z Requirement already satisfied: PyYAML>=3.13 in /Users/runner/micromamba/envs/tardis/lib/python3.12/site-packages (from astropy->tardis==0.0.0) (6.0.1)
2025-02-21T13:25:25.7111900Z Requirement already satisfied: packaging>=19.0 in /Users/runner/micromamba/envs/tardis/lib/python3.12/site-packages (from astropy->tardis==0.0.0) (24.1)
2025-02-21T13:25:25.7163100Z Building wheels for collected packages: tardis
2025-02-21T13:25:25.7168960Z   Building editable for tardis (pyproject.toml): started
2025-02-21T13:25:26.2609170Z   Building editable for tardis (pyproject.toml): finished with status 'done'
2025-02-21T13:25:26.2616130Z   Created wheel for tardis: filename=tardis-0.0.0-0.editable-py3-none-any.whl size=8877 sha256=23c7b97b13acddc5f3b9cb918a3f857ba6debe6201955099636c39450dc4ef76
2025-02-21T13:25:26.2617090Z   Stored in directory: /private/var/folders/2s/h6hvv9ps03xgz_krkkstvq_r0000gn/T/pip-ephem-wheel-cache-uh30w78c/wheels/bb/4f/6a/0829b918c1c10bc28535ce7f14be21eee54375bdd9cd0c306a
2025-02-21T13:25:26.2637470Z Successfully built tardis
2025-02-21T13:25:26.7621500Z Installing collected packages: tardis
2025-02-21T13:25:26.7791740Z Successfully installed tardis-0.0.0
2025-02-21T13:25:27.0351470Z ##[group]Run pip install qgridnext
2025-02-21T13:25:27.0351830Z [36;1mpip install qgridnext[0m
2025-02-21T13:25:27.0432430Z shell: /bin/bash -l {0}
2025-02-21T13:25:27.0432650Z env:
2025-02-21T13:25:27.0432820Z   CACHE_NUMBER: 0
2025-02-21T13:25:27.0433360Z   PYTEST_FLAGS: --tardis-regression-data=/Users/runner/work/tardis/tardis/tardis-regression-data --cov=tardis --cov-report=xml --cov-report=html --cov-append
2025-02-21T13:25:27.0433920Z   CODECOV_TOKEN: 
2025-02-21T13:25:27.0434110Z   MAMBA_ROOT_PREFIX: /Users/runner/micromamba
2025-02-21T13:25:27.0434420Z   MAMBA_EXE: /Users/runner/micromamba-bin/micromamba
2025-02-21T13:25:27.0447240Z   CONDARC: /Users/runner/work/_temp/setup-micromamba/.condarc
2025-02-21T13:25:27.0447540Z ##[endgroup]
2025-02-21T13:25:27.6995770Z Collecting qgridnext
2025-02-21T13:25:27.7373870Z   Downloading qgridnext-2.0.4-py3-none-any.whl.metadata (9.9 kB)
2025-02-21T13:25:27.7524680Z Requirement already satisfied: pandas>=0.20.0 in /Users/runner/micromamba/envs/tardis/lib/python3.12/site-packages (from qgridnext) (2.2.2)
2025-02-21T13:25:27.7530070Z Requirement already satisfied: ipywidgets>=7.0.0 in /Users/runner/micromamba/envs/tardis/lib/python3.12/site-packages (from qgridnext) (7.8.0)
2025-02-21T13:25:27.7536110Z Requirement already satisfied: numpy in /Users/runner/micromamba/envs/tardis/lib/python3.12/site-packages (from qgridnext) (1.26.4)
2025-02-21T13:25:27.7542290Z Requirement already satisfied: traitlets in /Users/runner/micromamba/envs/tardis/lib/python3.12/site-packages (from qgridnext) (5.14.3)
2025-02-21T13:25:27.7590920Z Requirement already satisfied: comm>=0.1.3 in /Users/runner/micromamba/envs/tardis/lib/python3.12/site-packages (from ipywidgets>=7.0.0->qgridnext) (0.2.2)
2025-02-21T13:25:27.7595710Z Requirement already satisfied: ipython-genutils~=0.2.0 in /Users/runner/micromamba/envs/tardis/lib/python3.12/site-packages (from ipywidgets>=7.0.0->qgridnext) (0.2.0)
2025-02-21T13:25:27.7603820Z Requirement already satisfied: widgetsnbextension~=3.6.5 in /Users/runner/micromamba/envs/tardis/lib/python3.12/site-packages (from ipywidgets>=7.0.0->qgridnext) (3.6.6)
2025-02-21T13:25:27.7612080Z Requirement already satisfied: ipython>=4.0.0 in /Users/runner/micromamba/envs/tardis/lib/python3.12/site-packages (from ipywidgets>=7.0.0->qgridnext) (8.25.0)
2025-02-21T13:25:27.7620310Z Requirement already satisfied: jupyterlab-widgets<3,>=1.0.0 in /Users/runner/micromamba/envs/tardis/lib/python3.12/site-packages (from ipywidgets>=7.0.0->qgridnext) (1.1.7)
2025-02-21T13:25:27.7893870Z Requirement already satisfied: python-dateutil>=2.8.2 in /Users/runner/micromamba/envs/tardis/lib/python3.12/site-packages (from pandas>=0.20.0->qgridnext) (2.9.0)
2025-02-21T13:25:27.7902140Z Requirement already satisfied: pytz>=2020.1 in /Users/runner/micromamba/envs/tardis/lib/python3.12/site-packages (from pandas>=0.20.0->qgridnext) (2024.1)
2025-02-21T13:25:27.7907760Z Requirement already satisfied: tzdata>=2022.7 in /Users/runner/micromamba/envs/tardis/lib/python3.12/site-packages (from pandas>=0.20.0->qgridnext) (2024.1)
2025-02-21T13:25:27.8099200Z Requirement already satisfied: decorator in /Users/runner/micromamba/envs/tardis/lib/python3.12/site-packages (from ipython>=4.0.0->ipywidgets>=7.0.0->qgridnext) (5.1.1)
2025-02-21T13:25:27.8110530Z Requirement already satisfied: jedi>=0.16 in /Users/runner/micromamba/envs/tardis/lib/python3.12/site-packages (from ipython>=4.0.0->ipywidgets>=7.0.0->qgridnext) (0.19.1)
2025-02-21T13:25:27.8115860Z Requirement already satisfied: matplotlib-inline in /Users/runner/micromamba/envs/tardis/lib/python3.12/site-packages (from ipython>=4.0.0->ipywidgets>=7.0.0->qgridnext) (0.1.7)
2025-02-21T13:25:27.8122660Z Requirement already satisfied: prompt-toolkit<3.1.0,>=3.0.41 in /Users/runner/micromamba/envs/tardis/lib/python3.12/site-packages (from ipython>=4.0.0->ipywidgets>=7.0.0->qgridnext) (3.0.47)
2025-02-21T13:25:27.8128790Z Requirement already satisfied: pygments>=2.4.0 in /Users/runner/micromamba/envs/tardis/lib/python3.12/site-packages (from ipython>=4.0.0->ipywidgets>=7.0.0->qgridnext) (2.18.0)
2025-02-21T13:25:27.8134270Z Requirement already satisfied: stack-data in /Users/runner/micromamba/envs/tardis/lib/python3.12/site-packages (from ipython>=4.0.0->ipywidgets>=7.0.0->qgridnext) (0.6.2)
2025-02-21T13:25:27.8146530Z Requirement already satisfied: pexpect>4.3 in /Users/runner/micromamba/envs/tardis/lib/python3.12/site-packages (from ipython>=4.0.0->ipywidgets>=7.0.0->qgridnext) (4.9.0)
2025-02-21T13:25:27.8174360Z Requirement already satisfied: six>=1.5 in /Users/runner/micromamba/envs/tardis/lib/python3.12/site-packages (from python-dateutil>=2.8.2->pandas>=0.20.0->qgridnext) (1.16.0)
2025-02-21T13:25:27.8208020Z Requirement already satisfied: notebook>=4.4.1 in /Users/runner/micromamba/envs/tardis/lib/python3.12/site-packages (from widgetsnbextension~=3.6.5->ipywidgets>=7.0.0->qgridnext) (7.2.1)
2025-02-21T13:25:27.8330410Z Requirement already satisfied: parso<0.9.0,>=0.8.3 in /Users/runner/micromamba/envs/tardis/lib/python3.12/site-packages (from jedi>=0.16->ipython>=4.0.0->ipywidgets>=7.0.0->qgridnext) (0.8.4)
2025-02-21T13:25:27.8431090Z Requirement already satisfied: jupyter-server<3,>=2.4.0 in /Users/runner/micromamba/envs/tardis/lib/python3.12/site-packages (from notebook>=4.4.1->widgetsnbextension~=3.6.5->ipywidgets>=7.0.0->qgridnext) (2.14.1)
2025-02-21T13:25:27.8439790Z Requirement already satisfied: jupyterlab-server<3,>=2.27.1 in /Users/runner/micromamba/envs/tardis/lib/python3.12/site-packages (from notebook>=4.4.1->widgetsnbextension~=3.6.5->ipywidgets>=7.0.0->qgridnext) (2.27.2)
2025-02-21T13:25:27.8452990Z Requirement already satisfied: jupyterlab<4.3,>=4.2.0 in /Users/runner/micromamba/envs/tardis/lib/python3.12/site-packages (from notebook>=4.4.1->widgetsnbextension~=3.6.5->ipywidgets>=7.0.0->qgridnext) (4.2.2)
2025-02-21T13:25:27.8461130Z Requirement already satisfied: notebook-shim<0.3,>=0.2 in /Users/runner/micromamba/envs/tardis/lib/python3.12/site-packages (from notebook>=4.4.1->widgetsnbextension~=3.6.5->ipywidgets>=7.0.0->qgridnext) (0.2.4)
2025-02-21T13:25:27.8467520Z Requirement already satisfied: tornado>=6.2.0 in /Users/runner/micromamba/envs/tardis/lib/python3.12/site-packages (from notebook>=4.4.1->widgetsnbextension~=3.6.5->ipywidgets>=7.0.0->qgridnext) (6.4.1)
2025-02-21T13:25:27.8495480Z Requirement already satisfied: ptyprocess>=0.5 in /Users/runner/micromamba/envs/tardis/lib/python3.12/site-packages (from pexpect>4.3->ipython>=4.0.0->ipywidgets>=7.0.0->qgridnext) (0.7.0)
2025-02-21T13:25:27.8592750Z Requirement already satisfied: wcwidth in /Users/runner/micromamba/envs/tardis/lib/python3.12/site-packages (from prompt-toolkit<3.1.0,>=3.0.41->ipython>=4.0.0->ipywidgets>=7.0.0->qgridnext) (0.2.13)
2025-02-21T13:25:27.8694610Z Requirement already satisfied: executing>=1.2.0 in /Users/runner/micromamba/envs/tardis/lib/python3.12/site-packages (from stack-data->ipython>=4.0.0->ipywidgets>=7.0.0->qgridnext) (2.0.1)
2025-02-21T13:25:27.8795030Z Requirement already satisfied: asttokens>=2.1.0 in /Users/runner/micromamba/envs/tardis/lib/python3.12/site-packages (from stack-data->ipython>=4.0.0->ipywidgets>=7.0.0->qgridnext) (2.4.1)
2025-02-21T13:25:27.8896650Z Requirement already satisfied: pure-eval in /Users/runner/micromamba/envs/tardis/lib/python3.12/site-packages (from stack-data->ipython>=4.0.0->ipywidgets>=7.0.0->qgridnext) (0.2.2)
2025-02-21T13:25:27.8999260Z Requirement already satisfied: anyio>=3.1.0 in /Users/runner/micromamba/envs/tardis/lib/python3.12/site-packages (from jupyter-server<3,>=2.4.0->notebook>=4.4.1->widgetsnbextension~=3.6.5->ipywidgets>=7.0.0->qgridnext) (4.4.0)
2025-02-21T13:25:27.9100370Z Requirement already satisfied: argon2-cffi>=21.1 in /Users/runner/micromamba/envs/tardis/lib/python3.12/site-packages (from jupyter-server<3,>=2.4.0->notebook>=4.4.1->widgetsnbextension~=3.6.5->ipywidgets>=7.0.0->qgridnext) (23.1.0)
2025-02-21T13:25:27.9206300Z Requirement already satisfied: jinja2>=3.0.3 in /Users/runner/micromamba/envs/tardis/lib/python3.12/site-packages (from jupyter-server<3,>=2.4.0->notebook>=4.4.1->widgetsnbextension~=3.6.5->ipywidgets>=7.0.0->qgridnext) (3.1.4)
2025-02-21T13:25:27.9412840Z Requirement already satisfied: jupyter-client>=7.4.4 in /Users/runner/micromamba/envs/tardis/lib/python3.12/site-packages (from jupyter-server<3,>=2.4.0->notebook>=4.4.1->widgetsnbextension~=3.6.5->ipywidgets>=7.0.0->qgridnext) (8.6.2)
2025-02-21T13:25:27.9512340Z Requirement already satisfied: jupyter-core!=5.0.*,>=4.12 in /Users/runner/micromamba/envs/tardis/lib/python3.12/site-packages (from jupyter-server<3,>=2.4.0->notebook>=4.4.1->widgetsnbextension~=3.6.5->ipywidgets>=7.0.0->qgridnext) (5.7.2)
2025-02-21T13:25:27.9613850Z Requirement already satisfied: jupyter-events>=0.9.0 in /Users/runner/micromamba/envs/tardis/lib/python3.12/site-packages (from jupyter-server<3,>=2.4.0->notebook>=4.4.1->widgetsnbextension~=3.6.5->ipywidgets>=7.0.0->qgridnext) (0.10.0)
2025-02-21T13:25:27.9714750Z Requirement already satisfied: jupyter-server-terminals>=0.4.4 in /Users/runner/micromamba/envs/tardis/lib/python3.12/site-packages (from jupyter-server<3,>=2.4.0->notebook>=4.4.1->widgetsnbextension~=3.6.5->ipywidgets>=7.0.0->qgridnext) (0.5.3)
2025-02-21T13:25:27.9822400Z Requirement already satisfied: nbconvert>=6.4.4 in /Users/runner/micromamba/envs/tardis/lib/python3.12/site-packages (from jupyter-server<3,>=2.4.0->notebook>=4.4.1->widgetsnbextension~=3.6.5->ipywidgets>=7.0.0->qgridnext) (7.16.4)
2025-02-21T13:25:27.9931360Z Requirement already satisfied: nbformat>=5.3.0 in /Users/runner/micromamba/envs/tardis/lib/python3.12/site-packages (from jupyter-server<3,>=2.4.0->notebook>=4.4.1->widgetsnbextension~=3.6.5->ipywidgets>=7.0.0->qgridnext) (5.10.4)
2025-02-21T13:25:28.0031770Z Requirement already satisfied: overrides>=5.0 in /Users/runner/micromamba/envs/tardis/lib/python3.12/site-packages (from jupyter-server<3,>=2.4.0->notebook>=4.4.1->widgetsnbextension~=3.6.5->ipywidgets>=7.0.0->qgridnext) (7.7.0)
2025-02-21T13:25:28.0132530Z Requirement already satisfied: packaging>=22.0 in /Users/runner/micromamba/envs/tardis/lib/python3.12/site-packages (from jupyter-server<3,>=2.4.0->notebook>=4.4.1->widgetsnbextension~=3.6.5->ipywidgets>=7.0.0->qgridnext) (24.1)
2025-02-21T13:25:28.0236380Z Requirement already satisfied: prometheus-client>=0.9 in /Users/runner/micromamba/envs/tardis/lib/python3.12/site-packages (from jupyter-server<3,>=2.4.0->notebook>=4.4.1->widgetsnbextension~=3.6.5->ipywidgets>=7.0.0->qgridnext) (0.20.0)
2025-02-21T13:25:28.0335880Z Requirement already satisfied: pyzmq>=24 in /Users/runner/micromamba/envs/tardis/lib/python3.12/site-packages (from jupyter-server<3,>=2.4.0->notebook>=4.4.1->widgetsnbextension~=3.6.5->ipywidgets>=7.0.0->qgridnext) (26.0.3)
2025-02-21T13:25:28.0436870Z Requirement already satisfied: send2trash>=1.8.2 in /Users/runner/micromamba/envs/tardis/lib/python3.12/site-packages (from jupyter-server<3,>=2.4.0->notebook>=4.4.1->widgetsnbextension~=3.6.5->ipywidgets>=7.0.0->qgridnext) (1.8.3)
2025-02-21T13:25:28.0540850Z Requirement already satisfied: terminado>=0.8.3 in /Users/runner/micromamba/envs/tardis/lib/python3.12/site-packages (from jupyter-server<3,>=2.4.0->notebook>=4.4.1->widgetsnbextension~=3.6.5->ipywidgets>=7.0.0->qgridnext) (0.18.1)
2025-02-21T13:25:28.0640470Z Requirement already satisfied: websocket-client>=1.7 in /Users/runner/micromamba/envs/tardis/lib/python3.12/site-packages (from jupyter-server<3,>=2.4.0->notebook>=4.4.1->widgetsnbextension~=3.6.5->ipywidgets>=7.0.0->qgridnext) (1.8.0)
2025-02-21T13:25:28.0741010Z Requirement already satisfied: async-lru>=1.0.0 in /Users/runner/micromamba/envs/tardis/lib/python3.12/site-packages (from jupyterlab<4.3,>=4.2.0->notebook>=4.4.1->widgetsnbextension~=3.6.5->ipywidgets>=7.0.0->qgridnext) (2.0.4)
2025-02-21T13:25:28.0841760Z Requirement already satisfied: httpx>=0.25.0 in /Users/runner/micromamba/envs/tardis/lib/python3.12/site-packages (from jupyterlab<4.3,>=4.2.0->notebook>=4.4.1->widgetsnbextension~=3.6.5->ipywidgets>=7.0.0->qgridnext) (0.27.0)
2025-02-21T13:25:28.0943950Z Requirement already satisfied: ipykernel>=6.5.0 in /Users/runner/micromamba/envs/tardis/lib/python3.12/site-packages (from jupyterlab<4.3,>=4.2.0->notebook>=4.4.1->widgetsnbextension~=3.6.5->ipywidgets>=7.0.0->qgridnext) (6.29.4)
2025-02-21T13:25:28.1045300Z Requirement already satisfied: jupyter-lsp>=2.0.0 in /Users/runner/micromamba/envs/tardis/lib/python3.12/site-packages (from jupyterlab<4.3,>=4.2.0->notebook>=4.4.1->widgetsnbextension~=3.6.5->ipywidgets>=7.0.0->qgridnext) (2.2.5)
2025-02-21T13:25:28.1146230Z Requirement already satisfied: setuptools>=40.1.0 in /Users/runner/micromamba/envs/tardis/lib/python3.12/site-packages (from jupyterlab<4.3,>=4.2.0->notebook>=4.4.1->widgetsnbextension~=3.6.5->ipywidgets>=7.0.0->qgridnext) (70.0.0)
2025-02-21T13:25:28.1254700Z Requirement already satisfied: babel>=2.10 in /Users/runner/micromamba/envs/tardis/lib/python3.12/site-packages (from jupyterlab-server<3,>=2.27.1->notebook>=4.4.1->widgetsnbextension~=3.6.5->ipywidgets>=7.0.0->qgridnext) (2.14.0)
2025-02-21T13:25:28.1355610Z Requirement already satisfied: json5>=0.9.0 in /Users/runner/micromamba/envs/tardis/lib/python3.12/site-packages (from jupyterlab-server<3,>=2.27.1->notebook>=4.4.1->widgetsnbextension~=3.6.5->ipywidgets>=7.0.0->qgridnext) (0.9.25)
2025-02-21T13:25:28.1457160Z Requirement already satisfied: jsonschema>=4.18.0 in /Users/runner/micromamba/envs/tardis/lib/python3.12/site-packages (from jupyterlab-server<3,>=2.27.1->notebook>=4.4.1->widgetsnbextension~=3.6.5->ipywidgets>=7.0.0->qgridnext) (4.22.0)
2025-02-21T13:25:28.1557510Z Requirement already satisfied: requests>=2.31 in /Users/runner/micromamba/envs/tardis/lib/python3.12/site-packages (from jupyterlab-server<3,>=2.27.1->notebook>=4.4.1->widgetsnbextension~=3.6.5->ipywidgets>=7.0.0->qgridnext) (2.32.3)
2025-02-21T13:25:28.1659030Z Requirement already satisfied: idna>=2.8 in /Users/runner/micromamba/envs/tardis/lib/python3.12/site-packages (from anyio>=3.1.0->jupyter-server<3,>=2.4.0->notebook>=4.4.1->widgetsnbextension~=3.6.5->ipywidgets>=7.0.0->qgridnext) (3.7)
2025-02-21T13:25:28.1759300Z Requirement already satisfied: sniffio>=1.1 in /Users/runner/micromamba/envs/tardis/lib/python3.12/site-packages (from anyio>=3.1.0->jupyter-server<3,>=2.4.0->notebook>=4.4.1->widgetsnbextension~=3.6.5->ipywidgets>=7.0.0->qgridnext) (1.3.1)
2025-02-21T13:25:28.1859700Z Requirement already satisfied: argon2-cffi-bindings in /Users/runner/micromamba/envs/tardis/lib/python3.12/site-packages (from argon2-cffi>=21.1->jupyter-server<3,>=2.4.0->notebook>=4.4.1->widgetsnbextension~=3.6.5->ipywidgets>=7.0.0->qgridnext) (21.2.0)
2025-02-21T13:25:28.1960010Z Requirement already satisfied: certifi in /Users/runner/micromamba/envs/tardis/lib/python3.12/site-packages (from httpx>=0.25.0->jupyterlab<4.3,>=4.2.0->notebook>=4.4.1->widgetsnbextension~=3.6.5->ipywidgets>=7.0.0->qgridnext) (2024.6.2)
2025-02-21T13:25:28.2060770Z Requirement already satisfied: httpcore==1.* in /Users/runner/micromamba/envs/tardis/lib/python3.12/site-packages (from httpx>=0.25.0->jupyterlab<4.3,>=4.2.0->notebook>=4.4.1->widgetsnbextension~=3.6.5->ipywidgets>=7.0.0->qgridnext) (1.0.5)
2025-02-21T13:25:28.2161130Z Requirement already satisfied: h11<0.15,>=0.13 in /Users/runner/micromamba/envs/tardis/lib/python3.12/site-packages (from httpcore==1.*->httpx>=0.25.0->jupyterlab<4.3,>=4.2.0->notebook>=4.4.1->widgetsnbextension~=3.6.5->ipywidgets>=7.0.0->qgridnext) (0.14.0)
2025-02-21T13:25:28.2262450Z Requirement already satisfied: appnope in /Users/runner/micromamba/envs/tardis/lib/python3.12/site-packages (from ipykernel>=6.5.0->jupyterlab<4.3,>=4.2.0->notebook>=4.4.1->widgetsnbextension~=3.6.5->ipywidgets>=7.0.0->qgridnext) (0.1.4)
2025-02-21T13:25:28.2364140Z Requirement already satisfied: debugpy>=1.6.5 in /Users/runner/micromamba/envs/tardis/lib/python3.12/site-packages (from ipykernel>=6.5.0->jupyterlab<4.3,>=4.2.0->notebook>=4.4.1->widgetsnbextension~=3.6.5->ipywidgets>=7.0.0->qgridnext) (1.8.1)
2025-02-21T13:25:28.2465660Z Requirement already satisfied: nest-asyncio in /Users/runner/micromamba/envs/tardis/lib/python3.12/site-packages (from ipykernel>=6.5.0->jupyterlab<4.3,>=4.2.0->notebook>=4.4.1->widgetsnbextension~=3.6.5->ipywidgets>=7.0.0->qgridnext) (1.6.0)
2025-02-21T13:25:28.2565720Z Requirement already satisfied: psutil in /Users/runner/micromamba/envs/tardis/lib/python3.12/site-packages (from ipykernel>=6.5.0->jupyterlab<4.3,>=4.2.0->notebook>=4.4.1->widgetsnbextension~=3.6.5->ipywidgets>=7.0.0->qgridnext) (5.9.8)
2025-02-21T13:25:28.2669920Z Requirement already satisfied: MarkupSafe>=2.0 in /Users/runner/micromamba/envs/tardis/lib/python3.12/site-packages (from jinja2>=3.0.3->jupyter-server<3,>=2.4.0->notebook>=4.4.1->widgetsnbextension~=3.6.5->ipywidgets>=7.0.0->qgridnext) (2.1.5)
2025-02-21T13:25:28.2768820Z Requirement already satisfied: attrs>=22.2.0 in /Users/runner/micromamba/envs/tardis/lib/python3.12/site-packages (from jsonschema>=4.18.0->jupyterlab-server<3,>=2.27.1->notebook>=4.4.1->widgetsnbextension~=3.6.5->ipywidgets>=7.0.0->qgridnext) (23.2.0)
2025-02-21T13:25:28.2869340Z Requirement already satisfied: jsonschema-specifications>=2023.03.6 in /Users/runner/micromamba/envs/tardis/lib/python3.12/site-packages (from jsonschema>=4.18.0->jupyterlab-server<3,>=2.27.1->notebook>=4.4.1->widgetsnbextension~=3.6.5->ipywidgets>=7.0.0->qgridnext) (2023.12.1)
2025-02-21T13:25:28.2970850Z Requirement already satisfied: referencing>=0.28.4 in /Users/runner/micromamba/envs/tardis/lib/python3.12/site-packages (from jsonschema>=4.18.0->jupyterlab-server<3,>=2.27.1->notebook>=4.4.1->widgetsnbextension~=3.6.5->ipywidgets>=7.0.0->qgridnext) (0.35.1)
2025-02-21T13:25:28.3072630Z Requirement already satisfied: rpds-py>=0.7.1 in /Users/runner/micromamba/envs/tardis/lib/python3.12/site-packages (from jsonschema>=4.18.0->jupyterlab-server<3,>=2.27.1->notebook>=4.4.1->widgetsnbextension~=3.6.5->ipywidgets>=7.0.0->qgridnext) (0.18.1)
2025-02-21T13:25:28.3174210Z Requirement already satisfied: platformdirs>=2.5 in /Users/runner/micromamba/envs/tardis/lib/python3.12/site-packages (from jupyter-core!=5.0.*,>=4.12->jupyter-server<3,>=2.4.0->notebook>=4.4.1->widgetsnbextension~=3.6.5->ipywidgets>=7.0.0->qgridnext) (4.2.2)
2025-02-21T13:25:28.3275340Z Requirement already satisfied: python-json-logger>=2.0.4 in /Users/runner/micromamba/envs/tardis/lib/python3.12/site-packages (from jupyter-events>=0.9.0->jupyter-server<3,>=2.4.0->notebook>=4.4.1->widgetsnbextension~=3.6.5->ipywidgets>=7.0.0->qgridnext) (2.0.7)
2025-02-21T13:25:28.3376940Z Requirement already satisfied: pyyaml>=5.3 in /Users/runner/micromamba/envs/tardis/lib/python3.12/site-packages (from jupyter-events>=0.9.0->jupyter-server<3,>=2.4.0->notebook>=4.4.1->widgetsnbextension~=3.6.5->ipywidgets>=7.0.0->qgridnext) (6.0.1)
2025-02-21T13:25:28.3477860Z Requirement already satisfied: rfc3339-validator in /Users/runner/micromamba/envs/tardis/lib/python3.12/site-packages (from jupyter-events>=0.9.0->jupyter-server<3,>=2.4.0->notebook>=4.4.1->widgetsnbextension~=3.6.5->ipywidgets>=7.0.0->qgridnext) (0.1.4)
2025-02-21T13:25:28.3587940Z Requirement already satisfied: rfc3986-validator>=0.1.1 in /Users/runner/micromamba/envs/tardis/lib/python3.12/site-packages (from jupyter-events>=0.9.0->jupyter-server<3,>=2.4.0->notebook>=4.4.1->widgetsnbextension~=3.6.5->ipywidgets>=7.0.0->qgridnext) (0.1.1)
2025-02-21T13:25:28.3686360Z Requirement already satisfied: beautifulsoup4 in /Users/runner/micromamba/envs/tardis/lib/python3.12/site-packages (from nbconvert>=6.4.4->jupyter-server<3,>=2.4.0->notebook>=4.4.1->widgetsnbextension~=3.6.5->ipywidgets>=7.0.0->qgridnext) (4.12.3)
2025-02-21T13:25:28.3790300Z Requirement already satisfied: bleach!=5.0.0 in /Users/runner/micromamba/envs/tardis/lib/python3.12/site-packages (from nbconvert>=6.4.4->jupyter-server<3,>=2.4.0->notebook>=4.4.1->widgetsnbextension~=3.6.5->ipywidgets>=7.0.0->qgridnext) (6.1.0)
2025-02-21T13:25:28.3890700Z Requirement already satisfied: defusedxml in /Users/runner/micromamba/envs/tardis/lib/python3.12/site-packages (from nbconvert>=6.4.4->jupyter-server<3,>=2.4.0->notebook>=4.4.1->widgetsnbextension~=3.6.5->ipywidgets>=7.0.0->qgridnext) (0.7.1)
2025-02-21T13:25:28.3993930Z Requirement already satisfied: jupyterlab-pygments in /Users/runner/micromamba/envs/tardis/lib/python3.12/site-packages (from nbconvert>=6.4.4->jupyter-server<3,>=2.4.0->notebook>=4.4.1->widgetsnbextension~=3.6.5->ipywidgets>=7.0.0->qgridnext) (0.3.0)
2025-02-21T13:25:28.4094430Z Requirement already satisfied: mistune<4,>=2.0.3 in /Users/runner/micromamba/envs/tardis/lib/python3.12/site-packages (from nbconvert>=6.4.4->jupyter-server<3,>=2.4.0->notebook>=4.4.1->widgetsnbextension~=3.6.5->ipywidgets>=7.0.0->qgridnext) (3.0.2)
2025-02-21T13:25:28.4195510Z Requirement already satisfied: nbclient>=0.5.0 in /Users/runner/micromamba/envs/tardis/lib/python3.12/site-packages (from nbconvert>=6.4.4->jupyter-server<3,>=2.4.0->notebook>=4.4.1->widgetsnbextension~=3.6.5->ipywidgets>=7.0.0->qgridnext) (0.10.0)
2025-02-21T13:25:28.4295440Z Requirement already satisfied: pandocfilters>=1.4.1 in /Users/runner/micromamba/envs/tardis/lib/python3.12/site-packages (from nbconvert>=6.4.4->jupyter-server<3,>=2.4.0->notebook>=4.4.1->widgetsnbextension~=3.6.5->ipywidgets>=7.0.0->qgridnext) (1.5.0)
2025-02-21T13:25:28.4396090Z Requirement already satisfied: tinycss2 in /Users/runner/micromamba/envs/tardis/lib/python3.12/site-packages (from nbconvert>=6.4.4->jupyter-server<3,>=2.4.0->notebook>=4.4.1->widgetsnbextension~=3.6.5->ipywidgets>=7.0.0->qgridnext) (1.3.0)
2025-02-21T13:25:28.4497460Z Requirement already satisfied: fastjsonschema>=2.15 in /Users/runner/micromamba/envs/tardis/lib/python3.12/site-packages (from nbformat>=5.3.0->jupyter-server<3,>=2.4.0->notebook>=4.4.1->widgetsnbextension~=3.6.5->ipywidgets>=7.0.0->qgridnext) (2.20.0)
2025-02-21T13:25:28.4599760Z Requirement already satisfied: charset-normalizer<4,>=2 in /Users/runner/micromamba/envs/tardis/lib/python3.12/site-packages (from requests>=2.31->jupyterlab-server<3,>=2.27.1->notebook>=4.4.1->widgetsnbextension~=3.6.5->ipywidgets>=7.0.0->qgridnext) (3.3.2)
2025-02-21T13:25:28.4670080Z Requirement already satisfied: urllib3<3,>=1.21.1 in /Users/runner/micromamba/envs/tardis/lib/python3.12/site-packages (from requests>=2.31->jupyterlab-server<3,>=2.27.1->notebook>=4.4.1->widgetsnbextension~=3.6.5->ipywidgets>=7.0.0->qgridnext) (2.2.2)
2025-02-21T13:25:28.4774280Z Requirement already satisfied: webencodings in /Users/runner/micromamba/envs/tardis/lib/python3.12/site-packages (from bleach!=5.0.0->nbconvert>=6.4.4->jupyter-server<3,>=2.4.0->notebook>=4.4.1->widgetsnbextension~=3.6.5->ipywidgets>=7.0.0->qgridnext) (0.5.1)
2025-02-21T13:25:28.4877530Z Requirement already satisfied: fqdn in /Users/runner/micromamba/envs/tardis/lib/python3.12/site-packages (from jsonschema[format-nongpl]>=4.18.0->jupyter-events>=0.9.0->jupyter-server<3,>=2.4.0->notebook>=4.4.1->widgetsnbextension~=3.6.5->ipywidgets>=7.0.0->qgridnext) (1.5.1)
2025-02-21T13:25:28.4947860Z Requirement already satisfied: isoduration in /Users/runner/micromamba/envs/tardis/lib/python3.12/site-packages (from jsonschema[format-nongpl]>=4.18.0->jupyter-events>=0.9.0->jupyter-server<3,>=2.4.0->notebook>=4.4.1->widgetsnbextension~=3.6.5->ipywidgets>=7.0.0->qgridnext) (20.11.0)
2025-02-21T13:25:28.5021350Z Requirement already satisfied: jsonpointer>1.13 in /Users/runner/micromamba/envs/tardis/lib/python3.12/site-packages (from jsonschema[format-nongpl]>=4.18.0->jupyter-events>=0.9.0->jupyter-server<3,>=2.4.0->notebook>=4.4.1->widgetsnbextension~=3.6.5->ipywidgets>=7.0.0->qgridnext) (3.0.0)
2025-02-21T13:25:28.5074010Z Requirement already satisfied: uri-template in /Users/runner/micromamba/envs/tardis/lib/python3.12/site-packages (from jsonschema[format-nongpl]>=4.18.0->jupyter-events>=0.9.0->jupyter-server<3,>=2.4.0->notebook>=4.4.1->widgetsnbextension~=3.6.5->ipywidgets>=7.0.0->qgridnext) (1.3.0)
2025-02-21T13:25:28.5100520Z Requirement already satisfied: webcolors>=1.11 in /Users/runner/micromamba/envs/tardis/lib/python3.12/site-packages (from jsonschema[format-nongpl]>=4.18.0->jupyter-events>=0.9.0->jupyter-server<3,>=2.4.0->notebook>=4.4.1->widgetsnbextension~=3.6.5->ipywidgets>=7.0.0->qgridnext) (24.6.0)
2025-02-21T13:25:28.5104180Z Requirement already satisfied: cffi>=1.0.1 in /Users/runner/micromamba/envs/tardis/lib/python3.12/site-packages (from argon2-cffi-bindings->argon2-cffi>=21.1->jupyter-server<3,>=2.4.0->notebook>=4.4.1->widgetsnbextension~=3.6.5->ipywidgets>=7.0.0->qgridnext) (1.16.0)
2025-02-21T13:25:28.5105730Z Requirement already satisfied: soupsieve>1.2 in /Users/runner/micromamba/envs/tardis/lib/python3.12/site-packages (from beautifulsoup4->nbconvert>=6.4.4->jupyter-server<3,>=2.4.0->notebook>=4.4.1->widgetsnbextension~=3.6.5->ipywidgets>=7.0.0->qgridnext) (2.5)
2025-02-21T13:25:28.5107210Z Requirement already satisfied: pycparser in /Users/runner/micromamba/envs/tardis/lib/python3.12/site-packages (from cffi>=1.0.1->argon2-cffi-bindings->argon2-cffi>=21.1->jupyter-server<3,>=2.4.0->notebook>=4.4.1->widgetsnbextension~=3.6.5->ipywidgets>=7.0.0->qgridnext) (2.22)
2025-02-21T13:25:28.5108770Z Requirement already satisfied: arrow>=0.15.0 in /Users/runner/micromamba/envs/tardis/lib/python3.12/site-packages (from isoduration->jsonschema[format-nongpl]>=4.18.0->jupyter-events>=0.9.0->jupyter-server<3,>=2.4.0->notebook>=4.4.1->widgetsnbextension~=3.6.5->ipywidgets>=7.0.0->qgridnext) (1.3.0)
2025-02-21T13:25:28.5345610Z Requirement already satisfied: types-python-dateutil>=2.8.10 in /Users/runner/micromamba/envs/tardis/lib/python3.12/site-packages (from arrow>=0.15.0->isoduration->jsonschema[format-nongpl]>=4.18.0->jupyter-events>=0.9.0->jupyter-server<3,>=2.4.0->notebook>=4.4.1->widgetsnbextension~=3.6.5->ipywidgets>=7.0.0->qgridnext) (2.9.0.20240316)
2025-02-21T13:25:28.5663100Z Downloading qgridnext-2.0.4-py3-none-any.whl (1.3 MB)
2025-02-21T13:25:28.6399720Z    â”â”â”â”â”â”â”â”â”â”â”â”â”â”â”â”â”â”â”â”â”â”â”â”â”â”â”â”â”â”â”â”â”â”â”â”â”â”â”â” 1.3/1.3 MB 17.5 MB/s eta 0:00:00
2025-02-21T13:25:29.3038330Z Installing collected packages: qgridnext
2025-02-21T13:25:29.3718680Z Successfully installed qgridnext-2.0.4
2025-02-21T13:25:29.6401840Z ##[group]Run pytest tardis --tardis-regression-data=/Users/runner/work/tardis/tardis/tardis-regression-data --cov=tardis --cov-report=xml --cov-report=html --cov-append -m "not continuum"
2025-02-21T13:25:29.6402970Z [36;1mpytest tardis --tardis-regression-data=/Users/runner/work/tardis/tardis/tardis-regression-data --cov=tardis --cov-report=xml --cov-report=html --cov-append -m "not continuum"[0m
2025-02-21T13:25:29.6463410Z shell: /bin/bash -l {0}
2025-02-21T13:25:29.6463600Z env:
2025-02-21T13:25:29.6463770Z   CACHE_NUMBER: 0
2025-02-21T13:25:29.6464320Z   PYTEST_FLAGS: --tardis-regression-data=/Users/runner/work/tardis/tardis/tardis-regression-data --cov=tardis --cov-report=xml --cov-report=html --cov-append
2025-02-21T13:25:29.6464840Z   CODECOV_TOKEN: 
2025-02-21T13:25:29.6465030Z   MAMBA_ROOT_PREFIX: /Users/runner/micromamba
2025-02-21T13:25:29.6465300Z   MAMBA_EXE: /Users/runner/micromamba-bin/micromamba
2025-02-21T13:25:29.6465680Z   CONDARC: /Users/runner/work/_temp/setup-micromamba/.condarc
2025-02-21T13:25:29.6465980Z ##[endgroup]
2025-02-21T13:25:41.3803270Z ============================= test session starts ==============================
2025-02-21T13:25:41.3803650Z platform darwin -- Python 3.12.4, pytest-8.2.2, pluggy-1.5.0
2025-02-21T13:25:41.3803950Z rootdir: /Users/runner/work/tardis/tardis
2025-02-21T13:25:41.3804190Z configfile: pyproject.toml
2025-02-21T13:25:41.3804500Z plugins: cov-5.0.0, html-4.1.1, metadata-3.1.1, doctestplus-1.2.1, anyio-4.4.0
2025-02-21T13:25:41.3804910Z collected 1796 items / 2 deselected / 1794 selected
2025-02-21T13:25:41.3805070Z 
2025-02-21T13:25:44.9677650Z tardis/energy_input/tests/test_energy_source.py ..xxx                    [  0%]
2025-02-21T13:25:47.0000370Z tardis/energy_input/tests/test_gamma_ray_channel.py ...........          [  0%]
2025-02-21T13:25:48.1883130Z tardis/energy_input/tests/test_gamma_ray_grid.py xx.                     [  1%]
2025-02-21T13:25:49.2973520Z tardis/energy_input/tests/test_gamma_ray_interactions.py xx....          [  1%]
2025-02-21T13:25:49.3032680Z tardis/energy_input/tests/test_gamma_ray_packet_source.py sssssssss      [  1%]
2025-02-21T13:25:50.3313460Z tardis/energy_input/tests/test_util.py .....xxxx.....                    [  2%]
2025-02-21T13:25:50.5727530Z tardis/grid/tests/test_grid.py .                                         [  2%]
2025-02-21T13:25:50.5737020Z tardis/gui/tests/test_gui.py s                                           [  2%]
2025-02-21T13:25:53.3910480Z tardis/io/configuration/tests/test_config_reader.py ...........          [  3%]
2025-02-21T13:25:53.3991990Z tardis/io/configuration/tests/test_configuration_namespace.py .........  [  3%]
2025-02-21T13:25:53.4160460Z tardis/io/logger/tests/test_logging.py ssssssssssssssssssssssssssss      [  5%]
2025-02-21T13:26:21.7923590Z tardis/io/model/readers/tests/test_arepo_parser.py ..                    [  5%]
2025-02-21T13:26:21.8640260Z tardis/io/model/readers/tests/test_ascii_readers.py ...                  [  5%]
2025-02-21T13:26:21.8779350Z tardis/io/model/readers/tests/test_cmfgen_reader.py ..                   [  5%]
2025-02-21T13:26:21.9161580Z tardis/io/model/readers/tests/test_csvy_reader.py ....                   [  6%]
2025-02-21T13:26:21.9348560Z tardis/io/model/readers/tests/test_stella_reader.py ..                   [  6%]
2025-02-21T13:26:22.1780790Z tardis/io/tests/test_HDFWriter.py ...............                        [  7%]
2025-02-21T13:26:22.6273450Z tardis/io/tests/test_atomic.py .....                                     [  7%]
2025-02-21T13:26:22.6465050Z tardis/io/tests/test_decay.py ..                                         [  7%]
2025-02-21T13:26:22.7987060Z tardis/io/tests/test_model_reader.py ......                              [  7%]
2025-02-21T13:26:22.8087240Z tardis/model/geometry/tests/test_radial1d.py ..                          [  7%]
2025-02-21T13:26:50.9105650Z tardis/model/tests/test_base.py ........................................ [ 10%]
2025-02-21T13:26:51.9436530Z ............                                                             [ 10%]
2025-02-21T13:26:55.2050650Z tardis/model/tests/test_csvy_model.py .........                          [ 11%]
2025-02-21T13:26:55.2592800Z tardis/model/tests/test_density.py ..                                    [ 11%]
2025-02-21T13:26:57.0912690Z tardis/opacities/tests/test_opacity_solver.py .....                      [ 11%]
2025-02-21T13:26:58.5566780Z tardis/opacities/tests/test_opacity_state_numba.py .....                 [ 11%]
2025-02-21T13:27:00.9159290Z tardis/opacities/tests/test_tau_sobolev.py ..                            [ 12%]
2025-02-21T13:27:04.6022030Z tardis/plasma/equilibrium/tests/test_collisional_transitions.py ...      [ 12%]
2025-02-21T13:27:54.8224590Z tardis/plasma/equilibrium/tests/test_level_populations.py ....           [ 12%]
2025-02-21T13:28:06.2779330Z tardis/plasma/equilibrium/tests/test_rate_matrix.py .                    [ 12%]
2025-02-21T13:28:07.7424460Z tardis/plasma/tests/test_complete_plasmas.py ..............s......s..... [ 13%]
2025-02-21T13:28:10.2949350Z s....ssssss............s......s.....ss.....s....ssssss............s..... [ 18%]
2025-02-21T13:28:11.6723660Z .s.....ss.....s....ssssss............s......s.....ss.....s....ssssss.... [ 22%]
2025-02-21T13:28:13.8272720Z ........s......s.....ss.....s....ssssss............s......s.....ss.....s [ 26%]
2025-02-21T13:28:16.0905690Z ....ssssss............s......s.....ss.....s....ssssss............s...... [ 30%]
2025-02-21T13:28:16.8442070Z s.....ss.....s....ssssss............s......s.....ss.....s.ss.ssssss..... [ 34%]
2025-02-21T13:28:19.4838790Z .......s......s.....ss.....s....ssssss............s......s.....ss.....s. [ 38%]
2025-02-21T13:28:21.7377000Z ...ssssss............s......s.....ss.....s....ssssss............s......s [ 42%]
2025-02-21T13:28:24.1113500Z .....ss.....s....ssssss............s......s.....s...........ssssss...... [ 46%]
2025-02-21T13:28:25.9761700Z ......s......s.....s...........ssssss............s......s.....s......... [ 50%]
2025-02-21T13:28:28.1363060Z ..ssssss............s......s.....ss.....s....ssssss............s......s. [ 54%]
2025-02-21T13:28:30.5684140Z ....ss.....s....ssssss...................s......s.....s....ssss......... [ 58%]
2025-02-21T13:28:30.8323000Z ............s......s.....s....ssss.......                                [ 60%]
2025-02-21T13:28:31.0655840Z tardis/plasma/tests/test_hdf_plasma.py ................................. [ 62%]
2025-02-21T13:28:31.0748000Z ......                                                                   [ 62%]
2025-02-21T13:28:31.3434730Z tardis/plasma/tests/test_nlte_excitation.py ...                          [ 62%]
2025-02-21T13:30:54.3525850Z tardis/plasma/tests/test_nlte_solver.py .....X                           [ 63%]
2025-02-21T13:30:54.3561020Z tardis/plasma/tests/test_plasma_continuum.py .                           [ 63%]
2025-02-21T13:31:14.9757730Z ##[error]The operation was canceled.
2025-02-21T13:31:15.0472330Z Post job cleanup.
2025-02-21T13:31:15.0678360Z Post job cleanup.
2025-02-21T13:31:15.9008560Z Will use pre-installed micromamba at /Users/runner/micromamba-bin/micromamba
2025-02-21T13:31:15.9154030Z Removing micromamba run shell ...
2025-02-21T13:31:15.9224290Z ##[group]Deinitialize micromamba for bash
2025-02-21T13:31:15.9246730Z [command]/Users/runner/micromamba-bin/micromamba shell deinit -s bash -r /Users/runner/micromamba --log-level warning --rc-file /Users/runner/work/_temp/setup-micromamba/.condarc
2025-02-21T13:31:16.0198030Z Resetting RC file "/Users/runner/.bash_profile"
2025-02-21T13:31:16.0226260Z Deleting config for root prefix 
2025-02-21T13:31:16.0304620Z Clearing mamba executable environment variable
2025-02-21T13:31:16.0406500Z Removing the following in your "/Users/runner/.bash_profile" file
2025-02-21T13:31:16.0443590Z # >>> mamba initialize >>>
2025-02-21T13:31:16.0474160Z ...
2025-02-21T13:31:16.0481390Z # <<< mamba initialize <<<
2025-02-21T13:31:16.0515030Z Removing environment tardis from auto-activate bash ...
2025-02-21T13:31:16.0606780Z Post job cleanup.
2025-02-21T13:31:16.0762480Z Post job cleanup.
2025-02-21T13:31:16.3403500Z [command]/opt/homebrew/bin/git version
2025-02-21T13:31:16.3815330Z git version 2.48.1
2025-02-21T13:31:16.3838740Z Copying '/Users/runner/.gitconfig' to '/Users/runner/work/_temp/cbddadf9-934e-423c-84d7-b6b1018b5b98/.gitconfig'
2025-02-21T13:31:16.3856110Z Temporarily overriding HOME='/Users/runner/work/_temp/cbddadf9-934e-423c-84d7-b6b1018b5b98' before making global git config changes
2025-02-21T13:31:16.3859250Z Adding repository directory to the temporary git global config as a safe directory
2025-02-21T13:31:16.3861160Z [command]/opt/homebrew/bin/git config --global --add safe.directory /Users/runner/work/tardis/tardis/tardis-regression-data
2025-02-21T13:31:16.9377870Z [command]/opt/homebrew/bin/git config --local --name-only --get-regexp core\.sshCommand
2025-02-21T13:31:17.1059090Z [command]/opt/homebrew/bin/git submodule foreach --recursive sh -c "git config --local --name-only --get-regexp 'core\.sshCommand' && git config --local --unset-all 'core.sshCommand' || :"
2025-02-21T13:31:17.1327490Z [command]/opt/homebrew/bin/git config --local --name-only --get-regexp http\.https\:\/\/github\.com\/\.extraheader
2025-02-21T13:31:17.1328270Z http.https://github.com/.extraheader
2025-02-21T13:31:17.2222170Z [command]/opt/homebrew/bin/git config --local --unset-all http.https://github.com/.extraheader
2025-02-21T13:31:17.2225170Z [command]/opt/homebrew/bin/git submodule foreach --recursive sh -c "git config --local --name-only --get-regexp 'http\.https\:\/\/github\.com\/\.extraheader' && git config --local --unset-all 'http.https://github.com/.extraheader' || :"
2025-02-21T13:31:17.2370620Z Post job cleanup.
2025-02-21T13:31:17.4445360Z [command]/opt/homebrew/bin/git version
2025-02-21T13:31:17.9389350Z git version 2.48.1
2025-02-21T13:31:18.1402750Z Copying '/Users/runner/.gitconfig' to '/Users/runner/work/_temp/eab10368-c81b-4d50-b8ba-d0020729ff9b/.gitconfig'
2025-02-21T13:31:18.1403450Z Temporarily overriding HOME='/Users/runner/work/_temp/eab10368-c81b-4d50-b8ba-d0020729ff9b' before making global git config changes
2025-02-21T13:31:18.1404150Z Adding repository directory to the temporary git global config as a safe directory
2025-02-21T13:31:18.1404740Z [command]/opt/homebrew/bin/git config --global --add safe.directory /Users/runner/work/tardis/tardis
2025-02-21T13:31:18.1405490Z [command]/opt/homebrew/bin/git config --local --name-only --get-regexp core\.sshCommand
2025-02-21T13:31:18.1406480Z [command]/opt/homebrew/bin/git submodule foreach --recursive sh -c "git config --local --name-only --get-regexp 'core\.sshCommand' && git config --local --unset-all 'core.sshCommand' || :"
2025-02-21T13:31:18.1407460Z [command]/opt/homebrew/bin/git config --local --name-only --get-regexp http\.https\:\/\/github\.com\/\.extraheader
2025-02-21T13:31:18.1407910Z http.https://github.com/.extraheader
2025-02-21T13:31:18.1408520Z [command]/opt/homebrew/bin/git config --local --unset-all http.https://github.com/.extraheader
2025-02-21T13:31:18.1409610Z [command]/opt/homebrew/bin/git submodule foreach --recursive sh -c "git config --local --name-only --get-regexp 'http\.https\:\/\/github\.com\/\.extraheader' && git config --local --unset-all 'http.https://github.com/.extraheader' || :"
2025-02-21T13:31:18.1495480Z Cleaning up orphan processes
2025-02-21T13:31:19.8660720Z Terminate orphan process: pid (3711) (python3.12)
2025-02-21T13:31:19.9217000Z Terminate orphan process: pid (3640) (python3.12)
