2025-02-24T15:38:17.1649191Z Requested labels: ubuntu-latest
2025-02-24T15:38:17.1649444Z Job defined at: tardis-sn/tardis/.github/workflows/tests.yml@refs/pull/2935/merge
2025-02-24T15:38:17.1649556Z Waiting for a runner to pick up this job...
2025-02-24T15:38:17.4030610Z Job is waiting for a hosted runner to come online.
2025-02-24T15:38:20.8705064Z Job is about to start running on the hosted runner: GitHub Actions 27 (hosted)
2025-02-24T15:38:23.1852995Z Current runner version: '2.322.0'
2025-02-24T15:38:23.1878726Z ##[group]Operating System
2025-02-24T15:38:23.1879475Z Ubuntu
2025-02-24T15:38:23.1880102Z 24.04.1
2025-02-24T15:38:23.1880627Z LTS
2025-02-24T15:38:23.1881142Z ##[endgroup]
2025-02-24T15:38:23.1881665Z ##[group]Runner Image
2025-02-24T15:38:23.1882237Z Image: ubuntu-24.04
2025-02-24T15:38:23.1882811Z Version: 20250209.1.0
2025-02-24T15:38:23.1883878Z Included Software: https://github.com/actions/runner-images/blob/ubuntu24/20250209.1/images/ubuntu/Ubuntu2404-Readme.md
2025-02-24T15:38:23.1885268Z Image Release: https://github.com/actions/runner-images/releases/tag/ubuntu24%2F20250209.1
2025-02-24T15:38:23.1886245Z ##[endgroup]
2025-02-24T15:38:23.1886751Z ##[group]Runner Image Provisioner
2025-02-24T15:38:23.1887363Z 2.0.422.1
2025-02-24T15:38:23.1887907Z ##[endgroup]
2025-02-24T15:38:23.1890183Z ##[group]GITHUB_TOKEN Permissions
2025-02-24T15:38:23.1892272Z Actions: read
2025-02-24T15:38:23.1893069Z Attestations: read
2025-02-24T15:38:23.1893836Z Checks: read
2025-02-24T15:38:23.1894343Z Contents: read
2025-02-24T15:38:23.1894811Z Deployments: read
2025-02-24T15:38:23.1895428Z Discussions: read
2025-02-24T15:38:23.1895954Z Issues: read
2025-02-24T15:38:23.1896511Z Metadata: read
2025-02-24T15:38:23.1897036Z Packages: read
2025-02-24T15:38:23.1897509Z Pages: read
2025-02-24T15:38:23.1898058Z PullRequests: read
2025-02-24T15:38:23.1898805Z RepositoryProjects: read
2025-02-24T15:38:23.1899395Z SecurityEvents: read
2025-02-24T15:38:23.1899980Z Statuses: read
2025-02-24T15:38:23.1900452Z ##[endgroup]
2025-02-24T15:38:23.1903270Z Secret source: None
2025-02-24T15:38:23.1904068Z Prepare workflow directory
2025-02-24T15:38:23.2512334Z Prepare all required actions
2025-02-24T15:38:23.2547910Z Getting action download info
2025-02-24T15:38:23.4888846Z ##[group]Download immutable action package 'actions/checkout@v4'
2025-02-24T15:38:23.4890090Z Version: 4.2.2
2025-02-24T15:38:23.4891036Z Digest: sha256:ccb2698953eaebd21c7bf6268a94f9c26518a7e38e27e0b83c1fe1ad049819b1
2025-02-24T15:38:23.4892088Z Source commit SHA: 11bd71901bbe5b1630ceea73d27597364c9af683
2025-02-24T15:38:23.4892694Z ##[endgroup]
2025-02-24T15:38:23.5730840Z ##[group]Download immutable action package 'actions/upload-artifact@v4'
2025-02-24T15:38:23.5731558Z Version: 4.6.1
2025-02-24T15:38:23.5732183Z Digest: sha256:3f6a28e7a1e0b5c8e2249e28da121a049fa5b91863b04390a46a82e4f8e2da98
2025-02-24T15:38:23.5733025Z Source commit SHA: 4cec3d8aa04e39d1a68397de0c4cd6fb9dce8ec1
2025-02-24T15:38:23.5733631Z ##[endgroup]
2025-02-24T15:38:23.9603212Z Complete job name: not continuum ubuntu-latest 
2025-02-24T15:38:24.0254162Z ##[group]Run actions/checkout@v4
2025-02-24T15:38:24.0255003Z with:
2025-02-24T15:38:24.0255406Z   repository: tardis-sn/tardis
2025-02-24T15:38:24.0256033Z   token: ***
2025-02-24T15:38:24.0256412Z   ssh-strict: true
2025-02-24T15:38:24.0256808Z   ssh-user: git
2025-02-24T15:38:24.0257214Z   persist-credentials: true
2025-02-24T15:38:24.0257657Z   clean: true
2025-02-24T15:38:24.0258063Z   sparse-checkout-cone-mode: true
2025-02-24T15:38:24.0258726Z   fetch-depth: 1
2025-02-24T15:38:24.0259115Z   fetch-tags: false
2025-02-24T15:38:24.0259509Z   show-progress: true
2025-02-24T15:38:24.0259908Z   lfs: false
2025-02-24T15:38:24.0260271Z   submodules: false
2025-02-24T15:38:24.0260668Z   set-safe-directory: true
2025-02-24T15:38:24.0261332Z env:
2025-02-24T15:38:24.0261697Z   CACHE_NUMBER: 0
2025-02-24T15:38:24.0262815Z   PYTEST_FLAGS: --tardis-regression-data=/home/runner/work/tardis/tardis/tardis-regression-data --cov=tardis --cov-report=xml --cov-report=html --cov-append
2025-02-24T15:38:24.0264033Z   CODECOV_TOKEN: 
2025-02-24T15:38:24.0264421Z ##[endgroup]
2025-02-24T15:38:24.2160231Z Syncing repository: tardis-sn/tardis
2025-02-24T15:38:24.2161871Z ##[group]Getting Git version info
2025-02-24T15:38:24.2162512Z Working directory is '/home/runner/work/tardis/tardis'
2025-02-24T15:38:24.2163404Z [command]/usr/bin/git version
2025-02-24T15:38:24.2236380Z git version 2.48.1
2025-02-24T15:38:24.2262796Z ##[endgroup]
2025-02-24T15:38:24.2276464Z Temporarily overriding HOME='/home/runner/work/_temp/3c6d7a45-cdc0-4c3f-8d55-194807fcf325' before making global git config changes
2025-02-24T15:38:24.2277813Z Adding repository directory to the temporary git global config as a safe directory
2025-02-24T15:38:24.2282023Z [command]/usr/bin/git config --global --add safe.directory /home/runner/work/tardis/tardis
2025-02-24T15:38:24.2317939Z Deleting the contents of '/home/runner/work/tardis/tardis'
2025-02-24T15:38:24.2322683Z ##[group]Initializing the repository
2025-02-24T15:38:24.2327563Z [command]/usr/bin/git init /home/runner/work/tardis/tardis
2025-02-24T15:38:24.2408707Z hint: Using 'master' as the name for the initial branch. This default branch name
2025-02-24T15:38:24.2410213Z hint: is subject to change. To configure the initial branch name to use in all
2025-02-24T15:38:24.2411168Z hint: of your new repositories, which will suppress this warning, call:
2025-02-24T15:38:24.2411868Z hint:
2025-02-24T15:38:24.2412356Z hint: 	git config --global init.defaultBranch <name>
2025-02-24T15:38:24.2412913Z hint:
2025-02-24T15:38:24.2413792Z hint: Names commonly chosen instead of 'master' are 'main', 'trunk' and
2025-02-24T15:38:24.2414993Z hint: 'development'. The just-created branch can be renamed via this command:
2025-02-24T15:38:24.2416117Z hint:
2025-02-24T15:38:24.2416833Z hint: 	git branch -m <name>
2025-02-24T15:38:24.2418625Z Initialized empty Git repository in /home/runner/work/tardis/tardis/.git/
2025-02-24T15:38:24.2427123Z [command]/usr/bin/git remote add origin https://github.com/tardis-sn/tardis
2025-02-24T15:38:24.2461934Z ##[endgroup]
2025-02-24T15:38:24.2462625Z ##[group]Disabling automatic garbage collection
2025-02-24T15:38:24.2466133Z [command]/usr/bin/git config --local gc.auto 0
2025-02-24T15:38:24.2496721Z ##[endgroup]
2025-02-24T15:38:24.2497839Z ##[group]Setting up auth
2025-02-24T15:38:24.2504065Z [command]/usr/bin/git config --local --name-only --get-regexp core\.sshCommand
2025-02-24T15:38:24.2535669Z [command]/usr/bin/git submodule foreach --recursive sh -c "git config --local --name-only --get-regexp 'core\.sshCommand' && git config --local --unset-all 'core.sshCommand' || :"
2025-02-24T15:38:24.2857543Z [command]/usr/bin/git config --local --name-only --get-regexp http\.https\:\/\/github\.com\/\.extraheader
2025-02-24T15:38:24.2889064Z [command]/usr/bin/git submodule foreach --recursive sh -c "git config --local --name-only --get-regexp 'http\.https\:\/\/github\.com\/\.extraheader' && git config --local --unset-all 'http.https://github.com/.extraheader' || :"
2025-02-24T15:38:24.3135709Z [command]/usr/bin/git config --local http.https://github.com/.extraheader AUTHORIZATION: basic ***
2025-02-24T15:38:24.3172760Z ##[endgroup]
2025-02-24T15:38:24.3180847Z ##[group]Fetching the repository
2025-02-24T15:38:24.3182282Z [command]/usr/bin/git -c protocol.version=2 fetch --no-tags --prune --no-recurse-submodules --depth=1 origin +16ee1ab6bd0336991a33336c9c3254e0d1a2248b:refs/remotes/pull/2935/merge
2025-02-24T15:38:26.7113857Z From https://github.com/tardis-sn/tardis
2025-02-24T15:38:26.7116183Z  * [new ref]         16ee1ab6bd0336991a33336c9c3254e0d1a2248b -> pull/2935/merge
2025-02-24T15:38:26.7140760Z ##[endgroup]
2025-02-24T15:38:26.7141981Z ##[group]Determining the checkout info
2025-02-24T15:38:26.7143497Z ##[endgroup]
2025-02-24T15:38:26.7147586Z [command]/usr/bin/git sparse-checkout disable
2025-02-24T15:38:26.7189385Z [command]/usr/bin/git config --local --unset-all extensions.worktreeConfig
2025-02-24T15:38:26.7217790Z ##[group]Checking out the ref
2025-02-24T15:38:26.7222019Z [command]/usr/bin/git checkout --progress --force refs/remotes/pull/2935/merge
2025-02-24T15:38:26.9245534Z Note: switching to 'refs/remotes/pull/2935/merge'.
2025-02-24T15:38:26.9246563Z 
2025-02-24T15:38:26.9247401Z You are in 'detached HEAD' state. You can look around, make experimental
2025-02-24T15:38:26.9249749Z changes and commit them, and you can discard any commits you make in this
2025-02-24T15:38:26.9251927Z state without impacting any branches by switching back to a branch.
2025-02-24T15:38:26.9253537Z 
2025-02-24T15:38:26.9254393Z If you want to create a new branch to retain commits you create, you may
2025-02-24T15:38:26.9256346Z do so (now or later) by using -c with the switch command. Example:
2025-02-24T15:38:26.9257476Z 
2025-02-24T15:38:26.9257978Z   git switch -c <new-branch-name>
2025-02-24T15:38:26.9259012Z 
2025-02-24T15:38:26.9259500Z Or undo this operation with:
2025-02-24T15:38:26.9260352Z 
2025-02-24T15:38:26.9260767Z   git switch -
2025-02-24T15:38:26.9261377Z 
2025-02-24T15:38:26.9262412Z Turn off this advice by setting config variable advice.detachedHead to false
2025-02-24T15:38:26.9263909Z 
2025-02-24T15:38:26.9265615Z HEAD is now at 16ee1ab Merge 12fe439e76eef967bffcc16539f3201c5ca43faa into 6e790c66049717c1a7df370212bf7063c85b7fdd
2025-02-24T15:38:26.9273758Z ##[endgroup]
2025-02-24T15:38:26.9312105Z [command]/usr/bin/git log -1 --format=%H
2025-02-24T15:38:26.9335336Z 16ee1ab6bd0336991a33336c9c3254e0d1a2248b
2025-02-24T15:38:26.9681260Z Prepare all required actions
2025-02-24T15:38:26.9682445Z Getting action download info
2025-02-24T15:38:27.1937339Z ##[group]Download immutable action package 'actions/cache@v4'
2025-02-24T15:38:27.1937827Z Version: 4.2.1
2025-02-24T15:38:27.1938429Z Digest: sha256:b0404c9628d43aa6855629075b28f32cadf8efc5c26198438149f78500112940
2025-02-24T15:38:27.1939008Z Source commit SHA: 0c907a75c2c80ebcb7f088228285e798b750cf8f
2025-02-24T15:38:27.1939427Z ##[endgroup]
2025-02-24T15:38:27.5385024Z ##[group]Run ./.github/actions/setup_lfs
2025-02-24T15:38:27.5385391Z with:
2025-02-24T15:38:27.5385720Z   regression-data-repo: tardis-sn/tardis-regression-data
2025-02-24T15:38:27.5386099Z   atom-data-sparse: false
2025-02-24T15:38:27.5386369Z env:
2025-02-24T15:38:27.5386593Z   CACHE_NUMBER: 0
2025-02-24T15:38:27.5387276Z   PYTEST_FLAGS: --tardis-regression-data=/home/runner/work/tardis/tardis/tardis-regression-data --cov=tardis --cov-report=xml --cov-report=html --cov-append
2025-02-24T15:38:27.5388045Z   CODECOV_TOKEN: 
2025-02-24T15:38:27.5388589Z ##[endgroup]
2025-02-24T15:38:27.5533028Z ##[group]Run actions/checkout@v4
2025-02-24T15:38:27.5533342Z with:
2025-02-24T15:38:27.5533620Z   repository: tardis-sn/tardis-regression-data
2025-02-24T15:38:27.5533990Z   path: tardis-regression-data
2025-02-24T15:38:27.5534275Z   lfs: false
2025-02-24T15:38:27.5534661Z   token: ***
2025-02-24T15:38:27.5534914Z   ssh-strict: true
2025-02-24T15:38:27.5535156Z   ssh-user: git
2025-02-24T15:38:27.5535410Z   persist-credentials: true
2025-02-24T15:38:27.5535677Z   clean: true
2025-02-24T15:38:27.5535930Z   sparse-checkout-cone-mode: true
2025-02-24T15:38:27.5536224Z   fetch-depth: 1
2025-02-24T15:38:27.5536471Z   fetch-tags: false
2025-02-24T15:38:27.5536726Z   show-progress: true
2025-02-24T15:38:27.5536975Z   submodules: false
2025-02-24T15:38:27.5537234Z   set-safe-directory: true
2025-02-24T15:38:27.5537496Z env:
2025-02-24T15:38:27.5537716Z   CACHE_NUMBER: 0
2025-02-24T15:38:27.5538564Z   PYTEST_FLAGS: --tardis-regression-data=/home/runner/work/tardis/tardis/tardis-regression-data --cov=tardis --cov-report=xml --cov-report=html --cov-append
2025-02-24T15:38:27.5539302Z   CODECOV_TOKEN: 
2025-02-24T15:38:27.5539554Z ##[endgroup]
2025-02-24T15:38:27.6455330Z Syncing repository: tardis-sn/tardis-regression-data
2025-02-24T15:38:27.6461582Z ##[group]Getting Git version info
2025-02-24T15:38:27.6462283Z Working directory is '/home/runner/work/tardis/tardis/tardis-regression-data'
2025-02-24T15:38:27.6506166Z [command]/usr/bin/git version
2025-02-24T15:38:27.6549666Z git version 2.48.1
2025-02-24T15:38:27.6575444Z ##[endgroup]
2025-02-24T15:38:27.6589337Z Temporarily overriding HOME='/home/runner/work/_temp/37842510-bfa0-472a-b217-0d040836d595' before making global git config changes
2025-02-24T15:38:27.6590655Z Adding repository directory to the temporary git global config as a safe directory
2025-02-24T15:38:27.6596082Z [command]/usr/bin/git config --global --add safe.directory /home/runner/work/tardis/tardis/tardis-regression-data
2025-02-24T15:38:27.6626481Z ##[group]Initializing the repository
2025-02-24T15:38:27.6631564Z [command]/usr/bin/git init /home/runner/work/tardis/tardis/tardis-regression-data
2025-02-24T15:38:27.6667740Z hint: Using 'master' as the name for the initial branch. This default branch name
2025-02-24T15:38:27.6669030Z hint: is subject to change. To configure the initial branch name to use in all
2025-02-24T15:38:27.6670107Z hint: of your new repositories, which will suppress this warning, call:
2025-02-24T15:38:27.6670751Z hint:
2025-02-24T15:38:27.6671338Z hint: 	git config --global init.defaultBranch <name>
2025-02-24T15:38:27.6671992Z hint:
2025-02-24T15:38:27.6672674Z hint: Names commonly chosen instead of 'master' are 'main', 'trunk' and
2025-02-24T15:38:27.6673725Z hint: 'development'. The just-created branch can be renamed via this command:
2025-02-24T15:38:27.6674498Z hint:
2025-02-24T15:38:27.6675641Z hint: 	git branch -m <name>
2025-02-24T15:38:27.6676969Z Initialized empty Git repository in /home/runner/work/tardis/tardis/tardis-regression-data/.git/
2025-02-24T15:38:27.6683294Z [command]/usr/bin/git remote add origin https://github.com/tardis-sn/tardis-regression-data
2025-02-24T15:38:27.6713996Z ##[endgroup]
2025-02-24T15:38:27.6714792Z ##[group]Disabling automatic garbage collection
2025-02-24T15:38:27.6718611Z [command]/usr/bin/git config --local gc.auto 0
2025-02-24T15:38:27.6746271Z ##[endgroup]
2025-02-24T15:38:27.6746723Z ##[group]Setting up auth
2025-02-24T15:38:27.6752540Z [command]/usr/bin/git config --local --name-only --get-regexp core\.sshCommand
2025-02-24T15:38:27.6781084Z [command]/usr/bin/git submodule foreach --recursive sh -c "git config --local --name-only --get-regexp 'core\.sshCommand' && git config --local --unset-all 'core.sshCommand' || :"
2025-02-24T15:38:27.7003492Z [command]/usr/bin/git config --local --name-only --get-regexp http\.https\:\/\/github\.com\/\.extraheader
2025-02-24T15:38:27.7031671Z [command]/usr/bin/git submodule foreach --recursive sh -c "git config --local --name-only --get-regexp 'http\.https\:\/\/github\.com\/\.extraheader' && git config --local --unset-all 'http.https://github.com/.extraheader' || :"
2025-02-24T15:38:27.7258691Z [command]/usr/bin/git config --local http.https://github.com/.extraheader AUTHORIZATION: basic ***
2025-02-24T15:38:27.7296615Z ##[endgroup]
2025-02-24T15:38:27.7297676Z ##[group]Determining the default branch
2025-02-24T15:38:27.7302077Z Retrieving the default branch name
2025-02-24T15:38:28.0405397Z Default branch 'main'
2025-02-24T15:38:28.0406258Z ##[endgroup]
2025-02-24T15:38:28.0406850Z ##[group]Fetching the repository
2025-02-24T15:38:28.0414821Z [command]/usr/bin/git -c protocol.version=2 fetch --no-tags --prune --no-recurse-submodules --depth=1 origin +refs/heads/main:refs/remotes/origin/main
2025-02-24T15:38:30.8510230Z From https://github.com/tardis-sn/tardis-regression-data
2025-02-24T15:38:30.8510801Z  * [new branch]      main       -> origin/main
2025-02-24T15:38:30.8536258Z ##[endgroup]
2025-02-24T15:38:30.8536675Z ##[group]Determining the checkout info
2025-02-24T15:38:30.8538454Z ##[endgroup]
2025-02-24T15:38:30.8543481Z [command]/usr/bin/git sparse-checkout disable
2025-02-24T15:38:30.8580148Z [command]/usr/bin/git config --local --unset-all extensions.worktreeConfig
2025-02-24T15:38:30.8609384Z ##[group]Checking out the ref
2025-02-24T15:38:30.8613676Z [command]/usr/bin/git checkout --progress --force -B main refs/remotes/origin/main
2025-02-24T15:38:31.0061665Z Switched to a new branch 'main'
2025-02-24T15:38:31.0063902Z branch 'main' set up to track 'origin/main'.
2025-02-24T15:38:31.0321057Z ##[endgroup]
2025-02-24T15:38:31.0360842Z [command]/usr/bin/git log -1 --format=%H
2025-02-24T15:38:31.0384811Z b2fdf418ac1a3631f8c3d2a5f392b6ebfa09ba0b
2025-02-24T15:38:31.0520505Z ##[group]Run if [ "false" == "true" ]; then
2025-02-24T15:38:31.0520891Z [36;1mif [ "false" == "true" ]; then[0m
2025-02-24T15:38:31.0521193Z [36;1m  echo "Using atom data sparse checkout"[0m
2025-02-24T15:38:31.0521804Z [36;1m  echo "atom_data/kurucz_cd23_chianti_H_He.h5" > .lfs-files-list[0m
2025-02-24T15:38:31.0522132Z [36;1melse[0m
2025-02-24T15:38:31.0522354Z [36;1m  echo "Using full repository checkout"[0m
2025-02-24T15:38:31.0522708Z [36;1m  git lfs ls-files -l | cut -d' ' -f1 | sort > .lfs-files-list[0m
2025-02-24T15:38:31.0523018Z [36;1mfi[0m
2025-02-24T15:38:31.0689494Z shell: /usr/bin/bash --noprofile --norc -e -o pipefail {0}
2025-02-24T15:38:31.0689891Z env:
2025-02-24T15:38:31.0690100Z   CACHE_NUMBER: 0
2025-02-24T15:38:31.0690847Z   PYTEST_FLAGS: --tardis-regression-data=/home/runner/work/tardis/tardis/tardis-regression-data --cov=tardis --cov-report=xml --cov-report=html --cov-append
2025-02-24T15:38:31.0691652Z   CODECOV_TOKEN: 
2025-02-24T15:38:31.0691879Z ##[endgroup]
2025-02-24T15:38:31.0787712Z Using full repository checkout
2025-02-24T15:38:31.2352874Z ##[group]Run actions/cache/restore@v4
2025-02-24T15:38:31.2353284Z with:
2025-02-24T15:38:31.2353613Z   path: tardis-regression-data/.git/lfs
2025-02-24T15:38:31.2354985Z   key: tardis-regression-full-data-6e3f921411cf0a4e16018f0781785ab8728ab151c8f95ea20b0c8e8609b9a332-tardis-sn/tardis-regression-data-v1
2025-02-24T15:38:31.2356099Z   fail-on-cache-miss: true
2025-02-24T15:38:31.2356509Z   enableCrossOsArchive: false
2025-02-24T15:38:31.2356915Z   lookup-only: false
2025-02-24T15:38:31.2357263Z env:
2025-02-24T15:38:31.2357559Z   CACHE_NUMBER: 0
2025-02-24T15:38:31.2358910Z   PYTEST_FLAGS: --tardis-regression-data=/home/runner/work/tardis/tardis/tardis-regression-data --cov=tardis --cov-report=xml --cov-report=html --cov-append
2025-02-24T15:38:31.2360085Z   CODECOV_TOKEN: 
2025-02-24T15:38:31.2360400Z ##[endgroup]
2025-02-24T15:38:31.6481265Z Cache hit for: tardis-regression-full-data-6e3f921411cf0a4e16018f0781785ab8728ab151c8f95ea20b0c8e8609b9a332-tardis-sn/tardis-regression-data-v1
2025-02-24T15:38:32.9500130Z Received 4194304 of 2160718086 (0.2%), 4.0 MBs/sec
2025-02-24T15:38:33.9513409Z Received 125829120 of 2160718086 (5.8%), 59.9 MBs/sec
2025-02-24T15:38:34.9565391Z Received 260046848 of 2160718086 (12.0%), 82.6 MBs/sec
2025-02-24T15:38:35.9531275Z Received 364904448 of 2160718086 (16.9%), 86.9 MBs/sec
2025-02-24T15:38:36.9541956Z Received 469762048 of 2160718086 (21.7%), 89.5 MBs/sec
2025-02-24T15:38:37.9548439Z Received 566231040 of 2160718086 (26.2%), 89.9 MBs/sec
2025-02-24T15:38:38.9642237Z Received 671088640 of 2160718086 (31.1%), 91.2 MBs/sec
2025-02-24T15:38:39.9652491Z Received 784334848 of 2160718086 (36.3%), 93.3 MBs/sec
2025-02-24T15:38:40.9653922Z Received 884998144 of 2160718086 (41.0%), 93.6 MBs/sec
2025-02-24T15:38:41.9668059Z Received 998244352 of 2160718086 (46.2%), 95.0 MBs/sec
2025-02-24T15:38:42.9674131Z Received 1119879168 of 2160718086 (51.8%), 96.9 MBs/sec
2025-02-24T15:38:43.9654320Z Received 1224736768 of 2160718086 (56.7%), 97.2 MBs/sec
2025-02-24T15:38:44.9659418Z Received 1342177280 of 2160718086 (62.1%), 98.3 MBs/sec
2025-02-24T15:38:45.9663512Z Received 1459617792 of 2160718086 (67.6%), 99.3 MBs/sec
2025-02-24T15:38:46.9668059Z Received 1560281088 of 2160718086 (72.2%), 99.1 MBs/sec
2025-02-24T15:38:47.9665398Z Received 1652555776 of 2160718086 (76.5%), 98.4 MBs/sec
2025-02-24T15:38:48.9663498Z Received 1761607680 of 2160718086 (81.5%), 98.7 MBs/sec
2025-02-24T15:38:49.9942096Z Received 1879048192 of 2160718086 (87.0%), 99.3 MBs/sec
2025-02-24T15:38:50.9935341Z Received 1988100096 of 2160718086 (92.0%), 99.6 MBs/sec
2025-02-24T15:38:51.9963501Z Received 2088763392 of 2160718086 (96.7%), 99.4 MBs/sec
2025-02-24T15:38:52.8754371Z Received 2160718086 of 2160718086 (100.0%), 98.5 MBs/sec
2025-02-24T15:38:52.8756833Z Cache Size: ~2061 MB (2160718086 B)
2025-02-24T15:38:52.8817381Z [command]/usr/bin/tar -xf /home/runner/work/_temp/618de4e0-7c36-409e-bde3-8342c621607d/cache.tzst -P -C /home/runner/work/tardis/tardis --use-compress-program unzstd
2025-02-24T15:39:03.0034439Z Cache restored successfully
2025-02-24T15:39:03.3835844Z Cache restored from key: tardis-regression-full-data-6e3f921411cf0a4e16018f0781785ab8728ab151c8f95ea20b0c8e8609b9a332-tardis-sn/tardis-regression-data-v1
2025-02-24T15:39:03.3968598Z ##[group]Run git lfs checkout
2025-02-24T15:39:03.3968874Z [36;1mgit lfs checkout[0m
2025-02-24T15:39:03.4023966Z shell: /usr/bin/bash --noprofile --norc -e -o pipefail {0}
2025-02-24T15:39:03.4024312Z env:
2025-02-24T15:39:03.4024506Z   CACHE_NUMBER: 0
2025-02-24T15:39:03.4025129Z   PYTEST_FLAGS: --tardis-regression-data=/home/runner/work/tardis/tardis/tardis-regression-data --cov=tardis --cov-report=xml --cov-report=html --cov-append
2025-02-24T15:39:03.4025790Z   CODECOV_TOKEN: 
2025-02-24T15:39:03.4025990Z ##[endgroup]
2025-02-24T15:39:23.8103772Z Checking out LFS objects: 100% (204/204), 5.7 GB | 278 MB/s, done.
2025-02-24T15:39:27.1952023Z Prepare all required actions
2025-02-24T15:39:27.1952370Z Getting action download info
2025-02-24T15:39:27.3729995Z Download action repository 'mamba-org/setup-micromamba@v1' (SHA:4b9113af4fba0e9e1124b252dd6497a419e7396d)
2025-02-24T15:39:27.8782924Z ##[group]Run ./.github/actions/setup_env
2025-02-24T15:39:27.8783206Z with:
2025-02-24T15:39:27.8783403Z   os-label: linux-64
2025-02-24T15:39:27.8783595Z env:
2025-02-24T15:39:27.8783765Z   CACHE_NUMBER: 0
2025-02-24T15:39:27.8784381Z   PYTEST_FLAGS: --tardis-regression-data=/home/runner/work/tardis/tardis/tardis-regression-data --cov=tardis --cov-report=xml --cov-report=html --cov-append
2025-02-24T15:39:27.8785015Z   CODECOV_TOKEN: 
2025-02-24T15:39:27.8785199Z ##[endgroup]
2025-02-24T15:39:27.8806055Z ##[group]Run file_hash=$(cat conda-linux-64.lock | shasum -a 256 | cut -d' ' -f1)
2025-02-24T15:39:27.8806537Z [36;1mfile_hash=$(cat conda-linux-64.lock | shasum -a 256 | cut -d' ' -f1)[0m
2025-02-24T15:39:27.8807119Z [36;1mecho "file_hash=tardis-conda-env-linux-64-${file_hash}-v1" >> "${GITHUB_OUTPUT}"[0m
2025-02-24T15:39:27.8860632Z shell: /usr/bin/bash --noprofile --norc -e -o pipefail {0}
2025-02-24T15:39:27.8860945Z env:
2025-02-24T15:39:27.8861121Z   CACHE_NUMBER: 0
2025-02-24T15:39:27.8861749Z   PYTEST_FLAGS: --tardis-regression-data=/home/runner/work/tardis/tardis/tardis-regression-data --cov=tardis --cov-report=xml --cov-report=html --cov-append
2025-02-24T15:39:27.8862405Z   CODECOV_TOKEN: 
2025-02-24T15:39:27.8862595Z ##[endgroup]
2025-02-24T15:39:27.9289957Z ##[group]Run mamba-org/setup-micromamba@v1
2025-02-24T15:39:27.9290227Z with:
2025-02-24T15:39:27.9290430Z   environment-file: conda-linux-64.lock
2025-02-24T15:39:27.9290986Z   cache-environment-key: tardis-conda-env-linux-64-1bfcc818b79d6e7f30001ef583d4cbf8b611cf6e4e626641987e436d32dd5614-v1
2025-02-24T15:39:27.9291792Z   cache-downloads-key: tardis-conda-env-linux-64-1bfcc818b79d6e7f30001ef583d4cbf8b611cf6e4e626641987e436d32dd5614-v1
2025-02-24T15:39:27.9292328Z   environment-name: tardis
2025-02-24T15:39:27.9292550Z   cache-environment: true
2025-02-24T15:39:27.9292771Z   cache-downloads: true
2025-02-24T15:39:27.9292972Z env:
2025-02-24T15:39:27.9293144Z   CACHE_NUMBER: 0
2025-02-24T15:39:27.9293736Z   PYTEST_FLAGS: --tardis-regression-data=/home/runner/work/tardis/tardis/tardis-regression-data --cov=tardis --cov-report=xml --cov-report=html --cov-append
2025-02-24T15:39:27.9294369Z   CODECOV_TOKEN: 
2025-02-24T15:39:27.9294558Z ##[endgroup]
2025-02-24T15:39:28.0716536Z Will download micromamba to /home/runner/micromamba-bin/micromamba
2025-02-24T15:39:28.0727907Z ##[group]Install micromamba
2025-02-24T15:39:28.7130636Z micromamba installed to /home/runner/micromamba-bin/micromamba
2025-02-24T15:39:28.7131470Z ##[endgroup]
2025-02-24T15:39:28.7132302Z Adding conda-forge to condarc channels ...
2025-02-24T15:39:28.7142173Z ##[group]Initialize micromamba for bash.
2025-02-24T15:39:28.7157751Z [command]/home/runner/micromamba-bin/micromamba shell init -s bash -r /home/runner/micromamba --log-level warning --rc-file /home/runner/work/_temp/setup-micromamba/.condarc
2025-02-24T15:39:28.7265809Z Modifying RC file "/home/runner/.bashrc"
2025-02-24T15:39:28.7266754Z Generating config for root prefix [1m"/home/runner/micromamba"[0m
2025-02-24T15:39:28.7267624Z Setting mamba executable to: [1m"/home/runner/micromamba-bin/micromamba"[0m
2025-02-24T15:39:28.7268938Z Adding (or replacing) the following in your "/home/runner/.bashrc" file
2025-02-24T15:39:28.7269415Z 
2025-02-24T15:39:28.7269558Z # >>> mamba initialize >>>
2025-02-24T15:39:28.7270046Z # !! Contents within this block are managed by 'mamba init' !!
2025-02-24T15:39:28.7270696Z export MAMBA_EXE='/home/runner/micromamba-bin/micromamba';
2025-02-24T15:39:28.7271310Z export MAMBA_ROOT_PREFIX='/home/runner/micromamba';
2025-02-24T15:39:28.7272136Z __mamba_setup="$("$MAMBA_EXE" shell hook --shell bash --root-prefix "$MAMBA_ROOT_PREFIX" 2> /dev/null)"
2025-02-24T15:39:28.7272857Z if [ $? -eq 0 ]; then
2025-02-24T15:39:28.7273487Z     eval "$__mamba_setup"
2025-02-24T15:39:28.7273843Z else
2025-02-24T15:39:28.7274302Z     alias micromamba="$MAMBA_EXE"  # Fallback on help from mamba activate
2025-02-24T15:39:28.7274774Z fi
2025-02-24T15:39:28.7274941Z unset __mamba_setup
2025-02-24T15:39:28.7275148Z # <<< mamba initialize <<<
2025-02-24T15:39:28.7275293Z 
2025-02-24T15:39:28.7284686Z Moving mamba initialize block to .bash_profile
2025-02-24T15:39:28.7297389Z ##[endgroup]
2025-02-24T15:39:28.7298902Z ##[group]Restoring downloads from `/home/runner/micromamba/pkgs` ...
2025-02-24T15:39:30.3258754Z Received 0 of 358530607 (0.0%), 0.0 MBs/sec
2025-02-24T15:39:31.3263927Z Received 88080384 of 358530607 (24.6%), 42.0 MBs/sec
2025-02-24T15:39:32.3267169Z Received 188743680 of 358530607 (52.6%), 60.0 MBs/sec
2025-02-24T15:39:33.3272244Z Received 293601280 of 358530607 (81.9%), 70.0 MBs/sec
2025-02-24T15:39:33.8529159Z Cache Size: ~342 MB (358530607 B)
2025-02-24T15:39:33.8602469Z [command]/usr/bin/tar -xf /home/runner/work/_temp/21edc7a7-fdbc-48d9-a5a8-7458076e4ce2/cache.tzst -P -C /home/runner/work/tardis/tardis --use-compress-program unzstd
2025-02-24T15:39:34.3195090Z Cache restored successfully
2025-02-24T15:39:34.3280425Z Received 358530607 of 358530607 (100.0%), 68.4 MBs/sec
2025-02-24T15:39:34.3933728Z Restored cache with key `tardis-conda-env-linux-64-1bfcc818b79d6e7f30001ef583d4cbf8b611cf6e4e626641987e436d32dd5614-v1-linux-64`
2025-02-24T15:39:34.3935282Z ##[endgroup]
2025-02-24T15:39:34.3947933Z ##[group]Restoring environment `tardis` from `/home/runner/micromamba/envs/tardis` ...
2025-02-24T15:39:35.9918813Z Received 0 of 445669008 (0.0%), 0.0 MBs/sec
2025-02-24T15:39:36.9932862Z Received 83886080 of 445669008 (18.8%), 40.0 MBs/sec
2025-02-24T15:39:37.9943569Z Received 180355072 of 445669008 (40.5%), 57.3 MBs/sec
2025-02-24T15:39:38.9948373Z Received 276824064 of 445669008 (62.1%), 66.0 MBs/sec
2025-02-24T15:39:39.9943508Z Received 377487360 of 445669008 (84.7%), 72.0 MBs/sec
2025-02-24T15:39:40.6412157Z Cache Size: ~425 MB (445669008 B)
2025-02-24T15:39:40.6518845Z [command]/usr/bin/tar -xf /home/runner/work/_temp/393c3dd8-dcaa-4057-a5c8-408037b21fc5/cache.tzst -P -C /home/runner/work/tardis/tardis --use-compress-program unzstd
2025-02-24T15:39:40.9949074Z Received 445669008 of 445669008 (100.0%), 70.8 MBs/sec
2025-02-24T15:39:45.7447412Z Cache restored successfully
2025-02-24T15:39:45.8396359Z Restored cache with key `tardis-conda-env-linux-64-1bfcc818b79d6e7f30001ef583d4cbf8b611cf6e4e626641987e436d32dd5614-v1-linux-64-tardis-args-4f53cda-root-dcc80ee-bin-[object Promise]-file-1bfcc818b79d6e7f30001ef583d4cbf8b611cf6e4e626641987e436d32dd5614`
2025-02-24T15:39:45.8398536Z ##[endgroup]
2025-02-24T15:39:45.8398963Z Adding environment tardis to auto-activate bash ...
2025-02-24T15:39:45.8407193Z Generating micromamba run shell.
2025-02-24T15:39:45.8415319Z ##[endgroup]
2025-02-24T15:39:45.8421797Z Set environment variables.
2025-02-24T15:39:45.8425647Z ##[group]micromamba info
2025-02-24T15:39:45.8429103Z [command]/home/runner/micromamba-bin/micromamba info -r /home/runner/micromamba -n tardis
2025-02-24T15:39:45.8654503Z 
2025-02-24T15:39:45.8654778Z        libmamba version : 1.5.10
2025-02-24T15:39:45.8655515Z      micromamba version : 1.5.10
2025-02-24T15:39:45.8656215Z            curl version : libcurl/8.10.1 OpenSSL/3.3.2 zlib/1.3.1 zstd/1.5.6 libssh2/1.11.0 nghttp2/1.58.0
2025-02-24T15:39:45.8657531Z      libarchive version : libarchive 3.7.4 zlib/1.2.13 bz2lib/1.0.8 libzstd/1.5.6
2025-02-24T15:39:45.8658422Z        envs directories : /home/runner/micromamba/envs
2025-02-24T15:39:45.8659036Z           package cache : /home/runner/micromamba/pkgs
2025-02-24T15:39:45.8659571Z                           /home/runner/.mamba/pkgs
2025-02-24T15:39:45.8660029Z             environment : tardis
2025-02-24T15:39:45.8660540Z            env location : /home/runner/micromamba/envs/tardis
2025-02-24T15:39:45.8661099Z       user config files : /home/runner/.mambarc
2025-02-24T15:39:45.8661997Z  populated config files : /home/runner/work/_temp/setup-micromamba/.condarc
2025-02-24T15:39:45.8662666Z        virtual packages : __unix=0=0
2025-02-24T15:39:45.8663115Z                           __linux=6.8.0=0
2025-02-24T15:39:45.8663561Z                           __glibc=2.39=0
2025-02-24T15:39:45.8664011Z                           __archspec=1=x86_64_v3
2025-02-24T15:39:45.8664608Z                channels : https://conda.anaconda.org/conda-forge/linux-64
2025-02-24T15:39:45.8665261Z                           https://conda.anaconda.org/conda-forge/noarch
2025-02-24T15:39:45.8665814Z        base environment : /home/runner/micromamba
2025-02-24T15:39:45.8666295Z                platform : linux-64
2025-02-24T15:39:45.8674141Z ##[endgroup]
2025-02-24T15:39:45.8674732Z ##[group]micromamba list
2025-02-24T15:39:45.8675847Z [command]/home/runner/micromamba-bin/micromamba list -r /home/runner/micromamba -n tardis
2025-02-24T15:39:46.2596203Z List of packages in environment: "/home/runner/micromamba/envs/tardis"
2025-02-24T15:39:46.2599044Z 
2025-02-24T15:39:46.2600021Z   Name                           Version              Build                    Channel    
2025-02-24T15:39:46.2601236Z â”€â”€â”€â”€â”€â”€â”€â”€â”€â”€â”€â”€â”€â”€â”€â”€â”€â”€â”€â”€â”€â”€â”€â”€â”€â”€â”€â”€â”€â”€â”€â”€â”€â”€â”€â”€â”€â”€â”€â”€â”€â”€â”€â”€â”€â”€â”€â”€â”€â”€â”€â”€â”€â”€â”€â”€â”€â”€â”€â”€â”€â”€â”€â”€â”€â”€â”€â”€â”€â”€â”€â”€â”€â”€â”€â”€â”€â”€â”€â”€â”€â”€â”€â”€â”€â”€â”€â”€â”€â”€â”€â”€
2025-02-24T15:39:46.2601948Z   _libgcc_mutex                  0.1                  conda_forge              conda-forge
2025-02-24T15:39:46.2602577Z   _openmp_mutex                  4.5                  2_gnu                    conda-forge
2025-02-24T15:39:46.2603171Z   alabaster                      0.7.16               pyhd8ed1ab_0             conda-forge
2025-02-24T15:39:46.2603747Z   anyio                          4.4.0                pyhd8ed1ab_0             conda-forge
2025-02-24T15:39:46.2604370Z   argon2-cffi                    23.1.0               pyhd8ed1ab_1             conda-forge
2025-02-24T15:39:46.2605124Z   argon2-cffi-bindings           21.2.0               py312h66e93f0_5          conda-forge
2025-02-24T15:39:46.2605855Z   arrow                          1.3.0                pyhd8ed1ab_1             conda-forge
2025-02-24T15:39:46.2606435Z   astropy                        6.1.1                py312h4fc7734_1          conda-forge
2025-02-24T15:39:46.2607094Z   astropy-iers-data              0.2024.6.17.0.31.35  pyhd8ed1ab_0             conda-forge
2025-02-24T15:39:46.2607816Z   astropy-sphinx-theme           1.1                  pyhd8ed1ab_1             conda-forge
2025-02-24T15:39:46.2608832Z   asttokens                      2.4.1                pyhd8ed1ab_0             conda-forge
2025-02-24T15:39:46.2609408Z   async-lru                      2.0.4                pyhd8ed1ab_1             conda-forge
2025-02-24T15:39:46.2609940Z   atk-1.0                        2.38.0               h04ea711_2               conda-forge
2025-02-24T15:39:46.2610576Z   attrs                          23.2.0               pyh71513ae_0             conda-forge
2025-02-24T15:39:46.2611147Z   babel                          2.14.0               pyhd8ed1ab_0             conda-forge
2025-02-24T15:39:46.2611780Z   beautifulsoup4                 4.12.3               pyha770c72_1             conda-forge
2025-02-24T15:39:46.2612404Z   bleach                         6.1.0                pyhd8ed1ab_0             conda-forge
2025-02-24T15:39:46.2613022Z   blosc                          1.21.6               hef167b5_0               conda-forge
2025-02-24T15:39:46.2613888Z   brotli                         1.1.0                hb9d3cd8_2               conda-forge
2025-02-24T15:39:46.2614460Z   brotli-bin                     1.1.0                hb9d3cd8_2               conda-forge
2025-02-24T15:39:46.2615074Z   brotli-python                  1.1.0                py312h2ec8cdc_2          conda-forge
2025-02-24T15:39:46.2615659Z   bzip2                          1.0.8                h4bc722e_7               conda-forge
2025-02-24T15:39:46.2616198Z   c-ares                         1.28.1               hd590300_0               conda-forge
2025-02-24T15:39:46.2616906Z   c-blosc2                       2.15.2               h68e2383_0               conda-forge
2025-02-24T15:39:46.2617551Z   ca-certificates                2024.12.14           hbcca054_0               conda-forge
2025-02-24T15:39:46.2618423Z   cached-property                1.5.2                hd8ed1ab_1               conda-forge
2025-02-24T15:39:46.2619106Z   cached_property                1.5.2                pyha770c72_1             conda-forge
2025-02-24T15:39:46.2619734Z   cairo                          1.18.0               h3faef2a_0               conda-forge
2025-02-24T15:39:46.2620340Z   certifi                        2024.12.14           pyhd8ed1ab_0             conda-forge
2025-02-24T15:39:46.2620948Z   cffi                           1.16.0               py312hf06ca03_0          conda-forge
2025-02-24T15:39:46.2621608Z   charset-normalizer             3.3.2                pyhd8ed1ab_0             conda-forge
2025-02-24T15:39:46.2622270Z   click                          8.1.7                unix_pyh707e725_1        conda-forge
2025-02-24T15:39:46.2622888Z   codespell                      2.3.0                pyhd8ed1ab_1             conda-forge
2025-02-24T15:39:46.2623524Z   colorama                       0.4.6                pyhd8ed1ab_1             conda-forge
2025-02-24T15:39:46.2624117Z   comm                           0.2.2                pyhd8ed1ab_1             conda-forge
2025-02-24T15:39:46.2624723Z   commonmark                     0.9.1                py_0                     conda-forge
2025-02-24T15:39:46.2625382Z   contourpy                      1.2.1                py312h8572e83_0          conda-forge
2025-02-24T15:39:46.2626006Z   coverage                       7.5.3                py312h9a8786e_0          conda-forge
2025-02-24T15:39:46.2626598Z   cycler                         0.12.1               pyhd8ed1ab_1             conda-forge
2025-02-24T15:39:46.2627188Z   dataclasses                    0.8                  pyhc8e2a94_3             conda-forge
2025-02-24T15:39:46.2627830Z   debugpy                        1.8.1                py312h30efb56_0          conda-forge
2025-02-24T15:39:46.2628616Z   decorator                      5.1.1                pyhd8ed1ab_1             conda-forge
2025-02-24T15:39:46.2629267Z   defusedxml                     0.7.1                pyhd8ed1ab_0             conda-forge
2025-02-24T15:39:46.2629925Z   docutils                       0.20.1               py312h7900ff3_3          conda-forge
2025-02-24T15:39:46.2630561Z   dot2tex                        2.11.3               pyhd8ed1ab_1             conda-forge
2025-02-24T15:39:46.2631203Z   entrypoints                    0.4                  pyhd8ed1ab_1             conda-forge
2025-02-24T15:39:46.2631897Z   exceptiongroup                 1.2.0                pyhd8ed1ab_2             conda-forge
2025-02-24T15:39:46.2632587Z   executing                      2.0.1                pyhd8ed1ab_0             conda-forge
2025-02-24T15:39:46.2633207Z   expat                          2.6.2                h59595ed_0               conda-forge
2025-02-24T15:39:46.2633910Z   font-ttf-dejavu-sans-mono      2.37                 hab24e00_0               conda-forge
2025-02-24T15:39:46.2634697Z   font-ttf-inconsolata           3.000                h77eed37_0               conda-forge
2025-02-24T15:39:46.2635483Z   font-ttf-source-code-pro       2.038                h77eed37_0               conda-forge
2025-02-24T15:39:46.2636418Z   font-ttf-ubuntu                0.83                 h77eed37_3               conda-forge
2025-02-24T15:39:46.2637091Z   fontconfig                     2.14.2               h14ed4e7_0               conda-forge
2025-02-24T15:39:46.2637798Z   fonts-conda-ecosystem          1                    0                        conda-forge
2025-02-24T15:39:46.2638671Z   fonts-conda-forge              1                    0                        conda-forge
2025-02-24T15:39:46.2639348Z   fonttools                      4.53.0               py312h9a8786e_0          conda-forge
2025-02-24T15:39:46.2640117Z   fqdn                           1.5.1                pyhd8ed1ab_1             conda-forge
2025-02-24T15:39:46.2640701Z   freetype                       2.12.1               h267a509_2               conda-forge
2025-02-24T15:39:46.2641290Z   fribidi                        1.0.10               h36c2ea0_0               conda-forge
2025-02-24T15:39:46.2641678Z   future                         1.0.0                pyhd8ed1ab_1             conda-forge
2025-02-24T15:39:46.2642068Z   gdk-pixbuf                     2.42.12              hb9ae30d_0               conda-forge
2025-02-24T15:39:46.2642436Z   giflib                         5.2.2                hd590300_0               conda-forge
2025-02-24T15:39:46.2642813Z   git-lfs                        3.5.1                h647637d_1               conda-forge
2025-02-24T15:39:46.2643202Z   gmp                            6.3.0                hac33072_2               conda-forge
2025-02-24T15:39:46.2643535Z   gmpy2                          2.1.5                py312h7201bc8_3          conda-forge
2025-02-24T15:39:46.2643902Z   graphite2                      1.3.13               h59595ed_1003            conda-forge
2025-02-24T15:39:46.2644271Z   graphviz                       11.0.0               hc68bbd7_0               conda-forge
2025-02-24T15:39:46.2644616Z   gtk2                           2.24.33              h280cfa0_4               conda-forge
2025-02-24T15:39:46.2644947Z   gts                            0.7.6                h977cf35_4               conda-forge
2025-02-24T15:39:46.2645275Z   h11                            0.14.0               pyhd8ed1ab_1             conda-forge
2025-02-24T15:39:46.2645601Z   h2                             4.1.0                pyhd8ed1ab_1             conda-forge
2025-02-24T15:39:46.2646177Z   h5py                           3.11.0               nompi_py312hedeef09_103  conda-forge
2025-02-24T15:39:46.2646819Z   harfbuzz                       8.5.0                hfac3d4d_0               conda-forge
2025-02-24T15:39:46.2647428Z   hdf5                           1.14.3               nompi_hdf9ad27_105       conda-forge
2025-02-24T15:39:46.2648025Z   hpack                          4.0.0                pyhd8ed1ab_1             conda-forge
2025-02-24T15:39:46.2648811Z   httpcore                       1.0.5                pyhd8ed1ab_0             conda-forge
2025-02-24T15:39:46.2649425Z   httpx                          0.27.0               pyhd8ed1ab_0             conda-forge
2025-02-24T15:39:46.2650099Z   hyperframe                     6.0.1                pyhd8ed1ab_1             conda-forge
2025-02-24T15:39:46.2650681Z   icu                            73.2                 h59595ed_0               conda-forge
2025-02-24T15:39:46.2651227Z   idna                           3.7                  pyhd8ed1ab_0             conda-forge
2025-02-24T15:39:46.2651819Z   imagesize                      1.4.1                pyhd8ed1ab_0             conda-forge
2025-02-24T15:39:46.2652488Z   importlib-metadata             7.1.0                pyha770c72_0             conda-forge
2025-02-24T15:39:46.2653230Z   importlib_metadata             7.1.0                hd8ed1ab_0               conda-forge
2025-02-24T15:39:46.2653974Z   importlib_resources            6.4.0                pyhd8ed1ab_0             conda-forge
2025-02-24T15:39:46.2654659Z   iniconfig                      2.0.0                pyhd8ed1ab_1             conda-forge
2025-02-24T15:39:46.2655497Z   ipykernel                      6.29.4               pyh3099207_0             conda-forge
2025-02-24T15:39:46.2656122Z   ipython                        8.25.0               pyh707e725_0             conda-forge
2025-02-24T15:39:46.2656788Z   ipython_genutils               0.2.0                pyhd8ed1ab_2             conda-forge
2025-02-24T15:39:46.2657464Z   ipywidgets                     7.8.0                pyhd8ed1ab_0             conda-forge
2025-02-24T15:39:46.2658288Z   isoduration                    20.11.0              pyhd8ed1ab_1             conda-forge
2025-02-24T15:39:46.2658928Z   jedi                           0.19.1               pyhd8ed1ab_0             conda-forge
2025-02-24T15:39:46.2659723Z   jinja2                         3.1.4                pyhd8ed1ab_1             conda-forge
2025-02-24T15:39:46.2660351Z   json5                          0.9.25               pyhd8ed1ab_0             conda-forge
2025-02-24T15:39:46.2660993Z   jsonpointer                    3.0.0                py312h7900ff3_1          conda-forge
2025-02-24T15:39:46.2661676Z   jsonschema                     4.22.0               pyhd8ed1ab_0             conda-forge
2025-02-24T15:39:46.2662459Z   jsonschema-specifications      2023.12.1            pyhd8ed1ab_0             conda-forge
2025-02-24T15:39:46.2663346Z   jsonschema-with-format-nongpl  4.22.0               pyhd8ed1ab_0             conda-forge
2025-02-24T15:39:46.2664127Z   jupyter-lsp                    2.2.5                pyhd8ed1ab_1             conda-forge
2025-02-24T15:39:46.2664812Z   jupyter_client                 8.6.2                pyhd8ed1ab_0             conda-forge
2025-02-24T15:39:46.2665497Z   jupyter_core                   5.7.2                pyh31011fe_1             conda-forge
2025-02-24T15:39:46.2666151Z   jupyter_events                 0.10.0               pyhd8ed1ab_1             conda-forge
2025-02-24T15:39:46.2666783Z   jupyter_server                 2.14.1               pyhd8ed1ab_1             conda-forge
2025-02-24T15:39:46.2667433Z   jupyter_server_terminals       0.5.3                pyhd8ed1ab_1             conda-forge
2025-02-24T15:39:46.2668319Z   jupyterlab                     4.2.2                pyhd8ed1ab_0             conda-forge
2025-02-24T15:39:46.2669060Z   jupyterlab_pygments            0.3.0                pyhd8ed1ab_2             conda-forge
2025-02-24T15:39:46.2669805Z   jupyterlab_server              2.27.2               pyhd8ed1ab_0             conda-forge
2025-02-24T15:39:46.2670579Z   jupyterlab_widgets             1.1.7                pyhd8ed1ab_0             conda-forge
2025-02-24T15:39:46.2671286Z   keyutils                       1.6.1                h166bdaf_0               conda-forge
2025-02-24T15:39:46.2671998Z   kiwisolver                     1.4.5                py312h68727a3_2          conda-forge
2025-02-24T15:39:46.2672643Z   krb5                           1.21.2               h659d440_0               conda-forge
2025-02-24T15:39:46.2673242Z   latexcodec                     2.0.1                pyh9f0ad1d_0             conda-forge
2025-02-24T15:39:46.2673902Z   lcms2                          2.16                 hb7c19ff_0               conda-forge
2025-02-24T15:39:46.2674530Z   ld_impl_linux-64               2.40                 hf3520f5_7               conda-forge
2025-02-24T15:39:46.2675096Z   lerc                           4.0.0                h27087fc_0               conda-forge
2025-02-24T15:39:46.2675612Z   libaec                         1.1.3                h59595ed_0               conda-forge
2025-02-24T15:39:46.2676160Z   libblas                        3.9.0                24_linux64_openblas      conda-forge
2025-02-24T15:39:46.2676779Z   libbrotlicommon                1.1.0                hb9d3cd8_2               conda-forge
2025-02-24T15:39:46.2677435Z   libbrotlidec                   1.1.0                hb9d3cd8_2               conda-forge
2025-02-24T15:39:46.2678029Z   libbrotlienc                   1.1.0                hb9d3cd8_2               conda-forge
2025-02-24T15:39:46.2679097Z   libcblas                       3.9.0                24_linux64_openblas      conda-forge
2025-02-24T15:39:46.2679671Z   libcurl                        8.8.0                hca28451_0               conda-forge
2025-02-24T15:39:46.2680215Z   libdeflate                     1.20                 hd590300_0               conda-forge
2025-02-24T15:39:46.2680828Z   libedit                        3.1.20191231         he28a2e2_2               conda-forge
2025-02-24T15:39:46.2681382Z   libev                          4.33                 hd590300_2               conda-forge
2025-02-24T15:39:46.2681912Z   libexpat                       2.6.2                h59595ed_0               conda-forge
2025-02-24T15:39:46.2682618Z   libffi                         3.4.2                h7f98852_5               conda-forge
2025-02-24T15:39:46.2683174Z   libgcc                         14.2.0               h77fa898_1               conda-forge
2025-02-24T15:39:46.2683688Z   libgcc-ng                      14.2.0               h69a702a_1               conda-forge
2025-02-24T15:39:46.2684062Z   libgd                          2.3.3                h119a65a_9               conda-forge
2025-02-24T15:39:46.2684440Z   libgfortran-ng                 13.2.0               h69a702a_13              conda-forge
2025-02-24T15:39:46.2684841Z   libgfortran5                   13.2.0               h3d2ce59_13              conda-forge
2025-02-24T15:39:46.2685221Z   libglib                        2.80.2               h8a4344b_1               conda-forge
2025-02-24T15:39:46.2685569Z   libgomp                        14.2.0               h77fa898_1               conda-forge
2025-02-24T15:39:46.2685925Z   libiconv                       1.17                 hd590300_2               conda-forge
2025-02-24T15:39:46.2686294Z   libjpeg-turbo                  3.0.0                hd590300_1               conda-forge
2025-02-24T15:39:46.2686674Z   liblapack                      3.9.0                24_linux64_openblas      conda-forge
2025-02-24T15:39:46.2687050Z   libllvm14                      14.0.6               hcd5def8_4               conda-forge
2025-02-24T15:39:46.2687419Z   libnghttp2                     1.58.0               h47da74e_1               conda-forge
2025-02-24T15:39:46.2687801Z   libnsl                         2.0.1                hd590300_0               conda-forge
2025-02-24T15:39:46.2688476Z   libopenblas                    0.3.27               pthreads_hac2b453_1      conda-forge
2025-02-24T15:39:46.2688894Z   libpng                         1.6.43               h2797004_0               conda-forge
2025-02-24T15:39:46.2689243Z   librsvg                        2.58.1               hadf69e7_0               conda-forge
2025-02-24T15:39:46.2689611Z   libsodium                      1.0.18               h36c2ea0_1               conda-forge
2025-02-24T15:39:46.2689975Z   libsqlite                      3.46.0               hde9e2c9_0               conda-forge
2025-02-24T15:39:46.2690330Z   libssh2                        1.11.0               h0841786_0               conda-forge
2025-02-24T15:39:46.2690691Z   libstdcxx                      14.2.0               hc0a3c3a_1               conda-forge
2025-02-24T15:39:46.2691058Z   libstdcxx-ng                   14.2.0               h4852527_1               conda-forge
2025-02-24T15:39:46.2691415Z   libtiff                        4.6.0                h1dd3fc0_3               conda-forge
2025-02-24T15:39:46.2691766Z   libuuid                        2.38.1               h0b41bf4_0               conda-forge
2025-02-24T15:39:46.2692119Z   libwebp                        1.4.0                h2c329e2_0               conda-forge
2025-02-24T15:39:46.2692478Z   libwebp-base                   1.4.0                hd590300_0               conda-forge
2025-02-24T15:39:46.2692833Z   libxcb                         1.15                 h0b41bf4_0               conda-forge
2025-02-24T15:39:46.2693181Z   libxcrypt                      4.4.36               hd590300_1               conda-forge
2025-02-24T15:39:46.2693539Z   libxml2                        2.12.7               h4c95cb1_3               conda-forge
2025-02-24T15:39:46.2694039Z   libxslt                        1.1.39               h76b75d6_0               conda-forge
2025-02-24T15:39:46.2694385Z   libzlib                        1.3.1                hb9d3cd8_2               conda-forge
2025-02-24T15:39:46.2694738Z   llvmlite                       0.43.0               py312h374181b_1          conda-forge
2025-02-24T15:39:46.2695082Z   lxml                           5.2.2                py312hb90d8a5_0          conda-forge
2025-02-24T15:39:46.2695406Z   lz4-c                          1.9.4                hcb278e6_0               conda-forge
2025-02-24T15:39:46.2695828Z   lzo                            2.10                 hd590300_1001            conda-forge
2025-02-24T15:39:46.2696181Z   markupsafe                     2.1.5                py312h66e93f0_1          conda-forge
2025-02-24T15:39:46.2696569Z   matplotlib-base                3.8.4                py312h20ab3a6_2          conda-forge
2025-02-24T15:39:46.2696984Z   matplotlib-inline              0.1.7                pyhd8ed1ab_1             conda-forge
2025-02-24T15:39:46.2697380Z   mistune                        3.0.2                pyhd8ed1ab_1             conda-forge
2025-02-24T15:39:46.2697715Z   mpc                            1.3.1                h24ddda3_1               conda-forge
2025-02-24T15:39:46.2698035Z   mpfr                           4.2.1                h90cbb55_3               conda-forge
2025-02-24T15:39:46.2698646Z   mpmath                         1.3.0                pyhd8ed1ab_1             conda-forge
2025-02-24T15:39:46.2699013Z   munkres                        1.1.4                pyh9f0ad1d_0             conda-forge
2025-02-24T15:39:46.2699390Z   mypy_extensions                1.0.0                pyha770c72_1             conda-forge
2025-02-24T15:39:46.2699776Z   nbclassic                      1.1.0                pyhd8ed1ab_1             conda-forge
2025-02-24T15:39:46.2700139Z   nbclient                       0.10.0               pyhd8ed1ab_0             conda-forge
2025-02-24T15:39:46.2700505Z   nbconvert                      7.16.4               hd8ed1ab_3               conda-forge
2025-02-24T15:39:46.2700884Z   nbconvert-core                 7.16.4               pyhd8ed1ab_3             conda-forge
2025-02-24T15:39:46.2701302Z   nbconvert-pandoc               7.16.4               hd8ed1ab_3               conda-forge
2025-02-24T15:39:46.2701712Z   nbformat                       5.10.4               pyhd8ed1ab_1             conda-forge
2025-02-24T15:39:46.2702082Z   nbsphinx                       0.9.4                pyhd8ed1ab_0             conda-forge
2025-02-24T15:39:46.2702439Z   ncurses                        6.5                  he02047a_1               conda-forge
2025-02-24T15:39:46.2702801Z   nest-asyncio                   1.6.0                pyhd8ed1ab_1             conda-forge
2025-02-24T15:39:46.2703170Z   networkx                       3.3                  pyhd8ed1ab_1             conda-forge
2025-02-24T15:39:46.2703518Z   nomkl                          1.0                  h5ca1d4c_0               conda-forge
2025-02-24T15:39:46.2703864Z   notebook                       7.2.1                pyhd8ed1ab_0             conda-forge
2025-02-24T15:39:46.2704237Z   notebook-shim                  0.2.4                pyhd8ed1ab_1             conda-forge
2025-02-24T15:39:46.2704599Z   numba                          0.60.0               py312h83e6fd3_0          conda-forge
2025-02-24T15:39:46.2704947Z   numexpr                        2.10.0               py312hf412c99_100        conda-forge
2025-02-24T15:39:46.2705296Z   numpy                          2.0.2                py312h58c1407_1          conda-forge
2025-02-24T15:39:46.2705653Z   numpydoc                       1.7.0                pyhd8ed1ab_3             conda-forge
2025-02-24T15:39:46.2706009Z   openjpeg                       2.5.2                h488ebb8_0               conda-forge
2025-02-24T15:39:46.2706362Z   openssl                        3.4.0                h7b32b05_1               conda-forge
2025-02-24T15:39:46.2706884Z   overrides                      7.7.0                pyhd8ed1ab_1             conda-forge
2025-02-24T15:39:46.2707257Z   packaging                      24.1                 pyhd8ed1ab_0             conda-forge
2025-02-24T15:39:46.2707634Z   pandas                         2.2.2                py312h1d6d2e6_1          conda-forge
2025-02-24T15:39:46.2707989Z   pandoc                         3.2.1                ha770c72_0               conda-forge
2025-02-24T15:39:46.2708706Z   pandocfilters                  1.5.0                pyhd8ed1ab_0             conda-forge
2025-02-24T15:39:46.2709309Z   pango                          1.54.0               h84a9a3c_0               conda-forge
2025-02-24T15:39:46.2709662Z   parso                          0.8.4                pyhd8ed1ab_1             conda-forge
2025-02-24T15:39:46.2710020Z   pathspec                       0.12.1               pyhd8ed1ab_1             conda-forge
2025-02-24T15:39:46.2710395Z   pbr                            6.0.0                pyhd8ed1ab_0             conda-forge
2025-02-24T15:39:46.2710733Z   pcre2                          10.44                hba22ea6_2               conda-forge
2025-02-24T15:39:46.2711088Z   pexpect                        4.9.0                pyhd8ed1ab_1             conda-forge
2025-02-24T15:39:46.2711457Z   pickleshare                    0.7.5                pyhd8ed1ab_1004          conda-forge
2025-02-24T15:39:46.2711834Z   pillow                         10.3.0               py312hdcec9eb_0          conda-forge
2025-02-24T15:39:46.2712180Z   pip                            24.0                 pyhd8ed1ab_0             conda-forge
2025-02-24T15:39:46.2712532Z   pixman                         0.43.2               h59595ed_0               conda-forge
2025-02-24T15:39:46.2712931Z   pkgutil-resolve-name           1.3.10               pyhd8ed1ab_2             conda-forge
2025-02-24T15:39:46.2713383Z   platformdirs                   4.2.2                pyhd8ed1ab_0             conda-forge
2025-02-24T15:39:46.2713765Z   plotly                         5.22.0               pyhd8ed1ab_0             conda-forge
2025-02-24T15:39:46.2714118Z   pluggy                         1.5.0                pyhd8ed1ab_1             conda-forge
2025-02-24T15:39:46.2714503Z   prometheus_client              0.20.0               pyhd8ed1ab_0             conda-forge
2025-02-24T15:39:46.2714918Z   prompt-toolkit                 3.0.47               pyha770c72_0             conda-forge
2025-02-24T15:39:46.2715294Z   psutil                         5.9.8                py312h98912ed_0          conda-forge
2025-02-24T15:39:46.2715669Z   pthread-stubs                  0.4                  hb9d3cd8_1002            conda-forge
2025-02-24T15:39:46.2716052Z   ptyprocess                     0.7.0                pyhd8ed1ab_1             conda-forge
2025-02-24T15:39:46.2716424Z   pure_eval                      0.2.2                pyhd8ed1ab_0             conda-forge
2025-02-24T15:39:46.2716798Z   py-cpuinfo                     9.0.0                pyhd8ed1ab_1             conda-forge
2025-02-24T15:39:46.2717156Z   pybtex                         0.24.0               pyhd8ed1ab_3             conda-forge
2025-02-24T15:39:46.2717534Z   pybtex-docutils                1.0.3                py312h7900ff3_2          conda-forge
2025-02-24T15:39:46.2717919Z   pycparser                      2.22                 pyh29332c3_1             conda-forge
2025-02-24T15:39:46.2718437Z   pyerfa                         2.0.1.4              py312hc0a28a1_2          conda-forge
2025-02-24T15:39:46.2718813Z   pygments                       2.18.0               pyhd8ed1ab_1             conda-forge
2025-02-24T15:39:46.2719192Z   pygraphviz                     1.13                 py312h4a1d8a7_1          conda-forge
2025-02-24T15:39:46.2719564Z   pyparsing                      3.1.2                pyhd8ed1ab_0             conda-forge
2025-02-24T15:39:46.2719925Z   pysocks                        1.7.1                pyha55dd90_7             conda-forge
2025-02-24T15:39:46.2720531Z   pytables                       3.10.2               py312h2895ec7_0          conda-forge
2025-02-24T15:39:46.2720884Z   pytest                         8.2.2                pyhd8ed1ab_0             conda-forge
2025-02-24T15:39:46.2721248Z   pytest-cov                     5.0.0                pyhd8ed1ab_0             conda-forge
2025-02-24T15:39:46.2721648Z   pytest-doctestplus             1.2.1                pyhd8ed1ab_0             conda-forge
2025-02-24T15:39:46.2722050Z   pytest-html                    4.1.1                pyhd8ed1ab_1             conda-forge
2025-02-24T15:39:46.2722543Z   pytest-metadata                3.1.1                pyhd8ed1ab_1             conda-forge
2025-02-24T15:39:46.2722929Z   python                         3.12.4               h194c7f8_0_cpython       conda-forge
2025-02-24T15:39:46.2723318Z   python-dateutil                2.9.0.post0          pyhff2d567_1             conda-forge
2025-02-24T15:39:46.2723763Z   python-fastjsonschema          2.20.0               pyhd8ed1ab_0             conda-forge
2025-02-24T15:39:46.2724202Z   python-json-logger             2.0.7                pyhd8ed1ab_0             conda-forge
2025-02-24T15:39:46.2724615Z   python-tzdata                  2024.1               pyhd8ed1ab_0             conda-forge
2025-02-24T15:39:46.2724992Z   python_abi                     3.12                 5_cp312                  conda-forge
2025-02-24T15:39:46.2725346Z   pytz                           2024.1               pyhd8ed1ab_0             conda-forge
2025-02-24T15:39:46.2725695Z   pyyaml                         6.0.1                py312h98912ed_1          conda-forge
2025-02-24T15:39:46.2726052Z   pyzmq                          26.0.3               py312h8fd38d8_0          conda-forge
2025-02-24T15:39:46.2726400Z   qgrid                          1.3.1                pyhd8ed1ab_4             conda-forge
2025-02-24T15:39:46.2726784Z   radioactivedecay               0.5.1                pyhd8ed1ab_1             conda-forge
2025-02-24T15:39:46.2727171Z   readline                       8.2                  h8228510_1               conda-forge
2025-02-24T15:39:46.2727538Z   recommonmark                   0.7.1                pyhd8ed1ab_1             conda-forge
2025-02-24T15:39:46.2727924Z   referencing                    0.35.1               pyhd8ed1ab_1             conda-forge
2025-02-24T15:39:46.2728534Z   requests                       2.32.3               pyhd8ed1ab_1             conda-forge
2025-02-24T15:39:46.2728934Z   rfc3339-validator              0.1.4                pyhd8ed1ab_1             conda-forge
2025-02-24T15:39:46.2729360Z   rfc3986-validator              0.1.1                pyh9f0ad1d_0             conda-forge
2025-02-24T15:39:46.2729744Z   rpds-py                        0.18.1               py312h4413252_0          conda-forge
2025-02-24T15:39:46.2730090Z   ruff                           0.4.9                py312h5715c7c_0          conda-forge
2025-02-24T15:39:46.2730438Z   scipy                          1.13.1               py312hc2bc53b_0          conda-forge
2025-02-24T15:39:46.2730804Z   send2trash                     1.8.3                pyh0d859eb_1             conda-forge
2025-02-24T15:39:46.2731199Z   setuptools                     70.0.0               pyhd8ed1ab_0             conda-forge
2025-02-24T15:39:46.2731606Z   setuptools-scm                 8.1.0                pyhd8ed1ab_1             conda-forge
2025-02-24T15:39:46.2732009Z   setuptools_scm                 8.1.0                hd8ed1ab_1               conda-forge
2025-02-24T15:39:46.2732368Z   six                            1.16.0               pyhd8ed1ab_1             conda-forge
2025-02-24T15:39:46.2732721Z   snakeviz                       2.2.0                pyhd8ed1ab_0             conda-forge
2025-02-24T15:39:46.2733075Z   snappy                         1.2.0                hdb0a2a9_1               conda-forge
2025-02-24T15:39:46.2733441Z   sniffio                        1.3.1                pyhd8ed1ab_1             conda-forge
2025-02-24T15:39:46.2733976Z   snowballstemmer                2.2.0                pyhd8ed1ab_0             conda-forge
2025-02-24T15:39:46.2734371Z   soupsieve                      2.5                  pyhd8ed1ab_1             conda-forge
2025-02-24T15:39:46.2734731Z   sphinx                         7.3.7                pyhd8ed1ab_0             conda-forge
2025-02-24T15:39:46.2735114Z   sphinx-astropy                 1.9.1                pyhd8ed1ab_1             conda-forge
2025-02-24T15:39:46.2735526Z   sphinx-automodapi              0.17.0               pyh717bed2_1             conda-forge
2025-02-24T15:39:46.2736069Z   sphinx-gallery                 0.16.0               pyhd8ed1ab_0             conda-forge
2025-02-24T15:39:46.2736498Z   sphinx-jsonschema              1.19.1               pyhd8ed1ab_1             conda-forge
2025-02-24T15:39:46.2736927Z   sphinx_bootstrap_theme         0.8.1                pyhd8ed1ab_1             conda-forge
2025-02-24T15:39:46.2737343Z   sphinx_rtd_theme               2.0.0                pyha770c72_0             conda-forge
2025-02-24T15:39:46.2737761Z   sphinxcontrib-apidoc           0.3.0                py_1                     conda-forge
2025-02-24T15:39:46.2738439Z   sphinxcontrib-applehelp        1.0.8                pyhd8ed1ab_0             conda-forge
2025-02-24T15:39:46.2738903Z   sphinxcontrib-bibtex           2.6.2                pyhd8ed1ab_0             conda-forge
2025-02-24T15:39:46.2739353Z   sphinxcontrib-devhelp          1.0.6                pyhd8ed1ab_0             conda-forge
2025-02-24T15:39:46.2739802Z   sphinxcontrib-htmlhelp         2.0.5                pyhd8ed1ab_0             conda-forge
2025-02-24T15:39:46.2740250Z   sphinxcontrib-jquery           4.1                  pyhd8ed1ab_1             conda-forge
2025-02-24T15:39:46.2740688Z   sphinxcontrib-jsmath           1.0.1                pyhd8ed1ab_1             conda-forge
2025-02-24T15:39:46.2741121Z   sphinxcontrib-qthelp           1.0.7                pyhd8ed1ab_0             conda-forge
2025-02-24T15:39:46.2741609Z   sphinxcontrib-serializinghtml  1.1.10               pyhd8ed1ab_1             conda-forge
2025-02-24T15:39:46.2742052Z   stack_data                     0.6.2                pyhd8ed1ab_0             conda-forge
2025-02-24T15:39:46.2742410Z   sympy                          1.12.1               pypyh2585a3b_103         conda-forge
2025-02-24T15:39:46.2742767Z   tabulate                       0.9.0                pyhd8ed1ab_2             conda-forge
2025-02-24T15:39:46.2743127Z   tenacity                       8.4.1                pyhd8ed1ab_0             conda-forge
2025-02-24T15:39:46.2743501Z   terminado                      0.18.1               pyh0d859eb_0             conda-forge
2025-02-24T15:39:46.2743865Z   tinycss2                       1.3.0                pyhd8ed1ab_0             conda-forge
2025-02-24T15:39:46.2744209Z   tk                             8.6.13               noxft_h4845f30_101       conda-forge
2025-02-24T15:39:46.2744540Z   toml                           0.10.2               pyhd8ed1ab_1             conda-forge
2025-02-24T15:39:46.2744883Z   tomli                          2.0.1                pyhd8ed1ab_0             conda-forge
2025-02-24T15:39:46.2745233Z   tornado                        6.4.1                py312h66e93f0_1          conda-forge
2025-02-24T15:39:46.2745589Z   tqdm                           4.66.4               pyhd8ed1ab_0             conda-forge
2025-02-24T15:39:46.2745949Z   traitlets                      5.14.3               pyhd8ed1ab_1             conda-forge
2025-02-24T15:39:46.2746316Z   typed-ast                      1.5.5                py312h98912ed_1          conda-forge
2025-02-24T15:39:46.2746736Z   types-python-dateutil          2.9.0.20240316       pyhd8ed1ab_0             conda-forge
2025-02-24T15:39:46.2747184Z   typing-extensions              4.12.2               hd8ed1ab_1               conda-forge
2025-02-24T15:39:46.2747602Z   typing_extensions              4.12.2               pyha770c72_1             conda-forge
2025-02-24T15:39:46.2748317Z   typing_utils                   0.1.0                pyhd8ed1ab_1             conda-forge
2025-02-24T15:39:46.2748702Z   tzdata                         2024a                h8827d51_1               conda-forge
2025-02-24T15:39:46.2749075Z   uri-template                   1.3.0                pyhd8ed1ab_1             conda-forge
2025-02-24T15:39:46.2749446Z   urllib3                        2.2.2                pyhd8ed1ab_1             conda-forge
2025-02-24T15:39:46.2749816Z   wcwidth                        0.2.13               pyhd8ed1ab_1             conda-forge
2025-02-24T15:39:46.2750299Z   webcolors                      24.6.0               pyhd8ed1ab_0             conda-forge
2025-02-24T15:39:46.2750697Z   webencodings                   0.5.1                pyhd8ed1ab_3             conda-forge
2025-02-24T15:39:46.2751100Z   websocket-client               1.8.0                pyhd8ed1ab_1             conda-forge
2025-02-24T15:39:46.2751482Z   wheel                          0.43.0               pyhd8ed1ab_1             conda-forge
2025-02-24T15:39:46.2751879Z   widgetsnbextension             3.6.6                pyhd8ed1ab_0             conda-forge
2025-02-24T15:39:46.2752285Z   xorg-kbproto                   1.0.7                hb9d3cd8_1003            conda-forge
2025-02-24T15:39:46.2752665Z   xorg-libice                    1.1.1                hb9d3cd8_1               conda-forge
2025-02-24T15:39:46.2753038Z   xorg-libsm                     1.2.4                he73a12e_1               conda-forge
2025-02-24T15:39:46.2753407Z   xorg-libx11                    1.8.9                h8ee46fc_0               conda-forge
2025-02-24T15:39:46.2753784Z   xorg-libxau                    1.0.11               hb9d3cd8_1               conda-forge
2025-02-24T15:39:46.2754167Z   xorg-libxdmcp                  1.1.3                hb9d3cd8_2               conda-forge
2025-02-24T15:39:46.2754547Z   xorg-libxext                   1.3.4                h0b41bf4_2               conda-forge
2025-02-24T15:39:46.2754942Z   xorg-libxrender                0.9.11               hd590300_0               conda-forge
2025-02-24T15:39:46.2755345Z   xorg-renderproto               0.11.1               hb9d3cd8_1003            conda-forge
2025-02-24T15:39:46.2755748Z   xorg-xextproto                 7.3.0                hb9d3cd8_1004            conda-forge
2025-02-24T15:39:46.2756130Z   xorg-xproto                    7.0.31               hb9d3cd8_1008            conda-forge
2025-02-24T15:39:46.2756473Z   xz                             5.2.6                h166bdaf_0               conda-forge
2025-02-24T15:39:46.2756798Z   yaml                           0.2.5                h7f98852_2               conda-forge
2025-02-24T15:39:46.2757129Z   zeromq                         4.3.5                h75354e8_4               conda-forge
2025-02-24T15:39:46.2757496Z   zipp                           3.19.2               pyhd8ed1ab_0             conda-forge
2025-02-24T15:39:46.2757831Z   zlib                           1.3.1                hb9d3cd8_2               conda-forge
2025-02-24T15:39:46.2758276Z   zlib-ng                        2.2.3                h7955e40_0               conda-forge
2025-02-24T15:39:46.2758637Z   zstandard                      0.23.0               py312hef9b889_1          conda-forge
2025-02-24T15:39:46.2758992Z   zstd                           1.5.6                ha6fb4c9_0               conda-forge
2025-02-24T15:39:46.2759557Z ##[endgroup]
2025-02-24T15:39:46.2800502Z ##[group]Run pip install -e . --user
2025-02-24T15:39:46.2800837Z [36;1mpip install -e . --user[0m
2025-02-24T15:39:46.2857314Z shell: /usr/bin/bash -l {0}
2025-02-24T15:39:46.2857574Z env:
2025-02-24T15:39:46.2857759Z   CACHE_NUMBER: 0
2025-02-24T15:39:46.2858523Z   PYTEST_FLAGS: --tardis-regression-data=/home/runner/work/tardis/tardis/tardis-regression-data --cov=tardis --cov-report=xml --cov-report=html --cov-append
2025-02-24T15:39:46.2859194Z   CODECOV_TOKEN: 
2025-02-24T15:39:46.2859428Z   MAMBA_ROOT_PREFIX: /home/runner/micromamba
2025-02-24T15:39:46.2859911Z   MAMBA_EXE: /home/runner/micromamba-bin/micromamba
2025-02-24T15:39:46.2860280Z   CONDARC: /home/runner/work/_temp/setup-micromamba/.condarc
2025-02-24T15:39:46.2860593Z ##[endgroup]
2025-02-24T15:39:47.0512361Z Obtaining file:///home/runner/work/tardis/tardis
2025-02-24T15:39:47.0550907Z   Installing build dependencies: started
2025-02-24T15:39:49.6855962Z   Installing build dependencies: finished with status 'done'
2025-02-24T15:39:49.6860937Z   Checking if build backend supports build_editable: started
2025-02-24T15:39:49.8070790Z   Checking if build backend supports build_editable: finished with status 'done'
2025-02-24T15:39:49.8078860Z   Getting requirements to build editable: started
2025-02-24T15:39:50.2917685Z   Getting requirements to build editable: finished with status 'done'
2025-02-24T15:39:50.2926317Z   Preparing editable metadata (pyproject.toml): started
2025-02-24T15:39:50.7529368Z   Preparing editable metadata (pyproject.toml): finished with status 'done'
2025-02-24T15:39:50.8133326Z Requirement already satisfied: astropy in /home/runner/micromamba/envs/tardis/lib/python3.12/site-packages (from tardis==0.0.0) (6.1.1)
2025-02-24T15:39:50.8506898Z Requirement already satisfied: numpy>=1.23 in /home/runner/micromamba/envs/tardis/lib/python3.12/site-packages (from astropy->tardis==0.0.0) (2.0.2)
2025-02-24T15:39:50.8515728Z Requirement already satisfied: pyerfa>=2.0.1.1 in /home/runner/micromamba/envs/tardis/lib/python3.12/site-packages (from astropy->tardis==0.0.0) (2.0.1.4)
2025-02-24T15:39:50.8525853Z Requirement already satisfied: astropy-iers-data>=0.2024.5.27.0.30.8 in /home/runner/micromamba/envs/tardis/lib/python3.12/site-packages (from astropy->tardis==0.0.0) (0.2024.6.17.0.31.35)
2025-02-24T15:39:50.8535300Z Requirement already satisfied: PyYAML>=3.13 in /home/runner/micromamba/envs/tardis/lib/python3.12/site-packages (from astropy->tardis==0.0.0) (6.0.1)
2025-02-24T15:39:50.8543679Z Requirement already satisfied: packaging>=19.0 in /home/runner/micromamba/envs/tardis/lib/python3.12/site-packages (from astropy->tardis==0.0.0) (24.1)
2025-02-24T15:39:50.8633534Z Building wheels for collected packages: tardis
2025-02-24T15:39:50.8641269Z   Building editable for tardis (pyproject.toml): started
2025-02-24T15:39:51.6071478Z   Building editable for tardis (pyproject.toml): finished with status 'done'
2025-02-24T15:39:51.6077731Z   Created wheel for tardis: filename=tardis-0.0.0-0.editable-py3-none-any.whl size=8879 sha256=338ea2f7ca56bf24eb5c91b300da07f37b96105c7b32ef281335c8cff85eb468
2025-02-24T15:39:51.6079531Z   Stored in directory: /tmp/pip-ephem-wheel-cache-we8_ufuc/wheels/6a/c7/ae/89fa6dc2565455898176888ef0e2e475e4e90eb0124afcb995
2025-02-24T15:39:51.6105784Z Successfully built tardis
2025-02-24T15:39:52.3726507Z Installing collected packages: tardis
2025-02-24T15:39:52.3816369Z Successfully installed tardis-0.0.0
2025-02-24T15:39:52.5758460Z ##[group]Run pip install qgridnext
2025-02-24T15:39:52.5758803Z [36;1mpip install qgridnext[0m
2025-02-24T15:39:52.5813027Z shell: /usr/bin/bash -l {0}
2025-02-24T15:39:52.5813284Z env:
2025-02-24T15:39:52.5813478Z   CACHE_NUMBER: 0
2025-02-24T15:39:52.5814122Z   PYTEST_FLAGS: --tardis-regression-data=/home/runner/work/tardis/tardis/tardis-regression-data --cov=tardis --cov-report=xml --cov-report=html --cov-append
2025-02-24T15:39:52.5814790Z   CODECOV_TOKEN: 
2025-02-24T15:39:52.5815029Z   MAMBA_ROOT_PREFIX: /home/runner/micromamba
2025-02-24T15:39:52.5815344Z   MAMBA_EXE: /home/runner/micromamba-bin/micromamba
2025-02-24T15:39:52.5815704Z   CONDARC: /home/runner/work/_temp/setup-micromamba/.condarc
2025-02-24T15:39:52.5816020Z ##[endgroup]
2025-02-24T15:39:53.1832017Z Collecting qgridnext
2025-02-24T15:39:53.1973303Z   Downloading qgridnext-2.0.4-py3-none-any.whl.metadata (9.9 kB)
2025-02-24T15:39:53.2055739Z Requirement already satisfied: pandas>=0.20.0 in /home/runner/micromamba/envs/tardis/lib/python3.12/site-packages (from qgridnext) (2.2.2)
2025-02-24T15:39:53.2064448Z Requirement already satisfied: ipywidgets>=7.0.0 in /home/runner/micromamba/envs/tardis/lib/python3.12/site-packages (from qgridnext) (7.8.0)
2025-02-24T15:39:53.2073143Z Requirement already satisfied: numpy in /home/runner/micromamba/envs/tardis/lib/python3.12/site-packages (from qgridnext) (2.0.2)
2025-02-24T15:39:53.2082566Z Requirement already satisfied: traitlets in /home/runner/micromamba/envs/tardis/lib/python3.12/site-packages (from qgridnext) (5.14.3)
2025-02-24T15:39:53.2166488Z Requirement already satisfied: comm>=0.1.3 in /home/runner/micromamba/envs/tardis/lib/python3.12/site-packages (from ipywidgets>=7.0.0->qgridnext) (0.2.2)
2025-02-24T15:39:53.2174567Z Requirement already satisfied: ipython-genutils~=0.2.0 in /home/runner/micromamba/envs/tardis/lib/python3.12/site-packages (from ipywidgets>=7.0.0->qgridnext) (0.2.0)
2025-02-24T15:39:53.2186685Z Requirement already satisfied: widgetsnbextension~=3.6.5 in /home/runner/micromamba/envs/tardis/lib/python3.12/site-packages (from ipywidgets>=7.0.0->qgridnext) (3.6.6)
2025-02-24T15:39:53.2203823Z Requirement already satisfied: ipython>=4.0.0 in /home/runner/micromamba/envs/tardis/lib/python3.12/site-packages (from ipywidgets>=7.0.0->qgridnext) (8.25.0)
2025-02-24T15:39:53.2218029Z Requirement already satisfied: jupyterlab-widgets<3,>=1.0.0 in /home/runner/micromamba/envs/tardis/lib/python3.12/site-packages (from ipywidgets>=7.0.0->qgridnext) (1.1.7)
2025-02-24T15:39:53.2663225Z Requirement already satisfied: python-dateutil>=2.8.2 in /home/runner/micromamba/envs/tardis/lib/python3.12/site-packages (from pandas>=0.20.0->qgridnext) (2.9.0.post0)
2025-02-24T15:39:53.2676532Z Requirement already satisfied: pytz>=2020.1 in /home/runner/micromamba/envs/tardis/lib/python3.12/site-packages (from pandas>=0.20.0->qgridnext) (2024.1)
2025-02-24T15:39:53.2684112Z Requirement already satisfied: tzdata>=2022.7 in /home/runner/micromamba/envs/tardis/lib/python3.12/site-packages (from pandas>=0.20.0->qgridnext) (2024.1)
2025-02-24T15:39:53.3000687Z Requirement already satisfied: decorator in /home/runner/micromamba/envs/tardis/lib/python3.12/site-packages (from ipython>=4.0.0->ipywidgets>=7.0.0->qgridnext) (5.1.1)
2025-02-24T15:39:53.3014179Z Requirement already satisfied: jedi>=0.16 in /home/runner/micromamba/envs/tardis/lib/python3.12/site-packages (from ipython>=4.0.0->ipywidgets>=7.0.0->qgridnext) (0.19.1)
2025-02-24T15:39:53.3022222Z Requirement already satisfied: matplotlib-inline in /home/runner/micromamba/envs/tardis/lib/python3.12/site-packages (from ipython>=4.0.0->ipywidgets>=7.0.0->qgridnext) (0.1.7)
2025-02-24T15:39:53.3032984Z Requirement already satisfied: prompt-toolkit<3.1.0,>=3.0.41 in /home/runner/micromamba/envs/tardis/lib/python3.12/site-packages (from ipython>=4.0.0->ipywidgets>=7.0.0->qgridnext) (3.0.47)
2025-02-24T15:39:53.3041617Z Requirement already satisfied: pygments>=2.4.0 in /home/runner/micromamba/envs/tardis/lib/python3.12/site-packages (from ipython>=4.0.0->ipywidgets>=7.0.0->qgridnext) (2.18.0)
2025-02-24T15:39:53.3051046Z Requirement already satisfied: stack-data in /home/runner/micromamba/envs/tardis/lib/python3.12/site-packages (from ipython>=4.0.0->ipywidgets>=7.0.0->qgridnext) (0.6.2)
2025-02-24T15:39:53.3069295Z Requirement already satisfied: pexpect>4.3 in /home/runner/micromamba/envs/tardis/lib/python3.12/site-packages (from ipython>=4.0.0->ipywidgets>=7.0.0->qgridnext) (4.9.0)
2025-02-24T15:39:53.3115471Z Requirement already satisfied: six>=1.5 in /home/runner/micromamba/envs/tardis/lib/python3.12/site-packages (from python-dateutil>=2.8.2->pandas>=0.20.0->qgridnext) (1.16.0)
2025-02-24T15:39:53.3172178Z Requirement already satisfied: notebook>=4.4.1 in /home/runner/micromamba/envs/tardis/lib/python3.12/site-packages (from widgetsnbextension~=3.6.5->ipywidgets>=7.0.0->qgridnext) (7.2.1)
2025-02-24T15:39:53.3360755Z Requirement already satisfied: parso<0.9.0,>=0.8.3 in /home/runner/micromamba/envs/tardis/lib/python3.12/site-packages (from jedi>=0.16->ipython>=4.0.0->ipywidgets>=7.0.0->qgridnext) (0.8.4)
2025-02-24T15:39:53.3505870Z Requirement already satisfied: jupyter-server<3,>=2.4.0 in /home/runner/micromamba/envs/tardis/lib/python3.12/site-packages (from notebook>=4.4.1->widgetsnbextension~=3.6.5->ipywidgets>=7.0.0->qgridnext) (2.14.1)
2025-02-24T15:39:53.3518763Z Requirement already satisfied: jupyterlab-server<3,>=2.27.1 in /home/runner/micromamba/envs/tardis/lib/python3.12/site-packages (from notebook>=4.4.1->widgetsnbextension~=3.6.5->ipywidgets>=7.0.0->qgridnext) (2.27.2)
2025-02-24T15:39:53.3533786Z Requirement already satisfied: jupyterlab<4.3,>=4.2.0 in /home/runner/micromamba/envs/tardis/lib/python3.12/site-packages (from notebook>=4.4.1->widgetsnbextension~=3.6.5->ipywidgets>=7.0.0->qgridnext) (4.2.2)
2025-02-24T15:39:53.3543820Z Requirement already satisfied: notebook-shim<0.3,>=0.2 in /home/runner/micromamba/envs/tardis/lib/python3.12/site-packages (from notebook>=4.4.1->widgetsnbextension~=3.6.5->ipywidgets>=7.0.0->qgridnext) (0.2.4)
2025-02-24T15:39:53.3551737Z Requirement already satisfied: tornado>=6.2.0 in /home/runner/micromamba/envs/tardis/lib/python3.12/site-packages (from notebook>=4.4.1->widgetsnbextension~=3.6.5->ipywidgets>=7.0.0->qgridnext) (6.4.1)
2025-02-24T15:39:53.3580700Z Requirement already satisfied: ptyprocess>=0.5 in /home/runner/micromamba/envs/tardis/lib/python3.12/site-packages (from pexpect>4.3->ipython>=4.0.0->ipywidgets>=7.0.0->qgridnext) (0.7.0)
2025-02-24T15:39:53.3609636Z Requirement already satisfied: wcwidth in /home/runner/micromamba/envs/tardis/lib/python3.12/site-packages (from prompt-toolkit<3.1.0,>=3.0.41->ipython>=4.0.0->ipywidgets>=7.0.0->qgridnext) (0.2.13)
2025-02-24T15:39:53.3747191Z Requirement already satisfied: executing>=1.2.0 in /home/runner/micromamba/envs/tardis/lib/python3.12/site-packages (from stack-data->ipython>=4.0.0->ipywidgets>=7.0.0->qgridnext) (2.0.1)
2025-02-24T15:39:53.3756387Z Requirement already satisfied: asttokens>=2.1.0 in /home/runner/micromamba/envs/tardis/lib/python3.12/site-packages (from stack-data->ipython>=4.0.0->ipywidgets>=7.0.0->qgridnext) (2.4.1)
2025-02-24T15:39:53.3763679Z Requirement already satisfied: pure-eval in /home/runner/micromamba/envs/tardis/lib/python3.12/site-packages (from stack-data->ipython>=4.0.0->ipywidgets>=7.0.0->qgridnext) (0.2.2)
2025-02-24T15:39:53.4101216Z Requirement already satisfied: anyio>=3.1.0 in /home/runner/micromamba/envs/tardis/lib/python3.12/site-packages (from jupyter-server<3,>=2.4.0->notebook>=4.4.1->widgetsnbextension~=3.6.5->ipywidgets>=7.0.0->qgridnext) (4.4.0)
2025-02-24T15:39:53.4110646Z Requirement already satisfied: argon2-cffi>=21.1 in /home/runner/micromamba/envs/tardis/lib/python3.12/site-packages (from jupyter-server<3,>=2.4.0->notebook>=4.4.1->widgetsnbextension~=3.6.5->ipywidgets>=7.0.0->qgridnext) (23.1.0)
2025-02-24T15:39:53.4119075Z Requirement already satisfied: jinja2>=3.0.3 in /home/runner/micromamba/envs/tardis/lib/python3.12/site-packages (from jupyter-server<3,>=2.4.0->notebook>=4.4.1->widgetsnbextension~=3.6.5->ipywidgets>=7.0.0->qgridnext) (3.1.4)
2025-02-24T15:39:53.4130363Z Requirement already satisfied: jupyter-client>=7.4.4 in /home/runner/micromamba/envs/tardis/lib/python3.12/site-packages (from jupyter-server<3,>=2.4.0->notebook>=4.4.1->widgetsnbextension~=3.6.5->ipywidgets>=7.0.0->qgridnext) (8.6.2)
2025-02-24T15:39:53.4141999Z Requirement already satisfied: jupyter-core!=5.0.*,>=4.12 in /home/runner/micromamba/envs/tardis/lib/python3.12/site-packages (from jupyter-server<3,>=2.4.0->notebook>=4.4.1->widgetsnbextension~=3.6.5->ipywidgets>=7.0.0->qgridnext) (5.7.2)
2025-02-24T15:39:53.4152786Z Requirement already satisfied: jupyter-events>=0.9.0 in /home/runner/micromamba/envs/tardis/lib/python3.12/site-packages (from jupyter-server<3,>=2.4.0->notebook>=4.4.1->widgetsnbextension~=3.6.5->ipywidgets>=7.0.0->qgridnext) (0.10.0)
2025-02-24T15:39:53.4163408Z Requirement already satisfied: jupyter-server-terminals>=0.4.4 in /home/runner/micromamba/envs/tardis/lib/python3.12/site-packages (from jupyter-server<3,>=2.4.0->notebook>=4.4.1->widgetsnbextension~=3.6.5->ipywidgets>=7.0.0->qgridnext) (0.5.3)
2025-02-24T15:39:53.4176487Z Requirement already satisfied: nbconvert>=6.4.4 in /home/runner/micromamba/envs/tardis/lib/python3.12/site-packages (from jupyter-server<3,>=2.4.0->notebook>=4.4.1->widgetsnbextension~=3.6.5->ipywidgets>=7.0.0->qgridnext) (7.16.4)
2025-02-24T15:39:53.4186401Z Requirement already satisfied: nbformat>=5.3.0 in /home/runner/micromamba/envs/tardis/lib/python3.12/site-packages (from jupyter-server<3,>=2.4.0->notebook>=4.4.1->widgetsnbextension~=3.6.5->ipywidgets>=7.0.0->qgridnext) (5.10.4)
2025-02-24T15:39:53.4195134Z Requirement already satisfied: overrides>=5.0 in /home/runner/micromamba/envs/tardis/lib/python3.12/site-packages (from jupyter-server<3,>=2.4.0->notebook>=4.4.1->widgetsnbextension~=3.6.5->ipywidgets>=7.0.0->qgridnext) (7.7.0)
2025-02-24T15:39:53.4204765Z Requirement already satisfied: packaging>=22.0 in /home/runner/micromamba/envs/tardis/lib/python3.12/site-packages (from jupyter-server<3,>=2.4.0->notebook>=4.4.1->widgetsnbextension~=3.6.5->ipywidgets>=7.0.0->qgridnext) (24.1)
2025-02-24T15:39:53.4213121Z Requirement already satisfied: prometheus-client>=0.9 in /home/runner/micromamba/envs/tardis/lib/python3.12/site-packages (from jupyter-server<3,>=2.4.0->notebook>=4.4.1->widgetsnbextension~=3.6.5->ipywidgets>=7.0.0->qgridnext) (0.20.0)
2025-02-24T15:39:53.4223357Z Requirement already satisfied: pyzmq>=24 in /home/runner/micromamba/envs/tardis/lib/python3.12/site-packages (from jupyter-server<3,>=2.4.0->notebook>=4.4.1->widgetsnbextension~=3.6.5->ipywidgets>=7.0.0->qgridnext) (26.0.3)
2025-02-24T15:39:53.4231923Z Requirement already satisfied: send2trash>=1.8.2 in /home/runner/micromamba/envs/tardis/lib/python3.12/site-packages (from jupyter-server<3,>=2.4.0->notebook>=4.4.1->widgetsnbextension~=3.6.5->ipywidgets>=7.0.0->qgridnext) (1.8.3)
2025-02-24T15:39:53.4243079Z Requirement already satisfied: terminado>=0.8.3 in /home/runner/micromamba/envs/tardis/lib/python3.12/site-packages (from jupyter-server<3,>=2.4.0->notebook>=4.4.1->widgetsnbextension~=3.6.5->ipywidgets>=7.0.0->qgridnext) (0.18.1)
2025-02-24T15:39:53.4259837Z Requirement already satisfied: websocket-client>=1.7 in /home/runner/micromamba/envs/tardis/lib/python3.12/site-packages (from jupyter-server<3,>=2.4.0->notebook>=4.4.1->widgetsnbextension~=3.6.5->ipywidgets>=7.0.0->qgridnext) (1.8.0)
2025-02-24T15:39:53.4559265Z Requirement already satisfied: async-lru>=1.0.0 in /home/runner/micromamba/envs/tardis/lib/python3.12/site-packages (from jupyterlab<4.3,>=4.2.0->notebook>=4.4.1->widgetsnbextension~=3.6.5->ipywidgets>=7.0.0->qgridnext) (2.0.4)
2025-02-24T15:39:53.4577074Z Requirement already satisfied: httpx>=0.25.0 in /home/runner/micromamba/envs/tardis/lib/python3.12/site-packages (from jupyterlab<4.3,>=4.2.0->notebook>=4.4.1->widgetsnbextension~=3.6.5->ipywidgets>=7.0.0->qgridnext) (0.27.0)
2025-02-24T15:39:53.4595706Z Requirement already satisfied: ipykernel>=6.5.0 in /home/runner/micromamba/envs/tardis/lib/python3.12/site-packages (from jupyterlab<4.3,>=4.2.0->notebook>=4.4.1->widgetsnbextension~=3.6.5->ipywidgets>=7.0.0->qgridnext) (6.29.4)
2025-02-24T15:39:53.4617742Z Requirement already satisfied: jupyter-lsp>=2.0.0 in /home/runner/micromamba/envs/tardis/lib/python3.12/site-packages (from jupyterlab<4.3,>=4.2.0->notebook>=4.4.1->widgetsnbextension~=3.6.5->ipywidgets>=7.0.0->qgridnext) (2.2.5)
2025-02-24T15:39:53.4660774Z Requirement already satisfied: setuptools>=40.1.0 in /home/runner/micromamba/envs/tardis/lib/python3.12/site-packages (from jupyterlab<4.3,>=4.2.0->notebook>=4.4.1->widgetsnbextension~=3.6.5->ipywidgets>=7.0.0->qgridnext) (70.0.0)
2025-02-24T15:39:53.4977152Z Requirement already satisfied: babel>=2.10 in /home/runner/micromamba/envs/tardis/lib/python3.12/site-packages (from jupyterlab-server<3,>=2.27.1->notebook>=4.4.1->widgetsnbextension~=3.6.5->ipywidgets>=7.0.0->qgridnext) (2.14.0)
2025-02-24T15:39:53.5003904Z Requirement already satisfied: json5>=0.9.0 in /home/runner/micromamba/envs/tardis/lib/python3.12/site-packages (from jupyterlab-server<3,>=2.27.1->notebook>=4.4.1->widgetsnbextension~=3.6.5->ipywidgets>=7.0.0->qgridnext) (0.9.25)
2025-02-24T15:39:53.5014610Z Requirement already satisfied: jsonschema>=4.18.0 in /home/runner/micromamba/envs/tardis/lib/python3.12/site-packages (from jupyterlab-server<3,>=2.27.1->notebook>=4.4.1->widgetsnbextension~=3.6.5->ipywidgets>=7.0.0->qgridnext) (4.22.0)
2025-02-24T15:39:53.5033082Z Requirement already satisfied: requests>=2.31 in /home/runner/micromamba/envs/tardis/lib/python3.12/site-packages (from jupyterlab-server<3,>=2.27.1->notebook>=4.4.1->widgetsnbextension~=3.6.5->ipywidgets>=7.0.0->qgridnext) (2.32.3)
2025-02-24T15:39:53.5383990Z Requirement already satisfied: idna>=2.8 in /home/runner/micromamba/envs/tardis/lib/python3.12/site-packages (from anyio>=3.1.0->jupyter-server<3,>=2.4.0->notebook>=4.4.1->widgetsnbextension~=3.6.5->ipywidgets>=7.0.0->qgridnext) (3.7)
2025-02-24T15:39:53.5393000Z Requirement already satisfied: sniffio>=1.1 in /home/runner/micromamba/envs/tardis/lib/python3.12/site-packages (from anyio>=3.1.0->jupyter-server<3,>=2.4.0->notebook>=4.4.1->widgetsnbextension~=3.6.5->ipywidgets>=7.0.0->qgridnext) (1.3.1)
2025-02-24T15:39:53.5490847Z Requirement already satisfied: argon2-cffi-bindings in /home/runner/micromamba/envs/tardis/lib/python3.12/site-packages (from argon2-cffi>=21.1->jupyter-server<3,>=2.4.0->notebook>=4.4.1->widgetsnbextension~=3.6.5->ipywidgets>=7.0.0->qgridnext) (21.2.0)
2025-02-24T15:39:53.5663950Z Requirement already satisfied: certifi in /home/runner/micromamba/envs/tardis/lib/python3.12/site-packages (from httpx>=0.25.0->jupyterlab<4.3,>=4.2.0->notebook>=4.4.1->widgetsnbextension~=3.6.5->ipywidgets>=7.0.0->qgridnext) (2024.12.14)
2025-02-24T15:39:53.5678775Z Requirement already satisfied: httpcore==1.* in /home/runner/micromamba/envs/tardis/lib/python3.12/site-packages (from httpx>=0.25.0->jupyterlab<4.3,>=4.2.0->notebook>=4.4.1->widgetsnbextension~=3.6.5->ipywidgets>=7.0.0->qgridnext) (1.0.5)
2025-02-24T15:39:53.5756410Z Requirement already satisfied: h11<0.15,>=0.13 in /home/runner/micromamba/envs/tardis/lib/python3.12/site-packages (from httpcore==1.*->httpx>=0.25.0->jupyterlab<4.3,>=4.2.0->notebook>=4.4.1->widgetsnbextension~=3.6.5->ipywidgets>=7.0.0->qgridnext) (0.14.0)
2025-02-24T15:39:53.5941174Z Requirement already satisfied: debugpy>=1.6.5 in /home/runner/micromamba/envs/tardis/lib/python3.12/site-packages (from ipykernel>=6.5.0->jupyterlab<4.3,>=4.2.0->notebook>=4.4.1->widgetsnbextension~=3.6.5->ipywidgets>=7.0.0->qgridnext) (1.8.1)
2025-02-24T15:39:53.5961898Z Requirement already satisfied: nest-asyncio in /home/runner/micromamba/envs/tardis/lib/python3.12/site-packages (from ipykernel>=6.5.0->jupyterlab<4.3,>=4.2.0->notebook>=4.4.1->widgetsnbextension~=3.6.5->ipywidgets>=7.0.0->qgridnext) (1.6.0)
2025-02-24T15:39:53.5975708Z Requirement already satisfied: psutil in /home/runner/micromamba/envs/tardis/lib/python3.12/site-packages (from ipykernel>=6.5.0->jupyterlab<4.3,>=4.2.0->notebook>=4.4.1->widgetsnbextension~=3.6.5->ipywidgets>=7.0.0->qgridnext) (5.9.8)
2025-02-24T15:39:53.6037154Z Requirement already satisfied: MarkupSafe>=2.0 in /home/runner/micromamba/envs/tardis/lib/python3.12/site-packages (from jinja2>=3.0.3->jupyter-server<3,>=2.4.0->notebook>=4.4.1->widgetsnbextension~=3.6.5->ipywidgets>=7.0.0->qgridnext) (2.1.5)
2025-02-24T15:39:53.6227357Z Requirement already satisfied: attrs>=22.2.0 in /home/runner/micromamba/envs/tardis/lib/python3.12/site-packages (from jsonschema>=4.18.0->jupyterlab-server<3,>=2.27.1->notebook>=4.4.1->widgetsnbextension~=3.6.5->ipywidgets>=7.0.0->qgridnext) (23.2.0)
2025-02-24T15:39:53.6236952Z Requirement already satisfied: jsonschema-specifications>=2023.03.6 in /home/runner/micromamba/envs/tardis/lib/python3.12/site-packages (from jsonschema>=4.18.0->jupyterlab-server<3,>=2.27.1->notebook>=4.4.1->widgetsnbextension~=3.6.5->ipywidgets>=7.0.0->qgridnext) (2023.12.1)
2025-02-24T15:39:53.6245328Z Requirement already satisfied: referencing>=0.28.4 in /home/runner/micromamba/envs/tardis/lib/python3.12/site-packages (from jsonschema>=4.18.0->jupyterlab-server<3,>=2.27.1->notebook>=4.4.1->widgetsnbextension~=3.6.5->ipywidgets>=7.0.0->qgridnext) (0.35.1)
2025-02-24T15:39:53.6254236Z Requirement already satisfied: rpds-py>=0.7.1 in /home/runner/micromamba/envs/tardis/lib/python3.12/site-packages (from jsonschema>=4.18.0->jupyterlab-server<3,>=2.27.1->notebook>=4.4.1->widgetsnbextension~=3.6.5->ipywidgets>=7.0.0->qgridnext) (0.18.1)
2025-02-24T15:39:53.6513997Z Requirement already satisfied: platformdirs>=2.5 in /home/runner/micromamba/envs/tardis/lib/python3.12/site-packages (from jupyter-core!=5.0.*,>=4.12->jupyter-server<3,>=2.4.0->notebook>=4.4.1->widgetsnbextension~=3.6.5->ipywidgets>=7.0.0->qgridnext) (4.2.2)
2025-02-24T15:39:53.6662697Z Requirement already satisfied: python-json-logger>=2.0.4 in /home/runner/micromamba/envs/tardis/lib/python3.12/site-packages (from jupyter-events>=0.9.0->jupyter-server<3,>=2.4.0->notebook>=4.4.1->widgetsnbextension~=3.6.5->ipywidgets>=7.0.0->qgridnext) (2.0.7)
2025-02-24T15:39:53.6671112Z Requirement already satisfied: pyyaml>=5.3 in /home/runner/micromamba/envs/tardis/lib/python3.12/site-packages (from jupyter-events>=0.9.0->jupyter-server<3,>=2.4.0->notebook>=4.4.1->widgetsnbextension~=3.6.5->ipywidgets>=7.0.0->qgridnext) (6.0.1)
2025-02-24T15:39:53.6681033Z Requirement already satisfied: rfc3339-validator in /home/runner/micromamba/envs/tardis/lib/python3.12/site-packages (from jupyter-events>=0.9.0->jupyter-server<3,>=2.4.0->notebook>=4.4.1->widgetsnbextension~=3.6.5->ipywidgets>=7.0.0->qgridnext) (0.1.4)
2025-02-24T15:39:53.6689777Z Requirement already satisfied: rfc3986-validator>=0.1.1 in /home/runner/micromamba/envs/tardis/lib/python3.12/site-packages (from jupyter-events>=0.9.0->jupyter-server<3,>=2.4.0->notebook>=4.4.1->widgetsnbextension~=3.6.5->ipywidgets>=7.0.0->qgridnext) (0.1.1)
2025-02-24T15:39:53.7110656Z Requirement already satisfied: beautifulsoup4 in /home/runner/micromamba/envs/tardis/lib/python3.12/site-packages (from nbconvert>=6.4.4->jupyter-server<3,>=2.4.0->notebook>=4.4.1->widgetsnbextension~=3.6.5->ipywidgets>=7.0.0->qgridnext) (4.12.3)
2025-02-24T15:39:53.7129102Z Requirement already satisfied: bleach!=5.0.0 in /home/runner/micromamba/envs/tardis/lib/python3.12/site-packages (from nbconvert>=6.4.4->jupyter-server<3,>=2.4.0->notebook>=4.4.1->widgetsnbextension~=3.6.5->ipywidgets>=7.0.0->qgridnext) (6.1.0)
2025-02-24T15:39:53.7142774Z Requirement already satisfied: defusedxml in /home/runner/micromamba/envs/tardis/lib/python3.12/site-packages (from nbconvert>=6.4.4->jupyter-server<3,>=2.4.0->notebook>=4.4.1->widgetsnbextension~=3.6.5->ipywidgets>=7.0.0->qgridnext) (0.7.1)
2025-02-24T15:39:53.7156779Z Requirement already satisfied: jupyterlab-pygments in /home/runner/micromamba/envs/tardis/lib/python3.12/site-packages (from nbconvert>=6.4.4->jupyter-server<3,>=2.4.0->notebook>=4.4.1->widgetsnbextension~=3.6.5->ipywidgets>=7.0.0->qgridnext) (0.3.0)
2025-02-24T15:39:53.7167405Z Requirement already satisfied: mistune<4,>=2.0.3 in /home/runner/micromamba/envs/tardis/lib/python3.12/site-packages (from nbconvert>=6.4.4->jupyter-server<3,>=2.4.0->notebook>=4.4.1->widgetsnbextension~=3.6.5->ipywidgets>=7.0.0->qgridnext) (3.0.2)
2025-02-24T15:39:53.7179479Z Requirement already satisfied: nbclient>=0.5.0 in /home/runner/micromamba/envs/tardis/lib/python3.12/site-packages (from nbconvert>=6.4.4->jupyter-server<3,>=2.4.0->notebook>=4.4.1->widgetsnbextension~=3.6.5->ipywidgets>=7.0.0->qgridnext) (0.10.0)
2025-02-24T15:39:53.7195350Z Requirement already satisfied: pandocfilters>=1.4.1 in /home/runner/micromamba/envs/tardis/lib/python3.12/site-packages (from nbconvert>=6.4.4->jupyter-server<3,>=2.4.0->notebook>=4.4.1->widgetsnbextension~=3.6.5->ipywidgets>=7.0.0->qgridnext) (1.5.0)
2025-02-24T15:39:53.7204633Z Requirement already satisfied: tinycss2 in /home/runner/micromamba/envs/tardis/lib/python3.12/site-packages (from nbconvert>=6.4.4->jupyter-server<3,>=2.4.0->notebook>=4.4.1->widgetsnbextension~=3.6.5->ipywidgets>=7.0.0->qgridnext) (1.3.0)
2025-02-24T15:39:53.7316928Z Requirement already satisfied: fastjsonschema>=2.15 in /home/runner/micromamba/envs/tardis/lib/python3.12/site-packages (from nbformat>=5.3.0->jupyter-server<3,>=2.4.0->notebook>=4.4.1->widgetsnbextension~=3.6.5->ipywidgets>=7.0.0->qgridnext) (2.20.0)
2025-02-24T15:39:53.7618789Z Requirement already satisfied: charset_normalizer<4,>=2 in /home/runner/micromamba/envs/tardis/lib/python3.12/site-packages (from requests>=2.31->jupyterlab-server<3,>=2.27.1->notebook>=4.4.1->widgetsnbextension~=3.6.5->ipywidgets>=7.0.0->qgridnext) (3.3.2)
2025-02-24T15:39:53.7632326Z Requirement already satisfied: urllib3<3,>=1.21.1 in /home/runner/micromamba/envs/tardis/lib/python3.12/site-packages (from requests>=2.31->jupyterlab-server<3,>=2.27.1->notebook>=4.4.1->widgetsnbextension~=3.6.5->ipywidgets>=7.0.0->qgridnext) (2.2.2)
2025-02-24T15:39:53.8404389Z Requirement already satisfied: webencodings in /home/runner/micromamba/envs/tardis/lib/python3.12/site-packages (from bleach!=5.0.0->nbconvert>=6.4.4->jupyter-server<3,>=2.4.0->notebook>=4.4.1->widgetsnbextension~=3.6.5->ipywidgets>=7.0.0->qgridnext) (0.5.1)
2025-02-24T15:39:53.8976194Z Requirement already satisfied: fqdn in /home/runner/micromamba/envs/tardis/lib/python3.12/site-packages (from jsonschema[format-nongpl]>=4.18.0->jupyter-events>=0.9.0->jupyter-server<3,>=2.4.0->notebook>=4.4.1->widgetsnbextension~=3.6.5->ipywidgets>=7.0.0->qgridnext) (1.5.1)
2025-02-24T15:39:53.8991971Z Requirement already satisfied: isoduration in /home/runner/micromamba/envs/tardis/lib/python3.12/site-packages (from jsonschema[format-nongpl]>=4.18.0->jupyter-events>=0.9.0->jupyter-server<3,>=2.4.0->notebook>=4.4.1->widgetsnbextension~=3.6.5->ipywidgets>=7.0.0->qgridnext) (20.11.0)
2025-02-24T15:39:53.9006342Z Requirement already satisfied: jsonpointer>1.13 in /home/runner/micromamba/envs/tardis/lib/python3.12/site-packages (from jsonschema[format-nongpl]>=4.18.0->jupyter-events>=0.9.0->jupyter-server<3,>=2.4.0->notebook>=4.4.1->widgetsnbextension~=3.6.5->ipywidgets>=7.0.0->qgridnext) (3.0.0)
2025-02-24T15:39:53.9026177Z Requirement already satisfied: uri-template in /home/runner/micromamba/envs/tardis/lib/python3.12/site-packages (from jsonschema[format-nongpl]>=4.18.0->jupyter-events>=0.9.0->jupyter-server<3,>=2.4.0->notebook>=4.4.1->widgetsnbextension~=3.6.5->ipywidgets>=7.0.0->qgridnext) (1.3.0)
2025-02-24T15:39:53.9039538Z Requirement already satisfied: webcolors>=1.11 in /home/runner/micromamba/envs/tardis/lib/python3.12/site-packages (from jsonschema[format-nongpl]>=4.18.0->jupyter-events>=0.9.0->jupyter-server<3,>=2.4.0->notebook>=4.4.1->widgetsnbextension~=3.6.5->ipywidgets>=7.0.0->qgridnext) (24.6.0)
2025-02-24T15:39:54.0053316Z Requirement already satisfied: cffi>=1.0.1 in /home/runner/micromamba/envs/tardis/lib/python3.12/site-packages (from argon2-cffi-bindings->argon2-cffi>=21.1->jupyter-server<3,>=2.4.0->notebook>=4.4.1->widgetsnbextension~=3.6.5->ipywidgets>=7.0.0->qgridnext) (1.16.0)
2025-02-24T15:39:54.0152389Z Requirement already satisfied: soupsieve>1.2 in /home/runner/micromamba/envs/tardis/lib/python3.12/site-packages (from beautifulsoup4->nbconvert>=6.4.4->jupyter-server<3,>=2.4.0->notebook>=4.4.1->widgetsnbextension~=3.6.5->ipywidgets>=7.0.0->qgridnext) (2.5)
2025-02-24T15:39:54.0673421Z Requirement already satisfied: pycparser in /home/runner/micromamba/envs/tardis/lib/python3.12/site-packages (from cffi>=1.0.1->argon2-cffi-bindings->argon2-cffi>=21.1->jupyter-server<3,>=2.4.0->notebook>=4.4.1->widgetsnbextension~=3.6.5->ipywidgets>=7.0.0->qgridnext) (2.22)
2025-02-24T15:39:54.1170711Z Requirement already satisfied: arrow>=0.15.0 in /home/runner/micromamba/envs/tardis/lib/python3.12/site-packages (from isoduration->jsonschema[format-nongpl]>=4.18.0->jupyter-events>=0.9.0->jupyter-server<3,>=2.4.0->notebook>=4.4.1->widgetsnbextension~=3.6.5->ipywidgets>=7.0.0->qgridnext) (1.3.0)
2025-02-24T15:39:54.1469288Z Requirement already satisfied: types-python-dateutil>=2.8.10 in /home/runner/micromamba/envs/tardis/lib/python3.12/site-packages (from arrow>=0.15.0->isoduration->jsonschema[format-nongpl]>=4.18.0->jupyter-events>=0.9.0->jupyter-server<3,>=2.4.0->notebook>=4.4.1->widgetsnbextension~=3.6.5->ipywidgets>=7.0.0->qgridnext) (2.9.0.20240316)
2025-02-24T15:39:54.1715793Z Downloading qgridnext-2.0.4-py3-none-any.whl (1.3 MB)
2025-02-24T15:39:54.1898974Z    â”â”â”â”â”â”â”â”â”â”â”â”â”â”â”â”â”â”â”â”â”â”â”â”â”â”â”â”â”â”â”â”â”â”â”â”â”â”â”â” 1.3/1.3 MB 78.8 MB/s eta 0:00:00
2025-02-24T15:39:54.9848665Z Installing collected packages: qgridnext
2025-02-24T15:39:55.0572866Z Successfully installed qgridnext-2.0.4
2025-02-24T15:39:55.2330092Z ##[group]Run pytest tardis --tardis-regression-data=/home/runner/work/tardis/tardis/tardis-regression-data --cov=tardis --cov-report=xml --cov-report=html --cov-append -m "not continuum"
2025-02-24T15:39:55.2331373Z [36;1mpytest tardis --tardis-regression-data=/home/runner/work/tardis/tardis/tardis-regression-data --cov=tardis --cov-report=xml --cov-report=html --cov-append -m "not continuum"[0m
2025-02-24T15:39:55.2385530Z shell: /usr/bin/bash -l {0}
2025-02-24T15:39:55.2385775Z env:
2025-02-24T15:39:55.2385956Z   CACHE_NUMBER: 0
2025-02-24T15:39:55.2386596Z   PYTEST_FLAGS: --tardis-regression-data=/home/runner/work/tardis/tardis/tardis-regression-data --cov=tardis --cov-report=xml --cov-report=html --cov-append
2025-02-24T15:39:55.2387286Z   CODECOV_TOKEN: 
2025-02-24T15:39:55.2387513Z   MAMBA_ROOT_PREFIX: /home/runner/micromamba
2025-02-24T15:39:55.2387822Z   MAMBA_EXE: /home/runner/micromamba-bin/micromamba
2025-02-24T15:39:55.2388355Z   CONDARC: /home/runner/work/_temp/setup-micromamba/.condarc
2025-02-24T15:39:55.2388674Z ##[endgroup]
2025-02-24T15:40:04.7739491Z ============================= test session starts ==============================
2025-02-24T15:40:04.7739976Z platform linux -- Python 3.12.4, pytest-8.2.2, pluggy-1.5.0
2025-02-24T15:40:04.7740364Z rootdir: /home/runner/work/tardis/tardis
2025-02-24T15:40:04.7740675Z configfile: pyproject.toml
2025-02-24T15:40:04.7741060Z plugins: metadata-3.1.1, anyio-4.4.0, doctestplus-1.2.1, cov-5.0.0, html-4.1.1
2025-02-24T15:40:04.7741504Z collected 1796 items / 2 deselected / 1794 selected
2025-02-24T15:40:04.7741739Z 
2025-02-24T15:40:09.7955630Z tardis/energy_input/tests/test_energy_source.py ..xxx                    [  0%]
2025-02-24T15:40:11.2821324Z tardis/energy_input/tests/test_gamma_ray_channel.py ...........          [  0%]
2025-02-24T15:40:12.8349332Z tardis/energy_input/tests/test_gamma_ray_grid.py xx.                     [  1%]
2025-02-24T15:40:14.5592320Z tardis/energy_input/tests/test_gamma_ray_interactions.py xx....          [  1%]
2025-02-24T15:40:14.5683521Z tardis/energy_input/tests/test_gamma_ray_packet_source.py sssssssss      [  1%]
2025-02-24T15:40:15.8261664Z tardis/energy_input/tests/test_util.py .....xxxx.....                    [  2%]
2025-02-24T15:40:16.1673620Z tardis/grid/tests/test_grid.py .                                         [  2%]
2025-02-24T15:40:16.1689638Z tardis/gui/tests/test_gui.py s                                           [  2%]
2025-02-24T15:40:19.8399719Z tardis/io/configuration/tests/test_config_reader.py ...........          [  3%]
2025-02-24T15:40:19.8524369Z tardis/io/configuration/tests/test_configuration_namespace.py .........  [  3%]
2025-02-24T15:40:19.8814639Z tardis/io/logger/tests/test_logging.py ssssssssssssssssssssssssssss      [  5%]
2025-02-24T15:40:56.9059425Z tardis/io/model/readers/tests/test_arepo_parser.py ..                    [  5%]
2025-02-24T15:40:56.9201358Z tardis/io/model/readers/tests/test_ascii_readers.py ...                  [  5%]
2025-02-24T15:40:56.9308866Z tardis/io/model/readers/tests/test_cmfgen_reader.py ..                   [  5%]
2025-02-24T15:40:56.9612007Z tardis/io/model/readers/tests/test_csvy_reader.py ....                   [  6%]
2025-02-24T15:40:56.9815206Z tardis/io/model/readers/tests/test_stella_reader.py ..                   [  6%]
2025-02-24T15:40:57.2784885Z tardis/io/tests/test_HDFWriter.py ...............                        [  7%]
2025-02-24T15:40:57.5903229Z tardis/io/tests/test_atomic.py .....                                     [  7%]
2025-02-24T15:40:57.6096893Z tardis/io/tests/test_decay.py ..                                         [  7%]
2025-02-24T15:40:57.8039008Z tardis/io/tests/test_model_reader.py ......                              [  7%]
2025-02-24T15:40:57.8107845Z tardis/model/geometry/tests/test_radial1d.py ..                          [  7%]
2025-02-24T15:41:55.7830546Z tardis/model/tests/test_base.py ........................................ [ 10%]
2025-02-24T15:41:56.7752116Z ............                                                             [ 10%]
2025-02-24T15:41:59.8322068Z tardis/model/tests/test_csvy_model.py .........                          [ 11%]
2025-02-24T15:41:59.8802389Z tardis/model/tests/test_density.py ..                                    [ 11%]
2025-02-24T15:42:01.2000907Z tardis/opacities/tests/test_opacity_solver.py .....                      [ 11%]
2025-02-24T15:42:02.5505388Z tardis/opacities/tests/test_opacity_state_numba.py .....                 [ 11%]
2025-02-24T15:42:04.1696127Z tardis/opacities/tests/test_tau_sobolev.py ..                            [ 12%]
2025-02-24T15:42:07.2649108Z tardis/plasma/equilibrium/tests/test_collisional_transitions.py ...      [ 12%]
2025-02-24T15:42:53.4244321Z tardis/plasma/equilibrium/tests/test_level_populations.py ....           [ 12%]
2025-02-24T15:43:04.8239086Z tardis/plasma/equilibrium/tests/test_rate_matrix.py .                    [ 12%]
2025-02-24T15:43:06.2539680Z tardis/plasma/tests/test_complete_plasmas.py ..............s......s..... [ 13%]
2025-02-24T15:43:09.1658435Z s....ssssss............s......s.....ss.....s....ssssss............s..... [ 18%]
2025-02-24T15:43:10.7971963Z .s.....ss.....s....ssssss............s......s.....ss.....s....ssssss.... [ 22%]
2025-02-24T15:43:13.6343830Z ........s......s.....ss.....s....ssssss............s......s.....ss.....s [ 26%]
2025-02-24T15:43:16.4818875Z ....ssssss............s......s.....ss.....s....ssssss............s...... [ 30%]
2025-02-24T15:43:17.1824625Z s.....ss.....s....ssssss............s......s.....ss.....s.ss.ssssss..... [ 34%]
2025-02-24T15:43:20.3915277Z .......s......s.....ss.....s....ssssss............s......s.....ss.....s. [ 38%]
2025-02-24T15:43:23.2210660Z ...ssssss............s......s.....ss.....s....ssssss............s......s [ 42%]
2025-02-24T15:43:26.2489681Z .....ss.....s....ssssss............s......s.....s...........ssssss...... [ 46%]
2025-02-24T15:43:28.0268360Z ......s......s.....s...........ssssss............s......s.....s......... [ 50%]
2025-02-24T15:43:31.3056871Z ..ssssss............s......s.....ss.....s....ssssss............s......s. [ 54%]
2025-02-24T15:43:34.4367998Z ....ss.....s....ssssss...................s......s.....s....ssss......... [ 58%]
2025-02-24T15:43:34.7201513Z ............s......s.....s....ssss.......                                [ 60%]
2025-02-24T15:43:34.8470299Z tardis/plasma/tests/test_hdf_plasma.py ................................. [ 62%]
2025-02-24T15:43:34.8586114Z ......                                                                   [ 62%]
2025-02-24T15:43:34.9932206Z tardis/plasma/tests/test_nlte_excitation.py ...                          [ 62%]
2025-02-24T15:45:51.2308781Z tardis/plasma/tests/test_nlte_solver.py .....X                           [ 63%]
2025-02-24T15:45:51.2333901Z tardis/plasma/tests/test_plasma_continuum.py .                           [ 63%]
2025-02-24T15:46:14.4982829Z tardis/plasma/tests/test_plasma_vboundary.py .............               [ 63%]
2025-02-24T15:46:27.7623379Z tardis/plasma/tests/test_tardis_model_density_config.py ...              [ 64%]
2025-02-24T15:46:28.5123418Z tardis/simulation/tests/test_convergence.py .....                        [ 64%]
2025-02-24T15:46:37.0133397Z tardis/simulation/tests/test_simulation.py .............                 [ 65%]
2025-02-24T15:46:37.0331410Z tardis/spectrum/tests/test_cuda_formal_integral.py sssssssssssssssssssss [ 66%]
2025-02-24T15:46:37.5122771Z ssss...ssssssssssssssssssssss                                            [ 67%]
2025-02-24T15:46:37.5195961Z tardis/spectrum/tests/test_luminosity.py ....                            [ 68%]
2025-02-24T15:46:39.7331842Z tardis/spectrum/tests/test_numba_formal_integral.py .................... [ 69%]
2025-02-24T15:46:39.7522012Z ..........                                                               [ 69%]
2025-02-24T15:46:39.9259002Z tardis/spectrum/tests/test_spectrum.py ................................. [ 71%]
2025-02-24T15:46:39.9589102Z .........                                                                [ 72%]
2025-02-24T15:46:58.4456442Z tardis/spectrum/tests/test_spectrum_solver.py ....                       [ 72%]
2025-02-24T15:47:59.9601212Z tardis/tests/test_tardis_full.py ....                                    [ 72%]
2025-02-24T15:49:24.3861919Z tardis/tests/test_tardis_full_formal_integral.py ................        [ 73%]
2025-02-24T15:49:24.4595417Z tardis/tests/test_util.py .............................................  [ 75%]
2025-02-24T15:49:27.5800288Z tardis/transport/montecarlo/tests/test_base.py x.....................    [ 77%]
2025-02-24T15:49:34.7381126Z tardis/transport/montecarlo/tests/test_interaction.py .......            [ 77%]
2025-02-24T15:49:34.9603200Z tardis/transport/montecarlo/tests/test_macro_atom.py ....                [ 77%]
2025-02-24T15:49:34.9776004Z tardis/transport/montecarlo/tests/test_montecarlo.py sssssssssssssssssss [ 78%]
2025-02-24T15:49:35.0189070Z sssssssssssssssssssssssssssssssssssssssssssss                            [ 81%]
2025-02-24T15:49:43.9151468Z tardis/transport/montecarlo/tests/test_montecarlo_main_loop.py x..       [ 81%]
2025-02-24T15:49:43.9219352Z tardis/transport/montecarlo/tests/test_nonhomologous.py ...              [ 81%]
2025-02-24T15:49:50.2139388Z tardis/transport/montecarlo/tests/test_numba_interface.py .....x.        [ 82%]
2025-02-24T15:49:50.7086150Z tardis/transport/montecarlo/tests/test_opacities.py ...............      [ 82%]
2025-02-24T15:49:51.7396264Z tardis/transport/montecarlo/tests/test_packet.py .................xXXXXX [ 84%]
2025-02-24T15:49:51.8784965Z XX.........                                                              [ 84%]
2025-02-24T15:49:51.9062228Z tardis/transport/montecarlo/tests/test_packet_source.py ........         [ 85%]
2025-02-24T15:49:52.2227987Z tardis/transport/montecarlo/tests/test_rpacket_last_interaction_tracker.py . [ 85%]
2025-02-24T15:49:52.6401631Z .....                                                                    [ 85%]
2025-02-24T15:50:27.7452038Z tardis/transport/montecarlo/tests/test_rpacket_tracker.py ......         [ 85%]
2025-02-24T15:50:27.7736006Z tardis/transport/montecarlo/tests/test_single_packet_loop.py xxx         [ 86%]
2025-02-24T15:50:27.7767795Z tardis/transport/montecarlo/tests/test_tracker_utils.py ..               [ 86%]
2025-02-24T15:50:30.8222081Z tardis/transport/montecarlo/tests/test_vpacket.py ..x.                   [ 86%]
2025-02-24T15:50:30.8396578Z tardis/transport/montecarlo/tests/test_weighted_packet_source.py ....    [ 86%]
2025-02-24T15:50:34.2746494Z tardis/transport/montecarlo/tests/test_weighted_packet_source_integration.py . [ 86%]
2025-02-24T15:50:34.2747613Z                                                                          [ 86%]
2025-02-24T15:50:35.0023724Z tardis/transport/tests/test_doppler_factor.py ..................         [ 87%]
2025-02-24T15:50:36.8334180Z tardis/visualization/tools/tests/test_convergence_plot.py .............. [ 88%]
2025-02-24T15:50:39.0679503Z ......                                                                   [ 88%]
2025-02-24T15:50:43.7959021Z tardis/visualization/tools/tests/test_liv_plot.py ...................... [ 90%]
2025-02-24T15:50:46.4394715Z .............................                                            [ 91%]
2025-02-24T15:50:49.3693620Z tardis/visualization/tools/tests/test_rpacket_plot.py .................. [ 92%]
2025-02-24T15:50:56.4824301Z ....                                                                     [ 92%]
2025-02-24T15:51:02.4597083Z tardis/visualization/tools/tests/test_sdec_plot.py ..................... [ 94%]
2025-02-24T15:51:10.4494083Z ..............................                                           [ 95%]
2025-02-24T15:51:10.8813816Z tardis/visualization/widgets/tests/test_custom_abundance.py ........ss.. [ 96%]
2025-02-24T15:51:10.9527484Z ....                                                                     [ 96%]
2025-02-24T15:51:12.0270446Z tardis/visualization/widgets/tests/test_line_info.py ................... [ 97%]
2025-02-24T15:51:12.6586300Z ..................                                                       [ 98%]
2025-02-24T15:52:15.7667414Z tardis/visualization/widgets/tests/test_shell_info.py .................. [ 99%]
2025-02-24T15:52:24.3802987Z ......                                                                   [100%]
2025-02-24T15:52:24.3803432Z 
2025-02-24T15:52:24.3803642Z =============================== warnings summary ===============================
2025-02-24T15:52:24.3804235Z tardis/io/configuration/config_validator.py:6
2025-02-24T15:52:24.3804606Z tardis/io/configuration/config_validator.py:6
2025-02-24T15:52:24.3805188Z   /home/runner/work/tardis/tardis/tardis/io/configuration/config_validator.py:6: DeprecationWarning:
2025-02-24T15:52:24.3805759Z   
2025-02-24T15:52:24.3807254Z   jsonschema.RefResolver is deprecated as of v4.18.0, in favor of the https://github.com/python-jsonschema/referencing library, which provides more compliant referencing behavior as well as more flexible APIs for customization. A future release will remove RefResolver. Please file a feature request (on referencing) if you are missing an API for the kind of customization you need.
2025-02-24T15:52:24.3808857Z 
2025-02-24T15:52:24.3809140Z ../../../micromamba/envs/tardis/lib/python3.12/site-packages/jupyter_client/connect.py:22
2025-02-24T15:52:24.3809929Z   /home/runner/micromamba/envs/tardis/lib/python3.12/site-packages/jupyter_client/connect.py:22: DeprecationWarning:
2025-02-24T15:52:24.3810523Z   
2025-02-24T15:52:24.3810796Z   Jupyter is migrating its paths to use standard platformdirs
2025-02-24T15:52:24.3811239Z   given by the platformdirs library.  To remove this warning and
2025-02-24T15:52:24.3811695Z   see the appropriate new directories, set the environment variable
2025-02-24T15:52:24.3812150Z   `JUPYTER_PLATFORM_DIRS=1` and then run `jupyter --paths`.
2025-02-24T15:52:24.3812604Z   The use of platformdirs will be the default in `jupyter_core` v6
2025-02-24T15:52:24.3812877Z 
2025-02-24T15:52:24.3812990Z tardis/plasma/properties/__init__.py:17
2025-02-24T15:52:24.3813525Z   /home/runner/work/tardis/tardis/tardis/plasma/properties/__init__.py:17: DeprecationWarning:
2025-02-24T15:52:24.3814026Z   
2025-02-24T15:52:24.3814779Z   The numpy.linalg.linalg has been made private and renamed to numpy.linalg._linalg. All public functions exported by it are available from numpy.linalg. Please use numpy.linalg.LinAlgError instead.
2025-02-24T15:52:24.3815448Z 
2025-02-24T15:52:24.3822385Z tardis/io/tests/test_HDFWriter.py::test_multi_index_write
2025-02-24T15:52:24.3822946Z tardis/visualization/widgets/tests/test_shell_info.py::TestHDFShellInfo::test_shells_data
2025-02-24T15:52:24.3823520Z   /home/runner/work/tardis/tardis/tardis/io/util.py:276: PerformanceWarning:
2025-02-24T15:52:24.3823915Z   
2025-02-24T15:52:24.3824084Z   
2025-02-24T15:52:24.3824399Z   your performance may suffer as PyTables will pickle object types that it cannot
2025-02-24T15:52:24.3824972Z   map directly to c-types [inferred_type->mixed,key->block0_values] [items->Index([0], dtype='int64')]
2025-02-24T15:52:24.3825321Z 
2025-02-24T15:52:24.3825534Z tardis/io/tests/test_model_reader.py::test_read_cmfgen_isotope_abundances
2025-02-24T15:52:24.3826058Z tardis/plasma/tests/test_tardis_model_density_config.py::test_electron_densities
2025-02-24T15:52:24.3826596Z tardis/plasma/tests/test_tardis_model_density_config.py::test_isotope_number_densities
2025-02-24T15:52:24.3827097Z tardis/plasma/tests/test_tardis_model_density_config.py::test_t_rad
2025-02-24T15:52:24.3827677Z   /home/runner/work/tardis/tardis/tardis/io/model/readers/cmfgen_deprecated.py:82: DeprecationWarning:
2025-02-24T15:52:24.3828357Z   
2025-02-24T15:52:24.3828579Z   The current CMFGEN model parser is deprecated
2025-02-24T15:52:24.3829009Z 
2025-02-24T15:52:24.3829134Z tardis/io/tests/test_model_reader.py: 1 warning
2025-02-24T15:52:24.3829507Z tardis/plasma/tests/test_tardis_model_density_config.py: 9 warnings
2025-02-24T15:52:24.3830084Z   /home/runner/work/tardis/tardis/tardis/io/model/readers/cmfgen_deprecated.py:40: DeprecationWarning:
2025-02-24T15:52:24.3830692Z   
2025-02-24T15:52:24.3830901Z   The current CMFGEN model parser is deprecated
2025-02-24T15:52:24.3831089Z 
2025-02-24T15:52:24.3831304Z tardis/model/tests/test_base.py::TestModelFromPaper1Config::test_abundances
2025-02-24T15:52:24.3831960Z   /home/runner/work/tardis/tardis/tardis/transport/montecarlo/montecarlo_main_loop.py:123: NumbaTypeSafetyWarning:
2025-02-24T15:52:24.3832483Z   
2025-02-24T15:52:24.3833006Z   [1m[1m[1munsafe cast from uint64 to int64. Precision may be lost.[0m[0m[0m
2025-02-24T15:52:24.3833282Z 
2025-02-24T15:52:24.3833386Z tardis/model/tests/test_base.py: 6 warnings
2025-02-24T15:52:24.3833710Z tardis/model/tests/test_csvy_model.py: 2 warnings
2025-02-24T15:52:24.3834092Z tardis/plasma/tests/test_tardis_model_density_config.py: 3 warnings
2025-02-24T15:52:24.3834628Z   /home/runner/work/tardis/tardis/tardis/model/geometry/radial1d.py:50: DeprecationWarning:
2025-02-24T15:52:24.3835071Z   
2025-02-24T15:52:24.3835275Z   v_inner_boundary < 0, assuming default value
2025-02-24T15:52:24.3835468Z 
2025-02-24T15:52:24.3835580Z tardis/model/tests/test_base.py: 6 warnings
2025-02-24T15:52:24.3835882Z tardis/model/tests/test_csvy_model.py: 2 warnings
2025-02-24T15:52:24.3836259Z tardis/plasma/tests/test_tardis_model_density_config.py: 3 warnings
2025-02-24T15:52:24.3836792Z   /home/runner/work/tardis/tardis/tardis/model/geometry/radial1d.py:61: DeprecationWarning:
2025-02-24T15:52:24.3837222Z   
2025-02-24T15:52:24.3837423Z   v_outer_boundary < 0, assuming default value
2025-02-24T15:52:24.3837613Z 
2025-02-24T15:52:24.3837940Z tardis/plasma/equilibrium/tests/test_collisional_transitions.py::test_legacy_chianti_collisional_strengths
2025-02-24T15:52:24.3838979Z tardis/plasma/equilibrium/tests/test_collisional_transitions.py::test_legacy_chianti_collisional_strengths
2025-02-24T15:52:24.3839694Z tardis/plasma/equilibrium/tests/test_collisional_transitions.py::test_legacy_chianti_collisional_strengths
2025-02-24T15:52:24.3840414Z tardis/plasma/equilibrium/tests/test_collisional_transitions.py::test_legacy_chianti_collisional_strengths
2025-02-24T15:52:24.3841361Z tardis/plasma/equilibrium/tests/test_level_populations.py::TestLevelPopulationSolver::test_calculate_level_population_simple[collisional_rate_solver0-radiative_transitions0]
2025-02-24T15:52:24.3842531Z tardis/plasma/equilibrium/tests/test_level_populations.py::TestLevelPopulationSolver::test_calculate_level_population_empty[collisional_rate_solver0-radiative_transitions0]
2025-02-24T15:52:24.3843688Z tardis/plasma/equilibrium/tests/test_level_populations.py::TestLevelPopulationSolver::test_calculate_level_population_zeros[collisional_rate_solver0-radiative_transitions0]
2025-02-24T15:52:24.3844760Z tardis/plasma/equilibrium/tests/test_level_populations.py::TestLevelPopulationSolver::test_solve[collisional_rate_solver0-radiative_transitions0]
2025-02-24T15:52:24.3845662Z tardis/plasma/equilibrium/tests/test_rate_matrix.py::test_rate_matrix_solver[collisional_rate_solver0-radiative_transitions0]
2025-02-24T15:52:24.3846419Z   /home/runner/micromamba/envs/tardis/lib/python3.12/pickle.py:323: DeprecationWarning:
2025-02-24T15:52:24.3847149Z   
2025-02-24T15:52:24.3849091Z   numpy.core.numeric is deprecated and has been renamed to numpy._core.numeric. The numpy._core namespace contains private NumPy internals and its use is discouraged, as NumPy internals can change without warning in any release. In practice, most real-world usage of numpy.core is to access functionality in the public NumPy API. If that is the case, use the public NumPy API. If not, you are using NumPy internals. If you would still like to access an internal attribute, use numpy._core.numeric._frombuffer.
2025-02-24T15:52:24.3850778Z 
2025-02-24T15:52:24.3851255Z tardis/plasma/equilibrium/tests/test_level_populations.py::TestLevelPopulationSolver::test_solve[collisional_rate_solver0-radiative_transitions0]
2025-02-24T15:52:24.3852099Z   /home/runner/work/tardis/tardis/tardis/plasma/equilibrium/level_populations.py:65: FutureWarning:
2025-02-24T15:52:24.3852560Z   
2025-02-24T15:52:24.3853039Z   A value is trying to be set on a copy of a DataFrame or Series through chained assignment using an inplace method.
2025-02-24T15:52:24.3853848Z   The behavior will change in pandas 3.0. This inplace method will never work because the intermediate object on which we are setting values always behaves as a copy.
2025-02-24T15:52:24.3854451Z   
2025-02-24T15:52:24.3855080Z   For example, when doing 'df[col].method(value, inplace=True)', try using 'df.method({col: value}, inplace=True)' or df[col] = df[col].method(value) instead, to perform the operation inplace on the original object.
2025-02-24T15:52:24.3855706Z 
2025-02-24T15:52:24.3855931Z tardis/plasma/tests/test_plasma_vboundary.py::test_plasma_vboundary[2900-3750]
2025-02-24T15:52:24.3856452Z tardis/plasma/tests/test_plasma_vboundary.py::test_plasma_vboundary[2900-3850]
2025-02-24T15:52:24.3856952Z tardis/plasma/tests/test_plasma_vboundary.py::test_plasma_vboundary[2900-3900]
2025-02-24T15:52:24.3857494Z   /home/runner/work/tardis/tardis/tardis/model/geometry/radial1d.py:71: UserWarning:
2025-02-24T15:52:24.3857893Z   
2025-02-24T15:52:24.3858340Z   Requesting inner boundary below inner shell. Extrapolating the inner cell
2025-02-24T15:52:24.3858626Z 
2025-02-24T15:52:24.3858871Z tardis/spectrum/tests/test_numba_formal_integral.py::test_trapezoid_integration[100.0]
2025-02-24T15:52:24.3859431Z tardis/spectrum/tests/test_numba_formal_integral.py::test_trapezoid_integration[1000.0]
2025-02-24T15:52:24.3860000Z tardis/spectrum/tests/test_numba_formal_integral.py::test_trapezoid_integration[10000.0]
2025-02-24T15:52:24.3860570Z tardis/spectrum/tests/test_numba_formal_integral.py::test_trapezoid_integration[100000.0]
2025-02-24T15:52:24.3861245Z   /home/runner/work/tardis/tardis/tardis/spectrum/tests/test_numba_formal_integral.py:35: DeprecationWarning:
2025-02-24T15:52:24.3861739Z   
2025-02-24T15:52:24.3862125Z   `trapz` is deprecated. Use `trapezoid` instead, or one of the numerical integration functions in `scipy.integrate`.
2025-02-24T15:52:24.3862509Z 
2025-02-24T15:52:24.3862731Z tardis/spectrum/tests/test_spectrum_solver.py::TestSpectrumSolver::test_solve
2025-02-24T15:52:24.3863228Z   /home/runner/work/tardis/tardis/tardis/spectrum/base.py:70: UserWarning:
2025-02-24T15:52:24.3863587Z   
2025-02-24T15:52:24.3864006Z   SpectrumSolver.spectrum_virtual_packets is zero. Please run the montecarlo simulation with no_of_virtual_packets > 0
2025-02-24T15:52:24.3864416Z 
2025-02-24T15:52:24.3864632Z tardis/spectrum/tests/test_spectrum_solver.py::TestSpectrumSolver::test_solve
2025-02-24T15:52:24.3865131Z   /home/runner/work/tardis/tardis/tardis/spectrum/base.py:111: UserWarning:
2025-02-24T15:52:24.3865489Z   
2025-02-24T15:52:24.3865926Z   SpectrumSolver.integrator: The FormalIntegrator is not yet available.Please run the montecarlo simulation at least once.
2025-02-24T15:52:24.3866362Z 
2025-02-24T15:52:24.3866565Z tardis/tests/test_util.py::test_calculate_luminosity[string_io0-100 km-result0]
2025-02-24T15:52:24.3867047Z tardis/tests/test_util.py::test_calculate_luminosity[string_io1-500 km-result1]
2025-02-24T15:52:24.3867542Z   /home/runner/work/tardis/tardis/tardis/util/base.py:188: DeprecationWarning:
2025-02-24T15:52:24.3867916Z   
2025-02-24T15:52:24.3868461Z   `trapz` is deprecated. Use `trapezoid` instead, or one of the numerical integration functions in `scipy.integrate`.
2025-02-24T15:52:24.3868842Z 
2025-02-24T15:52:24.3869021Z tardis/visualization/tools/tests/test_sdec_plot.py: 48 warnings
2025-02-24T15:52:24.3869597Z   /home/runner/work/tardis/tardis/tardis/visualization/tools/sdec_plot.py:736: DeprecationWarning:
2025-02-24T15:52:24.3870053Z   
2025-02-24T15:52:24.3870406Z   `in1d` is deprecated. Use `np.isin` instead.
2025-02-24T15:52:24.3870597Z 
2025-02-24T15:52:24.3870764Z tardis/visualization/tools/tests/test_sdec_plot.py: 48 warnings
2025-02-24T15:52:24.3871302Z   /home/runner/work/tardis/tardis/tardis/visualization/tools/sdec_plot.py:758: DeprecationWarning:
2025-02-24T15:52:24.3871751Z   
2025-02-24T15:52:24.3872072Z   `in1d` is deprecated. Use `np.isin` instead.
2025-02-24T15:52:24.3872265Z 
2025-02-24T15:52:24.3872449Z tardis/visualization/tools/tests/test_sdec_plot.py: 48 warnings
2025-02-24T15:52:24.3872986Z   /home/runner/work/tardis/tardis/tardis/visualization/tools/sdec_plot.py:779: DeprecationWarning:
2025-02-24T15:52:24.3873436Z   
2025-02-24T15:52:24.3873628Z   `in1d` is deprecated. Use `np.isin` instead.
2025-02-24T15:52:24.3873819Z 
2025-02-24T15:52:24.3874152Z tardis/visualization/tools/tests/test_sdec_plot.py::TestSDECPlotter::test_mpl_image[plotter_generate_plot_mpl4]
2025-02-24T15:52:24.3874856Z   /home/runner/work/tardis/tardis/tardis/visualization/tools/sdec_plot.py:1225: RuntimeWarning:
2025-02-24T15:52:24.3875301Z   
2025-02-24T15:52:24.3876253Z   More than 20 figures have been opened. Figures created through the pyplot interface (`matplotlib.pyplot.figure`) are retained until explicitly closed and may consume too much memory. (To control this warning, see the rcParam `figure.max_open_warning`). Consider using `matplotlib.pyplot.close()`.
2025-02-24T15:52:24.3877183Z 
2025-02-24T15:52:24.3877577Z tardis/visualization/widgets/tests/test_custom_abundance.py::TestCustomAbundanceWidget::test_update_input_item_value
2025-02-24T15:52:24.3878569Z tardis/visualization/widgets/tests/test_custom_abundance.py::TestCustomAbundanceWidget::test_update_input_item_value
2025-02-24T15:52:24.3879360Z tardis/visualization/widgets/tests/test_custom_abundance.py::TestCustomAbundanceWidget::test_update_input_item_value
2025-02-24T15:52:24.3880137Z tardis/visualization/widgets/tests/test_custom_abundance.py::TestCustomAbundanceWidget::test_update_input_item_value
2025-02-24T15:52:24.3880920Z tardis/visualization/widgets/tests/test_custom_abundance.py::TestCustomAbundanceWidget::test_update_input_item_value
2025-02-24T15:52:24.3881699Z tardis/visualization/widgets/tests/test_custom_abundance.py::TestCustomAbundanceWidget::test_update_input_item_value
2025-02-24T15:52:24.3882490Z   /home/runner/micromamba/envs/tardis/lib/python3.12/site-packages/traitlets/traitlets.py:1385: DeprecationWarning:
2025-02-24T15:52:24.3883003Z   
2025-02-24T15:52:24.3883288Z   Passing unrecognized arguments to super(Checkbox).__init__(icon='lock').
2025-02-24T15:52:24.3883747Z   object.__init__() takes exactly one argument (the instance to initialize)
2025-02-24T15:52:24.3884252Z   This is deprecated in traitlets 4.2.This error will be raised in a future release of traitlets.
2025-02-24T15:52:24.3884574Z 
2025-02-24T15:52:24.3884931Z tardis/visualization/widgets/tests/test_custom_abundance.py::TestCustomAbundanceWidget::test_update_input_item_value
2025-02-24T15:52:24.3885716Z tardis/visualization/widgets/tests/test_custom_abundance.py::TestCustomAbundanceWidget::test_update_input_item_value
2025-02-24T15:52:24.3886504Z   /home/runner/micromamba/envs/tardis/lib/python3.12/site-packages/traitlets/traitlets.py:1385: DeprecationWarning:
2025-02-24T15:52:24.3887010Z   
2025-02-24T15:52:24.3887285Z   Passing unrecognized arguments to super(FloatText).__init__(min=0).
2025-02-24T15:52:24.3887733Z   object.__init__() takes exactly one argument (the instance to initialize)
2025-02-24T15:52:24.3888399Z   This is deprecated in traitlets 4.2.This error will be raised in a future release of traitlets.
2025-02-24T15:52:24.3888725Z 
2025-02-24T15:52:24.3889082Z tardis/visualization/widgets/tests/test_custom_abundance.py::TestCustomAbundanceWidget::test_update_input_item_value
2025-02-24T15:52:24.3889861Z   /home/runner/micromamba/envs/tardis/lib/python3.12/site-packages/traitlets/traitlets.py:1385: DeprecationWarning:
2025-02-24T15:52:24.3890366Z   
2025-02-24T15:52:24.3890641Z   Passing unrecognized arguments to super(HTML).__init__(indent=True).
2025-02-24T15:52:24.3891214Z   object.__init__() takes exactly one argument (the instance to initialize)
2025-02-24T15:52:24.3891706Z   This is deprecated in traitlets 4.2.This error will be raised in a future release of traitlets.
2025-02-24T15:52:24.3892029Z 
2025-02-24T15:52:24.3892559Z tardis/visualization/widgets/tests/test_line_info.py::TestLineInfoWidgetData::test_get_species_interactions[wavelength_range0-packet_out_nu]
2025-02-24T15:52:24.3893395Z   /home/runner/micromamba/envs/tardis/lib/python3.12/site-packages/qgridnext/grid.py:825: DeprecationWarning:
2025-02-24T15:52:24.3893878Z   
2025-02-24T15:52:24.3894249Z   QgridWidget._grid_options_changed is deprecated in traitlets 4.1: use @observe and @unobserve instead.
2025-02-24T15:52:24.3894615Z 
2025-02-24T15:52:24.3894884Z tardis/visualization/widgets/tests/test_shell_info.py::TestHDFShellInfo::test_shells_data
2025-02-24T15:52:24.3895436Z   /home/runner/work/tardis/tardis/tardis/io/util.py:289: PerformanceWarning:
2025-02-24T15:52:24.3895805Z   
2025-02-24T15:52:24.3895964Z   
2025-02-24T15:52:24.3896257Z   your performance may suffer as PyTables will pickle object types that it cannot
2025-02-24T15:52:24.3896811Z   map directly to c-types [inferred_type->mixed,key->block0_values] [items->Index([0], dtype='int64')]
2025-02-24T15:52:24.3897152Z 
2025-02-24T15:52:24.3897419Z tardis/visualization/widgets/tests/test_shell_info.py::TestHDFShellInfo::test_shells_data
2025-02-24T15:52:24.3897967Z   /home/runner/work/tardis/tardis/tardis/io/util.py:292: PerformanceWarning:
2025-02-24T15:52:24.3898493Z   
2025-02-24T15:52:24.3898651Z   
2025-02-24T15:52:24.3898944Z   your performance may suffer as PyTables will pickle object types that it cannot
2025-02-24T15:52:24.3899416Z   map directly to c-types [inferred_type->mixed,key->values] [items->None]
2025-02-24T15:52:24.3899682Z 
2025-02-24T15:52:24.3899937Z tardis/visualization/widgets/tests/test_shell_info.py::TestHDFShellInfo::test_shells_data
2025-02-24T15:52:24.3900529Z   /home/runner/work/tardis/tardis/tardis/spectrum/formal_integral.py:398: UserWarning:
2025-02-24T15:52:24.3900929Z   
2025-02-24T15:52:24.3901210Z   The number of interpolate_shells was not specified. The value was set to 80.
2025-02-24T15:52:24.3901486Z 
2025-02-24T15:52:24.3901691Z -- Docs: https://docs.pytest.org/en/stable/how-to/capture-warnings.html
2025-02-24T15:52:24.3901970Z 
2025-02-24T15:52:24.3902143Z ---------- coverage: platform linux, python 3.12.4-final-0 -----------
2025-02-24T15:52:24.3902514Z Coverage HTML written to dir coverage_html_report
2025-02-24T15:52:24.3902818Z Coverage XML written to file coverage.xml
2025-02-24T15:52:24.3903003Z 
2025-02-24T15:52:24.3903242Z = 1410 passed, 357 skipped, 2 deselected, 19 xfailed, 8 xpassed, 222 warnings in 741.20s (0:12:21) =
2025-02-24T15:52:26.4590347Z ##[group]Run mv .coverage .coverage.2
2025-02-24T15:52:26.4590696Z [36;1mmv .coverage .coverage.2[0m
2025-02-24T15:52:26.4663982Z shell: /usr/bin/bash -l {0}
2025-02-24T15:52:26.4664248Z env:
2025-02-24T15:52:26.4664437Z   CACHE_NUMBER: 0
2025-02-24T15:52:26.4665075Z   PYTEST_FLAGS: --tardis-regression-data=/home/runner/work/tardis/tardis/tardis-regression-data --cov=tardis --cov-report=xml --cov-report=html --cov-append
2025-02-24T15:52:26.4665742Z   CODECOV_TOKEN: 
2025-02-24T15:52:26.4665970Z   MAMBA_ROOT_PREFIX: /home/runner/micromamba
2025-02-24T15:52:26.4666286Z   MAMBA_EXE: /home/runner/micromamba-bin/micromamba
2025-02-24T15:52:26.4666675Z   CONDARC: /home/runner/work/_temp/setup-micromamba/.condarc
2025-02-24T15:52:26.4667002Z ##[endgroup]
2025-02-24T15:52:26.5822037Z ##[group]Run actions/upload-artifact@v4
2025-02-24T15:52:26.5822336Z with:
2025-02-24T15:52:26.5822577Z   name: coverage-not-continuum-ubuntu-latest
2025-02-24T15:52:26.5822875Z   include-hidden-files: true
2025-02-24T15:52:26.5823129Z   path: .coverage*
!.coveragerc

2025-02-24T15:52:26.5823380Z   if-no-files-found: warn
2025-02-24T15:52:26.5823607Z   compression-level: 6
2025-02-24T15:52:26.5823823Z   overwrite: false
2025-02-24T15:52:26.5824192Z env:
2025-02-24T15:52:26.5824371Z   CACHE_NUMBER: 0
2025-02-24T15:52:26.5824993Z   PYTEST_FLAGS: --tardis-regression-data=/home/runner/work/tardis/tardis/tardis-regression-data --cov=tardis --cov-report=xml --cov-report=html --cov-append
2025-02-24T15:52:26.5825653Z   CODECOV_TOKEN: 
2025-02-24T15:52:26.5825882Z   MAMBA_ROOT_PREFIX: /home/runner/micromamba
2025-02-24T15:52:26.5826190Z   MAMBA_EXE: /home/runner/micromamba-bin/micromamba
2025-02-24T15:52:26.5826554Z   CONDARC: /home/runner/work/_temp/setup-micromamba/.condarc
2025-02-24T15:52:26.5826887Z ##[endgroup]
2025-02-24T15:52:26.8035306Z With the provided path, there will be 1 file uploaded
2025-02-24T15:52:26.8041388Z Artifact name is valid!
2025-02-24T15:52:26.8042634Z Root directory input is valid!
2025-02-24T15:52:27.1155908Z Beginning upload of artifact content to blob storage
2025-02-24T15:52:27.5927794Z Uploaded bytes 20011
2025-02-24T15:52:27.6951349Z Finished uploading artifact content to blob storage!
2025-02-24T15:52:27.6954970Z SHA256 hash of uploaded artifact zip is fbd00bda9dfb415b92b35f8bb2224b6b20aa2c0139429f009b2b4ab64c7d0073
2025-02-24T15:52:27.6956988Z Finalizing artifact upload
2025-02-24T15:52:27.8407464Z Artifact coverage-not-continuum-ubuntu-latest.zip successfully finalized. Artifact ID 2642258321
2025-02-24T15:52:27.8409267Z Artifact coverage-not-continuum-ubuntu-latest has been successfully uploaded! Final size is 20011 bytes. Artifact ID is 2642258321
2025-02-24T15:52:27.8416403Z Artifact download URL: https://github.com/tardis-sn/tardis/actions/runs/13501843128/artifacts/2642258321
2025-02-24T15:52:27.8542281Z Post job cleanup.
2025-02-24T15:52:27.8573709Z Post job cleanup.
2025-02-24T15:52:27.9888777Z Will use pre-installed micromamba at /home/runner/micromamba-bin/micromamba
2025-02-24T15:52:27.9895514Z Removing micromamba run shell ...
2025-02-24T15:52:27.9900299Z ##[group]Deinitialize micromamba for bash
2025-02-24T15:52:27.9920479Z [command]/home/runner/micromamba-bin/micromamba shell deinit -s bash -r /home/runner/micromamba --log-level warning --rc-file /home/runner/work/_temp/setup-micromamba/.condarc
2025-02-24T15:52:28.0026559Z Resetting RC file "/home/runner/.bashrc"
2025-02-24T15:52:28.0029735Z Deleting config for root prefix 
2025-02-24T15:52:28.0030287Z Clearing mamba executable environment variable
2025-02-24T15:52:28.0030941Z Removing the following in your "/home/runner/.bashrc" file
2025-02-24T15:52:28.0031524Z # >>> mamba initialize >>>
2025-02-24T15:52:28.0031906Z ...
2025-02-24T15:52:28.0032228Z # <<< mamba initialize <<<
2025-02-24T15:52:28.0059727Z Removing mamba initialize block from .bash_profile
2025-02-24T15:52:28.0075464Z ##[endgroup]
2025-02-24T15:52:28.0079591Z Removing environment tardis from auto-activate bash ...
2025-02-24T15:52:28.0203015Z Post job cleanup.
2025-02-24T15:52:28.0240191Z Post job cleanup.
2025-02-24T15:52:28.1210673Z [command]/usr/bin/git version
2025-02-24T15:52:28.1246855Z git version 2.48.1
2025-02-24T15:52:28.1300159Z Temporarily overriding HOME='/home/runner/work/_temp/c7211ab5-d6b8-4d77-9304-9b95a6736444' before making global git config changes
2025-02-24T15:52:28.1301526Z Adding repository directory to the temporary git global config as a safe directory
2025-02-24T15:52:28.1306408Z [command]/usr/bin/git config --global --add safe.directory /home/runner/work/tardis/tardis/tardis-regression-data
2025-02-24T15:52:28.1345288Z [command]/usr/bin/git config --local --name-only --get-regexp core\.sshCommand
2025-02-24T15:52:28.1380566Z [command]/usr/bin/git submodule foreach --recursive sh -c "git config --local --name-only --get-regexp 'core\.sshCommand' && git config --local --unset-all 'core.sshCommand' || :"
2025-02-24T15:52:28.1612003Z [command]/usr/bin/git config --local --name-only --get-regexp http\.https\:\/\/github\.com\/\.extraheader
2025-02-24T15:52:28.1632626Z http.https://github.com/.extraheader
2025-02-24T15:52:28.1645341Z [command]/usr/bin/git config --local --unset-all http.https://github.com/.extraheader
2025-02-24T15:52:28.1676723Z [command]/usr/bin/git submodule foreach --recursive sh -c "git config --local --name-only --get-regexp 'http\.https\:\/\/github\.com\/\.extraheader' && git config --local --unset-all 'http.https://github.com/.extraheader' || :"
2025-02-24T15:52:28.2009594Z Post job cleanup.
2025-02-24T15:52:28.2938277Z [command]/usr/bin/git version
2025-02-24T15:52:28.2973996Z git version 2.48.1
2025-02-24T15:52:28.3024601Z Temporarily overriding HOME='/home/runner/work/_temp/831ce7eb-2a49-4dfe-8497-d7987b35619a' before making global git config changes
2025-02-24T15:52:28.3025705Z Adding repository directory to the temporary git global config as a safe directory
2025-02-24T15:52:28.3030639Z [command]/usr/bin/git config --global --add safe.directory /home/runner/work/tardis/tardis
2025-02-24T15:52:28.3066125Z [command]/usr/bin/git config --local --name-only --get-regexp core\.sshCommand
2025-02-24T15:52:28.3098695Z [command]/usr/bin/git submodule foreach --recursive sh -c "git config --local --name-only --get-regexp 'core\.sshCommand' && git config --local --unset-all 'core.sshCommand' || :"
2025-02-24T15:52:28.3328518Z [command]/usr/bin/git config --local --name-only --get-regexp http\.https\:\/\/github\.com\/\.extraheader
2025-02-24T15:52:28.3348883Z http.https://github.com/.extraheader
2025-02-24T15:52:28.3361115Z [command]/usr/bin/git config --local --unset-all http.https://github.com/.extraheader
2025-02-24T15:52:28.3391094Z [command]/usr/bin/git submodule foreach --recursive sh -c "git config --local --name-only --get-regexp 'http\.https\:\/\/github\.com\/\.extraheader' && git config --local --unset-all 'http.https://github.com/.extraheader' || :"
2025-02-24T15:52:28.3715050Z Cleaning up orphan processes
