2025-01-21T10:36:28.8503320Z Prepare all required actions
2025-01-21T10:36:28.8504390Z Getting action download info
2025-01-21T10:36:29.1091600Z Download action repository 'mamba-org/setup-micromamba@v1' (SHA:4b9113af4fba0e9e1124b252dd6497a419e7396d)
2025-01-21T10:36:30.2294540Z ##[group]Run ./.github/actions/setup_env
2025-01-21T10:36:30.2294980Z with:
2025-01-21T10:36:30.2295130Z   os-label: osx-arm64
2025-01-21T10:36:30.2295410Z env:
2025-01-21T10:36:30.2295530Z   CACHE_NUMBER: 0
2025-01-21T10:36:30.2296010Z   PYTEST_FLAGS: --tardis-regression-data=/Users/runner/work/tardis/tardis/tardis-regression-data --cov=tardis --cov-report=xml --cov-report=html --cov-append
2025-01-21T10:36:30.2296520Z   CODECOV_TOKEN: 
2025-01-21T10:36:30.2296650Z ##[endgroup]
2025-01-21T10:36:30.2330850Z ##[group]Run mamba-org/setup-micromamba@v1
2025-01-21T10:36:30.2331090Z with:
2025-01-21T10:36:30.2331230Z   create-args: conda-lock
2025-01-21T10:36:30.2331410Z   environment-name: tardis
2025-01-21T10:36:30.2331570Z env:
2025-01-21T10:36:30.2331760Z   CACHE_NUMBER: 0
2025-01-21T10:36:30.2332320Z   PYTEST_FLAGS: --tardis-regression-data=/Users/runner/work/tardis/tardis/tardis-regression-data --cov=tardis --cov-report=xml --cov-report=html --cov-append
2025-01-21T10:36:30.2332830Z   CODECOV_TOKEN: 
2025-01-21T10:36:30.2332970Z ##[endgroup]
2025-01-21T10:36:30.9001660Z Will download micromamba to /Users/runner/micromamba-bin/micromamba
2025-01-21T10:36:30.9010340Z ##[group]Install micromamba
2025-01-21T10:36:31.7227720Z micromamba installed to /Users/runner/micromamba-bin/micromamba
2025-01-21T10:36:31.7229000Z ##[endgroup]
2025-01-21T10:36:31.7229740Z Adding conda-forge to condarc channels ...
2025-01-21T10:36:31.7238000Z ##[group]Initialize micromamba for bash.
2025-01-21T10:36:31.7249100Z [command]/Users/runner/micromamba-bin/micromamba shell init -s bash -r /Users/runner/micromamba --log-level warning --rc-file /Users/runner/work/_temp/setup-micromamba/.condarc
2025-01-21T10:36:31.7688170Z Modifying RC file "/Users/runner/.bash_profile"
2025-01-21T10:36:31.7689810Z Generating config for root prefix [1m"/Users/runner/micromamba"[0m
2025-01-21T10:36:31.7691040Z Setting mamba executable to: [1m"/Users/runner/micromamba-bin/micromamba"[0m
2025-01-21T10:36:31.7694170Z Adding (or replacing) the following in your "/Users/runner/.bash_profile" file
2025-01-21T10:36:31.7695020Z 
2025-01-21T10:36:31.7695200Z # >>> mamba initialize >>>
2025-01-21T10:36:31.7696240Z # !! Contents within this block are managed by 'mamba init' !!
2025-01-21T10:36:31.7697230Z export MAMBA_EXE='/Users/runner/micromamba-bin/micromamba';
2025-01-21T10:36:31.7697580Z export MAMBA_ROOT_PREFIX='/Users/runner/micromamba';
2025-01-21T10:36:31.7698040Z __mamba_setup="$("$MAMBA_EXE" shell hook --shell bash --root-prefix "$MAMBA_ROOT_PREFIX" 2> /dev/null)"
2025-01-21T10:36:31.7698420Z if [ $? -eq 0 ]; then
2025-01-21T10:36:31.7698590Z     eval "$__mamba_setup"
2025-01-21T10:36:31.7698760Z else
2025-01-21T10:36:31.7698990Z     alias micromamba="$MAMBA_EXE"  # Fallback on help from mamba activate
2025-01-21T10:36:31.7699320Z fi
2025-01-21T10:36:31.7699460Z unset __mamba_setup
2025-01-21T10:36:31.7699610Z # <<< mamba initialize <<<
2025-01-21T10:36:31.7699740Z 
2025-01-21T10:36:31.7714740Z ##[endgroup]
2025-01-21T10:36:31.7725510Z ##[group]Install environment `tardis`
2025-01-21T10:36:31.7730050Z [command]/Users/runner/micromamba-bin/micromamba create -y -r /Users/runner/micromamba -n tardis conda-lock --log-level warning --rc-file /Users/runner/work/_temp/setup-micromamba/.condarc
2025-01-21T10:36:41.1475960Z 
2025-01-21T10:36:41.1577660Z Transaction
2025-01-21T10:36:41.1678760Z 
2025-01-21T10:36:41.1729110Z   Prefix: /Users/runner/micromamba/envs/tardis
2025-01-21T10:36:41.1748410Z 
2025-01-21T10:36:41.1754020Z   Updating specs:
2025-01-21T10:36:41.1756290Z 
2025-01-21T10:36:41.1758750Z    - conda-lock
2025-01-21T10:36:41.1760860Z 
2025-01-21T10:36:41.1761210Z 
2025-01-21T10:36:41.1761780Z   Package                           Version  Build               Channel          Size
2025-01-21T10:36:41.1763730Z â”€â”€â”€â”€â”€â”€â”€â”€â”€â”€â”€â”€â”€â”€â”€â”€â”€â”€â”€â”€â”€â”€â”€â”€â”€â”€â”€â”€â”€â”€â”€â”€â”€â”€â”€â”€â”€â”€â”€â”€â”€â”€â”€â”€â”€â”€â”€â”€â”€â”€â”€â”€â”€â”€â”€â”€â”€â”€â”€â”€â”€â”€â”€â”€â”€â”€â”€â”€â”€â”€â”€â”€â”€â”€â”€â”€â”€â”€â”€â”€â”€â”€â”€â”€â”€â”€â”€â”€
2025-01-21T10:36:41.1767500Z   Install:
2025-01-21T10:36:41.1775380Z â”€â”€â”€â”€â”€â”€â”€â”€â”€â”€â”€â”€â”€â”€â”€â”€â”€â”€â”€â”€â”€â”€â”€â”€â”€â”€â”€â”€â”€â”€â”€â”€â”€â”€â”€â”€â”€â”€â”€â”€â”€â”€â”€â”€â”€â”€â”€â”€â”€â”€â”€â”€â”€â”€â”€â”€â”€â”€â”€â”€â”€â”€â”€â”€â”€â”€â”€â”€â”€â”€â”€â”€â”€â”€â”€â”€â”€â”€â”€â”€â”€â”€â”€â”€â”€â”€â”€â”€
2025-01-21T10:36:41.1777690Z 
2025-01-21T10:36:41.1784570Z   + libexpat                          2.6.4  h286801f_0          conda-forge      65kB
2025-01-21T10:36:41.1786700Z   + libmpdec                          4.0.0  h99b78c6_0          conda-forge      69kB
2025-01-21T10:36:41.1790350Z   + python_abi                         3.13  5_cp313             conda-forge       6kB
2025-01-21T10:36:41.1794090Z   + ncurses                             6.5  h5e97a16_2          conda-forge     797kB
2025-01-21T10:36:41.1794560Z   + yaml                              0.2.5  h3422bc3_2          conda-forge      88kB
2025-01-21T10:36:41.1795020Z   + bzip2                             1.0.8  h99b78c6_7          conda-forge     123kB
2025-01-21T10:36:41.1798560Z   + libffi                            3.4.2  h3422bc3_5          conda-forge      39kB
2025-01-21T10:36:41.1809340Z   + liblzma                           5.6.3  h39f12f2_1          conda-forge      99kB
2025-01-21T10:36:41.1810070Z   + libzlib                           1.3.1  h8359307_2          conda-forge      46kB
2025-01-21T10:36:41.1810620Z   + ca-certificates              2024.12.14  hf0a4a13_0          conda-forge     157kB
2025-01-21T10:36:41.1812040Z   + libcxx                           19.1.7  ha82da77_0          conda-forge     524kB
2025-01-21T10:36:41.1812550Z   + readline                            8.2  h92ec313_1          conda-forge     250kB
2025-01-21T10:36:41.1813010Z   + tk                               8.6.13  h5083fa2_1          conda-forge       3MB
2025-01-21T10:36:41.1813570Z   + libsqlite                        3.48.0  h3f77e49_0          conda-forge     853kB
2025-01-21T10:36:41.1814130Z   + openssl                           3.4.0  h81ee809_1          conda-forge       3MB
2025-01-21T10:36:41.1814650Z   + tzdata                            2025a  h78e105d_0          conda-forge     123kB
2025-01-21T10:36:41.1815090Z   + python                           3.13.1  h4f43103_105_cp313  conda-forge      13MB
2025-01-21T10:36:41.1815500Z   + pip                              24.3.1  pyh145f28c_2        conda-forge       1MB
2025-01-21T10:36:41.1815960Z   + backports                           1.0  pyhd8ed1ab_5        conda-forge       7kB
2025-01-21T10:36:41.1816310Z   + appdirs                           1.4.4  pyhd8ed1ab_1        conda-forge      15kB
2025-01-21T10:36:41.1816760Z   + smmap                             5.0.0  pyhd8ed1ab_0        conda-forge      22kB
2025-01-21T10:36:41.1817150Z   + webencodings                      0.5.1  pyhd8ed1ab_3        conda-forge      15kB
2025-01-21T10:36:41.1817490Z   + six                              1.17.0  pyhd8ed1ab_0        conda-forge      16kB
2025-01-21T10:36:41.1817870Z   + zipp                             3.21.0  pyhd8ed1ab_1        conda-forge      22kB
2025-01-21T10:36:41.1818260Z   + more-itertools                   10.6.0  pyhd8ed1ab_0        conda-forge      59kB
2025-01-21T10:36:41.1818650Z   + idna                               3.10  pyhd8ed1ab_1        conda-forge      50kB
2025-01-21T10:36:41.1819020Z   + charset-normalizer                3.4.1  pyhd8ed1ab_0        conda-forge      47kB
2025-01-21T10:36:41.1819880Z   + certifi                      2024.12.14  pyhd8ed1ab_0        conda-forge     162kB
2025-01-21T10:36:41.1820280Z   + pysocks                           1.7.1  pyha55dd90_7        conda-forge      21kB
2025-01-21T10:36:41.1820630Z   + platformdirs                      4.3.6  pyhd8ed1ab_1        conda-forge      20kB
2025-01-21T10:36:41.1820990Z   + distlib                           0.3.9  pyhd8ed1ab_1        conda-forge     274kB
2025-01-21T10:36:41.1821410Z   + filelock                         3.16.1  pyhd8ed1ab_1        conda-forge      17kB
2025-01-21T10:36:41.1821760Z   + pylev                             1.4.0  pyhd8ed1ab_0        conda-forge       9kB
2025-01-21T10:36:41.1847590Z   + pastel                            0.2.1  pyhd8ed1ab_0        conda-forge      10kB
2025-01-21T10:36:41.1848000Z   + typing_extensions                4.12.2  pyha770c72_1        conda-forge      40kB
2025-01-21T10:36:41.1848390Z   + toolz                            0.12.1  pyhd8ed1ab_0        conda-forge      52kB
2025-01-21T10:36:41.1848700Z   + tomli                             2.2.1  pyhd8ed1ab_1        conda-forge      19kB
2025-01-21T10:36:41.1848990Z   + pkginfo                          1.12.0  pyhd8ed1ab_1        conda-forge      30kB
2025-01-21T10:36:41.1849270Z   + packaging                          24.2  pyhd8ed1ab_2        conda-forge      60kB
2025-01-21T10:36:41.1849660Z   + crashtest                         0.4.1  pyhd8ed1ab_1        conda-forge      12kB
2025-01-21T10:36:41.1849940Z   + cachy                             0.3.0  pyhd8ed1ab_2        conda-forge      23kB
2025-01-21T10:36:41.1850210Z   + tomlkit                          0.13.2  pyha770c72_1        conda-forge      37kB
2025-01-21T10:36:41.1850560Z   + setuptools                       75.8.0  pyhff2d567_0        conda-forge     776kB
2025-01-21T10:36:41.1850900Z   + click                             8.1.8  pyh707e725_0        conda-forge      85kB
2025-01-21T10:36:41.1851270Z   + backports.tarfile                 1.2.0  pyhd8ed1ab_1        conda-forge      33kB
2025-01-21T10:36:41.1851630Z   + gitdb                            4.0.12  pyhd8ed1ab_0        conda-forge      53kB
2025-01-21T10:36:41.1851910Z   + html5lib                            1.1  pyhd8ed1ab_2        conda-forge      95kB
2025-01-21T10:36:41.1852210Z   + importlib_resources               6.5.2  pyhd8ed1ab_0        conda-forge      34kB
2025-01-21T10:36:41.1852600Z   + importlib-metadata                8.6.1  pyha770c72_0        conda-forge      29kB
2025-01-21T10:36:41.1853050Z   + jaraco.functools                  4.1.0  pyhd8ed1ab_0        conda-forge      16kB
2025-01-21T10:36:41.1853420Z   + jaraco.classes                    3.4.0  pyhd8ed1ab_2        conda-forge      12kB
2025-01-21T10:36:41.1853800Z   + virtualenv                      20.29.1  pyhd8ed1ab_0        conda-forge       4MB
2025-01-21T10:36:41.1854210Z   + clikit                            0.6.2  pyhd8ed1ab_3        conda-forge      64kB
2025-01-21T10:36:41.1854520Z   + typing-extensions                4.12.2  hd8ed1ab_1          conda-forge      10kB
2025-01-21T10:36:41.1854860Z   + click-default-group               1.2.4  pyhd8ed1ab_1        conda-forge      10kB
2025-01-21T10:36:41.1855170Z   + jaraco.context                    6.0.1  pyhd8ed1ab_0        conda-forge      12kB
2025-01-21T10:36:41.1855470Z   + gitpython                        3.1.44  pyhff2d567_0        conda-forge     157kB
2025-01-21T10:36:41.1855960Z   + annotated-types                   0.7.0  pyhd8ed1ab_1        conda-forge      18kB
2025-01-21T10:36:41.1856530Z   + keyring                          25.6.0  pyh534df25_0        conda-forge      37kB
2025-01-21T10:36:41.1856820Z   + markupsafe                        3.0.2  py313ha9b7d5b_1     conda-forge      25kB
2025-01-21T10:36:41.1857120Z   + msgpack-python                    1.1.0  py313hf9c7212_0     conda-forge      92kB
2025-01-21T10:36:41.1858000Z   + brotli-python                     1.1.0  py313h3579c5c_2     conda-forge     339kB
2025-01-21T10:36:41.1858680Z   + ruamel.yaml.clib                  0.2.8  py313h63a2874_1     conda-forge     116kB
2025-01-21T10:36:41.1859070Z   + pyyaml                            6.0.2  py313h20a7fcf_1     conda-forge     188kB
2025-01-21T10:36:41.1859430Z   + pydantic-core                    2.27.2  py313hdde674f_0     conda-forge       2MB
2025-01-21T10:36:41.1859810Z   + ruamel.yaml                     0.18.10  py313h90d716c_0     conda-forge     270kB
2025-01-21T10:36:41.1860220Z   + jinja2                            3.1.5  pyhd8ed1ab_0        conda-forge     113kB
2025-01-21T10:36:41.1860590Z   + urllib3                         1.26.19  pyhd8ed1ab_0        conda-forge     115kB
2025-01-21T10:36:41.1860880Z   + pydantic                         2.10.5  pyh3cfb1c2_0        conda-forge     297kB
2025-01-21T10:36:41.1861550Z   + requests                         2.32.3  pyhd8ed1ab_1        conda-forge      59kB
2025-01-21T10:36:41.1861840Z   + cachecontrol                     0.14.2  pyha770c72_0        conda-forge      23kB
2025-01-21T10:36:41.1862210Z   + ensureconda                       1.4.4  pyhd8ed1ab_1        conda-forge      14kB
2025-01-21T10:36:41.1862820Z   + cachecontrol-with-filecache      0.14.2  pyhd8ed1ab_0        conda-forge       7kB
2025-01-21T10:36:41.1863150Z   + conda-lock                        2.5.7  pyhd8ed1ab_1        conda-forge     884kB
2025-01-21T10:36:41.1863330Z 
2025-01-21T10:36:41.1863380Z   Summary:
2025-01-21T10:36:41.1863450Z 
2025-01-21T10:36:41.1863500Z   Install: 74 packages
2025-01-21T10:36:41.1863610Z 
2025-01-21T10:36:41.1863650Z   Total download: 34MB
2025-01-21T10:36:41.1863750Z 
2025-01-21T10:36:41.1864020Z â”€â”€â”€â”€â”€â”€â”€â”€â”€â”€â”€â”€â”€â”€â”€â”€â”€â”€â”€â”€â”€â”€â”€â”€â”€â”€â”€â”€â”€â”€â”€â”€â”€â”€â”€â”€â”€â”€â”€â”€â”€â”€â”€â”€â”€â”€â”€â”€â”€â”€â”€â”€â”€â”€â”€â”€â”€â”€â”€â”€â”€â”€â”€â”€â”€â”€â”€â”€â”€â”€â”€â”€â”€â”€â”€â”€â”€â”€â”€â”€â”€â”€â”€â”€â”€â”€â”€â”€
2025-01-21T10:36:41.1864190Z 
2025-01-21T10:36:41.1864190Z 
2025-01-21T10:36:41.1864200Z 
2025-01-21T10:36:41.1864240Z Transaction starting
2025-01-21T10:37:28.7359410Z 
2025-01-21T10:37:28.7425990Z Transaction finished
2025-01-21T10:37:28.7426950Z 
2025-01-21T10:37:28.7429490Z To activate this environment, use:
2025-01-21T10:37:28.7437850Z 
2025-01-21T10:37:28.7438520Z     micromamba activate tardis
2025-01-21T10:37:28.7439010Z 
2025-01-21T10:37:28.7439900Z Or to execute a single command in this environment, use:
2025-01-21T10:37:28.7440200Z 
2025-01-21T10:37:28.7440380Z     micromamba run -n tardis mycommand
2025-01-21T10:37:28.7440580Z 
2025-01-21T10:37:28.7479400Z ##[endgroup]
2025-01-21T10:37:28.7479950Z Adding environment tardis to auto-activate bash ...
2025-01-21T10:37:28.7488090Z Generating micromamba run shell.
2025-01-21T10:37:28.7626240Z ##[endgroup]
2025-01-21T10:37:28.7632710Z Set environment variables.
2025-01-21T10:37:28.7633560Z ##[group]micromamba info
2025-01-21T10:37:28.7634650Z [command]/Users/runner/micromamba-bin/micromamba info -r /Users/runner/micromamba -n tardis
2025-01-21T10:37:29.2370460Z 
2025-01-21T10:37:29.2373350Z        libmamba version : 1.5.10
2025-01-21T10:37:29.2373900Z      micromamba version : 1.5.10
2025-01-21T10:37:29.2374600Z            curl version : libcurl/8.10.1 (OpenSSL/3.3.2) SecureTransport zlib/1.3.1 zstd/1.5.6 libssh2/1.11.0 nghttp2/1.58.0
2025-01-21T10:37:29.2375230Z      libarchive version : libarchive 3.7.4 zlib/1.2.13 bz2lib/1.0.8 libzstd/1.5.6
2025-01-21T10:37:29.2375750Z        envs directories : /Users/runner/micromamba/envs
2025-01-21T10:37:29.2376210Z           package cache : /Users/runner/micromamba/pkgs
2025-01-21T10:37:29.2376580Z                           /Users/runner/.mamba/pkgs
2025-01-21T10:37:29.2376920Z             environment : tardis
2025-01-21T10:37:29.2377640Z            env location : /Users/runner/micromamba/envs/tardis
2025-01-21T10:37:29.2378290Z       user config files : /Users/runner/.mambarc
2025-01-21T10:37:29.2378930Z  populated config files : /Users/runner/work/_temp/setup-micromamba/.condarc
2025-01-21T10:37:29.2381150Z        virtual packages : __unix=0=0
2025-01-21T10:37:29.2382100Z                           __osx=14.7.2=0
2025-01-21T10:37:29.2382570Z                           __archspec=1=arm64
2025-01-21T10:37:29.2394640Z                channels : https://conda.anaconda.org/conda-forge/osx-arm64
2025-01-21T10:37:29.2395050Z                           https://conda.anaconda.org/conda-forge/noarch
2025-01-21T10:37:29.2395360Z        base environment : /Users/runner/micromamba
2025-01-21T10:37:29.2395700Z                platform : osx-arm64
2025-01-21T10:37:29.2396220Z ##[endgroup]
2025-01-21T10:37:29.2396580Z ##[group]micromamba list
2025-01-21T10:37:29.2397000Z [command]/Users/runner/micromamba-bin/micromamba list -r /Users/runner/micromamba -n tardis
2025-01-21T10:37:29.2866400Z List of packages in environment: "/Users/runner/micromamba/envs/tardis"
2025-01-21T10:37:29.2866920Z 
2025-01-21T10:37:29.2868110Z   Name                         Version     Build               Channel    
2025-01-21T10:37:29.2869620Z â”€â”€â”€â”€â”€â”€â”€â”€â”€â”€â”€â”€â”€â”€â”€â”€â”€â”€â”€â”€â”€â”€â”€â”€â”€â”€â”€â”€â”€â”€â”€â”€â”€â”€â”€â”€â”€â”€â”€â”€â”€â”€â”€â”€â”€â”€â”€â”€â”€â”€â”€â”€â”€â”€â”€â”€â”€â”€â”€â”€â”€â”€â”€â”€â”€â”€â”€â”€â”€â”€â”€â”€â”€â”€â”€â”€
2025-01-21T10:37:29.2870100Z   annotated-types              0.7.0       pyhd8ed1ab_1        conda-forge
2025-01-21T10:37:29.2870650Z   appdirs                      1.4.4       pyhd8ed1ab_1        conda-forge
2025-01-21T10:37:29.2871130Z   backports                    1.0         pyhd8ed1ab_5        conda-forge
2025-01-21T10:37:29.2871790Z   backports.tarfile            1.2.0       pyhd8ed1ab_1        conda-forge
2025-01-21T10:37:29.2873210Z   brotli-python                1.1.0       py313h3579c5c_2     conda-forge
2025-01-21T10:37:29.2873650Z   bzip2                        1.0.8       h99b78c6_7          conda-forge
2025-01-21T10:37:29.2875100Z   ca-certificates              2024.12.14  hf0a4a13_0          conda-forge
2025-01-21T10:37:29.2875510Z   cachecontrol                 0.14.2      pyha770c72_0        conda-forge
2025-01-21T10:37:29.2875930Z   cachecontrol-with-filecache  0.14.2      pyhd8ed1ab_0        conda-forge
2025-01-21T10:37:29.2876340Z   cachy                        0.3.0       pyhd8ed1ab_2        conda-forge
2025-01-21T10:37:29.2876690Z   certifi                      2024.12.14  pyhd8ed1ab_0        conda-forge
2025-01-21T10:37:29.2877090Z   charset-normalizer           3.4.1       pyhd8ed1ab_0        conda-forge
2025-01-21T10:37:29.2877510Z   click                        8.1.8       pyh707e725_0        conda-forge
2025-01-21T10:37:29.2877880Z   click-default-group          1.2.4       pyhd8ed1ab_1        conda-forge
2025-01-21T10:37:29.2878310Z   clikit                       0.6.2       pyhd8ed1ab_3        conda-forge
2025-01-21T10:37:29.2878740Z   conda-lock                   2.5.7       pyhd8ed1ab_1        conda-forge
2025-01-21T10:37:29.2879110Z   crashtest                    0.4.1       pyhd8ed1ab_1        conda-forge
2025-01-21T10:37:29.2879590Z   distlib                      0.3.9       pyhd8ed1ab_1        conda-forge
2025-01-21T10:37:29.2879960Z   ensureconda                  1.4.4       pyhd8ed1ab_1        conda-forge
2025-01-21T10:37:29.2880360Z   filelock                     3.16.1      pyhd8ed1ab_1        conda-forge
2025-01-21T10:37:29.2880740Z   gitdb                        4.0.12      pyhd8ed1ab_0        conda-forge
2025-01-21T10:37:29.2881110Z   gitpython                    3.1.44      pyhff2d567_0        conda-forge
2025-01-21T10:37:29.2881460Z   html5lib                     1.1         pyhd8ed1ab_2        conda-forge
2025-01-21T10:37:29.2881870Z   idna                         3.10        pyhd8ed1ab_1        conda-forge
2025-01-21T10:37:29.2882230Z   importlib-metadata           8.6.1       pyha770c72_0        conda-forge
2025-01-21T10:37:29.2882610Z   importlib_resources          6.5.2       pyhd8ed1ab_0        conda-forge
2025-01-21T10:37:29.2883050Z   jaraco.classes               3.4.0       pyhd8ed1ab_2        conda-forge
2025-01-21T10:37:29.2883430Z   jaraco.context               6.0.1       pyhd8ed1ab_0        conda-forge
2025-01-21T10:37:29.2883780Z   jaraco.functools             4.1.0       pyhd8ed1ab_0        conda-forge
2025-01-21T10:37:29.2884160Z   jinja2                       3.1.5       pyhd8ed1ab_0        conda-forge
2025-01-21T10:37:29.2884480Z   keyring                      25.6.0      pyh534df25_0        conda-forge
2025-01-21T10:37:29.2885200Z   libcxx                       19.1.7      ha82da77_0          conda-forge
2025-01-21T10:37:29.2885560Z   libexpat                     2.6.4       h286801f_0          conda-forge
2025-01-21T10:37:29.2885870Z   libffi                       3.4.2       h3422bc3_5          conda-forge
2025-01-21T10:37:29.2886170Z   liblzma                      5.6.3       h39f12f2_1          conda-forge
2025-01-21T10:37:29.2886520Z   libmpdec                     4.0.0       h99b78c6_0          conda-forge
2025-01-21T10:37:29.2886820Z   libsqlite                    3.48.0      h3f77e49_0          conda-forge
2025-01-21T10:37:29.2887120Z   libzlib                      1.3.1       h8359307_2          conda-forge
2025-01-21T10:37:29.2887700Z   markupsafe                   3.0.2       py313ha9b7d5b_1     conda-forge
2025-01-21T10:37:29.2888040Z   more-itertools               10.6.0      pyhd8ed1ab_0        conda-forge
2025-01-21T10:37:29.2888390Z   msgpack-python               1.1.0       py313hf9c7212_0     conda-forge
2025-01-21T10:37:29.2888750Z   ncurses                      6.5         h5e97a16_2          conda-forge
2025-01-21T10:37:29.2889050Z   openssl                      3.4.0       h81ee809_1          conda-forge
2025-01-21T10:37:29.2889360Z   packaging                    24.2        pyhd8ed1ab_2        conda-forge
2025-01-21T10:37:29.2889720Z   pastel                       0.2.1       pyhd8ed1ab_0        conda-forge
2025-01-21T10:37:29.2890030Z   pip                          24.3.1      pyh145f28c_2        conda-forge
2025-01-21T10:37:29.2890320Z   pkginfo                      1.12.0      pyhd8ed1ab_1        conda-forge
2025-01-21T10:37:29.2890700Z   platformdirs                 4.3.6       pyhd8ed1ab_1        conda-forge
2025-01-21T10:37:29.2891030Z   pydantic                     2.10.5      pyh3cfb1c2_0        conda-forge
2025-01-21T10:37:29.2891820Z   pydantic-core                2.27.2      py313hdde674f_0     conda-forge
2025-01-21T10:37:29.2892300Z   pylev                        1.4.0       pyhd8ed1ab_0        conda-forge
2025-01-21T10:37:29.2892620Z   pysocks                      1.7.1       pyha55dd90_7        conda-forge
2025-01-21T10:37:29.2892970Z   python                       3.13.1      h4f43103_105_cp313  conda-forge
2025-01-21T10:37:29.2893270Z   python_abi                   3.13        5_cp313             conda-forge
2025-01-21T10:37:29.2893570Z   pyyaml                       6.0.2       py313h20a7fcf_1     conda-forge
2025-01-21T10:37:29.2893930Z   readline                     8.2         h92ec313_1          conda-forge
2025-01-21T10:37:29.2894250Z   requests                     2.32.3      pyhd8ed1ab_1        conda-forge
2025-01-21T10:37:29.2895170Z   ruamel.yaml                  0.18.10     py313h90d716c_0     conda-forge
2025-01-21T10:37:29.2895630Z   ruamel.yaml.clib             0.2.8       py313h63a2874_1     conda-forge
2025-01-21T10:37:29.2896000Z   setuptools                   75.8.0      pyhff2d567_0        conda-forge
2025-01-21T10:37:29.2896310Z   six                          1.17.0      pyhd8ed1ab_0        conda-forge
2025-01-21T10:37:29.2896680Z   smmap                        5.0.0       pyhd8ed1ab_0        conda-forge
2025-01-21T10:37:29.2896960Z   tk                           8.6.13      h5083fa2_1          conda-forge
2025-01-21T10:37:29.2897250Z   tomli                        2.2.1       pyhd8ed1ab_1        conda-forge
2025-01-21T10:37:29.2897610Z   tomlkit                      0.13.2      pyha770c72_1        conda-forge
2025-01-21T10:37:29.2897910Z   toolz                        0.12.1      pyhd8ed1ab_0        conda-forge
2025-01-21T10:37:29.2898240Z   typing-extensions            4.12.2      hd8ed1ab_1          conda-forge
2025-01-21T10:37:29.2898650Z   typing_extensions            4.12.2      pyha770c72_1        conda-forge
2025-01-21T10:37:29.2898980Z   tzdata                       2025a       h78e105d_0          conda-forge
2025-01-21T10:37:29.2899280Z   urllib3                      1.26.19     pyhd8ed1ab_0        conda-forge
2025-01-21T10:37:29.2899970Z   virtualenv                   20.29.1     pyhd8ed1ab_0        conda-forge
2025-01-21T10:37:29.2900340Z   webencodings                 0.5.1       pyhd8ed1ab_3        conda-forge
2025-01-21T10:37:29.2900690Z   yaml                         0.2.5       h3422bc3_2          conda-forge
2025-01-21T10:37:29.2901090Z   zipp                         3.21.0      pyhd8ed1ab_1        conda-forge
2025-01-21T10:37:29.2901820Z ##[endgroup]
2025-01-21T10:37:29.3016910Z ##[group]Run conda-lock install --name tardis conda-osx-arm64.lock
2025-01-21T10:37:29.3017380Z [36;1mconda-lock install --name tardis conda-osx-arm64.lock[0m
2025-01-21T10:37:29.3179390Z shell: /bin/bash --noprofile --norc -e -o pipefail {0}
2025-01-21T10:37:29.3179930Z env:
2025-01-21T10:37:29.3180190Z   CACHE_NUMBER: 0
2025-01-21T10:37:29.3180700Z   PYTEST_FLAGS: --tardis-regression-data=/Users/runner/work/tardis/tardis/tardis-regression-data --cov=tardis --cov-report=xml --cov-report=html --cov-append
2025-01-21T10:37:29.3181330Z   CODECOV_TOKEN: 
2025-01-21T10:37:29.3181650Z   MAMBA_ROOT_PREFIX: /Users/runner/micromamba
2025-01-21T10:37:29.3181940Z   MAMBA_EXE: /Users/runner/micromamba-bin/micromamba
2025-01-21T10:37:29.3182350Z   CONDARC: /Users/runner/work/_temp/setup-micromamba/.condarc
2025-01-21T10:37:29.3182730Z ##[endgroup]
2025-01-21T10:37:29.3871420Z /Users/runner/work/_temp/8d4b9a5b-e494-4691-bd70-26652e06ac94.sh: line 1: conda-lock: command not found
2025-01-21T10:37:29.3886370Z ##[error]Process completed with exit code 127.
