2025-01-27T10:20:50.6995026Z Prepare all required actions
2025-01-27T10:20:50.6996112Z Getting action download info
2025-01-27T10:20:50.8052452Z Download action repository 'actions/cache@v4' (SHA:1bd1e32a3bdc45362d1e726936510720a7c30a57)
2025-01-27T10:20:50.9441165Z ##[group]Run ./.github/actions/setup_lfs
2025-01-27T10:20:50.9442028Z with:
2025-01-27T10:20:50.9442812Z   regression-data-repo: tardis-sn/tardis-regression-data
2025-01-27T10:20:50.9443924Z   atom-data-sparse: false
2025-01-27T10:20:50.9444672Z env:
2025-01-27T10:20:50.9445244Z   CACHE_NUMBER: 0
2025-01-27T10:20:50.9447009Z   PYTEST_FLAGS: --tardis-regression-data=/home/runner/work/tardis/tardis/tardis-regression-data --cov=tardis --cov-report=xml --cov-report=html --cov-append
2025-01-27T10:20:50.9448860Z   CODECOV_TOKEN: 
2025-01-27T10:20:50.9449487Z ##[endgroup]
2025-01-27T10:20:50.9632359Z ##[group]Run actions/checkout@v4
2025-01-27T10:20:50.9633170Z with:
2025-01-27T10:20:50.9634166Z   repository: tardis-sn/tardis-regression-data
2025-01-27T10:20:50.9635109Z   path: tardis-regression-data
2025-01-27T10:20:50.9636169Z   token: ***
2025-01-27T10:20:50.9636793Z   ssh-strict: true
2025-01-27T10:20:50.9637443Z   ssh-user: git
2025-01-27T10:20:50.9638107Z   persist-credentials: true
2025-01-27T10:20:50.9638841Z   clean: true
2025-01-27T10:20:50.9639528Z   sparse-checkout-cone-mode: true
2025-01-27T10:20:50.9640331Z   fetch-depth: 1
2025-01-27T10:20:50.9640986Z   fetch-tags: false
2025-01-27T10:20:50.9641665Z   show-progress: true
2025-01-27T10:20:50.9642346Z   lfs: false
2025-01-27T10:20:50.9642968Z   submodules: false
2025-01-27T10:20:50.9643788Z   set-safe-directory: true
2025-01-27T10:20:50.9644503Z env:
2025-01-27T10:20:50.9645074Z   CACHE_NUMBER: 0
2025-01-27T10:20:50.9646805Z   PYTEST_FLAGS: --tardis-regression-data=/home/runner/work/tardis/tardis/tardis-regression-data --cov=tardis --cov-report=xml --cov-report=html --cov-append
2025-01-27T10:20:50.9648639Z   CODECOV_TOKEN: 
2025-01-27T10:20:50.9649283Z ##[endgroup]
2025-01-27T10:20:51.0577111Z Syncing repository: tardis-sn/tardis-regression-data
2025-01-27T10:20:51.0584767Z ##[group]Getting Git version info
2025-01-27T10:20:51.0586847Z Working directory is '/home/runner/work/tardis/tardis/tardis-regression-data'
2025-01-27T10:20:51.0630902Z [command]/usr/bin/git version
2025-01-27T10:20:51.0674487Z git version 2.48.1
2025-01-27T10:20:51.0701253Z ##[endgroup]
2025-01-27T10:20:51.0716160Z Temporarily overriding HOME='/home/runner/work/_temp/32d0397b-f920-49a3-b8e8-7727373ce003' before making global git config changes
2025-01-27T10:20:51.0719704Z Adding repository directory to the temporary git global config as a safe directory
2025-01-27T10:20:51.0722969Z [command]/usr/bin/git config --global --add safe.directory /home/runner/work/tardis/tardis/tardis-regression-data
2025-01-27T10:20:51.0754991Z ##[group]Initializing the repository
2025-01-27T10:20:51.0761033Z [command]/usr/bin/git init /home/runner/work/tardis/tardis/tardis-regression-data
2025-01-27T10:20:51.0799830Z hint: Using 'master' as the name for the initial branch. This default branch name
2025-01-27T10:20:51.0802149Z hint: is subject to change. To configure the initial branch name to use in all
2025-01-27T10:20:51.0803521Z hint: of your new repositories, which will suppress this warning, call:
2025-01-27T10:20:51.0804804Z hint:
2025-01-27T10:20:51.0805528Z hint: 	git config --global init.defaultBranch <name>
2025-01-27T10:20:51.0806660Z hint:
2025-01-27T10:20:51.0807701Z hint: Names commonly chosen instead of 'master' are 'main', 'trunk' and
2025-01-27T10:20:51.0809289Z hint: 'development'. The just-created branch can be renamed via this command:
2025-01-27T10:20:51.0810363Z hint:
2025-01-27T10:20:51.0811237Z hint: 	git branch -m <name>
2025-01-27T10:20:51.0812647Z Initialized empty Git repository in /home/runner/work/tardis/tardis/tardis-regression-data/.git/
2025-01-27T10:20:51.0815664Z [command]/usr/bin/git remote add origin https://github.com/tardis-sn/tardis-regression-data
2025-01-27T10:20:51.0843055Z ##[endgroup]
2025-01-27T10:20:51.0844431Z ##[group]Disabling automatic garbage collection
2025-01-27T10:20:51.0847178Z [command]/usr/bin/git config --local gc.auto 0
2025-01-27T10:20:51.0875590Z ##[endgroup]
2025-01-27T10:20:51.0876689Z ##[group]Setting up auth
2025-01-27T10:20:51.0881075Z [command]/usr/bin/git config --local --name-only --get-regexp core\.sshCommand
2025-01-27T10:20:51.0909851Z [command]/usr/bin/git submodule foreach --recursive sh -c "git config --local --name-only --get-regexp 'core\.sshCommand' && git config --local --unset-all 'core.sshCommand' || :"
2025-01-27T10:20:51.1132987Z [command]/usr/bin/git config --local --name-only --get-regexp http\.https\:\/\/github\.com\/\.extraheader
2025-01-27T10:20:51.1163900Z [command]/usr/bin/git submodule foreach --recursive sh -c "git config --local --name-only --get-regexp 'http\.https\:\/\/github\.com\/\.extraheader' && git config --local --unset-all 'http.https://github.com/.extraheader' || :"
2025-01-27T10:20:51.1400110Z [command]/usr/bin/git config --local http.https://github.com/.extraheader AUTHORIZATION: basic ***
2025-01-27T10:20:51.1437096Z ##[endgroup]
2025-01-27T10:20:51.1438324Z ##[group]Determining the default branch
2025-01-27T10:20:51.1440152Z Retrieving the default branch name
2025-01-27T10:20:51.3664373Z Default branch 'main'
2025-01-27T10:20:51.3665827Z ##[endgroup]
2025-01-27T10:20:51.3666612Z ##[group]Fetching the repository
2025-01-27T10:20:51.3672613Z [command]/usr/bin/git -c protocol.version=2 fetch --no-tags --prune --no-recurse-submodules --depth=1 origin +refs/heads/main:refs/remotes/origin/main
2025-01-27T10:20:51.6483469Z From https://github.com/tardis-sn/tardis-regression-data
2025-01-27T10:20:51.6484705Z  * [new branch]      main       -> origin/main
2025-01-27T10:20:51.6510217Z ##[endgroup]
2025-01-27T10:20:51.6510929Z ##[group]Determining the checkout info
2025-01-27T10:20:51.6513202Z ##[endgroup]
2025-01-27T10:20:51.6518842Z [command]/usr/bin/git sparse-checkout disable
2025-01-27T10:20:51.6557390Z [command]/usr/bin/git config --local --unset-all extensions.worktreeConfig
2025-01-27T10:20:51.6585290Z ##[group]Checking out the ref
2025-01-27T10:20:51.6589612Z [command]/usr/bin/git checkout --progress --force -B main refs/remotes/origin/main
2025-01-27T10:20:52.2320888Z Switched to a new branch 'main'
2025-01-27T10:20:52.2322138Z branch 'main' set up to track 'origin/main'.
2025-01-27T10:20:52.2606942Z ##[endgroup]
2025-01-27T10:20:52.2653304Z [command]/usr/bin/git log -1 --format=%H
2025-01-27T10:20:52.2678867Z fa7729bc9c30e14b69acd641af8b692b56fcd416
2025-01-27T10:20:52.2842641Z ##[group]Run if [ "false" == "true" ]; then
2025-01-27T10:20:52.2843089Z [36;1mif [ "false" == "true" ]; then[0m
2025-01-27T10:20:52.2843438Z [36;1m  echo "Using atom data sparse checkout"[0m
2025-01-27T10:20:52.2844179Z [36;1m  echo "atom_data/kurucz_cd23_chianti_H_He.h5" > .lfs-files-list[0m
2025-01-27T10:20:52.2844556Z [36;1melse[0m
2025-01-27T10:20:52.2844817Z [36;1m  echo "Using full repository checkout"[0m
2025-01-27T10:20:52.2845222Z [36;1m  git lfs ls-files -l | cut -d' ' -f1 | sort > .lfs-files-list[0m
2025-01-27T10:20:52.2845606Z [36;1mfi[0m
2025-01-27T10:20:52.2878228Z shell: /usr/bin/bash --noprofile --norc -e -o pipefail {0}
2025-01-27T10:20:52.2878631Z env:
2025-01-27T10:20:52.2878847Z   CACHE_NUMBER: 0
2025-01-27T10:20:52.2879554Z   PYTEST_FLAGS: --tardis-regression-data=/home/runner/work/tardis/tardis/tardis-regression-data --cov=tardis --cov-report=xml --cov-report=html --cov-append
2025-01-27T10:20:52.2880273Z   CODECOV_TOKEN: 
2025-01-27T10:20:52.2880762Z ##[endgroup]
2025-01-27T10:20:52.2950577Z Using full repository checkout
2025-01-27T10:20:52.4358892Z ##[group]Run actions/cache/restore@v4
2025-01-27T10:20:52.4359234Z with:
2025-01-27T10:20:52.4359475Z   path: tardis-regression-data/.git/lfs
2025-01-27T10:20:52.4360206Z   key: tardis-regression-full-data-21f9fa4b6817cc69b9fae3598144724da7828e276a73bd17f47a2a49d9af090a-tardis-sn/tardis-regression-data-v1
2025-01-27T10:20:52.4360929Z   fail-on-cache-miss: true
2025-01-27T10:20:52.4361210Z   enableCrossOsArchive: false
2025-01-27T10:20:52.4361707Z   lookup-only: false
2025-01-27T10:20:52.4361944Z env:
2025-01-27T10:20:52.4362143Z   CACHE_NUMBER: 0
2025-01-27T10:20:52.4362834Z   PYTEST_FLAGS: --tardis-regression-data=/home/runner/work/tardis/tardis/tardis-regression-data --cov=tardis --cov-report=xml --cov-report=html --cov-append
2025-01-27T10:20:52.4363573Z   CODECOV_TOKEN: 
2025-01-27T10:20:52.4363988Z ##[endgroup]
2025-01-27T10:20:52.6600090Z ##[error]Failed to restore cache entry. Exiting as fail-on-cache-miss is set. Input key: tardis-regression-full-data-21f9fa4b6817cc69b9fae3598144724da7828e276a73bd17f47a2a49d9af090a-tardis-sn/tardis-regression-data-v1
