2025-01-10T14:02:59.5255783Z Prepare all required actions
2025-01-10T14:02:59.5256132Z Getting action download info
2025-01-10T14:02:59.6377887Z Download action repository 'mamba-org/setup-micromamba@v1' (SHA:4b9113af4fba0e9e1124b252dd6497a419e7396d)
2025-01-10T14:02:59.9807234Z ##[group]Run ./.github/actions/setup_env
2025-01-10T14:02:59.9807517Z with:
2025-01-10T14:02:59.9807706Z   os-label: linux-64
2025-01-10T14:02:59.9807895Z env:
2025-01-10T14:02:59.9808216Z   CACHE_NUMBER: 0
2025-01-10T14:02:59.9808817Z   PYTEST_FLAGS: --tardis-regression-data=/home/runner/work/tardis/tardis/tardis-regression-data --cov=tardis --cov-report=xml --cov-report=html --cov-append
2025-01-10T14:02:59.9809446Z   CODECOV_TOKEN: 
2025-01-10T14:02:59.9809623Z ##[endgroup]
2025-01-10T14:02:59.9830055Z ##[group]Run file_hash=$(cat conda-linux-64.lock | shasum -a 256 | cut -d' ' -f1)
2025-01-10T14:02:59.9830554Z [36;1mfile_hash=$(cat conda-linux-64.lock | shasum -a 256 | cut -d' ' -f1)[0m
2025-01-10T14:02:59.9830954Z [36;1mecho "file_hash=$file_hash" >> "${GITHUB_OUTPUT}"[0m
2025-01-10T14:02:59.9856712Z shell: /usr/bin/bash --noprofile --norc -e -o pipefail {0}
2025-01-10T14:02:59.9857021Z env:
2025-01-10T14:02:59.9857185Z   CACHE_NUMBER: 0
2025-01-10T14:02:59.9857778Z   PYTEST_FLAGS: --tardis-regression-data=/home/runner/work/tardis/tardis/tardis-regression-data --cov=tardis --cov-report=xml --cov-report=html --cov-append
2025-01-10T14:02:59.9858524Z   CODECOV_TOKEN: 
2025-01-10T14:02:59.9858706Z ##[endgroup]
2025-01-10T14:03:00.0156969Z ##[group]Run mamba-org/setup-micromamba@v1
2025-01-10T14:03:00.0157255Z with:
2025-01-10T14:03:00.0157449Z   environment-file: conda-linux-64.lock
2025-01-10T14:03:00.0157873Z   cache-environment-key: d7cd390425b0fd3cf82649dcc003efba9915fb4928f15d342148c3ccffcbe2ee
2025-01-10T14:03:00.0158742Z   cache-downloads-key: d7cd390425b0fd3cf82649dcc003efba9915fb4928f15d342148c3ccffcbe2ee
2025-01-10T14:03:00.0159161Z   environment-name: tardis
2025-01-10T14:03:00.0159581Z   cache-environment: true
2025-01-10T14:03:00.0159795Z   cache-downloads: true
2025-01-10T14:03:00.0160003Z env:
2025-01-10T14:03:00.0160165Z   CACHE_NUMBER: 0
2025-01-10T14:03:00.0160767Z   PYTEST_FLAGS: --tardis-regression-data=/home/runner/work/tardis/tardis/tardis-regression-data --cov=tardis --cov-report=xml --cov-report=html --cov-append
2025-01-10T14:03:00.0161407Z   CODECOV_TOKEN: 
2025-01-10T14:03:00.0161587Z ##[endgroup]
2025-01-10T14:03:00.1625045Z Will download micromamba to /home/runner/micromamba-bin/micromamba
2025-01-10T14:03:00.1636490Z ##[group]Install micromamba
2025-01-10T14:03:00.4641948Z micromamba installed to /home/runner/micromamba-bin/micromamba
2025-01-10T14:03:00.4642892Z ##[endgroup]
2025-01-10T14:03:00.4643517Z Adding conda-forge to condarc channels ...
2025-01-10T14:03:00.4655495Z ##[group]Initialize micromamba for bash.
2025-01-10T14:03:00.4671510Z [command]/home/runner/micromamba-bin/micromamba shell init -s bash -r /home/runner/micromamba --log-level warning --rc-file /home/runner/work/_temp/setup-micromamba/.condarc
2025-01-10T14:03:00.4966973Z Modifying RC file "/home/runner/.bashrc"
2025-01-10T14:03:00.4968365Z Generating config for root prefix [1m"/home/runner/micromamba"[0m
2025-01-10T14:03:00.4969488Z Setting mamba executable to: [1m"/home/runner/micromamba-bin/micromamba"[0m
2025-01-10T14:03:00.4970437Z Adding (or replacing) the following in your "/home/runner/.bashrc" file
2025-01-10T14:03:00.4971066Z 
2025-01-10T14:03:00.4971262Z # >>> mamba initialize >>>
2025-01-10T14:03:00.4971941Z # !! Contents within this block are managed by 'mamba init' !!
2025-01-10T14:03:00.4972843Z export MAMBA_EXE='/home/runner/micromamba-bin/micromamba';
2025-01-10T14:03:00.4973710Z export MAMBA_ROOT_PREFIX='/home/runner/micromamba';
2025-01-10T14:03:00.4974861Z __mamba_setup="$("$MAMBA_EXE" shell hook --shell bash --root-prefix "$MAMBA_ROOT_PREFIX" 2> /dev/null)"
2025-01-10T14:03:00.4975973Z if [ $? -eq 0 ]; then
2025-01-10T14:03:00.4976475Z     eval "$__mamba_setup"
2025-01-10T14:03:00.4976840Z else
2025-01-10T14:03:00.4977297Z     alias micromamba="$MAMBA_EXE"  # Fallback on help from mamba activate
2025-01-10T14:03:00.4978388Z fi
2025-01-10T14:03:00.4978646Z unset __mamba_setup
2025-01-10T14:03:00.4978956Z # <<< mamba initialize <<<
2025-01-10T14:03:00.4979159Z 
2025-01-10T14:03:00.4990707Z Moving mamba initialize block to .bash_profile
2025-01-10T14:03:00.5066459Z ##[endgroup]
2025-01-10T14:03:00.5068272Z ##[group]Restoring downloads from `/home/runner/micromamba/pkgs` ...
2025-01-10T14:03:01.7096793Z Received 209715200 of 356800233 (58.8%), 199.8 MBs/sec
2025-01-10T14:03:02.3929337Z Cache Size: ~340 MB (356800233 B)
2025-01-10T14:03:02.4044081Z [command]/usr/bin/tar -xf /home/runner/work/_temp/a8302225-fd4d-49b2-b33f-7d56ea1f76bb/cache.tzst -P -C /home/runner/work/tardis/tardis --use-compress-program unzstd
2025-01-10T14:03:02.7104338Z Received 356800233 of 356800233 (100.0%), 170.0 MBs/sec
2025-01-10T14:03:02.8751442Z Cache restored successfully
2025-01-10T14:03:02.9477095Z Restored cache with key `d7cd390425b0fd3cf82649dcc003efba9915fb4928f15d342148c3ccffcbe2ee-linux-64`
2025-01-10T14:03:02.9479681Z ##[endgroup]
2025-01-10T14:03:02.9490301Z ##[group]Restoring environment `tardis` from `/home/runner/micromamba/envs/tardis` ...
2025-01-10T14:03:04.0812059Z Received 213909504 of 444592193 (48.1%), 204.0 MBs/sec
2025-01-10T14:03:05.0566641Z Cache Size: ~424 MB (444592193 B)
2025-01-10T14:03:05.0605873Z [command]/usr/bin/tar -xf /home/runner/work/_temp/dfa0f19e-5b35-4d0d-92f6-8fe8fdd5dfa8/cache.tzst -P -C /home/runner/work/tardis/tardis --use-compress-program unzstd
2025-01-10T14:03:05.0817146Z Received 444592193 of 444592193 (100.0%), 211.9 MBs/sec
2025-01-10T14:03:10.1829193Z Cache restored successfully
2025-01-10T14:03:10.2688124Z Restored cache with key `d7cd390425b0fd3cf82649dcc003efba9915fb4928f15d342148c3ccffcbe2ee-linux-64-tardis-args-4f53cda-root-dcc80ee-bin-[object Promise]-file-d7cd390425b0fd3cf82649dcc003efba9915fb4928f15d342148c3ccffcbe2ee`
2025-01-10T14:03:10.2690646Z ##[endgroup]
2025-01-10T14:03:10.2691055Z Adding environment tardis to auto-activate bash ...
2025-01-10T14:03:10.2701395Z Generating micromamba run shell.
2025-01-10T14:03:10.2719272Z ##[endgroup]
2025-01-10T14:03:10.2720745Z Set environment variables.
2025-01-10T14:03:10.2728460Z ##[group]micromamba info
2025-01-10T14:03:10.2731350Z [command]/home/runner/micromamba-bin/micromamba info -r /home/runner/micromamba -n tardis
2025-01-10T14:03:10.2971345Z 
2025-01-10T14:03:10.2972385Z        libmamba version : 1.5.10
2025-01-10T14:03:10.2973137Z      micromamba version : 1.5.10
2025-01-10T14:03:10.2974072Z            curl version : libcurl/8.10.1 OpenSSL/3.3.2 zlib/1.3.1 zstd/1.5.6 libssh2/1.11.0 nghttp2/1.58.0
2025-01-10T14:03:10.2974982Z      libarchive version : libarchive 3.7.4 zlib/1.2.13 bz2lib/1.0.8 libzstd/1.5.6
2025-01-10T14:03:10.2975688Z        envs directories : /home/runner/micromamba/envs
2025-01-10T14:03:10.2976309Z           package cache : /home/runner/micromamba/pkgs
2025-01-10T14:03:10.2976873Z                           /home/runner/.mamba/pkgs
2025-01-10T14:03:10.2977345Z             environment : tardis
2025-01-10T14:03:10.2977839Z            env location : /home/runner/micromamba/envs/tardis
2025-01-10T14:03:10.2978576Z       user config files : /home/runner/.mambarc
2025-01-10T14:03:10.2979294Z  populated config files : /home/runner/work/_temp/setup-micromamba/.condarc
2025-01-10T14:03:10.2979873Z        virtual packages : __unix=0=0
2025-01-10T14:03:10.2980290Z                           __linux=6.8.0=0
2025-01-10T14:03:10.2980683Z                           __glibc=2.39=0
2025-01-10T14:03:10.2981132Z                           __archspec=1=x86_64_v3
2025-01-10T14:03:10.2981762Z                channels : https://conda.anaconda.org/conda-forge/linux-64
2025-01-10T14:03:10.2982376Z                           https://conda.anaconda.org/conda-forge/noarch
2025-01-10T14:03:10.2982891Z        base environment : /home/runner/micromamba
2025-01-10T14:03:10.2983340Z                platform : linux-64
2025-01-10T14:03:10.2992941Z ##[endgroup]
2025-01-10T14:03:10.2993923Z ##[group]micromamba list
2025-01-10T14:03:10.2995967Z [command]/home/runner/micromamba-bin/micromamba list -r /home/runner/micromamba -n tardis
2025-01-10T14:03:10.6986351Z List of packages in environment: "/home/runner/micromamba/envs/tardis"
2025-01-10T14:03:10.6987496Z 
2025-01-10T14:03:10.6988258Z   Name                           Version              Build                    Channel    
2025-01-10T14:03:10.6989608Z â”€â”€â”€â”€â”€â”€â”€â”€â”€â”€â”€â”€â”€â”€â”€â”€â”€â”€â”€â”€â”€â”€â”€â”€â”€â”€â”€â”€â”€â”€â”€â”€â”€â”€â”€â”€â”€â”€â”€â”€â”€â”€â”€â”€â”€â”€â”€â”€â”€â”€â”€â”€â”€â”€â”€â”€â”€â”€â”€â”€â”€â”€â”€â”€â”€â”€â”€â”€â”€â”€â”€â”€â”€â”€â”€â”€â”€â”€â”€â”€â”€â”€â”€â”€â”€â”€â”€â”€â”€â”€â”€â”€
2025-01-10T14:03:10.6990281Z   _libgcc_mutex                  0.1                  conda_forge              conda-forge
2025-01-10T14:03:10.6991019Z   _openmp_mutex                  4.5                  2_gnu                    conda-forge
2025-01-10T14:03:10.6991800Z   alabaster                      0.7.16               pyhd8ed1ab_0             conda-forge
2025-01-10T14:03:10.6992561Z   anyio                          4.4.0                pyhd8ed1ab_0             conda-forge
2025-01-10T14:03:10.6993451Z   argon2-cffi                    23.1.0               pyhd8ed1ab_0             conda-forge
2025-01-10T14:03:10.6994367Z   argon2-cffi-bindings           21.2.0               py312h98912ed_4          conda-forge
2025-01-10T14:03:10.6995118Z   arrow                          1.3.0                pyhd8ed1ab_0             conda-forge
2025-01-10T14:03:10.6995739Z   astropy                        6.1.1                py312h085067d_0          conda-forge
2025-01-10T14:03:10.6996329Z   astropy-iers-data              0.2024.6.17.0.31.35  pyhd8ed1ab_0             conda-forge
2025-01-10T14:03:10.6997138Z   astropy-sphinx-theme           1.1                  pyhd8ed1ab_0             conda-forge
2025-01-10T14:03:10.6997719Z   asttokens                      2.4.1                pyhd8ed1ab_0             conda-forge
2025-01-10T14:03:10.6998441Z   async-lru                      2.0.4                pyhd8ed1ab_0             conda-forge
2025-01-10T14:03:10.6999324Z   atk-1.0                        2.38.0               h04ea711_2               conda-forge
2025-01-10T14:03:10.6999686Z   attrs                          23.2.0               pyh71513ae_0             conda-forge
2025-01-10T14:03:10.7000043Z   babel                          2.14.0               pyhd8ed1ab_0             conda-forge
2025-01-10T14:03:10.7000424Z   beautifulsoup4                 4.12.3               pyha770c72_0             conda-forge
2025-01-10T14:03:10.7000802Z   bleach                         6.1.0                pyhd8ed1ab_0             conda-forge
2025-01-10T14:03:10.7001144Z   blosc                          1.21.5               hc2324a3_1               conda-forge
2025-01-10T14:03:10.7001489Z   brotli                         1.1.0                hd590300_1               conda-forge
2025-01-10T14:03:10.7001835Z   brotli-bin                     1.1.0                hd590300_1               conda-forge
2025-01-10T14:03:10.7002210Z   brotli-python                  1.1.0                py312h30efb56_1          conda-forge
2025-01-10T14:03:10.7002578Z   bzip2                          1.0.8                hd590300_5               conda-forge
2025-01-10T14:03:10.7002914Z   c-ares                         1.28.1               hd590300_0               conda-forge
2025-01-10T14:03:10.7003260Z   c-blosc2                       2.14.4               hb4ffafa_1               conda-forge
2025-01-10T14:03:10.7003649Z   ca-certificates                2024.6.2             hbcca054_0               conda-forge
2025-01-10T14:03:10.7004063Z   cached-property                1.5.2                hd8ed1ab_1               conda-forge
2025-01-10T14:03:10.7004463Z   cached_property                1.5.2                pyha770c72_1             conda-forge
2025-01-10T14:03:10.7004833Z   cairo                          1.18.0               h3faef2a_0               conda-forge
2025-01-10T14:03:10.7005190Z   certifi                        2024.6.2             pyhd8ed1ab_0             conda-forge
2025-01-10T14:03:10.7005547Z   cffi                           1.16.0               py312hf06ca03_0          conda-forge
2025-01-10T14:03:10.7006110Z   charset-normalizer             3.3.2                pyhd8ed1ab_0             conda-forge
2025-01-10T14:03:10.7006499Z   click                          8.1.7                unix_pyh707e725_0        conda-forge
2025-01-10T14:03:10.7006868Z   codespell                      2.3.0                pyhd8ed1ab_0             conda-forge
2025-01-10T14:03:10.7007232Z   colorama                       0.4.6                pyhd8ed1ab_0             conda-forge
2025-01-10T14:03:10.7007574Z   comm                           0.2.2                pyhd8ed1ab_0             conda-forge
2025-01-10T14:03:10.7008074Z   commonmark                     0.9.1                py_0                     conda-forge
2025-01-10T14:03:10.7008466Z   contourpy                      1.2.1                py312h8572e83_0          conda-forge
2025-01-10T14:03:10.7008834Z   coverage                       7.5.3                py312h9a8786e_0          conda-forge
2025-01-10T14:03:10.7009191Z   cycler                         0.12.1               pyhd8ed1ab_0             conda-forge
2025-01-10T14:03:10.7009554Z   dataclasses                    0.8                  pyhc8e2a94_3             conda-forge
2025-01-10T14:03:10.7009908Z   debugpy                        1.8.1                py312h30efb56_0          conda-forge
2025-01-10T14:03:10.7010253Z   decorator                      5.1.1                pyhd8ed1ab_0             conda-forge
2025-01-10T14:03:10.7010617Z   defusedxml                     0.7.1                pyhd8ed1ab_0             conda-forge
2025-01-10T14:03:10.7010976Z   docutils                       0.20.1               py312h7900ff3_3          conda-forge
2025-01-10T14:03:10.7011319Z   dot2tex                        2.11.3               pyhd8ed1ab_0             conda-forge
2025-01-10T14:03:10.7011683Z   entrypoints                    0.4                  pyhd8ed1ab_0             conda-forge
2025-01-10T14:03:10.7012065Z   exceptiongroup                 1.2.0                pyhd8ed1ab_2             conda-forge
2025-01-10T14:03:10.7012590Z   executing                      2.0.1                pyhd8ed1ab_0             conda-forge
2025-01-10T14:03:10.7013030Z   expat                          2.6.2                h59595ed_0               conda-forge
2025-01-10T14:03:10.7013519Z   font-ttf-dejavu-sans-mono      2.37                 hab24e00_0               conda-forge
2025-01-10T14:03:10.7014084Z   font-ttf-inconsolata           3.000                h77eed37_0               conda-forge
2025-01-10T14:03:10.7014737Z   font-ttf-source-code-pro       2.038                h77eed37_0               conda-forge
2025-01-10T14:03:10.7015262Z   font-ttf-ubuntu                0.83                 h77eed37_2               conda-forge
2025-01-10T14:03:10.7015838Z   fontconfig                     2.14.2               h14ed4e7_0               conda-forge
2025-01-10T14:03:10.7016360Z   fonts-conda-ecosystem          1                    0                        conda-forge
2025-01-10T14:03:10.7016849Z   fonts-conda-forge              1                    0                        conda-forge
2025-01-10T14:03:10.7017359Z   fonttools                      4.53.0               py312h9a8786e_0          conda-forge
2025-01-10T14:03:10.7018221Z   fqdn                           1.5.1                pyhd8ed1ab_0             conda-forge
2025-01-10T14:03:10.7018896Z   freetype                       2.12.1               h267a509_2               conda-forge
2025-01-10T14:03:10.7019767Z   fribidi                        1.0.10               h36c2ea0_0               conda-forge
2025-01-10T14:03:10.7095360Z   future                         1.0.0                pyhd8ed1ab_0             conda-forge
2025-01-10T14:03:10.7096071Z   gdk-pixbuf                     2.42.12              hb9ae30d_0               conda-forge
2025-01-10T14:03:10.7096631Z   giflib                         5.2.2                hd590300_0               conda-forge
2025-01-10T14:03:10.7097152Z   git-lfs                        3.5.1                ha770c72_0               conda-forge
2025-01-10T14:03:10.7098367Z   gmp                            6.3.0                h59595ed_1               conda-forge
2025-01-10T14:03:10.7098905Z   gmpy2                          2.1.5                py312h1d5cde6_1          conda-forge
2025-01-10T14:03:10.7099327Z   graphite2                      1.3.13               h59595ed_1003            conda-forge
2025-01-10T14:03:10.7099704Z   graphviz                       11.0.0               hc68bbd7_0               conda-forge
2025-01-10T14:03:10.7100065Z   gtk2                           2.24.33              h280cfa0_4               conda-forge
2025-01-10T14:03:10.7100396Z   gts                            0.7.6                h977cf35_4               conda-forge
2025-01-10T14:03:10.7100728Z   h11                            0.14.0               pyhd8ed1ab_0             conda-forge
2025-01-10T14:03:10.7101051Z   h2                             4.1.0                pyhd8ed1ab_0             conda-forge
2025-01-10T14:03:10.7101390Z   h5py                           3.11.0               nompi_py312hb7ab980_102  conda-forge
2025-01-10T14:03:10.7101747Z   harfbuzz                       8.5.0                hfac3d4d_0               conda-forge
2025-01-10T14:03:10.7102094Z   hdf5                           1.14.3               nompi_hdf9ad27_105       conda-forge
2025-01-10T14:03:10.7102431Z   hpack                          4.0.0                pyh9f0ad1d_0             conda-forge
2025-01-10T14:03:10.7102776Z   httpcore                       1.0.5                pyhd8ed1ab_0             conda-forge
2025-01-10T14:03:10.7103129Z   httpx                          0.27.0               pyhd8ed1ab_0             conda-forge
2025-01-10T14:03:10.7103481Z   hyperframe                     6.0.1                pyhd8ed1ab_0             conda-forge
2025-01-10T14:03:10.7103821Z   icu                            73.2                 h59595ed_0               conda-forge
2025-01-10T14:03:10.7104141Z   idna                           3.7                  pyhd8ed1ab_0             conda-forge
2025-01-10T14:03:10.7104665Z   imagesize                      1.4.1                pyhd8ed1ab_0             conda-forge
2025-01-10T14:03:10.7105061Z   importlib-metadata             7.1.0                pyha770c72_0             conda-forge
2025-01-10T14:03:10.7105486Z   importlib_metadata             7.1.0                hd8ed1ab_0               conda-forge
2025-01-10T14:03:10.7105902Z   importlib_resources            6.4.0                pyhd8ed1ab_0             conda-forge
2025-01-10T14:03:10.7106295Z   iniconfig                      2.0.0                pyhd8ed1ab_0             conda-forge
2025-01-10T14:03:10.7106660Z   ipykernel                      6.29.4               pyh3099207_0             conda-forge
2025-01-10T14:03:10.7107014Z   ipython                        8.25.0               pyh707e725_0             conda-forge
2025-01-10T14:03:10.7107386Z   ipython_genutils               0.2.0                pyhd8ed1ab_1             conda-forge
2025-01-10T14:03:10.7107777Z   ipywidgets                     7.8.0                pyhd8ed1ab_0             conda-forge
2025-01-10T14:03:10.7108370Z   isoduration                    20.11.0              pyhd8ed1ab_0             conda-forge
2025-01-10T14:03:10.7108734Z   jedi                           0.19.1               pyhd8ed1ab_0             conda-forge
2025-01-10T14:03:10.7109084Z   jinja2                         3.1.4                pyhd8ed1ab_0             conda-forge
2025-01-10T14:03:10.7109435Z   json5                          0.9.25               pyhd8ed1ab_0             conda-forge
2025-01-10T14:03:10.7109793Z   jsonpointer                    3.0.0                py312h7900ff3_0          conda-forge
2025-01-10T14:03:10.7110165Z   jsonschema                     4.22.0               pyhd8ed1ab_0             conda-forge
2025-01-10T14:03:10.7110589Z   jsonschema-specifications      2023.12.1            pyhd8ed1ab_0             conda-forge
2025-01-10T14:03:10.7111073Z   jsonschema-with-format-nongpl  4.22.0               pyhd8ed1ab_0             conda-forge
2025-01-10T14:03:10.7111638Z   jupyter-lsp                    2.2.5                pyhd8ed1ab_0             conda-forge
2025-01-10T14:03:10.7112012Z   jupyter_client                 8.6.2                pyhd8ed1ab_0             conda-forge
2025-01-10T14:03:10.7112383Z   jupyter_core                   5.7.2                py312h7900ff3_0          conda-forge
2025-01-10T14:03:10.7112750Z   jupyter_events                 0.10.0               pyhd8ed1ab_0             conda-forge
2025-01-10T14:03:10.7113135Z   jupyter_server                 2.14.1               pyhd8ed1ab_0             conda-forge
2025-01-10T14:03:10.7113545Z   jupyter_server_terminals       0.5.3                pyhd8ed1ab_0             conda-forge
2025-01-10T14:03:10.7113961Z   jupyterlab                     4.2.2                pyhd8ed1ab_0             conda-forge
2025-01-10T14:03:10.7114352Z   jupyterlab_pygments            0.3.0                pyhd8ed1ab_1             conda-forge
2025-01-10T14:03:10.7114766Z   jupyterlab_server              2.27.2               pyhd8ed1ab_0             conda-forge
2025-01-10T14:03:10.7115185Z   jupyterlab_widgets             1.1.7                pyhd8ed1ab_0             conda-forge
2025-01-10T14:03:10.7115570Z   keyutils                       1.6.1                h166bdaf_0               conda-forge
2025-01-10T14:03:10.7115924Z   kiwisolver                     1.4.5                py312h8572e83_1          conda-forge
2025-01-10T14:03:10.7116273Z   krb5                           1.21.2               h659d440_0               conda-forge
2025-01-10T14:03:10.7116614Z   latexcodec                     2.0.1                pyh9f0ad1d_0             conda-forge
2025-01-10T14:03:10.7116959Z   lcms2                          2.16                 hb7c19ff_0               conda-forge
2025-01-10T14:03:10.7117297Z   ld_impl_linux-64               2.40                 hf3520f5_7               conda-forge
2025-01-10T14:03:10.7117637Z   lerc                           4.0.0                h27087fc_0               conda-forge
2025-01-10T14:03:10.7118418Z   libaec                         1.1.3                h59595ed_0               conda-forge
2025-01-10T14:03:10.7118780Z   libblas                        3.9.0                22_linux64_openblas      conda-forge
2025-01-10T14:03:10.7119147Z   libbrotlicommon                1.1.0                hd590300_1               conda-forge
2025-01-10T14:03:10.7119530Z   libbrotlidec                   1.1.0                hd590300_1               conda-forge
2025-01-10T14:03:10.7119894Z   libbrotlienc                   1.1.0                hd590300_1               conda-forge
2025-01-10T14:03:10.7120254Z   libcblas                       3.9.0                22_linux64_openblas      conda-forge
2025-01-10T14:03:10.7120594Z   libcurl                        8.8.0                hca28451_0               conda-forge
2025-01-10T14:03:10.7120938Z   libdeflate                     1.20                 hd590300_0               conda-forge
2025-01-10T14:03:10.7121318Z   libedit                        3.1.20191231         he28a2e2_2               conda-forge
2025-01-10T14:03:10.7121672Z   libev                          4.33                 hd590300_2               conda-forge
2025-01-10T14:03:10.7122006Z   libexpat                       2.6.2                h59595ed_0               conda-forge
2025-01-10T14:03:10.7122437Z   libffi                         3.4.2                h7f98852_5               conda-forge
2025-01-10T14:03:10.7122812Z   libgcc-ng                      13.2.0               h77fa898_10              conda-forge
2025-01-10T14:03:10.7123150Z   libgd                          2.3.3                h119a65a_9               conda-forge
2025-01-10T14:03:10.7123501Z   libgfortran-ng                 13.2.0               h69a702a_10              conda-forge
2025-01-10T14:03:10.7123874Z   libgfortran5                   13.2.0               h3d2ce59_10              conda-forge
2025-01-10T14:03:10.7124235Z   libglib                        2.80.2               h8a4344b_1               conda-forge
2025-01-10T14:03:10.7124582Z   libgomp                        13.2.0               h77fa898_10              conda-forge
2025-01-10T14:03:10.7125063Z   libiconv                       1.17                 hd590300_2               conda-forge
2025-01-10T14:03:10.7125422Z   libjpeg-turbo                  3.0.0                hd590300_1               conda-forge
2025-01-10T14:03:10.7125793Z   liblapack                      3.9.0                22_linux64_openblas      conda-forge
2025-01-10T14:03:10.7126152Z   libllvm14                      14.0.6               hcd5def8_4               conda-forge
2025-01-10T14:03:10.7126516Z   libnghttp2                     1.58.0               h47da74e_1               conda-forge
2025-01-10T14:03:10.7126871Z   libnsl                         2.0.1                hd590300_0               conda-forge
2025-01-10T14:03:10.7127240Z   libopenblas                    0.3.27               pthreads_h413a1c8_0      conda-forge
2025-01-10T14:03:10.7127604Z   libpng                         1.6.43               h2797004_0               conda-forge
2025-01-10T14:03:10.7128174Z   librsvg                        2.58.1               hadf69e7_0               conda-forge
2025-01-10T14:03:10.7128542Z   libsodium                      1.0.18               h36c2ea0_1               conda-forge
2025-01-10T14:03:10.7128901Z   libsqlite                      3.46.0               hde9e2c9_0               conda-forge
2025-01-10T14:03:10.7129256Z   libssh2                        1.11.0               h0841786_0               conda-forge
2025-01-10T14:03:10.7129616Z   libstdcxx-ng                   13.2.0               hc0a3c3a_10              conda-forge
2025-01-10T14:03:10.7129974Z   libtiff                        4.6.0                h1dd3fc0_3               conda-forge
2025-01-10T14:03:10.7130313Z   libuuid                        2.38.1               h0b41bf4_0               conda-forge
2025-01-10T14:03:10.7130654Z   libwebp                        1.4.0                h2c329e2_0               conda-forge
2025-01-10T14:03:10.7131141Z   libwebp-base                   1.4.0                hd590300_0               conda-forge
2025-01-10T14:03:10.7131547Z   libxcb                         1.15                 h0b41bf4_0               conda-forge
2025-01-10T14:03:10.7131893Z   libxcrypt                      4.4.36               hd590300_1               conda-forge
2025-01-10T14:03:10.7132236Z   libxml2                        2.12.7               hc051c1a_1               conda-forge
2025-01-10T14:03:10.7132572Z   libxslt                        1.1.39               h76b75d6_0               conda-forge
2025-01-10T14:03:10.7132906Z   libzlib                        1.3.1                h4ab18f5_1               conda-forge
2025-01-10T14:03:10.7133251Z   llvmlite                       0.42.0               py312hb06c811_1          conda-forge
2025-01-10T14:03:10.7133586Z   lxml                           5.2.2                py312hb90d8a5_0          conda-forge
2025-01-10T14:03:10.7133904Z   lz4-c                          1.9.4                hcb278e6_0               conda-forge
2025-01-10T14:03:10.7134220Z   lzo                            2.10                 hd590300_1001            conda-forge
2025-01-10T14:03:10.7134551Z   markupsafe                     2.1.5                py312h98912ed_0          conda-forge
2025-01-10T14:03:10.7134927Z   matplotlib-base                3.8.4                py312h20ab3a6_2          conda-forge
2025-01-10T14:03:10.7135328Z   matplotlib-inline              0.1.7                pyhd8ed1ab_0             conda-forge
2025-01-10T14:03:10.7135712Z   mistune                        3.0.2                pyhd8ed1ab_0             conda-forge
2025-01-10T14:03:10.7136036Z   mpc                            1.3.1                hfe3b2da_0               conda-forge
2025-01-10T14:03:10.7136348Z   mpfr                           4.2.1                h9458935_1               conda-forge
2025-01-10T14:03:10.7136675Z   mpmath                         1.3.0                pyhd8ed1ab_0             conda-forge
2025-01-10T14:03:10.7137018Z   munkres                        1.1.4                pyh9f0ad1d_0             conda-forge
2025-01-10T14:03:10.7137502Z   mypy_extensions                1.0.0                pyha770c72_0             conda-forge
2025-01-10T14:03:10.7137872Z   nbclassic                      1.1.0                pyhd8ed1ab_0             conda-forge
2025-01-10T14:03:10.7138408Z   nbclient                       0.10.0               pyhd8ed1ab_0             conda-forge
2025-01-10T14:03:10.7138761Z   nbconvert                      7.16.4               hd8ed1ab_1               conda-forge
2025-01-10T14:03:10.7139133Z   nbconvert-core                 7.16.4               pyhd8ed1ab_1             conda-forge
2025-01-10T14:03:10.7139522Z   nbconvert-pandoc               7.16.4               hd8ed1ab_1               conda-forge
2025-01-10T14:03:10.7139901Z   nbformat                       5.10.4               pyhd8ed1ab_0             conda-forge
2025-01-10T14:03:10.7140259Z   nbsphinx                       0.9.4                pyhd8ed1ab_0             conda-forge
2025-01-10T14:03:10.7140602Z   ncurses                        6.5                  h59595ed_0               conda-forge
2025-01-10T14:03:10.7140946Z   nest-asyncio                   1.6.0                pyhd8ed1ab_0             conda-forge
2025-01-10T14:03:10.7141299Z   networkx                       3.3                  pyhd8ed1ab_1             conda-forge
2025-01-10T14:03:10.7141631Z   nomkl                          1.0                  h5ca1d4c_0               conda-forge
2025-01-10T14:03:10.7141962Z   notebook                       7.2.1                pyhd8ed1ab_0             conda-forge
2025-01-10T14:03:10.7142318Z   notebook-shim                  0.2.4                pyhd8ed1ab_0             conda-forge
2025-01-10T14:03:10.7142673Z   numba                          0.59.1               py312hacefee8_0          conda-forge
2025-01-10T14:03:10.7143008Z   numexpr                        2.10.0               py312hf412c99_100        conda-forge
2025-01-10T14:03:10.7143504Z   numpy                          1.26.4               py312heda63a1_0          conda-forge
2025-01-10T14:03:10.7143846Z   numpydoc                       1.7.0                pyhd8ed1ab_1             conda-forge
2025-01-10T14:03:10.7144193Z   openjpeg                       2.5.2                h488ebb8_0               conda-forge
2025-01-10T14:03:10.7144538Z   openssl                        3.3.1                h4ab18f5_0               conda-forge
2025-01-10T14:03:10.7144884Z   overrides                      7.7.0                pyhd8ed1ab_0             conda-forge
2025-01-10T14:03:10.7145239Z   packaging                      24.1                 pyhd8ed1ab_0             conda-forge
2025-01-10T14:03:10.7145586Z   pandas                         2.2.2                py312h1d6d2e6_1          conda-forge
2025-01-10T14:03:10.7145922Z   pandoc                         3.2                  ha770c72_0               conda-forge
2025-01-10T14:03:10.7146279Z   pandocfilters                  1.5.0                pyhd8ed1ab_0             conda-forge
2025-01-10T14:03:10.7146759Z   pango                          1.54.0               h84a9a3c_0               conda-forge
2025-01-10T14:03:10.7147329Z   parso                          0.8.4                pyhd8ed1ab_0             conda-forge
2025-01-10T14:03:10.7148087Z   pathspec                       0.12.1               pyhd8ed1ab_0             conda-forge
2025-01-10T14:03:10.7148605Z   pbr                            6.0.0                pyhd8ed1ab_0             conda-forge
2025-01-10T14:03:10.7149160Z   pcre2                          10.44                h0f59acf_0               conda-forge
2025-01-10T14:03:10.7149622Z   pexpect                        4.9.0                pyhd8ed1ab_0             conda-forge
2025-01-10T14:03:10.7149976Z   pickleshare                    0.7.5                py_1003                  conda-forge
2025-01-10T14:03:10.7150326Z   pillow                         10.3.0               py312hdcec9eb_0          conda-forge
2025-01-10T14:03:10.7150665Z   pip                            24.0                 pyhd8ed1ab_0             conda-forge
2025-01-10T14:03:10.7151134Z   pixman                         0.43.2               h59595ed_0               conda-forge
2025-01-10T14:03:10.7151520Z   pkgutil-resolve-name           1.3.10               pyhd8ed1ab_1             conda-forge
2025-01-10T14:03:10.7151924Z   platformdirs                   4.2.2                pyhd8ed1ab_0             conda-forge
2025-01-10T14:03:10.7152288Z   plotly                         5.22.0               pyhd8ed1ab_0             conda-forge
2025-01-10T14:03:10.7152628Z   pluggy                         1.5.0                pyhd8ed1ab_0             conda-forge
2025-01-10T14:03:10.7153002Z   prometheus_client              0.20.0               pyhd8ed1ab_0             conda-forge
2025-01-10T14:03:10.7153396Z   prompt-toolkit                 3.0.47               pyha770c72_0             conda-forge
2025-01-10T14:03:10.7153763Z   psutil                         5.9.8                py312h98912ed_0          conda-forge
2025-01-10T14:03:10.7154128Z   pthread-stubs                  0.4                  h36c2ea0_1001            conda-forge
2025-01-10T14:03:10.7154516Z   ptyprocess                     0.7.0                pyhd3deb0d_0             conda-forge
2025-01-10T14:03:10.7154875Z   pure_eval                      0.2.2                pyhd8ed1ab_0             conda-forge
2025-01-10T14:03:10.7155229Z   py-cpuinfo                     9.0.0                pyhd8ed1ab_0             conda-forge
2025-01-10T14:03:10.7155580Z   pybtex                         0.24.0               pyhd8ed1ab_2             conda-forge
2025-01-10T14:03:10.7155951Z   pybtex-docutils                1.0.3                py312h7900ff3_1          conda-forge
2025-01-10T14:03:10.7156331Z   pycparser                      2.22                 pyhd8ed1ab_0             conda-forge
2025-01-10T14:03:10.7156679Z   pyerfa                         2.0.1.4              py312h085067d_1          conda-forge
2025-01-10T14:03:10.7157151Z   pygments                       2.18.0               pyhd8ed1ab_0             conda-forge
2025-01-10T14:03:10.7157529Z   pygraphviz                     1.13                 py312h4a1d8a7_1          conda-forge
2025-01-10T14:03:10.7157897Z   pyparsing                      3.1.2                pyhd8ed1ab_0             conda-forge
2025-01-10T14:03:10.7158537Z   pysocks                        1.7.1                pyha2e5f31_6             conda-forge
2025-01-10T14:03:10.7158890Z   pytables                       3.9.2                py312h96d95ec_2          conda-forge
2025-01-10T14:03:10.7159236Z   pytest                         8.2.2                pyhd8ed1ab_0             conda-forge
2025-01-10T14:03:10.7159588Z   pytest-cov                     5.0.0                pyhd8ed1ab_0             conda-forge
2025-01-10T14:03:10.7159987Z   pytest-doctestplus             1.2.1                pyhd8ed1ab_0             conda-forge
2025-01-10T14:03:10.7160383Z   pytest-html                    4.1.1                pyhd8ed1ab_0             conda-forge
2025-01-10T14:03:10.7160777Z   pytest-metadata                3.1.1                pyhd8ed1ab_0             conda-forge
2025-01-10T14:03:10.7161149Z   python                         3.12.4               h194c7f8_0_cpython       conda-forge
2025-01-10T14:03:10.7161521Z   python-dateutil                2.9.0                pyhd8ed1ab_0             conda-forge
2025-01-10T14:03:10.7161938Z   python-fastjsonschema          2.20.0               pyhd8ed1ab_0             conda-forge
2025-01-10T14:03:10.7162362Z   python-json-logger             2.0.7                pyhd8ed1ab_0             conda-forge
2025-01-10T14:03:10.7162762Z   python-tzdata                  2024.1               pyhd8ed1ab_0             conda-forge
2025-01-10T14:03:10.7163131Z   python_abi                     3.12                 4_cp312                  conda-forge
2025-01-10T14:03:10.7163474Z   pytz                           2024.1               pyhd8ed1ab_0             conda-forge
2025-01-10T14:03:10.7163816Z   pyyaml                         6.0.1                py312h98912ed_1          conda-forge
2025-01-10T14:03:10.7164278Z   pyzmq                          26.0.3               py312h8fd38d8_0          conda-forge
2025-01-10T14:03:10.7164608Z   qgrid                          1.3.1                pyhd8ed1ab_4             conda-forge
2025-01-10T14:03:10.7164978Z   radioactivedecay               0.5.1                pyhd8ed1ab_0             conda-forge
2025-01-10T14:03:10.7165357Z   readline                       8.2                  h8228510_1               conda-forge
2025-01-10T14:03:10.7165714Z   recommonmark                   0.7.1                pyhd8ed1ab_0             conda-forge
2025-01-10T14:03:10.7166082Z   referencing                    0.35.1               pyhd8ed1ab_0             conda-forge
2025-01-10T14:03:10.7166441Z   requests                       2.32.3               pyhd8ed1ab_0             conda-forge
2025-01-10T14:03:10.7166820Z   rfc3339-validator              0.1.4                pyhd8ed1ab_0             conda-forge
2025-01-10T14:03:10.7167229Z   rfc3986-validator              0.1.1                pyh9f0ad1d_0             conda-forge
2025-01-10T14:03:10.7167604Z   rpds-py                        0.18.1               py312h4413252_0          conda-forge
2025-01-10T14:03:10.7168133Z   ruff                           0.4.9                py312h5715c7c_0          conda-forge
2025-01-10T14:03:10.7168470Z   scipy                          1.13.1               py312hc2bc53b_0          conda-forge
2025-01-10T14:03:10.7168817Z   send2trash                     1.8.3                pyh0d859eb_0             conda-forge
2025-01-10T14:03:10.7169177Z   setuptools                     70.0.0               pyhd8ed1ab_0             conda-forge
2025-01-10T14:03:10.7169550Z   setuptools-scm                 8.1.0                pyhd8ed1ab_0             conda-forge
2025-01-10T14:03:10.7169930Z   setuptools_scm                 8.1.0                hd8ed1ab_0               conda-forge
2025-01-10T14:03:10.7170415Z   six                            1.16.0               pyh6c4a22f_0             conda-forge
2025-01-10T14:03:10.7170752Z   snakeviz                       2.2.0                pyhd8ed1ab_0             conda-forge
2025-01-10T14:03:10.7171098Z   snappy                         1.2.0                hdb0a2a9_1               conda-forge
2025-01-10T14:03:10.7171439Z   sniffio                        1.3.1                pyhd8ed1ab_0             conda-forge
2025-01-10T14:03:10.7171812Z   snowballstemmer                2.2.0                pyhd8ed1ab_0             conda-forge
2025-01-10T14:03:10.7172189Z   soupsieve                      2.5                  pyhd8ed1ab_1             conda-forge
2025-01-10T14:03:10.7172577Z   sphinx                         7.3.7                pyhd8ed1ab_0             conda-forge
2025-01-10T14:03:10.7172943Z   sphinx-astropy                 1.9.1                pyhd8ed1ab_0             conda-forge
2025-01-10T14:03:10.7173350Z   sphinx-automodapi              0.17.0               pyh717bed2_1             conda-forge
2025-01-10T14:03:10.7173759Z   sphinx-gallery                 0.16.0               pyhd8ed1ab_0             conda-forge
2025-01-10T14:03:10.7174163Z   sphinx-jsonschema              1.19.1               pyhd8ed1ab_0             conda-forge
2025-01-10T14:03:10.7174580Z   sphinx_bootstrap_theme         0.8.1                pyhd8ed1ab_0             conda-forge
2025-01-10T14:03:10.7174984Z   sphinx_rtd_theme               2.0.0                pyha770c72_0             conda-forge
2025-01-10T14:03:10.7175389Z   sphinxcontrib-apidoc           0.3.0                py_1                     conda-forge
2025-01-10T14:03:10.7175836Z   sphinxcontrib-applehelp        1.0.8                pyhd8ed1ab_0             conda-forge
2025-01-10T14:03:10.7176275Z   sphinxcontrib-bibtex           2.6.2                pyhd8ed1ab_0             conda-forge
2025-01-10T14:03:10.7176706Z   sphinxcontrib-devhelp          1.0.6                pyhd8ed1ab_0             conda-forge
2025-01-10T14:03:10.7177155Z   sphinxcontrib-htmlhelp         2.0.5                pyhd8ed1ab_0             conda-forge
2025-01-10T14:03:10.7177716Z   sphinxcontrib-jquery           4.1                  pyhd8ed1ab_0             conda-forge
2025-01-10T14:03:10.7178322Z   sphinxcontrib-jsmath           1.0.1                pyhd8ed1ab_0             conda-forge
2025-01-10T14:03:10.7178756Z   sphinxcontrib-qthelp           1.0.7                pyhd8ed1ab_0             conda-forge
2025-01-10T14:03:10.7179225Z   sphinxcontrib-serializinghtml  1.1.10               pyhd8ed1ab_0             conda-forge
2025-01-10T14:03:10.7179652Z   stack_data                     0.6.2                pyhd8ed1ab_0             conda-forge
2025-01-10T14:03:10.7179999Z   sympy                          1.12.1               pypyh2585a3b_103         conda-forge
2025-01-10T14:03:10.7180343Z   tabulate                       0.9.0                pyhd8ed1ab_1             conda-forge
2025-01-10T14:03:10.7180693Z   tenacity                       8.4.1                pyhd8ed1ab_0             conda-forge
2025-01-10T14:03:10.7181051Z   terminado                      0.18.1               pyh0d859eb_0             conda-forge
2025-01-10T14:03:10.7181414Z   tinycss2                       1.3.0                pyhd8ed1ab_0             conda-forge
2025-01-10T14:03:10.7181752Z   tk                             8.6.13               noxft_h4845f30_101       conda-forge
2025-01-10T14:03:10.7182073Z   toml                           0.10.2               pyhd8ed1ab_0             conda-forge
2025-01-10T14:03:10.7182398Z   tomli                          2.0.1                pyhd8ed1ab_0             conda-forge
2025-01-10T14:03:10.7182733Z   tornado                        6.4.1                py312h9a8786e_0          conda-forge
2025-01-10T14:03:10.7183066Z   tqdm                           4.66.4               pyhd8ed1ab_0             conda-forge
2025-01-10T14:03:10.7183409Z   traitlets                      5.14.3               pyhd8ed1ab_0             conda-forge
2025-01-10T14:03:10.7183763Z   typed-ast                      1.5.5                py312h98912ed_1          conda-forge
2025-01-10T14:03:10.7184313Z   types-python-dateutil          2.9.0.20240316       pyhd8ed1ab_0             conda-forge
2025-01-10T14:03:10.7184754Z   typing-extensions              4.12.2               hd8ed1ab_0               conda-forge
2025-01-10T14:03:10.7185161Z   typing_extensions              4.12.2               pyha770c72_0             conda-forge
2025-01-10T14:03:10.7185547Z   typing_utils                   0.1.0                pyhd8ed1ab_0             conda-forge
2025-01-10T14:03:10.7185904Z   tzdata                         2024a                h0c530f3_0               conda-forge
2025-01-10T14:03:10.7186262Z   uri-template                   1.3.0                pyhd8ed1ab_0             conda-forge
2025-01-10T14:03:10.7186633Z   urllib3                        2.2.2                pyhd8ed1ab_0             conda-forge
2025-01-10T14:03:10.7186982Z   wcwidth                        0.2.13               pyhd8ed1ab_0             conda-forge
2025-01-10T14:03:10.7187343Z   webcolors                      24.6.0               pyhd8ed1ab_0             conda-forge
2025-01-10T14:03:10.7187719Z   webencodings                   0.5.1                pyhd8ed1ab_2             conda-forge
2025-01-10T14:03:10.7188268Z   websocket-client               1.8.0                pyhd8ed1ab_0             conda-forge
2025-01-10T14:03:10.7188641Z   wheel                          0.43.0               pyhd8ed1ab_1             conda-forge
2025-01-10T14:03:10.7189017Z   widgetsnbextension             3.6.6                pyhd8ed1ab_0             conda-forge
2025-01-10T14:03:10.7189411Z   xorg-kbproto                   1.0.7                h7f98852_1002            conda-forge
2025-01-10T14:03:10.7189779Z   xorg-libice                    1.1.1                hd590300_0               conda-forge
2025-01-10T14:03:10.7190136Z   xorg-libsm                     1.2.4                h7391055_0               conda-forge
2025-01-10T14:03:10.7190490Z   xorg-libx11                    1.8.9                h8ee46fc_0               conda-forge
2025-01-10T14:03:10.7191017Z   xorg-libxau                    1.0.11               hd590300_0               conda-forge
2025-01-10T14:03:10.7191379Z   xorg-libxdmcp                  1.1.3                h7f98852_0               conda-forge
2025-01-10T14:03:10.7191746Z   xorg-libxext                   1.3.4                h0b41bf4_2               conda-forge
2025-01-10T14:03:10.7192127Z   xorg-libxrender                0.9.11               hd590300_0               conda-forge
2025-01-10T14:03:10.7192516Z   xorg-renderproto               0.11.1               h7f98852_1002            conda-forge
2025-01-10T14:03:10.7192904Z   xorg-xextproto                 7.3.0                h0b41bf4_1003            conda-forge
2025-01-10T14:03:10.7193274Z   xorg-xproto                    7.0.31               h7f98852_1007            conda-forge
2025-01-10T14:03:10.7193609Z   xz                             5.2.6                h166bdaf_0               conda-forge
2025-01-10T14:03:10.7193922Z   yaml                           0.2.5                h7f98852_2               conda-forge
2025-01-10T14:03:10.7194248Z   zeromq                         4.3.5                h75354e8_4               conda-forge
2025-01-10T14:03:10.7194578Z   zipp                           3.19.2               pyhd8ed1ab_0             conda-forge
2025-01-10T14:03:10.7194917Z   zlib                           1.3.1                h4ab18f5_1               conda-forge
2025-01-10T14:03:10.7195236Z   zlib-ng                        2.0.7                h0b41bf4_0               conda-forge
2025-01-10T14:03:10.7195560Z   zstd                           1.5.6                ha6fb4c9_0               conda-forge
2025-01-10T14:03:10.7196129Z ##[endgroup]
