2025-02-28T11:43:08.6908310Z Requested labels: macos-latest
2025-02-28T11:43:08.6908667Z Job defined at: tardis-sn/tardis/.github/workflows/tests.yml@refs/pull/2999/merge
2025-02-28T11:43:08.6908808Z Waiting for a runner to pick up this job...
2025-02-28T11:43:08.9363571Z Job is waiting for a hosted runner to come online.
2025-02-28T11:43:12.4103204Z Job is about to start running on the hosted runner: GitHub Actions 53 (hosted)
2025-02-28T11:43:13.8872220Z Current runner version: '2.322.0'
2025-02-28T11:43:13.8890240Z ##[group]Operating System
2025-02-28T11:43:13.8890740Z macOS
2025-02-28T11:43:13.8891050Z 14.7.2
2025-02-28T11:43:13.8891350Z 23H311
2025-02-28T11:43:13.8891640Z ##[endgroup]
2025-02-28T11:43:13.8891960Z ##[group]Runner Image
2025-02-28T11:43:13.8892310Z Image: macos-14-arm64
2025-02-28T11:43:13.8892650Z Version: 20250120.774
2025-02-28T11:43:13.8893350Z Included Software: https://github.com/actions/runner-images/blob/macos-14-arm64/20250120.774/images/macos/macos-14-arm64-Readme.md
2025-02-28T11:43:13.8894310Z Image Release: https://github.com/actions/runner-images/releases/tag/macos-14-arm64%2F20250120.774
2025-02-28T11:43:13.8894910Z ##[endgroup]
2025-02-28T11:43:13.8895240Z ##[group]Runner Image Provisioner
2025-02-28T11:43:13.8895660Z 2.0.422.1+55c30c14fe2a0a1547db1b656933ae07d97649a9
2025-02-28T11:43:13.8896080Z ##[endgroup]
2025-02-28T11:43:13.8897530Z ##[group]GITHUB_TOKEN Permissions
2025-02-28T11:43:13.8898960Z Actions: write
2025-02-28T11:43:13.8899320Z Attestations: write
2025-02-28T11:43:13.8899650Z Checks: write
2025-02-28T11:43:13.8900160Z Contents: write
2025-02-28T11:43:13.8900510Z Deployments: write
2025-02-28T11:43:13.8900850Z Discussions: write
2025-02-28T11:43:13.8901180Z Issues: write
2025-02-28T11:43:13.8901500Z Metadata: read
2025-02-28T11:43:13.8901830Z Packages: write
2025-02-28T11:43:13.8902150Z Pages: write
2025-02-28T11:43:13.8902500Z PullRequests: write
2025-02-28T11:43:13.8902840Z RepositoryProjects: write
2025-02-28T11:43:13.8903210Z SecurityEvents: write
2025-02-28T11:43:13.8903570Z Statuses: write
2025-02-28T11:43:13.8903890Z ##[endgroup]
2025-02-28T11:43:13.8905940Z Secret source: Actions
2025-02-28T11:43:13.8906440Z Prepare workflow directory
2025-02-28T11:43:13.9271960Z Prepare all required actions
2025-02-28T11:43:13.9297650Z Getting action download info
2025-02-28T11:43:14.1112510Z Download action repository 'actions/checkout@v4' (SHA:11bd71901bbe5b1630ceea73d27597364c9af683)
2025-02-28T11:43:14.5393050Z Download action repository 'actions/upload-artifact@v4' (SHA:4cec3d8aa04e39d1a68397de0c4cd6fb9dce8ec1)
2025-02-28T11:43:15.7687620Z Complete job name: not continuum macos-latest 
2025-02-28T11:43:15.8523620Z ##[group]Run actions/checkout@v4
2025-02-28T11:43:15.8526850Z with:
2025-02-28T11:43:15.8528350Z   repository: tardis-sn/tardis
2025-02-28T11:43:15.8530730Z   token: ***
2025-02-28T11:43:15.8532050Z   ssh-strict: true
2025-02-28T11:43:15.8533530Z   ssh-user: git
2025-02-28T11:43:15.8535210Z   persist-credentials: true
2025-02-28T11:43:15.8536870Z   clean: true
2025-02-28T11:43:15.8538310Z   sparse-checkout-cone-mode: true
2025-02-28T11:43:15.8539890Z   fetch-depth: 1
2025-02-28T11:43:15.8540660Z   fetch-tags: false
2025-02-28T11:43:15.8541290Z   show-progress: true
2025-02-28T11:43:15.8541900Z   lfs: false
2025-02-28T11:43:15.8542460Z   submodules: false
2025-02-28T11:43:15.8543070Z   set-safe-directory: true
2025-02-28T11:43:15.8544510Z env:
2025-02-28T11:43:15.8545060Z   CACHE_NUMBER: 0
2025-02-28T11:43:15.8546730Z   PYTEST_FLAGS: --tardis-regression-data=/Users/runner/work/tardis/tardis/tardis-regression-data --cov=tardis --cov-report=xml --cov-report=html --cov-append
2025-02-28T11:43:15.8548850Z   CODECOV_TOKEN: ***
2025-02-28T11:43:15.8549450Z ##[endgroup]
2025-02-28T11:43:16.5274450Z Syncing repository: tardis-sn/tardis
2025-02-28T11:43:16.5277890Z ##[group]Getting Git version info
2025-02-28T11:43:16.5278940Z Working directory is '/Users/runner/work/tardis/tardis'
2025-02-28T11:43:16.5578200Z [command]/opt/homebrew/bin/git version
2025-02-28T11:43:16.6135660Z git version 2.48.1
2025-02-28T11:43:16.6166210Z ##[endgroup]
2025-02-28T11:43:16.6173740Z Copying '/Users/runner/.gitconfig' to '/Users/runner/work/_temp/a4ee2ee4-276f-4687-98f7-18e409523287/.gitconfig'
2025-02-28T11:43:16.6180290Z Temporarily overriding HOME='/Users/runner/work/_temp/a4ee2ee4-276f-4687-98f7-18e409523287' before making global git config changes
2025-02-28T11:43:16.6182110Z Adding repository directory to the temporary git global config as a safe directory
2025-02-28T11:43:16.6184140Z [command]/opt/homebrew/bin/git config --global --add safe.directory /Users/runner/work/tardis/tardis
2025-02-28T11:43:16.6295980Z Deleting the contents of '/Users/runner/work/tardis/tardis'
2025-02-28T11:43:16.6304040Z ##[group]Initializing the repository
2025-02-28T11:43:16.6308550Z [command]/opt/homebrew/bin/git init /Users/runner/work/tardis/tardis
2025-02-28T11:43:16.6497880Z hint: Using 'master' as the name for the initial branch. This default branch name
2025-02-28T11:43:16.6499290Z hint: is subject to change. To configure the initial branch name to use in all
2025-02-28T11:43:16.6500500Z hint: of your new repositories, which will suppress this warning, call:
2025-02-28T11:43:16.6501420Z hint:
2025-02-28T11:43:16.6502070Z hint: 	git config --global init.defaultBranch <name>
2025-02-28T11:43:16.6502870Z hint:
2025-02-28T11:43:16.6503620Z hint: Names commonly chosen instead of 'master' are 'main', 'trunk' and
2025-02-28T11:43:16.6504820Z hint: 'development'. The just-created branch can be renamed via this command:
2025-02-28T11:43:16.6505810Z hint:
2025-02-28T11:43:16.6506350Z hint: 	git branch -m <name>
2025-02-28T11:43:16.6507270Z Initialized empty Git repository in /Users/runner/work/tardis/tardis/.git/
2025-02-28T11:43:16.6509620Z [command]/opt/homebrew/bin/git remote add origin https://github.com/tardis-sn/tardis
2025-02-28T11:43:16.6572130Z ##[endgroup]
2025-02-28T11:43:16.6573370Z ##[group]Disabling automatic garbage collection
2025-02-28T11:43:16.6614360Z [command]/opt/homebrew/bin/git config --local gc.auto 0
2025-02-28T11:43:16.6715720Z ##[endgroup]
2025-02-28T11:43:16.6718030Z ##[group]Setting up auth
2025-02-28T11:43:16.6725230Z [command]/opt/homebrew/bin/git config --local --name-only --get-regexp core\.sshCommand
2025-02-28T11:43:16.6895500Z [command]/opt/homebrew/bin/git submodule foreach --recursive sh -c "git config --local --name-only --get-regexp 'core\.sshCommand' && git config --local --unset-all 'core.sshCommand' || :"
2025-02-28T11:43:16.9113820Z [command]/opt/homebrew/bin/git config --local --name-only --get-regexp http\.https\:\/\/github\.com\/\.extraheader
2025-02-28T11:43:16.9158610Z [command]/opt/homebrew/bin/git submodule foreach --recursive sh -c "git config --local --name-only --get-regexp 'http\.https\:\/\/github\.com\/\.extraheader' && git config --local --unset-all 'http.https://github.com/.extraheader' || :"
2025-02-28T11:43:16.9731170Z [command]/opt/homebrew/bin/git config --local http.https://github.com/.extraheader AUTHORIZATION: basic ***
2025-02-28T11:43:16.9914950Z ##[endgroup]
2025-02-28T11:43:16.9916180Z ##[group]Fetching the repository
2025-02-28T11:43:16.9923020Z [command]/opt/homebrew/bin/git -c protocol.version=2 fetch --no-tags --prune --no-recurse-submodules --depth=1 origin +87ed9ef0e3eb19c133ed44691a512147914aeca6:refs/remotes/pull/2999/merge
2025-02-28T11:43:18.8453850Z From https://github.com/tardis-sn/tardis
2025-02-28T11:43:18.8454720Z  * [new ref]         87ed9ef0e3eb19c133ed44691a512147914aeca6 -> pull/2999/merge
2025-02-28T11:43:18.8512440Z ##[endgroup]
2025-02-28T11:43:18.8512890Z ##[group]Determining the checkout info
2025-02-28T11:43:18.8513320Z ##[endgroup]
2025-02-28T11:43:18.8517440Z [command]/opt/homebrew/bin/git sparse-checkout disable
2025-02-28T11:43:18.8637160Z [command]/opt/homebrew/bin/git config --local --unset-all extensions.worktreeConfig
2025-02-28T11:43:18.8788260Z ##[group]Checking out the ref
2025-02-28T11:43:18.8790510Z [command]/opt/homebrew/bin/git checkout --progress --force refs/remotes/pull/2999/merge
2025-02-28T11:43:19.1905700Z HEAD is now at 87ed9ef Merge 87f4f9d4c9dcca4a368937aacd6aa49ec5135680 into a51af908c6403099d3162da0bf4b0fbaca439cac
2025-02-28T11:43:19.1920610Z ##[endgroup]
2025-02-28T11:43:19.1993380Z [command]/opt/homebrew/bin/git log -1 --format=%H
2025-02-28T11:43:19.2042860Z 87ed9ef0e3eb19c133ed44691a512147914aeca6
2025-02-28T11:43:19.2252460Z Prepare all required actions
2025-02-28T11:43:19.2253100Z Getting action download info
2025-02-28T11:43:19.4583150Z Download action repository 'actions/cache@v4' (SHA:d4323d4df104b026a6aa633fdb11d772146be0bf)
2025-02-28T11:43:20.9836900Z ##[group]Run ./.github/actions/setup_lfs
2025-02-28T11:43:20.9837130Z with:
2025-02-28T11:43:20.9837320Z   regression-data-repo: tardis-sn/tardis-regression-data
2025-02-28T11:43:20.9837550Z   atom-data-sparse: false
2025-02-28T11:43:20.9837710Z env:
2025-02-28T11:43:20.9837820Z   CACHE_NUMBER: 0
2025-02-28T11:43:20.9838300Z   PYTEST_FLAGS: --tardis-regression-data=/Users/runner/work/tardis/tardis/tardis-regression-data --cov=tardis --cov-report=xml --cov-report=html --cov-append
2025-02-28T11:43:20.9839010Z   CODECOV_TOKEN: ***
2025-02-28T11:43:20.9839160Z ##[endgroup]
2025-02-28T11:43:20.9953800Z ##[group]Run actions/checkout@v4
2025-02-28T11:43:20.9954040Z with:
2025-02-28T11:43:20.9954220Z   repository: tardis-sn/tardis-regression-data
2025-02-28T11:43:20.9954500Z   path: tardis-regression-data
2025-02-28T11:43:20.9954690Z   lfs: false
2025-02-28T11:43:20.9954990Z   token: ***
2025-02-28T11:43:20.9955140Z   ssh-strict: true
2025-02-28T11:43:20.9955290Z   ssh-user: git
2025-02-28T11:43:20.9955440Z   persist-credentials: true
2025-02-28T11:43:20.9955610Z   clean: true
2025-02-28T11:43:20.9955770Z   sparse-checkout-cone-mode: true
2025-02-28T11:43:20.9955950Z   fetch-depth: 1
2025-02-28T11:43:20.9956100Z   fetch-tags: false
2025-02-28T11:43:20.9956260Z   show-progress: true
2025-02-28T11:43:20.9956410Z   submodules: false
2025-02-28T11:43:20.9956560Z   set-safe-directory: true
2025-02-28T11:43:20.9956720Z env:
2025-02-28T11:43:20.9956840Z   CACHE_NUMBER: 0
2025-02-28T11:43:20.9957320Z   PYTEST_FLAGS: --tardis-regression-data=/Users/runner/work/tardis/tardis/tardis-regression-data --cov=tardis --cov-report=xml --cov-report=html --cov-append
2025-02-28T11:43:20.9957890Z   CODECOV_TOKEN: ***
2025-02-28T11:43:20.9958040Z ##[endgroup]
2025-02-28T11:43:21.0907930Z Syncing repository: tardis-sn/tardis-regression-data
2025-02-28T11:43:21.0910620Z ##[group]Getting Git version info
2025-02-28T11:43:21.0911010Z Working directory is '/Users/runner/work/tardis/tardis/tardis-regression-data'
2025-02-28T11:43:21.0950800Z [command]/opt/homebrew/bin/git version
2025-02-28T11:43:21.1000320Z git version 2.48.1
2025-02-28T11:43:21.1014160Z ##[endgroup]
2025-02-28T11:43:21.1019310Z Copying '/Users/runner/.gitconfig' to '/Users/runner/work/_temp/b15a6851-7a40-4a0c-bc41-17c0826c1f37/.gitconfig'
2025-02-28T11:43:21.1025380Z Temporarily overriding HOME='/Users/runner/work/_temp/b15a6851-7a40-4a0c-bc41-17c0826c1f37' before making global git config changes
2025-02-28T11:43:21.1026110Z Adding repository directory to the temporary git global config as a safe directory
2025-02-28T11:43:21.1028320Z [command]/opt/homebrew/bin/git config --global --add safe.directory /Users/runner/work/tardis/tardis/tardis-regression-data
2025-02-28T11:43:21.1080140Z ##[group]Initializing the repository
2025-02-28T11:43:21.1080570Z [command]/opt/homebrew/bin/git init /Users/runner/work/tardis/tardis/tardis-regression-data
2025-02-28T11:43:21.1139470Z hint: Using 'master' as the name for the initial branch. This default branch name
2025-02-28T11:43:21.1140150Z hint: is subject to change. To configure the initial branch name to use in all
2025-02-28T11:43:21.1140680Z hint: of your new repositories, which will suppress this warning, call:
2025-02-28T11:43:21.1141370Z hint:
2025-02-28T11:43:21.1141960Z hint: 	git config --global init.defaultBranch <name>
2025-02-28T11:43:21.1142200Z hint:
2025-02-28T11:43:21.1142450Z hint: Names commonly chosen instead of 'master' are 'main', 'trunk' and
2025-02-28T11:43:21.1142840Z hint: 'development'. The just-created branch can be renamed via this command:
2025-02-28T11:43:21.1143140Z hint:
2025-02-28T11:43:21.1143310Z hint: 	git branch -m <name>
2025-02-28T11:43:21.1143670Z Initialized empty Git repository in /Users/runner/work/tardis/tardis/tardis-regression-data/.git/
2025-02-28T11:43:21.1147970Z [command]/opt/homebrew/bin/git remote add origin https://github.com/tardis-sn/tardis-regression-data
2025-02-28T11:43:21.1188020Z ##[endgroup]
2025-02-28T11:43:21.1188600Z ##[group]Disabling automatic garbage collection
2025-02-28T11:43:21.1190570Z [command]/opt/homebrew/bin/git config --local gc.auto 0
2025-02-28T11:43:21.1228160Z ##[endgroup]
2025-02-28T11:43:21.1228440Z ##[group]Setting up auth
2025-02-28T11:43:21.1232170Z [command]/opt/homebrew/bin/git config --local --name-only --get-regexp core\.sshCommand
2025-02-28T11:43:21.1310930Z [command]/opt/homebrew/bin/git submodule foreach --recursive sh -c "git config --local --name-only --get-regexp 'core\.sshCommand' && git config --local --unset-all 'core.sshCommand' || :"
2025-02-28T11:43:21.1805610Z [command]/opt/homebrew/bin/git config --local --name-only --get-regexp http\.https\:\/\/github\.com\/\.extraheader
2025-02-28T11:43:21.1849770Z [command]/opt/homebrew/bin/git submodule foreach --recursive sh -c "git config --local --name-only --get-regexp 'http\.https\:\/\/github\.com\/\.extraheader' && git config --local --unset-all 'http.https://github.com/.extraheader' || :"
2025-02-28T11:43:21.2293820Z [command]/opt/homebrew/bin/git config --local http.https://github.com/.extraheader AUTHORIZATION: basic ***
2025-02-28T11:43:21.2338050Z ##[endgroup]
2025-02-28T11:43:21.2338380Z ##[group]Determining the default branch
2025-02-28T11:43:21.2339650Z Retrieving the default branch name
2025-02-28T11:43:21.6589450Z Default branch 'main'
2025-02-28T11:43:21.6590510Z ##[endgroup]
2025-02-28T11:43:21.6590980Z ##[group]Fetching the repository
2025-02-28T11:43:21.6594230Z [command]/opt/homebrew/bin/git -c protocol.version=2 fetch --no-tags --prune --no-recurse-submodules --depth=1 origin +refs/heads/main:refs/remotes/origin/main
2025-02-28T11:43:22.6400640Z From https://github.com/tardis-sn/tardis-regression-data
2025-02-28T11:43:22.6410890Z  * [new branch]      main       -> origin/main
2025-02-28T11:43:22.6546490Z ##[endgroup]
2025-02-28T11:43:22.6602060Z ##[group]Determining the checkout info
2025-02-28T11:43:22.6663370Z ##[endgroup]
2025-02-28T11:43:22.6667940Z [command]/opt/homebrew/bin/git sparse-checkout disable
2025-02-28T11:43:22.6698610Z [command]/opt/homebrew/bin/git config --local --unset-all extensions.worktreeConfig
2025-02-28T11:43:22.6699840Z ##[group]Checking out the ref
2025-02-28T11:43:22.6700280Z [command]/opt/homebrew/bin/git checkout --progress --force -B main refs/remotes/origin/main
2025-02-28T11:43:22.9419430Z Switched to a new branch 'main'
2025-02-28T11:43:22.9421400Z branch 'main' set up to track 'origin/main'.
2025-02-28T11:43:23.0045880Z ##[endgroup]
2025-02-28T11:43:23.0096160Z [command]/opt/homebrew/bin/git log -1 --format=%H
2025-02-28T11:43:23.0129730Z b2fdf418ac1a3631f8c3d2a5f392b6ebfa09ba0b
2025-02-28T11:43:23.0231680Z ##[group]Run if [ "false" == "true" ]; then
2025-02-28T11:43:23.0231970Z [36;1mif [ "false" == "true" ]; then[0m
2025-02-28T11:43:23.0232190Z [36;1m  echo "Using atom data sparse checkout"[0m
2025-02-28T11:43:23.0232500Z [36;1m  echo "atom_data/kurucz_cd23_chianti_H_He.h5" > .lfs-files-list[0m
2025-02-28T11:43:23.0232800Z [36;1melse[0m
2025-02-28T11:43:23.0233050Z [36;1m  echo "Using full repository checkout"[0m
2025-02-28T11:43:23.0233400Z [36;1m  git lfs ls-files -l | cut -d' ' -f1 | sort > .lfs-files-list[0m
2025-02-28T11:43:23.0233650Z [36;1mfi[0m
2025-02-28T11:43:23.0299590Z shell: /bin/bash --noprofile --norc -e -o pipefail {0}
2025-02-28T11:43:23.0299850Z env:
2025-02-28T11:43:23.0300040Z   CACHE_NUMBER: 0
2025-02-28T11:43:23.0300560Z   PYTEST_FLAGS: --tardis-regression-data=/Users/runner/work/tardis/tardis/tardis-regression-data --cov=tardis --cov-report=xml --cov-report=html --cov-append
2025-02-28T11:43:23.0301450Z   CODECOV_TOKEN: ***
2025-02-28T11:43:23.0301730Z ##[endgroup]
2025-02-28T11:43:23.0540800Z Using full repository checkout
2025-02-28T11:43:23.2649250Z ##[group]Run actions/cache/restore@v4
2025-02-28T11:43:23.2649490Z with:
2025-02-28T11:43:23.2649910Z   path: tardis-regression-data/.git/lfs
2025-02-28T11:43:23.2650420Z   key: tardis-regression-full-data-6e3f921411cf0a4e16018f0781785ab8728ab151c8f95ea20b0c8e8609b9a332-tardis-sn/tardis-regression-data-v1
2025-02-28T11:43:23.2652570Z   fail-on-cache-miss: true
2025-02-28T11:43:23.2652790Z   enableCrossOsArchive: false
2025-02-28T11:43:23.2652980Z   lookup-only: false
2025-02-28T11:43:23.2653210Z env:
2025-02-28T11:43:23.2653340Z   CACHE_NUMBER: 0
2025-02-28T11:43:23.2653830Z   PYTEST_FLAGS: --tardis-regression-data=/Users/runner/work/tardis/tardis/tardis-regression-data --cov=tardis --cov-report=xml --cov-report=html --cov-append
2025-02-28T11:43:23.2654560Z   CODECOV_TOKEN: ***
2025-02-28T11:43:23.2654720Z ##[endgroup]
2025-02-28T11:43:23.6195870Z Cache hit for: tardis-regression-full-data-6e3f921411cf0a4e16018f0781785ab8728ab151c8f95ea20b0c8e8609b9a332-tardis-sn/tardis-regression-data-v1
2025-02-28T11:43:24.7598290Z Received 54525952 of 2160718086 (2.5%), 51.8 MBs/sec
2025-02-28T11:43:25.7607890Z Received 138412032 of 2160718086 (6.4%), 65.8 MBs/sec
2025-02-28T11:43:26.7632790Z Received 268435456 of 2160718086 (12.4%), 85.2 MBs/sec
2025-02-28T11:43:27.7621260Z Received 381681664 of 2160718086 (17.7%), 90.9 MBs/sec
2025-02-28T11:43:28.7621040Z Received 432013312 of 2160718086 (20.0%), 82.3 MBs/sec
2025-02-28T11:43:29.7625640Z Received 511705088 of 2160718086 (23.7%), 81.2 MBs/sec
2025-02-28T11:43:30.7639440Z Received 591396864 of 2160718086 (27.4%), 80.5 MBs/sec
2025-02-28T11:43:31.7639360Z Received 666894336 of 2160718086 (30.9%), 79.4 MBs/sec
2025-02-28T11:43:32.7648220Z Received 713031680 of 2160718086 (33.0%), 75.5 MBs/sec
2025-02-28T11:43:33.7665790Z Received 796917760 of 2160718086 (36.9%), 75.9 MBs/sec
2025-02-28T11:43:34.7669850Z Received 847249408 of 2160718086 (39.2%), 73.4 MBs/sec
2025-02-28T11:43:35.7879930Z Received 939524096 of 2160718086 (43.5%), 74.5 MBs/sec
2025-02-28T11:43:36.7887770Z Received 1027604480 of 2160718086 (47.6%), 75.2 MBs/sec
2025-02-28T11:43:37.7916440Z Received 1077936128 of 2160718086 (49.9%), 73.2 MBs/sec
2025-02-28T11:43:38.8014320Z Received 1161822208 of 2160718086 (53.8%), 73.7 MBs/sec
2025-02-28T11:43:39.7993200Z Received 1203765248 of 2160718086 (55.7%), 71.6 MBs/sec
2025-02-28T11:43:40.8005740Z Received 1241513984 of 2160718086 (57.5%), 69.5 MBs/sec
2025-02-28T11:43:41.8058960Z Received 1317011456 of 2160718086 (61.0%), 69.6 MBs/sec
2025-02-28T11:43:42.8053550Z Received 1363148800 of 2160718086 (63.1%), 68.2 MBs/sec
2025-02-28T11:43:43.8080080Z Received 1417674752 of 2160718086 (65.6%), 67.4 MBs/sec
2025-02-28T11:43:44.8145740Z Received 1476395008 of 2160718086 (68.3%), 66.9 MBs/sec
2025-02-28T11:43:45.8142450Z Received 1543503872 of 2160718086 (71.4%), 66.7 MBs/sec
2025-02-28T11:43:46.8117410Z Received 1602224128 of 2160718086 (74.2%), 66.3 MBs/sec
2025-02-28T11:43:47.8189900Z Received 1623195648 of 2160718086 (75.1%), 64.3 MBs/sec
2025-02-28T11:43:48.8292270Z Received 1719664640 of 2160718086 (79.6%), 65.4 MBs/sec
2025-02-28T11:43:49.8208030Z Received 1744830464 of 2160718086 (80.8%), 63.8 MBs/sec
2025-02-28T11:43:50.8213180Z Received 1811939328 of 2160718086 (83.9%), 63.8 MBs/sec
2025-02-28T11:43:51.8987880Z Received 1879048192 of 2160718086 (87.0%), 63.7 MBs/sec
2025-02-28T11:43:52.8963600Z Received 1946157056 of 2160718086 (90.1%), 63.7 MBs/sec
2025-02-28T11:43:53.8972520Z Received 2017460224 of 2160718086 (93.4%), 63.8 MBs/sec
2025-02-28T11:43:54.8967620Z Received 2122317824 of 2160718086 (98.2%), 65.0 MBs/sec
2025-02-28T11:43:55.6121750Z Received 2160718086 of 2160718086 (100.0%), 64.7 MBs/sec
2025-02-28T11:43:55.6203160Z Cache Size: ~2061 MB (2160718086 B)
2025-02-28T11:43:55.6247810Z [command]/opt/homebrew/bin/gtar -xf /Users/runner/work/_temp/673d1252-83af-4d05-8571-3ae73c0e13d7/cache.tzst -P -C /Users/runner/work/tardis/tardis --delay-directory-restore --use-compress-program unzstd
2025-02-28T11:44:04.9212660Z Cache restored successfully
2025-02-28T11:44:05.0365570Z Cache restored from key: tardis-regression-full-data-6e3f921411cf0a4e16018f0781785ab8728ab151c8f95ea20b0c8e8609b9a332-tardis-sn/tardis-regression-data-v1
2025-02-28T11:44:05.0529890Z ##[group]Run git lfs checkout
2025-02-28T11:44:05.0530340Z [36;1mgit lfs checkout[0m
2025-02-28T11:44:05.0655910Z shell: /bin/bash --noprofile --norc -e -o pipefail {0}
2025-02-28T11:44:05.0656280Z env:
2025-02-28T11:44:05.0656630Z   CACHE_NUMBER: 0
2025-02-28T11:44:05.0657210Z   PYTEST_FLAGS: --tardis-regression-data=/Users/runner/work/tardis/tardis/tardis-regression-data --cov=tardis --cov-report=xml --cov-report=html --cov-append
2025-02-28T11:44:05.0658570Z   CODECOV_TOKEN: ***
2025-02-28T11:44:05.0658860Z ##[endgroup]
2025-02-28T11:44:17.7524250Z Checking out LFS objects: 100% (204/204), 5.7 GB | 387 MB/s, done.
2025-02-28T11:44:28.7885460Z Prepare all required actions
2025-02-28T11:44:28.7886110Z Getting action download info
2025-02-28T11:44:28.9419270Z Download action repository 'mamba-org/setup-micromamba@v1' (SHA:4b9113af4fba0e9e1124b252dd6497a419e7396d)
2025-02-28T11:44:30.0923080Z ##[group]Run ./.github/actions/setup_env
2025-02-28T11:44:30.0923340Z with:
2025-02-28T11:44:30.0923490Z   os-label: osx-arm64
2025-02-28T11:44:30.0923830Z env:
2025-02-28T11:44:30.0924010Z   CACHE_NUMBER: 0
2025-02-28T11:44:30.0924640Z   PYTEST_FLAGS: --tardis-regression-data=/Users/runner/work/tardis/tardis/tardis-regression-data --cov=tardis --cov-report=xml --cov-report=html --cov-append
2025-02-28T11:44:30.0925350Z   CODECOV_TOKEN: ***
2025-02-28T11:44:30.0925580Z ##[endgroup]
2025-02-28T11:44:30.0947730Z ##[group]Run file_hash=$(cat conda-osx-arm64.lock | shasum -a 256 | cut -d' ' -f1)
2025-02-28T11:44:30.0948180Z [36;1mfile_hash=$(cat conda-osx-arm64.lock | shasum -a 256 | cut -d' ' -f1)[0m
2025-02-28T11:44:30.0948760Z [36;1mecho "file_hash=tardis-conda-env-osx-arm64-${file_hash}-v1" >> "${GITHUB_OUTPUT}"[0m
2025-02-28T11:44:30.1007450Z shell: /bin/bash --noprofile --norc -e -o pipefail {0}
2025-02-28T11:44:30.1007730Z env:
2025-02-28T11:44:30.1007910Z   CACHE_NUMBER: 0
2025-02-28T11:44:30.1008420Z   PYTEST_FLAGS: --tardis-regression-data=/Users/runner/work/tardis/tardis/tardis-regression-data --cov=tardis --cov-report=xml --cov-report=html --cov-append
2025-02-28T11:44:30.1009150Z   CODECOV_TOKEN: ***
2025-02-28T11:44:30.1009360Z ##[endgroup]
2025-02-28T11:44:30.2300960Z ##[group]Run mamba-org/setup-micromamba@v1
2025-02-28T11:44:30.2301170Z with:
2025-02-28T11:44:30.2301320Z   environment-file: conda-osx-arm64.lock
2025-02-28T11:44:30.2301750Z   cache-environment-key: tardis-conda-env-osx-arm64-354e2cc8bd515676980814f312c10753c2dc4a43f483398b98b444c582fdd35f-v1
2025-02-28T11:44:30.2302360Z   cache-downloads-key: tardis-conda-env-osx-arm64-354e2cc8bd515676980814f312c10753c2dc4a43f483398b98b444c582fdd35f-v1
2025-02-28T11:44:30.2302780Z   environment-name: tardis
2025-02-28T11:44:30.2302960Z   cache-environment: true
2025-02-28T11:44:30.2303120Z   cache-downloads: true
2025-02-28T11:44:30.2303290Z env:
2025-02-28T11:44:30.2303420Z   CACHE_NUMBER: 0
2025-02-28T11:44:30.2303900Z   PYTEST_FLAGS: --tardis-regression-data=/Users/runner/work/tardis/tardis/tardis-regression-data --cov=tardis --cov-report=xml --cov-report=html --cov-append
2025-02-28T11:44:30.2304480Z   CODECOV_TOKEN: ***
2025-02-28T11:44:30.2304640Z ##[endgroup]
2025-02-28T11:44:30.5283150Z Will download micromamba to /Users/runner/micromamba-bin/micromamba
2025-02-28T11:44:30.5287580Z ##[group]Install micromamba
2025-02-28T11:44:31.1913360Z micromamba installed to /Users/runner/micromamba-bin/micromamba
2025-02-28T11:44:31.1913820Z ##[endgroup]
2025-02-28T11:44:31.1914110Z Adding conda-forge to condarc channels ...
2025-02-28T11:44:31.1996040Z ##[group]Initialize micromamba for bash.
2025-02-28T11:44:31.2004930Z [command]/Users/runner/micromamba-bin/micromamba shell init -s bash -r /Users/runner/micromamba --log-level warning --rc-file /Users/runner/work/_temp/setup-micromamba/.condarc
2025-02-28T11:44:31.2378060Z Modifying RC file "/Users/runner/.bash_profile"
2025-02-28T11:44:31.2382440Z Generating config for root prefix [1m"/Users/runner/micromamba"[0m
2025-02-28T11:44:31.2383060Z Setting mamba executable to: [1m"/Users/runner/micromamba-bin/micromamba"[0m
2025-02-28T11:44:31.2383470Z Adding (or replacing) the following in your "/Users/runner/.bash_profile" file
2025-02-28T11:44:31.2386880Z 
2025-02-28T11:44:31.2386960Z # >>> mamba initialize >>>
2025-02-28T11:44:31.2387250Z # !! Contents within this block are managed by 'mamba init' !!
2025-02-28T11:44:31.2387580Z export MAMBA_EXE='/Users/runner/micromamba-bin/micromamba';
2025-02-28T11:44:31.2387880Z export MAMBA_ROOT_PREFIX='/Users/runner/micromamba';
2025-02-28T11:44:31.2388330Z __mamba_setup="$("$MAMBA_EXE" shell hook --shell bash --root-prefix "$MAMBA_ROOT_PREFIX" 2> /dev/null)"
2025-02-28T11:44:31.2389110Z if [ $? -eq 0 ]; then
2025-02-28T11:44:31.2389310Z     eval "$__mamba_setup"
2025-02-28T11:44:31.2389480Z else
2025-02-28T11:44:31.2389710Z     alias micromamba="$MAMBA_EXE"  # Fallback on help from mamba activate
2025-02-28T11:44:31.2389980Z fi
2025-02-28T11:44:31.2390120Z unset __mamba_setup
2025-02-28T11:44:31.2390280Z # <<< mamba initialize <<<
2025-02-28T11:44:31.2390390Z 
2025-02-28T11:44:31.2390670Z ##[endgroup]
2025-02-28T11:44:31.2391140Z ##[group]Restoring downloads from `/Users/runner/micromamba/pkgs` ...
2025-02-28T11:44:32.6126280Z Received 83886080 of 310631401 (27.0%), 79.9 MBs/sec
2025-02-28T11:44:33.6139190Z Received 209715200 of 310631401 (67.5%), 99.9 MBs/sec
2025-02-28T11:44:34.6244820Z Received 302242793 of 310631401 (97.3%), 95.8 MBs/sec
2025-02-28T11:44:34.9135400Z Cache Size: ~296 MB (310631401 B)
2025-02-28T11:44:34.9164530Z [command]/opt/homebrew/bin/gtar -xf /Users/runner/work/_temp/3163507f-2ff7-4eba-ba67-403c3b8fcdea/cache.tzst -P -C /Users/runner/work/tardis/tardis --delay-directory-restore --use-compress-program unzstd
2025-02-28T11:44:35.6333670Z Received 310631401 of 310631401 (100.0%), 73.7 MBs/sec
2025-02-28T11:44:36.1178080Z Cache restored successfully
2025-02-28T11:44:36.1215140Z Restored cache with key `tardis-conda-env-osx-arm64-354e2cc8bd515676980814f312c10753c2dc4a43f483398b98b444c582fdd35f-v1-osx-arm64`
2025-02-28T11:44:36.1216840Z ##[endgroup]
2025-02-28T11:44:36.1435860Z ##[group]Restoring environment `tardis` from `/Users/runner/micromamba/envs/tardis` ...
2025-02-28T11:44:37.3873700Z Received 41943040 of 385953952 (10.9%), 40.0 MBs/sec
2025-02-28T11:44:38.3874100Z Received 209715200 of 385953952 (54.3%), 100.0 MBs/sec
2025-02-28T11:44:39.3894580Z Received 310378496 of 385953952 (80.4%), 98.6 MBs/sec
2025-02-28T11:44:40.0625620Z Cache Size: ~368 MB (385953952 B)
2025-02-28T11:44:40.0686210Z [command]/opt/homebrew/bin/gtar -xf /Users/runner/work/_temp/266cae6f-4138-4830-a4ee-72310a7d3ebc/cache.tzst -P -C /Users/runner/work/tardis/tardis --delay-directory-restore --use-compress-program unzstd
2025-02-28T11:44:40.3884100Z Received 385953952 of 385953952 (100.0%), 91.9 MBs/sec
2025-02-28T11:44:54.9033050Z Cache restored successfully
2025-02-28T11:44:54.9146970Z Restored cache with key `tardis-conda-env-osx-arm64-354e2cc8bd515676980814f312c10753c2dc4a43f483398b98b444c582fdd35f-v1-osx-arm64-tardis-args-4f53cda-root-873f6fe-bin-[object Promise]-file-354e2cc8bd515676980814f312c10753c2dc4a43f483398b98b444c582fdd35f`
2025-02-28T11:44:54.9255550Z ##[endgroup]
2025-02-28T11:44:54.9357600Z Adding environment tardis to auto-activate bash ...
2025-02-28T11:44:54.9519000Z Generating micromamba run shell.
2025-02-28T11:44:54.9596940Z ##[endgroup]
2025-02-28T11:44:54.9597910Z Set environment variables.
2025-02-28T11:44:54.9598890Z ##[group]micromamba info
2025-02-28T11:44:54.9600160Z [command]/Users/runner/micromamba-bin/micromamba info -r /Users/runner/micromamba -n tardis
2025-02-28T11:44:55.4004290Z 
2025-02-28T11:44:55.4018880Z        libmamba version : 1.5.10
2025-02-28T11:44:55.4119370Z      micromamba version : 1.5.10
2025-02-28T11:44:55.4220630Z            curl version : libcurl/8.10.1 (OpenSSL/3.3.2) SecureTransport zlib/1.3.1 zstd/1.5.6 libssh2/1.11.0 nghttp2/1.58.0
2025-02-28T11:44:55.4221520Z      libarchive version : libarchive 3.7.4 zlib/1.2.13 bz2lib/1.0.8 libzstd/1.5.6
2025-02-28T11:44:55.4222270Z        envs directories : /Users/runner/micromamba/envs
2025-02-28T11:44:55.4224080Z           package cache : /Users/runner/micromamba/pkgs
2025-02-28T11:44:55.4402430Z                           /Users/runner/.mamba/pkgs
2025-02-28T11:44:55.4402900Z             environment : tardis
2025-02-28T11:44:55.4403300Z            env location : /Users/runner/micromamba/envs/tardis
2025-02-28T11:44:55.4403700Z       user config files : /Users/runner/.mambarc
2025-02-28T11:44:55.4404130Z  populated config files : /Users/runner/work/_temp/setup-micromamba/.condarc
2025-02-28T11:44:55.4404590Z        virtual packages : __unix=0=0
2025-02-28T11:44:55.4404880Z                           __osx=14.7.2=0
2025-02-28T11:44:55.4411280Z                           __archspec=1=arm64
2025-02-28T11:44:55.4413050Z                channels : https://conda.anaconda.org/conda-forge/osx-arm64
2025-02-28T11:44:55.4414010Z                           https://conda.anaconda.org/conda-forge/noarch
2025-02-28T11:44:55.4414510Z        base environment : /Users/runner/micromamba
2025-02-28T11:44:55.4414840Z                platform : osx-arm64
2025-02-28T11:44:55.4415660Z ##[endgroup]
2025-02-28T11:44:55.4416050Z ##[group]micromamba list
2025-02-28T11:44:55.4416780Z [command]/Users/runner/micromamba-bin/micromamba list -r /Users/runner/micromamba -n tardis
2025-02-28T11:44:55.7561450Z List of packages in environment: "/Users/runner/micromamba/envs/tardis"
2025-02-28T11:44:55.7561980Z 
2025-02-28T11:44:55.7562270Z   Name                           Version              Build                    Channel    
2025-02-28T11:44:55.7566440Z ────────────────────────────────────────────────────────────────────────────────────────────
2025-02-28T11:44:55.7567050Z   alabaster                      0.7.16               pyhd8ed1ab_0             conda-forge
2025-02-28T11:44:55.7568330Z   anyio                          4.4.0                pyhd8ed1ab_0             conda-forge
2025-02-28T11:44:55.7568810Z   appnope                        0.1.4                pyhd8ed1ab_1             conda-forge
2025-02-28T11:44:55.7569190Z   argon2-cffi                    23.1.0               pyhd8ed1ab_1             conda-forge
2025-02-28T11:44:55.7569740Z   argon2-cffi-bindings           21.2.0               py312h024a12e_5          conda-forge
2025-02-28T11:44:55.7570130Z   arrow                          1.3.0                pyhd8ed1ab_1             conda-forge
2025-02-28T11:44:55.7570570Z   astropy                        6.1.1                py312hbebd99a_1          conda-forge
2025-02-28T11:44:55.7571040Z   astropy-iers-data              0.2024.6.17.0.31.35  pyhd8ed1ab_0             conda-forge
2025-02-28T11:44:55.7571470Z   astropy-sphinx-theme           1.1                  pyhd8ed1ab_1             conda-forge
2025-02-28T11:44:55.7571920Z   asttokens                      2.4.1                pyhd8ed1ab_0             conda-forge
2025-02-28T11:44:55.7572290Z   async-lru                      2.0.4                pyhd8ed1ab_1             conda-forge
2025-02-28T11:44:55.7572730Z   atk-1.0                        2.38.0               hd03087b_2               conda-forge
2025-02-28T11:44:55.7573680Z   attrs                          23.2.0               pyh71513ae_0             conda-forge
2025-02-28T11:44:55.7574380Z   babel                          2.14.0               pyhd8ed1ab_0             conda-forge
2025-02-28T11:44:55.7574950Z   beautifulsoup4                 4.12.3               pyha770c72_1             conda-forge
2025-02-28T11:44:55.7575360Z   bleach                         6.1.0                pyhd8ed1ab_0             conda-forge
2025-02-28T11:44:55.7575840Z   blosc                          1.21.6               h7dd00d9_1               conda-forge
2025-02-28T11:44:55.7576260Z   brotli                         1.1.0                hd74edd7_2               conda-forge
2025-02-28T11:44:55.7576830Z   brotli-bin                     1.1.0                hd74edd7_2               conda-forge
2025-02-28T11:44:55.7577360Z   brotli-python                  1.1.0                py312hde4cb15_2          conda-forge
2025-02-28T11:44:55.7577910Z   bzip2                          1.0.8                h99b78c6_7               conda-forge
2025-02-28T11:44:55.7578930Z   c-ares                         1.28.1               h93a5062_0               conda-forge
2025-02-28T11:44:55.7579970Z   c-blosc2                       2.15.2               h9cbb436_1               conda-forge
2025-02-28T11:44:55.7580420Z   ca-certificates                2024.12.14           hf0a4a13_0               conda-forge
2025-02-28T11:44:55.7614180Z   cached-property                1.5.2                hd8ed1ab_1               conda-forge
2025-02-28T11:44:55.7615180Z   cached_property                1.5.2                pyha770c72_1             conda-forge
2025-02-28T11:44:55.7615510Z   cairo                          1.18.0               hc6c324b_2               conda-forge
2025-02-28T11:44:55.7615910Z   certifi                        2024.12.14           pyhd8ed1ab_0             conda-forge
2025-02-28T11:44:55.7616300Z   cffi                           1.16.0               py312h8e38eb3_0          conda-forge
2025-02-28T11:44:55.7616770Z   charset-normalizer             3.3.2                pyhd8ed1ab_0             conda-forge
2025-02-28T11:44:55.7617100Z   click                          8.1.7                unix_pyh707e725_1        conda-forge
2025-02-28T11:44:55.7617510Z   codespell                      2.3.0                pyhd8ed1ab_1             conda-forge
2025-02-28T11:44:55.7617960Z   colorama                       0.4.6                pyhd8ed1ab_1             conda-forge
2025-02-28T11:44:55.7618300Z   comm                           0.2.2                pyhd8ed1ab_1             conda-forge
2025-02-28T11:44:55.7618670Z   commonmark                     0.9.1                py_0                     conda-forge
2025-02-28T11:44:55.7619100Z   contourpy                      1.2.1                py312h0fef576_0          conda-forge
2025-02-28T11:44:55.7619460Z   coverage                       7.5.3                py312h7e5086c_0          conda-forge
2025-02-28T11:44:55.7619880Z   cycler                         0.12.1               pyhd8ed1ab_1             conda-forge
2025-02-28T11:44:55.7620290Z   dataclasses                    0.8                  pyhc8e2a94_3             conda-forge
2025-02-28T11:44:55.7620650Z   debugpy                        1.8.1                py312h20a0b95_0          conda-forge
2025-02-28T11:44:55.7621080Z   decorator                      5.1.1                pyhd8ed1ab_1             conda-forge
2025-02-28T11:44:55.7621440Z   defusedxml                     0.7.1                pyhd8ed1ab_0             conda-forge
2025-02-28T11:44:55.7621750Z   docutils                       0.20.1               py312h81bd7bf_3          conda-forge
2025-02-28T11:44:55.7622060Z   dot2tex                        2.11.3               pyhd8ed1ab_1             conda-forge
2025-02-28T11:44:55.7622490Z   entrypoints                    0.4                  pyhd8ed1ab_1             conda-forge
2025-02-28T11:44:55.7622940Z   exceptiongroup                 1.2.0                pyhd8ed1ab_2             conda-forge
2025-02-28T11:44:55.7623310Z   executing                      2.0.1                pyhd8ed1ab_0             conda-forge
2025-02-28T11:44:55.7623660Z   expat                          2.6.2                hebf3989_0               conda-forge
2025-02-28T11:44:55.7624070Z   font-ttf-dejavu-sans-mono      2.37                 hab24e00_0               conda-forge
2025-02-28T11:44:55.7624570Z   font-ttf-inconsolata           3.000                h77eed37_0               conda-forge
2025-02-28T11:44:55.7624990Z   font-ttf-source-code-pro       2.038                h77eed37_0               conda-forge
2025-02-28T11:44:55.7625440Z   font-ttf-ubuntu                0.83                 h77eed37_3               conda-forge
2025-02-28T11:44:55.7625830Z   fontconfig                     2.14.2               h82840c6_0               conda-forge
2025-02-28T11:44:55.7626230Z   fonts-conda-ecosystem          1                    0                        conda-forge
2025-02-28T11:44:55.7626670Z   fonts-conda-forge              1                    0                        conda-forge
2025-02-28T11:44:55.7627060Z   fonttools                      4.53.0               py312h7e5086c_0          conda-forge
2025-02-28T11:44:55.7628680Z   fqdn                           1.5.1                pyhd8ed1ab_1             conda-forge
2025-02-28T11:44:55.7629060Z   freetype                       2.12.1               hadb7bae_2               conda-forge
2025-02-28T11:44:55.7629500Z   fribidi                        1.0.10               h27ca646_0               conda-forge
2025-02-28T11:44:55.7630040Z   future                         1.0.0                pyhd8ed1ab_1             conda-forge
2025-02-28T11:44:55.7630400Z   gdk-pixbuf                     2.42.12              h7ddc832_0               conda-forge
2025-02-28T11:44:55.7630820Z   gettext                        0.22.5               h8414b35_3               conda-forge
2025-02-28T11:44:55.7631440Z   gettext-tools                  0.22.5               h8414b35_3               conda-forge
2025-02-28T11:44:55.7632070Z   giflib                         5.2.2                h93a5062_0               conda-forge
2025-02-28T11:44:55.7632370Z   git-lfs                        3.5.1                h40ddcf5_1               conda-forge
2025-02-28T11:44:55.7632650Z   gmp                            6.3.0                h7bae524_2               conda-forge
2025-02-28T11:44:55.7632920Z   gmpy2                          2.1.5                py312h524cf62_3          conda-forge
2025-02-28T11:44:55.7633220Z   graphite2                      1.3.13               hebf3989_1003            conda-forge
2025-02-28T11:44:55.7633530Z   graphviz                       11.0.0               h9bb9bc9_0               conda-forge
2025-02-28T11:44:55.7633820Z   gtk2                           2.24.33              h7895bb2_4               conda-forge
2025-02-28T11:44:55.7634100Z   gts                            0.7.6                he42f4ea_4               conda-forge
2025-02-28T11:44:55.7634370Z   h11                            0.14.0               pyhd8ed1ab_1             conda-forge
2025-02-28T11:44:55.7634640Z   h2                             4.1.0                pyhd8ed1ab_1             conda-forge
2025-02-28T11:44:55.7635020Z   h5py                           3.11.0               nompi_py312h3cd0824_103  conda-forge
2025-02-28T11:44:55.7635310Z   harfbuzz                       8.5.0                h1836168_0               conda-forge
2025-02-28T11:44:55.7635620Z   hdf5                           1.14.3               nompi_hec07895_105       conda-forge
2025-02-28T11:44:55.7636000Z   hpack                          4.0.0                pyhd8ed1ab_1             conda-forge
2025-02-28T11:44:55.7636470Z   httpcore                       1.0.5                pyhd8ed1ab_0             conda-forge
2025-02-28T11:44:55.7636930Z   httpx                          0.27.0               pyhd8ed1ab_0             conda-forge
2025-02-28T11:44:55.7637330Z   hyperframe                     6.0.1                pyhd8ed1ab_1             conda-forge
2025-02-28T11:44:55.7637760Z   icu                            73.2                 hc8870d7_0               conda-forge
2025-02-28T11:44:55.7638040Z   idna                           3.7                  pyhd8ed1ab_0             conda-forge
2025-02-28T11:44:55.7639870Z   imagesize                      1.4.1                pyhd8ed1ab_0             conda-forge
2025-02-28T11:44:55.7640350Z   importlib-metadata             7.1.0                pyha770c72_0             conda-forge
2025-02-28T11:44:55.7640870Z   importlib_metadata             7.1.0                hd8ed1ab_0               conda-forge
2025-02-28T11:44:55.7641360Z   importlib_resources            6.4.0                pyhd8ed1ab_0             conda-forge
2025-02-28T11:44:55.7641800Z   iniconfig                      2.0.0                pyhd8ed1ab_1             conda-forge
2025-02-28T11:44:55.7642170Z   ipykernel                      6.29.4               pyh57ce528_0             conda-forge
2025-02-28T11:44:55.7642510Z   ipython                        8.25.0               pyh707e725_0             conda-forge
2025-02-28T11:44:55.7642880Z   ipython_genutils               0.2.0                pyhd8ed1ab_2             conda-forge
2025-02-28T11:44:55.7643600Z   ipywidgets                     7.8.0                pyhd8ed1ab_0             conda-forge
2025-02-28T11:44:55.7644150Z   isoduration                    20.11.0              pyhd8ed1ab_1             conda-forge
2025-02-28T11:44:55.7644490Z   jedi                           0.19.1               pyhd8ed1ab_0             conda-forge
2025-02-28T11:44:55.7645250Z   jinja2                         3.1.4                pyhd8ed1ab_1             conda-forge
2025-02-28T11:44:55.7645650Z   json5                          0.9.25               pyhd8ed1ab_0             conda-forge
2025-02-28T11:44:55.7646060Z   jsonpointer                    3.0.0                py312h81bd7bf_1          conda-forge
2025-02-28T11:44:55.7646540Z   jsonschema                     4.22.0               pyhd8ed1ab_0             conda-forge
2025-02-28T11:44:55.7647020Z   jsonschema-specifications      2023.12.1            pyhd8ed1ab_0             conda-forge
2025-02-28T11:44:55.7647690Z   jsonschema-with-format-nongpl  4.22.0               pyhd8ed1ab_0             conda-forge
2025-02-28T11:44:55.7648110Z   jupyter-lsp                    2.2.5                pyhd8ed1ab_1             conda-forge
2025-02-28T11:44:55.7648530Z   jupyter_client                 8.6.2                pyhd8ed1ab_0             conda-forge
2025-02-28T11:44:55.7648910Z   jupyter_core                   5.7.2                pyh31011fe_1             conda-forge
2025-02-28T11:44:55.7649330Z   jupyter_events                 0.10.0               pyhd8ed1ab_1             conda-forge
2025-02-28T11:44:55.7649720Z   jupyter_server                 2.14.1               pyhd8ed1ab_1             conda-forge
2025-02-28T11:44:55.7650160Z   jupyter_server_terminals       0.5.3                pyhd8ed1ab_1             conda-forge
2025-02-28T11:44:55.7650600Z   jupyterlab                     4.2.2                pyhd8ed1ab_0             conda-forge
2025-02-28T11:44:55.7650980Z   jupyterlab_pygments            0.3.0                pyhd8ed1ab_2             conda-forge
2025-02-28T11:44:55.7651380Z   jupyterlab_server              2.27.2               pyhd8ed1ab_0             conda-forge
2025-02-28T11:44:55.7651860Z   jupyterlab_widgets             1.1.7                pyhd8ed1ab_0             conda-forge
2025-02-28T11:44:55.7652280Z   kiwisolver                     1.4.5                py312h6142ec9_2          conda-forge
2025-02-28T11:44:55.7652650Z   krb5                           1.21.2               h92f50d5_0               conda-forge
2025-02-28T11:44:55.7652990Z   latexcodec                     2.0.1                pyh9f0ad1d_0             conda-forge
2025-02-28T11:44:55.7653360Z   lcms2                          2.16                 ha0e7c42_0               conda-forge
2025-02-28T11:44:55.7653670Z   lerc                           4.0.0                h9a09cb3_0               conda-forge
2025-02-28T11:44:55.7654060Z   libaec                         1.1.3                hebf3989_0               conda-forge
2025-02-28T11:44:55.7654400Z   libasprintf                    0.22.5               h8414b35_3               conda-forge
2025-02-28T11:44:55.7654860Z   libasprintf-devel              0.22.5               h8414b35_3               conda-forge
2025-02-28T11:44:55.7655240Z   libblas                        3.9.0                24_osxarm64_openblas     conda-forge
2025-02-28T11:44:55.7655600Z   libbrotlicommon                1.1.0                hd74edd7_2               conda-forge
2025-02-28T11:44:55.7656010Z   libbrotlidec                   1.1.0                hd74edd7_2               conda-forge
2025-02-28T11:44:55.7656370Z   libbrotlienc                   1.1.0                hd74edd7_2               conda-forge
2025-02-28T11:44:55.7656760Z   libcblas                       3.9.0                24_osxarm64_openblas     conda-forge
2025-02-28T11:44:55.7657150Z   libcurl                        8.8.0                h7b6f9a7_0               conda-forge
2025-02-28T11:44:55.7657510Z   libcxx                         19.1.6               ha82da77_1               conda-forge
2025-02-28T11:44:55.7658090Z   libdeflate                     1.20                 h93a5062_0               conda-forge
2025-02-28T11:44:55.7658420Z   libedit                        3.1.20191231         hc8eb9b7_2               conda-forge
2025-02-28T11:44:55.7658770Z   libev                          4.33                 h93a5062_2               conda-forge
2025-02-28T11:44:55.7659090Z   libexpat                       2.6.2                hebf3989_0               conda-forge
2025-02-28T11:44:55.7659560Z   libffi                         3.4.2                h3422bc3_5               conda-forge
2025-02-28T11:44:55.7659840Z   libgd                          2.3.3                hfdf3952_9               conda-forge
2025-02-28T11:44:55.7660170Z   libgettextpo                   0.22.5               h8414b35_3               conda-forge
2025-02-28T11:44:55.7660530Z   libgettextpo-devel             0.22.5               h8414b35_3               conda-forge
2025-02-28T11:44:55.7660910Z   libgfortran                    5.0.0                13_2_0_hd922786_3        conda-forge
2025-02-28T11:44:55.7661300Z   libgfortran5                   13.2.0               hf226fd6_3               conda-forge
2025-02-28T11:44:55.7661640Z   libglib                        2.80.2               h59d46d9_1               conda-forge
2025-02-28T11:44:55.7662020Z   libiconv                       1.17                 h0d3ecfb_2               conda-forge
2025-02-28T11:44:55.7662440Z   libintl                        0.22.5               h8414b35_3               conda-forge
2025-02-28T11:44:55.7662790Z   libintl-devel                  0.22.5               h8414b35_3               conda-forge
2025-02-28T11:44:55.7663140Z   libjpeg-turbo                  3.0.0                hb547adb_1               conda-forge
2025-02-28T11:44:55.7663500Z   liblapack                      3.9.0                24_osxarm64_openblas     conda-forge
2025-02-28T11:44:55.7663900Z   libllvm14                      14.0.6               hd1a9a77_4               conda-forge
2025-02-28T11:44:55.7664260Z   libnghttp2                     1.58.0               ha4dd798_1               conda-forge
2025-02-28T11:44:55.7664690Z   libopenblas                    0.3.27               openmp_h517c56d_1        conda-forge
2025-02-28T11:44:55.7665030Z   libpng                         1.6.43               h091b4b1_0               conda-forge
2025-02-28T11:44:55.7665350Z   librsvg                        2.58.1               hbc281fb_0               conda-forge
2025-02-28T11:44:55.7665750Z   libsodium                      1.0.18               h27ca646_1               conda-forge
2025-02-28T11:44:55.7666070Z   libsqlite                      3.46.0               hfb93653_0               conda-forge
2025-02-28T11:44:55.7666410Z   libssh2                        1.11.0               h7a5bd25_0               conda-forge
2025-02-28T11:44:55.7666720Z   libtiff                        4.6.0                h07db509_3               conda-forge
2025-02-28T11:44:55.7667100Z   libwebp                        1.4.0                h54798ee_0               conda-forge
2025-02-28T11:44:55.7667540Z   libwebp-base                   1.4.0                h93a5062_0               conda-forge
2025-02-28T11:44:55.7667860Z   libxcb                         1.16                 hc9fafa5_1               conda-forge
2025-02-28T11:44:55.7668220Z   libxml2                        2.12.7               h9a80f22_3               conda-forge
2025-02-28T11:44:55.7668530Z   libxslt                        1.1.39               h223e5b9_0               conda-forge
2025-02-28T11:44:55.7668870Z   libzlib                        1.3.1                h8359307_2               conda-forge
2025-02-28T11:44:55.7669240Z   llvm-openmp                    18.1.7               hde57baf_0               conda-forge
2025-02-28T11:44:55.7669560Z   llvmlite                       0.43.0               py312ha9ca408_1          conda-forge
2025-02-28T11:44:55.7669860Z   lxml                           5.2.2                py312h0e5ab22_0          conda-forge
2025-02-28T11:44:55.7670310Z   lz4-c                          1.10.0               h286801f_1               conda-forge
2025-02-28T11:44:55.7670590Z   markupsafe                     2.1.5                py312h024a12e_1          conda-forge
2025-02-28T11:44:55.7670890Z   matplotlib-base                3.8.4                py312h4479663_2          conda-forge
2025-02-28T11:44:55.7671320Z   matplotlib-inline              0.1.7                pyhd8ed1ab_1             conda-forge
2025-02-28T11:44:55.7671850Z   mistune                        3.0.2                pyhd8ed1ab_1             conda-forge
2025-02-28T11:44:55.7672160Z   mpc                            1.3.1                h8f1351a_1               conda-forge
2025-02-28T11:44:55.7672500Z   mpfr                           4.2.1                hb693164_3               conda-forge
2025-02-28T11:44:55.7672820Z   mpmath                         1.3.0                pyhd8ed1ab_1             conda-forge
2025-02-28T11:44:55.7673200Z   munkres                        1.1.4                pyh9f0ad1d_0             conda-forge
2025-02-28T11:44:55.7673530Z   mypy_extensions                1.0.0                pyha770c72_1             conda-forge
2025-02-28T11:44:55.7673910Z   nbclassic                      1.1.0                pyhd8ed1ab_1             conda-forge
2025-02-28T11:44:55.7674300Z   nbclient                       0.10.0               pyhd8ed1ab_0             conda-forge
2025-02-28T11:44:55.7674620Z   nbconvert                      7.16.4               hd8ed1ab_3               conda-forge
2025-02-28T11:44:55.7674960Z   nbconvert-core                 7.16.4               pyhd8ed1ab_3             conda-forge
2025-02-28T11:44:55.7675310Z   nbconvert-pandoc               7.16.4               hd8ed1ab_3               conda-forge
2025-02-28T11:44:55.7675680Z   nbformat                       5.10.4               pyhd8ed1ab_1             conda-forge
2025-02-28T11:44:55.7675980Z   nbsphinx                       0.9.4                pyhd8ed1ab_0             conda-forge
2025-02-28T11:44:55.7676310Z   ncurses                        6.5                  h7bae524_1               conda-forge
2025-02-28T11:44:55.7676620Z   nest-asyncio                   1.6.0                pyhd8ed1ab_1             conda-forge
2025-02-28T11:44:55.7676950Z   networkx                       3.3                  pyhd8ed1ab_1             conda-forge
2025-02-28T11:44:55.7677240Z   notebook                       7.2.1                pyhd8ed1ab_0             conda-forge
2025-02-28T11:44:55.7677530Z   notebook-shim                  0.2.4                pyhd8ed1ab_1             conda-forge
2025-02-28T11:44:55.7677820Z   numba                          0.60.0               py312h41cea2d_0          conda-forge
2025-02-28T11:44:55.7678100Z   numexpr                        2.10.0               py312h8ae5369_0          conda-forge
2025-02-28T11:44:55.7678390Z   numpy                          2.0.2                py312h94ee1e1_1          conda-forge
2025-02-28T11:44:55.7678670Z   numpydoc                       1.7.0                pyhd8ed1ab_3             conda-forge
2025-02-28T11:44:55.7678970Z   openjpeg                       2.5.2                h9f1df11_0               conda-forge
2025-02-28T11:44:55.7679250Z   openssl                        3.4.0                h81ee809_1               conda-forge
2025-02-28T11:44:55.7679530Z   overrides                      7.7.0                pyhd8ed1ab_1             conda-forge
2025-02-28T11:44:55.7679830Z   packaging                      24.1                 pyhd8ed1ab_0             conda-forge
2025-02-28T11:44:55.7680130Z   pandas                         2.2.2                py312h8ae5369_1          conda-forge
2025-02-28T11:44:55.7680410Z   pandoc                         3.2.1                hce30654_0               conda-forge
2025-02-28T11:44:55.7680750Z   pandocfilters                  1.5.0                pyhd8ed1ab_0             conda-forge
2025-02-28T11:44:55.7681130Z   pango                          1.54.0               h5cb9fbc_0               conda-forge
2025-02-28T11:44:55.7681720Z   parso                          0.8.4                pyhd8ed1ab_1             conda-forge
2025-02-28T11:44:55.7682010Z   pathspec                       0.12.1               pyhd8ed1ab_1             conda-forge
2025-02-28T11:44:55.7682290Z   pbr                            6.0.0                pyhd8ed1ab_0             conda-forge
2025-02-28T11:44:55.7682550Z   pcre2                          10.44                h297a79d_2               conda-forge
2025-02-28T11:44:55.7682930Z   pexpect                        4.9.0                pyhd8ed1ab_1             conda-forge
2025-02-28T11:44:55.7683230Z   pickleshare                    0.7.5                pyhd8ed1ab_1004          conda-forge
2025-02-28T11:44:55.7683520Z   pillow                         10.3.0               py312h39b1d8d_1          conda-forge
2025-02-28T11:44:55.7683790Z   pip                            24.0                 pyhd8ed1ab_0             conda-forge
2025-02-28T11:44:55.7684050Z   pixman                         0.43.4               hebf3989_0               conda-forge
2025-02-28T11:44:55.7684360Z   pkgutil-resolve-name           1.3.10               pyhd8ed1ab_2             conda-forge
2025-02-28T11:44:55.7684680Z   platformdirs                   4.2.2                pyhd8ed1ab_0             conda-forge
2025-02-28T11:44:55.7684960Z   plotly                         5.22.0               pyhd8ed1ab_0             conda-forge
2025-02-28T11:44:55.7685240Z   pluggy                         1.5.0                pyhd8ed1ab_1             conda-forge
2025-02-28T11:44:55.7685540Z   prometheus_client              0.20.0               pyhd8ed1ab_0             conda-forge
2025-02-28T11:44:55.7685860Z   prompt-toolkit                 3.0.47               pyha770c72_0             conda-forge
2025-02-28T11:44:55.7686150Z   psutil                         5.9.8                py312he37b823_0          conda-forge
2025-02-28T11:44:55.7686430Z   pthread-stubs                  0.4                  hd74edd7_1002            conda-forge
2025-02-28T11:44:55.7686730Z   ptyprocess                     0.7.0                pyhd8ed1ab_1             conda-forge
2025-02-28T11:44:55.7687020Z   pure_eval                      0.2.2                pyhd8ed1ab_0             conda-forge
2025-02-28T11:44:55.7687300Z   py-cpuinfo                     9.0.0                pyhd8ed1ab_1             conda-forge
2025-02-28T11:44:55.7687580Z   pybtex                         0.24.0               pyhd8ed1ab_3             conda-forge
2025-02-28T11:44:55.7687880Z   pybtex-docutils                1.0.3                py312h81bd7bf_2          conda-forge
2025-02-28T11:44:55.7688180Z   pycparser                      2.22                 pyh29332c3_1             conda-forge
2025-02-28T11:44:55.7688460Z   pyerfa                         2.0.1.4              py312h755e627_2          conda-forge
2025-02-28T11:44:55.7688750Z   pygments                       2.18.0               pyhd8ed1ab_1             conda-forge
2025-02-28T11:44:55.7689040Z   pygraphviz                     1.13                 py312h5f4d302_1          conda-forge
2025-02-28T11:44:55.7689340Z   pyobjc-core                    10.3.1               py312hd24fc31_1          conda-forge
2025-02-28T11:44:55.7689660Z   pyobjc-framework-cocoa         10.3.1               py312hd24fc31_1          conda-forge
2025-02-28T11:44:55.7689980Z   pyparsing                      3.1.2                pyhd8ed1ab_0             conda-forge
2025-02-28T11:44:55.7690270Z   pysocks                        1.7.1                pyha55dd90_7             conda-forge
2025-02-28T11:44:55.7690550Z   pytables                       3.10.2               py312h2ca37b8_0          conda-forge
2025-02-28T11:44:55.7690830Z   pytest                         8.2.2                pyhd8ed1ab_0             conda-forge
2025-02-28T11:44:55.7691110Z   pytest-cov                     5.0.0                pyhd8ed1ab_0             conda-forge
2025-02-28T11:44:55.7691420Z   pytest-doctestplus             1.2.1                pyhd8ed1ab_0             conda-forge
2025-02-28T11:44:55.7691830Z   pytest-html                    4.1.1                pyhd8ed1ab_1             conda-forge
2025-02-28T11:44:55.7692130Z   pytest-metadata                3.1.1                pyhd8ed1ab_1             conda-forge
2025-02-28T11:44:55.7692430Z   python                         3.12.4               h30c5eda_0_cpython       conda-forge
2025-02-28T11:44:55.7692740Z   python-dateutil                2.9.0.post0          pyhff2d567_1             conda-forge
2025-02-28T11:44:55.7693310Z   python-fastjsonschema          2.20.0               pyhd8ed1ab_0             conda-forge
2025-02-28T11:44:55.7693660Z   python-json-logger             2.0.7                pyhd8ed1ab_0             conda-forge
2025-02-28T11:44:55.7693970Z   python-tzdata                  2024.1               pyhd8ed1ab_0             conda-forge
2025-02-28T11:44:55.7694270Z   python_abi                     3.12                 5_cp312                  conda-forge
2025-02-28T11:44:55.7694550Z   pytz                           2024.1               pyhd8ed1ab_0             conda-forge
2025-02-28T11:44:55.7694820Z   pyyaml                         6.0.1                py312h02f2b3b_1          conda-forge
2025-02-28T11:44:55.7695100Z   pyzmq                          26.0.3               py312hfa13136_0          conda-forge
2025-02-28T11:44:55.7695360Z   qgrid                          1.3.1                pyhd8ed1ab_4             conda-forge
2025-02-28T11:44:55.7695660Z   radioactivedecay               0.5.1                pyhd8ed1ab_1             conda-forge
2025-02-28T11:44:55.7695960Z   readline                       8.2                  h92ec313_1               conda-forge
2025-02-28T11:44:55.7696240Z   recommonmark                   0.7.1                pyhd8ed1ab_1             conda-forge
2025-02-28T11:44:55.7696540Z   referencing                    0.35.1               pyhd8ed1ab_1             conda-forge
2025-02-28T11:44:55.7696830Z   requests                       2.32.3               pyhd8ed1ab_1             conda-forge
2025-02-28T11:44:55.7697140Z   rfc3339-validator              0.1.4                pyhd8ed1ab_1             conda-forge
2025-02-28T11:44:55.7697460Z   rfc3986-validator              0.1.1                pyh9f0ad1d_0             conda-forge
2025-02-28T11:44:55.7697760Z   rpds-py                        0.18.1               py312h552d48e_0          conda-forge
2025-02-28T11:44:55.7698030Z   ruff                           0.4.9                py312h3402d49_0          conda-forge
2025-02-28T11:44:55.7698290Z   scipy                          1.13.1               py312h14ffa8f_0          conda-forge
2025-02-28T11:44:55.7698580Z   send2trash                     1.8.3                pyh31c8845_1             conda-forge
2025-02-28T11:44:55.7698860Z   setuptools                     70.0.0               pyhd8ed1ab_0             conda-forge
2025-02-28T11:44:55.7699170Z   setuptools-scm                 8.1.0                pyhd8ed1ab_1             conda-forge
2025-02-28T11:44:55.7699480Z   setuptools_scm                 8.1.0                hd8ed1ab_1               conda-forge
2025-02-28T11:44:55.7699770Z   six                            1.16.0               pyhd8ed1ab_1             conda-forge
2025-02-28T11:44:55.7700030Z   snakeviz                       2.2.0                pyhd8ed1ab_0             conda-forge
2025-02-28T11:44:55.7700310Z   snappy                         1.2.1                h98b9ce2_1               conda-forge
2025-02-28T11:44:55.7700580Z   sniffio                        1.3.1                pyhd8ed1ab_1             conda-forge
2025-02-28T11:44:55.7701000Z   snowballstemmer                2.2.0                pyhd8ed1ab_0             conda-forge
2025-02-28T11:44:55.7701470Z   soupsieve                      2.5                  pyhd8ed1ab_1             conda-forge
2025-02-28T11:44:55.7701960Z   sphinx                         7.3.7                pyhd8ed1ab_0             conda-forge
2025-02-28T11:44:55.7702420Z   sphinx-astropy                 1.9.1                pyhd8ed1ab_1             conda-forge
2025-02-28T11:44:55.7702940Z   sphinx-automodapi              0.17.0               pyh717bed2_1             conda-forge
2025-02-28T11:44:55.7703390Z   sphinx-gallery                 0.16.0               pyhd8ed1ab_0             conda-forge
2025-02-28T11:44:55.7703770Z   sphinx-jsonschema              1.19.1               pyhd8ed1ab_1             conda-forge
2025-02-28T11:44:55.7704230Z   sphinx_bootstrap_theme         0.8.1                pyhd8ed1ab_1             conda-forge
2025-02-28T11:44:55.7704740Z   sphinx_rtd_theme               2.0.0                pyha770c72_0             conda-forge
2025-02-28T11:44:55.7711480Z   sphinxcontrib-apidoc           0.3.0                py_1                     conda-forge
2025-02-28T11:44:55.7711880Z   sphinxcontrib-applehelp        1.0.8                pyhd8ed1ab_0             conda-forge
2025-02-28T11:44:55.7712270Z   sphinxcontrib-bibtex           2.6.2                pyhd8ed1ab_0             conda-forge
2025-02-28T11:44:55.7712620Z   sphinxcontrib-devhelp          1.0.6                pyhd8ed1ab_0             conda-forge
2025-02-28T11:44:55.7712970Z   sphinxcontrib-htmlhelp         2.0.5                pyhd8ed1ab_0             conda-forge
2025-02-28T11:44:55.7713310Z   sphinxcontrib-jquery           4.1                  pyhd8ed1ab_1             conda-forge
2025-02-28T11:44:55.7713650Z   sphinxcontrib-jsmath           1.0.1                pyhd8ed1ab_1             conda-forge
2025-02-28T11:44:55.7713990Z   sphinxcontrib-qthelp           1.0.7                pyhd8ed1ab_0             conda-forge
2025-02-28T11:44:55.7714360Z   sphinxcontrib-serializinghtml  1.1.10               pyhd8ed1ab_1             conda-forge
2025-02-28T11:44:55.7714710Z   stack_data                     0.6.2                pyhd8ed1ab_0             conda-forge
2025-02-28T11:44:55.7714990Z   sympy                          1.12.1               pypyh2585a3b_103         conda-forge
2025-02-28T11:44:55.7715260Z   tabulate                       0.9.0                pyhd8ed1ab_2             conda-forge
2025-02-28T11:44:55.7715550Z   tenacity                       8.4.1                pyhd8ed1ab_0             conda-forge
2025-02-28T11:44:55.7715830Z   terminado                      0.18.1               pyh31c8845_0             conda-forge
2025-02-28T11:44:55.7716110Z   tinycss2                       1.3.0                pyhd8ed1ab_0             conda-forge
2025-02-28T11:44:55.7716370Z   tk                             8.6.13               h5083fa2_1               conda-forge
2025-02-28T11:44:55.7716640Z   toml                           0.10.2               pyhd8ed1ab_1             conda-forge
2025-02-28T11:44:55.7716900Z   tomli                          2.0.1                pyhd8ed1ab_0             conda-forge
2025-02-28T11:44:55.7717180Z   tornado                        6.4.1                py312h024a12e_1          conda-forge
2025-02-28T11:44:55.7717450Z   tqdm                           4.66.4               pyhd8ed1ab_0             conda-forge
2025-02-28T11:44:55.7717720Z   traitlets                      5.14.3               pyhd8ed1ab_1             conda-forge
2025-02-28T11:44:55.7718010Z   typed-ast                      1.5.5                py312h02f2b3b_1          conda-forge
2025-02-28T11:44:55.7718330Z   types-python-dateutil          2.9.0.20240316       pyhd8ed1ab_0             conda-forge
2025-02-28T11:44:55.7718670Z   typing-extensions              4.12.2               hd8ed1ab_1               conda-forge
2025-02-28T11:44:55.7718990Z   typing_extensions              4.12.2               pyha770c72_1             conda-forge
2025-02-28T11:44:55.7719300Z   typing_utils                   0.1.0                pyhd8ed1ab_1             conda-forge
2025-02-28T11:44:55.7719590Z   tzdata                         2024a                h8827d51_1               conda-forge
2025-02-28T11:44:55.7719880Z   uri-template                   1.3.0                pyhd8ed1ab_1             conda-forge
2025-02-28T11:44:55.7720170Z   urllib3                        2.2.2                pyhd8ed1ab_1             conda-forge
2025-02-28T11:44:55.7720440Z   wcwidth                        0.2.13               pyhd8ed1ab_1             conda-forge
2025-02-28T11:44:55.7720900Z   webcolors                      24.6.0               pyhd8ed1ab_0             conda-forge
2025-02-28T11:44:55.7721250Z   webencodings                   0.5.1                pyhd8ed1ab_3             conda-forge
2025-02-28T11:44:55.7721560Z   websocket-client               1.8.0                pyhd8ed1ab_1             conda-forge
2025-02-28T11:44:55.7721970Z   wheel                          0.43.0               pyhd8ed1ab_1             conda-forge
2025-02-28T11:44:55.7722280Z   widgetsnbextension             3.6.6                pyhd8ed1ab_0             conda-forge
2025-02-28T11:44:55.7722590Z   xorg-libxau                    1.0.11               hd74edd7_1               conda-forge
2025-02-28T11:44:55.7722880Z   xorg-libxdmcp                  1.1.3                hd74edd7_2               conda-forge
2025-02-28T11:44:55.7723160Z   xz                             5.2.6                h57fd34a_0               conda-forge
2025-02-28T11:44:55.7723420Z   yaml                           0.2.5                h3422bc3_2               conda-forge
2025-02-28T11:44:55.7723680Z   zeromq                         4.3.5                hcc0f68c_4               conda-forge
2025-02-28T11:44:55.7723950Z   zipp                           3.19.2               pyhd8ed1ab_0             conda-forge
2025-02-28T11:44:55.7724220Z   zlib                           1.3.1                h8359307_2               conda-forge
2025-02-28T11:44:55.7724480Z   zlib-ng                        2.2.3                h13dfb9a_0               conda-forge
2025-02-28T11:44:55.7724760Z   zstandard                      0.23.0               py312h15fbf35_1          conda-forge
2025-02-28T11:44:55.7725030Z   zstd                           1.5.6                hb46c0d2_0               conda-forge
2025-02-28T11:44:55.7725450Z ##[endgroup]
2025-02-28T11:44:55.7789700Z ##[group]Run pip install -e . --user
2025-02-28T11:44:55.7789930Z [36;1mpip install -e . --user[0m
2025-02-28T11:44:55.9558100Z shell: /bin/bash -l {0}
2025-02-28T11:44:55.9558310Z env:
2025-02-28T11:44:55.9558450Z   CACHE_NUMBER: 0
2025-02-28T11:44:55.9558940Z   PYTEST_FLAGS: --tardis-regression-data=/Users/runner/work/tardis/tardis/tardis-regression-data --cov=tardis --cov-report=xml --cov-report=html --cov-append
2025-02-28T11:44:55.9559970Z   CODECOV_TOKEN: ***
2025-02-28T11:44:55.9560160Z   MAMBA_ROOT_PREFIX: /Users/runner/micromamba
2025-02-28T11:44:55.9560410Z   MAMBA_EXE: /Users/runner/micromamba-bin/micromamba
2025-02-28T11:44:55.9560680Z   CONDARC: /Users/runner/work/_temp/setup-micromamba/.condarc
2025-02-28T11:44:55.9560920Z ##[endgroup]
2025-02-28T11:44:56.9999210Z Obtaining file:///Users/runner/work/tardis/tardis
2025-02-28T11:44:57.0033030Z   Installing build dependencies: started
2025-02-28T11:44:59.7369820Z   Installing build dependencies: finished with status 'done'
2025-02-28T11:44:59.7376530Z   Checking if build backend supports build_editable: started
2025-02-28T11:44:59.8335370Z   Checking if build backend supports build_editable: finished with status 'done'
2025-02-28T11:44:59.8343110Z   Getting requirements to build editable: started
2025-02-28T11:45:00.4405970Z   Getting requirements to build editable: finished with status 'done'
2025-02-28T11:45:00.4416090Z   Preparing editable metadata (pyproject.toml): started
2025-02-28T11:45:00.8083010Z   Preparing editable metadata (pyproject.toml): finished with status 'done'
2025-02-28T11:45:00.8488330Z Requirement already satisfied: astropy in /Users/runner/micromamba/envs/tardis/lib/python3.12/site-packages (from tardis==0.0.0) (6.1.1)
2025-02-28T11:45:00.8725060Z Requirement already satisfied: numpy>=1.23 in /Users/runner/micromamba/envs/tardis/lib/python3.12/site-packages (from astropy->tardis==0.0.0) (2.0.2)
2025-02-28T11:45:00.8731000Z Requirement already satisfied: pyerfa>=2.0.1.1 in /Users/runner/micromamba/envs/tardis/lib/python3.12/site-packages (from astropy->tardis==0.0.0) (2.0.1.4)
2025-02-28T11:45:00.8737240Z Requirement already satisfied: astropy-iers-data>=0.2024.5.27.0.30.8 in /Users/runner/micromamba/envs/tardis/lib/python3.12/site-packages (from astropy->tardis==0.0.0) (0.2024.6.17.0.31.35)
2025-02-28T11:45:00.8741970Z Requirement already satisfied: PyYAML>=3.13 in /Users/runner/micromamba/envs/tardis/lib/python3.12/site-packages (from astropy->tardis==0.0.0) (6.0.1)
2025-02-28T11:45:00.8747530Z Requirement already satisfied: packaging>=19.0 in /Users/runner/micromamba/envs/tardis/lib/python3.12/site-packages (from astropy->tardis==0.0.0) (24.1)
2025-02-28T11:45:00.8803890Z Building wheels for collected packages: tardis
2025-02-28T11:45:00.8816910Z   Building editable for tardis (pyproject.toml): started
2025-02-28T11:45:01.5601680Z   Building editable for tardis (pyproject.toml): finished with status 'done'
2025-02-28T11:45:01.5611050Z   Created wheel for tardis: filename=tardis-0.0.0-0.editable-py3-none-any.whl size=8878 sha256=8247a4f613dc8b888682266d597af5be2ff34fe157a7f9cd0c96bba6363d98c4
2025-02-28T11:45:01.5612010Z   Stored in directory: /private/var/folders/2s/h6hvv9ps03xgz_krkkstvq_r0000gn/T/pip-ephem-wheel-cache-md4elo31/wheels/bb/4f/6a/0829b918c1c10bc28535ce7f14be21eee54375bdd9cd0c306a
2025-02-28T11:45:01.5641190Z Successfully built tardis
2025-02-28T11:45:02.2272050Z Installing collected packages: tardis
2025-02-28T11:45:02.2528360Z Successfully installed tardis-0.0.0
2025-02-28T11:45:02.5191870Z ##[group]Run pip install qgridnext
2025-02-28T11:45:02.5192170Z [36;1mpip install qgridnext[0m
2025-02-28T11:45:02.5270210Z shell: /bin/bash -l {0}
2025-02-28T11:45:02.5270420Z env:
2025-02-28T11:45:02.5270570Z   CACHE_NUMBER: 0
2025-02-28T11:45:02.5271080Z   PYTEST_FLAGS: --tardis-regression-data=/Users/runner/work/tardis/tardis/tardis-regression-data --cov=tardis --cov-report=xml --cov-report=html --cov-append
2025-02-28T11:45:02.5271850Z   CODECOV_TOKEN: ***
2025-02-28T11:45:02.5272050Z   MAMBA_ROOT_PREFIX: /Users/runner/micromamba
2025-02-28T11:45:02.5272380Z   MAMBA_EXE: /Users/runner/micromamba-bin/micromamba
2025-02-28T11:45:02.5272710Z   CONDARC: /Users/runner/work/_temp/setup-micromamba/.condarc
2025-02-28T11:45:02.5273020Z ##[endgroup]
2025-02-28T11:45:03.1171020Z Collecting qgridnext
2025-02-28T11:45:03.1481110Z   Downloading qgridnext-2.0.4-py3-none-any.whl.metadata (9.9 kB)
2025-02-28T11:45:03.1647010Z Requirement already satisfied: pandas>=0.20.0 in /Users/runner/micromamba/envs/tardis/lib/python3.12/site-packages (from qgridnext) (2.2.2)
2025-02-28T11:45:03.1652190Z Requirement already satisfied: ipywidgets>=7.0.0 in /Users/runner/micromamba/envs/tardis/lib/python3.12/site-packages (from qgridnext) (7.8.0)
2025-02-28T11:45:03.1658280Z Requirement already satisfied: numpy in /Users/runner/micromamba/envs/tardis/lib/python3.12/site-packages (from qgridnext) (2.0.2)
2025-02-28T11:45:03.1664850Z Requirement already satisfied: traitlets in /Users/runner/micromamba/envs/tardis/lib/python3.12/site-packages (from qgridnext) (5.14.3)
2025-02-28T11:45:03.1714770Z Requirement already satisfied: comm>=0.1.3 in /Users/runner/micromamba/envs/tardis/lib/python3.12/site-packages (from ipywidgets>=7.0.0->qgridnext) (0.2.2)
2025-02-28T11:45:03.1719490Z Requirement already satisfied: ipython-genutils~=0.2.0 in /Users/runner/micromamba/envs/tardis/lib/python3.12/site-packages (from ipywidgets>=7.0.0->qgridnext) (0.2.0)
2025-02-28T11:45:03.1727620Z Requirement already satisfied: widgetsnbextension~=3.6.5 in /Users/runner/micromamba/envs/tardis/lib/python3.12/site-packages (from ipywidgets>=7.0.0->qgridnext) (3.6.6)
2025-02-28T11:45:03.1737360Z Requirement already satisfied: ipython>=4.0.0 in /Users/runner/micromamba/envs/tardis/lib/python3.12/site-packages (from ipywidgets>=7.0.0->qgridnext) (8.25.0)
2025-02-28T11:45:03.1746240Z Requirement already satisfied: jupyterlab-widgets<3,>=1.0.0 in /Users/runner/micromamba/envs/tardis/lib/python3.12/site-packages (from ipywidgets>=7.0.0->qgridnext) (1.1.7)
2025-02-28T11:45:03.2033320Z Requirement already satisfied: python-dateutil>=2.8.2 in /Users/runner/micromamba/envs/tardis/lib/python3.12/site-packages (from pandas>=0.20.0->qgridnext) (2.9.0.post0)
2025-02-28T11:45:03.2041980Z Requirement already satisfied: pytz>=2020.1 in /Users/runner/micromamba/envs/tardis/lib/python3.12/site-packages (from pandas>=0.20.0->qgridnext) (2024.1)
2025-02-28T11:45:03.2046620Z Requirement already satisfied: tzdata>=2022.7 in /Users/runner/micromamba/envs/tardis/lib/python3.12/site-packages (from pandas>=0.20.0->qgridnext) (2024.1)
2025-02-28T11:45:03.2253130Z Requirement already satisfied: decorator in /Users/runner/micromamba/envs/tardis/lib/python3.12/site-packages (from ipython>=4.0.0->ipywidgets>=7.0.0->qgridnext) (5.1.1)
2025-02-28T11:45:03.2263520Z Requirement already satisfied: jedi>=0.16 in /Users/runner/micromamba/envs/tardis/lib/python3.12/site-packages (from ipython>=4.0.0->ipywidgets>=7.0.0->qgridnext) (0.19.1)
2025-02-28T11:45:03.2268790Z Requirement already satisfied: matplotlib-inline in /Users/runner/micromamba/envs/tardis/lib/python3.12/site-packages (from ipython>=4.0.0->ipywidgets>=7.0.0->qgridnext) (0.1.7)
2025-02-28T11:45:03.2274470Z Requirement already satisfied: prompt-toolkit<3.1.0,>=3.0.41 in /Users/runner/micromamba/envs/tardis/lib/python3.12/site-packages (from ipython>=4.0.0->ipywidgets>=7.0.0->qgridnext) (3.0.47)
2025-02-28T11:45:03.2279910Z Requirement already satisfied: pygments>=2.4.0 in /Users/runner/micromamba/envs/tardis/lib/python3.12/site-packages (from ipython>=4.0.0->ipywidgets>=7.0.0->qgridnext) (2.18.0)
2025-02-28T11:45:03.2285270Z Requirement already satisfied: stack-data in /Users/runner/micromamba/envs/tardis/lib/python3.12/site-packages (from ipython>=4.0.0->ipywidgets>=7.0.0->qgridnext) (0.6.2)
2025-02-28T11:45:03.2295970Z Requirement already satisfied: pexpect>4.3 in /Users/runner/micromamba/envs/tardis/lib/python3.12/site-packages (from ipython>=4.0.0->ipywidgets>=7.0.0->qgridnext) (4.9.0)
2025-02-28T11:45:03.2325230Z Requirement already satisfied: six>=1.5 in /Users/runner/micromamba/envs/tardis/lib/python3.12/site-packages (from python-dateutil>=2.8.2->pandas>=0.20.0->qgridnext) (1.16.0)
2025-02-28T11:45:03.2359350Z Requirement already satisfied: notebook>=4.4.1 in /Users/runner/micromamba/envs/tardis/lib/python3.12/site-packages (from widgetsnbextension~=3.6.5->ipywidgets>=7.0.0->qgridnext) (7.2.1)
2025-02-28T11:45:03.2473080Z Requirement already satisfied: parso<0.9.0,>=0.8.3 in /Users/runner/micromamba/envs/tardis/lib/python3.12/site-packages (from jedi>=0.16->ipython>=4.0.0->ipywidgets>=7.0.0->qgridnext) (0.8.4)
2025-02-28T11:45:03.2562310Z Requirement already satisfied: jupyter-server<3,>=2.4.0 in /Users/runner/micromamba/envs/tardis/lib/python3.12/site-packages (from notebook>=4.4.1->widgetsnbextension~=3.6.5->ipywidgets>=7.0.0->qgridnext) (2.14.1)
2025-02-28T11:45:03.2664350Z Requirement already satisfied: jupyterlab-server<3,>=2.27.1 in /Users/runner/micromamba/envs/tardis/lib/python3.12/site-packages (from notebook>=4.4.1->widgetsnbextension~=3.6.5->ipywidgets>=7.0.0->qgridnext) (2.27.2)
2025-02-28T11:45:03.2766310Z Requirement already satisfied: jupyterlab<4.3,>=4.2.0 in /Users/runner/micromamba/envs/tardis/lib/python3.12/site-packages (from notebook>=4.4.1->widgetsnbextension~=3.6.5->ipywidgets>=7.0.0->qgridnext) (4.2.2)
2025-02-28T11:45:03.2873630Z Requirement already satisfied: notebook-shim<0.3,>=0.2 in /Users/runner/micromamba/envs/tardis/lib/python3.12/site-packages (from notebook>=4.4.1->widgetsnbextension~=3.6.5->ipywidgets>=7.0.0->qgridnext) (0.2.4)
2025-02-28T11:45:03.2976700Z Requirement already satisfied: tornado>=6.2.0 in /Users/runner/micromamba/envs/tardis/lib/python3.12/site-packages (from notebook>=4.4.1->widgetsnbextension~=3.6.5->ipywidgets>=7.0.0->qgridnext) (6.4.1)
2025-02-28T11:45:03.3076990Z Requirement already satisfied: ptyprocess>=0.5 in /Users/runner/micromamba/envs/tardis/lib/python3.12/site-packages (from pexpect>4.3->ipython>=4.0.0->ipywidgets>=7.0.0->qgridnext) (0.7.0)
2025-02-28T11:45:03.3179820Z Requirement already satisfied: wcwidth in /Users/runner/micromamba/envs/tardis/lib/python3.12/site-packages (from prompt-toolkit<3.1.0,>=3.0.41->ipython>=4.0.0->ipywidgets>=7.0.0->qgridnext) (0.2.13)
2025-02-28T11:45:03.3282890Z Requirement already satisfied: executing>=1.2.0 in /Users/runner/micromamba/envs/tardis/lib/python3.12/site-packages (from stack-data->ipython>=4.0.0->ipywidgets>=7.0.0->qgridnext) (2.0.1)
2025-02-28T11:45:03.3384890Z Requirement already satisfied: asttokens>=2.1.0 in /Users/runner/micromamba/envs/tardis/lib/python3.12/site-packages (from stack-data->ipython>=4.0.0->ipywidgets>=7.0.0->qgridnext) (2.4.1)
2025-02-28T11:45:03.3487420Z Requirement already satisfied: pure-eval in /Users/runner/micromamba/envs/tardis/lib/python3.12/site-packages (from stack-data->ipython>=4.0.0->ipywidgets>=7.0.0->qgridnext) (0.2.2)
2025-02-28T11:45:03.3594010Z Requirement already satisfied: anyio>=3.1.0 in /Users/runner/micromamba/envs/tardis/lib/python3.12/site-packages (from jupyter-server<3,>=2.4.0->notebook>=4.4.1->widgetsnbextension~=3.6.5->ipywidgets>=7.0.0->qgridnext) (4.4.0)
2025-02-28T11:45:03.3696040Z Requirement already satisfied: argon2-cffi>=21.1 in /Users/runner/micromamba/envs/tardis/lib/python3.12/site-packages (from jupyter-server<3,>=2.4.0->notebook>=4.4.1->widgetsnbextension~=3.6.5->ipywidgets>=7.0.0->qgridnext) (23.1.0)
2025-02-28T11:45:03.3797060Z Requirement already satisfied: jinja2>=3.0.3 in /Users/runner/micromamba/envs/tardis/lib/python3.12/site-packages (from jupyter-server<3,>=2.4.0->notebook>=4.4.1->widgetsnbextension~=3.6.5->ipywidgets>=7.0.0->qgridnext) (3.1.4)
2025-02-28T11:45:03.3905760Z Requirement already satisfied: jupyter-client>=7.4.4 in /Users/runner/micromamba/envs/tardis/lib/python3.12/site-packages (from jupyter-server<3,>=2.4.0->notebook>=4.4.1->widgetsnbextension~=3.6.5->ipywidgets>=7.0.0->qgridnext) (8.6.2)
2025-02-28T11:45:03.4007850Z Requirement already satisfied: jupyter-core!=5.0.*,>=4.12 in /Users/runner/micromamba/envs/tardis/lib/python3.12/site-packages (from jupyter-server<3,>=2.4.0->notebook>=4.4.1->widgetsnbextension~=3.6.5->ipywidgets>=7.0.0->qgridnext) (5.7.2)
2025-02-28T11:45:03.4088020Z Requirement already satisfied: jupyter-events>=0.9.0 in /Users/runner/micromamba/envs/tardis/lib/python3.12/site-packages (from jupyter-server<3,>=2.4.0->notebook>=4.4.1->widgetsnbextension~=3.6.5->ipywidgets>=7.0.0->qgridnext) (0.10.0)
2025-02-28T11:45:03.4089740Z Requirement already satisfied: jupyter-server-terminals>=0.4.4 in /Users/runner/micromamba/envs/tardis/lib/python3.12/site-packages (from jupyter-server<3,>=2.4.0->notebook>=4.4.1->widgetsnbextension~=3.6.5->ipywidgets>=7.0.0->qgridnext) (0.5.3)
2025-02-28T11:45:03.4091370Z Requirement already satisfied: nbconvert>=6.4.4 in /Users/runner/micromamba/envs/tardis/lib/python3.12/site-packages (from jupyter-server<3,>=2.4.0->notebook>=4.4.1->widgetsnbextension~=3.6.5->ipywidgets>=7.0.0->qgridnext) (7.16.4)
2025-02-28T11:45:03.4092730Z Requirement already satisfied: nbformat>=5.3.0 in /Users/runner/micromamba/envs/tardis/lib/python3.12/site-packages (from jupyter-server<3,>=2.4.0->notebook>=4.4.1->widgetsnbextension~=3.6.5->ipywidgets>=7.0.0->qgridnext) (5.10.4)
2025-02-28T11:45:03.4094430Z Requirement already satisfied: overrides>=5.0 in /Users/runner/micromamba/envs/tardis/lib/python3.12/site-packages (from jupyter-server<3,>=2.4.0->notebook>=4.4.1->widgetsnbextension~=3.6.5->ipywidgets>=7.0.0->qgridnext) (7.7.0)
2025-02-28T11:45:03.4095980Z Requirement already satisfied: packaging>=22.0 in /Users/runner/micromamba/envs/tardis/lib/python3.12/site-packages (from jupyter-server<3,>=2.4.0->notebook>=4.4.1->widgetsnbextension~=3.6.5->ipywidgets>=7.0.0->qgridnext) (24.1)
2025-02-28T11:45:03.4097430Z Requirement already satisfied: prometheus-client>=0.9 in /Users/runner/micromamba/envs/tardis/lib/python3.12/site-packages (from jupyter-server<3,>=2.4.0->notebook>=4.4.1->widgetsnbextension~=3.6.5->ipywidgets>=7.0.0->qgridnext) (0.20.0)
2025-02-28T11:45:03.4098990Z Requirement already satisfied: pyzmq>=24 in /Users/runner/micromamba/envs/tardis/lib/python3.12/site-packages (from jupyter-server<3,>=2.4.0->notebook>=4.4.1->widgetsnbextension~=3.6.5->ipywidgets>=7.0.0->qgridnext) (26.0.3)
2025-02-28T11:45:03.4100640Z Requirement already satisfied: send2trash>=1.8.2 in /Users/runner/micromamba/envs/tardis/lib/python3.12/site-packages (from jupyter-server<3,>=2.4.0->notebook>=4.4.1->widgetsnbextension~=3.6.5->ipywidgets>=7.0.0->qgridnext) (1.8.3)
2025-02-28T11:45:03.4101980Z Requirement already satisfied: terminado>=0.8.3 in /Users/runner/micromamba/envs/tardis/lib/python3.12/site-packages (from jupyter-server<3,>=2.4.0->notebook>=4.4.1->widgetsnbextension~=3.6.5->ipywidgets>=7.0.0->qgridnext) (0.18.1)
2025-02-28T11:45:03.4103930Z Requirement already satisfied: websocket-client>=1.7 in /Users/runner/micromamba/envs/tardis/lib/python3.12/site-packages (from jupyter-server<3,>=2.4.0->notebook>=4.4.1->widgetsnbextension~=3.6.5->ipywidgets>=7.0.0->qgridnext) (1.8.0)
2025-02-28T11:45:03.4105650Z Requirement already satisfied: async-lru>=1.0.0 in /Users/runner/micromamba/envs/tardis/lib/python3.12/site-packages (from jupyterlab<4.3,>=4.2.0->notebook>=4.4.1->widgetsnbextension~=3.6.5->ipywidgets>=7.0.0->qgridnext) (2.0.4)
2025-02-28T11:45:03.4107140Z Requirement already satisfied: httpx>=0.25.0 in /Users/runner/micromamba/envs/tardis/lib/python3.12/site-packages (from jupyterlab<4.3,>=4.2.0->notebook>=4.4.1->widgetsnbextension~=3.6.5->ipywidgets>=7.0.0->qgridnext) (0.27.0)
2025-02-28T11:45:03.4108870Z Requirement already satisfied: ipykernel>=6.5.0 in /Users/runner/micromamba/envs/tardis/lib/python3.12/site-packages (from jupyterlab<4.3,>=4.2.0->notebook>=4.4.1->widgetsnbextension~=3.6.5->ipywidgets>=7.0.0->qgridnext) (6.29.4)
2025-02-28T11:45:03.4110430Z Requirement already satisfied: jupyter-lsp>=2.0.0 in /Users/runner/micromamba/envs/tardis/lib/python3.12/site-packages (from jupyterlab<4.3,>=4.2.0->notebook>=4.4.1->widgetsnbextension~=3.6.5->ipywidgets>=7.0.0->qgridnext) (2.2.5)
2025-02-28T11:45:03.4112120Z Requirement already satisfied: setuptools>=40.1.0 in /Users/runner/micromamba/envs/tardis/lib/python3.12/site-packages (from jupyterlab<4.3,>=4.2.0->notebook>=4.4.1->widgetsnbextension~=3.6.5->ipywidgets>=7.0.0->qgridnext) (70.0.0)
2025-02-28T11:45:03.4119280Z Requirement already satisfied: babel>=2.10 in /Users/runner/micromamba/envs/tardis/lib/python3.12/site-packages (from jupyterlab-server<3,>=2.27.1->notebook>=4.4.1->widgetsnbextension~=3.6.5->ipywidgets>=7.0.0->qgridnext) (2.14.0)
2025-02-28T11:45:03.4120770Z Requirement already satisfied: json5>=0.9.0 in /Users/runner/micromamba/envs/tardis/lib/python3.12/site-packages (from jupyterlab-server<3,>=2.27.1->notebook>=4.4.1->widgetsnbextension~=3.6.5->ipywidgets>=7.0.0->qgridnext) (0.9.25)
2025-02-28T11:45:03.4122190Z Requirement already satisfied: jsonschema>=4.18.0 in /Users/runner/micromamba/envs/tardis/lib/python3.12/site-packages (from jupyterlab-server<3,>=2.27.1->notebook>=4.4.1->widgetsnbextension~=3.6.5->ipywidgets>=7.0.0->qgridnext) (4.22.0)
2025-02-28T11:45:03.4123680Z Requirement already satisfied: requests>=2.31 in /Users/runner/micromamba/envs/tardis/lib/python3.12/site-packages (from jupyterlab-server<3,>=2.27.1->notebook>=4.4.1->widgetsnbextension~=3.6.5->ipywidgets>=7.0.0->qgridnext) (2.32.3)
2025-02-28T11:45:03.4131300Z Requirement already satisfied: idna>=2.8 in /Users/runner/micromamba/envs/tardis/lib/python3.12/site-packages (from anyio>=3.1.0->jupyter-server<3,>=2.4.0->notebook>=4.4.1->widgetsnbextension~=3.6.5->ipywidgets>=7.0.0->qgridnext) (3.7)
2025-02-28T11:45:03.4137320Z Requirement already satisfied: sniffio>=1.1 in /Users/runner/micromamba/envs/tardis/lib/python3.12/site-packages (from anyio>=3.1.0->jupyter-server<3,>=2.4.0->notebook>=4.4.1->widgetsnbextension~=3.6.5->ipywidgets>=7.0.0->qgridnext) (1.3.1)
2025-02-28T11:45:03.4206540Z Requirement already satisfied: argon2-cffi-bindings in /Users/runner/micromamba/envs/tardis/lib/python3.12/site-packages (from argon2-cffi>=21.1->jupyter-server<3,>=2.4.0->notebook>=4.4.1->widgetsnbextension~=3.6.5->ipywidgets>=7.0.0->qgridnext) (21.2.0)
2025-02-28T11:45:03.4326870Z Requirement already satisfied: certifi in /Users/runner/micromamba/envs/tardis/lib/python3.12/site-packages (from httpx>=0.25.0->jupyterlab<4.3,>=4.2.0->notebook>=4.4.1->widgetsnbextension~=3.6.5->ipywidgets>=7.0.0->qgridnext) (2024.12.14)
2025-02-28T11:45:03.4355130Z Requirement already satisfied: httpcore==1.* in /Users/runner/micromamba/envs/tardis/lib/python3.12/site-packages (from httpx>=0.25.0->jupyterlab<4.3,>=4.2.0->notebook>=4.4.1->widgetsnbextension~=3.6.5->ipywidgets>=7.0.0->qgridnext) (1.0.5)
2025-02-28T11:45:03.4387020Z Requirement already satisfied: h11<0.15,>=0.13 in /Users/runner/micromamba/envs/tardis/lib/python3.12/site-packages (from httpcore==1.*->httpx>=0.25.0->jupyterlab<4.3,>=4.2.0->notebook>=4.4.1->widgetsnbextension~=3.6.5->ipywidgets>=7.0.0->qgridnext) (0.14.0)
2025-02-28T11:45:03.4495410Z Requirement already satisfied: appnope in /Users/runner/micromamba/envs/tardis/lib/python3.12/site-packages (from ipykernel>=6.5.0->jupyterlab<4.3,>=4.2.0->notebook>=4.4.1->widgetsnbextension~=3.6.5->ipywidgets>=7.0.0->qgridnext) (0.1.4)
2025-02-28T11:45:03.4501930Z Requirement already satisfied: debugpy>=1.6.5 in /Users/runner/micromamba/envs/tardis/lib/python3.12/site-packages (from ipykernel>=6.5.0->jupyterlab<4.3,>=4.2.0->notebook>=4.4.1->widgetsnbextension~=3.6.5->ipywidgets>=7.0.0->qgridnext) (1.8.1)
2025-02-28T11:45:03.4515330Z Requirement already satisfied: nest-asyncio in /Users/runner/micromamba/envs/tardis/lib/python3.12/site-packages (from ipykernel>=6.5.0->jupyterlab<4.3,>=4.2.0->notebook>=4.4.1->widgetsnbextension~=3.6.5->ipywidgets>=7.0.0->qgridnext) (1.6.0)
2025-02-28T11:45:03.4524400Z Requirement already satisfied: psutil in /Users/runner/micromamba/envs/tardis/lib/python3.12/site-packages (from ipykernel>=6.5.0->jupyterlab<4.3,>=4.2.0->notebook>=4.4.1->widgetsnbextension~=3.6.5->ipywidgets>=7.0.0->qgridnext) (5.9.8)
2025-02-28T11:45:03.4566180Z Requirement already satisfied: MarkupSafe>=2.0 in /Users/runner/micromamba/envs/tardis/lib/python3.12/site-packages (from jinja2>=3.0.3->jupyter-server<3,>=2.4.0->notebook>=4.4.1->widgetsnbextension~=3.6.5->ipywidgets>=7.0.0->qgridnext) (2.1.5)
2025-02-28T11:45:03.4684840Z Requirement already satisfied: attrs>=22.2.0 in /Users/runner/micromamba/envs/tardis/lib/python3.12/site-packages (from jsonschema>=4.18.0->jupyterlab-server<3,>=2.27.1->notebook>=4.4.1->widgetsnbextension~=3.6.5->ipywidgets>=7.0.0->qgridnext) (23.2.0)
2025-02-28T11:45:03.4691420Z Requirement already satisfied: jsonschema-specifications>=2023.03.6 in /Users/runner/micromamba/envs/tardis/lib/python3.12/site-packages (from jsonschema>=4.18.0->jupyterlab-server<3,>=2.27.1->notebook>=4.4.1->widgetsnbextension~=3.6.5->ipywidgets>=7.0.0->qgridnext) (2023.12.1)
2025-02-28T11:45:03.4697810Z Requirement already satisfied: referencing>=0.28.4 in /Users/runner/micromamba/envs/tardis/lib/python3.12/site-packages (from jsonschema>=4.18.0->jupyterlab-server<3,>=2.27.1->notebook>=4.4.1->widgetsnbextension~=3.6.5->ipywidgets>=7.0.0->qgridnext) (0.35.1)
2025-02-28T11:45:03.4707320Z Requirement already satisfied: rpds-py>=0.7.1 in /Users/runner/micromamba/envs/tardis/lib/python3.12/site-packages (from jsonschema>=4.18.0->jupyterlab-server<3,>=2.27.1->notebook>=4.4.1->widgetsnbextension~=3.6.5->ipywidgets>=7.0.0->qgridnext) (0.18.1)
2025-02-28T11:45:03.4885180Z Requirement already satisfied: platformdirs>=2.5 in /Users/runner/micromamba/envs/tardis/lib/python3.12/site-packages (from jupyter-core!=5.0.*,>=4.12->jupyter-server<3,>=2.4.0->notebook>=4.4.1->widgetsnbextension~=3.6.5->ipywidgets>=7.0.0->qgridnext) (4.2.2)
2025-02-28T11:45:03.4985260Z Requirement already satisfied: python-json-logger>=2.0.4 in /Users/runner/micromamba/envs/tardis/lib/python3.12/site-packages (from jupyter-events>=0.9.0->jupyter-server<3,>=2.4.0->notebook>=4.4.1->widgetsnbextension~=3.6.5->ipywidgets>=7.0.0->qgridnext) (2.0.7)
2025-02-28T11:45:03.4992810Z Requirement already satisfied: pyyaml>=5.3 in /Users/runner/micromamba/envs/tardis/lib/python3.12/site-packages (from jupyter-events>=0.9.0->jupyter-server<3,>=2.4.0->notebook>=4.4.1->widgetsnbextension~=3.6.5->ipywidgets>=7.0.0->qgridnext) (6.0.1)
2025-02-28T11:45:03.4998460Z Requirement already satisfied: rfc3339-validator in /Users/runner/micromamba/envs/tardis/lib/python3.12/site-packages (from jupyter-events>=0.9.0->jupyter-server<3,>=2.4.0->notebook>=4.4.1->widgetsnbextension~=3.6.5->ipywidgets>=7.0.0->qgridnext) (0.1.4)
2025-02-28T11:45:03.5003700Z Requirement already satisfied: rfc3986-validator>=0.1.1 in /Users/runner/micromamba/envs/tardis/lib/python3.12/site-packages (from jupyter-events>=0.9.0->jupyter-server<3,>=2.4.0->notebook>=4.4.1->widgetsnbextension~=3.6.5->ipywidgets>=7.0.0->qgridnext) (0.1.1)
2025-02-28T11:45:03.5266140Z Requirement already satisfied: beautifulsoup4 in /Users/runner/micromamba/envs/tardis/lib/python3.12/site-packages (from nbconvert>=6.4.4->jupyter-server<3,>=2.4.0->notebook>=4.4.1->widgetsnbextension~=3.6.5->ipywidgets>=7.0.0->qgridnext) (4.12.3)
2025-02-28T11:45:03.5279190Z Requirement already satisfied: bleach!=5.0.0 in /Users/runner/micromamba/envs/tardis/lib/python3.12/site-packages (from nbconvert>=6.4.4->jupyter-server<3,>=2.4.0->notebook>=4.4.1->widgetsnbextension~=3.6.5->ipywidgets>=7.0.0->qgridnext) (6.1.0)
2025-02-28T11:45:03.5288890Z Requirement already satisfied: defusedxml in /Users/runner/micromamba/envs/tardis/lib/python3.12/site-packages (from nbconvert>=6.4.4->jupyter-server<3,>=2.4.0->notebook>=4.4.1->widgetsnbextension~=3.6.5->ipywidgets>=7.0.0->qgridnext) (0.7.1)
2025-02-28T11:45:03.5298360Z Requirement already satisfied: jupyterlab-pygments in /Users/runner/micromamba/envs/tardis/lib/python3.12/site-packages (from nbconvert>=6.4.4->jupyter-server<3,>=2.4.0->notebook>=4.4.1->widgetsnbextension~=3.6.5->ipywidgets>=7.0.0->qgridnext) (0.3.0)
2025-02-28T11:45:03.5305040Z Requirement already satisfied: mistune<4,>=2.0.3 in /Users/runner/micromamba/envs/tardis/lib/python3.12/site-packages (from nbconvert>=6.4.4->jupyter-server<3,>=2.4.0->notebook>=4.4.1->widgetsnbextension~=3.6.5->ipywidgets>=7.0.0->qgridnext) (3.0.2)
2025-02-28T11:45:03.5312280Z Requirement already satisfied: nbclient>=0.5.0 in /Users/runner/micromamba/envs/tardis/lib/python3.12/site-packages (from nbconvert>=6.4.4->jupyter-server<3,>=2.4.0->notebook>=4.4.1->widgetsnbextension~=3.6.5->ipywidgets>=7.0.0->qgridnext) (0.10.0)
2025-02-28T11:45:03.5322040Z Requirement already satisfied: pandocfilters>=1.4.1 in /Users/runner/micromamba/envs/tardis/lib/python3.12/site-packages (from nbconvert>=6.4.4->jupyter-server<3,>=2.4.0->notebook>=4.4.1->widgetsnbextension~=3.6.5->ipywidgets>=7.0.0->qgridnext) (1.5.0)
2025-02-28T11:45:03.5327420Z Requirement already satisfied: tinycss2 in /Users/runner/micromamba/envs/tardis/lib/python3.12/site-packages (from nbconvert>=6.4.4->jupyter-server<3,>=2.4.0->notebook>=4.4.1->widgetsnbextension~=3.6.5->ipywidgets>=7.0.0->qgridnext) (1.3.0)
2025-02-28T11:45:03.5396260Z Requirement already satisfied: fastjsonschema>=2.15 in /Users/runner/micromamba/envs/tardis/lib/python3.12/site-packages (from nbformat>=5.3.0->jupyter-server<3,>=2.4.0->notebook>=4.4.1->widgetsnbextension~=3.6.5->ipywidgets>=7.0.0->qgridnext) (2.20.0)
2025-02-28T11:45:03.5589690Z Requirement already satisfied: charset_normalizer<4,>=2 in /Users/runner/micromamba/envs/tardis/lib/python3.12/site-packages (from requests>=2.31->jupyterlab-server<3,>=2.27.1->notebook>=4.4.1->widgetsnbextension~=3.6.5->ipywidgets>=7.0.0->qgridnext) (3.3.2)
2025-02-28T11:45:03.5638180Z Requirement already satisfied: urllib3<3,>=1.21.1 in /Users/runner/micromamba/envs/tardis/lib/python3.12/site-packages (from requests>=2.31->jupyterlab-server<3,>=2.27.1->notebook>=4.4.1->widgetsnbextension~=3.6.5->ipywidgets>=7.0.0->qgridnext) (2.2.2)
2025-02-28T11:45:03.6263530Z Requirement already satisfied: webencodings in /Users/runner/micromamba/envs/tardis/lib/python3.12/site-packages (from bleach!=5.0.0->nbconvert>=6.4.4->jupyter-server<3,>=2.4.0->notebook>=4.4.1->widgetsnbextension~=3.6.5->ipywidgets>=7.0.0->qgridnext) (0.5.1)
2025-02-28T11:45:03.6775070Z Requirement already satisfied: fqdn in /Users/runner/micromamba/envs/tardis/lib/python3.12/site-packages (from jsonschema[format-nongpl]>=4.18.0->jupyter-events>=0.9.0->jupyter-server<3,>=2.4.0->notebook>=4.4.1->widgetsnbextension~=3.6.5->ipywidgets>=7.0.0->qgridnext) (1.5.1)
2025-02-28T11:45:03.6879900Z Requirement already satisfied: isoduration in /Users/runner/micromamba/envs/tardis/lib/python3.12/site-packages (from jsonschema[format-nongpl]>=4.18.0->jupyter-events>=0.9.0->jupyter-server<3,>=2.4.0->notebook>=4.4.1->widgetsnbextension~=3.6.5->ipywidgets>=7.0.0->qgridnext) (20.11.0)
2025-02-28T11:45:03.6981970Z Requirement already satisfied: jsonpointer>1.13 in /Users/runner/micromamba/envs/tardis/lib/python3.12/site-packages (from jsonschema[format-nongpl]>=4.18.0->jupyter-events>=0.9.0->jupyter-server<3,>=2.4.0->notebook>=4.4.1->widgetsnbextension~=3.6.5->ipywidgets>=7.0.0->qgridnext) (3.0.0)
2025-02-28T11:45:03.7084100Z Requirement already satisfied: uri-template in /Users/runner/micromamba/envs/tardis/lib/python3.12/site-packages (from jsonschema[format-nongpl]>=4.18.0->jupyter-events>=0.9.0->jupyter-server<3,>=2.4.0->notebook>=4.4.1->widgetsnbextension~=3.6.5->ipywidgets>=7.0.0->qgridnext) (1.3.0)
2025-02-28T11:45:03.7185490Z Requirement already satisfied: webcolors>=1.11 in /Users/runner/micromamba/envs/tardis/lib/python3.12/site-packages (from jsonschema[format-nongpl]>=4.18.0->jupyter-events>=0.9.0->jupyter-server<3,>=2.4.0->notebook>=4.4.1->widgetsnbextension~=3.6.5->ipywidgets>=7.0.0->qgridnext) (24.6.0)
2025-02-28T11:45:03.7789970Z Requirement already satisfied: cffi>=1.0.1 in /Users/runner/micromamba/envs/tardis/lib/python3.12/site-packages (from argon2-cffi-bindings->argon2-cffi>=21.1->jupyter-server<3,>=2.4.0->notebook>=4.4.1->widgetsnbextension~=3.6.5->ipywidgets>=7.0.0->qgridnext) (1.16.0)
2025-02-28T11:45:03.7897260Z Requirement already satisfied: soupsieve>1.2 in /Users/runner/micromamba/envs/tardis/lib/python3.12/site-packages (from beautifulsoup4->nbconvert>=6.4.4->jupyter-server<3,>=2.4.0->notebook>=4.4.1->widgetsnbextension~=3.6.5->ipywidgets>=7.0.0->qgridnext) (2.5)
2025-02-28T11:45:03.8230560Z Requirement already satisfied: pycparser in /Users/runner/micromamba/envs/tardis/lib/python3.12/site-packages (from cffi>=1.0.1->argon2-cffi-bindings->argon2-cffi>=21.1->jupyter-server<3,>=2.4.0->notebook>=4.4.1->widgetsnbextension~=3.6.5->ipywidgets>=7.0.0->qgridnext) (2.22)
2025-02-28T11:45:03.8611300Z Requirement already satisfied: arrow>=0.15.0 in /Users/runner/micromamba/envs/tardis/lib/python3.12/site-packages (from isoduration->jsonschema[format-nongpl]>=4.18.0->jupyter-events>=0.9.0->jupyter-server<3,>=2.4.0->notebook>=4.4.1->widgetsnbextension~=3.6.5->ipywidgets>=7.0.0->qgridnext) (1.3.0)
2025-02-28T11:45:03.8786320Z Requirement already satisfied: types-python-dateutil>=2.8.10 in /Users/runner/micromamba/envs/tardis/lib/python3.12/site-packages (from arrow>=0.15.0->isoduration->jsonschema[format-nongpl]>=4.18.0->jupyter-events>=0.9.0->jupyter-server<3,>=2.4.0->notebook>=4.4.1->widgetsnbextension~=3.6.5->ipywidgets>=7.0.0->qgridnext) (2.9.0.20240316)
2025-02-28T11:45:03.9189360Z Downloading qgridnext-2.0.4-py3-none-any.whl (1.3 MB)
2025-02-28T11:45:03.9670990Z    ━━━━━━━━━━━━━━━━━━━━━━━━━━━━━━━━━━━━━━━━ 1.3/1.3 MB 27.4 MB/s eta 0:00:00
2025-02-28T11:45:04.5735060Z Installing collected packages: qgridnext
2025-02-28T11:45:04.6189610Z Successfully installed qgridnext-2.0.4
2025-02-28T11:45:04.8421590Z ##[group]Run pytest tardis --tardis-regression-data=/Users/runner/work/tardis/tardis/tardis-regression-data --cov=tardis --cov-report=xml --cov-report=html --cov-append -m "not continuum"
2025-02-28T11:45:04.8422610Z [36;1mpytest tardis --tardis-regression-data=/Users/runner/work/tardis/tardis/tardis-regression-data --cov=tardis --cov-report=xml --cov-report=html --cov-append -m "not continuum"[0m
2025-02-28T11:45:04.8488880Z shell: /bin/bash -l {0}
2025-02-28T11:45:04.8489110Z env:
2025-02-28T11:45:04.8489270Z   CACHE_NUMBER: 0
2025-02-28T11:45:04.8489770Z   PYTEST_FLAGS: --tardis-regression-data=/Users/runner/work/tardis/tardis/tardis-regression-data --cov=tardis --cov-report=xml --cov-report=html --cov-append
2025-02-28T11:45:04.8490580Z   CODECOV_TOKEN: ***
2025-02-28T11:45:04.8490910Z   MAMBA_ROOT_PREFIX: /Users/runner/micromamba
2025-02-28T11:45:04.8491180Z   MAMBA_EXE: /Users/runner/micromamba-bin/micromamba
2025-02-28T11:45:04.8491540Z   CONDARC: /Users/runner/work/_temp/setup-micromamba/.condarc
2025-02-28T11:45:04.8491820Z ##[endgroup]
2025-02-28T11:45:20.4080080Z ============================= test session starts ==============================
2025-02-28T11:45:20.4081520Z platform darwin -- Python 3.12.4, pytest-8.2.2, pluggy-1.5.0
2025-02-28T11:45:20.4082380Z rootdir: /Users/runner/work/tardis/tardis
2025-02-28T11:45:20.4083300Z configfile: pyproject.toml
2025-02-28T11:45:20.4084130Z plugins: cov-5.0.0, html-4.1.1, metadata-3.1.1, doctestplus-1.2.1, anyio-4.4.0
2025-02-28T11:45:20.4085200Z collected 1798 items / 2 deselected / 1796 selected
2025-02-28T11:45:20.4085750Z 
2025-02-28T11:45:24.5984660Z tardis/energy_input/tests/test_energy_source.py ..xxx                    [  0%]
2025-02-28T11:45:27.7671820Z tardis/energy_input/tests/test_gamma_ray_channel.py .............        [  1%]
2025-02-28T11:45:29.5156620Z tardis/energy_input/tests/test_gamma_ray_grid.py xx.                     [  1%]
2025-02-28T11:45:30.8228420Z tardis/energy_input/tests/test_gamma_ray_interactions.py xx....          [  1%]
2025-02-28T11:45:30.8331190Z tardis/energy_input/tests/test_gamma_ray_packet_source.py sssssssss      [  2%]
2025-02-28T11:45:31.8642800Z tardis/energy_input/tests/test_util.py .....xxxx.....                    [  2%]
2025-02-28T11:45:32.1467260Z tardis/grid/tests/test_grid.py .                                         [  2%]
2025-02-28T11:45:32.1569640Z tardis/gui/tests/test_gui.py s                                           [  2%]
2025-02-28T11:45:35.3013470Z tardis/io/configuration/tests/test_config_reader.py ...........          [  3%]
2025-02-28T11:45:35.3182620Z tardis/io/configuration/tests/test_configuration_namespace.py .........  [  4%]
2025-02-28T11:45:35.3375350Z tardis/io/logger/tests/test_logging.py ssssssssssssssssssssssssssss      [  5%]
2025-02-28T11:46:02.7607340Z tardis/io/model/readers/tests/test_arepo_parser.py ..                    [  5%]
2025-02-28T11:46:02.7823150Z tardis/io/model/readers/tests/test_ascii_readers.py ...                  [  5%]
2025-02-28T11:46:02.7914240Z tardis/io/model/readers/tests/test_cmfgen_reader.py ..                   [  5%]
2025-02-28T11:46:02.8123070Z tardis/io/model/readers/tests/test_csvy_reader.py ....                   [  6%]
2025-02-28T11:46:02.8283720Z tardis/io/model/readers/tests/test_stella_reader.py ..                   [  6%]
2025-02-28T11:46:03.1151080Z tardis/io/tests/test_HDFWriter.py ...............                        [  7%]
2025-02-28T11:46:03.7367020Z tardis/io/tests/test_atomic.py .....                                     [  7%]
2025-02-28T11:46:03.7620090Z tardis/io/tests/test_decay.py ..                                         [  7%]
2025-02-28T11:46:03.9000710Z tardis/io/tests/test_model_reader.py ......                              [  7%]
2025-02-28T11:46:03.9057150Z tardis/model/geometry/tests/test_radial1d.py ..                          [  7%]
2025-02-28T11:46:32.4634410Z tardis/model/tests/test_base.py ........................................ [ 10%]
2025-02-28T11:46:33.2704760Z ............                                                             [ 10%]
2025-02-28T11:46:35.6726650Z tardis/model/tests/test_csvy_model.py .........                          [ 11%]
2025-02-28T11:46:35.7079100Z tardis/model/tests/test_density.py ..                                    [ 11%]
2025-02-28T11:46:37.2170660Z tardis/opacities/tests/test_opacity_solver.py .....                      [ 11%]
2025-02-28T11:46:38.3544290Z tardis/opacities/tests/test_opacity_state_numba.py .....                 [ 12%]
2025-02-28T11:46:40.2905240Z tardis/opacities/tests/test_tau_sobolev.py ..                            [ 12%]
2025-02-28T11:46:42.7612960Z tardis/plasma/equilibrium/tests/test_collisional_transitions.py ...      [ 12%]
2025-02-28T11:47:24.4976830Z tardis/plasma/equilibrium/tests/test_level_populations.py ....           [ 12%]
2025-02-28T11:47:33.8499680Z tardis/plasma/equilibrium/tests/test_rate_matrix.py .                    [ 12%]
2025-02-28T11:47:35.0568240Z tardis/plasma/tests/test_complete_plasmas.py ..............s......s..... [ 14%]
2025-02-28T11:47:37.4127890Z s....ssssss............s......s.....ss.....s....ssssss............s..... [ 18%]
2025-02-28T11:47:38.8934450Z .s.....ss.....s....ssssss............s......s.....ss.....s....ssssss.... [ 22%]
2025-02-28T11:47:41.7193460Z ........s......s.....ss.....s....ssssss............s......s.....ss.....s [ 26%]
2025-02-28T11:47:44.9915220Z ....ssssss............s......s.....ss.....s....ssssss............s...... [ 30%]
2025-02-28T11:47:45.8884680Z s.....ss.....s....ssssss............s......s.....ss.....s.ss.ssssss..... [ 34%]
2025-02-28T11:47:48.9467040Z .......s......s.....ss.....s....ssssss............s......s.....ss.....s. [ 38%]
2025-02-28T11:47:53.0395680Z ...ssssss............s......s.....ss.....s....ssssss............s......s [ 42%]
2025-02-28T11:47:56.6369610Z .....ss.....s....ssssss............s......s.....s...........ssssss...... [ 46%]
2025-02-28T11:47:58.8557150Z ......s......s.....s...........ssssss............s......s.....s......... [ 50%]
2025-02-28T11:48:02.6130730Z ..ssssss............s......s.....ss.....s....ssssss............s......s. [ 54%]
2025-02-28T11:48:05.7987710Z ....ss.....s....ssssss...................s......s.....s....ssss......... [ 58%]
2025-02-28T11:48:06.1369820Z ............s......s.....s....ssss.......                                [ 60%]
2025-02-28T11:48:06.4994510Z tardis/plasma/tests/test_hdf_plasma.py ................................. [ 62%]
2025-02-28T11:48:06.5109460Z ......                                                                   [ 62%]
2025-02-28T11:48:06.8904430Z tardis/plasma/tests/test_nlte_excitation.py ...                          [ 62%]
2025-02-28T11:50:08.9327970Z tardis/plasma/tests/test_nlte_solver.py .....X                           [ 63%]
2025-02-28T11:50:08.9434020Z tardis/plasma/tests/test_plasma_continuum.py .                           [ 63%]
2025-02-28T11:50:30.7859670Z tardis/plasma/tests/test_plasma_vboundary.py .............               [ 63%]
2025-02-28T11:50:41.8943290Z tardis/plasma/tests/test_tardis_model_density_config.py ...              [ 64%]
2025-02-28T11:50:42.4904890Z tardis/simulation/tests/test_convergence.py .....                        [ 64%]
2025-02-28T11:50:50.1152740Z tardis/simulation/tests/test_simulation.py .............                 [ 65%]
2025-02-28T11:50:50.1301490Z tardis/spectrum/tests/test_cuda_formal_integral.py sssssssssssssssssssss [ 66%]
2025-02-28T11:50:50.4025880Z ssss...ssssssssssssssssssssss                                            [ 67%]
2025-02-28T11:50:50.4081320Z tardis/spectrum/tests/test_luminosity.py ....                            [ 68%]
2025-02-28T11:50:52.0085140Z tardis/spectrum/tests/test_numba_formal_integral.py .................... [ 69%]
2025-02-28T11:50:52.0211200Z ..........                                                               [ 69%]
2025-02-28T11:50:52.1584540Z tardis/spectrum/tests/test_spectrum.py ................................. [ 71%]
2025-02-28T11:50:52.1814110Z .........                                                                [ 72%]
2025-02-28T11:51:13.5110650Z tardis/spectrum/tests/test_spectrum_solver.py ....                       [ 72%]
2025-02-28T11:52:15.2755160Z tardis/tests/test_tardis_full.py ....                                    [ 72%]
2025-02-28T11:53:47.8371380Z tardis/tests/test_tardis_full_formal_integral.py ................        [ 73%]
2025-02-28T11:53:47.9174380Z tardis/tests/test_util.py .............................................  [ 75%]
2025-02-28T11:53:51.1413250Z tardis/transport/montecarlo/tests/test_base.py x.....................    [ 77%]
2025-02-28T11:53:56.1047170Z tardis/transport/montecarlo/tests/test_interaction.py .......            [ 77%]
2025-02-28T11:53:56.2752440Z tardis/transport/montecarlo/tests/test_macro_atom.py ....                [ 77%]
2025-02-28T11:53:56.2867810Z tardis/transport/montecarlo/tests/test_montecarlo.py sssssssssssssssssss [ 78%]
2025-02-28T11:53:56.3191640Z sssssssssssssssssssssssssssssssssssssssssssss                            [ 81%]
2025-02-28T11:54:04.2230140Z tardis/transport/montecarlo/tests/test_montecarlo_main_loop.py x..       [ 81%]
2025-02-28T11:54:04.2349800Z tardis/transport/montecarlo/tests/test_nonhomologous.py ...              [ 81%]
2025-02-28T11:54:06.8875770Z tardis/transport/montecarlo/tests/test_numba_interface.py .....x.        [ 82%]
2025-02-28T11:54:07.2817980Z tardis/transport/montecarlo/tests/test_opacities.py ...............      [ 82%]
2025-02-28T11:54:08.0052080Z tardis/transport/montecarlo/tests/test_packet.py .................xXXXXX [ 84%]
2025-02-28T11:54:08.0927530Z XX.........                                                              [ 84%]
2025-02-28T11:54:08.1159980Z tardis/transport/montecarlo/tests/test_packet_source.py ........         [ 85%]
2025-02-28T11:54:08.3290600Z tardis/transport/montecarlo/tests/test_rpacket_last_interaction_tracker.py . [ 85%]
2025-02-28T11:54:08.5872580Z .....                                                                    [ 85%]
2025-02-28T11:54:17.7800040Z tardis/transport/montecarlo/tests/test_rpacket_tracker.py ......         [ 85%]
2025-02-28T11:54:17.8019870Z tardis/transport/montecarlo/tests/test_single_packet_loop.py xxx         [ 86%]
2025-02-28T11:54:17.8050580Z tardis/transport/montecarlo/tests/test_tracker_utils.py ..               [ 86%]
2025-02-28T11:54:19.5249550Z tardis/transport/montecarlo/tests/test_vpacket.py ..x.                   [ 86%]
2025-02-28T11:54:19.5395180Z tardis/transport/montecarlo/tests/test_weighted_packet_source.py ....    [ 86%]
2025-02-28T11:54:22.1379730Z tardis/transport/montecarlo/tests/test_weighted_packet_source_integration.py . [ 86%]
2025-02-28T11:54:22.1380940Z                                                                          [ 86%]
2025-02-28T11:54:22.6543710Z tardis/transport/tests/test_doppler_factor.py ..................         [ 87%]
2025-02-28T11:54:24.3071090Z tardis/visualization/tools/tests/test_convergence_plot.py .............. [ 88%]
2025-02-28T11:54:25.8898260Z ......                                                                   [ 88%]
2025-02-28T11:54:29.5273940Z tardis/visualization/tools/tests/test_liv_plot.py ...................... [ 90%]
2025-02-28T11:54:33.3183080Z .............................                                            [ 91%]
2025-02-28T11:54:36.2908230Z tardis/visualization/tools/tests/test_rpacket_plot.py .................. [ 92%]
2025-02-28T11:54:43.6061240Z ....                                                                     [ 92%]
2025-02-28T11:54:48.0290960Z tardis/visualization/tools/tests/test_sdec_plot.py ..................... [ 94%]
2025-02-28T11:54:54.5543350Z ..............................                                           [ 95%]
2025-02-28T11:54:54.9058490Z tardis/visualization/widgets/tests/test_custom_abundance.py ........ss.. [ 96%]
2025-02-28T11:54:54.9469630Z ....                                                                     [ 96%]
2025-02-28T11:54:55.7228300Z tardis/visualization/widgets/tests/test_line_info.py ................... [ 97%]
2025-02-28T11:54:56.2483260Z ..................                                                       [ 98%]
2025-02-28T11:58:05.0424870Z tardis/visualization/widgets/tests/test_shell_info.py .................. [ 99%]
2025-02-28T11:58:12.0172650Z ......                                                                   [100%]
2025-02-28T11:58:12.0173640Z 
2025-02-28T11:58:12.0174490Z =============================== warnings summary ===============================
2025-02-28T11:58:12.0175550Z tardis/io/configuration/config_validator.py:6
2025-02-28T11:58:12.0176820Z tardis/io/configuration/config_validator.py:6
2025-02-28T11:58:12.0178280Z   /Users/runner/work/tardis/tardis/tardis/io/configuration/config_validator.py:6: DeprecationWarning:
2025-02-28T11:58:12.0185100Z   
2025-02-28T11:58:12.0188180Z   jsonschema.RefResolver is deprecated as of v4.18.0, in favor of the https://github.com/python-jsonschema/referencing library, which provides more compliant referencing behavior as well as more flexible APIs for customization. A future release will remove RefResolver. Please file a feature request (on referencing) if you are missing an API for the kind of customization you need.
2025-02-28T11:58:12.0199090Z 
2025-02-28T11:58:12.0199390Z ../../../micromamba/envs/tardis/lib/python3.12/site-packages/jupyter_client/connect.py:22
2025-02-28T11:58:12.0200020Z   /Users/runner/micromamba/envs/tardis/lib/python3.12/site-packages/jupyter_client/connect.py:22: DeprecationWarning:
2025-02-28T11:58:12.0200550Z   
2025-02-28T11:58:12.0200840Z   Jupyter is migrating its paths to use standard platformdirs
2025-02-28T11:58:12.0201280Z   given by the platformdirs library.  To remove this warning and
2025-02-28T11:58:12.0201740Z   see the appropriate new directories, set the environment variable
2025-02-28T11:58:12.0202120Z   `JUPYTER_PLATFORM_DIRS=1` and then run `jupyter --paths`.
2025-02-28T11:58:12.0202580Z   The use of platformdirs will be the default in `jupyter_core` v6
2025-02-28T11:58:12.0202830Z 
2025-02-28T11:58:12.0202910Z tardis/plasma/properties/__init__.py:17
2025-02-28T11:58:12.0203440Z   /Users/runner/work/tardis/tardis/tardis/plasma/properties/__init__.py:17: DeprecationWarning:
2025-02-28T11:58:12.0203970Z   
2025-02-28T11:58:12.0204580Z   The numpy.linalg.linalg has been made private and renamed to numpy.linalg._linalg. All public functions exported by it are available from numpy.linalg. Please use numpy.linalg.LinAlgError instead.
2025-02-28T11:58:12.0205120Z 
2025-02-28T11:58:12.0213680Z tardis/io/tests/test_HDFWriter.py::test_multi_index_write
2025-02-28T11:58:12.0214180Z tardis/visualization/widgets/tests/test_shell_info.py::TestHDFShellInfo::test_shells_data
2025-02-28T11:58:12.0214750Z   /Users/runner/work/tardis/tardis/tardis/io/util.py:276: PerformanceWarning:
2025-02-28T11:58:12.0215150Z   
2025-02-28T11:58:12.0216100Z   
2025-02-28T11:58:12.0216450Z   your performance may suffer as PyTables will pickle object types that it cannot
2025-02-28T11:58:12.0217100Z   map directly to c-types [inferred_type->mixed,key->block0_values] [items->Index([0], dtype='int64')]
2025-02-28T11:58:12.0217510Z 
2025-02-28T11:58:12.0217750Z tardis/io/tests/test_model_reader.py::test_read_cmfgen_isotope_abundances
2025-02-28T11:58:12.0218240Z tardis/plasma/tests/test_tardis_model_density_config.py::test_electron_densities
2025-02-28T11:58:12.0218790Z tardis/plasma/tests/test_tardis_model_density_config.py::test_isotope_number_densities
2025-02-28T11:58:12.0219360Z tardis/plasma/tests/test_tardis_model_density_config.py::test_t_rad
2025-02-28T11:58:12.0220000Z   /Users/runner/work/tardis/tardis/tardis/io/model/readers/cmfgen_deprecated.py:82: DeprecationWarning:
2025-02-28T11:58:12.0220550Z   
2025-02-28T11:58:12.0220790Z   The current CMFGEN model parser is deprecated
2025-02-28T11:58:12.0221060Z 
2025-02-28T11:58:12.0221220Z tardis/io/tests/test_model_reader.py: 1 warning
2025-02-28T11:58:12.0221620Z tardis/plasma/tests/test_tardis_model_density_config.py: 9 warnings
2025-02-28T11:58:12.0222220Z   /Users/runner/work/tardis/tardis/tardis/io/model/readers/cmfgen_deprecated.py:40: DeprecationWarning:
2025-02-28T11:58:12.0233120Z   
2025-02-28T11:58:12.0233580Z   The current CMFGEN model parser is deprecated
2025-02-28T11:58:12.0233820Z 
2025-02-28T11:58:12.0234050Z tardis/model/tests/test_base.py::TestModelFromPaper1Config::test_abundances
2025-02-28T11:58:12.0234680Z   /Users/runner/work/tardis/tardis/tardis/transport/montecarlo/montecarlo_main_loop.py:123: NumbaTypeSafetyWarning:
2025-02-28T11:58:12.0235150Z   
2025-02-28T11:58:12.0239190Z   [1m[1m[1munsafe cast from uint64 to int64. Precision may be lost.[0m[0m[0m
2025-02-28T11:58:12.0239440Z 
2025-02-28T11:58:12.0239590Z tardis/model/tests/test_base.py: 6 warnings
2025-02-28T11:58:12.0239920Z tardis/model/tests/test_csvy_model.py: 2 warnings
2025-02-28T11:58:12.0240360Z tardis/plasma/tests/test_tardis_model_density_config.py: 3 warnings
2025-02-28T11:58:12.0241220Z   /Users/runner/work/tardis/tardis/tardis/model/geometry/radial1d.py:50: DeprecationWarning:
2025-02-28T11:58:12.0241690Z   
2025-02-28T11:58:12.0241940Z   v_inner_boundary < 0, assuming default value
2025-02-28T11:58:12.0242460Z 
2025-02-28T11:58:12.0242650Z tardis/model/tests/test_base.py: 6 warnings
2025-02-28T11:58:12.0243020Z tardis/model/tests/test_csvy_model.py: 2 warnings
2025-02-28T11:58:12.0243530Z tardis/plasma/tests/test_tardis_model_density_config.py: 3 warnings
2025-02-28T11:58:12.0244080Z   /Users/runner/work/tardis/tardis/tardis/model/geometry/radial1d.py:61: DeprecationWarning:
2025-02-28T11:58:12.0244680Z   
2025-02-28T11:58:12.0244960Z   v_outer_boundary < 0, assuming default value
2025-02-28T11:58:12.0245210Z 
2025-02-28T11:58:12.0245910Z tardis/plasma/equilibrium/tests/test_collisional_transitions.py::test_legacy_chianti_collisional_strengths
2025-02-28T11:58:12.0248010Z tardis/plasma/equilibrium/tests/test_collisional_transitions.py::test_legacy_chianti_collisional_strengths
2025-02-28T11:58:12.0250380Z tardis/plasma/equilibrium/tests/test_collisional_transitions.py::test_legacy_chianti_collisional_strengths
2025-02-28T11:58:12.0251500Z tardis/plasma/equilibrium/tests/test_collisional_transitions.py::test_legacy_chianti_collisional_strengths
2025-02-28T11:58:12.0253110Z tardis/plasma/equilibrium/tests/test_level_populations.py::TestLevelPopulationSolver::test_calculate_level_population_simple[collisional_rate_solver0-radiative_transitions0]
2025-02-28T11:58:12.0375710Z tardis/plasma/equilibrium/tests/test_level_populations.py::TestLevelPopulationSolver::test_calculate_level_population_empty[collisional_rate_solver0-radiative_transitions0]
2025-02-28T11:58:12.0377040Z tardis/plasma/equilibrium/tests/test_level_populations.py::TestLevelPopulationSolver::test_calculate_level_population_zeros[collisional_rate_solver0-radiative_transitions0]
2025-02-28T11:58:12.0377990Z tardis/plasma/equilibrium/tests/test_level_populations.py::TestLevelPopulationSolver::test_solve[collisional_rate_solver0-radiative_transitions0]
2025-02-28T11:58:12.0378820Z tardis/plasma/equilibrium/tests/test_rate_matrix.py::test_rate_matrix_solver[collisional_rate_solver0-radiative_transitions0]
2025-02-28T11:58:12.0379490Z   /Users/runner/micromamba/envs/tardis/lib/python3.12/pickle.py:323: DeprecationWarning:
2025-02-28T11:58:12.0381590Z   
2025-02-28T11:58:12.0382910Z   numpy.core.numeric is deprecated and has been renamed to numpy._core.numeric. The numpy._core namespace contains private NumPy internals and its use is discouraged, as NumPy internals can change without warning in any release. In practice, most real-world usage of numpy.core is to access functionality in the public NumPy API. If that is the case, use the public NumPy API. If not, you are using NumPy internals. If you would still like to access an internal attribute, use numpy._core.numeric._frombuffer.
2025-02-28T11:58:12.0384190Z 
2025-02-28T11:58:12.0384670Z tardis/plasma/equilibrium/tests/test_level_populations.py::TestLevelPopulationSolver::test_solve[collisional_rate_solver0-radiative_transitions0]
2025-02-28T11:58:12.0385500Z   /Users/runner/work/tardis/tardis/tardis/plasma/equilibrium/level_populations.py:65: FutureWarning:
2025-02-28T11:58:12.0386800Z   
2025-02-28T11:58:12.0387120Z   A value is trying to be set on a copy of a DataFrame or Series through chained assignment using an inplace method.
2025-02-28T11:58:12.0387930Z   The behavior will change in pandas 3.0. This inplace method will never work because the intermediate object on which we are setting values always behaves as a copy.
2025-02-28T11:58:12.0388450Z   
2025-02-28T11:58:12.0389050Z   For example, when doing 'df[col].method(value, inplace=True)', try using 'df.method({col: value}, inplace=True)' or df[col] = df[col].method(value) instead, to perform the operation inplace on the original object.
2025-02-28T11:58:12.0389610Z 
2025-02-28T11:58:12.0390530Z tardis/plasma/tests/test_plasma_vboundary.py::test_plasma_vboundary[2900-3750]
2025-02-28T11:58:12.0391400Z tardis/plasma/tests/test_plasma_vboundary.py::test_plasma_vboundary[2900-3850]
2025-02-28T11:58:12.0391890Z tardis/plasma/tests/test_plasma_vboundary.py::test_plasma_vboundary[2900-3900]
2025-02-28T11:58:12.0392330Z   /Users/runner/work/tardis/tardis/tardis/model/geometry/radial1d.py:71: UserWarning:
2025-02-28T11:58:12.0394050Z   
2025-02-28T11:58:12.0394360Z   Requesting inner boundary below inner shell. Extrapolating the inner cell
2025-02-28T11:58:12.0394640Z 
2025-02-28T11:58:12.0394840Z tardis/spectrum/tests/test_numba_formal_integral.py::test_trapezoid_integration[100.0]
2025-02-28T11:58:12.0395370Z tardis/spectrum/tests/test_numba_formal_integral.py::test_trapezoid_integration[1000.0]
2025-02-28T11:58:12.0395830Z tardis/spectrum/tests/test_numba_formal_integral.py::test_trapezoid_integration[10000.0]
2025-02-28T11:58:12.0396290Z tardis/spectrum/tests/test_numba_formal_integral.py::test_trapezoid_integration[100000.0]
2025-02-28T11:58:12.0396850Z   /Users/runner/work/tardis/tardis/tardis/spectrum/tests/test_numba_formal_integral.py:35: DeprecationWarning:
2025-02-28T11:58:12.0397240Z   
2025-02-28T11:58:12.0397560Z   `trapz` is deprecated. Use `trapezoid` instead, or one of the numerical integration functions in `scipy.integrate`.
2025-02-28T11:58:12.0397860Z 
2025-02-28T11:58:12.0398030Z tardis/spectrum/tests/test_spectrum_solver.py::TestSpectrumSolver::test_solve
2025-02-28T11:58:12.0398440Z   /Users/runner/work/tardis/tardis/tardis/spectrum/base.py:70: UserWarning:
2025-02-28T11:58:12.0398720Z   
2025-02-28T11:58:12.0399060Z   SpectrumSolver.spectrum_virtual_packets is zero. Please run the montecarlo simulation with no_of_virtual_packets > 0
2025-02-28T11:58:12.0399380Z 
2025-02-28T11:58:12.0399560Z tardis/spectrum/tests/test_spectrum_solver.py::TestSpectrumSolver::test_solve
2025-02-28T11:58:12.0399960Z   /Users/runner/work/tardis/tardis/tardis/spectrum/base.py:111: UserWarning:
2025-02-28T11:58:12.0400250Z   
2025-02-28T11:58:12.0400860Z   SpectrumSolver.integrator: The FormalIntegrator is not yet available.Please run the montecarlo simulation at least once.
2025-02-28T11:58:12.0401200Z 
2025-02-28T11:58:12.0401370Z tardis/tests/test_util.py::test_calculate_luminosity[string_io0-100 km-result0]
2025-02-28T11:58:12.0401770Z tardis/tests/test_util.py::test_calculate_luminosity[string_io1-500 km-result1]
2025-02-28T11:58:12.0402180Z   /Users/runner/work/tardis/tardis/tardis/util/base.py:188: DeprecationWarning:
2025-02-28T11:58:12.0402520Z   
2025-02-28T11:58:12.0402880Z   `trapz` is deprecated. Use `trapezoid` instead, or one of the numerical integration functions in `scipy.integrate`.
2025-02-28T11:58:12.0403280Z 
2025-02-28T11:58:12.0403490Z tardis/visualization/tools/tests/test_sdec_plot.py: 48 warnings
2025-02-28T11:58:12.0404050Z   /Users/runner/work/tardis/tardis/tardis/visualization/tools/sdec_plot.py:736: DeprecationWarning:
2025-02-28T11:58:12.0404470Z   
2025-02-28T11:58:12.0404740Z   `in1d` is deprecated. Use `np.isin` instead.
2025-02-28T11:58:12.0404940Z 
2025-02-28T11:58:12.0405080Z tardis/visualization/tools/tests/test_sdec_plot.py: 48 warnings
2025-02-28T11:58:12.0405580Z   /Users/runner/work/tardis/tardis/tardis/visualization/tools/sdec_plot.py:758: DeprecationWarning:
2025-02-28T11:58:12.0405990Z   
2025-02-28T11:58:12.0406450Z   `in1d` is deprecated. Use `np.isin` instead.
2025-02-28T11:58:12.0406710Z 
2025-02-28T11:58:12.0406940Z tardis/visualization/tools/tests/test_sdec_plot.py: 48 warnings
2025-02-28T11:58:12.0407430Z   /Users/runner/work/tardis/tardis/tardis/visualization/tools/sdec_plot.py:779: DeprecationWarning:
2025-02-28T11:58:12.0407890Z   
2025-02-28T11:58:12.0408040Z   `in1d` is deprecated. Use `np.isin` instead.
2025-02-28T11:58:12.0408250Z 
2025-02-28T11:58:12.0408590Z tardis/visualization/tools/tests/test_sdec_plot.py::TestSDECPlotter::test_mpl_image[plotter_generate_plot_mpl4]
2025-02-28T11:58:12.0409150Z   /Users/runner/work/tardis/tardis/tardis/visualization/tools/sdec_plot.py:1225: RuntimeWarning:
2025-02-28T11:58:12.0409590Z   
2025-02-28T11:58:12.0410430Z   More than 20 figures have been opened. Figures created through the pyplot interface (`matplotlib.pyplot.figure`) are retained until explicitly closed and may consume too much memory. (To control this warning, see the rcParam `figure.max_open_warning`). Consider using `matplotlib.pyplot.close()`.
2025-02-28T11:58:12.0411250Z 
2025-02-28T11:58:12.0411590Z tardis/visualization/widgets/tests/test_custom_abundance.py::TestCustomAbundanceWidget::test_update_input_item_value
2025-02-28T11:58:12.0412310Z tardis/visualization/widgets/tests/test_custom_abundance.py::TestCustomAbundanceWidget::test_update_input_item_value
2025-02-28T11:58:12.0412990Z tardis/visualization/widgets/tests/test_custom_abundance.py::TestCustomAbundanceWidget::test_update_input_item_value
2025-02-28T11:58:12.0413650Z tardis/visualization/widgets/tests/test_custom_abundance.py::TestCustomAbundanceWidget::test_update_input_item_value
2025-02-28T11:58:12.0414370Z tardis/visualization/widgets/tests/test_custom_abundance.py::TestCustomAbundanceWidget::test_update_input_item_value
2025-02-28T11:58:12.0415060Z tardis/visualization/widgets/tests/test_custom_abundance.py::TestCustomAbundanceWidget::test_update_input_item_value
2025-02-28T11:58:12.0415730Z   /Users/runner/micromamba/envs/tardis/lib/python3.12/site-packages/traitlets/traitlets.py:1385: DeprecationWarning:
2025-02-28T11:58:12.0416180Z   
2025-02-28T11:58:12.0416530Z   Passing unrecognized arguments to super(Checkbox).__init__(icon='lock').
2025-02-28T11:58:12.0416960Z   object.__init__() takes exactly one argument (the instance to initialize)
2025-02-28T11:58:12.0417500Z   This is deprecated in traitlets 4.2.This error will be raised in a future release of traitlets.
2025-02-28T11:58:12.0417800Z 
2025-02-28T11:58:12.0418130Z tardis/visualization/widgets/tests/test_custom_abundance.py::TestCustomAbundanceWidget::test_update_input_item_value
2025-02-28T11:58:12.0418810Z tardis/visualization/widgets/tests/test_custom_abundance.py::TestCustomAbundanceWidget::test_update_input_item_value
2025-02-28T11:58:12.0419580Z   /Users/runner/micromamba/envs/tardis/lib/python3.12/site-packages/traitlets/traitlets.py:1385: DeprecationWarning:
2025-02-28T11:58:12.0420050Z   
2025-02-28T11:58:12.0420270Z   Passing unrecognized arguments to super(FloatText).__init__(min=0).
2025-02-28T11:58:12.0420630Z   object.__init__() takes exactly one argument (the instance to initialize)
2025-02-28T11:58:12.0421050Z   This is deprecated in traitlets 4.2.This error will be raised in a future release of traitlets.
2025-02-28T11:58:12.0421310Z 
2025-02-28T11:58:12.0421600Z tardis/visualization/widgets/tests/test_custom_abundance.py::TestCustomAbundanceWidget::test_update_input_item_value
2025-02-28T11:58:12.0422270Z   /Users/runner/micromamba/envs/tardis/lib/python3.12/site-packages/traitlets/traitlets.py:1385: DeprecationWarning:
2025-02-28T11:58:12.0422670Z   
2025-02-28T11:58:12.0422890Z   Passing unrecognized arguments to super(HTML).__init__(indent=True).
2025-02-28T11:58:12.0423260Z   object.__init__() takes exactly one argument (the instance to initialize)
2025-02-28T11:58:12.0423670Z   This is deprecated in traitlets 4.2.This error will be raised in a future release of traitlets.
2025-02-28T11:58:12.0423930Z 
2025-02-28T11:58:12.0424430Z tardis/visualization/widgets/tests/test_line_info.py::TestLineInfoWidgetData::test_get_species_interactions[wavelength_range0-packet_out_nu]
2025-02-28T11:58:12.0425110Z   /Users/runner/micromamba/envs/tardis/lib/python3.12/site-packages/qgridnext/grid.py:820: DeprecationWarning:
2025-02-28T11:58:12.0425500Z   
2025-02-28T11:58:12.0425790Z   QgridWidget._precision_changed is deprecated in traitlets 4.1: use @observe and @unobserve instead.
2025-02-28T11:58:12.0426130Z 
2025-02-28T11:58:12.0426340Z tardis/visualization/widgets/tests/test_shell_info.py::TestHDFShellInfo::test_shells_data
2025-02-28T11:58:12.0426800Z   /Users/runner/work/tardis/tardis/tardis/io/util.py:289: PerformanceWarning:
2025-02-28T11:58:12.0427100Z   
2025-02-28T11:58:12.0427220Z   
2025-02-28T11:58:12.0427510Z   your performance may suffer as PyTables will pickle object types that it cannot
2025-02-28T11:58:12.0428100Z   map directly to c-types [inferred_type->mixed,key->block0_values] [items->Index([0], dtype='int64')]
2025-02-28T11:58:12.0428430Z 
2025-02-28T11:58:12.0428690Z tardis/visualization/widgets/tests/test_shell_info.py::TestHDFShellInfo::test_shells_data
2025-02-28T11:58:12.0429230Z   /Users/runner/work/tardis/tardis/tardis/io/util.py:292: PerformanceWarning:
2025-02-28T11:58:12.0429570Z   
2025-02-28T11:58:12.0429740Z   
2025-02-28T11:58:12.0430080Z   your performance may suffer as PyTables will pickle object types that it cannot
2025-02-28T11:58:12.0430460Z   map directly to c-types [inferred_type->mixed,key->values] [items->None]
2025-02-28T11:58:12.0430670Z 
2025-02-28T11:58:12.0430940Z tardis/visualization/widgets/tests/test_shell_info.py::TestHDFShellInfo::test_shells_data
2025-02-28T11:58:12.0431470Z   /Users/runner/work/tardis/tardis/tardis/spectrum/formal_integral.py:398: UserWarning:
2025-02-28T11:58:12.0431900Z   
2025-02-28T11:58:12.0432180Z   The number of interpolate_shells was not specified. The value was set to 80.
2025-02-28T11:58:12.0432460Z 
2025-02-28T11:58:12.0432680Z -- Docs: https://docs.pytest.org/en/stable/how-to/capture-warnings.html
2025-02-28T11:58:12.0432970Z 
2025-02-28T11:58:12.0433190Z ---------- coverage: platform darwin, python 3.12.4-final-0 ----------
2025-02-28T11:58:12.0433550Z Coverage HTML written to dir coverage_html_report
2025-02-28T11:58:12.0433900Z Coverage XML written to file coverage.xml
2025-02-28T11:58:12.0434050Z 
2025-02-28T11:58:12.0434250Z = 1412 passed, 357 skipped, 2 deselected, 19 xfailed, 8 xpassed, 222 warnings in 774.01s (0:12:54) =
2025-02-28T11:58:13.9644010Z ##[group]Run mv .coverage .coverage.0
2025-02-28T11:58:13.9644520Z [36;1mmv .coverage .coverage.0[0m
2025-02-28T11:58:14.0190710Z shell: /bin/bash -l {0}
2025-02-28T11:58:14.0190910Z env:
2025-02-28T11:58:14.0191070Z   CACHE_NUMBER: 0
2025-02-28T11:58:14.0191580Z   PYTEST_FLAGS: --tardis-regression-data=/Users/runner/work/tardis/tardis/tardis-regression-data --cov=tardis --cov-report=xml --cov-report=html --cov-append
2025-02-28T11:58:14.0192890Z   CODECOV_TOKEN: ***
2025-02-28T11:58:14.0193100Z   MAMBA_ROOT_PREFIX: /Users/runner/micromamba
2025-02-28T11:58:14.0193360Z   MAMBA_EXE: /Users/runner/micromamba-bin/micromamba
2025-02-28T11:58:14.0193650Z   CONDARC: /Users/runner/work/_temp/setup-micromamba/.condarc
2025-02-28T11:58:14.0193910Z ##[endgroup]
2025-02-28T11:58:14.2258860Z ##[group]Run actions/upload-artifact@v4
2025-02-28T11:58:14.2259170Z with:
2025-02-28T11:58:14.2259480Z   name: coverage-not-continuum-macos-latest
2025-02-28T11:58:14.2259990Z   include-hidden-files: true
2025-02-28T11:58:14.2260280Z   path: .coverage*
!.coveragerc

2025-02-28T11:58:14.2260560Z   if-no-files-found: warn
2025-02-28T11:58:14.2261050Z   compression-level: 6
2025-02-28T11:58:14.2262740Z   overwrite: false
2025-02-28T11:58:14.2264430Z env:
2025-02-28T11:58:14.2265170Z   CACHE_NUMBER: 0
2025-02-28T11:58:14.2268820Z   PYTEST_FLAGS: --tardis-regression-data=/Users/runner/work/tardis/tardis/tardis-regression-data --cov=tardis --cov-report=xml --cov-report=html --cov-append
2025-02-28T11:58:14.2271500Z   CODECOV_TOKEN: ***
2025-02-28T11:58:14.2271720Z   MAMBA_ROOT_PREFIX: /Users/runner/micromamba
2025-02-28T11:58:14.2272430Z   MAMBA_EXE: /Users/runner/micromamba-bin/micromamba
2025-02-28T11:58:14.2274650Z   CONDARC: /Users/runner/work/_temp/setup-micromamba/.condarc
2025-02-28T11:58:14.2275480Z ##[endgroup]
2025-02-28T11:58:14.7771300Z With the provided path, there will be 2 files uploaded
2025-02-28T11:58:14.7774030Z Artifact name is valid!
2025-02-28T11:58:14.7775500Z Root directory input is valid!
2025-02-28T11:58:14.9943470Z Beginning upload of artifact content to blob storage
2025-02-28T11:58:15.2691030Z Uploaded bytes 29808
2025-02-28T11:58:15.2952660Z Finished uploading artifact content to blob storage!
2025-02-28T11:58:15.2954340Z SHA256 hash of uploaded artifact zip is e5d8444177f334f94e06d723be0600f03d3d7b5a93ff918f4174388f7f4d02bc
2025-02-28T11:58:15.2955350Z Finalizing artifact upload
2025-02-28T11:58:15.3994240Z Artifact coverage-not-continuum-macos-latest.zip successfully finalized. Artifact ID 2670142338
2025-02-28T11:58:15.3996050Z Artifact coverage-not-continuum-macos-latest has been successfully uploaded! Final size is 29808 bytes. Artifact ID is 2670142338
2025-02-28T11:58:15.4006420Z Artifact download URL: https://github.com/tardis-sn/tardis/actions/runs/13587433013/artifacts/2670142338
2025-02-28T11:58:15.4169680Z Post job cleanup.
2025-02-28T11:58:15.4243300Z Post job cleanup.
2025-02-28T11:58:15.5674700Z Will use pre-installed micromamba at /Users/runner/micromamba-bin/micromamba
2025-02-28T11:58:15.5676540Z Removing micromamba run shell ...
2025-02-28T11:58:15.5676960Z ##[group]Deinitialize micromamba for bash
2025-02-28T11:58:15.5700160Z [command]/Users/runner/micromamba-bin/micromamba shell deinit -s bash -r /Users/runner/micromamba --log-level warning --rc-file /Users/runner/work/_temp/setup-micromamba/.condarc
2025-02-28T11:58:15.5879430Z Resetting RC file "/Users/runner/.bash_profile"
2025-02-28T11:58:15.5880040Z Deleting config for root prefix 
2025-02-28T11:58:15.5880430Z Clearing mamba executable environment variable
2025-02-28T11:58:15.5907560Z Removing the following in your "/Users/runner/.bash_profile" file
2025-02-28T11:58:15.5909300Z # >>> mamba initialize >>>
2025-02-28T11:58:15.5909560Z ...
2025-02-28T11:58:15.5909770Z # <<< mamba initialize <<<
2025-02-28T11:58:15.5951770Z Removing environment tardis from auto-activate bash ...
2025-02-28T11:58:15.6050670Z Post job cleanup.
2025-02-28T11:58:15.6115380Z Post job cleanup.
2025-02-28T11:58:15.7320480Z [command]/opt/homebrew/bin/git version
2025-02-28T11:58:15.7590290Z git version 2.48.1
2025-02-28T11:58:15.7636450Z Copying '/Users/runner/.gitconfig' to '/Users/runner/work/_temp/0844dfcf-b378-46ad-93b7-bffe1faddc3a/.gitconfig'
2025-02-28T11:58:15.7648730Z Temporarily overriding HOME='/Users/runner/work/_temp/0844dfcf-b378-46ad-93b7-bffe1faddc3a' before making global git config changes
2025-02-28T11:58:15.7649770Z Adding repository directory to the temporary git global config as a safe directory
2025-02-28T11:58:15.7653760Z [command]/opt/homebrew/bin/git config --global --add safe.directory /Users/runner/work/tardis/tardis/tardis-regression-data
2025-02-28T11:58:15.7849100Z [command]/opt/homebrew/bin/git config --local --name-only --get-regexp core\.sshCommand
2025-02-28T11:58:15.7928170Z [command]/opt/homebrew/bin/git submodule foreach --recursive sh -c "git config --local --name-only --get-regexp 'core\.sshCommand' && git config --local --unset-all 'core.sshCommand' || :"
2025-02-28T11:58:15.9204030Z [command]/opt/homebrew/bin/git config --local --name-only --get-regexp http\.https\:\/\/github\.com\/\.extraheader
2025-02-28T11:58:15.9334040Z http.https://github.com/.extraheader
2025-02-28T11:58:15.9356520Z [command]/opt/homebrew/bin/git config --local --unset-all http.https://github.com/.extraheader
2025-02-28T11:58:15.9489760Z [command]/opt/homebrew/bin/git submodule foreach --recursive sh -c "git config --local --name-only --get-regexp 'http\.https\:\/\/github\.com\/\.extraheader' && git config --local --unset-all 'http.https://github.com/.extraheader' || :"
2025-02-28T11:58:16.0970300Z Post job cleanup.
2025-02-28T11:58:16.2341100Z [command]/opt/homebrew/bin/git version
2025-02-28T11:58:16.2389910Z git version 2.48.1
2025-02-28T11:58:16.2411260Z Copying '/Users/runner/.gitconfig' to '/Users/runner/work/_temp/fa2b068c-c091-4a52-b1e7-7d625a6f4d98/.gitconfig'
2025-02-28T11:58:16.2417860Z Temporarily overriding HOME='/Users/runner/work/_temp/fa2b068c-c091-4a52-b1e7-7d625a6f4d98' before making global git config changes
2025-02-28T11:58:16.2418570Z Adding repository directory to the temporary git global config as a safe directory
2025-02-28T11:58:16.2421390Z [command]/opt/homebrew/bin/git config --global --add safe.directory /Users/runner/work/tardis/tardis
2025-02-28T11:58:16.2478730Z [command]/opt/homebrew/bin/git config --local --name-only --get-regexp core\.sshCommand
2025-02-28T11:58:16.2524450Z [command]/opt/homebrew/bin/git submodule foreach --recursive sh -c "git config --local --name-only --get-regexp 'core\.sshCommand' && git config --local --unset-all 'core.sshCommand' || :"
2025-02-28T11:58:16.3443770Z [command]/opt/homebrew/bin/git config --local --name-only --get-regexp http\.https\:\/\/github\.com\/\.extraheader
2025-02-28T11:58:16.3479850Z http.https://github.com/.extraheader
2025-02-28T11:58:16.3487800Z [command]/opt/homebrew/bin/git config --local --unset-all http.https://github.com/.extraheader
2025-02-28T11:58:16.3541820Z [command]/opt/homebrew/bin/git submodule foreach --recursive sh -c "git config --local --name-only --get-regexp 'http\.https\:\/\/github\.com\/\.extraheader' && git config --local --unset-all 'http.https://github.com/.extraheader' || :"
2025-02-28T11:58:16.4334370Z Cleaning up orphan processes
