2025-02-28T11:43:08.6118432Z Requested labels: ubuntu-latest
2025-02-28T11:43:08.6118682Z Job defined at: tardis-sn/tardis/.github/workflows/tests.yml@refs/pull/2999/merge
2025-02-28T11:43:08.6118816Z Waiting for a runner to pick up this job...
2025-02-28T11:43:08.8642691Z Job is waiting for a hosted runner to come online.
2025-02-28T11:43:12.5071102Z Job is about to start running on the hosted runner: GitHub Actions 33 (hosted)
2025-02-28T11:43:13.8403556Z Current runner version: '2.322.0'
2025-02-28T11:43:13.8436371Z ##[group]Operating System
2025-02-28T11:43:13.8437241Z Ubuntu
2025-02-28T11:43:13.8437765Z 24.04.2
2025-02-28T11:43:13.8438309Z LTS
2025-02-28T11:43:13.8438802Z ##[endgroup]
2025-02-28T11:43:13.8439332Z ##[group]Runner Image
2025-02-28T11:43:13.8439984Z Image: ubuntu-24.04
2025-02-28T11:43:13.8440484Z Version: 20250223.1.0
2025-02-28T11:43:13.8441545Z Included Software: https://github.com/actions/runner-images/blob/ubuntu24/20250223.1/images/ubuntu/Ubuntu2404-Readme.md
2025-02-28T11:43:13.8443058Z Image Release: https://github.com/actions/runner-images/releases/tag/ubuntu24%2F20250223.1
2025-02-28T11:43:13.8444327Z ##[endgroup]
2025-02-28T11:43:13.8444914Z ##[group]Runner Image Provisioner
2025-02-28T11:43:13.8445548Z 2.0.422.1
2025-02-28T11:43:13.8446045Z ##[endgroup]
2025-02-28T11:43:13.8448424Z ##[group]GITHUB_TOKEN Permissions
2025-02-28T11:43:13.8450737Z Actions: write
2025-02-28T11:43:13.8451641Z Attestations: write
2025-02-28T11:43:13.8452283Z Checks: write
2025-02-28T11:43:13.8452887Z Contents: write
2025-02-28T11:43:13.8453632Z Deployments: write
2025-02-28T11:43:13.8454171Z Discussions: write
2025-02-28T11:43:13.8454778Z Issues: write
2025-02-28T11:43:13.8455305Z Metadata: read
2025-02-28T11:43:13.8455856Z Packages: write
2025-02-28T11:43:13.8456420Z Pages: write
2025-02-28T11:43:13.8456932Z PullRequests: write
2025-02-28T11:43:13.8457539Z RepositoryProjects: write
2025-02-28T11:43:13.8458111Z SecurityEvents: write
2025-02-28T11:43:13.8458656Z Statuses: write
2025-02-28T11:43:13.8459237Z ##[endgroup]
2025-02-28T11:43:13.8462666Z Secret source: Actions
2025-02-28T11:43:13.8463727Z Prepare workflow directory
2025-02-28T11:43:13.9120144Z Prepare all required actions
2025-02-28T11:43:13.9158175Z Getting action download info
2025-02-28T11:43:14.0651211Z Download action repository 'actions/checkout@v4' (SHA:11bd71901bbe5b1630ceea73d27597364c9af683)
2025-02-28T11:43:14.1557941Z Download action repository 'actions/upload-artifact@v4' (SHA:4cec3d8aa04e39d1a68397de0c4cd6fb9dce8ec1)
2025-02-28T11:43:14.5174817Z Complete job name: not continuum ubuntu-latest 
2025-02-28T11:43:14.5875361Z ##[group]Run actions/checkout@v4
2025-02-28T11:43:14.5876234Z with:
2025-02-28T11:43:14.5876671Z   repository: tardis-sn/tardis
2025-02-28T11:43:14.5877401Z   token: ***
2025-02-28T11:43:14.5877801Z   ssh-strict: true
2025-02-28T11:43:14.5878214Z   ssh-user: git
2025-02-28T11:43:14.5878639Z   persist-credentials: true
2025-02-28T11:43:14.5879115Z   clean: true
2025-02-28T11:43:14.5879538Z   sparse-checkout-cone-mode: true
2025-02-28T11:43:14.5880039Z   fetch-depth: 1
2025-02-28T11:43:14.5880450Z   fetch-tags: false
2025-02-28T11:43:14.5880864Z   show-progress: true
2025-02-28T11:43:14.5881291Z   lfs: false
2025-02-28T11:43:14.5881686Z   submodules: false
2025-02-28T11:43:14.5882116Z   set-safe-directory: true
2025-02-28T11:43:14.5882759Z env:
2025-02-28T11:43:14.5883146Z   CACHE_NUMBER: 0
2025-02-28T11:43:14.5884510Z   PYTEST_FLAGS: --tardis-regression-data=/home/runner/work/tardis/tardis/tardis-regression-data --cov=tardis --cov-report=xml --cov-report=html --cov-append
2025-02-28T11:43:14.5885915Z   CODECOV_TOKEN: ***
2025-02-28T11:43:14.5886340Z ##[endgroup]
2025-02-28T11:43:14.7819040Z Syncing repository: tardis-sn/tardis
2025-02-28T11:43:14.7821183Z ##[group]Getting Git version info
2025-02-28T11:43:14.7821908Z Working directory is '/home/runner/work/tardis/tardis'
2025-02-28T11:43:14.7822856Z [command]/usr/bin/git version
2025-02-28T11:43:14.7912556Z git version 2.48.1
2025-02-28T11:43:14.7943618Z ##[endgroup]
2025-02-28T11:43:14.7960087Z Temporarily overriding HOME='/home/runner/work/_temp/086fcea9-16d8-4a06-b824-742a4116d2e8' before making global git config changes
2025-02-28T11:43:14.7962489Z Adding repository directory to the temporary git global config as a safe directory
2025-02-28T11:43:14.7967555Z [command]/usr/bin/git config --global --add safe.directory /home/runner/work/tardis/tardis
2025-02-28T11:43:14.8007758Z Deleting the contents of '/home/runner/work/tardis/tardis'
2025-02-28T11:43:14.8012139Z ##[group]Initializing the repository
2025-02-28T11:43:14.8017301Z [command]/usr/bin/git init /home/runner/work/tardis/tardis
2025-02-28T11:43:14.8097459Z hint: Using 'master' as the name for the initial branch. This default branch name
2025-02-28T11:43:14.8099393Z hint: is subject to change. To configure the initial branch name to use in all
2025-02-28T11:43:14.8100838Z hint: of your new repositories, which will suppress this warning, call:
2025-02-28T11:43:14.8101913Z hint:
2025-02-28T11:43:14.8102544Z hint: 	git config --global init.defaultBranch <name>
2025-02-28T11:43:14.8103154Z hint:
2025-02-28T11:43:14.8104031Z hint: Names commonly chosen instead of 'master' are 'main', 'trunk' and
2025-02-28T11:43:14.8104946Z hint: 'development'. The just-created branch can be renamed via this command:
2025-02-28T11:43:14.8105702Z hint:
2025-02-28T11:43:14.8106090Z hint: 	git branch -m <name>
2025-02-28T11:43:14.8107091Z Initialized empty Git repository in /home/runner/work/tardis/tardis/.git/
2025-02-28T11:43:14.8124118Z [command]/usr/bin/git remote add origin https://github.com/tardis-sn/tardis
2025-02-28T11:43:14.8181791Z ##[endgroup]
2025-02-28T11:43:14.8183174Z ##[group]Disabling automatic garbage collection
2025-02-28T11:43:14.8185441Z [command]/usr/bin/git config --local gc.auto 0
2025-02-28T11:43:14.8225223Z ##[endgroup]
2025-02-28T11:43:14.8225986Z ##[group]Setting up auth
2025-02-28T11:43:14.8237220Z [command]/usr/bin/git config --local --name-only --get-regexp core\.sshCommand
2025-02-28T11:43:14.8276565Z [command]/usr/bin/git submodule foreach --recursive sh -c "git config --local --name-only --get-regexp 'core\.sshCommand' && git config --local --unset-all 'core.sshCommand' || :"
2025-02-28T11:43:14.8611894Z [command]/usr/bin/git config --local --name-only --get-regexp http\.https\:\/\/github\.com\/\.extraheader
2025-02-28T11:43:14.8650103Z [command]/usr/bin/git submodule foreach --recursive sh -c "git config --local --name-only --get-regexp 'http\.https\:\/\/github\.com\/\.extraheader' && git config --local --unset-all 'http.https://github.com/.extraheader' || :"
2025-02-28T11:43:14.8910649Z [command]/usr/bin/git config --local http.https://github.com/.extraheader AUTHORIZATION: basic ***
2025-02-28T11:43:14.8960410Z ##[endgroup]
2025-02-28T11:43:14.8961386Z ##[group]Fetching the repository
2025-02-28T11:43:14.8975086Z [command]/usr/bin/git -c protocol.version=2 fetch --no-tags --prune --no-recurse-submodules --depth=1 origin +87ed9ef0e3eb19c133ed44691a512147914aeca6:refs/remotes/pull/2999/merge
2025-02-28T11:43:15.9791276Z From https://github.com/tardis-sn/tardis
2025-02-28T11:43:15.9792417Z  * [new ref]         87ed9ef0e3eb19c133ed44691a512147914aeca6 -> pull/2999/merge
2025-02-28T11:43:15.9824421Z ##[endgroup]
2025-02-28T11:43:15.9825710Z ##[group]Determining the checkout info
2025-02-28T11:43:15.9828740Z ##[endgroup]
2025-02-28T11:43:15.9834778Z [command]/usr/bin/git sparse-checkout disable
2025-02-28T11:43:15.9883705Z [command]/usr/bin/git config --local --unset-all extensions.worktreeConfig
2025-02-28T11:43:15.9915804Z ##[group]Checking out the ref
2025-02-28T11:43:15.9919836Z [command]/usr/bin/git checkout --progress --force refs/remotes/pull/2999/merge
2025-02-28T11:43:16.1925490Z Note: switching to 'refs/remotes/pull/2999/merge'.
2025-02-28T11:43:16.1927881Z 
2025-02-28T11:43:16.1928571Z You are in 'detached HEAD' state. You can look around, make experimental
2025-02-28T11:43:16.1930229Z changes and commit them, and you can discard any commits you make in this
2025-02-28T11:43:16.1931862Z state without impacting any branches by switching back to a branch.
2025-02-28T11:43:16.1932857Z 
2025-02-28T11:43:16.1933701Z If you want to create a new branch to retain commits you create, you may
2025-02-28T11:43:16.1935177Z do so (now or later) by using -c with the switch command. Example:
2025-02-28T11:43:16.1936032Z 
2025-02-28T11:43:16.1936378Z   git switch -c <new-branch-name>
2025-02-28T11:43:16.1936962Z 
2025-02-28T11:43:16.1937297Z Or undo this operation with:
2025-02-28T11:43:16.1938198Z 
2025-02-28T11:43:16.1938501Z   git switch -
2025-02-28T11:43:16.1938925Z 
2025-02-28T11:43:16.1939623Z Turn off this advice by setting config variable advice.detachedHead to false
2025-02-28T11:43:16.1940691Z 
2025-02-28T11:43:16.1941896Z HEAD is now at 87ed9ef Merge 87f4f9d4c9dcca4a368937aacd6aa49ec5135680 into a51af908c6403099d3162da0bf4b0fbaca439cac
2025-02-28T11:43:16.1953735Z ##[endgroup]
2025-02-28T11:43:16.1998216Z [command]/usr/bin/git log -1 --format=%H
2025-02-28T11:43:16.2025173Z 87ed9ef0e3eb19c133ed44691a512147914aeca6
2025-02-28T11:43:16.2382612Z Prepare all required actions
2025-02-28T11:43:16.2383874Z Getting action download info
2025-02-28T11:43:16.3401322Z Download action repository 'actions/cache@v4' (SHA:d4323d4df104b026a6aa633fdb11d772146be0bf)
2025-02-28T11:43:16.6511261Z ##[group]Run ./.github/actions/setup_lfs
2025-02-28T11:43:16.6512488Z with:
2025-02-28T11:43:16.6513776Z   regression-data-repo: tardis-sn/tardis-regression-data
2025-02-28T11:43:16.6515180Z   atom-data-sparse: false
2025-02-28T11:43:16.6516223Z env:
2025-02-28T11:43:16.6517018Z   CACHE_NUMBER: 0
2025-02-28T11:43:16.6519426Z   PYTEST_FLAGS: --tardis-regression-data=/home/runner/work/tardis/tardis/tardis-regression-data --cov=tardis --cov-report=xml --cov-report=html --cov-append
2025-02-28T11:43:16.6522486Z   CODECOV_TOKEN: ***
2025-02-28T11:43:16.6523535Z ##[endgroup]
2025-02-28T11:43:16.6742298Z ##[group]Run actions/checkout@v4
2025-02-28T11:43:16.6743553Z with:
2025-02-28T11:43:16.6744480Z   repository: tardis-sn/tardis-regression-data
2025-02-28T11:43:16.6745756Z   path: tardis-regression-data
2025-02-28T11:43:16.6746747Z   lfs: false
2025-02-28T11:43:16.6747843Z   token: ***
2025-02-28T11:43:16.6748650Z   ssh-strict: true
2025-02-28T11:43:16.6749506Z   ssh-user: git
2025-02-28T11:43:16.6750378Z   persist-credentials: true
2025-02-28T11:43:16.6751350Z   clean: true
2025-02-28T11:43:16.6752225Z   sparse-checkout-cone-mode: true
2025-02-28T11:43:16.6753388Z   fetch-depth: 1
2025-02-28T11:43:16.6754240Z   fetch-tags: false
2025-02-28T11:43:16.6755119Z   show-progress: true
2025-02-28T11:43:16.6756014Z   submodules: false
2025-02-28T11:43:16.6756893Z   set-safe-directory: true
2025-02-28T11:43:16.6757817Z env:
2025-02-28T11:43:16.6758566Z   CACHE_NUMBER: 0
2025-02-28T11:43:16.6760936Z   PYTEST_FLAGS: --tardis-regression-data=/home/runner/work/tardis/tardis/tardis-regression-data --cov=tardis --cov-report=xml --cov-report=html --cov-append
2025-02-28T11:43:16.6763762Z   CODECOV_TOKEN: ***
2025-02-28T11:43:16.6764642Z ##[endgroup]
2025-02-28T11:43:16.7764073Z Syncing repository: tardis-sn/tardis-regression-data
2025-02-28T11:43:16.7772058Z ##[group]Getting Git version info
2025-02-28T11:43:16.7775154Z Working directory is '/home/runner/work/tardis/tardis/tardis-regression-data'
2025-02-28T11:43:16.7817978Z [command]/usr/bin/git version
2025-02-28T11:43:16.7864473Z git version 2.48.1
2025-02-28T11:43:16.7892071Z ##[endgroup]
2025-02-28T11:43:16.7908213Z Temporarily overriding HOME='/home/runner/work/_temp/050a04c7-c6fa-4e67-8bad-422d9ccb4232' before making global git config changes
2025-02-28T11:43:16.7913552Z Adding repository directory to the temporary git global config as a safe directory
2025-02-28T11:43:16.7917952Z [command]/usr/bin/git config --global --add safe.directory /home/runner/work/tardis/tardis/tardis-regression-data
2025-02-28T11:43:16.7952216Z ##[group]Initializing the repository
2025-02-28T11:43:16.7959360Z [command]/usr/bin/git init /home/runner/work/tardis/tardis/tardis-regression-data
2025-02-28T11:43:16.8000422Z hint: Using 'master' as the name for the initial branch. This default branch name
2025-02-28T11:43:16.8004240Z hint: is subject to change. To configure the initial branch name to use in all
2025-02-28T11:43:16.8007533Z hint: of your new repositories, which will suppress this warning, call:
2025-02-28T11:43:16.8010021Z hint:
2025-02-28T11:43:16.8011849Z hint: 	git config --global init.defaultBranch <name>
2025-02-28T11:43:16.8014378Z hint:
2025-02-28T11:43:16.8016459Z hint: Names commonly chosen instead of 'master' are 'main', 'trunk' and
2025-02-28T11:43:16.8019985Z hint: 'development'. The just-created branch can be renamed via this command:
2025-02-28T11:43:16.8022221Z hint:
2025-02-28T11:43:16.8023496Z hint: 	git branch -m <name>
2025-02-28T11:43:16.8025475Z Initialized empty Git repository in /home/runner/work/tardis/tardis/tardis-regression-data/.git/
2025-02-28T11:43:16.8031044Z [command]/usr/bin/git remote add origin https://github.com/tardis-sn/tardis-regression-data
2025-02-28T11:43:16.8065634Z ##[endgroup]
2025-02-28T11:43:16.8068507Z ##[group]Disabling automatic garbage collection
2025-02-28T11:43:16.8071273Z [command]/usr/bin/git config --local gc.auto 0
2025-02-28T11:43:16.8107826Z ##[endgroup]
2025-02-28T11:43:16.8110271Z ##[group]Setting up auth
2025-02-28T11:43:16.8115747Z [command]/usr/bin/git config --local --name-only --get-regexp core\.sshCommand
2025-02-28T11:43:16.8152856Z [command]/usr/bin/git submodule foreach --recursive sh -c "git config --local --name-only --get-regexp 'core\.sshCommand' && git config --local --unset-all 'core.sshCommand' || :"
2025-02-28T11:43:16.8401597Z [command]/usr/bin/git config --local --name-only --get-regexp http\.https\:\/\/github\.com\/\.extraheader
2025-02-28T11:43:16.8440815Z [command]/usr/bin/git submodule foreach --recursive sh -c "git config --local --name-only --get-regexp 'http\.https\:\/\/github\.com\/\.extraheader' && git config --local --unset-all 'http.https://github.com/.extraheader' || :"
2025-02-28T11:43:16.8698019Z [command]/usr/bin/git config --local http.https://github.com/.extraheader AUTHORIZATION: basic ***
2025-02-28T11:43:16.8738731Z ##[endgroup]
2025-02-28T11:43:16.8741185Z ##[group]Determining the default branch
2025-02-28T11:43:16.8743070Z Retrieving the default branch name
2025-02-28T11:43:17.1099468Z Default branch 'main'
2025-02-28T11:43:17.1102345Z ##[endgroup]
2025-02-28T11:43:17.1104242Z ##[group]Fetching the repository
2025-02-28T11:43:17.1109749Z [command]/usr/bin/git -c protocol.version=2 fetch --no-tags --prune --no-recurse-submodules --depth=1 origin +refs/heads/main:refs/remotes/origin/main
2025-02-28T11:43:17.3909547Z From https://github.com/tardis-sn/tardis-regression-data
2025-02-28T11:43:17.3910687Z  * [new branch]      main       -> origin/main
2025-02-28T11:43:17.3937884Z ##[endgroup]
2025-02-28T11:43:17.3939831Z ##[group]Determining the checkout info
2025-02-28T11:43:17.3941688Z ##[endgroup]
2025-02-28T11:43:17.3944419Z [command]/usr/bin/git sparse-checkout disable
2025-02-28T11:43:17.3984533Z [command]/usr/bin/git config --local --unset-all extensions.worktreeConfig
2025-02-28T11:43:17.4015004Z ##[group]Checking out the ref
2025-02-28T11:43:17.4018524Z [command]/usr/bin/git checkout --progress --force -B main refs/remotes/origin/main
2025-02-28T11:43:17.5068811Z Switched to a new branch 'main'
2025-02-28T11:43:17.5070719Z branch 'main' set up to track 'origin/main'.
2025-02-28T11:43:17.5350960Z ##[endgroup]
2025-02-28T11:43:17.5395517Z [command]/usr/bin/git log -1 --format=%H
2025-02-28T11:43:17.5424059Z b2fdf418ac1a3631f8c3d2a5f392b6ebfa09ba0b
2025-02-28T11:43:17.5587292Z ##[group]Run if [ "false" == "true" ]; then
2025-02-28T11:43:17.5588319Z [36;1mif [ "false" == "true" ]; then[0m
2025-02-28T11:43:17.5589213Z [36;1m  echo "Using atom data sparse checkout"[0m
2025-02-28T11:43:17.5590225Z [36;1m  echo "atom_data/kurucz_cd23_chianti_H_He.h5" > .lfs-files-list[0m
2025-02-28T11:43:17.5591138Z [36;1melse[0m
2025-02-28T11:43:17.5591922Z [36;1m  echo "Using full repository checkout"[0m
2025-02-28T11:43:17.5592923Z [36;1m  git lfs ls-files -l | cut -d' ' -f1 | sort > .lfs-files-list[0m
2025-02-28T11:43:17.5594269Z [36;1mfi[0m
2025-02-28T11:43:17.5649069Z shell: /usr/bin/bash --noprofile --norc -e -o pipefail {0}
2025-02-28T11:43:17.5650015Z env:
2025-02-28T11:43:17.5650727Z   CACHE_NUMBER: 0
2025-02-28T11:43:17.5652007Z   PYTEST_FLAGS: --tardis-regression-data=/home/runner/work/tardis/tardis/tardis-regression-data --cov=tardis --cov-report=xml --cov-report=html --cov-append
2025-02-28T11:43:17.5654226Z   CODECOV_TOKEN: ***
2025-02-28T11:43:17.5654986Z ##[endgroup]
2025-02-28T11:43:17.5760710Z Using full repository checkout
2025-02-28T11:43:17.7310442Z ##[group]Run actions/cache/restore@v4
2025-02-28T11:43:17.7311273Z with:
2025-02-28T11:43:17.7312005Z   path: tardis-regression-data/.git/lfs
2025-02-28T11:43:17.7313472Z   key: tardis-regression-full-data-6e3f921411cf0a4e16018f0781785ab8728ab151c8f95ea20b0c8e8609b9a332-tardis-sn/tardis-regression-data-v1
2025-02-28T11:43:17.7314740Z   fail-on-cache-miss: true
2025-02-28T11:43:17.7315759Z   enableCrossOsArchive: false
2025-02-28T11:43:17.7316587Z   lookup-only: false
2025-02-28T11:43:17.7317297Z env:
2025-02-28T11:43:17.7317970Z   CACHE_NUMBER: 0
2025-02-28T11:43:17.7319236Z   PYTEST_FLAGS: --tardis-regression-data=/home/runner/work/tardis/tardis/tardis-regression-data --cov=tardis --cov-report=xml --cov-report=html --cov-append
2025-02-28T11:43:17.7320769Z   CODECOV_TOKEN: ***
2025-02-28T11:43:17.7321481Z ##[endgroup]
2025-02-28T11:43:17.9441610Z Cache hit for: tardis-regression-full-data-6e3f921411cf0a4e16018f0781785ab8728ab151c8f95ea20b0c8e8609b9a332-tardis-sn/tardis-regression-data-v1
2025-02-28T11:43:19.0015814Z Received 239075328 of 2160718086 (11.1%), 227.8 MBs/sec
2025-02-28T11:43:19.9973576Z Received 478150656 of 2160718086 (22.1%), 227.9 MBs/sec
2025-02-28T11:43:20.9969767Z Received 704643072 of 2160718086 (32.6%), 223.9 MBs/sec
2025-02-28T11:43:21.9996346Z Received 939524096 of 2160718086 (43.5%), 223.9 MBs/sec
2025-02-28T11:43:22.9981823Z Received 1195376640 of 2160718086 (55.3%), 227.9 MBs/sec
2025-02-28T11:43:23.9984609Z Received 1409286144 of 2160718086 (65.2%), 223.9 MBs/sec
2025-02-28T11:43:24.9979841Z Received 1686110208 of 2160718086 (78.0%), 229.6 MBs/sec
2025-02-28T11:43:26.0118435Z Received 1904214016 of 2160718086 (88.1%), 226.5 MBs/sec
2025-02-28T11:43:27.0126300Z Received 2148135174 of 2160718086 (99.4%), 227.2 MBs/sec
2025-02-28T11:43:27.0990241Z Received 2160718086 of 2160718086 (100.0%), 226.4 MBs/sec
2025-02-28T11:43:27.0993667Z Cache Size: ~2061 MB (2160718086 B)
2025-02-28T11:43:27.1034229Z [command]/usr/bin/tar -xf /home/runner/work/_temp/98168a06-dafa-4e1f-bea6-4cb157826af7/cache.tzst -P -C /home/runner/work/tardis/tardis --use-compress-program unzstd
2025-02-28T11:43:38.4681688Z Cache restored successfully
2025-02-28T11:43:38.8419318Z Cache restored from key: tardis-regression-full-data-6e3f921411cf0a4e16018f0781785ab8728ab151c8f95ea20b0c8e8609b9a332-tardis-sn/tardis-regression-data-v1
2025-02-28T11:43:38.8617076Z ##[group]Run git lfs checkout
2025-02-28T11:43:38.8617368Z [36;1mgit lfs checkout[0m
2025-02-28T11:43:38.8665842Z shell: /usr/bin/bash --noprofile --norc -e -o pipefail {0}
2025-02-28T11:43:38.8666180Z env:
2025-02-28T11:43:38.8666354Z   CACHE_NUMBER: 0
2025-02-28T11:43:38.8666950Z   PYTEST_FLAGS: --tardis-regression-data=/home/runner/work/tardis/tardis/tardis-regression-data --cov=tardis --cov-report=xml --cov-report=html --cov-append
2025-02-28T11:43:38.8667852Z   CODECOV_TOKEN: ***
2025-02-28T11:43:38.8668052Z ##[endgroup]
2025-02-28T11:43:58.9442066Z Checking out LFS objects: 100% (204/204), 5.7 GB | 258 MB/s, done.
2025-02-28T11:44:03.1589567Z Prepare all required actions
2025-02-28T11:44:03.1589919Z Getting action download info
2025-02-28T11:44:03.2484227Z Download action repository 'mamba-org/setup-micromamba@v1' (SHA:4b9113af4fba0e9e1124b252dd6497a419e7396d)
2025-02-28T11:44:03.4686641Z ##[group]Run ./.github/actions/setup_env
2025-02-28T11:44:03.4686918Z with:
2025-02-28T11:44:03.4687103Z   os-label: linux-64
2025-02-28T11:44:03.4687298Z env:
2025-02-28T11:44:03.4687469Z   CACHE_NUMBER: 0
2025-02-28T11:44:03.4688073Z   PYTEST_FLAGS: --tardis-regression-data=/home/runner/work/tardis/tardis/tardis-regression-data --cov=tardis --cov-report=xml --cov-report=html --cov-append
2025-02-28T11:44:03.4688841Z   CODECOV_TOKEN: ***
2025-02-28T11:44:03.4689034Z ##[endgroup]
2025-02-28T11:44:03.4711984Z ##[group]Run file_hash=$(cat conda-linux-64.lock | shasum -a 256 | cut -d' ' -f1)
2025-02-28T11:44:03.4712487Z [36;1mfile_hash=$(cat conda-linux-64.lock | shasum -a 256 | cut -d' ' -f1)[0m
2025-02-28T11:44:03.4713451Z [36;1mecho "file_hash=tardis-conda-env-linux-64-${file_hash}-v1" >> "${GITHUB_OUTPUT}"[0m
2025-02-28T11:44:03.4759824Z shell: /usr/bin/bash --noprofile --norc -e -o pipefail {0}
2025-02-28T11:44:03.4760151Z env:
2025-02-28T11:44:03.4760322Z   CACHE_NUMBER: 0
2025-02-28T11:44:03.4760920Z   PYTEST_FLAGS: --tardis-regression-data=/home/runner/work/tardis/tardis/tardis-regression-data --cov=tardis --cov-report=xml --cov-report=html --cov-append
2025-02-28T11:44:03.4761742Z   CODECOV_TOKEN: ***
2025-02-28T11:44:03.4761943Z ##[endgroup]
2025-02-28T11:44:03.5123436Z ##[group]Run mamba-org/setup-micromamba@v1
2025-02-28T11:44:03.5123718Z with:
2025-02-28T11:44:03.5123916Z   environment-file: conda-linux-64.lock
2025-02-28T11:44:03.5124478Z   cache-environment-key: tardis-conda-env-linux-64-1bfcc818b79d6e7f30001ef583d4cbf8b611cf6e4e626641987e436d32dd5614-v1
2025-02-28T11:44:03.5125318Z   cache-downloads-key: tardis-conda-env-linux-64-1bfcc818b79d6e7f30001ef583d4cbf8b611cf6e4e626641987e436d32dd5614-v1
2025-02-28T11:44:03.5125887Z   environment-name: tardis
2025-02-28T11:44:03.5126147Z   cache-environment: true
2025-02-28T11:44:03.5126364Z   cache-downloads: true
2025-02-28T11:44:03.5126558Z env:
2025-02-28T11:44:03.5126714Z   CACHE_NUMBER: 0
2025-02-28T11:44:03.5127304Z   PYTEST_FLAGS: --tardis-regression-data=/home/runner/work/tardis/tardis/tardis-regression-data --cov=tardis --cov-report=xml --cov-report=html --cov-append
2025-02-28T11:44:03.5128079Z   CODECOV_TOKEN: ***
2025-02-28T11:44:03.5128273Z ##[endgroup]
2025-02-28T11:44:03.6546293Z Will download micromamba to /home/runner/micromamba-bin/micromamba
2025-02-28T11:44:03.6555604Z ##[group]Install micromamba
2025-02-28T11:44:03.8662952Z micromamba installed to /home/runner/micromamba-bin/micromamba
2025-02-28T11:44:03.8664183Z ##[endgroup]
2025-02-28T11:44:03.8664852Z Adding conda-forge to condarc channels ...
2025-02-28T11:44:03.8675517Z ##[group]Initialize micromamba for bash.
2025-02-28T11:44:03.8692714Z [command]/home/runner/micromamba-bin/micromamba shell init -s bash -r /home/runner/micromamba --log-level warning --rc-file /home/runner/work/_temp/setup-micromamba/.condarc
2025-02-28T11:44:03.8815003Z Modifying RC file "/home/runner/.bashrc"
2025-02-28T11:44:03.8816491Z Generating config for root prefix [1m"/home/runner/micromamba"[0m
2025-02-28T11:44:03.8818738Z Setting mamba executable to: [1m"/home/runner/micromamba-bin/micromamba"[0m
2025-02-28T11:44:03.8819590Z Adding (or replacing) the following in your "/home/runner/.bashrc" file
2025-02-28T11:44:03.8820085Z 
2025-02-28T11:44:03.8820235Z # >>> mamba initialize >>>
2025-02-28T11:44:03.8820729Z # !! Contents within this block are managed by 'mamba init' !!
2025-02-28T11:44:03.8821396Z export MAMBA_EXE='/home/runner/micromamba-bin/micromamba';
2025-02-28T11:44:03.8822007Z export MAMBA_ROOT_PREFIX='/home/runner/micromamba';
2025-02-28T11:44:03.8822829Z __mamba_setup="$("$MAMBA_EXE" shell hook --shell bash --root-prefix "$MAMBA_ROOT_PREFIX" 2> /dev/null)"
2025-02-28T11:44:03.8823818Z if [ $? -eq 0 ]; then
2025-02-28T11:44:03.8824667Z     eval "$__mamba_setup"
2025-02-28T11:44:03.8825042Z else
2025-02-28T11:44:03.8825512Z     alias micromamba="$MAMBA_EXE"  # Fallback on help from mamba activate
2025-02-28T11:44:03.8826168Z fi
2025-02-28T11:44:03.8826447Z unset __mamba_setup
2025-02-28T11:44:03.8826781Z # <<< mamba initialize <<<
2025-02-28T11:44:03.8827008Z 
2025-02-28T11:44:03.8836884Z Moving mamba initialize block to .bash_profile
2025-02-28T11:44:03.8851612Z ##[endgroup]
2025-02-28T11:44:03.8852956Z ##[group]Restoring downloads from `/home/runner/micromamba/pkgs` ...
2025-02-28T11:44:05.0171538Z Received 293601280 of 358530607 (81.9%), 280.0 MBs/sec
2025-02-28T11:44:05.2192238Z Cache Size: ~342 MB (358530607 B)
2025-02-28T11:44:05.2237475Z [command]/usr/bin/tar -xf /home/runner/work/_temp/96431ab2-f1ad-47ef-9f13-6c4328eb9f2d/cache.tzst -P -C /home/runner/work/tardis/tardis --use-compress-program unzstd
2025-02-28T11:44:05.6842364Z Cache restored successfully
2025-02-28T11:44:05.7604452Z Restored cache with key `tardis-conda-env-linux-64-1bfcc818b79d6e7f30001ef583d4cbf8b611cf6e4e626641987e436d32dd5614-v1-linux-64`
2025-02-28T11:44:05.7606828Z ##[endgroup]
2025-02-28T11:44:05.7617210Z ##[group]Restoring environment `tardis` from `/home/runner/micromamba/envs/tardis` ...
2025-02-28T11:44:06.0184328Z Received 358530607 of 358530607 (100.0%), 170.8 MBs/sec
2025-02-28T11:44:06.8531117Z Received 339738624 of 445669008 (76.2%), 321.4 MBs/sec
2025-02-28T11:44:07.0794695Z Cache Size: ~425 MB (445669008 B)
2025-02-28T11:44:07.0888186Z [command]/usr/bin/tar -xf /home/runner/work/_temp/5420a5e1-f8db-4f75-acef-2e3bc28933d2/cache.tzst -P -C /home/runner/work/tardis/tardis --use-compress-program unzstd
2025-02-28T11:44:07.8537824Z Received 445669008 of 445669008 (100.0%), 211.6 MBs/sec
2025-02-28T11:44:12.2267955Z Cache restored successfully
2025-02-28T11:44:12.3137804Z Restored cache with key `tardis-conda-env-linux-64-1bfcc818b79d6e7f30001ef583d4cbf8b611cf6e4e626641987e436d32dd5614-v1-linux-64-tardis-args-4f53cda-root-dcc80ee-bin-[object Promise]-file-1bfcc818b79d6e7f30001ef583d4cbf8b611cf6e4e626641987e436d32dd5614`
2025-02-28T11:44:12.3140127Z ##[endgroup]
2025-02-28T11:44:12.3140520Z Adding environment tardis to auto-activate bash ...
2025-02-28T11:44:12.3150459Z Generating micromamba run shell.
2025-02-28T11:44:12.3159812Z ##[endgroup]
2025-02-28T11:44:12.3165799Z Set environment variables.
2025-02-28T11:44:12.3170372Z ##[group]micromamba info
2025-02-28T11:44:12.3174027Z [command]/home/runner/micromamba-bin/micromamba info -r /home/runner/micromamba -n tardis
2025-02-28T11:44:12.3416233Z 
2025-02-28T11:44:12.3416942Z        libmamba version : 1.5.10
2025-02-28T11:44:12.3418035Z      micromamba version : 1.5.10
2025-02-28T11:44:12.3418741Z            curl version : libcurl/8.10.1 OpenSSL/3.3.2 zlib/1.3.1 zstd/1.5.6 libssh2/1.11.0 nghttp2/1.58.0
2025-02-28T11:44:12.3419582Z      libarchive version : libarchive 3.7.4 zlib/1.2.13 bz2lib/1.0.8 libzstd/1.5.6
2025-02-28T11:44:12.3420298Z        envs directories : /home/runner/micromamba/envs
2025-02-28T11:44:12.3420853Z           package cache : /home/runner/micromamba/pkgs
2025-02-28T11:44:12.3421332Z                           /home/runner/.mamba/pkgs
2025-02-28T11:44:12.3421778Z             environment : tardis
2025-02-28T11:44:12.3437635Z            env location : /home/runner/micromamba/envs/tardis
2025-02-28T11:44:12.3438233Z       user config files : /home/runner/.mambarc
2025-02-28T11:44:12.3438898Z  populated config files : /home/runner/work/_temp/setup-micromamba/.condarc
2025-02-28T11:44:12.3439539Z        virtual packages : __unix=0=0
2025-02-28T11:44:12.3439886Z                           __linux=6.8.0=0
2025-02-28T11:44:12.3440338Z                           __glibc=2.39=0
2025-02-28T11:44:12.3440776Z                           __archspec=1=x86_64_v3
2025-02-28T11:44:12.3441361Z                channels : https://conda.anaconda.org/conda-forge/linux-64
2025-02-28T11:44:12.3441989Z                           https://conda.anaconda.org/conda-forge/noarch
2025-02-28T11:44:12.3442978Z        base environment : /home/runner/micromamba
2025-02-28T11:44:12.3443622Z                platform : linux-64
2025-02-28T11:44:12.3444133Z ##[endgroup]
2025-02-28T11:44:12.3444498Z ##[group]micromamba list
2025-02-28T11:44:12.3445044Z [command]/home/runner/micromamba-bin/micromamba list -r /home/runner/micromamba -n tardis
2025-02-28T11:44:12.7372179Z List of packages in environment: "/home/runner/micromamba/envs/tardis"
2025-02-28T11:44:12.7372969Z 
2025-02-28T11:44:12.7373735Z   Name                           Version              Build                    Channel    
2025-02-28T11:44:12.7375070Z ────────────────────────────────────────────────────────────────────────────────────────────
2025-02-28T11:44:12.7375682Z   _libgcc_mutex                  0.1                  conda_forge              conda-forge
2025-02-28T11:44:12.7376240Z   _openmp_mutex                  4.5                  2_gnu                    conda-forge
2025-02-28T11:44:12.7377284Z   alabaster                      0.7.16               pyhd8ed1ab_0             conda-forge
2025-02-28T11:44:12.7377803Z   anyio                          4.4.0                pyhd8ed1ab_0             conda-forge
2025-02-28T11:44:12.7378310Z   argon2-cffi                    23.1.0               pyhd8ed1ab_1             conda-forge
2025-02-28T11:44:12.7378933Z   argon2-cffi-bindings           21.2.0               py312h66e93f0_5          conda-forge
2025-02-28T11:44:12.7379478Z   arrow                          1.3.0                pyhd8ed1ab_1             conda-forge
2025-02-28T11:44:12.7379967Z   astropy                        6.1.1                py312h4fc7734_1          conda-forge
2025-02-28T11:44:12.7380502Z   astropy-iers-data              0.2024.6.17.0.31.35  pyhd8ed1ab_0             conda-forge
2025-02-28T11:44:12.7381013Z   astropy-sphinx-theme           1.1                  pyhd8ed1ab_1             conda-forge
2025-02-28T11:44:12.7381472Z   asttokens                      2.4.1                pyhd8ed1ab_0             conda-forge
2025-02-28T11:44:12.7381907Z   async-lru                      2.0.4                pyhd8ed1ab_1             conda-forge
2025-02-28T11:44:12.7382306Z   atk-1.0                        2.38.0               h04ea711_2               conda-forge
2025-02-28T11:44:12.7382684Z   attrs                          23.2.0               pyh71513ae_0             conda-forge
2025-02-28T11:44:12.7383065Z   babel                          2.14.0               pyhd8ed1ab_0             conda-forge
2025-02-28T11:44:12.7383815Z   beautifulsoup4                 4.12.3               pyha770c72_1             conda-forge
2025-02-28T11:44:12.7384241Z   bleach                         6.1.0                pyhd8ed1ab_0             conda-forge
2025-02-28T11:44:12.7384625Z   blosc                          1.21.6               hef167b5_0               conda-forge
2025-02-28T11:44:12.7385007Z   brotli                         1.1.0                hb9d3cd8_2               conda-forge
2025-02-28T11:44:12.7385503Z   brotli-bin                     1.1.0                hb9d3cd8_2               conda-forge
2025-02-28T11:44:12.7386002Z   brotli-python                  1.1.0                py312h2ec8cdc_2          conda-forge
2025-02-28T11:44:12.7386412Z   bzip2                          1.0.8                h4bc722e_7               conda-forge
2025-02-28T11:44:12.7386786Z   c-ares                         1.28.1               hd590300_0               conda-forge
2025-02-28T11:44:12.7387167Z   c-blosc2                       2.15.2               h68e2383_0               conda-forge
2025-02-28T11:44:12.7387596Z   ca-certificates                2024.12.14           hbcca054_0               conda-forge
2025-02-28T11:44:12.7388068Z   cached-property                1.5.2                hd8ed1ab_1               conda-forge
2025-02-28T11:44:12.7388523Z   cached_property                1.5.2                pyha770c72_1             conda-forge
2025-02-28T11:44:12.7388940Z   cairo                          1.18.0               h3faef2a_0               conda-forge
2025-02-28T11:44:12.7389527Z   certifi                        2024.12.14           pyhd8ed1ab_0             conda-forge
2025-02-28T11:44:12.7389931Z   cffi                           1.16.0               py312hf06ca03_0          conda-forge
2025-02-28T11:44:12.7390361Z   charset-normalizer             3.3.2                pyhd8ed1ab_0             conda-forge
2025-02-28T11:44:12.7390794Z   click                          8.1.7                unix_pyh707e725_1        conda-forge
2025-02-28T11:44:12.7391203Z   codespell                      2.3.0                pyhd8ed1ab_1             conda-forge
2025-02-28T11:44:12.7391616Z   colorama                       0.4.6                pyhd8ed1ab_1             conda-forge
2025-02-28T11:44:12.7391966Z   comm                           0.2.2                pyhd8ed1ab_1             conda-forge
2025-02-28T11:44:12.7392319Z   commonmark                     0.9.1                py_0                     conda-forge
2025-02-28T11:44:12.7392810Z   contourpy                      1.2.1                py312h8572e83_0          conda-forge
2025-02-28T11:44:12.7393164Z   coverage                       7.5.3                py312h9a8786e_0          conda-forge
2025-02-28T11:44:12.7393737Z   cycler                         0.12.1               pyhd8ed1ab_1             conda-forge
2025-02-28T11:44:12.7394094Z   dataclasses                    0.8                  pyhc8e2a94_3             conda-forge
2025-02-28T11:44:12.7394449Z   debugpy                        1.8.1                py312h30efb56_0          conda-forge
2025-02-28T11:44:12.7394804Z   decorator                      5.1.1                pyhd8ed1ab_1             conda-forge
2025-02-28T11:44:12.7395162Z   defusedxml                     0.7.1                pyhd8ed1ab_0             conda-forge
2025-02-28T11:44:12.7395521Z   docutils                       0.20.1               py312h7900ff3_3          conda-forge
2025-02-28T11:44:12.7395867Z   dot2tex                        2.11.3               pyhd8ed1ab_1             conda-forge
2025-02-28T11:44:12.7396246Z   entrypoints                    0.4                  pyhd8ed1ab_1             conda-forge
2025-02-28T11:44:12.7396633Z   exceptiongroup                 1.2.0                pyhd8ed1ab_2             conda-forge
2025-02-28T11:44:12.7397011Z   executing                      2.0.1                pyhd8ed1ab_0             conda-forge
2025-02-28T11:44:12.7397353Z   expat                          2.6.2                h59595ed_0               conda-forge
2025-02-28T11:44:12.7397741Z   font-ttf-dejavu-sans-mono      2.37                 hab24e00_0               conda-forge
2025-02-28T11:44:12.7398177Z   font-ttf-inconsolata           3.000                h77eed37_0               conda-forge
2025-02-28T11:44:12.7398618Z   font-ttf-source-code-pro       2.038                h77eed37_0               conda-forge
2025-02-28T11:44:12.7399031Z   font-ttf-ubuntu                0.83                 h77eed37_3               conda-forge
2025-02-28T11:44:12.7399414Z   fontconfig                     2.14.2               h14ed4e7_0               conda-forge
2025-02-28T11:44:12.7399805Z   fonts-conda-ecosystem          1                    0                        conda-forge
2025-02-28T11:44:12.7400205Z   fonts-conda-forge              1                    0                        conda-forge
2025-02-28T11:44:12.7400618Z   fonttools                      4.53.0               py312h9a8786e_0          conda-forge
2025-02-28T11:44:12.7400964Z   fqdn                           1.5.1                pyhd8ed1ab_1             conda-forge
2025-02-28T11:44:12.7401311Z   freetype                       2.12.1               h267a509_2               conda-forge
2025-02-28T11:44:12.7401659Z   fribidi                        1.0.10               h36c2ea0_0               conda-forge
2025-02-28T11:44:12.7402001Z   future                         1.0.0                pyhd8ed1ab_1             conda-forge
2025-02-28T11:44:12.7402361Z   gdk-pixbuf                     2.42.12              hb9ae30d_0               conda-forge
2025-02-28T11:44:12.7402944Z   giflib                         5.2.2                hd590300_0               conda-forge
2025-02-28T11:44:12.7403547Z   git-lfs                        3.5.1                h647637d_1               conda-forge
2025-02-28T11:44:12.7403876Z   gmp                            6.3.0                hac33072_2               conda-forge
2025-02-28T11:44:12.7404198Z   gmpy2                          2.1.5                py312h7201bc8_3          conda-forge
2025-02-28T11:44:12.7404545Z   graphite2                      1.3.13               h59595ed_1003            conda-forge
2025-02-28T11:44:12.7404900Z   graphviz                       11.0.0               hc68bbd7_0               conda-forge
2025-02-28T11:44:12.7405240Z   gtk2                           2.24.33              h280cfa0_4               conda-forge
2025-02-28T11:44:12.7405570Z   gts                            0.7.6                h977cf35_4               conda-forge
2025-02-28T11:44:12.7406019Z   h11                            0.14.0               pyhd8ed1ab_1             conda-forge
2025-02-28T11:44:12.7406359Z   h2                             4.1.0                pyhd8ed1ab_1             conda-forge
2025-02-28T11:44:12.7406703Z   h5py                           3.11.0               nompi_py312hedeef09_103  conda-forge
2025-02-28T11:44:12.7407056Z   harfbuzz                       8.5.0                hfac3d4d_0               conda-forge
2025-02-28T11:44:12.7407396Z   hdf5                           1.14.3               nompi_hdf9ad27_105       conda-forge
2025-02-28T11:44:12.7407901Z   hpack                          4.0.0                pyhd8ed1ab_1             conda-forge
2025-02-28T11:44:12.7408459Z   httpcore                       1.0.5                pyhd8ed1ab_0             conda-forge
2025-02-28T11:44:12.7409200Z   httpx                          0.27.0               pyhd8ed1ab_0             conda-forge
2025-02-28T11:44:12.7409815Z   hyperframe                     6.0.1                pyhd8ed1ab_1             conda-forge
2025-02-28T11:44:12.7410470Z   icu                            73.2                 h59595ed_0               conda-forge
2025-02-28T11:44:12.7411021Z   idna                           3.7                  pyhd8ed1ab_0             conda-forge
2025-02-28T11:44:12.7411595Z   imagesize                      1.4.1                pyhd8ed1ab_0             conda-forge
2025-02-28T11:44:12.7412261Z   importlib-metadata             7.1.0                pyha770c72_0             conda-forge
2025-02-28T11:44:12.7412905Z   importlib_metadata             7.1.0                hd8ed1ab_0               conda-forge
2025-02-28T11:44:12.7413797Z   importlib_resources            6.4.0                pyhd8ed1ab_0             conda-forge
2025-02-28T11:44:12.7414497Z   iniconfig                      2.0.0                pyhd8ed1ab_1             conda-forge
2025-02-28T11:44:12.7415153Z   ipykernel                      6.29.4               pyh3099207_0             conda-forge
2025-02-28T11:44:12.7415795Z   ipython                        8.25.0               pyh707e725_0             conda-forge
2025-02-28T11:44:12.7416470Z   ipython_genutils               0.2.0                pyhd8ed1ab_2             conda-forge
2025-02-28T11:44:12.7417131Z   ipywidgets                     7.8.0                pyhd8ed1ab_0             conda-forge
2025-02-28T11:44:12.7417769Z   isoduration                    20.11.0              pyhd8ed1ab_1             conda-forge
2025-02-28T11:44:12.7418345Z   jedi                           0.19.1               pyhd8ed1ab_0             conda-forge
2025-02-28T11:44:12.7418924Z   jinja2                         3.1.4                pyhd8ed1ab_1             conda-forge
2025-02-28T11:44:12.7419504Z   json5                          0.9.25               pyhd8ed1ab_0             conda-forge
2025-02-28T11:44:12.7420120Z   jsonpointer                    3.0.0                py312h7900ff3_1          conda-forge
2025-02-28T11:44:12.7420784Z   jsonschema                     4.22.0               pyhd8ed1ab_0             conda-forge
2025-02-28T11:44:12.7421826Z   jsonschema-specifications      2023.12.1            pyhd8ed1ab_0             conda-forge
2025-02-28T11:44:12.7422392Z   jsonschema-with-format-nongpl  4.22.0               pyhd8ed1ab_0             conda-forge
2025-02-28T11:44:12.7422844Z   jupyter-lsp                    2.2.5                pyhd8ed1ab_1             conda-forge
2025-02-28T11:44:12.7423448Z   jupyter_client                 8.6.2                pyhd8ed1ab_0             conda-forge
2025-02-28T11:44:12.7423896Z   jupyter_core                   5.7.2                pyh31011fe_1             conda-forge
2025-02-28T11:44:12.7424284Z   jupyter_events                 0.10.0               pyhd8ed1ab_1             conda-forge
2025-02-28T11:44:12.7424677Z   jupyter_server                 2.14.1               pyhd8ed1ab_1             conda-forge
2025-02-28T11:44:12.7425085Z   jupyter_server_terminals       0.5.3                pyhd8ed1ab_1             conda-forge
2025-02-28T11:44:12.7425488Z   jupyterlab                     4.2.2                pyhd8ed1ab_0             conda-forge
2025-02-28T11:44:12.7426033Z   jupyterlab_pygments            0.3.0                pyhd8ed1ab_2             conda-forge
2025-02-28T11:44:12.7426443Z   jupyterlab_server              2.27.2               pyhd8ed1ab_0             conda-forge
2025-02-28T11:44:12.7426853Z   jupyterlab_widgets             1.1.7                pyhd8ed1ab_0             conda-forge
2025-02-28T11:44:12.7427236Z   keyutils                       1.6.1                h166bdaf_0               conda-forge
2025-02-28T11:44:12.7427604Z   kiwisolver                     1.4.5                py312h68727a3_2          conda-forge
2025-02-28T11:44:12.7427951Z   krb5                           1.21.2               h659d440_0               conda-forge
2025-02-28T11:44:12.7428291Z   latexcodec                     2.0.1                pyh9f0ad1d_0             conda-forge
2025-02-28T11:44:12.7428642Z   lcms2                          2.16                 hb7c19ff_0               conda-forge
2025-02-28T11:44:12.7429000Z   ld_impl_linux-64               2.40                 hf3520f5_7               conda-forge
2025-02-28T11:44:12.7429343Z   lerc                           4.0.0                h27087fc_0               conda-forge
2025-02-28T11:44:12.7429664Z   libaec                         1.1.3                h59595ed_0               conda-forge
2025-02-28T11:44:12.7430011Z   libblas                        3.9.0                24_linux64_openblas      conda-forge
2025-02-28T11:44:12.7430384Z   libbrotlicommon                1.1.0                hb9d3cd8_2               conda-forge
2025-02-28T11:44:12.7430777Z   libbrotlidec                   1.1.0                hb9d3cd8_2               conda-forge
2025-02-28T11:44:12.7431145Z   libbrotlienc                   1.1.0                hb9d3cd8_2               conda-forge
2025-02-28T11:44:12.7431506Z   libcblas                       3.9.0                24_linux64_openblas      conda-forge
2025-02-28T11:44:12.7431852Z   libcurl                        8.8.0                hca28451_0               conda-forge
2025-02-28T11:44:12.7432211Z   libdeflate                     1.20                 hd590300_0               conda-forge
2025-02-28T11:44:12.7432571Z   libedit                        3.1.20191231         he28a2e2_2               conda-forge
2025-02-28T11:44:12.7432909Z   libev                          4.33                 hd590300_2               conda-forge
2025-02-28T11:44:12.7433414Z   libexpat                       2.6.2                h59595ed_0               conda-forge
2025-02-28T11:44:12.7433840Z   libffi                         3.4.2                h7f98852_5               conda-forge
2025-02-28T11:44:12.7434172Z   libgcc                         14.2.0               h77fa898_1               conda-forge
2025-02-28T11:44:12.7434521Z   libgcc-ng                      14.2.0               h69a702a_1               conda-forge
2025-02-28T11:44:12.7434869Z   libgd                          2.3.3                h119a65a_9               conda-forge
2025-02-28T11:44:12.7435432Z   libgfortran-ng                 13.2.0               h69a702a_13              conda-forge
2025-02-28T11:44:12.7435827Z   libgfortran5                   13.2.0               h3d2ce59_13              conda-forge
2025-02-28T11:44:12.7436188Z   libglib                        2.80.2               h8a4344b_1               conda-forge
2025-02-28T11:44:12.7436526Z   libgomp                        14.2.0               h77fa898_1               conda-forge
2025-02-28T11:44:12.7436868Z   libiconv                       1.17                 hd590300_2               conda-forge
2025-02-28T11:44:12.7437231Z   libjpeg-turbo                  3.0.0                hd590300_1               conda-forge
2025-02-28T11:44:12.7437603Z   liblapack                      3.9.0                24_linux64_openblas      conda-forge
2025-02-28T11:44:12.7437963Z   libllvm14                      14.0.6               hcd5def8_4               conda-forge
2025-02-28T11:44:12.7438332Z   libnghttp2                     1.58.0               h47da74e_1               conda-forge
2025-02-28T11:44:12.7438804Z   libnsl                         2.0.1                hd590300_0               conda-forge
2025-02-28T11:44:12.7439169Z   libopenblas                    0.3.27               pthreads_hac2b453_1      conda-forge
2025-02-28T11:44:12.7439528Z   libpng                         1.6.43               h2797004_0               conda-forge
2025-02-28T11:44:12.7439861Z   librsvg                        2.58.1               hadf69e7_0               conda-forge
2025-02-28T11:44:12.7440207Z   libsodium                      1.0.18               h36c2ea0_1               conda-forge
2025-02-28T11:44:12.7440572Z   libsqlite                      3.46.0               hde9e2c9_0               conda-forge
2025-02-28T11:44:12.7440923Z   libssh2                        1.11.0               h0841786_0               conda-forge
2025-02-28T11:44:12.7441266Z   libstdcxx                      14.2.0               hc0a3c3a_1               conda-forge
2025-02-28T11:44:12.7441639Z   libstdcxx-ng                   14.2.0               h4852527_1               conda-forge
2025-02-28T11:44:12.7441995Z   libtiff                        4.6.0                h1dd3fc0_3               conda-forge
2025-02-28T11:44:12.7442335Z   libuuid                        2.38.1               h0b41bf4_0               conda-forge
2025-02-28T11:44:12.7442675Z   libwebp                        1.4.0                h2c329e2_0               conda-forge
2025-02-28T11:44:12.7443029Z   libwebp-base                   1.4.0                hd590300_0               conda-forge
2025-02-28T11:44:12.7443570Z   libxcb                         1.15                 h0b41bf4_0               conda-forge
2025-02-28T11:44:12.7443919Z   libxcrypt                      4.4.36               hd590300_1               conda-forge
2025-02-28T11:44:12.7444269Z   libxml2                        2.12.7               h4c95cb1_3               conda-forge
2025-02-28T11:44:12.7444611Z   libxslt                        1.1.39               h76b75d6_0               conda-forge
2025-02-28T11:44:12.7444962Z   libzlib                        1.3.1                hb9d3cd8_2               conda-forge
2025-02-28T11:44:12.7445309Z   llvmlite                       0.43.0               py312h374181b_1          conda-forge
2025-02-28T11:44:12.7445659Z   lxml                           5.2.2                py312hb90d8a5_0          conda-forge
2025-02-28T11:44:12.7445982Z   lz4-c                          1.9.4                hcb278e6_0               conda-forge
2025-02-28T11:44:12.7446296Z   lzo                            2.10                 hd590300_1001            conda-forge
2025-02-28T11:44:12.7446633Z   markupsafe                     2.1.5                py312h66e93f0_1          conda-forge
2025-02-28T11:44:12.7447015Z   matplotlib-base                3.8.4                py312h20ab3a6_2          conda-forge
2025-02-28T11:44:12.7447420Z   matplotlib-inline              0.1.7                pyhd8ed1ab_1             conda-forge
2025-02-28T11:44:12.7448028Z   mistune                        3.0.2                pyhd8ed1ab_1             conda-forge
2025-02-28T11:44:12.7448391Z   mpc                            1.3.1                h24ddda3_1               conda-forge
2025-02-28T11:44:12.7448719Z   mpfr                           4.2.1                h90cbb55_3               conda-forge
2025-02-28T11:44:12.7449052Z   mpmath                         1.3.0                pyhd8ed1ab_1             conda-forge
2025-02-28T11:44:12.7449392Z   munkres                        1.1.4                pyh9f0ad1d_0             conda-forge
2025-02-28T11:44:12.7449754Z   mypy_extensions                1.0.0                pyha770c72_1             conda-forge
2025-02-28T11:44:12.7450125Z   nbclassic                      1.1.0                pyhd8ed1ab_1             conda-forge
2025-02-28T11:44:12.7450497Z   nbclient                       0.10.0               pyhd8ed1ab_0             conda-forge
2025-02-28T11:44:12.7450850Z   nbconvert                      7.16.4               hd8ed1ab_3               conda-forge
2025-02-28T11:44:12.7451537Z   nbconvert-core                 7.16.4               pyhd8ed1ab_3             conda-forge
2025-02-28T11:44:12.7451938Z   nbconvert-pandoc               7.16.4               hd8ed1ab_3               conda-forge
2025-02-28T11:44:12.7452320Z   nbformat                       5.10.4               pyhd8ed1ab_1             conda-forge
2025-02-28T11:44:12.7452671Z   nbsphinx                       0.9.4                pyhd8ed1ab_0             conda-forge
2025-02-28T11:44:12.7453020Z   ncurses                        6.5                  he02047a_1               conda-forge
2025-02-28T11:44:12.7453563Z   nest-asyncio                   1.6.0                pyhd8ed1ab_1             conda-forge
2025-02-28T11:44:12.7453928Z   networkx                       3.3                  pyhd8ed1ab_1             conda-forge
2025-02-28T11:44:12.7454267Z   nomkl                          1.0                  h5ca1d4c_0               conda-forge
2025-02-28T11:44:12.7454618Z   notebook                       7.2.1                pyhd8ed1ab_0             conda-forge
2025-02-28T11:44:12.7454980Z   notebook-shim                  0.2.4                pyhd8ed1ab_1             conda-forge
2025-02-28T11:44:12.7455333Z   numba                          0.60.0               py312h83e6fd3_0          conda-forge
2025-02-28T11:44:12.7455679Z   numexpr                        2.10.0               py312hf412c99_100        conda-forge
2025-02-28T11:44:12.7456030Z   numpy                          2.0.2                py312h58c1407_1          conda-forge
2025-02-28T11:44:12.7456376Z   numpydoc                       1.7.0                pyhd8ed1ab_3             conda-forge
2025-02-28T11:44:12.7456733Z   openjpeg                       2.5.2                h488ebb8_0               conda-forge
2025-02-28T11:44:12.7457081Z   openssl                        3.4.0                h7b32b05_1               conda-forge
2025-02-28T11:44:12.7457437Z   overrides                      7.7.0                pyhd8ed1ab_1             conda-forge
2025-02-28T11:44:12.7457839Z   packaging                      24.1                 pyhd8ed1ab_0             conda-forge
2025-02-28T11:44:12.7458191Z   pandas                         2.2.2                py312h1d6d2e6_1          conda-forge
2025-02-28T11:44:12.7458531Z   pandoc                         3.2.1                ha770c72_0               conda-forge
2025-02-28T11:44:12.7458892Z   pandocfilters                  1.5.0                pyhd8ed1ab_0             conda-forge
2025-02-28T11:44:12.7459265Z   pango                          1.54.0               h84a9a3c_0               conda-forge
2025-02-28T11:44:12.7459597Z   parso                          0.8.4                pyhd8ed1ab_1             conda-forge
2025-02-28T11:44:12.7459947Z   pathspec                       0.12.1               pyhd8ed1ab_1             conda-forge
2025-02-28T11:44:12.7460295Z   pbr                            6.0.0                pyhd8ed1ab_0             conda-forge
2025-02-28T11:44:12.7460640Z   pcre2                          10.44                hba22ea6_2               conda-forge
2025-02-28T11:44:12.7461118Z   pexpect                        4.9.0                pyhd8ed1ab_1             conda-forge
2025-02-28T11:44:12.7461499Z   pickleshare                    0.7.5                pyhd8ed1ab_1004          conda-forge
2025-02-28T11:44:12.7461864Z   pillow                         10.3.0               py312hdcec9eb_0          conda-forge
2025-02-28T11:44:12.7462198Z   pip                            24.0                 pyhd8ed1ab_0             conda-forge
2025-02-28T11:44:12.7462529Z   pixman                         0.43.2               h59595ed_0               conda-forge
2025-02-28T11:44:12.7462919Z   pkgutil-resolve-name           1.3.10               pyhd8ed1ab_2             conda-forge
2025-02-28T11:44:12.7463533Z   platformdirs                   4.2.2                pyhd8ed1ab_0             conda-forge
2025-02-28T11:44:12.7463900Z   plotly                         5.22.0               pyhd8ed1ab_0             conda-forge
2025-02-28T11:44:12.7464379Z   pluggy                         1.5.0                pyhd8ed1ab_1             conda-forge
2025-02-28T11:44:12.7464759Z   prometheus_client              0.20.0               pyhd8ed1ab_0             conda-forge
2025-02-28T11:44:12.7465157Z   prompt-toolkit                 3.0.47               pyha770c72_0             conda-forge
2025-02-28T11:44:12.7465522Z   psutil                         5.9.8                py312h98912ed_0          conda-forge
2025-02-28T11:44:12.7465882Z   pthread-stubs                  0.4                  hb9d3cd8_1002            conda-forge
2025-02-28T11:44:12.7466259Z   ptyprocess                     0.7.0                pyhd8ed1ab_1             conda-forge
2025-02-28T11:44:12.7466618Z   pure_eval                      0.2.2                pyhd8ed1ab_0             conda-forge
2025-02-28T11:44:12.7466981Z   py-cpuinfo                     9.0.0                pyhd8ed1ab_1             conda-forge
2025-02-28T11:44:12.7467342Z   pybtex                         0.24.0               pyhd8ed1ab_3             conda-forge
2025-02-28T11:44:12.7467719Z   pybtex-docutils                1.0.3                py312h7900ff3_2          conda-forge
2025-02-28T11:44:12.7468099Z   pycparser                      2.22                 pyh29332c3_1             conda-forge
2025-02-28T11:44:12.7468452Z   pyerfa                         2.0.1.4              py312hc0a28a1_2          conda-forge
2025-02-28T11:44:12.7468801Z   pygments                       2.18.0               pyhd8ed1ab_1             conda-forge
2025-02-28T11:44:12.7469172Z   pygraphviz                     1.13                 py312h4a1d8a7_1          conda-forge
2025-02-28T11:44:12.7469537Z   pyparsing                      3.1.2                pyhd8ed1ab_0             conda-forge
2025-02-28T11:44:12.7469892Z   pysocks                        1.7.1                pyha55dd90_7             conda-forge
2025-02-28T11:44:12.7470244Z   pytables                       3.10.2               py312h2895ec7_0          conda-forge
2025-02-28T11:44:12.7470595Z   pytest                         8.2.2                pyhd8ed1ab_0             conda-forge
2025-02-28T11:44:12.7470949Z   pytest-cov                     5.0.0                pyhd8ed1ab_0             conda-forge
2025-02-28T11:44:12.7471341Z   pytest-doctestplus             1.2.1                pyhd8ed1ab_0             conda-forge
2025-02-28T11:44:12.7471737Z   pytest-html                    4.1.1                pyhd8ed1ab_1             conda-forge
2025-02-28T11:44:12.7472119Z   pytest-metadata                3.1.1                pyhd8ed1ab_1             conda-forge
2025-02-28T11:44:12.7472492Z   python                         3.12.4               h194c7f8_0_cpython       conda-forge
2025-02-28T11:44:12.7472872Z   python-dateutil                2.9.0.post0          pyhff2d567_1             conda-forge
2025-02-28T11:44:12.7473518Z   python-fastjsonschema          2.20.0               pyhd8ed1ab_0             conda-forge
2025-02-28T11:44:12.7473954Z   python-json-logger             2.0.7                pyhd8ed1ab_0             conda-forge
2025-02-28T11:44:12.7474533Z   python-tzdata                  2024.1               pyhd8ed1ab_0             conda-forge
2025-02-28T11:44:12.7474926Z   python_abi                     3.12                 5_cp312                  conda-forge
2025-02-28T11:44:12.7475280Z   pytz                           2024.1               pyhd8ed1ab_0             conda-forge
2025-02-28T11:44:12.7475622Z   pyyaml                         6.0.1                py312h98912ed_1          conda-forge
2025-02-28T11:44:12.7475957Z   pyzmq                          26.0.3               py312h8fd38d8_0          conda-forge
2025-02-28T11:44:12.7476288Z   qgrid                          1.3.1                pyhd8ed1ab_4             conda-forge
2025-02-28T11:44:12.7476663Z   radioactivedecay               0.5.1                pyhd8ed1ab_1             conda-forge
2025-02-28T11:44:12.7477047Z   readline                       8.2                  h8228510_1               conda-forge
2025-02-28T11:44:12.7477541Z   recommonmark                   0.7.1                pyhd8ed1ab_1             conda-forge
2025-02-28T11:44:12.7477929Z   referencing                    0.35.1               pyhd8ed1ab_1             conda-forge
2025-02-28T11:44:12.7478294Z   requests                       2.32.3               pyhd8ed1ab_1             conda-forge
2025-02-28T11:44:12.7478676Z   rfc3339-validator              0.1.4                pyhd8ed1ab_1             conda-forge
2025-02-28T11:44:12.7479091Z   rfc3986-validator              0.1.1                pyh9f0ad1d_0             conda-forge
2025-02-28T11:44:12.7479463Z   rpds-py                        0.18.1               py312h4413252_0          conda-forge
2025-02-28T11:44:12.7479804Z   ruff                           0.4.9                py312h5715c7c_0          conda-forge
2025-02-28T11:44:12.7480138Z   scipy                          1.13.1               py312hc2bc53b_0          conda-forge
2025-02-28T11:44:12.7480494Z   send2trash                     1.8.3                pyh0d859eb_1             conda-forge
2025-02-28T11:44:12.7480869Z   setuptools                     70.0.0               pyhd8ed1ab_0             conda-forge
2025-02-28T11:44:12.7481247Z   setuptools-scm                 8.1.0                pyhd8ed1ab_1             conda-forge
2025-02-28T11:44:12.7481628Z   setuptools_scm                 8.1.0                hd8ed1ab_1               conda-forge
2025-02-28T11:44:12.7481987Z   six                            1.16.0               pyhd8ed1ab_1             conda-forge
2025-02-28T11:44:12.7482324Z   snakeviz                       2.2.0                pyhd8ed1ab_0             conda-forge
2025-02-28T11:44:12.7482668Z   snappy                         1.2.0                hdb0a2a9_1               conda-forge
2025-02-28T11:44:12.7483009Z   sniffio                        1.3.1                pyhd8ed1ab_1             conda-forge
2025-02-28T11:44:12.7483567Z   snowballstemmer                2.2.0                pyhd8ed1ab_0             conda-forge
2025-02-28T11:44:12.7483973Z   soupsieve                      2.5                  pyhd8ed1ab_1             conda-forge
2025-02-28T11:44:12.7484334Z   sphinx                         7.3.7                pyhd8ed1ab_0             conda-forge
2025-02-28T11:44:12.7484715Z   sphinx-astropy                 1.9.1                pyhd8ed1ab_1             conda-forge
2025-02-28T11:44:12.7485126Z   sphinx-automodapi              0.17.0               pyh717bed2_1             conda-forge
2025-02-28T11:44:12.7485532Z   sphinx-gallery                 0.16.0               pyhd8ed1ab_0             conda-forge
2025-02-28T11:44:12.7485936Z   sphinx-jsonschema              1.19.1               pyhd8ed1ab_1             conda-forge
2025-02-28T11:44:12.7486352Z   sphinx_bootstrap_theme         0.8.1                pyhd8ed1ab_1             conda-forge
2025-02-28T11:44:12.7486760Z   sphinx_rtd_theme               2.0.0                pyha770c72_0             conda-forge
2025-02-28T11:44:12.7487166Z   sphinxcontrib-apidoc           0.3.0                py_1                     conda-forge
2025-02-28T11:44:12.7487743Z   sphinxcontrib-applehelp        1.0.8                pyhd8ed1ab_0             conda-forge
2025-02-28T11:44:12.7488194Z   sphinxcontrib-bibtex           2.6.2                pyhd8ed1ab_0             conda-forge
2025-02-28T11:44:12.7488629Z   sphinxcontrib-devhelp          1.0.6                pyhd8ed1ab_0             conda-forge
2025-02-28T11:44:12.7489072Z   sphinxcontrib-htmlhelp         2.0.5                pyhd8ed1ab_0             conda-forge
2025-02-28T11:44:12.7489509Z   sphinxcontrib-jquery           4.1                  pyhd8ed1ab_1             conda-forge
2025-02-28T11:44:12.7489938Z   sphinxcontrib-jsmath           1.0.1                pyhd8ed1ab_1             conda-forge
2025-02-28T11:44:12.7490378Z   sphinxcontrib-qthelp           1.0.7                pyhd8ed1ab_0             conda-forge
2025-02-28T11:44:12.7490853Z   sphinxcontrib-serializinghtml  1.1.10               pyhd8ed1ab_1             conda-forge
2025-02-28T11:44:12.7491406Z   stack_data                     0.6.2                pyhd8ed1ab_0             conda-forge
2025-02-28T11:44:12.7491758Z   sympy                          1.12.1               pypyh2585a3b_103         conda-forge
2025-02-28T11:44:12.7492109Z   tabulate                       0.9.0                pyhd8ed1ab_2             conda-forge
2025-02-28T11:44:12.7492481Z   tenacity                       8.4.1                pyhd8ed1ab_0             conda-forge
2025-02-28T11:44:12.7492841Z   terminado                      0.18.1               pyh0d859eb_0             conda-forge
2025-02-28T11:44:12.7493355Z   tinycss2                       1.3.0                pyhd8ed1ab_0             conda-forge
2025-02-28T11:44:12.7493697Z   tk                             8.6.13               noxft_h4845f30_101       conda-forge
2025-02-28T11:44:12.7494017Z   toml                           0.10.2               pyhd8ed1ab_1             conda-forge
2025-02-28T11:44:12.7494350Z   tomli                          2.0.1                pyhd8ed1ab_0             conda-forge
2025-02-28T11:44:12.7494701Z   tornado                        6.4.1                py312h66e93f0_1          conda-forge
2025-02-28T11:44:12.7495039Z   tqdm                           4.66.4               pyhd8ed1ab_0             conda-forge
2025-02-28T11:44:12.7495388Z   traitlets                      5.14.3               pyhd8ed1ab_1             conda-forge
2025-02-28T11:44:12.7495756Z   typed-ast                      1.5.5                py312h98912ed_1          conda-forge
2025-02-28T11:44:12.7496164Z   types-python-dateutil          2.9.0.20240316       pyhd8ed1ab_0             conda-forge
2025-02-28T11:44:12.7496602Z   typing-extensions              4.12.2               hd8ed1ab_1               conda-forge
2025-02-28T11:44:12.7497005Z   typing_extensions              4.12.2               pyha770c72_1             conda-forge
2025-02-28T11:44:12.7497391Z   typing_utils                   0.1.0                pyhd8ed1ab_1             conda-forge
2025-02-28T11:44:12.7497763Z   tzdata                         2024a                h8827d51_1               conda-forge
2025-02-28T11:44:12.7498128Z   uri-template                   1.3.0                pyhd8ed1ab_1             conda-forge
2025-02-28T11:44:12.7498494Z   urllib3                        2.2.2                pyhd8ed1ab_1             conda-forge
2025-02-28T11:44:12.7498841Z   wcwidth                        0.2.13               pyhd8ed1ab_1             conda-forge
2025-02-28T11:44:12.7499195Z   webcolors                      24.6.0               pyhd8ed1ab_0             conda-forge
2025-02-28T11:44:12.7499563Z   webencodings                   0.5.1                pyhd8ed1ab_3             conda-forge
2025-02-28T11:44:12.7499962Z   websocket-client               1.8.0                pyhd8ed1ab_1             conda-forge
2025-02-28T11:44:12.7500364Z   wheel                          0.43.0               pyhd8ed1ab_1             conda-forge
2025-02-28T11:44:12.7500752Z   widgetsnbextension             3.6.6                pyhd8ed1ab_0             conda-forge
2025-02-28T11:44:12.7501287Z   xorg-kbproto                   1.0.7                hb9d3cd8_1003            conda-forge
2025-02-28T11:44:12.7501666Z   xorg-libice                    1.1.1                hb9d3cd8_1               conda-forge
2025-02-28T11:44:12.7502021Z   xorg-libsm                     1.2.4                he73a12e_1               conda-forge
2025-02-28T11:44:12.7502384Z   xorg-libx11                    1.8.9                h8ee46fc_0               conda-forge
2025-02-28T11:44:12.7502740Z   xorg-libxau                    1.0.11               hb9d3cd8_1               conda-forge
2025-02-28T11:44:12.7503118Z   xorg-libxdmcp                  1.1.3                hb9d3cd8_2               conda-forge
2025-02-28T11:44:12.7503680Z   xorg-libxext                   1.3.4                h0b41bf4_2               conda-forge
2025-02-28T11:44:12.7504057Z   xorg-libxrender                0.9.11               hd590300_0               conda-forge
2025-02-28T11:44:12.7504592Z   xorg-renderproto               0.11.1               hb9d3cd8_1003            conda-forge
2025-02-28T11:44:12.7504982Z   xorg-xextproto                 7.3.0                hb9d3cd8_1004            conda-forge
2025-02-28T11:44:12.7505357Z   xorg-xproto                    7.0.31               hb9d3cd8_1008            conda-forge
2025-02-28T11:44:12.7505695Z   xz                             5.2.6                h166bdaf_0               conda-forge
2025-02-28T11:44:12.7506013Z   yaml                           0.2.5                h7f98852_2               conda-forge
2025-02-28T11:44:12.7506336Z   zeromq                         4.3.5                h75354e8_4               conda-forge
2025-02-28T11:44:12.7506669Z   zipp                           3.19.2               pyhd8ed1ab_0             conda-forge
2025-02-28T11:44:12.7506995Z   zlib                           1.3.1                hb9d3cd8_2               conda-forge
2025-02-28T11:44:12.7507318Z   zlib-ng                        2.2.3                h7955e40_0               conda-forge
2025-02-28T11:44:12.7507682Z   zstandard                      0.23.0               py312hef9b889_1          conda-forge
2025-02-28T11:44:12.7508031Z   zstd                           1.5.6                ha6fb4c9_0               conda-forge
2025-02-28T11:44:12.7508573Z ##[endgroup]
2025-02-28T11:44:12.7579806Z ##[group]Run pip install -e . --user
2025-02-28T11:44:12.7580139Z [36;1mpip install -e . --user[0m
2025-02-28T11:44:12.7628802Z shell: /usr/bin/bash -l {0}
2025-02-28T11:44:12.7629055Z env:
2025-02-28T11:44:12.7629233Z   CACHE_NUMBER: 0
2025-02-28T11:44:12.7629851Z   PYTEST_FLAGS: --tardis-regression-data=/home/runner/work/tardis/tardis/tardis-regression-data --cov=tardis --cov-report=xml --cov-report=html --cov-append
2025-02-28T11:44:12.7630704Z   CODECOV_TOKEN: ***
2025-02-28T11:44:12.7630953Z   MAMBA_ROOT_PREFIX: /home/runner/micromamba
2025-02-28T11:44:12.7631266Z   MAMBA_EXE: /home/runner/micromamba-bin/micromamba
2025-02-28T11:44:12.7631633Z   CONDARC: /home/runner/work/_temp/setup-micromamba/.condarc
2025-02-28T11:44:12.7631977Z ##[endgroup]
2025-02-28T11:44:13.4770201Z Obtaining file:///home/runner/work/tardis/tardis
2025-02-28T11:44:13.4802172Z   Installing build dependencies: started
2025-02-28T11:44:16.3823572Z   Installing build dependencies: finished with status 'done'
2025-02-28T11:44:16.3829394Z   Checking if build backend supports build_editable: started
2025-02-28T11:44:16.5117447Z   Checking if build backend supports build_editable: finished with status 'done'
2025-02-28T11:44:16.5125561Z   Getting requirements to build editable: started
2025-02-28T11:44:17.0047570Z   Getting requirements to build editable: finished with status 'done'
2025-02-28T11:44:17.0056845Z   Preparing editable metadata (pyproject.toml): started
2025-02-28T11:44:17.4794237Z   Preparing editable metadata (pyproject.toml): finished with status 'done'
2025-02-28T11:44:17.5395305Z Requirement already satisfied: astropy in /home/runner/micromamba/envs/tardis/lib/python3.12/site-packages (from tardis==0.0.0) (6.1.1)
2025-02-28T11:44:17.5874315Z Requirement already satisfied: numpy>=1.23 in /home/runner/micromamba/envs/tardis/lib/python3.12/site-packages (from astropy->tardis==0.0.0) (2.0.2)
2025-02-28T11:44:17.5884357Z Requirement already satisfied: pyerfa>=2.0.1.1 in /home/runner/micromamba/envs/tardis/lib/python3.12/site-packages (from astropy->tardis==0.0.0) (2.0.1.4)
2025-02-28T11:44:17.5894602Z Requirement already satisfied: astropy-iers-data>=0.2024.5.27.0.30.8 in /home/runner/micromamba/envs/tardis/lib/python3.12/site-packages (from astropy->tardis==0.0.0) (0.2024.6.17.0.31.35)
2025-02-28T11:44:17.5905447Z Requirement already satisfied: PyYAML>=3.13 in /home/runner/micromamba/envs/tardis/lib/python3.12/site-packages (from astropy->tardis==0.0.0) (6.0.1)
2025-02-28T11:44:17.5916350Z Requirement already satisfied: packaging>=19.0 in /home/runner/micromamba/envs/tardis/lib/python3.12/site-packages (from astropy->tardis==0.0.0) (24.1)
2025-02-28T11:44:17.6020670Z Building wheels for collected packages: tardis
2025-02-28T11:44:17.6030372Z   Building editable for tardis (pyproject.toml): started
2025-02-28T11:44:18.3729897Z   Building editable for tardis (pyproject.toml): finished with status 'done'
2025-02-28T11:44:18.3737066Z   Created wheel for tardis: filename=tardis-0.0.0-0.editable-py3-none-any.whl size=8877 sha256=631bdd12deb794dfc363b5f85012bf125a665c009d46716a0c71dfafcad8a29e
2025-02-28T11:44:18.3738668Z   Stored in directory: /tmp/pip-ephem-wheel-cache-qbvz5e94/wheels/6a/c7/ae/89fa6dc2565455898176888ef0e2e475e4e90eb0124afcb995
2025-02-28T11:44:18.3765618Z Successfully built tardis
2025-02-28T11:44:19.1510429Z Installing collected packages: tardis
2025-02-28T11:44:19.1641160Z Successfully installed tardis-0.0.0
2025-02-28T11:44:19.3907837Z ##[group]Run pip install qgridnext
2025-02-28T11:44:19.3908160Z [36;1mpip install qgridnext[0m
2025-02-28T11:44:19.3955228Z shell: /usr/bin/bash -l {0}
2025-02-28T11:44:19.3955479Z env:
2025-02-28T11:44:19.3955662Z   CACHE_NUMBER: 0
2025-02-28T11:44:19.3956312Z   PYTEST_FLAGS: --tardis-regression-data=/home/runner/work/tardis/tardis/tardis-regression-data --cov=tardis --cov-report=xml --cov-report=html --cov-append
2025-02-28T11:44:19.3957135Z   CODECOV_TOKEN: ***
2025-02-28T11:44:19.3957376Z   MAMBA_ROOT_PREFIX: /home/runner/micromamba
2025-02-28T11:44:19.3957685Z   MAMBA_EXE: /home/runner/micromamba-bin/micromamba
2025-02-28T11:44:19.3958047Z   CONDARC: /home/runner/work/_temp/setup-micromamba/.condarc
2025-02-28T11:44:19.3958362Z ##[endgroup]
2025-02-28T11:44:20.0472524Z Collecting qgridnext
2025-02-28T11:44:20.0776495Z   Downloading qgridnext-2.0.4-py3-none-any.whl.metadata (9.9 kB)
2025-02-28T11:44:20.0887669Z Requirement already satisfied: pandas>=0.20.0 in /home/runner/micromamba/envs/tardis/lib/python3.12/site-packages (from qgridnext) (2.2.2)
2025-02-28T11:44:20.0897344Z Requirement already satisfied: ipywidgets>=7.0.0 in /home/runner/micromamba/envs/tardis/lib/python3.12/site-packages (from qgridnext) (7.8.0)
2025-02-28T11:44:20.0907466Z Requirement already satisfied: numpy in /home/runner/micromamba/envs/tardis/lib/python3.12/site-packages (from qgridnext) (2.0.2)
2025-02-28T11:44:20.0918457Z Requirement already satisfied: traitlets in /home/runner/micromamba/envs/tardis/lib/python3.12/site-packages (from qgridnext) (5.14.3)
2025-02-28T11:44:20.1014035Z Requirement already satisfied: comm>=0.1.3 in /home/runner/micromamba/envs/tardis/lib/python3.12/site-packages (from ipywidgets>=7.0.0->qgridnext) (0.2.2)
2025-02-28T11:44:20.1023535Z Requirement already satisfied: ipython-genutils~=0.2.0 in /home/runner/micromamba/envs/tardis/lib/python3.12/site-packages (from ipywidgets>=7.0.0->qgridnext) (0.2.0)
2025-02-28T11:44:20.1037621Z Requirement already satisfied: widgetsnbextension~=3.6.5 in /home/runner/micromamba/envs/tardis/lib/python3.12/site-packages (from ipywidgets>=7.0.0->qgridnext) (3.6.6)
2025-02-28T11:44:20.1057844Z Requirement already satisfied: ipython>=4.0.0 in /home/runner/micromamba/envs/tardis/lib/python3.12/site-packages (from ipywidgets>=7.0.0->qgridnext) (8.25.0)
2025-02-28T11:44:20.1073012Z Requirement already satisfied: jupyterlab-widgets<3,>=1.0.0 in /home/runner/micromamba/envs/tardis/lib/python3.12/site-packages (from ipywidgets>=7.0.0->qgridnext) (1.1.7)
2025-02-28T11:44:20.1526717Z Requirement already satisfied: python-dateutil>=2.8.2 in /home/runner/micromamba/envs/tardis/lib/python3.12/site-packages (from pandas>=0.20.0->qgridnext) (2.9.0.post0)
2025-02-28T11:44:20.1540649Z Requirement already satisfied: pytz>=2020.1 in /home/runner/micromamba/envs/tardis/lib/python3.12/site-packages (from pandas>=0.20.0->qgridnext) (2024.1)
2025-02-28T11:44:20.1549369Z Requirement already satisfied: tzdata>=2022.7 in /home/runner/micromamba/envs/tardis/lib/python3.12/site-packages (from pandas>=0.20.0->qgridnext) (2024.1)
2025-02-28T11:44:20.1874707Z Requirement already satisfied: decorator in /home/runner/micromamba/envs/tardis/lib/python3.12/site-packages (from ipython>=4.0.0->ipywidgets>=7.0.0->qgridnext) (5.1.1)
2025-02-28T11:44:20.1890227Z Requirement already satisfied: jedi>=0.16 in /home/runner/micromamba/envs/tardis/lib/python3.12/site-packages (from ipython>=4.0.0->ipywidgets>=7.0.0->qgridnext) (0.19.1)
2025-02-28T11:44:20.1899766Z Requirement already satisfied: matplotlib-inline in /home/runner/micromamba/envs/tardis/lib/python3.12/site-packages (from ipython>=4.0.0->ipywidgets>=7.0.0->qgridnext) (0.1.7)
2025-02-28T11:44:20.1911420Z Requirement already satisfied: prompt-toolkit<3.1.0,>=3.0.41 in /home/runner/micromamba/envs/tardis/lib/python3.12/site-packages (from ipython>=4.0.0->ipywidgets>=7.0.0->qgridnext) (3.0.47)
2025-02-28T11:44:20.1921236Z Requirement already satisfied: pygments>=2.4.0 in /home/runner/micromamba/envs/tardis/lib/python3.12/site-packages (from ipython>=4.0.0->ipywidgets>=7.0.0->qgridnext) (2.18.0)
2025-02-28T11:44:20.1932033Z Requirement already satisfied: stack-data in /home/runner/micromamba/envs/tardis/lib/python3.12/site-packages (from ipython>=4.0.0->ipywidgets>=7.0.0->qgridnext) (0.6.2)
2025-02-28T11:44:20.1952409Z Requirement already satisfied: pexpect>4.3 in /home/runner/micromamba/envs/tardis/lib/python3.12/site-packages (from ipython>=4.0.0->ipywidgets>=7.0.0->qgridnext) (4.9.0)
2025-02-28T11:44:20.2003653Z Requirement already satisfied: six>=1.5 in /home/runner/micromamba/envs/tardis/lib/python3.12/site-packages (from python-dateutil>=2.8.2->pandas>=0.20.0->qgridnext) (1.16.0)
2025-02-28T11:44:20.2065206Z Requirement already satisfied: notebook>=4.4.1 in /home/runner/micromamba/envs/tardis/lib/python3.12/site-packages (from widgetsnbextension~=3.6.5->ipywidgets>=7.0.0->qgridnext) (7.2.1)
2025-02-28T11:44:20.2261264Z Requirement already satisfied: parso<0.9.0,>=0.8.3 in /home/runner/micromamba/envs/tardis/lib/python3.12/site-packages (from jedi>=0.16->ipython>=4.0.0->ipywidgets>=7.0.0->qgridnext) (0.8.4)
2025-02-28T11:44:20.2414834Z Requirement already satisfied: jupyter-server<3,>=2.4.0 in /home/runner/micromamba/envs/tardis/lib/python3.12/site-packages (from notebook>=4.4.1->widgetsnbextension~=3.6.5->ipywidgets>=7.0.0->qgridnext) (2.14.1)
2025-02-28T11:44:20.2429138Z Requirement already satisfied: jupyterlab-server<3,>=2.27.1 in /home/runner/micromamba/envs/tardis/lib/python3.12/site-packages (from notebook>=4.4.1->widgetsnbextension~=3.6.5->ipywidgets>=7.0.0->qgridnext) (2.27.2)
2025-02-28T11:44:20.2445392Z Requirement already satisfied: jupyterlab<4.3,>=4.2.0 in /home/runner/micromamba/envs/tardis/lib/python3.12/site-packages (from notebook>=4.4.1->widgetsnbextension~=3.6.5->ipywidgets>=7.0.0->qgridnext) (4.2.2)
2025-02-28T11:44:20.2456669Z Requirement already satisfied: notebook-shim<0.3,>=0.2 in /home/runner/micromamba/envs/tardis/lib/python3.12/site-packages (from notebook>=4.4.1->widgetsnbextension~=3.6.5->ipywidgets>=7.0.0->qgridnext) (0.2.4)
2025-02-28T11:44:20.2466128Z Requirement already satisfied: tornado>=6.2.0 in /home/runner/micromamba/envs/tardis/lib/python3.12/site-packages (from notebook>=4.4.1->widgetsnbextension~=3.6.5->ipywidgets>=7.0.0->qgridnext) (6.4.1)
2025-02-28T11:44:20.2497999Z Requirement already satisfied: ptyprocess>=0.5 in /home/runner/micromamba/envs/tardis/lib/python3.12/site-packages (from pexpect>4.3->ipython>=4.0.0->ipywidgets>=7.0.0->qgridnext) (0.7.0)
2025-02-28T11:44:20.2529474Z Requirement already satisfied: wcwidth in /home/runner/micromamba/envs/tardis/lib/python3.12/site-packages (from prompt-toolkit<3.1.0,>=3.0.41->ipython>=4.0.0->ipywidgets>=7.0.0->qgridnext) (0.2.13)
2025-02-28T11:44:20.2674982Z Requirement already satisfied: executing>=1.2.0 in /home/runner/micromamba/envs/tardis/lib/python3.12/site-packages (from stack-data->ipython>=4.0.0->ipywidgets>=7.0.0->qgridnext) (2.0.1)
2025-02-28T11:44:20.2685617Z Requirement already satisfied: asttokens>=2.1.0 in /home/runner/micromamba/envs/tardis/lib/python3.12/site-packages (from stack-data->ipython>=4.0.0->ipywidgets>=7.0.0->qgridnext) (2.4.1)
2025-02-28T11:44:20.2711800Z Requirement already satisfied: pure-eval in /home/runner/micromamba/envs/tardis/lib/python3.12/site-packages (from stack-data->ipython>=4.0.0->ipywidgets>=7.0.0->qgridnext) (0.2.2)
2025-02-28T11:44:20.3073621Z Requirement already satisfied: anyio>=3.1.0 in /home/runner/micromamba/envs/tardis/lib/python3.12/site-packages (from jupyter-server<3,>=2.4.0->notebook>=4.4.1->widgetsnbextension~=3.6.5->ipywidgets>=7.0.0->qgridnext) (4.4.0)
2025-02-28T11:44:20.3085100Z Requirement already satisfied: argon2-cffi>=21.1 in /home/runner/micromamba/envs/tardis/lib/python3.12/site-packages (from jupyter-server<3,>=2.4.0->notebook>=4.4.1->widgetsnbextension~=3.6.5->ipywidgets>=7.0.0->qgridnext) (23.1.0)
2025-02-28T11:44:20.3095101Z Requirement already satisfied: jinja2>=3.0.3 in /home/runner/micromamba/envs/tardis/lib/python3.12/site-packages (from jupyter-server<3,>=2.4.0->notebook>=4.4.1->widgetsnbextension~=3.6.5->ipywidgets>=7.0.0->qgridnext) (3.1.4)
2025-02-28T11:44:20.3107569Z Requirement already satisfied: jupyter-client>=7.4.4 in /home/runner/micromamba/envs/tardis/lib/python3.12/site-packages (from jupyter-server<3,>=2.4.0->notebook>=4.4.1->widgetsnbextension~=3.6.5->ipywidgets>=7.0.0->qgridnext) (8.6.2)
2025-02-28T11:44:20.3120128Z Requirement already satisfied: jupyter-core!=5.0.*,>=4.12 in /home/runner/micromamba/envs/tardis/lib/python3.12/site-packages (from jupyter-server<3,>=2.4.0->notebook>=4.4.1->widgetsnbextension~=3.6.5->ipywidgets>=7.0.0->qgridnext) (5.7.2)
2025-02-28T11:44:20.3135959Z Requirement already satisfied: jupyter-events>=0.9.0 in /home/runner/micromamba/envs/tardis/lib/python3.12/site-packages (from jupyter-server<3,>=2.4.0->notebook>=4.4.1->widgetsnbextension~=3.6.5->ipywidgets>=7.0.0->qgridnext) (0.10.0)
2025-02-28T11:44:20.3148006Z Requirement already satisfied: jupyter-server-terminals>=0.4.4 in /home/runner/micromamba/envs/tardis/lib/python3.12/site-packages (from jupyter-server<3,>=2.4.0->notebook>=4.4.1->widgetsnbextension~=3.6.5->ipywidgets>=7.0.0->qgridnext) (0.5.3)
2025-02-28T11:44:20.3162429Z Requirement already satisfied: nbconvert>=6.4.4 in /home/runner/micromamba/envs/tardis/lib/python3.12/site-packages (from jupyter-server<3,>=2.4.0->notebook>=4.4.1->widgetsnbextension~=3.6.5->ipywidgets>=7.0.0->qgridnext) (7.16.4)
2025-02-28T11:44:20.3173891Z Requirement already satisfied: nbformat>=5.3.0 in /home/runner/micromamba/envs/tardis/lib/python3.12/site-packages (from jupyter-server<3,>=2.4.0->notebook>=4.4.1->widgetsnbextension~=3.6.5->ipywidgets>=7.0.0->qgridnext) (5.10.4)
2025-02-28T11:44:20.3183465Z Requirement already satisfied: overrides>=5.0 in /home/runner/micromamba/envs/tardis/lib/python3.12/site-packages (from jupyter-server<3,>=2.4.0->notebook>=4.4.1->widgetsnbextension~=3.6.5->ipywidgets>=7.0.0->qgridnext) (7.7.0)
2025-02-28T11:44:20.3193581Z Requirement already satisfied: packaging>=22.0 in /home/runner/micromamba/envs/tardis/lib/python3.12/site-packages (from jupyter-server<3,>=2.4.0->notebook>=4.4.1->widgetsnbextension~=3.6.5->ipywidgets>=7.0.0->qgridnext) (24.1)
2025-02-28T11:44:20.3202098Z Requirement already satisfied: prometheus-client>=0.9 in /home/runner/micromamba/envs/tardis/lib/python3.12/site-packages (from jupyter-server<3,>=2.4.0->notebook>=4.4.1->widgetsnbextension~=3.6.5->ipywidgets>=7.0.0->qgridnext) (0.20.0)
2025-02-28T11:44:20.3212829Z Requirement already satisfied: pyzmq>=24 in /home/runner/micromamba/envs/tardis/lib/python3.12/site-packages (from jupyter-server<3,>=2.4.0->notebook>=4.4.1->widgetsnbextension~=3.6.5->ipywidgets>=7.0.0->qgridnext) (26.0.3)
2025-02-28T11:44:20.3221778Z Requirement already satisfied: send2trash>=1.8.2 in /home/runner/micromamba/envs/tardis/lib/python3.12/site-packages (from jupyter-server<3,>=2.4.0->notebook>=4.4.1->widgetsnbextension~=3.6.5->ipywidgets>=7.0.0->qgridnext) (1.8.3)
2025-02-28T11:44:20.3233103Z Requirement already satisfied: terminado>=0.8.3 in /home/runner/micromamba/envs/tardis/lib/python3.12/site-packages (from jupyter-server<3,>=2.4.0->notebook>=4.4.1->widgetsnbextension~=3.6.5->ipywidgets>=7.0.0->qgridnext) (0.18.1)
2025-02-28T11:44:20.3250464Z Requirement already satisfied: websocket-client>=1.7 in /home/runner/micromamba/envs/tardis/lib/python3.12/site-packages (from jupyter-server<3,>=2.4.0->notebook>=4.4.1->widgetsnbextension~=3.6.5->ipywidgets>=7.0.0->qgridnext) (1.8.0)
2025-02-28T11:44:20.3541921Z Requirement already satisfied: async-lru>=1.0.0 in /home/runner/micromamba/envs/tardis/lib/python3.12/site-packages (from jupyterlab<4.3,>=4.2.0->notebook>=4.4.1->widgetsnbextension~=3.6.5->ipywidgets>=7.0.0->qgridnext) (2.0.4)
2025-02-28T11:44:20.3553882Z Requirement already satisfied: httpx>=0.25.0 in /home/runner/micromamba/envs/tardis/lib/python3.12/site-packages (from jupyterlab<4.3,>=4.2.0->notebook>=4.4.1->widgetsnbextension~=3.6.5->ipywidgets>=7.0.0->qgridnext) (0.27.0)
2025-02-28T11:44:20.3565825Z Requirement already satisfied: ipykernel>=6.5.0 in /home/runner/micromamba/envs/tardis/lib/python3.12/site-packages (from jupyterlab<4.3,>=4.2.0->notebook>=4.4.1->widgetsnbextension~=3.6.5->ipywidgets>=7.0.0->qgridnext) (6.29.4)
2025-02-28T11:44:20.3579817Z Requirement already satisfied: jupyter-lsp>=2.0.0 in /home/runner/micromamba/envs/tardis/lib/python3.12/site-packages (from jupyterlab<4.3,>=4.2.0->notebook>=4.4.1->widgetsnbextension~=3.6.5->ipywidgets>=7.0.0->qgridnext) (2.2.5)
2025-02-28T11:44:20.3606531Z Requirement already satisfied: setuptools>=40.1.0 in /home/runner/micromamba/envs/tardis/lib/python3.12/site-packages (from jupyterlab<4.3,>=4.2.0->notebook>=4.4.1->widgetsnbextension~=3.6.5->ipywidgets>=7.0.0->qgridnext) (70.0.0)
2025-02-28T11:44:20.3805114Z Requirement already satisfied: babel>=2.10 in /home/runner/micromamba/envs/tardis/lib/python3.12/site-packages (from jupyterlab-server<3,>=2.27.1->notebook>=4.4.1->widgetsnbextension~=3.6.5->ipywidgets>=7.0.0->qgridnext) (2.14.0)
2025-02-28T11:44:20.3831783Z Requirement already satisfied: json5>=0.9.0 in /home/runner/micromamba/envs/tardis/lib/python3.12/site-packages (from jupyterlab-server<3,>=2.27.1->notebook>=4.4.1->widgetsnbextension~=3.6.5->ipywidgets>=7.0.0->qgridnext) (0.9.25)
2025-02-28T11:44:20.3842763Z Requirement already satisfied: jsonschema>=4.18.0 in /home/runner/micromamba/envs/tardis/lib/python3.12/site-packages (from jupyterlab-server<3,>=2.27.1->notebook>=4.4.1->widgetsnbextension~=3.6.5->ipywidgets>=7.0.0->qgridnext) (4.22.0)
2025-02-28T11:44:20.3861258Z Requirement already satisfied: requests>=2.31 in /home/runner/micromamba/envs/tardis/lib/python3.12/site-packages (from jupyterlab-server<3,>=2.27.1->notebook>=4.4.1->widgetsnbextension~=3.6.5->ipywidgets>=7.0.0->qgridnext) (2.32.3)
2025-02-28T11:44:20.4233619Z Requirement already satisfied: idna>=2.8 in /home/runner/micromamba/envs/tardis/lib/python3.12/site-packages (from anyio>=3.1.0->jupyter-server<3,>=2.4.0->notebook>=4.4.1->widgetsnbextension~=3.6.5->ipywidgets>=7.0.0->qgridnext) (3.7)
2025-02-28T11:44:20.4243163Z Requirement already satisfied: sniffio>=1.1 in /home/runner/micromamba/envs/tardis/lib/python3.12/site-packages (from anyio>=3.1.0->jupyter-server<3,>=2.4.0->notebook>=4.4.1->widgetsnbextension~=3.6.5->ipywidgets>=7.0.0->qgridnext) (1.3.1)
2025-02-28T11:44:20.4350047Z Requirement already satisfied: argon2-cffi-bindings in /home/runner/micromamba/envs/tardis/lib/python3.12/site-packages (from argon2-cffi>=21.1->jupyter-server<3,>=2.4.0->notebook>=4.4.1->widgetsnbextension~=3.6.5->ipywidgets>=7.0.0->qgridnext) (21.2.0)
2025-02-28T11:44:20.4535541Z Requirement already satisfied: certifi in /home/runner/micromamba/envs/tardis/lib/python3.12/site-packages (from httpx>=0.25.0->jupyterlab<4.3,>=4.2.0->notebook>=4.4.1->widgetsnbextension~=3.6.5->ipywidgets>=7.0.0->qgridnext) (2024.12.14)
2025-02-28T11:44:20.4551876Z Requirement already satisfied: httpcore==1.* in /home/runner/micromamba/envs/tardis/lib/python3.12/site-packages (from httpx>=0.25.0->jupyterlab<4.3,>=4.2.0->notebook>=4.4.1->widgetsnbextension~=3.6.5->ipywidgets>=7.0.0->qgridnext) (1.0.5)
2025-02-28T11:44:20.4637851Z Requirement already satisfied: h11<0.15,>=0.13 in /home/runner/micromamba/envs/tardis/lib/python3.12/site-packages (from httpcore==1.*->httpx>=0.25.0->jupyterlab<4.3,>=4.2.0->notebook>=4.4.1->widgetsnbextension~=3.6.5->ipywidgets>=7.0.0->qgridnext) (0.14.0)
2025-02-28T11:44:20.4837886Z Requirement already satisfied: debugpy>=1.6.5 in /home/runner/micromamba/envs/tardis/lib/python3.12/site-packages (from ipykernel>=6.5.0->jupyterlab<4.3,>=4.2.0->notebook>=4.4.1->widgetsnbextension~=3.6.5->ipywidgets>=7.0.0->qgridnext) (1.8.1)
2025-02-28T11:44:20.4860517Z Requirement already satisfied: nest-asyncio in /home/runner/micromamba/envs/tardis/lib/python3.12/site-packages (from ipykernel>=6.5.0->jupyterlab<4.3,>=4.2.0->notebook>=4.4.1->widgetsnbextension~=3.6.5->ipywidgets>=7.0.0->qgridnext) (1.6.0)
2025-02-28T11:44:20.4882564Z Requirement already satisfied: psutil in /home/runner/micromamba/envs/tardis/lib/python3.12/site-packages (from ipykernel>=6.5.0->jupyterlab<4.3,>=4.2.0->notebook>=4.4.1->widgetsnbextension~=3.6.5->ipywidgets>=7.0.0->qgridnext) (5.9.8)
2025-02-28T11:44:20.5001943Z Requirement already satisfied: MarkupSafe>=2.0 in /home/runner/micromamba/envs/tardis/lib/python3.12/site-packages (from jinja2>=3.0.3->jupyter-server<3,>=2.4.0->notebook>=4.4.1->widgetsnbextension~=3.6.5->ipywidgets>=7.0.0->qgridnext) (2.1.5)
2025-02-28T11:44:20.5281868Z Requirement already satisfied: attrs>=22.2.0 in /home/runner/micromamba/envs/tardis/lib/python3.12/site-packages (from jsonschema>=4.18.0->jupyterlab-server<3,>=2.27.1->notebook>=4.4.1->widgetsnbextension~=3.6.5->ipywidgets>=7.0.0->qgridnext) (23.2.0)
2025-02-28T11:44:20.5292882Z Requirement already satisfied: jsonschema-specifications>=2023.03.6 in /home/runner/micromamba/envs/tardis/lib/python3.12/site-packages (from jsonschema>=4.18.0->jupyterlab-server<3,>=2.27.1->notebook>=4.4.1->widgetsnbextension~=3.6.5->ipywidgets>=7.0.0->qgridnext) (2023.12.1)
2025-02-28T11:44:20.5301742Z Requirement already satisfied: referencing>=0.28.4 in /home/runner/micromamba/envs/tardis/lib/python3.12/site-packages (from jsonschema>=4.18.0->jupyterlab-server<3,>=2.27.1->notebook>=4.4.1->widgetsnbextension~=3.6.5->ipywidgets>=7.0.0->qgridnext) (0.35.1)
2025-02-28T11:44:20.5311234Z Requirement already satisfied: rpds-py>=0.7.1 in /home/runner/micromamba/envs/tardis/lib/python3.12/site-packages (from jsonschema>=4.18.0->jupyterlab-server<3,>=2.27.1->notebook>=4.4.1->widgetsnbextension~=3.6.5->ipywidgets>=7.0.0->qgridnext) (0.18.1)
2025-02-28T11:44:20.5594255Z Requirement already satisfied: platformdirs>=2.5 in /home/runner/micromamba/envs/tardis/lib/python3.12/site-packages (from jupyter-core!=5.0.*,>=4.12->jupyter-server<3,>=2.4.0->notebook>=4.4.1->widgetsnbextension~=3.6.5->ipywidgets>=7.0.0->qgridnext) (4.2.2)
2025-02-28T11:44:20.5756255Z Requirement already satisfied: python-json-logger>=2.0.4 in /home/runner/micromamba/envs/tardis/lib/python3.12/site-packages (from jupyter-events>=0.9.0->jupyter-server<3,>=2.4.0->notebook>=4.4.1->widgetsnbextension~=3.6.5->ipywidgets>=7.0.0->qgridnext) (2.0.7)
2025-02-28T11:44:20.5765386Z Requirement already satisfied: pyyaml>=5.3 in /home/runner/micromamba/envs/tardis/lib/python3.12/site-packages (from jupyter-events>=0.9.0->jupyter-server<3,>=2.4.0->notebook>=4.4.1->widgetsnbextension~=3.6.5->ipywidgets>=7.0.0->qgridnext) (6.0.1)
2025-02-28T11:44:20.5776128Z Requirement already satisfied: rfc3339-validator in /home/runner/micromamba/envs/tardis/lib/python3.12/site-packages (from jupyter-events>=0.9.0->jupyter-server<3,>=2.4.0->notebook>=4.4.1->widgetsnbextension~=3.6.5->ipywidgets>=7.0.0->qgridnext) (0.1.4)
2025-02-28T11:44:20.5785169Z Requirement already satisfied: rfc3986-validator>=0.1.1 in /home/runner/micromamba/envs/tardis/lib/python3.12/site-packages (from jupyter-events>=0.9.0->jupyter-server<3,>=2.4.0->notebook>=4.4.1->widgetsnbextension~=3.6.5->ipywidgets>=7.0.0->qgridnext) (0.1.1)
2025-02-28T11:44:20.6244563Z Requirement already satisfied: beautifulsoup4 in /home/runner/micromamba/envs/tardis/lib/python3.12/site-packages (from nbconvert>=6.4.4->jupyter-server<3,>=2.4.0->notebook>=4.4.1->widgetsnbextension~=3.6.5->ipywidgets>=7.0.0->qgridnext) (4.12.3)
2025-02-28T11:44:20.6264758Z Requirement already satisfied: bleach!=5.0.0 in /home/runner/micromamba/envs/tardis/lib/python3.12/site-packages (from nbconvert>=6.4.4->jupyter-server<3,>=2.4.0->notebook>=4.4.1->widgetsnbextension~=3.6.5->ipywidgets>=7.0.0->qgridnext) (6.1.0)
2025-02-28T11:44:20.6279682Z Requirement already satisfied: defusedxml in /home/runner/micromamba/envs/tardis/lib/python3.12/site-packages (from nbconvert>=6.4.4->jupyter-server<3,>=2.4.0->notebook>=4.4.1->widgetsnbextension~=3.6.5->ipywidgets>=7.0.0->qgridnext) (0.7.1)
2025-02-28T11:44:20.6295332Z Requirement already satisfied: jupyterlab-pygments in /home/runner/micromamba/envs/tardis/lib/python3.12/site-packages (from nbconvert>=6.4.4->jupyter-server<3,>=2.4.0->notebook>=4.4.1->widgetsnbextension~=3.6.5->ipywidgets>=7.0.0->qgridnext) (0.3.0)
2025-02-28T11:44:20.6308431Z Requirement already satisfied: mistune<4,>=2.0.3 in /home/runner/micromamba/envs/tardis/lib/python3.12/site-packages (from nbconvert>=6.4.4->jupyter-server<3,>=2.4.0->notebook>=4.4.1->widgetsnbextension~=3.6.5->ipywidgets>=7.0.0->qgridnext) (3.0.2)
2025-02-28T11:44:20.6321692Z Requirement already satisfied: nbclient>=0.5.0 in /home/runner/micromamba/envs/tardis/lib/python3.12/site-packages (from nbconvert>=6.4.4->jupyter-server<3,>=2.4.0->notebook>=4.4.1->widgetsnbextension~=3.6.5->ipywidgets>=7.0.0->qgridnext) (0.10.0)
2025-02-28T11:44:20.6338872Z Requirement already satisfied: pandocfilters>=1.4.1 in /home/runner/micromamba/envs/tardis/lib/python3.12/site-packages (from nbconvert>=6.4.4->jupyter-server<3,>=2.4.0->notebook>=4.4.1->widgetsnbextension~=3.6.5->ipywidgets>=7.0.0->qgridnext) (1.5.0)
2025-02-28T11:44:20.6348595Z Requirement already satisfied: tinycss2 in /home/runner/micromamba/envs/tardis/lib/python3.12/site-packages (from nbconvert>=6.4.4->jupyter-server<3,>=2.4.0->notebook>=4.4.1->widgetsnbextension~=3.6.5->ipywidgets>=7.0.0->qgridnext) (1.3.0)
2025-02-28T11:44:20.6479339Z Requirement already satisfied: fastjsonschema>=2.15 in /home/runner/micromamba/envs/tardis/lib/python3.12/site-packages (from nbformat>=5.3.0->jupyter-server<3,>=2.4.0->notebook>=4.4.1->widgetsnbextension~=3.6.5->ipywidgets>=7.0.0->qgridnext) (2.20.0)
2025-02-28T11:44:20.6827607Z Requirement already satisfied: charset_normalizer<4,>=2 in /home/runner/micromamba/envs/tardis/lib/python3.12/site-packages (from requests>=2.31->jupyterlab-server<3,>=2.27.1->notebook>=4.4.1->widgetsnbextension~=3.6.5->ipywidgets>=7.0.0->qgridnext) (3.3.2)
2025-02-28T11:44:20.6843798Z Requirement already satisfied: urllib3<3,>=1.21.1 in /home/runner/micromamba/envs/tardis/lib/python3.12/site-packages (from requests>=2.31->jupyterlab-server<3,>=2.27.1->notebook>=4.4.1->widgetsnbextension~=3.6.5->ipywidgets>=7.0.0->qgridnext) (2.2.2)
2025-02-28T11:44:20.7704775Z Requirement already satisfied: webencodings in /home/runner/micromamba/envs/tardis/lib/python3.12/site-packages (from bleach!=5.0.0->nbconvert>=6.4.4->jupyter-server<3,>=2.4.0->notebook>=4.4.1->widgetsnbextension~=3.6.5->ipywidgets>=7.0.0->qgridnext) (0.5.1)
2025-02-28T11:44:20.8338577Z Requirement already satisfied: fqdn in /home/runner/micromamba/envs/tardis/lib/python3.12/site-packages (from jsonschema[format-nongpl]>=4.18.0->jupyter-events>=0.9.0->jupyter-server<3,>=2.4.0->notebook>=4.4.1->widgetsnbextension~=3.6.5->ipywidgets>=7.0.0->qgridnext) (1.5.1)
2025-02-28T11:44:20.8354151Z Requirement already satisfied: isoduration in /home/runner/micromamba/envs/tardis/lib/python3.12/site-packages (from jsonschema[format-nongpl]>=4.18.0->jupyter-events>=0.9.0->jupyter-server<3,>=2.4.0->notebook>=4.4.1->widgetsnbextension~=3.6.5->ipywidgets>=7.0.0->qgridnext) (20.11.0)
2025-02-28T11:44:20.8369090Z Requirement already satisfied: jsonpointer>1.13 in /home/runner/micromamba/envs/tardis/lib/python3.12/site-packages (from jsonschema[format-nongpl]>=4.18.0->jupyter-events>=0.9.0->jupyter-server<3,>=2.4.0->notebook>=4.4.1->widgetsnbextension~=3.6.5->ipywidgets>=7.0.0->qgridnext) (3.0.0)
2025-02-28T11:44:20.8388278Z Requirement already satisfied: uri-template in /home/runner/micromamba/envs/tardis/lib/python3.12/site-packages (from jsonschema[format-nongpl]>=4.18.0->jupyter-events>=0.9.0->jupyter-server<3,>=2.4.0->notebook>=4.4.1->widgetsnbextension~=3.6.5->ipywidgets>=7.0.0->qgridnext) (1.3.0)
2025-02-28T11:44:20.8401653Z Requirement already satisfied: webcolors>=1.11 in /home/runner/micromamba/envs/tardis/lib/python3.12/site-packages (from jsonschema[format-nongpl]>=4.18.0->jupyter-events>=0.9.0->jupyter-server<3,>=2.4.0->notebook>=4.4.1->widgetsnbextension~=3.6.5->ipywidgets>=7.0.0->qgridnext) (24.6.0)
2025-02-28T11:44:20.9501484Z Requirement already satisfied: cffi>=1.0.1 in /home/runner/micromamba/envs/tardis/lib/python3.12/site-packages (from argon2-cffi-bindings->argon2-cffi>=21.1->jupyter-server<3,>=2.4.0->notebook>=4.4.1->widgetsnbextension~=3.6.5->ipywidgets>=7.0.0->qgridnext) (1.16.0)
2025-02-28T11:44:20.9614313Z Requirement already satisfied: soupsieve>1.2 in /home/runner/micromamba/envs/tardis/lib/python3.12/site-packages (from beautifulsoup4->nbconvert>=6.4.4->jupyter-server<3,>=2.4.0->notebook>=4.4.1->widgetsnbextension~=3.6.5->ipywidgets>=7.0.0->qgridnext) (2.5)
2025-02-28T11:44:21.0209904Z Requirement already satisfied: pycparser in /home/runner/micromamba/envs/tardis/lib/python3.12/site-packages (from cffi>=1.0.1->argon2-cffi-bindings->argon2-cffi>=21.1->jupyter-server<3,>=2.4.0->notebook>=4.4.1->widgetsnbextension~=3.6.5->ipywidgets>=7.0.0->qgridnext) (2.22)
2025-02-28T11:44:21.0744781Z Requirement already satisfied: arrow>=0.15.0 in /home/runner/micromamba/envs/tardis/lib/python3.12/site-packages (from isoduration->jsonschema[format-nongpl]>=4.18.0->jupyter-events>=0.9.0->jupyter-server<3,>=2.4.0->notebook>=4.4.1->widgetsnbextension~=3.6.5->ipywidgets>=7.0.0->qgridnext) (1.3.0)
2025-02-28T11:44:21.1063097Z Requirement already satisfied: types-python-dateutil>=2.8.10 in /home/runner/micromamba/envs/tardis/lib/python3.12/site-packages (from arrow>=0.15.0->isoduration->jsonschema[format-nongpl]>=4.18.0->jupyter-events>=0.9.0->jupyter-server<3,>=2.4.0->notebook>=4.4.1->widgetsnbextension~=3.6.5->ipywidgets>=7.0.0->qgridnext) (2.9.0.20240316)
2025-02-28T11:44:21.1380047Z Downloading qgridnext-2.0.4-py3-none-any.whl (1.3 MB)
2025-02-28T11:44:21.1734927Z    ━━━━━━━━━━━━━━━━━━━━━━━━━━━━━━━━━━━━━━━━ 1.3/1.3 MB 38.1 MB/s eta 0:00:00
2025-02-28T11:44:21.9825906Z Installing collected packages: qgridnext
2025-02-28T11:44:22.0541523Z Successfully installed qgridnext-2.0.4
2025-02-28T11:44:22.2604134Z ##[group]Run pytest tardis --tardis-regression-data=/home/runner/work/tardis/tardis/tardis-regression-data --cov=tardis --cov-report=xml --cov-report=html --cov-append -m "not continuum"
2025-02-28T11:44:22.2605471Z [36;1mpytest tardis --tardis-regression-data=/home/runner/work/tardis/tardis/tardis-regression-data --cov=tardis --cov-report=xml --cov-report=html --cov-append -m "not continuum"[0m
2025-02-28T11:44:22.2652473Z shell: /usr/bin/bash -l {0}
2025-02-28T11:44:22.2652734Z env:
2025-02-28T11:44:22.2652922Z   CACHE_NUMBER: 0
2025-02-28T11:44:22.2653794Z   PYTEST_FLAGS: --tardis-regression-data=/home/runner/work/tardis/tardis/tardis-regression-data --cov=tardis --cov-report=xml --cov-report=html --cov-append
2025-02-28T11:44:22.2654763Z   CODECOV_TOKEN: ***
2025-02-28T11:44:22.2655023Z   MAMBA_ROOT_PREFIX: /home/runner/micromamba
2025-02-28T11:44:22.2655353Z   MAMBA_EXE: /home/runner/micromamba-bin/micromamba
2025-02-28T11:44:22.2655772Z   CONDARC: /home/runner/work/_temp/setup-micromamba/.condarc
2025-02-28T11:44:22.2656086Z ##[endgroup]
2025-02-28T11:44:31.5071568Z ============================= test session starts ==============================
2025-02-28T11:44:31.5072290Z platform linux -- Python 3.12.4, pytest-8.2.2, pluggy-1.5.0
2025-02-28T11:44:31.5072906Z rootdir: /home/runner/work/tardis/tardis
2025-02-28T11:44:31.5073630Z configfile: pyproject.toml
2025-02-28T11:44:31.5074239Z plugins: metadata-3.1.1, doctestplus-1.2.1, html-4.1.1, cov-5.0.0, anyio-4.4.0
2025-02-28T11:44:31.5074926Z collected 1798 items / 2 deselected / 1796 selected
2025-02-28T11:44:31.5075282Z 
2025-02-28T11:44:36.6250117Z tardis/energy_input/tests/test_energy_source.py ..xxx                    [  0%]
2025-02-28T11:44:39.3060189Z tardis/energy_input/tests/test_gamma_ray_channel.py .............        [  1%]
2025-02-28T11:44:41.0223057Z tardis/energy_input/tests/test_gamma_ray_grid.py xx.                     [  1%]
2025-02-28T11:44:42.8815243Z tardis/energy_input/tests/test_gamma_ray_interactions.py xx....          [  1%]
2025-02-28T11:44:42.8909169Z tardis/energy_input/tests/test_gamma_ray_packet_source.py sssssssss      [  2%]
2025-02-28T11:44:44.4103100Z tardis/energy_input/tests/test_util.py .....xxxx.....                    [  2%]
2025-02-28T11:44:44.7899345Z tardis/grid/tests/test_grid.py .                                         [  2%]
2025-02-28T11:44:44.7916401Z tardis/gui/tests/test_gui.py s                                           [  2%]
2025-02-28T11:44:48.6131089Z tardis/io/configuration/tests/test_config_reader.py ...........          [  3%]
2025-02-28T11:44:48.6266776Z tardis/io/configuration/tests/test_configuration_namespace.py .........  [  4%]
2025-02-28T11:44:48.6540833Z tardis/io/logger/tests/test_logging.py ssssssssssssssssssssssssssss      [  5%]
2025-02-28T11:45:29.9628179Z tardis/io/model/readers/tests/test_arepo_parser.py ..                    [  5%]
2025-02-28T11:45:29.9783895Z tardis/io/model/readers/tests/test_ascii_readers.py ...                  [  5%]
2025-02-28T11:45:29.9910391Z tardis/io/model/readers/tests/test_cmfgen_reader.py ..                   [  5%]
2025-02-28T11:45:30.0302368Z tardis/io/model/readers/tests/test_csvy_reader.py ....                   [  6%]
2025-02-28T11:45:30.0530450Z tardis/io/model/readers/tests/test_stella_reader.py ..                   [  6%]
2025-02-28T11:45:30.3820576Z tardis/io/tests/test_HDFWriter.py ...............                        [  7%]
2025-02-28T11:45:30.7067351Z tardis/io/tests/test_atomic.py .....                                     [  7%]
2025-02-28T11:45:30.7285507Z tardis/io/tests/test_decay.py ..                                         [  7%]
2025-02-28T11:45:30.9321035Z tardis/io/tests/test_model_reader.py ......                              [  7%]
2025-02-28T11:45:30.9392088Z tardis/model/geometry/tests/test_radial1d.py ..                          [  7%]
2025-02-28T11:46:32.3710725Z tardis/model/tests/test_base.py ........................................ [ 10%]
2025-02-28T11:46:33.3814615Z ............                                                             [ 10%]
2025-02-28T11:46:36.5440825Z tardis/model/tests/test_csvy_model.py .........                          [ 11%]
2025-02-28T11:46:36.5946954Z tardis/model/tests/test_density.py ..                                    [ 11%]
2025-02-28T11:46:37.9342062Z tardis/opacities/tests/test_opacity_solver.py .....                      [ 11%]
2025-02-28T11:46:39.2896876Z tardis/opacities/tests/test_opacity_state_numba.py .....                 [ 12%]
2025-02-28T11:46:41.2968607Z tardis/opacities/tests/test_tau_sobolev.py ..                            [ 12%]
2025-02-28T11:46:44.0603013Z tardis/plasma/equilibrium/tests/test_collisional_transitions.py ...      [ 12%]
2025-02-28T11:47:31.0646967Z tardis/plasma/equilibrium/tests/test_level_populations.py ....           [ 12%]
2025-02-28T11:47:42.9759080Z tardis/plasma/equilibrium/tests/test_rate_matrix.py .                    [ 12%]
2025-02-28T11:47:44.4706595Z tardis/plasma/tests/test_complete_plasmas.py ..............s......s..... [ 14%]
2025-02-28T11:47:47.4730311Z s....ssssss............s......s.....ss.....s....ssssss............s..... [ 18%]
2025-02-28T11:47:49.2527827Z .s.....ss.....s....ssssss............s......s.....ss.....s....ssssss.... [ 22%]
2025-02-28T11:47:52.2254584Z ........s......s.....ss.....s....ssssss............s......s.....ss.....s [ 26%]
2025-02-28T11:47:55.1876238Z ....ssssss............s......s.....ss.....s....ssssss............s...... [ 30%]
2025-02-28T11:47:55.9355390Z s.....ss.....s....ssssss............s......s.....ss.....s.ss.ssssss..... [ 34%]
2025-02-28T11:47:58.8777916Z .......s......s.....ss.....s....ssssss............s......s.....ss.....s. [ 38%]
2025-02-28T11:48:01.8179669Z ...ssssss............s......s.....ss.....s....ssssss............s......s [ 42%]
2025-02-28T11:48:04.9804725Z .....ss.....s....ssssss............s......s.....s...........ssssss...... [ 46%]
2025-02-28T11:48:06.8177016Z ......s......s.....s...........ssssss............s......s.....s......... [ 50%]
2025-02-28T11:48:09.7727466Z ..ssssss............s......s.....ss.....s....ssssss............s......s. [ 54%]
2025-02-28T11:48:13.4435153Z ....ss.....s....ssssss...................s......s.....s....ssss......... [ 58%]
2025-02-28T11:48:13.7495912Z ............s......s.....s....ssss.......                                [ 60%]
2025-02-28T11:48:13.8709337Z tardis/plasma/tests/test_hdf_plasma.py ................................. [ 62%]
2025-02-28T11:48:13.8827934Z ......                                                                   [ 62%]
2025-02-28T11:48:14.0222254Z tardis/plasma/tests/test_nlte_excitation.py ...                          [ 62%]
2025-02-28T11:50:33.8237124Z tardis/plasma/tests/test_nlte_solver.py .....X                           [ 63%]
2025-02-28T11:50:33.8262662Z tardis/plasma/tests/test_plasma_continuum.py .                           [ 63%]
2025-02-28T11:50:57.7966341Z tardis/plasma/tests/test_plasma_vboundary.py .............               [ 63%]
2025-02-28T11:51:11.1967889Z tardis/plasma/tests/test_tardis_model_density_config.py ...              [ 64%]
2025-02-28T11:51:11.9707208Z tardis/simulation/tests/test_convergence.py .....                        [ 64%]
2025-02-28T11:51:20.6801937Z tardis/simulation/tests/test_simulation.py .............                 [ 65%]
2025-02-28T11:51:20.7002167Z tardis/spectrum/tests/test_cuda_formal_integral.py sssssssssssssssssssss [ 66%]
2025-02-28T11:51:21.1865355Z ssss...ssssssssssssssssssssss                                            [ 67%]
2025-02-28T11:51:21.1939518Z tardis/spectrum/tests/test_luminosity.py ....                            [ 68%]
2025-02-28T11:51:22.8535394Z tardis/spectrum/tests/test_numba_formal_integral.py .................... [ 69%]
2025-02-28T11:51:22.8732914Z ..........                                                               [ 69%]
2025-02-28T11:51:23.0558568Z tardis/spectrum/tests/test_spectrum.py ................................. [ 71%]
2025-02-28T11:51:23.0919665Z .........                                                                [ 72%]
2025-02-28T11:51:42.8145139Z tardis/spectrum/tests/test_spectrum_solver.py ....                       [ 72%]
2025-02-28T11:52:46.1937176Z tardis/tests/test_tardis_full.py ....                                    [ 72%]
2025-02-28T11:54:12.5684119Z tardis/tests/test_tardis_full_formal_integral.py ................        [ 73%]
2025-02-28T11:54:12.6454037Z tardis/tests/test_util.py .............................................  [ 75%]
2025-02-28T11:54:15.3857666Z tardis/transport/montecarlo/tests/test_base.py x.....................    [ 77%]
2025-02-28T11:54:23.5220494Z tardis/transport/montecarlo/tests/test_interaction.py .......            [ 77%]
2025-02-28T11:54:23.7544246Z tardis/transport/montecarlo/tests/test_macro_atom.py ....                [ 77%]
2025-02-28T11:54:23.7723436Z tardis/transport/montecarlo/tests/test_montecarlo.py sssssssssssssssssss [ 78%]
2025-02-28T11:54:23.8136481Z sssssssssssssssssssssssssssssssssssssssssssss                            [ 81%]
2025-02-28T11:54:32.9027842Z tardis/transport/montecarlo/tests/test_montecarlo_main_loop.py x..       [ 81%]
2025-02-28T11:54:32.9100070Z tardis/transport/montecarlo/tests/test_nonhomologous.py ...              [ 81%]
2025-02-28T11:54:39.1354664Z tardis/transport/montecarlo/tests/test_numba_interface.py .....x.        [ 82%]
2025-02-28T11:54:39.6449832Z tardis/transport/montecarlo/tests/test_opacities.py ...............      [ 82%]
2025-02-28T11:54:40.7305191Z tardis/transport/montecarlo/tests/test_packet.py .................xXXXXX [ 84%]
2025-02-28T11:54:40.8734315Z XX.........                                                              [ 84%]
2025-02-28T11:54:40.9033150Z tardis/transport/montecarlo/tests/test_packet_source.py ........         [ 85%]
2025-02-28T11:54:41.2447883Z tardis/transport/montecarlo/tests/test_rpacket_last_interaction_tracker.py . [ 85%]
2025-02-28T11:54:41.6857491Z .....                                                                    [ 85%]
2025-02-28T11:55:19.1756153Z tardis/transport/montecarlo/tests/test_rpacket_tracker.py ......         [ 85%]
2025-02-28T11:55:19.2058375Z tardis/transport/montecarlo/tests/test_single_packet_loop.py xxx         [ 86%]
2025-02-28T11:55:19.2090774Z tardis/transport/montecarlo/tests/test_tracker_utils.py ..               [ 86%]
2025-02-28T11:55:22.9466156Z tardis/transport/montecarlo/tests/test_vpacket.py ..x.                   [ 86%]
2025-02-28T11:55:22.9646921Z tardis/transport/montecarlo/tests/test_weighted_packet_source.py ....    [ 86%]
2025-02-28T11:55:26.5514579Z tardis/transport/montecarlo/tests/test_weighted_packet_source_integration.py . [ 86%]
2025-02-28T11:55:26.5516422Z                                                                          [ 86%]
2025-02-28T11:55:27.3471624Z tardis/transport/tests/test_doppler_factor.py ..................         [ 87%]
2025-02-28T11:55:28.7535430Z tardis/visualization/tools/tests/test_convergence_plot.py .............. [ 88%]
2025-02-28T11:55:31.0465839Z ......                                                                   [ 88%]
2025-02-28T11:55:36.0009847Z tardis/visualization/tools/tests/test_liv_plot.py ...................... [ 90%]
2025-02-28T11:55:38.8096526Z .............................                                            [ 91%]
2025-02-28T11:55:42.3344281Z tardis/visualization/tools/tests/test_rpacket_plot.py .................. [ 92%]
2025-02-28T11:55:49.4976662Z ....                                                                     [ 92%]
2025-02-28T11:55:55.6425373Z tardis/visualization/tools/tests/test_sdec_plot.py ..................... [ 94%]
2025-02-28T11:56:03.4181913Z ..............................                                           [ 95%]
2025-02-28T11:56:03.8735854Z tardis/visualization/widgets/tests/test_custom_abundance.py ........ss.. [ 96%]
2025-02-28T11:56:03.9467678Z ....                                                                     [ 96%]
2025-02-28T11:56:05.0374552Z tardis/visualization/widgets/tests/test_line_info.py ................... [ 97%]
2025-02-28T11:56:05.6975606Z ..................                                                       [ 98%]
2025-02-28T11:57:10.5889273Z tardis/visualization/widgets/tests/test_shell_info.py .................. [ 99%]
2025-02-28T11:57:19.8069923Z ......                                                                   [100%]
2025-02-28T11:57:19.8070499Z 
2025-02-28T11:57:19.8070756Z =============================== warnings summary ===============================
2025-02-28T11:57:19.8071501Z tardis/io/configuration/config_validator.py:6
2025-02-28T11:57:19.8072199Z tardis/io/configuration/config_validator.py:6
2025-02-28T11:57:19.8073585Z   /home/runner/work/tardis/tardis/tardis/io/configuration/config_validator.py:6: DeprecationWarning:
2025-02-28T11:57:19.8074636Z   
2025-02-28T11:57:19.8077078Z   jsonschema.RefResolver is deprecated as of v4.18.0, in favor of the https://github.com/python-jsonschema/referencing library, which provides more compliant referencing behavior as well as more flexible APIs for customization. A future release will remove RefResolver. Please file a feature request (on referencing) if you are missing an API for the kind of customization you need.
2025-02-28T11:57:19.8078346Z 
2025-02-28T11:57:19.8078608Z ../../../micromamba/envs/tardis/lib/python3.12/site-packages/jupyter_client/connect.py:22
2025-02-28T11:57:19.8079290Z   /home/runner/micromamba/envs/tardis/lib/python3.12/site-packages/jupyter_client/connect.py:22: DeprecationWarning:
2025-02-28T11:57:19.8079815Z   
2025-02-28T11:57:19.8080068Z   Jupyter is migrating its paths to use standard platformdirs
2025-02-28T11:57:19.8080452Z   given by the platformdirs library.  To remove this warning and
2025-02-28T11:57:19.8080852Z   see the appropriate new directories, set the environment variable
2025-02-28T11:57:19.8081238Z   `JUPYTER_PLATFORM_DIRS=1` and then run `jupyter --paths`.
2025-02-28T11:57:19.8081884Z   The use of platformdirs will be the default in `jupyter_core` v6
2025-02-28T11:57:19.8082124Z 
2025-02-28T11:57:19.8082226Z tardis/plasma/properties/__init__.py:17
2025-02-28T11:57:19.8082689Z   /home/runner/work/tardis/tardis/tardis/plasma/properties/__init__.py:17: DeprecationWarning:
2025-02-28T11:57:19.8083124Z   
2025-02-28T11:57:19.8083970Z   The numpy.linalg.linalg has been made private and renamed to numpy.linalg._linalg. All public functions exported by it are available from numpy.linalg. Please use numpy.linalg.LinAlgError instead.
2025-02-28T11:57:19.8084625Z 
2025-02-28T11:57:19.8089730Z tardis/io/tests/test_HDFWriter.py::test_multi_index_write
2025-02-28T11:57:19.8090260Z tardis/visualization/widgets/tests/test_shell_info.py::TestHDFShellInfo::test_shells_data
2025-02-28T11:57:19.8090818Z   /home/runner/work/tardis/tardis/tardis/io/util.py:276: PerformanceWarning:
2025-02-28T11:57:19.8091185Z   
2025-02-28T11:57:19.8091348Z   
2025-02-28T11:57:19.8091649Z   your performance may suffer as PyTables will pickle object types that it cannot
2025-02-28T11:57:19.8092187Z   map directly to c-types [inferred_type->mixed,key->block0_values] [items->Index([0], dtype='int64')]
2025-02-28T11:57:19.8092529Z 
2025-02-28T11:57:19.8092738Z tardis/io/tests/test_model_reader.py::test_read_cmfgen_isotope_abundances
2025-02-28T11:57:19.8093402Z tardis/plasma/tests/test_tardis_model_density_config.py::test_electron_densities
2025-02-28T11:57:19.8093938Z tardis/plasma/tests/test_tardis_model_density_config.py::test_isotope_number_densities
2025-02-28T11:57:19.8094429Z tardis/plasma/tests/test_tardis_model_density_config.py::test_t_rad
2025-02-28T11:57:19.8095002Z   /home/runner/work/tardis/tardis/tardis/io/model/readers/cmfgen_deprecated.py:82: DeprecationWarning:
2025-02-28T11:57:19.8095463Z   
2025-02-28T11:57:19.8095666Z   The current CMFGEN model parser is deprecated
2025-02-28T11:57:19.8095855Z 
2025-02-28T11:57:19.8095973Z tardis/io/tests/test_model_reader.py: 1 warning
2025-02-28T11:57:19.8096343Z tardis/plasma/tests/test_tardis_model_density_config.py: 9 warnings
2025-02-28T11:57:19.8096894Z   /home/runner/work/tardis/tardis/tardis/io/model/readers/cmfgen_deprecated.py:40: DeprecationWarning:
2025-02-28T11:57:19.8097569Z   
2025-02-28T11:57:19.8097783Z   The current CMFGEN model parser is deprecated
2025-02-28T11:57:19.8097970Z 
2025-02-28T11:57:19.8098176Z tardis/model/tests/test_base.py::TestModelFromPaper1Config::test_abundances
2025-02-28T11:57:19.8098821Z   /home/runner/work/tardis/tardis/tardis/transport/montecarlo/montecarlo_main_loop.py:123: NumbaTypeSafetyWarning:
2025-02-28T11:57:19.8099332Z   
2025-02-28T11:57:19.8099844Z   [1m[1m[1munsafe cast from uint64 to int64. Precision may be lost.[0m[0m[0m
2025-02-28T11:57:19.8100123Z 
2025-02-28T11:57:19.8100232Z tardis/model/tests/test_base.py: 6 warnings
2025-02-28T11:57:19.8100527Z tardis/model/tests/test_csvy_model.py: 2 warnings
2025-02-28T11:57:19.8100901Z tardis/plasma/tests/test_tardis_model_density_config.py: 3 warnings
2025-02-28T11:57:19.8101450Z   /home/runner/work/tardis/tardis/tardis/model/geometry/radial1d.py:50: DeprecationWarning:
2025-02-28T11:57:19.8101867Z   
2025-02-28T11:57:19.8102063Z   v_inner_boundary < 0, assuming default value
2025-02-28T11:57:19.8102252Z 
2025-02-28T11:57:19.8102358Z tardis/model/tests/test_base.py: 6 warnings
2025-02-28T11:57:19.8102654Z tardis/model/tests/test_csvy_model.py: 2 warnings
2025-02-28T11:57:19.8103026Z tardis/plasma/tests/test_tardis_model_density_config.py: 3 warnings
2025-02-28T11:57:19.8103754Z   /home/runner/work/tardis/tardis/tardis/model/geometry/radial1d.py:61: DeprecationWarning:
2025-02-28T11:57:19.8104180Z   
2025-02-28T11:57:19.8104379Z   v_outer_boundary < 0, assuming default value
2025-02-28T11:57:19.8104564Z 
2025-02-28T11:57:19.8104897Z tardis/plasma/equilibrium/tests/test_collisional_transitions.py::test_legacy_chianti_collisional_strengths
2025-02-28T11:57:19.8105602Z tardis/plasma/equilibrium/tests/test_collisional_transitions.py::test_legacy_chianti_collisional_strengths
2025-02-28T11:57:19.8106463Z tardis/plasma/equilibrium/tests/test_collisional_transitions.py::test_legacy_chianti_collisional_strengths
2025-02-28T11:57:19.8107167Z tardis/plasma/equilibrium/tests/test_collisional_transitions.py::test_legacy_chianti_collisional_strengths
2025-02-28T11:57:19.8108101Z tardis/plasma/equilibrium/tests/test_level_populations.py::TestLevelPopulationSolver::test_calculate_level_population_simple[collisional_rate_solver0-radiative_transitions0]
2025-02-28T11:57:19.8109270Z tardis/plasma/equilibrium/tests/test_level_populations.py::TestLevelPopulationSolver::test_calculate_level_population_empty[collisional_rate_solver0-radiative_transitions0]
2025-02-28T11:57:19.8110397Z tardis/plasma/equilibrium/tests/test_level_populations.py::TestLevelPopulationSolver::test_calculate_level_population_zeros[collisional_rate_solver0-radiative_transitions0]
2025-02-28T11:57:19.8111460Z tardis/plasma/equilibrium/tests/test_level_populations.py::TestLevelPopulationSolver::test_solve[collisional_rate_solver0-radiative_transitions0]
2025-02-28T11:57:19.8112363Z tardis/plasma/equilibrium/tests/test_rate_matrix.py::test_rate_matrix_solver[collisional_rate_solver0-radiative_transitions0]
2025-02-28T11:57:19.8113067Z   /home/runner/micromamba/envs/tardis/lib/python3.12/pickle.py:323: DeprecationWarning:
2025-02-28T11:57:19.8113676Z   
2025-02-28T11:57:19.8115162Z   numpy.core.numeric is deprecated and has been renamed to numpy._core.numeric. The numpy._core namespace contains private NumPy internals and its use is discouraged, as NumPy internals can change without warning in any release. In practice, most real-world usage of numpy.core is to access functionality in the public NumPy API. If that is the case, use the public NumPy API. If not, you are using NumPy internals. If you would still like to access an internal attribute, use numpy._core.numeric._frombuffer.
2025-02-28T11:57:19.8116656Z 
2025-02-28T11:57:19.8117103Z tardis/plasma/equilibrium/tests/test_level_populations.py::TestLevelPopulationSolver::test_solve[collisional_rate_solver0-radiative_transitions0]
2025-02-28T11:57:19.8117954Z   /home/runner/work/tardis/tardis/tardis/plasma/equilibrium/level_populations.py:65: FutureWarning:
2025-02-28T11:57:19.8118553Z   
2025-02-28T11:57:19.8118929Z   A value is trying to be set on a copy of a DataFrame or Series through chained assignment using an inplace method.
2025-02-28T11:57:19.8119720Z   The behavior will change in pandas 3.0. This inplace method will never work because the intermediate object on which we are setting values always behaves as a copy.
2025-02-28T11:57:19.8120310Z   
2025-02-28T11:57:19.8120919Z   For example, when doing 'df[col].method(value, inplace=True)', try using 'df.method({col: value}, inplace=True)' or df[col] = df[col].method(value) instead, to perform the operation inplace on the original object.
2025-02-28T11:57:19.8121517Z 
2025-02-28T11:57:19.8121743Z tardis/plasma/tests/test_plasma_vboundary.py::test_plasma_vboundary[2900-3750]
2025-02-28T11:57:19.8122266Z tardis/plasma/tests/test_plasma_vboundary.py::test_plasma_vboundary[2900-3850]
2025-02-28T11:57:19.8122751Z tardis/plasma/tests/test_plasma_vboundary.py::test_plasma_vboundary[2900-3900]
2025-02-28T11:57:19.8123499Z   /home/runner/work/tardis/tardis/tardis/model/geometry/radial1d.py:71: UserWarning:
2025-02-28T11:57:19.8123898Z   
2025-02-28T11:57:19.8124183Z   Requesting inner boundary below inner shell. Extrapolating the inner cell
2025-02-28T11:57:19.8124465Z 
2025-02-28T11:57:19.8124711Z tardis/spectrum/tests/test_numba_formal_integral.py::test_trapezoid_integration[100.0]
2025-02-28T11:57:19.8125266Z tardis/spectrum/tests/test_numba_formal_integral.py::test_trapezoid_integration[1000.0]
2025-02-28T11:57:19.8125817Z tardis/spectrum/tests/test_numba_formal_integral.py::test_trapezoid_integration[10000.0]
2025-02-28T11:57:19.8126381Z tardis/spectrum/tests/test_numba_formal_integral.py::test_trapezoid_integration[100000.0]
2025-02-28T11:57:19.8127043Z   /home/runner/work/tardis/tardis/tardis/spectrum/tests/test_numba_formal_integral.py:35: DeprecationWarning:
2025-02-28T11:57:19.8127669Z   
2025-02-28T11:57:19.8128049Z   `trapz` is deprecated. Use `trapezoid` instead, or one of the numerical integration functions in `scipy.integrate`.
2025-02-28T11:57:19.8128423Z 
2025-02-28T11:57:19.8128641Z tardis/spectrum/tests/test_spectrum_solver.py::TestSpectrumSolver::test_solve
2025-02-28T11:57:19.8129129Z   /home/runner/work/tardis/tardis/tardis/spectrum/base.py:70: UserWarning:
2025-02-28T11:57:19.8129477Z   
2025-02-28T11:57:19.8129887Z   SpectrumSolver.spectrum_virtual_packets is zero. Please run the montecarlo simulation with no_of_virtual_packets > 0
2025-02-28T11:57:19.8130300Z 
2025-02-28T11:57:19.8130505Z tardis/spectrum/tests/test_spectrum_solver.py::TestSpectrumSolver::test_solve
2025-02-28T11:57:19.8130988Z   /home/runner/work/tardis/tardis/tardis/spectrum/base.py:111: UserWarning:
2025-02-28T11:57:19.8131342Z   
2025-02-28T11:57:19.8131771Z   SpectrumSolver.integrator: The FormalIntegrator is not yet available.Please run the montecarlo simulation at least once.
2025-02-28T11:57:19.8132197Z 
2025-02-28T11:57:19.8132403Z tardis/tests/test_util.py::test_calculate_luminosity[string_io0-100 km-result0]
2025-02-28T11:57:19.8132873Z tardis/tests/test_util.py::test_calculate_luminosity[string_io1-500 km-result1]
2025-02-28T11:57:19.8133543Z   /home/runner/work/tardis/tardis/tardis/util/base.py:188: DeprecationWarning:
2025-02-28T11:57:19.8133903Z   
2025-02-28T11:57:19.8134274Z   `trapz` is deprecated. Use `trapezoid` instead, or one of the numerical integration functions in `scipy.integrate`.
2025-02-28T11:57:19.8134646Z 
2025-02-28T11:57:19.8134822Z tardis/visualization/tools/tests/test_sdec_plot.py: 48 warnings
2025-02-28T11:57:19.8135409Z   /home/runner/work/tardis/tardis/tardis/visualization/tools/sdec_plot.py:736: DeprecationWarning:
2025-02-28T11:57:19.8135853Z   
2025-02-28T11:57:19.8136041Z   `in1d` is deprecated. Use `np.isin` instead.
2025-02-28T11:57:19.8136224Z 
2025-02-28T11:57:19.8136390Z tardis/visualization/tools/tests/test_sdec_plot.py: 48 warnings
2025-02-28T11:57:19.8136938Z   /home/runner/work/tardis/tardis/tardis/visualization/tools/sdec_plot.py:758: DeprecationWarning:
2025-02-28T11:57:19.8137384Z   
2025-02-28T11:57:19.8137703Z   `in1d` is deprecated. Use `np.isin` instead.
2025-02-28T11:57:19.8137888Z 
2025-02-28T11:57:19.8138056Z tardis/visualization/tools/tests/test_sdec_plot.py: 48 warnings
2025-02-28T11:57:19.8138582Z   /home/runner/work/tardis/tardis/tardis/visualization/tools/sdec_plot.py:779: DeprecationWarning:
2025-02-28T11:57:19.8139023Z   
2025-02-28T11:57:19.8139208Z   `in1d` is deprecated. Use `np.isin` instead.
2025-02-28T11:57:19.8139389Z 
2025-02-28T11:57:19.8139722Z tardis/visualization/tools/tests/test_sdec_plot.py::TestSDECPlotter::test_mpl_image[plotter_generate_plot_mpl4]
2025-02-28T11:57:19.8140401Z   /home/runner/work/tardis/tardis/tardis/visualization/tools/sdec_plot.py:1225: RuntimeWarning:
2025-02-28T11:57:19.8140833Z   
2025-02-28T11:57:19.8141764Z   More than 20 figures have been opened. Figures created through the pyplot interface (`matplotlib.pyplot.figure`) are retained until explicitly closed and may consume too much memory. (To control this warning, see the rcParam `figure.max_open_warning`). Consider using `matplotlib.pyplot.close()`.
2025-02-28T11:57:19.8142692Z 
2025-02-28T11:57:19.8143038Z tardis/visualization/widgets/tests/test_custom_abundance.py::TestCustomAbundanceWidget::test_update_input_item_value
2025-02-28T11:57:19.8144024Z tardis/visualization/widgets/tests/test_custom_abundance.py::TestCustomAbundanceWidget::test_update_input_item_value
2025-02-28T11:57:19.8144809Z tardis/visualization/widgets/tests/test_custom_abundance.py::TestCustomAbundanceWidget::test_update_input_item_value
2025-02-28T11:57:19.8145577Z tardis/visualization/widgets/tests/test_custom_abundance.py::TestCustomAbundanceWidget::test_update_input_item_value
2025-02-28T11:57:19.8146341Z tardis/visualization/widgets/tests/test_custom_abundance.py::TestCustomAbundanceWidget::test_update_input_item_value
2025-02-28T11:57:19.8147238Z tardis/visualization/widgets/tests/test_custom_abundance.py::TestCustomAbundanceWidget::test_update_input_item_value
2025-02-28T11:57:19.8148009Z   /home/runner/micromamba/envs/tardis/lib/python3.12/site-packages/traitlets/traitlets.py:1385: DeprecationWarning:
2025-02-28T11:57:19.8148502Z   
2025-02-28T11:57:19.8148784Z   Passing unrecognized arguments to super(Checkbox).__init__(icon='lock').
2025-02-28T11:57:19.8149236Z   object.__init__() takes exactly one argument (the instance to initialize)
2025-02-28T11:57:19.8149724Z   This is deprecated in traitlets 4.2.This error will be raised in a future release of traitlets.
2025-02-28T11:57:19.8150037Z 
2025-02-28T11:57:19.8150389Z tardis/visualization/widgets/tests/test_custom_abundance.py::TestCustomAbundanceWidget::test_update_input_item_value
2025-02-28T11:57:19.8151151Z tardis/visualization/widgets/tests/test_custom_abundance.py::TestCustomAbundanceWidget::test_update_input_item_value
2025-02-28T11:57:19.8151924Z   /home/runner/micromamba/envs/tardis/lib/python3.12/site-packages/traitlets/traitlets.py:1385: DeprecationWarning:
2025-02-28T11:57:19.8152416Z   
2025-02-28T11:57:19.8152683Z   Passing unrecognized arguments to super(FloatText).__init__(min=0).
2025-02-28T11:57:19.8153108Z   object.__init__() takes exactly one argument (the instance to initialize)
2025-02-28T11:57:19.8153797Z   This is deprecated in traitlets 4.2.This error will be raised in a future release of traitlets.
2025-02-28T11:57:19.8154116Z 
2025-02-28T11:57:19.8154465Z tardis/visualization/widgets/tests/test_custom_abundance.py::TestCustomAbundanceWidget::test_update_input_item_value
2025-02-28T11:57:19.8155244Z   /home/runner/micromamba/envs/tardis/lib/python3.12/site-packages/traitlets/traitlets.py:1385: DeprecationWarning:
2025-02-28T11:57:19.8155736Z   
2025-02-28T11:57:19.8155999Z   Passing unrecognized arguments to super(HTML).__init__(indent=True).
2025-02-28T11:57:19.8156432Z   object.__init__() takes exactly one argument (the instance to initialize)
2025-02-28T11:57:19.8156916Z   This is deprecated in traitlets 4.2.This error will be raised in a future release of traitlets.
2025-02-28T11:57:19.8157223Z 
2025-02-28T11:57:19.8157813Z tardis/visualization/widgets/tests/test_line_info.py::TestLineInfoWidgetData::test_get_species_interactions[wavelength_range0-packet_out_nu]
2025-02-28T11:57:19.8158636Z   /home/runner/micromamba/envs/tardis/lib/python3.12/site-packages/qgridnext/grid.py:830: DeprecationWarning:
2025-02-28T11:57:19.8159101Z   
2025-02-28T11:57:19.8159458Z   QgridWidget._show_toolbar_changed is deprecated in traitlets 4.1: use @observe and @unobserve instead.
2025-02-28T11:57:19.8159822Z 
2025-02-28T11:57:19.8160086Z tardis/visualization/widgets/tests/test_shell_info.py::TestHDFShellInfo::test_shells_data
2025-02-28T11:57:19.8160624Z   /home/runner/work/tardis/tardis/tardis/io/util.py:289: PerformanceWarning:
2025-02-28T11:57:19.8160978Z   
2025-02-28T11:57:19.8161127Z   
2025-02-28T11:57:19.8161414Z   your performance may suffer as PyTables will pickle object types that it cannot
2025-02-28T11:57:19.8161959Z   map directly to c-types [inferred_type->mixed,key->block0_values] [items->Index([0], dtype='int64')]
2025-02-28T11:57:19.8162298Z 
2025-02-28T11:57:19.8162555Z tardis/visualization/widgets/tests/test_shell_info.py::TestHDFShellInfo::test_shells_data
2025-02-28T11:57:19.8163096Z   /home/runner/work/tardis/tardis/tardis/io/util.py:292: PerformanceWarning:
2025-02-28T11:57:19.8163574Z   
2025-02-28T11:57:19.8163723Z   
2025-02-28T11:57:19.8164005Z   your performance may suffer as PyTables will pickle object types that it cannot
2025-02-28T11:57:19.8164456Z   map directly to c-types [inferred_type->mixed,key->values] [items->None]
2025-02-28T11:57:19.8164722Z 
2025-02-28T11:57:19.8164976Z tardis/visualization/widgets/tests/test_shell_info.py::TestHDFShellInfo::test_shells_data
2025-02-28T11:57:19.8165551Z   /home/runner/work/tardis/tardis/tardis/spectrum/formal_integral.py:398: UserWarning:
2025-02-28T11:57:19.8165952Z   
2025-02-28T11:57:19.8166369Z   The number of interpolate_shells was not specified. The value was set to 80.
2025-02-28T11:57:19.8166652Z 
2025-02-28T11:57:19.8166858Z -- Docs: https://docs.pytest.org/en/stable/how-to/capture-warnings.html
2025-02-28T11:57:19.8167135Z 
2025-02-28T11:57:19.8167307Z ---------- coverage: platform linux, python 3.12.4-final-0 -----------
2025-02-28T11:57:19.8167674Z Coverage HTML written to dir coverage_html_report
2025-02-28T11:57:19.8167974Z Coverage XML written to file coverage.xml
2025-02-28T11:57:19.8168157Z 
2025-02-28T11:57:19.8168395Z = 1412 passed, 357 skipped, 2 deselected, 19 xfailed, 8 xpassed, 222 warnings in 770.14s (0:12:50) =
2025-02-28T11:57:22.3186525Z ##[group]Run mv .coverage .coverage.2
2025-02-28T11:57:22.3186876Z [36;1mmv .coverage .coverage.2[0m
2025-02-28T11:57:22.3244986Z shell: /usr/bin/bash -l {0}
2025-02-28T11:57:22.3245231Z env:
2025-02-28T11:57:22.3245408Z   CACHE_NUMBER: 0
2025-02-28T11:57:22.3246026Z   PYTEST_FLAGS: --tardis-regression-data=/home/runner/work/tardis/tardis/tardis-regression-data --cov=tardis --cov-report=xml --cov-report=html --cov-append
2025-02-28T11:57:22.3247101Z   CODECOV_TOKEN: ***
2025-02-28T11:57:22.3247352Z   MAMBA_ROOT_PREFIX: /home/runner/micromamba
2025-02-28T11:57:22.3247666Z   MAMBA_EXE: /home/runner/micromamba-bin/micromamba
2025-02-28T11:57:22.3248029Z   CONDARC: /home/runner/work/_temp/setup-micromamba/.condarc
2025-02-28T11:57:22.3248335Z ##[endgroup]
2025-02-28T11:57:22.4442717Z ##[group]Run actions/upload-artifact@v4
2025-02-28T11:57:22.4443007Z with:
2025-02-28T11:57:22.4443447Z   name: coverage-not-continuum-ubuntu-latest
2025-02-28T11:57:22.4443752Z   include-hidden-files: true
2025-02-28T11:57:22.4443993Z   path: .coverage*
!.coveragerc

2025-02-28T11:57:22.4444235Z   if-no-files-found: warn
2025-02-28T11:57:22.4444457Z   compression-level: 6
2025-02-28T11:57:22.4444663Z   overwrite: false
2025-02-28T11:57:22.4444851Z env:
2025-02-28T11:57:22.4445018Z   CACHE_NUMBER: 0
2025-02-28T11:57:22.4445629Z   PYTEST_FLAGS: --tardis-regression-data=/home/runner/work/tardis/tardis/tardis-regression-data --cov=tardis --cov-report=xml --cov-report=html --cov-append
2025-02-28T11:57:22.4446447Z   CODECOV_TOKEN: ***
2025-02-28T11:57:22.4446683Z   MAMBA_ROOT_PREFIX: /home/runner/micromamba
2025-02-28T11:57:22.4446988Z   MAMBA_EXE: /home/runner/micromamba-bin/micromamba
2025-02-28T11:57:22.4447344Z   CONDARC: /home/runner/work/_temp/setup-micromamba/.condarc
2025-02-28T11:57:22.4447669Z ##[endgroup]
2025-02-28T11:57:22.6854941Z With the provided path, there will be 1 file uploaded
2025-02-28T11:57:22.6861007Z Artifact name is valid!
2025-02-28T11:57:22.6862427Z Root directory input is valid!
2025-02-28T11:57:22.8059413Z Beginning upload of artifact content to blob storage
2025-02-28T11:57:22.8865339Z Uploaded bytes 20152
2025-02-28T11:57:22.9114104Z Finished uploading artifact content to blob storage!
2025-02-28T11:57:22.9118060Z SHA256 hash of uploaded artifact zip is 7acc625852097eb85e3b97cfe65412f2b772f386ffc79fe4ffad2fb1b493c4e2
2025-02-28T11:57:22.9120707Z Finalizing artifact upload
2025-02-28T11:57:23.0220159Z Artifact coverage-not-continuum-ubuntu-latest.zip successfully finalized. Artifact ID 2670138400
2025-02-28T11:57:23.0221974Z Artifact coverage-not-continuum-ubuntu-latest has been successfully uploaded! Final size is 20152 bytes. Artifact ID is 2670138400
2025-02-28T11:57:23.0229959Z Artifact download URL: https://github.com/tardis-sn/tardis/actions/runs/13587433013/artifacts/2670138400
2025-02-28T11:57:23.0371330Z Post job cleanup.
2025-02-28T11:57:23.0402615Z Post job cleanup.
2025-02-28T11:57:23.1797096Z Will use pre-installed micromamba at /home/runner/micromamba-bin/micromamba
2025-02-28T11:57:23.1804667Z Removing micromamba run shell ...
2025-02-28T11:57:23.1808762Z ##[group]Deinitialize micromamba for bash
2025-02-28T11:57:23.1827981Z [command]/home/runner/micromamba-bin/micromamba shell deinit -s bash -r /home/runner/micromamba --log-level warning --rc-file /home/runner/work/_temp/setup-micromamba/.condarc
2025-02-28T11:57:23.1931746Z Resetting RC file "/home/runner/.bashrc"
2025-02-28T11:57:23.1932359Z Deleting config for root prefix 
2025-02-28T11:57:23.1932869Z Clearing mamba executable environment variable
2025-02-28T11:57:23.1934351Z Removing the following in your "/home/runner/.bashrc" file
2025-02-28T11:57:23.1934909Z # >>> mamba initialize >>>
2025-02-28T11:57:23.1935133Z ...
2025-02-28T11:57:23.1935313Z # <<< mamba initialize <<<
2025-02-28T11:57:23.1967161Z Removing mamba initialize block from .bash_profile
2025-02-28T11:57:23.1983047Z ##[endgroup]
2025-02-28T11:57:23.1989062Z Removing environment tardis from auto-activate bash ...
2025-02-28T11:57:23.2116693Z Post job cleanup.
2025-02-28T11:57:23.2154631Z Post job cleanup.
2025-02-28T11:57:23.3170579Z [command]/usr/bin/git version
2025-02-28T11:57:23.3211472Z git version 2.48.1
2025-02-28T11:57:23.3263028Z Temporarily overriding HOME='/home/runner/work/_temp/21a719c0-c516-474c-9ad4-d2c4c7c38101' before making global git config changes
2025-02-28T11:57:23.3264694Z Adding repository directory to the temporary git global config as a safe directory
2025-02-28T11:57:23.3269819Z [command]/usr/bin/git config --global --add safe.directory /home/runner/work/tardis/tardis/tardis-regression-data
2025-02-28T11:57:23.3306162Z [command]/usr/bin/git config --local --name-only --get-regexp core\.sshCommand
2025-02-28T11:57:23.3339067Z [command]/usr/bin/git submodule foreach --recursive sh -c "git config --local --name-only --get-regexp 'core\.sshCommand' && git config --local --unset-all 'core.sshCommand' || :"
2025-02-28T11:57:23.3581467Z [command]/usr/bin/git config --local --name-only --get-regexp http\.https\:\/\/github\.com\/\.extraheader
2025-02-28T11:57:23.3602878Z http.https://github.com/.extraheader
2025-02-28T11:57:23.3616701Z [command]/usr/bin/git config --local --unset-all http.https://github.com/.extraheader
2025-02-28T11:57:23.3649937Z [command]/usr/bin/git submodule foreach --recursive sh -c "git config --local --name-only --get-regexp 'http\.https\:\/\/github\.com\/\.extraheader' && git config --local --unset-all 'http.https://github.com/.extraheader' || :"
2025-02-28T11:57:23.3998595Z Post job cleanup.
2025-02-28T11:57:23.4967111Z [command]/usr/bin/git version
2025-02-28T11:57:23.5003798Z git version 2.48.1
2025-02-28T11:57:23.5053867Z Temporarily overriding HOME='/home/runner/work/_temp/1ba416a0-5a72-4288-8da0-841d964a0eb8' before making global git config changes
2025-02-28T11:57:23.5055071Z Adding repository directory to the temporary git global config as a safe directory
2025-02-28T11:57:23.5059393Z [command]/usr/bin/git config --global --add safe.directory /home/runner/work/tardis/tardis
2025-02-28T11:57:23.5095550Z [command]/usr/bin/git config --local --name-only --get-regexp core\.sshCommand
2025-02-28T11:57:23.5132951Z [command]/usr/bin/git submodule foreach --recursive sh -c "git config --local --name-only --get-regexp 'core\.sshCommand' && git config --local --unset-all 'core.sshCommand' || :"
2025-02-28T11:57:23.5401656Z [command]/usr/bin/git config --local --name-only --get-regexp http\.https\:\/\/github\.com\/\.extraheader
2025-02-28T11:57:23.5428397Z http.https://github.com/.extraheader
2025-02-28T11:57:23.5447137Z [command]/usr/bin/git config --local --unset-all http.https://github.com/.extraheader
2025-02-28T11:57:23.5484935Z [command]/usr/bin/git submodule foreach --recursive sh -c "git config --local --name-only --get-regexp 'http\.https\:\/\/github\.com\/\.extraheader' && git config --local --unset-all 'http.https://github.com/.extraheader' || :"
2025-02-28T11:57:23.5848539Z Cleaning up orphan processes
