2025-01-09T19:04:45.1087724Z Prepare all required actions
2025-01-09T19:04:45.1088758Z Getting action download info
2025-01-09T19:04:45.2830138Z Download action repository 'actions/cache@v4' (SHA:1bd1e32a3bdc45362d1e726936510720a7c30a57)
2025-01-09T19:04:45.4161627Z ##[group]Run ./.github/actions/setup_lfs
2025-01-09T19:04:45.4162014Z with:
2025-01-09T19:04:45.4162336Z   regression-data-repo: tardis-sn/tardis-regression-data
2025-01-09T19:04:45.4162714Z env:
2025-01-09T19:04:45.4162981Z   CACHE_NUMBER: 0
2025-01-09T19:04:45.4163881Z   PYTEST_FLAGS: --tardis-regression-data=/home/runner/work/tardis/tardis/tardis-regression-data --cov=tardis --cov-report=xml --cov-report=html --cov-append
2025-01-09T19:04:45.4164684Z   CODECOV_TOKEN: 
2025-01-09T19:04:45.4164933Z ##[endgroup]
2025-01-09T19:04:45.4294341Z ##[group]Run actions/checkout@v4
2025-01-09T19:04:45.4294733Z with:
2025-01-09T19:04:45.4295034Z   repository: tardis-sn/tardis-regression-data
2025-01-09T19:04:45.4295406Z   path: tardis-regression-data
2025-01-09T19:04:45.4295872Z   token: ***
2025-01-09T19:04:45.4296182Z   ssh-strict: true
2025-01-09T19:04:45.4296450Z   ssh-user: git
2025-01-09T19:04:45.4296726Z   persist-credentials: true
2025-01-09T19:04:45.4297017Z   clean: true
2025-01-09T19:04:45.4297294Z   sparse-checkout-cone-mode: true
2025-01-09T19:04:45.4297612Z   fetch-depth: 1
2025-01-09T19:04:45.4297867Z   fetch-tags: false
2025-01-09T19:04:45.4298137Z   show-progress: true
2025-01-09T19:04:45.4298408Z   lfs: false
2025-01-09T19:04:45.4298666Z   submodules: false
2025-01-09T19:04:45.4298944Z   set-safe-directory: true
2025-01-09T19:04:45.4299228Z env:
2025-01-09T19:04:45.4299458Z   CACHE_NUMBER: 0
2025-01-09T19:04:45.4300178Z   PYTEST_FLAGS: --tardis-regression-data=/home/runner/work/tardis/tardis/tardis-regression-data --cov=tardis --cov-report=xml --cov-report=html --cov-append
2025-01-09T19:04:45.4300929Z   CODECOV_TOKEN: 
2025-01-09T19:04:45.4301176Z ##[endgroup]
2025-01-09T19:04:45.5227213Z Syncing repository: tardis-sn/tardis-regression-data
2025-01-09T19:04:45.5233272Z ##[group]Getting Git version info
2025-01-09T19:04:45.5234357Z Working directory is '/home/runner/work/tardis/tardis/tardis-regression-data'
2025-01-09T19:04:45.5274952Z [command]/usr/bin/git version
2025-01-09T19:04:45.5317600Z git version 2.47.1
2025-01-09T19:04:45.5342659Z ##[endgroup]
2025-01-09T19:04:45.5354449Z Temporarily overriding HOME='/home/runner/work/_temp/b0faf68a-fe9b-4e90-a940-af9f298d5b2f' before making global git config changes
2025-01-09T19:04:45.5355603Z Adding repository directory to the temporary git global config as a safe directory
2025-01-09T19:04:45.5359673Z [command]/usr/bin/git config --global --add safe.directory /home/runner/work/tardis/tardis/tardis-regression-data
2025-01-09T19:04:45.5389213Z ##[group]Initializing the repository
2025-01-09T19:04:45.5394485Z [command]/usr/bin/git init /home/runner/work/tardis/tardis/tardis-regression-data
2025-01-09T19:04:45.5429456Z hint: Using 'master' as the name for the initial branch. This default branch name
2025-01-09T19:04:45.5430570Z hint: is subject to change. To configure the initial branch name to use in all
2025-01-09T19:04:45.5431555Z hint: of your new repositories, which will suppress this warning, call:
2025-01-09T19:04:45.5432278Z hint:
2025-01-09T19:04:45.5432684Z hint: 	git config --global init.defaultBranch <name>
2025-01-09T19:04:45.5433062Z hint:
2025-01-09T19:04:45.5433604Z hint: Names commonly chosen instead of 'master' are 'main', 'trunk' and
2025-01-09T19:04:45.5434578Z hint: 'development'. The just-created branch can be renamed via this command:
2025-01-09T19:04:45.5435365Z hint:
2025-01-09T19:04:45.5435628Z hint: 	git branch -m <name>
2025-01-09T19:04:45.5436164Z Initialized empty Git repository in /home/runner/work/tardis/tardis/tardis-regression-data/.git/
2025-01-09T19:04:45.5443887Z [command]/usr/bin/git remote add origin https://github.com/tardis-sn/tardis-regression-data
2025-01-09T19:04:45.5474786Z ##[endgroup]
2025-01-09T19:04:45.5475338Z ##[group]Disabling automatic garbage collection
2025-01-09T19:04:45.5480336Z [command]/usr/bin/git config --local gc.auto 0
2025-01-09T19:04:45.5509306Z ##[endgroup]
2025-01-09T19:04:45.5510193Z ##[group]Setting up auth
2025-01-09T19:04:45.5516449Z [command]/usr/bin/git config --local --name-only --get-regexp core\.sshCommand
2025-01-09T19:04:45.5545158Z [command]/usr/bin/git submodule foreach --recursive sh -c "git config --local --name-only --get-regexp 'core\.sshCommand' && git config --local --unset-all 'core.sshCommand' || :"
2025-01-09T19:04:45.5767546Z [command]/usr/bin/git config --local --name-only --get-regexp http\.https\:\/\/github\.com\/\.extraheader
2025-01-09T19:04:45.5796602Z [command]/usr/bin/git submodule foreach --recursive sh -c "git config --local --name-only --get-regexp 'http\.https\:\/\/github\.com\/\.extraheader' && git config --local --unset-all 'http.https://github.com/.extraheader' || :"
2025-01-09T19:04:45.6028994Z [command]/usr/bin/git config --local http.https://github.com/.extraheader AUTHORIZATION: basic ***
2025-01-09T19:04:45.6068244Z ##[endgroup]
2025-01-09T19:04:45.6069495Z ##[group]Determining the default branch
2025-01-09T19:04:45.6072728Z Retrieving the default branch name
2025-01-09T19:04:45.9644931Z Default branch 'main'
2025-01-09T19:04:45.9650859Z ##[endgroup]
2025-01-09T19:04:45.9654478Z ##[group]Fetching the repository
2025-01-09T19:04:45.9655808Z [command]/usr/bin/git -c protocol.version=2 fetch --no-tags --prune --no-recurse-submodules --depth=1 origin +refs/heads/main:refs/remotes/origin/main
2025-01-09T19:04:46.6501357Z From https://github.com/tardis-sn/tardis-regression-data
2025-01-09T19:04:46.6502597Z  * [new branch]      main       -> origin/main
2025-01-09T19:04:46.6528475Z ##[endgroup]
2025-01-09T19:04:46.6529353Z ##[group]Determining the checkout info
2025-01-09T19:04:46.6530294Z ##[endgroup]
2025-01-09T19:04:46.6536293Z [command]/usr/bin/git sparse-checkout disable
2025-01-09T19:04:46.6574973Z [command]/usr/bin/git config --local --unset-all extensions.worktreeConfig
2025-01-09T19:04:46.6604821Z ##[group]Checking out the ref
2025-01-09T19:04:46.6610370Z [command]/usr/bin/git checkout --progress --force -B main refs/remotes/origin/main
2025-01-09T19:04:46.7838336Z Switched to a new branch 'main'
2025-01-09T19:04:46.7839874Z branch 'main' set up to track 'origin/main'.
2025-01-09T19:04:46.8099441Z ##[endgroup]
2025-01-09T19:04:46.8139210Z [command]/usr/bin/git log -1 --format=%H
2025-01-09T19:04:46.8162451Z 666ab8501c2b2aea30d05b8822e7ddbfca078d23
2025-01-09T19:04:46.8296149Z ##[group]Run git lfs ls-files -l | cut -d' ' -f1 | sort > .lfs-assets-id
2025-01-09T19:04:46.8296743Z [36;1mgit lfs ls-files -l | cut -d' ' -f1 | sort > .lfs-assets-id[0m
2025-01-09T19:04:46.8329115Z shell: /usr/bin/bash --noprofile --norc -e -o pipefail {0}
2025-01-09T19:04:46.8329462Z env:
2025-01-09T19:04:46.8329630Z   CACHE_NUMBER: 0
2025-01-09T19:04:46.8330246Z   PYTEST_FLAGS: --tardis-regression-data=/home/runner/work/tardis/tardis/tardis-regression-data --cov=tardis --cov-report=xml --cov-report=html --cov-append
2025-01-09T19:04:46.8330884Z   CODECOV_TOKEN: 
2025-01-09T19:04:46.8331092Z ##[endgroup]
2025-01-09T19:04:46.9840693Z ##[group]Run actions/cache/restore@v4
2025-01-09T19:04:46.9841014Z with:
2025-01-09T19:04:46.9841240Z   path: tardis-regression-data/.git/lfs
2025-01-09T19:04:46.9841767Z   key: Linux-lfs-21f9fa4b6817cc69b9fae3598144724da7828e276a73bd17f47a2a49d9af090a-v1
2025-01-09T19:04:46.9842285Z   enableCrossOsArchive: false
2025-01-09T19:04:46.9842557Z   fail-on-cache-miss: false
2025-01-09T19:04:46.9843131Z   lookup-only: false
2025-01-09T19:04:46.9843357Z env:
2025-01-09T19:04:46.9843862Z   CACHE_NUMBER: 0
2025-01-09T19:04:46.9844604Z   PYTEST_FLAGS: --tardis-regression-data=/home/runner/work/tardis/tardis/tardis-regression-data --cov=tardis --cov-report=xml --cov-report=html --cov-append
2025-01-09T19:04:46.9845383Z   CODECOV_TOKEN: 
2025-01-09T19:04:46.9845596Z ##[endgroup]
2025-01-09T19:04:48.6308133Z Received 16777216 of 1708418946 (1.0%), 16.0 MBs/sec
2025-01-09T19:04:49.6310378Z Received 188743680 of 1708418946 (11.0%), 90.0 MBs/sec
2025-01-09T19:04:50.6315819Z Received 356515840 of 1708418946 (20.9%), 113.3 MBs/sec
2025-01-09T19:04:51.6328231Z Received 536870912 of 1708418946 (31.4%), 127.9 MBs/sec
2025-01-09T19:04:52.6333158Z Received 708837376 of 1708418946 (41.5%), 135.1 MBs/sec
2025-01-09T19:04:53.6344565Z Received 872415232 of 1708418946 (51.1%), 138.6 MBs/sec
2025-01-09T19:04:54.6343100Z Received 1056964608 of 1708418946 (61.9%), 143.9 MBs/sec
2025-01-09T19:04:55.6357813Z Received 1233125376 of 1708418946 (72.2%), 146.9 MBs/sec
2025-01-09T19:04:56.6366600Z Received 1388314624 of 1708418946 (81.3%), 147.0 MBs/sec
2025-01-09T19:04:57.6373765Z Received 1539309568 of 1708418946 (90.1%), 146.7 MBs/sec
2025-01-09T19:04:58.6371194Z Received 1686110208 of 1708418946 (98.7%), 146.1 MBs/sec
2025-01-09T19:04:58.7300850Z Cache Size: ~1629 MB (1708418946 B)
2025-01-09T19:04:58.7372421Z [command]/usr/bin/tar -xf /home/runner/work/_temp/1d2f606f-1adc-4873-8063-ed6ac2e97ab7/cache.tzst -P -C /home/runner/work/tardis/tardis --use-compress-program unzstd
2025-01-09T19:04:59.6383833Z Received 1708418946 of 1708418946 (100.0%), 135.7 MBs/sec
2025-01-09T19:05:05.1167744Z Cache restored successfully
2025-01-09T19:05:05.5049008Z Cache restored from key: Linux-lfs-21f9fa4b6817cc69b9fae3598144724da7828e276a73bd17f47a2a49d9af090a-v1
2025-01-09T19:05:05.5211852Z ##[group]Run git lfs checkout
2025-01-09T19:05:05.5212119Z [36;1mgit lfs checkout[0m
2025-01-09T19:05:05.5241137Z shell: /usr/bin/bash --noprofile --norc -e -o pipefail {0}
2025-01-09T19:05:05.5241487Z env:
2025-01-09T19:05:05.5241660Z   CACHE_NUMBER: 0
2025-01-09T19:05:05.5242287Z   PYTEST_FLAGS: --tardis-regression-data=/home/runner/work/tardis/tardis/tardis-regression-data --cov=tardis --cov-report=xml --cov-report=html --cov-append
2025-01-09T19:05:05.5242935Z   CODECOV_TOKEN: 
2025-01-09T19:05:05.5243112Z ##[endgroup]
2025-01-09T19:05:16.2485001Z Checking out LFS objects: 100% (204/204), 3.5 GB | 337 MB/s, done.
