2025-01-13T19:45:58.5700505Z Requested labels: macos-latest
2025-01-13T19:45:58.5700778Z Job defined at: tardis-sn/tardis/.github/workflows/tests.yml@refs/pull/2800/merge
2025-01-13T19:45:58.5700902Z Waiting for a runner to pick up this job...
2025-01-13T19:45:58.7392820Z Job is waiting for a hosted runner to come online.
2025-01-13T19:46:01.9802722Z Job is about to start running on the hosted runner: GitHub Actions 25 (hosted)
2025-01-13T19:46:02.9586370Z Current runner version: '2.321.0'
2025-01-13T19:46:02.9602780Z ##[group]Operating System
2025-01-13T19:46:02.9603230Z macOS
2025-01-13T19:46:02.9603530Z 14.7.2
2025-01-13T19:46:02.9603810Z 23H311
2025-01-13T19:46:02.9604110Z ##[endgroup]
2025-01-13T19:46:02.9604420Z ##[group]Runner Image
2025-01-13T19:46:02.9604750Z Image: macos-14-arm64
2025-01-13T19:46:02.9605060Z Version: 20250106.725
2025-01-13T19:46:02.9605710Z Included Software: https://github.com/actions/runner-images/blob/macos-14-arm64/20250106.725/images/macos/macos-14-arm64-Readme.md
2025-01-13T19:46:02.9606620Z Image Release: https://github.com/actions/runner-images/releases/tag/macos-14-arm64%2F20250106.725
2025-01-13T19:46:02.9607180Z ##[endgroup]
2025-01-13T19:46:02.9607500Z ##[group]Runner Image Provisioner
2025-01-13T19:46:02.9607890Z 2.0.404.1+573eac7f0cc07d6bb82d8b9bf5e1ffa69a554644
2025-01-13T19:46:02.9608280Z ##[endgroup]
2025-01-13T19:46:02.9609570Z ##[group]GITHUB_TOKEN Permissions
2025-01-13T19:46:02.9610600Z Actions: read
2025-01-13T19:46:02.9610920Z Attestations: read
2025-01-13T19:46:02.9611220Z Checks: read
2025-01-13T19:46:02.9611510Z Contents: read
2025-01-13T19:46:02.9611800Z Deployments: read
2025-01-13T19:46:02.9612110Z Discussions: read
2025-01-13T19:46:02.9612400Z Issues: read
2025-01-13T19:46:02.9612700Z Metadata: read
2025-01-13T19:46:02.9612990Z Packages: read
2025-01-13T19:46:02.9613280Z Pages: read
2025-01-13T19:46:02.9613570Z PullRequests: read
2025-01-13T19:46:02.9613880Z RepositoryProjects: read
2025-01-13T19:46:02.9614200Z SecurityEvents: read
2025-01-13T19:46:02.9614530Z Statuses: read
2025-01-13T19:46:02.9614830Z ##[endgroup]
2025-01-13T19:46:02.9616600Z Secret source: None
2025-01-13T19:46:02.9617030Z Prepare workflow directory
2025-01-13T19:46:02.9953120Z Prepare all required actions
2025-01-13T19:46:02.9978980Z Getting action download info
2025-01-13T19:46:03.1626170Z Download action repository 'actions/checkout@v4' (SHA:11bd71901bbe5b1630ceea73d27597364c9af683)
2025-01-13T19:46:03.5740180Z Download action repository 'actions/upload-artifact@v4' (SHA:65c4c4a1ddee5b72f698fdd19549f0f0fb45cf08)
2025-01-13T19:46:04.9813820Z Complete job name:  continuum macos-latest 
2025-01-13T19:46:05.0286840Z ##[group]Run actions/checkout@v4
2025-01-13T19:46:05.0287390Z with:
2025-01-13T19:46:05.0287710Z   repository: tardis-sn/tardis
2025-01-13T19:46:05.0288230Z   token: ***
2025-01-13T19:46:05.0288540Z   ssh-strict: true
2025-01-13T19:46:05.0288860Z   ssh-user: git
2025-01-13T19:46:05.0289180Z   persist-credentials: true
2025-01-13T19:46:05.0289540Z   clean: true
2025-01-13T19:46:05.0289870Z   sparse-checkout-cone-mode: true
2025-01-13T19:46:05.0290270Z   fetch-depth: 1
2025-01-13T19:46:05.0290600Z   fetch-tags: false
2025-01-13T19:46:05.0290950Z   show-progress: true
2025-01-13T19:46:05.0291290Z   lfs: false
2025-01-13T19:46:05.0291620Z   submodules: false
2025-01-13T19:46:05.0291970Z   set-safe-directory: true
2025-01-13T19:46:05.0292440Z env:
2025-01-13T19:46:05.0292750Z   CACHE_NUMBER: 0
2025-01-13T19:46:05.0293660Z   PYTEST_FLAGS: --tardis-regression-data=/Users/runner/work/tardis/tardis/tardis-regression-data --cov=tardis --cov-report=xml --cov-report=html --cov-append
2025-01-13T19:46:05.0294760Z   CODECOV_TOKEN: 
2025-01-13T19:46:05.0295070Z ##[endgroup]
2025-01-13T19:46:05.3060600Z Syncing repository: tardis-sn/tardis
2025-01-13T19:46:05.3061990Z ##[group]Getting Git version info
2025-01-13T19:46:05.3062510Z Working directory is '/Users/runner/work/tardis/tardis'
2025-01-13T19:46:05.3063270Z [command]/opt/homebrew/bin/git version
2025-01-13T19:46:05.3581890Z git version 2.47.1
2025-01-13T19:46:05.3604630Z ##[endgroup]
2025-01-13T19:46:05.3610300Z Copying '/Users/runner/.gitconfig' to '/Users/runner/work/_temp/f9271b39-931c-4517-8523-e0f0229648e9/.gitconfig'
2025-01-13T19:46:05.3616210Z Temporarily overriding HOME='/Users/runner/work/_temp/f9271b39-931c-4517-8523-e0f0229648e9' before making global git config changes
2025-01-13T19:46:05.3617700Z Adding repository directory to the temporary git global config as a safe directory
2025-01-13T19:46:05.3624410Z [command]/opt/homebrew/bin/git config --global --add safe.directory /Users/runner/work/tardis/tardis
2025-01-13T19:46:05.3708790Z Deleting the contents of '/Users/runner/work/tardis/tardis'
2025-01-13T19:46:05.3711180Z ##[group]Initializing the repository
2025-01-13T19:46:05.3715230Z [command]/opt/homebrew/bin/git init /Users/runner/work/tardis/tardis
2025-01-13T19:46:05.3894980Z hint: Using 'master' as the name for the initial branch. This default branch name
2025-01-13T19:46:05.3896180Z hint: is subject to change. To configure the initial branch name to use in all
2025-01-13T19:46:05.3897100Z hint: of your new repositories, which will suppress this warning, call:
2025-01-13T19:46:05.3897700Z hint:
2025-01-13T19:46:05.3898110Z hint: 	git config --global init.defaultBranch <name>
2025-01-13T19:46:05.3898580Z hint:
2025-01-13T19:46:05.3899050Z hint: Names commonly chosen instead of 'master' are 'main', 'trunk' and
2025-01-13T19:46:05.3899750Z hint: 'development'. The just-created branch can be renamed via this command:
2025-01-13T19:46:05.3900350Z hint:
2025-01-13T19:46:05.3900680Z hint: 	git branch -m <name>
2025-01-13T19:46:05.3901230Z Initialized empty Git repository in /Users/runner/work/tardis/tardis/.git/
2025-01-13T19:46:05.3902720Z [command]/opt/homebrew/bin/git remote add origin https://github.com/tardis-sn/tardis
2025-01-13T19:46:05.3963090Z ##[endgroup]
2025-01-13T19:46:05.3966180Z ##[group]Disabling automatic garbage collection
2025-01-13T19:46:05.3967110Z [command]/opt/homebrew/bin/git config --local gc.auto 0
2025-01-13T19:46:05.4007490Z ##[endgroup]
2025-01-13T19:46:05.4008080Z ##[group]Setting up auth
2025-01-13T19:46:05.4011810Z [command]/opt/homebrew/bin/git config --local --name-only --get-regexp core\.sshCommand
2025-01-13T19:46:05.4049510Z [command]/opt/homebrew/bin/git submodule foreach --recursive sh -c "git config --local --name-only --get-regexp 'core\.sshCommand' && git config --local --unset-all 'core.sshCommand' || :"
2025-01-13T19:46:05.4616610Z [command]/opt/homebrew/bin/git config --local --name-only --get-regexp http\.https\:\/\/github\.com\/\.extraheader
2025-01-13T19:46:05.4663690Z [command]/opt/homebrew/bin/git submodule foreach --recursive sh -c "git config --local --name-only --get-regexp 'http\.https\:\/\/github\.com\/\.extraheader' && git config --local --unset-all 'http.https://github.com/.extraheader' || :"
2025-01-13T19:46:05.5121730Z [command]/opt/homebrew/bin/git config --local http.https://github.com/.extraheader AUTHORIZATION: basic ***
2025-01-13T19:46:05.5186390Z ##[endgroup]
2025-01-13T19:46:05.5188080Z ##[group]Fetching the repository
2025-01-13T19:46:05.5192670Z [command]/opt/homebrew/bin/git -c protocol.version=2 fetch --no-tags --prune --no-recurse-submodules --depth=1 origin +0bbc28eea3cbf03dede1b60f942fb14b23336e4e:refs/remotes/pull/2800/merge
2025-01-13T19:46:07.2337300Z From https://github.com/tardis-sn/tardis
2025-01-13T19:46:07.2339820Z  * [new ref]         0bbc28eea3cbf03dede1b60f942fb14b23336e4e -> pull/2800/merge
2025-01-13T19:46:07.2392270Z ##[endgroup]
2025-01-13T19:46:07.2392690Z ##[group]Determining the checkout info
2025-01-13T19:46:07.2393080Z ##[endgroup]
2025-01-13T19:46:07.2396810Z [command]/opt/homebrew/bin/git sparse-checkout disable
2025-01-13T19:46:07.2450890Z [command]/opt/homebrew/bin/git config --local --unset-all extensions.worktreeConfig
2025-01-13T19:46:07.2499930Z ##[group]Checking out the ref
2025-01-13T19:46:07.2502510Z [command]/opt/homebrew/bin/git checkout --progress --force refs/remotes/pull/2800/merge
2025-01-13T19:46:07.5223310Z HEAD is now at 0bbc28e Merge 00f1145c992c7b625be1bfff58c351ce733d2311 into b4bc6ac32afba1ed86870074cd69db14d7845052
2025-01-13T19:46:07.5234040Z ##[endgroup]
2025-01-13T19:46:07.5304690Z [command]/opt/homebrew/bin/git log -1 --format=%H
2025-01-13T19:46:07.5347860Z 0bbc28eea3cbf03dede1b60f942fb14b23336e4e
2025-01-13T19:46:07.5530020Z Prepare all required actions
2025-01-13T19:46:07.5530340Z Getting action download info
2025-01-13T19:46:07.6938770Z Download action repository 'actions/cache@v4' (SHA:1bd1e32a3bdc45362d1e726936510720a7c30a57)
2025-01-13T19:46:07.8327300Z ##[group]Run ./.github/actions/setup_lfs
2025-01-13T19:46:07.8327510Z with:
2025-01-13T19:46:07.8327720Z   regression-data-repo: tardis-sn/tardis-regression-data
2025-01-13T19:46:07.8327960Z env:
2025-01-13T19:46:07.8328080Z   CACHE_NUMBER: 0
2025-01-13T19:46:07.8328540Z   PYTEST_FLAGS: --tardis-regression-data=/Users/runner/work/tardis/tardis/tardis-regression-data --cov=tardis --cov-report=xml --cov-report=html --cov-append
2025-01-13T19:46:07.8329040Z   CODECOV_TOKEN: 
2025-01-13T19:46:07.8329190Z ##[endgroup]
2025-01-13T19:46:07.8416670Z ##[group]Run actions/checkout@v4
2025-01-13T19:46:07.8416860Z with:
2025-01-13T19:46:07.8417030Z   repository: tardis-sn/tardis-regression-data
2025-01-13T19:46:07.8417250Z   path: tardis-regression-data
2025-01-13T19:46:07.8417530Z   token: ***
2025-01-13T19:46:07.8417680Z   ssh-strict: true
2025-01-13T19:46:07.8417830Z   ssh-user: git
2025-01-13T19:46:07.8417990Z   persist-credentials: true
2025-01-13T19:46:07.8418190Z   clean: true
2025-01-13T19:46:07.8418340Z   sparse-checkout-cone-mode: true
2025-01-13T19:46:07.8418530Z   fetch-depth: 1
2025-01-13T19:46:07.8418670Z   fetch-tags: false
2025-01-13T19:46:07.8418820Z   show-progress: true
2025-01-13T19:46:07.8418970Z   lfs: false
2025-01-13T19:46:07.8419100Z   submodules: false
2025-01-13T19:46:07.8419260Z   set-safe-directory: true
2025-01-13T19:46:07.8419420Z env:
2025-01-13T19:46:07.8419540Z   CACHE_NUMBER: 0
2025-01-13T19:46:07.8420010Z   PYTEST_FLAGS: --tardis-regression-data=/Users/runner/work/tardis/tardis/tardis-regression-data --cov=tardis --cov-report=xml --cov-report=html --cov-append
2025-01-13T19:46:07.8420490Z   CODECOV_TOKEN: 
2025-01-13T19:46:07.8420630Z ##[endgroup]
2025-01-13T19:46:07.9359050Z Syncing repository: tardis-sn/tardis-regression-data
2025-01-13T19:46:07.9359950Z ##[group]Getting Git version info
2025-01-13T19:46:07.9360440Z Working directory is '/Users/runner/work/tardis/tardis/tardis-regression-data'
2025-01-13T19:46:07.9394020Z [command]/opt/homebrew/bin/git version
2025-01-13T19:46:07.9440080Z git version 2.47.1
2025-01-13T19:46:07.9454860Z ##[endgroup]
2025-01-13T19:46:07.9460260Z Copying '/Users/runner/.gitconfig' to '/Users/runner/work/_temp/23429e89-fa3f-40c8-864e-8e1e5bfd9a93/.gitconfig'
2025-01-13T19:46:07.9467420Z Temporarily overriding HOME='/Users/runner/work/_temp/23429e89-fa3f-40c8-864e-8e1e5bfd9a93' before making global git config changes
2025-01-13T19:46:07.9468280Z Adding repository directory to the temporary git global config as a safe directory
2025-01-13T19:46:07.9470630Z [command]/opt/homebrew/bin/git config --global --add safe.directory /Users/runner/work/tardis/tardis/tardis-regression-data
2025-01-13T19:46:07.9518680Z ##[group]Initializing the repository
2025-01-13T19:46:07.9522060Z [command]/opt/homebrew/bin/git init /Users/runner/work/tardis/tardis/tardis-regression-data
2025-01-13T19:46:07.9595290Z hint: Using 'master' as the name for the initial branch. This default branch name
2025-01-13T19:46:07.9672280Z hint: is subject to change. To configure the initial branch name to use in all
2025-01-13T19:46:07.9682260Z hint: of your new repositories, which will suppress this warning, call:
2025-01-13T19:46:07.9682770Z hint:
2025-01-13T19:46:07.9683160Z hint: 	git config --global init.defaultBranch <name>
2025-01-13T19:46:07.9683520Z hint:
2025-01-13T19:46:07.9683890Z hint: Names commonly chosen instead of 'master' are 'main', 'trunk' and
2025-01-13T19:46:07.9684450Z hint: 'development'. The just-created branch can be renamed via this command:
2025-01-13T19:46:07.9684860Z hint:
2025-01-13T19:46:07.9685140Z hint: 	git branch -m <name>
2025-01-13T19:46:07.9685720Z Initialized empty Git repository in /Users/runner/work/tardis/tardis/tardis-regression-data/.git/
2025-01-13T19:46:07.9687440Z [command]/opt/homebrew/bin/git remote add origin https://github.com/tardis-sn/tardis-regression-data
2025-01-13T19:46:07.9688550Z ##[endgroup]
2025-01-13T19:46:07.9688970Z ##[group]Disabling automatic garbage collection
2025-01-13T19:46:07.9689630Z [command]/opt/homebrew/bin/git config --local gc.auto 0
2025-01-13T19:46:07.9722900Z ##[endgroup]
2025-01-13T19:46:07.9723340Z ##[group]Setting up auth
2025-01-13T19:46:07.9723830Z [command]/opt/homebrew/bin/git config --local --name-only --get-regexp core\.sshCommand
2025-01-13T19:46:07.9763240Z [command]/opt/homebrew/bin/git submodule foreach --recursive sh -c "git config --local --name-only --get-regexp 'core\.sshCommand' && git config --local --unset-all 'core.sshCommand' || :"
2025-01-13T19:46:08.0248880Z [command]/opt/homebrew/bin/git config --local --name-only --get-regexp http\.https\:\/\/github\.com\/\.extraheader
2025-01-13T19:46:08.0290760Z [command]/opt/homebrew/bin/git submodule foreach --recursive sh -c "git config --local --name-only --get-regexp 'http\.https\:\/\/github\.com\/\.extraheader' && git config --local --unset-all 'http.https://github.com/.extraheader' || :"
2025-01-13T19:46:08.0768610Z [command]/opt/homebrew/bin/git config --local http.https://github.com/.extraheader AUTHORIZATION: basic ***
2025-01-13T19:46:08.0803170Z ##[endgroup]
2025-01-13T19:46:08.0803550Z ##[group]Determining the default branch
2025-01-13T19:46:08.0804730Z Retrieving the default branch name
2025-01-13T19:46:08.4912200Z Default branch 'main'
2025-01-13T19:46:08.4980380Z ##[endgroup]
2025-01-13T19:46:08.5081020Z ##[group]Fetching the repository
2025-01-13T19:46:08.5142810Z [command]/opt/homebrew/bin/git -c protocol.version=2 fetch --no-tags --prune --no-recurse-submodules --depth=1 origin +refs/heads/main:refs/remotes/origin/main
2025-01-13T19:46:09.4887890Z From https://github.com/tardis-sn/tardis-regression-data
2025-01-13T19:46:09.4889820Z  * [new branch]      main       -> origin/main
2025-01-13T19:46:09.4968950Z ##[endgroup]
2025-01-13T19:46:09.4969340Z ##[group]Determining the checkout info
2025-01-13T19:46:09.4969740Z ##[endgroup]
2025-01-13T19:46:09.4969980Z [command]/opt/homebrew/bin/git sparse-checkout disable
2025-01-13T19:46:09.5041150Z [command]/opt/homebrew/bin/git config --local --unset-all extensions.worktreeConfig
2025-01-13T19:46:09.5084950Z ##[group]Checking out the ref
2025-01-13T19:46:09.5088230Z [command]/opt/homebrew/bin/git checkout --progress --force -B main refs/remotes/origin/main
2025-01-13T19:46:09.8286100Z Switched to a new branch 'main'
2025-01-13T19:46:09.8386770Z branch 'main' set up to track 'origin/main'.
2025-01-13T19:46:10.0450790Z ##[endgroup]
2025-01-13T19:46:10.0564190Z [command]/opt/homebrew/bin/git log -1 --format=%H
2025-01-13T19:46:10.0565030Z fa7729bc9c30e14b69acd641af8b692b56fcd416
2025-01-13T19:46:10.0605450Z ##[group]Run git lfs ls-files -l | cut -d' ' -f1 | sort > .lfs-assets-id
2025-01-13T19:46:10.0605890Z [36;1mgit lfs ls-files -l | cut -d' ' -f1 | sort > .lfs-assets-id[0m
2025-01-13T19:46:10.0682150Z shell: /bin/bash --noprofile --norc -e -o pipefail {0}
2025-01-13T19:46:10.0682450Z env:
2025-01-13T19:46:10.0682590Z   CACHE_NUMBER: 0
2025-01-13T19:46:10.0683090Z   PYTEST_FLAGS: --tardis-regression-data=/Users/runner/work/tardis/tardis/tardis-regression-data --cov=tardis --cov-report=xml --cov-report=html --cov-append
2025-01-13T19:46:10.0683610Z   CODECOV_TOKEN: 
2025-01-13T19:46:10.0683760Z ##[endgroup]
2025-01-13T19:46:10.4320300Z ##[group]Run actions/cache/restore@v4
2025-01-13T19:46:10.4320750Z with:
2025-01-13T19:46:10.4320970Z   path: tardis-regression-data/.git/lfs
2025-01-13T19:46:10.4321340Z   key: macOS-lfs-21f9fa4b6817cc69b9fae3598144724da7828e276a73bd17f47a2a49d9af090a-v1
2025-01-13T19:46:10.4321700Z   enableCrossOsArchive: false
2025-01-13T19:46:10.4321880Z   fail-on-cache-miss: false
2025-01-13T19:46:10.4322060Z   lookup-only: false
2025-01-13T19:46:10.4322230Z env:
2025-01-13T19:46:10.4322360Z   CACHE_NUMBER: 0
2025-01-13T19:46:10.4323400Z   PYTEST_FLAGS: --tardis-regression-data=/Users/runner/work/tardis/tardis/tardis-regression-data --cov=tardis --cov-report=xml --cov-report=html --cov-append
2025-01-13T19:46:10.4323990Z   CODECOV_TOKEN: 
2025-01-13T19:46:10.4324130Z ##[endgroup]
2025-01-13T19:46:11.9537080Z Received 16777216 of 1706796060 (1.0%), 16.0 MBs/sec
2025-01-13T19:46:12.9539640Z Received 92274688 of 1706796060 (5.4%), 43.9 MBs/sec
2025-01-13T19:46:13.9548890Z Received 167772160 of 1706796060 (9.8%), 53.3 MBs/sec
2025-01-13T19:46:14.9795920Z Received 218103808 of 1706796060 (12.8%), 51.9 MBs/sec
2025-01-13T19:46:15.9602170Z Received 281018368 of 1706796060 (16.5%), 53.5 MBs/sec
2025-01-13T19:46:16.9640700Z Received 339738624 of 1706796060 (19.9%), 53.9 MBs/sec
2025-01-13T19:46:17.9601660Z Received 390070272 of 1706796060 (22.9%), 53.1 MBs/sec
2025-01-13T19:46:18.9682520Z Received 461373440 of 1706796060 (27.0%), 54.9 MBs/sec
2025-01-13T19:46:19.9685780Z Received 515899392 of 1706796060 (30.2%), 54.6 MBs/sec
2025-01-13T19:46:20.9702000Z Received 583008256 of 1706796060 (34.2%), 55.5 MBs/sec
2025-01-13T19:46:21.9697870Z Received 645922816 of 1706796060 (37.8%), 55.9 MBs/sec
2025-01-13T19:46:22.9703640Z Received 708837376 of 1706796060 (41.5%), 56.2 MBs/sec
2025-01-13T19:46:23.9700190Z Received 771751936 of 1706796060 (45.2%), 56.5 MBs/sec
2025-01-13T19:46:24.9698880Z Received 834666496 of 1706796060 (48.9%), 56.8 MBs/sec
2025-01-13T19:46:25.9704800Z Received 901775360 of 1706796060 (52.8%), 57.3 MBs/sec
2025-01-13T19:46:26.9713960Z Received 968884224 of 1706796060 (56.8%), 57.7 MBs/sec
2025-01-13T19:46:27.9766740Z Received 1052770304 of 1706796060 (61.7%), 59.0 MBs/sec
2025-01-13T19:46:28.9771660Z Received 1136656384 of 1706796060 (66.6%), 60.1 MBs/sec
2025-01-13T19:46:29.9801650Z Received 1170210816 of 1706796060 (68.6%), 58.6 MBs/sec
2025-01-13T19:46:30.9805830Z Received 1254096896 of 1706796060 (73.5%), 59.7 MBs/sec
2025-01-13T19:46:31.9880750Z Received 1317011456 of 1706796060 (77.2%), 59.7 MBs/sec
2025-01-13T19:46:32.9883430Z Received 1400897536 of 1706796060 (82.1%), 60.6 MBs/sec
2025-01-13T19:46:33.9843170Z Received 1447034880 of 1706796060 (84.8%), 59.9 MBs/sec
2025-01-13T19:46:34.9853210Z Received 1522532352 of 1706796060 (89.2%), 60.4 MBs/sec
2025-01-13T19:46:35.9856860Z Received 1577058304 of 1706796060 (92.4%), 60.1 MBs/sec
2025-01-13T19:46:36.9923140Z Received 1627389952 of 1706796060 (95.3%), 59.6 MBs/sec
2025-01-13T19:46:37.9908390Z Received 1698693120 of 1706796060 (99.5%), 59.9 MBs/sec
2025-01-13T19:46:38.4822720Z Cache Size: ~1628 MB (1706796060 B)
2025-01-13T19:46:38.4957090Z [command]/opt/homebrew/bin/gtar -xf /Users/runner/work/_temp/15d82641-307b-4c8c-8f17-194e5f0220d9/cache.tzst -P -C /Users/runner/work/tardis/tardis --delay-directory-restore --use-compress-program unzstd
2025-01-13T19:46:38.9933650Z Received 1706796060 of 1706796060 (100.0%), 58.0 MBs/sec
2025-01-13T19:46:48.4724990Z Cache restored successfully
2025-01-13T19:46:48.5828600Z Cache restored from key: macOS-lfs-21f9fa4b6817cc69b9fae3598144724da7828e276a73bd17f47a2a49d9af090a-v1
2025-01-13T19:46:48.6052740Z ##[group]Run git lfs checkout
2025-01-13T19:46:48.6053240Z [36;1mgit lfs checkout[0m
2025-01-13T19:46:48.6149930Z shell: /bin/bash --noprofile --norc -e -o pipefail {0}
2025-01-13T19:46:48.6150380Z env:
2025-01-13T19:46:48.6150810Z   CACHE_NUMBER: 0
2025-01-13T19:46:48.6151620Z   PYTEST_FLAGS: --tardis-regression-data=/Users/runner/work/tardis/tardis/tardis-regression-data --cov=tardis --cov-report=xml --cov-report=html --cov-append
2025-01-13T19:46:48.6152370Z   CODECOV_TOKEN: 
2025-01-13T19:46:48.6152680Z ##[endgroup]
2025-01-13T19:46:59.9748540Z Checking out LFS objects: 100% (204/204), 3.5 GB | 229 MB/s, done.
2025-01-13T19:47:08.2521970Z Prepare all required actions
2025-01-13T19:47:08.2522560Z Getting action download info
2025-01-13T19:47:08.4108900Z Download action repository 'mamba-org/setup-micromamba@v1' (SHA:4b9113af4fba0e9e1124b252dd6497a419e7396d)
2025-01-13T19:47:09.5918250Z ##[group]Run ./.github/actions/setup_env
2025-01-13T19:47:09.5918590Z with:
2025-01-13T19:47:09.5918830Z   os-label: osx-arm64
2025-01-13T19:47:09.5919070Z env:
2025-01-13T19:47:09.5919220Z   CACHE_NUMBER: 0
2025-01-13T19:47:09.5919740Z   PYTEST_FLAGS: --tardis-regression-data=/Users/runner/work/tardis/tardis/tardis-regression-data --cov=tardis --cov-report=xml --cov-report=html --cov-append
2025-01-13T19:47:09.5920940Z   CODECOV_TOKEN: 
2025-01-13T19:47:09.5921100Z ##[endgroup]
2025-01-13T19:47:09.5995560Z ##[group]Run file_hash=$(cat conda-osx-arm64.lock | shasum -a 256 | cut -d' ' -f1)
2025-01-13T19:47:09.5996010Z [36;1mfile_hash=$(cat conda-osx-arm64.lock | shasum -a 256 | cut -d' ' -f1)[0m
2025-01-13T19:47:09.5996430Z [36;1mecho "file_hash=$file_hash" >> "${GITHUB_OUTPUT}"[0m
2025-01-13T19:47:09.6070920Z shell: /bin/bash --noprofile --norc -e -o pipefail {0}
2025-01-13T19:47:09.6071170Z env:
2025-01-13T19:47:09.6071330Z   CACHE_NUMBER: 0
2025-01-13T19:47:09.6071820Z   PYTEST_FLAGS: --tardis-regression-data=/Users/runner/work/tardis/tardis/tardis-regression-data --cov=tardis --cov-report=xml --cov-report=html --cov-append
2025-01-13T19:47:09.6072360Z   CODECOV_TOKEN: 
2025-01-13T19:47:09.6072500Z ##[endgroup]
2025-01-13T19:47:09.7036100Z ##[group]Run mamba-org/setup-micromamba@v1
2025-01-13T19:47:09.7036320Z with:
2025-01-13T19:47:09.7036470Z   environment-file: conda-osx-arm64.lock
2025-01-13T19:47:09.7036850Z   cache-environment-key: bf0d0a4d4c847cca72476c6c68c493d56c484aada7e80de0e42c7607fcef5824
2025-01-13T19:47:09.7037300Z   cache-downloads-key: bf0d0a4d4c847cca72476c6c68c493d56c484aada7e80de0e42c7607fcef5824
2025-01-13T19:47:09.7037640Z   environment-name: tardis
2025-01-13T19:47:09.7037820Z   cache-environment: true
2025-01-13T19:47:09.7037990Z   cache-downloads: true
2025-01-13T19:47:09.7038160Z env:
2025-01-13T19:47:09.7038280Z   CACHE_NUMBER: 0
2025-01-13T19:47:09.7038770Z   PYTEST_FLAGS: --tardis-regression-data=/Users/runner/work/tardis/tardis/tardis-regression-data --cov=tardis --cov-report=xml --cov-report=html --cov-append
2025-01-13T19:47:09.7039260Z   CODECOV_TOKEN: 
2025-01-13T19:47:09.7039400Z ##[endgroup]
2025-01-13T19:47:10.0063380Z Will download micromamba to /Users/runner/micromamba-bin/micromamba
2025-01-13T19:47:10.0075530Z ##[group]Install micromamba
2025-01-13T19:47:10.7223080Z micromamba installed to /Users/runner/micromamba-bin/micromamba
2025-01-13T19:47:10.7223690Z ##[endgroup]
2025-01-13T19:47:10.7224050Z Adding conda-forge to condarc channels ...
2025-01-13T19:47:10.7238630Z ##[group]Initialize micromamba for bash.
2025-01-13T19:47:10.7250840Z [command]/Users/runner/micromamba-bin/micromamba shell init -s bash -r /Users/runner/micromamba --log-level warning --rc-file /Users/runner/work/_temp/setup-micromamba/.condarc
2025-01-13T19:47:10.7504240Z Modifying RC file "/Users/runner/.bash_profile"
2025-01-13T19:47:10.7506660Z Generating config for root prefix [1m"/Users/runner/micromamba"[0m
2025-01-13T19:47:10.7507190Z Setting mamba executable to: [1m"/Users/runner/micromamba-bin/micromamba"[0m
2025-01-13T19:47:10.7507710Z Adding (or replacing) the following in your "/Users/runner/.bash_profile" file
2025-01-13T19:47:10.7507990Z 
2025-01-13T19:47:10.7508100Z # >>> mamba initialize >>>
2025-01-13T19:47:10.7508410Z # !! Contents within this block are managed by 'mamba init' !!
2025-01-13T19:47:10.7508770Z export MAMBA_EXE='/Users/runner/micromamba-bin/micromamba';
2025-01-13T19:47:10.7509160Z export MAMBA_ROOT_PREFIX='/Users/runner/micromamba';
2025-01-13T19:47:10.7509600Z __mamba_setup="$("$MAMBA_EXE" shell hook --shell bash --root-prefix "$MAMBA_ROOT_PREFIX" 2> /dev/null)"
2025-01-13T19:47:10.7510020Z if [ $? -eq 0 ]; then
2025-01-13T19:47:10.7510250Z     eval "$__mamba_setup"
2025-01-13T19:47:10.7511350Z else
2025-01-13T19:47:10.7511720Z     alias micromamba="$MAMBA_EXE"  # Fallback on help from mamba activate
2025-01-13T19:47:10.7512050Z fi
2025-01-13T19:47:10.7512270Z unset __mamba_setup
2025-01-13T19:47:10.7512490Z # <<< mamba initialize <<<
2025-01-13T19:47:10.7512660Z 
2025-01-13T19:47:10.7524600Z ##[endgroup]
2025-01-13T19:47:10.7531640Z ##[group]Restoring downloads from `/Users/runner/micromamba/pkgs` ...
2025-01-13T19:47:12.0983580Z Received 37748736 of 310595873 (12.2%), 36.0 MBs/sec
2025-01-13T19:47:13.0985110Z Received 92274688 of 310595873 (29.7%), 44.0 MBs/sec
2025-01-13T19:47:14.1003700Z Received 150994944 of 310595873 (48.6%), 48.0 MBs/sec
2025-01-13T19:47:15.1010490Z Received 205520896 of 310595873 (66.2%), 49.0 MBs/sec
2025-01-13T19:47:16.1018780Z Received 272629760 of 310595873 (87.8%), 51.9 MBs/sec
2025-01-13T19:47:16.6183680Z Cache Size: ~296 MB (310595873 B)
2025-01-13T19:47:16.6248840Z [command]/opt/homebrew/bin/gtar -xf /Users/runner/work/_temp/9054c52c-7997-4743-9a08-6d4f5d1ae290/cache.tzst -P -C /Users/runner/work/tardis/tardis --delay-directory-restore --use-compress-program unzstd
2025-01-13T19:47:17.1044080Z Received 310595873 of 310595873 (100.0%), 49.3 MBs/sec
2025-01-13T19:47:17.3788790Z Cache restored successfully
2025-01-13T19:47:17.3817520Z Restored cache with key `bf0d0a4d4c847cca72476c6c68c493d56c484aada7e80de0e42c7607fcef5824-osx-arm64`
2025-01-13T19:47:17.3818880Z ##[endgroup]
2025-01-13T19:47:17.4035280Z ##[group]Restoring environment `tardis` from `/Users/runner/micromamba/envs/tardis` ...
2025-01-13T19:47:18.7833730Z Received 37748736 of 385775710 (9.8%), 36.0 MBs/sec
2025-01-13T19:47:19.7841960Z Received 109051904 of 385775710 (28.3%), 52.0 MBs/sec
2025-01-13T19:47:20.7839350Z Received 184549376 of 385775710 (47.8%), 58.6 MBs/sec
2025-01-13T19:47:21.7850040Z Received 247463936 of 385775710 (64.1%), 59.0 MBs/sec
2025-01-13T19:47:22.7861600Z Received 327155712 of 385775710 (84.8%), 62.4 MBs/sec
2025-01-13T19:47:23.5716140Z Cache Size: ~368 MB (385775710 B)
2025-01-13T19:47:23.5744010Z [command]/opt/homebrew/bin/gtar -xf /Users/runner/work/_temp/b52fad51-36e2-4d2c-8da9-12519651d9de/cache.tzst -P -C /Users/runner/work/tardis/tardis --delay-directory-restore --use-compress-program unzstd
2025-01-13T19:47:23.7870330Z Received 385775710 of 385775710 (100.0%), 61.3 MBs/sec
2025-01-13T19:47:36.2465770Z Cache restored successfully
2025-01-13T19:47:36.2568640Z Restored cache with key `bf0d0a4d4c847cca72476c6c68c493d56c484aada7e80de0e42c7607fcef5824-osx-arm64-tardis-args-4f53cda-root-873f6fe-bin-[object Promise]-file-bf0d0a4d4c847cca72476c6c68c493d56c484aada7e80de0e42c7607fcef5824`
2025-01-13T19:47:36.2657410Z ##[endgroup]
2025-01-13T19:47:36.2657950Z Adding environment tardis to auto-activate bash ...
2025-01-13T19:47:36.2659070Z Generating micromamba run shell.
2025-01-13T19:47:36.2660520Z ##[endgroup]
2025-01-13T19:47:36.2661530Z Set environment variables.
2025-01-13T19:47:36.2662550Z ##[group]micromamba info
2025-01-13T19:47:36.2663970Z [command]/Users/runner/micromamba-bin/micromamba info -r /Users/runner/micromamba -n tardis
2025-01-13T19:47:36.7990610Z 
2025-01-13T19:47:36.7993480Z        libmamba version : 1.5.10
2025-01-13T19:47:36.7997780Z      micromamba version : 1.5.10
2025-01-13T19:47:36.7998880Z            curl version : libcurl/8.10.1 (OpenSSL/3.3.2) SecureTransport zlib/1.3.1 zstd/1.5.6 libssh2/1.11.0 nghttp2/1.58.0
2025-01-13T19:47:36.8000410Z      libarchive version : libarchive 3.7.4 zlib/1.2.13 bz2lib/1.0.8 libzstd/1.5.6
2025-01-13T19:47:36.8001530Z        envs directories : /Users/runner/micromamba/envs
2025-01-13T19:47:36.8002510Z           package cache : /Users/runner/micromamba/pkgs
2025-01-13T19:47:36.8003360Z                           /Users/runner/.mamba/pkgs
2025-01-13T19:47:36.8004130Z             environment : tardis
2025-01-13T19:47:36.8004900Z            env location : /Users/runner/micromamba/envs/tardis
2025-01-13T19:47:36.8005870Z       user config files : /Users/runner/.mambarc
2025-01-13T19:47:36.8014800Z  populated config files : /Users/runner/work/_temp/setup-micromamba/.condarc
2025-01-13T19:47:36.8015470Z        virtual packages : __unix=0=0
2025-01-13T19:47:36.8015730Z                           __osx=14.7.2=0
2025-01-13T19:47:36.8016090Z                           __archspec=1=arm64
2025-01-13T19:47:36.8016580Z                channels : https://conda.anaconda.org/conda-forge/osx-arm64
2025-01-13T19:47:36.8017060Z                           https://conda.anaconda.org/conda-forge/noarch
2025-01-13T19:47:36.8017490Z        base environment : /Users/runner/micromamba
2025-01-13T19:47:36.8017780Z                platform : osx-arm64
2025-01-13T19:47:36.8019050Z ##[endgroup]
2025-01-13T19:47:36.8032040Z ##[group]micromamba list
2025-01-13T19:47:36.8034560Z [command]/Users/runner/micromamba-bin/micromamba list -r /Users/runner/micromamba -n tardis
2025-01-13T19:47:37.2373550Z List of packages in environment: "/Users/runner/micromamba/envs/tardis"
2025-01-13T19:47:37.2394970Z 
2025-01-13T19:47:37.2398520Z   Name                           Version              Build                    Channel    
2025-01-13T19:47:37.2404400Z â”€â”€â”€â”€â”€â”€â”€â”€â”€â”€â”€â”€â”€â”€â”€â”€â”€â”€â”€â”€â”€â”€â”€â”€â”€â”€â”€â”€â”€â”€â”€â”€â”€â”€â”€â”€â”€â”€â”€â”€â”€â”€â”€â”€â”€â”€â”€â”€â”€â”€â”€â”€â”€â”€â”€â”€â”€â”€â”€â”€â”€â”€â”€â”€â”€â”€â”€â”€â”€â”€â”€â”€â”€â”€â”€â”€â”€â”€â”€â”€â”€â”€â”€â”€â”€â”€â”€â”€â”€â”€â”€â”€
2025-01-13T19:47:37.2405830Z   alabaster                      0.7.16               pyhd8ed1ab_0             conda-forge
2025-01-13T19:47:37.2408090Z   anyio                          4.4.0                pyhd8ed1ab_0             conda-forge
2025-01-13T19:47:37.2413230Z   appnope                        0.1.4                pyhd8ed1ab_0             conda-forge
2025-01-13T19:47:37.2414070Z   argon2-cffi                    23.1.0               pyhd8ed1ab_0             conda-forge
2025-01-13T19:47:37.2415350Z   argon2-cffi-bindings           21.2.0               py312h02f2b3b_4          conda-forge
2025-01-13T19:47:37.2415760Z   arrow                          1.3.0                pyhd8ed1ab_0             conda-forge
2025-01-13T19:47:37.2416330Z   astropy                        6.1.1                py312hbebd99a_0          conda-forge
2025-01-13T19:47:37.2416790Z   astropy-iers-data              0.2024.6.17.0.31.35  pyhd8ed1ab_0             conda-forge
2025-01-13T19:47:37.2417320Z   astropy-sphinx-theme           1.1                  pyhd8ed1ab_0             conda-forge
2025-01-13T19:47:37.2417720Z   asttokens                      2.4.1                pyhd8ed1ab_0             conda-forge
2025-01-13T19:47:37.2418170Z   async-lru                      2.0.4                pyhd8ed1ab_0             conda-forge
2025-01-13T19:47:37.2418550Z   atk-1.0                        2.38.0               hd03087b_2               conda-forge
2025-01-13T19:47:37.2418930Z   attrs                          23.2.0               pyh71513ae_0             conda-forge
2025-01-13T19:47:37.2419310Z   babel                          2.14.0               pyhd8ed1ab_0             conda-forge
2025-01-13T19:47:37.2419760Z   beautifulsoup4                 4.12.3               pyha770c72_0             conda-forge
2025-01-13T19:47:37.2420160Z   bleach                         6.1.0                pyhd8ed1ab_0             conda-forge
2025-01-13T19:47:37.2420650Z   blosc                          1.21.5               h9c252e8_1               conda-forge
2025-01-13T19:47:37.2420990Z   brotli                         1.1.0                hb547adb_1               conda-forge
2025-01-13T19:47:37.2421390Z   brotli-bin                     1.1.0                hb547adb_1               conda-forge
2025-01-13T19:47:37.2421890Z   brotli-python                  1.1.0                py312h9f69965_1          conda-forge
2025-01-13T19:47:37.2422720Z   bzip2                          1.0.8                h93a5062_5               conda-forge
2025-01-13T19:47:37.2423090Z   c-ares                         1.28.1               h93a5062_0               conda-forge
2025-01-13T19:47:37.2423570Z   c-blosc2                       2.14.4               ha57e6be_1               conda-forge
2025-01-13T19:47:37.2424150Z   ca-certificates                2024.6.2             hf0a4a13_0               conda-forge
2025-01-13T19:47:37.2425280Z   cached-property                1.5.2                hd8ed1ab_1               conda-forge
2025-01-13T19:47:37.2425820Z   cached_property                1.5.2                pyha770c72_1             conda-forge
2025-01-13T19:47:37.2426280Z   cairo                          1.18.0               hd1e100b_0               conda-forge
2025-01-13T19:47:37.2426950Z   certifi                        2024.6.2             pyhd8ed1ab_0             conda-forge
2025-01-13T19:47:37.2427390Z   cffi                           1.16.0               py312h8e38eb3_0          conda-forge
2025-01-13T19:47:37.2427780Z   charset-normalizer             3.3.2                pyhd8ed1ab_0             conda-forge
2025-01-13T19:47:37.2428440Z   click                          8.1.7                unix_pyh707e725_0        conda-forge
2025-01-13T19:47:37.2428860Z   codespell                      2.3.0                pyhd8ed1ab_0             conda-forge
2025-01-13T19:47:37.2429360Z   colorama                       0.4.6                pyhd8ed1ab_0             conda-forge
2025-01-13T19:47:37.2429840Z   comm                           0.2.2                pyhd8ed1ab_0             conda-forge
2025-01-13T19:47:37.2430270Z   commonmark                     0.9.1                py_0                     conda-forge
2025-01-13T19:47:37.2430650Z   contourpy                      1.2.1                py312h0fef576_0          conda-forge
2025-01-13T19:47:37.2431110Z   coverage                       7.5.3                py312h7e5086c_0          conda-forge
2025-01-13T19:47:37.2431490Z   cycler                         0.12.1               pyhd8ed1ab_0             conda-forge
2025-01-13T19:47:37.2431960Z   dataclasses                    0.8                  pyhc8e2a94_3             conda-forge
2025-01-13T19:47:37.2432330Z   debugpy                        1.8.1                py312h20a0b95_0          conda-forge
2025-01-13T19:47:37.2432790Z   decorator                      5.1.1                pyhd8ed1ab_0             conda-forge
2025-01-13T19:47:37.2433410Z   defusedxml                     0.7.1                pyhd8ed1ab_0             conda-forge
2025-01-13T19:47:37.2434270Z   docutils                       0.20.1               py312h81bd7bf_3          conda-forge
2025-01-13T19:47:37.2434660Z   dot2tex                        2.11.3               pyhd8ed1ab_0             conda-forge
2025-01-13T19:47:37.2435030Z   entrypoints                    0.4                  pyhd8ed1ab_0             conda-forge
2025-01-13T19:47:37.2435480Z   exceptiongroup                 1.2.0                pyhd8ed1ab_2             conda-forge
2025-01-13T19:47:37.2435850Z   executing                      2.0.1                pyhd8ed1ab_0             conda-forge
2025-01-13T19:47:37.2436240Z   expat                          2.6.2                hebf3989_0               conda-forge
2025-01-13T19:47:37.2436740Z   font-ttf-dejavu-sans-mono      2.37                 hab24e00_0               conda-forge
2025-01-13T19:47:37.2437170Z   font-ttf-inconsolata           3.000                h77eed37_0               conda-forge
2025-01-13T19:47:37.2437990Z   font-ttf-source-code-pro       2.038                h77eed37_0               conda-forge
2025-01-13T19:47:37.2438750Z   font-ttf-ubuntu                0.83                 h77eed37_2               conda-forge
2025-01-13T19:47:37.2472220Z   fontconfig                     2.14.2               h82840c6_0               conda-forge
2025-01-13T19:47:37.2472730Z   fonts-conda-ecosystem          1                    0                        conda-forge
2025-01-13T19:47:37.2473290Z   fonts-conda-forge              1                    0                        conda-forge
2025-01-13T19:47:37.2473810Z   fonttools                      4.53.0               py312h7e5086c_0          conda-forge
2025-01-13T19:47:37.2474680Z   fqdn                           1.5.1                pyhd8ed1ab_0             conda-forge
2025-01-13T19:47:37.2475110Z   freetype                       2.12.1               hadb7bae_2               conda-forge
2025-01-13T19:47:37.2476090Z   fribidi                        1.0.10               h27ca646_0               conda-forge
2025-01-13T19:47:37.2476500Z   future                         1.0.0                pyhd8ed1ab_0             conda-forge
2025-01-13T19:47:37.2476970Z   gdk-pixbuf                     2.42.12              h7ddc832_0               conda-forge
2025-01-13T19:47:37.2477350Z   gettext                        0.22.5               h8fbad5d_2               conda-forge
2025-01-13T19:47:37.2477810Z   gettext-tools                  0.22.5               h8fbad5d_2               conda-forge
2025-01-13T19:47:37.2478160Z   giflib                         5.2.2                h93a5062_0               conda-forge
2025-01-13T19:47:37.2478890Z   git-lfs                        3.5.1                hce30654_0               conda-forge
2025-01-13T19:47:37.2479220Z   gmp                            6.3.0                hebf3989_1               conda-forge
2025-01-13T19:47:37.2479600Z   gmpy2                          2.1.5                py312hfa9fade_1          conda-forge
2025-01-13T19:47:37.2479890Z   graphite2                      1.3.13               hebf3989_1003            conda-forge
2025-01-13T19:47:37.2480180Z   graphviz                       11.0.0               h9bb9bc9_0               conda-forge
2025-01-13T19:47:37.2480460Z   gtk2                           2.24.33              h7895bb2_4               conda-forge
2025-01-13T19:47:37.2480720Z   gts                            0.7.6                he42f4ea_4               conda-forge
2025-01-13T19:47:37.2481000Z   h11                            0.14.0               pyhd8ed1ab_0             conda-forge
2025-01-13T19:47:37.2481270Z   h2                             4.1.0                pyhd8ed1ab_0             conda-forge
2025-01-13T19:47:37.2481540Z   h5py                           3.11.0               nompi_py312h903599c_102  conda-forge
2025-01-13T19:47:37.2481820Z   harfbuzz                       8.5.0                h1836168_0               conda-forge
2025-01-13T19:47:37.2482190Z   hdf5                           1.14.3               nompi_hec07895_105       conda-forge
2025-01-13T19:47:37.2482470Z   hpack                          4.0.0                pyh9f0ad1d_0             conda-forge
2025-01-13T19:47:37.2482810Z   httpcore                       1.0.5                pyhd8ed1ab_0             conda-forge
2025-01-13T19:47:37.2483100Z   httpx                          0.27.0               pyhd8ed1ab_0             conda-forge
2025-01-13T19:47:37.2483380Z   hyperframe                     6.0.1                pyhd8ed1ab_0             conda-forge
2025-01-13T19:47:37.2483720Z   icu                            73.2                 hc8870d7_0               conda-forge
2025-01-13T19:47:37.2484100Z   idna                           3.7                  pyhd8ed1ab_0             conda-forge
2025-01-13T19:47:37.2484460Z   imagesize                      1.4.1                pyhd8ed1ab_0             conda-forge
2025-01-13T19:47:37.2484900Z   importlib-metadata             7.1.0                pyha770c72_0             conda-forge
2025-01-13T19:47:37.2485320Z   importlib_metadata             7.1.0                hd8ed1ab_0               conda-forge
2025-01-13T19:47:37.2485650Z   importlib_resources            6.4.0                pyhd8ed1ab_0             conda-forge
2025-01-13T19:47:37.2486030Z   iniconfig                      2.0.0                pyhd8ed1ab_0             conda-forge
2025-01-13T19:47:37.2486320Z   ipykernel                      6.29.4               pyh57ce528_0             conda-forge
2025-01-13T19:47:37.2486600Z   ipython                        8.25.0               pyh707e725_0             conda-forge
2025-01-13T19:47:37.2486920Z   ipython_genutils               0.2.0                pyhd8ed1ab_1             conda-forge
2025-01-13T19:47:37.2487360Z   ipywidgets                     7.8.0                pyhd8ed1ab_0             conda-forge
2025-01-13T19:47:37.2487830Z   isoduration                    20.11.0              pyhd8ed1ab_0             conda-forge
2025-01-13T19:47:37.2488590Z   jedi                           0.19.1               pyhd8ed1ab_0             conda-forge
2025-01-13T19:47:37.2488910Z   jinja2                         3.1.4                pyhd8ed1ab_0             conda-forge
2025-01-13T19:47:37.2489290Z   json5                          0.9.25               pyhd8ed1ab_0             conda-forge
2025-01-13T19:47:37.2489710Z   jsonpointer                    3.0.0                py312h81bd7bf_0          conda-forge
2025-01-13T19:47:37.2490070Z   jsonschema                     4.22.0               pyhd8ed1ab_0             conda-forge
2025-01-13T19:47:37.2490560Z   jsonschema-specifications      2023.12.1            pyhd8ed1ab_0             conda-forge
2025-01-13T19:47:37.2491220Z   jsonschema-with-format-nongpl  4.22.0               pyhd8ed1ab_0             conda-forge
2025-01-13T19:47:37.2491670Z   jupyter-lsp                    2.2.5                pyhd8ed1ab_0             conda-forge
2025-01-13T19:47:37.2492040Z   jupyter_client                 8.6.2                pyhd8ed1ab_0             conda-forge
2025-01-13T19:47:37.2492460Z   jupyter_core                   5.7.2                py312h81bd7bf_0          conda-forge
2025-01-13T19:47:37.2492780Z   jupyter_events                 0.10.0               pyhd8ed1ab_0             conda-forge
2025-01-13T19:47:37.2493210Z   jupyter_server                 2.14.1               pyhd8ed1ab_0             conda-forge
2025-01-13T19:47:37.2493630Z   jupyter_server_terminals       0.5.3                pyhd8ed1ab_0             conda-forge
2025-01-13T19:47:37.2494020Z   jupyterlab                     4.2.2                pyhd8ed1ab_0             conda-forge
2025-01-13T19:47:37.2494430Z   jupyterlab_pygments            0.3.0                pyhd8ed1ab_1             conda-forge
2025-01-13T19:47:37.2494900Z   jupyterlab_server              2.27.2               pyhd8ed1ab_0             conda-forge
2025-01-13T19:47:37.2495270Z   jupyterlab_widgets             1.1.7                pyhd8ed1ab_0             conda-forge
2025-01-13T19:47:37.2495670Z   kiwisolver                     1.4.5                py312h389731b_1          conda-forge
2025-01-13T19:47:37.2496010Z   krb5                           1.21.2               h92f50d5_0               conda-forge
2025-01-13T19:47:37.2496380Z   latexcodec                     2.0.1                pyh9f0ad1d_0             conda-forge
2025-01-13T19:47:37.2496720Z   lcms2                          2.16                 ha0e7c42_0               conda-forge
2025-01-13T19:47:37.2497090Z   lerc                           4.0.0                h9a09cb3_0               conda-forge
2025-01-13T19:47:37.2497420Z   libaec                         1.1.3                hebf3989_0               conda-forge
2025-01-13T19:47:37.2497850Z   libasprintf                    0.22.5               h8fbad5d_2               conda-forge
2025-01-13T19:47:37.2498220Z   libasprintf-devel              0.22.5               h8fbad5d_2               conda-forge
2025-01-13T19:47:37.2498610Z   libblas                        3.9.0                22_osxarm64_openblas     conda-forge
2025-01-13T19:47:37.2499030Z   libbrotlicommon                1.1.0                hb547adb_1               conda-forge
2025-01-13T19:47:37.2499400Z   libbrotlidec                   1.1.0                hb547adb_1               conda-forge
2025-01-13T19:47:37.2499760Z   libbrotlienc                   1.1.0                hb547adb_1               conda-forge
2025-01-13T19:47:37.2500100Z   libcblas                       3.9.0                22_osxarm64_openblas     conda-forge
2025-01-13T19:47:37.2500480Z   libcurl                        8.8.0                h7b6f9a7_0               conda-forge
2025-01-13T19:47:37.2500830Z   libcxx                         17.0.6               h5f092b4_0               conda-forge
2025-01-13T19:47:37.2501220Z   libdeflate                     1.20                 h93a5062_0               conda-forge
2025-01-13T19:47:37.2501550Z   libedit                        3.1.20191231         hc8eb9b7_2               conda-forge
2025-01-13T19:47:37.2502310Z   libev                          4.33                 h93a5062_2               conda-forge
2025-01-13T19:47:37.2502690Z   libexpat                       2.6.2                hebf3989_0               conda-forge
2025-01-13T19:47:37.2503090Z   libffi                         3.4.2                h3422bc3_5               conda-forge
2025-01-13T19:47:37.2503420Z   libgd                          2.3.3                hfdf3952_9               conda-forge
2025-01-13T19:47:37.2503830Z   libgettextpo                   0.22.5               h8fbad5d_2               conda-forge
2025-01-13T19:47:37.2504260Z   libgettextpo-devel             0.22.5               h8fbad5d_2               conda-forge
2025-01-13T19:47:37.2504810Z   libgfortran                    5.0.0                13_2_0_hd922786_3        conda-forge
2025-01-13T19:47:37.2505120Z   libgfortran5                   13.2.0               hf226fd6_3               conda-forge
2025-01-13T19:47:37.2505470Z   libglib                        2.80.2               h59d46d9_1               conda-forge
2025-01-13T19:47:37.2505880Z   libiconv                       1.17                 h0d3ecfb_2               conda-forge
2025-01-13T19:47:37.2506220Z   libintl                        0.22.5               h8fbad5d_2               conda-forge
2025-01-13T19:47:37.2506620Z   libintl-devel                  0.22.5               h8fbad5d_2               conda-forge
2025-01-13T19:47:37.2506970Z   libjpeg-turbo                  3.0.0                hb547adb_1               conda-forge
2025-01-13T19:47:37.2507380Z   liblapack                      3.9.0                22_osxarm64_openblas     conda-forge
2025-01-13T19:47:37.2507690Z   libllvm14                      14.0.6               hd1a9a77_4               conda-forge
2025-01-13T19:47:37.2508070Z   libnghttp2                     1.58.0               ha4dd798_1               conda-forge
2025-01-13T19:47:37.2508430Z   libopenblas                    0.3.27               openmp_h6c19121_0        conda-forge
2025-01-13T19:47:37.2508850Z   libpng                         1.6.43               h091b4b1_0               conda-forge
2025-01-13T19:47:37.2509280Z   librsvg                        2.58.1               hbc281fb_0               conda-forge
2025-01-13T19:47:37.2513110Z   libsodium                      1.0.18               h27ca646_1               conda-forge
2025-01-13T19:47:37.2513510Z   libsqlite                      3.46.0               hfb93653_0               conda-forge
2025-01-13T19:47:37.2513900Z   libssh2                        1.11.0               h7a5bd25_0               conda-forge
2025-01-13T19:47:37.2517510Z   libtiff                        4.6.0                h07db509_3               conda-forge
2025-01-13T19:47:37.2518600Z   libwebp                        1.4.0                h54798ee_0               conda-forge
2025-01-13T19:47:37.2519640Z   libwebp-base                   1.4.0                h93a5062_0               conda-forge
2025-01-13T19:47:37.2520560Z   libxcb                         1.16                 hf2054a2_0               conda-forge
2025-01-13T19:47:37.2521600Z   libxml2                        2.12.7               ha661575_1               conda-forge
2025-01-13T19:47:37.2522650Z   libxslt                        1.1.39               h223e5b9_0               conda-forge
2025-01-13T19:47:37.2523550Z   libzlib                        1.3.1                hfb2fe0b_1               conda-forge
2025-01-13T19:47:37.2524550Z   llvm-openmp                    18.1.7               hde57baf_0               conda-forge
2025-01-13T19:47:37.2525450Z   llvmlite                       0.42.0               py312h17030e7_1          conda-forge
2025-01-13T19:47:37.2526370Z   lxml                           5.2.2                py312h0e5ab22_0          conda-forge
2025-01-13T19:47:37.2527280Z   lz4-c                          1.9.4                hb7217d7_0               conda-forge
2025-01-13T19:47:37.2528130Z   markupsafe                     2.1.5                py312he37b823_0          conda-forge
2025-01-13T19:47:37.2531820Z   matplotlib-base                3.8.4                py312h4479663_2          conda-forge
2025-01-13T19:47:37.2533050Z   matplotlib-inline              0.1.7                pyhd8ed1ab_0             conda-forge
2025-01-13T19:47:37.2537430Z   mistune                        3.0.2                pyhd8ed1ab_0             conda-forge
2025-01-13T19:47:37.2538320Z   mpc                            1.3.1                h91ba8db_0               conda-forge
2025-01-13T19:47:37.2539060Z   mpfr                           4.2.1                h41d338b_1               conda-forge
2025-01-13T19:47:37.2539830Z   mpmath                         1.3.0                pyhd8ed1ab_0             conda-forge
2025-01-13T19:47:37.2542380Z   munkres                        1.1.4                pyh9f0ad1d_0             conda-forge
2025-01-13T19:47:37.2543520Z   mypy_extensions                1.0.0                pyha770c72_0             conda-forge
2025-01-13T19:47:37.2544720Z   nbclassic                      1.1.0                pyhd8ed1ab_0             conda-forge
2025-01-13T19:47:37.2545920Z   nbclient                       0.10.0               pyhd8ed1ab_0             conda-forge
2025-01-13T19:47:37.2546310Z   nbconvert                      7.16.4               hd8ed1ab_1               conda-forge
2025-01-13T19:47:37.2546710Z   nbconvert-core                 7.16.4               pyhd8ed1ab_1             conda-forge
2025-01-13T19:47:37.2547040Z   nbconvert-pandoc               7.16.4               hd8ed1ab_1               conda-forge
2025-01-13T19:47:37.2547450Z   nbformat                       5.10.4               pyhd8ed1ab_0             conda-forge
2025-01-13T19:47:37.2547750Z   nbsphinx                       0.9.4                pyhd8ed1ab_0             conda-forge
2025-01-13T19:47:37.2548140Z   ncurses                        6.5                  hb89a1cb_0               conda-forge
2025-01-13T19:47:37.2548480Z   nest-asyncio                   1.6.0                pyhd8ed1ab_0             conda-forge
2025-01-13T19:47:37.2548900Z   networkx                       3.3                  pyhd8ed1ab_1             conda-forge
2025-01-13T19:47:37.2549280Z   notebook                       7.2.1                pyhd8ed1ab_0             conda-forge
2025-01-13T19:47:37.2549630Z   notebook-shim                  0.2.4                pyhd8ed1ab_0             conda-forge
2025-01-13T19:47:37.2549990Z   numba                          0.59.1               py312hbaff935_0          conda-forge
2025-01-13T19:47:37.2550350Z   numexpr                        2.10.0               py312h8ae5369_0          conda-forge
2025-01-13T19:47:37.2550690Z   numpy                          1.26.4               py312h8442bc7_0          conda-forge
2025-01-13T19:47:37.2550990Z   numpydoc                       1.7.0                pyhd8ed1ab_1             conda-forge
2025-01-13T19:47:37.2551360Z   openjpeg                       2.5.2                h9f1df11_0               conda-forge
2025-01-13T19:47:37.2551680Z   openssl                        3.3.1                hfb2fe0b_0               conda-forge
2025-01-13T19:47:37.2551980Z   overrides                      7.7.0                pyhd8ed1ab_0             conda-forge
2025-01-13T19:47:37.2552290Z   packaging                      24.1                 pyhd8ed1ab_0             conda-forge
2025-01-13T19:47:37.2552580Z   pandas                         2.2.2                py312h8ae5369_1          conda-forge
2025-01-13T19:47:37.2552860Z   pandoc                         3.2                  hce30654_0               conda-forge
2025-01-13T19:47:37.2553170Z   pandocfilters                  1.5.0                pyhd8ed1ab_0             conda-forge
2025-01-13T19:47:37.2553460Z   pango                          1.54.0               h5cb9fbc_0               conda-forge
2025-01-13T19:47:37.2553740Z   parso                          0.8.4                pyhd8ed1ab_0             conda-forge
2025-01-13T19:47:37.2554030Z   pathspec                       0.12.1               pyhd8ed1ab_0             conda-forge
2025-01-13T19:47:37.2554660Z   pbr                            6.0.0                pyhd8ed1ab_0             conda-forge
2025-01-13T19:47:37.2554950Z   pcre2                          10.44                h297a79d_0               conda-forge
2025-01-13T19:47:37.2555240Z   pexpect                        4.9.0                pyhd8ed1ab_0             conda-forge
2025-01-13T19:47:37.2555550Z   pickleshare                    0.7.5                py_1003                  conda-forge
2025-01-13T19:47:37.2555850Z   pillow                         10.3.0               py312h39b1d8d_1          conda-forge
2025-01-13T19:47:37.2556130Z   pip                            24.0                 pyhd8ed1ab_0             conda-forge
2025-01-13T19:47:37.2556400Z   pixman                         0.43.4               hebf3989_0               conda-forge
2025-01-13T19:47:37.2556950Z   pkgutil-resolve-name           1.3.10               pyhd8ed1ab_1             conda-forge
2025-01-13T19:47:37.2557290Z   platformdirs                   4.2.2                pyhd8ed1ab_0             conda-forge
2025-01-13T19:47:37.2557610Z   plotly                         5.22.0               pyhd8ed1ab_0             conda-forge
2025-01-13T19:47:37.2557900Z   pluggy                         1.5.0                pyhd8ed1ab_0             conda-forge
2025-01-13T19:47:37.2558210Z   prometheus_client              0.20.0               pyhd8ed1ab_0             conda-forge
2025-01-13T19:47:37.2558540Z   prompt-toolkit                 3.0.47               pyha770c72_0             conda-forge
2025-01-13T19:47:37.2558860Z   psutil                         5.9.8                py312he37b823_0          conda-forge
2025-01-13T19:47:37.2559900Z   pthread-stubs                  0.4                  h27ca646_1001            conda-forge
2025-01-13T19:47:37.2560350Z   ptyprocess                     0.7.0                pyhd3deb0d_0             conda-forge
2025-01-13T19:47:37.2560670Z   pure_eval                      0.2.2                pyhd8ed1ab_0             conda-forge
2025-01-13T19:47:37.2560970Z   py-cpuinfo                     9.0.0                pyhd8ed1ab_0             conda-forge
2025-01-13T19:47:37.2561280Z   pybtex                         0.24.0               pyhd8ed1ab_2             conda-forge
2025-01-13T19:47:37.2561600Z   pybtex-docutils                1.0.3                py312h81bd7bf_1          conda-forge
2025-01-13T19:47:37.2561930Z   pycparser                      2.22                 pyhd8ed1ab_0             conda-forge
2025-01-13T19:47:37.2562230Z   pyerfa                         2.0.1.4              py312hbebd99a_1          conda-forge
2025-01-13T19:47:37.2562540Z   pygments                       2.18.0               pyhd8ed1ab_0             conda-forge
2025-01-13T19:47:37.2562880Z   pygraphviz                     1.13                 py312h5f4d302_1          conda-forge
2025-01-13T19:47:37.2563200Z   pyobjc-core                    10.3.1               py312hbb55c70_0          conda-forge
2025-01-13T19:47:37.2563570Z   pyobjc-framework-cocoa         10.3.1               py312hbb55c70_0          conda-forge
2025-01-13T19:47:37.2563900Z   pyparsing                      3.1.2                pyhd8ed1ab_0             conda-forge
2025-01-13T19:47:37.2564190Z   pysocks                        1.7.1                pyha2e5f31_6             conda-forge
2025-01-13T19:47:37.2564480Z   pytables                       3.9.2                py312hb622ae1_2          conda-forge
2025-01-13T19:47:37.2564770Z   pytest                         8.2.2                pyhd8ed1ab_0             conda-forge
2025-01-13T19:47:37.2565060Z   pytest-cov                     5.0.0                pyhd8ed1ab_0             conda-forge
2025-01-13T19:47:37.2565390Z   pytest-doctestplus             1.2.1                pyhd8ed1ab_0             conda-forge
2025-01-13T19:47:37.2565720Z   pytest-html                    4.1.1                pyhd8ed1ab_0             conda-forge
2025-01-13T19:47:37.2566050Z   pytest-metadata                3.1.1                pyhd8ed1ab_0             conda-forge
2025-01-13T19:47:37.2566360Z   python                         3.12.4               h30c5eda_0_cpython       conda-forge
2025-01-13T19:47:37.2567210Z   python-dateutil                2.9.0                pyhd8ed1ab_0             conda-forge
2025-01-13T19:47:37.2567650Z   python-fastjsonschema          2.20.0               pyhd8ed1ab_0             conda-forge
2025-01-13T19:47:37.2568000Z   python-json-logger             2.0.7                pyhd8ed1ab_0             conda-forge
2025-01-13T19:47:37.2568330Z   python-tzdata                  2024.1               pyhd8ed1ab_0             conda-forge
2025-01-13T19:47:37.2568630Z   python_abi                     3.12                 4_cp312                  conda-forge
2025-01-13T19:47:37.2568920Z   pytz                           2024.1               pyhd8ed1ab_0             conda-forge
2025-01-13T19:47:37.2569350Z   pyyaml                         6.0.1                py312h02f2b3b_1          conda-forge
2025-01-13T19:47:37.2569630Z   pyzmq                          26.0.3               py312hfa13136_0          conda-forge
2025-01-13T19:47:37.2569910Z   qgrid                          1.3.1                pyhd8ed1ab_4             conda-forge
2025-01-13T19:47:37.2570230Z   radioactivedecay               0.5.1                pyhd8ed1ab_0             conda-forge
2025-01-13T19:47:37.2570540Z   readline                       8.2                  h92ec313_1               conda-forge
2025-01-13T19:47:37.2570840Z   recommonmark                   0.7.1                pyhd8ed1ab_0             conda-forge
2025-01-13T19:47:37.2571320Z   referencing                    0.35.1               pyhd8ed1ab_0             conda-forge
2025-01-13T19:47:37.2571630Z   requests                       2.32.3               pyhd8ed1ab_0             conda-forge
2025-01-13T19:47:37.2571970Z   rfc3339-validator              0.1.4                pyhd8ed1ab_0             conda-forge
2025-01-13T19:47:37.2572310Z   rfc3986-validator              0.1.1                pyh9f0ad1d_0             conda-forge
2025-01-13T19:47:37.2572630Z   rpds-py                        0.18.1               py312h552d48e_0          conda-forge
2025-01-13T19:47:37.2572930Z   ruff                           0.4.9                py312h3402d49_0          conda-forge
2025-01-13T19:47:37.2573210Z   scipy                          1.13.1               py312h14ffa8f_0          conda-forge
2025-01-13T19:47:37.2573490Z   send2trash                     1.8.3                pyh31c8845_0             conda-forge
2025-01-13T19:47:37.2573790Z   setuptools                     70.0.0               pyhd8ed1ab_0             conda-forge
2025-01-13T19:47:37.2574110Z   setuptools-scm                 8.1.0                pyhd8ed1ab_0             conda-forge
2025-01-13T19:47:37.2574430Z   setuptools_scm                 8.1.0                hd8ed1ab_0               conda-forge
2025-01-13T19:47:37.2574710Z   six                            1.16.0               pyh6c4a22f_0             conda-forge
2025-01-13T19:47:37.2574980Z   snakeviz                       2.2.0                pyhd8ed1ab_0             conda-forge
2025-01-13T19:47:37.2575270Z   snappy                         1.2.0                hd04f947_1               conda-forge
2025-01-13T19:47:37.2575550Z   sniffio                        1.3.1                pyhd8ed1ab_0             conda-forge
2025-01-13T19:47:37.2575850Z   snowballstemmer                2.2.0                pyhd8ed1ab_0             conda-forge
2025-01-13T19:47:37.2576170Z   soupsieve                      2.5                  pyhd8ed1ab_1             conda-forge
2025-01-13T19:47:37.2576460Z   sphinx                         7.3.7                pyhd8ed1ab_0             conda-forge
2025-01-13T19:47:37.2576770Z   sphinx-astropy                 1.9.1                pyhd8ed1ab_0             conda-forge
2025-01-13T19:47:37.2577100Z   sphinx-automodapi              0.17.0               pyh717bed2_1             conda-forge
2025-01-13T19:47:37.2577430Z   sphinx-gallery                 0.16.0               pyhd8ed1ab_0             conda-forge
2025-01-13T19:47:37.2577750Z   sphinx-jsonschema              1.19.1               pyhd8ed1ab_0             conda-forge
2025-01-13T19:47:37.2578360Z   sphinx_bootstrap_theme         0.8.1                pyhd8ed1ab_0             conda-forge
2025-01-13T19:47:37.2578700Z   sphinx_rtd_theme               2.0.0                pyha770c72_0             conda-forge
2025-01-13T19:47:37.2579030Z   sphinxcontrib-apidoc           0.3.0                py_1                     conda-forge
2025-01-13T19:47:37.2579390Z   sphinxcontrib-applehelp        1.0.8                pyhd8ed1ab_0             conda-forge
2025-01-13T19:47:37.2579750Z   sphinxcontrib-bibtex           2.6.2                pyhd8ed1ab_0             conda-forge
2025-01-13T19:47:37.2580100Z   sphinxcontrib-devhelp          1.0.6                pyhd8ed1ab_0             conda-forge
2025-01-13T19:47:37.2580600Z   sphinxcontrib-htmlhelp         2.0.5                pyhd8ed1ab_0             conda-forge
2025-01-13T19:47:37.2580950Z   sphinxcontrib-jquery           4.1                  pyhd8ed1ab_0             conda-forge
2025-01-13T19:47:37.2581300Z   sphinxcontrib-jsmath           1.0.1                pyhd8ed1ab_0             conda-forge
2025-01-13T19:47:37.2581650Z   sphinxcontrib-qthelp           1.0.7                pyhd8ed1ab_0             conda-forge
2025-01-13T19:47:37.2582040Z   sphinxcontrib-serializinghtml  1.1.10               pyhd8ed1ab_0             conda-forge
2025-01-13T19:47:37.2582390Z   stack_data                     0.6.2                pyhd8ed1ab_0             conda-forge
2025-01-13T19:47:37.2582680Z   sympy                          1.12.1               pypyh2585a3b_103         conda-forge
2025-01-13T19:47:37.2582960Z   tabulate                       0.9.0                pyhd8ed1ab_1             conda-forge
2025-01-13T19:47:37.2583260Z   tenacity                       8.4.1                pyhd8ed1ab_0             conda-forge
2025-01-13T19:47:37.2583540Z   terminado                      0.18.1               pyh31c8845_0             conda-forge
2025-01-13T19:47:37.2583830Z   tinycss2                       1.3.0                pyhd8ed1ab_0             conda-forge
2025-01-13T19:47:37.2584110Z   tk                             8.6.13               h5083fa2_1               conda-forge
2025-01-13T19:47:37.2584380Z   toml                           0.10.2               pyhd8ed1ab_0             conda-forge
2025-01-13T19:47:37.2584650Z   tomli                          2.0.1                pyhd8ed1ab_0             conda-forge
2025-01-13T19:47:37.2584940Z   tornado                        6.4.1                py312h7e5086c_0          conda-forge
2025-01-13T19:47:37.2585220Z   tqdm                           4.66.4               pyhd8ed1ab_0             conda-forge
2025-01-13T19:47:37.2585510Z   traitlets                      5.14.3               pyhd8ed1ab_0             conda-forge
2025-01-13T19:47:37.2585820Z   typed-ast                      1.5.5                py312h02f2b3b_1          conda-forge
2025-01-13T19:47:37.2586170Z   types-python-dateutil          2.9.0.20240316       pyhd8ed1ab_0             conda-forge
2025-01-13T19:47:37.2586540Z   typing-extensions              4.12.2               hd8ed1ab_0               conda-forge
2025-01-13T19:47:37.2586870Z   typing_extensions              4.12.2               pyha770c72_0             conda-forge
2025-01-13T19:47:37.2587200Z   typing_utils                   0.1.0                pyhd8ed1ab_0             conda-forge
2025-01-13T19:47:37.2587500Z   tzdata                         2024a                h0c530f3_0               conda-forge
2025-01-13T19:47:37.2587810Z   uri-template                   1.3.0                pyhd8ed1ab_0             conda-forge
2025-01-13T19:47:37.2589230Z   urllib3                        2.2.2                pyhd8ed1ab_0             conda-forge
2025-01-13T19:47:37.2589780Z   wcwidth                        0.2.13               pyhd8ed1ab_0             conda-forge
2025-01-13T19:47:37.2590440Z   webcolors                      24.6.0               pyhd8ed1ab_0             conda-forge
2025-01-13T19:47:37.2591010Z   webencodings                   0.5.1                pyhd8ed1ab_2             conda-forge
2025-01-13T19:47:37.2591680Z   websocket-client               1.8.0                pyhd8ed1ab_0             conda-forge
2025-01-13T19:47:37.2592100Z   wheel                          0.43.0               pyhd8ed1ab_1             conda-forge
2025-01-13T19:47:37.2600320Z   widgetsnbextension             3.6.6                pyhd8ed1ab_0             conda-forge
2025-01-13T19:47:37.2600660Z   xorg-libxau                    1.0.11               hb547adb_0               conda-forge
2025-01-13T19:47:37.2600970Z   xorg-libxdmcp                  1.1.3                h27ca646_0               conda-forge
2025-01-13T19:47:37.2601260Z   xz                             5.2.6                h57fd34a_0               conda-forge
2025-01-13T19:47:37.2601750Z   yaml                           0.2.5                h3422bc3_2               conda-forge
2025-01-13T19:47:37.2602030Z   zeromq                         4.3.5                hcc0f68c_4               conda-forge
2025-01-13T19:47:37.2602320Z   zipp                           3.19.2               pyhd8ed1ab_0             conda-forge
2025-01-13T19:47:37.2602600Z   zlib                           1.3.1                hfb2fe0b_1               conda-forge
2025-01-13T19:47:37.2602870Z   zlib-ng                        2.0.7                h1a8c8d9_0               conda-forge
2025-01-13T19:47:37.2603160Z   zstd                           1.5.6                hb46c0d2_0               conda-forge
2025-01-13T19:47:37.2603670Z ##[endgroup]
2025-01-13T19:47:37.2677660Z ##[group]Run pip install -e . --user
2025-01-13T19:47:37.2678030Z [36;1mpip install -e . --user[0m
2025-01-13T19:47:37.5088110Z shell: /bin/bash -l {0}
2025-01-13T19:47:37.5088300Z env:
2025-01-13T19:47:37.5088440Z   CACHE_NUMBER: 0
2025-01-13T19:47:37.5088940Z   PYTEST_FLAGS: --tardis-regression-data=/Users/runner/work/tardis/tardis/tardis-regression-data --cov=tardis --cov-report=xml --cov-report=html --cov-append
2025-01-13T19:47:37.5089440Z   CODECOV_TOKEN: 
2025-01-13T19:47:37.5089610Z   MAMBA_ROOT_PREFIX: /Users/runner/micromamba
2025-01-13T19:47:37.5089860Z   MAMBA_EXE: /Users/runner/micromamba-bin/micromamba
2025-01-13T19:47:37.5090140Z   CONDARC: /Users/runner/work/_temp/setup-micromamba/.condarc
2025-01-13T19:47:37.5090390Z ##[endgroup]
2025-01-13T19:47:38.5244740Z Obtaining file:///Users/runner/work/tardis/tardis
2025-01-13T19:47:38.5299150Z   Installing build dependencies: started
2025-01-13T19:47:41.1607440Z   Installing build dependencies: finished with status 'done'
2025-01-13T19:47:41.1615990Z   Checking if build backend supports build_editable: started
2025-01-13T19:47:41.2588890Z   Checking if build backend supports build_editable: finished with status 'done'
2025-01-13T19:47:41.2598400Z   Getting requirements to build editable: started
2025-01-13T19:47:41.7225610Z   Getting requirements to build editable: finished with status 'done'
2025-01-13T19:47:41.7237880Z   Preparing editable metadata (pyproject.toml): started
2025-01-13T19:47:42.1854510Z   Preparing editable metadata (pyproject.toml): finished with status 'done'
2025-01-13T19:47:42.2400690Z Requirement already satisfied: astropy in /Users/runner/micromamba/envs/tardis/lib/python3.12/site-packages (from tardis==0.0.0) (6.1.1)
2025-01-13T19:47:42.2699030Z Requirement already satisfied: numpy>=1.23 in /Users/runner/micromamba/envs/tardis/lib/python3.12/site-packages (from astropy->tardis==0.0.0) (1.26.4)
2025-01-13T19:47:42.2709030Z Requirement already satisfied: pyerfa>=2.0.1.1 in /Users/runner/micromamba/envs/tardis/lib/python3.12/site-packages (from astropy->tardis==0.0.0) (2.0.1.4)
2025-01-13T19:47:42.2715790Z Requirement already satisfied: astropy-iers-data>=0.2024.5.27.0.30.8 in /Users/runner/micromamba/envs/tardis/lib/python3.12/site-packages (from astropy->tardis==0.0.0) (0.2024.6.17.0.31.35)
2025-01-13T19:47:42.2821330Z Requirement already satisfied: PyYAML>=3.13 in /Users/runner/micromamba/envs/tardis/lib/python3.12/site-packages (from astropy->tardis==0.0.0) (6.0.1)
2025-01-13T19:47:42.2823590Z Requirement already satisfied: packaging>=19.0 in /Users/runner/micromamba/envs/tardis/lib/python3.12/site-packages (from astropy->tardis==0.0.0) (24.1)
2025-01-13T19:47:42.3023170Z Building wheels for collected packages: tardis
2025-01-13T19:47:42.3062540Z   Building editable for tardis (pyproject.toml): started
2025-01-13T19:47:43.1933290Z   Building editable for tardis (pyproject.toml): finished with status 'done'
2025-01-13T19:47:43.1942840Z   Created wheel for tardis: filename=tardis-0.0.0-0.editable-py3-none-any.whl size=8876 sha256=59d5d58fc71d5e3c26e3384972e63f27ff9887383c0293273bc3f911490db373
2025-01-13T19:47:43.1948320Z   Stored in directory: /private/var/folders/ml/x_tvfgn50_s7p67dm1ypcqqm0000gn/T/pip-ephem-wheel-cache-tjmpz_f_/wheels/bb/4f/6a/0829b918c1c10bc28535ce7f14be21eee54375bdd9cd0c306a
2025-01-13T19:47:43.1983160Z Successfully built tardis
2025-01-13T19:47:43.7740580Z Installing collected packages: tardis
2025-01-13T19:47:43.7806450Z Successfully installed tardis-0.0.0
2025-01-13T19:47:44.0596190Z ##[group]Run pip install qgridnext
2025-01-13T19:47:44.0596570Z [36;1mpip install qgridnext[0m
2025-01-13T19:47:44.0693450Z shell: /bin/bash -l {0}
2025-01-13T19:47:44.0693680Z env:
2025-01-13T19:47:44.0693900Z   CACHE_NUMBER: 0
2025-01-13T19:47:44.0694420Z   PYTEST_FLAGS: --tardis-regression-data=/Users/runner/work/tardis/tardis/tardis-regression-data --cov=tardis --cov-report=xml --cov-report=html --cov-append
2025-01-13T19:47:44.0695010Z   CODECOV_TOKEN: 
2025-01-13T19:47:44.0695230Z   MAMBA_ROOT_PREFIX: /Users/runner/micromamba
2025-01-13T19:47:44.0695560Z   MAMBA_EXE: /Users/runner/micromamba-bin/micromamba
2025-01-13T19:47:44.0695940Z   CONDARC: /Users/runner/work/_temp/setup-micromamba/.condarc
2025-01-13T19:47:44.0696240Z ##[endgroup]
2025-01-13T19:47:44.7597060Z Collecting qgridnext
2025-01-13T19:47:44.7940970Z   Downloading qgridnext-2.0.4-py3-none-any.whl.metadata (9.9 kB)
2025-01-13T19:47:44.8113520Z Requirement already satisfied: pandas>=0.20.0 in /Users/runner/micromamba/envs/tardis/lib/python3.12/site-packages (from qgridnext) (2.2.2)
2025-01-13T19:47:44.8122840Z Requirement already satisfied: ipywidgets>=7.0.0 in /Users/runner/micromamba/envs/tardis/lib/python3.12/site-packages (from qgridnext) (7.8.0)
2025-01-13T19:47:44.8135240Z Requirement already satisfied: numpy in /Users/runner/micromamba/envs/tardis/lib/python3.12/site-packages (from qgridnext) (1.26.4)
2025-01-13T19:47:44.8138410Z Requirement already satisfied: traitlets in /Users/runner/micromamba/envs/tardis/lib/python3.12/site-packages (from qgridnext) (5.14.3)
2025-01-13T19:47:44.8196190Z Requirement already satisfied: comm>=0.1.3 in /Users/runner/micromamba/envs/tardis/lib/python3.12/site-packages (from ipywidgets>=7.0.0->qgridnext) (0.2.2)
2025-01-13T19:47:44.8200730Z Requirement already satisfied: ipython-genutils~=0.2.0 in /Users/runner/micromamba/envs/tardis/lib/python3.12/site-packages (from ipywidgets>=7.0.0->qgridnext) (0.2.0)
2025-01-13T19:47:44.8210900Z Requirement already satisfied: widgetsnbextension~=3.6.5 in /Users/runner/micromamba/envs/tardis/lib/python3.12/site-packages (from ipywidgets>=7.0.0->qgridnext) (3.6.6)
2025-01-13T19:47:44.8221790Z Requirement already satisfied: ipython>=4.0.0 in /Users/runner/micromamba/envs/tardis/lib/python3.12/site-packages (from ipywidgets>=7.0.0->qgridnext) (8.25.0)
2025-01-13T19:47:44.8231920Z Requirement already satisfied: jupyterlab-widgets<3,>=1.0.0 in /Users/runner/micromamba/envs/tardis/lib/python3.12/site-packages (from ipywidgets>=7.0.0->qgridnext) (1.1.7)
2025-01-13T19:47:44.8537010Z Requirement already satisfied: python-dateutil>=2.8.2 in /Users/runner/micromamba/envs/tardis/lib/python3.12/site-packages (from pandas>=0.20.0->qgridnext) (2.9.0)
2025-01-13T19:47:44.8547710Z Requirement already satisfied: pytz>=2020.1 in /Users/runner/micromamba/envs/tardis/lib/python3.12/site-packages (from pandas>=0.20.0->qgridnext) (2024.1)
2025-01-13T19:47:44.8554050Z Requirement already satisfied: tzdata>=2022.7 in /Users/runner/micromamba/envs/tardis/lib/python3.12/site-packages (from pandas>=0.20.0->qgridnext) (2024.1)
2025-01-13T19:47:44.8808280Z Requirement already satisfied: decorator in /Users/runner/micromamba/envs/tardis/lib/python3.12/site-packages (from ipython>=4.0.0->ipywidgets>=7.0.0->qgridnext) (5.1.1)
2025-01-13T19:47:44.8825740Z Requirement already satisfied: jedi>=0.16 in /Users/runner/micromamba/envs/tardis/lib/python3.12/site-packages (from ipython>=4.0.0->ipywidgets>=7.0.0->qgridnext) (0.19.1)
2025-01-13T19:47:44.8837070Z Requirement already satisfied: matplotlib-inline in /Users/runner/micromamba/envs/tardis/lib/python3.12/site-packages (from ipython>=4.0.0->ipywidgets>=7.0.0->qgridnext) (0.1.7)
2025-01-13T19:47:44.8843790Z Requirement already satisfied: prompt-toolkit<3.1.0,>=3.0.41 in /Users/runner/micromamba/envs/tardis/lib/python3.12/site-packages (from ipython>=4.0.0->ipywidgets>=7.0.0->qgridnext) (3.0.47)
2025-01-13T19:47:44.8856690Z Requirement already satisfied: pygments>=2.4.0 in /Users/runner/micromamba/envs/tardis/lib/python3.12/site-packages (from ipython>=4.0.0->ipywidgets>=7.0.0->qgridnext) (2.18.0)
2025-01-13T19:47:44.8865030Z Requirement already satisfied: stack-data in /Users/runner/micromamba/envs/tardis/lib/python3.12/site-packages (from ipython>=4.0.0->ipywidgets>=7.0.0->qgridnext) (0.6.2)
2025-01-13T19:47:44.8885080Z Requirement already satisfied: pexpect>4.3 in /Users/runner/micromamba/envs/tardis/lib/python3.12/site-packages (from ipython>=4.0.0->ipywidgets>=7.0.0->qgridnext) (4.9.0)
2025-01-13T19:47:44.8915910Z Requirement already satisfied: six>=1.5 in /Users/runner/micromamba/envs/tardis/lib/python3.12/site-packages (from python-dateutil>=2.8.2->pandas>=0.20.0->qgridnext) (1.16.0)
2025-01-13T19:47:44.8959640Z Requirement already satisfied: notebook>=4.4.1 in /Users/runner/micromamba/envs/tardis/lib/python3.12/site-packages (from widgetsnbextension~=3.6.5->ipywidgets>=7.0.0->qgridnext) (7.2.1)
2025-01-13T19:47:44.9125480Z Requirement already satisfied: parso<0.9.0,>=0.8.3 in /Users/runner/micromamba/envs/tardis/lib/python3.12/site-packages (from jedi>=0.16->ipython>=4.0.0->ipywidgets>=7.0.0->qgridnext) (0.8.4)
2025-01-13T19:47:44.9265930Z Requirement already satisfied: jupyter-server<3,>=2.4.0 in /Users/runner/micromamba/envs/tardis/lib/python3.12/site-packages (from notebook>=4.4.1->widgetsnbextension~=3.6.5->ipywidgets>=7.0.0->qgridnext) (2.14.1)
2025-01-13T19:47:44.9376110Z Requirement already satisfied: jupyterlab-server<3,>=2.27.1 in /Users/runner/micromamba/envs/tardis/lib/python3.12/site-packages (from notebook>=4.4.1->widgetsnbextension~=3.6.5->ipywidgets>=7.0.0->qgridnext) (2.27.2)
2025-01-13T19:47:44.9478290Z Requirement already satisfied: jupyterlab<4.3,>=4.2.0 in /Users/runner/micromamba/envs/tardis/lib/python3.12/site-packages (from notebook>=4.4.1->widgetsnbextension~=3.6.5->ipywidgets>=7.0.0->qgridnext) (4.2.2)
2025-01-13T19:47:44.9580780Z Requirement already satisfied: notebook-shim<0.3,>=0.2 in /Users/runner/micromamba/envs/tardis/lib/python3.12/site-packages (from notebook>=4.4.1->widgetsnbextension~=3.6.5->ipywidgets>=7.0.0->qgridnext) (0.2.4)
2025-01-13T19:47:44.9681390Z Requirement already satisfied: tornado>=6.2.0 in /Users/runner/micromamba/envs/tardis/lib/python3.12/site-packages (from notebook>=4.4.1->widgetsnbextension~=3.6.5->ipywidgets>=7.0.0->qgridnext) (6.4.1)
2025-01-13T19:47:44.9782930Z Requirement already satisfied: ptyprocess>=0.5 in /Users/runner/micromamba/envs/tardis/lib/python3.12/site-packages (from pexpect>4.3->ipython>=4.0.0->ipywidgets>=7.0.0->qgridnext) (0.7.0)
2025-01-13T19:47:44.9874070Z Requirement already satisfied: wcwidth in /Users/runner/micromamba/envs/tardis/lib/python3.12/site-packages (from prompt-toolkit<3.1.0,>=3.0.41->ipython>=4.0.0->ipywidgets>=7.0.0->qgridnext) (0.2.13)
2025-01-13T19:47:44.9975820Z Requirement already satisfied: executing>=1.2.0 in /Users/runner/micromamba/envs/tardis/lib/python3.12/site-packages (from stack-data->ipython>=4.0.0->ipywidgets>=7.0.0->qgridnext) (2.0.1)
2025-01-13T19:47:45.0077510Z Requirement already satisfied: asttokens>=2.1.0 in /Users/runner/micromamba/envs/tardis/lib/python3.12/site-packages (from stack-data->ipython>=4.0.0->ipywidgets>=7.0.0->qgridnext) (2.4.1)
2025-01-13T19:47:45.0179510Z Requirement already satisfied: pure-eval in /Users/runner/micromamba/envs/tardis/lib/python3.12/site-packages (from stack-data->ipython>=4.0.0->ipywidgets>=7.0.0->qgridnext) (0.2.2)
2025-01-13T19:47:45.0281360Z Requirement already satisfied: anyio>=3.1.0 in /Users/runner/micromamba/envs/tardis/lib/python3.12/site-packages (from jupyter-server<3,>=2.4.0->notebook>=4.4.1->widgetsnbextension~=3.6.5->ipywidgets>=7.0.0->qgridnext) (4.4.0)
2025-01-13T19:47:45.0383200Z Requirement already satisfied: argon2-cffi>=21.1 in /Users/runner/micromamba/envs/tardis/lib/python3.12/site-packages (from jupyter-server<3,>=2.4.0->notebook>=4.4.1->widgetsnbextension~=3.6.5->ipywidgets>=7.0.0->qgridnext) (23.1.0)
2025-01-13T19:47:45.0485120Z Requirement already satisfied: jinja2>=3.0.3 in /Users/runner/micromamba/envs/tardis/lib/python3.12/site-packages (from jupyter-server<3,>=2.4.0->notebook>=4.4.1->widgetsnbextension~=3.6.5->ipywidgets>=7.0.0->qgridnext) (3.1.4)
2025-01-13T19:47:45.0585690Z Requirement already satisfied: jupyter-client>=7.4.4 in /Users/runner/micromamba/envs/tardis/lib/python3.12/site-packages (from jupyter-server<3,>=2.4.0->notebook>=4.4.1->widgetsnbextension~=3.6.5->ipywidgets>=7.0.0->qgridnext) (8.6.2)
2025-01-13T19:47:45.0686220Z Requirement already satisfied: jupyter-core!=5.0.*,>=4.12 in /Users/runner/micromamba/envs/tardis/lib/python3.12/site-packages (from jupyter-server<3,>=2.4.0->notebook>=4.4.1->widgetsnbextension~=3.6.5->ipywidgets>=7.0.0->qgridnext) (5.7.2)
2025-01-13T19:47:45.0787580Z Requirement already satisfied: jupyter-events>=0.9.0 in /Users/runner/micromamba/envs/tardis/lib/python3.12/site-packages (from jupyter-server<3,>=2.4.0->notebook>=4.4.1->widgetsnbextension~=3.6.5->ipywidgets>=7.0.0->qgridnext) (0.10.0)
2025-01-13T19:47:45.0888530Z Requirement already satisfied: jupyter-server-terminals>=0.4.4 in /Users/runner/micromamba/envs/tardis/lib/python3.12/site-packages (from jupyter-server<3,>=2.4.0->notebook>=4.4.1->widgetsnbextension~=3.6.5->ipywidgets>=7.0.0->qgridnext) (0.5.3)
2025-01-13T19:47:45.0988850Z Requirement already satisfied: nbconvert>=6.4.4 in /Users/runner/micromamba/envs/tardis/lib/python3.12/site-packages (from jupyter-server<3,>=2.4.0->notebook>=4.4.1->widgetsnbextension~=3.6.5->ipywidgets>=7.0.0->qgridnext) (7.16.4)
2025-01-13T19:47:45.1090140Z Requirement already satisfied: nbformat>=5.3.0 in /Users/runner/micromamba/envs/tardis/lib/python3.12/site-packages (from jupyter-server<3,>=2.4.0->notebook>=4.4.1->widgetsnbextension~=3.6.5->ipywidgets>=7.0.0->qgridnext) (5.10.4)
2025-01-13T19:47:45.1191160Z Requirement already satisfied: overrides>=5.0 in /Users/runner/micromamba/envs/tardis/lib/python3.12/site-packages (from jupyter-server<3,>=2.4.0->notebook>=4.4.1->widgetsnbextension~=3.6.5->ipywidgets>=7.0.0->qgridnext) (7.7.0)
2025-01-13T19:47:45.1293600Z Requirement already satisfied: packaging>=22.0 in /Users/runner/micromamba/envs/tardis/lib/python3.12/site-packages (from jupyter-server<3,>=2.4.0->notebook>=4.4.1->widgetsnbextension~=3.6.5->ipywidgets>=7.0.0->qgridnext) (24.1)
2025-01-13T19:47:45.1393700Z Requirement already satisfied: prometheus-client>=0.9 in /Users/runner/micromamba/envs/tardis/lib/python3.12/site-packages (from jupyter-server<3,>=2.4.0->notebook>=4.4.1->widgetsnbextension~=3.6.5->ipywidgets>=7.0.0->qgridnext) (0.20.0)
2025-01-13T19:47:45.1496000Z Requirement already satisfied: pyzmq>=24 in /Users/runner/micromamba/envs/tardis/lib/python3.12/site-packages (from jupyter-server<3,>=2.4.0->notebook>=4.4.1->widgetsnbextension~=3.6.5->ipywidgets>=7.0.0->qgridnext) (26.0.3)
2025-01-13T19:47:45.1597480Z Requirement already satisfied: send2trash>=1.8.2 in /Users/runner/micromamba/envs/tardis/lib/python3.12/site-packages (from jupyter-server<3,>=2.4.0->notebook>=4.4.1->widgetsnbextension~=3.6.5->ipywidgets>=7.0.0->qgridnext) (1.8.3)
2025-01-13T19:47:45.1697920Z Requirement already satisfied: terminado>=0.8.3 in /Users/runner/micromamba/envs/tardis/lib/python3.12/site-packages (from jupyter-server<3,>=2.4.0->notebook>=4.4.1->widgetsnbextension~=3.6.5->ipywidgets>=7.0.0->qgridnext) (0.18.1)
2025-01-13T19:47:45.1800030Z Requirement already satisfied: websocket-client>=1.7 in /Users/runner/micromamba/envs/tardis/lib/python3.12/site-packages (from jupyter-server<3,>=2.4.0->notebook>=4.4.1->widgetsnbextension~=3.6.5->ipywidgets>=7.0.0->qgridnext) (1.8.0)
2025-01-13T19:47:45.1902130Z Requirement already satisfied: async-lru>=1.0.0 in /Users/runner/micromamba/envs/tardis/lib/python3.12/site-packages (from jupyterlab<4.3,>=4.2.0->notebook>=4.4.1->widgetsnbextension~=3.6.5->ipywidgets>=7.0.0->qgridnext) (2.0.4)
2025-01-13T19:47:45.2004210Z Requirement already satisfied: httpx>=0.25.0 in /Users/runner/micromamba/envs/tardis/lib/python3.12/site-packages (from jupyterlab<4.3,>=4.2.0->notebook>=4.4.1->widgetsnbextension~=3.6.5->ipywidgets>=7.0.0->qgridnext) (0.27.0)
2025-01-13T19:47:45.2108400Z Requirement already satisfied: ipykernel>=6.5.0 in /Users/runner/micromamba/envs/tardis/lib/python3.12/site-packages (from jupyterlab<4.3,>=4.2.0->notebook>=4.4.1->widgetsnbextension~=3.6.5->ipywidgets>=7.0.0->qgridnext) (6.29.4)
2025-01-13T19:47:45.2210660Z Requirement already satisfied: jupyter-lsp>=2.0.0 in /Users/runner/micromamba/envs/tardis/lib/python3.12/site-packages (from jupyterlab<4.3,>=4.2.0->notebook>=4.4.1->widgetsnbextension~=3.6.5->ipywidgets>=7.0.0->qgridnext) (2.2.5)
2025-01-13T19:47:45.2313560Z Requirement already satisfied: setuptools>=40.1.0 in /Users/runner/micromamba/envs/tardis/lib/python3.12/site-packages (from jupyterlab<4.3,>=4.2.0->notebook>=4.4.1->widgetsnbextension~=3.6.5->ipywidgets>=7.0.0->qgridnext) (70.0.0)
2025-01-13T19:47:45.2417240Z Requirement already satisfied: babel>=2.10 in /Users/runner/micromamba/envs/tardis/lib/python3.12/site-packages (from jupyterlab-server<3,>=2.27.1->notebook>=4.4.1->widgetsnbextension~=3.6.5->ipywidgets>=7.0.0->qgridnext) (2.14.0)
2025-01-13T19:47:45.2517800Z Requirement already satisfied: json5>=0.9.0 in /Users/runner/micromamba/envs/tardis/lib/python3.12/site-packages (from jupyterlab-server<3,>=2.27.1->notebook>=4.4.1->widgetsnbextension~=3.6.5->ipywidgets>=7.0.0->qgridnext) (0.9.25)
2025-01-13T19:47:45.2618160Z Requirement already satisfied: jsonschema>=4.18.0 in /Users/runner/micromamba/envs/tardis/lib/python3.12/site-packages (from jupyterlab-server<3,>=2.27.1->notebook>=4.4.1->widgetsnbextension~=3.6.5->ipywidgets>=7.0.0->qgridnext) (4.22.0)
2025-01-13T19:47:45.2721480Z Requirement already satisfied: requests>=2.31 in /Users/runner/micromamba/envs/tardis/lib/python3.12/site-packages (from jupyterlab-server<3,>=2.27.1->notebook>=4.4.1->widgetsnbextension~=3.6.5->ipywidgets>=7.0.0->qgridnext) (2.32.3)
2025-01-13T19:47:45.2821480Z Requirement already satisfied: idna>=2.8 in /Users/runner/micromamba/envs/tardis/lib/python3.12/site-packages (from anyio>=3.1.0->jupyter-server<3,>=2.4.0->notebook>=4.4.1->widgetsnbextension~=3.6.5->ipywidgets>=7.0.0->qgridnext) (3.7)
2025-01-13T19:47:45.2921990Z Requirement already satisfied: sniffio>=1.1 in /Users/runner/micromamba/envs/tardis/lib/python3.12/site-packages (from anyio>=3.1.0->jupyter-server<3,>=2.4.0->notebook>=4.4.1->widgetsnbextension~=3.6.5->ipywidgets>=7.0.0->qgridnext) (1.3.1)
2025-01-13T19:47:45.3024120Z Requirement already satisfied: argon2-cffi-bindings in /Users/runner/micromamba/envs/tardis/lib/python3.12/site-packages (from argon2-cffi>=21.1->jupyter-server<3,>=2.4.0->notebook>=4.4.1->widgetsnbextension~=3.6.5->ipywidgets>=7.0.0->qgridnext) (21.2.0)
2025-01-13T19:47:45.3125360Z Requirement already satisfied: certifi in /Users/runner/micromamba/envs/tardis/lib/python3.12/site-packages (from httpx>=0.25.0->jupyterlab<4.3,>=4.2.0->notebook>=4.4.1->widgetsnbextension~=3.6.5->ipywidgets>=7.0.0->qgridnext) (2024.6.2)
2025-01-13T19:47:45.3227520Z Requirement already satisfied: httpcore==1.* in /Users/runner/micromamba/envs/tardis/lib/python3.12/site-packages (from httpx>=0.25.0->jupyterlab<4.3,>=4.2.0->notebook>=4.4.1->widgetsnbextension~=3.6.5->ipywidgets>=7.0.0->qgridnext) (1.0.5)
2025-01-13T19:47:45.3329650Z Requirement already satisfied: h11<0.15,>=0.13 in /Users/runner/micromamba/envs/tardis/lib/python3.12/site-packages (from httpcore==1.*->httpx>=0.25.0->jupyterlab<4.3,>=4.2.0->notebook>=4.4.1->widgetsnbextension~=3.6.5->ipywidgets>=7.0.0->qgridnext) (0.14.0)
2025-01-13T19:47:45.3430310Z Requirement already satisfied: appnope in /Users/runner/micromamba/envs/tardis/lib/python3.12/site-packages (from ipykernel>=6.5.0->jupyterlab<4.3,>=4.2.0->notebook>=4.4.1->widgetsnbextension~=3.6.5->ipywidgets>=7.0.0->qgridnext) (0.1.4)
2025-01-13T19:47:45.3536980Z Requirement already satisfied: debugpy>=1.6.5 in /Users/runner/micromamba/envs/tardis/lib/python3.12/site-packages (from ipykernel>=6.5.0->jupyterlab<4.3,>=4.2.0->notebook>=4.4.1->widgetsnbextension~=3.6.5->ipywidgets>=7.0.0->qgridnext) (1.8.1)
2025-01-13T19:47:45.3640320Z Requirement already satisfied: nest-asyncio in /Users/runner/micromamba/envs/tardis/lib/python3.12/site-packages (from ipykernel>=6.5.0->jupyterlab<4.3,>=4.2.0->notebook>=4.4.1->widgetsnbextension~=3.6.5->ipywidgets>=7.0.0->qgridnext) (1.6.0)
2025-01-13T19:47:45.3739530Z Requirement already satisfied: psutil in /Users/runner/micromamba/envs/tardis/lib/python3.12/site-packages (from ipykernel>=6.5.0->jupyterlab<4.3,>=4.2.0->notebook>=4.4.1->widgetsnbextension~=3.6.5->ipywidgets>=7.0.0->qgridnext) (5.9.8)
2025-01-13T19:47:45.3841840Z Requirement already satisfied: MarkupSafe>=2.0 in /Users/runner/micromamba/envs/tardis/lib/python3.12/site-packages (from jinja2>=3.0.3->jupyter-server<3,>=2.4.0->notebook>=4.4.1->widgetsnbextension~=3.6.5->ipywidgets>=7.0.0->qgridnext) (2.1.5)
2025-01-13T19:47:45.3943050Z Requirement already satisfied: attrs>=22.2.0 in /Users/runner/micromamba/envs/tardis/lib/python3.12/site-packages (from jsonschema>=4.18.0->jupyterlab-server<3,>=2.27.1->notebook>=4.4.1->widgetsnbextension~=3.6.5->ipywidgets>=7.0.0->qgridnext) (23.2.0)
2025-01-13T19:47:45.4043440Z Requirement already satisfied: jsonschema-specifications>=2023.03.6 in /Users/runner/micromamba/envs/tardis/lib/python3.12/site-packages (from jsonschema>=4.18.0->jupyterlab-server<3,>=2.27.1->notebook>=4.4.1->widgetsnbextension~=3.6.5->ipywidgets>=7.0.0->qgridnext) (2023.12.1)
2025-01-13T19:47:45.4145620Z Requirement already satisfied: referencing>=0.28.4 in /Users/runner/micromamba/envs/tardis/lib/python3.12/site-packages (from jsonschema>=4.18.0->jupyterlab-server<3,>=2.27.1->notebook>=4.4.1->widgetsnbextension~=3.6.5->ipywidgets>=7.0.0->qgridnext) (0.35.1)
2025-01-13T19:47:45.4246200Z Requirement already satisfied: rpds-py>=0.7.1 in /Users/runner/micromamba/envs/tardis/lib/python3.12/site-packages (from jsonschema>=4.18.0->jupyterlab-server<3,>=2.27.1->notebook>=4.4.1->widgetsnbextension~=3.6.5->ipywidgets>=7.0.0->qgridnext) (0.18.1)
2025-01-13T19:47:45.4323640Z Requirement already satisfied: platformdirs>=2.5 in /Users/runner/micromamba/envs/tardis/lib/python3.12/site-packages (from jupyter-core!=5.0.*,>=4.12->jupyter-server<3,>=2.4.0->notebook>=4.4.1->widgetsnbextension~=3.6.5->ipywidgets>=7.0.0->qgridnext) (4.2.2)
2025-01-13T19:47:45.4413340Z Requirement already satisfied: python-json-logger>=2.0.4 in /Users/runner/micromamba/envs/tardis/lib/python3.12/site-packages (from jupyter-events>=0.9.0->jupyter-server<3,>=2.4.0->notebook>=4.4.1->widgetsnbextension~=3.6.5->ipywidgets>=7.0.0->qgridnext) (2.0.7)
2025-01-13T19:47:45.4445640Z Requirement already satisfied: pyyaml>=5.3 in /Users/runner/micromamba/envs/tardis/lib/python3.12/site-packages (from jupyter-events>=0.9.0->jupyter-server<3,>=2.4.0->notebook>=4.4.1->widgetsnbextension~=3.6.5->ipywidgets>=7.0.0->qgridnext) (6.0.1)
2025-01-13T19:47:45.4447980Z Requirement already satisfied: rfc3339-validator in /Users/runner/micromamba/envs/tardis/lib/python3.12/site-packages (from jupyter-events>=0.9.0->jupyter-server<3,>=2.4.0->notebook>=4.4.1->widgetsnbextension~=3.6.5->ipywidgets>=7.0.0->qgridnext) (0.1.4)
2025-01-13T19:47:45.4449380Z Requirement already satisfied: rfc3986-validator>=0.1.1 in /Users/runner/micromamba/envs/tardis/lib/python3.12/site-packages (from jupyter-events>=0.9.0->jupyter-server<3,>=2.4.0->notebook>=4.4.1->widgetsnbextension~=3.6.5->ipywidgets>=7.0.0->qgridnext) (0.1.1)
2025-01-13T19:47:45.4450730Z Requirement already satisfied: beautifulsoup4 in /Users/runner/micromamba/envs/tardis/lib/python3.12/site-packages (from nbconvert>=6.4.4->jupyter-server<3,>=2.4.0->notebook>=4.4.1->widgetsnbextension~=3.6.5->ipywidgets>=7.0.0->qgridnext) (4.12.3)
2025-01-13T19:47:45.4452060Z Requirement already satisfied: bleach!=5.0.0 in /Users/runner/micromamba/envs/tardis/lib/python3.12/site-packages (from nbconvert>=6.4.4->jupyter-server<3,>=2.4.0->notebook>=4.4.1->widgetsnbextension~=3.6.5->ipywidgets>=7.0.0->qgridnext) (6.1.0)
2025-01-13T19:47:45.4453720Z Requirement already satisfied: defusedxml in /Users/runner/micromamba/envs/tardis/lib/python3.12/site-packages (from nbconvert>=6.4.4->jupyter-server<3,>=2.4.0->notebook>=4.4.1->widgetsnbextension~=3.6.5->ipywidgets>=7.0.0->qgridnext) (0.7.1)
2025-01-13T19:47:45.4456190Z Requirement already satisfied: jupyterlab-pygments in /Users/runner/micromamba/envs/tardis/lib/python3.12/site-packages (from nbconvert>=6.4.4->jupyter-server<3,>=2.4.0->notebook>=4.4.1->widgetsnbextension~=3.6.5->ipywidgets>=7.0.0->qgridnext) (0.3.0)
2025-01-13T19:47:45.4457670Z Requirement already satisfied: mistune<4,>=2.0.3 in /Users/runner/micromamba/envs/tardis/lib/python3.12/site-packages (from nbconvert>=6.4.4->jupyter-server<3,>=2.4.0->notebook>=4.4.1->widgetsnbextension~=3.6.5->ipywidgets>=7.0.0->qgridnext) (3.0.2)
2025-01-13T19:47:45.4458890Z Requirement already satisfied: nbclient>=0.5.0 in /Users/runner/micromamba/envs/tardis/lib/python3.12/site-packages (from nbconvert>=6.4.4->jupyter-server<3,>=2.4.0->notebook>=4.4.1->widgetsnbextension~=3.6.5->ipywidgets>=7.0.0->qgridnext) (0.10.0)
2025-01-13T19:47:45.4460180Z Requirement already satisfied: pandocfilters>=1.4.1 in /Users/runner/micromamba/envs/tardis/lib/python3.12/site-packages (from nbconvert>=6.4.4->jupyter-server<3,>=2.4.0->notebook>=4.4.1->widgetsnbextension~=3.6.5->ipywidgets>=7.0.0->qgridnext) (1.5.0)
2025-01-13T19:47:45.4461410Z Requirement already satisfied: tinycss2 in /Users/runner/micromamba/envs/tardis/lib/python3.12/site-packages (from nbconvert>=6.4.4->jupyter-server<3,>=2.4.0->notebook>=4.4.1->widgetsnbextension~=3.6.5->ipywidgets>=7.0.0->qgridnext) (1.3.0)
2025-01-13T19:47:45.4462640Z Requirement already satisfied: fastjsonschema>=2.15 in /Users/runner/micromamba/envs/tardis/lib/python3.12/site-packages (from nbformat>=5.3.0->jupyter-server<3,>=2.4.0->notebook>=4.4.1->widgetsnbextension~=3.6.5->ipywidgets>=7.0.0->qgridnext) (2.20.0)
2025-01-13T19:47:45.4464010Z Requirement already satisfied: charset-normalizer<4,>=2 in /Users/runner/micromamba/envs/tardis/lib/python3.12/site-packages (from requests>=2.31->jupyterlab-server<3,>=2.27.1->notebook>=4.4.1->widgetsnbextension~=3.6.5->ipywidgets>=7.0.0->qgridnext) (3.3.2)
2025-01-13T19:47:45.4465230Z Requirement already satisfied: urllib3<3,>=1.21.1 in /Users/runner/micromamba/envs/tardis/lib/python3.12/site-packages (from requests>=2.31->jupyterlab-server<3,>=2.27.1->notebook>=4.4.1->widgetsnbextension~=3.6.5->ipywidgets>=7.0.0->qgridnext) (2.2.2)
2025-01-13T19:47:45.4466580Z Requirement already satisfied: webencodings in /Users/runner/micromamba/envs/tardis/lib/python3.12/site-packages (from bleach!=5.0.0->nbconvert>=6.4.4->jupyter-server<3,>=2.4.0->notebook>=4.4.1->widgetsnbextension~=3.6.5->ipywidgets>=7.0.0->qgridnext) (0.5.1)
2025-01-13T19:47:45.4468200Z Requirement already satisfied: fqdn in /Users/runner/micromamba/envs/tardis/lib/python3.12/site-packages (from jsonschema[format-nongpl]>=4.18.0->jupyter-events>=0.9.0->jupyter-server<3,>=2.4.0->notebook>=4.4.1->widgetsnbextension~=3.6.5->ipywidgets>=7.0.0->qgridnext) (1.5.1)
2025-01-13T19:47:45.4469700Z Requirement already satisfied: isoduration in /Users/runner/micromamba/envs/tardis/lib/python3.12/site-packages (from jsonschema[format-nongpl]>=4.18.0->jupyter-events>=0.9.0->jupyter-server<3,>=2.4.0->notebook>=4.4.1->widgetsnbextension~=3.6.5->ipywidgets>=7.0.0->qgridnext) (20.11.0)
2025-01-13T19:47:45.4471450Z Requirement already satisfied: jsonpointer>1.13 in /Users/runner/micromamba/envs/tardis/lib/python3.12/site-packages (from jsonschema[format-nongpl]>=4.18.0->jupyter-events>=0.9.0->jupyter-server<3,>=2.4.0->notebook>=4.4.1->widgetsnbextension~=3.6.5->ipywidgets>=7.0.0->qgridnext) (3.0.0)
2025-01-13T19:47:45.4472930Z Requirement already satisfied: uri-template in /Users/runner/micromamba/envs/tardis/lib/python3.12/site-packages (from jsonschema[format-nongpl]>=4.18.0->jupyter-events>=0.9.0->jupyter-server<3,>=2.4.0->notebook>=4.4.1->widgetsnbextension~=3.6.5->ipywidgets>=7.0.0->qgridnext) (1.3.0)
2025-01-13T19:47:45.4474440Z Requirement already satisfied: webcolors>=1.11 in /Users/runner/micromamba/envs/tardis/lib/python3.12/site-packages (from jsonschema[format-nongpl]>=4.18.0->jupyter-events>=0.9.0->jupyter-server<3,>=2.4.0->notebook>=4.4.1->widgetsnbextension~=3.6.5->ipywidgets>=7.0.0->qgridnext) (24.6.0)
2025-01-13T19:47:45.4476150Z Requirement already satisfied: cffi>=1.0.1 in /Users/runner/micromamba/envs/tardis/lib/python3.12/site-packages (from argon2-cffi-bindings->argon2-cffi>=21.1->jupyter-server<3,>=2.4.0->notebook>=4.4.1->widgetsnbextension~=3.6.5->ipywidgets>=7.0.0->qgridnext) (1.16.0)
2025-01-13T19:47:45.4477540Z Requirement already satisfied: soupsieve>1.2 in /Users/runner/micromamba/envs/tardis/lib/python3.12/site-packages (from beautifulsoup4->nbconvert>=6.4.4->jupyter-server<3,>=2.4.0->notebook>=4.4.1->widgetsnbextension~=3.6.5->ipywidgets>=7.0.0->qgridnext) (2.5)
2025-01-13T19:47:45.4731960Z Requirement already satisfied: pycparser in /Users/runner/micromamba/envs/tardis/lib/python3.12/site-packages (from cffi>=1.0.1->argon2-cffi-bindings->argon2-cffi>=21.1->jupyter-server<3,>=2.4.0->notebook>=4.4.1->widgetsnbextension~=3.6.5->ipywidgets>=7.0.0->qgridnext) (2.22)
2025-01-13T19:47:45.5424250Z Requirement already satisfied: arrow>=0.15.0 in /Users/runner/micromamba/envs/tardis/lib/python3.12/site-packages (from isoduration->jsonschema[format-nongpl]>=4.18.0->jupyter-events>=0.9.0->jupyter-server<3,>=2.4.0->notebook>=4.4.1->widgetsnbextension~=3.6.5->ipywidgets>=7.0.0->qgridnext) (1.3.0)
2025-01-13T19:47:45.5641200Z Requirement already satisfied: types-python-dateutil>=2.8.10 in /Users/runner/micromamba/envs/tardis/lib/python3.12/site-packages (from arrow>=0.15.0->isoduration->jsonschema[format-nongpl]>=4.18.0->jupyter-events>=0.9.0->jupyter-server<3,>=2.4.0->notebook>=4.4.1->widgetsnbextension~=3.6.5->ipywidgets>=7.0.0->qgridnext) (2.9.0.20240316)
2025-01-13T19:47:45.6220750Z Downloading qgridnext-2.0.4-py3-none-any.whl (1.3 MB)
2025-01-13T19:47:45.6971950Z    â”â”â”â”â”â”â”â”â”â”â”â”â”â”â”â”â”â”â”â”â”â”â”â”â”â”â”â”â”â”â”â”â”â”â”â”â”â”â”â” 1.3/1.3 MB 20.3 MB/s eta 0:00:00
2025-01-13T19:47:46.2975980Z Installing collected packages: qgridnext
2025-01-13T19:47:46.3478450Z Successfully installed qgridnext-2.0.4
2025-01-13T19:47:46.5799950Z ##[group]Run pytest tardis --tardis-regression-data=/Users/runner/work/tardis/tardis/tardis-regression-data --cov=tardis --cov-report=xml --cov-report=html --cov-append -m " continuum"
2025-01-13T19:47:46.5801000Z [36;1mpytest tardis --tardis-regression-data=/Users/runner/work/tardis/tardis/tardis-regression-data --cov=tardis --cov-report=xml --cov-report=html --cov-append -m " continuum"[0m
2025-01-13T19:47:46.5872660Z shell: /bin/bash -l {0}
2025-01-13T19:47:46.5872860Z env:
2025-01-13T19:47:46.5873030Z   CACHE_NUMBER: 0
2025-01-13T19:47:46.5873550Z   PYTEST_FLAGS: --tardis-regression-data=/Users/runner/work/tardis/tardis/tardis-regression-data --cov=tardis --cov-report=xml --cov-report=html --cov-append
2025-01-13T19:47:46.5874080Z   CODECOV_TOKEN: 
2025-01-13T19:47:46.5874250Z   MAMBA_ROOT_PREFIX: /Users/runner/micromamba
2025-01-13T19:47:46.5874520Z   MAMBA_EXE: /Users/runner/micromamba-bin/micromamba
2025-01-13T19:47:46.5874880Z   CONDARC: /Users/runner/work/_temp/setup-micromamba/.condarc
2025-01-13T19:47:46.5875150Z ##[endgroup]
2025-01-13T19:48:01.3452850Z ============================= test session starts ==============================
2025-01-13T19:48:01.3469000Z platform darwin -- Python 3.12.4, pytest-8.2.2, pluggy-1.5.0
2025-01-13T19:48:01.3470600Z rootdir: /Users/runner/work/tardis/tardis
2025-01-13T19:48:01.3471170Z configfile: pyproject.toml
2025-01-13T19:48:01.3471820Z plugins: cov-5.0.0, html-4.1.1, metadata-3.1.1, doctestplus-1.2.1, anyio-4.4.0
2025-01-13T19:48:01.3472520Z collected 1796 items / 1794 deselected / 2 selected
2025-01-13T19:48:01.3473140Z 
2025-01-13T19:49:01.0083430Z tardis/transport/montecarlo/estimators/tests/test_continuum_property_solver.py . [ 50%]
2025-01-13T19:49:01.0084170Z                                                                          [ 50%]
2025-01-13T19:49:32.3137720Z tardis/transport/montecarlo/tests/test_continuum.py .                    [100%]
2025-01-13T19:49:32.3149980Z 
2025-01-13T19:49:32.3150140Z =============================== warnings summary ===============================
2025-01-13T19:49:32.3150760Z tardis/io/configuration/config_validator.py:6
2025-01-13T19:49:32.3151170Z tardis/io/configuration/config_validator.py:6
2025-01-13T19:49:32.3151870Z   /Users/runner/work/tardis/tardis/tardis/io/configuration/config_validator.py:6: DeprecationWarning:
2025-01-13T19:49:32.3152580Z   
2025-01-13T19:49:32.3154190Z   jsonschema.RefResolver is deprecated as of v4.18.0, in favor of the https://github.com/python-jsonschema/referencing library, which provides more compliant referencing behavior as well as more flexible APIs for customization. A future release will remove RefResolver. Please file a feature request (on referencing) if you are missing an API for the kind of customization you need.
2025-01-13T19:49:32.3155700Z 
2025-01-13T19:49:32.3155980Z ../../../micromamba/envs/tardis/lib/python3.12/site-packages/jupyter_client/connect.py:22
2025-01-13T19:49:32.3156630Z   /Users/runner/micromamba/envs/tardis/lib/python3.12/site-packages/jupyter_client/connect.py:22: DeprecationWarning:
2025-01-13T19:49:32.3157390Z   
2025-01-13T19:49:32.3157710Z   Jupyter is migrating its paths to use standard platformdirs
2025-01-13T19:49:32.3158280Z   given by the platformdirs library.  To remove this warning and
2025-01-13T19:49:32.3158900Z   see the appropriate new directories, set the environment variable
2025-01-13T19:49:32.3159460Z   `JUPYTER_PLATFORM_DIRS=1` and then run `jupyter --paths`.
2025-01-13T19:49:32.3159890Z   The use of platformdirs will be the default in `jupyter_core` v6
2025-01-13T19:49:32.3160270Z 
2025-01-13T19:49:32.3170390Z tardis/transport/montecarlo/estimators/tests/test_continuum_property_solver.py::test_continuum_estimators
2025-01-13T19:49:32.3171130Z   /Users/runner/work/tardis/tardis/tardis/transport/montecarlo/montecarlo_main_loop.py:123: NumbaTypeSafetyWarning:
2025-01-13T19:49:32.3171710Z   
2025-01-13T19:49:32.3174230Z   [1m[1m[1munsafe cast from uint64 to int64. Precision may be lost.[0m[0m[0m
2025-01-13T19:49:32.3176550Z 
2025-01-13T19:49:32.3176850Z -- Docs: https://docs.pytest.org/en/stable/how-to/capture-warnings.html
2025-01-13T19:49:32.3177180Z 
2025-01-13T19:49:32.3177410Z ---------- coverage: platform darwin, python 3.12.4-final-0 ----------
2025-01-13T19:49:32.3177790Z Coverage HTML written to dir coverage_html_report
2025-01-13T19:49:32.3178180Z Coverage XML written to file coverage.xml
2025-01-13T19:49:32.3178330Z 
2025-01-13T19:49:32.3178520Z ========== 2 passed, 1794 deselected, 4 warnings in 92.79s (0:01:32) ===========
2025-01-13T19:49:34.0207570Z ##[group]Run mv .coverage .coverage.1
2025-01-13T19:49:34.0208220Z [36;1mmv .coverage .coverage.1[0m
2025-01-13T19:49:34.0644030Z shell: /bin/bash -l {0}
2025-01-13T19:49:34.0644280Z env:
2025-01-13T19:49:34.0644570Z   CACHE_NUMBER: 0
2025-01-13T19:49:34.0645150Z   PYTEST_FLAGS: --tardis-regression-data=/Users/runner/work/tardis/tardis/tardis-regression-data --cov=tardis --cov-report=xml --cov-report=html --cov-append
2025-01-13T19:49:34.0646050Z   CODECOV_TOKEN: 
2025-01-13T19:49:34.0646370Z   MAMBA_ROOT_PREFIX: /Users/runner/micromamba
2025-01-13T19:49:34.0646870Z   MAMBA_EXE: /Users/runner/micromamba-bin/micromamba
2025-01-13T19:49:34.0647370Z   CONDARC: /Users/runner/work/_temp/setup-micromamba/.condarc
2025-01-13T19:49:34.0647880Z ##[endgroup]
2025-01-13T19:49:34.4170510Z ##[group]Run actions/upload-artifact@v4
2025-01-13T19:49:34.4170930Z with:
2025-01-13T19:49:34.4171280Z   name: coverage--continuum-macos-latest
2025-01-13T19:49:34.4171560Z   include-hidden-files: true
2025-01-13T19:49:34.4171750Z   path: .coverage*
!.coveragerc

2025-01-13T19:49:34.4172020Z   if-no-files-found: warn
2025-01-13T19:49:34.4172330Z   compression-level: 6
2025-01-13T19:49:34.4172560Z   overwrite: false
2025-01-13T19:49:34.4172780Z env:
2025-01-13T19:49:34.4173000Z   CACHE_NUMBER: 0
2025-01-13T19:49:34.4173610Z   PYTEST_FLAGS: --tardis-regression-data=/Users/runner/work/tardis/tardis/tardis-regression-data --cov=tardis --cov-report=xml --cov-report=html --cov-append
2025-01-13T19:49:34.4174630Z   CODECOV_TOKEN: 
2025-01-13T19:49:34.4174960Z   MAMBA_ROOT_PREFIX: /Users/runner/micromamba
2025-01-13T19:49:34.4175290Z   MAMBA_EXE: /Users/runner/micromamba-bin/micromamba
2025-01-13T19:49:34.4175570Z   CONDARC: /Users/runner/work/_temp/setup-micromamba/.condarc
2025-01-13T19:49:34.4175850Z ##[endgroup]
2025-01-13T19:49:34.9355610Z With the provided path, there will be 2 files uploaded
2025-01-13T19:49:34.9356050Z Artifact name is valid!
2025-01-13T19:49:34.9356230Z Root directory input is valid!
2025-01-13T19:49:35.1284680Z Beginning upload of artifact content to blob storage
2025-01-13T19:49:35.3046710Z Uploaded bytes 27436
2025-01-13T19:49:35.3438760Z Finished uploading artifact content to blob storage!
2025-01-13T19:49:35.3439830Z SHA256 hash of uploaded artifact zip is f6475335c2b6395e908ed2934688ca535b2c108db8568f5223b6cd7e59271f83
2025-01-13T19:49:35.3440870Z Finalizing artifact upload
2025-01-13T19:49:35.4905050Z Artifact coverage--continuum-macos-latest.zip successfully finalized. Artifact ID 2424381080
2025-01-13T19:49:35.4905760Z Artifact coverage--continuum-macos-latest has been successfully uploaded! Final size is 27436 bytes. Artifact ID is 2424381080
2025-01-13T19:49:35.4912870Z Artifact download URL: https://github.com/tardis-sn/tardis/actions/runs/12754866314/artifacts/2424381080
2025-01-13T19:49:35.5015470Z Post job cleanup.
2025-01-13T19:49:35.5066020Z Post job cleanup.
2025-01-13T19:49:35.6836340Z Will use pre-installed micromamba at /Users/runner/micromamba-bin/micromamba
2025-01-13T19:49:35.6840080Z Removing micromamba run shell ...
2025-01-13T19:49:35.6842370Z ##[group]Deinitialize micromamba for bash
2025-01-13T19:49:35.6858290Z [command]/Users/runner/micromamba-bin/micromamba shell deinit -s bash -r /Users/runner/micromamba --log-level warning --rc-file /Users/runner/work/_temp/setup-micromamba/.condarc
2025-01-13T19:49:35.7036200Z Resetting RC file "/Users/runner/.bash_profile"
2025-01-13T19:49:35.7036730Z Deleting config for root prefix 
2025-01-13T19:49:35.7038050Z Clearing mamba executable environment variable
2025-01-13T19:49:35.7052730Z Removing the following in your "/Users/runner/.bash_profile" file
2025-01-13T19:49:35.7053410Z # >>> mamba initialize >>>
2025-01-13T19:49:35.7054000Z ...
2025-01-13T19:49:35.7054330Z # <<< mamba initialize <<<
2025-01-13T19:49:35.7088000Z Removing environment tardis from auto-activate bash ...
2025-01-13T19:49:35.7179570Z Post job cleanup.
2025-01-13T19:49:35.7234000Z Post job cleanup.
2025-01-13T19:49:35.8561270Z [command]/opt/homebrew/bin/git version
2025-01-13T19:49:35.8748970Z git version 2.47.1
2025-01-13T19:49:35.8776150Z Copying '/Users/runner/.gitconfig' to '/Users/runner/work/_temp/c7dde67e-f8ae-4dc0-99eb-dc800557f59c/.gitconfig'
2025-01-13T19:49:35.8783690Z Temporarily overriding HOME='/Users/runner/work/_temp/c7dde67e-f8ae-4dc0-99eb-dc800557f59c' before making global git config changes
2025-01-13T19:49:35.8784410Z Adding repository directory to the temporary git global config as a safe directory
2025-01-13T19:49:35.8788580Z [command]/opt/homebrew/bin/git config --global --add safe.directory /Users/runner/work/tardis/tardis/tardis-regression-data
2025-01-13T19:49:35.8885490Z [command]/opt/homebrew/bin/git config --local --name-only --get-regexp core\.sshCommand
2025-01-13T19:49:35.8932500Z [command]/opt/homebrew/bin/git submodule foreach --recursive sh -c "git config --local --name-only --get-regexp 'core\.sshCommand' && git config --local --unset-all 'core.sshCommand' || :"
2025-01-13T19:49:35.9971220Z [command]/opt/homebrew/bin/git config --local --name-only --get-regexp http\.https\:\/\/github\.com\/\.extraheader
2025-01-13T19:49:36.0063240Z http.https://github.com/.extraheader
2025-01-13T19:49:36.0662380Z [command]/opt/homebrew/bin/git config --local --unset-all http.https://github.com/.extraheader
2025-01-13T19:49:36.1028690Z [command]/opt/homebrew/bin/git submodule foreach --recursive sh -c "git config --local --name-only --get-regexp 'http\.https\:\/\/github\.com\/\.extraheader' && git config --local --unset-all 'http.https://github.com/.extraheader' || :"
2025-01-13T19:49:36.2428060Z Post job cleanup.
2025-01-13T19:49:36.3983990Z [command]/opt/homebrew/bin/git version
2025-01-13T19:49:36.4155770Z git version 2.47.1
2025-01-13T19:49:36.4159120Z Copying '/Users/runner/.gitconfig' to '/Users/runner/work/_temp/809d115e-ea00-458d-9587-c923bb143475/.gitconfig'
2025-01-13T19:49:36.4165210Z Temporarily overriding HOME='/Users/runner/work/_temp/809d115e-ea00-458d-9587-c923bb143475' before making global git config changes
2025-01-13T19:49:36.4165950Z Adding repository directory to the temporary git global config as a safe directory
2025-01-13T19:49:36.4166570Z [command]/opt/homebrew/bin/git config --global --add safe.directory /Users/runner/work/tardis/tardis
2025-01-13T19:49:36.4249590Z [command]/opt/homebrew/bin/git config --local --name-only --get-regexp core\.sshCommand
2025-01-13T19:49:36.4313470Z [command]/opt/homebrew/bin/git submodule foreach --recursive sh -c "git config --local --name-only --get-regexp 'core\.sshCommand' && git config --local --unset-all 'core.sshCommand' || :"
2025-01-13T19:49:36.5247930Z [command]/opt/homebrew/bin/git config --local --name-only --get-regexp http\.https\:\/\/github\.com\/\.extraheader
2025-01-13T19:49:36.5329800Z http.https://github.com/.extraheader
2025-01-13T19:49:36.5343310Z [command]/opt/homebrew/bin/git config --local --unset-all http.https://github.com/.extraheader
2025-01-13T19:49:36.5478240Z [command]/opt/homebrew/bin/git submodule foreach --recursive sh -c "git config --local --name-only --get-regexp 'http\.https\:\/\/github\.com\/\.extraheader' && git config --local --unset-all 'http.https://github.com/.extraheader' || :"
2025-01-13T19:49:36.7039470Z Cleaning up orphan processes
