2025-01-27T12:50:38.8279531Z Requested labels: macos-latest
2025-01-27T12:50:38.8279841Z Job defined at: tardis-sn/tardis/.github/workflows/tests.yml@refs/pull/2954/merge
2025-01-27T12:50:38.8279964Z Waiting for a runner to pick up this job...
2025-01-27T12:50:38.9948364Z Job is waiting for a hosted runner to come online.
2025-01-27T12:50:41.3346625Z Job is about to start running on the hosted runner: GitHub Actions 10 (hosted)
2025-01-27T12:50:42.7384970Z Current runner version: '2.321.0'
2025-01-27T12:50:42.7419150Z ##[group]Operating System
2025-01-27T12:50:42.7419790Z macOS
2025-01-27T12:50:42.7420170Z 14.7.2
2025-01-27T12:50:42.7420510Z 23H311
2025-01-27T12:50:42.7420830Z ##[endgroup]
2025-01-27T12:50:42.7421190Z ##[group]Runner Image
2025-01-27T12:50:42.7421550Z Image: macos-14-arm64
2025-01-27T12:50:42.7421910Z Version: 20250120.774
2025-01-27T12:50:42.7422700Z Included Software: https://github.com/actions/runner-images/blob/macos-14-arm64/20250120.774/images/macos/macos-14-arm64-Readme.md
2025-01-27T12:50:42.7423740Z Image Release: https://github.com/actions/runner-images/releases/tag/macos-14-arm64%2F20250120.774
2025-01-27T12:50:42.7424350Z ##[endgroup]
2025-01-27T12:50:42.7424670Z ##[group]Runner Image Provisioner
2025-01-27T12:50:42.7425090Z 2.0.417.1+9319b8b0d2fead581272b7201c667f076e8e53f6
2025-01-27T12:50:42.7425550Z ##[endgroup]
2025-01-27T12:50:42.7427140Z ##[group]GITHUB_TOKEN Permissions
2025-01-27T12:50:42.7428670Z Actions: read
2025-01-27T12:50:42.7429110Z Attestations: read
2025-01-27T12:50:42.7429450Z Checks: read
2025-01-27T12:50:42.7429750Z Contents: read
2025-01-27T12:50:42.7430060Z Deployments: read
2025-01-27T12:50:42.7430400Z Discussions: read
2025-01-27T12:50:42.7430780Z Issues: read
2025-01-27T12:50:42.7431080Z Metadata: read
2025-01-27T12:50:42.7431390Z Packages: read
2025-01-27T12:50:42.7431690Z Pages: read
2025-01-27T12:50:42.7432000Z PullRequests: read
2025-01-27T12:50:42.7432330Z RepositoryProjects: read
2025-01-27T12:50:42.7432680Z SecurityEvents: read
2025-01-27T12:50:42.7433000Z Statuses: read
2025-01-27T12:50:42.7433320Z ##[endgroup]
2025-01-27T12:50:42.7435510Z Secret source: None
2025-01-27T12:50:42.7436020Z Prepare workflow directory
2025-01-27T12:50:42.7783050Z Prepare all required actions
2025-01-27T12:50:42.7809030Z Getting action download info
2025-01-27T12:50:42.9410550Z Download action repository 'actions/checkout@v4' (SHA:11bd71901bbe5b1630ceea73d27597364c9af683)
2025-01-27T12:50:43.2693380Z Download action repository 'actions/upload-artifact@v4' (SHA:65c4c4a1ddee5b72f698fdd19549f0f0fb45cf08)
2025-01-27T12:50:43.4072670Z Complete job name: not continuum macos-latest 
2025-01-27T12:50:43.4473280Z ##[group]Run actions/checkout@v4
2025-01-27T12:50:43.4473730Z with:
2025-01-27T12:50:43.4474110Z   repository: tardis-sn/tardis
2025-01-27T12:50:43.4474500Z   token: ***
2025-01-27T12:50:43.4474760Z   ssh-strict: true
2025-01-27T12:50:43.4475030Z   ssh-user: git
2025-01-27T12:50:43.4475300Z   persist-credentials: true
2025-01-27T12:50:43.4475590Z   clean: true
2025-01-27T12:50:43.4475870Z   sparse-checkout-cone-mode: true
2025-01-27T12:50:43.4476180Z   fetch-depth: 1
2025-01-27T12:50:43.4476450Z   fetch-tags: false
2025-01-27T12:50:43.4476720Z   show-progress: true
2025-01-27T12:50:43.4476990Z   lfs: false
2025-01-27T12:50:43.4477350Z   submodules: false
2025-01-27T12:50:43.4477620Z   set-safe-directory: true
2025-01-27T12:50:43.4478010Z env:
2025-01-27T12:50:43.4478250Z   CACHE_NUMBER: 0
2025-01-27T12:50:43.4478970Z   PYTEST_FLAGS: --tardis-regression-data=/Users/runner/work/tardis/tardis/tardis-regression-data --cov=tardis --cov-report=xml --cov-report=html --cov-append
2025-01-27T12:50:43.4479810Z   CODECOV_TOKEN: 
2025-01-27T12:50:43.4480090Z ##[endgroup]
2025-01-27T12:50:43.7830290Z Syncing repository: tardis-sn/tardis
2025-01-27T12:50:43.7831900Z ##[group]Getting Git version info
2025-01-27T12:50:43.7833370Z Working directory is '/Users/runner/work/tardis/tardis'
2025-01-27T12:50:43.7870070Z [command]/opt/homebrew/bin/git version
2025-01-27T12:50:43.8354230Z git version 2.48.1
2025-01-27T12:50:43.8381270Z ##[endgroup]
2025-01-27T12:50:43.8388840Z Copying '/Users/runner/.gitconfig' to '/Users/runner/work/_temp/a31d5352-815c-4bf2-bf56-84e3f64f7874/.gitconfig'
2025-01-27T12:50:43.8395320Z Temporarily overriding HOME='/Users/runner/work/_temp/a31d5352-815c-4bf2-bf56-84e3f64f7874' before making global git config changes
2025-01-27T12:50:43.8396260Z Adding repository directory to the temporary git global config as a safe directory
2025-01-27T12:50:43.8399020Z [command]/opt/homebrew/bin/git config --global --add safe.directory /Users/runner/work/tardis/tardis
2025-01-27T12:50:43.8493990Z Deleting the contents of '/Users/runner/work/tardis/tardis'
2025-01-27T12:50:43.8497040Z ##[group]Initializing the repository
2025-01-27T12:50:43.8501390Z [command]/opt/homebrew/bin/git init /Users/runner/work/tardis/tardis
2025-01-27T12:50:43.8653190Z hint: Using 'master' as the name for the initial branch. This default branch name
2025-01-27T12:50:43.8654600Z hint: is subject to change. To configure the initial branch name to use in all
2025-01-27T12:50:43.8655300Z hint: of your new repositories, which will suppress this warning, call:
2025-01-27T12:50:43.8655770Z hint:
2025-01-27T12:50:43.8656100Z hint: 	git config --global init.defaultBranch <name>
2025-01-27T12:50:43.8656520Z hint:
2025-01-27T12:50:43.8656910Z hint: Names commonly chosen instead of 'master' are 'main', 'trunk' and
2025-01-27T12:50:43.8657520Z hint: 'development'. The just-created branch can be renamed via this command:
2025-01-27T12:50:43.8658040Z hint:
2025-01-27T12:50:43.8658320Z hint: 	git branch -m <name>
2025-01-27T12:50:43.8658800Z Initialized empty Git repository in /Users/runner/work/tardis/tardis/.git/
2025-01-27T12:50:43.8661020Z [command]/opt/homebrew/bin/git remote add origin https://github.com/tardis-sn/tardis
2025-01-27T12:50:43.8715630Z ##[endgroup]
2025-01-27T12:50:43.8716180Z ##[group]Disabling automatic garbage collection
2025-01-27T12:50:43.8717710Z [command]/opt/homebrew/bin/git config --local gc.auto 0
2025-01-27T12:50:43.8759710Z ##[endgroup]
2025-01-27T12:50:43.8760370Z ##[group]Setting up auth
2025-01-27T12:50:43.8763920Z [command]/opt/homebrew/bin/git config --local --name-only --get-regexp core\.sshCommand
2025-01-27T12:50:43.8808150Z [command]/opt/homebrew/bin/git submodule foreach --recursive sh -c "git config --local --name-only --get-regexp 'core\.sshCommand' && git config --local --unset-all 'core.sshCommand' || :"
2025-01-27T12:50:43.9487110Z [command]/opt/homebrew/bin/git config --local --name-only --get-regexp http\.https\:\/\/github\.com\/\.extraheader
2025-01-27T12:50:43.9538220Z [command]/opt/homebrew/bin/git submodule foreach --recursive sh -c "git config --local --name-only --get-regexp 'http\.https\:\/\/github\.com\/\.extraheader' && git config --local --unset-all 'http.https://github.com/.extraheader' || :"
2025-01-27T12:50:44.0066200Z [command]/opt/homebrew/bin/git config --local http.https://github.com/.extraheader AUTHORIZATION: basic ***
2025-01-27T12:50:44.0138420Z ##[endgroup]
2025-01-27T12:50:44.0139260Z ##[group]Fetching the repository
2025-01-27T12:50:44.0146060Z [command]/opt/homebrew/bin/git -c protocol.version=2 fetch --no-tags --prune --no-recurse-submodules --depth=1 origin +b9a3c90507bb664a579a84b09e98dde2f6d6a29a:refs/remotes/pull/2954/merge
2025-01-27T12:50:46.0698160Z From https://github.com/tardis-sn/tardis
2025-01-27T12:50:46.0699570Z  * [new ref]         b9a3c90507bb664a579a84b09e98dde2f6d6a29a -> pull/2954/merge
2025-01-27T12:50:46.0756520Z ##[endgroup]
2025-01-27T12:50:46.0757280Z ##[group]Determining the checkout info
2025-01-27T12:50:46.0758040Z ##[endgroup]
2025-01-27T12:50:46.0759910Z [command]/opt/homebrew/bin/git sparse-checkout disable
2025-01-27T12:50:46.0822070Z [command]/opt/homebrew/bin/git config --local --unset-all extensions.worktreeConfig
2025-01-27T12:50:46.0887390Z ##[group]Checking out the ref
2025-01-27T12:50:46.0889440Z [command]/opt/homebrew/bin/git checkout --progress --force refs/remotes/pull/2954/merge
2025-01-27T12:50:46.4265070Z HEAD is now at b9a3c90 Merge db421b9124586ebc96ac58a3b58a40051eaa7a4f into ba33d7b6d9d42ff82557ca382cff5b2a54f91c51
2025-01-27T12:50:46.4284690Z ##[endgroup]
2025-01-27T12:50:46.4393410Z [command]/opt/homebrew/bin/git log -1 --format=%H
2025-01-27T12:50:46.4471070Z b9a3c90507bb664a579a84b09e98dde2f6d6a29a
2025-01-27T12:50:46.4769900Z Prepare all required actions
2025-01-27T12:50:46.4770830Z Getting action download info
2025-01-27T12:50:46.6298950Z Download action repository 'actions/cache@v4' (SHA:1bd1e32a3bdc45362d1e726936510720a7c30a57)
2025-01-27T12:50:46.7446790Z ##[group]Run ./.github/actions/setup_lfs
2025-01-27T12:50:46.7447460Z with:
2025-01-27T12:50:46.7448070Z   regression-data-repo: tardis-sn/tardis-regression-data
2025-01-27T12:50:46.7448910Z   atom-data-sparse: false
2025-01-27T12:50:46.7449470Z env:
2025-01-27T12:50:46.7449930Z   CACHE_NUMBER: 0
2025-01-27T12:50:46.7451390Z   PYTEST_FLAGS: --tardis-regression-data=/Users/runner/work/tardis/tardis/tardis-regression-data --cov=tardis --cov-report=xml --cov-report=html --cov-append
2025-01-27T12:50:46.7452990Z   CODECOV_TOKEN: 
2025-01-27T12:50:46.7453540Z ##[endgroup]
2025-01-27T12:50:46.7644750Z ##[group]Run actions/checkout@v4
2025-01-27T12:50:46.7645370Z with:
2025-01-27T12:50:46.7645910Z   repository: tardis-sn/tardis-regression-data
2025-01-27T12:50:46.7646640Z   path: tardis-regression-data
2025-01-27T12:50:46.7647250Z   lfs: false
2025-01-27T12:50:46.7647860Z   token: ***
2025-01-27T12:50:46.7648330Z   ssh-strict: true
2025-01-27T12:50:46.7648850Z   ssh-user: git
2025-01-27T12:50:46.7649350Z   persist-credentials: true
2025-01-27T12:50:46.7649890Z   clean: true
2025-01-27T12:50:46.7650390Z   sparse-checkout-cone-mode: true
2025-01-27T12:50:46.7650970Z   fetch-depth: 1
2025-01-27T12:50:46.7651450Z   fetch-tags: false
2025-01-27T12:50:46.7651920Z   show-progress: true
2025-01-27T12:50:46.7652410Z   submodules: false
2025-01-27T12:50:46.7652900Z   set-safe-directory: true
2025-01-27T12:50:46.7653420Z env:
2025-01-27T12:50:46.7653830Z   CACHE_NUMBER: 0
2025-01-27T12:50:46.7655160Z   PYTEST_FLAGS: --tardis-regression-data=/Users/runner/work/tardis/tardis/tardis-regression-data --cov=tardis --cov-report=xml --cov-report=html --cov-append
2025-01-27T12:50:46.7656610Z   CODECOV_TOKEN: 
2025-01-27T12:50:46.7657060Z ##[endgroup]
2025-01-27T12:50:46.8392900Z Syncing repository: tardis-sn/tardis-regression-data
2025-01-27T12:50:46.8395980Z ##[group]Getting Git version info
2025-01-27T12:50:46.8396990Z Working directory is '/Users/runner/work/tardis/tardis/tardis-regression-data'
2025-01-27T12:50:46.8424830Z [command]/opt/homebrew/bin/git version
2025-01-27T12:50:46.8465160Z git version 2.48.1
2025-01-27T12:50:46.8478230Z ##[endgroup]
2025-01-27T12:50:46.8482850Z Copying '/Users/runner/.gitconfig' to '/Users/runner/work/_temp/5c90f7db-cc32-4c37-8ad6-bb959bf9c315/.gitconfig'
2025-01-27T12:50:46.8489720Z Temporarily overriding HOME='/Users/runner/work/_temp/5c90f7db-cc32-4c37-8ad6-bb959bf9c315' before making global git config changes
2025-01-27T12:50:46.8491490Z Adding repository directory to the temporary git global config as a safe directory
2025-01-27T12:50:46.8493090Z [command]/opt/homebrew/bin/git config --global --add safe.directory /Users/runner/work/tardis/tardis/tardis-regression-data
2025-01-27T12:50:46.8531830Z ##[group]Initializing the repository
2025-01-27T12:50:46.8534660Z [command]/opt/homebrew/bin/git init /Users/runner/work/tardis/tardis/tardis-regression-data
2025-01-27T12:50:46.8596300Z hint: Using 'master' as the name for the initial branch. This default branch name
2025-01-27T12:50:46.8597670Z hint: is subject to change. To configure the initial branch name to use in all
2025-01-27T12:50:46.8598810Z hint: of your new repositories, which will suppress this warning, call:
2025-01-27T12:50:46.8599680Z hint:
2025-01-27T12:50:46.8600280Z hint: 	git config --global init.defaultBranch <name>
2025-01-27T12:50:46.8601040Z hint:
2025-01-27T12:50:46.8601750Z hint: Names commonly chosen instead of 'master' are 'main', 'trunk' and
2025-01-27T12:50:46.8602880Z hint: 'development'. The just-created branch can be renamed via this command:
2025-01-27T12:50:46.8603780Z hint:
2025-01-27T12:50:46.8604300Z hint: 	git branch -m <name>
2025-01-27T12:50:46.8605330Z Initialized empty Git repository in /Users/runner/work/tardis/tardis/tardis-regression-data/.git/
2025-01-27T12:50:46.8608330Z [command]/opt/homebrew/bin/git remote add origin https://github.com/tardis-sn/tardis-regression-data
2025-01-27T12:50:46.8684970Z ##[endgroup]
2025-01-27T12:50:46.8688670Z ##[group]Disabling automatic garbage collection
2025-01-27T12:50:46.8690000Z [command]/opt/homebrew/bin/git config --local gc.auto 0
2025-01-27T12:50:46.8744290Z ##[endgroup]
2025-01-27T12:50:46.8746980Z ##[group]Setting up auth
2025-01-27T12:50:46.8750870Z [command]/opt/homebrew/bin/git config --local --name-only --get-regexp core\.sshCommand
2025-01-27T12:50:46.8806010Z [command]/opt/homebrew/bin/git submodule foreach --recursive sh -c "git config --local --name-only --get-regexp 'core\.sshCommand' && git config --local --unset-all 'core.sshCommand' || :"
2025-01-27T12:50:46.9287760Z [command]/opt/homebrew/bin/git config --local --name-only --get-regexp http\.https\:\/\/github\.com\/\.extraheader
2025-01-27T12:50:46.9323260Z [command]/opt/homebrew/bin/git submodule foreach --recursive sh -c "git config --local --name-only --get-regexp 'http\.https\:\/\/github\.com\/\.extraheader' && git config --local --unset-all 'http.https://github.com/.extraheader' || :"
2025-01-27T12:50:46.9887310Z [command]/opt/homebrew/bin/git config --local http.https://github.com/.extraheader AUTHORIZATION: basic ***
2025-01-27T12:50:47.0009210Z ##[endgroup]
2025-01-27T12:50:47.0009820Z ##[group]Determining the default branch
2025-01-27T12:50:47.0111470Z Retrieving the default branch name
2025-01-27T12:50:47.4173580Z Default branch 'main'
2025-01-27T12:50:47.4202550Z ##[endgroup]
2025-01-27T12:50:47.4203260Z ##[group]Fetching the repository
2025-01-27T12:50:47.4203990Z [command]/opt/homebrew/bin/git -c protocol.version=2 fetch --no-tags --prune --no-recurse-submodules --depth=1 origin +refs/heads/main:refs/remotes/origin/main
2025-01-27T12:50:48.4166190Z From https://github.com/tardis-sn/tardis-regression-data
2025-01-27T12:50:48.4166780Z  * [new branch]      main       -> origin/main
2025-01-27T12:50:48.4219260Z ##[endgroup]
2025-01-27T12:50:48.4219760Z ##[group]Determining the checkout info
2025-01-27T12:50:48.4220130Z ##[endgroup]
2025-01-27T12:50:48.4226190Z [command]/opt/homebrew/bin/git sparse-checkout disable
2025-01-27T12:50:48.4285500Z [command]/opt/homebrew/bin/git config --local --unset-all extensions.worktreeConfig
2025-01-27T12:50:48.4333820Z ##[group]Checking out the ref
2025-01-27T12:50:48.4336370Z [command]/opt/homebrew/bin/git checkout --progress --force -B main refs/remotes/origin/main
2025-01-27T12:50:48.6283520Z Switched to a new branch 'main'
2025-01-27T12:50:48.6285370Z branch 'main' set up to track 'origin/main'.
2025-01-27T12:50:48.6837850Z ##[endgroup]
2025-01-27T12:50:48.6888240Z [command]/opt/homebrew/bin/git log -1 --format=%H
2025-01-27T12:50:48.6923960Z fa7729bc9c30e14b69acd641af8b692b56fcd416
2025-01-27T12:50:48.7034760Z ##[group]Run if [ "false" == "true" ]; then
2025-01-27T12:50:48.7035130Z [36;1mif [ "false" == "true" ]; then[0m
2025-01-27T12:50:48.7035370Z [36;1m  echo "Using atom data sparse checkout"[0m
2025-01-27T12:50:48.7035670Z [36;1m  echo "atom_data/kurucz_cd23_chianti_H_He.h5" > .lfs-files-list[0m
2025-01-27T12:50:48.7035950Z [36;1melse[0m
2025-01-27T12:50:48.7036120Z [36;1m  echo "Using full repository checkout"[0m
2025-01-27T12:50:48.7036400Z [36;1m  git lfs ls-files -l | cut -d' ' -f1 | sort > .lfs-files-list[0m
2025-01-27T12:50:48.7036650Z [36;1mfi[0m
2025-01-27T12:50:48.7095760Z shell: /bin/bash --noprofile --norc -e -o pipefail {0}
2025-01-27T12:50:48.7096010Z env:
2025-01-27T12:50:48.7096140Z   CACHE_NUMBER: 0
2025-01-27T12:50:48.7096580Z   PYTEST_FLAGS: --tardis-regression-data=/Users/runner/work/tardis/tardis/tardis-regression-data --cov=tardis --cov-report=xml --cov-report=html --cov-append
2025-01-27T12:50:48.7097050Z   CODECOV_TOKEN: 
2025-01-27T12:50:48.7097210Z ##[endgroup]
2025-01-27T12:50:48.7329590Z Using full repository checkout
2025-01-27T12:50:48.9338230Z ##[group]Run actions/cache/restore@v4
2025-01-27T12:50:48.9338480Z with:
2025-01-27T12:50:48.9338890Z   path: tardis-regression-data/.git/lfs
2025-01-27T12:50:48.9339370Z   key: tardis-regression-full-data-21f9fa4b6817cc69b9fae3598144724da7828e276a73bd17f47a2a49d9af090a-tardis-sn/tardis-regression-data-v1
2025-01-27T12:50:48.9339990Z   fail-on-cache-miss: true
2025-01-27T12:50:48.9340150Z   enableCrossOsArchive: false
2025-01-27T12:50:48.9340310Z   lookup-only: false
2025-01-27T12:50:48.9340460Z env:
2025-01-27T12:50:48.9340570Z   CACHE_NUMBER: 0
2025-01-27T12:50:48.9341000Z   PYTEST_FLAGS: --tardis-regression-data=/Users/runner/work/tardis/tardis/tardis-regression-data --cov=tardis --cov-report=xml --cov-report=html --cov-append
2025-01-27T12:50:48.9341470Z   CODECOV_TOKEN: 
2025-01-27T12:50:48.9341600Z ##[endgroup]
2025-01-27T12:50:50.4049780Z Received 46137344 of 1707217032 (2.7%), 43.9 MBs/sec
2025-01-27T12:50:51.4059390Z Received 113246208 of 1707217032 (6.6%), 53.9 MBs/sec
2025-01-27T12:50:52.4068660Z Received 180355072 of 1707217032 (10.6%), 57.2 MBs/sec
2025-01-27T12:50:53.4121490Z Received 234881024 of 1707217032 (13.8%), 55.9 MBs/sec
2025-01-27T12:50:54.4086780Z Received 306184192 of 1707217032 (17.9%), 58.3 MBs/sec
2025-01-27T12:50:55.4095370Z Received 385875968 of 1707217032 (22.6%), 61.3 MBs/sec
2025-01-27T12:50:56.4134130Z Received 452984832 of 1707217032 (26.5%), 61.6 MBs/sec
2025-01-27T12:50:57.4108020Z Received 515899392 of 1707217032 (30.2%), 61.4 MBs/sec
2025-01-27T12:50:58.4113230Z Received 583008256 of 1707217032 (34.1%), 61.7 MBs/sec
2025-01-27T12:50:59.4156490Z Received 650117120 of 1707217032 (38.1%), 61.9 MBs/sec
2025-01-27T12:51:00.4165050Z Received 713031680 of 1707217032 (41.8%), 61.7 MBs/sec
2025-01-27T12:51:01.4172900Z Received 788529152 of 1707217032 (46.2%), 62.6 MBs/sec
2025-01-27T12:51:02.4355350Z Received 859832320 of 1707217032 (50.4%), 63.0 MBs/sec
2025-01-27T12:51:03.4812070Z Received 931135488 of 1707217032 (54.5%), 63.1 MBs/sec
2025-01-27T12:51:04.4742970Z Received 998244352 of 1707217032 (58.5%), 63.2 MBs/sec
2025-01-27T12:51:05.4779060Z Received 1044381696 of 1707217032 (61.2%), 62.0 MBs/sec
2025-01-27T12:51:06.4793130Z Received 1115684864 of 1707217032 (65.4%), 62.3 MBs/sec
2025-01-27T12:51:07.4825850Z Received 1161822208 of 1707217032 (68.1%), 61.3 MBs/sec
2025-01-27T12:51:08.4834050Z Received 1224736768 of 1707217032 (71.7%), 61.2 MBs/sec
2025-01-27T12:51:09.4918490Z Received 1291845632 of 1707217032 (75.7%), 61.3 MBs/sec
2025-01-27T12:51:10.4923660Z Received 1358954496 of 1707217032 (79.6%), 61.5 MBs/sec
2025-01-27T12:51:11.5191760Z Received 1442840576 of 1707217032 (84.5%), 62.2 MBs/sec
2025-01-27T12:51:12.5207220Z Received 1522532352 of 1707217032 (89.2%), 62.8 MBs/sec
2025-01-27T12:51:13.5147170Z Received 1602224128 of 1707217032 (93.9%), 63.4 MBs/sec
2025-01-27T12:51:14.5157990Z Received 1677856904 of 1707217032 (98.3%), 63.7 MBs/sec
2025-01-27T12:51:15.3665650Z Cache Size: ~1628 MB (1707217032 B)
2025-01-27T12:51:15.3751900Z [command]/opt/homebrew/bin/gtar -xf /Users/runner/work/_temp/50949ff5-01b1-4327-9fd0-1afc78265aa1/cache.tzst -P -C /Users/runner/work/tardis/tardis --delay-directory-restore --use-compress-program unzstd
2025-01-27T12:51:15.5181320Z Received 1707217032 of 1707217032 (100.0%), 62.3 MBs/sec
2025-01-27T12:51:21.9550650Z Cache restored successfully
2025-01-27T12:51:22.0764130Z Cache restored from key: tardis-regression-full-data-21f9fa4b6817cc69b9fae3598144724da7828e276a73bd17f47a2a49d9af090a-tardis-sn/tardis-regression-data-v1
2025-01-27T12:51:22.0916200Z ##[group]Run git lfs checkout
2025-01-27T12:51:22.0916500Z [36;1mgit lfs checkout[0m
2025-01-27T12:51:22.1040570Z shell: /bin/bash --noprofile --norc -e -o pipefail {0}
2025-01-27T12:51:22.1041020Z env:
2025-01-27T12:51:22.1041450Z   CACHE_NUMBER: 0
2025-01-27T12:51:22.1042180Z   PYTEST_FLAGS: --tardis-regression-data=/Users/runner/work/tardis/tardis/tardis-regression-data --cov=tardis --cov-report=xml --cov-report=html --cov-append
2025-01-27T12:51:22.1042960Z   CODECOV_TOKEN: 
2025-01-27T12:51:22.1043200Z ##[endgroup]
2025-01-27T12:51:30.4526530Z Checking out LFS objects: 100% (204/204), 3.5 GB | 319 MB/s, done.
2025-01-27T12:51:38.9899930Z Prepare all required actions
2025-01-27T12:51:38.9900530Z Getting action download info
2025-01-27T12:51:39.1168810Z Download action repository 'mamba-org/setup-micromamba@v1' (SHA:4b9113af4fba0e9e1124b252dd6497a419e7396d)
2025-01-27T12:51:40.2478610Z ##[group]Run ./.github/actions/setup_env
2025-01-27T12:51:40.2478910Z with:
2025-01-27T12:51:40.2479220Z   os-label: osx-arm64
2025-01-27T12:51:40.2479430Z env:
2025-01-27T12:51:40.2479600Z   CACHE_NUMBER: 0
2025-01-27T12:51:40.2480230Z   PYTEST_FLAGS: --tardis-regression-data=/Users/runner/work/tardis/tardis/tardis-regression-data --cov=tardis --cov-report=xml --cov-report=html --cov-append
2025-01-27T12:51:40.2480800Z   CODECOV_TOKEN: 
2025-01-27T12:51:40.2481080Z ##[endgroup]
2025-01-27T12:51:40.2531870Z ##[group]Run file_hash=$(cat conda-osx-arm64.lock | shasum -a 256 | cut -d' ' -f1)
2025-01-27T12:51:40.2532350Z [36;1mfile_hash=$(cat conda-osx-arm64.lock | shasum -a 256 | cut -d' ' -f1)[0m
2025-01-27T12:51:40.2532930Z [36;1mecho "file_hash=tardis-conda-env-osx-arm64-${file_hash}-v1" >> "${GITHUB_OUTPUT}"[0m
2025-01-27T12:51:40.2587020Z shell: /bin/bash --noprofile --norc -e -o pipefail {0}
2025-01-27T12:51:40.2587290Z env:
2025-01-27T12:51:40.2587470Z   CACHE_NUMBER: 0
2025-01-27T12:51:40.2587960Z   PYTEST_FLAGS: --tardis-regression-data=/Users/runner/work/tardis/tardis/tardis-regression-data --cov=tardis --cov-report=xml --cov-report=html --cov-append
2025-01-27T12:51:40.2588500Z   CODECOV_TOKEN: 
2025-01-27T12:51:40.2588660Z ##[endgroup]
2025-01-27T12:51:40.3656860Z ##[group]Run mamba-org/setup-micromamba@v1
2025-01-27T12:51:40.3657090Z with:
2025-01-27T12:51:40.3657230Z   environment-file: conda-osx-arm64.lock
2025-01-27T12:51:40.3657770Z   cache-environment-key: tardis-conda-env-osx-arm64-bf0d0a4d4c847cca72476c6c68c493d56c484aada7e80de0e42c7607fcef5824-v1
2025-01-27T12:51:40.3658450Z   cache-downloads-key: tardis-conda-env-osx-arm64-bf0d0a4d4c847cca72476c6c68c493d56c484aada7e80de0e42c7607fcef5824-v1
2025-01-27T12:51:40.3658910Z   environment-name: tardis
2025-01-27T12:51:40.3659090Z   cache-environment: true
2025-01-27T12:51:40.3659260Z   cache-downloads: true
2025-01-27T12:51:40.3659400Z env:
2025-01-27T12:51:40.3659550Z   CACHE_NUMBER: 0
2025-01-27T12:51:40.3660170Z   PYTEST_FLAGS: --tardis-regression-data=/Users/runner/work/tardis/tardis/tardis-regression-data --cov=tardis --cov-report=xml --cov-report=html --cov-append
2025-01-27T12:51:40.3660670Z   CODECOV_TOKEN: 
2025-01-27T12:51:40.3660800Z ##[endgroup]
2025-01-27T12:51:40.6910650Z Will download micromamba to /Users/runner/micromamba-bin/micromamba
2025-01-27T12:51:40.6914860Z ##[group]Install micromamba
2025-01-27T12:51:41.3814830Z micromamba installed to /Users/runner/micromamba-bin/micromamba
2025-01-27T12:51:41.3815370Z ##[endgroup]
2025-01-27T12:51:41.3817730Z Adding conda-forge to condarc channels ...
2025-01-27T12:51:41.3826040Z ##[group]Initialize micromamba for bash.
2025-01-27T12:51:41.3835060Z [command]/Users/runner/micromamba-bin/micromamba shell init -s bash -r /Users/runner/micromamba --log-level warning --rc-file /Users/runner/work/_temp/setup-micromamba/.condarc
2025-01-27T12:51:41.4034610Z Modifying RC file "/Users/runner/.bash_profile"
2025-01-27T12:51:41.4037580Z Generating config for root prefix [1m"/Users/runner/micromamba"[0m
2025-01-27T12:51:41.4038270Z Setting mamba executable to: [1m"/Users/runner/micromamba-bin/micromamba"[0m
2025-01-27T12:51:41.4042000Z Adding (or replacing) the following in your "/Users/runner/.bash_profile" file
2025-01-27T12:51:41.4042360Z 
2025-01-27T12:51:41.4042520Z # >>> mamba initialize >>>
2025-01-27T12:51:41.4042840Z # !! Contents within this block are managed by 'mamba init' !!
2025-01-27T12:51:41.4043250Z export MAMBA_EXE='/Users/runner/micromamba-bin/micromamba';
2025-01-27T12:51:41.4043650Z export MAMBA_ROOT_PREFIX='/Users/runner/micromamba';
2025-01-27T12:51:41.4044560Z __mamba_setup="$("$MAMBA_EXE" shell hook --shell bash --root-prefix "$MAMBA_ROOT_PREFIX" 2> /dev/null)"
2025-01-27T12:51:41.4045870Z if [ $? -eq 0 ]; then
2025-01-27T12:51:41.4046800Z     eval "$__mamba_setup"
2025-01-27T12:51:41.4047080Z else
2025-01-27T12:51:41.4047910Z     alias micromamba="$MAMBA_EXE"  # Fallback on help from mamba activate
2025-01-27T12:51:41.4048750Z fi
2025-01-27T12:51:41.4049280Z unset __mamba_setup
2025-01-27T12:51:41.4050330Z # <<< mamba initialize <<<
2025-01-27T12:51:41.4050490Z 
2025-01-27T12:51:41.4050990Z ##[endgroup]
2025-01-27T12:51:41.4051490Z ##[group]Restoring downloads from `/Users/runner/micromamba/pkgs` ...
2025-01-27T12:51:42.8056670Z Received 37748736 of 310594460 (12.2%), 35.9 MBs/sec
2025-01-27T12:51:43.8126440Z Received 104857600 of 310594460 (33.8%), 49.9 MBs/sec
2025-01-27T12:51:44.8213930Z Received 146800640 of 310594460 (47.3%), 46.4 MBs/sec
2025-01-27T12:51:45.8221730Z Received 247463936 of 310594460 (79.7%), 58.7 MBs/sec
2025-01-27T12:51:46.6541170Z Cache Size: ~296 MB (310594460 B)
2025-01-27T12:51:46.6577980Z [command]/opt/homebrew/bin/gtar -xf /Users/runner/work/_temp/f829d755-cd58-499a-a798-f2822ac2db58/cache.tzst -P -C /Users/runner/work/tardis/tardis --delay-directory-restore --use-compress-program unzstd
2025-01-27T12:51:46.8255850Z Received 310594460 of 310594460 (100.0%), 59.0 MBs/sec
2025-01-27T12:51:47.4189220Z Cache restored successfully
2025-01-27T12:51:47.4217060Z Restored cache with key `tardis-conda-env-osx-arm64-bf0d0a4d4c847cca72476c6c68c493d56c484aada7e80de0e42c7607fcef5824-v1-osx-arm64`
2025-01-27T12:51:47.4217770Z ##[endgroup]
2025-01-27T12:51:47.4239690Z ##[group]Restoring environment `tardis` from `/Users/runner/micromamba/envs/tardis` ...
2025-01-27T12:51:48.7018010Z Received 41943040 of 385712797 (10.9%), 40.0 MBs/sec
2025-01-27T12:51:49.7078820Z Received 109051904 of 385712797 (28.3%), 51.9 MBs/sec
2025-01-27T12:51:50.7108750Z Received 192937984 of 385712797 (50.0%), 61.2 MBs/sec
2025-01-27T12:51:51.7107830Z Received 255852544 of 385712797 (66.3%), 60.9 MBs/sec
2025-01-27T12:51:52.7119150Z Received 322961408 of 385712797 (83.7%), 61.5 MBs/sec
2025-01-27T12:51:53.6372850Z Cache Size: ~368 MB (385712797 B)
2025-01-27T12:51:53.6398700Z [command]/opt/homebrew/bin/gtar -xf /Users/runner/work/_temp/8149f93a-4df7-4169-b80f-55a5907caafa/cache.tzst -P -C /Users/runner/work/tardis/tardis --delay-directory-restore --use-compress-program unzstd
2025-01-27T12:51:53.7143100Z Received 385712797 of 385712797 (100.0%), 61.2 MBs/sec
2025-01-27T12:52:06.9038820Z Cache restored successfully
2025-01-27T12:52:06.9143230Z Restored cache with key `tardis-conda-env-osx-arm64-bf0d0a4d4c847cca72476c6c68c493d56c484aada7e80de0e42c7607fcef5824-v1-osx-arm64-tardis-args-4f53cda-root-873f6fe-bin-[object Promise]-file-bf0d0a4d4c847cca72476c6c68c493d56c484aada7e80de0e42c7607fcef5824`
2025-01-27T12:52:06.9252850Z ##[endgroup]
2025-01-27T12:52:06.9356360Z Adding environment tardis to auto-activate bash ...
2025-01-27T12:52:06.9522470Z Generating micromamba run shell.
2025-01-27T12:52:06.9524510Z ##[endgroup]
2025-01-27T12:52:06.9529810Z Set environment variables.
2025-01-27T12:52:06.9530820Z ##[group]micromamba info
2025-01-27T12:52:06.9532160Z [command]/Users/runner/micromamba-bin/micromamba info -r /Users/runner/micromamba -n tardis
2025-01-27T12:52:07.3744610Z 
2025-01-27T12:52:07.3745090Z        libmamba version : 1.5.10
2025-01-27T12:52:07.3745940Z      micromamba version : 1.5.10
2025-01-27T12:52:07.3746660Z            curl version : libcurl/8.10.1 (OpenSSL/3.3.2) SecureTransport zlib/1.3.1 zstd/1.5.6 libssh2/1.11.0 nghttp2/1.58.0
2025-01-27T12:52:07.3747350Z      libarchive version : libarchive 3.7.4 zlib/1.2.13 bz2lib/1.0.8 libzstd/1.5.6
2025-01-27T12:52:07.3747830Z        envs directories : /Users/runner/micromamba/envs
2025-01-27T12:52:07.3748150Z           package cache : /Users/runner/micromamba/pkgs
2025-01-27T12:52:07.3748440Z                           /Users/runner/.mamba/pkgs
2025-01-27T12:52:07.3748760Z             environment : tardis
2025-01-27T12:52:07.3749060Z            env location : /Users/runner/micromamba/envs/tardis
2025-01-27T12:52:07.3749420Z       user config files : /Users/runner/.mambarc
2025-01-27T12:52:07.3755050Z  populated config files : /Users/runner/work/_temp/setup-micromamba/.condarc
2025-01-27T12:52:07.3755530Z        virtual packages : __unix=0=0
2025-01-27T12:52:07.3760260Z                           __osx=14.7.2=0
2025-01-27T12:52:07.3760660Z                           __archspec=1=arm64
2025-01-27T12:52:07.3761030Z                channels : https://conda.anaconda.org/conda-forge/osx-arm64
2025-01-27T12:52:07.3761490Z                           https://conda.anaconda.org/conda-forge/noarch
2025-01-27T12:52:07.3761830Z        base environment : /Users/runner/micromamba
2025-01-27T12:52:07.3762130Z                platform : osx-arm64
2025-01-27T12:52:07.3762680Z ##[endgroup]
2025-01-27T12:52:07.3763120Z ##[group]micromamba list
2025-01-27T12:52:07.3763620Z [command]/Users/runner/micromamba-bin/micromamba list -r /Users/runner/micromamba -n tardis
2025-01-27T12:52:07.6840390Z List of packages in environment: "/Users/runner/micromamba/envs/tardis"
2025-01-27T12:52:07.6842240Z 
2025-01-27T12:52:07.6842880Z   Name                           Version              Build                    Channel    
2025-01-27T12:52:07.6844920Z ────────────────────────────────────────────────────────────────────────────────────────────
2025-01-27T12:52:07.6845480Z   alabaster                      0.7.16               pyhd8ed1ab_0             conda-forge
2025-01-27T12:52:07.6845960Z   anyio                          4.4.0                pyhd8ed1ab_0             conda-forge
2025-01-27T12:52:07.6846460Z   appnope                        0.1.4                pyhd8ed1ab_0             conda-forge
2025-01-27T12:52:07.6846890Z   argon2-cffi                    23.1.0               pyhd8ed1ab_0             conda-forge
2025-01-27T12:52:07.6848220Z   argon2-cffi-bindings           21.2.0               py312h02f2b3b_4          conda-forge
2025-01-27T12:52:07.6849040Z   arrow                          1.3.0                pyhd8ed1ab_0             conda-forge
2025-01-27T12:52:07.6849520Z   astropy                        6.1.1                py312hbebd99a_0          conda-forge
2025-01-27T12:52:07.6849920Z   astropy-iers-data              0.2024.6.17.0.31.35  pyhd8ed1ab_0             conda-forge
2025-01-27T12:52:07.6850450Z   astropy-sphinx-theme           1.1                  pyhd8ed1ab_0             conda-forge
2025-01-27T12:52:07.6850890Z   asttokens                      2.4.1                pyhd8ed1ab_0             conda-forge
2025-01-27T12:52:07.6851420Z   async-lru                      2.0.4                pyhd8ed1ab_0             conda-forge
2025-01-27T12:52:07.6851770Z   atk-1.0                        2.38.0               hd03087b_2               conda-forge
2025-01-27T12:52:07.6852260Z   attrs                          23.2.0               pyh71513ae_0             conda-forge
2025-01-27T12:52:07.6852650Z   babel                          2.14.0               pyhd8ed1ab_0             conda-forge
2025-01-27T12:52:07.6853240Z   beautifulsoup4                 4.12.3               pyha770c72_0             conda-forge
2025-01-27T12:52:07.6854320Z   bleach                         6.1.0                pyhd8ed1ab_0             conda-forge
2025-01-27T12:52:07.6854690Z   blosc                          1.21.5               h9c252e8_1               conda-forge
2025-01-27T12:52:07.6855190Z   brotli                         1.1.0                hb547adb_1               conda-forge
2025-01-27T12:52:07.6855830Z   brotli-bin                     1.1.0                hb547adb_1               conda-forge
2025-01-27T12:52:07.6856180Z   brotli-python                  1.1.0                py312h9f69965_1          conda-forge
2025-01-27T12:52:07.6856620Z   bzip2                          1.0.8                h93a5062_5               conda-forge
2025-01-27T12:52:07.6856970Z   c-ares                         1.28.1               h93a5062_0               conda-forge
2025-01-27T12:52:07.6857390Z   c-blosc2                       2.14.4               ha57e6be_1               conda-forge
2025-01-27T12:52:07.6858270Z   ca-certificates                2024.6.2             hf0a4a13_0               conda-forge
2025-01-27T12:52:07.6858890Z   cached-property                1.5.2                hd8ed1ab_1               conda-forge
2025-01-27T12:52:07.6859370Z   cached_property                1.5.2                pyha770c72_1             conda-forge
2025-01-27T12:52:07.6859920Z   cairo                          1.18.0               hd1e100b_0               conda-forge
2025-01-27T12:52:07.6860520Z   certifi                        2024.6.2             pyhd8ed1ab_0             conda-forge
2025-01-27T12:52:07.6860880Z   cffi                           1.16.0               py312h8e38eb3_0          conda-forge
2025-01-27T12:52:07.6861380Z   charset-normalizer             3.3.2                pyhd8ed1ab_0             conda-forge
2025-01-27T12:52:07.6861750Z   click                          8.1.7                unix_pyh707e725_0        conda-forge
2025-01-27T12:52:07.6862150Z   codespell                      2.3.0                pyhd8ed1ab_0             conda-forge
2025-01-27T12:52:07.6862540Z   colorama                       0.4.6                pyhd8ed1ab_0             conda-forge
2025-01-27T12:52:07.6863040Z   comm                           0.2.2                pyhd8ed1ab_0             conda-forge
2025-01-27T12:52:07.6863500Z   commonmark                     0.9.1                py_0                     conda-forge
2025-01-27T12:52:07.6863900Z   contourpy                      1.2.1                py312h0fef576_0          conda-forge
2025-01-27T12:52:07.6864380Z   coverage                       7.5.3                py312h7e5086c_0          conda-forge
2025-01-27T12:52:07.6864890Z   cycler                         0.12.1               pyhd8ed1ab_0             conda-forge
2025-01-27T12:52:07.6865250Z   dataclasses                    0.8                  pyhc8e2a94_3             conda-forge
2025-01-27T12:52:07.6865670Z   debugpy                        1.8.1                py312h20a0b95_0          conda-forge
2025-01-27T12:52:07.6866060Z   decorator                      5.1.1                pyhd8ed1ab_0             conda-forge
2025-01-27T12:52:07.6866900Z   defusedxml                     0.7.1                pyhd8ed1ab_0             conda-forge
2025-01-27T12:52:07.6867670Z   docutils                       0.20.1               py312h81bd7bf_3          conda-forge
2025-01-27T12:52:07.6868080Z   dot2tex                        2.11.3               pyhd8ed1ab_0             conda-forge
2025-01-27T12:52:07.6868450Z   entrypoints                    0.4                  pyhd8ed1ab_0             conda-forge
2025-01-27T12:52:07.6868980Z   exceptiongroup                 1.2.0                pyhd8ed1ab_2             conda-forge
2025-01-27T12:52:07.6869430Z   executing                      2.0.1                pyhd8ed1ab_0             conda-forge
2025-01-27T12:52:07.6869810Z   expat                          2.6.2                hebf3989_0               conda-forge
2025-01-27T12:52:07.6870260Z   font-ttf-dejavu-sans-mono      2.37                 hab24e00_0               conda-forge
2025-01-27T12:52:07.6870650Z   font-ttf-inconsolata           3.000                h77eed37_0               conda-forge
2025-01-27T12:52:07.6871130Z   font-ttf-source-code-pro       2.038                h77eed37_0               conda-forge
2025-01-27T12:52:07.6871500Z   font-ttf-ubuntu                0.83                 h77eed37_2               conda-forge
2025-01-27T12:52:07.6871960Z   fontconfig                     2.14.2               h82840c6_0               conda-forge
2025-01-27T12:52:07.6872300Z   fonts-conda-ecosystem          1                    0                        conda-forge
2025-01-27T12:52:07.6872670Z   fonts-conda-forge              1                    0                        conda-forge
2025-01-27T12:52:07.6873020Z   fonttools                      4.53.0               py312h7e5086c_0          conda-forge
2025-01-27T12:52:07.6873660Z   fqdn                           1.5.1                pyhd8ed1ab_0             conda-forge
2025-01-27T12:52:07.6874180Z   freetype                       2.12.1               hadb7bae_2               conda-forge
2025-01-27T12:52:07.6874630Z   fribidi                        1.0.10               h27ca646_0               conda-forge
2025-01-27T12:52:07.6875040Z   future                         1.0.0                pyhd8ed1ab_0             conda-forge
2025-01-27T12:52:07.6875700Z   gdk-pixbuf                     2.42.12              h7ddc832_0               conda-forge
2025-01-27T12:52:07.6876390Z   gettext                        0.22.5               h8fbad5d_2               conda-forge
2025-01-27T12:52:07.6876780Z   gettext-tools                  0.22.5               h8fbad5d_2               conda-forge
2025-01-27T12:52:07.6877240Z   giflib                         5.2.2                h93a5062_0               conda-forge
2025-01-27T12:52:07.6877590Z   git-lfs                        3.5.1                hce30654_0               conda-forge
2025-01-27T12:52:07.6877980Z   gmp                            6.3.0                hebf3989_1               conda-forge
2025-01-27T12:52:07.6878290Z   gmpy2                          2.1.5                py312hfa9fade_1          conda-forge
2025-01-27T12:52:07.6878670Z   graphite2                      1.3.13               hebf3989_1003            conda-forge
2025-01-27T12:52:07.6879000Z   graphviz                       11.0.0               h9bb9bc9_0               conda-forge
2025-01-27T12:52:07.6879350Z   gtk2                           2.24.33              h7895bb2_4               conda-forge
2025-01-27T12:52:07.6879670Z   gts                            0.7.6                he42f4ea_4               conda-forge
2025-01-27T12:52:07.6880080Z   h11                            0.14.0               pyhd8ed1ab_0             conda-forge
2025-01-27T12:52:07.6880430Z   h2                             4.1.0                pyhd8ed1ab_0             conda-forge
2025-01-27T12:52:07.6880790Z   h5py                           3.11.0               nompi_py312h903599c_102  conda-forge
2025-01-27T12:52:07.6881110Z   harfbuzz                       8.5.0                h1836168_0               conda-forge
2025-01-27T12:52:07.6881480Z   hdf5                           1.14.3               nompi_hec07895_105       conda-forge
2025-01-27T12:52:07.6881820Z   hpack                          4.0.0                pyh9f0ad1d_0             conda-forge
2025-01-27T12:52:07.6882210Z   httpcore                       1.0.5                pyhd8ed1ab_0             conda-forge
2025-01-27T12:52:07.6882670Z   httpx                          0.27.0               pyhd8ed1ab_0             conda-forge
2025-01-27T12:52:07.6883080Z   hyperframe                     6.0.1                pyhd8ed1ab_0             conda-forge
2025-01-27T12:52:07.6883510Z   icu                            73.2                 hc8870d7_0               conda-forge
2025-01-27T12:52:07.6883850Z   idna                           3.7                  pyhd8ed1ab_0             conda-forge
2025-01-27T12:52:07.6884250Z   imagesize                      1.4.1                pyhd8ed1ab_0             conda-forge
2025-01-27T12:52:07.6884600Z   importlib-metadata             7.1.0                pyha770c72_0             conda-forge
2025-01-27T12:52:07.6885040Z   importlib_metadata             7.1.0                hd8ed1ab_0               conda-forge
2025-01-27T12:52:07.6885390Z   importlib_resources            6.4.0                pyhd8ed1ab_0             conda-forge
2025-01-27T12:52:07.6885760Z   iniconfig                      2.0.0                pyhd8ed1ab_0             conda-forge
2025-01-27T12:52:07.6886060Z   ipykernel                      6.29.4               pyh57ce528_0             conda-forge
2025-01-27T12:52:07.6886410Z   ipython                        8.25.0               pyh707e725_0             conda-forge
2025-01-27T12:52:07.6886730Z   ipython_genutils               0.2.0                pyhd8ed1ab_1             conda-forge
2025-01-27T12:52:07.6887120Z   ipywidgets                     7.8.0                pyhd8ed1ab_0             conda-forge
2025-01-27T12:52:07.6887950Z   isoduration                    20.11.0              pyhd8ed1ab_0             conda-forge
2025-01-27T12:52:07.6888290Z   jedi                           0.19.1               pyhd8ed1ab_0             conda-forge
2025-01-27T12:52:07.6888650Z   jinja2                         3.1.4                pyhd8ed1ab_0             conda-forge
2025-01-27T12:52:07.6889070Z   json5                          0.9.25               pyhd8ed1ab_0             conda-forge
2025-01-27T12:52:07.6889470Z   jsonpointer                    3.0.0                py312h81bd7bf_0          conda-forge
2025-01-27T12:52:07.6889790Z   jsonschema                     4.22.0               pyhd8ed1ab_0             conda-forge
2025-01-27T12:52:07.6890210Z   jsonschema-specifications      2023.12.1            pyhd8ed1ab_0             conda-forge
2025-01-27T12:52:07.6890620Z   jsonschema-with-format-nongpl  4.22.0               pyhd8ed1ab_0             conda-forge
2025-01-27T12:52:07.6891020Z   jupyter-lsp                    2.2.5                pyhd8ed1ab_0             conda-forge
2025-01-27T12:52:07.6891350Z   jupyter_client                 8.6.2                pyhd8ed1ab_0             conda-forge
2025-01-27T12:52:07.6891750Z   jupyter_core                   5.7.2                py312h81bd7bf_0          conda-forge
2025-01-27T12:52:07.6892100Z   jupyter_events                 0.10.0               pyhd8ed1ab_0             conda-forge
2025-01-27T12:52:07.6892470Z   jupyter_server                 2.14.1               pyhd8ed1ab_0             conda-forge
2025-01-27T12:52:07.6892820Z   jupyter_server_terminals       0.5.3                pyhd8ed1ab_0             conda-forge
2025-01-27T12:52:07.6893220Z   jupyterlab                     4.2.2                pyhd8ed1ab_0             conda-forge
2025-01-27T12:52:07.6893600Z   jupyterlab_pygments            0.3.0                pyhd8ed1ab_1             conda-forge
2025-01-27T12:52:07.6893970Z   jupyterlab_server              2.27.2               pyhd8ed1ab_0             conda-forge
2025-01-27T12:52:07.6894360Z   jupyterlab_widgets             1.1.7                pyhd8ed1ab_0             conda-forge
2025-01-27T12:52:07.6894690Z   kiwisolver                     1.4.5                py312h389731b_1          conda-forge
2025-01-27T12:52:07.6895090Z   krb5                           1.21.2               h92f50d5_0               conda-forge
2025-01-27T12:52:07.6895400Z   latexcodec                     2.0.1                pyh9f0ad1d_0             conda-forge
2025-01-27T12:52:07.6895760Z   lcms2                          2.16                 ha0e7c42_0               conda-forge
2025-01-27T12:52:07.6896060Z   lerc                           4.0.0                h9a09cb3_0               conda-forge
2025-01-27T12:52:07.6896440Z   libaec                         1.1.3                hebf3989_0               conda-forge
2025-01-27T12:52:07.6896760Z   libasprintf                    0.22.5               h8fbad5d_2               conda-forge
2025-01-27T12:52:07.6897160Z   libasprintf-devel              0.22.5               h8fbad5d_2               conda-forge
2025-01-27T12:52:07.6897520Z   libblas                        3.9.0                22_osxarm64_openblas     conda-forge
2025-01-27T12:52:07.6897890Z   libbrotlicommon                1.1.0                hb547adb_1               conda-forge
2025-01-27T12:52:07.6898330Z   libbrotlidec                   1.1.0                hb547adb_1               conda-forge
2025-01-27T12:52:07.6899360Z   libbrotlienc                   1.1.0                hb547adb_1               conda-forge
2025-01-27T12:52:07.6899810Z   libcblas                       3.9.0                22_osxarm64_openblas     conda-forge
2025-01-27T12:52:07.6900350Z   libcurl                        8.8.0                h7b6f9a7_0               conda-forge
2025-01-27T12:52:07.6900810Z   libcxx                         17.0.6               h5f092b4_0               conda-forge
2025-01-27T12:52:07.6901260Z   libdeflate                     1.20                 h93a5062_0               conda-forge
2025-01-27T12:52:07.6901660Z   libedit                        3.1.20191231         hc8eb9b7_2               conda-forge
2025-01-27T12:52:07.6902440Z   libev                          4.33                 h93a5062_2               conda-forge
2025-01-27T12:52:07.6902830Z   libexpat                       2.6.2                hebf3989_0               conda-forge
2025-01-27T12:52:07.6903410Z   libffi                         3.4.2                h3422bc3_5               conda-forge
2025-01-27T12:52:07.6903840Z   libgd                          2.3.3                hfdf3952_9               conda-forge
2025-01-27T12:52:07.6904200Z   libgettextpo                   0.22.5               h8fbad5d_2               conda-forge
2025-01-27T12:52:07.6904690Z   libgettextpo-devel             0.22.5               h8fbad5d_2               conda-forge
2025-01-27T12:52:07.6905110Z   libgfortran                    5.0.0                13_2_0_hd922786_3        conda-forge
2025-01-27T12:52:07.6905470Z   libgfortran5                   13.2.0               hf226fd6_3               conda-forge
2025-01-27T12:52:07.6905850Z   libglib                        2.80.2               h59d46d9_1               conda-forge
2025-01-27T12:52:07.6906200Z   libiconv                       1.17                 h0d3ecfb_2               conda-forge
2025-01-27T12:52:07.6906590Z   libintl                        0.22.5               h8fbad5d_2               conda-forge
2025-01-27T12:52:07.6906960Z   libintl-devel                  0.22.5               h8fbad5d_2               conda-forge
2025-01-27T12:52:07.6907310Z   libjpeg-turbo                  3.0.0                hb547adb_1               conda-forge
2025-01-27T12:52:07.6907690Z   liblapack                      3.9.0                22_osxarm64_openblas     conda-forge
2025-01-27T12:52:07.6908020Z   libllvm14                      14.0.6               hd1a9a77_4               conda-forge
2025-01-27T12:52:07.6908390Z   libnghttp2                     1.58.0               ha4dd798_1               conda-forge
2025-01-27T12:52:07.6908720Z   libopenblas                    0.3.27               openmp_h6c19121_0        conda-forge
2025-01-27T12:52:07.6909090Z   libpng                         1.6.43               h091b4b1_0               conda-forge
2025-01-27T12:52:07.6909400Z   librsvg                        2.58.1               hbc281fb_0               conda-forge
2025-01-27T12:52:07.6909780Z   libsodium                      1.0.18               h27ca646_1               conda-forge
2025-01-27T12:52:07.6910170Z   libsqlite                      3.46.0               hfb93653_0               conda-forge
2025-01-27T12:52:07.6910460Z   libssh2                        1.11.0               h7a5bd25_0               conda-forge
2025-01-27T12:52:07.6910800Z   libtiff                        4.6.0                h07db509_3               conda-forge
2025-01-27T12:52:07.6911090Z   libwebp                        1.4.0                h54798ee_0               conda-forge
2025-01-27T12:52:07.6911430Z   libwebp-base                   1.4.0                h93a5062_0               conda-forge
2025-01-27T12:52:07.6911750Z   libxcb                         1.16                 hf2054a2_0               conda-forge
2025-01-27T12:52:07.6912070Z   libxml2                        2.12.7               ha661575_1               conda-forge
2025-01-27T12:52:07.6912360Z   libxslt                        1.1.39               h223e5b9_0               conda-forge
2025-01-27T12:52:07.6912700Z   libzlib                        1.3.1                hfb2fe0b_1               conda-forge
2025-01-27T12:52:07.6913010Z   llvm-openmp                    18.1.7               hde57baf_0               conda-forge
2025-01-27T12:52:07.6913370Z   llvmlite                       0.42.0               py312h17030e7_1          conda-forge
2025-01-27T12:52:07.6913670Z   lxml                           5.2.2                py312h0e5ab22_0          conda-forge
2025-01-27T12:52:07.6914000Z   lz4-c                          1.9.4                hb7217d7_0               conda-forge
2025-01-27T12:52:07.6914320Z   markupsafe                     2.1.5                py312he37b823_0          conda-forge
2025-01-27T12:52:07.6914930Z   matplotlib-base                3.8.4                py312h4479663_2          conda-forge
2025-01-27T12:52:07.6915330Z   matplotlib-inline              0.1.7                pyhd8ed1ab_0             conda-forge
2025-01-27T12:52:07.6915890Z   mistune                        3.0.2                pyhd8ed1ab_0             conda-forge
2025-01-27T12:52:07.6916190Z   mpc                            1.3.1                h91ba8db_0               conda-forge
2025-01-27T12:52:07.6916490Z   mpfr                           4.2.1                h41d338b_1               conda-forge
2025-01-27T12:52:07.6916940Z   mpmath                         1.3.0                pyhd8ed1ab_0             conda-forge
2025-01-27T12:52:07.6917240Z   munkres                        1.1.4                pyh9f0ad1d_0             conda-forge
2025-01-27T12:52:07.6917650Z   mypy_extensions                1.0.0                pyha770c72_0             conda-forge
2025-01-27T12:52:07.6918000Z   nbclassic                      1.1.0                pyhd8ed1ab_0             conda-forge
2025-01-27T12:52:07.6918450Z   nbclient                       0.10.0               pyhd8ed1ab_0             conda-forge
2025-01-27T12:52:07.6918820Z   nbconvert                      7.16.4               hd8ed1ab_1               conda-forge
2025-01-27T12:52:07.6919170Z   nbconvert-core                 7.16.4               pyhd8ed1ab_1             conda-forge
2025-01-27T12:52:07.6919560Z   nbconvert-pandoc               7.16.4               hd8ed1ab_1               conda-forge
2025-01-27T12:52:07.6919900Z   nbformat                       5.10.4               pyhd8ed1ab_0             conda-forge
2025-01-27T12:52:07.6920480Z   nbsphinx                       0.9.4                pyhd8ed1ab_0             conda-forge
2025-01-27T12:52:07.6920870Z   ncurses                        6.5                  hb89a1cb_0               conda-forge
2025-01-27T12:52:07.6921360Z   nest-asyncio                   1.6.0                pyhd8ed1ab_0             conda-forge
2025-01-27T12:52:07.6921660Z   networkx                       3.3                  pyhd8ed1ab_1             conda-forge
2025-01-27T12:52:07.6921940Z   notebook                       7.2.1                pyhd8ed1ab_0             conda-forge
2025-01-27T12:52:07.6922270Z   notebook-shim                  0.2.4                pyhd8ed1ab_0             conda-forge
2025-01-27T12:52:07.6939280Z   numba                          0.59.1               py312hbaff935_0          conda-forge
2025-01-27T12:52:07.6939570Z   numexpr                        2.10.0               py312h8ae5369_0          conda-forge
2025-01-27T12:52:07.6939840Z   numpy                          1.26.4               py312h8442bc7_0          conda-forge
2025-01-27T12:52:07.6940110Z   numpydoc                       1.7.0                pyhd8ed1ab_1             conda-forge
2025-01-27T12:52:07.6940380Z   openjpeg                       2.5.2                h9f1df11_0               conda-forge
2025-01-27T12:52:07.6940650Z   openssl                        3.3.1                hfb2fe0b_0               conda-forge
2025-01-27T12:52:07.6940910Z   overrides                      7.7.0                pyhd8ed1ab_0             conda-forge
2025-01-27T12:52:07.6941180Z   packaging                      24.1                 pyhd8ed1ab_0             conda-forge
2025-01-27T12:52:07.6941440Z   pandas                         2.2.2                py312h8ae5369_1          conda-forge
2025-01-27T12:52:07.6941690Z   pandoc                         3.2                  hce30654_0               conda-forge
2025-01-27T12:52:07.6941960Z   pandocfilters                  1.5.0                pyhd8ed1ab_0             conda-forge
2025-01-27T12:52:07.6942220Z   pango                          1.54.0               h5cb9fbc_0               conda-forge
2025-01-27T12:52:07.6942470Z   parso                          0.8.4                pyhd8ed1ab_0             conda-forge
2025-01-27T12:52:07.6942730Z   pathspec                       0.12.1               pyhd8ed1ab_0             conda-forge
2025-01-27T12:52:07.6943520Z   pbr                            6.0.0                pyhd8ed1ab_0             conda-forge
2025-01-27T12:52:07.6943820Z   pcre2                          10.44                h297a79d_0               conda-forge
2025-01-27T12:52:07.6944280Z   pexpect                        4.9.0                pyhd8ed1ab_0             conda-forge
2025-01-27T12:52:07.6944550Z   pickleshare                    0.7.5                py_1003                  conda-forge
2025-01-27T12:52:07.6944820Z   pillow                         10.3.0               py312h39b1d8d_1          conda-forge
2025-01-27T12:52:07.6945070Z   pip                            24.0                 pyhd8ed1ab_0             conda-forge
2025-01-27T12:52:07.6945320Z   pixman                         0.43.4               hebf3989_0               conda-forge
2025-01-27T12:52:07.6945610Z   pkgutil-resolve-name           1.3.10               pyhd8ed1ab_1             conda-forge
2025-01-27T12:52:07.6945910Z   platformdirs                   4.2.2                pyhd8ed1ab_0             conda-forge
2025-01-27T12:52:07.6946190Z   plotly                         5.22.0               pyhd8ed1ab_0             conda-forge
2025-01-27T12:52:07.6946450Z   pluggy                         1.5.0                pyhd8ed1ab_0             conda-forge
2025-01-27T12:52:07.6946730Z   prometheus_client              0.20.0               pyhd8ed1ab_0             conda-forge
2025-01-27T12:52:07.6947030Z   prompt-toolkit                 3.0.47               pyha770c72_0             conda-forge
2025-01-27T12:52:07.6947300Z   psutil                         5.9.8                py312he37b823_0          conda-forge
2025-01-27T12:52:07.6947580Z   pthread-stubs                  0.4                  h27ca646_1001            conda-forge
2025-01-27T12:52:07.6947850Z   ptyprocess                     0.7.0                pyhd3deb0d_0             conda-forge
2025-01-27T12:52:07.6948120Z   pure_eval                      0.2.2                pyhd8ed1ab_0             conda-forge
2025-01-27T12:52:07.6948400Z   py-cpuinfo                     9.0.0                pyhd8ed1ab_0             conda-forge
2025-01-27T12:52:07.6948660Z   pybtex                         0.24.0               pyhd8ed1ab_2             conda-forge
2025-01-27T12:52:07.6948940Z   pybtex-docutils                1.0.3                py312h81bd7bf_1          conda-forge
2025-01-27T12:52:07.6949230Z   pycparser                      2.22                 pyhd8ed1ab_0             conda-forge
2025-01-27T12:52:07.6949490Z   pyerfa                         2.0.1.4              py312hbebd99a_1          conda-forge
2025-01-27T12:52:07.6949750Z   pygments                       2.18.0               pyhd8ed1ab_0             conda-forge
2025-01-27T12:52:07.6950020Z   pygraphviz                     1.13                 py312h5f4d302_1          conda-forge
2025-01-27T12:52:07.6950290Z   pyobjc-core                    10.3.1               py312hbb55c70_0          conda-forge
2025-01-27T12:52:07.6950600Z   pyobjc-framework-cocoa         10.3.1               py312hbb55c70_0          conda-forge
2025-01-27T12:52:07.6950910Z   pyparsing                      3.1.2                pyhd8ed1ab_0             conda-forge
2025-01-27T12:52:07.6951180Z   pysocks                        1.7.1                pyha2e5f31_6             conda-forge
2025-01-27T12:52:07.6951440Z   pytables                       3.9.2                py312hb622ae1_2          conda-forge
2025-01-27T12:52:07.6951700Z   pytest                         8.2.2                pyhd8ed1ab_0             conda-forge
2025-01-27T12:52:07.6951970Z   pytest-cov                     5.0.0                pyhd8ed1ab_0             conda-forge
2025-01-27T12:52:07.6952260Z   pytest-doctestplus             1.2.1                pyhd8ed1ab_0             conda-forge
2025-01-27T12:52:07.6952560Z   pytest-html                    4.1.1                pyhd8ed1ab_0             conda-forge
2025-01-27T12:52:07.6952850Z   pytest-metadata                3.1.1                pyhd8ed1ab_0             conda-forge
2025-01-27T12:52:07.6953300Z   python                         3.12.4               h30c5eda_0_cpython       conda-forge
2025-01-27T12:52:07.6953600Z   python-dateutil                2.9.0                pyhd8ed1ab_0             conda-forge
2025-01-27T12:52:07.6954040Z   python-fastjsonschema          2.20.0               pyhd8ed1ab_0             conda-forge
2025-01-27T12:52:07.6954360Z   python-json-logger             2.0.7                pyhd8ed1ab_0             conda-forge
2025-01-27T12:52:07.6954660Z   python-tzdata                  2024.1               pyhd8ed1ab_0             conda-forge
2025-01-27T12:52:07.6954940Z   python_abi                     3.12                 4_cp312                  conda-forge
2025-01-27T12:52:07.6955200Z   pytz                           2024.1               pyhd8ed1ab_0             conda-forge
2025-01-27T12:52:07.6955450Z   pyyaml                         6.0.1                py312h02f2b3b_1          conda-forge
2025-01-27T12:52:07.6955710Z   pyzmq                          26.0.3               py312hfa13136_0          conda-forge
2025-01-27T12:52:07.6955960Z   qgrid                          1.3.1                pyhd8ed1ab_4             conda-forge
2025-01-27T12:52:07.6956240Z   radioactivedecay               0.5.1                pyhd8ed1ab_0             conda-forge
2025-01-27T12:52:07.6956530Z   readline                       8.2                  h92ec313_1               conda-forge
2025-01-27T12:52:07.6956890Z   recommonmark                   0.7.1                pyhd8ed1ab_0             conda-forge
2025-01-27T12:52:07.6957180Z   referencing                    0.35.1               pyhd8ed1ab_0             conda-forge
2025-01-27T12:52:07.6957450Z   requests                       2.32.3               pyhd8ed1ab_0             conda-forge
2025-01-27T12:52:07.6957730Z   rfc3339-validator              0.1.4                pyhd8ed1ab_0             conda-forge
2025-01-27T12:52:07.6958030Z   rfc3986-validator              0.1.1                pyh9f0ad1d_0             conda-forge
2025-01-27T12:52:07.6958310Z   rpds-py                        0.18.1               py312h552d48e_0          conda-forge
2025-01-27T12:52:07.6958570Z   ruff                           0.4.9                py312h3402d49_0          conda-forge
2025-01-27T12:52:07.6958810Z   scipy                          1.13.1               py312h14ffa8f_0          conda-forge
2025-01-27T12:52:07.6959080Z   send2trash                     1.8.3                pyh31c8845_0             conda-forge
2025-01-27T12:52:07.6959360Z   setuptools                     70.0.0               pyhd8ed1ab_0             conda-forge
2025-01-27T12:52:07.6959640Z   setuptools-scm                 8.1.0                pyhd8ed1ab_0             conda-forge
2025-01-27T12:52:07.6959920Z   setuptools_scm                 8.1.0                hd8ed1ab_0               conda-forge
2025-01-27T12:52:07.6960180Z   six                            1.16.0               pyh6c4a22f_0             conda-forge
2025-01-27T12:52:07.6960430Z   snakeviz                       2.2.0                pyhd8ed1ab_0             conda-forge
2025-01-27T12:52:07.6960690Z   snappy                         1.2.0                hd04f947_1               conda-forge
2025-01-27T12:52:07.6960940Z   sniffio                        1.3.1                pyhd8ed1ab_0             conda-forge
2025-01-27T12:52:07.6961220Z   snowballstemmer                2.2.0                pyhd8ed1ab_0             conda-forge
2025-01-27T12:52:07.6961500Z   soupsieve                      2.5                  pyhd8ed1ab_1             conda-forge
2025-01-27T12:52:07.6961760Z   sphinx                         7.3.7                pyhd8ed1ab_0             conda-forge
2025-01-27T12:52:07.6962030Z   sphinx-astropy                 1.9.1                pyhd8ed1ab_0             conda-forge
2025-01-27T12:52:07.6962340Z   sphinx-automodapi              0.17.0               pyh717bed2_1             conda-forge
2025-01-27T12:52:07.6962630Z   sphinx-gallery                 0.16.0               pyhd8ed1ab_0             conda-forge
2025-01-27T12:52:07.6963030Z   sphinx-jsonschema              1.19.1               pyhd8ed1ab_0             conda-forge
2025-01-27T12:52:07.6963350Z   sphinx_bootstrap_theme         0.8.1                pyhd8ed1ab_0             conda-forge
2025-01-27T12:52:07.6963750Z   sphinx_rtd_theme               2.0.0                pyha770c72_0             conda-forge
2025-01-27T12:52:07.6964050Z   sphinxcontrib-apidoc           0.3.0                py_1                     conda-forge
2025-01-27T12:52:07.6964370Z   sphinxcontrib-applehelp        1.0.8                pyhd8ed1ab_0             conda-forge
2025-01-27T12:52:07.6964710Z   sphinxcontrib-bibtex           2.6.2                pyhd8ed1ab_0             conda-forge
2025-01-27T12:52:07.6965030Z   sphinxcontrib-devhelp          1.0.6                pyhd8ed1ab_0             conda-forge
2025-01-27T12:52:07.6965360Z   sphinxcontrib-htmlhelp         2.0.5                pyhd8ed1ab_0             conda-forge
2025-01-27T12:52:07.6965690Z   sphinxcontrib-jquery           4.1                  pyhd8ed1ab_0             conda-forge
2025-01-27T12:52:07.6966020Z   sphinxcontrib-jsmath           1.0.1                pyhd8ed1ab_0             conda-forge
2025-01-27T12:52:07.6966600Z   sphinxcontrib-qthelp           1.0.7                pyhd8ed1ab_0             conda-forge
2025-01-27T12:52:07.6967050Z   sphinxcontrib-serializinghtml  1.1.10               pyhd8ed1ab_0             conda-forge
2025-01-27T12:52:07.6967400Z   stack_data                     0.6.2                pyhd8ed1ab_0             conda-forge
2025-01-27T12:52:07.6967690Z   sympy                          1.12.1               pypyh2585a3b_103         conda-forge
2025-01-27T12:52:07.6967970Z   tabulate                       0.9.0                pyhd8ed1ab_1             conda-forge
2025-01-27T12:52:07.6968240Z   tenacity                       8.4.1                pyhd8ed1ab_0             conda-forge
2025-01-27T12:52:07.6968500Z   terminado                      0.18.1               pyh31c8845_0             conda-forge
2025-01-27T12:52:07.6968770Z   tinycss2                       1.3.0                pyhd8ed1ab_0             conda-forge
2025-01-27T12:52:07.6969020Z   tk                             8.6.13               h5083fa2_1               conda-forge
2025-01-27T12:52:07.6969270Z   toml                           0.10.2               pyhd8ed1ab_0             conda-forge
2025-01-27T12:52:07.6969520Z   tomli                          2.0.1                pyhd8ed1ab_0             conda-forge
2025-01-27T12:52:07.6969780Z   tornado                        6.4.1                py312h7e5086c_0          conda-forge
2025-01-27T12:52:07.6970140Z   tqdm                           4.66.4               pyhd8ed1ab_0             conda-forge
2025-01-27T12:52:07.6970400Z   traitlets                      5.14.3               pyhd8ed1ab_0             conda-forge
2025-01-27T12:52:07.6970670Z   typed-ast                      1.5.5                py312h02f2b3b_1          conda-forge
2025-01-27T12:52:07.6970970Z   types-python-dateutil          2.9.0.20240316       pyhd8ed1ab_0             conda-forge
2025-01-27T12:52:07.6971300Z   typing-extensions              4.12.2               hd8ed1ab_0               conda-forge
2025-01-27T12:52:07.6971600Z   typing_extensions              4.12.2               pyha770c72_0             conda-forge
2025-01-27T12:52:07.6971890Z   typing_utils                   0.1.0                pyhd8ed1ab_0             conda-forge
2025-01-27T12:52:07.6972160Z   tzdata                         2024a                h0c530f3_0               conda-forge
2025-01-27T12:52:07.6972430Z   uri-template                   1.3.0                pyhd8ed1ab_0             conda-forge
2025-01-27T12:52:07.6972700Z   urllib3                        2.2.2                pyhd8ed1ab_0             conda-forge
2025-01-27T12:52:07.6972950Z   wcwidth                        0.2.13               pyhd8ed1ab_0             conda-forge
2025-01-27T12:52:07.6973220Z   webcolors                      24.6.0               pyhd8ed1ab_0             conda-forge
2025-01-27T12:52:07.6973690Z   webencodings                   0.5.1                pyhd8ed1ab_2             conda-forge
2025-01-27T12:52:07.6973990Z   websocket-client               1.8.0                pyhd8ed1ab_0             conda-forge
2025-01-27T12:52:07.6974270Z   wheel                          0.43.0               pyhd8ed1ab_1             conda-forge
2025-01-27T12:52:07.6974680Z   widgetsnbextension             3.6.6                pyhd8ed1ab_0             conda-forge
2025-01-27T12:52:07.6974970Z   xorg-libxau                    1.0.11               hb547adb_0               conda-forge
2025-01-27T12:52:07.6975240Z   xorg-libxdmcp                  1.1.3                h27ca646_0               conda-forge
2025-01-27T12:52:07.6975500Z   xz                             5.2.6                h57fd34a_0               conda-forge
2025-01-27T12:52:07.6975730Z   yaml                           0.2.5                h3422bc3_2               conda-forge
2025-01-27T12:52:07.6975970Z   zeromq                         4.3.5                hcc0f68c_4               conda-forge
2025-01-27T12:52:07.6976230Z   zipp                           3.19.2               pyhd8ed1ab_0             conda-forge
2025-01-27T12:52:07.6976480Z   zlib                           1.3.1                hfb2fe0b_1               conda-forge
2025-01-27T12:52:07.6976730Z   zlib-ng                        2.0.7                h1a8c8d9_0               conda-forge
2025-01-27T12:52:07.6976980Z   zstd                           1.5.6                hb46c0d2_0               conda-forge
2025-01-27T12:52:07.6977500Z ##[endgroup]
2025-01-27T12:52:07.7034050Z ##[group]Run pip install -e . --user
2025-01-27T12:52:07.7034280Z [36;1mpip install -e . --user[0m
2025-01-27T12:52:07.8613550Z shell: /bin/bash -l {0}
2025-01-27T12:52:07.8613730Z env:
2025-01-27T12:52:07.8613850Z   CACHE_NUMBER: 0
2025-01-27T12:52:07.8614330Z   PYTEST_FLAGS: --tardis-regression-data=/Users/runner/work/tardis/tardis/tardis-regression-data --cov=tardis --cov-report=xml --cov-report=html --cov-append
2025-01-27T12:52:07.8614820Z   CODECOV_TOKEN: 
2025-01-27T12:52:07.8614970Z   MAMBA_ROOT_PREFIX: /Users/runner/micromamba
2025-01-27T12:52:07.8615210Z   MAMBA_EXE: /Users/runner/micromamba-bin/micromamba
2025-01-27T12:52:07.8615480Z   CONDARC: /Users/runner/work/_temp/setup-micromamba/.condarc
2025-01-27T12:52:07.8615720Z ##[endgroup]
2025-01-27T12:52:09.1560180Z Obtaining file:///Users/runner/work/tardis/tardis
2025-01-27T12:52:09.1587750Z   Installing build dependencies: started
2025-01-27T12:52:11.6368770Z   Installing build dependencies: finished with status 'done'
2025-01-27T12:52:11.6377340Z   Checking if build backend supports build_editable: started
2025-01-27T12:52:11.7308180Z   Checking if build backend supports build_editable: finished with status 'done'
2025-01-27T12:52:11.7317160Z   Getting requirements to build editable: started
2025-01-27T12:52:12.1740640Z   Getting requirements to build editable: finished with status 'done'
2025-01-27T12:52:12.1751230Z   Preparing editable metadata (pyproject.toml): started
2025-01-27T12:52:12.5508890Z   Preparing editable metadata (pyproject.toml): finished with status 'done'
2025-01-27T12:52:12.5922510Z Requirement already satisfied: astropy in /Users/runner/micromamba/envs/tardis/lib/python3.12/site-packages (from tardis==0.0.0) (6.1.1)
2025-01-27T12:52:12.6164670Z Requirement already satisfied: numpy>=1.23 in /Users/runner/micromamba/envs/tardis/lib/python3.12/site-packages (from astropy->tardis==0.0.0) (1.26.4)
2025-01-27T12:52:12.6170570Z Requirement already satisfied: pyerfa>=2.0.1.1 in /Users/runner/micromamba/envs/tardis/lib/python3.12/site-packages (from astropy->tardis==0.0.0) (2.0.1.4)
2025-01-27T12:52:12.6176790Z Requirement already satisfied: astropy-iers-data>=0.2024.5.27.0.30.8 in /Users/runner/micromamba/envs/tardis/lib/python3.12/site-packages (from astropy->tardis==0.0.0) (0.2024.6.17.0.31.35)
2025-01-27T12:52:12.6181730Z Requirement already satisfied: PyYAML>=3.13 in /Users/runner/micromamba/envs/tardis/lib/python3.12/site-packages (from astropy->tardis==0.0.0) (6.0.1)
2025-01-27T12:52:12.6187180Z Requirement already satisfied: packaging>=19.0 in /Users/runner/micromamba/envs/tardis/lib/python3.12/site-packages (from astropy->tardis==0.0.0) (24.1)
2025-01-27T12:52:12.6241560Z Building wheels for collected packages: tardis
2025-01-27T12:52:12.6248660Z   Building editable for tardis (pyproject.toml): started
2025-01-27T12:52:13.2952930Z   Building editable for tardis (pyproject.toml): finished with status 'done'
2025-01-27T12:52:13.2959760Z   Created wheel for tardis: filename=tardis-0.0.0-0.editable-py3-none-any.whl size=8877 sha256=9d270960bb89fce134bc49629b05ff2f2603f428928da5f0be66cc00d6bf4c77
2025-01-27T12:52:13.2960660Z   Stored in directory: /private/var/folders/2s/h6hvv9ps03xgz_krkkstvq_r0000gn/T/pip-ephem-wheel-cache-u32yemjj/wheels/bb/4f/6a/0829b918c1c10bc28535ce7f14be21eee54375bdd9cd0c306a
2025-01-27T12:52:13.2984180Z Successfully built tardis
2025-01-27T12:52:13.8750860Z Installing collected packages: tardis
2025-01-27T12:52:13.8812310Z Successfully installed tardis-0.0.0
2025-01-27T12:52:14.1995530Z ##[group]Run pip install qgridnext
2025-01-27T12:52:14.1995800Z [36;1mpip install qgridnext[0m
2025-01-27T12:52:14.2068530Z shell: /bin/bash -l {0}
2025-01-27T12:52:14.2068770Z env:
2025-01-27T12:52:14.2068930Z   CACHE_NUMBER: 0
2025-01-27T12:52:14.2069430Z   PYTEST_FLAGS: --tardis-regression-data=/Users/runner/work/tardis/tardis/tardis-regression-data --cov=tardis --cov-report=xml --cov-report=html --cov-append
2025-01-27T12:52:14.2069950Z   CODECOV_TOKEN: 
2025-01-27T12:52:14.2070120Z   MAMBA_ROOT_PREFIX: /Users/runner/micromamba
2025-01-27T12:52:14.2070390Z   MAMBA_EXE: /Users/runner/micromamba-bin/micromamba
2025-01-27T12:52:14.2070690Z   CONDARC: /Users/runner/work/_temp/setup-micromamba/.condarc
2025-01-27T12:52:14.2070950Z ##[endgroup]
2025-01-27T12:52:14.8019740Z Collecting qgridnext
2025-01-27T12:52:14.8369180Z   Downloading qgridnext-2.0.4-py3-none-any.whl.metadata (9.9 kB)
2025-01-27T12:52:14.8565360Z Requirement already satisfied: pandas>=0.20.0 in /Users/runner/micromamba/envs/tardis/lib/python3.12/site-packages (from qgridnext) (2.2.2)
2025-01-27T12:52:14.8571200Z Requirement already satisfied: ipywidgets>=7.0.0 in /Users/runner/micromamba/envs/tardis/lib/python3.12/site-packages (from qgridnext) (7.8.0)
2025-01-27T12:52:14.8577250Z Requirement already satisfied: numpy in /Users/runner/micromamba/envs/tardis/lib/python3.12/site-packages (from qgridnext) (1.26.4)
2025-01-27T12:52:14.8584360Z Requirement already satisfied: traitlets in /Users/runner/micromamba/envs/tardis/lib/python3.12/site-packages (from qgridnext) (5.14.3)
2025-01-27T12:52:14.8641130Z Requirement already satisfied: comm>=0.1.3 in /Users/runner/micromamba/envs/tardis/lib/python3.12/site-packages (from ipywidgets>=7.0.0->qgridnext) (0.2.2)
2025-01-27T12:52:14.8646260Z Requirement already satisfied: ipython-genutils~=0.2.0 in /Users/runner/micromamba/envs/tardis/lib/python3.12/site-packages (from ipywidgets>=7.0.0->qgridnext) (0.2.0)
2025-01-27T12:52:14.8656010Z Requirement already satisfied: widgetsnbextension~=3.6.5 in /Users/runner/micromamba/envs/tardis/lib/python3.12/site-packages (from ipywidgets>=7.0.0->qgridnext) (3.6.6)
2025-01-27T12:52:14.8664820Z Requirement already satisfied: ipython>=4.0.0 in /Users/runner/micromamba/envs/tardis/lib/python3.12/site-packages (from ipywidgets>=7.0.0->qgridnext) (8.25.0)
2025-01-27T12:52:14.8673670Z Requirement already satisfied: jupyterlab-widgets<3,>=1.0.0 in /Users/runner/micromamba/envs/tardis/lib/python3.12/site-packages (from ipywidgets>=7.0.0->qgridnext) (1.1.7)
2025-01-27T12:52:14.8966860Z Requirement already satisfied: python-dateutil>=2.8.2 in /Users/runner/micromamba/envs/tardis/lib/python3.12/site-packages (from pandas>=0.20.0->qgridnext) (2.9.0)
2025-01-27T12:52:14.8981430Z Requirement already satisfied: pytz>=2020.1 in /Users/runner/micromamba/envs/tardis/lib/python3.12/site-packages (from pandas>=0.20.0->qgridnext) (2024.1)
2025-01-27T12:52:14.8989450Z Requirement already satisfied: tzdata>=2022.7 in /Users/runner/micromamba/envs/tardis/lib/python3.12/site-packages (from pandas>=0.20.0->qgridnext) (2024.1)
2025-01-27T12:52:14.9203010Z Requirement already satisfied: decorator in /Users/runner/micromamba/envs/tardis/lib/python3.12/site-packages (from ipython>=4.0.0->ipywidgets>=7.0.0->qgridnext) (5.1.1)
2025-01-27T12:52:14.9214950Z Requirement already satisfied: jedi>=0.16 in /Users/runner/micromamba/envs/tardis/lib/python3.12/site-packages (from ipython>=4.0.0->ipywidgets>=7.0.0->qgridnext) (0.19.1)
2025-01-27T12:52:14.9220490Z Requirement already satisfied: matplotlib-inline in /Users/runner/micromamba/envs/tardis/lib/python3.12/site-packages (from ipython>=4.0.0->ipywidgets>=7.0.0->qgridnext) (0.1.7)
2025-01-27T12:52:14.9226490Z Requirement already satisfied: prompt-toolkit<3.1.0,>=3.0.41 in /Users/runner/micromamba/envs/tardis/lib/python3.12/site-packages (from ipython>=4.0.0->ipywidgets>=7.0.0->qgridnext) (3.0.47)
2025-01-27T12:52:14.9232370Z Requirement already satisfied: pygments>=2.4.0 in /Users/runner/micromamba/envs/tardis/lib/python3.12/site-packages (from ipython>=4.0.0->ipywidgets>=7.0.0->qgridnext) (2.18.0)
2025-01-27T12:52:14.9237920Z Requirement already satisfied: stack-data in /Users/runner/micromamba/envs/tardis/lib/python3.12/site-packages (from ipython>=4.0.0->ipywidgets>=7.0.0->qgridnext) (0.6.2)
2025-01-27T12:52:14.9249530Z Requirement already satisfied: pexpect>4.3 in /Users/runner/micromamba/envs/tardis/lib/python3.12/site-packages (from ipython>=4.0.0->ipywidgets>=7.0.0->qgridnext) (4.9.0)
2025-01-27T12:52:14.9276960Z Requirement already satisfied: six>=1.5 in /Users/runner/micromamba/envs/tardis/lib/python3.12/site-packages (from python-dateutil>=2.8.2->pandas>=0.20.0->qgridnext) (1.16.0)
2025-01-27T12:52:14.9316120Z Requirement already satisfied: notebook>=4.4.1 in /Users/runner/micromamba/envs/tardis/lib/python3.12/site-packages (from widgetsnbextension~=3.6.5->ipywidgets>=7.0.0->qgridnext) (7.2.1)
2025-01-27T12:52:14.9445830Z Requirement already satisfied: parso<0.9.0,>=0.8.3 in /Users/runner/micromamba/envs/tardis/lib/python3.12/site-packages (from jedi>=0.16->ipython>=4.0.0->ipywidgets>=7.0.0->qgridnext) (0.8.4)
2025-01-27T12:52:14.9587120Z Requirement already satisfied: jupyter-server<3,>=2.4.0 in /Users/runner/micromamba/envs/tardis/lib/python3.12/site-packages (from notebook>=4.4.1->widgetsnbextension~=3.6.5->ipywidgets>=7.0.0->qgridnext) (2.14.1)
2025-01-27T12:52:14.9596470Z Requirement already satisfied: jupyterlab-server<3,>=2.27.1 in /Users/runner/micromamba/envs/tardis/lib/python3.12/site-packages (from notebook>=4.4.1->widgetsnbextension~=3.6.5->ipywidgets>=7.0.0->qgridnext) (2.27.2)
2025-01-27T12:52:14.9609570Z Requirement already satisfied: jupyterlab<4.3,>=4.2.0 in /Users/runner/micromamba/envs/tardis/lib/python3.12/site-packages (from notebook>=4.4.1->widgetsnbextension~=3.6.5->ipywidgets>=7.0.0->qgridnext) (4.2.2)
2025-01-27T12:52:14.9664910Z Requirement already satisfied: notebook-shim<0.3,>=0.2 in /Users/runner/micromamba/envs/tardis/lib/python3.12/site-packages (from notebook>=4.4.1->widgetsnbextension~=3.6.5->ipywidgets>=7.0.0->qgridnext) (0.2.4)
2025-01-27T12:52:14.9667150Z Requirement already satisfied: tornado>=6.2.0 in /Users/runner/micromamba/envs/tardis/lib/python3.12/site-packages (from notebook>=4.4.1->widgetsnbextension~=3.6.5->ipywidgets>=7.0.0->qgridnext) (6.4.1)
2025-01-27T12:52:14.9668400Z Requirement already satisfied: ptyprocess>=0.5 in /Users/runner/micromamba/envs/tardis/lib/python3.12/site-packages (from pexpect>4.3->ipython>=4.0.0->ipywidgets>=7.0.0->qgridnext) (0.7.0)
2025-01-27T12:52:14.9669510Z Requirement already satisfied: wcwidth in /Users/runner/micromamba/envs/tardis/lib/python3.12/site-packages (from prompt-toolkit<3.1.0,>=3.0.41->ipython>=4.0.0->ipywidgets>=7.0.0->qgridnext) (0.2.13)
2025-01-27T12:52:14.9774080Z Requirement already satisfied: executing>=1.2.0 in /Users/runner/micromamba/envs/tardis/lib/python3.12/site-packages (from stack-data->ipython>=4.0.0->ipywidgets>=7.0.0->qgridnext) (2.0.1)
2025-01-27T12:52:14.9857920Z Requirement already satisfied: asttokens>=2.1.0 in /Users/runner/micromamba/envs/tardis/lib/python3.12/site-packages (from stack-data->ipython>=4.0.0->ipywidgets>=7.0.0->qgridnext) (2.4.1)
2025-01-27T12:52:14.9859260Z Requirement already satisfied: pure-eval in /Users/runner/micromamba/envs/tardis/lib/python3.12/site-packages (from stack-data->ipython>=4.0.0->ipywidgets>=7.0.0->qgridnext) (0.2.2)
2025-01-27T12:52:15.0034320Z Requirement already satisfied: anyio>=3.1.0 in /Users/runner/micromamba/envs/tardis/lib/python3.12/site-packages (from jupyter-server<3,>=2.4.0->notebook>=4.4.1->widgetsnbextension~=3.6.5->ipywidgets>=7.0.0->qgridnext) (4.4.0)
2025-01-27T12:52:15.0070460Z Requirement already satisfied: argon2-cffi>=21.1 in /Users/runner/micromamba/envs/tardis/lib/python3.12/site-packages (from jupyter-server<3,>=2.4.0->notebook>=4.4.1->widgetsnbextension~=3.6.5->ipywidgets>=7.0.0->qgridnext) (23.1.0)
2025-01-27T12:52:15.0072860Z Requirement already satisfied: jinja2>=3.0.3 in /Users/runner/micromamba/envs/tardis/lib/python3.12/site-packages (from jupyter-server<3,>=2.4.0->notebook>=4.4.1->widgetsnbextension~=3.6.5->ipywidgets>=7.0.0->qgridnext) (3.1.4)
2025-01-27T12:52:15.0074080Z Requirement already satisfied: jupyter-client>=7.4.4 in /Users/runner/micromamba/envs/tardis/lib/python3.12/site-packages (from jupyter-server<3,>=2.4.0->notebook>=4.4.1->widgetsnbextension~=3.6.5->ipywidgets>=7.0.0->qgridnext) (8.6.2)
2025-01-27T12:52:15.0075270Z Requirement already satisfied: jupyter-core!=5.0.*,>=4.12 in /Users/runner/micromamba/envs/tardis/lib/python3.12/site-packages (from jupyter-server<3,>=2.4.0->notebook>=4.4.1->widgetsnbextension~=3.6.5->ipywidgets>=7.0.0->qgridnext) (5.7.2)
2025-01-27T12:52:15.0076400Z Requirement already satisfied: jupyter-events>=0.9.0 in /Users/runner/micromamba/envs/tardis/lib/python3.12/site-packages (from jupyter-server<3,>=2.4.0->notebook>=4.4.1->widgetsnbextension~=3.6.5->ipywidgets>=7.0.0->qgridnext) (0.10.0)
2025-01-27T12:52:15.0078550Z Requirement already satisfied: jupyter-server-terminals>=0.4.4 in /Users/runner/micromamba/envs/tardis/lib/python3.12/site-packages (from jupyter-server<3,>=2.4.0->notebook>=4.4.1->widgetsnbextension~=3.6.5->ipywidgets>=7.0.0->qgridnext) (0.5.3)
2025-01-27T12:52:15.0108990Z Requirement already satisfied: nbconvert>=6.4.4 in /Users/runner/micromamba/envs/tardis/lib/python3.12/site-packages (from jupyter-server<3,>=2.4.0->notebook>=4.4.1->widgetsnbextension~=3.6.5->ipywidgets>=7.0.0->qgridnext) (7.16.4)
2025-01-27T12:52:15.0117280Z Requirement already satisfied: nbformat>=5.3.0 in /Users/runner/micromamba/envs/tardis/lib/python3.12/site-packages (from jupyter-server<3,>=2.4.0->notebook>=4.4.1->widgetsnbextension~=3.6.5->ipywidgets>=7.0.0->qgridnext) (5.10.4)
2025-01-27T12:52:15.0171150Z Requirement already satisfied: overrides>=5.0 in /Users/runner/micromamba/envs/tardis/lib/python3.12/site-packages (from jupyter-server<3,>=2.4.0->notebook>=4.4.1->widgetsnbextension~=3.6.5->ipywidgets>=7.0.0->qgridnext) (7.7.0)
2025-01-27T12:52:15.0181240Z Requirement already satisfied: packaging>=22.0 in /Users/runner/micromamba/envs/tardis/lib/python3.12/site-packages (from jupyter-server<3,>=2.4.0->notebook>=4.4.1->widgetsnbextension~=3.6.5->ipywidgets>=7.0.0->qgridnext) (24.1)
2025-01-27T12:52:15.0256540Z Requirement already satisfied: prometheus-client>=0.9 in /Users/runner/micromamba/envs/tardis/lib/python3.12/site-packages (from jupyter-server<3,>=2.4.0->notebook>=4.4.1->widgetsnbextension~=3.6.5->ipywidgets>=7.0.0->qgridnext) (0.20.0)
2025-01-27T12:52:15.0257850Z Requirement already satisfied: pyzmq>=24 in /Users/runner/micromamba/envs/tardis/lib/python3.12/site-packages (from jupyter-server<3,>=2.4.0->notebook>=4.4.1->widgetsnbextension~=3.6.5->ipywidgets>=7.0.0->qgridnext) (26.0.3)
2025-01-27T12:52:15.0259020Z Requirement already satisfied: send2trash>=1.8.2 in /Users/runner/micromamba/envs/tardis/lib/python3.12/site-packages (from jupyter-server<3,>=2.4.0->notebook>=4.4.1->widgetsnbextension~=3.6.5->ipywidgets>=7.0.0->qgridnext) (1.8.3)
2025-01-27T12:52:15.0260140Z Requirement already satisfied: terminado>=0.8.3 in /Users/runner/micromamba/envs/tardis/lib/python3.12/site-packages (from jupyter-server<3,>=2.4.0->notebook>=4.4.1->widgetsnbextension~=3.6.5->ipywidgets>=7.0.0->qgridnext) (0.18.1)
2025-01-27T12:52:15.0262320Z Requirement already satisfied: websocket-client>=1.7 in /Users/runner/micromamba/envs/tardis/lib/python3.12/site-packages (from jupyter-server<3,>=2.4.0->notebook>=4.4.1->widgetsnbextension~=3.6.5->ipywidgets>=7.0.0->qgridnext) (1.8.0)
2025-01-27T12:52:15.0385150Z Requirement already satisfied: async-lru>=1.0.0 in /Users/runner/micromamba/envs/tardis/lib/python3.12/site-packages (from jupyterlab<4.3,>=4.2.0->notebook>=4.4.1->widgetsnbextension~=3.6.5->ipywidgets>=7.0.0->qgridnext) (2.0.4)
2025-01-27T12:52:15.0394960Z Requirement already satisfied: httpx>=0.25.0 in /Users/runner/micromamba/envs/tardis/lib/python3.12/site-packages (from jupyterlab<4.3,>=4.2.0->notebook>=4.4.1->widgetsnbextension~=3.6.5->ipywidgets>=7.0.0->qgridnext) (0.27.0)
2025-01-27T12:52:15.0403570Z Requirement already satisfied: ipykernel>=6.5.0 in /Users/runner/micromamba/envs/tardis/lib/python3.12/site-packages (from jupyterlab<4.3,>=4.2.0->notebook>=4.4.1->widgetsnbextension~=3.6.5->ipywidgets>=7.0.0->qgridnext) (6.29.4)
2025-01-27T12:52:15.0412270Z Requirement already satisfied: jupyter-lsp>=2.0.0 in /Users/runner/micromamba/envs/tardis/lib/python3.12/site-packages (from jupyterlab<4.3,>=4.2.0->notebook>=4.4.1->widgetsnbextension~=3.6.5->ipywidgets>=7.0.0->qgridnext) (2.2.5)
2025-01-27T12:52:15.0441730Z Requirement already satisfied: setuptools>=40.1.0 in /Users/runner/micromamba/envs/tardis/lib/python3.12/site-packages (from jupyterlab<4.3,>=4.2.0->notebook>=4.4.1->widgetsnbextension~=3.6.5->ipywidgets>=7.0.0->qgridnext) (70.0.0)
2025-01-27T12:52:15.0668190Z Requirement already satisfied: babel>=2.10 in /Users/runner/micromamba/envs/tardis/lib/python3.12/site-packages (from jupyterlab-server<3,>=2.27.1->notebook>=4.4.1->widgetsnbextension~=3.6.5->ipywidgets>=7.0.0->qgridnext) (2.14.0)
2025-01-27T12:52:15.0691700Z Requirement already satisfied: json5>=0.9.0 in /Users/runner/micromamba/envs/tardis/lib/python3.12/site-packages (from jupyterlab-server<3,>=2.27.1->notebook>=4.4.1->widgetsnbextension~=3.6.5->ipywidgets>=7.0.0->qgridnext) (0.9.25)
2025-01-27T12:52:15.0704580Z Requirement already satisfied: jsonschema>=4.18.0 in /Users/runner/micromamba/envs/tardis/lib/python3.12/site-packages (from jupyterlab-server<3,>=2.27.1->notebook>=4.4.1->widgetsnbextension~=3.6.5->ipywidgets>=7.0.0->qgridnext) (4.22.0)
2025-01-27T12:52:15.0742620Z Requirement already satisfied: requests>=2.31 in /Users/runner/micromamba/envs/tardis/lib/python3.12/site-packages (from jupyterlab-server<3,>=2.27.1->notebook>=4.4.1->widgetsnbextension~=3.6.5->ipywidgets>=7.0.0->qgridnext) (2.32.3)
2025-01-27T12:52:15.1041360Z Requirement already satisfied: idna>=2.8 in /Users/runner/micromamba/envs/tardis/lib/python3.12/site-packages (from anyio>=3.1.0->jupyter-server<3,>=2.4.0->notebook>=4.4.1->widgetsnbextension~=3.6.5->ipywidgets>=7.0.0->qgridnext) (3.7)
2025-01-27T12:52:15.1046860Z Requirement already satisfied: sniffio>=1.1 in /Users/runner/micromamba/envs/tardis/lib/python3.12/site-packages (from anyio>=3.1.0->jupyter-server<3,>=2.4.0->notebook>=4.4.1->widgetsnbextension~=3.6.5->ipywidgets>=7.0.0->qgridnext) (1.3.1)
2025-01-27T12:52:15.1140910Z Requirement already satisfied: argon2-cffi-bindings in /Users/runner/micromamba/envs/tardis/lib/python3.12/site-packages (from argon2-cffi>=21.1->jupyter-server<3,>=2.4.0->notebook>=4.4.1->widgetsnbextension~=3.6.5->ipywidgets>=7.0.0->qgridnext) (21.2.0)
2025-01-27T12:52:15.1314580Z Requirement already satisfied: certifi in /Users/runner/micromamba/envs/tardis/lib/python3.12/site-packages (from httpx>=0.25.0->jupyterlab<4.3,>=4.2.0->notebook>=4.4.1->widgetsnbextension~=3.6.5->ipywidgets>=7.0.0->qgridnext) (2024.6.2)
2025-01-27T12:52:15.1341340Z Requirement already satisfied: httpcore==1.* in /Users/runner/micromamba/envs/tardis/lib/python3.12/site-packages (from httpx>=0.25.0->jupyterlab<4.3,>=4.2.0->notebook>=4.4.1->widgetsnbextension~=3.6.5->ipywidgets>=7.0.0->qgridnext) (1.0.5)
2025-01-27T12:52:15.1440220Z Requirement already satisfied: h11<0.15,>=0.13 in /Users/runner/micromamba/envs/tardis/lib/python3.12/site-packages (from httpcore==1.*->httpx>=0.25.0->jupyterlab<4.3,>=4.2.0->notebook>=4.4.1->widgetsnbextension~=3.6.5->ipywidgets>=7.0.0->qgridnext) (0.14.0)
2025-01-27T12:52:15.1590830Z Requirement already satisfied: appnope in /Users/runner/micromamba/envs/tardis/lib/python3.12/site-packages (from ipykernel>=6.5.0->jupyterlab<4.3,>=4.2.0->notebook>=4.4.1->widgetsnbextension~=3.6.5->ipywidgets>=7.0.0->qgridnext) (0.1.4)
2025-01-27T12:52:15.1598130Z Requirement already satisfied: debugpy>=1.6.5 in /Users/runner/micromamba/envs/tardis/lib/python3.12/site-packages (from ipykernel>=6.5.0->jupyterlab<4.3,>=4.2.0->notebook>=4.4.1->widgetsnbextension~=3.6.5->ipywidgets>=7.0.0->qgridnext) (1.8.1)
2025-01-27T12:52:15.1625150Z Requirement already satisfied: nest-asyncio in /Users/runner/micromamba/envs/tardis/lib/python3.12/site-packages (from ipykernel>=6.5.0->jupyterlab<4.3,>=4.2.0->notebook>=4.4.1->widgetsnbextension~=3.6.5->ipywidgets>=7.0.0->qgridnext) (1.6.0)
2025-01-27T12:52:15.1629430Z Requirement already satisfied: psutil in /Users/runner/micromamba/envs/tardis/lib/python3.12/site-packages (from ipykernel>=6.5.0->jupyterlab<4.3,>=4.2.0->notebook>=4.4.1->widgetsnbextension~=3.6.5->ipywidgets>=7.0.0->qgridnext) (5.9.8)
2025-01-27T12:52:15.1695550Z Requirement already satisfied: MarkupSafe>=2.0 in /Users/runner/micromamba/envs/tardis/lib/python3.12/site-packages (from jinja2>=3.0.3->jupyter-server<3,>=2.4.0->notebook>=4.4.1->widgetsnbextension~=3.6.5->ipywidgets>=7.0.0->qgridnext) (2.1.5)
2025-01-27T12:52:15.1857150Z Requirement already satisfied: attrs>=22.2.0 in /Users/runner/micromamba/envs/tardis/lib/python3.12/site-packages (from jsonschema>=4.18.0->jupyterlab-server<3,>=2.27.1->notebook>=4.4.1->widgetsnbextension~=3.6.5->ipywidgets>=7.0.0->qgridnext) (23.2.0)
2025-01-27T12:52:15.1861290Z Requirement already satisfied: jsonschema-specifications>=2023.03.6 in /Users/runner/micromamba/envs/tardis/lib/python3.12/site-packages (from jsonschema>=4.18.0->jupyterlab-server<3,>=2.27.1->notebook>=4.4.1->widgetsnbextension~=3.6.5->ipywidgets>=7.0.0->qgridnext) (2023.12.1)
2025-01-27T12:52:15.1867740Z Requirement already satisfied: referencing>=0.28.4 in /Users/runner/micromamba/envs/tardis/lib/python3.12/site-packages (from jsonschema>=4.18.0->jupyterlab-server<3,>=2.27.1->notebook>=4.4.1->widgetsnbextension~=3.6.5->ipywidgets>=7.0.0->qgridnext) (0.35.1)
2025-01-27T12:52:15.1908640Z Requirement already satisfied: rpds-py>=0.7.1 in /Users/runner/micromamba/envs/tardis/lib/python3.12/site-packages (from jsonschema>=4.18.0->jupyterlab-server<3,>=2.27.1->notebook>=4.4.1->widgetsnbextension~=3.6.5->ipywidgets>=7.0.0->qgridnext) (0.18.1)
2025-01-27T12:52:15.2197400Z Requirement already satisfied: platformdirs>=2.5 in /Users/runner/micromamba/envs/tardis/lib/python3.12/site-packages (from jupyter-core!=5.0.*,>=4.12->jupyter-server<3,>=2.4.0->notebook>=4.4.1->widgetsnbextension~=3.6.5->ipywidgets>=7.0.0->qgridnext) (4.2.2)
2025-01-27T12:52:15.2374400Z Requirement already satisfied: python-json-logger>=2.0.4 in /Users/runner/micromamba/envs/tardis/lib/python3.12/site-packages (from jupyter-events>=0.9.0->jupyter-server<3,>=2.4.0->notebook>=4.4.1->widgetsnbextension~=3.6.5->ipywidgets>=7.0.0->qgridnext) (2.0.7)
2025-01-27T12:52:15.2385810Z Requirement already satisfied: pyyaml>=5.3 in /Users/runner/micromamba/envs/tardis/lib/python3.12/site-packages (from jupyter-events>=0.9.0->jupyter-server<3,>=2.4.0->notebook>=4.4.1->widgetsnbextension~=3.6.5->ipywidgets>=7.0.0->qgridnext) (6.0.1)
2025-01-27T12:52:15.2387530Z Requirement already satisfied: rfc3339-validator in /Users/runner/micromamba/envs/tardis/lib/python3.12/site-packages (from jupyter-events>=0.9.0->jupyter-server<3,>=2.4.0->notebook>=4.4.1->widgetsnbextension~=3.6.5->ipywidgets>=7.0.0->qgridnext) (0.1.4)
2025-01-27T12:52:15.2388940Z Requirement already satisfied: rfc3986-validator>=0.1.1 in /Users/runner/micromamba/envs/tardis/lib/python3.12/site-packages (from jupyter-events>=0.9.0->jupyter-server<3,>=2.4.0->notebook>=4.4.1->widgetsnbextension~=3.6.5->ipywidgets>=7.0.0->qgridnext) (0.1.1)
2025-01-27T12:52:15.2894650Z Requirement already satisfied: beautifulsoup4 in /Users/runner/micromamba/envs/tardis/lib/python3.12/site-packages (from nbconvert>=6.4.4->jupyter-server<3,>=2.4.0->notebook>=4.4.1->widgetsnbextension~=3.6.5->ipywidgets>=7.0.0->qgridnext) (4.12.3)
2025-01-27T12:52:15.2909740Z Requirement already satisfied: bleach!=5.0.0 in /Users/runner/micromamba/envs/tardis/lib/python3.12/site-packages (from nbconvert>=6.4.4->jupyter-server<3,>=2.4.0->notebook>=4.4.1->widgetsnbextension~=3.6.5->ipywidgets>=7.0.0->qgridnext) (6.1.0)
2025-01-27T12:52:15.2923380Z Requirement already satisfied: defusedxml in /Users/runner/micromamba/envs/tardis/lib/python3.12/site-packages (from nbconvert>=6.4.4->jupyter-server<3,>=2.4.0->notebook>=4.4.1->widgetsnbextension~=3.6.5->ipywidgets>=7.0.0->qgridnext) (0.7.1)
2025-01-27T12:52:15.2934060Z Requirement already satisfied: jupyterlab-pygments in /Users/runner/micromamba/envs/tardis/lib/python3.12/site-packages (from nbconvert>=6.4.4->jupyter-server<3,>=2.4.0->notebook>=4.4.1->widgetsnbextension~=3.6.5->ipywidgets>=7.0.0->qgridnext) (0.3.0)
2025-01-27T12:52:15.2946280Z Requirement already satisfied: mistune<4,>=2.0.3 in /Users/runner/micromamba/envs/tardis/lib/python3.12/site-packages (from nbconvert>=6.4.4->jupyter-server<3,>=2.4.0->notebook>=4.4.1->widgetsnbextension~=3.6.5->ipywidgets>=7.0.0->qgridnext) (3.0.2)
2025-01-27T12:52:15.2951650Z Requirement already satisfied: nbclient>=0.5.0 in /Users/runner/micromamba/envs/tardis/lib/python3.12/site-packages (from nbconvert>=6.4.4->jupyter-server<3,>=2.4.0->notebook>=4.4.1->widgetsnbextension~=3.6.5->ipywidgets>=7.0.0->qgridnext) (0.10.0)
2025-01-27T12:52:15.2963290Z Requirement already satisfied: pandocfilters>=1.4.1 in /Users/runner/micromamba/envs/tardis/lib/python3.12/site-packages (from nbconvert>=6.4.4->jupyter-server<3,>=2.4.0->notebook>=4.4.1->widgetsnbextension~=3.6.5->ipywidgets>=7.0.0->qgridnext) (1.5.0)
2025-01-27T12:52:15.2973430Z Requirement already satisfied: tinycss2 in /Users/runner/micromamba/envs/tardis/lib/python3.12/site-packages (from nbconvert>=6.4.4->jupyter-server<3,>=2.4.0->notebook>=4.4.1->widgetsnbextension~=3.6.5->ipywidgets>=7.0.0->qgridnext) (1.3.0)
2025-01-27T12:52:15.3079430Z Requirement already satisfied: fastjsonschema>=2.15 in /Users/runner/micromamba/envs/tardis/lib/python3.12/site-packages (from nbformat>=5.3.0->jupyter-server<3,>=2.4.0->notebook>=4.4.1->widgetsnbextension~=3.6.5->ipywidgets>=7.0.0->qgridnext) (2.20.0)
2025-01-27T12:52:15.3428910Z Requirement already satisfied: charset-normalizer<4,>=2 in /Users/runner/micromamba/envs/tardis/lib/python3.12/site-packages (from requests>=2.31->jupyterlab-server<3,>=2.27.1->notebook>=4.4.1->widgetsnbextension~=3.6.5->ipywidgets>=7.0.0->qgridnext) (3.3.2)
2025-01-27T12:52:15.3465870Z Requirement already satisfied: urllib3<3,>=1.21.1 in /Users/runner/micromamba/envs/tardis/lib/python3.12/site-packages (from requests>=2.31->jupyterlab-server<3,>=2.27.1->notebook>=4.4.1->widgetsnbextension~=3.6.5->ipywidgets>=7.0.0->qgridnext) (2.2.2)
2025-01-27T12:52:15.4275940Z Requirement already satisfied: webencodings in /Users/runner/micromamba/envs/tardis/lib/python3.12/site-packages (from bleach!=5.0.0->nbconvert>=6.4.4->jupyter-server<3,>=2.4.0->notebook>=4.4.1->widgetsnbextension~=3.6.5->ipywidgets>=7.0.0->qgridnext) (0.5.1)
2025-01-27T12:52:15.4776980Z Requirement already satisfied: fqdn in /Users/runner/micromamba/envs/tardis/lib/python3.12/site-packages (from jsonschema[format-nongpl]>=4.18.0->jupyter-events>=0.9.0->jupyter-server<3,>=2.4.0->notebook>=4.4.1->widgetsnbextension~=3.6.5->ipywidgets>=7.0.0->qgridnext) (1.5.1)
2025-01-27T12:52:15.4786360Z Requirement already satisfied: isoduration in /Users/runner/micromamba/envs/tardis/lib/python3.12/site-packages (from jsonschema[format-nongpl]>=4.18.0->jupyter-events>=0.9.0->jupyter-server<3,>=2.4.0->notebook>=4.4.1->widgetsnbextension~=3.6.5->ipywidgets>=7.0.0->qgridnext) (20.11.0)
2025-01-27T12:52:15.4796590Z Requirement already satisfied: jsonpointer>1.13 in /Users/runner/micromamba/envs/tardis/lib/python3.12/site-packages (from jsonschema[format-nongpl]>=4.18.0->jupyter-events>=0.9.0->jupyter-server<3,>=2.4.0->notebook>=4.4.1->widgetsnbextension~=3.6.5->ipywidgets>=7.0.0->qgridnext) (3.0.0)
2025-01-27T12:52:15.4828270Z Requirement already satisfied: uri-template in /Users/runner/micromamba/envs/tardis/lib/python3.12/site-packages (from jsonschema[format-nongpl]>=4.18.0->jupyter-events>=0.9.0->jupyter-server<3,>=2.4.0->notebook>=4.4.1->widgetsnbextension~=3.6.5->ipywidgets>=7.0.0->qgridnext) (1.3.0)
2025-01-27T12:52:15.4861470Z Requirement already satisfied: webcolors>=1.11 in /Users/runner/micromamba/envs/tardis/lib/python3.12/site-packages (from jsonschema[format-nongpl]>=4.18.0->jupyter-events>=0.9.0->jupyter-server<3,>=2.4.0->notebook>=4.4.1->widgetsnbextension~=3.6.5->ipywidgets>=7.0.0->qgridnext) (24.6.0)
2025-01-27T12:52:15.5939890Z Requirement already satisfied: cffi>=1.0.1 in /Users/runner/micromamba/envs/tardis/lib/python3.12/site-packages (from argon2-cffi-bindings->argon2-cffi>=21.1->jupyter-server<3,>=2.4.0->notebook>=4.4.1->widgetsnbextension~=3.6.5->ipywidgets>=7.0.0->qgridnext) (1.16.0)
2025-01-27T12:52:15.6051940Z Requirement already satisfied: soupsieve>1.2 in /Users/runner/micromamba/envs/tardis/lib/python3.12/site-packages (from beautifulsoup4->nbconvert>=6.4.4->jupyter-server<3,>=2.4.0->notebook>=4.4.1->widgetsnbextension~=3.6.5->ipywidgets>=7.0.0->qgridnext) (2.5)
2025-01-27T12:52:15.6506210Z Requirement already satisfied: pycparser in /Users/runner/micromamba/envs/tardis/lib/python3.12/site-packages (from cffi>=1.0.1->argon2-cffi-bindings->argon2-cffi>=21.1->jupyter-server<3,>=2.4.0->notebook>=4.4.1->widgetsnbextension~=3.6.5->ipywidgets>=7.0.0->qgridnext) (2.22)
2025-01-27T12:52:15.6924270Z Requirement already satisfied: arrow>=0.15.0 in /Users/runner/micromamba/envs/tardis/lib/python3.12/site-packages (from isoduration->jsonschema[format-nongpl]>=4.18.0->jupyter-events>=0.9.0->jupyter-server<3,>=2.4.0->notebook>=4.4.1->widgetsnbextension~=3.6.5->ipywidgets>=7.0.0->qgridnext) (1.3.0)
2025-01-27T12:52:15.7199890Z Requirement already satisfied: types-python-dateutil>=2.8.10 in /Users/runner/micromamba/envs/tardis/lib/python3.12/site-packages (from arrow>=0.15.0->isoduration->jsonschema[format-nongpl]>=4.18.0->jupyter-events>=0.9.0->jupyter-server<3,>=2.4.0->notebook>=4.4.1->widgetsnbextension~=3.6.5->ipywidgets>=7.0.0->qgridnext) (2.9.0.20240316)
2025-01-27T12:52:15.7556570Z Downloading qgridnext-2.0.4-py3-none-any.whl (1.3 MB)
2025-01-27T12:52:15.8268190Z    ━━━━━━━━━━━━━━━━━━━━━━━━━━━━━━━━━━━━━━━━ 1.3/1.3 MB 18.1 MB/s eta 0:00:00
2025-01-27T12:52:16.5840200Z Installing collected packages: qgridnext
2025-01-27T12:52:16.6637040Z Successfully installed qgridnext-2.0.4
2025-01-27T12:52:16.9852610Z ##[group]Run pytest tardis --tardis-regression-data=/Users/runner/work/tardis/tardis/tardis-regression-data --cov=tardis --cov-report=xml --cov-report=html --cov-append -m "not continuum"
2025-01-27T12:52:16.9853630Z [36;1mpytest tardis --tardis-regression-data=/Users/runner/work/tardis/tardis/tardis-regression-data --cov=tardis --cov-report=xml --cov-report=html --cov-append -m "not continuum"[0m
2025-01-27T12:52:16.9910390Z shell: /bin/bash -l {0}
2025-01-27T12:52:16.9910590Z env:
2025-01-27T12:52:16.9910800Z   CACHE_NUMBER: 0
2025-01-27T12:52:16.9911300Z   PYTEST_FLAGS: --tardis-regression-data=/Users/runner/work/tardis/tardis/tardis-regression-data --cov=tardis --cov-report=xml --cov-report=html --cov-append
2025-01-27T12:52:16.9911810Z   CODECOV_TOKEN: 
2025-01-27T12:52:16.9911970Z   MAMBA_ROOT_PREFIX: /Users/runner/micromamba
2025-01-27T12:52:16.9912260Z   MAMBA_EXE: /Users/runner/micromamba-bin/micromamba
2025-01-27T12:52:16.9912650Z   CONDARC: /Users/runner/work/_temp/setup-micromamba/.condarc
2025-01-27T12:52:16.9912970Z ##[endgroup]
2025-01-27T12:52:30.7018080Z ============================= test session starts ==============================
2025-01-27T12:52:30.7019700Z platform darwin -- Python 3.12.4, pytest-8.2.2, pluggy-1.5.0
2025-01-27T12:52:30.7020240Z rootdir: /Users/runner/work/tardis/tardis
2025-01-27T12:52:30.7020780Z configfile: pyproject.toml
2025-01-27T12:52:30.7022360Z plugins: cov-5.0.0, html-4.1.1, metadata-3.1.1, doctestplus-1.2.1, anyio-4.4.0
2025-01-27T12:52:30.7023070Z collected 1796 items / 2 deselected / 1794 selected
2025-01-27T12:52:30.7023460Z 
2025-01-27T12:52:34.6396250Z tardis/energy_input/tests/test_energy_source.py ..xxx                    [  0%]
2025-01-27T12:52:36.8427780Z tardis/energy_input/tests/test_gamma_ray_channel.py ...........          [  0%]
2025-01-27T12:52:38.3085740Z tardis/energy_input/tests/test_gamma_ray_grid.py xx.                     [  1%]
2025-01-27T12:52:39.7795900Z tardis/energy_input/tests/test_gamma_ray_interactions.py xx....          [  1%]
2025-01-27T12:52:39.7893190Z tardis/energy_input/tests/test_gamma_ray_packet_source.py sssssssss      [  1%]
2025-01-27T12:52:40.9333040Z tardis/energy_input/tests/test_util.py .....xxxx.....                    [  2%]
2025-01-27T12:52:41.2466730Z tardis/grid/tests/test_grid.py .                                         [  2%]
2025-01-27T12:52:41.2494840Z tardis/gui/tests/test_gui.py s                                           [  2%]
2025-01-27T12:52:44.6973510Z tardis/io/configuration/tests/test_config_reader.py ...........          [  3%]
2025-01-27T12:52:44.7176960Z tardis/io/configuration/tests/test_configuration_namespace.py .........  [  3%]
2025-01-27T12:52:44.7703730Z tardis/io/logger/tests/test_logging.py ssssssssssssssssssssssssssss      [  5%]
2025-01-27T12:53:17.8697710Z tardis/io/model/readers/tests/test_arepo_parser.py ..                    [  5%]
2025-01-27T12:53:17.9405070Z tardis/io/model/readers/tests/test_ascii_readers.py ...                  [  5%]
2025-01-27T12:53:17.9405810Z tardis/io/model/readers/tests/test_cmfgen_reader.py ..                   [  5%]
2025-01-27T12:53:17.9800810Z tardis/io/model/readers/tests/test_csvy_reader.py ....                   [  6%]
2025-01-27T12:53:17.9967700Z tardis/io/model/readers/tests/test_stella_reader.py ..                   [  6%]
2025-01-27T12:53:18.3623130Z tardis/io/tests/test_HDFWriter.py ...............                        [  7%]
2025-01-27T12:53:18.8447350Z tardis/io/tests/test_atomic.py .....                                     [  7%]
2025-01-27T12:53:18.8716000Z tardis/io/tests/test_decay.py ..                                         [  7%]
2025-01-27T12:53:19.0566960Z tardis/io/tests/test_model_reader.py ......                              [  7%]
2025-01-27T12:53:19.0651500Z tardis/model/geometry/tests/test_radial1d.py ..                          [  7%]
2025-01-27T12:53:52.6678980Z tardis/model/tests/test_base.py ........................................ [ 10%]
2025-01-27T12:53:53.5570210Z ............                                                             [ 10%]
2025-01-27T12:53:56.8563730Z tardis/model/tests/test_csvy_model.py .........                          [ 11%]
2025-01-27T12:53:56.9137590Z tardis/model/tests/test_density.py ..                                    [ 11%]
2025-01-27T12:53:58.7348050Z tardis/opacities/tests/test_opacity_solver.py .....                      [ 11%]
2025-01-27T12:54:00.1961650Z tardis/opacities/tests/test_opacity_state_numba.py .....                 [ 11%]
2025-01-27T12:54:02.6902130Z tardis/opacities/tests/test_tau_sobolev.py ..                            [ 12%]
2025-01-27T12:54:06.9335300Z tardis/plasma/equilibrium/tests/test_collisional_transitions.py ...      [ 12%]
2025-01-27T12:54:53.6278740Z tardis/plasma/equilibrium/tests/test_level_populations.py ....           [ 12%]
2025-01-27T12:55:05.2803980Z tardis/plasma/equilibrium/tests/test_rate_matrix.py .                    [ 12%]
2025-01-27T12:55:06.4926170Z tardis/plasma/tests/test_complete_plasmas.py .....................s..... [ 13%]
2025-01-27T12:55:08.8795900Z s....ssssss............s............ss.....s....ssssss............s..... [ 18%]
2025-01-27T12:55:10.5411130Z .......ss.....s....ssssss............s............ss.....s....ssssss.... [ 22%]
2025-01-27T12:55:13.1313000Z ........s............ss.....s........ss............s............ss.....s [ 26%]
2025-01-27T12:55:15.6081180Z ........ss............s............ss.....s....ssssss............s...... [ 30%]
2025-01-27T12:55:16.2640250Z ......ss.....s....ssssss............s............ss.....s.ss.ssssss..... [ 34%]
2025-01-27T12:55:18.7621880Z .......s............ss.....s....ssssss............s............ss.....s. [ 38%]
2025-01-27T12:55:21.2419300Z ...ssssss............s............ss.....s....ssssss............s....... [ 42%]
2025-01-27T12:55:23.9656820Z .....ss.....s....ssssss............s............s...........ssssss...... [ 46%]
2025-01-27T12:55:26.2043940Z ......s............s...........ssssss............s............s......... [ 50%]
2025-01-27T12:55:28.6259330Z ..ssssss............s............ss.....s....ssssss............s........ [ 54%]
2025-01-27T12:55:31.6443500Z ....ss.....s....ssssss..........................s.....s....ssss......... [ 58%]
2025-01-27T12:55:31.9515880Z ...................s.....s....ssss.......                                [ 60%]
2025-01-27T12:55:32.3558620Z tardis/plasma/tests/test_hdf_plasma.py ................................. [ 62%]
2025-01-27T12:55:32.3685610Z ......                                                                   [ 62%]
2025-01-27T12:55:32.7254270Z tardis/plasma/tests/test_nlte_excitation.py ...                          [ 62%]
2025-01-27T12:57:39.8075390Z tardis/plasma/tests/test_nlte_solver.py .....X                           [ 63%]
2025-01-27T12:57:39.8109330Z tardis/plasma/tests/test_plasma_continuum.py .                           [ 63%]
2025-01-27T12:57:59.9442740Z tardis/plasma/tests/test_plasma_vboundary.py .............               [ 63%]
2025-01-27T12:58:10.9540150Z tardis/plasma/tests/test_tardis_model_density_config.py ...              [ 64%]
2025-01-27T12:58:11.5177220Z tardis/simulation/tests/test_convergence.py .....                        [ 64%]
2025-01-27T12:58:20.5319220Z tardis/simulation/tests/test_simulation.py .............                 [ 65%]
2025-01-27T12:58:20.5437610Z tardis/spectrum/tests/test_cuda_formal_integral.py sssssssssssssssssssss [ 66%]
2025-01-27T12:58:20.8311100Z ssss...ssssssssssssssssssssss                                            [ 67%]
2025-01-27T12:58:20.8356080Z tardis/spectrum/tests/test_luminosity.py ....                            [ 68%]
2025-01-27T12:58:21.8430680Z tardis/spectrum/tests/test_numba_formal_integral.py .................... [ 69%]
2025-01-27T12:58:21.8552600Z ..........                                                               [ 69%]
2025-01-27T12:58:22.0273170Z tardis/spectrum/tests/test_spectrum.py ................................. [ 71%]
2025-01-27T12:58:22.0523910Z .........                                                                [ 72%]
2025-01-27T12:58:47.4714150Z tardis/spectrum/tests/test_spectrum_solver.py ....                       [ 72%]
2025-01-27T12:59:45.6036850Z tardis/tests/test_tardis_full.py ....                                    [ 72%]
2025-01-27T13:01:21.2450630Z tardis/tests/test_tardis_full_formal_integral.py ................        [ 73%]
2025-01-27T13:01:21.2930860Z tardis/tests/test_util.py .............................................  [ 75%]
2025-01-27T13:01:23.3986230Z tardis/transport/montecarlo/tests/test_base.py x.....................    [ 77%]
2025-01-27T13:01:28.3175650Z tardis/transport/montecarlo/tests/test_interaction.py .......            [ 77%]
2025-01-27T13:01:28.5219440Z tardis/transport/montecarlo/tests/test_macro_atom.py ....                [ 77%]
2025-01-27T13:01:28.5355270Z tardis/transport/montecarlo/tests/test_montecarlo.py sssssssssssssssssss [ 78%]
2025-01-27T13:01:28.5660130Z sssssssssssssssssssssssssssssssssssssssssssss                            [ 81%]
2025-01-27T13:01:37.9415720Z tardis/transport/montecarlo/tests/test_montecarlo_main_loop.py x..       [ 81%]
2025-01-27T13:01:37.9757450Z tardis/transport/montecarlo/tests/test_nonhomologous.py ...              [ 81%]
2025-01-27T13:01:41.2268170Z tardis/transport/montecarlo/tests/test_numba_interface.py .....x.        [ 82%]
2025-01-27T13:01:41.6313190Z tardis/transport/montecarlo/tests/test_opacities.py ...............      [ 82%]
2025-01-27T13:01:42.6816740Z tardis/transport/montecarlo/tests/test_packet.py .................xXXXXX [ 84%]
2025-01-27T13:01:42.8082950Z XX.........                                                              [ 84%]
2025-01-27T13:01:42.8681610Z tardis/transport/montecarlo/tests/test_packet_source.py ........         [ 85%]
2025-01-27T13:01:43.1393640Z tardis/transport/montecarlo/tests/test_rpacket_last_interaction_tracker.py . [ 85%]
2025-01-27T13:01:43.4557330Z .....                                                                    [ 85%]
2025-01-27T13:01:53.9192380Z tardis/transport/montecarlo/tests/test_rpacket_tracker.py ......         [ 85%]
2025-01-27T13:01:53.9407350Z tardis/transport/montecarlo/tests/test_single_packet_loop.py xxx         [ 86%]
2025-01-27T13:01:53.9440940Z tardis/transport/montecarlo/tests/test_tracker_utils.py ..               [ 86%]
2025-01-27T13:01:55.1803280Z tardis/transport/montecarlo/tests/test_vpacket.py ..x.                   [ 86%]
2025-01-27T13:01:55.1968640Z tardis/transport/montecarlo/tests/test_weighted_packet_source.py ....    [ 86%]
2025-01-27T13:01:58.0072040Z tardis/transport/montecarlo/tests/test_weighted_packet_source_integration.py . [ 86%]
2025-01-27T13:01:58.0074470Z                                                                          [ 86%]
2025-01-27T13:01:58.5423250Z tardis/transport/tests/test_doppler_factor.py ..................         [ 87%]
2025-01-27T13:02:00.6582100Z tardis/visualization/tools/tests/test_convergence_plot.py .............. [ 88%]
2025-01-27T13:02:02.2102650Z ......                                                                   [ 88%]
2025-01-27T13:02:05.7255220Z tardis/visualization/tools/tests/test_liv_plot.py ...................... [ 90%]
2025-01-27T13:02:09.1702790Z .............................                                            [ 91%]
2025-01-27T13:02:11.7802470Z tardis/visualization/tools/tests/test_rpacket_plot.py .................. [ 92%]
2025-01-27T13:02:18.9883380Z ....                                                                     [ 92%]
2025-01-27T13:02:23.9237560Z tardis/visualization/tools/tests/test_sdec_plot.py ..................... [ 94%]
2025-01-27T13:02:31.9156320Z ..............................                                           [ 95%]
2025-01-27T13:02:32.3808530Z tardis/visualization/widgets/tests/test_custom_abundance.py ........ss.. [ 96%]
2025-01-27T13:02:32.4237660Z ....                                                                     [ 96%]
2025-01-27T13:02:33.3593550Z tardis/visualization/widgets/tests/test_line_info.py ................... [ 97%]
2025-01-27T13:02:33.8888870Z ..................                                                       [ 98%]
2025-01-27T13:05:36.1523130Z tardis/visualization/widgets/tests/test_shell_info.py .................. [ 99%]
2025-01-27T13:05:42.6092880Z ......                                                                   [100%]
2025-01-27T13:05:42.6093380Z 
2025-01-27T13:05:42.6093670Z =============================== warnings summary ===============================
2025-01-27T13:05:42.6094200Z tardis/io/configuration/config_validator.py:6
2025-01-27T13:05:42.6094640Z tardis/io/configuration/config_validator.py:6
2025-01-27T13:05:42.6095320Z   /Users/runner/work/tardis/tardis/tardis/io/configuration/config_validator.py:6: DeprecationWarning:
2025-01-27T13:05:42.6095890Z   
2025-01-27T13:05:42.6097210Z   jsonschema.RefResolver is deprecated as of v4.18.0, in favor of the https://github.com/python-jsonschema/referencing library, which provides more compliant referencing behavior as well as more flexible APIs for customization. A future release will remove RefResolver. Please file a feature request (on referencing) if you are missing an API for the kind of customization you need.
2025-01-27T13:05:42.6098460Z 
2025-01-27T13:05:42.6098790Z ../../../micromamba/envs/tardis/lib/python3.12/site-packages/jupyter_client/connect.py:22
2025-01-27T13:05:42.6099950Z   /Users/runner/micromamba/envs/tardis/lib/python3.12/site-packages/jupyter_client/connect.py:22: DeprecationWarning:
2025-01-27T13:05:42.6109680Z   
2025-01-27T13:05:42.6110010Z   Jupyter is migrating its paths to use standard platformdirs
2025-01-27T13:05:42.6110460Z   given by the platformdirs library.  To remove this warning and
2025-01-27T13:05:42.6111060Z   see the appropriate new directories, set the environment variable
2025-01-27T13:05:42.6111520Z   `JUPYTER_PLATFORM_DIRS=1` and then run `jupyter --paths`.
2025-01-27T13:05:42.6112020Z   The use of platformdirs will be the default in `jupyter_core` v6
2025-01-27T13:05:42.6112240Z 
2025-01-27T13:05:42.6117240Z tardis/io/tests/test_HDFWriter.py::test_multi_index_write
2025-01-27T13:05:42.6117790Z tardis/visualization/widgets/tests/test_shell_info.py::TestHDFShellInfo::test_shells_data
2025-01-27T13:05:42.6118310Z   /Users/runner/work/tardis/tardis/tardis/io/util.py:276: PerformanceWarning:
2025-01-27T13:05:42.6118670Z   
2025-01-27T13:05:42.6118870Z   
2025-01-27T13:05:42.6119090Z   your performance may suffer as PyTables will pickle object types that it cannot
2025-01-27T13:05:42.6119550Z   map directly to c-types [inferred_type->mixed,key->block0_values] [items->Index([0], dtype='int64')]
2025-01-27T13:05:42.6119820Z 
2025-01-27T13:05:42.6119980Z tardis/io/tests/test_model_reader.py::test_read_cmfgen_isotope_abundances
2025-01-27T13:05:42.6120360Z tardis/plasma/tests/test_tardis_model_density_config.py::test_electron_densities
2025-01-27T13:05:42.6120860Z tardis/plasma/tests/test_tardis_model_density_config.py::test_isotope_number_densities
2025-01-27T13:05:42.6121270Z tardis/plasma/tests/test_tardis_model_density_config.py::test_t_rad
2025-01-27T13:05:42.6121760Z   /Users/runner/work/tardis/tardis/tardis/io/model/readers/cmfgen_deprecated.py:82: DeprecationWarning:
2025-01-27T13:05:42.6122200Z   
2025-01-27T13:05:42.6122410Z   The current CMFGEN model parser is deprecated
2025-01-27T13:05:42.6122570Z 
2025-01-27T13:05:42.6122660Z tardis/io/tests/test_model_reader.py: 1 warning
2025-01-27T13:05:42.6122980Z tardis/plasma/tests/test_tardis_model_density_config.py: 9 warnings
2025-01-27T13:05:42.6123500Z   /Users/runner/work/tardis/tardis/tardis/io/model/readers/cmfgen_deprecated.py:40: DeprecationWarning:
2025-01-27T13:05:42.6123940Z   
2025-01-27T13:05:42.6124120Z   The current CMFGEN model parser is deprecated
2025-01-27T13:05:42.6124310Z 
2025-01-27T13:05:42.6124520Z tardis/model/tests/test_base.py::TestModelFromPaper1Config::test_abundances
2025-01-27T13:05:42.6125320Z   /Users/runner/work/tardis/tardis/tardis/transport/montecarlo/montecarlo_main_loop.py:123: NumbaTypeSafetyWarning:
2025-01-27T13:05:42.6125870Z   
2025-01-27T13:05:42.6137230Z   [1m[1m[1munsafe cast from uint64 to int64. Precision may be lost.[0m[0m[0m
2025-01-27T13:05:42.6137760Z 
2025-01-27T13:05:42.6137890Z tardis/model/tests/test_base.py: 6 warnings
2025-01-27T13:05:42.6138200Z tardis/model/tests/test_csvy_model.py: 2 warnings
2025-01-27T13:05:42.6138690Z tardis/plasma/tests/test_tardis_model_density_config.py: 3 warnings
2025-01-27T13:05:42.6139190Z   /Users/runner/work/tardis/tardis/tardis/model/geometry/radial1d.py:50: DeprecationWarning:
2025-01-27T13:05:42.6139680Z   
2025-01-27T13:05:42.6139930Z   v_inner_boundary < 0, assuming default value
2025-01-27T13:05:42.6140090Z 
2025-01-27T13:05:42.6140220Z tardis/model/tests/test_base.py: 6 warnings
2025-01-27T13:05:42.6140610Z tardis/model/tests/test_csvy_model.py: 2 warnings
2025-01-27T13:05:42.6140940Z tardis/plasma/tests/test_tardis_model_density_config.py: 3 warnings
2025-01-27T13:05:42.6141510Z   /Users/runner/work/tardis/tardis/tardis/model/geometry/radial1d.py:61: DeprecationWarning:
2025-01-27T13:05:42.6142020Z   
2025-01-27T13:05:42.6142300Z   v_outer_boundary < 0, assuming default value
2025-01-27T13:05:42.6142470Z 
2025-01-27T13:05:42.6142950Z tardis/plasma/equilibrium/tests/test_level_populations.py::TestLevelPopulationSolver::test_solve[collisional_rate_solver0-radiative_transitions0]
2025-01-27T13:05:42.6143790Z   /Users/runner/work/tardis/tardis/tardis/plasma/equilibrium/level_populations.py:65: FutureWarning:
2025-01-27T13:05:42.6144480Z   
2025-01-27T13:05:42.6144900Z   A value is trying to be set on a copy of a DataFrame or Series through chained assignment using an inplace method.
2025-01-27T13:05:42.6145660Z   The behavior will change in pandas 3.0. This inplace method will never work because the intermediate object on which we are setting values always behaves as a copy.
2025-01-27T13:05:42.6146230Z   
2025-01-27T13:05:42.6146880Z   For example, when doing 'df[col].method(value, inplace=True)', try using 'df.method({col: value}, inplace=True)' or df[col] = df[col].method(value) instead, to perform the operation inplace on the original object.
2025-01-27T13:05:42.6147510Z 
2025-01-27T13:05:42.6147700Z tardis/plasma/tests/test_complete_plasmas.py: 20 warnings
2025-01-27T13:05:42.6148360Z   /Users/runner/work/tardis/tardis/tardis/plasma/tests/test_complete_plasmas.py:197: UserWarning:
2025-01-27T13:05:42.6148810Z   
2025-01-27T13:05:42.6149070Z   Property "atomic_mass" not found
2025-01-27T13:05:42.6149260Z 
2025-01-27T13:05:42.6149620Z tardis/plasma/tests/test_complete_plasmas.py::TestPlasma::test_plasma_properties[radiative_rates_type:detailed-w_epsilon:1e-10-j_blues_norm_factor]
2025-01-27T13:05:42.6150420Z tardis/plasma/tests/test_complete_plasmas.py::TestPlasma::test_plasma_properties[radiative_rates_type:detailed-j_blues_norm_factor]
2025-01-27T13:05:42.6151030Z   /Users/runner/work/tardis/tardis/tardis/plasma/tests/test_complete_plasmas.py:197: UserWarning:
2025-01-27T13:05:42.6151450Z   
2025-01-27T13:05:42.6151650Z   Property "j_blues_norm_factor" not found
2025-01-27T13:05:42.6151860Z 
2025-01-27T13:05:42.6152260Z tardis/plasma/tests/test_complete_plasmas.py::TestPlasma::test_plasma_properties[radiative_rates_type:detailed-w_epsilon:1e-10-j_blue_estimator]
2025-01-27T13:05:42.6153100Z tardis/plasma/tests/test_complete_plasmas.py::TestPlasma::test_plasma_properties[radiative_rates_type:detailed-j_blue_estimator]
2025-01-27T13:05:42.6153760Z   /Users/runner/work/tardis/tardis/tardis/plasma/tests/test_complete_plasmas.py:197: UserWarning:
2025-01-27T13:05:42.6154160Z   
2025-01-27T13:05:42.6154330Z   Property "j_blue_estimator" not found
2025-01-27T13:05:42.6154530Z 
2025-01-27T13:05:42.6154900Z tardis/plasma/tests/test_complete_plasmas.py::TestPlasma::test_plasma_properties[radiative_rates_type:detailed-w_epsilon:1e-10-volume]
2025-01-27T13:05:42.6155650Z tardis/plasma/tests/test_complete_plasmas.py::TestPlasma::test_plasma_properties[radiative_rates_type:detailed-volume]
2025-01-27T13:05:42.6156330Z   /Users/runner/work/tardis/tardis/tardis/plasma/tests/test_complete_plasmas.py:197: UserWarning:
2025-01-27T13:05:42.6156760Z   
2025-01-27T13:05:42.6157110Z   Property "volume" not found
2025-01-27T13:05:42.6157260Z 
2025-01-27T13:05:42.6157590Z tardis/plasma/tests/test_complete_plasmas.py::TestPlasma::test_plasma_properties[radiative_rates_type:detailed-w_epsilon:1e-10-r_inner]
2025-01-27T13:05:42.6158270Z tardis/plasma/tests/test_complete_plasmas.py::TestPlasma::test_plasma_properties[radiative_rates_type:detailed-r_inner]
2025-01-27T13:05:42.6158860Z   /Users/runner/work/tardis/tardis/tardis/plasma/tests/test_complete_plasmas.py:197: UserWarning:
2025-01-27T13:05:42.6159260Z   
2025-01-27T13:05:42.6159400Z   Property "r_inner" not found
2025-01-27T13:05:42.6159620Z 
2025-01-27T13:05:42.6159830Z tardis/plasma/tests/test_plasma_vboundary.py::test_plasma_vboundary[2900-3750]
2025-01-27T13:05:42.6160260Z tardis/plasma/tests/test_plasma_vboundary.py::test_plasma_vboundary[2900-3850]
2025-01-27T13:05:42.6160670Z tardis/plasma/tests/test_plasma_vboundary.py::test_plasma_vboundary[2900-3900]
2025-01-27T13:05:42.6161100Z   /Users/runner/work/tardis/tardis/tardis/model/geometry/radial1d.py:71: UserWarning:
2025-01-27T13:05:42.6161450Z   
2025-01-27T13:05:42.6161660Z   Requesting inner boundary below inner shell. Extrapolating the inner cell
2025-01-27T13:05:42.6161900Z 
2025-01-27T13:05:42.6162070Z tardis/spectrum/tests/test_spectrum_solver.py::TestSpectrumSolver::test_solve
2025-01-27T13:05:42.6162480Z   /Users/runner/work/tardis/tardis/tardis/spectrum/base.py:70: UserWarning:
2025-01-27T13:05:42.6162990Z   
2025-01-27T13:05:42.6163380Z   SpectrumSolver.spectrum_virtual_packets is zero. Please run the montecarlo simulation with no_of_virtual_packets > 0
2025-01-27T13:05:42.6163740Z 
2025-01-27T13:05:42.6163910Z tardis/spectrum/tests/test_spectrum_solver.py::TestSpectrumSolver::test_solve
2025-01-27T13:05:42.6164330Z   /Users/runner/work/tardis/tardis/tardis/spectrum/base.py:111: UserWarning:
2025-01-27T13:05:42.6164600Z   
2025-01-27T13:05:42.6165080Z   SpectrumSolver.integrator: The FormalIntegrator is not yet available.Please run the montecarlo simulation at least once.
2025-01-27T13:05:42.6165510Z 
2025-01-27T13:05:42.6165700Z tardis/transport/montecarlo/tests/test_vpacket.py::test_trace_vpacket_volley
2025-01-27T13:05:42.6166100Z   <string>:3: NumbaPendingDeprecationWarning:
2025-01-27T13:05:42.6166400Z   
2025-01-27T13:05:42.6167440Z   [1m[1mCode using Numba extension API maybe depending on 'old_style' error-capturing, which is deprecated and will be replaced by 'new_style' in a future release. See details at https://numba.readthedocs.io/en/latest/reference/deprecation.html#deprecation-of-old-style-numba-captured-errors
2025-01-27T13:05:42.6168390Z   Exception origin:
2025-01-27T13:05:42.6168860Z     File "/Users/runner/micromamba/envs/tardis/lib/python3.12/inspect.py", line 3180, in _bind
2025-01-27T13:05:42.6169350Z       raise TypeError(msg) from None
2025-01-27T13:05:42.6169640Z   [0m[0m
2025-01-27T13:05:42.6169790Z 
2025-01-27T13:05:42.6170110Z tardis/visualization/tools/tests/test_sdec_plot.py::TestSDECPlotter::test_mpl_image[plotter_generate_plot_mpl4]
2025-01-27T13:05:42.6170800Z   /Users/runner/work/tardis/tardis/tardis/visualization/tools/sdec_plot.py:1225: RuntimeWarning:
2025-01-27T13:05:42.6171220Z   
2025-01-27T13:05:42.6172060Z   More than 20 figures have been opened. Figures created through the pyplot interface (`matplotlib.pyplot.figure`) are retained until explicitly closed and may consume too much memory. (To control this warning, see the rcParam `figure.max_open_warning`). Consider using `matplotlib.pyplot.close()`.
2025-01-27T13:05:42.6172840Z 
2025-01-27T13:05:42.6173160Z tardis/visualization/widgets/tests/test_custom_abundance.py::TestCustomAbundanceWidget::test_update_input_item_value
2025-01-27T13:05:42.6173820Z tardis/visualization/widgets/tests/test_custom_abundance.py::TestCustomAbundanceWidget::test_update_input_item_value
2025-01-27T13:05:42.6174550Z tardis/visualization/widgets/tests/test_custom_abundance.py::TestCustomAbundanceWidget::test_update_input_item_value
2025-01-27T13:05:42.6175450Z tardis/visualization/widgets/tests/test_custom_abundance.py::TestCustomAbundanceWidget::test_update_input_item_value
2025-01-27T13:05:42.6176220Z tardis/visualization/widgets/tests/test_custom_abundance.py::TestCustomAbundanceWidget::test_update_input_item_value
2025-01-27T13:05:42.6176870Z tardis/visualization/widgets/tests/test_custom_abundance.py::TestCustomAbundanceWidget::test_update_input_item_value
2025-01-27T13:05:42.6177620Z   /Users/runner/micromamba/envs/tardis/lib/python3.12/site-packages/traitlets/traitlets.py:1385: DeprecationWarning:
2025-01-27T13:05:42.6178080Z   
2025-01-27T13:05:42.6178390Z   Passing unrecognized arguments to super(Checkbox).__init__(icon='lock').
2025-01-27T13:05:42.6178780Z   object.__init__() takes exactly one argument (the instance to initialize)
2025-01-27T13:05:42.6179340Z   This is deprecated in traitlets 4.2.This error will be raised in a future release of traitlets.
2025-01-27T13:05:42.6179640Z 
2025-01-27T13:05:42.6179920Z tardis/visualization/widgets/tests/test_custom_abundance.py::TestCustomAbundanceWidget::test_update_input_item_value
2025-01-27T13:05:42.6180660Z tardis/visualization/widgets/tests/test_custom_abundance.py::TestCustomAbundanceWidget::test_update_input_item_value
2025-01-27T13:05:42.6181390Z   /Users/runner/micromamba/envs/tardis/lib/python3.12/site-packages/traitlets/traitlets.py:1385: DeprecationWarning:
2025-01-27T13:05:42.6181810Z   
2025-01-27T13:05:42.6182080Z   Passing unrecognized arguments to super(FloatText).__init__(min=0).
2025-01-27T13:05:42.6182630Z   object.__init__() takes exactly one argument (the instance to initialize)
2025-01-27T13:05:42.6183120Z   This is deprecated in traitlets 4.2.This error will be raised in a future release of traitlets.
2025-01-27T13:05:42.6183370Z 
2025-01-27T13:05:42.6183690Z tardis/visualization/widgets/tests/test_custom_abundance.py::TestCustomAbundanceWidget::test_update_input_item_value
2025-01-27T13:05:42.6184410Z   /Users/runner/micromamba/envs/tardis/lib/python3.12/site-packages/traitlets/traitlets.py:1385: DeprecationWarning:
2025-01-27T13:05:42.6184850Z   
2025-01-27T13:05:42.6185140Z   Passing unrecognized arguments to super(HTML).__init__(indent=True).
2025-01-27T13:05:42.6185550Z   object.__init__() takes exactly one argument (the instance to initialize)
2025-01-27T13:05:42.6186040Z   This is deprecated in traitlets 4.2.This error will be raised in a future release of traitlets.
2025-01-27T13:05:42.6186330Z 
2025-01-27T13:05:42.6186660Z tardis/visualization/widgets/tests/test_line_info.py::TestLineInfoWidgetData::test_get_species_interactions[wavelength_range0-packet_out_nu]
2025-01-27T13:05:42.6187360Z   /Users/runner/micromamba/envs/tardis/lib/python3.12/site-packages/qgridnext/grid.py:830: DeprecationWarning:
2025-01-27T13:05:42.6187820Z   
2025-01-27T13:05:42.6188090Z   QgridWidget._show_toolbar_changed is deprecated in traitlets 4.1: use @observe and @unobserve instead.
2025-01-27T13:05:42.6188420Z 
2025-01-27T13:05:42.6188620Z tardis/visualization/widgets/tests/test_shell_info.py::TestHDFShellInfo::test_shells_data
2025-01-27T13:05:42.6189100Z   /Users/runner/work/tardis/tardis/tardis/io/util.py:289: PerformanceWarning:
2025-01-27T13:05:42.6189430Z   
2025-01-27T13:05:42.6189570Z   
2025-01-27T13:05:42.6189890Z   your performance may suffer as PyTables will pickle object types that it cannot
2025-01-27T13:05:42.6190370Z   map directly to c-types [inferred_type->mixed,key->block0_values] [items->Index([0], dtype='int64')]
2025-01-27T13:05:42.6190670Z 
2025-01-27T13:05:42.6190870Z tardis/visualization/widgets/tests/test_shell_info.py::TestHDFShellInfo::test_shells_data
2025-01-27T13:05:42.6191370Z   /Users/runner/work/tardis/tardis/tardis/io/util.py:292: PerformanceWarning:
2025-01-27T13:05:42.6191650Z   
2025-01-27T13:05:42.6191750Z   
2025-01-27T13:05:42.6191960Z   your performance may suffer as PyTables will pickle object types that it cannot
2025-01-27T13:05:42.6192390Z   map directly to c-types [inferred_type->mixed,key->values] [items->None]
2025-01-27T13:05:42.6192600Z 
2025-01-27T13:05:42.6193020Z tardis/visualization/widgets/tests/test_shell_info.py::TestHDFShellInfo::test_shells_data
2025-01-27T13:05:42.6193480Z   /Users/runner/work/tardis/tardis/tardis/spectrum/formal_integral.py:398: UserWarning:
2025-01-27T13:05:42.6193790Z   
2025-01-27T13:05:42.6194120Z   The number of interpolate_shells was not specified. The value was set to 80.
2025-01-27T13:05:42.6194390Z 
2025-01-27T13:05:42.6194560Z -- Docs: https://docs.pytest.org/en/stable/how-to/capture-warnings.html
2025-01-27T13:05:42.6194770Z 
2025-01-27T13:05:42.6194910Z ---------- coverage: platform darwin, python 3.12.4-final-0 ----------
2025-01-27T13:05:42.6195190Z Coverage HTML written to dir coverage_html_report
2025-01-27T13:05:42.6195410Z Coverage XML written to file coverage.xml
2025-01-27T13:05:42.6195550Z 
2025-01-27T13:05:42.6195780Z = 1438 passed, 329 skipped, 2 deselected, 19 xfailed, 8 xpassed, 91 warnings in 793.53s (0:13:13) =
2025-01-27T13:05:44.4554020Z ##[group]Run mv .coverage .coverage.0
2025-01-27T13:05:44.4554290Z [36;1mmv .coverage .coverage.0[0m
2025-01-27T13:05:44.4960200Z shell: /bin/bash -l {0}
2025-01-27T13:05:44.4973400Z env:
2025-01-27T13:05:44.4973540Z   CACHE_NUMBER: 0
2025-01-27T13:05:44.4974030Z   PYTEST_FLAGS: --tardis-regression-data=/Users/runner/work/tardis/tardis/tardis-regression-data --cov=tardis --cov-report=xml --cov-report=html --cov-append
2025-01-27T13:05:44.4974520Z   CODECOV_TOKEN: 
2025-01-27T13:05:44.4974680Z   MAMBA_ROOT_PREFIX: /Users/runner/micromamba
2025-01-27T13:05:44.4975170Z   MAMBA_EXE: /Users/runner/micromamba-bin/micromamba
2025-01-27T13:05:44.4975440Z   CONDARC: /Users/runner/work/_temp/setup-micromamba/.condarc
2025-01-27T13:05:44.4975680Z ##[endgroup]
2025-01-27T13:05:44.7160060Z ##[group]Run actions/upload-artifact@v4
2025-01-27T13:05:44.7160350Z with:
2025-01-27T13:05:44.7160520Z   name: coverage-not-continuum-macos-latest
2025-01-27T13:05:44.7160760Z   include-hidden-files: true
2025-01-27T13:05:44.7160950Z   path: .coverage*
!.coveragerc

2025-01-27T13:05:44.7161150Z   if-no-files-found: warn
2025-01-27T13:05:44.7161320Z   compression-level: 6
2025-01-27T13:05:44.7161490Z   overwrite: false
2025-01-27T13:05:44.7161630Z env:
2025-01-27T13:05:44.7161770Z   CACHE_NUMBER: 0
2025-01-27T13:05:44.7162250Z   PYTEST_FLAGS: --tardis-regression-data=/Users/runner/work/tardis/tardis/tardis-regression-data --cov=tardis --cov-report=xml --cov-report=html --cov-append
2025-01-27T13:05:44.7162760Z   CODECOV_TOKEN: 
2025-01-27T13:05:44.7162970Z   MAMBA_ROOT_PREFIX: /Users/runner/micromamba
2025-01-27T13:05:44.7163230Z   MAMBA_EXE: /Users/runner/micromamba-bin/micromamba
2025-01-27T13:05:44.7163510Z   CONDARC: /Users/runner/work/_temp/setup-micromamba/.condarc
2025-01-27T13:05:44.7163780Z ##[endgroup]
2025-01-27T13:05:45.2033820Z With the provided path, there will be 2 files uploaded
2025-01-27T13:05:45.2038190Z Artifact name is valid!
2025-01-27T13:05:45.2045230Z Root directory input is valid!
2025-01-27T13:05:45.4123650Z Beginning upload of artifact content to blob storage
2025-01-27T13:05:45.6126070Z Uploaded bytes 29601
2025-01-27T13:05:45.6703250Z Finished uploading artifact content to blob storage!
2025-01-27T13:05:45.6709590Z SHA256 hash of uploaded artifact zip is 0f7a2a58f9718d78f8068207cf8e16de51bd7260b6f0bfa4c8dd7e1f99ab49a2
2025-01-27T13:05:45.6712940Z Finalizing artifact upload
2025-01-27T13:05:45.7751180Z Artifact coverage-not-continuum-macos-latest.zip successfully finalized. Artifact ID 2490515477
2025-01-27T13:05:45.7752050Z Artifact coverage-not-continuum-macos-latest has been successfully uploaded! Final size is 29601 bytes. Artifact ID is 2490515477
2025-01-27T13:05:45.7762270Z Artifact download URL: https://github.com/tardis-sn/tardis/actions/runs/12989380608/artifacts/2490515477
2025-01-27T13:05:45.8237190Z Post job cleanup.
2025-01-27T13:05:45.8297600Z Post job cleanup.
2025-01-27T13:05:45.9977360Z Will use pre-installed micromamba at /Users/runner/micromamba-bin/micromamba
2025-01-27T13:05:45.9979870Z Removing micromamba run shell ...
2025-01-27T13:05:45.9982110Z ##[group]Deinitialize micromamba for bash
2025-01-27T13:05:46.0000680Z [command]/Users/runner/micromamba-bin/micromamba shell deinit -s bash -r /Users/runner/micromamba --log-level warning --rc-file /Users/runner/work/_temp/setup-micromamba/.condarc
2025-01-27T13:05:46.0165790Z Resetting RC file "/Users/runner/.bash_profile"
2025-01-27T13:05:46.0166250Z Deleting config for root prefix 
2025-01-27T13:05:46.0166510Z Clearing mamba executable environment variable
2025-01-27T13:05:46.0197890Z Removing the following in your "/Users/runner/.bash_profile" file
2025-01-27T13:05:46.0198800Z # >>> mamba initialize >>>
2025-01-27T13:05:46.0199450Z ...
2025-01-27T13:05:46.0200970Z # <<< mamba initialize <<<
2025-01-27T13:05:46.0233790Z Removing environment tardis from auto-activate bash ...
2025-01-27T13:05:46.0348800Z Post job cleanup.
2025-01-27T13:05:46.0418640Z Post job cleanup.
2025-01-27T13:05:46.1676850Z [command]/opt/homebrew/bin/git version
2025-01-27T13:05:46.1911580Z git version 2.48.1
2025-01-27T13:05:46.1937470Z Copying '/Users/runner/.gitconfig' to '/Users/runner/work/_temp/00ca56c4-39a6-496d-ae72-52b37bf6d982/.gitconfig'
2025-01-27T13:05:46.1956850Z Temporarily overriding HOME='/Users/runner/work/_temp/00ca56c4-39a6-496d-ae72-52b37bf6d982' before making global git config changes
2025-01-27T13:05:46.1973650Z Adding repository directory to the temporary git global config as a safe directory
2025-01-27T13:05:46.1975230Z [command]/opt/homebrew/bin/git config --global --add safe.directory /Users/runner/work/tardis/tardis/tardis-regression-data
2025-01-27T13:05:46.2083750Z [command]/opt/homebrew/bin/git config --local --name-only --get-regexp core\.sshCommand
2025-01-27T13:05:46.2144920Z [command]/opt/homebrew/bin/git submodule foreach --recursive sh -c "git config --local --name-only --get-regexp 'core\.sshCommand' && git config --local --unset-all 'core.sshCommand' || :"
2025-01-27T13:05:46.3552070Z [command]/opt/homebrew/bin/git config --local --name-only --get-regexp http\.https\:\/\/github\.com\/\.extraheader
2025-01-27T13:05:46.3601700Z http.https://github.com/.extraheader
2025-01-27T13:05:46.3611840Z [command]/opt/homebrew/bin/git config --local --unset-all http.https://github.com/.extraheader
2025-01-27T13:05:46.3689090Z [command]/opt/homebrew/bin/git submodule foreach --recursive sh -c "git config --local --name-only --get-regexp 'http\.https\:\/\/github\.com\/\.extraheader' && git config --local --unset-all 'http.https://github.com/.extraheader' || :"
2025-01-27T13:05:46.4712550Z Post job cleanup.
2025-01-27T13:05:46.5856820Z [command]/opt/homebrew/bin/git version
2025-01-27T13:05:46.5926890Z git version 2.48.1
2025-01-27T13:05:46.5950420Z Copying '/Users/runner/.gitconfig' to '/Users/runner/work/_temp/d04a7173-aee4-47b8-87a5-df71fc9c3406/.gitconfig'
2025-01-27T13:05:46.5959130Z Temporarily overriding HOME='/Users/runner/work/_temp/d04a7173-aee4-47b8-87a5-df71fc9c3406' before making global git config changes
2025-01-27T13:05:46.5959830Z Adding repository directory to the temporary git global config as a safe directory
2025-01-27T13:05:46.5963830Z [command]/opt/homebrew/bin/git config --global --add safe.directory /Users/runner/work/tardis/tardis
2025-01-27T13:05:46.6057650Z [command]/opt/homebrew/bin/git config --local --name-only --get-regexp core\.sshCommand
2025-01-27T13:05:46.6124820Z [command]/opt/homebrew/bin/git submodule foreach --recursive sh -c "git config --local --name-only --get-regexp 'core\.sshCommand' && git config --local --unset-all 'core.sshCommand' || :"
2025-01-27T13:05:46.7040450Z [command]/opt/homebrew/bin/git config --local --name-only --get-regexp http\.https\:\/\/github\.com\/\.extraheader
2025-01-27T13:05:46.7078990Z http.https://github.com/.extraheader
2025-01-27T13:05:46.7087020Z [command]/opt/homebrew/bin/git config --local --unset-all http.https://github.com/.extraheader
2025-01-27T13:05:46.7140340Z [command]/opt/homebrew/bin/git submodule foreach --recursive sh -c "git config --local --name-only --get-regexp 'http\.https\:\/\/github\.com\/\.extraheader' && git config --local --unset-all 'http.https://github.com/.extraheader' || :"
2025-01-27T13:05:46.8135570Z Cleaning up orphan processes
