2025-02-23T16:22:20.0129374Z Prepare all required actions
2025-02-23T16:22:20.0129943Z Getting action download info
2025-02-23T16:22:20.1874650Z ##[group]Download immutable action package 'actions/cache@v4'
2025-02-23T16:22:20.1875280Z Version: 4.2.1
2025-02-23T16:22:20.1875826Z Digest: sha256:b0404c9628d43aa6855629075b28f32cadf8efc5c26198438149f78500112940
2025-02-23T16:22:20.1876546Z Source commit SHA: 0c907a75c2c80ebcb7f088228285e798b750cf8f
2025-02-23T16:22:20.1877053Z ##[endgroup]
2025-02-23T16:22:20.5083549Z ##[group]Run ./.github/actions/setup_lfs
2025-02-23T16:22:20.5083920Z with:
2025-02-23T16:22:20.5084223Z   regression-data-repo: tardis-sn/tardis-regression-data
2025-02-23T16:22:20.5084590Z   atom-data-sparse: false
2025-02-23T16:22:20.5084843Z env:
2025-02-23T16:22:20.5085044Z   CACHE_NUMBER: 0
2025-02-23T16:22:20.5085689Z   PYTEST_FLAGS: --tardis-regression-data=/home/runner/work/tardis/tardis/tardis-regression-data --cov=tardis --cov-report=xml --cov-report=html --cov-append
2025-02-23T16:22:20.5086411Z   CODECOV_TOKEN: 
2025-02-23T16:22:20.5086682Z ##[endgroup]
2025-02-23T16:22:20.5225246Z ##[group]Run actions/checkout@v4
2025-02-23T16:22:20.5225566Z with:
2025-02-23T16:22:20.5225826Z   repository: tardis-sn/tardis-regression-data
2025-02-23T16:22:20.5226161Z   path: tardis-regression-data
2025-02-23T16:22:20.5226424Z   lfs: false
2025-02-23T16:22:20.5226784Z   token: ***
2025-02-23T16:22:20.5227012Z   ssh-strict: true
2025-02-23T16:22:20.5227244Z   ssh-user: git
2025-02-23T16:22:20.5227480Z   persist-credentials: true
2025-02-23T16:22:20.5227740Z   clean: true
2025-02-23T16:22:20.5227984Z   sparse-checkout-cone-mode: true
2025-02-23T16:22:20.5228275Z   fetch-depth: 1
2025-02-23T16:22:20.5228505Z   fetch-tags: false
2025-02-23T16:22:20.5228742Z   show-progress: true
2025-02-23T16:22:20.5228975Z   submodules: false
2025-02-23T16:22:20.5229212Z   set-safe-directory: true
2025-02-23T16:22:20.5229461Z env:
2025-02-23T16:22:20.5229666Z   CACHE_NUMBER: 0
2025-02-23T16:22:20.5230309Z   PYTEST_FLAGS: --tardis-regression-data=/home/runner/work/tardis/tardis/tardis-regression-data --cov=tardis --cov-report=xml --cov-report=html --cov-append
2025-02-23T16:22:20.5231006Z   CODECOV_TOKEN: 
2025-02-23T16:22:20.5231228Z ##[endgroup]
2025-02-23T16:22:20.6150674Z Syncing repository: tardis-sn/tardis-regression-data
2025-02-23T16:22:20.6157027Z ##[group]Getting Git version info
2025-02-23T16:22:20.6157823Z Working directory is '/home/runner/work/tardis/tardis/tardis-regression-data'
2025-02-23T16:22:20.6200184Z [command]/usr/bin/git version
2025-02-23T16:22:20.6242597Z git version 2.48.1
2025-02-23T16:22:20.6267791Z ##[endgroup]
2025-02-23T16:22:20.6279786Z Temporarily overriding HOME='/home/runner/work/_temp/00879100-a354-4e8a-8e4d-ad389f9b8c61' before making global git config changes
2025-02-23T16:22:20.6281092Z Adding repository directory to the temporary git global config as a safe directory
2025-02-23T16:22:20.6285145Z [command]/usr/bin/git config --global --add safe.directory /home/runner/work/tardis/tardis/tardis-regression-data
2025-02-23T16:22:20.6315324Z ##[group]Initializing the repository
2025-02-23T16:22:20.6320180Z [command]/usr/bin/git init /home/runner/work/tardis/tardis/tardis-regression-data
2025-02-23T16:22:20.6358524Z hint: Using 'master' as the name for the initial branch. This default branch name
2025-02-23T16:22:20.6359545Z hint: is subject to change. To configure the initial branch name to use in all
2025-02-23T16:22:20.6360404Z hint: of your new repositories, which will suppress this warning, call:
2025-02-23T16:22:20.6360962Z hint:
2025-02-23T16:22:20.6361251Z hint: 	git config --global init.defaultBranch <name>
2025-02-23T16:22:20.6361583Z hint:
2025-02-23T16:22:20.6361902Z hint: Names commonly chosen instead of 'master' are 'main', 'trunk' and
2025-02-23T16:22:20.6362657Z hint: 'development'. The just-created branch can be renamed via this command:
2025-02-23T16:22:20.6363070Z hint:
2025-02-23T16:22:20.6363296Z hint: 	git branch -m <name>
2025-02-23T16:22:20.6363783Z Initialized empty Git repository in /home/runner/work/tardis/tardis/tardis-regression-data/.git/
2025-02-23T16:22:20.6370479Z [command]/usr/bin/git remote add origin https://github.com/tardis-sn/tardis-regression-data
2025-02-23T16:22:20.6401767Z ##[endgroup]
2025-02-23T16:22:20.6402737Z ##[group]Disabling automatic garbage collection
2025-02-23T16:22:20.6406573Z [command]/usr/bin/git config --local gc.auto 0
2025-02-23T16:22:20.6434678Z ##[endgroup]
2025-02-23T16:22:20.6435140Z ##[group]Setting up auth
2025-02-23T16:22:20.6440756Z [command]/usr/bin/git config --local --name-only --get-regexp core\.sshCommand
2025-02-23T16:22:20.6471751Z [command]/usr/bin/git submodule foreach --recursive sh -c "git config --local --name-only --get-regexp 'core\.sshCommand' && git config --local --unset-all 'core.sshCommand' || :"
2025-02-23T16:22:20.6695819Z [command]/usr/bin/git config --local --name-only --get-regexp http\.https\:\/\/github\.com\/\.extraheader
2025-02-23T16:22:20.6724985Z [command]/usr/bin/git submodule foreach --recursive sh -c "git config --local --name-only --get-regexp 'http\.https\:\/\/github\.com\/\.extraheader' && git config --local --unset-all 'http.https://github.com/.extraheader' || :"
2025-02-23T16:22:20.6951179Z [command]/usr/bin/git config --local http.https://github.com/.extraheader AUTHORIZATION: basic ***
2025-02-23T16:22:20.6988742Z ##[endgroup]
2025-02-23T16:22:20.6989657Z ##[group]Determining the default branch
2025-02-23T16:22:20.6993088Z Retrieving the default branch name
2025-02-23T16:22:20.9858303Z Default branch 'main'
2025-02-23T16:22:20.9860607Z ##[endgroup]
2025-02-23T16:22:20.9861254Z ##[group]Fetching the repository
2025-02-23T16:22:20.9868469Z [command]/usr/bin/git -c protocol.version=2 fetch --no-tags --prune --no-recurse-submodules --depth=1 origin +refs/heads/main:refs/remotes/origin/main
2025-02-23T16:22:21.6116177Z From https://github.com/tardis-sn/tardis-regression-data
2025-02-23T16:22:21.6117096Z  * [new branch]      main       -> origin/main
2025-02-23T16:22:21.6146664Z ##[endgroup]
2025-02-23T16:22:21.6147634Z ##[group]Determining the checkout info
2025-02-23T16:22:21.6148567Z ##[endgroup]
2025-02-23T16:22:21.6153931Z [command]/usr/bin/git sparse-checkout disable
2025-02-23T16:22:21.6192809Z [command]/usr/bin/git config --local --unset-all extensions.worktreeConfig
2025-02-23T16:22:21.6225048Z ##[group]Checking out the ref
2025-02-23T16:22:21.6226830Z [command]/usr/bin/git checkout --progress --force -B main refs/remotes/origin/main
2025-02-23T16:22:22.3720007Z Switched to a new branch 'main'
2025-02-23T16:22:22.3722079Z branch 'main' set up to track 'origin/main'.
2025-02-23T16:22:22.3998261Z ##[endgroup]
2025-02-23T16:22:22.4041478Z [command]/usr/bin/git log -1 --format=%H
2025-02-23T16:22:22.4065207Z 84e768462f20f09fbccc05625cdcc1d8ffbe404c
2025-02-23T16:22:22.4200415Z ##[group]Run if [ "false" == "true" ]; then
2025-02-23T16:22:22.4200873Z [36;1mif [ "false" == "true" ]; then[0m
2025-02-23T16:22:22.4201193Z [36;1m  echo "Using atom data sparse checkout"[0m
2025-02-23T16:22:22.4201857Z [36;1m  echo "atom_data/kurucz_cd23_chianti_H_He.h5" > .lfs-files-list[0m
2025-02-23T16:22:22.4202210Z [36;1melse[0m
2025-02-23T16:22:22.4202850Z [36;1m  echo "Using full repository checkout"[0m
2025-02-23T16:22:22.4203390Z [36;1m  git lfs ls-files -l | cut -d' ' -f1 | sort > .lfs-files-list[0m
2025-02-23T16:22:22.4203711Z [36;1mfi[0m
2025-02-23T16:22:22.4377755Z shell: /usr/bin/bash --noprofile --norc -e -o pipefail {0}
2025-02-23T16:22:22.4378113Z env:
2025-02-23T16:22:22.4378300Z   CACHE_NUMBER: 0
2025-02-23T16:22:22.4378915Z   PYTEST_FLAGS: --tardis-regression-data=/home/runner/work/tardis/tardis/tardis-regression-data --cov=tardis --cov-report=xml --cov-report=html --cov-append
2025-02-23T16:22:22.4379589Z   CODECOV_TOKEN: 
2025-02-23T16:22:22.4379775Z ##[endgroup]
2025-02-23T16:22:22.4478377Z Using full repository checkout
2025-02-23T16:22:22.5901296Z ##[group]Run actions/cache/restore@v4
2025-02-23T16:22:22.5901649Z with:
2025-02-23T16:22:22.5901853Z   path: tardis-regression-data/.git/lfs
2025-02-23T16:22:22.5902990Z   key: tardis-regression-full-data-c8ff2bbb6048b3f24d3f52a1e85b013ad47e52c369a6ce4cfdeff528b659b86f-tardis-sn/tardis-regression-data-v1
2025-02-23T16:22:22.5903909Z   fail-on-cache-miss: true
2025-02-23T16:22:22.5904159Z   enableCrossOsArchive: false
2025-02-23T16:22:22.5904397Z   lookup-only: false
2025-02-23T16:22:22.5904592Z env:
2025-02-23T16:22:22.5904766Z   CACHE_NUMBER: 0
2025-02-23T16:22:22.5905374Z   PYTEST_FLAGS: --tardis-regression-data=/home/runner/work/tardis/tardis/tardis-regression-data --cov=tardis --cov-report=xml --cov-report=html --cov-append
2025-02-23T16:22:22.5906002Z   CODECOV_TOKEN: 
2025-02-23T16:22:22.5906187Z ##[endgroup]
2025-02-23T16:22:22.9989270Z Cache hit for: tardis-regression-full-data-c8ff2bbb6048b3f24d3f52a1e85b013ad47e52c369a6ce4cfdeff528b659b86f-tardis-sn/tardis-regression-data-v1
2025-02-23T16:22:24.3124647Z Received 0 of 2161656325 (0.0%), 0.0 MBs/sec
2025-02-23T16:22:25.3130874Z Received 96468992 of 2161656325 (4.5%), 46.0 MBs/sec
2025-02-23T16:22:26.3163002Z Received 184549376 of 2161656325 (8.5%), 58.6 MBs/sec
2025-02-23T16:22:27.3149548Z Received 264241152 of 2161656325 (12.2%), 63.0 MBs/sec
2025-02-23T16:22:28.3157228Z Received 335544320 of 2161656325 (15.5%), 64.0 MBs/sec
2025-02-23T16:22:29.3163996Z Received 423624704 of 2161656325 (19.6%), 67.3 MBs/sec
2025-02-23T16:22:30.3804952Z Received 536870912 of 2161656325 (24.8%), 72.4 MBs/sec
2025-02-23T16:22:31.3797801Z Received 645922816 of 2161656325 (29.9%), 76.4 MBs/sec
2025-02-23T16:22:32.3805373Z Received 746586112 of 2161656325 (34.5%), 78.5 MBs/sec
2025-02-23T16:22:33.3805026Z Received 834666496 of 2161656325 (38.6%), 79.1 MBs/sec
2025-02-23T16:22:34.3817803Z Received 939524096 of 2161656325 (43.5%), 80.9 MBs/sec
2025-02-23T16:22:35.3818677Z Received 1044381696 of 2161656325 (48.3%), 82.5 MBs/sec
2025-02-23T16:22:36.3860581Z Received 1153433600 of 2161656325 (53.4%), 84.1 MBs/sec
2025-02-23T16:22:37.3878720Z Received 1254096896 of 2161656325 (58.0%), 85.0 MBs/sec
2025-02-23T16:22:38.3896044Z Received 1342177280 of 2161656325 (62.1%), 84.9 MBs/sec
2025-02-23T16:22:39.3903442Z Received 1463812096 of 2161656325 (67.7%), 86.8 MBs/sec
2025-02-23T16:22:40.3907902Z Received 1556086784 of 2161656325 (72.0%), 86.9 MBs/sec
2025-02-23T16:22:41.3943548Z Received 1648361472 of 2161656325 (76.3%), 87.0 MBs/sec
2025-02-23T16:22:42.3924210Z Received 1744830464 of 2161656325 (80.7%), 87.2 MBs/sec
2025-02-23T16:22:43.3935002Z Received 1870659584 of 2161656325 (86.5%), 88.8 MBs/sec
2025-02-23T16:22:44.3940001Z Received 1954545664 of 2161656325 (90.4%), 88.4 MBs/sec
2025-02-23T16:22:45.3954230Z Received 2055208960 of 2161656325 (95.1%), 88.8 MBs/sec
2025-02-23T16:22:46.3959511Z Received 2149073413 of 2161656325 (99.4%), 88.8 MBs/sec
2025-02-23T16:22:46.5206054Z Received 2161656325 of 2161656325 (100.0%), 88.8 MBs/sec
2025-02-23T16:22:46.5209242Z Cache Size: ~2062 MB (2161656325 B)
2025-02-23T16:22:46.5270065Z [command]/usr/bin/tar -xf /home/runner/work/_temp/4bfc5ada-b540-4092-aa20-dd2b092ad442/cache.tzst -P -C /home/runner/work/tardis/tardis --use-compress-program unzstd
2025-02-23T16:22:56.7553931Z Cache restored successfully
2025-02-23T16:22:57.9670541Z Cache restored from key: tardis-regression-full-data-c8ff2bbb6048b3f24d3f52a1e85b013ad47e52c369a6ce4cfdeff528b659b86f-tardis-sn/tardis-regression-data-v1
2025-02-23T16:22:57.9791697Z ##[group]Run git lfs checkout
2025-02-23T16:22:57.9792073Z [36;1mgit lfs checkout[0m
2025-02-23T16:22:57.9848169Z shell: /usr/bin/bash --noprofile --norc -e -o pipefail {0}
2025-02-23T16:22:57.9848498Z env:
2025-02-23T16:22:57.9848672Z   CACHE_NUMBER: 0
2025-02-23T16:22:57.9849266Z   PYTEST_FLAGS: --tardis-regression-data=/home/runner/work/tardis/tardis/tardis-regression-data --cov=tardis --cov-report=xml --cov-report=html --cov-append
2025-02-23T16:22:57.9849881Z   CODECOV_TOKEN: 
2025-02-23T16:22:57.9850095Z ##[endgroup]
2025-02-23T16:23:17.2922498Z Checking out LFS objects: 100% (204/204), 5.7 GB | 253 MB/s, done.
