2025-02-21T11:05:17.0948538Z Requested labels: ubuntu-latest
2025-02-21T11:05:17.0948753Z Job defined at: tardis-sn/tardis/.github/workflows/tests.yml@refs/pull/2977/merge
2025-02-21T11:05:17.0948826Z Waiting for a runner to pick up this job...
2025-02-21T11:05:17.3884282Z Job is waiting for a hosted runner to come online.
2025-02-21T11:05:20.8719804Z Job is about to start running on the hosted runner: GitHub Actions 24 (hosted)
2025-02-21T11:05:22.3666332Z Current runner version: '2.322.0'
2025-02-21T11:05:22.3692059Z ##[group]Operating System
2025-02-21T11:05:22.3692847Z Ubuntu
2025-02-21T11:05:22.3693439Z 24.04.1
2025-02-21T11:05:22.3694205Z LTS
2025-02-21T11:05:22.3694706Z ##[endgroup]
2025-02-21T11:05:22.3695328Z ##[group]Runner Image
2025-02-21T11:05:22.3695900Z Image: ubuntu-24.04
2025-02-21T11:05:22.3696411Z Version: 20250209.1.0
2025-02-21T11:05:22.3697545Z Included Software: https://github.com/actions/runner-images/blob/ubuntu24/20250209.1/images/ubuntu/Ubuntu2404-Readme.md
2025-02-21T11:05:22.3698979Z Image Release: https://github.com/actions/runner-images/releases/tag/ubuntu24%2F20250209.1
2025-02-21T11:05:22.3699854Z ##[endgroup]
2025-02-21T11:05:22.3700472Z ##[group]Runner Image Provisioner
2025-02-21T11:05:22.3701074Z 2.0.422.1
2025-02-21T11:05:22.3701599Z ##[endgroup]
2025-02-21T11:05:22.3704041Z ##[group]GITHUB_TOKEN Permissions
2025-02-21T11:05:22.3705999Z Actions: read
2025-02-21T11:05:22.3706882Z Attestations: read
2025-02-21T11:05:22.3707581Z Checks: read
2025-02-21T11:05:22.3708052Z Contents: read
2025-02-21T11:05:22.3708579Z Deployments: read
2025-02-21T11:05:22.3709155Z Discussions: read
2025-02-21T11:05:22.3709663Z Issues: read
2025-02-21T11:05:22.3710157Z Metadata: read
2025-02-21T11:05:22.3710683Z Packages: read
2025-02-21T11:05:22.3711184Z Pages: read
2025-02-21T11:05:22.3711685Z PullRequests: read
2025-02-21T11:05:22.3712281Z RepositoryProjects: read
2025-02-21T11:05:22.3712865Z SecurityEvents: read
2025-02-21T11:05:22.3713344Z Statuses: read
2025-02-21T11:05:22.3714108Z ##[endgroup]
2025-02-21T11:05:22.3717029Z Secret source: None
2025-02-21T11:05:22.3717856Z Prepare workflow directory
2025-02-21T11:05:22.4338537Z Prepare all required actions
2025-02-21T11:05:22.4375098Z Getting action download info
2025-02-21T11:05:22.6017121Z ##[group]Download immutable action package 'actions/checkout@v4'
2025-02-21T11:05:22.6018000Z Version: 4.2.2
2025-02-21T11:05:22.6018829Z Digest: sha256:ccb2698953eaebd21c7bf6268a94f9c26518a7e38e27e0b83c1fe1ad049819b1
2025-02-21T11:05:22.6019885Z Source commit SHA: 11bd71901bbe5b1630ceea73d27597364c9af683
2025-02-21T11:05:22.6020497Z ##[endgroup]
2025-02-21T11:05:22.6742113Z ##[group]Download immutable action package 'actions/upload-artifact@v4'
2025-02-21T11:05:22.6742856Z Version: 4.6.0
2025-02-21T11:05:22.6743503Z Digest: sha256:bf85474c8423f9cd48bd2caf3ce5adb1711e2dfdb055b040bd36b044e4290329
2025-02-21T11:05:22.6744644Z Source commit SHA: 65c4c4a1ddee5b72f698fdd19549f0f0fb45cf08
2025-02-21T11:05:22.6745267Z ##[endgroup]
2025-02-21T11:05:22.8464633Z Complete job name: not continuum ubuntu-latest 
2025-02-21T11:05:22.9168770Z ##[group]Run actions/checkout@v4
2025-02-21T11:05:22.9170274Z with:
2025-02-21T11:05:22.9170993Z   repository: tardis-sn/tardis
2025-02-21T11:05:22.9172089Z   token: ***
2025-02-21T11:05:22.9172910Z   ssh-strict: true
2025-02-21T11:05:22.9173674Z   ssh-user: git
2025-02-21T11:05:22.9174665Z   persist-credentials: true
2025-02-21T11:05:22.9175496Z   clean: true
2025-02-21T11:05:22.9176227Z   sparse-checkout-cone-mode: true
2025-02-21T11:05:22.9177168Z   fetch-depth: 1
2025-02-21T11:05:22.9177880Z   fetch-tags: false
2025-02-21T11:05:22.9178633Z   show-progress: true
2025-02-21T11:05:22.9179394Z   lfs: false
2025-02-21T11:05:22.9180085Z   submodules: false
2025-02-21T11:05:22.9180825Z   set-safe-directory: true
2025-02-21T11:05:22.9182060Z env:
2025-02-21T11:05:22.9182734Z   CACHE_NUMBER: 0
2025-02-21T11:05:22.9185089Z   PYTEST_FLAGS: --tardis-regression-data=/home/runner/work/tardis/tardis/tardis-regression-data --cov=tardis --cov-report=xml --cov-report=html --cov-append
2025-02-21T11:05:22.9187430Z   CODECOV_TOKEN: 
2025-02-21T11:05:22.9188142Z ##[endgroup]
2025-02-21T11:05:23.0921085Z Syncing repository: tardis-sn/tardis
2025-02-21T11:05:23.0922790Z ##[group]Getting Git version info
2025-02-21T11:05:23.0923444Z Working directory is '/home/runner/work/tardis/tardis'
2025-02-21T11:05:23.0924679Z [command]/usr/bin/git version
2025-02-21T11:05:23.0990039Z git version 2.48.1
2025-02-21T11:05:23.1016894Z ##[endgroup]
2025-02-21T11:05:23.1030596Z Temporarily overriding HOME='/home/runner/work/_temp/59ea285c-846a-47bd-95c0-ee9ad85133ea' before making global git config changes
2025-02-21T11:05:23.1032035Z Adding repository directory to the temporary git global config as a safe directory
2025-02-21T11:05:23.1035744Z [command]/usr/bin/git config --global --add safe.directory /home/runner/work/tardis/tardis
2025-02-21T11:05:23.1073060Z Deleting the contents of '/home/runner/work/tardis/tardis'
2025-02-21T11:05:23.1077564Z ##[group]Initializing the repository
2025-02-21T11:05:23.1081288Z [command]/usr/bin/git init /home/runner/work/tardis/tardis
2025-02-21T11:05:23.1147396Z hint: Using 'master' as the name for the initial branch. This default branch name
2025-02-21T11:05:23.1148905Z hint: is subject to change. To configure the initial branch name to use in all
2025-02-21T11:05:23.1150101Z hint: of your new repositories, which will suppress this warning, call:
2025-02-21T11:05:23.1150994Z hint:
2025-02-21T11:05:23.1151616Z hint: 	git config --global init.defaultBranch <name>
2025-02-21T11:05:23.1152477Z hint:
2025-02-21T11:05:23.1153186Z hint: Names commonly chosen instead of 'master' are 'main', 'trunk' and
2025-02-21T11:05:23.1154995Z hint: 'development'. The just-created branch can be renamed via this command:
2025-02-21T11:05:23.1156374Z hint:
2025-02-21T11:05:23.1156872Z hint: 	git branch -m <name>
2025-02-21T11:05:23.1157664Z Initialized empty Git repository in /home/runner/work/tardis/tardis/.git/
2025-02-21T11:05:23.1166300Z [command]/usr/bin/git remote add origin https://github.com/tardis-sn/tardis
2025-02-21T11:05:23.1200023Z ##[endgroup]
2025-02-21T11:05:23.1201412Z ##[group]Disabling automatic garbage collection
2025-02-21T11:05:23.1205225Z [command]/usr/bin/git config --local gc.auto 0
2025-02-21T11:05:23.1234491Z ##[endgroup]
2025-02-21T11:05:23.1235766Z ##[group]Setting up auth
2025-02-21T11:05:23.1241993Z [command]/usr/bin/git config --local --name-only --get-regexp core\.sshCommand
2025-02-21T11:05:23.1272957Z [command]/usr/bin/git submodule foreach --recursive sh -c "git config --local --name-only --get-regexp 'core\.sshCommand' && git config --local --unset-all 'core.sshCommand' || :"
2025-02-21T11:05:23.1582042Z [command]/usr/bin/git config --local --name-only --get-regexp http\.https\:\/\/github\.com\/\.extraheader
2025-02-21T11:05:23.1613393Z [command]/usr/bin/git submodule foreach --recursive sh -c "git config --local --name-only --get-regexp 'http\.https\:\/\/github\.com\/\.extraheader' && git config --local --unset-all 'http.https://github.com/.extraheader' || :"
2025-02-21T11:05:23.1841203Z [command]/usr/bin/git config --local http.https://github.com/.extraheader AUTHORIZATION: basic ***
2025-02-21T11:05:23.1878454Z ##[endgroup]
2025-02-21T11:05:23.1879716Z ##[group]Fetching the repository
2025-02-21T11:05:23.1888647Z [command]/usr/bin/git -c protocol.version=2 fetch --no-tags --prune --no-recurse-submodules --depth=1 origin +dbcf3740b06346ff1b506d8aa809500268493de2:refs/remotes/pull/2977/merge
2025-02-21T11:05:24.3357080Z From https://github.com/tardis-sn/tardis
2025-02-21T11:05:24.3360666Z  * [new ref]         dbcf3740b06346ff1b506d8aa809500268493de2 -> pull/2977/merge
2025-02-21T11:05:24.3385822Z ##[endgroup]
2025-02-21T11:05:24.3387972Z ##[group]Determining the checkout info
2025-02-21T11:05:24.3390674Z ##[endgroup]
2025-02-21T11:05:24.3394433Z [command]/usr/bin/git sparse-checkout disable
2025-02-21T11:05:24.3435218Z [command]/usr/bin/git config --local --unset-all extensions.worktreeConfig
2025-02-21T11:05:24.3463152Z ##[group]Checking out the ref
2025-02-21T11:05:24.3467171Z [command]/usr/bin/git checkout --progress --force refs/remotes/pull/2977/merge
2025-02-21T11:05:24.5453662Z Note: switching to 'refs/remotes/pull/2977/merge'.
2025-02-21T11:05:24.5456587Z 
2025-02-21T11:05:24.5457519Z You are in 'detached HEAD' state. You can look around, make experimental
2025-02-21T11:05:24.5459769Z changes and commit them, and you can discard any commits you make in this
2025-02-21T11:05:24.5461990Z state without impacting any branches by switching back to a branch.
2025-02-21T11:05:24.5463661Z 
2025-02-21T11:05:24.5464734Z If you want to create a new branch to retain commits you create, you may
2025-02-21T11:05:24.5466774Z do so (now or later) by using -c with the switch command. Example:
2025-02-21T11:05:24.5467931Z 
2025-02-21T11:05:24.5468457Z   git switch -c <new-branch-name>
2025-02-21T11:05:24.5469345Z 
2025-02-21T11:05:24.5469889Z Or undo this operation with:
2025-02-21T11:05:24.5470681Z 
2025-02-21T11:05:24.5471142Z   git switch -
2025-02-21T11:05:24.5471798Z 
2025-02-21T11:05:24.5472999Z Turn off this advice by setting config variable advice.detachedHead to false
2025-02-21T11:05:24.5474793Z 
2025-02-21T11:05:24.5476170Z HEAD is now at dbcf374 Merge c7b1a08fa17d8884ecd590aa36aca709927736d4 into cec8b531cc56e66219fe3ca2efdbf837c008b852
2025-02-21T11:05:24.5484041Z ##[endgroup]
2025-02-21T11:05:24.5529462Z [command]/usr/bin/git log -1 --format=%H
2025-02-21T11:05:24.5555722Z dbcf3740b06346ff1b506d8aa809500268493de2
2025-02-21T11:05:24.5843450Z Prepare all required actions
2025-02-21T11:05:24.5844159Z Getting action download info
2025-02-21T11:05:24.7298403Z ##[group]Download immutable action package 'actions/cache@v4'
2025-02-21T11:05:24.7298865Z Version: 4.2.1
2025-02-21T11:05:24.7299311Z Digest: sha256:b0404c9628d43aa6855629075b28f32cadf8efc5c26198438149f78500112940
2025-02-21T11:05:24.7299904Z Source commit SHA: 0c907a75c2c80ebcb7f088228285e798b750cf8f
2025-02-21T11:05:24.7300328Z ##[endgroup]
2025-02-21T11:05:24.9588449Z ##[group]Run ./.github/actions/setup_lfs
2025-02-21T11:05:24.9588832Z with:
2025-02-21T11:05:24.9589163Z   regression-data-repo: tardis-sn/tardis-regression-data
2025-02-21T11:05:24.9589563Z   atom-data-sparse: false
2025-02-21T11:05:24.9589836Z env:
2025-02-21T11:05:24.9590068Z   CACHE_NUMBER: 0
2025-02-21T11:05:24.9590785Z   PYTEST_FLAGS: --tardis-regression-data=/home/runner/work/tardis/tardis/tardis-regression-data --cov=tardis --cov-report=xml --cov-report=html --cov-append
2025-02-21T11:05:24.9591599Z   CODECOV_TOKEN: 
2025-02-21T11:05:24.9591849Z ##[endgroup]
2025-02-21T11:05:24.9737708Z ##[group]Run actions/checkout@v4
2025-02-21T11:05:24.9738076Z with:
2025-02-21T11:05:24.9738407Z   repository: tardis-sn/tardis-regression-data
2025-02-21T11:05:24.9738813Z   path: tardis-regression-data
2025-02-21T11:05:24.9739139Z   lfs: false
2025-02-21T11:05:24.9739555Z   token: ***
2025-02-21T11:05:24.9739845Z   ssh-strict: true
2025-02-21T11:05:24.9740136Z   ssh-user: git
2025-02-21T11:05:24.9740436Z   persist-credentials: true
2025-02-21T11:05:24.9740748Z   clean: true
2025-02-21T11:05:24.9741047Z   sparse-checkout-cone-mode: true
2025-02-21T11:05:24.9741392Z   fetch-depth: 1
2025-02-21T11:05:24.9741677Z   fetch-tags: false
2025-02-21T11:05:24.9741982Z   show-progress: true
2025-02-21T11:05:24.9742281Z   submodules: false
2025-02-21T11:05:24.9742579Z   set-safe-directory: true
2025-02-21T11:05:24.9742889Z env:
2025-02-21T11:05:24.9743152Z   CACHE_NUMBER: 0
2025-02-21T11:05:24.9744041Z   PYTEST_FLAGS: --tardis-regression-data=/home/runner/work/tardis/tardis/tardis-regression-data --cov=tardis --cov-report=xml --cov-report=html --cov-append
2025-02-21T11:05:24.9744832Z   CODECOV_TOKEN: 
2025-02-21T11:05:24.9745117Z ##[endgroup]
2025-02-21T11:05:25.0658531Z Syncing repository: tardis-sn/tardis-regression-data
2025-02-21T11:05:25.0664667Z ##[group]Getting Git version info
2025-02-21T11:05:25.0665408Z Working directory is '/home/runner/work/tardis/tardis/tardis-regression-data'
2025-02-21T11:05:25.0706249Z [command]/usr/bin/git version
2025-02-21T11:05:25.0747859Z git version 2.48.1
2025-02-21T11:05:25.0772497Z ##[endgroup]
2025-02-21T11:05:25.0785928Z Temporarily overriding HOME='/home/runner/work/_temp/e481062f-82dc-40bc-8592-d19b6c567336' before making global git config changes
2025-02-21T11:05:25.0787536Z Adding repository directory to the temporary git global config as a safe directory
2025-02-21T11:05:25.0792457Z [command]/usr/bin/git config --global --add safe.directory /home/runner/work/tardis/tardis/tardis-regression-data
2025-02-21T11:05:25.0822572Z ##[group]Initializing the repository
2025-02-21T11:05:25.0828254Z [command]/usr/bin/git init /home/runner/work/tardis/tardis/tardis-regression-data
2025-02-21T11:05:25.0866065Z hint: Using 'master' as the name for the initial branch. This default branch name
2025-02-21T11:05:25.0867201Z hint: is subject to change. To configure the initial branch name to use in all
2025-02-21T11:05:25.0868269Z hint: of your new repositories, which will suppress this warning, call:
2025-02-21T11:05:25.0869037Z hint:
2025-02-21T11:05:25.0869664Z hint: 	git config --global init.defaultBranch <name>
2025-02-21T11:05:25.0870388Z hint:
2025-02-21T11:05:25.0871104Z hint: Names commonly chosen instead of 'master' are 'main', 'trunk' and
2025-02-21T11:05:25.0872205Z hint: 'development'. The just-created branch can be renamed via this command:
2025-02-21T11:05:25.0873088Z hint:
2025-02-21T11:05:25.0873640Z hint: 	git branch -m <name>
2025-02-21T11:05:25.0875195Z Initialized empty Git repository in /home/runner/work/tardis/tardis/tardis-regression-data/.git/
2025-02-21T11:05:25.0880230Z [command]/usr/bin/git remote add origin https://github.com/tardis-sn/tardis-regression-data
2025-02-21T11:05:25.0909535Z ##[endgroup]
2025-02-21T11:05:25.0910117Z ##[group]Disabling automatic garbage collection
2025-02-21T11:05:25.0914075Z [command]/usr/bin/git config --local gc.auto 0
2025-02-21T11:05:25.0941189Z ##[endgroup]
2025-02-21T11:05:25.0942024Z ##[group]Setting up auth
2025-02-21T11:05:25.0948153Z [command]/usr/bin/git config --local --name-only --get-regexp core\.sshCommand
2025-02-21T11:05:25.0976657Z [command]/usr/bin/git submodule foreach --recursive sh -c "git config --local --name-only --get-regexp 'core\.sshCommand' && git config --local --unset-all 'core.sshCommand' || :"
2025-02-21T11:05:25.1199865Z [command]/usr/bin/git config --local --name-only --get-regexp http\.https\:\/\/github\.com\/\.extraheader
2025-02-21T11:05:25.1229898Z [command]/usr/bin/git submodule foreach --recursive sh -c "git config --local --name-only --get-regexp 'http\.https\:\/\/github\.com\/\.extraheader' && git config --local --unset-all 'http.https://github.com/.extraheader' || :"
2025-02-21T11:05:25.1461427Z [command]/usr/bin/git config --local http.https://github.com/.extraheader AUTHORIZATION: basic ***
2025-02-21T11:05:25.1495759Z ##[endgroup]
2025-02-21T11:05:25.1496413Z ##[group]Determining the default branch
2025-02-21T11:05:25.1499237Z Retrieving the default branch name
2025-02-21T11:05:25.3731521Z Default branch 'main'
2025-02-21T11:05:25.3732452Z ##[endgroup]
2025-02-21T11:05:25.3733063Z ##[group]Fetching the repository
2025-02-21T11:05:25.3739652Z [command]/usr/bin/git -c protocol.version=2 fetch --no-tags --prune --no-recurse-submodules --depth=1 origin +refs/heads/main:refs/remotes/origin/main
2025-02-21T11:05:25.6230632Z From https://github.com/tardis-sn/tardis-regression-data
2025-02-21T11:05:25.6231321Z  * [new branch]      main       -> origin/main
2025-02-21T11:05:25.6259245Z ##[endgroup]
2025-02-21T11:05:25.6260148Z ##[group]Determining the checkout info
2025-02-21T11:05:25.6261864Z ##[endgroup]
2025-02-21T11:05:25.6267778Z [command]/usr/bin/git sparse-checkout disable
2025-02-21T11:05:25.6304674Z [command]/usr/bin/git config --local --unset-all extensions.worktreeConfig
2025-02-21T11:05:25.6332687Z ##[group]Checking out the ref
2025-02-21T11:05:25.6338086Z [command]/usr/bin/git checkout --progress --force -B main refs/remotes/origin/main
2025-02-21T11:05:25.7449979Z Switched to a new branch 'main'
2025-02-21T11:05:25.7451882Z branch 'main' set up to track 'origin/main'.
2025-02-21T11:05:25.7744914Z ##[endgroup]
2025-02-21T11:05:25.7788336Z [command]/usr/bin/git log -1 --format=%H
2025-02-21T11:05:25.7813511Z 84e768462f20f09fbccc05625cdcc1d8ffbe404c
2025-02-21T11:05:25.7959169Z ##[group]Run if [ "false" == "true" ]; then
2025-02-21T11:05:25.7959593Z [36;1mif [ "false" == "true" ]; then[0m
2025-02-21T11:05:25.7959952Z [36;1m  echo "Using atom data sparse checkout"[0m
2025-02-21T11:05:25.7960672Z [36;1m  echo "atom_data/kurucz_cd23_chianti_H_He.h5" > .lfs-files-list[0m
2025-02-21T11:05:25.7961056Z [36;1melse[0m
2025-02-21T11:05:25.7961291Z [36;1m  echo "Using full repository checkout"[0m
2025-02-21T11:05:25.7961698Z [36;1m  git lfs ls-files -l | cut -d' ' -f1 | sort > .lfs-files-list[0m
2025-02-21T11:05:25.7962049Z [36;1mfi[0m
2025-02-21T11:05:25.8112472Z shell: /usr/bin/bash --noprofile --norc -e -o pipefail {0}
2025-02-21T11:05:25.8112938Z env:
2025-02-21T11:05:25.8113179Z   CACHE_NUMBER: 0
2025-02-21T11:05:25.8114363Z   PYTEST_FLAGS: --tardis-regression-data=/home/runner/work/tardis/tardis/tardis-regression-data --cov=tardis --cov-report=xml --cov-report=html --cov-append
2025-02-21T11:05:25.8115357Z   CODECOV_TOKEN: 
2025-02-21T11:05:25.8115621Z ##[endgroup]
2025-02-21T11:05:25.8212551Z Using full repository checkout
2025-02-21T11:05:25.9646266Z ##[group]Run actions/cache/restore@v4
2025-02-21T11:05:25.9646721Z with:
2025-02-21T11:05:25.9647070Z   path: tardis-regression-data/.git/lfs
2025-02-21T11:05:25.9648525Z   key: tardis-regression-full-data-c8ff2bbb6048b3f24d3f52a1e85b013ad47e52c369a6ce4cfdeff528b659b86f-tardis-sn/tardis-regression-data-v1
2025-02-21T11:05:25.9649772Z   fail-on-cache-miss: true
2025-02-21T11:05:25.9650185Z   enableCrossOsArchive: false
2025-02-21T11:05:25.9650598Z   lookup-only: false
2025-02-21T11:05:25.9650914Z env:
2025-02-21T11:05:25.9651144Z   CACHE_NUMBER: 0
2025-02-21T11:05:25.9652020Z   PYTEST_FLAGS: --tardis-regression-data=/home/runner/work/tardis/tardis/tardis-regression-data --cov=tardis --cov-report=xml --cov-report=html --cov-append
2025-02-21T11:05:25.9652976Z   CODECOV_TOKEN: 
2025-02-21T11:05:25.9653228Z ##[endgroup]
2025-02-21T11:05:26.1560871Z Cache hit for: tardis-regression-full-data-c8ff2bbb6048b3f24d3f52a1e85b013ad47e52c369a6ce4cfdeff528b659b86f-tardis-sn/tardis-regression-data-v1
2025-02-21T11:05:27.2149942Z Received 205520896 of 2161656325 (9.5%), 193.7 MBs/sec
2025-02-21T11:05:28.2197600Z Received 411041792 of 2161656325 (19.0%), 194.3 MBs/sec
2025-02-21T11:05:29.2219002Z Received 629145600 of 2161656325 (29.1%), 198.7 MBs/sec
2025-02-21T11:05:30.2248797Z Received 864026624 of 2161656325 (40.0%), 204.9 MBs/sec
2025-02-21T11:05:31.2278614Z Received 1077936128 of 2161656325 (49.9%), 204.6 MBs/sec
2025-02-21T11:05:32.2314280Z Received 1342177280 of 2161656325 (62.1%), 212.3 MBs/sec
2025-02-21T11:05:33.2311162Z Received 1606418432 of 2161656325 (74.3%), 218.0 MBs/sec
2025-02-21T11:05:34.3016410Z Received 1879048192 of 2161656325 (86.9%), 221.3 MBs/sec
2025-02-21T11:05:35.3738590Z Received 2147483648 of 2161656325 (99.3%), 223.3 MBs/sec
2025-02-21T11:05:35.6084522Z Received 2161656325 of 2161656325 (100.0%), 219.2 MBs/sec
2025-02-21T11:05:35.6087063Z Cache Size: ~2062 MB (2161656325 B)
2025-02-21T11:05:35.6126021Z [command]/usr/bin/tar -xf /home/runner/work/_temp/c2a89155-25e2-41ae-9449-3e3c3bc25794/cache.tzst -P -C /home/runner/work/tardis/tardis --use-compress-program unzstd
2025-02-21T11:05:46.7953197Z Cache restored successfully
2025-02-21T11:05:47.1789386Z Cache restored from key: tardis-regression-full-data-c8ff2bbb6048b3f24d3f52a1e85b013ad47e52c369a6ce4cfdeff528b659b86f-tardis-sn/tardis-regression-data-v1
2025-02-21T11:05:47.1955938Z ##[group]Run git lfs checkout
2025-02-21T11:05:47.1956211Z [36;1mgit lfs checkout[0m
2025-02-21T11:05:47.2013288Z shell: /usr/bin/bash --noprofile --norc -e -o pipefail {0}
2025-02-21T11:05:47.2013696Z env:
2025-02-21T11:05:47.2014135Z   CACHE_NUMBER: 0
2025-02-21T11:05:47.2014948Z   PYTEST_FLAGS: --tardis-regression-data=/home/runner/work/tardis/tardis/tardis-regression-data --cov=tardis --cov-report=xml --cov-report=html --cov-append
2025-02-21T11:05:47.2015807Z   CODECOV_TOKEN: 
2025-02-21T11:05:47.2016039Z ##[endgroup]
2025-02-21T11:06:07.3006580Z Checking out LFS objects: 100% (204/204), 5.7 GB | 271 MB/s, done.
2025-02-21T11:06:10.7523462Z Prepare all required actions
2025-02-21T11:06:10.7524029Z Getting action download info
2025-02-21T11:06:10.8663671Z Download action repository 'mamba-org/setup-micromamba@v1' (SHA:4b9113af4fba0e9e1124b252dd6497a419e7396d)
2025-02-21T11:06:11.0452612Z ##[group]Run ./.github/actions/setup_env
2025-02-21T11:06:11.0452906Z with:
2025-02-21T11:06:11.0453086Z   os-label: linux-64
2025-02-21T11:06:11.0453270Z env:
2025-02-21T11:06:11.0453428Z   CACHE_NUMBER: 0
2025-02-21T11:06:11.0454646Z   PYTEST_FLAGS: --tardis-regression-data=/home/runner/work/tardis/tardis/tardis-regression-data --cov=tardis --cov-report=xml --cov-report=html --cov-append
2025-02-21T11:06:11.0455304Z   CODECOV_TOKEN: 
2025-02-21T11:06:11.0455482Z ##[endgroup]
2025-02-21T11:06:11.0476502Z ##[group]Run file_hash=$(cat conda-linux-64.lock | shasum -a 256 | cut -d' ' -f1)
2025-02-21T11:06:11.0476991Z [36;1mfile_hash=$(cat conda-linux-64.lock | shasum -a 256 | cut -d' ' -f1)[0m
2025-02-21T11:06:11.0477556Z [36;1mecho "file_hash=tardis-conda-env-linux-64-${file_hash}-v1" >> "${GITHUB_OUTPUT}"[0m
2025-02-21T11:06:11.0534177Z shell: /usr/bin/bash --noprofile --norc -e -o pipefail {0}
2025-02-21T11:06:11.0534548Z env:
2025-02-21T11:06:11.0534735Z   CACHE_NUMBER: 0
2025-02-21T11:06:11.0535423Z   PYTEST_FLAGS: --tardis-regression-data=/home/runner/work/tardis/tardis/tardis-regression-data --cov=tardis --cov-report=xml --cov-report=html --cov-append
2025-02-21T11:06:11.0536141Z   CODECOV_TOKEN: 
2025-02-21T11:06:11.0536342Z ##[endgroup]
2025-02-21T11:06:11.0899356Z ##[group]Run mamba-org/setup-micromamba@v1
2025-02-21T11:06:11.0899653Z with:
2025-02-21T11:06:11.0899868Z   environment-file: conda-linux-64.lock
2025-02-21T11:06:11.0900512Z   cache-environment-key: tardis-conda-env-linux-64-d7cd390425b0fd3cf82649dcc003efba9915fb4928f15d342148c3ccffcbe2ee-v1
2025-02-21T11:06:11.0901501Z   cache-downloads-key: tardis-conda-env-linux-64-d7cd390425b0fd3cf82649dcc003efba9915fb4928f15d342148c3ccffcbe2ee-v1
2025-02-21T11:06:11.0902142Z   environment-name: tardis
2025-02-21T11:06:11.0902384Z   cache-environment: true
2025-02-21T11:06:11.0902618Z   cache-downloads: true
2025-02-21T11:06:11.0902835Z env:
2025-02-21T11:06:11.0903025Z   CACHE_NUMBER: 0
2025-02-21T11:06:11.0903703Z   PYTEST_FLAGS: --tardis-regression-data=/home/runner/work/tardis/tardis/tardis-regression-data --cov=tardis --cov-report=xml --cov-report=html --cov-append
2025-02-21T11:06:11.0904694Z   CODECOV_TOKEN: 
2025-02-21T11:06:11.0904893Z ##[endgroup]
2025-02-21T11:06:11.2292750Z Will download micromamba to /home/runner/micromamba-bin/micromamba
2025-02-21T11:06:11.2301992Z ##[group]Install micromamba
2025-02-21T11:06:11.4369136Z micromamba installed to /home/runner/micromamba-bin/micromamba
2025-02-21T11:06:11.4373017Z ##[endgroup]
2025-02-21T11:06:11.4373693Z Adding conda-forge to condarc channels ...
2025-02-21T11:06:11.4380352Z ##[group]Initialize micromamba for bash.
2025-02-21T11:06:11.4397477Z [command]/home/runner/micromamba-bin/micromamba shell init -s bash -r /home/runner/micromamba --log-level warning --rc-file /home/runner/work/_temp/setup-micromamba/.condarc
2025-02-21T11:06:11.4512637Z Modifying RC file "/home/runner/.bashrc"
2025-02-21T11:06:11.4514158Z Generating config for root prefix [1m"/home/runner/micromamba"[0m
2025-02-21T11:06:11.4515097Z Setting mamba executable to: [1m"/home/runner/micromamba-bin/micromamba"[0m
2025-02-21T11:06:11.4515826Z Adding (or replacing) the following in your "/home/runner/.bashrc" file
2025-02-21T11:06:11.4516227Z 
2025-02-21T11:06:11.4516373Z # >>> mamba initialize >>>
2025-02-21T11:06:11.4516823Z # !! Contents within this block are managed by 'mamba init' !!
2025-02-21T11:06:11.4517432Z export MAMBA_EXE='/home/runner/micromamba-bin/micromamba';
2025-02-21T11:06:11.4517994Z export MAMBA_ROOT_PREFIX='/home/runner/micromamba';
2025-02-21T11:06:11.4518769Z __mamba_setup="$("$MAMBA_EXE" shell hook --shell bash --root-prefix "$MAMBA_ROOT_PREFIX" 2> /dev/null)"
2025-02-21T11:06:11.4519465Z if [ $? -eq 0 ]; then
2025-02-21T11:06:11.4520128Z     eval "$__mamba_setup"
2025-02-21T11:06:11.4520467Z else
2025-02-21T11:06:11.4520921Z     alias micromamba="$MAMBA_EXE"  # Fallback on help from mamba activate
2025-02-21T11:06:11.4521658Z fi
2025-02-21T11:06:11.4521932Z unset __mamba_setup
2025-02-21T11:06:11.4522275Z # <<< mamba initialize <<<
2025-02-21T11:06:11.4522514Z 
2025-02-21T11:06:11.4535399Z Moving mamba initialize block to .bash_profile
2025-02-21T11:06:11.4547651Z ##[endgroup]
2025-02-21T11:06:11.4548935Z ##[group]Restoring downloads from `/home/runner/micromamba/pkgs` ...
2025-02-21T11:06:12.5391168Z Received 306184192 of 356815776 (85.8%), 292.0 MBs/sec
2025-02-21T11:06:12.6793777Z Cache Size: ~340 MB (356815776 B)
2025-02-21T11:06:12.6832316Z [command]/usr/bin/tar -xf /home/runner/work/_temp/2e728304-d120-4aa7-852c-36175a57efb1/cache.tzst -P -C /home/runner/work/tardis/tardis --use-compress-program unzstd
2025-02-21T11:06:13.2007973Z Cache restored successfully
2025-02-21T11:06:13.2741658Z Restored cache with key `tardis-conda-env-linux-64-d7cd390425b0fd3cf82649dcc003efba9915fb4928f15d342148c3ccffcbe2ee-v1-linux-64`
2025-02-21T11:06:13.2743101Z ##[endgroup]
2025-02-21T11:06:13.2754485Z ##[group]Restoring environment `tardis` from `/home/runner/micromamba/envs/tardis` ...
2025-02-21T11:06:13.5397656Z Received 356815776 of 356815776 (100.0%), 170.1 MBs/sec
2025-02-21T11:06:14.3283603Z Received 322961408 of 444032293 (72.7%), 307.4 MBs/sec
2025-02-21T11:06:14.6477420Z Cache Size: ~423 MB (444032293 B)
2025-02-21T11:06:14.6517990Z [command]/usr/bin/tar -xf /home/runner/work/_temp/2e0271ff-d320-4e93-9bc6-c9edea7a26a1/cache.tzst -P -C /home/runner/work/tardis/tardis --use-compress-program unzstd
2025-02-21T11:06:15.3291758Z Received 444032293 of 444032293 (100.0%), 211.5 MBs/sec
2025-02-21T11:06:20.1069260Z Cache restored successfully
2025-02-21T11:06:20.1829564Z Restored cache with key `tardis-conda-env-linux-64-d7cd390425b0fd3cf82649dcc003efba9915fb4928f15d342148c3ccffcbe2ee-v1-linux-64-tardis-args-4f53cda-root-dcc80ee-bin-[object Promise]-file-d7cd390425b0fd3cf82649dcc003efba9915fb4928f15d342148c3ccffcbe2ee`
2025-02-21T11:06:20.1833551Z ##[endgroup]
2025-02-21T11:06:20.1834456Z Adding environment tardis to auto-activate bash ...
2025-02-21T11:06:20.1841277Z Generating micromamba run shell.
2025-02-21T11:06:20.1851304Z ##[endgroup]
2025-02-21T11:06:20.1858633Z Set environment variables.
2025-02-21T11:06:20.1862023Z ##[group]micromamba info
2025-02-21T11:06:20.1865938Z [command]/home/runner/micromamba-bin/micromamba info -r /home/runner/micromamba -n tardis
2025-02-21T11:06:20.2097015Z 
2025-02-21T11:06:20.2097460Z        libmamba version : 1.5.10
2025-02-21T11:06:20.2097930Z      micromamba version : 1.5.10
2025-02-21T11:06:20.2098502Z            curl version : libcurl/8.10.1 OpenSSL/3.3.2 zlib/1.3.1 zstd/1.5.6 libssh2/1.11.0 nghttp2/1.58.0
2025-02-21T11:06:20.2099093Z      libarchive version : libarchive 3.7.4 zlib/1.2.13 bz2lib/1.0.8 libzstd/1.5.6
2025-02-21T11:06:20.2099555Z        envs directories : /home/runner/micromamba/envs
2025-02-21T11:06:20.2099937Z           package cache : /home/runner/micromamba/pkgs
2025-02-21T11:06:20.2100267Z                           /home/runner/.mamba/pkgs
2025-02-21T11:06:20.2100570Z             environment : tardis
2025-02-21T11:06:20.2100891Z            env location : /home/runner/micromamba/envs/tardis
2025-02-21T11:06:20.2101246Z       user config files : /home/runner/.mambarc
2025-02-21T11:06:20.2101677Z  populated config files : /home/runner/work/_temp/setup-micromamba/.condarc
2025-02-21T11:06:20.2102095Z        virtual packages : __unix=0=0
2025-02-21T11:06:20.2102371Z                           __linux=6.8.0=0
2025-02-21T11:06:20.2102646Z                           __glibc=2.39=0
2025-02-21T11:06:20.2102928Z                           __archspec=1=x86_64_v3
2025-02-21T11:06:20.2103318Z                channels : https://conda.anaconda.org/conda-forge/linux-64
2025-02-21T11:06:20.2103736Z                           https://conda.anaconda.org/conda-forge/noarch
2025-02-21T11:06:20.2104640Z        base environment : /home/runner/micromamba
2025-02-21T11:06:20.2104988Z                platform : linux-64
2025-02-21T11:06:20.2113725Z ##[endgroup]
2025-02-21T11:06:20.2114709Z ##[group]micromamba list
2025-02-21T11:06:20.2116031Z [command]/home/runner/micromamba-bin/micromamba list -r /home/runner/micromamba -n tardis
2025-02-21T11:06:20.6031929Z List of packages in environment: "/home/runner/micromamba/envs/tardis"
2025-02-21T11:06:20.6032805Z 
2025-02-21T11:06:20.6033307Z   Name                           Version              Build                    Channel    
2025-02-21T11:06:20.6035439Z ────────────────────────────────────────────────────────────────────────────────────────────
2025-02-21T11:06:20.6036492Z   _libgcc_mutex                  0.1                  conda_forge              conda-forge
2025-02-21T11:06:20.6037191Z   _openmp_mutex                  4.5                  2_gnu                    conda-forge
2025-02-21T11:06:20.6037909Z   alabaster                      0.7.16               pyhd8ed1ab_0             conda-forge
2025-02-21T11:06:20.6038574Z   anyio                          4.4.0                pyhd8ed1ab_0             conda-forge
2025-02-21T11:06:20.6039280Z   argon2-cffi                    23.1.0               pyhd8ed1ab_0             conda-forge
2025-02-21T11:06:20.6039981Z   argon2-cffi-bindings           21.2.0               py312h98912ed_4          conda-forge
2025-02-21T11:06:20.6040610Z   arrow                          1.3.0                pyhd8ed1ab_0             conda-forge
2025-02-21T11:06:20.6041167Z   astropy                        6.1.1                py312h085067d_0          conda-forge
2025-02-21T11:06:20.6041815Z   astropy-iers-data              0.2024.6.17.0.31.35  pyhd8ed1ab_0             conda-forge
2025-02-21T11:06:20.6042529Z   astropy-sphinx-theme           1.1                  pyhd8ed1ab_0             conda-forge
2025-02-21T11:06:20.6043179Z   asttokens                      2.4.1                pyhd8ed1ab_0             conda-forge
2025-02-21T11:06:20.6044071Z   async-lru                      2.0.4                pyhd8ed1ab_0             conda-forge
2025-02-21T11:06:20.6044683Z   atk-1.0                        2.38.0               h04ea711_2               conda-forge
2025-02-21T11:06:20.6045233Z   attrs                          23.2.0               pyh71513ae_0             conda-forge
2025-02-21T11:06:20.6045783Z   babel                          2.14.0               pyhd8ed1ab_0             conda-forge
2025-02-21T11:06:20.6046387Z   beautifulsoup4                 4.12.3               pyha770c72_0             conda-forge
2025-02-21T11:06:20.6046993Z   bleach                         6.1.0                pyhd8ed1ab_0             conda-forge
2025-02-21T11:06:20.6047540Z   blosc                          1.21.5               hc2324a3_1               conda-forge
2025-02-21T11:06:20.6048080Z   brotli                         1.1.0                hd590300_1               conda-forge
2025-02-21T11:06:20.6048647Z   brotli-bin                     1.1.0                hd590300_1               conda-forge
2025-02-21T11:06:20.6049253Z   brotli-python                  1.1.0                py312h30efb56_1          conda-forge
2025-02-21T11:06:20.6049842Z   bzip2                          1.0.8                hd590300_5               conda-forge
2025-02-21T11:06:20.6050342Z   c-ares                         1.28.1               hd590300_0               conda-forge
2025-02-21T11:06:20.6050792Z   c-blosc2                       2.14.4               hb4ffafa_1               conda-forge
2025-02-21T11:06:20.6051297Z   ca-certificates                2024.6.2             hbcca054_0               conda-forge
2025-02-21T11:06:20.6051836Z   cached-property                1.5.2                hd8ed1ab_1               conda-forge
2025-02-21T11:06:20.6052368Z   cached_property                1.5.2                pyha770c72_1             conda-forge
2025-02-21T11:06:20.6052881Z   cairo                          1.18.0               h3faef2a_0               conda-forge
2025-02-21T11:06:20.6053575Z   certifi                        2024.6.2             pyhd8ed1ab_0             conda-forge
2025-02-21T11:06:20.6054230Z   cffi                           1.16.0               py312hf06ca03_0          conda-forge
2025-02-21T11:06:20.6054872Z   charset-normalizer             3.3.2                pyhd8ed1ab_0             conda-forge
2025-02-21T11:06:20.6055383Z   click                          8.1.7                unix_pyh707e725_0        conda-forge
2025-02-21T11:06:20.6055854Z   codespell                      2.3.0                pyhd8ed1ab_0             conda-forge
2025-02-21T11:06:20.6056336Z   colorama                       0.4.6                pyhd8ed1ab_0             conda-forge
2025-02-21T11:06:20.6056788Z   comm                           0.2.2                pyhd8ed1ab_0             conda-forge
2025-02-21T11:06:20.6057245Z   commonmark                     0.9.1                py_0                     conda-forge
2025-02-21T11:06:20.6057738Z   contourpy                      1.2.1                py312h8572e83_0          conda-forge
2025-02-21T11:06:20.6058218Z   coverage                       7.5.3                py312h9a8786e_0          conda-forge
2025-02-21T11:06:20.6058684Z   cycler                         0.12.1               pyhd8ed1ab_0             conda-forge
2025-02-21T11:06:20.6059168Z   dataclasses                    0.8                  pyhc8e2a94_3             conda-forge
2025-02-21T11:06:20.6059647Z   debugpy                        1.8.1                py312h30efb56_0          conda-forge
2025-02-21T11:06:20.6060116Z   decorator                      5.1.1                pyhd8ed1ab_0             conda-forge
2025-02-21T11:06:20.6060602Z   defusedxml                     0.7.1                pyhd8ed1ab_0             conda-forge
2025-02-21T11:06:20.6061037Z   docutils                       0.20.1               py312h7900ff3_3          conda-forge
2025-02-21T11:06:20.6061433Z   dot2tex                        2.11.3               pyhd8ed1ab_0             conda-forge
2025-02-21T11:06:20.6061846Z   entrypoints                    0.4                  pyhd8ed1ab_0             conda-forge
2025-02-21T11:06:20.6062285Z   exceptiongroup                 1.2.0                pyhd8ed1ab_2             conda-forge
2025-02-21T11:06:20.6062724Z   executing                      2.0.1                pyhd8ed1ab_0             conda-forge
2025-02-21T11:06:20.6063123Z   expat                          2.6.2                h59595ed_0               conda-forge
2025-02-21T11:06:20.6063568Z   font-ttf-dejavu-sans-mono      2.37                 hab24e00_0               conda-forge
2025-02-21T11:06:20.6064314Z   font-ttf-inconsolata           3.000                h77eed37_0               conda-forge
2025-02-21T11:06:20.6065062Z   font-ttf-source-code-pro       2.038                h77eed37_0               conda-forge
2025-02-21T11:06:20.6065779Z   font-ttf-ubuntu                0.83                 h77eed37_2               conda-forge
2025-02-21T11:06:20.6066523Z   fontconfig                     2.14.2               h14ed4e7_0               conda-forge
2025-02-21T11:06:20.6067223Z   fonts-conda-ecosystem          1                    0                        conda-forge
2025-02-21T11:06:20.6067947Z   fonts-conda-forge              1                    0                        conda-forge
2025-02-21T11:06:20.6068565Z   fonttools                      4.53.0               py312h9a8786e_0          conda-forge
2025-02-21T11:06:20.6069144Z   fqdn                           1.5.1                pyhd8ed1ab_0             conda-forge
2025-02-21T11:06:20.6069745Z   freetype                       2.12.1               h267a509_2               conda-forge
2025-02-21T11:06:20.6070384Z   fribidi                        1.0.10               h36c2ea0_0               conda-forge
2025-02-21T11:06:20.6071008Z   future                         1.0.0                pyhd8ed1ab_0             conda-forge
2025-02-21T11:06:20.6071538Z   gdk-pixbuf                     2.42.12              hb9ae30d_0               conda-forge
2025-02-21T11:06:20.6072466Z   giflib                         5.2.2                hd590300_0               conda-forge
2025-02-21T11:06:20.6073140Z   git-lfs                        3.5.1                ha770c72_0               conda-forge
2025-02-21T11:06:20.6074081Z   gmp                            6.3.0                h59595ed_1               conda-forge
2025-02-21T11:06:20.6074558Z   gmpy2                          2.1.5                py312h1d5cde6_1          conda-forge
2025-02-21T11:06:20.6075038Z   graphite2                      1.3.13               h59595ed_1003            conda-forge
2025-02-21T11:06:20.6075683Z   graphviz                       11.0.0               hc68bbd7_0               conda-forge
2025-02-21T11:06:20.6076212Z   gtk2                           2.24.33              h280cfa0_4               conda-forge
2025-02-21T11:06:20.6076751Z   gts                            0.7.6                h977cf35_4               conda-forge
2025-02-21T11:06:20.6077316Z   h11                            0.14.0               pyhd8ed1ab_0             conda-forge
2025-02-21T11:06:20.6077895Z   h2                             4.1.0                pyhd8ed1ab_0             conda-forge
2025-02-21T11:06:20.6078445Z   h5py                           3.11.0               nompi_py312hb7ab980_102  conda-forge
2025-02-21T11:06:20.6079004Z   harfbuzz                       8.5.0                hfac3d4d_0               conda-forge
2025-02-21T11:06:20.6079545Z   hdf5                           1.14.3               nompi_hdf9ad27_105       conda-forge
2025-02-21T11:06:20.6080074Z   hpack                          4.0.0                pyh9f0ad1d_0             conda-forge
2025-02-21T11:06:20.6080619Z   httpcore                       1.0.5                pyhd8ed1ab_0             conda-forge
2025-02-21T11:06:20.6081331Z   httpx                          0.27.0               pyhd8ed1ab_0             conda-forge
2025-02-21T11:06:20.6081879Z   hyperframe                     6.0.1                pyhd8ed1ab_0             conda-forge
2025-02-21T11:06:20.6082454Z   icu                            73.2                 h59595ed_0               conda-forge
2025-02-21T11:06:20.6082991Z   idna                           3.7                  pyhd8ed1ab_0             conda-forge
2025-02-21T11:06:20.6083486Z   imagesize                      1.4.1                pyhd8ed1ab_0             conda-forge
2025-02-21T11:06:20.6084325Z   importlib-metadata             7.1.0                pyha770c72_0             conda-forge
2025-02-21T11:06:20.6085007Z   importlib_metadata             7.1.0                hd8ed1ab_0               conda-forge
2025-02-21T11:06:20.6085651Z   importlib_resources            6.4.0                pyhd8ed1ab_0             conda-forge
2025-02-21T11:06:20.6086332Z   iniconfig                      2.0.0                pyhd8ed1ab_0             conda-forge
2025-02-21T11:06:20.6086917Z   ipykernel                      6.29.4               pyh3099207_0             conda-forge
2025-02-21T11:06:20.6087362Z   ipython                        8.25.0               pyh707e725_0             conda-forge
2025-02-21T11:06:20.6087735Z   ipython_genutils               0.2.0                pyhd8ed1ab_1             conda-forge
2025-02-21T11:06:20.6088113Z   ipywidgets                     7.8.0                pyhd8ed1ab_0             conda-forge
2025-02-21T11:06:20.6088485Z   isoduration                    20.11.0              pyhd8ed1ab_0             conda-forge
2025-02-21T11:06:20.6088832Z   jedi                           0.19.1               pyhd8ed1ab_0             conda-forge
2025-02-21T11:06:20.6089182Z   jinja2                         3.1.4                pyhd8ed1ab_0             conda-forge
2025-02-21T11:06:20.6089525Z   json5                          0.9.25               pyhd8ed1ab_0             conda-forge
2025-02-21T11:06:20.6089884Z   jsonpointer                    3.0.0                py312h7900ff3_0          conda-forge
2025-02-21T11:06:20.6090267Z   jsonschema                     4.22.0               pyhd8ed1ab_0             conda-forge
2025-02-21T11:06:20.6090877Z   jsonschema-specifications      2023.12.1            pyhd8ed1ab_0             conda-forge
2025-02-21T11:06:20.6091386Z   jsonschema-with-format-nongpl  4.22.0               pyhd8ed1ab_0             conda-forge
2025-02-21T11:06:20.6091819Z   jupyter-lsp                    2.2.5                pyhd8ed1ab_0             conda-forge
2025-02-21T11:06:20.6092305Z   jupyter_client                 8.6.2                pyhd8ed1ab_0             conda-forge
2025-02-21T11:06:20.6092679Z   jupyter_core                   5.7.2                py312h7900ff3_0          conda-forge
2025-02-21T11:06:20.6093052Z   jupyter_events                 0.10.0               pyhd8ed1ab_0             conda-forge
2025-02-21T11:06:20.6093436Z   jupyter_server                 2.14.1               pyhd8ed1ab_0             conda-forge
2025-02-21T11:06:20.6094039Z   jupyter_server_terminals       0.5.3                pyhd8ed1ab_0             conda-forge
2025-02-21T11:06:20.6094460Z   jupyterlab                     4.2.2                pyhd8ed1ab_0             conda-forge
2025-02-21T11:06:20.6094855Z   jupyterlab_pygments            0.3.0                pyhd8ed1ab_1             conda-forge
2025-02-21T11:06:20.6095268Z   jupyterlab_server              2.27.2               pyhd8ed1ab_0             conda-forge
2025-02-21T11:06:20.6095682Z   jupyterlab_widgets             1.1.7                pyhd8ed1ab_0             conda-forge
2025-02-21T11:06:20.6096059Z   keyutils                       1.6.1                h166bdaf_0               conda-forge
2025-02-21T11:06:20.6096414Z   kiwisolver                     1.4.5                py312h8572e83_1          conda-forge
2025-02-21T11:06:20.6096753Z   krb5                           1.21.2               h659d440_0               conda-forge
2025-02-21T11:06:20.6097093Z   latexcodec                     2.0.1                pyh9f0ad1d_0             conda-forge
2025-02-21T11:06:20.6097438Z   lcms2                          2.16                 hb7c19ff_0               conda-forge
2025-02-21T11:06:20.6097792Z   ld_impl_linux-64               2.40                 hf3520f5_7               conda-forge
2025-02-21T11:06:20.6098135Z   lerc                           4.0.0                h27087fc_0               conda-forge
2025-02-21T11:06:20.6098460Z   libaec                         1.1.3                h59595ed_0               conda-forge
2025-02-21T11:06:20.6098802Z   libblas                        3.9.0                22_linux64_openblas      conda-forge
2025-02-21T11:06:20.6099177Z   libbrotlicommon                1.1.0                hd590300_1               conda-forge
2025-02-21T11:06:20.6099564Z   libbrotlidec                   1.1.0                hd590300_1               conda-forge
2025-02-21T11:06:20.6099935Z   libbrotlienc                   1.1.0                hd590300_1               conda-forge
2025-02-21T11:06:20.6100300Z   libcblas                       3.9.0                22_linux64_openblas      conda-forge
2025-02-21T11:06:20.6100647Z   libcurl                        8.8.0                hca28451_0               conda-forge
2025-02-21T11:06:20.6100995Z   libdeflate                     1.20                 hd590300_0               conda-forge
2025-02-21T11:06:20.6101356Z   libedit                        3.1.20191231         he28a2e2_2               conda-forge
2025-02-21T11:06:20.6101699Z   libev                          4.33                 hd590300_2               conda-forge
2025-02-21T11:06:20.6102032Z   libexpat                       2.6.2                h59595ed_0               conda-forge
2025-02-21T11:06:20.6102371Z   libffi                         3.4.2                h7f98852_5               conda-forge
2025-02-21T11:06:20.6102710Z   libgcc-ng                      13.2.0               h77fa898_10              conda-forge
2025-02-21T11:06:20.6103043Z   libgd                          2.3.3                h119a65a_9               conda-forge
2025-02-21T11:06:20.6103397Z   libgfortran-ng                 13.2.0               h69a702a_10              conda-forge
2025-02-21T11:06:20.6104050Z   libgfortran5                   13.2.0               h3d2ce59_10              conda-forge
2025-02-21T11:06:20.6104436Z   libglib                        2.80.2               h8a4344b_1               conda-forge
2025-02-21T11:06:20.6104774Z   libgomp                        13.2.0               h77fa898_10              conda-forge
2025-02-21T11:06:20.6105221Z   libiconv                       1.17                 hd590300_2               conda-forge
2025-02-21T11:06:20.6105589Z   libjpeg-turbo                  3.0.0                hd590300_1               conda-forge
2025-02-21T11:06:20.6105958Z   liblapack                      3.9.0                22_linux64_openblas      conda-forge
2025-02-21T11:06:20.6106319Z   libllvm14                      14.0.6               hcd5def8_4               conda-forge
2025-02-21T11:06:20.6106679Z   libnghttp2                     1.58.0               h47da74e_1               conda-forge
2025-02-21T11:06:20.6107026Z   libnsl                         2.0.1                hd590300_0               conda-forge
2025-02-21T11:06:20.6107390Z   libopenblas                    0.3.27               pthreads_h413a1c8_0      conda-forge
2025-02-21T11:06:20.6107752Z   libpng                         1.6.43               h2797004_0               conda-forge
2025-02-21T11:06:20.6108092Z   librsvg                        2.58.1               hadf69e7_0               conda-forge
2025-02-21T11:06:20.6108438Z   libsodium                      1.0.18               h36c2ea0_1               conda-forge
2025-02-21T11:06:20.6108789Z   libsqlite                      3.46.0               hde9e2c9_0               conda-forge
2025-02-21T11:06:20.6109133Z   libssh2                        1.11.0               h0841786_0               conda-forge
2025-02-21T11:06:20.6109489Z   libstdcxx-ng                   13.2.0               hc0a3c3a_10              conda-forge
2025-02-21T11:06:20.6109855Z   libtiff                        4.6.0                h1dd3fc0_3               conda-forge
2025-02-21T11:06:20.6110201Z   libuuid                        2.38.1               h0b41bf4_0               conda-forge
2025-02-21T11:06:20.6110540Z   libwebp                        1.4.0                h2c329e2_0               conda-forge
2025-02-21T11:06:20.6110890Z   libwebp-base                   1.4.0                hd590300_0               conda-forge
2025-02-21T11:06:20.6111245Z   libxcb                         1.15                 h0b41bf4_0               conda-forge
2025-02-21T11:06:20.6111588Z   libxcrypt                      4.4.36               hd590300_1               conda-forge
2025-02-21T11:06:20.6111943Z   libxml2                        2.12.7               hc051c1a_1               conda-forge
2025-02-21T11:06:20.6112283Z   libxslt                        1.1.39               h76b75d6_0               conda-forge
2025-02-21T11:06:20.6112622Z   libzlib                        1.3.1                h4ab18f5_1               conda-forge
2025-02-21T11:06:20.6112972Z   llvmlite                       0.42.0               py312hb06c811_1          conda-forge
2025-02-21T11:06:20.6113316Z   lxml                           5.2.2                py312hb90d8a5_0          conda-forge
2025-02-21T11:06:20.6113640Z   lz4-c                          1.9.4                hcb278e6_0               conda-forge
2025-02-21T11:06:20.6114152Z   lzo                            2.10                 hd590300_1001            conda-forge
2025-02-21T11:06:20.6114502Z   markupsafe                     2.1.5                py312h98912ed_0          conda-forge
2025-02-21T11:06:20.6114883Z   matplotlib-base                3.8.4                py312h20ab3a6_2          conda-forge
2025-02-21T11:06:20.6115288Z   matplotlib-inline              0.1.7                pyhd8ed1ab_0             conda-forge
2025-02-21T11:06:20.6115675Z   mistune                        3.0.2                pyhd8ed1ab_0             conda-forge
2025-02-21T11:06:20.6116003Z   mpc                            1.3.1                hfe3b2da_0               conda-forge
2025-02-21T11:06:20.6116575Z   mpfr                           4.2.1                h9458935_1               conda-forge
2025-02-21T11:06:20.6117252Z   mpmath                         1.3.0                pyhd8ed1ab_0             conda-forge
2025-02-21T11:06:20.6117910Z   munkres                        1.1.4                pyh9f0ad1d_0             conda-forge
2025-02-21T11:06:20.6118853Z   mypy_extensions                1.0.0                pyha770c72_0             conda-forge
2025-02-21T11:06:20.6119262Z   nbclassic                      1.1.0                pyhd8ed1ab_0             conda-forge
2025-02-21T11:06:20.6119634Z   nbclient                       0.10.0               pyhd8ed1ab_0             conda-forge
2025-02-21T11:06:20.6119987Z   nbconvert                      7.16.4               hd8ed1ab_1               conda-forge
2025-02-21T11:06:20.6120375Z   nbconvert-core                 7.16.4               pyhd8ed1ab_1             conda-forge
2025-02-21T11:06:20.6120789Z   nbconvert-pandoc               7.16.4               hd8ed1ab_1               conda-forge
2025-02-21T11:06:20.6121188Z   nbformat                       5.10.4               pyhd8ed1ab_0             conda-forge
2025-02-21T11:06:20.6121540Z   nbsphinx                       0.9.4                pyhd8ed1ab_0             conda-forge
2025-02-21T11:06:20.6121891Z   ncurses                        6.5                  h59595ed_0               conda-forge
2025-02-21T11:06:20.6122247Z   nest-asyncio                   1.6.0                pyhd8ed1ab_0             conda-forge
2025-02-21T11:06:20.6122612Z   networkx                       3.3                  pyhd8ed1ab_1             conda-forge
2025-02-21T11:06:20.6122949Z   nomkl                          1.0                  h5ca1d4c_0               conda-forge
2025-02-21T11:06:20.6123293Z   notebook                       7.2.1                pyhd8ed1ab_0             conda-forge
2025-02-21T11:06:20.6123658Z   notebook-shim                  0.2.4                pyhd8ed1ab_0             conda-forge
2025-02-21T11:06:20.6124203Z   numba                          0.59.1               py312hacefee8_0          conda-forge
2025-02-21T11:06:20.6124549Z   numexpr                        2.10.0               py312hf412c99_100        conda-forge
2025-02-21T11:06:20.6124889Z   numpy                          1.26.4               py312heda63a1_0          conda-forge
2025-02-21T11:06:20.6125237Z   numpydoc                       1.7.0                pyhd8ed1ab_1             conda-forge
2025-02-21T11:06:20.6125583Z   openjpeg                       2.5.2                h488ebb8_0               conda-forge
2025-02-21T11:06:20.6125925Z   openssl                        3.3.1                h4ab18f5_0               conda-forge
2025-02-21T11:06:20.6126270Z   overrides                      7.7.0                pyhd8ed1ab_0             conda-forge
2025-02-21T11:06:20.6126630Z   packaging                      24.1                 pyhd8ed1ab_0             conda-forge
2025-02-21T11:06:20.6126981Z   pandas                         2.2.2                py312h1d6d2e6_1          conda-forge
2025-02-21T11:06:20.6127343Z   pandoc                         3.2                  ha770c72_0               conda-forge
2025-02-21T11:06:20.6127701Z   pandocfilters                  1.5.0                pyhd8ed1ab_0             conda-forge
2025-02-21T11:06:20.6128080Z   pango                          1.54.0               h84a9a3c_0               conda-forge
2025-02-21T11:06:20.6128421Z   parso                          0.8.4                pyhd8ed1ab_0             conda-forge
2025-02-21T11:06:20.6128768Z   pathspec                       0.12.1               pyhd8ed1ab_0             conda-forge
2025-02-21T11:06:20.6129125Z   pbr                            6.0.0                pyhd8ed1ab_0             conda-forge
2025-02-21T11:06:20.6129453Z   pcre2                          10.44                h0f59acf_0               conda-forge
2025-02-21T11:06:20.6129793Z   pexpect                        4.9.0                pyhd8ed1ab_0             conda-forge
2025-02-21T11:06:20.6130150Z   pickleshare                    0.7.5                py_1003                  conda-forge
2025-02-21T11:06:20.6130635Z   pillow                         10.3.0               py312hdcec9eb_0          conda-forge
2025-02-21T11:06:20.6130976Z   pip                            24.0                 pyhd8ed1ab_0             conda-forge
2025-02-21T11:06:20.6131419Z   pixman                         0.43.2               h59595ed_0               conda-forge
2025-02-21T11:06:20.6131808Z   pkgutil-resolve-name           1.3.10               pyhd8ed1ab_1             conda-forge
2025-02-21T11:06:20.6132212Z   platformdirs                   4.2.2                pyhd8ed1ab_0             conda-forge
2025-02-21T11:06:20.6132571Z   plotly                         5.22.0               pyhd8ed1ab_0             conda-forge
2025-02-21T11:06:20.6132906Z   pluggy                         1.5.0                pyhd8ed1ab_0             conda-forge
2025-02-21T11:06:20.6133274Z   prometheus_client              0.20.0               pyhd8ed1ab_0             conda-forge
2025-02-21T11:06:20.6133686Z   prompt-toolkit                 3.0.47               pyha770c72_0             conda-forge
2025-02-21T11:06:20.6134240Z   psutil                         5.9.8                py312h98912ed_0          conda-forge
2025-02-21T11:06:20.6134598Z   pthread-stubs                  0.4                  h36c2ea0_1001            conda-forge
2025-02-21T11:06:20.6134974Z   ptyprocess                     0.7.0                pyhd3deb0d_0             conda-forge
2025-02-21T11:06:20.6135330Z   pure_eval                      0.2.2                pyhd8ed1ab_0             conda-forge
2025-02-21T11:06:20.6135682Z   py-cpuinfo                     9.0.0                pyhd8ed1ab_0             conda-forge
2025-02-21T11:06:20.6136036Z   pybtex                         0.24.0               pyhd8ed1ab_2             conda-forge
2025-02-21T11:06:20.6136404Z   pybtex-docutils                1.0.3                py312h7900ff3_1          conda-forge
2025-02-21T11:06:20.6136782Z   pycparser                      2.22                 pyhd8ed1ab_0             conda-forge
2025-02-21T11:06:20.6137136Z   pyerfa                         2.0.1.4              py312h085067d_1          conda-forge
2025-02-21T11:06:20.6137483Z   pygments                       2.18.0               pyhd8ed1ab_0             conda-forge
2025-02-21T11:06:20.6137855Z   pygraphviz                     1.13                 py312h4a1d8a7_1          conda-forge
2025-02-21T11:06:20.6138216Z   pyparsing                      3.1.2                pyhd8ed1ab_0             conda-forge
2025-02-21T11:06:20.6138567Z   pysocks                        1.7.1                pyha2e5f31_6             conda-forge
2025-02-21T11:06:20.6138912Z   pytables                       3.9.2                py312h96d95ec_2          conda-forge
2025-02-21T11:06:20.6139252Z   pytest                         8.2.2                pyhd8ed1ab_0             conda-forge
2025-02-21T11:06:20.6139603Z   pytest-cov                     5.0.0                pyhd8ed1ab_0             conda-forge
2025-02-21T11:06:20.6139997Z   pytest-doctestplus             1.2.1                pyhd8ed1ab_0             conda-forge
2025-02-21T11:06:20.6140385Z   pytest-html                    4.1.1                pyhd8ed1ab_0             conda-forge
2025-02-21T11:06:20.6140773Z   pytest-metadata                3.1.1                pyhd8ed1ab_0             conda-forge
2025-02-21T11:06:20.6141145Z   python                         3.12.4               h194c7f8_0_cpython       conda-forge
2025-02-21T11:06:20.6141511Z   python-dateutil                2.9.0                pyhd8ed1ab_0             conda-forge
2025-02-21T11:06:20.6141933Z   python-fastjsonschema          2.20.0               pyhd8ed1ab_0             conda-forge
2025-02-21T11:06:20.6142355Z   python-json-logger             2.0.7                pyhd8ed1ab_0             conda-forge
2025-02-21T11:06:20.6142758Z   python-tzdata                  2024.1               pyhd8ed1ab_0             conda-forge
2025-02-21T11:06:20.6143128Z   python_abi                     3.12                 4_cp312                  conda-forge
2025-02-21T11:06:20.6143590Z   pytz                           2024.1               pyhd8ed1ab_0             conda-forge
2025-02-21T11:06:20.6144108Z   pyyaml                         6.0.1                py312h98912ed_1          conda-forge
2025-02-21T11:06:20.6144629Z   pyzmq                          26.0.3               py312h8fd38d8_0          conda-forge
2025-02-21T11:06:20.6144966Z   qgrid                          1.3.1                pyhd8ed1ab_4             conda-forge
2025-02-21T11:06:20.6145339Z   radioactivedecay               0.5.1                pyhd8ed1ab_0             conda-forge
2025-02-21T11:06:20.6145712Z   readline                       8.2                  h8228510_1               conda-forge
2025-02-21T11:06:20.6146070Z   recommonmark                   0.7.1                pyhd8ed1ab_0             conda-forge
2025-02-21T11:06:20.6146452Z   referencing                    0.35.1               pyhd8ed1ab_0             conda-forge
2025-02-21T11:06:20.6146825Z   requests                       2.32.3               pyhd8ed1ab_0             conda-forge
2025-02-21T11:06:20.6147205Z   rfc3339-validator              0.1.4                pyhd8ed1ab_0             conda-forge
2025-02-21T11:06:20.6147607Z   rfc3986-validator              0.1.1                pyh9f0ad1d_0             conda-forge
2025-02-21T11:06:20.6147981Z   rpds-py                        0.18.1               py312h4413252_0          conda-forge
2025-02-21T11:06:20.6148312Z   ruff                           0.4.9                py312h5715c7c_0          conda-forge
2025-02-21T11:06:20.6148642Z   scipy                          1.13.1               py312hc2bc53b_0          conda-forge
2025-02-21T11:06:20.6148996Z   send2trash                     1.8.3                pyh0d859eb_0             conda-forge
2025-02-21T11:06:20.6149361Z   setuptools                     70.0.0               pyhd8ed1ab_0             conda-forge
2025-02-21T11:06:20.6149752Z   setuptools-scm                 8.1.0                pyhd8ed1ab_0             conda-forge
2025-02-21T11:06:20.6150153Z   setuptools_scm                 8.1.0                hd8ed1ab_0               conda-forge
2025-02-21T11:06:20.6150506Z   six                            1.16.0               pyh6c4a22f_0             conda-forge
2025-02-21T11:06:20.6150861Z   snakeviz                       2.2.0                pyhd8ed1ab_0             conda-forge
2025-02-21T11:06:20.6151203Z   snappy                         1.2.0                hdb0a2a9_1               conda-forge
2025-02-21T11:06:20.6151546Z   sniffio                        1.3.1                pyhd8ed1ab_0             conda-forge
2025-02-21T11:06:20.6151923Z   snowballstemmer                2.2.0                pyhd8ed1ab_0             conda-forge
2025-02-21T11:06:20.6152301Z   soupsieve                      2.5                  pyhd8ed1ab_1             conda-forge
2025-02-21T11:06:20.6152685Z   sphinx                         7.3.7                pyhd8ed1ab_0             conda-forge
2025-02-21T11:06:20.6153057Z   sphinx-astropy                 1.9.1                pyhd8ed1ab_0             conda-forge
2025-02-21T11:06:20.6153459Z   sphinx-automodapi              0.17.0               pyh717bed2_1             conda-forge
2025-02-21T11:06:20.6154007Z   sphinx-gallery                 0.16.0               pyhd8ed1ab_0             conda-forge
2025-02-21T11:06:20.6154420Z   sphinx-jsonschema              1.19.1               pyhd8ed1ab_0             conda-forge
2025-02-21T11:06:20.6154836Z   sphinx_bootstrap_theme         0.8.1                pyhd8ed1ab_0             conda-forge
2025-02-21T11:06:20.6155247Z   sphinx_rtd_theme               2.0.0                pyha770c72_0             conda-forge
2025-02-21T11:06:20.6155649Z   sphinxcontrib-apidoc           0.3.0                py_1                     conda-forge
2025-02-21T11:06:20.6156089Z   sphinxcontrib-applehelp        1.0.8                pyhd8ed1ab_0             conda-forge
2025-02-21T11:06:20.6156532Z   sphinxcontrib-bibtex           2.6.2                pyhd8ed1ab_0             conda-forge
2025-02-21T11:06:20.6157084Z   sphinxcontrib-devhelp          1.0.6                pyhd8ed1ab_0             conda-forge
2025-02-21T11:06:20.6157530Z   sphinxcontrib-htmlhelp         2.0.5                pyhd8ed1ab_0             conda-forge
2025-02-21T11:06:20.6158070Z   sphinxcontrib-jquery           4.1                  pyhd8ed1ab_0             conda-forge
2025-02-21T11:06:20.6158497Z   sphinxcontrib-jsmath           1.0.1                pyhd8ed1ab_0             conda-forge
2025-02-21T11:06:20.6158929Z   sphinxcontrib-qthelp           1.0.7                pyhd8ed1ab_0             conda-forge
2025-02-21T11:06:20.6159402Z   sphinxcontrib-serializinghtml  1.1.10               pyhd8ed1ab_0             conda-forge
2025-02-21T11:06:20.6159836Z   stack_data                     0.6.2                pyhd8ed1ab_0             conda-forge
2025-02-21T11:06:20.6160189Z   sympy                          1.12.1               pypyh2585a3b_103         conda-forge
2025-02-21T11:06:20.6160539Z   tabulate                       0.9.0                pyhd8ed1ab_1             conda-forge
2025-02-21T11:06:20.6160900Z   tenacity                       8.4.1                pyhd8ed1ab_0             conda-forge
2025-02-21T11:06:20.6161258Z   terminado                      0.18.1               pyh0d859eb_0             conda-forge
2025-02-21T11:06:20.6161620Z   tinycss2                       1.3.0                pyhd8ed1ab_0             conda-forge
2025-02-21T11:06:20.6161952Z   tk                             8.6.13               noxft_h4845f30_101       conda-forge
2025-02-21T11:06:20.6162273Z   toml                           0.10.2               pyhd8ed1ab_0             conda-forge
2025-02-21T11:06:20.6162609Z   tomli                          2.0.1                pyhd8ed1ab_0             conda-forge
2025-02-21T11:06:20.6162948Z   tornado                        6.4.1                py312h9a8786e_0          conda-forge
2025-02-21T11:06:20.6163286Z   tqdm                           4.66.4               pyhd8ed1ab_0             conda-forge
2025-02-21T11:06:20.6163633Z   traitlets                      5.14.3               pyhd8ed1ab_0             conda-forge
2025-02-21T11:06:20.6164202Z   typed-ast                      1.5.5                py312h98912ed_1          conda-forge
2025-02-21T11:06:20.6164627Z   types-python-dateutil          2.9.0.20240316       pyhd8ed1ab_0             conda-forge
2025-02-21T11:06:20.6165071Z   typing-extensions              4.12.2               hd8ed1ab_0               conda-forge
2025-02-21T11:06:20.6165479Z   typing_extensions              4.12.2               pyha770c72_0             conda-forge
2025-02-21T11:06:20.6165863Z   typing_utils                   0.1.0                pyhd8ed1ab_0             conda-forge
2025-02-21T11:06:20.6166225Z   tzdata                         2024a                h0c530f3_0               conda-forge
2025-02-21T11:06:20.6166591Z   uri-template                   1.3.0                pyhd8ed1ab_0             conda-forge
2025-02-21T11:06:20.6166960Z   urllib3                        2.2.2                pyhd8ed1ab_0             conda-forge
2025-02-21T11:06:20.6167312Z   wcwidth                        0.2.13               pyhd8ed1ab_0             conda-forge
2025-02-21T11:06:20.6167669Z   webcolors                      24.6.0               pyhd8ed1ab_0             conda-forge
2025-02-21T11:06:20.6168045Z   webencodings                   0.5.1                pyhd8ed1ab_2             conda-forge
2025-02-21T11:06:20.6168438Z   websocket-client               1.8.0                pyhd8ed1ab_0             conda-forge
2025-02-21T11:06:20.6168815Z   wheel                          0.43.0               pyhd8ed1ab_1             conda-forge
2025-02-21T11:06:20.6169192Z   widgetsnbextension             3.6.6                pyhd8ed1ab_0             conda-forge
2025-02-21T11:06:20.6169587Z   xorg-kbproto                   1.0.7                h7f98852_1002            conda-forge
2025-02-21T11:06:20.6169949Z   xorg-libice                    1.1.1                hd590300_0               conda-forge
2025-02-21T11:06:20.6170441Z   xorg-libsm                     1.2.4                h7391055_0               conda-forge
2025-02-21T11:06:20.6170804Z   xorg-libx11                    1.8.9                h8ee46fc_0               conda-forge
2025-02-21T11:06:20.6171266Z   xorg-libxau                    1.0.11               hd590300_0               conda-forge
2025-02-21T11:06:20.6171649Z   xorg-libxdmcp                  1.1.3                h7f98852_0               conda-forge
2025-02-21T11:06:20.6172022Z   xorg-libxext                   1.3.4                h0b41bf4_2               conda-forge
2025-02-21T11:06:20.6172497Z   xorg-libxrender                0.9.11               hd590300_0               conda-forge
2025-02-21T11:06:20.6172890Z   xorg-renderproto               0.11.1               h7f98852_1002            conda-forge
2025-02-21T11:06:20.6173282Z   xorg-xextproto                 7.3.0                h0b41bf4_1003            conda-forge
2025-02-21T11:06:20.6173652Z   xorg-xproto                    7.0.31               h7f98852_1007            conda-forge
2025-02-21T11:06:20.6174177Z   xz                             5.2.6                h166bdaf_0               conda-forge
2025-02-21T11:06:20.6174487Z   yaml                           0.2.5                h7f98852_2               conda-forge
2025-02-21T11:06:20.6174814Z   zeromq                         4.3.5                h75354e8_4               conda-forge
2025-02-21T11:06:20.6175143Z   zipp                           3.19.2               pyhd8ed1ab_0             conda-forge
2025-02-21T11:06:20.6175464Z   zlib                           1.3.1                h4ab18f5_1               conda-forge
2025-02-21T11:06:20.6175785Z   zlib-ng                        2.0.7                h0b41bf4_0               conda-forge
2025-02-21T11:06:20.6176109Z   zstd                           1.5.6                ha6fb4c9_0               conda-forge
2025-02-21T11:06:20.6176627Z ##[endgroup]
2025-02-21T11:06:20.6218231Z ##[group]Run pip install -e . --user
2025-02-21T11:06:20.6218568Z [36;1mpip install -e . --user[0m
2025-02-21T11:06:20.6275444Z shell: /usr/bin/bash -l {0}
2025-02-21T11:06:20.6275727Z env:
2025-02-21T11:06:20.6275934Z   CACHE_NUMBER: 0
2025-02-21T11:06:20.6276686Z   PYTEST_FLAGS: --tardis-regression-data=/home/runner/work/tardis/tardis/tardis-regression-data --cov=tardis --cov-report=xml --cov-report=html --cov-append
2025-02-21T11:06:20.6277521Z   CODECOV_TOKEN: 
2025-02-21T11:06:20.6277785Z   MAMBA_ROOT_PREFIX: /home/runner/micromamba
2025-02-21T11:06:20.6278156Z   MAMBA_EXE: /home/runner/micromamba-bin/micromamba
2025-02-21T11:06:20.6278577Z   CONDARC: /home/runner/work/_temp/setup-micromamba/.condarc
2025-02-21T11:06:20.6278945Z ##[endgroup]
2025-02-21T11:06:21.2915930Z Obtaining file:///home/runner/work/tardis/tardis
2025-02-21T11:06:21.2946095Z   Installing build dependencies: started
2025-02-21T11:06:23.9274667Z   Installing build dependencies: finished with status 'done'
2025-02-21T11:06:23.9279764Z   Checking if build backend supports build_editable: started
2025-02-21T11:06:24.0464916Z   Checking if build backend supports build_editable: finished with status 'done'
2025-02-21T11:06:24.0471543Z   Getting requirements to build editable: started
2025-02-21T11:06:24.5129758Z   Getting requirements to build editable: finished with status 'done'
2025-02-21T11:06:24.5138402Z   Preparing editable metadata (pyproject.toml): started
2025-02-21T11:06:24.9744057Z   Preparing editable metadata (pyproject.toml): finished with status 'done'
2025-02-21T11:06:25.0326356Z Requirement already satisfied: astropy in /home/runner/micromamba/envs/tardis/lib/python3.12/site-packages (from tardis==0.0.0) (6.1.1)
2025-02-21T11:06:25.0718797Z Requirement already satisfied: numpy>=1.23 in /home/runner/micromamba/envs/tardis/lib/python3.12/site-packages (from astropy->tardis==0.0.0) (1.26.4)
2025-02-21T11:06:25.0728212Z Requirement already satisfied: pyerfa>=2.0.1.1 in /home/runner/micromamba/envs/tardis/lib/python3.12/site-packages (from astropy->tardis==0.0.0) (2.0.1.4)
2025-02-21T11:06:25.0739123Z Requirement already satisfied: astropy-iers-data>=0.2024.5.27.0.30.8 in /home/runner/micromamba/envs/tardis/lib/python3.12/site-packages (from astropy->tardis==0.0.0) (0.2024.6.17.0.31.35)
2025-02-21T11:06:25.0747874Z Requirement already satisfied: PyYAML>=3.13 in /home/runner/micromamba/envs/tardis/lib/python3.12/site-packages (from astropy->tardis==0.0.0) (6.0.1)
2025-02-21T11:06:25.0758184Z Requirement already satisfied: packaging>=19.0 in /home/runner/micromamba/envs/tardis/lib/python3.12/site-packages (from astropy->tardis==0.0.0) (24.1)
2025-02-21T11:06:25.0843741Z Building wheels for collected packages: tardis
2025-02-21T11:06:25.0852608Z   Building editable for tardis (pyproject.toml): started
2025-02-21T11:06:25.8465076Z   Building editable for tardis (pyproject.toml): finished with status 'done'
2025-02-21T11:06:25.8471926Z   Created wheel for tardis: filename=tardis-0.0.0-0.editable-py3-none-any.whl size=8879 sha256=1def46e1fa8255e9127cb7313e5233eac0fedc28572f27d600d2d98e1db7ab6d
2025-02-21T11:06:25.8474489Z   Stored in directory: /tmp/pip-ephem-wheel-cache-9391hh1u/wheels/6a/c7/ae/89fa6dc2565455898176888ef0e2e475e4e90eb0124afcb995
2025-02-21T11:06:25.8499669Z Successfully built tardis
2025-02-21T11:06:26.5935090Z Installing collected packages: tardis
2025-02-21T11:06:26.6023454Z Successfully installed tardis-0.0.0
2025-02-21T11:06:26.7950966Z ##[group]Run pip install qgridnext
2025-02-21T11:06:26.7951291Z [36;1mpip install qgridnext[0m
2025-02-21T11:06:26.8005492Z shell: /usr/bin/bash -l {0}
2025-02-21T11:06:26.8005758Z env:
2025-02-21T11:06:26.8005953Z   CACHE_NUMBER: 0
2025-02-21T11:06:26.8006663Z   PYTEST_FLAGS: --tardis-regression-data=/home/runner/work/tardis/tardis/tardis-regression-data --cov=tardis --cov-report=xml --cov-report=html --cov-append
2025-02-21T11:06:26.8007429Z   CODECOV_TOKEN: 
2025-02-21T11:06:26.8007680Z   MAMBA_ROOT_PREFIX: /home/runner/micromamba
2025-02-21T11:06:26.8008022Z   MAMBA_EXE: /home/runner/micromamba-bin/micromamba
2025-02-21T11:06:26.8008413Z   CONDARC: /home/runner/work/_temp/setup-micromamba/.condarc
2025-02-21T11:06:26.8008763Z ##[endgroup]
2025-02-21T11:06:27.3972342Z Collecting qgridnext
2025-02-21T11:06:27.4128488Z   Downloading qgridnext-2.0.4-py3-none-any.whl.metadata (9.9 kB)
2025-02-21T11:06:27.4209706Z Requirement already satisfied: pandas>=0.20.0 in /home/runner/micromamba/envs/tardis/lib/python3.12/site-packages (from qgridnext) (2.2.2)
2025-02-21T11:06:27.4218877Z Requirement already satisfied: ipywidgets>=7.0.0 in /home/runner/micromamba/envs/tardis/lib/python3.12/site-packages (from qgridnext) (7.8.0)
2025-02-21T11:06:27.4228752Z Requirement already satisfied: numpy in /home/runner/micromamba/envs/tardis/lib/python3.12/site-packages (from qgridnext) (1.26.4)
2025-02-21T11:06:27.4239362Z Requirement already satisfied: traitlets in /home/runner/micromamba/envs/tardis/lib/python3.12/site-packages (from qgridnext) (5.14.3)
2025-02-21T11:06:27.4321389Z Requirement already satisfied: comm>=0.1.3 in /home/runner/micromamba/envs/tardis/lib/python3.12/site-packages (from ipywidgets>=7.0.0->qgridnext) (0.2.2)
2025-02-21T11:06:27.4330414Z Requirement already satisfied: ipython-genutils~=0.2.0 in /home/runner/micromamba/envs/tardis/lib/python3.12/site-packages (from ipywidgets>=7.0.0->qgridnext) (0.2.0)
2025-02-21T11:06:27.4343568Z Requirement already satisfied: widgetsnbextension~=3.6.5 in /home/runner/micromamba/envs/tardis/lib/python3.12/site-packages (from ipywidgets>=7.0.0->qgridnext) (3.6.6)
2025-02-21T11:06:27.4361618Z Requirement already satisfied: ipython>=4.0.0 in /home/runner/micromamba/envs/tardis/lib/python3.12/site-packages (from ipywidgets>=7.0.0->qgridnext) (8.25.0)
2025-02-21T11:06:27.4376462Z Requirement already satisfied: jupyterlab-widgets<3,>=1.0.0 in /home/runner/micromamba/envs/tardis/lib/python3.12/site-packages (from ipywidgets>=7.0.0->qgridnext) (1.1.7)
2025-02-21T11:06:27.4807302Z Requirement already satisfied: python-dateutil>=2.8.2 in /home/runner/micromamba/envs/tardis/lib/python3.12/site-packages (from pandas>=0.20.0->qgridnext) (2.9.0)
2025-02-21T11:06:27.4821148Z Requirement already satisfied: pytz>=2020.1 in /home/runner/micromamba/envs/tardis/lib/python3.12/site-packages (from pandas>=0.20.0->qgridnext) (2024.1)
2025-02-21T11:06:27.4829461Z Requirement already satisfied: tzdata>=2022.7 in /home/runner/micromamba/envs/tardis/lib/python3.12/site-packages (from pandas>=0.20.0->qgridnext) (2024.1)
2025-02-21T11:06:27.5138231Z Requirement already satisfied: decorator in /home/runner/micromamba/envs/tardis/lib/python3.12/site-packages (from ipython>=4.0.0->ipywidgets>=7.0.0->qgridnext) (5.1.1)
2025-02-21T11:06:27.5153163Z Requirement already satisfied: jedi>=0.16 in /home/runner/micromamba/envs/tardis/lib/python3.12/site-packages (from ipython>=4.0.0->ipywidgets>=7.0.0->qgridnext) (0.19.1)
2025-02-21T11:06:27.5162312Z Requirement already satisfied: matplotlib-inline in /home/runner/micromamba/envs/tardis/lib/python3.12/site-packages (from ipython>=4.0.0->ipywidgets>=7.0.0->qgridnext) (0.1.7)
2025-02-21T11:06:27.5173985Z Requirement already satisfied: prompt-toolkit<3.1.0,>=3.0.41 in /home/runner/micromamba/envs/tardis/lib/python3.12/site-packages (from ipython>=4.0.0->ipywidgets>=7.0.0->qgridnext) (3.0.47)
2025-02-21T11:06:27.5183245Z Requirement already satisfied: pygments>=2.4.0 in /home/runner/micromamba/envs/tardis/lib/python3.12/site-packages (from ipython>=4.0.0->ipywidgets>=7.0.0->qgridnext) (2.18.0)
2025-02-21T11:06:27.5193794Z Requirement already satisfied: stack-data in /home/runner/micromamba/envs/tardis/lib/python3.12/site-packages (from ipython>=4.0.0->ipywidgets>=7.0.0->qgridnext) (0.6.2)
2025-02-21T11:06:27.5213383Z Requirement already satisfied: pexpect>4.3 in /home/runner/micromamba/envs/tardis/lib/python3.12/site-packages (from ipython>=4.0.0->ipywidgets>=7.0.0->qgridnext) (4.9.0)
2025-02-21T11:06:27.5260772Z Requirement already satisfied: six>=1.5 in /home/runner/micromamba/envs/tardis/lib/python3.12/site-packages (from python-dateutil>=2.8.2->pandas>=0.20.0->qgridnext) (1.16.0)
2025-02-21T11:06:27.5317989Z Requirement already satisfied: notebook>=4.4.1 in /home/runner/micromamba/envs/tardis/lib/python3.12/site-packages (from widgetsnbextension~=3.6.5->ipywidgets>=7.0.0->qgridnext) (7.2.1)
2025-02-21T11:06:27.5503784Z Requirement already satisfied: parso<0.9.0,>=0.8.3 in /home/runner/micromamba/envs/tardis/lib/python3.12/site-packages (from jedi>=0.16->ipython>=4.0.0->ipywidgets>=7.0.0->qgridnext) (0.8.4)
2025-02-21T11:06:27.5646523Z Requirement already satisfied: jupyter-server<3,>=2.4.0 in /home/runner/micromamba/envs/tardis/lib/python3.12/site-packages (from notebook>=4.4.1->widgetsnbextension~=3.6.5->ipywidgets>=7.0.0->qgridnext) (2.14.1)
2025-02-21T11:06:27.5660509Z Requirement already satisfied: jupyterlab-server<3,>=2.27.1 in /home/runner/micromamba/envs/tardis/lib/python3.12/site-packages (from notebook>=4.4.1->widgetsnbextension~=3.6.5->ipywidgets>=7.0.0->qgridnext) (2.27.2)
2025-02-21T11:06:27.5676026Z Requirement already satisfied: jupyterlab<4.3,>=4.2.0 in /home/runner/micromamba/envs/tardis/lib/python3.12/site-packages (from notebook>=4.4.1->widgetsnbextension~=3.6.5->ipywidgets>=7.0.0->qgridnext) (4.2.2)
2025-02-21T11:06:27.5686216Z Requirement already satisfied: notebook-shim<0.3,>=0.2 in /home/runner/micromamba/envs/tardis/lib/python3.12/site-packages (from notebook>=4.4.1->widgetsnbextension~=3.6.5->ipywidgets>=7.0.0->qgridnext) (0.2.4)
2025-02-21T11:06:27.5693657Z Requirement already satisfied: tornado>=6.2.0 in /home/runner/micromamba/envs/tardis/lib/python3.12/site-packages (from notebook>=4.4.1->widgetsnbextension~=3.6.5->ipywidgets>=7.0.0->qgridnext) (6.4.1)
2025-02-21T11:06:27.5722632Z Requirement already satisfied: ptyprocess>=0.5 in /home/runner/micromamba/envs/tardis/lib/python3.12/site-packages (from pexpect>4.3->ipython>=4.0.0->ipywidgets>=7.0.0->qgridnext) (0.7.0)
2025-02-21T11:06:27.5751066Z Requirement already satisfied: wcwidth in /home/runner/micromamba/envs/tardis/lib/python3.12/site-packages (from prompt-toolkit<3.1.0,>=3.0.41->ipython>=4.0.0->ipywidgets>=7.0.0->qgridnext) (0.2.13)
2025-02-21T11:06:27.5885564Z Requirement already satisfied: executing>=1.2.0 in /home/runner/micromamba/envs/tardis/lib/python3.12/site-packages (from stack-data->ipython>=4.0.0->ipywidgets>=7.0.0->qgridnext) (2.0.1)
2025-02-21T11:06:27.5894620Z Requirement already satisfied: asttokens>=2.1.0 in /home/runner/micromamba/envs/tardis/lib/python3.12/site-packages (from stack-data->ipython>=4.0.0->ipywidgets>=7.0.0->qgridnext) (2.4.1)
2025-02-21T11:06:27.5902015Z Requirement already satisfied: pure-eval in /home/runner/micromamba/envs/tardis/lib/python3.12/site-packages (from stack-data->ipython>=4.0.0->ipywidgets>=7.0.0->qgridnext) (0.2.2)
2025-02-21T11:06:27.6231626Z Requirement already satisfied: anyio>=3.1.0 in /home/runner/micromamba/envs/tardis/lib/python3.12/site-packages (from jupyter-server<3,>=2.4.0->notebook>=4.4.1->widgetsnbextension~=3.6.5->ipywidgets>=7.0.0->qgridnext) (4.4.0)
2025-02-21T11:06:27.6246298Z Requirement already satisfied: argon2-cffi>=21.1 in /home/runner/micromamba/envs/tardis/lib/python3.12/site-packages (from jupyter-server<3,>=2.4.0->notebook>=4.4.1->widgetsnbextension~=3.6.5->ipywidgets>=7.0.0->qgridnext) (23.1.0)
2025-02-21T11:06:27.6259476Z Requirement already satisfied: jinja2>=3.0.3 in /home/runner/micromamba/envs/tardis/lib/python3.12/site-packages (from jupyter-server<3,>=2.4.0->notebook>=4.4.1->widgetsnbextension~=3.6.5->ipywidgets>=7.0.0->qgridnext) (3.1.4)
2025-02-21T11:06:27.6275423Z Requirement already satisfied: jupyter-client>=7.4.4 in /home/runner/micromamba/envs/tardis/lib/python3.12/site-packages (from jupyter-server<3,>=2.4.0->notebook>=4.4.1->widgetsnbextension~=3.6.5->ipywidgets>=7.0.0->qgridnext) (8.6.2)
2025-02-21T11:06:27.6286762Z Requirement already satisfied: jupyter-core!=5.0.*,>=4.12 in /home/runner/micromamba/envs/tardis/lib/python3.12/site-packages (from jupyter-server<3,>=2.4.0->notebook>=4.4.1->widgetsnbextension~=3.6.5->ipywidgets>=7.0.0->qgridnext) (5.7.2)
2025-02-21T11:06:27.6297799Z Requirement already satisfied: jupyter-events>=0.9.0 in /home/runner/micromamba/envs/tardis/lib/python3.12/site-packages (from jupyter-server<3,>=2.4.0->notebook>=4.4.1->widgetsnbextension~=3.6.5->ipywidgets>=7.0.0->qgridnext) (0.10.0)
2025-02-21T11:06:27.6308639Z Requirement already satisfied: jupyter-server-terminals>=0.4.4 in /home/runner/micromamba/envs/tardis/lib/python3.12/site-packages (from jupyter-server<3,>=2.4.0->notebook>=4.4.1->widgetsnbextension~=3.6.5->ipywidgets>=7.0.0->qgridnext) (0.5.3)
2025-02-21T11:06:27.6323558Z Requirement already satisfied: nbconvert>=6.4.4 in /home/runner/micromamba/envs/tardis/lib/python3.12/site-packages (from jupyter-server<3,>=2.4.0->notebook>=4.4.1->widgetsnbextension~=3.6.5->ipywidgets>=7.0.0->qgridnext) (7.16.4)
2025-02-21T11:06:27.6334317Z Requirement already satisfied: nbformat>=5.3.0 in /home/runner/micromamba/envs/tardis/lib/python3.12/site-packages (from jupyter-server<3,>=2.4.0->notebook>=4.4.1->widgetsnbextension~=3.6.5->ipywidgets>=7.0.0->qgridnext) (5.10.4)
2025-02-21T11:06:27.6343251Z Requirement already satisfied: overrides>=5.0 in /home/runner/micromamba/envs/tardis/lib/python3.12/site-packages (from jupyter-server<3,>=2.4.0->notebook>=4.4.1->widgetsnbextension~=3.6.5->ipywidgets>=7.0.0->qgridnext) (7.7.0)
2025-02-21T11:06:27.6353416Z Requirement already satisfied: packaging>=22.0 in /home/runner/micromamba/envs/tardis/lib/python3.12/site-packages (from jupyter-server<3,>=2.4.0->notebook>=4.4.1->widgetsnbextension~=3.6.5->ipywidgets>=7.0.0->qgridnext) (24.1)
2025-02-21T11:06:27.6366866Z Requirement already satisfied: prometheus-client>=0.9 in /home/runner/micromamba/envs/tardis/lib/python3.12/site-packages (from jupyter-server<3,>=2.4.0->notebook>=4.4.1->widgetsnbextension~=3.6.5->ipywidgets>=7.0.0->qgridnext) (0.20.0)
2025-02-21T11:06:27.6383988Z Requirement already satisfied: pyzmq>=24 in /home/runner/micromamba/envs/tardis/lib/python3.12/site-packages (from jupyter-server<3,>=2.4.0->notebook>=4.4.1->widgetsnbextension~=3.6.5->ipywidgets>=7.0.0->qgridnext) (26.0.3)
2025-02-21T11:06:27.6396801Z Requirement already satisfied: send2trash>=1.8.2 in /home/runner/micromamba/envs/tardis/lib/python3.12/site-packages (from jupyter-server<3,>=2.4.0->notebook>=4.4.1->widgetsnbextension~=3.6.5->ipywidgets>=7.0.0->qgridnext) (1.8.3)
2025-02-21T11:06:27.6413134Z Requirement already satisfied: terminado>=0.8.3 in /home/runner/micromamba/envs/tardis/lib/python3.12/site-packages (from jupyter-server<3,>=2.4.0->notebook>=4.4.1->widgetsnbextension~=3.6.5->ipywidgets>=7.0.0->qgridnext) (0.18.1)
2025-02-21T11:06:27.6434956Z Requirement already satisfied: websocket-client>=1.7 in /home/runner/micromamba/envs/tardis/lib/python3.12/site-packages (from jupyter-server<3,>=2.4.0->notebook>=4.4.1->widgetsnbextension~=3.6.5->ipywidgets>=7.0.0->qgridnext) (1.8.0)
2025-02-21T11:06:27.6713413Z Requirement already satisfied: async-lru>=1.0.0 in /home/runner/micromamba/envs/tardis/lib/python3.12/site-packages (from jupyterlab<4.3,>=4.2.0->notebook>=4.4.1->widgetsnbextension~=3.6.5->ipywidgets>=7.0.0->qgridnext) (2.0.4)
2025-02-21T11:06:27.6724918Z Requirement already satisfied: httpx>=0.25.0 in /home/runner/micromamba/envs/tardis/lib/python3.12/site-packages (from jupyterlab<4.3,>=4.2.0->notebook>=4.4.1->widgetsnbextension~=3.6.5->ipywidgets>=7.0.0->qgridnext) (0.27.0)
2025-02-21T11:06:27.6736596Z Requirement already satisfied: ipykernel>=6.5.0 in /home/runner/micromamba/envs/tardis/lib/python3.12/site-packages (from jupyterlab<4.3,>=4.2.0->notebook>=4.4.1->widgetsnbextension~=3.6.5->ipywidgets>=7.0.0->qgridnext) (6.29.4)
2025-02-21T11:06:27.6751526Z Requirement already satisfied: jupyter-lsp>=2.0.0 in /home/runner/micromamba/envs/tardis/lib/python3.12/site-packages (from jupyterlab<4.3,>=4.2.0->notebook>=4.4.1->widgetsnbextension~=3.6.5->ipywidgets>=7.0.0->qgridnext) (2.2.5)
2025-02-21T11:06:27.6778281Z Requirement already satisfied: setuptools>=40.1.0 in /home/runner/micromamba/envs/tardis/lib/python3.12/site-packages (from jupyterlab<4.3,>=4.2.0->notebook>=4.4.1->widgetsnbextension~=3.6.5->ipywidgets>=7.0.0->qgridnext) (70.0.0)
2025-02-21T11:06:27.6963722Z Requirement already satisfied: babel>=2.10 in /home/runner/micromamba/envs/tardis/lib/python3.12/site-packages (from jupyterlab-server<3,>=2.27.1->notebook>=4.4.1->widgetsnbextension~=3.6.5->ipywidgets>=7.0.0->qgridnext) (2.14.0)
2025-02-21T11:06:27.6989907Z Requirement already satisfied: json5>=0.9.0 in /home/runner/micromamba/envs/tardis/lib/python3.12/site-packages (from jupyterlab-server<3,>=2.27.1->notebook>=4.4.1->widgetsnbextension~=3.6.5->ipywidgets>=7.0.0->qgridnext) (0.9.25)
2025-02-21T11:06:27.7000414Z Requirement already satisfied: jsonschema>=4.18.0 in /home/runner/micromamba/envs/tardis/lib/python3.12/site-packages (from jupyterlab-server<3,>=2.27.1->notebook>=4.4.1->widgetsnbextension~=3.6.5->ipywidgets>=7.0.0->qgridnext) (4.22.0)
2025-02-21T11:06:27.7019474Z Requirement already satisfied: requests>=2.31 in /home/runner/micromamba/envs/tardis/lib/python3.12/site-packages (from jupyterlab-server<3,>=2.27.1->notebook>=4.4.1->widgetsnbextension~=3.6.5->ipywidgets>=7.0.0->qgridnext) (2.32.3)
2025-02-21T11:06:27.7363396Z Requirement already satisfied: idna>=2.8 in /home/runner/micromamba/envs/tardis/lib/python3.12/site-packages (from anyio>=3.1.0->jupyter-server<3,>=2.4.0->notebook>=4.4.1->widgetsnbextension~=3.6.5->ipywidgets>=7.0.0->qgridnext) (3.7)
2025-02-21T11:06:27.7372154Z Requirement already satisfied: sniffio>=1.1 in /home/runner/micromamba/envs/tardis/lib/python3.12/site-packages (from anyio>=3.1.0->jupyter-server<3,>=2.4.0->notebook>=4.4.1->widgetsnbextension~=3.6.5->ipywidgets>=7.0.0->qgridnext) (1.3.1)
2025-02-21T11:06:27.7461546Z Requirement already satisfied: argon2-cffi-bindings in /home/runner/micromamba/envs/tardis/lib/python3.12/site-packages (from argon2-cffi>=21.1->jupyter-server<3,>=2.4.0->notebook>=4.4.1->widgetsnbextension~=3.6.5->ipywidgets>=7.0.0->qgridnext) (21.2.0)
2025-02-21T11:06:27.7630592Z Requirement already satisfied: certifi in /home/runner/micromamba/envs/tardis/lib/python3.12/site-packages (from httpx>=0.25.0->jupyterlab<4.3,>=4.2.0->notebook>=4.4.1->widgetsnbextension~=3.6.5->ipywidgets>=7.0.0->qgridnext) (2024.6.2)
2025-02-21T11:06:27.7645022Z Requirement already satisfied: httpcore==1.* in /home/runner/micromamba/envs/tardis/lib/python3.12/site-packages (from httpx>=0.25.0->jupyterlab<4.3,>=4.2.0->notebook>=4.4.1->widgetsnbextension~=3.6.5->ipywidgets>=7.0.0->qgridnext) (1.0.5)
2025-02-21T11:06:27.7721689Z Requirement already satisfied: h11<0.15,>=0.13 in /home/runner/micromamba/envs/tardis/lib/python3.12/site-packages (from httpcore==1.*->httpx>=0.25.0->jupyterlab<4.3,>=4.2.0->notebook>=4.4.1->widgetsnbextension~=3.6.5->ipywidgets>=7.0.0->qgridnext) (0.14.0)
2025-02-21T11:06:27.7903488Z Requirement already satisfied: debugpy>=1.6.5 in /home/runner/micromamba/envs/tardis/lib/python3.12/site-packages (from ipykernel>=6.5.0->jupyterlab<4.3,>=4.2.0->notebook>=4.4.1->widgetsnbextension~=3.6.5->ipywidgets>=7.0.0->qgridnext) (1.8.1)
2025-02-21T11:06:27.7924739Z Requirement already satisfied: nest-asyncio in /home/runner/micromamba/envs/tardis/lib/python3.12/site-packages (from ipykernel>=6.5.0->jupyterlab<4.3,>=4.2.0->notebook>=4.4.1->widgetsnbextension~=3.6.5->ipywidgets>=7.0.0->qgridnext) (1.6.0)
2025-02-21T11:06:27.7938576Z Requirement already satisfied: psutil in /home/runner/micromamba/envs/tardis/lib/python3.12/site-packages (from ipykernel>=6.5.0->jupyterlab<4.3,>=4.2.0->notebook>=4.4.1->widgetsnbextension~=3.6.5->ipywidgets>=7.0.0->qgridnext) (5.9.8)
2025-02-21T11:06:27.7999622Z Requirement already satisfied: MarkupSafe>=2.0 in /home/runner/micromamba/envs/tardis/lib/python3.12/site-packages (from jinja2>=3.0.3->jupyter-server<3,>=2.4.0->notebook>=4.4.1->widgetsnbextension~=3.6.5->ipywidgets>=7.0.0->qgridnext) (2.1.5)
2025-02-21T11:06:27.8189666Z Requirement already satisfied: attrs>=22.2.0 in /home/runner/micromamba/envs/tardis/lib/python3.12/site-packages (from jsonschema>=4.18.0->jupyterlab-server<3,>=2.27.1->notebook>=4.4.1->widgetsnbextension~=3.6.5->ipywidgets>=7.0.0->qgridnext) (23.2.0)
2025-02-21T11:06:27.8199359Z Requirement already satisfied: jsonschema-specifications>=2023.03.6 in /home/runner/micromamba/envs/tardis/lib/python3.12/site-packages (from jsonschema>=4.18.0->jupyterlab-server<3,>=2.27.1->notebook>=4.4.1->widgetsnbextension~=3.6.5->ipywidgets>=7.0.0->qgridnext) (2023.12.1)
2025-02-21T11:06:27.8207885Z Requirement already satisfied: referencing>=0.28.4 in /home/runner/micromamba/envs/tardis/lib/python3.12/site-packages (from jsonschema>=4.18.0->jupyterlab-server<3,>=2.27.1->notebook>=4.4.1->widgetsnbextension~=3.6.5->ipywidgets>=7.0.0->qgridnext) (0.35.1)
2025-02-21T11:06:27.8216819Z Requirement already satisfied: rpds-py>=0.7.1 in /home/runner/micromamba/envs/tardis/lib/python3.12/site-packages (from jsonschema>=4.18.0->jupyterlab-server<3,>=2.27.1->notebook>=4.4.1->widgetsnbextension~=3.6.5->ipywidgets>=7.0.0->qgridnext) (0.18.1)
2025-02-21T11:06:27.8513398Z Requirement already satisfied: platformdirs>=2.5 in /home/runner/micromamba/envs/tardis/lib/python3.12/site-packages (from jupyter-core!=5.0.*,>=4.12->jupyter-server<3,>=2.4.0->notebook>=4.4.1->widgetsnbextension~=3.6.5->ipywidgets>=7.0.0->qgridnext) (4.2.2)
2025-02-21T11:06:27.8762702Z Requirement already satisfied: python-json-logger>=2.0.4 in /home/runner/micromamba/envs/tardis/lib/python3.12/site-packages (from jupyter-events>=0.9.0->jupyter-server<3,>=2.4.0->notebook>=4.4.1->widgetsnbextension~=3.6.5->ipywidgets>=7.0.0->qgridnext) (2.0.7)
2025-02-21T11:06:27.8774489Z Requirement already satisfied: pyyaml>=5.3 in /home/runner/micromamba/envs/tardis/lib/python3.12/site-packages (from jupyter-events>=0.9.0->jupyter-server<3,>=2.4.0->notebook>=4.4.1->widgetsnbextension~=3.6.5->ipywidgets>=7.0.0->qgridnext) (6.0.1)
2025-02-21T11:06:27.8785791Z Requirement already satisfied: rfc3339-validator in /home/runner/micromamba/envs/tardis/lib/python3.12/site-packages (from jupyter-events>=0.9.0->jupyter-server<3,>=2.4.0->notebook>=4.4.1->widgetsnbextension~=3.6.5->ipywidgets>=7.0.0->qgridnext) (0.1.4)
2025-02-21T11:06:27.8795134Z Requirement already satisfied: rfc3986-validator>=0.1.1 in /home/runner/micromamba/envs/tardis/lib/python3.12/site-packages (from jupyter-events>=0.9.0->jupyter-server<3,>=2.4.0->notebook>=4.4.1->widgetsnbextension~=3.6.5->ipywidgets>=7.0.0->qgridnext) (0.1.1)
2025-02-21T11:06:27.9220943Z Requirement already satisfied: beautifulsoup4 in /home/runner/micromamba/envs/tardis/lib/python3.12/site-packages (from nbconvert>=6.4.4->jupyter-server<3,>=2.4.0->notebook>=4.4.1->widgetsnbextension~=3.6.5->ipywidgets>=7.0.0->qgridnext) (4.12.3)
2025-02-21T11:06:27.9240620Z Requirement already satisfied: bleach!=5.0.0 in /home/runner/micromamba/envs/tardis/lib/python3.12/site-packages (from nbconvert>=6.4.4->jupyter-server<3,>=2.4.0->notebook>=4.4.1->widgetsnbextension~=3.6.5->ipywidgets>=7.0.0->qgridnext) (6.1.0)
2025-02-21T11:06:27.9255573Z Requirement already satisfied: defusedxml in /home/runner/micromamba/envs/tardis/lib/python3.12/site-packages (from nbconvert>=6.4.4->jupyter-server<3,>=2.4.0->notebook>=4.4.1->widgetsnbextension~=3.6.5->ipywidgets>=7.0.0->qgridnext) (0.7.1)
2025-02-21T11:06:27.9270656Z Requirement already satisfied: jupyterlab-pygments in /home/runner/micromamba/envs/tardis/lib/python3.12/site-packages (from nbconvert>=6.4.4->jupyter-server<3,>=2.4.0->notebook>=4.4.1->widgetsnbextension~=3.6.5->ipywidgets>=7.0.0->qgridnext) (0.3.0)
2025-02-21T11:06:27.9282766Z Requirement already satisfied: mistune<4,>=2.0.3 in /home/runner/micromamba/envs/tardis/lib/python3.12/site-packages (from nbconvert>=6.4.4->jupyter-server<3,>=2.4.0->notebook>=4.4.1->widgetsnbextension~=3.6.5->ipywidgets>=7.0.0->qgridnext) (3.0.2)
2025-02-21T11:06:27.9295735Z Requirement already satisfied: nbclient>=0.5.0 in /home/runner/micromamba/envs/tardis/lib/python3.12/site-packages (from nbconvert>=6.4.4->jupyter-server<3,>=2.4.0->notebook>=4.4.1->widgetsnbextension~=3.6.5->ipywidgets>=7.0.0->qgridnext) (0.10.0)
2025-02-21T11:06:27.9313110Z Requirement already satisfied: pandocfilters>=1.4.1 in /home/runner/micromamba/envs/tardis/lib/python3.12/site-packages (from nbconvert>=6.4.4->jupyter-server<3,>=2.4.0->notebook>=4.4.1->widgetsnbextension~=3.6.5->ipywidgets>=7.0.0->qgridnext) (1.5.0)
2025-02-21T11:06:27.9323490Z Requirement already satisfied: tinycss2 in /home/runner/micromamba/envs/tardis/lib/python3.12/site-packages (from nbconvert>=6.4.4->jupyter-server<3,>=2.4.0->notebook>=4.4.1->widgetsnbextension~=3.6.5->ipywidgets>=7.0.0->qgridnext) (1.3.0)
2025-02-21T11:06:27.9437265Z Requirement already satisfied: fastjsonschema>=2.15 in /home/runner/micromamba/envs/tardis/lib/python3.12/site-packages (from nbformat>=5.3.0->jupyter-server<3,>=2.4.0->notebook>=4.4.1->widgetsnbextension~=3.6.5->ipywidgets>=7.0.0->qgridnext) (2.20.0)
2025-02-21T11:06:27.9736841Z Requirement already satisfied: charset-normalizer<4,>=2 in /home/runner/micromamba/envs/tardis/lib/python3.12/site-packages (from requests>=2.31->jupyterlab-server<3,>=2.27.1->notebook>=4.4.1->widgetsnbextension~=3.6.5->ipywidgets>=7.0.0->qgridnext) (3.3.2)
2025-02-21T11:06:27.9751598Z Requirement already satisfied: urllib3<3,>=1.21.1 in /home/runner/micromamba/envs/tardis/lib/python3.12/site-packages (from requests>=2.31->jupyterlab-server<3,>=2.27.1->notebook>=4.4.1->widgetsnbextension~=3.6.5->ipywidgets>=7.0.0->qgridnext) (2.2.2)
2025-02-21T11:06:28.0510615Z Requirement already satisfied: webencodings in /home/runner/micromamba/envs/tardis/lib/python3.12/site-packages (from bleach!=5.0.0->nbconvert>=6.4.4->jupyter-server<3,>=2.4.0->notebook>=4.4.1->widgetsnbextension~=3.6.5->ipywidgets>=7.0.0->qgridnext) (0.5.1)
2025-02-21T11:06:28.1071371Z Requirement already satisfied: fqdn in /home/runner/micromamba/envs/tardis/lib/python3.12/site-packages (from jsonschema[format-nongpl]>=4.18.0->jupyter-events>=0.9.0->jupyter-server<3,>=2.4.0->notebook>=4.4.1->widgetsnbextension~=3.6.5->ipywidgets>=7.0.0->qgridnext) (1.5.1)
2025-02-21T11:06:28.1089991Z Requirement already satisfied: isoduration in /home/runner/micromamba/envs/tardis/lib/python3.12/site-packages (from jsonschema[format-nongpl]>=4.18.0->jupyter-events>=0.9.0->jupyter-server<3,>=2.4.0->notebook>=4.4.1->widgetsnbextension~=3.6.5->ipywidgets>=7.0.0->qgridnext) (20.11.0)
2025-02-21T11:06:28.1104169Z Requirement already satisfied: jsonpointer>1.13 in /home/runner/micromamba/envs/tardis/lib/python3.12/site-packages (from jsonschema[format-nongpl]>=4.18.0->jupyter-events>=0.9.0->jupyter-server<3,>=2.4.0->notebook>=4.4.1->widgetsnbextension~=3.6.5->ipywidgets>=7.0.0->qgridnext) (3.0.0)
2025-02-21T11:06:28.1121907Z Requirement already satisfied: uri-template in /home/runner/micromamba/envs/tardis/lib/python3.12/site-packages (from jsonschema[format-nongpl]>=4.18.0->jupyter-events>=0.9.0->jupyter-server<3,>=2.4.0->notebook>=4.4.1->widgetsnbextension~=3.6.5->ipywidgets>=7.0.0->qgridnext) (1.3.0)
2025-02-21T11:06:28.1136651Z Requirement already satisfied: webcolors>=1.11 in /home/runner/micromamba/envs/tardis/lib/python3.12/site-packages (from jsonschema[format-nongpl]>=4.18.0->jupyter-events>=0.9.0->jupyter-server<3,>=2.4.0->notebook>=4.4.1->widgetsnbextension~=3.6.5->ipywidgets>=7.0.0->qgridnext) (24.6.0)
2025-02-21T11:06:28.2125695Z Requirement already satisfied: cffi>=1.0.1 in /home/runner/micromamba/envs/tardis/lib/python3.12/site-packages (from argon2-cffi-bindings->argon2-cffi>=21.1->jupyter-server<3,>=2.4.0->notebook>=4.4.1->widgetsnbextension~=3.6.5->ipywidgets>=7.0.0->qgridnext) (1.16.0)
2025-02-21T11:06:28.2220636Z Requirement already satisfied: soupsieve>1.2 in /home/runner/micromamba/envs/tardis/lib/python3.12/site-packages (from beautifulsoup4->nbconvert>=6.4.4->jupyter-server<3,>=2.4.0->notebook>=4.4.1->widgetsnbextension~=3.6.5->ipywidgets>=7.0.0->qgridnext) (2.5)
2025-02-21T11:06:28.2734950Z Requirement already satisfied: pycparser in /home/runner/micromamba/envs/tardis/lib/python3.12/site-packages (from cffi>=1.0.1->argon2-cffi-bindings->argon2-cffi>=21.1->jupyter-server<3,>=2.4.0->notebook>=4.4.1->widgetsnbextension~=3.6.5->ipywidgets>=7.0.0->qgridnext) (2.22)
2025-02-21T11:06:28.3223004Z Requirement already satisfied: arrow>=0.15.0 in /home/runner/micromamba/envs/tardis/lib/python3.12/site-packages (from isoduration->jsonschema[format-nongpl]>=4.18.0->jupyter-events>=0.9.0->jupyter-server<3,>=2.4.0->notebook>=4.4.1->widgetsnbextension~=3.6.5->ipywidgets>=7.0.0->qgridnext) (1.3.0)
2025-02-21T11:06:28.3512759Z Requirement already satisfied: types-python-dateutil>=2.8.10 in /home/runner/micromamba/envs/tardis/lib/python3.12/site-packages (from arrow>=0.15.0->isoduration->jsonschema[format-nongpl]>=4.18.0->jupyter-events>=0.9.0->jupyter-server<3,>=2.4.0->notebook>=4.4.1->widgetsnbextension~=3.6.5->ipywidgets>=7.0.0->qgridnext) (2.9.0.20240316)
2025-02-21T11:06:28.3783604Z Downloading qgridnext-2.0.4-py3-none-any.whl (1.3 MB)
2025-02-21T11:06:28.4101928Z    ━━━━━━━━━━━━━━━━━━━━━━━━━━━━━━━━━━━━━━━━ 1.3/1.3 MB 42.3 MB/s eta 0:00:00
2025-02-21T11:06:29.1867882Z Installing collected packages: qgridnext
2025-02-21T11:06:29.2606108Z Successfully installed qgridnext-2.0.4
2025-02-21T11:06:29.4365881Z ##[group]Run pytest tardis --tardis-regression-data=/home/runner/work/tardis/tardis/tardis-regression-data --cov=tardis --cov-report=xml --cov-report=html --cov-append -m "not continuum"
2025-02-21T11:06:29.4367197Z [36;1mpytest tardis --tardis-regression-data=/home/runner/work/tardis/tardis/tardis-regression-data --cov=tardis --cov-report=xml --cov-report=html --cov-append -m "not continuum"[0m
2025-02-21T11:06:29.4422144Z shell: /usr/bin/bash -l {0}
2025-02-21T11:06:29.4422393Z env:
2025-02-21T11:06:29.4422571Z   CACHE_NUMBER: 0
2025-02-21T11:06:29.4423208Z   PYTEST_FLAGS: --tardis-regression-data=/home/runner/work/tardis/tardis/tardis-regression-data --cov=tardis --cov-report=xml --cov-report=html --cov-append
2025-02-21T11:06:29.4424073Z   CODECOV_TOKEN: 
2025-02-21T11:06:29.4424308Z   MAMBA_ROOT_PREFIX: /home/runner/micromamba
2025-02-21T11:06:29.4424622Z   MAMBA_EXE: /home/runner/micromamba-bin/micromamba
2025-02-21T11:06:29.4425032Z   CONDARC: /home/runner/work/_temp/setup-micromamba/.condarc
2025-02-21T11:06:29.4425357Z ##[endgroup]
2025-02-21T11:06:37.8984661Z ============================= test session starts ==============================
2025-02-21T11:06:37.8985484Z platform linux -- Python 3.12.4, pytest-8.2.2, pluggy-1.5.0
2025-02-21T11:06:37.8986179Z rootdir: /home/runner/work/tardis/tardis
2025-02-21T11:06:37.8986732Z configfile: pyproject.toml
2025-02-21T11:06:37.8987416Z plugins: metadata-3.1.1, anyio-4.4.0, doctestplus-1.2.1, cov-5.0.0, html-4.1.1
2025-02-21T11:06:37.8988621Z collected 1796 items / 2 deselected / 1794 selected
2025-02-21T11:06:37.8989045Z 
2025-02-21T11:06:42.9885300Z tardis/energy_input/tests/test_energy_source.py ..xxx                    [  0%]
2025-02-21T11:06:45.8324584Z tardis/energy_input/tests/test_gamma_ray_channel.py ...........          [  0%]
2025-02-21T11:06:47.4201899Z tardis/energy_input/tests/test_gamma_ray_grid.py xx.                     [  1%]
2025-02-21T11:06:49.1729741Z tardis/energy_input/tests/test_gamma_ray_interactions.py xx....          [  1%]
2025-02-21T11:06:49.1821386Z tardis/energy_input/tests/test_gamma_ray_packet_source.py sssssssss      [  1%]
2025-02-21T11:06:50.5351628Z tardis/energy_input/tests/test_util.py .....xxxx.....                    [  2%]
2025-02-21T11:06:50.9591681Z tardis/grid/tests/test_grid.py .                                         [  2%]
2025-02-21T11:06:50.9615695Z tardis/gui/tests/test_gui.py s                                           [  2%]
2025-02-21T11:06:54.6160794Z tardis/io/configuration/tests/test_config_reader.py ...........          [  3%]
2025-02-21T11:06:54.6292367Z tardis/io/configuration/tests/test_configuration_namespace.py .........  [  3%]
2025-02-21T11:06:54.6561899Z tardis/io/logger/tests/test_logging.py ssssssssssssssssssssssssssss      [  5%]
2025-02-21T11:07:31.9225190Z tardis/io/model/readers/tests/test_arepo_parser.py ..                    [  5%]
2025-02-21T11:07:31.9367752Z tardis/io/model/readers/tests/test_ascii_readers.py ...                  [  5%]
2025-02-21T11:07:31.9473063Z tardis/io/model/readers/tests/test_cmfgen_reader.py ..                   [  5%]
2025-02-21T11:07:31.9771931Z tardis/io/model/readers/tests/test_csvy_reader.py ....                   [  6%]
2025-02-21T11:07:31.9973608Z tardis/io/model/readers/tests/test_stella_reader.py ..                   [  6%]
2025-02-21T11:07:32.2951363Z tardis/io/tests/test_HDFWriter.py ...............                        [  7%]
2025-02-21T11:07:32.5984643Z tardis/io/tests/test_atomic.py .....                                     [  7%]
2025-02-21T11:07:32.6177377Z tardis/io/tests/test_decay.py ..                                         [  7%]
2025-02-21T11:07:32.8133125Z tardis/io/tests/test_model_reader.py ......                              [  7%]
2025-02-21T11:07:32.8203507Z tardis/model/geometry/tests/test_radial1d.py ..                          [  7%]
2025-02-21T11:08:29.9440012Z tardis/model/tests/test_base.py ........................................ [ 10%]
2025-02-21T11:08:30.9302001Z ............                                                             [ 10%]
2025-02-21T11:08:33.9675036Z tardis/model/tests/test_csvy_model.py .........                          [ 11%]
2025-02-21T11:08:34.0146213Z tardis/model/tests/test_density.py ..                                    [ 11%]
2025-02-21T11:08:35.2887813Z tardis/opacities/tests/test_opacity_solver.py .....                      [ 11%]
2025-02-21T11:08:36.5876995Z tardis/opacities/tests/test_opacity_state_numba.py .....                 [ 11%]
2025-02-21T11:08:38.1409593Z tardis/opacities/tests/test_tau_sobolev.py ..                            [ 12%]
2025-02-21T11:08:41.1354877Z tardis/plasma/equilibrium/tests/test_collisional_transitions.py ...      [ 12%]
2025-02-21T11:09:26.6718711Z tardis/plasma/equilibrium/tests/test_level_populations.py ....           [ 12%]
2025-02-21T11:09:38.1602016Z tardis/plasma/equilibrium/tests/test_rate_matrix.py .                    [ 12%]
2025-02-21T11:09:39.5746307Z tardis/plasma/tests/test_complete_plasmas.py ..............s......s..... [ 13%]
2025-02-21T11:09:42.4023016Z s....ssssss............s......s.....ss.....s....ssssss............s..... [ 18%]
2025-02-21T11:09:44.2865383Z .s.....ss.....s....ssssss............s......s.....ss.....s....ssssss.... [ 22%]
2025-02-21T11:09:47.1321756Z ........s......s.....ss.....s....ssssss............s......s.....ss.....s [ 26%]
2025-02-21T11:09:49.9962090Z ....ssssss............s......s.....ss.....s....ssssss............s...... [ 30%]
2025-02-21T11:09:50.6918228Z s.....ss.....s....ssssss............s......s.....ss.....s.ss.ssssss..... [ 34%]
2025-02-21T11:09:53.5382142Z .......s......s.....ss.....s....ssssss............s......s.....ss.....s. [ 38%]
2025-02-21T11:09:56.6283605Z ...ssssss............s......s.....ss.....s....ssssss............s......s [ 42%]
2025-02-21T11:09:59.6646918Z .....ss.....s....ssssss............s......s.....s...........ssssss...... [ 46%]
2025-02-21T11:10:01.4225123Z ......s......s.....s...........ssssss............s......s.....s......... [ 50%]
2025-02-21T11:10:04.3035989Z ..ssssss............s......s.....ss.....s....ssssss............s......s. [ 54%]
2025-02-21T11:10:07.6710171Z ....ss.....s....ssssss...................s......s.....s....ssss......... [ 58%]
2025-02-21T11:10:07.9518294Z ............s......s.....s....ssss.......                                [ 60%]
2025-02-21T11:10:08.0688655Z tardis/plasma/tests/test_hdf_plasma.py ................................. [ 62%]
2025-02-21T11:10:08.0799868Z ......                                                                   [ 62%]
2025-02-21T11:10:08.2113070Z tardis/plasma/tests/test_nlte_excitation.py ...                          [ 62%]
2025-02-21T11:12:24.2402294Z tardis/plasma/tests/test_nlte_solver.py .....X                           [ 63%]
2025-02-21T11:12:24.2428066Z tardis/plasma/tests/test_plasma_continuum.py .                           [ 63%]
2025-02-21T11:12:47.2705281Z tardis/plasma/tests/test_plasma_vboundary.py .............               [ 63%]
2025-02-21T11:13:00.4193791Z tardis/plasma/tests/test_tardis_model_density_config.py ...              [ 64%]
2025-02-21T11:13:01.1570895Z tardis/simulation/tests/test_convergence.py .....                        [ 64%]
2025-02-21T11:13:09.6144322Z tardis/simulation/tests/test_simulation.py .............                 [ 65%]
2025-02-21T11:13:09.6336970Z tardis/spectrum/tests/test_cuda_formal_integral.py sssssssssssssssssssss [ 66%]
2025-02-21T11:13:10.0924336Z ssss...ssssssssssssssssssssss                                            [ 67%]
2025-02-21T11:13:10.0997577Z tardis/spectrum/tests/test_luminosity.py ....                            [ 68%]
2025-02-21T11:13:11.6960806Z tardis/spectrum/tests/test_numba_formal_integral.py .................... [ 69%]
2025-02-21T11:13:11.7154061Z ..........                                                               [ 69%]
2025-02-21T11:13:11.8854432Z tardis/spectrum/tests/test_spectrum.py ................................. [ 71%]
2025-02-21T11:13:11.9177743Z .........                                                                [ 72%]
2025-02-21T11:13:11.9990595Z tardis/spectrum/tests/test_spectrum_solver.py .FFF                       [ 72%]
2025-02-21T11:13:29.4758456Z ##[error]The operation was canceled.
2025-02-21T11:13:29.4826808Z Post job cleanup.
2025-02-21T11:13:29.4857514Z Post job cleanup.
2025-02-21T11:13:29.6192307Z Will use pre-installed micromamba at /home/runner/micromamba-bin/micromamba
2025-02-21T11:13:29.6194655Z Removing micromamba run shell ...
2025-02-21T11:13:29.6198916Z ##[group]Deinitialize micromamba for bash
2025-02-21T11:13:29.6218013Z [command]/home/runner/micromamba-bin/micromamba shell deinit -s bash -r /home/runner/micromamba --log-level warning --rc-file /home/runner/work/_temp/setup-micromamba/.condarc
2025-02-21T11:13:29.6337936Z Resetting RC file "/home/runner/.bashrc"
2025-02-21T11:13:29.6338576Z Deleting config for root prefix 
2025-02-21T11:13:29.6339545Z Clearing mamba executable environment variable
2025-02-21T11:13:29.6340499Z Removing the following in your "/home/runner/.bashrc" file
2025-02-21T11:13:29.6341232Z # >>> mamba initialize >>>
2025-02-21T11:13:29.6342076Z ...
2025-02-21T11:13:29.6342961Z # <<< mamba initialize <<<
2025-02-21T11:13:29.6361214Z Removing mamba initialize block from .bash_profile
2025-02-21T11:13:29.6377401Z ##[endgroup]
2025-02-21T11:13:29.6381934Z Removing environment tardis from auto-activate bash ...
2025-02-21T11:13:29.6508287Z Post job cleanup.
2025-02-21T11:13:29.6546141Z Post job cleanup.
2025-02-21T11:13:29.7616484Z [command]/usr/bin/git version
2025-02-21T11:13:29.7617043Z git version 2.48.1
2025-02-21T11:13:29.7621530Z Temporarily overriding HOME='/home/runner/work/_temp/10b53ee0-5fb8-41e1-bba3-ff6b1a60a546' before making global git config changes
2025-02-21T11:13:29.7622751Z Adding repository directory to the temporary git global config as a safe directory
2025-02-21T11:13:29.7623604Z [command]/usr/bin/git config --global --add safe.directory /home/runner/work/tardis/tardis/tardis-regression-data
2025-02-21T11:13:29.7655702Z [command]/usr/bin/git config --local --name-only --get-regexp core\.sshCommand
2025-02-21T11:13:29.7690472Z [command]/usr/bin/git submodule foreach --recursive sh -c "git config --local --name-only --get-regexp 'core\.sshCommand' && git config --local --unset-all 'core.sshCommand' || :"
2025-02-21T11:13:29.7963279Z [command]/usr/bin/git config --local --name-only --get-regexp http\.https\:\/\/github\.com\/\.extraheader
2025-02-21T11:13:29.7965524Z http.https://github.com/.extraheader
2025-02-21T11:13:29.7973448Z [command]/usr/bin/git config --local --unset-all http.https://github.com/.extraheader
2025-02-21T11:13:29.8006539Z [command]/usr/bin/git submodule foreach --recursive sh -c "git config --local --name-only --get-regexp 'http\.https\:\/\/github\.com\/\.extraheader' && git config --local --unset-all 'http.https://github.com/.extraheader' || :"
2025-02-21T11:13:29.8374804Z Post job cleanup.
2025-02-21T11:13:29.9801329Z [command]/usr/bin/git version
2025-02-21T11:13:29.9802350Z git version 2.48.1
2025-02-21T11:13:29.9818765Z Temporarily overriding HOME='/home/runner/work/_temp/a78d5c7f-bc4f-416c-b640-9b8906e00677' before making global git config changes
2025-02-21T11:13:29.9821159Z Adding repository directory to the temporary git global config as a safe directory
2025-02-21T11:13:29.9851465Z [command]/usr/bin/git config --global --add safe.directory /home/runner/work/tardis/tardis
2025-02-21T11:13:29.9936161Z [command]/usr/bin/git config --local --name-only --get-regexp core\.sshCommand
2025-02-21T11:13:29.9947548Z [command]/usr/bin/git submodule foreach --recursive sh -c "git config --local --name-only --get-regexp 'core\.sshCommand' && git config --local --unset-all 'core.sshCommand' || :"
2025-02-21T11:13:30.0279836Z [command]/usr/bin/git config --local --name-only --get-regexp http\.https\:\/\/github\.com\/\.extraheader
2025-02-21T11:13:30.0304521Z http.https://github.com/.extraheader
2025-02-21T11:13:30.0321470Z [command]/usr/bin/git config --local --unset-all http.https://github.com/.extraheader
2025-02-21T11:13:30.0366306Z [command]/usr/bin/git submodule foreach --recursive sh -c "git config --local --name-only --get-regexp 'http\.https\:\/\/github\.com\/\.extraheader' && git config --local --unset-all 'http.https://github.com/.extraheader' || :"
2025-02-21T11:13:30.0768900Z Cleaning up orphan processes
2025-02-21T11:13:30.1096618Z Terminate orphan process: pid (2634) (pytest)
