2025-01-24T19:54:35.4608481Z Requested labels: ubuntu-latest
2025-01-24T19:54:35.4608726Z Job defined at: tardis-sn/tardis/.github/workflows/tests.yml@refs/heads/master
2025-01-24T19:54:35.4608853Z Waiting for a runner to pick up this job...
2025-01-24T19:54:35.9721178Z Job is waiting for a hosted runner to come online.
2025-01-24T19:54:40.5261445Z Job is about to start running on the hosted runner: GitHub Actions 14 (hosted)
2025-01-24T19:54:42.1873547Z Current runner version: '2.321.0'
2025-01-24T19:54:42.1899300Z ##[group]Operating System
2025-01-24T19:54:42.1900315Z Ubuntu
2025-01-24T19:54:42.1901007Z 24.04.1
2025-01-24T19:54:42.1901512Z LTS
2025-01-24T19:54:42.1902002Z ##[endgroup]
2025-01-24T19:54:42.1902562Z ##[group]Runner Image
2025-01-24T19:54:42.1903173Z Image: ubuntu-24.04
2025-01-24T19:54:42.1903666Z Version: 20250120.5.0
2025-01-24T19:54:42.1904978Z Included Software: https://github.com/actions/runner-images/blob/ubuntu24/20250120.5/images/ubuntu/Ubuntu2404-Readme.md
2025-01-24T19:54:42.1906448Z Image Release: https://github.com/actions/runner-images/releases/tag/ubuntu24%2F20250120.5
2025-01-24T19:54:42.1907400Z ##[endgroup]
2025-01-24T19:54:42.1907940Z ##[group]Runner Image Provisioner
2025-01-24T19:54:42.1908572Z 2.0.417.1
2025-01-24T19:54:42.1909051Z ##[endgroup]
2025-01-24T19:54:42.1911435Z ##[group]GITHUB_TOKEN Permissions
2025-01-24T19:54:42.1913377Z Actions: write
2025-01-24T19:54:42.1914426Z Attestations: write
2025-01-24T19:54:42.1915069Z Checks: write
2025-01-24T19:54:42.1915636Z Contents: write
2025-01-24T19:54:42.1916151Z Deployments: write
2025-01-24T19:54:42.1916663Z Discussions: write
2025-01-24T19:54:42.1917224Z Issues: write
2025-01-24T19:54:42.1917726Z Metadata: read
2025-01-24T19:54:42.1918215Z Packages: write
2025-01-24T19:54:42.1918771Z Pages: write
2025-01-24T19:54:42.1919282Z PullRequests: write
2025-01-24T19:54:42.1919814Z RepositoryProjects: write
2025-01-24T19:54:42.1920429Z SecurityEvents: write
2025-01-24T19:54:42.1920993Z Statuses: write
2025-01-24T19:54:42.1921482Z ##[endgroup]
2025-01-24T19:54:42.1924728Z Secret source: Actions
2025-01-24T19:54:42.1925432Z Prepare workflow directory
2025-01-24T19:54:42.2465791Z Prepare all required actions
2025-01-24T19:54:42.2502300Z Getting action download info
2025-01-24T19:54:42.4148290Z Download action repository 'actions/checkout@v4' (SHA:11bd71901bbe5b1630ceea73d27597364c9af683)
2025-01-24T19:54:42.4962631Z Download action repository 'actions/upload-artifact@v4' (SHA:65c4c4a1ddee5b72f698fdd19549f0f0fb45cf08)
2025-01-24T19:54:42.6992180Z Complete job name: not continuum ubuntu-latest 
2025-01-24T19:54:42.7743559Z ##[group]Run actions/checkout@v4
2025-01-24T19:54:42.7744768Z with:
2025-01-24T19:54:42.7745191Z   repository: tardis-sn/tardis
2025-01-24T19:54:42.7745845Z   token: ***
2025-01-24T19:54:42.7746231Z   ssh-strict: true
2025-01-24T19:54:42.7746633Z   ssh-user: git
2025-01-24T19:54:42.7747037Z   persist-credentials: true
2025-01-24T19:54:42.7747497Z   clean: true
2025-01-24T19:54:42.7747911Z   sparse-checkout-cone-mode: true
2025-01-24T19:54:42.7748398Z   fetch-depth: 1
2025-01-24T19:54:42.7748799Z   fetch-tags: false
2025-01-24T19:54:42.7749211Z   show-progress: true
2025-01-24T19:54:42.7749641Z   lfs: false
2025-01-24T19:54:42.7750034Z   submodules: false
2025-01-24T19:54:42.7750451Z   set-safe-directory: true
2025-01-24T19:54:42.7751205Z env:
2025-01-24T19:54:42.7751567Z   CACHE_NUMBER: 0
2025-01-24T19:54:42.7752704Z   PYTEST_FLAGS: --tardis-regression-data=/home/runner/work/tardis/tardis/tardis-regression-data --cov=tardis --cov-report=xml --cov-report=html --cov-append
2025-01-24T19:54:42.7754373Z   CODECOV_TOKEN: ***
2025-01-24T19:54:42.7754812Z ##[endgroup]
2025-01-24T19:54:42.9974242Z Syncing repository: tardis-sn/tardis
2025-01-24T19:54:42.9976040Z ##[group]Getting Git version info
2025-01-24T19:54:42.9976707Z Working directory is '/home/runner/work/tardis/tardis'
2025-01-24T19:54:42.9977602Z [command]/usr/bin/git version
2025-01-24T19:54:43.0072578Z git version 2.48.1
2025-01-24T19:54:43.0102138Z ##[endgroup]
2025-01-24T19:54:43.0118890Z Temporarily overriding HOME='/home/runner/work/_temp/f4795da2-17ee-4116-b330-7c63e5ff35c7' before making global git config changes
2025-01-24T19:54:43.0121269Z Adding repository directory to the temporary git global config as a safe directory
2025-01-24T19:54:43.0135082Z [command]/usr/bin/git config --global --add safe.directory /home/runner/work/tardis/tardis
2025-01-24T19:54:43.0178871Z Deleting the contents of '/home/runner/work/tardis/tardis'
2025-01-24T19:54:43.0183028Z ##[group]Initializing the repository
2025-01-24T19:54:43.0188119Z [command]/usr/bin/git init /home/runner/work/tardis/tardis
2025-01-24T19:54:43.0292412Z hint: Using 'master' as the name for the initial branch. This default branch name
2025-01-24T19:54:43.0293800Z hint: is subject to change. To configure the initial branch name to use in all
2025-01-24T19:54:43.0294935Z hint: of your new repositories, which will suppress this warning, call:
2025-01-24T19:54:43.0295609Z hint:
2025-01-24T19:54:43.0296398Z hint: 	git config --global init.defaultBranch <name>
2025-01-24T19:54:43.0297325Z hint:
2025-01-24T19:54:43.0297916Z hint: Names commonly chosen instead of 'master' are 'main', 'trunk' and
2025-01-24T19:54:43.0299473Z hint: 'development'. The just-created branch can be renamed via this command:
2025-01-24T19:54:43.0300754Z hint:
2025-01-24T19:54:43.0301436Z hint: 	git branch -m <name>
2025-01-24T19:54:43.0302652Z Initialized empty Git repository in /home/runner/work/tardis/tardis/.git/
2025-01-24T19:54:43.0310860Z [command]/usr/bin/git remote add origin https://github.com/tardis-sn/tardis
2025-01-24T19:54:43.0347067Z ##[endgroup]
2025-01-24T19:54:43.0348199Z ##[group]Disabling automatic garbage collection
2025-01-24T19:54:43.0350845Z [command]/usr/bin/git config --local gc.auto 0
2025-01-24T19:54:43.0379931Z ##[endgroup]
2025-01-24T19:54:43.0380980Z ##[group]Setting up auth
2025-01-24T19:54:43.0387011Z [command]/usr/bin/git config --local --name-only --get-regexp core\.sshCommand
2025-01-24T19:54:43.0417553Z [command]/usr/bin/git submodule foreach --recursive sh -c "git config --local --name-only --get-regexp 'core\.sshCommand' && git config --local --unset-all 'core.sshCommand' || :"
2025-01-24T19:54:43.0752375Z [command]/usr/bin/git config --local --name-only --get-regexp http\.https\:\/\/github\.com\/\.extraheader
2025-01-24T19:54:43.0782233Z [command]/usr/bin/git submodule foreach --recursive sh -c "git config --local --name-only --get-regexp 'http\.https\:\/\/github\.com\/\.extraheader' && git config --local --unset-all 'http.https://github.com/.extraheader' || :"
2025-01-24T19:54:43.1011447Z [command]/usr/bin/git config --local http.https://github.com/.extraheader AUTHORIZATION: basic ***
2025-01-24T19:54:43.1049791Z ##[endgroup]
2025-01-24T19:54:43.1050905Z ##[group]Fetching the repository
2025-01-24T19:54:43.1058370Z [command]/usr/bin/git -c protocol.version=2 fetch --no-tags --prune --no-recurse-submodules --depth=1 origin +c126e3b404f34aaead60e8331a4f4a5d7cd31983:refs/remotes/origin/master
2025-01-24T19:54:44.3747888Z From https://github.com/tardis-sn/tardis
2025-01-24T19:54:44.3750464Z  * [new ref]         c126e3b404f34aaead60e8331a4f4a5d7cd31983 -> origin/master
2025-01-24T19:54:44.3776784Z ##[endgroup]
2025-01-24T19:54:44.3778518Z ##[group]Determining the checkout info
2025-01-24T19:54:44.3780058Z ##[endgroup]
2025-01-24T19:54:44.3783479Z [command]/usr/bin/git sparse-checkout disable
2025-01-24T19:54:44.3825896Z [command]/usr/bin/git config --local --unset-all extensions.worktreeConfig
2025-01-24T19:54:44.3854846Z ##[group]Checking out the ref
2025-01-24T19:54:44.3858545Z [command]/usr/bin/git checkout --progress --force -B master refs/remotes/origin/master
2025-01-24T19:54:44.5906779Z Reset branch 'master'
2025-01-24T19:54:44.5909249Z branch 'master' set up to track 'origin/master'.
2025-01-24T19:54:44.5931338Z ##[endgroup]
2025-01-24T19:54:44.5975459Z [command]/usr/bin/git log -1 --format=%H
2025-01-24T19:54:44.6001318Z c126e3b404f34aaead60e8331a4f4a5d7cd31983
2025-01-24T19:54:44.6344743Z Prepare all required actions
2025-01-24T19:54:44.6345299Z Getting action download info
2025-01-24T19:54:44.7585238Z Download action repository 'actions/cache@v4' (SHA:1bd1e32a3bdc45362d1e726936510720a7c30a57)
2025-01-24T19:54:44.8939194Z ##[group]Run ./.github/actions/setup_lfs
2025-01-24T19:54:44.8939567Z with:
2025-01-24T19:54:44.8939898Z   regression-data-repo: tardis-sn/tardis-regression-data
2025-01-24T19:54:44.8940287Z env:
2025-01-24T19:54:44.8940512Z   CACHE_NUMBER: 0
2025-01-24T19:54:44.8941489Z   PYTEST_FLAGS: --tardis-regression-data=/home/runner/work/tardis/tardis/tardis-regression-data --cov=tardis --cov-report=xml --cov-report=html --cov-append
2025-01-24T19:54:44.8942506Z   CODECOV_TOKEN: ***
2025-01-24T19:54:44.8942780Z ##[endgroup]
2025-01-24T19:54:44.9069208Z ##[group]Run actions/checkout@v4
2025-01-24T19:54:44.9069547Z with:
2025-01-24T19:54:44.9069853Z   repository: tardis-sn/tardis-regression-data
2025-01-24T19:54:44.9070228Z   path: tardis-regression-data
2025-01-24T19:54:44.9070751Z   token: ***
2025-01-24T19:54:44.9071036Z   ssh-strict: true
2025-01-24T19:54:44.9071311Z   ssh-user: git
2025-01-24T19:54:44.9071590Z   persist-credentials: true
2025-01-24T19:54:44.9071890Z   clean: true
2025-01-24T19:54:44.9072166Z   sparse-checkout-cone-mode: true
2025-01-24T19:54:44.9072489Z   fetch-depth: 1
2025-01-24T19:54:44.9072755Z   fetch-tags: false
2025-01-24T19:54:44.9073023Z   show-progress: true
2025-01-24T19:54:44.9073298Z   lfs: false
2025-01-24T19:54:44.9073549Z   submodules: false
2025-01-24T19:54:44.9073839Z   set-safe-directory: true
2025-01-24T19:54:44.9074271Z env:
2025-01-24T19:54:44.9074511Z   CACHE_NUMBER: 0
2025-01-24T19:54:44.9075227Z   PYTEST_FLAGS: --tardis-regression-data=/home/runner/work/tardis/tardis/tardis-regression-data --cov=tardis --cov-report=xml --cov-report=html --cov-append
2025-01-24T19:54:44.9076071Z   CODECOV_TOKEN: ***
2025-01-24T19:54:44.9076339Z ##[endgroup]
2025-01-24T19:54:45.0001995Z Syncing repository: tardis-sn/tardis-regression-data
2025-01-24T19:54:45.0008283Z ##[group]Getting Git version info
2025-01-24T19:54:45.0009121Z Working directory is '/home/runner/work/tardis/tardis/tardis-regression-data'
2025-01-24T19:54:45.0050077Z [command]/usr/bin/git version
2025-01-24T19:54:45.0085632Z git version 2.48.1
2025-01-24T19:54:45.0110611Z ##[endgroup]
2025-01-24T19:54:45.0129413Z Temporarily overriding HOME='/home/runner/work/_temp/0655cb3a-4c64-4fc9-9968-60411c5912bc' before making global git config changes
2025-01-24T19:54:45.0130851Z Adding repository directory to the temporary git global config as a safe directory
2025-01-24T19:54:45.0134780Z [command]/usr/bin/git config --global --add safe.directory /home/runner/work/tardis/tardis/tardis-regression-data
2025-01-24T19:54:45.0164780Z ##[group]Initializing the repository
2025-01-24T19:54:45.0169507Z [command]/usr/bin/git init /home/runner/work/tardis/tardis/tardis-regression-data
2025-01-24T19:54:45.0205154Z hint: Using 'master' as the name for the initial branch. This default branch name
2025-01-24T19:54:45.0206190Z hint: is subject to change. To configure the initial branch name to use in all
2025-01-24T19:54:45.0207185Z hint: of your new repositories, which will suppress this warning, call:
2025-01-24T19:54:45.0207778Z hint:
2025-01-24T19:54:45.0208111Z hint: 	git config --global init.defaultBranch <name>
2025-01-24T19:54:45.0208503Z hint:
2025-01-24T19:54:45.0208970Z hint: Names commonly chosen instead of 'master' are 'main', 'trunk' and
2025-01-24T19:54:45.0209919Z hint: 'development'. The just-created branch can be renamed via this command:
2025-01-24T19:54:45.0210400Z hint:
2025-01-24T19:54:45.0210664Z hint: 	git branch -m <name>
2025-01-24T19:54:45.0211218Z Initialized empty Git repository in /home/runner/work/tardis/tardis/tardis-regression-data/.git/
2025-01-24T19:54:45.0217547Z [command]/usr/bin/git remote add origin https://github.com/tardis-sn/tardis-regression-data
2025-01-24T19:54:45.0248922Z ##[endgroup]
2025-01-24T19:54:45.0250154Z ##[group]Disabling automatic garbage collection
2025-01-24T19:54:45.0254610Z [command]/usr/bin/git config --local gc.auto 0
2025-01-24T19:54:45.0283374Z ##[endgroup]
2025-01-24T19:54:45.0284452Z ##[group]Setting up auth
2025-01-24T19:54:45.0290595Z [command]/usr/bin/git config --local --name-only --get-regexp core\.sshCommand
2025-01-24T19:54:45.0320091Z [command]/usr/bin/git submodule foreach --recursive sh -c "git config --local --name-only --get-regexp 'core\.sshCommand' && git config --local --unset-all 'core.sshCommand' || :"
2025-01-24T19:54:45.0542251Z [command]/usr/bin/git config --local --name-only --get-regexp http\.https\:\/\/github\.com\/\.extraheader
2025-01-24T19:54:45.0571563Z [command]/usr/bin/git submodule foreach --recursive sh -c "git config --local --name-only --get-regexp 'http\.https\:\/\/github\.com\/\.extraheader' && git config --local --unset-all 'http.https://github.com/.extraheader' || :"
2025-01-24T19:54:45.0797175Z [command]/usr/bin/git config --local http.https://github.com/.extraheader AUTHORIZATION: basic ***
2025-01-24T19:54:45.0839968Z ##[endgroup]
2025-01-24T19:54:45.0840970Z ##[group]Determining the default branch
2025-01-24T19:54:45.0844559Z Retrieving the default branch name
2025-01-24T19:54:45.3624985Z Default branch 'main'
2025-01-24T19:54:45.3626012Z ##[endgroup]
2025-01-24T19:54:45.3626602Z ##[group]Fetching the repository
2025-01-24T19:54:45.3631879Z [command]/usr/bin/git -c protocol.version=2 fetch --no-tags --prune --no-recurse-submodules --depth=1 origin +refs/heads/main:refs/remotes/origin/main
2025-01-24T19:54:45.8404235Z From https://github.com/tardis-sn/tardis-regression-data
2025-01-24T19:54:45.8406496Z  * [new branch]      main       -> origin/main
2025-01-24T19:54:45.8432588Z ##[endgroup]
2025-01-24T19:54:45.8433191Z ##[group]Determining the checkout info
2025-01-24T19:54:45.8435371Z ##[endgroup]
2025-01-24T19:54:45.8440275Z [command]/usr/bin/git sparse-checkout disable
2025-01-24T19:54:45.8478771Z [command]/usr/bin/git config --local --unset-all extensions.worktreeConfig
2025-01-24T19:54:45.8508244Z ##[group]Checking out the ref
2025-01-24T19:54:45.8512599Z [command]/usr/bin/git checkout --progress --force -B main refs/remotes/origin/main
2025-01-24T19:54:46.0043644Z Switched to a new branch 'main'
2025-01-24T19:54:46.0046160Z branch 'main' set up to track 'origin/main'.
2025-01-24T19:54:46.0343237Z ##[endgroup]
2025-01-24T19:54:46.0386580Z [command]/usr/bin/git log -1 --format=%H
2025-01-24T19:54:46.0411012Z fa7729bc9c30e14b69acd641af8b692b56fcd416
2025-01-24T19:54:46.0545450Z ##[group]Run git lfs ls-files -l | cut -d' ' -f1 | sort > .lfs-assets-id
2025-01-24T19:54:46.0546029Z [36;1mgit lfs ls-files -l | cut -d' ' -f1 | sort > .lfs-assets-id[0m
2025-01-24T19:54:46.0579086Z shell: /usr/bin/bash --noprofile --norc -e -o pipefail {0}
2025-01-24T19:54:46.0579429Z env:
2025-01-24T19:54:46.0579601Z   CACHE_NUMBER: 0
2025-01-24T19:54:46.0580212Z   PYTEST_FLAGS: --tardis-regression-data=/home/runner/work/tardis/tardis/tardis-regression-data --cov=tardis --cov-report=xml --cov-report=html --cov-append
2025-01-24T19:54:46.0581065Z   CODECOV_TOKEN: ***
2025-01-24T19:54:46.0581268Z ##[endgroup]
2025-01-24T19:54:46.1767124Z ##[group]Run actions/cache/restore@v4
2025-01-24T19:54:46.1767403Z with:
2025-01-24T19:54:46.1767603Z   path: tardis-regression-data/.git/lfs
2025-01-24T19:54:46.1768013Z   key: Linux-lfs-21f9fa4b6817cc69b9fae3598144724da7828e276a73bd17f47a2a49d9af090a-v1
2025-01-24T19:54:46.1768436Z   enableCrossOsArchive: false
2025-01-24T19:54:46.1768674Z   fail-on-cache-miss: false
2025-01-24T19:54:46.1768893Z   lookup-only: false
2025-01-24T19:54:46.1769139Z env:
2025-01-24T19:54:46.1769348Z   CACHE_NUMBER: 0
2025-01-24T19:54:46.1769965Z   PYTEST_FLAGS: --tardis-regression-data=/home/runner/work/tardis/tardis/tardis-regression-data --cov=tardis --cov-report=xml --cov-report=html --cov-append
2025-01-24T19:54:46.1770788Z   CODECOV_TOKEN: ***
2025-01-24T19:54:46.1770979Z ##[endgroup]
2025-01-24T19:54:47.6026592Z Received 213909504 of 1708418946 (12.5%), 203.8 MBs/sec
2025-01-24T19:54:48.6052265Z Received 499122176 of 1708418946 (29.2%), 237.8 MBs/sec
2025-01-24T19:54:49.6032069Z Received 792723456 of 1708418946 (46.4%), 251.9 MBs/sec
2025-01-24T19:54:50.6062217Z Received 1086324736 of 1708418946 (63.6%), 258.7 MBs/sec
2025-01-24T19:54:51.6075410Z Received 1371537408 of 1708418946 (80.3%), 261.3 MBs/sec
2025-01-24T19:54:52.6083284Z Received 1635778560 of 1708418946 (95.7%), 259.7 MBs/sec
2025-01-24T19:54:52.8431067Z Cache Size: ~1629 MB (1708418946 B)
2025-01-24T19:54:52.8469239Z [command]/usr/bin/tar -xf /home/runner/work/_temp/5bf0644f-222e-4d36-9ea0-a669bfb1a60b/cache.tzst -P -C /home/runner/work/tardis/tardis --use-compress-program unzstd
2025-01-24T19:54:53.6093340Z Received 1708418946 of 1708418946 (100.0%), 232.5 MBs/sec
2025-01-24T19:54:59.1860047Z Cache restored successfully
2025-01-24T19:54:59.5118963Z Cache restored from key: Linux-lfs-21f9fa4b6817cc69b9fae3598144724da7828e276a73bd17f47a2a49d9af090a-v1
2025-01-24T19:54:59.5278789Z ##[group]Run git lfs checkout
2025-01-24T19:54:59.5279072Z [36;1mgit lfs checkout[0m
2025-01-24T19:54:59.5306917Z shell: /usr/bin/bash --noprofile --norc -e -o pipefail {0}
2025-01-24T19:54:59.5307236Z env:
2025-01-24T19:54:59.5307405Z   CACHE_NUMBER: 0
2025-01-24T19:54:59.5308028Z   PYTEST_FLAGS: --tardis-regression-data=/home/runner/work/tardis/tardis/tardis-regression-data --cov=tardis --cov-report=xml --cov-report=html --cov-append
2025-01-24T19:54:59.5308843Z   CODECOV_TOKEN: ***
2025-01-24T19:54:59.5309046Z ##[endgroup]
2025-01-24T19:55:09.5617561Z Checking out LFS objects: 100% (204/204), 3.5 GB | 335 MB/s, done.
2025-01-24T19:55:12.9989203Z Prepare all required actions
2025-01-24T19:55:12.9989575Z Getting action download info
2025-01-24T19:55:13.1168596Z Download action repository 'mamba-org/setup-micromamba@v1' (SHA:4b9113af4fba0e9e1124b252dd6497a419e7396d)
2025-01-24T19:55:13.5473545Z ##[group]Run ./.github/actions/setup_env
2025-01-24T19:55:13.5473828Z with:
2025-01-24T19:55:13.5474216Z   os-label: linux-64
2025-01-24T19:55:13.5474420Z env:
2025-01-24T19:55:13.5474588Z   CACHE_NUMBER: 0
2025-01-24T19:55:13.5475250Z   PYTEST_FLAGS: --tardis-regression-data=/home/runner/work/tardis/tardis/tardis-regression-data --cov=tardis --cov-report=xml --cov-report=html --cov-append
2025-01-24T19:55:13.5476067Z   CODECOV_TOKEN: ***
2025-01-24T19:55:13.5476269Z ##[endgroup]
2025-01-24T19:55:13.5495652Z ##[group]Run file_hash=$(cat conda-linux-64.lock | shasum -a 256 | cut -d' ' -f1)
2025-01-24T19:55:13.5496170Z [36;1mfile_hash=$(cat conda-linux-64.lock | shasum -a 256 | cut -d' ' -f1)[0m
2025-01-24T19:55:13.5496659Z [36;1mecho "file_hash=$file_hash" >> "${GITHUB_OUTPUT}"[0m
2025-01-24T19:55:13.5523727Z shell: /usr/bin/bash --noprofile --norc -e -o pipefail {0}
2025-01-24T19:55:13.5524235Z env:
2025-01-24T19:55:13.5524420Z   CACHE_NUMBER: 0
2025-01-24T19:55:13.5525075Z   PYTEST_FLAGS: --tardis-regression-data=/home/runner/work/tardis/tardis/tardis-regression-data --cov=tardis --cov-report=xml --cov-report=html --cov-append
2025-01-24T19:55:13.5525870Z   CODECOV_TOKEN: ***
2025-01-24T19:55:13.5526075Z ##[endgroup]
2025-01-24T19:55:13.5840942Z ##[group]Run mamba-org/setup-micromamba@v1
2025-01-24T19:55:13.5841208Z with:
2025-01-24T19:55:13.5841399Z   environment-file: conda-linux-64.lock
2025-01-24T19:55:13.5841824Z   cache-environment-key: d7cd390425b0fd3cf82649dcc003efba9915fb4928f15d342148c3ccffcbe2ee
2025-01-24T19:55:13.5842416Z   cache-downloads-key: d7cd390425b0fd3cf82649dcc003efba9915fb4928f15d342148c3ccffcbe2ee
2025-01-24T19:55:13.5842829Z   environment-name: tardis
2025-01-24T19:55:13.5843062Z   cache-environment: true
2025-01-24T19:55:13.5843282Z   cache-downloads: true
2025-01-24T19:55:13.5843472Z env:
2025-01-24T19:55:13.5843633Z   CACHE_NUMBER: 0
2025-01-24T19:55:13.5844555Z   PYTEST_FLAGS: --tardis-regression-data=/home/runner/work/tardis/tardis/tardis-regression-data --cov=tardis --cov-report=xml --cov-report=html --cov-append
2025-01-24T19:55:13.5845348Z   CODECOV_TOKEN: ***
2025-01-24T19:55:13.5845538Z ##[endgroup]
2025-01-24T19:55:13.7191851Z Will download micromamba to /home/runner/micromamba-bin/micromamba
2025-01-24T19:55:13.7201682Z ##[group]Install micromamba
2025-01-24T19:55:14.0836472Z micromamba installed to /home/runner/micromamba-bin/micromamba
2025-01-24T19:55:14.0839345Z ##[endgroup]
2025-01-24T19:55:14.0839988Z Adding conda-forge to condarc channels ...
2025-01-24T19:55:14.0849049Z ##[group]Initialize micromamba for bash.
2025-01-24T19:55:14.0865766Z [command]/home/runner/micromamba-bin/micromamba shell init -s bash -r /home/runner/micromamba --log-level warning --rc-file /home/runner/work/_temp/setup-micromamba/.condarc
2025-01-24T19:55:14.0979501Z Modifying RC file "/home/runner/.bashrc"
2025-01-24T19:55:14.0980929Z Generating config for root prefix [1m"/home/runner/micromamba"[0m
2025-01-24T19:55:14.0981868Z Setting mamba executable to: [1m"/home/runner/micromamba-bin/micromamba"[0m
2025-01-24T19:55:14.0982650Z Adding (or replacing) the following in your "/home/runner/.bashrc" file
2025-01-24T19:55:14.0983097Z 
2025-01-24T19:55:14.0983245Z # >>> mamba initialize >>>
2025-01-24T19:55:14.0983699Z # !! Contents within this block are managed by 'mamba init' !!
2025-01-24T19:55:14.0984717Z export MAMBA_EXE='/home/runner/micromamba-bin/micromamba';
2025-01-24T19:55:14.0985220Z export MAMBA_ROOT_PREFIX='/home/runner/micromamba';
2025-01-24T19:55:14.0985690Z __mamba_setup="$("$MAMBA_EXE" shell hook --shell bash --root-prefix "$MAMBA_ROOT_PREFIX" 2> /dev/null)"
2025-01-24T19:55:14.0986427Z if [ $? -eq 0 ]; then
2025-01-24T19:55:14.0986751Z     eval "$__mamba_setup"
2025-01-24T19:55:14.0987098Z else
2025-01-24T19:55:14.0987900Z     alias micromamba="$MAMBA_EXE"  # Fallback on help from mamba activate
2025-01-24T19:55:14.0988473Z fi
2025-01-24T19:55:14.0988740Z unset __mamba_setup
2025-01-24T19:55:14.0989058Z # <<< mamba initialize <<<
2025-01-24T19:55:14.0989291Z 
2025-01-24T19:55:14.1003236Z Moving mamba initialize block to .bash_profile
2025-01-24T19:55:14.1016219Z ##[endgroup]
2025-01-24T19:55:14.1018823Z ##[group]Restoring downloads from `/home/runner/micromamba/pkgs` ...
2025-01-24T19:55:15.3095266Z Received 209715200 of 356800233 (58.8%), 199.8 MBs/sec
2025-01-24T19:55:15.7822023Z Cache Size: ~340 MB (356800233 B)
2025-01-24T19:55:15.7858345Z [command]/usr/bin/tar -xf /home/runner/work/_temp/057016f9-55e9-4138-b19a-9fe691ffa784/cache.tzst -P -C /home/runner/work/tardis/tardis --use-compress-program unzstd
2025-01-24T19:55:16.2629430Z Cache restored successfully
2025-01-24T19:55:16.3088653Z Received 356800233 of 356800233 (100.0%), 170.0 MBs/sec
2025-01-24T19:55:16.3369041Z Restored cache with key `d7cd390425b0fd3cf82649dcc003efba9915fb4928f15d342148c3ccffcbe2ee-linux-64`
2025-01-24T19:55:16.3370295Z ##[endgroup]
2025-01-24T19:55:16.3381573Z ##[group]Restoring environment `tardis` from `/home/runner/micromamba/envs/tardis` ...
2025-01-24T19:55:17.4842719Z Received 184549376 of 444592193 (41.5%), 176.0 MBs/sec
2025-01-24T19:55:18.4848396Z Received 440397889 of 444592193 (99.1%), 209.9 MBs/sec
2025-01-24T19:55:18.8792793Z Cache Size: ~424 MB (444592193 B)
2025-01-24T19:55:18.8866422Z [command]/usr/bin/tar -xf /home/runner/work/_temp/bbaf4f7e-44fb-4874-8d88-89569d45479c/cache.tzst -P -C /home/runner/work/tardis/tardis --use-compress-program unzstd
2025-01-24T19:55:19.4852714Z Received 444592193 of 444592193 (100.0%), 141.2 MBs/sec
2025-01-24T19:55:24.2122144Z Cache restored successfully
2025-01-24T19:55:24.2916528Z Restored cache with key `d7cd390425b0fd3cf82649dcc003efba9915fb4928f15d342148c3ccffcbe2ee-linux-64-tardis-args-4f53cda-root-dcc80ee-bin-[object Promise]-file-d7cd390425b0fd3cf82649dcc003efba9915fb4928f15d342148c3ccffcbe2ee`
2025-01-24T19:55:24.2918266Z ##[endgroup]
2025-01-24T19:55:24.2920330Z Adding environment tardis to auto-activate bash ...
2025-01-24T19:55:24.2935813Z Generating micromamba run shell.
2025-01-24T19:55:24.2951024Z ##[endgroup]
2025-01-24T19:55:24.2960621Z Set environment variables.
2025-01-24T19:55:24.2962570Z ##[group]micromamba info
2025-01-24T19:55:24.2964436Z [command]/home/runner/micromamba-bin/micromamba info -r /home/runner/micromamba -n tardis
2025-01-24T19:55:24.3206290Z 
2025-01-24T19:55:24.3206637Z        libmamba version : 1.5.10
2025-01-24T19:55:24.3207063Z      micromamba version : 1.5.10
2025-01-24T19:55:24.3207726Z            curl version : libcurl/8.10.1 OpenSSL/3.3.2 zlib/1.3.1 zstd/1.5.6 libssh2/1.11.0 nghttp2/1.58.0
2025-01-24T19:55:24.3208571Z      libarchive version : libarchive 3.7.4 zlib/1.2.13 bz2lib/1.0.8 libzstd/1.5.6
2025-01-24T19:55:24.3209244Z        envs directories : /home/runner/micromamba/envs
2025-01-24T19:55:24.3209811Z           package cache : /home/runner/micromamba/pkgs
2025-01-24T19:55:24.3210608Z                           /home/runner/.mamba/pkgs
2025-01-24T19:55:24.3211046Z             environment : tardis
2025-01-24T19:55:24.3211501Z            env location : /home/runner/micromamba/envs/tardis
2025-01-24T19:55:24.3211940Z       user config files : /home/runner/.mambarc
2025-01-24T19:55:24.3212541Z  populated config files : /home/runner/work/_temp/setup-micromamba/.condarc
2025-01-24T19:55:24.3213143Z        virtual packages : __unix=0=0
2025-01-24T19:55:24.3213554Z                           __linux=6.8.0=0
2025-01-24T19:55:24.3214159Z                           __glibc=2.39=0
2025-01-24T19:55:24.3214586Z                           __archspec=1=x86_64_v3
2025-01-24T19:55:24.3215159Z                channels : https://conda.anaconda.org/conda-forge/linux-64
2025-01-24T19:55:24.3215784Z                           https://conda.anaconda.org/conda-forge/noarch
2025-01-24T19:55:24.3216323Z        base environment : /home/runner/micromamba
2025-01-24T19:55:24.3217027Z                platform : linux-64
2025-01-24T19:55:24.3224217Z ##[endgroup]
2025-01-24T19:55:24.3224771Z ##[group]micromamba list
2025-01-24T19:55:24.3226347Z [command]/home/runner/micromamba-bin/micromamba list -r /home/runner/micromamba -n tardis
2025-01-24T19:55:24.7217383Z List of packages in environment: "/home/runner/micromamba/envs/tardis"
2025-01-24T19:55:24.7217915Z 
2025-01-24T19:55:24.7218147Z   Name                           Version              Build                    Channel    
2025-01-24T19:55:24.7219161Z ────────────────────────────────────────────────────────────────────────────────────────────
2025-01-24T19:55:24.7219810Z   _libgcc_mutex                  0.1                  conda_forge              conda-forge
2025-01-24T19:55:24.7220453Z   _openmp_mutex                  4.5                  2_gnu                    conda-forge
2025-01-24T19:55:24.7221044Z   alabaster                      0.7.16               pyhd8ed1ab_0             conda-forge
2025-01-24T19:55:24.7221680Z   anyio                          4.4.0                pyhd8ed1ab_0             conda-forge
2025-01-24T19:55:24.7222233Z   argon2-cffi                    23.1.0               pyhd8ed1ab_0             conda-forge
2025-01-24T19:55:24.7222891Z   argon2-cffi-bindings           21.2.0               py312h98912ed_4          conda-forge
2025-01-24T19:55:24.7223477Z   arrow                          1.3.0                pyhd8ed1ab_0             conda-forge
2025-01-24T19:55:24.7224315Z   astropy                        6.1.1                py312h085067d_0          conda-forge
2025-01-24T19:55:24.7224960Z   astropy-iers-data              0.2024.6.17.0.31.35  pyhd8ed1ab_0             conda-forge
2025-01-24T19:55:24.7225727Z   astropy-sphinx-theme           1.1                  pyhd8ed1ab_0             conda-forge
2025-01-24T19:55:24.7226411Z   asttokens                      2.4.1                pyhd8ed1ab_0             conda-forge
2025-01-24T19:55:24.7227020Z   async-lru                      2.0.4                pyhd8ed1ab_0             conda-forge
2025-01-24T19:55:24.7227580Z   atk-1.0                        2.38.0               h04ea711_2               conda-forge
2025-01-24T19:55:24.7228094Z   attrs                          23.2.0               pyh71513ae_0             conda-forge
2025-01-24T19:55:24.7228651Z   babel                          2.14.0               pyhd8ed1ab_0             conda-forge
2025-01-24T19:55:24.7229195Z   beautifulsoup4                 4.12.3               pyha770c72_0             conda-forge
2025-01-24T19:55:24.7229786Z   bleach                         6.1.0                pyhd8ed1ab_0             conda-forge
2025-01-24T19:55:24.7230327Z   blosc                          1.21.5               hc2324a3_1               conda-forge
2025-01-24T19:55:24.7230673Z   brotli                         1.1.0                hd590300_1               conda-forge
2025-01-24T19:55:24.7231034Z   brotli-bin                     1.1.0                hd590300_1               conda-forge
2025-01-24T19:55:24.7231774Z   brotli-python                  1.1.0                py312h30efb56_1          conda-forge
2025-01-24T19:55:24.7232141Z   bzip2                          1.0.8                hd590300_5               conda-forge
2025-01-24T19:55:24.7232471Z   c-ares                         1.28.1               hd590300_0               conda-forge
2025-01-24T19:55:24.7232820Z   c-blosc2                       2.14.4               hb4ffafa_1               conda-forge
2025-01-24T19:55:24.7233195Z   ca-certificates                2024.6.2             hbcca054_0               conda-forge
2025-01-24T19:55:24.7233605Z   cached-property                1.5.2                hd8ed1ab_1               conda-forge
2025-01-24T19:55:24.7234247Z   cached_property                1.5.2                pyha770c72_1             conda-forge
2025-01-24T19:55:24.7234618Z   cairo                          1.18.0               h3faef2a_0               conda-forge
2025-01-24T19:55:24.7235135Z   certifi                        2024.6.2             pyhd8ed1ab_0             conda-forge
2025-01-24T19:55:24.7235507Z   cffi                           1.16.0               py312hf06ca03_0          conda-forge
2025-01-24T19:55:24.7235883Z   charset-normalizer             3.3.2                pyhd8ed1ab_0             conda-forge
2025-01-24T19:55:24.7236269Z   click                          8.1.7                unix_pyh707e725_0        conda-forge
2025-01-24T19:55:24.7236624Z   codespell                      2.3.0                pyhd8ed1ab_0             conda-forge
2025-01-24T19:55:24.7236986Z   colorama                       0.4.6                pyhd8ed1ab_0             conda-forge
2025-01-24T19:55:24.7237330Z   comm                           0.2.2                pyhd8ed1ab_0             conda-forge
2025-01-24T19:55:24.7237679Z   commonmark                     0.9.1                py_0                     conda-forge
2025-01-24T19:55:24.7238041Z   contourpy                      1.2.1                py312h8572e83_0          conda-forge
2025-01-24T19:55:24.7238406Z   coverage                       7.5.3                py312h9a8786e_0          conda-forge
2025-01-24T19:55:24.7238753Z   cycler                         0.12.1               pyhd8ed1ab_0             conda-forge
2025-01-24T19:55:24.7239105Z   dataclasses                    0.8                  pyhc8e2a94_3             conda-forge
2025-01-24T19:55:24.7239465Z   debugpy                        1.8.1                py312h30efb56_0          conda-forge
2025-01-24T19:55:24.7239817Z   decorator                      5.1.1                pyhd8ed1ab_0             conda-forge
2025-01-24T19:55:24.7240175Z   defusedxml                     0.7.1                pyhd8ed1ab_0             conda-forge
2025-01-24T19:55:24.7240529Z   docutils                       0.20.1               py312h7900ff3_3          conda-forge
2025-01-24T19:55:24.7240876Z   dot2tex                        2.11.3               pyhd8ed1ab_0             conda-forge
2025-01-24T19:55:24.7241238Z   entrypoints                    0.4                  pyhd8ed1ab_0             conda-forge
2025-01-24T19:55:24.7241625Z   exceptiongroup                 1.2.0                pyhd8ed1ab_2             conda-forge
2025-01-24T19:55:24.7241998Z   executing                      2.0.1                pyhd8ed1ab_0             conda-forge
2025-01-24T19:55:24.7242342Z   expat                          2.6.2                h59595ed_0               conda-forge
2025-01-24T19:55:24.7242726Z   font-ttf-dejavu-sans-mono      2.37                 hab24e00_0               conda-forge
2025-01-24T19:55:24.7243161Z   font-ttf-inconsolata           3.000                h77eed37_0               conda-forge
2025-01-24T19:55:24.7243597Z   font-ttf-source-code-pro       2.038                h77eed37_0               conda-forge
2025-01-24T19:55:24.7244183Z   font-ttf-ubuntu                0.83                 h77eed37_2               conda-forge
2025-01-24T19:55:24.7244570Z   fontconfig                     2.14.2               h14ed4e7_0               conda-forge
2025-01-24T19:55:24.7245103Z   fonts-conda-ecosystem          1                    0                        conda-forge
2025-01-24T19:55:24.7245507Z   fonts-conda-forge              1                    0                        conda-forge
2025-01-24T19:55:24.7245886Z   fonttools                      4.53.0               py312h9a8786e_0          conda-forge
2025-01-24T19:55:24.7246224Z   fqdn                           1.5.1                pyhd8ed1ab_0             conda-forge
2025-01-24T19:55:24.7246557Z   freetype                       2.12.1               h267a509_2               conda-forge
2025-01-24T19:55:24.7246903Z   fribidi                        1.0.10               h36c2ea0_0               conda-forge
2025-01-24T19:55:24.7247254Z   future                         1.0.0                pyhd8ed1ab_0             conda-forge
2025-01-24T19:55:24.7247613Z   gdk-pixbuf                     2.42.12              hb9ae30d_0               conda-forge
2025-01-24T19:55:24.7248051Z   giflib                         5.2.2                hd590300_0               conda-forge
2025-01-24T19:55:24.7248547Z   git-lfs                        3.5.1                ha770c72_0               conda-forge
2025-01-24T19:55:24.7248877Z   gmp                            6.3.0                h59595ed_1               conda-forge
2025-01-24T19:55:24.7249201Z   gmpy2                          2.1.5                py312h1d5cde6_1          conda-forge
2025-01-24T19:55:24.7249551Z   graphite2                      1.3.13               h59595ed_1003            conda-forge
2025-01-24T19:55:24.7249901Z   graphviz                       11.0.0               hc68bbd7_0               conda-forge
2025-01-24T19:55:24.7250236Z   gtk2                           2.24.33              h280cfa0_4               conda-forge
2025-01-24T19:55:24.7250553Z   gts                            0.7.6                h977cf35_4               conda-forge
2025-01-24T19:55:24.7250870Z   h11                            0.14.0               pyhd8ed1ab_0             conda-forge
2025-01-24T19:55:24.7251191Z   h2                             4.1.0                pyhd8ed1ab_0             conda-forge
2025-01-24T19:55:24.7251518Z   h5py                           3.11.0               nompi_py312hb7ab980_102  conda-forge
2025-01-24T19:55:24.7251863Z   harfbuzz                       8.5.0                hfac3d4d_0               conda-forge
2025-01-24T19:55:24.7252198Z   hdf5                           1.14.3               nompi_hdf9ad27_105       conda-forge
2025-01-24T19:55:24.7252528Z   hpack                          4.0.0                pyh9f0ad1d_0             conda-forge
2025-01-24T19:55:24.7252871Z   httpcore                       1.0.5                pyhd8ed1ab_0             conda-forge
2025-01-24T19:55:24.7253292Z   httpx                          0.27.0               pyhd8ed1ab_0             conda-forge
2025-01-24T19:55:24.7253644Z   hyperframe                     6.0.1                pyhd8ed1ab_0             conda-forge
2025-01-24T19:55:24.7254151Z   icu                            73.2                 h59595ed_0               conda-forge
2025-01-24T19:55:24.7254488Z   idna                           3.7                  pyhd8ed1ab_0             conda-forge
2025-01-24T19:55:24.7254825Z   imagesize                      1.4.1                pyhd8ed1ab_0             conda-forge
2025-01-24T19:55:24.7255238Z   importlib-metadata             7.1.0                pyha770c72_0             conda-forge
2025-01-24T19:55:24.7255954Z   importlib_metadata             7.1.0                hd8ed1ab_0               conda-forge
2025-01-24T19:55:24.7256629Z   importlib_resources            6.4.0                pyhd8ed1ab_0             conda-forge
2025-01-24T19:55:24.7257029Z   iniconfig                      2.0.0                pyhd8ed1ab_0             conda-forge
2025-01-24T19:55:24.7257390Z   ipykernel                      6.29.4               pyh3099207_0             conda-forge
2025-01-24T19:55:24.7257765Z   ipython                        8.25.0               pyh707e725_0             conda-forge
2025-01-24T19:55:24.7258438Z   ipython_genutils               0.2.0                pyhd8ed1ab_1             conda-forge
2025-01-24T19:55:24.7259279Z   ipywidgets                     7.8.0                pyhd8ed1ab_0             conda-forge
2025-01-24T19:55:24.7259778Z   isoduration                    20.11.0              pyhd8ed1ab_0             conda-forge
2025-01-24T19:55:24.7260216Z   jedi                           0.19.1               pyhd8ed1ab_0             conda-forge
2025-01-24T19:55:24.7260753Z   jinja2                         3.1.4                pyhd8ed1ab_0             conda-forge
2025-01-24T19:55:24.7261346Z   json5                          0.9.25               pyhd8ed1ab_0             conda-forge
2025-01-24T19:55:24.7261973Z   jsonpointer                    3.0.0                py312h7900ff3_0          conda-forge
2025-01-24T19:55:24.7262669Z   jsonschema                     4.22.0               pyhd8ed1ab_0             conda-forge
2025-01-24T19:55:24.7263436Z   jsonschema-specifications      2023.12.1            pyhd8ed1ab_0             conda-forge
2025-01-24T19:55:24.7264500Z   jsonschema-with-format-nongpl  4.22.0               pyhd8ed1ab_0             conda-forge
2025-01-24T19:55:24.7264958Z   jupyter-lsp                    2.2.5                pyhd8ed1ab_0             conda-forge
2025-01-24T19:55:24.7265340Z   jupyter_client                 8.6.2                pyhd8ed1ab_0             conda-forge
2025-01-24T19:55:24.7265736Z   jupyter_core                   5.7.2                py312h7900ff3_0          conda-forge
2025-01-24T19:55:24.7266114Z   jupyter_events                 0.10.0               pyhd8ed1ab_0             conda-forge
2025-01-24T19:55:24.7266513Z   jupyter_server                 2.14.1               pyhd8ed1ab_0             conda-forge
2025-01-24T19:55:24.7266921Z   jupyter_server_terminals       0.5.3                pyhd8ed1ab_0             conda-forge
2025-01-24T19:55:24.7267326Z   jupyterlab                     4.2.2                pyhd8ed1ab_0             conda-forge
2025-01-24T19:55:24.7267724Z   jupyterlab_pygments            0.3.0                pyhd8ed1ab_1             conda-forge
2025-01-24T19:55:24.7268143Z   jupyterlab_server              2.27.2               pyhd8ed1ab_0             conda-forge
2025-01-24T19:55:24.7268548Z   jupyterlab_widgets             1.1.7                pyhd8ed1ab_0             conda-forge
2025-01-24T19:55:24.7268926Z   keyutils                       1.6.1                h166bdaf_0               conda-forge
2025-01-24T19:55:24.7269286Z   kiwisolver                     1.4.5                py312h8572e83_1          conda-forge
2025-01-24T19:55:24.7269643Z   krb5                           1.21.2               h659d440_0               conda-forge
2025-01-24T19:55:24.7270011Z   latexcodec                     2.0.1                pyh9f0ad1d_0             conda-forge
2025-01-24T19:55:24.7270373Z   lcms2                          2.16                 hb7c19ff_0               conda-forge
2025-01-24T19:55:24.7270734Z   ld_impl_linux-64               2.40                 hf3520f5_7               conda-forge
2025-01-24T19:55:24.7271101Z   lerc                           4.0.0                h27087fc_0               conda-forge
2025-01-24T19:55:24.7271467Z   libaec                         1.1.3                h59595ed_0               conda-forge
2025-01-24T19:55:24.7271813Z   libblas                        3.9.0                22_linux64_openblas      conda-forge
2025-01-24T19:55:24.7272201Z   libbrotlicommon                1.1.0                hd590300_1               conda-forge
2025-01-24T19:55:24.7272586Z   libbrotlidec                   1.1.0                hd590300_1               conda-forge
2025-01-24T19:55:24.7272958Z   libbrotlienc                   1.1.0                hd590300_1               conda-forge
2025-01-24T19:55:24.7273322Z   libcblas                       3.9.0                22_linux64_openblas      conda-forge
2025-01-24T19:55:24.7273671Z   libcurl                        8.8.0                hca28451_0               conda-forge
2025-01-24T19:55:24.7274235Z   libdeflate                     1.20                 hd590300_0               conda-forge
2025-01-24T19:55:24.7274763Z   libedit                        3.1.20191231         he28a2e2_2               conda-forge
2025-01-24T19:55:24.7275114Z   libev                          4.33                 hd590300_2               conda-forge
2025-01-24T19:55:24.7275459Z   libexpat                       2.6.2                h59595ed_0               conda-forge
2025-01-24T19:55:24.7275801Z   libffi                         3.4.2                h7f98852_5               conda-forge
2025-01-24T19:55:24.7276143Z   libgcc-ng                      13.2.0               h77fa898_10              conda-forge
2025-01-24T19:55:24.7276480Z   libgd                          2.3.3                h119a65a_9               conda-forge
2025-01-24T19:55:24.7276838Z   libgfortran-ng                 13.2.0               h69a702a_10              conda-forge
2025-01-24T19:55:24.7277213Z   libgfortran5                   13.2.0               h3d2ce59_10              conda-forge
2025-01-24T19:55:24.7277686Z   libglib                        2.80.2               h8a4344b_1               conda-forge
2025-01-24T19:55:24.7278036Z   libgomp                        13.2.0               h77fa898_10              conda-forge
2025-01-24T19:55:24.7278378Z   libiconv                       1.17                 hd590300_2               conda-forge
2025-01-24T19:55:24.7278739Z   libjpeg-turbo                  3.0.0                hd590300_1               conda-forge
2025-01-24T19:55:24.7279114Z   liblapack                      3.9.0                22_linux64_openblas      conda-forge
2025-01-24T19:55:24.7279479Z   libllvm14                      14.0.6               hcd5def8_4               conda-forge
2025-01-24T19:55:24.7279841Z   libnghttp2                     1.58.0               h47da74e_1               conda-forge
2025-01-24T19:55:24.7280193Z   libnsl                         2.0.1                hd590300_0               conda-forge
2025-01-24T19:55:24.7280569Z   libopenblas                    0.3.27               pthreads_h413a1c8_0      conda-forge
2025-01-24T19:55:24.7280937Z   libpng                         1.6.43               h2797004_0               conda-forge
2025-01-24T19:55:24.7281276Z   librsvg                        2.58.1               hadf69e7_0               conda-forge
2025-01-24T19:55:24.7281626Z   libsodium                      1.0.18               h36c2ea0_1               conda-forge
2025-01-24T19:55:24.7281982Z   libsqlite                      3.46.0               hde9e2c9_0               conda-forge
2025-01-24T19:55:24.7282333Z   libssh2                        1.11.0               h0841786_0               conda-forge
2025-01-24T19:55:24.7282693Z   libstdcxx-ng                   13.2.0               hc0a3c3a_10              conda-forge
2025-01-24T19:55:24.7283051Z   libtiff                        4.6.0                h1dd3fc0_3               conda-forge
2025-01-24T19:55:24.7283400Z   libuuid                        2.38.1               h0b41bf4_0               conda-forge
2025-01-24T19:55:24.7283752Z   libwebp                        1.4.0                h2c329e2_0               conda-forge
2025-01-24T19:55:24.7284297Z   libwebp-base                   1.4.0                hd590300_0               conda-forge
2025-01-24T19:55:24.7284920Z   libxcb                         1.15                 h0b41bf4_0               conda-forge
2025-01-24T19:55:24.7285392Z   libxcrypt                      4.4.36               hd590300_1               conda-forge
2025-01-24T19:55:24.7285818Z   libxml2                        2.12.7               hc051c1a_1               conda-forge
2025-01-24T19:55:24.7286330Z   libxslt                        1.1.39               h76b75d6_0               conda-forge
2025-01-24T19:55:24.7286778Z   libzlib                        1.3.1                h4ab18f5_1               conda-forge
2025-01-24T19:55:24.7287255Z   llvmlite                       0.42.0               py312hb06c811_1          conda-forge
2025-01-24T19:55:24.7287725Z   lxml                           5.2.2                py312hb90d8a5_0          conda-forge
2025-01-24T19:55:24.7288427Z   lz4-c                          1.9.4                hcb278e6_0               conda-forge
2025-01-24T19:55:24.7288934Z   lzo                            2.10                 hd590300_1001            conda-forge
2025-01-24T19:55:24.7289369Z   markupsafe                     2.1.5                py312h98912ed_0          conda-forge
2025-01-24T19:55:24.7353378Z   matplotlib-base                3.8.4                py312h20ab3a6_2          conda-forge
2025-01-24T19:55:24.7353862Z   matplotlib-inline              0.1.7                pyhd8ed1ab_0             conda-forge
2025-01-24T19:55:24.7354603Z   mistune                        3.0.2                pyhd8ed1ab_0             conda-forge
2025-01-24T19:55:24.7354965Z   mpc                            1.3.1                hfe3b2da_0               conda-forge
2025-01-24T19:55:24.7355293Z   mpfr                           4.2.1                h9458935_1               conda-forge
2025-01-24T19:55:24.7355940Z   mpmath                         1.3.0                pyhd8ed1ab_0             conda-forge
2025-01-24T19:55:24.7356292Z   munkres                        1.1.4                pyh9f0ad1d_0             conda-forge
2025-01-24T19:55:24.7356648Z   mypy_extensions                1.0.0                pyha770c72_0             conda-forge
2025-01-24T19:55:24.7357199Z   nbclassic                      1.1.0                pyhd8ed1ab_0             conda-forge
2025-01-24T19:55:24.7357813Z   nbclient                       0.10.0               pyhd8ed1ab_0             conda-forge
2025-01-24T19:55:24.7358440Z   nbconvert                      7.16.4               hd8ed1ab_1               conda-forge
2025-01-24T19:55:24.7359055Z   nbconvert-core                 7.16.4               pyhd8ed1ab_1             conda-forge
2025-01-24T19:55:24.7359655Z   nbconvert-pandoc               7.16.4               hd8ed1ab_1               conda-forge
2025-01-24T19:55:24.7360310Z   nbformat                       5.10.4               pyhd8ed1ab_0             conda-forge
2025-01-24T19:55:24.7360874Z   nbsphinx                       0.9.4                pyhd8ed1ab_0             conda-forge
2025-01-24T19:55:24.7361222Z   ncurses                        6.5                  h59595ed_0               conda-forge
2025-01-24T19:55:24.7361576Z   nest-asyncio                   1.6.0                pyhd8ed1ab_0             conda-forge
2025-01-24T19:55:24.7361967Z   networkx                       3.3                  pyhd8ed1ab_1             conda-forge
2025-01-24T19:55:24.7362310Z   nomkl                          1.0                  h5ca1d4c_0               conda-forge
2025-01-24T19:55:24.7362655Z   notebook                       7.2.1                pyhd8ed1ab_0             conda-forge
2025-01-24T19:55:24.7363025Z   notebook-shim                  0.2.4                pyhd8ed1ab_0             conda-forge
2025-01-24T19:55:24.7363391Z   numba                          0.59.1               py312hacefee8_0          conda-forge
2025-01-24T19:55:24.7363743Z   numexpr                        2.10.0               py312hf412c99_100        conda-forge
2025-01-24T19:55:24.7364326Z   numpy                          1.26.4               py312heda63a1_0          conda-forge
2025-01-24T19:55:24.7364674Z   numpydoc                       1.7.0                pyhd8ed1ab_1             conda-forge
2025-01-24T19:55:24.7365029Z   openjpeg                       2.5.2                h488ebb8_0               conda-forge
2025-01-24T19:55:24.7365364Z   openssl                        3.3.1                h4ab18f5_0               conda-forge
2025-01-24T19:55:24.7365715Z   overrides                      7.7.0                pyhd8ed1ab_0             conda-forge
2025-01-24T19:55:24.7366082Z   packaging                      24.1                 pyhd8ed1ab_0             conda-forge
2025-01-24T19:55:24.7366435Z   pandas                         2.2.2                py312h1d6d2e6_1          conda-forge
2025-01-24T19:55:24.7366796Z   pandoc                         3.2                  ha770c72_0               conda-forge
2025-01-24T19:55:24.7367361Z   pandocfilters                  1.5.0                pyhd8ed1ab_0             conda-forge
2025-01-24T19:55:24.7367727Z   pango                          1.54.0               h84a9a3c_0               conda-forge
2025-01-24T19:55:24.7368052Z   parso                          0.8.4                pyhd8ed1ab_0             conda-forge
2025-01-24T19:55:24.7368394Z   pathspec                       0.12.1               pyhd8ed1ab_0             conda-forge
2025-01-24T19:55:24.7368737Z   pbr                            6.0.0                pyhd8ed1ab_0             conda-forge
2025-01-24T19:55:24.7369061Z   pcre2                          10.44                h0f59acf_0               conda-forge
2025-01-24T19:55:24.7369396Z   pexpect                        4.9.0                pyhd8ed1ab_0             conda-forge
2025-01-24T19:55:24.7369754Z   pickleshare                    0.7.5                py_1003                  conda-forge
2025-01-24T19:55:24.7370224Z   pillow                         10.3.0               py312hdcec9eb_0          conda-forge
2025-01-24T19:55:24.7370566Z   pip                            24.0                 pyhd8ed1ab_0             conda-forge
2025-01-24T19:55:24.7370891Z   pixman                         0.43.2               h59595ed_0               conda-forge
2025-01-24T19:55:24.7371319Z   pkgutil-resolve-name           1.3.10               pyhd8ed1ab_1             conda-forge
2025-01-24T19:55:24.7371725Z   platformdirs                   4.2.2                pyhd8ed1ab_0             conda-forge
2025-01-24T19:55:24.7372083Z   plotly                         5.22.0               pyhd8ed1ab_0             conda-forge
2025-01-24T19:55:24.7372421Z   pluggy                         1.5.0                pyhd8ed1ab_0             conda-forge
2025-01-24T19:55:24.7372791Z   prometheus_client              0.20.0               pyhd8ed1ab_0             conda-forge
2025-01-24T19:55:24.7373195Z   prompt-toolkit                 3.0.47               pyha770c72_0             conda-forge
2025-01-24T19:55:24.7373570Z   psutil                         5.9.8                py312h98912ed_0          conda-forge
2025-01-24T19:55:24.7374104Z   pthread-stubs                  0.4                  h36c2ea0_1001            conda-forge
2025-01-24T19:55:24.7374638Z   ptyprocess                     0.7.0                pyhd3deb0d_0             conda-forge
2025-01-24T19:55:24.7374999Z   pure_eval                      0.2.2                pyhd8ed1ab_0             conda-forge
2025-01-24T19:55:24.7375354Z   py-cpuinfo                     9.0.0                pyhd8ed1ab_0             conda-forge
2025-01-24T19:55:24.7375704Z   pybtex                         0.24.0               pyhd8ed1ab_2             conda-forge
2025-01-24T19:55:24.7376084Z   pybtex-docutils                1.0.3                py312h7900ff3_1          conda-forge
2025-01-24T19:55:24.7376465Z   pycparser                      2.22                 pyhd8ed1ab_0             conda-forge
2025-01-24T19:55:24.7376820Z   pyerfa                         2.0.1.4              py312h085067d_1          conda-forge
2025-01-24T19:55:24.7377181Z   pygments                       2.18.0               pyhd8ed1ab_0             conda-forge
2025-01-24T19:55:24.7377537Z   pygraphviz                     1.13                 py312h4a1d8a7_1          conda-forge
2025-01-24T19:55:24.7377903Z   pyparsing                      3.1.2                pyhd8ed1ab_0             conda-forge
2025-01-24T19:55:24.7378259Z   pysocks                        1.7.1                pyha2e5f31_6             conda-forge
2025-01-24T19:55:24.7378615Z   pytables                       3.9.2                py312h96d95ec_2          conda-forge
2025-01-24T19:55:24.7378962Z   pytest                         8.2.2                pyhd8ed1ab_0             conda-forge
2025-01-24T19:55:24.7379319Z   pytest-cov                     5.0.0                pyhd8ed1ab_0             conda-forge
2025-01-24T19:55:24.7379716Z   pytest-doctestplus             1.2.1                pyhd8ed1ab_0             conda-forge
2025-01-24T19:55:24.7380259Z   pytest-html                    4.1.1                pyhd8ed1ab_0             conda-forge
2025-01-24T19:55:24.7380642Z   pytest-metadata                3.1.1                pyhd8ed1ab_0             conda-forge
2025-01-24T19:55:24.7381011Z   python                         3.12.4               h194c7f8_0_cpython       conda-forge
2025-01-24T19:55:24.7381380Z   python-dateutil                2.9.0                pyhd8ed1ab_0             conda-forge
2025-01-24T19:55:24.7381801Z   python-fastjsonschema          2.20.0               pyhd8ed1ab_0             conda-forge
2025-01-24T19:55:24.7382224Z   python-json-logger             2.0.7                pyhd8ed1ab_0             conda-forge
2025-01-24T19:55:24.7382816Z   python-tzdata                  2024.1               pyhd8ed1ab_0             conda-forge
2025-01-24T19:55:24.7383421Z   python_abi                     3.12                 4_cp312                  conda-forge
2025-01-24T19:55:24.7384338Z   pytz                           2024.1               pyhd8ed1ab_0             conda-forge
2025-01-24T19:55:24.7384737Z   pyyaml                         6.0.1                py312h98912ed_1          conda-forge
2025-01-24T19:55:24.7385087Z   pyzmq                          26.0.3               py312h8fd38d8_0          conda-forge
2025-01-24T19:55:24.7385425Z   qgrid                          1.3.1                pyhd8ed1ab_4             conda-forge
2025-01-24T19:55:24.7385790Z   radioactivedecay               0.5.1                pyhd8ed1ab_0             conda-forge
2025-01-24T19:55:24.7386160Z   readline                       8.2                  h8228510_1               conda-forge
2025-01-24T19:55:24.7386518Z   recommonmark                   0.7.1                pyhd8ed1ab_0             conda-forge
2025-01-24T19:55:24.7386889Z   referencing                    0.35.1               pyhd8ed1ab_0             conda-forge
2025-01-24T19:55:24.7387251Z   requests                       2.32.3               pyhd8ed1ab_0             conda-forge
2025-01-24T19:55:24.7387635Z   rfc3339-validator              0.1.4                pyhd8ed1ab_0             conda-forge
2025-01-24T19:55:24.7388040Z   rfc3986-validator              0.1.1                pyh9f0ad1d_0             conda-forge
2025-01-24T19:55:24.7388418Z   rpds-py                        0.18.1               py312h4413252_0          conda-forge
2025-01-24T19:55:24.7388756Z   ruff                           0.4.9                py312h5715c7c_0          conda-forge
2025-01-24T19:55:24.7389083Z   scipy                          1.13.1               py312hc2bc53b_0          conda-forge
2025-01-24T19:55:24.7389430Z   send2trash                     1.8.3                pyh0d859eb_0             conda-forge
2025-01-24T19:55:24.7389790Z   setuptools                     70.0.0               pyhd8ed1ab_0             conda-forge
2025-01-24T19:55:24.7390161Z   setuptools-scm                 8.1.0                pyhd8ed1ab_0             conda-forge
2025-01-24T19:55:24.7390543Z   setuptools_scm                 8.1.0                hd8ed1ab_0               conda-forge
2025-01-24T19:55:24.7390899Z   six                            1.16.0               pyh6c4a22f_0             conda-forge
2025-01-24T19:55:24.7391231Z   snakeviz                       2.2.0                pyhd8ed1ab_0             conda-forge
2025-01-24T19:55:24.7391580Z   snappy                         1.2.0                hdb0a2a9_1               conda-forge
2025-01-24T19:55:24.7391920Z   sniffio                        1.3.1                pyhd8ed1ab_0             conda-forge
2025-01-24T19:55:24.7392292Z   snowballstemmer                2.2.0                pyhd8ed1ab_0             conda-forge
2025-01-24T19:55:24.7392668Z   soupsieve                      2.5                  pyhd8ed1ab_1             conda-forge
2025-01-24T19:55:24.7393009Z   sphinx                         7.3.7                pyhd8ed1ab_0             conda-forge
2025-01-24T19:55:24.7393381Z   sphinx-astropy                 1.9.1                pyhd8ed1ab_0             conda-forge
2025-01-24T19:55:24.7394139Z   sphinx-automodapi              0.17.0               pyh717bed2_1             conda-forge
2025-01-24T19:55:24.7394587Z   sphinx-gallery                 0.16.0               pyhd8ed1ab_0             conda-forge
2025-01-24T19:55:24.7395006Z   sphinx-jsonschema              1.19.1               pyhd8ed1ab_0             conda-forge
2025-01-24T19:55:24.7395423Z   sphinx_bootstrap_theme         0.8.1                pyhd8ed1ab_0             conda-forge
2025-01-24T19:55:24.7395823Z   sphinx_rtd_theme               2.0.0                pyha770c72_0             conda-forge
2025-01-24T19:55:24.7396241Z   sphinxcontrib-apidoc           0.3.0                py_1                     conda-forge
2025-01-24T19:55:24.7396691Z   sphinxcontrib-applehelp        1.0.8                pyhd8ed1ab_0             conda-forge
2025-01-24T19:55:24.7397146Z   sphinxcontrib-bibtex           2.6.2                pyhd8ed1ab_0             conda-forge
2025-01-24T19:55:24.7397702Z   sphinxcontrib-devhelp          1.0.6                pyhd8ed1ab_0             conda-forge
2025-01-24T19:55:24.7398171Z   sphinxcontrib-htmlhelp         2.0.5                pyhd8ed1ab_0             conda-forge
2025-01-24T19:55:24.7398614Z   sphinxcontrib-jquery           4.1                  pyhd8ed1ab_0             conda-forge
2025-01-24T19:55:24.7399040Z   sphinxcontrib-jsmath           1.0.1                pyhd8ed1ab_0             conda-forge
2025-01-24T19:55:24.7399465Z   sphinxcontrib-qthelp           1.0.7                pyhd8ed1ab_0             conda-forge
2025-01-24T19:55:24.7399934Z   sphinxcontrib-serializinghtml  1.1.10               pyhd8ed1ab_0             conda-forge
2025-01-24T19:55:24.7400369Z   stack_data                     0.6.2                pyhd8ed1ab_0             conda-forge
2025-01-24T19:55:24.7400713Z   sympy                          1.12.1               pypyh2585a3b_103         conda-forge
2025-01-24T19:55:24.7401058Z   tabulate                       0.9.0                pyhd8ed1ab_1             conda-forge
2025-01-24T19:55:24.7401419Z   tenacity                       8.4.1                pyhd8ed1ab_0             conda-forge
2025-01-24T19:55:24.7401771Z   terminado                      0.18.1               pyh0d859eb_0             conda-forge
2025-01-24T19:55:24.7402120Z   tinycss2                       1.3.0                pyhd8ed1ab_0             conda-forge
2025-01-24T19:55:24.7402450Z   tk                             8.6.13               noxft_h4845f30_101       conda-forge
2025-01-24T19:55:24.7402773Z   toml                           0.10.2               pyhd8ed1ab_0             conda-forge
2025-01-24T19:55:24.7403104Z   tomli                          2.0.1                pyhd8ed1ab_0             conda-forge
2025-01-24T19:55:24.7403437Z   tornado                        6.4.1                py312h9a8786e_0          conda-forge
2025-01-24T19:55:24.7403768Z   tqdm                           4.66.4               pyhd8ed1ab_0             conda-forge
2025-01-24T19:55:24.7404410Z   traitlets                      5.14.3               pyhd8ed1ab_0             conda-forge
2025-01-24T19:55:24.7404781Z   typed-ast                      1.5.5                py312h98912ed_1          conda-forge
2025-01-24T19:55:24.7405188Z   types-python-dateutil          2.9.0.20240316       pyhd8ed1ab_0             conda-forge
2025-01-24T19:55:24.7405622Z   typing-extensions              4.12.2               hd8ed1ab_0               conda-forge
2025-01-24T19:55:24.7406027Z   typing_extensions              4.12.2               pyha770c72_0             conda-forge
2025-01-24T19:55:24.7406411Z   typing_utils                   0.1.0                pyhd8ed1ab_0             conda-forge
2025-01-24T19:55:24.7406771Z   tzdata                         2024a                h0c530f3_0               conda-forge
2025-01-24T19:55:24.7407132Z   uri-template                   1.3.0                pyhd8ed1ab_0             conda-forge
2025-01-24T19:55:24.7407493Z   urllib3                        2.2.2                pyhd8ed1ab_0             conda-forge
2025-01-24T19:55:24.7408006Z   wcwidth                        0.2.13               pyhd8ed1ab_0             conda-forge
2025-01-24T19:55:24.7408364Z   webcolors                      24.6.0               pyhd8ed1ab_0             conda-forge
2025-01-24T19:55:24.7408741Z   webencodings                   0.5.1                pyhd8ed1ab_2             conda-forge
2025-01-24T19:55:24.7409130Z   websocket-client               1.8.0                pyhd8ed1ab_0             conda-forge
2025-01-24T19:55:24.7409498Z   wheel                          0.43.0               pyhd8ed1ab_1             conda-forge
2025-01-24T19:55:24.7409867Z   widgetsnbextension             3.6.6                pyhd8ed1ab_0             conda-forge
2025-01-24T19:55:24.7410256Z   xorg-kbproto                   1.0.7                h7f98852_1002            conda-forge
2025-01-24T19:55:24.7410618Z   xorg-libice                    1.1.1                hd590300_0               conda-forge
2025-01-24T19:55:24.7411087Z   xorg-libsm                     1.2.4                h7391055_0               conda-forge
2025-01-24T19:55:24.7411455Z   xorg-libx11                    1.8.9                h8ee46fc_0               conda-forge
2025-01-24T19:55:24.7411823Z   xorg-libxau                    1.0.11               hd590300_0               conda-forge
2025-01-24T19:55:24.7412190Z   xorg-libxdmcp                  1.1.3                h7f98852_0               conda-forge
2025-01-24T19:55:24.7412560Z   xorg-libxext                   1.3.4                h0b41bf4_2               conda-forge
2025-01-24T19:55:24.7412938Z   xorg-libxrender                0.9.11               hd590300_0               conda-forge
2025-01-24T19:55:24.7413340Z   xorg-renderproto               0.11.1               h7f98852_1002            conda-forge
2025-01-24T19:55:24.7413732Z   xorg-xextproto                 7.3.0                h0b41bf4_1003            conda-forge
2025-01-24T19:55:24.7414363Z   xorg-xproto                    7.0.31               h7f98852_1007            conda-forge
2025-01-24T19:55:24.7414718Z   xz                             5.2.6                h166bdaf_0               conda-forge
2025-01-24T19:55:24.7415036Z   yaml                           0.2.5                h7f98852_2               conda-forge
2025-01-24T19:55:24.7415362Z   zeromq                         4.3.5                h75354e8_4               conda-forge
2025-01-24T19:55:24.7415693Z   zipp                           3.19.2               pyhd8ed1ab_0             conda-forge
2025-01-24T19:55:24.7416010Z   zlib                           1.3.1                h4ab18f5_1               conda-forge
2025-01-24T19:55:24.7416334Z   zlib-ng                        2.0.7                h0b41bf4_0               conda-forge
2025-01-24T19:55:24.7416655Z   zstd                           1.5.6                ha6fb4c9_0               conda-forge
2025-01-24T19:55:24.7417181Z ##[endgroup]
2025-01-24T19:55:24.7450966Z ##[group]Run pip install -e . --user
2025-01-24T19:55:24.7451303Z [36;1mpip install -e . --user[0m
2025-01-24T19:55:24.7481662Z shell: /usr/bin/bash -l {0}
2025-01-24T19:55:24.7481917Z env:
2025-01-24T19:55:24.7482090Z   CACHE_NUMBER: 0
2025-01-24T19:55:24.7482714Z   PYTEST_FLAGS: --tardis-regression-data=/home/runner/work/tardis/tardis/tardis-regression-data --cov=tardis --cov-report=xml --cov-report=html --cov-append
2025-01-24T19:55:24.7483537Z   CODECOV_TOKEN: ***
2025-01-24T19:55:24.7483770Z   MAMBA_ROOT_PREFIX: /home/runner/micromamba
2025-01-24T19:55:24.7484286Z   MAMBA_EXE: /home/runner/micromamba-bin/micromamba
2025-01-24T19:55:24.7484635Z   CONDARC: /home/runner/work/_temp/setup-micromamba/.condarc
2025-01-24T19:55:24.7484940Z ##[endgroup]
2025-01-24T19:55:25.4569950Z Obtaining file:///home/runner/work/tardis/tardis
2025-01-24T19:55:25.4597819Z   Installing build dependencies: started
2025-01-24T19:55:28.0853812Z   Installing build dependencies: finished with status 'done'
2025-01-24T19:55:28.0859459Z   Checking if build backend supports build_editable: started
2025-01-24T19:55:28.2077479Z   Checking if build backend supports build_editable: finished with status 'done'
2025-01-24T19:55:28.2085322Z   Getting requirements to build editable: started
2025-01-24T19:55:28.6563204Z   Getting requirements to build editable: finished with status 'done'
2025-01-24T19:55:28.6572121Z   Preparing editable metadata (pyproject.toml): started
2025-01-24T19:55:29.1053362Z   Preparing editable metadata (pyproject.toml): finished with status 'done'
2025-01-24T19:55:29.1637552Z Requirement already satisfied: astropy in /home/runner/micromamba/envs/tardis/lib/python3.12/site-packages (from tardis==0.0.0) (6.1.1)
2025-01-24T19:55:29.2035022Z Requirement already satisfied: numpy>=1.23 in /home/runner/micromamba/envs/tardis/lib/python3.12/site-packages (from astropy->tardis==0.0.0) (1.26.4)
2025-01-24T19:55:29.2043771Z Requirement already satisfied: pyerfa>=2.0.1.1 in /home/runner/micromamba/envs/tardis/lib/python3.12/site-packages (from astropy->tardis==0.0.0) (2.0.1.4)
2025-01-24T19:55:29.2054404Z Requirement already satisfied: astropy-iers-data>=0.2024.5.27.0.30.8 in /home/runner/micromamba/envs/tardis/lib/python3.12/site-packages (from astropy->tardis==0.0.0) (0.2024.6.17.0.31.35)
2025-01-24T19:55:29.2062525Z Requirement already satisfied: PyYAML>=3.13 in /home/runner/micromamba/envs/tardis/lib/python3.12/site-packages (from astropy->tardis==0.0.0) (6.0.1)
2025-01-24T19:55:29.2072115Z Requirement already satisfied: packaging>=19.0 in /home/runner/micromamba/envs/tardis/lib/python3.12/site-packages (from astropy->tardis==0.0.0) (24.1)
2025-01-24T19:55:29.2160919Z Building wheels for collected packages: tardis
2025-01-24T19:55:29.2169884Z   Building editable for tardis (pyproject.toml): started
2025-01-24T19:55:29.9931940Z   Building editable for tardis (pyproject.toml): finished with status 'done'
2025-01-24T19:55:29.9939108Z   Created wheel for tardis: filename=tardis-0.0.0-0.editable-py3-none-any.whl size=8876 sha256=7df4629bc394babb3d0cd3d8ea4625eb3034e198db962b089e4849a2b53432e9
2025-01-24T19:55:29.9940767Z   Stored in directory: /tmp/pip-ephem-wheel-cache-lnxggkun/wheels/6a/c7/ae/89fa6dc2565455898176888ef0e2e475e4e90eb0124afcb995
2025-01-24T19:55:29.9975023Z Successfully built tardis
2025-01-24T19:55:30.8547109Z Installing collected packages: tardis
2025-01-24T19:55:30.8923725Z Successfully installed tardis-0.0.0
2025-01-24T19:55:31.1121145Z ##[group]Run pip install qgridnext
2025-01-24T19:55:31.1121485Z [36;1mpip install qgridnext[0m
2025-01-24T19:55:31.1149848Z shell: /usr/bin/bash -l {0}
2025-01-24T19:55:31.1150115Z env:
2025-01-24T19:55:31.1150398Z   CACHE_NUMBER: 0
2025-01-24T19:55:31.1151084Z   PYTEST_FLAGS: --tardis-regression-data=/home/runner/work/tardis/tardis/tardis-regression-data --cov=tardis --cov-report=xml --cov-report=html --cov-append
2025-01-24T19:55:31.1151917Z   CODECOV_TOKEN: ***
2025-01-24T19:55:31.1152156Z   MAMBA_ROOT_PREFIX: /home/runner/micromamba
2025-01-24T19:55:31.1152458Z   MAMBA_EXE: /home/runner/micromamba-bin/micromamba
2025-01-24T19:55:31.1152816Z   CONDARC: /home/runner/work/_temp/setup-micromamba/.condarc
2025-01-24T19:55:31.1153143Z ##[endgroup]
2025-01-24T19:55:32.1240551Z Collecting qgridnext
2025-01-24T19:55:32.1473661Z   Downloading qgridnext-2.0.4-py3-none-any.whl.metadata (9.9 kB)
2025-01-24T19:55:32.1974545Z Requirement already satisfied: pandas>=0.20.0 in /home/runner/micromamba/envs/tardis/lib/python3.12/site-packages (from qgridnext) (2.2.2)
2025-01-24T19:55:32.1985292Z Requirement already satisfied: ipywidgets>=7.0.0 in /home/runner/micromamba/envs/tardis/lib/python3.12/site-packages (from qgridnext) (7.8.0)
2025-01-24T19:55:32.1994434Z Requirement already satisfied: numpy in /home/runner/micromamba/envs/tardis/lib/python3.12/site-packages (from qgridnext) (1.26.4)
2025-01-24T19:55:32.2004289Z Requirement already satisfied: traitlets in /home/runner/micromamba/envs/tardis/lib/python3.12/site-packages (from qgridnext) (5.14.3)
2025-01-24T19:55:32.2091771Z Requirement already satisfied: comm>=0.1.3 in /home/runner/micromamba/envs/tardis/lib/python3.12/site-packages (from ipywidgets>=7.0.0->qgridnext) (0.2.2)
2025-01-24T19:55:32.2100321Z Requirement already satisfied: ipython-genutils~=0.2.0 in /home/runner/micromamba/envs/tardis/lib/python3.12/site-packages (from ipywidgets>=7.0.0->qgridnext) (0.2.0)
2025-01-24T19:55:32.2114227Z Requirement already satisfied: widgetsnbextension~=3.6.5 in /home/runner/micromamba/envs/tardis/lib/python3.12/site-packages (from ipywidgets>=7.0.0->qgridnext) (3.6.6)
2025-01-24T19:55:32.2131988Z Requirement already satisfied: ipython>=4.0.0 in /home/runner/micromamba/envs/tardis/lib/python3.12/site-packages (from ipywidgets>=7.0.0->qgridnext) (8.25.0)
2025-01-24T19:55:32.2147233Z Requirement already satisfied: jupyterlab-widgets<3,>=1.0.0 in /home/runner/micromamba/envs/tardis/lib/python3.12/site-packages (from ipywidgets>=7.0.0->qgridnext) (1.1.7)
2025-01-24T19:55:32.2637243Z Requirement already satisfied: python-dateutil>=2.8.2 in /home/runner/micromamba/envs/tardis/lib/python3.12/site-packages (from pandas>=0.20.0->qgridnext) (2.9.0)
2025-01-24T19:55:32.2650910Z Requirement already satisfied: pytz>=2020.1 in /home/runner/micromamba/envs/tardis/lib/python3.12/site-packages (from pandas>=0.20.0->qgridnext) (2024.1)
2025-01-24T19:55:32.2658955Z Requirement already satisfied: tzdata>=2022.7 in /home/runner/micromamba/envs/tardis/lib/python3.12/site-packages (from pandas>=0.20.0->qgridnext) (2024.1)
2025-01-24T19:55:32.3000639Z Requirement already satisfied: decorator in /home/runner/micromamba/envs/tardis/lib/python3.12/site-packages (from ipython>=4.0.0->ipywidgets>=7.0.0->qgridnext) (5.1.1)
2025-01-24T19:55:32.3015523Z Requirement already satisfied: jedi>=0.16 in /home/runner/micromamba/envs/tardis/lib/python3.12/site-packages (from ipython>=4.0.0->ipywidgets>=7.0.0->qgridnext) (0.19.1)
2025-01-24T19:55:32.3024912Z Requirement already satisfied: matplotlib-inline in /home/runner/micromamba/envs/tardis/lib/python3.12/site-packages (from ipython>=4.0.0->ipywidgets>=7.0.0->qgridnext) (0.1.7)
2025-01-24T19:55:32.3039474Z Requirement already satisfied: prompt-toolkit<3.1.0,>=3.0.41 in /home/runner/micromamba/envs/tardis/lib/python3.12/site-packages (from ipython>=4.0.0->ipywidgets>=7.0.0->qgridnext) (3.0.47)
2025-01-24T19:55:32.3049405Z Requirement already satisfied: pygments>=2.4.0 in /home/runner/micromamba/envs/tardis/lib/python3.12/site-packages (from ipython>=4.0.0->ipywidgets>=7.0.0->qgridnext) (2.18.0)
2025-01-24T19:55:32.3059976Z Requirement already satisfied: stack-data in /home/runner/micromamba/envs/tardis/lib/python3.12/site-packages (from ipython>=4.0.0->ipywidgets>=7.0.0->qgridnext) (0.6.2)
2025-01-24T19:55:32.3079811Z Requirement already satisfied: pexpect>4.3 in /home/runner/micromamba/envs/tardis/lib/python3.12/site-packages (from ipython>=4.0.0->ipywidgets>=7.0.0->qgridnext) (4.9.0)
2025-01-24T19:55:32.3128455Z Requirement already satisfied: six>=1.5 in /home/runner/micromamba/envs/tardis/lib/python3.12/site-packages (from python-dateutil>=2.8.2->pandas>=0.20.0->qgridnext) (1.16.0)
2025-01-24T19:55:32.3185960Z Requirement already satisfied: notebook>=4.4.1 in /home/runner/micromamba/envs/tardis/lib/python3.12/site-packages (from widgetsnbextension~=3.6.5->ipywidgets>=7.0.0->qgridnext) (7.2.1)
2025-01-24T19:55:32.3372434Z Requirement already satisfied: parso<0.9.0,>=0.8.3 in /home/runner/micromamba/envs/tardis/lib/python3.12/site-packages (from jedi>=0.16->ipython>=4.0.0->ipywidgets>=7.0.0->qgridnext) (0.8.4)
2025-01-24T19:55:32.3571049Z Requirement already satisfied: jupyter-server<3,>=2.4.0 in /home/runner/micromamba/envs/tardis/lib/python3.12/site-packages (from notebook>=4.4.1->widgetsnbextension~=3.6.5->ipywidgets>=7.0.0->qgridnext) (2.14.1)
2025-01-24T19:55:32.3585363Z Requirement already satisfied: jupyterlab-server<3,>=2.27.1 in /home/runner/micromamba/envs/tardis/lib/python3.12/site-packages (from notebook>=4.4.1->widgetsnbextension~=3.6.5->ipywidgets>=7.0.0->qgridnext) (2.27.2)
2025-01-24T19:55:32.3601416Z Requirement already satisfied: jupyterlab<4.3,>=4.2.0 in /home/runner/micromamba/envs/tardis/lib/python3.12/site-packages (from notebook>=4.4.1->widgetsnbextension~=3.6.5->ipywidgets>=7.0.0->qgridnext) (4.2.2)
2025-01-24T19:55:32.3612872Z Requirement already satisfied: notebook-shim<0.3,>=0.2 in /home/runner/micromamba/envs/tardis/lib/python3.12/site-packages (from notebook>=4.4.1->widgetsnbextension~=3.6.5->ipywidgets>=7.0.0->qgridnext) (0.2.4)
2025-01-24T19:55:32.3621998Z Requirement already satisfied: tornado>=6.2.0 in /home/runner/micromamba/envs/tardis/lib/python3.12/site-packages (from notebook>=4.4.1->widgetsnbextension~=3.6.5->ipywidgets>=7.0.0->qgridnext) (6.4.1)
2025-01-24T19:55:32.3652953Z Requirement already satisfied: ptyprocess>=0.5 in /home/runner/micromamba/envs/tardis/lib/python3.12/site-packages (from pexpect>4.3->ipython>=4.0.0->ipywidgets>=7.0.0->qgridnext) (0.7.0)
2025-01-24T19:55:32.3682162Z Requirement already satisfied: wcwidth in /home/runner/micromamba/envs/tardis/lib/python3.12/site-packages (from prompt-toolkit<3.1.0,>=3.0.41->ipython>=4.0.0->ipywidgets>=7.0.0->qgridnext) (0.2.13)
2025-01-24T19:55:32.3822919Z Requirement already satisfied: executing>=1.2.0 in /home/runner/micromamba/envs/tardis/lib/python3.12/site-packages (from stack-data->ipython>=4.0.0->ipywidgets>=7.0.0->qgridnext) (2.0.1)
2025-01-24T19:55:32.3836279Z Requirement already satisfied: asttokens>=2.1.0 in /home/runner/micromamba/envs/tardis/lib/python3.12/site-packages (from stack-data->ipython>=4.0.0->ipywidgets>=7.0.0->qgridnext) (2.4.1)
2025-01-24T19:55:32.3845174Z Requirement already satisfied: pure-eval in /home/runner/micromamba/envs/tardis/lib/python3.12/site-packages (from stack-data->ipython>=4.0.0->ipywidgets>=7.0.0->qgridnext) (0.2.2)
2025-01-24T19:55:32.4217681Z Requirement already satisfied: anyio>=3.1.0 in /home/runner/micromamba/envs/tardis/lib/python3.12/site-packages (from jupyter-server<3,>=2.4.0->notebook>=4.4.1->widgetsnbextension~=3.6.5->ipywidgets>=7.0.0->qgridnext) (4.4.0)
2025-01-24T19:55:32.4227567Z Requirement already satisfied: argon2-cffi>=21.1 in /home/runner/micromamba/envs/tardis/lib/python3.12/site-packages (from jupyter-server<3,>=2.4.0->notebook>=4.4.1->widgetsnbextension~=3.6.5->ipywidgets>=7.0.0->qgridnext) (23.1.0)
2025-01-24T19:55:32.4236490Z Requirement already satisfied: jinja2>=3.0.3 in /home/runner/micromamba/envs/tardis/lib/python3.12/site-packages (from jupyter-server<3,>=2.4.0->notebook>=4.4.1->widgetsnbextension~=3.6.5->ipywidgets>=7.0.0->qgridnext) (3.1.4)
2025-01-24T19:55:32.4248019Z Requirement already satisfied: jupyter-client>=7.4.4 in /home/runner/micromamba/envs/tardis/lib/python3.12/site-packages (from jupyter-server<3,>=2.4.0->notebook>=4.4.1->widgetsnbextension~=3.6.5->ipywidgets>=7.0.0->qgridnext) (8.6.2)
2025-01-24T19:55:32.4259624Z Requirement already satisfied: jupyter-core!=5.0.*,>=4.12 in /home/runner/micromamba/envs/tardis/lib/python3.12/site-packages (from jupyter-server<3,>=2.4.0->notebook>=4.4.1->widgetsnbextension~=3.6.5->ipywidgets>=7.0.0->qgridnext) (5.7.2)
2025-01-24T19:55:32.4270611Z Requirement already satisfied: jupyter-events>=0.9.0 in /home/runner/micromamba/envs/tardis/lib/python3.12/site-packages (from jupyter-server<3,>=2.4.0->notebook>=4.4.1->widgetsnbextension~=3.6.5->ipywidgets>=7.0.0->qgridnext) (0.10.0)
2025-01-24T19:55:32.4281377Z Requirement already satisfied: jupyter-server-terminals>=0.4.4 in /home/runner/micromamba/envs/tardis/lib/python3.12/site-packages (from jupyter-server<3,>=2.4.0->notebook>=4.4.1->widgetsnbextension~=3.6.5->ipywidgets>=7.0.0->qgridnext) (0.5.3)
2025-01-24T19:55:32.4294802Z Requirement already satisfied: nbconvert>=6.4.4 in /home/runner/micromamba/envs/tardis/lib/python3.12/site-packages (from jupyter-server<3,>=2.4.0->notebook>=4.4.1->widgetsnbextension~=3.6.5->ipywidgets>=7.0.0->qgridnext) (7.16.4)
2025-01-24T19:55:32.4304852Z Requirement already satisfied: nbformat>=5.3.0 in /home/runner/micromamba/envs/tardis/lib/python3.12/site-packages (from jupyter-server<3,>=2.4.0->notebook>=4.4.1->widgetsnbextension~=3.6.5->ipywidgets>=7.0.0->qgridnext) (5.10.4)
2025-01-24T19:55:32.4314853Z Requirement already satisfied: overrides>=5.0 in /home/runner/micromamba/envs/tardis/lib/python3.12/site-packages (from jupyter-server<3,>=2.4.0->notebook>=4.4.1->widgetsnbextension~=3.6.5->ipywidgets>=7.0.0->qgridnext) (7.7.0)
2025-01-24T19:55:32.4328332Z Requirement already satisfied: packaging>=22.0 in /home/runner/micromamba/envs/tardis/lib/python3.12/site-packages (from jupyter-server<3,>=2.4.0->notebook>=4.4.1->widgetsnbextension~=3.6.5->ipywidgets>=7.0.0->qgridnext) (24.1)
2025-01-24T19:55:32.4338231Z Requirement already satisfied: prometheus-client>=0.9 in /home/runner/micromamba/envs/tardis/lib/python3.12/site-packages (from jupyter-server<3,>=2.4.0->notebook>=4.4.1->widgetsnbextension~=3.6.5->ipywidgets>=7.0.0->qgridnext) (0.20.0)
2025-01-24T19:55:32.4350595Z Requirement already satisfied: pyzmq>=24 in /home/runner/micromamba/envs/tardis/lib/python3.12/site-packages (from jupyter-server<3,>=2.4.0->notebook>=4.4.1->widgetsnbextension~=3.6.5->ipywidgets>=7.0.0->qgridnext) (26.0.3)
2025-01-24T19:55:32.4360719Z Requirement already satisfied: send2trash>=1.8.2 in /home/runner/micromamba/envs/tardis/lib/python3.12/site-packages (from jupyter-server<3,>=2.4.0->notebook>=4.4.1->widgetsnbextension~=3.6.5->ipywidgets>=7.0.0->qgridnext) (1.8.3)
2025-01-24T19:55:32.4372274Z Requirement already satisfied: terminado>=0.8.3 in /home/runner/micromamba/envs/tardis/lib/python3.12/site-packages (from jupyter-server<3,>=2.4.0->notebook>=4.4.1->widgetsnbextension~=3.6.5->ipywidgets>=7.0.0->qgridnext) (0.18.1)
2025-01-24T19:55:32.4391568Z Requirement already satisfied: websocket-client>=1.7 in /home/runner/micromamba/envs/tardis/lib/python3.12/site-packages (from jupyter-server<3,>=2.4.0->notebook>=4.4.1->widgetsnbextension~=3.6.5->ipywidgets>=7.0.0->qgridnext) (1.8.0)
2025-01-24T19:55:32.4687756Z Requirement already satisfied: async-lru>=1.0.0 in /home/runner/micromamba/envs/tardis/lib/python3.12/site-packages (from jupyterlab<4.3,>=4.2.0->notebook>=4.4.1->widgetsnbextension~=3.6.5->ipywidgets>=7.0.0->qgridnext) (2.0.4)
2025-01-24T19:55:32.4702035Z Requirement already satisfied: httpx>=0.25.0 in /home/runner/micromamba/envs/tardis/lib/python3.12/site-packages (from jupyterlab<4.3,>=4.2.0->notebook>=4.4.1->widgetsnbextension~=3.6.5->ipywidgets>=7.0.0->qgridnext) (0.27.0)
2025-01-24T19:55:32.4714446Z Requirement already satisfied: ipykernel>=6.5.0 in /home/runner/micromamba/envs/tardis/lib/python3.12/site-packages (from jupyterlab<4.3,>=4.2.0->notebook>=4.4.1->widgetsnbextension~=3.6.5->ipywidgets>=7.0.0->qgridnext) (6.29.4)
2025-01-24T19:55:32.4728412Z Requirement already satisfied: jupyter-lsp>=2.0.0 in /home/runner/micromamba/envs/tardis/lib/python3.12/site-packages (from jupyterlab<4.3,>=4.2.0->notebook>=4.4.1->widgetsnbextension~=3.6.5->ipywidgets>=7.0.0->qgridnext) (2.2.5)
2025-01-24T19:55:32.4754407Z Requirement already satisfied: setuptools>=40.1.0 in /home/runner/micromamba/envs/tardis/lib/python3.12/site-packages (from jupyterlab<4.3,>=4.2.0->notebook>=4.4.1->widgetsnbextension~=3.6.5->ipywidgets>=7.0.0->qgridnext) (70.0.0)
2025-01-24T19:55:32.4944230Z Requirement already satisfied: babel>=2.10 in /home/runner/micromamba/envs/tardis/lib/python3.12/site-packages (from jupyterlab-server<3,>=2.27.1->notebook>=4.4.1->widgetsnbextension~=3.6.5->ipywidgets>=7.0.0->qgridnext) (2.14.0)
2025-01-24T19:55:32.4969530Z Requirement already satisfied: json5>=0.9.0 in /home/runner/micromamba/envs/tardis/lib/python3.12/site-packages (from jupyterlab-server<3,>=2.27.1->notebook>=4.4.1->widgetsnbextension~=3.6.5->ipywidgets>=7.0.0->qgridnext) (0.9.25)
2025-01-24T19:55:32.4980042Z Requirement already satisfied: jsonschema>=4.18.0 in /home/runner/micromamba/envs/tardis/lib/python3.12/site-packages (from jupyterlab-server<3,>=2.27.1->notebook>=4.4.1->widgetsnbextension~=3.6.5->ipywidgets>=7.0.0->qgridnext) (4.22.0)
2025-01-24T19:55:32.4998181Z Requirement already satisfied: requests>=2.31 in /home/runner/micromamba/envs/tardis/lib/python3.12/site-packages (from jupyterlab-server<3,>=2.27.1->notebook>=4.4.1->widgetsnbextension~=3.6.5->ipywidgets>=7.0.0->qgridnext) (2.32.3)
2025-01-24T19:55:32.5349388Z Requirement already satisfied: idna>=2.8 in /home/runner/micromamba/envs/tardis/lib/python3.12/site-packages (from anyio>=3.1.0->jupyter-server<3,>=2.4.0->notebook>=4.4.1->widgetsnbextension~=3.6.5->ipywidgets>=7.0.0->qgridnext) (3.7)
2025-01-24T19:55:32.5358166Z Requirement already satisfied: sniffio>=1.1 in /home/runner/micromamba/envs/tardis/lib/python3.12/site-packages (from anyio>=3.1.0->jupyter-server<3,>=2.4.0->notebook>=4.4.1->widgetsnbextension~=3.6.5->ipywidgets>=7.0.0->qgridnext) (1.3.1)
2025-01-24T19:55:32.5448824Z Requirement already satisfied: argon2-cffi-bindings in /home/runner/micromamba/envs/tardis/lib/python3.12/site-packages (from argon2-cffi>=21.1->jupyter-server<3,>=2.4.0->notebook>=4.4.1->widgetsnbextension~=3.6.5->ipywidgets>=7.0.0->qgridnext) (21.2.0)
2025-01-24T19:55:32.5616931Z Requirement already satisfied: certifi in /home/runner/micromamba/envs/tardis/lib/python3.12/site-packages (from httpx>=0.25.0->jupyterlab<4.3,>=4.2.0->notebook>=4.4.1->widgetsnbextension~=3.6.5->ipywidgets>=7.0.0->qgridnext) (2024.6.2)
2025-01-24T19:55:32.5631520Z Requirement already satisfied: httpcore==1.* in /home/runner/micromamba/envs/tardis/lib/python3.12/site-packages (from httpx>=0.25.0->jupyterlab<4.3,>=4.2.0->notebook>=4.4.1->widgetsnbextension~=3.6.5->ipywidgets>=7.0.0->qgridnext) (1.0.5)
2025-01-24T19:55:32.5708795Z Requirement already satisfied: h11<0.15,>=0.13 in /home/runner/micromamba/envs/tardis/lib/python3.12/site-packages (from httpcore==1.*->httpx>=0.25.0->jupyterlab<4.3,>=4.2.0->notebook>=4.4.1->widgetsnbextension~=3.6.5->ipywidgets>=7.0.0->qgridnext) (0.14.0)
2025-01-24T19:55:32.5890840Z Requirement already satisfied: debugpy>=1.6.5 in /home/runner/micromamba/envs/tardis/lib/python3.12/site-packages (from ipykernel>=6.5.0->jupyterlab<4.3,>=4.2.0->notebook>=4.4.1->widgetsnbextension~=3.6.5->ipywidgets>=7.0.0->qgridnext) (1.8.1)
2025-01-24T19:55:32.5911495Z Requirement already satisfied: nest-asyncio in /home/runner/micromamba/envs/tardis/lib/python3.12/site-packages (from ipykernel>=6.5.0->jupyterlab<4.3,>=4.2.0->notebook>=4.4.1->widgetsnbextension~=3.6.5->ipywidgets>=7.0.0->qgridnext) (1.6.0)
2025-01-24T19:55:32.5925813Z Requirement already satisfied: psutil in /home/runner/micromamba/envs/tardis/lib/python3.12/site-packages (from ipykernel>=6.5.0->jupyterlab<4.3,>=4.2.0->notebook>=4.4.1->widgetsnbextension~=3.6.5->ipywidgets>=7.0.0->qgridnext) (5.9.8)
2025-01-24T19:55:32.5988200Z Requirement already satisfied: MarkupSafe>=2.0 in /home/runner/micromamba/envs/tardis/lib/python3.12/site-packages (from jinja2>=3.0.3->jupyter-server<3,>=2.4.0->notebook>=4.4.1->widgetsnbextension~=3.6.5->ipywidgets>=7.0.0->qgridnext) (2.1.5)
2025-01-24T19:55:32.6177425Z Requirement already satisfied: attrs>=22.2.0 in /home/runner/micromamba/envs/tardis/lib/python3.12/site-packages (from jsonschema>=4.18.0->jupyterlab-server<3,>=2.27.1->notebook>=4.4.1->widgetsnbextension~=3.6.5->ipywidgets>=7.0.0->qgridnext) (23.2.0)
2025-01-24T19:55:32.6188906Z Requirement already satisfied: jsonschema-specifications>=2023.03.6 in /home/runner/micromamba/envs/tardis/lib/python3.12/site-packages (from jsonschema>=4.18.0->jupyterlab-server<3,>=2.27.1->notebook>=4.4.1->widgetsnbextension~=3.6.5->ipywidgets>=7.0.0->qgridnext) (2023.12.1)
2025-01-24T19:55:32.6201490Z Requirement already satisfied: referencing>=0.28.4 in /home/runner/micromamba/envs/tardis/lib/python3.12/site-packages (from jsonschema>=4.18.0->jupyterlab-server<3,>=2.27.1->notebook>=4.4.1->widgetsnbextension~=3.6.5->ipywidgets>=7.0.0->qgridnext) (0.35.1)
2025-01-24T19:55:32.6215191Z Requirement already satisfied: rpds-py>=0.7.1 in /home/runner/micromamba/envs/tardis/lib/python3.12/site-packages (from jsonschema>=4.18.0->jupyterlab-server<3,>=2.27.1->notebook>=4.4.1->widgetsnbextension~=3.6.5->ipywidgets>=7.0.0->qgridnext) (0.18.1)
2025-01-24T19:55:32.6656076Z Requirement already satisfied: platformdirs>=2.5 in /home/runner/micromamba/envs/tardis/lib/python3.12/site-packages (from jupyter-core!=5.0.*,>=4.12->jupyter-server<3,>=2.4.0->notebook>=4.4.1->widgetsnbextension~=3.6.5->ipywidgets>=7.0.0->qgridnext) (4.2.2)
2025-01-24T19:55:32.6816274Z Requirement already satisfied: python-json-logger>=2.0.4 in /home/runner/micromamba/envs/tardis/lib/python3.12/site-packages (from jupyter-events>=0.9.0->jupyter-server<3,>=2.4.0->notebook>=4.4.1->widgetsnbextension~=3.6.5->ipywidgets>=7.0.0->qgridnext) (2.0.7)
2025-01-24T19:55:32.6825126Z Requirement already satisfied: pyyaml>=5.3 in /home/runner/micromamba/envs/tardis/lib/python3.12/site-packages (from jupyter-events>=0.9.0->jupyter-server<3,>=2.4.0->notebook>=4.4.1->widgetsnbextension~=3.6.5->ipywidgets>=7.0.0->qgridnext) (6.0.1)
2025-01-24T19:55:32.6835847Z Requirement already satisfied: rfc3339-validator in /home/runner/micromamba/envs/tardis/lib/python3.12/site-packages (from jupyter-events>=0.9.0->jupyter-server<3,>=2.4.0->notebook>=4.4.1->widgetsnbextension~=3.6.5->ipywidgets>=7.0.0->qgridnext) (0.1.4)
2025-01-24T19:55:32.6845077Z Requirement already satisfied: rfc3986-validator>=0.1.1 in /home/runner/micromamba/envs/tardis/lib/python3.12/site-packages (from jupyter-events>=0.9.0->jupyter-server<3,>=2.4.0->notebook>=4.4.1->widgetsnbextension~=3.6.5->ipywidgets>=7.0.0->qgridnext) (0.1.1)
2025-01-24T19:55:32.7278256Z Requirement already satisfied: beautifulsoup4 in /home/runner/micromamba/envs/tardis/lib/python3.12/site-packages (from nbconvert>=6.4.4->jupyter-server<3,>=2.4.0->notebook>=4.4.1->widgetsnbextension~=3.6.5->ipywidgets>=7.0.0->qgridnext) (4.12.3)
2025-01-24T19:55:32.7297206Z Requirement already satisfied: bleach!=5.0.0 in /home/runner/micromamba/envs/tardis/lib/python3.12/site-packages (from nbconvert>=6.4.4->jupyter-server<3,>=2.4.0->notebook>=4.4.1->widgetsnbextension~=3.6.5->ipywidgets>=7.0.0->qgridnext) (6.1.0)
2025-01-24T19:55:32.7311183Z Requirement already satisfied: defusedxml in /home/runner/micromamba/envs/tardis/lib/python3.12/site-packages (from nbconvert>=6.4.4->jupyter-server<3,>=2.4.0->notebook>=4.4.1->widgetsnbextension~=3.6.5->ipywidgets>=7.0.0->qgridnext) (0.7.1)
2025-01-24T19:55:32.7325525Z Requirement already satisfied: jupyterlab-pygments in /home/runner/micromamba/envs/tardis/lib/python3.12/site-packages (from nbconvert>=6.4.4->jupyter-server<3,>=2.4.0->notebook>=4.4.1->widgetsnbextension~=3.6.5->ipywidgets>=7.0.0->qgridnext) (0.3.0)
2025-01-24T19:55:32.7336753Z Requirement already satisfied: mistune<4,>=2.0.3 in /home/runner/micromamba/envs/tardis/lib/python3.12/site-packages (from nbconvert>=6.4.4->jupyter-server<3,>=2.4.0->notebook>=4.4.1->widgetsnbextension~=3.6.5->ipywidgets>=7.0.0->qgridnext) (3.0.2)
2025-01-24T19:55:32.7348587Z Requirement already satisfied: nbclient>=0.5.0 in /home/runner/micromamba/envs/tardis/lib/python3.12/site-packages (from nbconvert>=6.4.4->jupyter-server<3,>=2.4.0->notebook>=4.4.1->widgetsnbextension~=3.6.5->ipywidgets>=7.0.0->qgridnext) (0.10.0)
2025-01-24T19:55:32.7364810Z Requirement already satisfied: pandocfilters>=1.4.1 in /home/runner/micromamba/envs/tardis/lib/python3.12/site-packages (from nbconvert>=6.4.4->jupyter-server<3,>=2.4.0->notebook>=4.4.1->widgetsnbextension~=3.6.5->ipywidgets>=7.0.0->qgridnext) (1.5.0)
2025-01-24T19:55:32.7374806Z Requirement already satisfied: tinycss2 in /home/runner/micromamba/envs/tardis/lib/python3.12/site-packages (from nbconvert>=6.4.4->jupyter-server<3,>=2.4.0->notebook>=4.4.1->widgetsnbextension~=3.6.5->ipywidgets>=7.0.0->qgridnext) (1.3.0)
2025-01-24T19:55:32.7490239Z Requirement already satisfied: fastjsonschema>=2.15 in /home/runner/micromamba/envs/tardis/lib/python3.12/site-packages (from nbformat>=5.3.0->jupyter-server<3,>=2.4.0->notebook>=4.4.1->widgetsnbextension~=3.6.5->ipywidgets>=7.0.0->qgridnext) (2.20.0)
2025-01-24T19:55:32.7792586Z Requirement already satisfied: charset-normalizer<4,>=2 in /home/runner/micromamba/envs/tardis/lib/python3.12/site-packages (from requests>=2.31->jupyterlab-server<3,>=2.27.1->notebook>=4.4.1->widgetsnbextension~=3.6.5->ipywidgets>=7.0.0->qgridnext) (3.3.2)
2025-01-24T19:55:32.7806292Z Requirement already satisfied: urllib3<3,>=1.21.1 in /home/runner/micromamba/envs/tardis/lib/python3.12/site-packages (from requests>=2.31->jupyterlab-server<3,>=2.27.1->notebook>=4.4.1->widgetsnbextension~=3.6.5->ipywidgets>=7.0.0->qgridnext) (2.2.2)
2025-01-24T19:55:32.8584758Z Requirement already satisfied: webencodings in /home/runner/micromamba/envs/tardis/lib/python3.12/site-packages (from bleach!=5.0.0->nbconvert>=6.4.4->jupyter-server<3,>=2.4.0->notebook>=4.4.1->widgetsnbextension~=3.6.5->ipywidgets>=7.0.0->qgridnext) (0.5.1)
2025-01-24T19:55:32.9155820Z Requirement already satisfied: fqdn in /home/runner/micromamba/envs/tardis/lib/python3.12/site-packages (from jsonschema[format-nongpl]>=4.18.0->jupyter-events>=0.9.0->jupyter-server<3,>=2.4.0->notebook>=4.4.1->widgetsnbextension~=3.6.5->ipywidgets>=7.0.0->qgridnext) (1.5.1)
2025-01-24T19:55:32.9173384Z Requirement already satisfied: isoduration in /home/runner/micromamba/envs/tardis/lib/python3.12/site-packages (from jsonschema[format-nongpl]>=4.18.0->jupyter-events>=0.9.0->jupyter-server<3,>=2.4.0->notebook>=4.4.1->widgetsnbextension~=3.6.5->ipywidgets>=7.0.0->qgridnext) (20.11.0)
2025-01-24T19:55:32.9187291Z Requirement already satisfied: jsonpointer>1.13 in /home/runner/micromamba/envs/tardis/lib/python3.12/site-packages (from jsonschema[format-nongpl]>=4.18.0->jupyter-events>=0.9.0->jupyter-server<3,>=2.4.0->notebook>=4.4.1->widgetsnbextension~=3.6.5->ipywidgets>=7.0.0->qgridnext) (3.0.0)
2025-01-24T19:55:32.9203572Z Requirement already satisfied: uri-template in /home/runner/micromamba/envs/tardis/lib/python3.12/site-packages (from jsonschema[format-nongpl]>=4.18.0->jupyter-events>=0.9.0->jupyter-server<3,>=2.4.0->notebook>=4.4.1->widgetsnbextension~=3.6.5->ipywidgets>=7.0.0->qgridnext) (1.3.0)
2025-01-24T19:55:32.9217867Z Requirement already satisfied: webcolors>=1.11 in /home/runner/micromamba/envs/tardis/lib/python3.12/site-packages (from jsonschema[format-nongpl]>=4.18.0->jupyter-events>=0.9.0->jupyter-server<3,>=2.4.0->notebook>=4.4.1->widgetsnbextension~=3.6.5->ipywidgets>=7.0.0->qgridnext) (24.6.0)
2025-01-24T19:55:33.0258287Z Requirement already satisfied: cffi>=1.0.1 in /home/runner/micromamba/envs/tardis/lib/python3.12/site-packages (from argon2-cffi-bindings->argon2-cffi>=21.1->jupyter-server<3,>=2.4.0->notebook>=4.4.1->widgetsnbextension~=3.6.5->ipywidgets>=7.0.0->qgridnext) (1.16.0)
2025-01-24T19:55:33.0354480Z Requirement already satisfied: soupsieve>1.2 in /home/runner/micromamba/envs/tardis/lib/python3.12/site-packages (from beautifulsoup4->nbconvert>=6.4.4->jupyter-server<3,>=2.4.0->notebook>=4.4.1->widgetsnbextension~=3.6.5->ipywidgets>=7.0.0->qgridnext) (2.5)
2025-01-24T19:55:33.0879963Z Requirement already satisfied: pycparser in /home/runner/micromamba/envs/tardis/lib/python3.12/site-packages (from cffi>=1.0.1->argon2-cffi-bindings->argon2-cffi>=21.1->jupyter-server<3,>=2.4.0->notebook>=4.4.1->widgetsnbextension~=3.6.5->ipywidgets>=7.0.0->qgridnext) (2.22)
2025-01-24T19:55:33.1377604Z Requirement already satisfied: arrow>=0.15.0 in /home/runner/micromamba/envs/tardis/lib/python3.12/site-packages (from isoduration->jsonschema[format-nongpl]>=4.18.0->jupyter-events>=0.9.0->jupyter-server<3,>=2.4.0->notebook>=4.4.1->widgetsnbextension~=3.6.5->ipywidgets>=7.0.0->qgridnext) (1.3.0)
2025-01-24T19:55:33.1673688Z Requirement already satisfied: types-python-dateutil>=2.8.10 in /home/runner/micromamba/envs/tardis/lib/python3.12/site-packages (from arrow>=0.15.0->isoduration->jsonschema[format-nongpl]>=4.18.0->jupyter-events>=0.9.0->jupyter-server<3,>=2.4.0->notebook>=4.4.1->widgetsnbextension~=3.6.5->ipywidgets>=7.0.0->qgridnext) (2.9.0.20240316)
2025-01-24T19:55:33.1935501Z Downloading qgridnext-2.0.4-py3-none-any.whl (1.3 MB)
2025-01-24T19:55:33.2279930Z    ━━━━━━━━━━━━━━━━━━━━━━━━━━━━━━━━━━━━━━━━ 1.3/1.3 MB 39.3 MB/s eta 0:00:00
2025-01-24T19:55:34.0262590Z Installing collected packages: qgridnext
2025-01-24T19:55:34.0957416Z Successfully installed qgridnext-2.0.4
2025-01-24T19:55:34.2860990Z ##[group]Run pytest tardis --tardis-regression-data=/home/runner/work/tardis/tardis/tardis-regression-data --cov=tardis --cov-report=xml --cov-report=html --cov-append -m "not continuum"
2025-01-24T19:55:34.2863277Z [36;1mpytest tardis --tardis-regression-data=/home/runner/work/tardis/tardis/tardis-regression-data --cov=tardis --cov-report=xml --cov-report=html --cov-append -m "not continuum"[0m
2025-01-24T19:55:34.2901039Z shell: /usr/bin/bash -l {0}
2025-01-24T19:55:34.2901299Z env:
2025-01-24T19:55:34.2901476Z   CACHE_NUMBER: 0
2025-01-24T19:55:34.2902107Z   PYTEST_FLAGS: --tardis-regression-data=/home/runner/work/tardis/tardis/tardis-regression-data --cov=tardis --cov-report=xml --cov-report=html --cov-append
2025-01-24T19:55:34.2903146Z   CODECOV_TOKEN: ***
2025-01-24T19:55:34.2903399Z   MAMBA_ROOT_PREFIX: /home/runner/micromamba
2025-01-24T19:55:34.2903714Z   MAMBA_EXE: /home/runner/micromamba-bin/micromamba
2025-01-24T19:55:34.2904349Z   CONDARC: /home/runner/work/_temp/setup-micromamba/.condarc
2025-01-24T19:55:34.2904667Z ##[endgroup]
2025-01-24T19:55:42.7588891Z ============================= test session starts ==============================
2025-01-24T19:55:42.7589586Z platform linux -- Python 3.12.4, pytest-8.2.2, pluggy-1.5.0
2025-01-24T19:55:42.7590186Z rootdir: /home/runner/work/tardis/tardis
2025-01-24T19:55:42.7590677Z configfile: pyproject.toml
2025-01-24T19:55:42.7591287Z plugins: anyio-4.4.0, doctestplus-1.2.1, html-4.1.1, metadata-3.1.1, cov-5.0.0
2025-01-24T19:55:42.7591984Z collected 1796 items / 2 deselected / 1794 selected
2025-01-24T19:55:42.7592322Z 
2025-01-24T19:55:47.7070537Z tardis/energy_input/tests/test_energy_source.py ..xxx                    [  0%]
2025-01-24T19:55:50.7775078Z tardis/energy_input/tests/test_gamma_ray_channel.py ...........          [  0%]
2025-01-24T19:55:52.3906095Z tardis/energy_input/tests/test_gamma_ray_grid.py xx.                     [  1%]
2025-01-24T19:55:54.1595923Z tardis/energy_input/tests/test_gamma_ray_interactions.py xx....          [  1%]
2025-01-24T19:55:54.1736727Z tardis/energy_input/tests/test_gamma_ray_packet_source.py sssssssss      [  1%]
2025-01-24T19:55:55.4599740Z tardis/energy_input/tests/test_util.py .....xxxx.....                    [  2%]
2025-01-24T19:55:55.8010228Z tardis/grid/tests/test_grid.py .                                         [  2%]
2025-01-24T19:55:55.8025534Z tardis/gui/tests/test_gui.py s                                           [  2%]
2025-01-24T19:55:59.3188138Z tardis/io/configuration/tests/test_config_reader.py ...........          [  3%]
2025-01-24T19:55:59.3314784Z tardis/io/configuration/tests/test_configuration_namespace.py .........  [  3%]
2025-01-24T19:55:59.3585772Z tardis/io/logger/tests/test_logging.py ssssssssssssssssssssssssssss      [  5%]
2025-01-24T19:56:38.8057135Z tardis/io/model/readers/tests/test_arepo_parser.py ..                    [  5%]
2025-01-24T19:56:38.8210298Z tardis/io/model/readers/tests/test_ascii_readers.py ...                  [  5%]
2025-01-24T19:56:38.8324678Z tardis/io/model/readers/tests/test_cmfgen_reader.py ..                   [  5%]
2025-01-24T19:56:38.8669804Z tardis/io/model/readers/tests/test_csvy_reader.py ....                   [  6%]
2025-01-24T19:56:38.8907731Z tardis/io/model/readers/tests/test_stella_reader.py ..                   [  6%]
2025-01-24T19:56:39.2135156Z tardis/io/tests/test_HDFWriter.py ...............                        [  7%]
2025-01-24T19:56:39.5451309Z tardis/io/tests/test_atomic.py .....                                     [  7%]
2025-01-24T19:56:39.5649212Z tardis/io/tests/test_decay.py ..                                         [  7%]
2025-01-24T19:56:39.7635610Z tardis/io/tests/test_model_reader.py ......                              [  7%]
2025-01-24T19:56:39.7704299Z tardis/model/geometry/tests/test_radial1d.py ..                          [  7%]
2025-01-24T19:57:39.5849192Z tardis/model/tests/test_base.py ........................................ [ 10%]
2025-01-24T19:57:40.5921727Z ............                                                             [ 10%]
2025-01-24T19:57:43.7020546Z tardis/model/tests/test_csvy_model.py .........                          [ 11%]
2025-01-24T19:57:43.7521754Z tardis/model/tests/test_density.py ..                                    [ 11%]
2025-01-24T19:57:45.1013291Z tardis/opacities/tests/test_opacity_solver.py .....                      [ 11%]
2025-01-24T19:57:46.4453516Z tardis/opacities/tests/test_opacity_state_numba.py .....                 [ 11%]
2025-01-24T19:57:48.0999570Z tardis/opacities/tests/test_tau_sobolev.py ..                            [ 12%]
2025-01-24T19:57:51.2166967Z tardis/plasma/equilibrium/tests/test_collisional_transitions.py ...      [ 12%]
2025-01-24T19:58:37.7422893Z tardis/plasma/equilibrium/tests/test_level_populations.py ....           [ 12%]
2025-01-24T19:58:49.4998932Z tardis/plasma/equilibrium/tests/test_rate_matrix.py .                    [ 12%]
2025-01-24T19:58:50.9733078Z tardis/plasma/tests/test_complete_plasmas.py .....................s..... [ 13%]
2025-01-24T19:58:54.0393774Z s....ssssss............s............ss.....s....ssssss............s..... [ 18%]
2025-01-24T19:58:56.1567458Z .......ss.....s....ssssss............s............ss.....s....ssssss.... [ 22%]
2025-01-24T19:58:59.1692318Z ........s............ss.....s........ss............s............ss.....s [ 26%]
2025-01-24T19:59:02.1521955Z ........ss............s............ss.....s....ssssss............s...... [ 30%]
2025-01-24T19:59:02.9106551Z ......ss.....s....ssssss............s............ss.....s.ss.ssssss..... [ 34%]
2025-01-24T19:59:05.8341175Z .......s............ss.....s....ssssss............s............ss.....s. [ 38%]
2025-01-24T19:59:09.0666795Z ...ssssss............s............ss.....s....ssssss............s....... [ 42%]
2025-01-24T19:59:12.1987856Z .....ss.....s....ssssss............s............s...........ssssss...... [ 46%]
2025-01-24T19:59:14.0801004Z ......s............s...........ssssss............s............s......... [ 50%]
2025-01-24T19:59:17.0162914Z ..ssssss............s............ss.....s....ssssss............s........ [ 54%]
2025-01-24T19:59:20.5830159Z ....ss.....s....ssssss..........................s.....s....ssss......... [ 58%]
2025-01-24T19:59:20.9134059Z ...................s.....s....ssss.......                                [ 60%]
2025-01-24T19:59:21.0284923Z tardis/plasma/tests/test_hdf_plasma.py ................................. [ 62%]
2025-01-24T19:59:21.0404354Z ......                                                                   [ 62%]
2025-01-24T19:59:21.1792996Z tardis/plasma/tests/test_nlte_excitation.py ...                          [ 62%]
2025-01-24T20:01:39.8368698Z tardis/plasma/tests/test_nlte_solver.py .....X                           [ 63%]
2025-01-24T20:01:39.8394651Z tardis/plasma/tests/test_plasma_continuum.py .                           [ 63%]
2025-01-24T20:02:03.7390355Z tardis/plasma/tests/test_plasma_vboundary.py .............               [ 63%]
2025-01-24T20:02:17.2630071Z tardis/plasma/tests/test_tardis_model_density_config.py ...              [ 64%]
2025-01-24T20:02:18.0354419Z tardis/simulation/tests/test_convergence.py .....                        [ 64%]
2025-01-24T20:02:26.7938560Z tardis/simulation/tests/test_simulation.py .............                 [ 65%]
2025-01-24T20:02:26.8131896Z tardis/spectrum/tests/test_cuda_formal_integral.py sssssssssssssssssssss [ 66%]
2025-01-24T20:02:27.2860007Z ssss...ssssssssssssssssssssss                                            [ 67%]
2025-01-24T20:02:27.2932791Z tardis/spectrum/tests/test_luminosity.py ....                            [ 68%]
2025-01-24T20:02:28.9218874Z tardis/spectrum/tests/test_numba_formal_integral.py .................... [ 69%]
2025-01-24T20:02:28.9414383Z ..........                                                               [ 69%]
2025-01-24T20:02:29.1165446Z tardis/spectrum/tests/test_spectrum.py ................................. [ 71%]
2025-01-24T20:02:29.1495195Z .........                                                                [ 72%]
2025-01-24T20:02:48.6402497Z tardis/spectrum/tests/test_spectrum_solver.py ....                       [ 72%]
2025-01-24T20:03:51.4690729Z tardis/tests/test_tardis_full.py ....                                    [ 72%]
2025-01-24T20:05:16.5407993Z tardis/tests/test_tardis_full_formal_integral.py ................        [ 73%]
2025-01-24T20:05:16.6165119Z tardis/tests/test_util.py .............................................  [ 75%]
2025-01-24T20:05:19.2799120Z tardis/transport/montecarlo/tests/test_base.py x.....................    [ 77%]
2025-01-24T20:05:27.0303661Z tardis/transport/montecarlo/tests/test_interaction.py .......            [ 77%]
2025-01-24T20:05:27.2581221Z tardis/transport/montecarlo/tests/test_macro_atom.py ....                [ 77%]
2025-01-24T20:05:27.2755026Z tardis/transport/montecarlo/tests/test_montecarlo.py sssssssssssssssssss [ 78%]
2025-01-24T20:05:27.3176701Z sssssssssssssssssssssssssssssssssssssssssssss                            [ 81%]
2025-01-24T20:05:36.3428586Z tardis/transport/montecarlo/tests/test_montecarlo_main_loop.py x..       [ 81%]
2025-01-24T20:05:36.3496688Z tardis/transport/montecarlo/tests/test_nonhomologous.py ...              [ 81%]
2025-01-24T20:05:42.1852103Z tardis/transport/montecarlo/tests/test_numba_interface.py .....x.        [ 82%]
2025-01-24T20:05:42.6741974Z tardis/transport/montecarlo/tests/test_opacities.py ...............      [ 82%]
2025-01-24T20:05:44.2454836Z tardis/transport/montecarlo/tests/test_packet.py .................xXXXXX [ 84%]
2025-01-24T20:05:44.3794901Z XX.........                                                              [ 84%]
2025-01-24T20:05:44.4080191Z tardis/transport/montecarlo/tests/test_packet_source.py ........         [ 85%]
2025-01-24T20:05:44.7336949Z tardis/transport/montecarlo/tests/test_rpacket_last_interaction_tracker.py . [ 85%]
2025-01-24T20:05:45.1610049Z .....                                                                    [ 85%]
2025-01-24T20:06:20.4030124Z tardis/transport/montecarlo/tests/test_rpacket_tracker.py ......         [ 85%]
2025-01-24T20:06:20.4311847Z tardis/transport/montecarlo/tests/test_single_packet_loop.py xxx         [ 86%]
2025-01-24T20:06:20.4343089Z tardis/transport/montecarlo/tests/test_tracker_utils.py ..               [ 86%]
2025-01-24T20:06:22.8425926Z tardis/transport/montecarlo/tests/test_vpacket.py ..x.                   [ 86%]
2025-01-24T20:06:22.8597832Z tardis/transport/montecarlo/tests/test_weighted_packet_source.py ....    [ 86%]
2025-01-24T20:06:26.2939243Z tardis/transport/montecarlo/tests/test_weighted_packet_source_integration.py . [ 86%]
2025-01-24T20:06:26.2940906Z                                                                          [ 86%]
2025-01-24T20:06:27.0523317Z tardis/transport/tests/test_doppler_factor.py ..................         [ 87%]
2025-01-24T20:06:28.3924858Z tardis/visualization/tools/tests/test_convergence_plot.py .............. [ 88%]
2025-01-24T20:06:30.6641318Z ......                                                                   [ 88%]
2025-01-24T20:06:35.4853218Z tardis/visualization/tools/tests/test_liv_plot.py ...................... [ 90%]
2025-01-24T20:06:38.6365529Z .............................                                            [ 91%]
2025-01-24T20:06:41.4975329Z tardis/visualization/tools/tests/test_rpacket_plot.py .................. [ 92%]
2025-01-24T20:06:48.5023537Z ....                                                                     [ 92%]
2025-01-24T20:06:54.5399814Z tardis/visualization/tools/tests/test_sdec_plot.py ..................... [ 94%]
2025-01-24T20:07:02.1845323Z ..............................                                           [ 95%]
2025-01-24T20:07:02.6181751Z tardis/visualization/widgets/tests/test_custom_abundance.py ........ss.. [ 96%]
2025-01-24T20:07:02.6895265Z ....                                                                     [ 96%]
2025-01-24T20:07:03.7452797Z tardis/visualization/widgets/tests/test_line_info.py ................... [ 97%]
2025-01-24T20:07:04.3720656Z ..................                                                       [ 98%]
2025-01-24T20:08:08.0872984Z tardis/visualization/widgets/tests/test_shell_info.py .................. [ 99%]
2025-01-24T20:08:15.3626197Z ......                                                                   [100%]
2025-01-24T20:08:15.3626873Z 
2025-01-24T20:08:15.3627096Z =============================== warnings summary ===============================
2025-01-24T20:08:15.3627756Z tardis/io/configuration/config_validator.py:6
2025-01-24T20:08:15.3628441Z tardis/io/configuration/config_validator.py:6
2025-01-24T20:08:15.3629520Z   /home/runner/work/tardis/tardis/tardis/io/configuration/config_validator.py:6: DeprecationWarning:
2025-01-24T20:08:15.3630538Z   
2025-01-24T20:08:15.3633187Z   jsonschema.RefResolver is deprecated as of v4.18.0, in favor of the https://github.com/python-jsonschema/referencing library, which provides more compliant referencing behavior as well as more flexible APIs for customization. A future release will remove RefResolver. Please file a feature request (on referencing) if you are missing an API for the kind of customization you need.
2025-01-24T20:08:15.3635103Z 
2025-01-24T20:08:15.3646904Z ../../../micromamba/envs/tardis/lib/python3.12/site-packages/jupyter_client/connect.py:22
2025-01-24T20:08:15.3648097Z   /home/runner/micromamba/envs/tardis/lib/python3.12/site-packages/jupyter_client/connect.py:22: DeprecationWarning:
2025-01-24T20:08:15.3648886Z   
2025-01-24T20:08:15.3649240Z   Jupyter is migrating its paths to use standard platformdirs
2025-01-24T20:08:15.3649813Z   given by the platformdirs library.  To remove this warning and
2025-01-24T20:08:15.3650468Z   see the appropriate new directories, set the environment variable
2025-01-24T20:08:15.3651110Z   `JUPYTER_PLATFORM_DIRS=1` and then run `jupyter --paths`.
2025-01-24T20:08:15.3651739Z   The use of platformdirs will be the default in `jupyter_core` v6
2025-01-24T20:08:15.3652144Z 
2025-01-24T20:08:15.3657022Z tardis/io/tests/test_HDFWriter.py::test_multi_index_write
2025-01-24T20:08:15.3657833Z tardis/visualization/widgets/tests/test_shell_info.py::TestHDFShellInfo::test_shells_data
2025-01-24T20:08:15.3658710Z   /home/runner/work/tardis/tardis/tardis/io/util.py:276: PerformanceWarning:
2025-01-24T20:08:15.3659271Z   
2025-01-24T20:08:15.3659520Z   
2025-01-24T20:08:15.3659968Z   your performance may suffer as PyTables will pickle object types that it cannot
2025-01-24T20:08:15.3660857Z   map directly to c-types [inferred_type->mixed,key->block0_values] [items->Index([0], dtype='int64')]
2025-01-24T20:08:15.3661473Z 
2025-01-24T20:08:15.3661789Z tardis/io/tests/test_model_reader.py::test_read_cmfgen_isotope_abundances
2025-01-24T20:08:15.3662556Z tardis/plasma/tests/test_tardis_model_density_config.py::test_electron_densities
2025-01-24T20:08:15.3663398Z tardis/plasma/tests/test_tardis_model_density_config.py::test_isotope_number_densities
2025-01-24T20:08:15.3664419Z tardis/plasma/tests/test_tardis_model_density_config.py::test_t_rad
2025-01-24T20:08:15.3665330Z   /home/runner/work/tardis/tardis/tardis/io/model/readers/cmfgen_deprecated.py:82: DeprecationWarning:
2025-01-24T20:08:15.3666054Z   
2025-01-24T20:08:15.3666353Z   The current CMFGEN model parser is deprecated
2025-01-24T20:08:15.3666642Z 
2025-01-24T20:08:15.3666826Z tardis/io/tests/test_model_reader.py: 1 warning
2025-01-24T20:08:15.3667385Z tardis/plasma/tests/test_tardis_model_density_config.py: 9 warnings
2025-01-24T20:08:15.3668295Z   /home/runner/work/tardis/tardis/tardis/io/model/readers/cmfgen_deprecated.py:40: DeprecationWarning:
2025-01-24T20:08:15.3669017Z   
2025-01-24T20:08:15.3669304Z   The current CMFGEN model parser is deprecated
2025-01-24T20:08:15.3669593Z 
2025-01-24T20:08:15.3669911Z tardis/model/tests/test_base.py::TestModelFromPaper1Config::test_abundances
2025-01-24T20:08:15.3670907Z   /home/runner/work/tardis/tardis/tardis/transport/montecarlo/montecarlo_main_loop.py:123: NumbaTypeSafetyWarning:
2025-01-24T20:08:15.3671701Z   
2025-01-24T20:08:15.3672714Z   [1m[1m[1munsafe cast from uint64 to int64. Precision may be lost.[0m[0m[0m
2025-01-24T20:08:15.3673146Z 
2025-01-24T20:08:15.3673293Z tardis/model/tests/test_base.py: 6 warnings
2025-01-24T20:08:15.3673734Z tardis/model/tests/test_csvy_model.py: 2 warnings
2025-01-24T20:08:15.3674464Z tardis/plasma/tests/test_tardis_model_density_config.py: 3 warnings
2025-01-24T20:08:15.3675483Z   /home/runner/work/tardis/tardis/tardis/model/geometry/radial1d.py:50: DeprecationWarning:
2025-01-24T20:08:15.3676127Z   
2025-01-24T20:08:15.3676415Z   v_inner_boundary < 0, assuming default value
2025-01-24T20:08:15.3676698Z 
2025-01-24T20:08:15.3676850Z tardis/model/tests/test_base.py: 6 warnings
2025-01-24T20:08:15.3677290Z tardis/model/tests/test_csvy_model.py: 2 warnings
2025-01-24T20:08:15.3677855Z tardis/plasma/tests/test_tardis_model_density_config.py: 3 warnings
2025-01-24T20:08:15.3678703Z   /home/runner/work/tardis/tardis/tardis/model/geometry/radial1d.py:61: DeprecationWarning:
2025-01-24T20:08:15.3679346Z   
2025-01-24T20:08:15.3679641Z   v_outer_boundary < 0, assuming default value
2025-01-24T20:08:15.3679930Z 
2025-01-24T20:08:15.3680671Z tardis/plasma/equilibrium/tests/test_level_populations.py::TestLevelPopulationSolver::test_solve[collisional_rate_solver0-radiative_transitions0]
2025-01-24T20:08:15.3682036Z   /home/runner/work/tardis/tardis/tardis/plasma/equilibrium/level_populations.py:65: FutureWarning:
2025-01-24T20:08:15.3682774Z   
2025-01-24T20:08:15.3683327Z   A value is trying to be set on a copy of a DataFrame or Series through chained assignment using an inplace method.
2025-01-24T20:08:15.3684734Z   The behavior will change in pandas 3.0. This inplace method will never work because the intermediate object on which we are setting values always behaves as a copy.
2025-01-24T20:08:15.3685649Z   
2025-01-24T20:08:15.3686580Z   For example, when doing 'df[col].method(value, inplace=True)', try using 'df.method({col: value}, inplace=True)' or df[col] = df[col].method(value) instead, to perform the operation inplace on the original object.
2025-01-24T20:08:15.3687520Z 
2025-01-24T20:08:15.3687756Z tardis/plasma/tests/test_complete_plasmas.py: 20 warnings
2025-01-24T20:08:15.3688536Z   /home/runner/work/tardis/tardis/tardis/plasma/tests/test_complete_plasmas.py:197: UserWarning:
2025-01-24T20:08:15.3689225Z   
2025-01-24T20:08:15.3689477Z   Property "atomic_mass" not found
2025-01-24T20:08:15.3689717Z 
2025-01-24T20:08:15.3690380Z tardis/plasma/tests/test_complete_plasmas.py::TestPlasma::test_plasma_properties[radiative_rates_type:detailed-w_epsilon:1e-10-j_blues_norm_factor]
2025-01-24T20:08:15.3691804Z tardis/plasma/tests/test_complete_plasmas.py::TestPlasma::test_plasma_properties[radiative_rates_type:detailed-j_blues_norm_factor]
2025-01-24T20:08:15.3692993Z   /home/runner/work/tardis/tardis/tardis/plasma/tests/test_complete_plasmas.py:197: UserWarning:
2025-01-24T20:08:15.3693692Z   
2025-01-24T20:08:15.3694132Z   Property "j_blues_norm_factor" not found
2025-01-24T20:08:15.3694413Z 
2025-01-24T20:08:15.3695087Z tardis/plasma/tests/test_complete_plasmas.py::TestPlasma::test_plasma_properties[radiative_rates_type:detailed-w_epsilon:1e-10-j_blue_estimator]
2025-01-24T20:08:15.3696458Z tardis/plasma/tests/test_complete_plasmas.py::TestPlasma::test_plasma_properties[radiative_rates_type:detailed-j_blue_estimator]
2025-01-24T20:08:15.3697623Z   /home/runner/work/tardis/tardis/tardis/plasma/tests/test_complete_plasmas.py:197: UserWarning:
2025-01-24T20:08:15.3698289Z   
2025-01-24T20:08:15.3698558Z   Property "j_blue_estimator" not found
2025-01-24T20:08:15.3698836Z 
2025-01-24T20:08:15.3699440Z tardis/plasma/tests/test_complete_plasmas.py::TestPlasma::test_plasma_properties[radiative_rates_type:detailed-w_epsilon:1e-10-volume]
2025-01-24T20:08:15.3700733Z tardis/plasma/tests/test_complete_plasmas.py::TestPlasma::test_plasma_properties[radiative_rates_type:detailed-volume]
2025-01-24T20:08:15.3701835Z   /home/runner/work/tardis/tardis/tardis/plasma/tests/test_complete_plasmas.py:197: UserWarning:
2025-01-24T20:08:15.3702486Z   
2025-01-24T20:08:15.3702926Z   Property "volume" not found
2025-01-24T20:08:15.3703154Z 
2025-01-24T20:08:15.3703784Z tardis/plasma/tests/test_complete_plasmas.py::TestPlasma::test_plasma_properties[radiative_rates_type:detailed-w_epsilon:1e-10-r_inner]
2025-01-24T20:08:15.3705502Z tardis/plasma/tests/test_complete_plasmas.py::TestPlasma::test_plasma_properties[radiative_rates_type:detailed-r_inner]
2025-01-24T20:08:15.3706582Z   /home/runner/work/tardis/tardis/tardis/plasma/tests/test_complete_plasmas.py:197: UserWarning:
2025-01-24T20:08:15.3707234Z   
2025-01-24T20:08:15.3707495Z   Property "r_inner" not found
2025-01-24T20:08:15.3707716Z 
2025-01-24T20:08:15.3708030Z tardis/plasma/tests/test_plasma_vboundary.py::test_plasma_vboundary[2900-3750]
2025-01-24T20:08:15.3708775Z tardis/plasma/tests/test_plasma_vboundary.py::test_plasma_vboundary[2900-3850]
2025-01-24T20:08:15.3709510Z tardis/plasma/tests/test_plasma_vboundary.py::test_plasma_vboundary[2900-3900]
2025-01-24T20:08:15.3710314Z   /home/runner/work/tardis/tardis/tardis/model/geometry/radial1d.py:71: UserWarning:
2025-01-24T20:08:15.3710927Z   
2025-01-24T20:08:15.3711380Z   Requesting inner boundary below inner shell. Extrapolating the inner cell
2025-01-24T20:08:15.3711821Z 
2025-01-24T20:08:15.3712144Z tardis/spectrum/tests/test_spectrum_solver.py::TestSpectrumSolver::test_solve
2025-01-24T20:08:15.3712951Z   /home/runner/work/tardis/tardis/tardis/spectrum/base.py:70: UserWarning:
2025-01-24T20:08:15.3713480Z   
2025-01-24T20:08:15.3714305Z   SpectrumSolver.spectrum_virtual_packets is zero. Please run the montecarlo simulation with no_of_virtual_packets > 0
2025-01-24T20:08:15.3714933Z 
2025-01-24T20:08:15.3715250Z tardis/spectrum/tests/test_spectrum_solver.py::TestSpectrumSolver::test_solve
2025-01-24T20:08:15.3716011Z   /home/runner/work/tardis/tardis/tardis/spectrum/base.py:111: UserWarning:
2025-01-24T20:08:15.3716550Z   
2025-01-24T20:08:15.3717195Z   SpectrumSolver.integrator: The FormalIntegrator is not yet available.Please run the montecarlo simulation at least once.
2025-01-24T20:08:15.3717865Z 
2025-01-24T20:08:15.3718199Z tardis/transport/montecarlo/tests/test_vpacket.py::test_trace_vpacket_volley
2025-01-24T20:08:15.3718849Z   <string>:3: NumbaPendingDeprecationWarning:
2025-01-24T20:08:15.3719250Z   
2025-01-24T20:08:15.3721178Z   [1m[1mCode using Numba extension API maybe depending on 'old_style' error-capturing, which is deprecated and will be replaced by 'new_style' in a future release. See details at https://numba.readthedocs.io/en/latest/reference/deprecation.html#deprecation-of-old-style-numba-captured-errors
2025-01-24T20:08:15.3722786Z   Exception origin:
2025-01-24T20:08:15.3723364Z     File "/home/runner/micromamba/envs/tardis/lib/python3.12/inspect.py", line 3180, in _bind
2025-01-24T20:08:15.3724156Z       raise TypeError(msg) from None
2025-01-24T20:08:15.3724562Z   [0m[0m
2025-01-24T20:08:15.3724707Z 
2025-01-24T20:08:15.3725222Z tardis/visualization/tools/tests/test_sdec_plot.py::TestSDECPlotter::test_mpl_image[plotter_generate_plot_mpl4]
2025-01-24T20:08:15.3726297Z   /home/runner/work/tardis/tardis/tardis/visualization/tools/sdec_plot.py:1225: RuntimeWarning:
2025-01-24T20:08:15.3726964Z   
2025-01-24T20:08:15.3728431Z   More than 20 figures have been opened. Figures created through the pyplot interface (`matplotlib.pyplot.figure`) are retained until explicitly closed and may consume too much memory. (To control this warning, see the rcParam `figure.max_open_warning`). Consider using `matplotlib.pyplot.close()`.
2025-01-24T20:08:15.3729920Z 
2025-01-24T20:08:15.3730527Z tardis/visualization/widgets/tests/test_custom_abundance.py::TestCustomAbundanceWidget::test_update_input_item_value
2025-01-24T20:08:15.3731783Z tardis/visualization/widgets/tests/test_custom_abundance.py::TestCustomAbundanceWidget::test_update_input_item_value
2025-01-24T20:08:15.3732938Z tardis/visualization/widgets/tests/test_custom_abundance.py::TestCustomAbundanceWidget::test_update_input_item_value
2025-01-24T20:08:15.3734396Z tardis/visualization/widgets/tests/test_custom_abundance.py::TestCustomAbundanceWidget::test_update_input_item_value
2025-01-24T20:08:15.3735629Z tardis/visualization/widgets/tests/test_custom_abundance.py::TestCustomAbundanceWidget::test_update_input_item_value
2025-01-24T20:08:15.3736829Z tardis/visualization/widgets/tests/test_custom_abundance.py::TestCustomAbundanceWidget::test_update_input_item_value
2025-01-24T20:08:15.3738237Z   /home/runner/micromamba/envs/tardis/lib/python3.12/site-packages/traitlets/traitlets.py:1385: DeprecationWarning:
2025-01-24T20:08:15.3739036Z   
2025-01-24T20:08:15.3739467Z   Passing unrecognized arguments to super(Checkbox).__init__(icon='lock').
2025-01-24T20:08:15.3740161Z   object.__init__() takes exactly one argument (the instance to initialize)
2025-01-24T20:08:15.3740948Z   This is deprecated in traitlets 4.2.This error will be raised in a future release of traitlets.
2025-01-24T20:08:15.3741443Z 
2025-01-24T20:08:15.3741987Z tardis/visualization/widgets/tests/test_custom_abundance.py::TestCustomAbundanceWidget::test_update_input_item_value
2025-01-24T20:08:15.3743238Z tardis/visualization/widgets/tests/test_custom_abundance.py::TestCustomAbundanceWidget::test_update_input_item_value
2025-01-24T20:08:15.3744736Z   /home/runner/micromamba/envs/tardis/lib/python3.12/site-packages/traitlets/traitlets.py:1385: DeprecationWarning:
2025-01-24T20:08:15.3745571Z   
2025-01-24T20:08:15.3745959Z   Passing unrecognized arguments to super(FloatText).__init__(min=0).
2025-01-24T20:08:15.3746649Z   object.__init__() takes exactly one argument (the instance to initialize)
2025-01-24T20:08:15.3747394Z   This is deprecated in traitlets 4.2.This error will be raised in a future release of traitlets.
2025-01-24T20:08:15.3747905Z 
2025-01-24T20:08:15.3748501Z tardis/visualization/widgets/tests/test_custom_abundance.py::TestCustomAbundanceWidget::test_update_input_item_value
2025-01-24T20:08:15.3749898Z   /home/runner/micromamba/envs/tardis/lib/python3.12/site-packages/traitlets/traitlets.py:1385: DeprecationWarning:
2025-01-24T20:08:15.3750713Z   
2025-01-24T20:08:15.3751123Z   Passing unrecognized arguments to super(HTML).__init__(indent=True).
2025-01-24T20:08:15.3751782Z   object.__init__() takes exactly one argument (the instance to initialize)
2025-01-24T20:08:15.3752552Z   This is deprecated in traitlets 4.2.This error will be raised in a future release of traitlets.
2025-01-24T20:08:15.3753053Z 
2025-01-24T20:08:15.3753746Z tardis/visualization/widgets/tests/test_line_info.py::TestLineInfoWidgetData::test_get_species_interactions[wavelength_range0-packet_out_nu]
2025-01-24T20:08:15.3755262Z   /home/runner/micromamba/envs/tardis/lib/python3.12/site-packages/qgridnext/grid.py:830: DeprecationWarning:
2025-01-24T20:08:15.3755977Z   
2025-01-24T20:08:15.3756536Z   QgridWidget._show_toolbar_changed is deprecated in traitlets 4.1: use @observe and @unobserve instead.
2025-01-24T20:08:15.3757091Z 
2025-01-24T20:08:15.3757489Z tardis/visualization/widgets/tests/test_shell_info.py::TestHDFShellInfo::test_shells_data
2025-01-24T20:08:15.3758324Z   /home/runner/work/tardis/tardis/tardis/io/util.py:289: PerformanceWarning:
2025-01-24T20:08:15.3758876Z   
2025-01-24T20:08:15.3759102Z   
2025-01-24T20:08:15.3759542Z   your performance may suffer as PyTables will pickle object types that it cannot
2025-01-24T20:08:15.3760405Z   map directly to c-types [inferred_type->mixed,key->block0_values] [items->Index([0], dtype='int64')]
2025-01-24T20:08:15.3760925Z 
2025-01-24T20:08:15.3761330Z tardis/visualization/widgets/tests/test_shell_info.py::TestHDFShellInfo::test_shells_data
2025-01-24T20:08:15.3762163Z   /home/runner/work/tardis/tardis/tardis/io/util.py:292: PerformanceWarning:
2025-01-24T20:08:15.3762715Z   
2025-01-24T20:08:15.3762939Z   
2025-01-24T20:08:15.3763363Z   your performance may suffer as PyTables will pickle object types that it cannot
2025-01-24T20:08:15.3764200Z   map directly to c-types [inferred_type->mixed,key->values] [items->None]
2025-01-24T20:08:15.3764593Z 
2025-01-24T20:08:15.3765196Z tardis/visualization/widgets/tests/test_shell_info.py::TestHDFShellInfo::test_shells_data
2025-01-24T20:08:15.3766087Z   /home/runner/work/tardis/tardis/tardis/spectrum/formal_integral.py:398: UserWarning:
2025-01-24T20:08:15.3766704Z   
2025-01-24T20:08:15.3767121Z   The number of interpolate_shells was not specified. The value was set to 80.
2025-01-24T20:08:15.3767716Z 
2025-01-24T20:08:15.3767996Z -- Docs: https://docs.pytest.org/en/stable/how-to/capture-warnings.html
2025-01-24T20:08:15.3768385Z 
2025-01-24T20:08:15.3768617Z ---------- coverage: platform linux, python 3.12.4-final-0 -----------
2025-01-24T20:08:15.3769150Z Coverage HTML written to dir coverage_html_report
2025-01-24T20:08:15.3769596Z Coverage XML written to file coverage.xml
2025-01-24T20:08:15.3769881Z 
2025-01-24T20:08:15.3770247Z = 1438 passed, 329 skipped, 2 deselected, 19 xfailed, 8 xpassed, 91 warnings in 754.21s (0:12:34) =
2025-01-24T20:08:17.8547577Z ##[group]Run pytest tardis --tardis-regression-data=/home/runner/work/tardis/tardis/tardis-regression-data --cov=tardis --cov-report=xml --cov-report=html --cov-append --generate-reference -m "not continuum"
2025-01-24T20:08:17.8549002Z [36;1mpytest tardis --tardis-regression-data=/home/runner/work/tardis/tardis/tardis-regression-data --cov=tardis --cov-report=xml --cov-report=html --cov-append --generate-reference -m "not continuum"[0m
2025-01-24T20:08:17.8595027Z shell: /usr/bin/bash -l {0}
2025-01-24T20:08:17.8595264Z env:
2025-01-24T20:08:17.8595438Z   CACHE_NUMBER: 0
2025-01-24T20:08:17.8596057Z   PYTEST_FLAGS: --tardis-regression-data=/home/runner/work/tardis/tardis/tardis-regression-data --cov=tardis --cov-report=xml --cov-report=html --cov-append
2025-01-24T20:08:17.8596865Z   CODECOV_TOKEN: ***
2025-01-24T20:08:17.8597101Z   MAMBA_ROOT_PREFIX: /home/runner/micromamba
2025-01-24T20:08:17.8597408Z   MAMBA_EXE: /home/runner/micromamba-bin/micromamba
2025-01-24T20:08:17.8597801Z   CONDARC: /home/runner/work/_temp/setup-micromamba/.condarc
2025-01-24T20:08:17.8598109Z ##[endgroup]
2025-01-24T20:08:25.3322020Z ============================= test session starts ==============================
2025-01-24T20:08:25.3322749Z platform linux -- Python 3.12.4, pytest-8.2.2, pluggy-1.5.0
2025-01-24T20:08:25.3323367Z rootdir: /home/runner/work/tardis/tardis
2025-01-24T20:08:25.3323860Z configfile: pyproject.toml
2025-01-24T20:08:25.3324727Z plugins: anyio-4.4.0, doctestplus-1.2.1, html-4.1.1, metadata-3.1.1, cov-5.0.0
2025-01-24T20:08:25.3325425Z collected 1796 items / 2 deselected / 1794 selected
2025-01-24T20:08:25.3325775Z 
2025-01-24T20:08:30.3338798Z tardis/energy_input/tests/test_energy_source.py ..xxx                    [  0%]
2025-01-24T20:08:32.9803001Z tardis/energy_input/tests/test_gamma_ray_channel.py ...........          [  0%]
2025-01-24T20:08:34.5979925Z tardis/energy_input/tests/test_gamma_ray_grid.py xx.                     [  1%]
2025-01-24T20:08:36.3858067Z tardis/energy_input/tests/test_gamma_ray_interactions.py xx....          [  1%]
2025-01-24T20:08:36.3950979Z tardis/energy_input/tests/test_gamma_ray_packet_source.py sssssssss      [  1%]
2025-01-24T20:08:37.7256449Z tardis/energy_input/tests/test_util.py .....xxxx.....                    [  2%]
2025-01-24T20:08:38.0694930Z tardis/grid/tests/test_grid.py .                                         [  2%]
2025-01-24T20:08:38.0710140Z tardis/gui/tests/test_gui.py s                                           [  2%]
2025-01-24T20:08:41.6583172Z tardis/io/configuration/tests/test_config_reader.py ...........          [  3%]
2025-01-24T20:08:41.6712624Z tardis/io/configuration/tests/test_configuration_namespace.py .........  [  3%]
2025-01-24T20:08:41.6979083Z tardis/io/logger/tests/test_logging.py ssssssssssssssssssssssssssss      [  5%]
2025-01-24T20:08:41.7003398Z tardis/io/model/readers/tests/test_arepo_parser.py ss                    [  5%]
2025-01-24T20:08:41.7149674Z tardis/io/model/readers/tests/test_ascii_readers.py ...                  [  5%]
2025-01-24T20:08:41.7259563Z tardis/io/model/readers/tests/test_cmfgen_reader.py ..                   [  5%]
2025-01-24T20:08:41.7558791Z tardis/io/model/readers/tests/test_csvy_reader.py ....                   [  6%]
2025-01-24T20:08:41.7771552Z tardis/io/model/readers/tests/test_stella_reader.py ..                   [  6%]
2025-01-24T20:08:42.0953409Z tardis/io/tests/test_HDFWriter.py ...............                        [  7%]
2025-01-24T20:08:42.4000160Z tardis/io/tests/test_atomic.py .....                                     [  7%]
2025-01-24T20:08:42.4195682Z tardis/io/tests/test_decay.py ..                                         [  7%]
2025-01-24T20:08:42.6343670Z tardis/io/tests/test_model_reader.py ......                              [  7%]
2025-01-24T20:08:42.6412901Z tardis/model/geometry/tests/test_radial1d.py ..                          [  7%]
2025-01-24T20:09:41.8117160Z tardis/model/tests/test_base.py ........................................ [ 10%]
2025-01-24T20:09:42.8262723Z ............                                                             [ 10%]
2025-01-24T20:09:45.9291281Z tardis/model/tests/test_csvy_model.py .........                          [ 11%]
2025-01-24T20:09:45.9776063Z tardis/model/tests/test_density.py ..                                    [ 11%]
2025-01-24T20:09:47.6107579Z tardis/opacities/tests/test_opacity_solver.py .....                      [ 11%]
2025-01-24T20:09:48.9761578Z tardis/opacities/tests/test_opacity_state_numba.py .....                 [ 11%]
2025-01-24T20:09:50.6240229Z tardis/opacities/tests/test_tau_sobolev.py ss                            [ 12%]
2025-01-24T20:09:53.4187367Z tardis/plasma/equilibrium/tests/test_collisional_transitions.py ...      [ 12%]
2025-01-24T20:10:39.8932739Z tardis/plasma/equilibrium/tests/test_level_populations.py ...s           [ 12%]
2025-01-24T20:10:51.3075251Z tardis/plasma/equilibrium/tests/test_rate_matrix.py s                    [ 12%]
2025-01-24T20:10:52.9716057Z tardis/plasma/tests/test_complete_plasmas.py sssssssssssssssssssssssssss [ 13%]
2025-01-24T20:10:56.0323844Z ssssssssssssssssssssssssssssssssssssssssssssssssssssssssssssssssssssssss [ 18%]
2025-01-24T20:10:57.5904732Z ssssssssssssssssssssssssssssssssssssssssssssssssssssssssssssssssssssssss [ 22%]
2025-01-24T20:11:00.9423585Z ssssssssssssssssssssssssssssssssssssssssssssssssssssssssssssssssssssssss [ 26%]
2025-01-24T20:11:03.9529156Z ssssssssssssssssssssssssssssssssssssssssssssssssssssssssssssssssssssssss [ 30%]
2025-01-24T20:11:04.8916083Z ssssssssssssssssssssssssssssssssssssssssssssssssssssssssssssssssssssssss [ 34%]
2025-01-24T20:11:07.8950428Z ssssssssssssssssssssssssssssssssssssssssssssssssssssssssssssssssssssssss [ 38%]
2025-01-24T20:11:11.2567939Z ssssssssssssssssssssssssssssssssssssssssssssssssssssssssssssssssssssssss [ 42%]
2025-01-24T20:11:14.4724987Z ssssssssssssssssssssssssssssssssssssssssssssssssssssssssssssssssssssssss [ 46%]
2025-01-24T20:11:16.1530378Z ssssssssssssssssssssssssssssssssssssssssssssssssssssssssssssssssssssssss [ 50%]
2025-01-24T20:11:19.5715345Z ssssssssssssssssssssssssssssssssssssssssssssssssssssssssssssssssssssssss [ 54%]
2025-01-24T20:11:23.2099941Z ssssssssssssssssssssssssssssssssssssssssssssssssssssssssssssssssssssssss [ 58%]
2025-01-24T20:11:23.2728967Z sssssssssssssssssssssssssssssssssssssssss                                [ 60%]
2025-01-24T20:11:23.3899668Z tardis/plasma/tests/test_hdf_plasma.py sssssssss..sssssssssss.ssssssssss [ 62%]
2025-01-24T20:11:23.4027329Z ssssss                                                                   [ 62%]
2025-01-24T20:11:23.5397194Z tardis/plasma/tests/test_nlte_excitation.py sss                          [ 62%]
2025-01-24T20:13:42.0895168Z tardis/plasma/tests/test_nlte_solver.py ss...X                           [ 63%]
2025-01-24T20:13:42.0924637Z tardis/plasma/tests/test_plasma_continuum.py s                           [ 63%]
2025-01-24T20:14:05.7910475Z tardis/plasma/tests/test_plasma_vboundary.py .............               [ 63%]
2025-01-24T20:14:19.0374041Z tardis/plasma/tests/test_tardis_model_density_config.py sss              [ 64%]
2025-01-24T20:14:19.7995701Z tardis/simulation/tests/test_convergence.py .....                        [ 64%]
2025-01-24T20:14:28.3871542Z tardis/simulation/tests/test_simulation.py ssssssssss...                 [ 65%]
2025-01-24T20:14:28.4066875Z tardis/spectrum/tests/test_cuda_formal_integral.py sssssssssssssssssssss [ 66%]
2025-01-24T20:14:28.8785983Z ssss...ssssssssssssssssssssss                                            [ 67%]
2025-01-24T20:14:28.8858318Z tardis/spectrum/tests/test_luminosity.py ....                            [ 68%]
2025-01-24T20:14:30.4935589Z tardis/spectrum/tests/test_numba_formal_integral.py .................... [ 69%]
2025-01-24T20:14:30.5129806Z ..........                                                               [ 69%]
2025-01-24T20:14:30.6868107Z tardis/spectrum/tests/test_spectrum.py ................................. [ 71%]
2025-01-24T20:14:30.7202378Z .........                                                                [ 72%]
2025-01-24T20:16:03.5906713Z tardis/spectrum/tests/test_spectrum_solver.py ssss                       [ 72%]
2025-01-24T20:18:10.6970516Z tardis/tests/test_tardis_full.py .sss                                    [ 72%]
2025-01-24T20:19:25.4197592Z tardis/tests/test_tardis_full_formal_integral.py ssssssssssssssss        [ 73%]
2025-01-24T20:19:25.5019601Z tardis/tests/test_util.py .............................................  [ 75%]
2025-01-24T20:19:28.2062343Z tardis/transport/montecarlo/tests/test_base.py x.....................    [ 77%]
2025-01-24T20:19:36.2551397Z tardis/transport/montecarlo/tests/test_interaction.py .......            [ 77%]
2025-01-24T20:19:36.4761857Z tardis/transport/montecarlo/tests/test_macro_atom.py ....                [ 77%]
2025-01-24T20:19:36.4938599Z tardis/transport/montecarlo/tests/test_montecarlo.py sssssssssssssssssss [ 78%]
2025-01-24T20:19:36.5362049Z sssssssssssssssssssssssssssssssssssssssssssss                            [ 81%]
2025-01-24T20:21:52.3025065Z tardis/transport/montecarlo/tests/test_montecarlo_main_loop.py xss       [ 81%]
2025-01-24T20:21:52.3092467Z tardis/transport/montecarlo/tests/test_nonhomologous.py ...              [ 81%]
2025-01-24T20:21:58.7126737Z tardis/transport/montecarlo/tests/test_numba_interface.py .....x.        [ 82%]
2025-01-24T20:21:59.2055169Z tardis/transport/montecarlo/tests/test_opacities.py ...............      [ 82%]
2025-01-24T20:22:00.2741304Z tardis/transport/montecarlo/tests/test_packet.py .................xXXXXX [ 84%]
2025-01-24T20:22:00.4182138Z XX.........                                                              [ 84%]
2025-01-24T20:22:00.4545257Z tardis/transport/montecarlo/tests/test_packet_source.py ssssssss         [ 85%]
2025-01-24T20:22:00.7778887Z tardis/transport/montecarlo/tests/test_rpacket_last_interaction_tracker.py . [ 85%]
2025-01-24T20:22:01.2170145Z .....                                                                    [ 85%]
2025-01-24T20:22:36.7815999Z tardis/transport/montecarlo/tests/test_rpacket_tracker.py ....s.         [ 85%]
2025-01-24T20:22:36.8098628Z tardis/transport/montecarlo/tests/test_single_packet_loop.py xxx         [ 86%]
2025-01-24T20:22:36.8130870Z tardis/transport/montecarlo/tests/test_tracker_utils.py ..               [ 86%]
2025-01-24T20:22:39.3093115Z tardis/transport/montecarlo/tests/test_vpacket.py ..x.                   [ 86%]
2025-01-24T20:22:39.3300932Z tardis/transport/montecarlo/tests/test_weighted_packet_source.py ssss    [ 86%]
2025-01-24T20:22:42.7859860Z tardis/transport/montecarlo/tests/test_weighted_packet_source_integration.py . [ 86%]
2025-01-24T20:22:42.7861389Z                                                                          [ 86%]
2025-01-24T20:22:43.5465886Z tardis/transport/tests/test_doppler_factor.py ..................         [ 87%]
2025-01-24T20:22:44.9075503Z tardis/visualization/tools/tests/test_convergence_plot.py .............. [ 88%]
2025-01-24T20:22:47.1342118Z ......                                                                   [ 88%]
2025-01-24T20:22:52.3550617Z tardis/visualization/tools/tests/test_liv_plot.py ssssssssssssssssssssss [ 90%]
2025-01-24T20:22:55.7760035Z sssssssssssssssssssssssssssss                                            [ 91%]
2025-01-24T20:22:58.6517182Z tardis/visualization/tools/tests/test_rpacket_plot.py .................. [ 92%]
2025-01-24T20:23:05.7077692Z ....                                                                     [ 92%]
2025-01-24T20:23:12.4485383Z tardis/visualization/tools/tests/test_sdec_plot.py sssssssssssssssssssss [ 94%]
2025-01-24T20:23:22.2125059Z ssssssssssssssssssssssssssssss                                           [ 95%]
2025-01-24T20:23:22.6503047Z tardis/visualization/widgets/tests/test_custom_abundance.py ........ss.. [ 96%]
2025-01-24T20:23:22.7230300Z ....                                                                     [ 96%]
2025-01-24T20:23:23.8021705Z tardis/visualization/widgets/tests/test_line_info.py ................... [ 97%]
2025-01-24T20:23:24.4544417Z ..................                                                       [ 98%]
2025-01-24T20:24:28.1590954Z tardis/visualization/widgets/tests/test_shell_info.py .................. [ 99%]
2025-01-24T20:24:33.5117526Z ......                                                                   [100%]
2025-01-24T20:24:33.5117859Z 
2025-01-24T20:24:33.5118077Z =============================== warnings summary ===============================
2025-01-24T20:24:33.5118670Z tardis/io/configuration/config_validator.py:6
2025-01-24T20:24:33.5119367Z tardis/io/configuration/config_validator.py:6
2025-01-24T20:24:33.5120592Z   /home/runner/work/tardis/tardis/tardis/io/configuration/config_validator.py:6: DeprecationWarning:
2025-01-24T20:24:33.5121629Z   
2025-01-24T20:24:33.5123501Z   jsonschema.RefResolver is deprecated as of v4.18.0, in favor of the https://github.com/python-jsonschema/referencing library, which provides more compliant referencing behavior as well as more flexible APIs for customization. A future release will remove RefResolver. Please file a feature request (on referencing) if you are missing an API for the kind of customization you need.
2025-01-24T20:24:33.5125340Z 
2025-01-24T20:24:33.5125637Z ../../../micromamba/envs/tardis/lib/python3.12/site-packages/jupyter_client/connect.py:22
2025-01-24T20:24:33.5126486Z   /home/runner/micromamba/envs/tardis/lib/python3.12/site-packages/jupyter_client/connect.py:22: DeprecationWarning:
2025-01-24T20:24:33.5127109Z   
2025-01-24T20:24:33.5127441Z   Jupyter is migrating its paths to use standard platformdirs
2025-01-24T20:24:33.5127905Z   given by the platformdirs library.  To remove this warning and
2025-01-24T20:24:33.5128382Z   see the appropriate new directories, set the environment variable
2025-01-24T20:24:33.5129021Z   `JUPYTER_PLATFORM_DIRS=1` and then run `jupyter --paths`.
2025-01-24T20:24:33.5129540Z   The use of platformdirs will be the default in `jupyter_core` v6
2025-01-24T20:24:33.5129908Z 
2025-01-24T20:24:33.5130105Z tardis/io/tests/test_HDFWriter.py: 1 warning
2025-01-24T20:24:33.5130561Z tardis/plasma/tests/test_complete_plasmas.py: 20 warnings
2025-01-24T20:24:33.5131082Z tardis/spectrum/tests/test_spectrum_solver.py: 1 warning
2025-01-24T20:24:33.5131633Z tardis/tests/test_tardis_full.py: 1 warning
2025-01-24T20:24:33.5132222Z tardis/transport/montecarlo/tests/test_montecarlo_main_loop.py: 2 warnings
2025-01-24T20:24:33.5132953Z tardis/visualization/widgets/tests/test_shell_info.py: 1 warning
2025-01-24T20:24:33.5133784Z   /home/runner/work/tardis/tardis/tardis/io/util.py:276: PerformanceWarning:
2025-01-24T20:24:33.5134604Z   
2025-01-24T20:24:33.5134878Z   
2025-01-24T20:24:33.5135367Z   your performance may suffer as PyTables will pickle object types that it cannot
2025-01-24T20:24:33.5136242Z   map directly to c-types [inferred_type->mixed,key->block0_values] [items->Index([0], dtype='int64')]
2025-01-24T20:24:33.5136785Z 
2025-01-24T20:24:33.5137125Z tardis/io/tests/test_model_reader.py::test_read_cmfgen_isotope_abundances
2025-01-24T20:24:33.5137902Z tardis/plasma/tests/test_tardis_model_density_config.py::test_electron_densities
2025-01-24T20:24:33.5138819Z tardis/plasma/tests/test_tardis_model_density_config.py::test_isotope_number_densities
2025-01-24T20:24:33.5139698Z tardis/plasma/tests/test_tardis_model_density_config.py::test_t_rad
2025-01-24T20:24:33.5140674Z   /home/runner/work/tardis/tardis/tardis/io/model/readers/cmfgen_deprecated.py:82: DeprecationWarning:
2025-01-24T20:24:33.5141751Z   
2025-01-24T20:24:33.5141972Z   The current CMFGEN model parser is deprecated
2025-01-24T20:24:33.5142171Z 
2025-01-24T20:24:33.5142287Z tardis/io/tests/test_model_reader.py: 1 warning
2025-01-24T20:24:33.5142651Z tardis/plasma/tests/test_tardis_model_density_config.py: 9 warnings
2025-01-24T20:24:33.5143212Z   /home/runner/work/tardis/tardis/tardis/io/model/readers/cmfgen_deprecated.py:40: DeprecationWarning:
2025-01-24T20:24:33.5143679Z   
2025-01-24T20:24:33.5144065Z   The current CMFGEN model parser is deprecated
2025-01-24T20:24:33.5144316Z 
2025-01-24T20:24:33.5144790Z tardis/model/tests/test_base.py::TestModelFromPaper1Config::test_abundances
2025-01-24T20:24:33.5145446Z   /home/runner/work/tardis/tardis/tardis/transport/montecarlo/montecarlo_main_loop.py:123: NumbaTypeSafetyWarning:
2025-01-24T20:24:33.5145960Z   
2025-01-24T20:24:33.5146487Z   [1m[1m[1munsafe cast from uint64 to int64. Precision may be lost.[0m[0m[0m
2025-01-24T20:24:33.5146757Z 
2025-01-24T20:24:33.5146864Z tardis/model/tests/test_base.py: 6 warnings
2025-01-24T20:24:33.5147158Z tardis/model/tests/test_csvy_model.py: 2 warnings
2025-01-24T20:24:33.5147530Z tardis/plasma/tests/test_tardis_model_density_config.py: 3 warnings
2025-01-24T20:24:33.5148046Z   /home/runner/work/tardis/tardis/tardis/model/geometry/radial1d.py:50: DeprecationWarning:
2025-01-24T20:24:33.5148653Z   
2025-01-24T20:24:33.5148975Z   v_inner_boundary < 0, assuming default value
2025-01-24T20:24:33.5149278Z 
2025-01-24T20:24:33.5149405Z tardis/model/tests/test_base.py: 6 warnings
2025-01-24T20:24:33.5149715Z tardis/model/tests/test_csvy_model.py: 2 warnings
2025-01-24T20:24:33.5150085Z tardis/plasma/tests/test_tardis_model_density_config.py: 3 warnings
2025-01-24T20:24:33.5150608Z   /home/runner/work/tardis/tardis/tardis/model/geometry/radial1d.py:61: DeprecationWarning:
2025-01-24T20:24:33.5151024Z   
2025-01-24T20:24:33.5151216Z   v_outer_boundary < 0, assuming default value
2025-01-24T20:24:33.5151399Z 
2025-01-24T20:24:33.5151857Z tardis/plasma/equilibrium/tests/test_level_populations.py::TestLevelPopulationSolver::test_solve[collisional_rate_solver0-radiative_transitions0]
2025-01-24T20:24:33.5152686Z   /home/runner/work/tardis/tardis/tardis/plasma/equilibrium/level_populations.py:65: FutureWarning:
2025-01-24T20:24:33.5153131Z   
2025-01-24T20:24:33.5153486Z   A value is trying to be set on a copy of a DataFrame or Series through chained assignment using an inplace method.
2025-01-24T20:24:33.5154514Z   The behavior will change in pandas 3.0. This inplace method will never work because the intermediate object on which we are setting values always behaves as a copy.
2025-01-24T20:24:33.5155103Z   
2025-01-24T20:24:33.5155710Z   For example, when doing 'df[col].method(value, inplace=True)', try using 'df.method({col: value}, inplace=True)' or df[col] = df[col].method(value) instead, to perform the operation inplace on the original object.
2025-01-24T20:24:33.5156305Z 
2025-01-24T20:24:33.5156757Z tardis/plasma/equilibrium/tests/test_level_populations.py::TestLevelPopulationSolver::test_solve[collisional_rate_solver0-radiative_transitions0]
2025-01-24T20:24:33.5157641Z tardis/plasma/equilibrium/tests/test_rate_matrix.py::test_rate_matrix_solver[collisional_rate_solver0-radiative_transitions0]
2025-01-24T20:24:33.5158384Z   /home/runner/work/tardis/tardis/tardis/tests/fixtures/regression_data.py:82: PerformanceWarning:
2025-01-24T20:24:33.5158825Z   
2025-01-24T20:24:33.5158978Z   
2025-01-24T20:24:33.5159269Z   your performance may suffer as PyTables will pickle object types that it cannot
2025-01-24T20:24:33.5159740Z   map directly to c-types [inferred_type->integer,key->axis0] [items->None]
2025-01-24T20:24:33.5160010Z 
2025-01-24T20:24:33.5160452Z tardis/plasma/equilibrium/tests/test_level_populations.py::TestLevelPopulationSolver::test_solve[collisional_rate_solver0-radiative_transitions0]
2025-01-24T20:24:33.5161335Z tardis/plasma/equilibrium/tests/test_rate_matrix.py::test_rate_matrix_solver[collisional_rate_solver0-radiative_transitions0]
2025-01-24T20:24:33.5162244Z   /home/runner/work/tardis/tardis/tardis/tests/fixtures/regression_data.py:82: PerformanceWarning:
2025-01-24T20:24:33.5162696Z   
2025-01-24T20:24:33.5162848Z   
2025-01-24T20:24:33.5163133Z   your performance may suffer as PyTables will pickle object types that it cannot
2025-01-24T20:24:33.5163619Z   map directly to c-types [inferred_type->integer,key->block0_items] [items->None]
2025-01-24T20:24:33.5164073Z 
2025-01-24T20:24:33.5164580Z tardis/plasma/equilibrium/tests/test_rate_matrix.py::test_rate_matrix_solver[collisional_rate_solver0-radiative_transitions0]
2025-01-24T20:24:33.5165316Z   /home/runner/work/tardis/tardis/tardis/tests/fixtures/regression_data.py:82: PerformanceWarning:
2025-01-24T20:24:33.5165759Z   
2025-01-24T20:24:33.5165913Z   
2025-01-24T20:24:33.5166202Z   your performance may suffer as PyTables will pickle object types that it cannot
2025-01-24T20:24:33.5166849Z   map directly to c-types [inferred_type->mixed,key->block0_values] [items->Index([0, 1, 2, 3, 4, 5, 6, 7, 8, 9, 10, 11, 12, 13, 14, 15, 16, 17, 18, 19], dtype='object')]
2025-01-24T20:24:33.5167297Z 
2025-01-24T20:24:33.5167447Z tardis/plasma/tests/test_complete_plasmas.py: 20 warnings
2025-01-24T20:24:33.5167820Z tardis/spectrum/tests/test_spectrum_solver.py: 1 warning
2025-01-24T20:24:33.5168141Z tardis/tests/test_tardis_full.py: 1 warning
2025-01-24T20:24:33.5168524Z tardis/transport/montecarlo/tests/test_montecarlo_main_loop.py: 2 warnings
2025-01-24T20:24:33.5168977Z tardis/visualization/widgets/tests/test_shell_info.py: 1 warning
2025-01-24T20:24:33.5169444Z   /home/runner/work/tardis/tardis/tardis/io/util.py:289: PerformanceWarning:
2025-01-24T20:24:33.5169799Z   
2025-01-24T20:24:33.5169956Z   
2025-01-24T20:24:33.5170238Z   your performance may suffer as PyTables will pickle object types that it cannot
2025-01-24T20:24:33.5170769Z   map directly to c-types [inferred_type->mixed,key->block0_values] [items->Index([0], dtype='int64')]
2025-01-24T20:24:33.5171105Z 
2025-01-24T20:24:33.5171424Z tardis/plasma/tests/test_complete_plasmas.py::TestPlasma::test_plasma_properties[ionization:nebular-beta_rad]
2025-01-24T20:24:33.5172164Z tardis/plasma/tests/test_complete_plasmas.py::TestPlasma::test_plasma_properties[helium_treatment:recomb-nlte-beta_rad]
2025-01-24T20:24:33.5172983Z tardis/plasma/tests/test_complete_plasmas.py::TestPlasma::test_plasma_properties[helium_treatment:recomb-nlte-delta_treatment:0.5-beta_rad]
2025-01-24T20:24:33.5173666Z   /home/runner/work/tardis/tardis/tardis/io/util.py:280: PerformanceWarning:
2025-01-24T20:24:33.5174254Z   
2025-01-24T20:24:33.5174420Z   
2025-01-24T20:24:33.5174706Z   your performance may suffer as PyTables will pickle object types that it cannot
2025-01-24T20:24:33.5175166Z   map directly to c-types [inferred_type->floating,key->axis0] [items->None]
2025-01-24T20:24:33.5175433Z 
2025-01-24T20:24:33.5175743Z tardis/plasma/tests/test_complete_plasmas.py::TestPlasma::test_plasma_properties[ionization:nebular-beta_rad]
2025-01-24T20:24:33.5176471Z tardis/plasma/tests/test_complete_plasmas.py::TestPlasma::test_plasma_properties[helium_treatment:recomb-nlte-beta_rad]
2025-01-24T20:24:33.5177293Z tardis/plasma/tests/test_complete_plasmas.py::TestPlasma::test_plasma_properties[helium_treatment:recomb-nlte-delta_treatment:0.5-beta_rad]
2025-01-24T20:24:33.5177980Z   /home/runner/work/tardis/tardis/tardis/io/util.py:280: PerformanceWarning:
2025-01-24T20:24:33.5178340Z   
2025-01-24T20:24:33.5178494Z   
2025-01-24T20:24:33.5178775Z   your performance may suffer as PyTables will pickle object types that it cannot
2025-01-24T20:24:33.5179262Z   map directly to c-types [inferred_type->floating,key->block0_items] [items->None]
2025-01-24T20:24:33.5179556Z 
2025-01-24T20:24:33.5179706Z tardis/plasma/tests/test_complete_plasmas.py: 20 warnings
2025-01-24T20:24:33.5180073Z tardis/spectrum/tests/test_spectrum_solver.py: 1 warning
2025-01-24T20:24:33.5180392Z tardis/tests/test_tardis_full.py: 1 warning
2025-01-24T20:24:33.5180718Z tardis/tests/test_tardis_full_formal_integral.py: 4 warnings
2025-01-24T20:24:33.5181291Z tardis/transport/montecarlo/tests/test_montecarlo_main_loop.py: 2 warnings
2025-01-24T20:24:33.5181752Z tardis/visualization/widgets/tests/test_shell_info.py: 1 warning
2025-01-24T20:24:33.5182203Z   /home/runner/work/tardis/tardis/tardis/io/util.py:292: PerformanceWarning:
2025-01-24T20:24:33.5182560Z   
2025-01-24T20:24:33.5182714Z   
2025-01-24T20:24:33.5183001Z   your performance may suffer as PyTables will pickle object types that it cannot
2025-01-24T20:24:33.5183567Z   map directly to c-types [inferred_type->mixed,key->values] [items->None]
2025-01-24T20:24:33.5183833Z 
2025-01-24T20:24:33.5184235Z tardis/plasma/tests/test_plasma_vboundary.py::test_plasma_vboundary[2900-3750]
2025-01-24T20:24:33.5184745Z tardis/plasma/tests/test_plasma_vboundary.py::test_plasma_vboundary[2900-3850]
2025-01-24T20:24:33.5185246Z tardis/plasma/tests/test_plasma_vboundary.py::test_plasma_vboundary[2900-3900]
2025-01-24T20:24:33.5185773Z   /home/runner/work/tardis/tardis/tardis/model/geometry/radial1d.py:71: UserWarning:
2025-01-24T20:24:33.5186172Z   
2025-01-24T20:24:33.5186454Z   Requesting inner boundary below inner shell. Extrapolating the inner cell
2025-01-24T20:24:33.5186726Z 
2025-01-24T20:24:33.5186970Z tardis/spectrum/tests/test_spectrum_solver.py::TestSpectrumSolver::test_initialization
2025-01-24T20:24:33.5187490Z tardis/tests/test_tardis_full.py::TestTransportSimple::test_j_blue_estimators
2025-01-24T20:24:33.5188023Z tardis/transport/montecarlo/tests/test_montecarlo_main_loop.py::test_montecarlo_main_loop
2025-01-24T20:24:33.5188656Z tardis/transport/montecarlo/tests/test_montecarlo_main_loop.py::test_montecarlo_main_loop_vpacket_log
2025-01-24T20:24:33.5189292Z tardis/visualization/widgets/tests/test_shell_info.py::TestHDFShellInfo::test_shells_data
2025-01-24T20:24:33.5189879Z   /home/runner/work/tardis/tardis/tardis/spectrum/formal_integral.py:398: UserWarning:
2025-01-24T20:24:33.5190269Z   
2025-01-24T20:24:33.5190543Z   The number of interpolate_shells was not specified. The value was set to 80.
2025-01-24T20:24:33.5190823Z 
2025-01-24T20:24:33.5191190Z tardis/tests/test_tardis_full_formal_integral.py::TestTransportSimpleFormalIntegral::test_simulation[-1-downbranch]
2025-01-24T20:24:33.5191940Z tardis/tests/test_tardis_full_formal_integral.py::TestTransportSimpleFormalIntegral::test_simulation[-1-macroatom]
2025-01-24T20:24:33.5192678Z tardis/tests/test_tardis_full_formal_integral.py::TestTransportSimpleFormalIntegral::test_simulation[30-macroatom]
2025-01-24T20:24:33.5193421Z tardis/tests/test_tardis_full_formal_integral.py::TestTransportSimpleFormalIntegral::test_simulation[30-downbranch]
2025-01-24T20:24:33.5194511Z tardis/transport/montecarlo/tests/test_montecarlo_main_loop.py::test_montecarlo_main_loop
2025-01-24T20:24:33.5195618Z   /home/runner/work/tardis/tardis/tardis/transport/montecarlo/montecarlo_transport_state.py:131: UserWarning:
2025-01-24T20:24:33.5196473Z   
2025-01-24T20:24:33.5197584Z   MontecarloTransport.virt_packet_nus:Set 'virtual_packet_logging: True' in the configuration fileto access this propertyIt should be added under 'virtual' property of 'spectrum' property
2025-01-24T20:24:33.5198680Z 
2025-01-24T20:24:33.5199047Z tardis/tests/test_tardis_full_formal_integral.py::TestTransportSimpleFormalIntegral::test_simulation[-1-downbranch]
2025-01-24T20:24:33.5199814Z tardis/tests/test_tardis_full_formal_integral.py::TestTransportSimpleFormalIntegral::test_simulation[-1-macroatom]
2025-01-24T20:24:33.5200591Z tardis/tests/test_tardis_full_formal_integral.py::TestTransportSimpleFormalIntegral::test_simulation[30-macroatom]
2025-01-24T20:24:33.5201331Z tardis/tests/test_tardis_full_formal_integral.py::TestTransportSimpleFormalIntegral::test_simulation[30-downbranch]
2025-01-24T20:24:33.5202020Z tardis/transport/montecarlo/tests/test_montecarlo_main_loop.py::test_montecarlo_main_loop
2025-01-24T20:24:33.5202714Z   /home/runner/work/tardis/tardis/tardis/transport/montecarlo/montecarlo_transport_state.py:145: UserWarning:
2025-01-24T20:24:33.5203399Z   
2025-01-24T20:24:33.5204365Z   MontecarloTransport.virt_packet_energies:Set 'virtual_packet_logging: True' in the configuration fileto access this propertyIt should be added under 'virtual' property of 'spectrum' property
2025-01-24T20:24:33.5205009Z 
2025-01-24T20:24:33.5205355Z tardis/tests/test_tardis_full_formal_integral.py::TestTransportSimpleFormalIntegral::test_simulation[-1-downbranch]
2025-01-24T20:24:33.5206096Z tardis/tests/test_tardis_full_formal_integral.py::TestTransportSimpleFormalIntegral::test_simulation[-1-macroatom]
2025-01-24T20:24:33.5206992Z tardis/tests/test_tardis_full_formal_integral.py::TestTransportSimpleFormalIntegral::test_simulation[30-macroatom]
2025-01-24T20:24:33.5207733Z tardis/tests/test_tardis_full_formal_integral.py::TestTransportSimpleFormalIntegral::test_simulation[30-downbranch]
2025-01-24T20:24:33.5208396Z tardis/transport/montecarlo/tests/test_montecarlo_main_loop.py::test_montecarlo_main_loop
2025-01-24T20:24:33.5209078Z   /home/runner/work/tardis/tardis/tardis/transport/montecarlo/montecarlo_transport_state.py:176: UserWarning:
2025-01-24T20:24:33.5209574Z   
2025-01-24T20:24:33.5210216Z   MontecarloTransport.virt_packet_initial_rs:Set 'virtual_packet_logging: True' in the configuration fileto access this propertyIt should be added under 'virtual' property of 'spectrum' property
2025-01-24T20:24:33.5210845Z 
2025-01-24T20:24:33.5211178Z tardis/tests/test_tardis_full_formal_integral.py::TestTransportSimpleFormalIntegral::test_simulation[-1-downbranch]
2025-01-24T20:24:33.5211957Z tardis/tests/test_tardis_full_formal_integral.py::TestTransportSimpleFormalIntegral::test_simulation[-1-macroatom]
2025-01-24T20:24:33.5212690Z tardis/tests/test_tardis_full_formal_integral.py::TestTransportSimpleFormalIntegral::test_simulation[30-macroatom]
2025-01-24T20:24:33.5213429Z tardis/tests/test_tardis_full_formal_integral.py::TestTransportSimpleFormalIntegral::test_simulation[30-downbranch]
2025-01-24T20:24:33.5214351Z tardis/transport/montecarlo/tests/test_montecarlo_main_loop.py::test_montecarlo_main_loop
2025-01-24T20:24:33.5215031Z   /home/runner/work/tardis/tardis/tardis/transport/montecarlo/montecarlo_transport_state.py:190: UserWarning:
2025-01-24T20:24:33.5215532Z   
2025-01-24T20:24:33.5216183Z   MontecarloTransport.virt_packet_initial_mus:Set 'virtual_packet_logging: True' in the configuration fileto access this propertyIt should be added under 'virtual' property of 'spectrum' property
2025-01-24T20:24:33.5216809Z 
2025-01-24T20:24:33.5217151Z tardis/tests/test_tardis_full_formal_integral.py::TestTransportSimpleFormalIntegral::test_simulation[-1-downbranch]
2025-01-24T20:24:33.5217892Z tardis/tests/test_tardis_full_formal_integral.py::TestTransportSimpleFormalIntegral::test_simulation[-1-macroatom]
2025-01-24T20:24:33.5218631Z tardis/tests/test_tardis_full_formal_integral.py::TestTransportSimpleFormalIntegral::test_simulation[30-macroatom]
2025-01-24T20:24:33.5219374Z tardis/tests/test_tardis_full_formal_integral.py::TestTransportSimpleFormalIntegral::test_simulation[30-downbranch]
2025-01-24T20:24:33.5220051Z tardis/transport/montecarlo/tests/test_montecarlo_main_loop.py::test_montecarlo_main_loop
2025-01-24T20:24:33.5220735Z   /home/runner/work/tardis/tardis/tardis/transport/montecarlo/montecarlo_transport_state.py:204: UserWarning:
2025-01-24T20:24:33.5221221Z   
2025-01-24T20:24:33.5222017Z   MontecarloTransport.virt_packet_last_interaction_in_nu:Set 'virtual_packet_logging: True' in the configuration fileto access this propertyIt should be added under 'virtual' property of 'spectrum' property
2025-01-24T20:24:33.5222749Z 
2025-01-24T20:24:33.5223230Z tardis/tests/test_tardis_full_formal_integral.py::TestTransportSimpleFormalIntegral::test_simulation[-1-downbranch]
2025-01-24T20:24:33.5224396Z tardis/tests/test_tardis_full_formal_integral.py::TestTransportSimpleFormalIntegral::test_simulation[-1-macroatom]
2025-01-24T20:24:33.5225238Z tardis/tests/test_tardis_full_formal_integral.py::TestTransportSimpleFormalIntegral::test_simulation[30-macroatom]
2025-01-24T20:24:33.5226328Z tardis/tests/test_tardis_full_formal_integral.py::TestTransportSimpleFormalIntegral::test_simulation[30-downbranch]
2025-01-24T20:24:33.5238459Z tardis/transport/montecarlo/tests/test_montecarlo_main_loop.py::test_montecarlo_main_loop
2025-01-24T20:24:33.5239525Z   /home/runner/work/tardis/tardis/tardis/transport/montecarlo/montecarlo_transport_state.py:218: UserWarning:
2025-01-24T20:24:33.5240385Z   
2025-01-24T20:24:33.5241788Z   MontecarloTransport.virt_packet_last_interaction_in_r:Set 'virtual_packet_logging: True' in the configuration fileto access this propertyIt should be added under 'virtual' property of 'spectrum' property
2025-01-24T20:24:33.5243049Z 
2025-01-24T20:24:33.5243688Z tardis/tests/test_tardis_full_formal_integral.py::TestTransportSimpleFormalIntegral::test_simulation[-1-downbranch]
2025-01-24T20:24:33.5245292Z tardis/tests/test_tardis_full_formal_integral.py::TestTransportSimpleFormalIntegral::test_simulation[-1-macroatom]
2025-01-24T20:24:33.5246670Z tardis/tests/test_tardis_full_formal_integral.py::TestTransportSimpleFormalIntegral::test_simulation[30-macroatom]
2025-01-24T20:24:33.5248076Z tardis/tests/test_tardis_full_formal_integral.py::TestTransportSimpleFormalIntegral::test_simulation[30-downbranch]
2025-01-24T20:24:33.5249325Z tardis/transport/montecarlo/tests/test_montecarlo_main_loop.py::test_montecarlo_main_loop
2025-01-24T20:24:33.5250565Z   /home/runner/work/tardis/tardis/tardis/transport/montecarlo/montecarlo_transport_state.py:232: UserWarning:
2025-01-24T20:24:33.5251500Z   
2025-01-24T20:24:33.5252730Z   MontecarloTransport.virt_packet_last_interaction_type:Set 'virtual_packet_logging: True' in the configuration fileto access this propertyIt should be added under 'virtual' property of 'spectrum' property
2025-01-24T20:24:33.5254123Z 
2025-01-24T20:24:33.5254749Z tardis/tests/test_tardis_full_formal_integral.py::TestTransportSimpleFormalIntegral::test_simulation[-1-downbranch]
2025-01-24T20:24:33.5256124Z tardis/tests/test_tardis_full_formal_integral.py::TestTransportSimpleFormalIntegral::test_simulation[-1-macroatom]
2025-01-24T20:24:33.5257476Z tardis/tests/test_tardis_full_formal_integral.py::TestTransportSimpleFormalIntegral::test_simulation[30-macroatom]
2025-01-24T20:24:33.5258841Z tardis/tests/test_tardis_full_formal_integral.py::TestTransportSimpleFormalIntegral::test_simulation[30-downbranch]
2025-01-24T20:24:33.5260073Z tardis/transport/montecarlo/tests/test_montecarlo_main_loop.py::test_montecarlo_main_loop
2025-01-24T20:24:33.5261321Z   /home/runner/work/tardis/tardis/tardis/transport/montecarlo/montecarlo_transport_state.py:246: UserWarning:
2025-01-24T20:24:33.5262220Z   
2025-01-24T20:24:33.5263464Z   MontecarloTransport.virt_packet_last_line_interaction_in_id:Set 'virtual_packet_logging: True' in the configuration fileto access this propertyIt should be added under 'virtual' property of 'spectrum' property
2025-01-24T20:24:33.5264977Z 
2025-01-24T20:24:33.5265665Z tardis/tests/test_tardis_full_formal_integral.py::TestTransportSimpleFormalIntegral::test_simulation[-1-downbranch]
2025-01-24T20:24:33.5266699Z tardis/tests/test_tardis_full_formal_integral.py::TestTransportSimpleFormalIntegral::test_simulation[-1-macroatom]
2025-01-24T20:24:33.5267454Z tardis/tests/test_tardis_full_formal_integral.py::TestTransportSimpleFormalIntegral::test_simulation[30-macroatom]
2025-01-24T20:24:33.5268208Z tardis/tests/test_tardis_full_formal_integral.py::TestTransportSimpleFormalIntegral::test_simulation[30-downbranch]
2025-01-24T20:24:33.5268886Z tardis/transport/montecarlo/tests/test_montecarlo_main_loop.py::test_montecarlo_main_loop
2025-01-24T20:24:33.5269571Z   /home/runner/work/tardis/tardis/tardis/transport/montecarlo/montecarlo_transport_state.py:260: UserWarning:
2025-01-24T20:24:33.5270067Z   
2025-01-24T20:24:33.5270760Z   MontecarloTransport.virt_packet_last_line_interaction_out_id:Set 'virtual_packet_logging: True' in the configuration fileto access this propertyIt should be added under 'virtual' property of 'spectrum' property
2025-01-24T20:24:33.5271631Z 
2025-01-24T20:24:33.5271975Z tardis/tests/test_tardis_full_formal_integral.py::TestTransportSimpleFormalIntegral::test_simulation[-1-downbranch]
2025-01-24T20:24:33.5272713Z tardis/tests/test_tardis_full_formal_integral.py::TestTransportSimpleFormalIntegral::test_simulation[-1-macroatom]
2025-01-24T20:24:33.5273459Z tardis/tests/test_tardis_full_formal_integral.py::TestTransportSimpleFormalIntegral::test_simulation[30-macroatom]
2025-01-24T20:24:33.5274422Z tardis/tests/test_tardis_full_formal_integral.py::TestTransportSimpleFormalIntegral::test_simulation[30-downbranch]
2025-01-24T20:24:33.5275240Z tardis/transport/montecarlo/tests/test_montecarlo_main_loop.py::test_montecarlo_main_loop
2025-01-24T20:24:33.5275928Z   /home/runner/work/tardis/tardis/tardis/transport/montecarlo/montecarlo_transport_state.py:274: UserWarning:
2025-01-24T20:24:33.5276419Z   
2025-01-24T20:24:33.5277116Z   MontecarloTransport.virt_packet_last_line_interaction_shell_id:Set 'virtual_packet_logging: True' in the configuration fileto access this propertyIt should be added under 'virtual' property of 'spectrum' property
2025-01-24T20:24:33.5277800Z 
2025-01-24T20:24:33.5278058Z tardis/transport/montecarlo/tests/test_montecarlo_main_loop.py::test_montecarlo_main_loop
2025-01-24T20:24:33.5278591Z   /home/runner/work/tardis/tardis/tardis/spectrum/base.py:70: UserWarning:
2025-01-24T20:24:33.5278942Z   
2025-01-24T20:24:33.5279345Z   SpectrumSolver.spectrum_virtual_packets is zero. Please run the montecarlo simulation with no_of_virtual_packets > 0
2025-01-24T20:24:33.5279759Z 
2025-01-24T20:24:33.5280072Z tardis/transport/montecarlo/tests/test_packet_source.py::TestBlackBodySimpleSourceRel::test_bb_attributes
2025-01-24T20:24:33.5280679Z   /home/runner/work/tardis/tardis/tardis/io/util.py:292: PerformanceWarning:
2025-01-24T20:24:33.5281042Z   
2025-01-24T20:24:33.5281198Z   
2025-01-24T20:24:33.5281487Z   your performance may suffer as PyTables will pickle object types that it cannot
2025-01-24T20:24:33.5281970Z   map directly to c-types [inferred_type->mixed-integer,key->values] [items->None]
2025-01-24T20:24:33.5282259Z 
2025-01-24T20:24:33.5282472Z tardis/transport/montecarlo/tests/test_vpacket.py::test_trace_vpacket_volley
2025-01-24T20:24:33.5282877Z   <string>:3: NumbaPendingDeprecationWarning:
2025-01-24T20:24:33.5283136Z   
2025-01-24T20:24:33.5284862Z   [1m[1mCode using Numba extension API maybe depending on 'old_style' error-capturing, which is deprecated and will be replaced by 'new_style' in a future release. See details at https://numba.readthedocs.io/en/latest/reference/deprecation.html#deprecation-of-old-style-numba-captured-errors
2025-01-24T20:24:33.5285878Z   Exception origin:
2025-01-24T20:24:33.5286247Z     File "/home/runner/micromamba/envs/tardis/lib/python3.12/inspect.py", line 3180, in _bind
2025-01-24T20:24:33.5286674Z       raise TypeError(msg) from None
2025-01-24T20:24:33.5286937Z   [0m[0m
2025-01-24T20:24:33.5287039Z 
2025-01-24T20:24:33.5287200Z tardis/visualization/tools/tests/test_liv_plot.py: 16 warnings
2025-01-24T20:24:33.5287613Z tardis/visualization/tools/tests/test_sdec_plot.py: 16 warnings
2025-01-24T20:24:33.5288063Z   /home/runner/work/tardis/tardis/tardis/io/util.py:292: PerformanceWarning:
2025-01-24T20:24:33.5288419Z   
2025-01-24T20:24:33.5288583Z   
2025-01-24T20:24:33.5288870Z   your performance may suffer as PyTables will pickle object types that it cannot
2025-01-24T20:24:33.5289335Z   map directly to c-types [inferred_type->bytes,key->values] [items->None]
2025-01-24T20:24:33.5289596Z 
2025-01-24T20:24:33.5289767Z tardis/visualization/tools/tests/test_sdec_plot.py: 16 warnings
2025-01-24T20:24:33.5290213Z   /home/runner/work/tardis/tardis/tardis/io/util.py:280: PerformanceWarning:
2025-01-24T20:24:33.5290565Z   
2025-01-24T20:24:33.5290722Z   
2025-01-24T20:24:33.5291008Z   your performance may suffer as PyTables will pickle object types that it cannot
2025-01-24T20:24:33.5291491Z   map directly to c-types [inferred_type->mixed-integer,key->axis0] [items->None]
2025-01-24T20:24:33.5291899Z 
2025-01-24T20:24:33.5292067Z tardis/visualization/tools/tests/test_sdec_plot.py: 16 warnings
2025-01-24T20:24:33.5292505Z   /home/runner/work/tardis/tardis/tardis/io/util.py:280: PerformanceWarning:
2025-01-24T20:24:33.5292854Z   
2025-01-24T20:24:33.5293005Z   
2025-01-24T20:24:33.5293286Z   your performance may suffer as PyTables will pickle object types that it cannot
2025-01-24T20:24:33.5293782Z   map directly to c-types [inferred_type->mixed-integer,key->block0_items] [items->None]
2025-01-24T20:24:33.5294295Z 
2025-01-24T20:24:33.5294744Z tardis/visualization/tools/tests/test_sdec_plot.py::TestSDECPlotter::test_mpl_image[plotter_generate_plot_mpl4]
2025-01-24T20:24:33.5295427Z   /home/runner/work/tardis/tardis/tardis/visualization/tools/sdec_plot.py:1225: RuntimeWarning:
2025-01-24T20:24:33.5295860Z   
2025-01-24T20:24:33.5296799Z   More than 20 figures have been opened. Figures created through the pyplot interface (`matplotlib.pyplot.figure`) are retained until explicitly closed and may consume too much memory. (To control this warning, see the rcParam `figure.max_open_warning`). Consider using `matplotlib.pyplot.close()`.
2025-01-24T20:24:33.5297749Z 
2025-01-24T20:24:33.5298113Z tardis/visualization/widgets/tests/test_custom_abundance.py::TestCustomAbundanceWidget::test_update_input_item_value
2025-01-24T20:24:33.5298890Z tardis/visualization/widgets/tests/test_custom_abundance.py::TestCustomAbundanceWidget::test_update_input_item_value
2025-01-24T20:24:33.5299650Z tardis/visualization/widgets/tests/test_custom_abundance.py::TestCustomAbundanceWidget::test_update_input_item_value
2025-01-24T20:24:33.5300420Z tardis/visualization/widgets/tests/test_custom_abundance.py::TestCustomAbundanceWidget::test_update_input_item_value
2025-01-24T20:24:33.5301237Z tardis/visualization/widgets/tests/test_custom_abundance.py::TestCustomAbundanceWidget::test_update_input_item_value
2025-01-24T20:24:33.5301999Z tardis/visualization/widgets/tests/test_custom_abundance.py::TestCustomAbundanceWidget::test_update_input_item_value
2025-01-24T20:24:33.5302781Z   /home/runner/micromamba/envs/tardis/lib/python3.12/site-packages/traitlets/traitlets.py:1385: DeprecationWarning:
2025-01-24T20:24:33.5303277Z   
2025-01-24T20:24:33.5303558Z   Passing unrecognized arguments to super(Checkbox).__init__(icon='lock').
2025-01-24T20:24:33.5304205Z   object.__init__() takes exactly one argument (the instance to initialize)
2025-01-24T20:24:33.5304713Z   This is deprecated in traitlets 4.2.This error will be raised in a future release of traitlets.
2025-01-24T20:24:33.5305038Z 
2025-01-24T20:24:33.5305396Z tardis/visualization/widgets/tests/test_custom_abundance.py::TestCustomAbundanceWidget::test_update_input_item_value
2025-01-24T20:24:33.5306164Z tardis/visualization/widgets/tests/test_custom_abundance.py::TestCustomAbundanceWidget::test_update_input_item_value
2025-01-24T20:24:33.5306928Z   /home/runner/micromamba/envs/tardis/lib/python3.12/site-packages/traitlets/traitlets.py:1385: DeprecationWarning:
2025-01-24T20:24:33.5307429Z   
2025-01-24T20:24:33.5307694Z   Passing unrecognized arguments to super(FloatText).__init__(min=0).
2025-01-24T20:24:33.5308124Z   object.__init__() takes exactly one argument (the instance to initialize)
2025-01-24T20:24:33.5308609Z   This is deprecated in traitlets 4.2.This error will be raised in a future release of traitlets.
2025-01-24T20:24:33.5308929Z 
2025-01-24T20:24:33.5309273Z tardis/visualization/widgets/tests/test_custom_abundance.py::TestCustomAbundanceWidget::test_update_input_item_value
2025-01-24T20:24:33.5310054Z   /home/runner/micromamba/envs/tardis/lib/python3.12/site-packages/traitlets/traitlets.py:1385: DeprecationWarning:
2025-01-24T20:24:33.5310543Z   
2025-01-24T20:24:33.5310805Z   Passing unrecognized arguments to super(HTML).__init__(indent=True).
2025-01-24T20:24:33.5311238Z   object.__init__() takes exactly one argument (the instance to initialize)
2025-01-24T20:24:33.5311761Z   This is deprecated in traitlets 4.2.This error will be raised in a future release of traitlets.
2025-01-24T20:24:33.5312209Z 
2025-01-24T20:24:33.5312628Z tardis/visualization/widgets/tests/test_line_info.py::TestLineInfoWidgetData::test_get_species_interactions[wavelength_range0-packet_out_nu]
2025-01-24T20:24:33.5313457Z   /home/runner/micromamba/envs/tardis/lib/python3.12/site-packages/qgridnext/grid.py:820: DeprecationWarning:
2025-01-24T20:24:33.5314062Z   
2025-01-24T20:24:33.5314424Z   QgridWidget._precision_changed is deprecated in traitlets 4.1: use @observe and @unobserve instead.
2025-01-24T20:24:33.5314778Z 
2025-01-24T20:24:33.5315176Z -- Docs: https://docs.pytest.org/en/stable/how-to/capture-warnings.html
2025-01-24T20:24:33.5315449Z 
2025-01-24T20:24:33.5315616Z ---------- coverage: platform linux, python 3.12.4-final-0 -----------
2025-01-24T20:24:33.5315980Z Coverage HTML written to dir coverage_html_report
2025-01-24T20:24:33.5316282Z Coverage XML written to file coverage.xml
2025-01-24T20:24:33.5316462Z 
2025-01-24T20:24:33.5316696Z = 555 passed, 1212 skipped, 2 deselected, 19 xfailed, 8 xpassed, 268 warnings in 969.33s (0:16:09) =
2025-01-24T20:24:35.8948674Z ##[group]Run mv .coverage .coverage.2
2025-01-24T20:24:35.8949015Z [36;1mmv .coverage .coverage.2[0m
2025-01-24T20:24:35.8988448Z shell: /usr/bin/bash -l {0}
2025-01-24T20:24:35.8988692Z env:
2025-01-24T20:24:35.8988869Z   CACHE_NUMBER: 0
2025-01-24T20:24:35.8989483Z   PYTEST_FLAGS: --tardis-regression-data=/home/runner/work/tardis/tardis/tardis-regression-data --cov=tardis --cov-report=xml --cov-report=html --cov-append
2025-01-24T20:24:35.8990371Z   CODECOV_TOKEN: ***
2025-01-24T20:24:35.8990618Z   MAMBA_ROOT_PREFIX: /home/runner/micromamba
2025-01-24T20:24:35.8990921Z   MAMBA_EXE: /home/runner/micromamba-bin/micromamba
2025-01-24T20:24:35.8991266Z   CONDARC: /home/runner/work/_temp/setup-micromamba/.condarc
2025-01-24T20:24:35.8991568Z ##[endgroup]
2025-01-24T20:24:36.0179594Z ##[group]Run actions/upload-artifact@v4
2025-01-24T20:24:36.0179949Z with:
2025-01-24T20:24:36.0180182Z   name: coverage-not-continuum-ubuntu-latest
2025-01-24T20:24:36.0180493Z   include-hidden-files: true
2025-01-24T20:24:36.0180739Z   path: .coverage*
!.coveragerc

2025-01-24T20:24:36.0180994Z   if-no-files-found: warn
2025-01-24T20:24:36.0181223Z   compression-level: 6
2025-01-24T20:24:36.0181431Z   overwrite: false
2025-01-24T20:24:36.0181622Z env:
2025-01-24T20:24:36.0181791Z   CACHE_NUMBER: 0
2025-01-24T20:24:36.0182402Z   PYTEST_FLAGS: --tardis-regression-data=/home/runner/work/tardis/tardis/tardis-regression-data --cov=tardis --cov-report=xml --cov-report=html --cov-append
2025-01-24T20:24:36.0183200Z   CODECOV_TOKEN: ***
2025-01-24T20:24:36.0183436Z   MAMBA_ROOT_PREFIX: /home/runner/micromamba
2025-01-24T20:24:36.0183737Z   MAMBA_EXE: /home/runner/micromamba-bin/micromamba
2025-01-24T20:24:36.0184296Z   CONDARC: /home/runner/work/_temp/setup-micromamba/.condarc
2025-01-24T20:24:36.0184644Z ##[endgroup]
2025-01-24T20:24:36.2498970Z With the provided path, there will be 1 file uploaded
2025-01-24T20:24:36.2504923Z Artifact name is valid!
2025-01-24T20:24:36.2506186Z Root directory input is valid!
2025-01-24T20:24:36.3943318Z Beginning upload of artifact content to blob storage
2025-01-24T20:24:36.6091804Z Uploaded bytes 20397
2025-01-24T20:24:36.6509847Z Finished uploading artifact content to blob storage!
2025-01-24T20:24:36.6513408Z SHA256 hash of uploaded artifact zip is b0c718fc455d89a7ca5d6a945118fc6bacc2b4cff039761701c20240943b99e2
2025-01-24T20:24:36.6516291Z Finalizing artifact upload
2025-01-24T20:24:36.7405801Z Artifact coverage-not-continuum-ubuntu-latest.zip successfully finalized. Artifact ID 2483079091
2025-01-24T20:24:36.7407036Z Artifact coverage-not-continuum-ubuntu-latest has been successfully uploaded! Final size is 20397 bytes. Artifact ID is 2483079091
2025-01-24T20:24:36.7413340Z Artifact download URL: https://github.com/tardis-sn/tardis/actions/runs/12956617089/artifacts/2483079091
2025-01-24T20:24:36.7540874Z Post job cleanup.
2025-01-24T20:24:36.7570603Z Post job cleanup.
2025-01-24T20:24:36.8965581Z Will use pre-installed micromamba at /home/runner/micromamba-bin/micromamba
2025-01-24T20:24:36.8975048Z Removing micromamba run shell ...
2025-01-24T20:24:36.8980241Z ##[group]Deinitialize micromamba for bash
2025-01-24T20:24:36.9008838Z [command]/home/runner/micromamba-bin/micromamba shell deinit -s bash -r /home/runner/micromamba --log-level warning --rc-file /home/runner/work/_temp/setup-micromamba/.condarc
2025-01-24T20:24:36.9119581Z Resetting RC file "/home/runner/.bashrc"
2025-01-24T20:24:36.9120204Z Deleting config for root prefix 
2025-01-24T20:24:36.9124209Z Clearing mamba executable environment variable
2025-01-24T20:24:36.9124961Z Removing the following in your "/home/runner/.bashrc" file
2025-01-24T20:24:36.9125617Z # >>> mamba initialize >>>
2025-01-24T20:24:36.9126081Z ...
2025-01-24T20:24:36.9126450Z # <<< mamba initialize <<<
2025-01-24T20:24:36.9156611Z Removing mamba initialize block from .bash_profile
2025-01-24T20:24:36.9171190Z ##[endgroup]
2025-01-24T20:24:36.9175850Z Removing environment tardis from auto-activate bash ...
2025-01-24T20:24:36.9299503Z Post job cleanup.
2025-01-24T20:24:36.9351617Z Post job cleanup.
2025-01-24T20:24:37.0335985Z [command]/usr/bin/git version
2025-01-24T20:24:37.0376942Z git version 2.48.1
2025-01-24T20:24:37.0420540Z Temporarily overriding HOME='/home/runner/work/_temp/99217de3-adc6-4777-b6b7-6a7855ec6fee' before making global git config changes
2025-01-24T20:24:37.0421867Z Adding repository directory to the temporary git global config as a safe directory
2025-01-24T20:24:37.0427123Z [command]/usr/bin/git config --global --add safe.directory /home/runner/work/tardis/tardis/tardis-regression-data
2025-01-24T20:24:37.0463424Z [command]/usr/bin/git config --local --name-only --get-regexp core\.sshCommand
2025-01-24T20:24:37.0496050Z [command]/usr/bin/git submodule foreach --recursive sh -c "git config --local --name-only --get-regexp 'core\.sshCommand' && git config --local --unset-all 'core.sshCommand' || :"
2025-01-24T20:24:37.0730754Z [command]/usr/bin/git config --local --name-only --get-regexp http\.https\:\/\/github\.com\/\.extraheader
2025-01-24T20:24:37.0751925Z http.https://github.com/.extraheader
2025-01-24T20:24:37.0764286Z [command]/usr/bin/git config --local --unset-all http.https://github.com/.extraheader
2025-01-24T20:24:37.0794642Z [command]/usr/bin/git submodule foreach --recursive sh -c "git config --local --name-only --get-regexp 'http\.https\:\/\/github\.com\/\.extraheader' && git config --local --unset-all 'http.https://github.com/.extraheader' || :"
2025-01-24T20:24:37.1132290Z Post job cleanup.
2025-01-24T20:24:37.2083104Z [command]/usr/bin/git version
2025-01-24T20:24:37.2120093Z git version 2.48.1
2025-01-24T20:24:37.2163228Z Temporarily overriding HOME='/home/runner/work/_temp/e7c0ac3b-54f8-4317-91b2-f5d09f5fc1b4' before making global git config changes
2025-01-24T20:24:37.2164501Z Adding repository directory to the temporary git global config as a safe directory
2025-01-24T20:24:37.2176819Z [command]/usr/bin/git config --global --add safe.directory /home/runner/work/tardis/tardis
2025-01-24T20:24:37.2211414Z [command]/usr/bin/git config --local --name-only --get-regexp core\.sshCommand
2025-01-24T20:24:37.2242656Z [command]/usr/bin/git submodule foreach --recursive sh -c "git config --local --name-only --get-regexp 'core\.sshCommand' && git config --local --unset-all 'core.sshCommand' || :"
2025-01-24T20:24:37.2477389Z [command]/usr/bin/git config --local --name-only --get-regexp http\.https\:\/\/github\.com\/\.extraheader
2025-01-24T20:24:37.2497294Z http.https://github.com/.extraheader
2025-01-24T20:24:37.2509930Z [command]/usr/bin/git config --local --unset-all http.https://github.com/.extraheader
2025-01-24T20:24:37.2541178Z [command]/usr/bin/git submodule foreach --recursive sh -c "git config --local --name-only --get-regexp 'http\.https\:\/\/github\.com\/\.extraheader' && git config --local --unset-all 'http.https://github.com/.extraheader' || :"
2025-01-24T20:24:37.2871895Z Cleaning up orphan processes
