2025-01-14T12:21:26.1607750Z Prepare all required actions
2025-01-14T12:21:26.1608750Z Getting action download info
2025-01-14T12:21:26.3083350Z Download action repository 'actions/cache@v4' (SHA:1bd1e32a3bdc45362d1e726936510720a7c30a57)
2025-01-14T12:21:26.4546460Z ##[group]Run ./.github/actions/setup_lfs
2025-01-14T12:21:26.4547170Z with:
2025-01-14T12:21:26.4547760Z   regression-data-repo: tardis-sn/tardis-regression-data
2025-01-14T12:21:26.4548470Z env:
2025-01-14T12:21:26.4548900Z   CACHE_NUMBER: 0
2025-01-14T12:21:26.4550260Z   PYTEST_FLAGS: --tardis-regression-data=/Users/runner/work/tardis/tardis/tardis-regression-data --cov=tardis --cov-report=xml --cov-report=html --cov-append
2025-01-14T12:21:26.4551720Z   CODECOV_TOKEN: 
2025-01-14T12:21:26.4552200Z ##[endgroup]
2025-01-14T12:21:26.4699860Z ##[group]Run actions/checkout@v4
2025-01-14T12:21:26.4700500Z with:
2025-01-14T12:21:26.4701010Z   repository: tardis-sn/tardis-regression-data
2025-01-14T12:21:26.4701720Z   path: tardis-regression-data
2025-01-14T12:21:26.4702540Z   token: ***
2025-01-14T12:21:26.4703080Z   ssh-strict: true
2025-01-14T12:21:26.4703620Z   ssh-user: git
2025-01-14T12:21:26.4704100Z   persist-credentials: true
2025-01-14T12:21:26.4704750Z   clean: true
2025-01-14T12:21:26.4705300Z   sparse-checkout-cone-mode: true
2025-01-14T12:21:26.4705890Z   fetch-depth: 1
2025-01-14T12:21:26.4706410Z   fetch-tags: false
2025-01-14T12:21:26.4706920Z   show-progress: true
2025-01-14T12:21:26.4707450Z   lfs: false
2025-01-14T12:21:26.4707980Z   submodules: false
2025-01-14T12:21:26.4708510Z   set-safe-directory: true
2025-01-14T12:21:26.4709030Z env:
2025-01-14T12:21:26.4709450Z   CACHE_NUMBER: 0
2025-01-14T12:21:26.4710780Z   PYTEST_FLAGS: --tardis-regression-data=/Users/runner/work/tardis/tardis/tardis-regression-data --cov=tardis --cov-report=xml --cov-report=html --cov-append
2025-01-14T12:21:26.4712330Z   CODECOV_TOKEN: 
2025-01-14T12:21:26.4712810Z ##[endgroup]
2025-01-14T12:21:26.5630970Z Syncing repository: tardis-sn/tardis-regression-data
2025-01-14T12:21:26.5632410Z ##[group]Getting Git version info
2025-01-14T12:21:26.5633330Z Working directory is '/Users/runner/work/tardis/tardis/tardis-regression-data'
2025-01-14T12:21:26.5664350Z [command]/opt/homebrew/bin/git version
2025-01-14T12:21:26.5720970Z git version 2.47.1
2025-01-14T12:21:26.5736690Z ##[endgroup]
2025-01-14T12:21:26.5743220Z Copying '/Users/runner/.gitconfig' to '/Users/runner/work/_temp/4d3272ab-f95b-4a9e-b48d-8b28cadd3056/.gitconfig'
2025-01-14T12:21:26.5750020Z Temporarily overriding HOME='/Users/runner/work/_temp/4d3272ab-f95b-4a9e-b48d-8b28cadd3056' before making global git config changes
2025-01-14T12:21:26.5751640Z Adding repository directory to the temporary git global config as a safe directory
2025-01-14T12:21:26.5753180Z [command]/opt/homebrew/bin/git config --global --add safe.directory /Users/runner/work/tardis/tardis/tardis-regression-data
2025-01-14T12:21:26.5802140Z ##[group]Initializing the repository
2025-01-14T12:21:26.5804770Z [command]/opt/homebrew/bin/git init /Users/runner/work/tardis/tardis/tardis-regression-data
2025-01-14T12:21:26.5880860Z hint: Using 'master' as the name for the initial branch. This default branch name
2025-01-14T12:21:26.5882390Z hint: is subject to change. To configure the initial branch name to use in all
2025-01-14T12:21:26.5883510Z hint: of your new repositories, which will suppress this warning, call:
2025-01-14T12:21:26.5884320Z hint:
2025-01-14T12:21:26.5884890Z hint: 	git config --global init.defaultBranch <name>
2025-01-14T12:21:26.5885610Z hint:
2025-01-14T12:21:26.5886280Z hint: Names commonly chosen instead of 'master' are 'main', 'trunk' and
2025-01-14T12:21:26.5887370Z hint: 'development'. The just-created branch can be renamed via this command:
2025-01-14T12:21:26.5888290Z hint:
2025-01-14T12:21:26.5888760Z hint: 	git branch -m <name>
2025-01-14T12:21:26.5889780Z Initialized empty Git repository in /Users/runner/work/tardis/tardis/tardis-regression-data/.git/
2025-01-14T12:21:26.5892320Z [command]/opt/homebrew/bin/git remote add origin https://github.com/tardis-sn/tardis-regression-data
2025-01-14T12:21:26.5940790Z ##[endgroup]
2025-01-14T12:21:26.5942210Z ##[group]Disabling automatic garbage collection
2025-01-14T12:21:26.5944460Z [command]/opt/homebrew/bin/git config --local gc.auto 0
2025-01-14T12:21:26.6007290Z ##[endgroup]
2025-01-14T12:21:26.6009760Z ##[group]Setting up auth
2025-01-14T12:21:26.6017810Z [command]/opt/homebrew/bin/git config --local --name-only --get-regexp core\.sshCommand
2025-01-14T12:21:26.6077810Z [command]/opt/homebrew/bin/git submodule foreach --recursive sh -c "git config --local --name-only --get-regexp 'core\.sshCommand' && git config --local --unset-all 'core.sshCommand' || :"
2025-01-14T12:21:26.8085430Z [command]/opt/homebrew/bin/git config --local --name-only --get-regexp http\.https\:\/\/github\.com\/\.extraheader
2025-01-14T12:21:26.8389870Z [command]/opt/homebrew/bin/git submodule foreach --recursive sh -c "git config --local --name-only --get-regexp 'http\.https\:\/\/github\.com\/\.extraheader' && git config --local --unset-all 'http.https://github.com/.extraheader' || :"
2025-01-14T12:21:26.9706480Z [command]/opt/homebrew/bin/git config --local http.https://github.com/.extraheader AUTHORIZATION: basic ***
2025-01-14T12:21:27.0007170Z ##[endgroup]
2025-01-14T12:21:27.0110160Z ##[group]Determining the default branch
2025-01-14T12:21:27.0211950Z Retrieving the default branch name
2025-01-14T12:21:27.3657690Z Default branch 'main'
2025-01-14T12:21:27.3851250Z ##[endgroup]
2025-01-14T12:21:27.3954250Z ##[group]Fetching the repository
2025-01-14T12:21:27.4048880Z [command]/opt/homebrew/bin/git -c protocol.version=2 fetch --no-tags --prune --no-recurse-submodules --depth=1 origin +refs/heads/main:refs/remotes/origin/main
2025-01-14T12:21:28.4065170Z From https://github.com/tardis-sn/tardis-regression-data
2025-01-14T12:21:28.4065580Z  * [new branch]      main       -> origin/main
2025-01-14T12:21:28.4121960Z ##[endgroup]
2025-01-14T12:21:28.4122330Z ##[group]Determining the checkout info
2025-01-14T12:21:28.4122890Z ##[endgroup]
2025-01-14T12:21:28.4127650Z [command]/opt/homebrew/bin/git sparse-checkout disable
2025-01-14T12:21:28.4187210Z [command]/opt/homebrew/bin/git config --local --unset-all extensions.worktreeConfig
2025-01-14T12:21:28.4238440Z ##[group]Checking out the ref
2025-01-14T12:21:28.4242190Z [command]/opt/homebrew/bin/git checkout --progress --force -B main refs/remotes/origin/main
2025-01-14T12:21:28.8265800Z Switched to a new branch 'main'
2025-01-14T12:21:28.8366790Z branch 'main' set up to track 'origin/main'.
2025-01-14T12:21:28.9860990Z ##[endgroup]
2025-01-14T12:21:29.0021050Z [command]/opt/homebrew/bin/git log -1 --format=%H
2025-01-14T12:21:29.0021380Z fa7729bc9c30e14b69acd641af8b692b56fcd416
2025-01-14T12:21:29.0066350Z ##[group]Run git lfs ls-files -l | cut -d' ' -f1 | sort > .lfs-assets-id
2025-01-14T12:21:29.0066810Z [36;1mgit lfs ls-files -l | cut -d' ' -f1 | sort > .lfs-assets-id[0m
2025-01-14T12:21:29.0129520Z shell: /bin/bash --noprofile --norc -e -o pipefail {0}
2025-01-14T12:21:29.0129780Z env:
2025-01-14T12:21:29.0129940Z   CACHE_NUMBER: 0
2025-01-14T12:21:29.0130450Z   PYTEST_FLAGS: --tardis-regression-data=/Users/runner/work/tardis/tardis/tardis-regression-data --cov=tardis --cov-report=xml --cov-report=html --cov-append
2025-01-14T12:21:29.0130970Z   CODECOV_TOKEN: 
2025-01-14T12:21:29.0131090Z ##[endgroup]
2025-01-14T12:21:29.3608610Z ##[group]Run actions/cache/restore@v4
2025-01-14T12:21:29.3608950Z with:
2025-01-14T12:21:29.3609100Z   path: tardis-regression-data/.git/lfs
2025-01-14T12:21:29.3609440Z   key: macOS-lfs-21f9fa4b6817cc69b9fae3598144724da7828e276a73bd17f47a2a49d9af090a-v1
2025-01-14T12:21:29.3609820Z   enableCrossOsArchive: false
2025-01-14T12:21:29.3610020Z   fail-on-cache-miss: false
2025-01-14T12:21:29.3610260Z   lookup-only: false
2025-01-14T12:21:29.3610400Z env:
2025-01-14T12:21:29.3610540Z   CACHE_NUMBER: 0
2025-01-14T12:21:29.3611010Z   PYTEST_FLAGS: --tardis-regression-data=/Users/runner/work/tardis/tardis/tardis-regression-data --cov=tardis --cov-report=xml --cov-report=html --cov-append
2025-01-14T12:21:29.3612090Z   CODECOV_TOKEN: 
2025-01-14T12:21:29.3612300Z ##[endgroup]
2025-01-14T12:21:30.9935300Z Received 8388608 of 1706796060 (0.5%), 8.0 MBs/sec
2025-01-14T12:21:31.9939910Z Received 75497472 of 1706796060 (4.4%), 35.9 MBs/sec
2025-01-14T12:21:33.0090500Z Received 130023424 of 1706796060 (7.6%), 41.2 MBs/sec
2025-01-14T12:21:34.0053770Z Received 184549376 of 1706796060 (10.8%), 43.8 MBs/sec
2025-01-14T12:21:35.0059600Z Received 251658240 of 1706796060 (14.7%), 47.9 MBs/sec
2025-01-14T12:21:36.0094040Z Received 306184192 of 1706796060 (17.9%), 48.5 MBs/sec
2025-01-14T12:21:37.0096660Z Received 364904448 of 1706796060 (21.4%), 49.6 MBs/sec
2025-01-14T12:21:38.0106310Z Received 419430400 of 1706796060 (24.6%), 49.9 MBs/sec
2025-01-14T12:21:39.0110250Z Received 473956352 of 1706796060 (27.8%), 50.1 MBs/sec
2025-01-14T12:21:40.0181720Z Received 545259520 of 1706796060 (31.9%), 51.9 MBs/sec
2025-01-14T12:21:41.0217710Z Received 599785472 of 1706796060 (35.1%), 51.9 MBs/sec
2025-01-14T12:21:42.0160480Z Received 666894336 of 1706796060 (39.1%), 52.9 MBs/sec
2025-01-14T12:21:43.0172730Z Received 734003200 of 1706796060 (43.0%), 53.7 MBs/sec
2025-01-14T12:21:44.0175050Z Received 805306368 of 1706796060 (47.2%), 54.8 MBs/sec
2025-01-14T12:21:45.0261820Z Received 864026624 of 1706796060 (50.6%), 54.8 MBs/sec
2025-01-14T12:21:46.0272790Z Received 935329792 of 1706796060 (54.8%), 55.6 MBs/sec
2025-01-14T12:21:47.0292280Z Received 1006632960 of 1706796060 (59.0%), 56.3 MBs/sec
2025-01-14T12:21:48.0340720Z Received 1065353216 of 1706796060 (62.4%), 56.3 MBs/sec
2025-01-14T12:21:49.0378490Z Received 1119879168 of 1706796060 (65.6%), 56.1 MBs/sec
2025-01-14T12:21:50.0440720Z Received 1182793728 of 1706796060 (69.3%), 56.3 MBs/sec
2025-01-14T12:21:51.0431610Z Received 1233125376 of 1706796060 (72.2%), 55.9 MBs/sec
2025-01-14T12:21:52.0417990Z Received 1300234240 of 1706796060 (76.2%), 56.2 MBs/sec
2025-01-14T12:21:53.0436840Z Received 1367343104 of 1706796060 (80.1%), 56.6 MBs/sec
2025-01-14T12:21:54.0434240Z Received 1430257664 of 1706796060 (83.8%), 56.7 MBs/sec
2025-01-14T12:21:55.0447110Z Received 1493172224 of 1706796060 (87.5%), 56.8 MBs/sec
2025-01-14T12:21:56.0502230Z Received 1560281088 of 1706796060 (91.4%), 57.1 MBs/sec
2025-01-14T12:21:57.0465380Z Received 1627389952 of 1706796060 (95.3%), 57.4 MBs/sec
2025-01-14T12:21:58.0487270Z Received 1686110208 of 1706796060 (98.8%), 57.3 MBs/sec
2025-01-14T12:21:58.4378360Z Cache Size: ~1628 MB (1706796060 B)
2025-01-14T12:21:58.4792200Z [command]/opt/homebrew/bin/gtar -xf /Users/runner/work/_temp/05ff1ec3-7f5e-45a4-87e4-18f489f68e07/cache.tzst -P -C /Users/runner/work/tardis/tardis --delay-directory-restore --use-compress-program unzstd
2025-01-14T12:21:59.0517550Z Received 1706796060 of 1706796060 (100.0%), 56.0 MBs/sec
2025-01-14T12:22:08.0790760Z Cache restored successfully
2025-01-14T12:22:08.1396740Z Cache restored from key: macOS-lfs-21f9fa4b6817cc69b9fae3598144724da7828e276a73bd17f47a2a49d9af090a-v1
2025-01-14T12:22:08.1650790Z ##[group]Run git lfs checkout
2025-01-14T12:22:08.1651270Z [36;1mgit lfs checkout[0m
2025-01-14T12:22:08.1733380Z shell: /bin/bash --noprofile --norc -e -o pipefail {0}
2025-01-14T12:22:08.1733740Z env:
2025-01-14T12:22:08.1733920Z   CACHE_NUMBER: 0
2025-01-14T12:22:08.1734580Z   PYTEST_FLAGS: --tardis-regression-data=/Users/runner/work/tardis/tardis/tardis-regression-data --cov=tardis --cov-report=xml --cov-report=html --cov-append
2025-01-14T12:22:08.1735180Z   CODECOV_TOKEN: 
2025-01-14T12:22:08.1735450Z ##[endgroup]
2025-01-14T12:22:17.3675480Z Checking out LFS objects: 100% (204/204), 3.5 GB | 317 MB/s, done.
