2025-02-24T16:43:12.2079129Z Prepare all required actions
2025-02-24T16:43:12.2079494Z Getting action download info
2025-02-24T16:43:12.3426653Z Download action repository 'mamba-org/setup-micromamba@v1' (SHA:4b9113af4fba0e9e1124b252dd6497a419e7396d)
2025-02-24T16:43:13.1621599Z ##[group]Run ./.github/actions/setup_env
2025-02-24T16:43:13.1621886Z with:
2025-02-24T16:43:13.1622073Z   os-label: linux-64
2025-02-24T16:43:13.1622268Z env:
2025-02-24T16:43:13.1622435Z   CACHE_NUMBER: 0
2025-02-24T16:43:13.1623241Z   PYTEST_FLAGS: --tardis-regression-data=/home/runner/work/tardis/tardis/tardis-regression-data --cov=tardis --cov-report=xml --cov-report=html --cov-append
2025-02-24T16:43:13.1624136Z   CODECOV_TOKEN: ***
2025-02-24T16:43:13.1624339Z ##[endgroup]
2025-02-24T16:43:13.1643094Z ##[group]Run file_hash=$(cat conda-linux-64.lock | shasum -a 256 | cut -d' ' -f1)
2025-02-24T16:43:13.1643590Z [36;1mfile_hash=$(cat conda-linux-64.lock | shasum -a 256 | cut -d' ' -f1)[0m
2025-02-24T16:43:13.1644429Z [36;1mecho "file_hash=tardis-conda-env-linux-64-${file_hash}-v1" >> "${GITHUB_OUTPUT}"[0m
2025-02-24T16:43:13.1700116Z shell: /usr/bin/bash --noprofile --norc -e -o pipefail {0}
2025-02-24T16:43:13.1700441Z env:
2025-02-24T16:43:13.1700613Z   CACHE_NUMBER: 0
2025-02-24T16:43:13.1701224Z   PYTEST_FLAGS: --tardis-regression-data=/home/runner/work/tardis/tardis/tardis-regression-data --cov=tardis --cov-report=xml --cov-report=html --cov-append
2025-02-24T16:43:13.1701983Z   CODECOV_TOKEN: ***
2025-02-24T16:43:13.1702194Z ##[endgroup]
2025-02-24T16:43:13.2037044Z ##[group]Run mamba-org/setup-micromamba@v1
2025-02-24T16:43:13.2037320Z with:
2025-02-24T16:43:13.2037514Z   environment-file: conda-linux-64.lock
2025-02-24T16:43:13.2038061Z   cache-environment-key: tardis-conda-env-linux-64-1bfcc818b79d6e7f30001ef583d4cbf8b611cf6e4e626641987e436d32dd5614-v1
2025-02-24T16:43:13.2038878Z   cache-downloads-key: tardis-conda-env-linux-64-1bfcc818b79d6e7f30001ef583d4cbf8b611cf6e4e626641987e436d32dd5614-v1
2025-02-24T16:43:13.2039412Z   environment-name: tardis
2025-02-24T16:43:13.2039658Z   cache-environment: true
2025-02-24T16:43:13.2039882Z   cache-downloads: true
2025-02-24T16:43:13.2040086Z env:
2025-02-24T16:43:13.2040253Z   CACHE_NUMBER: 0
2025-02-24T16:43:13.2040841Z   PYTEST_FLAGS: --tardis-regression-data=/home/runner/work/tardis/tardis/tardis-regression-data --cov=tardis --cov-report=xml --cov-report=html --cov-append
2025-02-24T16:43:13.2041598Z   CODECOV_TOKEN: ***
2025-02-24T16:43:13.2041809Z ##[endgroup]
2025-02-24T16:43:13.3396690Z Will download micromamba to /home/runner/micromamba-bin/micromamba
2025-02-24T16:43:13.3406703Z ##[group]Install micromamba
2025-02-24T16:43:13.8390951Z micromamba installed to /home/runner/micromamba-bin/micromamba
2025-02-24T16:43:13.8391916Z ##[endgroup]
2025-02-24T16:43:13.8392539Z Adding conda-forge to condarc channels ...
2025-02-24T16:43:13.8402242Z ##[group]Initialize micromamba for bash.
2025-02-24T16:43:13.8418631Z [command]/home/runner/micromamba-bin/micromamba shell init -s bash -r /home/runner/micromamba --log-level warning --rc-file /home/runner/work/_temp/setup-micromamba/.condarc
2025-02-24T16:43:13.8528219Z Modifying RC file "/home/runner/.bashrc"
2025-02-24T16:43:13.8529192Z Generating config for root prefix [1m"/home/runner/micromamba"[0m
2025-02-24T16:43:13.8529762Z Setting mamba executable to: [1m"/home/runner/micromamba-bin/micromamba"[0m
2025-02-24T16:43:13.8530232Z Adding (or replacing) the following in your "/home/runner/.bashrc" file
2025-02-24T16:43:13.8530613Z 
2025-02-24T16:43:13.8530763Z # >>> mamba initialize >>>
2025-02-24T16:43:13.8531082Z # !! Contents within this block are managed by 'mamba init' !!
2025-02-24T16:43:13.8531449Z export MAMBA_EXE='/home/runner/micromamba-bin/micromamba';
2025-02-24T16:43:13.8531790Z export MAMBA_ROOT_PREFIX='/home/runner/micromamba';
2025-02-24T16:43:13.8532267Z __mamba_setup="$("$MAMBA_EXE" shell hook --shell bash --root-prefix "$MAMBA_ROOT_PREFIX" 2> /dev/null)"
2025-02-24T16:43:13.8532679Z if [ $? -eq 0 ]; then
2025-02-24T16:43:13.8532887Z     eval "$__mamba_setup"
2025-02-24T16:43:13.8533403Z else
2025-02-24T16:43:13.8533673Z     alias micromamba="$MAMBA_EXE"  # Fallback on help from mamba activate
2025-02-24T16:43:13.8534208Z fi
2025-02-24T16:43:13.8534383Z unset __mamba_setup
2025-02-24T16:43:13.8534582Z # <<< mamba initialize <<<
2025-02-24T16:43:13.8534724Z 
2025-02-24T16:43:13.8547531Z Moving mamba initialize block to .bash_profile
2025-02-24T16:43:13.8560118Z ##[endgroup]
2025-02-24T16:43:13.8561464Z ##[group]Restoring downloads from `/home/runner/micromamba/pkgs` ...
2025-02-24T16:43:15.3364585Z Received 16777216 of 358530607 (4.7%), 16.0 MBs/sec
2025-02-24T16:43:16.3359906Z Received 134217728 of 358530607 (37.4%), 64.0 MBs/sec
2025-02-24T16:43:17.3367115Z Received 264241152 of 358530607 (73.7%), 84.0 MBs/sec
2025-02-24T16:43:18.0056963Z Cache Size: ~342 MB (358530607 B)
2025-02-24T16:43:18.0169606Z [command]/usr/bin/tar -xf /home/runner/work/_temp/f1b702c8-fd3a-4717-b2a3-2f831e51e0ec/cache.tzst -P -C /home/runner/work/tardis/tardis --use-compress-program unzstd
2025-02-24T16:43:18.3381526Z Received 358530607 of 358530607 (100.0%), 85.4 MBs/sec
2025-02-24T16:43:18.5312455Z Cache restored successfully
2025-02-24T16:43:18.6052968Z Restored cache with key `tardis-conda-env-linux-64-1bfcc818b79d6e7f30001ef583d4cbf8b611cf6e4e626641987e436d32dd5614-v1-linux-64`
2025-02-24T16:43:18.6054655Z ##[endgroup]
2025-02-24T16:43:18.6067789Z ##[group]Restoring environment `tardis` from `/home/runner/micromamba/envs/tardis` ...
2025-02-24T16:43:19.9378491Z Received 16777216 of 445669008 (3.8%), 16.0 MBs/sec
2025-02-24T16:43:20.9383677Z Received 138412032 of 445669008 (31.1%), 66.0 MBs/sec
2025-02-24T16:43:21.9383496Z Received 264241152 of 445669008 (59.3%), 84.0 MBs/sec
2025-02-24T16:43:22.9414866Z Received 398458880 of 445669008 (89.4%), 95.0 MBs/sec
2025-02-24T16:43:23.3364806Z Cache Size: ~425 MB (445669008 B)
2025-02-24T16:43:23.3464660Z [command]/usr/bin/tar -xf /home/runner/work/_temp/4b924aab-069f-4eb4-8bc1-e0aa74218c4f/cache.tzst -P -C /home/runner/work/tardis/tardis --use-compress-program unzstd
2025-02-24T16:43:23.9397547Z Received 445669008 of 445669008 (100.0%), 85.0 MBs/sec
2025-02-24T16:43:28.4648415Z Cache restored successfully
2025-02-24T16:43:28.5546420Z Restored cache with key `tardis-conda-env-linux-64-1bfcc818b79d6e7f30001ef583d4cbf8b611cf6e4e626641987e436d32dd5614-v1-linux-64-tardis-args-4f53cda-root-dcc80ee-bin-[object Promise]-file-1bfcc818b79d6e7f30001ef583d4cbf8b611cf6e4e626641987e436d32dd5614`
2025-02-24T16:43:28.5548894Z ##[endgroup]
2025-02-24T16:43:28.5549344Z Adding environment tardis to auto-activate bash ...
2025-02-24T16:43:28.5558254Z Generating micromamba run shell.
2025-02-24T16:43:28.5566662Z ##[endgroup]
2025-02-24T16:43:28.5572319Z Set environment variables.
2025-02-24T16:43:28.5577036Z ##[group]micromamba info
2025-02-24T16:43:28.5580432Z [command]/home/runner/micromamba-bin/micromamba info -r /home/runner/micromamba -n tardis
2025-02-24T16:43:28.5802622Z 
2025-02-24T16:43:28.5802948Z        libmamba version : 1.5.10
2025-02-24T16:43:28.5803600Z      micromamba version : 1.5.10
2025-02-24T16:43:28.5804566Z            curl version : libcurl/8.10.1 OpenSSL/3.3.2 zlib/1.3.1 zstd/1.5.6 libssh2/1.11.0 nghttp2/1.58.0
2025-02-24T16:43:28.5805284Z      libarchive version : libarchive 3.7.4 zlib/1.2.13 bz2lib/1.0.8 libzstd/1.5.6
2025-02-24T16:43:28.5805695Z        envs directories : /home/runner/micromamba/envs
2025-02-24T16:43:28.5806029Z           package cache : /home/runner/micromamba/pkgs
2025-02-24T16:43:28.5806346Z                           /home/runner/.mamba/pkgs
2025-02-24T16:43:28.5806618Z             environment : tardis
2025-02-24T16:43:28.5806906Z            env location : /home/runner/micromamba/envs/tardis
2025-02-24T16:43:28.5807225Z       user config files : /home/runner/.mambarc
2025-02-24T16:43:28.5807610Z  populated config files : /home/runner/work/_temp/setup-micromamba/.condarc
2025-02-24T16:43:28.5807983Z        virtual packages : __unix=0=0
2025-02-24T16:43:28.5808236Z                           __linux=6.8.0=0
2025-02-24T16:43:28.5808774Z                           __glibc=2.39=0
2025-02-24T16:43:28.5809032Z                           __archspec=1=x86_64_v3
2025-02-24T16:43:28.5809391Z                channels : https://conda.anaconda.org/conda-forge/linux-64
2025-02-24T16:43:28.5809961Z                           https://conda.anaconda.org/conda-forge/noarch
2025-02-24T16:43:28.5810298Z        base environment : /home/runner/micromamba
2025-02-24T16:43:28.5810736Z                platform : linux-64
2025-02-24T16:43:28.5819340Z ##[endgroup]
2025-02-24T16:43:28.5819993Z ##[group]micromamba list
2025-02-24T16:43:28.5821134Z [command]/home/runner/micromamba-bin/micromamba list -r /home/runner/micromamba -n tardis
2025-02-24T16:43:28.9674038Z List of packages in environment: "/home/runner/micromamba/envs/tardis"
2025-02-24T16:43:28.9674751Z 
2025-02-24T16:43:28.9675070Z   Name                           Version              Build                    Channel    
2025-02-24T16:43:28.9676173Z â”€â”€â”€â”€â”€â”€â”€â”€â”€â”€â”€â”€â”€â”€â”€â”€â”€â”€â”€â”€â”€â”€â”€â”€â”€â”€â”€â”€â”€â”€â”€â”€â”€â”€â”€â”€â”€â”€â”€â”€â”€â”€â”€â”€â”€â”€â”€â”€â”€â”€â”€â”€â”€â”€â”€â”€â”€â”€â”€â”€â”€â”€â”€â”€â”€â”€â”€â”€â”€â”€â”€â”€â”€â”€â”€â”€â”€â”€â”€â”€â”€â”€â”€â”€â”€â”€â”€â”€â”€â”€â”€â”€
2025-02-24T16:43:28.9676885Z   _libgcc_mutex                  0.1                  conda_forge              conda-forge
2025-02-24T16:43:28.9677477Z   _openmp_mutex                  4.5                  2_gnu                    conda-forge
2025-02-24T16:43:28.9678060Z   alabaster                      0.7.16               pyhd8ed1ab_0             conda-forge
2025-02-24T16:43:28.9678644Z   anyio                          4.4.0                pyhd8ed1ab_0             conda-forge
2025-02-24T16:43:28.9679277Z   argon2-cffi                    23.1.0               pyhd8ed1ab_1             conda-forge
2025-02-24T16:43:28.9679988Z   argon2-cffi-bindings           21.2.0               py312h66e93f0_5          conda-forge
2025-02-24T16:43:28.9680678Z   arrow                          1.3.0                pyhd8ed1ab_1             conda-forge
2025-02-24T16:43:28.9681285Z   astropy                        6.1.1                py312h4fc7734_1          conda-forge
2025-02-24T16:43:28.9681938Z   astropy-iers-data              0.2024.6.17.0.31.35  pyhd8ed1ab_0             conda-forge
2025-02-24T16:43:28.9682649Z   astropy-sphinx-theme           1.1                  pyhd8ed1ab_1             conda-forge
2025-02-24T16:43:28.9683137Z   asttokens                      2.4.1                pyhd8ed1ab_0             conda-forge
2025-02-24T16:43:28.9683560Z   async-lru                      2.0.4                pyhd8ed1ab_1             conda-forge
2025-02-24T16:43:28.9684225Z   atk-1.0                        2.38.0               h04ea711_2               conda-forge
2025-02-24T16:43:28.9684581Z   attrs                          23.2.0               pyh71513ae_0             conda-forge
2025-02-24T16:43:28.9684929Z   babel                          2.14.0               pyhd8ed1ab_0             conda-forge
2025-02-24T16:43:28.9685342Z   beautifulsoup4                 4.12.3               pyha770c72_1             conda-forge
2025-02-24T16:43:28.9685882Z   bleach                         6.1.0                pyhd8ed1ab_0             conda-forge
2025-02-24T16:43:28.9686290Z   blosc                          1.21.6               hef167b5_0               conda-forge
2025-02-24T16:43:28.9686628Z   brotli                         1.1.0                hb9d3cd8_2               conda-forge
2025-02-24T16:43:28.9686976Z   brotli-bin                     1.1.0                hb9d3cd8_2               conda-forge
2025-02-24T16:43:28.9687349Z   brotli-python                  1.1.0                py312h2ec8cdc_2          conda-forge
2025-02-24T16:43:28.9687733Z   bzip2                          1.0.8                h4bc722e_7               conda-forge
2025-02-24T16:43:28.9688081Z   c-ares                         1.28.1               hd590300_0               conda-forge
2025-02-24T16:43:28.9688427Z   c-blosc2                       2.15.2               h68e2383_0               conda-forge
2025-02-24T16:43:28.9688808Z   ca-certificates                2024.12.14           hbcca054_0               conda-forge
2025-02-24T16:43:28.9689521Z   cached-property                1.5.2                hd8ed1ab_1               conda-forge
2025-02-24T16:43:28.9689939Z   cached_property                1.5.2                pyha770c72_1             conda-forge
2025-02-24T16:43:28.9690310Z   cairo                          1.18.0               h3faef2a_0               conda-forge
2025-02-24T16:43:28.9690667Z   certifi                        2024.12.14           pyhd8ed1ab_0             conda-forge
2025-02-24T16:43:28.9691147Z   cffi                           1.16.0               py312hf06ca03_0          conda-forge
2025-02-24T16:43:28.9691532Z   charset-normalizer             3.3.2                pyhd8ed1ab_0             conda-forge
2025-02-24T16:43:28.9691918Z   click                          8.1.7                unix_pyh707e725_1        conda-forge
2025-02-24T16:43:28.9692274Z   codespell                      2.3.0                pyhd8ed1ab_1             conda-forge
2025-02-24T16:43:28.9692635Z   colorama                       0.4.6                pyhd8ed1ab_1             conda-forge
2025-02-24T16:43:28.9692986Z   comm                           0.2.2                pyhd8ed1ab_1             conda-forge
2025-02-24T16:43:28.9693333Z   commonmark                     0.9.1                py_0                     conda-forge
2025-02-24T16:43:28.9693700Z   contourpy                      1.2.1                py312h8572e83_0          conda-forge
2025-02-24T16:43:28.9694254Z   coverage                       7.5.3                py312h9a8786e_0          conda-forge
2025-02-24T16:43:28.9694627Z   cycler                         0.12.1               pyhd8ed1ab_1             conda-forge
2025-02-24T16:43:28.9694987Z   dataclasses                    0.8                  pyhc8e2a94_3             conda-forge
2025-02-24T16:43:28.9695344Z   debugpy                        1.8.1                py312h30efb56_0          conda-forge
2025-02-24T16:43:28.9695699Z   decorator                      5.1.1                pyhd8ed1ab_1             conda-forge
2025-02-24T16:43:28.9696062Z   defusedxml                     0.7.1                pyhd8ed1ab_0             conda-forge
2025-02-24T16:43:28.9696434Z   docutils                       0.20.1               py312h7900ff3_3          conda-forge
2025-02-24T16:43:28.9696785Z   dot2tex                        2.11.3               pyhd8ed1ab_1             conda-forge
2025-02-24T16:43:28.9697152Z   entrypoints                    0.4                  pyhd8ed1ab_1             conda-forge
2025-02-24T16:43:28.9697557Z   exceptiongroup                 1.2.0                pyhd8ed1ab_2             conda-forge
2025-02-24T16:43:28.9697956Z   executing                      2.0.1                pyhd8ed1ab_0             conda-forge
2025-02-24T16:43:28.9698323Z   expat                          2.6.2                h59595ed_0               conda-forge
2025-02-24T16:43:28.9698723Z   font-ttf-dejavu-sans-mono      2.37                 hab24e00_0               conda-forge
2025-02-24T16:43:28.9699175Z   font-ttf-inconsolata           3.000                h77eed37_0               conda-forge
2025-02-24T16:43:28.9699629Z   font-ttf-source-code-pro       2.038                h77eed37_0               conda-forge
2025-02-24T16:43:28.9700050Z   font-ttf-ubuntu                0.83                 h77eed37_3               conda-forge
2025-02-24T16:43:28.9700429Z   fontconfig                     2.14.2               h14ed4e7_0               conda-forge
2025-02-24T16:43:28.9700824Z   fonts-conda-ecosystem          1                    0                        conda-forge
2025-02-24T16:43:28.9701235Z   fonts-conda-forge              1                    0                        conda-forge
2025-02-24T16:43:28.9701620Z   fonttools                      4.53.0               py312h9a8786e_0          conda-forge
2025-02-24T16:43:28.9701973Z   fqdn                           1.5.1                pyhd8ed1ab_1             conda-forge
2025-02-24T16:43:28.9702320Z   freetype                       2.12.1               h267a509_2               conda-forge
2025-02-24T16:43:28.9702669Z   fribidi                        1.0.10               h36c2ea0_0               conda-forge
2025-02-24T16:43:28.9703147Z   future                         1.0.0                pyhd8ed1ab_1             conda-forge
2025-02-24T16:43:28.9703505Z   gdk-pixbuf                     2.42.12              hb9ae30d_0               conda-forge
2025-02-24T16:43:28.9704024Z   giflib                         5.2.2                hd590300_0               conda-forge
2025-02-24T16:43:28.9704497Z   git-lfs                        3.5.1                h647637d_1               conda-forge
2025-02-24T16:43:28.9704832Z   gmp                            6.3.0                hac33072_2               conda-forge
2025-02-24T16:43:28.9705161Z   gmpy2                          2.1.5                py312h7201bc8_3          conda-forge
2025-02-24T16:43:28.9705510Z   graphite2                      1.3.13               h59595ed_1003            conda-forge
2025-02-24T16:43:28.9705872Z   graphviz                       11.0.0               hc68bbd7_0               conda-forge
2025-02-24T16:43:28.9706223Z   gtk2                           2.24.33              h280cfa0_4               conda-forge
2025-02-24T16:43:28.9706608Z   gts                            0.7.6                h977cf35_4               conda-forge
2025-02-24T16:43:28.9707149Z   h11                            0.14.0               pyhd8ed1ab_1             conda-forge
2025-02-24T16:43:28.9707677Z   h2                             4.1.0                pyhd8ed1ab_1             conda-forge
2025-02-24T16:43:28.9743926Z   h5py                           3.11.0               nompi_py312hedeef09_103  conda-forge
2025-02-24T16:43:28.9744624Z   harfbuzz                       8.5.0                hfac3d4d_0               conda-forge
2025-02-24T16:43:28.9745260Z   hdf5                           1.14.3               nompi_hdf9ad27_105       conda-forge
2025-02-24T16:43:28.9745826Z   hpack                          4.0.0                pyhd8ed1ab_1             conda-forge
2025-02-24T16:43:28.9746314Z   httpcore                       1.0.5                pyhd8ed1ab_0             conda-forge
2025-02-24T16:43:28.9746703Z   httpx                          0.27.0               pyhd8ed1ab_0             conda-forge
2025-02-24T16:43:28.9747077Z   hyperframe                     6.0.1                pyhd8ed1ab_1             conda-forge
2025-02-24T16:43:28.9747443Z   icu                            73.2                 h59595ed_0               conda-forge
2025-02-24T16:43:28.9747786Z   idna                           3.7                  pyhd8ed1ab_0             conda-forge
2025-02-24T16:43:28.9748157Z   imagesize                      1.4.1                pyhd8ed1ab_0             conda-forge
2025-02-24T16:43:28.9748575Z   importlib-metadata             7.1.0                pyha770c72_0             conda-forge
2025-02-24T16:43:28.9749003Z   importlib_metadata             7.1.0                hd8ed1ab_0               conda-forge
2025-02-24T16:43:28.9749424Z   importlib_resources            6.4.0                pyhd8ed1ab_0             conda-forge
2025-02-24T16:43:28.9749883Z   iniconfig                      2.0.0                pyhd8ed1ab_1             conda-forge
2025-02-24T16:43:28.9750258Z   ipykernel                      6.29.4               pyh3099207_0             conda-forge
2025-02-24T16:43:28.9750616Z   ipython                        8.25.0               pyh707e725_0             conda-forge
2025-02-24T16:43:28.9750984Z   ipython_genutils               0.2.0                pyhd8ed1ab_2             conda-forge
2025-02-24T16:43:28.9751370Z   ipywidgets                     7.8.0                pyhd8ed1ab_0             conda-forge
2025-02-24T16:43:28.9751746Z   isoduration                    20.11.0              pyhd8ed1ab_1             conda-forge
2025-02-24T16:43:28.9752109Z   jedi                           0.19.1               pyhd8ed1ab_0             conda-forge
2025-02-24T16:43:28.9752456Z   jinja2                         3.1.4                pyhd8ed1ab_1             conda-forge
2025-02-24T16:43:28.9752810Z   json5                          0.9.25               pyhd8ed1ab_0             conda-forge
2025-02-24T16:43:28.9753373Z   jsonpointer                    3.0.0                py312h7900ff3_1          conda-forge
2025-02-24T16:43:28.9753926Z   jsonschema                     4.22.0               pyhd8ed1ab_0             conda-forge
2025-02-24T16:43:28.9754397Z   jsonschema-specifications      2023.12.1            pyhd8ed1ab_0             conda-forge
2025-02-24T16:43:28.9755066Z   jsonschema-with-format-nongpl  4.22.0               pyhd8ed1ab_0             conda-forge
2025-02-24T16:43:28.9755511Z   jupyter-lsp                    2.2.5                pyhd8ed1ab_1             conda-forge
2025-02-24T16:43:28.9755888Z   jupyter_client                 8.6.2                pyhd8ed1ab_0             conda-forge
2025-02-24T16:43:28.9756262Z   jupyter_core                   5.7.2                pyh31011fe_1             conda-forge
2025-02-24T16:43:28.9756641Z   jupyter_events                 0.10.0               pyhd8ed1ab_1             conda-forge
2025-02-24T16:43:28.9757028Z   jupyter_server                 2.14.1               pyhd8ed1ab_1             conda-forge
2025-02-24T16:43:28.9757435Z   jupyter_server_terminals       0.5.3                pyhd8ed1ab_1             conda-forge
2025-02-24T16:43:28.9757839Z   jupyterlab                     4.2.2                pyhd8ed1ab_0             conda-forge
2025-02-24T16:43:28.9758239Z   jupyterlab_pygments            0.3.0                pyhd8ed1ab_2             conda-forge
2025-02-24T16:43:28.9758865Z   jupyterlab_server              2.27.2               pyhd8ed1ab_0             conda-forge
2025-02-24T16:43:28.9759281Z   jupyterlab_widgets             1.1.7                pyhd8ed1ab_0             conda-forge
2025-02-24T16:43:28.9759660Z   keyutils                       1.6.1                h166bdaf_0               conda-forge
2025-02-24T16:43:28.9760023Z   kiwisolver                     1.4.5                py312h68727a3_2          conda-forge
2025-02-24T16:43:28.9760370Z   krb5                           1.21.2               h659d440_0               conda-forge
2025-02-24T16:43:28.9760730Z   latexcodec                     2.0.1                pyh9f0ad1d_0             conda-forge
2025-02-24T16:43:28.9761081Z   lcms2                          2.16                 hb7c19ff_0               conda-forge
2025-02-24T16:43:28.9761434Z   ld_impl_linux-64               2.40                 hf3520f5_7               conda-forge
2025-02-24T16:43:28.9761783Z   lerc                           4.0.0                h27087fc_0               conda-forge
2025-02-24T16:43:28.9762118Z   libaec                         1.1.3                h59595ed_0               conda-forge
2025-02-24T16:43:28.9762468Z   libblas                        3.9.0                24_linux64_openblas      conda-forge
2025-02-24T16:43:28.9762849Z   libbrotlicommon                1.1.0                hb9d3cd8_2               conda-forge
2025-02-24T16:43:28.9763244Z   libbrotlidec                   1.1.0                hb9d3cd8_2               conda-forge
2025-02-24T16:43:28.9763626Z   libbrotlienc                   1.1.0                hb9d3cd8_2               conda-forge
2025-02-24T16:43:28.9764229Z   libcblas                       3.9.0                24_linux64_openblas      conda-forge
2025-02-24T16:43:28.9764587Z   libcurl                        8.8.0                hca28451_0               conda-forge
2025-02-24T16:43:28.9764940Z   libdeflate                     1.20                 hd590300_0               conda-forge
2025-02-24T16:43:28.9765310Z   libedit                        3.1.20191231         he28a2e2_2               conda-forge
2025-02-24T16:43:28.9765663Z   libev                          4.33                 hd590300_2               conda-forge
2025-02-24T16:43:28.9766002Z   libexpat                       2.6.2                h59595ed_0               conda-forge
2025-02-24T16:43:28.9766427Z   libffi                         3.4.2                h7f98852_5               conda-forge
2025-02-24T16:43:28.9766785Z   libgcc                         14.2.0               h77fa898_1               conda-forge
2025-02-24T16:43:28.9767300Z   libgcc-ng                      14.2.0               h69a702a_1               conda-forge
2025-02-24T16:43:28.9767639Z   libgd                          2.3.3                h119a65a_9               conda-forge
2025-02-24T16:43:28.9768000Z   libgfortran-ng                 13.2.0               h69a702a_13              conda-forge
2025-02-24T16:43:28.9768379Z   libgfortran5                   13.2.0               h3d2ce59_13              conda-forge
2025-02-24T16:43:28.9768854Z   libglib                        2.80.2               h8a4344b_1               conda-forge
2025-02-24T16:43:28.9769199Z   libgomp                        14.2.0               h77fa898_1               conda-forge
2025-02-24T16:43:28.9769553Z   libiconv                       1.17                 hd590300_2               conda-forge
2025-02-24T16:43:28.9769924Z   libjpeg-turbo                  3.0.0                hd590300_1               conda-forge
2025-02-24T16:43:28.9770302Z   liblapack                      3.9.0                24_linux64_openblas      conda-forge
2025-02-24T16:43:28.9770668Z   libllvm14                      14.0.6               hcd5def8_4               conda-forge
2025-02-24T16:43:28.9771037Z   libnghttp2                     1.58.0               h47da74e_1               conda-forge
2025-02-24T16:43:28.9771408Z   libnsl                         2.0.1                hd590300_0               conda-forge
2025-02-24T16:43:28.9771794Z   libopenblas                    0.3.27               pthreads_hac2b453_1      conda-forge
2025-02-24T16:43:28.9772189Z   libpng                         1.6.43               h2797004_0               conda-forge
2025-02-24T16:43:28.9772529Z   librsvg                        2.58.1               hadf69e7_0               conda-forge
2025-02-24T16:43:28.9772885Z   libsodium                      1.0.18               h36c2ea0_1               conda-forge
2025-02-24T16:43:28.9773246Z   libsqlite                      3.46.0               hde9e2c9_0               conda-forge
2025-02-24T16:43:28.9773599Z   libssh2                        1.11.0               h0841786_0               conda-forge
2025-02-24T16:43:28.9774138Z   libstdcxx                      14.2.0               hc0a3c3a_1               conda-forge
2025-02-24T16:43:28.9774517Z   libstdcxx-ng                   14.2.0               h4852527_1               conda-forge
2025-02-24T16:43:28.9774876Z   libtiff                        4.6.0                h1dd3fc0_3               conda-forge
2025-02-24T16:43:28.9775226Z   libuuid                        2.38.1               h0b41bf4_0               conda-forge
2025-02-24T16:43:28.9775566Z   libwebp                        1.4.0                h2c329e2_0               conda-forge
2025-02-24T16:43:28.9775918Z   libwebp-base                   1.4.0                hd590300_0               conda-forge
2025-02-24T16:43:28.9776270Z   libxcb                         1.15                 h0b41bf4_0               conda-forge
2025-02-24T16:43:28.9776623Z   libxcrypt                      4.4.36               hd590300_1               conda-forge
2025-02-24T16:43:28.9776965Z   libxml2                        2.12.7               h4c95cb1_3               conda-forge
2025-02-24T16:43:28.9777301Z   libxslt                        1.1.39               h76b75d6_0               conda-forge
2025-02-24T16:43:28.9777640Z   libzlib                        1.3.1                hb9d3cd8_2               conda-forge
2025-02-24T16:43:28.9777998Z   llvmlite                       0.43.0               py312h374181b_1          conda-forge
2025-02-24T16:43:28.9778336Z   lxml                           5.2.2                py312hb90d8a5_0          conda-forge
2025-02-24T16:43:28.9778654Z   lz4-c                          1.9.4                hcb278e6_0               conda-forge
2025-02-24T16:43:28.9778965Z   lzo                            2.10                 hd590300_1001            conda-forge
2025-02-24T16:43:28.9779300Z   markupsafe                     2.1.5                py312h66e93f0_1          conda-forge
2025-02-24T16:43:28.9779821Z   matplotlib-base                3.8.4                py312h20ab3a6_2          conda-forge
2025-02-24T16:43:28.9780226Z   matplotlib-inline              0.1.7                pyhd8ed1ab_1             conda-forge
2025-02-24T16:43:28.9780608Z   mistune                        3.0.2                pyhd8ed1ab_1             conda-forge
2025-02-24T16:43:28.9780936Z   mpc                            1.3.1                h24ddda3_1               conda-forge
2025-02-24T16:43:28.9781361Z   mpfr                           4.2.1                h90cbb55_3               conda-forge
2025-02-24T16:43:28.9781689Z   mpmath                         1.3.0                pyhd8ed1ab_1             conda-forge
2025-02-24T16:43:28.9782034Z   munkres                        1.1.4                pyh9f0ad1d_0             conda-forge
2025-02-24T16:43:28.9782401Z   mypy_extensions                1.0.0                pyha770c72_1             conda-forge
2025-02-24T16:43:28.9782783Z   nbclassic                      1.1.0                pyhd8ed1ab_1             conda-forge
2025-02-24T16:43:28.9783155Z   nbclient                       0.10.0               pyhd8ed1ab_0             conda-forge
2025-02-24T16:43:28.9783523Z   nbconvert                      7.16.4               hd8ed1ab_3               conda-forge
2025-02-24T16:43:28.9784061Z   nbconvert-core                 7.16.4               pyhd8ed1ab_3             conda-forge
2025-02-24T16:43:28.9784482Z   nbconvert-pandoc               7.16.4               hd8ed1ab_3               conda-forge
2025-02-24T16:43:28.9784873Z   nbformat                       5.10.4               pyhd8ed1ab_1             conda-forge
2025-02-24T16:43:28.9785258Z   nbsphinx                       0.9.4                pyhd8ed1ab_0             conda-forge
2025-02-24T16:43:28.9785615Z   ncurses                        6.5                  he02047a_1               conda-forge
2025-02-24T16:43:28.9785976Z   nest-asyncio                   1.6.0                pyhd8ed1ab_1             conda-forge
2025-02-24T16:43:28.9786351Z   networkx                       3.3                  pyhd8ed1ab_1             conda-forge
2025-02-24T16:43:28.9786693Z   nomkl                          1.0                  h5ca1d4c_0               conda-forge
2025-02-24T16:43:28.9787036Z   notebook                       7.2.1                pyhd8ed1ab_0             conda-forge
2025-02-24T16:43:28.9787406Z   notebook-shim                  0.2.4                pyhd8ed1ab_1             conda-forge
2025-02-24T16:43:28.9787781Z   numba                          0.60.0               py312h83e6fd3_0          conda-forge
2025-02-24T16:43:28.9788126Z   numexpr                        2.10.0               py312hf412c99_100        conda-forge
2025-02-24T16:43:28.9788467Z   numpy                          2.0.2                py312h58c1407_1          conda-forge
2025-02-24T16:43:28.9788813Z   numpydoc                       1.7.0                pyhd8ed1ab_3             conda-forge
2025-02-24T16:43:28.9789168Z   openjpeg                       2.5.2                h488ebb8_0               conda-forge
2025-02-24T16:43:28.9789524Z   openssl                        3.4.0                h7b32b05_1               conda-forge
2025-02-24T16:43:28.9789884Z   overrides                      7.7.0                pyhd8ed1ab_1             conda-forge
2025-02-24T16:43:28.9790258Z   packaging                      24.1                 pyhd8ed1ab_0             conda-forge
2025-02-24T16:43:28.9790640Z   pandas                         2.2.2                py312h1d6d2e6_1          conda-forge
2025-02-24T16:43:28.9790987Z   pandoc                         3.2.1                ha770c72_0               conda-forge
2025-02-24T16:43:28.9791356Z   pandocfilters                  1.5.0                pyhd8ed1ab_0             conda-forge
2025-02-24T16:43:28.9791731Z   pango                          1.54.0               h84a9a3c_0               conda-forge
2025-02-24T16:43:28.9792070Z   parso                          0.8.4                pyhd8ed1ab_1             conda-forge
2025-02-24T16:43:28.9792578Z   pathspec                       0.12.1               pyhd8ed1ab_1             conda-forge
2025-02-24T16:43:28.9792938Z   pbr                            6.0.0                pyhd8ed1ab_0             conda-forge
2025-02-24T16:43:28.9793273Z   pcre2                          10.44                hba22ea6_2               conda-forge
2025-02-24T16:43:28.9793620Z   pexpect                        4.9.0                pyhd8ed1ab_1             conda-forge
2025-02-24T16:43:28.9794285Z   pickleshare                    0.7.5                pyhd8ed1ab_1004          conda-forge
2025-02-24T16:43:28.9794658Z   pillow                         10.3.0               py312hdcec9eb_0          conda-forge
2025-02-24T16:43:28.9794995Z   pip                            24.0                 pyhd8ed1ab_0             conda-forge
2025-02-24T16:43:28.9795332Z   pixman                         0.43.2               h59595ed_0               conda-forge
2025-02-24T16:43:28.9795724Z   pkgutil-resolve-name           1.3.10               pyhd8ed1ab_2             conda-forge
2025-02-24T16:43:28.9796144Z   platformdirs                   4.2.2                pyhd8ed1ab_0             conda-forge
2025-02-24T16:43:28.9796508Z   plotly                         5.22.0               pyhd8ed1ab_0             conda-forge
2025-02-24T16:43:28.9796849Z   pluggy                         1.5.0                pyhd8ed1ab_1             conda-forge
2025-02-24T16:43:28.9797234Z   prometheus_client              0.20.0               pyhd8ed1ab_0             conda-forge
2025-02-24T16:43:28.9797638Z   prompt-toolkit                 3.0.47               pyha770c72_0             conda-forge
2025-02-24T16:43:28.9798014Z   psutil                         5.9.8                py312h98912ed_0          conda-forge
2025-02-24T16:43:28.9798377Z   pthread-stubs                  0.4                  hb9d3cd8_1002            conda-forge
2025-02-24T16:43:28.9798753Z   ptyprocess                     0.7.0                pyhd8ed1ab_1             conda-forge
2025-02-24T16:43:28.9799122Z   pure_eval                      0.2.2                pyhd8ed1ab_0             conda-forge
2025-02-24T16:43:28.9799488Z   py-cpuinfo                     9.0.0                pyhd8ed1ab_1             conda-forge
2025-02-24T16:43:28.9799846Z   pybtex                         0.24.0               pyhd8ed1ab_3             conda-forge
2025-02-24T16:43:28.9800231Z   pybtex-docutils                1.0.3                py312h7900ff3_2          conda-forge
2025-02-24T16:43:28.9800619Z   pycparser                      2.22                 pyh29332c3_1             conda-forge
2025-02-24T16:43:28.9800971Z   pyerfa                         2.0.1.4              py312hc0a28a1_2          conda-forge
2025-02-24T16:43:28.9801326Z   pygments                       2.18.0               pyhd8ed1ab_1             conda-forge
2025-02-24T16:43:28.9801693Z   pygraphviz                     1.13                 py312h4a1d8a7_1          conda-forge
2025-02-24T16:43:28.9802140Z   pyparsing                      3.1.2                pyhd8ed1ab_0             conda-forge
2025-02-24T16:43:28.9802796Z   pysocks                        1.7.1                pyha55dd90_7             conda-forge
2025-02-24T16:43:28.9803415Z   pytables                       3.10.2               py312h2895ec7_0          conda-forge
2025-02-24T16:43:28.9804160Z   pytest                         8.2.2                pyhd8ed1ab_0             conda-forge
2025-02-24T16:43:28.9804600Z   pytest-cov                     5.0.0                pyhd8ed1ab_0             conda-forge
2025-02-24T16:43:28.9805018Z   pytest-doctestplus             1.2.1                pyhd8ed1ab_0             conda-forge
2025-02-24T16:43:28.9805426Z   pytest-html                    4.1.1                pyhd8ed1ab_1             conda-forge
2025-02-24T16:43:28.9805818Z   pytest-metadata                3.1.1                pyhd8ed1ab_1             conda-forge
2025-02-24T16:43:28.9806199Z   python                         3.12.4               h194c7f8_0_cpython       conda-forge
2025-02-24T16:43:28.9806770Z   python-dateutil                2.9.0.post0          pyhff2d567_1             conda-forge
2025-02-24T16:43:28.9807207Z   python-fastjsonschema          2.20.0               pyhd8ed1ab_0             conda-forge
2025-02-24T16:43:28.9807643Z   python-json-logger             2.0.7                pyhd8ed1ab_0             conda-forge
2025-02-24T16:43:28.9808053Z   python-tzdata                  2024.1               pyhd8ed1ab_0             conda-forge
2025-02-24T16:43:28.9808551Z   python_abi                     3.12                 5_cp312                  conda-forge
2025-02-24T16:43:28.9808922Z   pytz                           2024.1               pyhd8ed1ab_0             conda-forge
2025-02-24T16:43:28.9809289Z   pyyaml                         6.0.1                py312h98912ed_1          conda-forge
2025-02-24T16:43:28.9809633Z   pyzmq                          26.0.3               py312h8fd38d8_0          conda-forge
2025-02-24T16:43:28.9809973Z   qgrid                          1.3.1                pyhd8ed1ab_4             conda-forge
2025-02-24T16:43:28.9810359Z   radioactivedecay               0.5.1                pyhd8ed1ab_1             conda-forge
2025-02-24T16:43:28.9810748Z   readline                       8.2                  h8228510_1               conda-forge
2025-02-24T16:43:28.9811113Z   recommonmark                   0.7.1                pyhd8ed1ab_1             conda-forge
2025-02-24T16:43:28.9811501Z   referencing                    0.35.1               pyhd8ed1ab_1             conda-forge
2025-02-24T16:43:28.9811888Z   requests                       2.32.3               pyhd8ed1ab_1             conda-forge
2025-02-24T16:43:28.9812284Z   rfc3339-validator              0.1.4                pyhd8ed1ab_1             conda-forge
2025-02-24T16:43:28.9812699Z   rfc3986-validator              0.1.1                pyh9f0ad1d_0             conda-forge
2025-02-24T16:43:28.9813077Z   rpds-py                        0.18.1               py312h4413252_0          conda-forge
2025-02-24T16:43:28.9813423Z   ruff                           0.4.9                py312h5715c7c_0          conda-forge
2025-02-24T16:43:28.9813915Z   scipy                          1.13.1               py312hc2bc53b_0          conda-forge
2025-02-24T16:43:28.9814526Z   send2trash                     1.8.3                pyh0d859eb_1             conda-forge
2025-02-24T16:43:28.9814917Z   setuptools                     70.0.0               pyhd8ed1ab_0             conda-forge
2025-02-24T16:43:28.9815315Z   setuptools-scm                 8.1.0                pyhd8ed1ab_1             conda-forge
2025-02-24T16:43:28.9815706Z   setuptools_scm                 8.1.0                hd8ed1ab_1               conda-forge
2025-02-24T16:43:28.9816067Z   six                            1.16.0               pyhd8ed1ab_1             conda-forge
2025-02-24T16:43:28.9816412Z   snakeviz                       2.2.0                pyhd8ed1ab_0             conda-forge
2025-02-24T16:43:28.9816770Z   snappy                         1.2.0                hdb0a2a9_1               conda-forge
2025-02-24T16:43:28.9817132Z   sniffio                        1.3.1                pyhd8ed1ab_1             conda-forge
2025-02-24T16:43:28.9817511Z   snowballstemmer                2.2.0                pyhd8ed1ab_0             conda-forge
2025-02-24T16:43:28.9817910Z   soupsieve                      2.5                  pyhd8ed1ab_1             conda-forge
2025-02-24T16:43:28.9818267Z   sphinx                         7.3.7                pyhd8ed1ab_0             conda-forge
2025-02-24T16:43:28.9818649Z   sphinx-astropy                 1.9.1                pyhd8ed1ab_1             conda-forge
2025-02-24T16:43:28.9819062Z   sphinx-automodapi              0.17.0               pyh717bed2_1             conda-forge
2025-02-24T16:43:28.9819472Z   sphinx-gallery                 0.16.0               pyhd8ed1ab_0             conda-forge
2025-02-24T16:43:28.9819888Z   sphinx-jsonschema              1.19.1               pyhd8ed1ab_1             conda-forge
2025-02-24T16:43:28.9820472Z   sphinx_bootstrap_theme         0.8.1                pyhd8ed1ab_1             conda-forge
2025-02-24T16:43:28.9820887Z   sphinx_rtd_theme               2.0.0                pyha770c72_0             conda-forge
2025-02-24T16:43:28.9821296Z   sphinxcontrib-apidoc           0.3.0                py_1                     conda-forge
2025-02-24T16:43:28.9821746Z   sphinxcontrib-applehelp        1.0.8                pyhd8ed1ab_0             conda-forge
2025-02-24T16:43:28.9822303Z   sphinxcontrib-bibtex           2.6.2                pyhd8ed1ab_0             conda-forge
2025-02-24T16:43:28.9822750Z   sphinxcontrib-devhelp          1.0.6                pyhd8ed1ab_0             conda-forge
2025-02-24T16:43:28.9823200Z   sphinxcontrib-htmlhelp         2.0.5                pyhd8ed1ab_0             conda-forge
2025-02-24T16:43:28.9823646Z   sphinxcontrib-jquery           4.1                  pyhd8ed1ab_1             conda-forge
2025-02-24T16:43:28.9824259Z   sphinxcontrib-jsmath           1.0.1                pyhd8ed1ab_1             conda-forge
2025-02-24T16:43:28.9824704Z   sphinxcontrib-qthelp           1.0.7                pyhd8ed1ab_0             conda-forge
2025-02-24T16:43:28.9825187Z   sphinxcontrib-serializinghtml  1.1.10               pyhd8ed1ab_1             conda-forge
2025-02-24T16:43:28.9825625Z   stack_data                     0.6.2                pyhd8ed1ab_0             conda-forge
2025-02-24T16:43:28.9825989Z   sympy                          1.12.1               pypyh2585a3b_103         conda-forge
2025-02-24T16:43:28.9826350Z   tabulate                       0.9.0                pyhd8ed1ab_2             conda-forge
2025-02-24T16:43:28.9826709Z   tenacity                       8.4.1                pyhd8ed1ab_0             conda-forge
2025-02-24T16:43:28.9827071Z   terminado                      0.18.1               pyh0d859eb_0             conda-forge
2025-02-24T16:43:28.9827431Z   tinycss2                       1.3.0                pyhd8ed1ab_0             conda-forge
2025-02-24T16:43:28.9827773Z   tk                             8.6.13               noxft_h4845f30_101       conda-forge
2025-02-24T16:43:28.9828098Z   toml                           0.10.2               pyhd8ed1ab_1             conda-forge
2025-02-24T16:43:28.9828441Z   tomli                          2.0.1                pyhd8ed1ab_0             conda-forge
2025-02-24T16:43:28.9828786Z   tornado                        6.4.1                py312h66e93f0_1          conda-forge
2025-02-24T16:43:28.9829132Z   tqdm                           4.66.4               pyhd8ed1ab_0             conda-forge
2025-02-24T16:43:28.9829487Z   traitlets                      5.14.3               pyhd8ed1ab_1             conda-forge
2025-02-24T16:43:28.9829851Z   typed-ast                      1.5.5                py312h98912ed_1          conda-forge
2025-02-24T16:43:28.9830266Z   types-python-dateutil          2.9.0.20240316       pyhd8ed1ab_0             conda-forge
2025-02-24T16:43:28.9830710Z   typing-extensions              4.12.2               hd8ed1ab_1               conda-forge
2025-02-24T16:43:28.9831129Z   typing_extensions              4.12.2               pyha770c72_1             conda-forge
2025-02-24T16:43:28.9831522Z   typing_utils                   0.1.0                pyhd8ed1ab_1             conda-forge
2025-02-24T16:43:28.9831914Z   tzdata                         2024a                h8827d51_1               conda-forge
2025-02-24T16:43:28.9832291Z   uri-template                   1.3.0                pyhd8ed1ab_1             conda-forge
2025-02-24T16:43:28.9832670Z   urllib3                        2.2.2                pyhd8ed1ab_1             conda-forge
2025-02-24T16:43:28.9833027Z   wcwidth                        0.2.13               pyhd8ed1ab_1             conda-forge
2025-02-24T16:43:28.9833397Z   webcolors                      24.6.0               pyhd8ed1ab_0             conda-forge
2025-02-24T16:43:28.9834041Z   webencodings                   0.5.1                pyhd8ed1ab_3             conda-forge
2025-02-24T16:43:28.9834451Z   websocket-client               1.8.0                pyhd8ed1ab_1             conda-forge
2025-02-24T16:43:28.9834968Z   wheel                          0.43.0               pyhd8ed1ab_1             conda-forge
2025-02-24T16:43:28.9835356Z   widgetsnbextension             3.6.6                pyhd8ed1ab_0             conda-forge
2025-02-24T16:43:28.9835760Z   xorg-kbproto                   1.0.7                hb9d3cd8_1003            conda-forge
2025-02-24T16:43:28.9836244Z   xorg-libice                    1.1.1                hb9d3cd8_1               conda-forge
2025-02-24T16:43:28.9836608Z   xorg-libsm                     1.2.4                he73a12e_1               conda-forge
2025-02-24T16:43:28.9836971Z   xorg-libx11                    1.8.9                h8ee46fc_0               conda-forge
2025-02-24T16:43:28.9837341Z   xorg-libxau                    1.0.11               hb9d3cd8_1               conda-forge
2025-02-24T16:43:28.9837718Z   xorg-libxdmcp                  1.1.3                hb9d3cd8_2               conda-forge
2025-02-24T16:43:28.9838104Z   xorg-libxext                   1.3.4                h0b41bf4_2               conda-forge
2025-02-24T16:43:28.9838494Z   xorg-libxrender                0.9.11               hd590300_0               conda-forge
2025-02-24T16:43:28.9838904Z   xorg-renderproto               0.11.1               hb9d3cd8_1003            conda-forge
2025-02-24T16:43:28.9839306Z   xorg-xextproto                 7.3.0                hb9d3cd8_1004            conda-forge
2025-02-24T16:43:28.9839699Z   xorg-xproto                    7.0.31               hb9d3cd8_1008            conda-forge
2025-02-24T16:43:28.9840051Z   xz                             5.2.6                h166bdaf_0               conda-forge
2025-02-24T16:43:28.9840376Z   yaml                           0.2.5                h7f98852_2               conda-forge
2025-02-24T16:43:28.9840708Z   zeromq                         4.3.5                h75354e8_4               conda-forge
2025-02-24T16:43:28.9841057Z   zipp                           3.19.2               pyhd8ed1ab_0             conda-forge
2025-02-24T16:43:28.9841395Z   zlib                           1.3.1                hb9d3cd8_2               conda-forge
2025-02-24T16:43:28.9841724Z   zlib-ng                        2.2.3                h7955e40_0               conda-forge
2025-02-24T16:43:28.9842076Z   zstandard                      0.23.0               py312hef9b889_1          conda-forge
2025-02-24T16:43:28.9842431Z   zstd                           1.5.6                ha6fb4c9_0               conda-forge
2025-02-24T16:43:28.9842960Z ##[endgroup]
