2025-01-15T22:00:04.6859410Z Prepare all required actions
2025-01-15T22:00:04.6859690Z Getting action download info
2025-01-15T22:00:04.8046300Z Download action repository 'actions/cache@v4' (SHA:1bd1e32a3bdc45362d1e726936510720a7c30a57)
2025-01-15T22:00:04.9085660Z ##[group]Run ./.github/actions/setup_lfs
2025-01-15T22:00:04.9085870Z with:
2025-01-15T22:00:04.9086040Z   regression-data-repo: tardis-sn/tardis-regression-data
2025-01-15T22:00:04.9086250Z env:
2025-01-15T22:00:04.9086370Z   CACHE_NUMBER: 0
2025-01-15T22:00:04.9086810Z   PYTEST_FLAGS: --tardis-regression-data=/Users/runner/work/tardis/tardis/tardis-regression-data --cov=tardis --cov-report=xml --cov-report=html --cov-append
2025-01-15T22:00:04.9087270Z   CODECOV_TOKEN: 
2025-01-15T22:00:04.9087410Z ##[endgroup]
2025-01-15T22:00:04.9166180Z ##[group]Run actions/checkout@v4
2025-01-15T22:00:04.9166350Z with:
2025-01-15T22:00:04.9166480Z   repository: tardis-sn/tardis-regression-data
2025-01-15T22:00:04.9166690Z   path: tardis-regression-data
2025-01-15T22:00:04.9166910Z   token: ***
2025-01-15T22:00:04.9167050Z   ssh-strict: true
2025-01-15T22:00:04.9167180Z   ssh-user: git
2025-01-15T22:00:04.9167310Z   persist-credentials: true
2025-01-15T22:00:04.9167470Z   clean: true
2025-01-15T22:00:04.9167600Z   sparse-checkout-cone-mode: true
2025-01-15T22:00:04.9167760Z   fetch-depth: 1
2025-01-15T22:00:04.9167880Z   fetch-tags: false
2025-01-15T22:00:04.9168000Z   show-progress: true
2025-01-15T22:00:04.9168130Z   lfs: false
2025-01-15T22:00:04.9168240Z   submodules: false
2025-01-15T22:00:04.9168370Z   set-safe-directory: true
2025-01-15T22:00:04.9168500Z env:
2025-01-15T22:00:04.9168600Z   CACHE_NUMBER: 0
2025-01-15T22:00:04.9169030Z   PYTEST_FLAGS: --tardis-regression-data=/Users/runner/work/tardis/tardis/tardis-regression-data --cov=tardis --cov-report=xml --cov-report=html --cov-append
2025-01-15T22:00:04.9169480Z   CODECOV_TOKEN: 
2025-01-15T22:00:04.9169600Z ##[endgroup]
2025-01-15T22:00:05.0129490Z Syncing repository: tardis-sn/tardis-regression-data
2025-01-15T22:00:05.0130500Z ##[group]Getting Git version info
2025-01-15T22:00:05.0131250Z Working directory is '/Users/runner/work/tardis/tardis/tardis-regression-data'
2025-01-15T22:00:05.0132200Z [command]/opt/homebrew/bin/git version
2025-01-15T22:00:05.0133180Z git version 2.48.0
2025-01-15T22:00:05.0135100Z ##[endgroup]
2025-01-15T22:00:05.0141150Z Copying '/Users/runner/.gitconfig' to '/Users/runner/work/_temp/93ddfc63-f78f-494e-8ea4-d50933584eee/.gitconfig'
2025-01-15T22:00:05.0148440Z Temporarily overriding HOME='/Users/runner/work/_temp/93ddfc63-f78f-494e-8ea4-d50933584eee' before making global git config changes
2025-01-15T22:00:05.0149330Z Adding repository directory to the temporary git global config as a safe directory
2025-01-15T22:00:05.0153080Z [command]/opt/homebrew/bin/git config --global --add safe.directory /Users/runner/work/tardis/tardis/tardis-regression-data
2025-01-15T22:00:05.0199900Z ##[group]Initializing the repository
2025-01-15T22:00:05.0203000Z [command]/opt/homebrew/bin/git init /Users/runner/work/tardis/tardis/tardis-regression-data
2025-01-15T22:00:05.0277430Z hint: Using 'master' as the name for the initial branch. This default branch name
2025-01-15T22:00:05.0278630Z hint: is subject to change. To configure the initial branch name to use in all
2025-01-15T22:00:05.0279220Z hint: of your new repositories, which will suppress this warning, call:
2025-01-15T22:00:05.0279510Z hint:
2025-01-15T22:00:05.0279770Z hint: 	git config --global init.defaultBranch <name>
2025-01-15T22:00:05.0280020Z hint:
2025-01-15T22:00:05.0280250Z hint: Names commonly chosen instead of 'master' are 'main', 'trunk' and
2025-01-15T22:00:05.0280640Z hint: 'development'. The just-created branch can be renamed via this command:
2025-01-15T22:00:05.0280930Z hint:
2025-01-15T22:00:05.0281070Z hint: 	git branch -m <name>
2025-01-15T22:00:05.0281430Z Initialized empty Git repository in /Users/runner/work/tardis/tardis/tardis-regression-data/.git/
2025-01-15T22:00:05.0282700Z [command]/opt/homebrew/bin/git remote add origin https://github.com/tardis-sn/tardis-regression-data
2025-01-15T22:00:05.0322860Z ##[endgroup]
2025-01-15T22:00:05.0323170Z ##[group]Disabling automatic garbage collection
2025-01-15T22:00:05.0325360Z [command]/opt/homebrew/bin/git config --local gc.auto 0
2025-01-15T22:00:05.0359650Z ##[endgroup]
2025-01-15T22:00:05.0359920Z ##[group]Setting up auth
2025-01-15T22:00:05.0364120Z [command]/opt/homebrew/bin/git config --local --name-only --get-regexp core\.sshCommand
2025-01-15T22:00:05.0398200Z [command]/opt/homebrew/bin/git submodule foreach --recursive sh -c "git config --local --name-only --get-regexp 'core\.sshCommand' && git config --local --unset-all 'core.sshCommand' || :"
2025-01-15T22:00:05.0847320Z [command]/opt/homebrew/bin/git config --local --name-only --get-regexp http\.https\:\/\/github\.com\/\.extraheader
2025-01-15T22:00:05.0881370Z [command]/opt/homebrew/bin/git submodule foreach --recursive sh -c "git config --local --name-only --get-regexp 'http\.https\:\/\/github\.com\/\.extraheader' && git config --local --unset-all 'http.https://github.com/.extraheader' || :"
2025-01-15T22:00:05.1324060Z [command]/opt/homebrew/bin/git config --local http.https://github.com/.extraheader AUTHORIZATION: basic ***
2025-01-15T22:00:05.1365900Z ##[endgroup]
2025-01-15T22:00:05.1366210Z ##[group]Determining the default branch
2025-01-15T22:00:05.1367630Z Retrieving the default branch name
2025-01-15T22:00:05.5918340Z Default branch 'main'
2025-01-15T22:00:05.5953460Z ##[endgroup]
2025-01-15T22:00:05.5956020Z ##[group]Fetching the repository
2025-01-15T22:00:05.5960740Z [command]/opt/homebrew/bin/git -c protocol.version=2 fetch --no-tags --prune --no-recurse-submodules --depth=1 origin +refs/heads/main:refs/remotes/origin/main
2025-01-15T22:00:06.7810850Z From https://github.com/tardis-sn/tardis-regression-data
2025-01-15T22:00:06.7823170Z  * [new branch]      main       -> origin/main
2025-01-15T22:00:06.7996210Z ##[endgroup]
2025-01-15T22:00:06.8063350Z ##[group]Determining the checkout info
2025-01-15T22:00:06.8074080Z ##[endgroup]
2025-01-15T22:00:06.8175040Z [command]/opt/homebrew/bin/git sparse-checkout disable
2025-01-15T22:00:06.8568700Z [command]/opt/homebrew/bin/git config --local --unset-all extensions.worktreeConfig
2025-01-15T22:00:06.9158470Z ##[group]Checking out the ref
2025-01-15T22:00:06.9259590Z [command]/opt/homebrew/bin/git checkout --progress --force -B main refs/remotes/origin/main
2025-01-15T22:00:07.2099010Z Switched to a new branch 'main'
2025-01-15T22:00:07.2099580Z branch 'main' set up to track 'origin/main'.
2025-01-15T22:00:07.2844990Z ##[endgroup]
2025-01-15T22:00:07.2902710Z [command]/opt/homebrew/bin/git log -1 --format=%H
2025-01-15T22:00:07.2944680Z fa7729bc9c30e14b69acd641af8b692b56fcd416
2025-01-15T22:00:07.3038840Z ##[group]Run git lfs ls-files -l | cut -d' ' -f1 | sort > .lfs-assets-id
2025-01-15T22:00:07.3039280Z [36;1mgit lfs ls-files -l | cut -d' ' -f1 | sort > .lfs-assets-id[0m
2025-01-15T22:00:07.3109450Z shell: /bin/bash --noprofile --norc -e -o pipefail {0}
2025-01-15T22:00:07.3109710Z env:
2025-01-15T22:00:07.3109860Z   CACHE_NUMBER: 0
2025-01-15T22:00:07.3110350Z   PYTEST_FLAGS: --tardis-regression-data=/Users/runner/work/tardis/tardis/tardis-regression-data --cov=tardis --cov-report=xml --cov-report=html --cov-append
2025-01-15T22:00:07.3110860Z   CODECOV_TOKEN: 
2025-01-15T22:00:07.3110990Z ##[endgroup]
2025-01-15T22:00:07.5624860Z ##[group]Run actions/cache/restore@v4
2025-01-15T22:00:07.5625160Z with:
2025-01-15T22:00:07.5625310Z   path: tardis-regression-data/.git/lfs
2025-01-15T22:00:07.5625710Z   key: macOS-lfs-21f9fa4b6817cc69b9fae3598144724da7828e276a73bd17f47a2a49d9af090a-v1
2025-01-15T22:00:07.5626080Z   enableCrossOsArchive: false
2025-01-15T22:00:07.5626260Z   fail-on-cache-miss: false
2025-01-15T22:00:07.5626460Z   lookup-only: false
2025-01-15T22:00:07.5626610Z env:
2025-01-15T22:00:07.5626730Z   CACHE_NUMBER: 0
2025-01-15T22:00:07.5627220Z   PYTEST_FLAGS: --tardis-regression-data=/Users/runner/work/tardis/tardis/tardis-regression-data --cov=tardis --cov-report=xml --cov-report=html --cov-append
2025-01-15T22:00:07.5628030Z   CODECOV_TOKEN: 
2025-01-15T22:00:07.5628170Z ##[endgroup]
2025-01-15T22:00:08.7893460Z Received 54525952 of 1706796060 (3.2%), 52.0 MBs/sec
2025-01-15T22:00:09.7899000Z Received 113246208 of 1706796060 (6.6%), 54.0 MBs/sec
2025-01-15T22:00:10.7900260Z Received 197132288 of 1706796060 (11.5%), 62.6 MBs/sec
2025-01-15T22:00:11.7925470Z Received 268435456 of 1706796060 (15.7%), 64.0 MBs/sec
2025-01-15T22:00:12.7925540Z Received 327155712 of 1706796060 (19.2%), 62.4 MBs/sec
2025-01-15T22:00:13.7926310Z Received 406847488 of 1706796060 (23.8%), 64.6 MBs/sec
2025-01-15T22:00:14.7926040Z Received 478150656 of 1706796060 (28.0%), 65.1 MBs/sec
2025-01-15T22:00:15.7925790Z Received 545259520 of 1706796060 (31.9%), 65.0 MBs/sec
2025-01-15T22:00:16.7924720Z Received 616562688 of 1706796060 (36.1%), 65.3 MBs/sec
2025-01-15T22:00:17.7952090Z Received 683671552 of 1706796060 (40.1%), 65.2 MBs/sec
2025-01-15T22:00:18.7927430Z Received 780140544 of 1706796060 (45.7%), 67.6 MBs/sec
2025-01-15T22:00:19.7927820Z Received 855638016 of 1706796060 (50.1%), 68.0 MBs/sec
2025-01-15T22:00:20.7926630Z Received 926941184 of 1706796060 (54.3%), 68.0 MBs/sec
2025-01-15T22:00:21.7924890Z Received 998244352 of 1706796060 (58.5%), 68.0 MBs/sec
2025-01-15T22:00:22.7925820Z Received 1065353216 of 1706796060 (62.4%), 67.7 MBs/sec
2025-01-15T22:00:23.7925390Z Received 1153433600 of 1706796060 (67.6%), 68.7 MBs/sec
2025-01-15T22:00:24.7924240Z Received 1233125376 of 1706796060 (72.2%), 69.2 MBs/sec
2025-01-15T22:00:25.7927180Z Received 1308622848 of 1706796060 (76.7%), 69.3 MBs/sec
2025-01-15T22:00:26.7925840Z Received 1371537408 of 1706796060 (80.4%), 68.8 MBs/sec
2025-01-15T22:00:27.7964020Z Received 1447034880 of 1706796060 (84.8%), 69.0 MBs/sec
2025-01-15T22:00:28.7936670Z Received 1518338048 of 1706796060 (89.0%), 68.9 MBs/sec
2025-01-15T22:00:29.7978770Z Received 1606418432 of 1706796060 (94.1%), 69.6 MBs/sec
2025-01-15T22:00:30.7971900Z Received 1673527296 of 1706796060 (98.1%), 69.4 MBs/sec
2025-01-15T22:00:31.4311340Z Cache Size: ~1628 MB (1706796060 B)
2025-01-15T22:00:31.4554560Z [command]/opt/homebrew/bin/gtar -xf /Users/runner/work/_temp/fb2d0273-abbf-4da0-a38c-337670a9b840/cache.tzst -P -C /Users/runner/work/tardis/tardis --delay-directory-restore --use-compress-program unzstd
2025-01-15T22:00:31.7998650Z Received 1706796060 of 1706796060 (100.0%), 67.8 MBs/sec
2025-01-15T22:00:37.0800000Z Cache restored successfully
2025-01-15T22:00:37.1998620Z Cache restored from key: macOS-lfs-21f9fa4b6817cc69b9fae3598144724da7828e276a73bd17f47a2a49d9af090a-v1
2025-01-15T22:00:37.2233680Z ##[group]Run git lfs checkout
2025-01-15T22:00:37.2234120Z [36;1mgit lfs checkout[0m
2025-01-15T22:00:37.2417750Z shell: /bin/bash --noprofile --norc -e -o pipefail {0}
2025-01-15T22:00:37.2418350Z env:
2025-01-15T22:00:37.2418610Z   CACHE_NUMBER: 0
2025-01-15T22:00:37.2419360Z   PYTEST_FLAGS: --tardis-regression-data=/Users/runner/work/tardis/tardis/tardis-regression-data --cov=tardis --cov-report=xml --cov-report=html --cov-append
2025-01-15T22:00:37.2419890Z   CODECOV_TOKEN: 
2025-01-15T22:00:37.2420060Z ##[endgroup]
2025-01-15T22:00:44.9396620Z Checking out LFS objects: 100% (204/204), 3.5 GB | 357 MB/s, done.
