2025-01-06T15:24:48.7711849Z Prepare all required actions
2025-01-06T15:24:48.7713197Z Getting action download info
2025-01-06T15:24:48.9429317Z Download action repository 'actions/cache@v4' (SHA:1bd1e32a3bdc45362d1e726936510720a7c30a57)
2025-01-06T15:24:49.2646556Z ##[group]Run ./.github/actions/setup_lfs
2025-01-06T15:24:49.2647304Z with:
2025-01-06T15:24:49.2647941Z   regression-data-repo: tardis-sn/tardis-regression-data
2025-01-06T15:24:49.2648793Z env:
2025-01-06T15:24:49.2649236Z   CACHE_NUMBER: 0
2025-01-06T15:24:49.2651124Z   PYTEST_FLAGS: --tardis-regression-data=/home/runner/work/tardis/tardis/tardis-regression-data --cov=tardis --cov-report=xml --cov-report=html --cov-append
2025-01-06T15:24:49.2653175Z   CODECOV_TOKEN: 
2025-01-06T15:24:49.2653788Z ##[endgroup]
2025-01-06T15:24:49.2822468Z ##[group]Run actions/checkout@v4
2025-01-06T15:24:49.2823112Z with:
2025-01-06T15:24:49.2823760Z   repository: tardis-sn/tardis-regression-data
2025-01-06T15:24:49.2824568Z   path: tardis-regression-data
2025-01-06T15:24:49.2825437Z   token: ***
2025-01-06T15:24:49.2825921Z   ssh-strict: true
2025-01-06T15:24:49.2826387Z   ssh-user: git
2025-01-06T15:24:49.2826873Z   persist-credentials: true
2025-01-06T15:24:49.2827444Z   clean: true
2025-01-06T15:24:49.2827936Z   sparse-checkout-cone-mode: true
2025-01-06T15:24:49.2828579Z   fetch-depth: 1
2025-01-06T15:24:49.2829041Z   fetch-tags: false
2025-01-06T15:24:49.2829530Z   show-progress: true
2025-01-06T15:24:49.2830027Z   lfs: false
2025-01-06T15:24:49.2830473Z   submodules: false
2025-01-06T15:24:49.2830972Z   set-safe-directory: true
2025-01-06T15:24:49.2831521Z env:
2025-01-06T15:24:49.2831903Z   CACHE_NUMBER: 0
2025-01-06T15:24:49.2833845Z   PYTEST_FLAGS: --tardis-regression-data=/home/runner/work/tardis/tardis/tardis-regression-data --cov=tardis --cov-report=xml --cov-report=html --cov-append
2025-01-06T15:24:49.2835868Z   CODECOV_TOKEN: 
2025-01-06T15:24:49.2836327Z ##[endgroup]
2025-01-06T15:24:49.3787814Z Syncing repository: tardis-sn/tardis-regression-data
2025-01-06T15:24:49.3794933Z ##[group]Getting Git version info
2025-01-06T15:24:49.3796985Z Working directory is '/home/runner/work/tardis/tardis/tardis-regression-data'
2025-01-06T15:24:49.3838420Z [command]/usr/bin/git version
2025-01-06T15:24:49.3882812Z git version 2.47.1
2025-01-06T15:24:49.3909196Z ##[endgroup]
2025-01-06T15:24:49.3924078Z Temporarily overriding HOME='/home/runner/work/_temp/18b77d39-80ce-4bb2-bc8a-b323ca1443cf' before making global git config changes
2025-01-06T15:24:49.3928194Z Adding repository directory to the temporary git global config as a safe directory
2025-01-06T15:24:49.3931786Z [command]/usr/bin/git config --global --add safe.directory /home/runner/work/tardis/tardis/tardis-regression-data
2025-01-06T15:24:49.3962793Z ##[group]Initializing the repository
2025-01-06T15:24:49.3969048Z [command]/usr/bin/git init /home/runner/work/tardis/tardis/tardis-regression-data
2025-01-06T15:24:49.4006224Z hint: Using 'master' as the name for the initial branch. This default branch name
2025-01-06T15:24:49.4008710Z hint: is subject to change. To configure the initial branch name to use in all
2025-01-06T15:24:49.4011245Z hint: of your new repositories, which will suppress this warning, call:
2025-01-06T15:24:49.4013057Z hint:
2025-01-06T15:24:49.4014332Z hint: 	git config --global init.defaultBranch <name>
2025-01-06T15:24:49.4015758Z hint:
2025-01-06T15:24:49.4017025Z hint: Names commonly chosen instead of 'master' are 'main', 'trunk' and
2025-01-06T15:24:49.4019538Z hint: 'development'. The just-created branch can be renamed via this command:
2025-01-06T15:24:49.4021831Z hint:
2025-01-06T15:24:49.4022578Z hint: 	git branch -m <name>
2025-01-06T15:24:49.4024881Z Initialized empty Git repository in /home/runner/work/tardis/tardis/tardis-regression-data/.git/
2025-01-06T15:24:49.4028067Z [command]/usr/bin/git remote add origin https://github.com/tardis-sn/tardis-regression-data
2025-01-06T15:24:49.4053822Z ##[endgroup]
2025-01-06T15:24:49.4054800Z ##[group]Disabling automatic garbage collection
2025-01-06T15:24:49.4059150Z [command]/usr/bin/git config --local gc.auto 0
2025-01-06T15:24:49.4090106Z ##[endgroup]
2025-01-06T15:24:49.4091575Z ##[group]Setting up auth
2025-01-06T15:24:49.4097743Z [command]/usr/bin/git config --local --name-only --get-regexp core\.sshCommand
2025-01-06T15:24:49.4130100Z [command]/usr/bin/git submodule foreach --recursive sh -c "git config --local --name-only --get-regexp 'core\.sshCommand' && git config --local --unset-all 'core.sshCommand' || :"
2025-01-06T15:24:49.4360573Z [command]/usr/bin/git config --local --name-only --get-regexp http\.https\:\/\/github\.com\/\.extraheader
2025-01-06T15:24:49.4389692Z [command]/usr/bin/git submodule foreach --recursive sh -c "git config --local --name-only --get-regexp 'http\.https\:\/\/github\.com\/\.extraheader' && git config --local --unset-all 'http.https://github.com/.extraheader' || :"
2025-01-06T15:24:49.4634952Z [command]/usr/bin/git config --local http.https://github.com/.extraheader AUTHORIZATION: basic ***
2025-01-06T15:24:49.4680630Z ##[endgroup]
2025-01-06T15:24:49.4682442Z ##[group]Determining the default branch
2025-01-06T15:24:49.4684755Z Retrieving the default branch name
2025-01-06T15:24:49.6630109Z Default branch 'main'
2025-01-06T15:24:49.6631947Z ##[endgroup]
2025-01-06T15:24:49.6633445Z ##[group]Fetching the repository
2025-01-06T15:24:49.6640531Z [command]/usr/bin/git -c protocol.version=2 fetch --no-tags --prune --no-recurse-submodules --depth=1 origin +refs/heads/main:refs/remotes/origin/main
2025-01-06T15:24:49.9435859Z From https://github.com/tardis-sn/tardis-regression-data
2025-01-06T15:24:49.9437239Z  * [new branch]      main       -> origin/main
2025-01-06T15:24:49.9467745Z ##[endgroup]
2025-01-06T15:24:49.9468681Z ##[group]Determining the checkout info
2025-01-06T15:24:49.9469612Z ##[endgroup]
2025-01-06T15:24:49.9475748Z [command]/usr/bin/git sparse-checkout disable
2025-01-06T15:24:49.9513185Z [command]/usr/bin/git config --local --unset-all extensions.worktreeConfig
2025-01-06T15:24:49.9541239Z ##[group]Checking out the ref
2025-01-06T15:24:49.9546006Z [command]/usr/bin/git checkout --progress --force -B main refs/remotes/origin/main
2025-01-06T15:24:50.0585653Z Switched to a new branch 'main'
2025-01-06T15:24:50.0586839Z branch 'main' set up to track 'origin/main'.
2025-01-06T15:24:50.0843138Z ##[endgroup]
2025-01-06T15:24:50.0880186Z [command]/usr/bin/git log -1 --format=%H
2025-01-06T15:24:50.0903239Z 666ab8501c2b2aea30d05b8822e7ddbfca078d23
2025-01-06T15:24:50.1044871Z ##[group]Run git lfs ls-files -l | cut -d' ' -f1 | sort > .lfs-assets-id
2025-01-06T15:24:50.1046026Z [36;1mgit lfs ls-files -l | cut -d' ' -f1 | sort > .lfs-assets-id[0m
2025-01-06T15:24:50.1080853Z shell: /usr/bin/bash --noprofile --norc -e -o pipefail {0}
2025-01-06T15:24:50.1081579Z env:
2025-01-06T15:24:50.1081929Z   CACHE_NUMBER: 0
2025-01-06T15:24:50.1083467Z   PYTEST_FLAGS: --tardis-regression-data=/home/runner/work/tardis/tardis/tardis-regression-data --cov=tardis --cov-report=xml --cov-report=html --cov-append
2025-01-06T15:24:50.1085346Z   CODECOV_TOKEN: 
2025-01-06T15:24:50.1085774Z ##[endgroup]
2025-01-06T15:24:50.2577558Z ##[group]Run actions/cache/restore@v4
2025-01-06T15:24:50.2578182Z with:
2025-01-06T15:24:50.2578620Z   path: tardis-regression-data/.git/lfs
2025-01-06T15:24:50.2579718Z   key: Linux-lfs-21f9fa4b6817cc69b9fae3598144724da7828e276a73bd17f47a2a49d9af090a-v1
2025-01-06T15:24:50.2580842Z   enableCrossOsArchive: false
2025-01-06T15:24:50.2581390Z   fail-on-cache-miss: false
2025-01-06T15:24:50.2582078Z   lookup-only: false
2025-01-06T15:24:50.2582516Z env:
2025-01-06T15:24:50.2582865Z   CACHE_NUMBER: 0
2025-01-06T15:24:50.2584618Z   PYTEST_FLAGS: --tardis-regression-data=/home/runner/work/tardis/tardis/tardis-regression-data --cov=tardis --cov-report=xml --cov-report=html --cov-append
2025-01-06T15:24:50.2586257Z   CODECOV_TOKEN: 
2025-01-06T15:24:50.2586673Z ##[endgroup]
2025-01-06T15:24:51.5004203Z ##[error]The operation was canceled.
