2025-01-15T13:55:06.7474635Z Requested labels: macos-latest
2025-01-15T13:55:06.7474923Z Job defined at: tardis-sn/tardis/.github/workflows/tests.yml@refs/pull/2935/merge
2025-01-15T13:55:06.7475016Z Waiting for a runner to pick up this job...
2025-01-15T13:55:07.0697677Z Job is waiting for a hosted runner to come online.
2025-01-15T13:55:10.0264128Z Job is about to start running on the hosted runner: GitHub Actions 37 (hosted)
2025-01-15T13:55:11.2795740Z Current runner version: '2.321.0'
2025-01-15T13:55:11.2811290Z ##[group]Operating System
2025-01-15T13:55:11.2811730Z macOS
2025-01-15T13:55:11.2812020Z 14.7.2
2025-01-15T13:55:11.2812310Z 23H311
2025-01-15T13:55:11.2812600Z ##[endgroup]
2025-01-15T13:55:11.2812920Z ##[group]Runner Image
2025-01-15T13:55:11.2813260Z Image: macos-14-arm64
2025-01-15T13:55:11.2813570Z Version: 20250113.751
2025-01-15T13:55:11.2814230Z Included Software: https://github.com/actions/runner-images/blob/macos-14-arm64/20250113.751/images/macos/macos-14-arm64-Readme.md
2025-01-15T13:55:11.2815140Z Image Release: https://github.com/actions/runner-images/releases/tag/macos-14-arm64%2F20250113.751
2025-01-15T13:55:11.2815710Z ##[endgroup]
2025-01-15T13:55:11.2816010Z ##[group]Runner Image Provisioner
2025-01-15T13:55:11.2816390Z 2.0.414.1+2ecee806bcbb7b5d267443ac0090547f461e95b1
2025-01-15T13:55:11.2816790Z ##[endgroup]
2025-01-15T13:55:11.2818080Z ##[group]GITHUB_TOKEN Permissions
2025-01-15T13:55:11.2819050Z Actions: read
2025-01-15T13:55:11.2819370Z Attestations: read
2025-01-15T13:55:11.2819670Z Checks: read
2025-01-15T13:55:11.2819950Z Contents: read
2025-01-15T13:55:11.2820240Z Deployments: read
2025-01-15T13:55:11.2820550Z Discussions: read
2025-01-15T13:55:11.2820840Z Issues: read
2025-01-15T13:55:11.2821200Z Metadata: read
2025-01-15T13:55:11.2821490Z Packages: read
2025-01-15T13:55:11.2821780Z Pages: read
2025-01-15T13:55:11.2822060Z PullRequests: read
2025-01-15T13:55:11.2822370Z RepositoryProjects: read
2025-01-15T13:55:11.2822690Z SecurityEvents: read
2025-01-15T13:55:11.2823000Z Statuses: read
2025-01-15T13:55:11.2823300Z ##[endgroup]
2025-01-15T13:55:11.2825320Z Secret source: None
2025-01-15T13:55:11.2825800Z Prepare workflow directory
2025-01-15T13:55:11.3155680Z Prepare all required actions
2025-01-15T13:55:11.3180670Z Getting action download info
2025-01-15T13:55:11.4891870Z Download action repository 'actions/checkout@v4' (SHA:11bd71901bbe5b1630ceea73d27597364c9af683)
2025-01-15T13:55:11.7976030Z Download action repository 'actions/upload-artifact@v4' (SHA:65c4c4a1ddee5b72f698fdd19549f0f0fb45cf08)
2025-01-15T13:55:13.0311600Z Complete job name: not continuum macos-latest 
2025-01-15T13:55:13.0680430Z ##[group]Run actions/checkout@v4
2025-01-15T13:55:13.0680980Z with:
2025-01-15T13:55:13.0681280Z   repository: tardis-sn/tardis
2025-01-15T13:55:13.0681740Z   token: ***
2025-01-15T13:55:13.0682020Z   ssh-strict: true
2025-01-15T13:55:13.0682310Z   ssh-user: git
2025-01-15T13:55:13.0682610Z   persist-credentials: true
2025-01-15T13:55:13.0682930Z   clean: true
2025-01-15T13:55:13.0683220Z   sparse-checkout-cone-mode: true
2025-01-15T13:55:13.0683570Z   fetch-depth: 1
2025-01-15T13:55:13.0683860Z   fetch-tags: false
2025-01-15T13:55:13.0684150Z   show-progress: true
2025-01-15T13:55:13.0684440Z   lfs: false
2025-01-15T13:55:13.0684730Z   submodules: false
2025-01-15T13:55:13.0685030Z   set-safe-directory: true
2025-01-15T13:55:13.0685440Z env:
2025-01-15T13:55:13.0685710Z   CACHE_NUMBER: 0
2025-01-15T13:55:13.0686530Z   PYTEST_FLAGS: --tardis-regression-data=/Users/runner/work/tardis/tardis/tardis-regression-data --cov=tardis --cov-report=xml --cov-report=html --cov-append
2025-01-15T13:55:13.0687420Z   CODECOV_TOKEN: 
2025-01-15T13:55:13.0687700Z ##[endgroup]
2025-01-15T13:55:13.3191560Z Syncing repository: tardis-sn/tardis
2025-01-15T13:55:13.3192990Z ##[group]Getting Git version info
2025-01-15T13:55:13.3193490Z Working directory is '/Users/runner/work/tardis/tardis'
2025-01-15T13:55:13.3194210Z [command]/opt/homebrew/bin/git version
2025-01-15T13:55:13.3418540Z git version 2.48.0
2025-01-15T13:55:13.3443840Z ##[endgroup]
2025-01-15T13:55:13.3449650Z Copying '/Users/runner/.gitconfig' to '/Users/runner/work/_temp/258e4103-0553-4e3c-888b-b772266d3199/.gitconfig'
2025-01-15T13:55:13.3459740Z Temporarily overriding HOME='/Users/runner/work/_temp/258e4103-0553-4e3c-888b-b772266d3199' before making global git config changes
2025-01-15T13:55:13.3461080Z Adding repository directory to the temporary git global config as a safe directory
2025-01-15T13:55:13.3462860Z [command]/opt/homebrew/bin/git config --global --add safe.directory /Users/runner/work/tardis/tardis
2025-01-15T13:55:13.3547280Z Deleting the contents of '/Users/runner/work/tardis/tardis'
2025-01-15T13:55:13.3549630Z ##[group]Initializing the repository
2025-01-15T13:55:13.3554070Z [command]/opt/homebrew/bin/git init /Users/runner/work/tardis/tardis
2025-01-15T13:55:13.3710140Z hint: Using 'master' as the name for the initial branch. This default branch name
2025-01-15T13:55:13.3711270Z hint: is subject to change. To configure the initial branch name to use in all
2025-01-15T13:55:13.3714290Z hint: of your new repositories, which will suppress this warning, call:
2025-01-15T13:55:13.3717700Z hint:
2025-01-15T13:55:13.3718490Z hint: 	git config --global init.defaultBranch <name>
2025-01-15T13:55:13.3719330Z hint:
2025-01-15T13:55:13.3719940Z hint: Names commonly chosen instead of 'master' are 'main', 'trunk' and
2025-01-15T13:55:13.3721090Z hint: 'development'. The just-created branch can be renamed via this command:
2025-01-15T13:55:13.3721850Z hint:
2025-01-15T13:55:13.3722320Z hint: 	git branch -m <name>
2025-01-15T13:55:13.3723150Z Initialized empty Git repository in /Users/runner/work/tardis/tardis/.git/
2025-01-15T13:55:13.3727920Z [command]/opt/homebrew/bin/git remote add origin https://github.com/tardis-sn/tardis
2025-01-15T13:55:13.3778870Z ##[endgroup]
2025-01-15T13:55:13.3780740Z ##[group]Disabling automatic garbage collection
2025-01-15T13:55:13.3784510Z [command]/opt/homebrew/bin/git config --local gc.auto 0
2025-01-15T13:55:13.3826660Z ##[endgroup]
2025-01-15T13:55:13.3827220Z ##[group]Setting up auth
2025-01-15T13:55:13.3830990Z [command]/opt/homebrew/bin/git config --local --name-only --get-regexp core\.sshCommand
2025-01-15T13:55:13.3872500Z [command]/opt/homebrew/bin/git submodule foreach --recursive sh -c "git config --local --name-only --get-regexp 'core\.sshCommand' && git config --local --unset-all 'core.sshCommand' || :"
2025-01-15T13:55:13.4452450Z [command]/opt/homebrew/bin/git config --local --name-only --get-regexp http\.https\:\/\/github\.com\/\.extraheader
2025-01-15T13:55:13.4492580Z [command]/opt/homebrew/bin/git submodule foreach --recursive sh -c "git config --local --name-only --get-regexp 'http\.https\:\/\/github\.com\/\.extraheader' && git config --local --unset-all 'http.https://github.com/.extraheader' || :"
2025-01-15T13:55:13.5349990Z [command]/opt/homebrew/bin/git config --local http.https://github.com/.extraheader AUTHORIZATION: basic ***
2025-01-15T13:55:13.5414530Z ##[endgroup]
2025-01-15T13:55:13.5415170Z ##[group]Fetching the repository
2025-01-15T13:55:13.5420160Z [command]/opt/homebrew/bin/git -c protocol.version=2 fetch --no-tags --prune --no-recurse-submodules --depth=1 origin +7032d5cf781c9a93e2d406f12424d8765d271dfb:refs/remotes/pull/2935/merge
2025-01-15T13:55:15.3452710Z From https://github.com/tardis-sn/tardis
2025-01-15T13:55:15.3454140Z  * [new ref]         7032d5cf781c9a93e2d406f12424d8765d271dfb -> pull/2935/merge
2025-01-15T13:55:15.3516750Z ##[endgroup]
2025-01-15T13:55:15.3517530Z ##[group]Determining the checkout info
2025-01-15T13:55:15.3518400Z ##[endgroup]
2025-01-15T13:55:15.3519020Z [command]/opt/homebrew/bin/git sparse-checkout disable
2025-01-15T13:55:15.3584120Z [command]/opt/homebrew/bin/git config --local --unset-all extensions.worktreeConfig
2025-01-15T13:55:15.3640740Z ##[group]Checking out the ref
2025-01-15T13:55:15.3643280Z [command]/opt/homebrew/bin/git checkout --progress --force refs/remotes/pull/2935/merge
2025-01-15T13:55:15.5649810Z HEAD is now at 7032d5c Merge dd6d4999d9bd76581f5e659f87325ea89bb8256f into 5e2d0bb3139b6cd34b9c08e22fe36d65cd9c57fa
2025-01-15T13:55:15.5684560Z ##[endgroup]
2025-01-15T13:55:15.5724000Z [command]/opt/homebrew/bin/git log -1 --format=%H
2025-01-15T13:55:15.5792090Z 7032d5cf781c9a93e2d406f12424d8765d271dfb
2025-01-15T13:55:15.6058160Z Prepare all required actions
2025-01-15T13:55:15.6059260Z Getting action download info
2025-01-15T13:55:15.7476030Z Download action repository 'actions/cache@v4' (SHA:1bd1e32a3bdc45362d1e726936510720a7c30a57)
2025-01-15T13:55:15.8415060Z ##[group]Run ./.github/actions/setup_lfs
2025-01-15T13:55:15.8415740Z with:
2025-01-15T13:55:15.8416330Z   regression-data-repo: tardis-sn/tardis-regression-data
2025-01-15T13:55:15.8417090Z env:
2025-01-15T13:55:15.8417550Z   CACHE_NUMBER: 0
2025-01-15T13:55:15.8418980Z   PYTEST_FLAGS: --tardis-regression-data=/Users/runner/work/tardis/tardis/tardis-regression-data --cov=tardis --cov-report=xml --cov-report=html --cov-append
2025-01-15T13:55:15.8420530Z   CODECOV_TOKEN: 
2025-01-15T13:55:15.8421030Z ##[endgroup]
2025-01-15T13:55:15.8548930Z ##[group]Run actions/checkout@v4
2025-01-15T13:55:15.8549530Z with:
2025-01-15T13:55:15.8550060Z   repository: tardis-sn/tardis-regression-data
2025-01-15T13:55:15.8550770Z   path: tardis-regression-data
2025-01-15T13:55:15.8551500Z   token: ***
2025-01-15T13:55:15.8552020Z   ssh-strict: true
2025-01-15T13:55:15.8552530Z   ssh-user: git
2025-01-15T13:55:15.8553100Z   persist-credentials: true
2025-01-15T13:55:15.8553690Z   clean: true
2025-01-15T13:55:15.8554210Z   sparse-checkout-cone-mode: true
2025-01-15T13:55:15.8554790Z   fetch-depth: 1
2025-01-15T13:55:15.8555280Z   fetch-tags: false
2025-01-15T13:55:15.8555780Z   show-progress: true
2025-01-15T13:55:15.8556280Z   lfs: false
2025-01-15T13:55:15.8556740Z   submodules: false
2025-01-15T13:55:15.8557250Z   set-safe-directory: true
2025-01-15T13:55:15.8557780Z env:
2025-01-15T13:55:15.8558220Z   CACHE_NUMBER: 0
2025-01-15T13:55:15.8559590Z   PYTEST_FLAGS: --tardis-regression-data=/Users/runner/work/tardis/tardis/tardis-regression-data --cov=tardis --cov-report=xml --cov-report=html --cov-append
2025-01-15T13:55:15.8561080Z   CODECOV_TOKEN: 
2025-01-15T13:55:15.8561560Z ##[endgroup]
2025-01-15T13:55:15.9263310Z Syncing repository: tardis-sn/tardis-regression-data
2025-01-15T13:55:15.9265620Z ##[group]Getting Git version info
2025-01-15T13:55:15.9266650Z Working directory is '/Users/runner/work/tardis/tardis/tardis-regression-data'
2025-01-15T13:55:15.9303900Z [command]/opt/homebrew/bin/git version
2025-01-15T13:55:15.9380320Z git version 2.48.0
2025-01-15T13:55:15.9856440Z ##[endgroup]
2025-01-15T13:55:16.0073690Z Copying '/Users/runner/.gitconfig' to '/Users/runner/work/_temp/b73a53cf-b911-426a-ad2a-39860d001889/.gitconfig'
2025-01-15T13:55:16.0177520Z Temporarily overriding HOME='/Users/runner/work/_temp/b73a53cf-b911-426a-ad2a-39860d001889' before making global git config changes
2025-01-15T13:55:16.0280510Z Adding repository directory to the temporary git global config as a safe directory
2025-01-15T13:55:16.0317430Z [command]/opt/homebrew/bin/git config --global --add safe.directory /Users/runner/work/tardis/tardis/tardis-regression-data
2025-01-15T13:55:16.0621280Z ##[group]Initializing the repository
2025-01-15T13:55:16.0711360Z [command]/opt/homebrew/bin/git init /Users/runner/work/tardis/tardis/tardis-regression-data
2025-01-15T13:55:16.0749760Z hint: Using 'master' as the name for the initial branch. This default branch name
2025-01-15T13:55:16.0790780Z hint: is subject to change. To configure the initial branch name to use in all
2025-01-15T13:55:16.0800440Z hint: of your new repositories, which will suppress this warning, call:
2025-01-15T13:55:16.0809860Z hint:
2025-01-15T13:55:16.0825820Z hint: 	git config --global init.defaultBranch <name>
2025-01-15T13:55:16.0836260Z hint:
2025-01-15T13:55:16.0872040Z hint: Names commonly chosen instead of 'master' are 'main', 'trunk' and
2025-01-15T13:55:16.0878330Z hint: 'development'. The just-created branch can be renamed via this command:
2025-01-15T13:55:16.0881970Z hint:
2025-01-15T13:55:16.0884300Z hint: 	git branch -m <name>
2025-01-15T13:55:16.0896160Z Initialized empty Git repository in /Users/runner/work/tardis/tardis/tardis-regression-data/.git/
2025-01-15T13:55:16.0900000Z [command]/opt/homebrew/bin/git remote add origin https://github.com/tardis-sn/tardis-regression-data
2025-01-15T13:55:16.0903270Z ##[endgroup]
2025-01-15T13:55:16.0904500Z ##[group]Disabling automatic garbage collection
2025-01-15T13:55:16.0905820Z [command]/opt/homebrew/bin/git config --local gc.auto 0
2025-01-15T13:55:16.0907920Z ##[endgroup]
2025-01-15T13:55:16.0908900Z ##[group]Setting up auth
2025-01-15T13:55:16.0910030Z [command]/opt/homebrew/bin/git config --local --name-only --get-regexp core\.sshCommand
2025-01-15T13:55:16.0913150Z [command]/opt/homebrew/bin/git submodule foreach --recursive sh -c "git config --local --name-only --get-regexp 'core\.sshCommand' && git config --local --unset-all 'core.sshCommand' || :"
2025-01-15T13:55:16.1124260Z [command]/opt/homebrew/bin/git config --local --name-only --get-regexp http\.https\:\/\/github\.com\/\.extraheader
2025-01-15T13:55:16.1170520Z [command]/opt/homebrew/bin/git submodule foreach --recursive sh -c "git config --local --name-only --get-regexp 'http\.https\:\/\/github\.com\/\.extraheader' && git config --local --unset-all 'http.https://github.com/.extraheader' || :"
2025-01-15T13:55:16.1780600Z [command]/opt/homebrew/bin/git config --local http.https://github.com/.extraheader AUTHORIZATION: basic ***
2025-01-15T13:55:16.1846550Z ##[endgroup]
2025-01-15T13:55:16.1848090Z ##[group]Determining the default branch
2025-01-15T13:55:16.1849040Z Retrieving the default branch name
2025-01-15T13:55:16.6262510Z Default branch 'main'
2025-01-15T13:55:16.6263120Z ##[endgroup]
2025-01-15T13:55:16.6263470Z ##[group]Fetching the repository
2025-01-15T13:55:16.6266790Z [command]/opt/homebrew/bin/git -c protocol.version=2 fetch --no-tags --prune --no-recurse-submodules --depth=1 origin +refs/heads/main:refs/remotes/origin/main
2025-01-15T13:55:17.5845360Z From https://github.com/tardis-sn/tardis-regression-data
2025-01-15T13:55:17.5946320Z  * [new branch]      main       -> origin/main
2025-01-15T13:55:17.6150770Z ##[endgroup]
2025-01-15T13:55:17.6151240Z ##[group]Determining the checkout info
2025-01-15T13:55:17.6151700Z ##[endgroup]
2025-01-15T13:55:17.6152050Z [command]/opt/homebrew/bin/git sparse-checkout disable
2025-01-15T13:55:17.6152980Z [command]/opt/homebrew/bin/git config --local --unset-all extensions.worktreeConfig
2025-01-15T13:55:17.6206620Z ##[group]Checking out the ref
2025-01-15T13:55:17.6207350Z [command]/opt/homebrew/bin/git checkout --progress --force -B main refs/remotes/origin/main
2025-01-15T13:55:17.8635190Z Switched to a new branch 'main'
2025-01-15T13:55:17.8637930Z branch 'main' set up to track 'origin/main'.
2025-01-15T13:55:17.9616580Z ##[endgroup]
2025-01-15T13:55:17.9674000Z [command]/opt/homebrew/bin/git log -1 --format=%H
2025-01-15T13:55:17.9713910Z fa7729bc9c30e14b69acd641af8b692b56fcd416
2025-01-15T13:55:17.9789710Z ##[group]Run git lfs ls-files -l | cut -d' ' -f1 | sort > .lfs-assets-id
2025-01-15T13:55:17.9790080Z [36;1mgit lfs ls-files -l | cut -d' ' -f1 | sort > .lfs-assets-id[0m
2025-01-15T13:55:17.9844390Z shell: /bin/bash --noprofile --norc -e -o pipefail {0}
2025-01-15T13:55:17.9844640Z env:
2025-01-15T13:55:17.9844760Z   CACHE_NUMBER: 0
2025-01-15T13:55:17.9845210Z   PYTEST_FLAGS: --tardis-regression-data=/Users/runner/work/tardis/tardis/tardis-regression-data --cov=tardis --cov-report=xml --cov-report=html --cov-append
2025-01-15T13:55:17.9845690Z   CODECOV_TOKEN: 
2025-01-15T13:55:17.9845820Z ##[endgroup]
2025-01-15T13:55:18.1955510Z ##[group]Run actions/cache/restore@v4
2025-01-15T13:55:18.1955720Z with:
2025-01-15T13:55:18.1955850Z   path: tardis-regression-data/.git/lfs
2025-01-15T13:55:18.1956190Z   key: macOS-lfs-21f9fa4b6817cc69b9fae3598144724da7828e276a73bd17f47a2a49d9af090a-v1
2025-01-15T13:55:18.1956510Z   enableCrossOsArchive: false
2025-01-15T13:55:18.1956760Z   fail-on-cache-miss: false
2025-01-15T13:55:18.1956940Z   lookup-only: false
2025-01-15T13:55:18.1957080Z env:
2025-01-15T13:55:18.1957180Z   CACHE_NUMBER: 0
2025-01-15T13:55:18.1957920Z   PYTEST_FLAGS: --tardis-regression-data=/Users/runner/work/tardis/tardis/tardis-regression-data --cov=tardis --cov-report=xml --cov-report=html --cov-append
2025-01-15T13:55:18.1958390Z   CODECOV_TOKEN: 
2025-01-15T13:55:18.1958590Z ##[endgroup]
2025-01-15T13:55:19.6777670Z Received 46137344 of 1706796060 (2.7%), 43.9 MBs/sec
2025-01-15T13:55:20.6823310Z Received 117440512 of 1706796060 (6.9%), 55.9 MBs/sec
2025-01-15T13:55:21.6801600Z Received 192937984 of 1706796060 (11.3%), 61.2 MBs/sec
2025-01-15T13:55:22.6812190Z Received 260046848 of 1706796060 (15.2%), 61.9 MBs/sec
2025-01-15T13:55:23.6815320Z Received 339738624 of 1706796060 (19.9%), 64.7 MBs/sec
2025-01-15T13:55:24.6819860Z Received 423624704 of 1706796060 (24.8%), 67.3 MBs/sec
2025-01-15T13:55:25.6830500Z Received 494927872 of 1706796060 (29.0%), 67.4 MBs/sec
2025-01-15T13:55:26.6875960Z Received 578813952 of 1706796060 (33.9%), 68.9 MBs/sec
2025-01-15T13:55:27.6836490Z Received 654311424 of 1706796060 (38.3%), 69.3 MBs/sec
2025-01-15T13:55:28.6841370Z Received 754974720 of 1706796060 (44.2%), 71.9 MBs/sec
2025-01-15T13:55:29.6847800Z Received 855638016 of 1706796060 (50.1%), 74.1 MBs/sec
2025-01-15T13:55:30.6858470Z Received 947912704 of 1706796060 (55.5%), 75.3 MBs/sec
2025-01-15T13:55:31.6919230Z Received 1031798784 of 1706796060 (60.5%), 75.6 MBs/sec
2025-01-15T13:55:32.6870510Z Received 1136656384 of 1706796060 (66.6%), 77.4 MBs/sec
2025-01-15T13:55:33.6887450Z Received 1212153856 of 1706796060 (71.0%), 77.0 MBs/sec
2025-01-15T13:55:34.6891330Z Received 1296039936 of 1706796060 (75.9%), 77.2 MBs/sec
2025-01-15T13:55:35.6896490Z Received 1388314624 of 1706796060 (81.3%), 77.8 MBs/sec
2025-01-15T13:55:36.6917470Z Received 1472200704 of 1706796060 (86.3%), 77.9 MBs/sec
2025-01-15T13:55:37.6933970Z Received 1543503872 of 1706796060 (90.4%), 77.4 MBs/sec
2025-01-15T13:55:38.6954550Z Received 1610612736 of 1706796060 (94.4%), 76.7 MBs/sec
2025-01-15T13:55:39.6960900Z Received 1690304512 of 1706796060 (99.0%), 76.7 MBs/sec
2025-01-15T13:55:39.9030040Z Cache Size: ~1628 MB (1706796060 B)
2025-01-15T13:55:39.9082560Z [command]/opt/homebrew/bin/gtar -xf /Users/runner/work/_temp/90a01b0f-def8-4228-94ec-209af5c117eb/cache.tzst -P -C /Users/runner/work/tardis/tardis --delay-directory-restore --use-compress-program unzstd
2025-01-15T13:55:40.6985160Z Received 1706796060 of 1706796060 (100.0%), 73.9 MBs/sec
2025-01-15T13:55:45.3363630Z Cache restored successfully
2025-01-15T13:55:45.4524170Z Cache restored from key: macOS-lfs-21f9fa4b6817cc69b9fae3598144724da7828e276a73bd17f47a2a49d9af090a-v1
2025-01-15T13:55:45.4750610Z ##[group]Run git lfs checkout
2025-01-15T13:55:45.4750950Z [36;1mgit lfs checkout[0m
2025-01-15T13:55:45.4831400Z shell: /bin/bash --noprofile --norc -e -o pipefail {0}
2025-01-15T13:55:45.4831680Z env:
2025-01-15T13:55:45.4831850Z   CACHE_NUMBER: 0
2025-01-15T13:55:45.4832380Z   PYTEST_FLAGS: --tardis-regression-data=/Users/runner/work/tardis/tardis/tardis-regression-data --cov=tardis --cov-report=xml --cov-report=html --cov-append
2025-01-15T13:55:45.4832870Z   CODECOV_TOKEN: 
2025-01-15T13:55:45.4833000Z ##[endgroup]
2025-01-15T13:55:52.7337270Z Checking out LFS objects: 100% (204/204), 3.5 GB | 365 MB/s, done.
2025-01-15T13:55:58.4998260Z Prepare all required actions
2025-01-15T13:55:58.4998690Z Getting action download info
2025-01-15T13:55:58.6230090Z Download action repository 'mamba-org/setup-micromamba@v1' (SHA:4b9113af4fba0e9e1124b252dd6497a419e7396d)
2025-01-15T13:55:59.7595060Z ##[group]Run ./.github/actions/setup_env
2025-01-15T13:55:59.7595410Z with:
2025-01-15T13:55:59.7595880Z   os-label: osx-arm64
2025-01-15T13:55:59.7596420Z env:
2025-01-15T13:55:59.7596870Z   CACHE_NUMBER: 0
2025-01-15T13:55:59.7598170Z   PYTEST_FLAGS: --tardis-regression-data=/Users/runner/work/tardis/tardis/tardis-regression-data --cov=tardis --cov-report=xml --cov-report=html --cov-append
2025-01-15T13:55:59.7598970Z   CODECOV_TOKEN: 
2025-01-15T13:55:59.7599410Z ##[endgroup]
2025-01-15T13:55:59.7628000Z ##[group]Run file_hash=$(cat conda-osx-arm64.lock | shasum -a 256 | cut -d' ' -f1)
2025-01-15T13:55:59.7628410Z [36;1mfile_hash=$(cat conda-osx-arm64.lock | shasum -a 256 | cut -d' ' -f1)[0m
2025-01-15T13:55:59.7628780Z [36;1mecho "file_hash=$file_hash" >> "${GITHUB_OUTPUT}"[0m
2025-01-15T13:55:59.7681170Z shell: /bin/bash --noprofile --norc -e -o pipefail {0}
2025-01-15T13:55:59.7682150Z env:
2025-01-15T13:55:59.7682310Z   CACHE_NUMBER: 0
2025-01-15T13:55:59.7682840Z   PYTEST_FLAGS: --tardis-regression-data=/Users/runner/work/tardis/tardis/tardis-regression-data --cov=tardis --cov-report=xml --cov-report=html --cov-append
2025-01-15T13:55:59.7683360Z   CODECOV_TOKEN: 
2025-01-15T13:55:59.7683520Z ##[endgroup]
2025-01-15T13:55:59.8480640Z ##[group]Run mamba-org/setup-micromamba@v1
2025-01-15T13:55:59.8480880Z with:
2025-01-15T13:55:59.8481030Z   environment-file: conda-osx-arm64.lock
2025-01-15T13:55:59.8481350Z   cache-environment-key: 354e2cc8bd515676980814f312c10753c2dc4a43f483398b98b444c582fdd35f
2025-01-15T13:55:59.8481800Z   cache-downloads-key: 354e2cc8bd515676980814f312c10753c2dc4a43f483398b98b444c582fdd35f
2025-01-15T13:55:59.8482120Z   environment-name: tardis
2025-01-15T13:55:59.8482300Z   cache-environment: true
2025-01-15T13:55:59.8482490Z   cache-downloads: true
2025-01-15T13:55:59.8482640Z env:
2025-01-15T13:55:59.8482770Z   CACHE_NUMBER: 0
2025-01-15T13:55:59.8483250Z   PYTEST_FLAGS: --tardis-regression-data=/Users/runner/work/tardis/tardis/tardis-regression-data --cov=tardis --cov-report=xml --cov-report=html --cov-append
2025-01-15T13:55:59.8483740Z   CODECOV_TOKEN: 
2025-01-15T13:55:59.8483870Z ##[endgroup]
2025-01-15T13:56:00.1901410Z Will download micromamba to /Users/runner/micromamba-bin/micromamba
2025-01-15T13:56:00.1906880Z ##[group]Install micromamba
2025-01-15T13:56:00.9369520Z micromamba installed to /Users/runner/micromamba-bin/micromamba
2025-01-15T13:56:00.9370310Z ##[endgroup]
2025-01-15T13:56:00.9370790Z Adding conda-forge to condarc channels ...
2025-01-15T13:56:00.9378210Z ##[group]Initialize micromamba for bash.
2025-01-15T13:56:00.9387780Z [command]/Users/runner/micromamba-bin/micromamba shell init -s bash -r /Users/runner/micromamba --log-level warning --rc-file /Users/runner/work/_temp/setup-micromamba/.condarc
2025-01-15T13:56:00.9594870Z Modifying RC file "/Users/runner/.bash_profile"
2025-01-15T13:56:00.9596560Z Generating config for root prefix [1m"/Users/runner/micromamba"[0m
2025-01-15T13:56:00.9597620Z Setting mamba executable to: [1m"/Users/runner/micromamba-bin/micromamba"[0m
2025-01-15T13:56:00.9598040Z Adding (or replacing) the following in your "/Users/runner/.bash_profile" file
2025-01-15T13:56:00.9598260Z 
2025-01-15T13:56:00.9598330Z # >>> mamba initialize >>>
2025-01-15T13:56:00.9598560Z # !! Contents within this block are managed by 'mamba init' !!
2025-01-15T13:56:00.9598870Z export MAMBA_EXE='/Users/runner/micromamba-bin/micromamba';
2025-01-15T13:56:00.9599160Z export MAMBA_ROOT_PREFIX='/Users/runner/micromamba';
2025-01-15T13:56:00.9599550Z __mamba_setup="$("$MAMBA_EXE" shell hook --shell bash --root-prefix "$MAMBA_ROOT_PREFIX" 2> /dev/null)"
2025-01-15T13:56:00.9599890Z if [ $? -eq 0 ]; then
2025-01-15T13:56:00.9600060Z     eval "$__mamba_setup"
2025-01-15T13:56:00.9600770Z else
2025-01-15T13:56:00.9601010Z     alias micromamba="$MAMBA_EXE"  # Fallback on help from mamba activate
2025-01-15T13:56:00.9601490Z fi
2025-01-15T13:56:00.9601690Z unset __mamba_setup
2025-01-15T13:56:00.9601980Z # <<< mamba initialize <<<
2025-01-15T13:56:00.9602090Z 
2025-01-15T13:56:00.9603240Z ##[endgroup]
2025-01-15T13:56:00.9604230Z ##[group]Restoring downloads from `/Users/runner/micromamba/pkgs` ...
2025-01-15T13:56:02.2838510Z Received 33554432 of 310634157 (10.8%), 31.9 MBs/sec
2025-01-15T13:56:03.2828340Z Received 117440512 of 310634157 (37.8%), 55.9 MBs/sec
2025-01-15T13:56:04.2830140Z Received 192937984 of 310634157 (62.1%), 61.3 MBs/sec
2025-01-15T13:56:05.2831260Z Received 281018368 of 310634157 (90.5%), 66.9 MBs/sec
2025-01-15T13:56:05.6210930Z Cache Size: ~296 MB (310634157 B)
2025-01-15T13:56:05.6290180Z [command]/opt/homebrew/bin/gtar -xf /Users/runner/work/_temp/6b3f0e3a-d3cc-48c0-9d0b-93bb092aa518/cache.tzst -P -C /Users/runner/work/tardis/tardis --delay-directory-restore --use-compress-program unzstd
2025-01-15T13:56:06.0290810Z Cache restored successfully
2025-01-15T13:56:06.0311440Z Restored cache with key `354e2cc8bd515676980814f312c10753c2dc4a43f483398b98b444c582fdd35f-osx-arm64`
2025-01-15T13:56:06.0317710Z ##[endgroup]
2025-01-15T13:56:06.0334900Z ##[group]Restoring environment `tardis` from `/Users/runner/micromamba/envs/tardis` ...
2025-01-15T13:56:06.2850290Z Received 310634157 of 310634157 (100.0%), 59.2 MBs/sec
2025-01-15T13:56:07.2760380Z Received 29360128 of 385976706 (7.6%), 28.0 MBs/sec
2025-01-15T13:56:08.2769290Z Received 113246208 of 385976706 (29.3%), 54.0 MBs/sec
2025-01-15T13:56:09.2803130Z Received 197132288 of 385976706 (51.1%), 62.6 MBs/sec
2025-01-15T13:56:10.2840890Z Received 276824064 of 385976706 (71.7%), 65.9 MBs/sec
2025-01-15T13:56:11.2822820Z Received 352321536 of 385976706 (91.3%), 67.1 MBs/sec
2025-01-15T13:56:11.5924420Z Cache Size: ~368 MB (385976706 B)
2025-01-15T13:56:11.5949030Z [command]/opt/homebrew/bin/gtar -xf /Users/runner/work/_temp/25ec67aa-c85e-4973-a897-ba73db780c2c/cache.tzst -P -C /Users/runner/work/tardis/tardis --delay-directory-restore --use-compress-program unzstd
2025-01-15T13:56:12.2834460Z Received 385976706 of 385976706 (100.0%), 61.3 MBs/sec
2025-01-15T13:56:23.1029690Z Cache restored successfully
2025-01-15T13:56:23.1060010Z Restored cache with key `354e2cc8bd515676980814f312c10753c2dc4a43f483398b98b444c582fdd35f-osx-arm64-tardis-args-4f53cda-root-873f6fe-bin-[object Promise]-file-354e2cc8bd515676980814f312c10753c2dc4a43f483398b98b444c582fdd35f`
2025-01-15T13:56:23.1061930Z ##[endgroup]
2025-01-15T13:56:23.1062260Z Adding environment tardis to auto-activate bash ...
2025-01-15T13:56:23.1069350Z Generating micromamba run shell.
2025-01-15T13:56:23.1173540Z ##[endgroup]
2025-01-15T13:56:23.1181450Z Set environment variables.
2025-01-15T13:56:23.1227720Z ##[group]micromamba info
2025-01-15T13:56:23.1231670Z [command]/Users/runner/micromamba-bin/micromamba info -r /Users/runner/micromamba -n tardis
2025-01-15T13:56:23.5675430Z 
2025-01-15T13:56:23.5676210Z        libmamba version : 1.5.10
2025-01-15T13:56:23.5676700Z      micromamba version : 1.5.10
2025-01-15T13:56:23.5681160Z            curl version : libcurl/8.10.1 (OpenSSL/3.3.2) SecureTransport zlib/1.3.1 zstd/1.5.6 libssh2/1.11.0 nghttp2/1.58.0
2025-01-15T13:56:23.5681860Z      libarchive version : libarchive 3.7.4 zlib/1.2.13 bz2lib/1.0.8 libzstd/1.5.6
2025-01-15T13:56:23.5682510Z        envs directories : /Users/runner/micromamba/envs
2025-01-15T13:56:23.5683080Z           package cache : /Users/runner/micromamba/pkgs
2025-01-15T13:56:23.5683610Z                           /Users/runner/.mamba/pkgs
2025-01-15T13:56:23.5684070Z             environment : tardis
2025-01-15T13:56:23.5684510Z            env location : /Users/runner/micromamba/envs/tardis
2025-01-15T13:56:23.5685050Z       user config files : /Users/runner/.mambarc
2025-01-15T13:56:23.5685440Z  populated config files : /Users/runner/work/_temp/setup-micromamba/.condarc
2025-01-15T13:56:23.5688020Z        virtual packages : __unix=0=0
2025-01-15T13:56:23.5688370Z                           __osx=14.7.2=0
2025-01-15T13:56:23.5688650Z                           __archspec=1=arm64
2025-01-15T13:56:23.5689030Z                channels : https://conda.anaconda.org/conda-forge/osx-arm64
2025-01-15T13:56:23.5689410Z                           https://conda.anaconda.org/conda-forge/noarch
2025-01-15T13:56:23.5689760Z        base environment : /Users/runner/micromamba
2025-01-15T13:56:23.5690050Z                platform : osx-arm64
2025-01-15T13:56:23.5690600Z ##[endgroup]
2025-01-15T13:56:23.5690950Z ##[group]micromamba list
2025-01-15T13:56:23.5691600Z [command]/Users/runner/micromamba-bin/micromamba list -r /Users/runner/micromamba -n tardis
2025-01-15T13:56:23.8956220Z List of packages in environment: "/Users/runner/micromamba/envs/tardis"
2025-01-15T13:56:23.8957080Z 
2025-01-15T13:56:23.8957470Z   Name                           Version              Build                    Channel    
2025-01-15T13:56:23.8959090Z â”€â”€â”€â”€â”€â”€â”€â”€â”€â”€â”€â”€â”€â”€â”€â”€â”€â”€â”€â”€â”€â”€â”€â”€â”€â”€â”€â”€â”€â”€â”€â”€â”€â”€â”€â”€â”€â”€â”€â”€â”€â”€â”€â”€â”€â”€â”€â”€â”€â”€â”€â”€â”€â”€â”€â”€â”€â”€â”€â”€â”€â”€â”€â”€â”€â”€â”€â”€â”€â”€â”€â”€â”€â”€â”€â”€â”€â”€â”€â”€â”€â”€â”€â”€â”€â”€â”€â”€â”€â”€â”€â”€
2025-01-15T13:56:23.8970170Z   alabaster                      0.7.16               pyhd8ed1ab_0             conda-forge
2025-01-15T13:56:23.8978500Z   anyio                          4.4.0                pyhd8ed1ab_0             conda-forge
2025-01-15T13:56:23.8978870Z   appnope                        0.1.4                pyhd8ed1ab_1             conda-forge
2025-01-15T13:56:23.8979370Z   argon2-cffi                    23.1.0               pyhd8ed1ab_1             conda-forge
2025-01-15T13:56:23.8980150Z   argon2-cffi-bindings           21.2.0               py312h024a12e_5          conda-forge
2025-01-15T13:56:23.8980600Z   arrow                          1.3.0                pyhd8ed1ab_1             conda-forge
2025-01-15T13:56:23.8981020Z   astropy                        6.1.1                py312hbebd99a_1          conda-forge
2025-01-15T13:56:23.8981430Z   astropy-iers-data              0.2024.6.17.0.31.35  pyhd8ed1ab_0             conda-forge
2025-01-15T13:56:23.8981930Z   astropy-sphinx-theme           1.1                  pyhd8ed1ab_1             conda-forge
2025-01-15T13:56:23.8982320Z   asttokens                      2.4.1                pyhd8ed1ab_0             conda-forge
2025-01-15T13:56:23.8982810Z   async-lru                      2.0.4                pyhd8ed1ab_1             conda-forge
2025-01-15T13:56:23.8983180Z   atk-1.0                        2.38.0               hd03087b_2               conda-forge
2025-01-15T13:56:23.8983560Z   attrs                          23.2.0               pyh71513ae_0             conda-forge
2025-01-15T13:56:23.8983900Z   babel                          2.14.0               pyhd8ed1ab_0             conda-forge
2025-01-15T13:56:23.8984320Z   beautifulsoup4                 4.12.3               pyha770c72_1             conda-forge
2025-01-15T13:56:23.8984670Z   bleach                         6.1.0                pyhd8ed1ab_0             conda-forge
2025-01-15T13:56:23.8985060Z   blosc                          1.21.6               h7dd00d9_1               conda-forge
2025-01-15T13:56:23.8985400Z   brotli                         1.1.0                hd74edd7_2               conda-forge
2025-01-15T13:56:23.8985800Z   brotli-bin                     1.1.0                hd74edd7_2               conda-forge
2025-01-15T13:56:23.8986230Z   brotli-python                  1.1.0                py312hde4cb15_2          conda-forge
2025-01-15T13:56:23.8986580Z   bzip2                          1.0.8                h99b78c6_7               conda-forge
2025-01-15T13:56:23.8987050Z   c-ares                         1.28.1               h93a5062_0               conda-forge
2025-01-15T13:56:23.8987390Z   c-blosc2                       2.15.2               h9cbb436_1               conda-forge
2025-01-15T13:56:23.8987850Z   ca-certificates                2024.12.14           hf0a4a13_0               conda-forge
2025-01-15T13:56:23.8988620Z   cached-property                1.5.2                hd8ed1ab_1               conda-forge
2025-01-15T13:56:23.8989200Z   cached_property                1.5.2                pyha770c72_1             conda-forge
2025-01-15T13:56:23.8989620Z   cairo                          1.18.0               hc6c324b_2               conda-forge
2025-01-15T13:56:23.8990030Z   certifi                        2024.12.14           pyhd8ed1ab_0             conda-forge
2025-01-15T13:56:23.8991170Z   cffi                           1.16.0               py312h8e38eb3_0          conda-forge
2025-01-15T13:56:23.8991620Z   charset-normalizer             3.3.2                pyhd8ed1ab_0             conda-forge
2025-01-15T13:56:23.8992030Z   click                          8.1.7                unix_pyh707e725_1        conda-forge
2025-01-15T13:56:23.8992500Z   codespell                      2.3.0                pyhd8ed1ab_1             conda-forge
2025-01-15T13:56:23.8992870Z   colorama                       0.4.6                pyhd8ed1ab_1             conda-forge
2025-01-15T13:56:23.8993340Z   comm                           0.2.2                pyhd8ed1ab_1             conda-forge
2025-01-15T13:56:23.8993840Z   commonmark                     0.9.1                py_0                     conda-forge
2025-01-15T13:56:23.8994510Z   contourpy                      1.2.1                py312h0fef576_0          conda-forge
2025-01-15T13:56:23.8995390Z   coverage                       7.5.3                py312h7e5086c_0          conda-forge
2025-01-15T13:56:23.8995770Z   cycler                         0.12.1               pyhd8ed1ab_1             conda-forge
2025-01-15T13:56:23.8996270Z   dataclasses                    0.8                  pyhc8e2a94_3             conda-forge
2025-01-15T13:56:23.8996670Z   debugpy                        1.8.1                py312h20a0b95_0          conda-forge
2025-01-15T13:56:23.8997180Z   decorator                      5.1.1                pyhd8ed1ab_1             conda-forge
2025-01-15T13:56:23.8997720Z   defusedxml                     0.7.1                pyhd8ed1ab_0             conda-forge
2025-01-15T13:56:23.8998370Z   docutils                       0.20.1               py312h81bd7bf_3          conda-forge
2025-01-15T13:56:23.8998880Z   dot2tex                        2.11.3               pyhd8ed1ab_1             conda-forge
2025-01-15T13:56:23.8999250Z   entrypoints                    0.4                  pyhd8ed1ab_1             conda-forge
2025-01-15T13:56:23.8999700Z   exceptiongroup                 1.2.0                pyhd8ed1ab_2             conda-forge
2025-01-15T13:56:23.9000100Z   executing                      2.0.1                pyhd8ed1ab_0             conda-forge
2025-01-15T13:56:23.9000560Z   expat                          2.6.2                hebf3989_0               conda-forge
2025-01-15T13:56:23.9000980Z   font-ttf-dejavu-sans-mono      2.37                 hab24e00_0               conda-forge
2025-01-15T13:56:23.9001520Z   font-ttf-inconsolata           3.000                h77eed37_0               conda-forge
2025-01-15T13:56:23.9001920Z   font-ttf-source-code-pro       2.038                h77eed37_0               conda-forge
2025-01-15T13:56:23.9002380Z   font-ttf-ubuntu                0.83                 h77eed37_3               conda-forge
2025-01-15T13:56:23.9002750Z   fontconfig                     2.14.2               h82840c6_0               conda-forge
2025-01-15T13:56:23.9003150Z   fonts-conda-ecosystem          1                    0                        conda-forge
2025-01-15T13:56:23.9003520Z   fonts-conda-forge              1                    0                        conda-forge
2025-01-15T13:56:23.9003930Z   fonttools                      4.53.0               py312h7e5086c_0          conda-forge
2025-01-15T13:56:23.9004430Z   fqdn                           1.5.1                pyhd8ed1ab_1             conda-forge
2025-01-15T13:56:23.9004770Z   freetype                       2.12.1               hadb7bae_2               conda-forge
2025-01-15T13:56:23.9005200Z   fribidi                        1.0.10               h27ca646_0               conda-forge
2025-01-15T13:56:23.9005800Z   future                         1.0.0                pyhd8ed1ab_1             conda-forge
2025-01-15T13:56:23.9006240Z   gdk-pixbuf                     2.42.12              h7ddc832_0               conda-forge
2025-01-15T13:56:23.9006590Z   gettext                        0.22.5               h8414b35_3               conda-forge
2025-01-15T13:56:23.9007030Z   gettext-tools                  0.22.5               h8414b35_3               conda-forge
2025-01-15T13:56:23.9007410Z   giflib                         5.2.2                h93a5062_0               conda-forge
2025-01-15T13:56:23.9007840Z   git-lfs                        3.5.1                h40ddcf5_1               conda-forge
2025-01-15T13:56:23.9008150Z   gmp                            6.3.0                h7bae524_2               conda-forge
2025-01-15T13:56:23.9008500Z   gmpy2                          2.1.5                py312h524cf62_3          conda-forge
2025-01-15T13:56:23.9008860Z   graphite2                      1.3.13               hebf3989_1003            conda-forge
2025-01-15T13:56:23.9009230Z   graphviz                       11.0.0               h9bb9bc9_0               conda-forge
2025-01-15T13:56:23.9010140Z   gtk2                           2.24.33              h7895bb2_4               conda-forge
2025-01-15T13:56:23.9010490Z   gts                            0.7.6                he42f4ea_4               conda-forge
2025-01-15T13:56:23.9010860Z   h11                            0.14.0               pyhd8ed1ab_1             conda-forge
2025-01-15T13:56:23.9011200Z   h2                             4.1.0                pyhd8ed1ab_1             conda-forge
2025-01-15T13:56:23.9011610Z   h5py                           3.11.0               nompi_py312h3cd0824_103  conda-forge
2025-01-15T13:56:23.9011970Z   harfbuzz                       8.5.0                h1836168_0               conda-forge
2025-01-15T13:56:23.9012300Z   hdf5                           1.14.3               nompi_hec07895_105       conda-forge
2025-01-15T13:56:23.9012720Z   hpack                          4.0.0                pyhd8ed1ab_1             conda-forge
2025-01-15T13:56:23.9013050Z   httpcore                       1.0.5                pyhd8ed1ab_0             conda-forge
2025-01-15T13:56:23.9013420Z   httpx                          0.27.0               pyhd8ed1ab_0             conda-forge
2025-01-15T13:56:23.9013750Z   hyperframe                     6.0.1                pyhd8ed1ab_1             conda-forge
2025-01-15T13:56:23.9014160Z   icu                            73.2                 hc8870d7_0               conda-forge
2025-01-15T13:56:23.9014470Z   idna                           3.7                  pyhd8ed1ab_0             conda-forge
2025-01-15T13:56:23.9014860Z   imagesize                      1.4.1                pyhd8ed1ab_0             conda-forge
2025-01-15T13:56:23.9015230Z   importlib-metadata             7.1.0                pyha770c72_0             conda-forge
2025-01-15T13:56:23.9015680Z   importlib_metadata             7.1.0                hd8ed1ab_0               conda-forge
2025-01-15T13:56:23.9016070Z   importlib_resources            6.4.0                pyhd8ed1ab_0             conda-forge
2025-01-15T13:56:23.9017110Z   iniconfig                      2.0.0                pyhd8ed1ab_1             conda-forge
2025-01-15T13:56:23.9017670Z   ipykernel                      6.29.4               pyh57ce528_0             conda-forge
2025-01-15T13:56:23.9018160Z   ipython                        8.25.0               pyh707e725_0             conda-forge
2025-01-15T13:56:23.9018700Z   ipython_genutils               0.2.0                pyhd8ed1ab_2             conda-forge
2025-01-15T13:56:23.9019230Z   ipywidgets                     7.8.0                pyhd8ed1ab_0             conda-forge
2025-01-15T13:56:23.9019650Z   isoduration                    20.11.0              pyhd8ed1ab_1             conda-forge
2025-01-15T13:56:23.9020140Z   jedi                           0.19.1               pyhd8ed1ab_0             conda-forge
2025-01-15T13:56:23.9020960Z   jinja2                         3.1.4                pyhd8ed1ab_1             conda-forge
2025-01-15T13:56:23.9021360Z   json5                          0.9.25               pyhd8ed1ab_0             conda-forge
2025-01-15T13:56:23.9021840Z   jsonpointer                    3.0.0                py312h81bd7bf_1          conda-forge
2025-01-15T13:56:23.9022240Z   jsonschema                     4.22.0               pyhd8ed1ab_0             conda-forge
2025-01-15T13:56:23.9022750Z   jsonschema-specifications      2023.12.1            pyhd8ed1ab_0             conda-forge
2025-01-15T13:56:23.9023250Z   jsonschema-with-format-nongpl  4.22.0               pyhd8ed1ab_0             conda-forge
2025-01-15T13:56:23.9023720Z   jupyter-lsp                    2.2.5                pyhd8ed1ab_1             conda-forge
2025-01-15T13:56:23.9024160Z   jupyter_client                 8.6.2                pyhd8ed1ab_0             conda-forge
2025-01-15T13:56:23.9024530Z   jupyter_core                   5.7.2                pyh31011fe_1             conda-forge
2025-01-15T13:56:23.9024910Z   jupyter_events                 0.10.0               pyhd8ed1ab_1             conda-forge
2025-01-15T13:56:23.9025480Z   jupyter_server                 2.14.1               pyhd8ed1ab_1             conda-forge
2025-01-15T13:56:23.9025900Z   jupyter_server_terminals       0.5.3                pyhd8ed1ab_1             conda-forge
2025-01-15T13:56:23.9026280Z   jupyterlab                     4.2.2                pyhd8ed1ab_0             conda-forge
2025-01-15T13:56:23.9026670Z   jupyterlab_pygments            0.3.0                pyhd8ed1ab_2             conda-forge
2025-01-15T13:56:23.9027060Z   jupyterlab_server              2.27.2               pyhd8ed1ab_0             conda-forge
2025-01-15T13:56:23.9027460Z   jupyterlab_widgets             1.1.7                pyhd8ed1ab_0             conda-forge
2025-01-15T13:56:23.9027830Z   kiwisolver                     1.4.5                py312h6142ec9_2          conda-forge
2025-01-15T13:56:23.9028190Z   krb5                           1.21.2               h92f50d5_0               conda-forge
2025-01-15T13:56:23.9028530Z   latexcodec                     2.0.1                pyh9f0ad1d_0             conda-forge
2025-01-15T13:56:23.9028890Z   lcms2                          2.16                 ha0e7c42_0               conda-forge
2025-01-15T13:56:23.9029210Z   lerc                           4.0.0                h9a09cb3_0               conda-forge
2025-01-15T13:56:23.9029560Z   libaec                         1.1.3                hebf3989_0               conda-forge
2025-01-15T13:56:23.9030050Z   libasprintf                    0.22.5               h8414b35_3               conda-forge
2025-01-15T13:56:23.9030440Z   libasprintf-devel              0.22.5               h8414b35_3               conda-forge
2025-01-15T13:56:23.9030770Z   libblas                        3.9.0                24_osxarm64_openblas     conda-forge
2025-01-15T13:56:23.9031180Z   libbrotlicommon                1.1.0                hd74edd7_2               conda-forge
2025-01-15T13:56:23.9031590Z   libbrotlidec                   1.1.0                hd74edd7_2               conda-forge
2025-01-15T13:56:23.9031920Z   libbrotlienc                   1.1.0                hd74edd7_2               conda-forge
2025-01-15T13:56:23.9046220Z   libcblas                       3.9.0                24_osxarm64_openblas     conda-forge
2025-01-15T13:56:23.9046690Z   libcurl                        8.8.0                h7b6f9a7_0               conda-forge
2025-01-15T13:56:23.9046980Z   libcxx                         19.1.6               ha82da77_1               conda-forge
2025-01-15T13:56:23.9047300Z   libdeflate                     1.20                 h93a5062_0               conda-forge
2025-01-15T13:56:23.9047740Z   libedit                        3.1.20191231         hc8eb9b7_2               conda-forge
2025-01-15T13:56:23.9048050Z   libev                          4.33                 h93a5062_2               conda-forge
2025-01-15T13:56:23.9048580Z   libexpat                       2.6.2                hebf3989_0               conda-forge
2025-01-15T13:56:23.9048960Z   libffi                         3.4.2                h3422bc3_5               conda-forge
2025-01-15T13:56:23.9049320Z   libgd                          2.3.3                hfdf3952_9               conda-forge
2025-01-15T13:56:23.9049650Z   libgettextpo                   0.22.5               h8414b35_3               conda-forge
2025-01-15T13:56:23.9050050Z   libgettextpo-devel             0.22.5               h8414b35_3               conda-forge
2025-01-15T13:56:23.9050480Z   libgfortran                    5.0.0                13_2_0_hd922786_3        conda-forge
2025-01-15T13:56:23.9050860Z   libgfortran5                   13.2.0               hf226fd6_3               conda-forge
2025-01-15T13:56:23.9051290Z   libglib                        2.80.2               h59d46d9_1               conda-forge
2025-01-15T13:56:23.9051610Z   libiconv                       1.17                 h0d3ecfb_2               conda-forge
2025-01-15T13:56:23.9051980Z   libintl                        0.22.5               h8414b35_3               conda-forge
2025-01-15T13:56:23.9052490Z   libintl-devel                  0.22.5               h8414b35_3               conda-forge
2025-01-15T13:56:23.9052920Z   libjpeg-turbo                  3.0.0                hb547adb_1               conda-forge
2025-01-15T13:56:23.9053280Z   liblapack                      3.9.0                24_osxarm64_openblas     conda-forge
2025-01-15T13:56:23.9053700Z   libllvm14                      14.0.6               hd1a9a77_4               conda-forge
2025-01-15T13:56:23.9053990Z   libnghttp2                     1.58.0               ha4dd798_1               conda-forge
2025-01-15T13:56:23.9054310Z   libopenblas                    0.3.27               openmp_h517c56d_1        conda-forge
2025-01-15T13:56:23.9054650Z   libpng                         1.6.43               h091b4b1_0               conda-forge
2025-01-15T13:56:23.9055070Z   librsvg                        2.58.1               hbc281fb_0               conda-forge
2025-01-15T13:56:23.9055430Z   libsodium                      1.0.18               h27ca646_1               conda-forge
2025-01-15T13:56:23.9055730Z   libsqlite                      3.46.0               hfb93653_0               conda-forge
2025-01-15T13:56:23.9056050Z   libssh2                        1.11.0               h7a5bd25_0               conda-forge
2025-01-15T13:56:23.9056370Z   libtiff                        4.6.0                h07db509_3               conda-forge
2025-01-15T13:56:23.9056700Z   libwebp                        1.4.0                h54798ee_0               conda-forge
2025-01-15T13:56:23.9057010Z   libwebp-base                   1.4.0                h93a5062_0               conda-forge
2025-01-15T13:56:23.9057310Z   libxcb                         1.16                 hc9fafa5_1               conda-forge
2025-01-15T13:56:23.9057590Z   libxml2                        2.12.7               h9a80f22_3               conda-forge
2025-01-15T13:56:23.9057870Z   libxslt                        1.1.39               h223e5b9_0               conda-forge
2025-01-15T13:56:23.9058160Z   libzlib                        1.3.1                h8359307_2               conda-forge
2025-01-15T13:56:23.9058450Z   llvm-openmp                    18.1.7               hde57baf_0               conda-forge
2025-01-15T13:56:23.9058760Z   llvmlite                       0.43.0               py312ha9ca408_1          conda-forge
2025-01-15T13:56:23.9059040Z   lxml                           5.2.2                py312h0e5ab22_0          conda-forge
2025-01-15T13:56:23.9059310Z   lz4-c                          1.10.0               h286801f_1               conda-forge
2025-01-15T13:56:23.9059590Z   markupsafe                     2.1.5                py312h024a12e_1          conda-forge
2025-01-15T13:56:23.9059910Z   matplotlib-base                3.8.4                py312h4479663_2          conda-forge
2025-01-15T13:56:23.9060400Z   matplotlib-inline              0.1.7                pyhd8ed1ab_1             conda-forge
2025-01-15T13:56:23.9060720Z   mistune                        3.0.2                pyhd8ed1ab_1             conda-forge
2025-01-15T13:56:23.9061010Z   mpc                            1.3.1                h8f1351a_1               conda-forge
2025-01-15T13:56:23.9061270Z   mpfr                           4.2.1                hb693164_3               conda-forge
2025-01-15T13:56:23.9061550Z   mpmath                         1.3.0                pyhd8ed1ab_1             conda-forge
2025-01-15T13:56:23.9061830Z   munkres                        1.1.4                pyh9f0ad1d_0             conda-forge
2025-01-15T13:56:23.9062130Z   mypy_extensions                1.0.0                pyha770c72_1             conda-forge
2025-01-15T13:56:23.9062440Z   nbclassic                      1.1.0                pyhd8ed1ab_1             conda-forge
2025-01-15T13:56:23.9062780Z   nbclient                       0.10.0               pyhd8ed1ab_0             conda-forge
2025-01-15T13:56:23.9063130Z   nbconvert                      7.16.4               hd8ed1ab_3               conda-forge
2025-01-15T13:56:23.9063600Z   nbconvert-core                 7.16.4               pyhd8ed1ab_3             conda-forge
2025-01-15T13:56:23.9063930Z   nbconvert-pandoc               7.16.4               hd8ed1ab_3               conda-forge
2025-01-15T13:56:23.9064250Z   nbformat                       5.10.4               pyhd8ed1ab_1             conda-forge
2025-01-15T13:56:23.9064550Z   nbsphinx                       0.9.4                pyhd8ed1ab_0             conda-forge
2025-01-15T13:56:23.9064830Z   ncurses                        6.5                  h7bae524_1               conda-forge
2025-01-15T13:56:23.9065130Z   nest-asyncio                   1.6.0                pyhd8ed1ab_1             conda-forge
2025-01-15T13:56:23.9065440Z   networkx                       3.3                  pyhd8ed1ab_1             conda-forge
2025-01-15T13:56:23.9065730Z   notebook                       7.2.1                pyhd8ed1ab_0             conda-forge
2025-01-15T13:56:23.9066030Z   notebook-shim                  0.2.4                pyhd8ed1ab_1             conda-forge
2025-01-15T13:56:23.9066340Z   numba                          0.60.0               py312h41cea2d_0          conda-forge
2025-01-15T13:56:23.9066630Z   numexpr                        2.10.0               py312h8ae5369_0          conda-forge
2025-01-15T13:56:23.9066910Z   numpy                          2.0.2                py312h94ee1e1_1          conda-forge
2025-01-15T13:56:23.9067200Z   numpydoc                       1.7.0                pyhd8ed1ab_3             conda-forge
2025-01-15T13:56:23.9067490Z   openjpeg                       2.5.2                h9f1df11_0               conda-forge
2025-01-15T13:56:23.9067770Z   openssl                        3.4.0                h81ee809_1               conda-forge
2025-01-15T13:56:23.9068060Z   overrides                      7.7.0                pyhd8ed1ab_1             conda-forge
2025-01-15T13:56:23.9068360Z   packaging                      24.1                 pyhd8ed1ab_0             conda-forge
2025-01-15T13:56:23.9068660Z   pandas                         2.2.2                py312h8ae5369_1          conda-forge
2025-01-15T13:56:23.9068940Z   pandoc                         3.2.1                hce30654_0               conda-forge
2025-01-15T13:56:23.9069240Z   pandocfilters                  1.5.0                pyhd8ed1ab_0             conda-forge
2025-01-15T13:56:23.9069530Z   pango                          1.54.0               h5cb9fbc_0               conda-forge
2025-01-15T13:56:23.9069810Z   parso                          0.8.4                pyhd8ed1ab_1             conda-forge
2025-01-15T13:56:23.9070100Z   pathspec                       0.12.1               pyhd8ed1ab_1             conda-forge
2025-01-15T13:56:23.9070380Z   pbr                            6.0.0                pyhd8ed1ab_0             conda-forge
2025-01-15T13:56:23.9070780Z   pcre2                          10.44                h297a79d_2               conda-forge
2025-01-15T13:56:23.9071150Z   pexpect                        4.9.0                pyhd8ed1ab_1             conda-forge
2025-01-15T13:56:23.9071470Z   pickleshare                    0.7.5                pyhd8ed1ab_1004          conda-forge
2025-01-15T13:56:23.9071770Z   pillow                         10.3.0               py312h39b1d8d_1          conda-forge
2025-01-15T13:56:23.9072050Z   pip                            24.0                 pyhd8ed1ab_0             conda-forge
2025-01-15T13:56:23.9072340Z   pixman                         0.43.4               hebf3989_0               conda-forge
2025-01-15T13:56:23.9072670Z   pkgutil-resolve-name           1.3.10               pyhd8ed1ab_2             conda-forge
2025-01-15T13:56:23.9073010Z   platformdirs                   4.2.2                pyhd8ed1ab_0             conda-forge
2025-01-15T13:56:23.9073300Z   plotly                         5.22.0               pyhd8ed1ab_0             conda-forge
2025-01-15T13:56:23.9073590Z   pluggy                         1.5.0                pyhd8ed1ab_1             conda-forge
2025-01-15T13:56:23.9074100Z   prometheus_client              0.20.0               pyhd8ed1ab_0             conda-forge
2025-01-15T13:56:23.9074430Z   prompt-toolkit                 3.0.47               pyha770c72_0             conda-forge
2025-01-15T13:56:23.9074750Z   psutil                         5.9.8                py312he37b823_0          conda-forge
2025-01-15T13:56:23.9075050Z   pthread-stubs                  0.4                  hd74edd7_1002            conda-forge
2025-01-15T13:56:23.9075360Z   ptyprocess                     0.7.0                pyhd8ed1ab_1             conda-forge
2025-01-15T13:56:23.9075660Z   pure_eval                      0.2.2                pyhd8ed1ab_0             conda-forge
2025-01-15T13:56:23.9075950Z   py-cpuinfo                     9.0.0                pyhd8ed1ab_1             conda-forge
2025-01-15T13:56:23.9076240Z   pybtex                         0.24.0               pyhd8ed1ab_3             conda-forge
2025-01-15T13:56:23.9076550Z   pybtex-docutils                1.0.3                py312h81bd7bf_2          conda-forge
2025-01-15T13:56:23.9076870Z   pycparser                      2.22                 pyh29332c3_1             conda-forge
2025-01-15T13:56:23.9077160Z   pyerfa                         2.0.1.4              py312h755e627_2          conda-forge
2025-01-15T13:56:23.9077450Z   pygments                       2.18.0               pyhd8ed1ab_1             conda-forge
2025-01-15T13:56:23.9077750Z   pygraphviz                     1.13                 py312h5f4d302_1          conda-forge
2025-01-15T13:56:23.9078060Z   pyobjc-core                    10.3.1               py312hd24fc31_1          conda-forge
2025-01-15T13:56:23.9078400Z   pyobjc-framework-cocoa         10.3.1               py312hd24fc31_1          conda-forge
2025-01-15T13:56:23.9078730Z   pyparsing                      3.1.2                pyhd8ed1ab_0             conda-forge
2025-01-15T13:56:23.9079040Z   pysocks                        1.7.1                pyha55dd90_7             conda-forge
2025-01-15T13:56:23.9079330Z   pytables                       3.10.2               py312h2ca37b8_0          conda-forge
2025-01-15T13:56:23.9079620Z   pytest                         8.2.2                pyhd8ed1ab_0             conda-forge
2025-01-15T13:56:23.9079910Z   pytest-cov                     5.0.0                pyhd8ed1ab_0             conda-forge
2025-01-15T13:56:23.9080230Z   pytest-doctestplus             1.2.1                pyhd8ed1ab_0             conda-forge
2025-01-15T13:56:23.9080570Z   pytest-html                    4.1.1                pyhd8ed1ab_1             conda-forge
2025-01-15T13:56:23.9080880Z   pytest-metadata                3.1.1                pyhd8ed1ab_1             conda-forge
2025-01-15T13:56:23.9081200Z   python                         3.12.4               h30c5eda_0_cpython       conda-forge
2025-01-15T13:56:23.9081740Z   python-dateutil                2.9.0.post0          pyhff2d567_1             conda-forge
2025-01-15T13:56:23.9082120Z   python-fastjsonschema          2.20.0               pyhd8ed1ab_0             conda-forge
2025-01-15T13:56:23.9082480Z   python-json-logger             2.0.7                pyhd8ed1ab_0             conda-forge
2025-01-15T13:56:23.9082820Z   python-tzdata                  2024.1               pyhd8ed1ab_0             conda-forge
2025-01-15T13:56:23.9083200Z   python_abi                     3.12                 5_cp312                  conda-forge
2025-01-15T13:56:23.9083500Z   pytz                           2024.1               pyhd8ed1ab_0             conda-forge
2025-01-15T13:56:23.9083800Z   pyyaml                         6.0.1                py312h02f2b3b_1          conda-forge
2025-01-15T13:56:23.9084090Z   pyzmq                          26.0.3               py312hfa13136_0          conda-forge
2025-01-15T13:56:23.9084370Z   qgrid                          1.3.1                pyhd8ed1ab_4             conda-forge
2025-01-15T13:56:23.9084690Z   radioactivedecay               0.5.1                pyhd8ed1ab_1             conda-forge
2025-01-15T13:56:23.9085000Z   readline                       8.2                  h92ec313_1               conda-forge
2025-01-15T13:56:23.9085410Z   recommonmark                   0.7.1                pyhd8ed1ab_1             conda-forge
2025-01-15T13:56:23.9085720Z   referencing                    0.35.1               pyhd8ed1ab_1             conda-forge
2025-01-15T13:56:23.9086030Z   requests                       2.32.3               pyhd8ed1ab_1             conda-forge
2025-01-15T13:56:23.9086340Z   rfc3339-validator              0.1.4                pyhd8ed1ab_1             conda-forge
2025-01-15T13:56:23.9086680Z   rfc3986-validator              0.1.1                pyh9f0ad1d_0             conda-forge
2025-01-15T13:56:23.9086980Z   rpds-py                        0.18.1               py312h552d48e_0          conda-forge
2025-01-15T13:56:23.9087260Z   ruff                           0.4.9                py312h3402d49_0          conda-forge
2025-01-15T13:56:23.9087540Z   scipy                          1.13.1               py312h14ffa8f_0          conda-forge
2025-01-15T13:56:23.9087840Z   send2trash                     1.8.3                pyh31c8845_1             conda-forge
2025-01-15T13:56:23.9088140Z   setuptools                     70.0.0               pyhd8ed1ab_0             conda-forge
2025-01-15T13:56:23.9088450Z   setuptools-scm                 8.1.0                pyhd8ed1ab_1             conda-forge
2025-01-15T13:56:23.9088770Z   setuptools_scm                 8.1.0                hd8ed1ab_1               conda-forge
2025-01-15T13:56:23.9089060Z   six                            1.16.0               pyhd8ed1ab_1             conda-forge
2025-01-15T13:56:23.9089340Z   snakeviz                       2.2.0                pyhd8ed1ab_0             conda-forge
2025-01-15T13:56:23.9089620Z   snappy                         1.2.1                h98b9ce2_1               conda-forge
2025-01-15T13:56:23.9089910Z   sniffio                        1.3.1                pyhd8ed1ab_1             conda-forge
2025-01-15T13:56:23.9090220Z   snowballstemmer                2.2.0                pyhd8ed1ab_0             conda-forge
2025-01-15T13:56:23.9090530Z   soupsieve                      2.5                  pyhd8ed1ab_1             conda-forge
2025-01-15T13:56:23.9090820Z   sphinx                         7.3.7                pyhd8ed1ab_0             conda-forge
2025-01-15T13:56:23.9091130Z   sphinx-astropy                 1.9.1                pyhd8ed1ab_1             conda-forge
2025-01-15T13:56:23.9091460Z   sphinx-automodapi              0.17.0               pyh717bed2_1             conda-forge
2025-01-15T13:56:23.9091800Z   sphinx-gallery                 0.16.0               pyhd8ed1ab_0             conda-forge
2025-01-15T13:56:23.9092130Z   sphinx-jsonschema              1.19.1               pyhd8ed1ab_1             conda-forge
2025-01-15T13:56:23.9092570Z   sphinx_bootstrap_theme         0.8.1                pyhd8ed1ab_1             conda-forge
2025-01-15T13:56:23.9092920Z   sphinx_rtd_theme               2.0.0                pyha770c72_0             conda-forge
2025-01-15T13:56:23.9093260Z   sphinxcontrib-apidoc           0.3.0                py_1                     conda-forge
2025-01-15T13:56:23.9093620Z   sphinxcontrib-applehelp        1.0.8                pyhd8ed1ab_0             conda-forge
2025-01-15T13:56:23.9093990Z   sphinxcontrib-bibtex           2.6.2                pyhd8ed1ab_0             conda-forge
2025-01-15T13:56:23.9094340Z   sphinxcontrib-devhelp          1.0.6                pyhd8ed1ab_0             conda-forge
2025-01-15T13:56:23.9094710Z   sphinxcontrib-htmlhelp         2.0.5                pyhd8ed1ab_0             conda-forge
2025-01-15T13:56:23.9095070Z   sphinxcontrib-jquery           4.1                  pyhd8ed1ab_1             conda-forge
2025-01-15T13:56:23.9095420Z   sphinxcontrib-jsmath           1.0.1                pyhd8ed1ab_1             conda-forge
2025-01-15T13:56:23.9095780Z   sphinxcontrib-qthelp           1.0.7                pyhd8ed1ab_0             conda-forge
2025-01-15T13:56:23.9096170Z   sphinxcontrib-serializinghtml  1.1.10               pyhd8ed1ab_1             conda-forge
2025-01-15T13:56:23.9096630Z   stack_data                     0.6.2                pyhd8ed1ab_0             conda-forge
2025-01-15T13:56:23.9096920Z   sympy                          1.12.1               pypyh2585a3b_103         conda-forge
2025-01-15T13:56:23.9097200Z   tabulate                       0.9.0                pyhd8ed1ab_2             conda-forge
2025-01-15T13:56:23.9097490Z   tenacity                       8.4.1                pyhd8ed1ab_0             conda-forge
2025-01-15T13:56:23.9097770Z   terminado                      0.18.1               pyh31c8845_0             conda-forge
2025-01-15T13:56:23.9098060Z   tinycss2                       1.3.0                pyhd8ed1ab_0             conda-forge
2025-01-15T13:56:23.9098330Z   tk                             8.6.13               h5083fa2_1               conda-forge
2025-01-15T13:56:23.9098590Z   toml                           0.10.2               pyhd8ed1ab_1             conda-forge
2025-01-15T13:56:23.9098860Z   tomli                          2.0.1                pyhd8ed1ab_0             conda-forge
2025-01-15T13:56:23.9099130Z   tornado                        6.4.1                py312h024a12e_1          conda-forge
2025-01-15T13:56:23.9099400Z   tqdm                           4.66.4               pyhd8ed1ab_0             conda-forge
2025-01-15T13:56:23.9099690Z   traitlets                      5.14.3               pyhd8ed1ab_1             conda-forge
2025-01-15T13:56:23.9099980Z   typed-ast                      1.5.5                py312h02f2b3b_1          conda-forge
2025-01-15T13:56:23.9100320Z   types-python-dateutil          2.9.0.20240316       pyhd8ed1ab_0             conda-forge
2025-01-15T13:56:23.9100670Z   typing-extensions              4.12.2               hd8ed1ab_1               conda-forge
2025-01-15T13:56:23.9101010Z   typing_extensions              4.12.2               pyha770c72_1             conda-forge
2025-01-15T13:56:23.9101330Z   typing_utils                   0.1.0                pyhd8ed1ab_1             conda-forge
2025-01-15T13:56:23.9101620Z   tzdata                         2024a                h8827d51_1               conda-forge
2025-01-15T13:56:23.9101910Z   uri-template                   1.3.0                pyhd8ed1ab_1             conda-forge
2025-01-15T13:56:23.9102190Z   urllib3                        2.2.2                pyhd8ed1ab_1             conda-forge
2025-01-15T13:56:23.9102470Z   wcwidth                        0.2.13               pyhd8ed1ab_1             conda-forge
2025-01-15T13:56:23.9102760Z   webcolors                      24.6.0               pyhd8ed1ab_0             conda-forge
2025-01-15T13:56:23.9103050Z   webencodings                   0.5.1                pyhd8ed1ab_3             conda-forge
2025-01-15T13:56:23.9103370Z   websocket-client               1.8.0                pyhd8ed1ab_1             conda-forge
2025-01-15T13:56:23.9103760Z   wheel                          0.43.0               pyhd8ed1ab_1             conda-forge
2025-01-15T13:56:23.9104070Z   widgetsnbextension             3.6.6                pyhd8ed1ab_0             conda-forge
2025-01-15T13:56:23.9104390Z   xorg-libxau                    1.0.11               hd74edd7_1               conda-forge
2025-01-15T13:56:23.9104700Z   xorg-libxdmcp                  1.1.3                hd74edd7_2               conda-forge
2025-01-15T13:56:23.9104980Z   xz                             5.2.6                h57fd34a_0               conda-forge
2025-01-15T13:56:23.9105240Z   yaml                           0.2.5                h3422bc3_2               conda-forge
2025-01-15T13:56:23.9105510Z   zeromq                         4.3.5                hcc0f68c_4               conda-forge
2025-01-15T13:56:23.9105790Z   zipp                           3.19.2               pyhd8ed1ab_0             conda-forge
2025-01-15T13:56:23.9106060Z   zlib                           1.3.1                h8359307_2               conda-forge
2025-01-15T13:56:23.9106330Z   zlib-ng                        2.2.3                h13dfb9a_0               conda-forge
2025-01-15T13:56:23.9106730Z   zstandard                      0.23.0               py312h15fbf35_1          conda-forge
2025-01-15T13:56:23.9107020Z   zstd                           1.5.6                hb46c0d2_0               conda-forge
2025-01-15T13:56:23.9107450Z ##[endgroup]
2025-01-15T13:56:23.9190460Z ##[group]Run pip install -e . --user
2025-01-15T13:56:23.9190750Z [36;1mpip install -e . --user[0m
2025-01-15T13:56:23.9604440Z shell: /bin/bash -l {0}
2025-01-15T13:56:23.9604620Z env:
2025-01-15T13:56:23.9604750Z   CACHE_NUMBER: 0
2025-01-15T13:56:23.9605230Z   PYTEST_FLAGS: --tardis-regression-data=/Users/runner/work/tardis/tardis/tardis-regression-data --cov=tardis --cov-report=xml --cov-report=html --cov-append
2025-01-15T13:56:23.9605720Z   CODECOV_TOKEN: 
2025-01-15T13:56:23.9605890Z   MAMBA_ROOT_PREFIX: /Users/runner/micromamba
2025-01-15T13:56:23.9606120Z   MAMBA_EXE: /Users/runner/micromamba-bin/micromamba
2025-01-15T13:56:23.9606400Z   CONDARC: /Users/runner/work/_temp/setup-micromamba/.condarc
2025-01-15T13:56:23.9606630Z ##[endgroup]
2025-01-15T13:56:24.7573990Z Obtaining file:///Users/runner/work/tardis/tardis
2025-01-15T13:56:24.7597090Z   Installing build dependencies: started
2025-01-15T13:56:27.0482130Z   Installing build dependencies: finished with status 'done'
2025-01-15T13:56:27.0490200Z   Checking if build backend supports build_editable: started
2025-01-15T13:56:27.1375830Z   Checking if build backend supports build_editable: finished with status 'done'
2025-01-15T13:56:27.1384510Z   Getting requirements to build editable: started
2025-01-15T13:56:27.5701830Z   Getting requirements to build editable: finished with status 'done'
2025-01-15T13:56:27.5712240Z   Preparing editable metadata (pyproject.toml): started
2025-01-15T13:56:28.0015070Z   Preparing editable metadata (pyproject.toml): finished with status 'done'
2025-01-15T13:56:28.0434050Z Requirement already satisfied: astropy in /Users/runner/micromamba/envs/tardis/lib/python3.12/site-packages (from tardis==0.0.0) (6.1.1)
2025-01-15T13:56:28.0682420Z Requirement already satisfied: numpy>=1.23 in /Users/runner/micromamba/envs/tardis/lib/python3.12/site-packages (from astropy->tardis==0.0.0) (2.0.2)
2025-01-15T13:56:28.0688560Z Requirement already satisfied: pyerfa>=2.0.1.1 in /Users/runner/micromamba/envs/tardis/lib/python3.12/site-packages (from astropy->tardis==0.0.0) (2.0.1.4)
2025-01-15T13:56:28.0694720Z Requirement already satisfied: astropy-iers-data>=0.2024.5.27.0.30.8 in /Users/runner/micromamba/envs/tardis/lib/python3.12/site-packages (from astropy->tardis==0.0.0) (0.2024.6.17.0.31.35)
2025-01-15T13:56:28.0699330Z Requirement already satisfied: PyYAML>=3.13 in /Users/runner/micromamba/envs/tardis/lib/python3.12/site-packages (from astropy->tardis==0.0.0) (6.0.1)
2025-01-15T13:56:28.0704760Z Requirement already satisfied: packaging>=19.0 in /Users/runner/micromamba/envs/tardis/lib/python3.12/site-packages (from astropy->tardis==0.0.0) (24.1)
2025-01-15T13:56:28.0756930Z Building wheels for collected packages: tardis
2025-01-15T13:56:28.0763590Z   Building editable for tardis (pyproject.toml): started
2025-01-15T13:56:28.6190720Z   Building editable for tardis (pyproject.toml): finished with status 'done'
2025-01-15T13:56:28.6197600Z   Created wheel for tardis: filename=tardis-0.0.0-0.editable-py3-none-any.whl size=8876 sha256=bef2a7d3bdc6f46f2b2939ac2ba53b4f8edd1dba41b5ad6770e1ab4976c9bd48
2025-01-15T13:56:28.6198650Z   Stored in directory: /private/var/folders/84/5079cppj57s0lzywhyzcxkjc0000gn/T/pip-ephem-wheel-cache-aqbclynn/wheels/bb/4f/6a/0829b918c1c10bc28535ce7f14be21eee54375bdd9cd0c306a
2025-01-15T13:56:28.6222730Z Successfully built tardis
2025-01-15T13:56:29.1295600Z Installing collected packages: tardis
2025-01-15T13:56:29.1348990Z Successfully installed tardis-0.0.0
2025-01-15T13:56:29.3619040Z ##[group]Run pip install qgridnext
2025-01-15T13:56:29.3619280Z [36;1mpip install qgridnext[0m
2025-01-15T13:56:29.3673480Z shell: /bin/bash -l {0}
2025-01-15T13:56:29.3674220Z env:
2025-01-15T13:56:29.3674370Z   CACHE_NUMBER: 0
2025-01-15T13:56:29.3674860Z   PYTEST_FLAGS: --tardis-regression-data=/Users/runner/work/tardis/tardis/tardis-regression-data --cov=tardis --cov-report=xml --cov-report=html --cov-append
2025-01-15T13:56:29.3675370Z   CODECOV_TOKEN: 
2025-01-15T13:56:29.3675540Z   MAMBA_ROOT_PREFIX: /Users/runner/micromamba
2025-01-15T13:56:29.3675800Z   MAMBA_EXE: /Users/runner/micromamba-bin/micromamba
2025-01-15T13:56:29.3676080Z   CONDARC: /Users/runner/work/_temp/setup-micromamba/.condarc
2025-01-15T13:56:29.3676340Z ##[endgroup]
2025-01-15T13:56:29.9070420Z Collecting qgridnext
2025-01-15T13:56:29.9425190Z   Downloading qgridnext-2.0.4-py3-none-any.whl.metadata (9.9 kB)
2025-01-15T13:56:29.9600130Z Requirement already satisfied: pandas>=0.20.0 in /Users/runner/micromamba/envs/tardis/lib/python3.12/site-packages (from qgridnext) (2.2.2)
2025-01-15T13:56:29.9605650Z Requirement already satisfied: ipywidgets>=7.0.0 in /Users/runner/micromamba/envs/tardis/lib/python3.12/site-packages (from qgridnext) (7.8.0)
2025-01-15T13:56:29.9611600Z Requirement already satisfied: numpy in /Users/runner/micromamba/envs/tardis/lib/python3.12/site-packages (from qgridnext) (2.0.2)
2025-01-15T13:56:29.9618010Z Requirement already satisfied: traitlets in /Users/runner/micromamba/envs/tardis/lib/python3.12/site-packages (from qgridnext) (5.14.3)
2025-01-15T13:56:29.9672660Z Requirement already satisfied: comm>=0.1.3 in /Users/runner/micromamba/envs/tardis/lib/python3.12/site-packages (from ipywidgets>=7.0.0->qgridnext) (0.2.2)
2025-01-15T13:56:29.9681680Z Requirement already satisfied: ipython-genutils~=0.2.0 in /Users/runner/micromamba/envs/tardis/lib/python3.12/site-packages (from ipywidgets>=7.0.0->qgridnext) (0.2.0)
2025-01-15T13:56:29.9691100Z Requirement already satisfied: widgetsnbextension~=3.6.5 in /Users/runner/micromamba/envs/tardis/lib/python3.12/site-packages (from ipywidgets>=7.0.0->qgridnext) (3.6.6)
2025-01-15T13:56:29.9700420Z Requirement already satisfied: ipython>=4.0.0 in /Users/runner/micromamba/envs/tardis/lib/python3.12/site-packages (from ipywidgets>=7.0.0->qgridnext) (8.25.0)
2025-01-15T13:56:29.9709320Z Requirement already satisfied: jupyterlab-widgets<3,>=1.0.0 in /Users/runner/micromamba/envs/tardis/lib/python3.12/site-packages (from ipywidgets>=7.0.0->qgridnext) (1.1.7)
2025-01-15T13:56:29.9987930Z Requirement already satisfied: python-dateutil>=2.8.2 in /Users/runner/micromamba/envs/tardis/lib/python3.12/site-packages (from pandas>=0.20.0->qgridnext) (2.9.0.post0)
2025-01-15T13:56:29.9996310Z Requirement already satisfied: pytz>=2020.1 in /Users/runner/micromamba/envs/tardis/lib/python3.12/site-packages (from pandas>=0.20.0->qgridnext) (2024.1)
2025-01-15T13:56:30.0001870Z Requirement already satisfied: tzdata>=2022.7 in /Users/runner/micromamba/envs/tardis/lib/python3.12/site-packages (from pandas>=0.20.0->qgridnext) (2024.1)
2025-01-15T13:56:30.0203900Z Requirement already satisfied: decorator in /Users/runner/micromamba/envs/tardis/lib/python3.12/site-packages (from ipython>=4.0.0->ipywidgets>=7.0.0->qgridnext) (5.1.1)
2025-01-15T13:56:30.0214340Z Requirement already satisfied: jedi>=0.16 in /Users/runner/micromamba/envs/tardis/lib/python3.12/site-packages (from ipython>=4.0.0->ipywidgets>=7.0.0->qgridnext) (0.19.1)
2025-01-15T13:56:30.0219560Z Requirement already satisfied: matplotlib-inline in /Users/runner/micromamba/envs/tardis/lib/python3.12/site-packages (from ipython>=4.0.0->ipywidgets>=7.0.0->qgridnext) (0.1.7)
2025-01-15T13:56:30.0225590Z Requirement already satisfied: prompt-toolkit<3.1.0,>=3.0.41 in /Users/runner/micromamba/envs/tardis/lib/python3.12/site-packages (from ipython>=4.0.0->ipywidgets>=7.0.0->qgridnext) (3.0.47)
2025-01-15T13:56:30.0231780Z Requirement already satisfied: pygments>=2.4.0 in /Users/runner/micromamba/envs/tardis/lib/python3.12/site-packages (from ipython>=4.0.0->ipywidgets>=7.0.0->qgridnext) (2.18.0)
2025-01-15T13:56:30.0237410Z Requirement already satisfied: stack-data in /Users/runner/micromamba/envs/tardis/lib/python3.12/site-packages (from ipython>=4.0.0->ipywidgets>=7.0.0->qgridnext) (0.6.2)
2025-01-15T13:56:30.0250230Z Requirement already satisfied: pexpect>4.3 in /Users/runner/micromamba/envs/tardis/lib/python3.12/site-packages (from ipython>=4.0.0->ipywidgets>=7.0.0->qgridnext) (4.9.0)
2025-01-15T13:56:30.0278410Z Requirement already satisfied: six>=1.5 in /Users/runner/micromamba/envs/tardis/lib/python3.12/site-packages (from python-dateutil>=2.8.2->pandas>=0.20.0->qgridnext) (1.16.0)
2025-01-15T13:56:30.0314560Z Requirement already satisfied: notebook>=4.4.1 in /Users/runner/micromamba/envs/tardis/lib/python3.12/site-packages (from widgetsnbextension~=3.6.5->ipywidgets>=7.0.0->qgridnext) (7.2.1)
2025-01-15T13:56:30.0436390Z Requirement already satisfied: parso<0.9.0,>=0.8.3 in /Users/runner/micromamba/envs/tardis/lib/python3.12/site-packages (from jedi>=0.16->ipython>=4.0.0->ipywidgets>=7.0.0->qgridnext) (0.8.4)
2025-01-15T13:56:30.0530930Z Requirement already satisfied: jupyter-server<3,>=2.4.0 in /Users/runner/micromamba/envs/tardis/lib/python3.12/site-packages (from notebook>=4.4.1->widgetsnbextension~=3.6.5->ipywidgets>=7.0.0->qgridnext) (2.14.1)
2025-01-15T13:56:30.0537900Z Requirement already satisfied: jupyterlab-server<3,>=2.27.1 in /Users/runner/micromamba/envs/tardis/lib/python3.12/site-packages (from notebook>=4.4.1->widgetsnbextension~=3.6.5->ipywidgets>=7.0.0->qgridnext) (2.27.2)
2025-01-15T13:56:30.0547900Z Requirement already satisfied: jupyterlab<4.3,>=4.2.0 in /Users/runner/micromamba/envs/tardis/lib/python3.12/site-packages (from notebook>=4.4.1->widgetsnbextension~=3.6.5->ipywidgets>=7.0.0->qgridnext) (4.2.2)
2025-01-15T13:56:30.0554220Z Requirement already satisfied: notebook-shim<0.3,>=0.2 in /Users/runner/micromamba/envs/tardis/lib/python3.12/site-packages (from notebook>=4.4.1->widgetsnbextension~=3.6.5->ipywidgets>=7.0.0->qgridnext) (0.2.4)
2025-01-15T13:56:30.0559890Z Requirement already satisfied: tornado>=6.2.0 in /Users/runner/micromamba/envs/tardis/lib/python3.12/site-packages (from notebook>=4.4.1->widgetsnbextension~=3.6.5->ipywidgets>=7.0.0->qgridnext) (6.4.1)
2025-01-15T13:56:30.0578900Z Requirement already satisfied: ptyprocess>=0.5 in /Users/runner/micromamba/envs/tardis/lib/python3.12/site-packages (from pexpect>4.3->ipython>=4.0.0->ipywidgets>=7.0.0->qgridnext) (0.7.0)
2025-01-15T13:56:30.0680930Z Requirement already satisfied: wcwidth in /Users/runner/micromamba/envs/tardis/lib/python3.12/site-packages (from prompt-toolkit<3.1.0,>=3.0.41->ipython>=4.0.0->ipywidgets>=7.0.0->qgridnext) (0.2.13)
2025-01-15T13:56:30.0783290Z Requirement already satisfied: executing>=1.2.0 in /Users/runner/micromamba/envs/tardis/lib/python3.12/site-packages (from stack-data->ipython>=4.0.0->ipywidgets>=7.0.0->qgridnext) (2.0.1)
2025-01-15T13:56:30.0885220Z Requirement already satisfied: asttokens>=2.1.0 in /Users/runner/micromamba/envs/tardis/lib/python3.12/site-packages (from stack-data->ipython>=4.0.0->ipywidgets>=7.0.0->qgridnext) (2.4.1)
2025-01-15T13:56:30.0987170Z Requirement already satisfied: pure-eval in /Users/runner/micromamba/envs/tardis/lib/python3.12/site-packages (from stack-data->ipython>=4.0.0->ipywidgets>=7.0.0->qgridnext) (0.2.2)
2025-01-15T13:56:30.1089130Z Requirement already satisfied: anyio>=3.1.0 in /Users/runner/micromamba/envs/tardis/lib/python3.12/site-packages (from jupyter-server<3,>=2.4.0->notebook>=4.4.1->widgetsnbextension~=3.6.5->ipywidgets>=7.0.0->qgridnext) (4.4.0)
2025-01-15T13:56:30.1191230Z Requirement already satisfied: argon2-cffi>=21.1 in /Users/runner/micromamba/envs/tardis/lib/python3.12/site-packages (from jupyter-server<3,>=2.4.0->notebook>=4.4.1->widgetsnbextension~=3.6.5->ipywidgets>=7.0.0->qgridnext) (23.1.0)
2025-01-15T13:56:30.1293850Z Requirement already satisfied: jinja2>=3.0.3 in /Users/runner/micromamba/envs/tardis/lib/python3.12/site-packages (from jupyter-server<3,>=2.4.0->notebook>=4.4.1->widgetsnbextension~=3.6.5->ipywidgets>=7.0.0->qgridnext) (3.1.4)
2025-01-15T13:56:30.1395950Z Requirement already satisfied: jupyter-client>=7.4.4 in /Users/runner/micromamba/envs/tardis/lib/python3.12/site-packages (from jupyter-server<3,>=2.4.0->notebook>=4.4.1->widgetsnbextension~=3.6.5->ipywidgets>=7.0.0->qgridnext) (8.6.2)
2025-01-15T13:56:30.1498950Z Requirement already satisfied: jupyter-core!=5.0.*,>=4.12 in /Users/runner/micromamba/envs/tardis/lib/python3.12/site-packages (from jupyter-server<3,>=2.4.0->notebook>=4.4.1->widgetsnbextension~=3.6.5->ipywidgets>=7.0.0->qgridnext) (5.7.2)
2025-01-15T13:56:30.1601130Z Requirement already satisfied: jupyter-events>=0.9.0 in /Users/runner/micromamba/envs/tardis/lib/python3.12/site-packages (from jupyter-server<3,>=2.4.0->notebook>=4.4.1->widgetsnbextension~=3.6.5->ipywidgets>=7.0.0->qgridnext) (0.10.0)
2025-01-15T13:56:30.1703370Z Requirement already satisfied: jupyter-server-terminals>=0.4.4 in /Users/runner/micromamba/envs/tardis/lib/python3.12/site-packages (from jupyter-server<3,>=2.4.0->notebook>=4.4.1->widgetsnbextension~=3.6.5->ipywidgets>=7.0.0->qgridnext) (0.5.3)
2025-01-15T13:56:30.1805630Z Requirement already satisfied: nbconvert>=6.4.4 in /Users/runner/micromamba/envs/tardis/lib/python3.12/site-packages (from jupyter-server<3,>=2.4.0->notebook>=4.4.1->widgetsnbextension~=3.6.5->ipywidgets>=7.0.0->qgridnext) (7.16.4)
2025-01-15T13:56:30.1907840Z Requirement already satisfied: nbformat>=5.3.0 in /Users/runner/micromamba/envs/tardis/lib/python3.12/site-packages (from jupyter-server<3,>=2.4.0->notebook>=4.4.1->widgetsnbextension~=3.6.5->ipywidgets>=7.0.0->qgridnext) (5.10.4)
2025-01-15T13:56:30.2010000Z Requirement already satisfied: overrides>=5.0 in /Users/runner/micromamba/envs/tardis/lib/python3.12/site-packages (from jupyter-server<3,>=2.4.0->notebook>=4.4.1->widgetsnbextension~=3.6.5->ipywidgets>=7.0.0->qgridnext) (7.7.0)
2025-01-15T13:56:30.2112150Z Requirement already satisfied: packaging>=22.0 in /Users/runner/micromamba/envs/tardis/lib/python3.12/site-packages (from jupyter-server<3,>=2.4.0->notebook>=4.4.1->widgetsnbextension~=3.6.5->ipywidgets>=7.0.0->qgridnext) (24.1)
2025-01-15T13:56:30.2214370Z Requirement already satisfied: prometheus-client>=0.9 in /Users/runner/micromamba/envs/tardis/lib/python3.12/site-packages (from jupyter-server<3,>=2.4.0->notebook>=4.4.1->widgetsnbextension~=3.6.5->ipywidgets>=7.0.0->qgridnext) (0.20.0)
2025-01-15T13:56:30.2328940Z Requirement already satisfied: pyzmq>=24 in /Users/runner/micromamba/envs/tardis/lib/python3.12/site-packages (from jupyter-server<3,>=2.4.0->notebook>=4.4.1->widgetsnbextension~=3.6.5->ipywidgets>=7.0.0->qgridnext) (26.0.3)
2025-01-15T13:56:30.2431080Z Requirement already satisfied: send2trash>=1.8.2 in /Users/runner/micromamba/envs/tardis/lib/python3.12/site-packages (from jupyter-server<3,>=2.4.0->notebook>=4.4.1->widgetsnbextension~=3.6.5->ipywidgets>=7.0.0->qgridnext) (1.8.3)
2025-01-15T13:56:30.2533010Z Requirement already satisfied: terminado>=0.8.3 in /Users/runner/micromamba/envs/tardis/lib/python3.12/site-packages (from jupyter-server<3,>=2.4.0->notebook>=4.4.1->widgetsnbextension~=3.6.5->ipywidgets>=7.0.0->qgridnext) (0.18.1)
2025-01-15T13:56:30.2634880Z Requirement already satisfied: websocket-client>=1.7 in /Users/runner/micromamba/envs/tardis/lib/python3.12/site-packages (from jupyter-server<3,>=2.4.0->notebook>=4.4.1->widgetsnbextension~=3.6.5->ipywidgets>=7.0.0->qgridnext) (1.8.0)
2025-01-15T13:56:30.2737010Z Requirement already satisfied: async-lru>=1.0.0 in /Users/runner/micromamba/envs/tardis/lib/python3.12/site-packages (from jupyterlab<4.3,>=4.2.0->notebook>=4.4.1->widgetsnbextension~=3.6.5->ipywidgets>=7.0.0->qgridnext) (2.0.4)
2025-01-15T13:56:30.2839070Z Requirement already satisfied: httpx>=0.25.0 in /Users/runner/micromamba/envs/tardis/lib/python3.12/site-packages (from jupyterlab<4.3,>=4.2.0->notebook>=4.4.1->widgetsnbextension~=3.6.5->ipywidgets>=7.0.0->qgridnext) (0.27.0)
2025-01-15T13:56:30.2941320Z Requirement already satisfied: ipykernel>=6.5.0 in /Users/runner/micromamba/envs/tardis/lib/python3.12/site-packages (from jupyterlab<4.3,>=4.2.0->notebook>=4.4.1->widgetsnbextension~=3.6.5->ipywidgets>=7.0.0->qgridnext) (6.29.4)
2025-01-15T13:56:30.3048510Z Requirement already satisfied: jupyter-lsp>=2.0.0 in /Users/runner/micromamba/envs/tardis/lib/python3.12/site-packages (from jupyterlab<4.3,>=4.2.0->notebook>=4.4.1->widgetsnbextension~=3.6.5->ipywidgets>=7.0.0->qgridnext) (2.2.5)
2025-01-15T13:56:30.3153200Z Requirement already satisfied: setuptools>=40.1.0 in /Users/runner/micromamba/envs/tardis/lib/python3.12/site-packages (from jupyterlab<4.3,>=4.2.0->notebook>=4.4.1->widgetsnbextension~=3.6.5->ipywidgets>=7.0.0->qgridnext) (70.0.0)
2025-01-15T13:56:30.3255090Z Requirement already satisfied: babel>=2.10 in /Users/runner/micromamba/envs/tardis/lib/python3.12/site-packages (from jupyterlab-server<3,>=2.27.1->notebook>=4.4.1->widgetsnbextension~=3.6.5->ipywidgets>=7.0.0->qgridnext) (2.14.0)
2025-01-15T13:56:30.3357140Z Requirement already satisfied: json5>=0.9.0 in /Users/runner/micromamba/envs/tardis/lib/python3.12/site-packages (from jupyterlab-server<3,>=2.27.1->notebook>=4.4.1->widgetsnbextension~=3.6.5->ipywidgets>=7.0.0->qgridnext) (0.9.25)
2025-01-15T13:56:30.3459360Z Requirement already satisfied: jsonschema>=4.18.0 in /Users/runner/micromamba/envs/tardis/lib/python3.12/site-packages (from jupyterlab-server<3,>=2.27.1->notebook>=4.4.1->widgetsnbextension~=3.6.5->ipywidgets>=7.0.0->qgridnext) (4.22.0)
2025-01-15T13:56:30.3561410Z Requirement already satisfied: requests>=2.31 in /Users/runner/micromamba/envs/tardis/lib/python3.12/site-packages (from jupyterlab-server<3,>=2.27.1->notebook>=4.4.1->widgetsnbextension~=3.6.5->ipywidgets>=7.0.0->qgridnext) (2.32.3)
2025-01-15T13:56:30.3682490Z Requirement already satisfied: idna>=2.8 in /Users/runner/micromamba/envs/tardis/lib/python3.12/site-packages (from anyio>=3.1.0->jupyter-server<3,>=2.4.0->notebook>=4.4.1->widgetsnbextension~=3.6.5->ipywidgets>=7.0.0->qgridnext) (3.7)
2025-01-15T13:56:30.3784490Z Requirement already satisfied: sniffio>=1.1 in /Users/runner/micromamba/envs/tardis/lib/python3.12/site-packages (from anyio>=3.1.0->jupyter-server<3,>=2.4.0->notebook>=4.4.1->widgetsnbextension~=3.6.5->ipywidgets>=7.0.0->qgridnext) (1.3.1)
2025-01-15T13:56:30.3886510Z Requirement already satisfied: argon2-cffi-bindings in /Users/runner/micromamba/envs/tardis/lib/python3.12/site-packages (from argon2-cffi>=21.1->jupyter-server<3,>=2.4.0->notebook>=4.4.1->widgetsnbextension~=3.6.5->ipywidgets>=7.0.0->qgridnext) (21.2.0)
2025-01-15T13:56:30.3988410Z Requirement already satisfied: certifi in /Users/runner/micromamba/envs/tardis/lib/python3.12/site-packages (from httpx>=0.25.0->jupyterlab<4.3,>=4.2.0->notebook>=4.4.1->widgetsnbextension~=3.6.5->ipywidgets>=7.0.0->qgridnext) (2024.12.14)
2025-01-15T13:56:30.4090450Z Requirement already satisfied: httpcore==1.* in /Users/runner/micromamba/envs/tardis/lib/python3.12/site-packages (from httpx>=0.25.0->jupyterlab<4.3,>=4.2.0->notebook>=4.4.1->widgetsnbextension~=3.6.5->ipywidgets>=7.0.0->qgridnext) (1.0.5)
2025-01-15T13:56:30.4197330Z Requirement already satisfied: h11<0.15,>=0.13 in /Users/runner/micromamba/envs/tardis/lib/python3.12/site-packages (from httpcore==1.*->httpx>=0.25.0->jupyterlab<4.3,>=4.2.0->notebook>=4.4.1->widgetsnbextension~=3.6.5->ipywidgets>=7.0.0->qgridnext) (0.14.0)
2025-01-15T13:56:30.4299350Z Requirement already satisfied: appnope in /Users/runner/micromamba/envs/tardis/lib/python3.12/site-packages (from ipykernel>=6.5.0->jupyterlab<4.3,>=4.2.0->notebook>=4.4.1->widgetsnbextension~=3.6.5->ipywidgets>=7.0.0->qgridnext) (0.1.4)
2025-01-15T13:56:30.4300620Z Requirement already satisfied: debugpy>=1.6.5 in /Users/runner/micromamba/envs/tardis/lib/python3.12/site-packages (from ipykernel>=6.5.0->jupyterlab<4.3,>=4.2.0->notebook>=4.4.1->widgetsnbextension~=3.6.5->ipywidgets>=7.0.0->qgridnext) (1.8.1)
2025-01-15T13:56:30.4408010Z Requirement already satisfied: nest-asyncio in /Users/runner/micromamba/envs/tardis/lib/python3.12/site-packages (from ipykernel>=6.5.0->jupyterlab<4.3,>=4.2.0->notebook>=4.4.1->widgetsnbextension~=3.6.5->ipywidgets>=7.0.0->qgridnext) (1.6.0)
2025-01-15T13:56:30.4510280Z Requirement already satisfied: psutil in /Users/runner/micromamba/envs/tardis/lib/python3.12/site-packages (from ipykernel>=6.5.0->jupyterlab<4.3,>=4.2.0->notebook>=4.4.1->widgetsnbextension~=3.6.5->ipywidgets>=7.0.0->qgridnext) (5.9.8)
2025-01-15T13:56:30.4612590Z Requirement already satisfied: MarkupSafe>=2.0 in /Users/runner/micromamba/envs/tardis/lib/python3.12/site-packages (from jinja2>=3.0.3->jupyter-server<3,>=2.4.0->notebook>=4.4.1->widgetsnbextension~=3.6.5->ipywidgets>=7.0.0->qgridnext) (2.1.5)
2025-01-15T13:56:30.4718380Z Requirement already satisfied: attrs>=22.2.0 in /Users/runner/micromamba/envs/tardis/lib/python3.12/site-packages (from jsonschema>=4.18.0->jupyterlab-server<3,>=2.27.1->notebook>=4.4.1->widgetsnbextension~=3.6.5->ipywidgets>=7.0.0->qgridnext) (23.2.0)
2025-01-15T13:56:30.4785380Z Requirement already satisfied: jsonschema-specifications>=2023.03.6 in /Users/runner/micromamba/envs/tardis/lib/python3.12/site-packages (from jsonschema>=4.18.0->jupyterlab-server<3,>=2.27.1->notebook>=4.4.1->widgetsnbextension~=3.6.5->ipywidgets>=7.0.0->qgridnext) (2023.12.1)
2025-01-15T13:56:30.4887530Z Requirement already satisfied: referencing>=0.28.4 in /Users/runner/micromamba/envs/tardis/lib/python3.12/site-packages (from jsonschema>=4.18.0->jupyterlab-server<3,>=2.27.1->notebook>=4.4.1->widgetsnbextension~=3.6.5->ipywidgets>=7.0.0->qgridnext) (0.35.1)
2025-01-15T13:56:30.4989680Z Requirement already satisfied: rpds-py>=0.7.1 in /Users/runner/micromamba/envs/tardis/lib/python3.12/site-packages (from jsonschema>=4.18.0->jupyterlab-server<3,>=2.27.1->notebook>=4.4.1->widgetsnbextension~=3.6.5->ipywidgets>=7.0.0->qgridnext) (0.18.1)
2025-01-15T13:56:30.5091740Z Requirement already satisfied: platformdirs>=2.5 in /Users/runner/micromamba/envs/tardis/lib/python3.12/site-packages (from jupyter-core!=5.0.*,>=4.12->jupyter-server<3,>=2.4.0->notebook>=4.4.1->widgetsnbextension~=3.6.5->ipywidgets>=7.0.0->qgridnext) (4.2.2)
2025-01-15T13:56:30.5183180Z Requirement already satisfied: python-json-logger>=2.0.4 in /Users/runner/micromamba/envs/tardis/lib/python3.12/site-packages (from jupyter-events>=0.9.0->jupyter-server<3,>=2.4.0->notebook>=4.4.1->widgetsnbextension~=3.6.5->ipywidgets>=7.0.0->qgridnext) (2.0.7)
2025-01-15T13:56:30.5233930Z Requirement already satisfied: pyyaml>=5.3 in /Users/runner/micromamba/envs/tardis/lib/python3.12/site-packages (from jupyter-events>=0.9.0->jupyter-server<3,>=2.4.0->notebook>=4.4.1->widgetsnbextension~=3.6.5->ipywidgets>=7.0.0->qgridnext) (6.0.1)
2025-01-15T13:56:30.5279660Z Requirement already satisfied: rfc3339-validator in /Users/runner/micromamba/envs/tardis/lib/python3.12/site-packages (from jupyter-events>=0.9.0->jupyter-server<3,>=2.4.0->notebook>=4.4.1->widgetsnbextension~=3.6.5->ipywidgets>=7.0.0->qgridnext) (0.1.4)
2025-01-15T13:56:30.5355360Z Requirement already satisfied: rfc3986-validator>=0.1.1 in /Users/runner/micromamba/envs/tardis/lib/python3.12/site-packages (from jupyter-events>=0.9.0->jupyter-server<3,>=2.4.0->notebook>=4.4.1->widgetsnbextension~=3.6.5->ipywidgets>=7.0.0->qgridnext) (0.1.1)
2025-01-15T13:56:30.5434950Z Requirement already satisfied: beautifulsoup4 in /Users/runner/micromamba/envs/tardis/lib/python3.12/site-packages (from nbconvert>=6.4.4->jupyter-server<3,>=2.4.0->notebook>=4.4.1->widgetsnbextension~=3.6.5->ipywidgets>=7.0.0->qgridnext) (4.12.3)
2025-01-15T13:56:30.5536880Z Requirement already satisfied: bleach!=5.0.0 in /Users/runner/micromamba/envs/tardis/lib/python3.12/site-packages (from nbconvert>=6.4.4->jupyter-server<3,>=2.4.0->notebook>=4.4.1->widgetsnbextension~=3.6.5->ipywidgets>=7.0.0->qgridnext) (6.1.0)
2025-01-15T13:56:30.5587420Z Requirement already satisfied: defusedxml in /Users/runner/micromamba/envs/tardis/lib/python3.12/site-packages (from nbconvert>=6.4.4->jupyter-server<3,>=2.4.0->notebook>=4.4.1->widgetsnbextension~=3.6.5->ipywidgets>=7.0.0->qgridnext) (0.7.1)
2025-01-15T13:56:30.5670650Z Requirement already satisfied: jupyterlab-pygments in /Users/runner/micromamba/envs/tardis/lib/python3.12/site-packages (from nbconvert>=6.4.4->jupyter-server<3,>=2.4.0->notebook>=4.4.1->widgetsnbextension~=3.6.5->ipywidgets>=7.0.0->qgridnext) (0.3.0)
2025-01-15T13:56:30.5686100Z Requirement already satisfied: mistune<4,>=2.0.3 in /Users/runner/micromamba/envs/tardis/lib/python3.12/site-packages (from nbconvert>=6.4.4->jupyter-server<3,>=2.4.0->notebook>=4.4.1->widgetsnbextension~=3.6.5->ipywidgets>=7.0.0->qgridnext) (3.0.2)
2025-01-15T13:56:30.5717250Z Requirement already satisfied: nbclient>=0.5.0 in /Users/runner/micromamba/envs/tardis/lib/python3.12/site-packages (from nbconvert>=6.4.4->jupyter-server<3,>=2.4.0->notebook>=4.4.1->widgetsnbextension~=3.6.5->ipywidgets>=7.0.0->qgridnext) (0.10.0)
2025-01-15T13:56:30.5754460Z Requirement already satisfied: pandocfilters>=1.4.1 in /Users/runner/micromamba/envs/tardis/lib/python3.12/site-packages (from nbconvert>=6.4.4->jupyter-server<3,>=2.4.0->notebook>=4.4.1->widgetsnbextension~=3.6.5->ipywidgets>=7.0.0->qgridnext) (1.5.0)
2025-01-15T13:56:30.5771320Z Requirement already satisfied: tinycss2 in /Users/runner/micromamba/envs/tardis/lib/python3.12/site-packages (from nbconvert>=6.4.4->jupyter-server<3,>=2.4.0->notebook>=4.4.1->widgetsnbextension~=3.6.5->ipywidgets>=7.0.0->qgridnext) (1.3.0)
2025-01-15T13:56:30.5774970Z Requirement already satisfied: fastjsonschema>=2.15 in /Users/runner/micromamba/envs/tardis/lib/python3.12/site-packages (from nbformat>=5.3.0->jupyter-server<3,>=2.4.0->notebook>=4.4.1->widgetsnbextension~=3.6.5->ipywidgets>=7.0.0->qgridnext) (2.20.0)
2025-01-15T13:56:30.5789530Z Requirement already satisfied: charset_normalizer<4,>=2 in /Users/runner/micromamba/envs/tardis/lib/python3.12/site-packages (from requests>=2.31->jupyterlab-server<3,>=2.27.1->notebook>=4.4.1->widgetsnbextension~=3.6.5->ipywidgets>=7.0.0->qgridnext) (3.3.2)
2025-01-15T13:56:30.5821210Z Requirement already satisfied: urllib3<3,>=1.21.1 in /Users/runner/micromamba/envs/tardis/lib/python3.12/site-packages (from requests>=2.31->jupyterlab-server<3,>=2.27.1->notebook>=4.4.1->widgetsnbextension~=3.6.5->ipywidgets>=7.0.0->qgridnext) (2.2.2)
2025-01-15T13:56:30.5835910Z Requirement already satisfied: webencodings in /Users/runner/micromamba/envs/tardis/lib/python3.12/site-packages (from bleach!=5.0.0->nbconvert>=6.4.4->jupyter-server<3,>=2.4.0->notebook>=4.4.1->widgetsnbextension~=3.6.5->ipywidgets>=7.0.0->qgridnext) (0.5.1)
2025-01-15T13:56:30.5840010Z Requirement already satisfied: fqdn in /Users/runner/micromamba/envs/tardis/lib/python3.12/site-packages (from jsonschema[format-nongpl]>=4.18.0->jupyter-events>=0.9.0->jupyter-server<3,>=2.4.0->notebook>=4.4.1->widgetsnbextension~=3.6.5->ipywidgets>=7.0.0->qgridnext) (1.5.1)
2025-01-15T13:56:30.5842840Z Requirement already satisfied: isoduration in /Users/runner/micromamba/envs/tardis/lib/python3.12/site-packages (from jsonschema[format-nongpl]>=4.18.0->jupyter-events>=0.9.0->jupyter-server<3,>=2.4.0->notebook>=4.4.1->widgetsnbextension~=3.6.5->ipywidgets>=7.0.0->qgridnext) (20.11.0)
2025-01-15T13:56:30.5869370Z Requirement already satisfied: jsonpointer>1.13 in /Users/runner/micromamba/envs/tardis/lib/python3.12/site-packages (from jsonschema[format-nongpl]>=4.18.0->jupyter-events>=0.9.0->jupyter-server<3,>=2.4.0->notebook>=4.4.1->widgetsnbextension~=3.6.5->ipywidgets>=7.0.0->qgridnext) (3.0.0)
2025-01-15T13:56:30.5877870Z Requirement already satisfied: uri-template in /Users/runner/micromamba/envs/tardis/lib/python3.12/site-packages (from jsonschema[format-nongpl]>=4.18.0->jupyter-events>=0.9.0->jupyter-server<3,>=2.4.0->notebook>=4.4.1->widgetsnbextension~=3.6.5->ipywidgets>=7.0.0->qgridnext) (1.3.0)
2025-01-15T13:56:30.5897950Z Requirement already satisfied: webcolors>=1.11 in /Users/runner/micromamba/envs/tardis/lib/python3.12/site-packages (from jsonschema[format-nongpl]>=4.18.0->jupyter-events>=0.9.0->jupyter-server<3,>=2.4.0->notebook>=4.4.1->widgetsnbextension~=3.6.5->ipywidgets>=7.0.0->qgridnext) (24.6.0)
2025-01-15T13:56:30.5899770Z Requirement already satisfied: cffi>=1.0.1 in /Users/runner/micromamba/envs/tardis/lib/python3.12/site-packages (from argon2-cffi-bindings->argon2-cffi>=21.1->jupyter-server<3,>=2.4.0->notebook>=4.4.1->widgetsnbextension~=3.6.5->ipywidgets>=7.0.0->qgridnext) (1.16.0)
2025-01-15T13:56:30.5902510Z Requirement already satisfied: soupsieve>1.2 in /Users/runner/micromamba/envs/tardis/lib/python3.12/site-packages (from beautifulsoup4->nbconvert>=6.4.4->jupyter-server<3,>=2.4.0->notebook>=4.4.1->widgetsnbextension~=3.6.5->ipywidgets>=7.0.0->qgridnext) (2.5)
2025-01-15T13:56:30.5906720Z Requirement already satisfied: pycparser in /Users/runner/micromamba/envs/tardis/lib/python3.12/site-packages (from cffi>=1.0.1->argon2-cffi-bindings->argon2-cffi>=21.1->jupyter-server<3,>=2.4.0->notebook>=4.4.1->widgetsnbextension~=3.6.5->ipywidgets>=7.0.0->qgridnext) (2.22)
2025-01-15T13:56:30.5919170Z Requirement already satisfied: arrow>=0.15.0 in /Users/runner/micromamba/envs/tardis/lib/python3.12/site-packages (from isoduration->jsonschema[format-nongpl]>=4.18.0->jupyter-events>=0.9.0->jupyter-server<3,>=2.4.0->notebook>=4.4.1->widgetsnbextension~=3.6.5->ipywidgets>=7.0.0->qgridnext) (1.3.0)
2025-01-15T13:56:30.6096050Z Requirement already satisfied: types-python-dateutil>=2.8.10 in /Users/runner/micromamba/envs/tardis/lib/python3.12/site-packages (from arrow>=0.15.0->isoduration->jsonschema[format-nongpl]>=4.18.0->jupyter-events>=0.9.0->jupyter-server<3,>=2.4.0->notebook>=4.4.1->widgetsnbextension~=3.6.5->ipywidgets>=7.0.0->qgridnext) (2.9.0.20240316)
2025-01-15T13:56:30.6356450Z Downloading qgridnext-2.0.4-py3-none-any.whl (1.3 MB)
2025-01-15T13:56:30.6863650Z    â”â”â”â”â”â”â”â”â”â”â”â”â”â”â”â”â”â”â”â”â”â”â”â”â”â”â”â”â”â”â”â”â”â”â”â”â”â”â”â” 1.3/1.3 MB 26.4 MB/s eta 0:00:00
2025-01-15T13:56:31.2319620Z Installing collected packages: qgridnext
2025-01-15T13:56:31.2791390Z Successfully installed qgridnext-2.0.4
2025-01-15T13:56:31.5318460Z ##[group]Run pytest tardis --tardis-regression-data=/Users/runner/work/tardis/tardis/tardis-regression-data --cov=tardis --cov-report=xml --cov-report=html --cov-append -m "not continuum"
2025-01-15T13:56:31.5319590Z [36;1mpytest tardis --tardis-regression-data=/Users/runner/work/tardis/tardis/tardis-regression-data --cov=tardis --cov-report=xml --cov-report=html --cov-append -m "not continuum"[0m
2025-01-15T13:56:31.5375350Z shell: /bin/bash -l {0}
2025-01-15T13:56:31.5375570Z env:
2025-01-15T13:56:31.5375710Z   CACHE_NUMBER: 0
2025-01-15T13:56:31.5376230Z   PYTEST_FLAGS: --tardis-regression-data=/Users/runner/work/tardis/tardis/tardis-regression-data --cov=tardis --cov-report=xml --cov-report=html --cov-append
2025-01-15T13:56:31.5376760Z   CODECOV_TOKEN: 
2025-01-15T13:56:31.5376950Z   MAMBA_ROOT_PREFIX: /Users/runner/micromamba
2025-01-15T13:56:31.5377210Z   MAMBA_EXE: /Users/runner/micromamba-bin/micromamba
2025-01-15T13:56:31.5377560Z   CONDARC: /Users/runner/work/_temp/setup-micromamba/.condarc
2025-01-15T13:56:31.5377810Z ##[endgroup]
2025-01-15T13:56:42.6712930Z ============================= test session starts ==============================
2025-01-15T13:56:42.6713340Z platform darwin -- Python 3.12.4, pytest-8.2.2, pluggy-1.5.0
2025-01-15T13:56:42.6713630Z rootdir: /Users/runner/work/tardis/tardis
2025-01-15T13:56:42.6713930Z configfile: pyproject.toml
2025-01-15T13:56:42.6714240Z plugins: cov-5.0.0, html-4.1.1, metadata-3.1.1, doctestplus-1.2.1, anyio-4.4.0
2025-01-15T13:56:42.6714570Z collected 1796 items / 2 deselected / 1794 selected
2025-01-15T13:56:42.6714740Z 
2025-01-15T13:56:45.4565820Z tardis/energy_input/tests/test_energy_source.py ..xxx                    [  0%]
2025-01-15T13:56:46.6356810Z tardis/energy_input/tests/test_gamma_ray_channel.py ...........          [  0%]
2025-01-15T13:56:47.8381960Z tardis/energy_input/tests/test_gamma_ray_grid.py xx.                     [  1%]
2025-01-15T13:56:48.9229890Z tardis/energy_input/tests/test_gamma_ray_interactions.py xx....          [  1%]
2025-01-15T13:56:48.9280540Z tardis/energy_input/tests/test_gamma_ray_packet_source.py sssssssss      [  1%]
2025-01-15T13:56:49.9256200Z tardis/energy_input/tests/test_util.py .....xxxx.....                    [  2%]
2025-01-15T13:56:50.1860680Z tardis/grid/tests/test_grid.py .                                         [  2%]
2025-01-15T13:56:50.1869600Z tardis/gui/tests/test_gui.py s                                           [  2%]
2025-01-15T13:56:53.8579050Z tardis/io/configuration/tests/test_config_reader.py ...........          [  3%]
2025-01-15T13:56:53.8675160Z tardis/io/configuration/tests/test_configuration_namespace.py .........  [  3%]
2025-01-15T13:56:53.8879600Z tardis/io/logger/tests/test_logging.py ssssssssssssssssssssssssssss      [  5%]
2025-01-15T13:57:27.7930010Z tardis/io/model/readers/tests/test_arepo_parser.py ..                    [  5%]
2025-01-15T13:57:27.8188540Z tardis/io/model/readers/tests/test_ascii_readers.py ...                  [  5%]
2025-01-15T13:57:27.8316570Z tardis/io/model/readers/tests/test_cmfgen_reader.py ..                   [  5%]
2025-01-15T13:57:27.8563850Z tardis/io/model/readers/tests/test_csvy_reader.py ....                   [  6%]
2025-01-15T13:57:27.8744950Z tardis/io/model/readers/tests/test_stella_reader.py ..                   [  6%]
2025-01-15T13:57:28.1498430Z tardis/io/tests/test_HDFWriter.py ...............                        [  7%]
2025-01-15T13:57:28.6812560Z tardis/io/tests/test_atomic.py .....                                     [  7%]
2025-01-15T13:57:28.6956330Z tardis/io/tests/test_decay.py ..                                         [  7%]
2025-01-15T13:57:28.9089100Z tardis/io/tests/test_model_reader.py ......                              [  7%]
2025-01-15T13:57:28.9191140Z tardis/model/geometry/tests/test_radial1d.py ..                          [  7%]
2025-01-15T13:58:00.6465830Z tardis/model/tests/test_base.py ........................................ [ 10%]
2025-01-15T13:58:01.5238280Z ............                                                             [ 10%]
2025-01-15T13:58:04.7195180Z tardis/model/tests/test_csvy_model.py .........                          [ 11%]
2025-01-15T13:58:04.7557210Z tardis/model/tests/test_density.py ..                                    [ 11%]
2025-01-15T13:58:06.4050560Z tardis/opacities/tests/test_opacity_solver.py .....                      [ 11%]
2025-01-15T13:58:07.6503030Z tardis/opacities/tests/test_opacity_state_numba.py .....                 [ 11%]
2025-01-15T13:58:09.6417630Z tardis/opacities/tests/test_tau_sobolev.py FF                            [ 12%]
2025-01-15T13:58:12.2719810Z tardis/plasma/equilibrium/tests/test_collisional_transitions.py ...      [ 12%]
2025-01-15T13:58:19.3438810Z ##[error]The operation was canceled.
2025-01-15T13:58:19.3592390Z Post job cleanup.
2025-01-15T13:58:19.3698140Z Post job cleanup.
2025-01-15T13:58:19.8946530Z Will use pre-installed micromamba at /Users/runner/micromamba-bin/micromamba
2025-01-15T13:58:19.8949480Z Removing micromamba run shell ...
2025-01-15T13:58:19.8951500Z ##[group]Deinitialize micromamba for bash
2025-01-15T13:58:19.8966010Z [command]/Users/runner/micromamba-bin/micromamba shell deinit -s bash -r /Users/runner/micromamba --log-level warning --rc-file /Users/runner/work/_temp/setup-micromamba/.condarc
2025-01-15T13:58:20.0015200Z Resetting RC file "/Users/runner/.bash_profile"
2025-01-15T13:58:20.0016270Z Deleting config for root prefix 
2025-01-15T13:58:20.0019200Z Clearing mamba executable environment variable
2025-01-15T13:58:20.0056820Z Removing the following in your "/Users/runner/.bash_profile" file
2025-01-15T13:58:20.0058200Z # >>> mamba initialize >>>
2025-01-15T13:58:20.0058680Z ...
2025-01-15T13:58:20.0059110Z # <<< mamba initialize <<<
2025-01-15T13:58:20.0337890Z Removing environment tardis from auto-activate bash ...
2025-01-15T13:58:20.0761600Z Post job cleanup.
2025-01-15T13:58:20.0812010Z Post job cleanup.
2025-01-15T13:58:20.6470280Z [command]/opt/homebrew/bin/git version
2025-01-15T13:58:20.6470930Z git version 2.48.0
2025-01-15T13:58:20.6477190Z Copying '/Users/runner/.gitconfig' to '/Users/runner/work/_temp/9ff2e776-348d-418e-a516-46703254c66c/.gitconfig'
2025-01-15T13:58:20.6478900Z Temporarily overriding HOME='/Users/runner/work/_temp/9ff2e776-348d-418e-a516-46703254c66c' before making global git config changes
2025-01-15T13:58:20.6481920Z Adding repository directory to the temporary git global config as a safe directory
2025-01-15T13:58:20.6485380Z [command]/opt/homebrew/bin/git config --global --add safe.directory /Users/runner/work/tardis/tardis/tardis-regression-data
2025-01-15T13:58:20.6488480Z [command]/opt/homebrew/bin/git config --local --name-only --get-regexp core\.sshCommand
2025-01-15T13:58:20.6491990Z [command]/opt/homebrew/bin/git submodule foreach --recursive sh -c "git config --local --name-only --get-regexp 'core\.sshCommand' && git config --local --unset-all 'core.sshCommand' || :"
2025-01-15T13:58:20.6495740Z [command]/opt/homebrew/bin/git config --local --name-only --get-regexp http\.https\:\/\/github\.com\/\.extraheader
2025-01-15T13:58:20.6497080Z http.https://github.com/.extraheader
2025-01-15T13:58:20.6500060Z [command]/opt/homebrew/bin/git config --local --unset-all http.https://github.com/.extraheader
2025-01-15T13:58:20.6503520Z [command]/opt/homebrew/bin/git submodule foreach --recursive sh -c "git config --local --name-only --get-regexp 'http\.https\:\/\/github\.com\/\.extraheader' && git config --local --unset-all 'http.https://github.com/.extraheader' || :"
2025-01-15T13:58:20.6642340Z Post job cleanup.
2025-01-15T13:58:21.0466870Z [command]/opt/homebrew/bin/git version
2025-01-15T13:58:21.0596050Z git version 2.48.0
2025-01-15T13:58:21.0627140Z Copying '/Users/runner/.gitconfig' to '/Users/runner/work/_temp/40cc9fe9-caf1-415e-a4e6-3cacecd5211d/.gitconfig'
2025-01-15T13:58:21.0629540Z Temporarily overriding HOME='/Users/runner/work/_temp/40cc9fe9-caf1-415e-a4e6-3cacecd5211d' before making global git config changes
2025-01-15T13:58:21.0631480Z Adding repository directory to the temporary git global config as a safe directory
2025-01-15T13:58:21.0632880Z [command]/opt/homebrew/bin/git config --global --add safe.directory /Users/runner/work/tardis/tardis
2025-01-15T13:58:21.0635720Z [command]/opt/homebrew/bin/git config --local --name-only --get-regexp core\.sshCommand
2025-01-15T13:58:21.0639350Z [command]/opt/homebrew/bin/git submodule foreach --recursive sh -c "git config --local --name-only --get-regexp 'core\.sshCommand' && git config --local --unset-all 'core.sshCommand' || :"
2025-01-15T13:58:21.0642920Z [command]/opt/homebrew/bin/git config --local --name-only --get-regexp http\.https\:\/\/github\.com\/\.extraheader
2025-01-15T13:58:21.0644040Z http.https://github.com/.extraheader
2025-01-15T13:58:21.0646450Z [command]/opt/homebrew/bin/git config --local --unset-all http.https://github.com/.extraheader
2025-01-15T13:58:21.0650000Z [command]/opt/homebrew/bin/git submodule foreach --recursive sh -c "git config --local --name-only --get-regexp 'http\.https\:\/\/github\.com\/\.extraheader' && git config --local --unset-all 'http.https://github.com/.extraheader' || :"
2025-01-15T13:58:21.0740410Z Cleaning up orphan processes
2025-01-15T13:58:21.4405940Z Terminate orphan process: pid (4414) (python3.12)
2025-01-15T13:58:21.4624560Z Terminate orphan process: pid (4310) (python3.12)
