2025-01-03T15:04:38.8447029Z Requested labels: ubuntu-latest
2025-01-03T15:04:38.8447233Z Job defined at: tardis-sn/tardis/.github/workflows/tests.yml@refs/pull/2921/merge
2025-01-03T15:04:38.8447370Z Waiting for a runner to pick up this job...
2025-01-03T15:04:39.0542077Z Job is waiting for a hosted runner to come online.
2025-01-03T15:04:42.8775152Z Job is about to start running on the hosted runner: GitHub Actions 17 (hosted)
2025-01-03T15:04:44.5645066Z Current runner version: '2.321.0'
2025-01-03T15:04:44.5674925Z ##[group]Operating System
2025-01-03T15:04:44.5675848Z Ubuntu
2025-01-03T15:04:44.5676313Z 24.04.1
2025-01-03T15:04:44.5676799Z LTS
2025-01-03T15:04:44.5677356Z ##[endgroup]
2025-01-03T15:04:44.5678072Z ##[group]Runner Image
2025-01-03T15:04:44.5678645Z Image: ubuntu-24.04
2025-01-03T15:04:44.5679242Z Version: 20241215.1.0
2025-01-03T15:04:44.5680233Z Included Software: https://github.com/actions/runner-images/blob/ubuntu24/20241215.1/images/ubuntu/Ubuntu2404-Readme.md
2025-01-03T15:04:44.5681601Z Image Release: https://github.com/actions/runner-images/releases/tag/ubuntu24%2F20241215.1
2025-01-03T15:04:44.5682556Z ##[endgroup]
2025-01-03T15:04:44.5683045Z ##[group]Runner Image Provisioner
2025-01-03T15:04:44.5683610Z 2.0.404.1
2025-01-03T15:04:44.5684138Z ##[endgroup]
2025-01-03T15:04:44.5686218Z ##[group]GITHUB_TOKEN Permissions
2025-01-03T15:04:44.5688411Z Actions: read
2025-01-03T15:04:44.5689159Z Attestations: read
2025-01-03T15:04:44.5689809Z Checks: read
2025-01-03T15:04:44.5690281Z Contents: read
2025-01-03T15:04:44.5690767Z Deployments: read
2025-01-03T15:04:44.5691359Z Discussions: read
2025-01-03T15:04:44.5691818Z Issues: read
2025-01-03T15:04:44.5692283Z Metadata: read
2025-01-03T15:04:44.5692852Z Packages: read
2025-01-03T15:04:44.5693301Z Pages: read
2025-01-03T15:04:44.5693771Z PullRequests: read
2025-01-03T15:04:44.5694375Z RepositoryProjects: read
2025-01-03T15:04:44.5694883Z SecurityEvents: read
2025-01-03T15:04:44.5695379Z Statuses: read
2025-01-03T15:04:44.5695957Z ##[endgroup]
2025-01-03T15:04:44.5699071Z Secret source: None
2025-01-03T15:04:44.5699736Z Prepare workflow directory
2025-01-03T15:04:44.6343196Z Prepare all required actions
2025-01-03T15:04:44.6379961Z Getting action download info
2025-01-03T15:04:44.8513694Z Download action repository 'actions/checkout@v4' (SHA:11bd71901bbe5b1630ceea73d27597364c9af683)
2025-01-03T15:04:44.9397949Z Download action repository 'actions/upload-artifact@v4' (SHA:6f51ac03b9356f520e9adb1b1b7802705f340c2b)
2025-01-03T15:04:45.4068357Z Complete job name: not continuum ubuntu-latest 
2025-01-03T15:04:45.4724627Z ##[group]Run actions/checkout@v4
2025-01-03T15:04:45.4725442Z with:
2025-01-03T15:04:45.4725832Z   repository: tardis-sn/tardis
2025-01-03T15:04:45.4726456Z   token: ***
2025-01-03T15:04:45.4726830Z   ssh-strict: true
2025-01-03T15:04:45.4727222Z   ssh-user: git
2025-01-03T15:04:45.4727782Z   persist-credentials: true
2025-01-03T15:04:45.4728232Z   clean: true
2025-01-03T15:04:45.4728625Z   sparse-checkout-cone-mode: true
2025-01-03T15:04:45.4729101Z   fetch-depth: 1
2025-01-03T15:04:45.4729479Z   fetch-tags: false
2025-01-03T15:04:45.4729875Z   show-progress: true
2025-01-03T15:04:45.4730268Z   lfs: false
2025-01-03T15:04:45.4730638Z   submodules: false
2025-01-03T15:04:45.4731031Z   set-safe-directory: true
2025-01-03T15:04:45.4731685Z env:
2025-01-03T15:04:45.4732045Z   CACHE_NUMBER: 0
2025-01-03T15:04:45.4733178Z   PYTEST_FLAGS: --tardis-regression-data=/home/runner/work/tardis/tardis/tardis-regression-data --cov=tardis --cov-report=xml --cov-report=html --cov-append
2025-01-03T15:04:45.4734428Z   CODECOV_TOKEN: 
2025-01-03T15:04:45.4734809Z ##[endgroup]
2025-01-03T15:04:45.6802338Z Syncing repository: tardis-sn/tardis
2025-01-03T15:04:45.6804205Z ##[group]Getting Git version info
2025-01-03T15:04:45.6804865Z Working directory is '/home/runner/work/tardis/tardis'
2025-01-03T15:04:45.6805784Z [command]/usr/bin/git version
2025-01-03T15:04:45.6915519Z git version 2.47.1
2025-01-03T15:04:45.6946999Z ##[endgroup]
2025-01-03T15:04:45.6964792Z Temporarily overriding HOME='/home/runner/work/_temp/f7313037-082c-42bf-aca4-3348650768d1' before making global git config changes
2025-01-03T15:04:45.6966494Z Adding repository directory to the temporary git global config as a safe directory
2025-01-03T15:04:45.6971132Z [command]/usr/bin/git config --global --add safe.directory /home/runner/work/tardis/tardis
2025-01-03T15:04:45.7012492Z Deleting the contents of '/home/runner/work/tardis/tardis'
2025-01-03T15:04:45.7016452Z ##[group]Initializing the repository
2025-01-03T15:04:45.7020754Z [command]/usr/bin/git init /home/runner/work/tardis/tardis
2025-01-03T15:04:45.7105827Z hint: Using 'master' as the name for the initial branch. This default branch name
2025-01-03T15:04:45.7106819Z hint: is subject to change. To configure the initial branch name to use in all
2025-01-03T15:04:45.7108206Z hint: of your new repositories, which will suppress this warning, call:
2025-01-03T15:04:45.7109139Z hint:
2025-01-03T15:04:45.7109628Z hint: 	git config --global init.defaultBranch <name>
2025-01-03T15:04:45.7110279Z hint:
2025-01-03T15:04:45.7111062Z hint: Names commonly chosen instead of 'master' are 'main', 'trunk' and
2025-01-03T15:04:45.7111981Z hint: 'development'. The just-created branch can be renamed via this command:
2025-01-03T15:04:45.7113426Z hint:
2025-01-03T15:04:45.7114116Z hint: 	git branch -m <name>
2025-01-03T15:04:45.7116774Z Initialized empty Git repository in /home/runner/work/tardis/tardis/.git/
2025-01-03T15:04:45.7128463Z [command]/usr/bin/git remote add origin https://github.com/tardis-sn/tardis
2025-01-03T15:04:45.7281797Z ##[endgroup]
2025-01-03T15:04:45.7283314Z ##[group]Disabling automatic garbage collection
2025-01-03T15:04:45.7284549Z [command]/usr/bin/git config --local gc.auto 0
2025-01-03T15:04:45.7286989Z ##[endgroup]
2025-01-03T15:04:45.7288436Z ##[group]Setting up auth
2025-01-03T15:04:45.7289646Z [command]/usr/bin/git config --local --name-only --get-regexp core\.sshCommand
2025-01-03T15:04:45.7293266Z [command]/usr/bin/git submodule foreach --recursive sh -c "git config --local --name-only --get-regexp 'core\.sshCommand' && git config --local --unset-all 'core.sshCommand' || :"
2025-01-03T15:04:45.7618447Z [command]/usr/bin/git config --local --name-only --get-regexp http\.https\:\/\/github\.com\/\.extraheader
2025-01-03T15:04:45.7655808Z [command]/usr/bin/git submodule foreach --recursive sh -c "git config --local --name-only --get-regexp 'http\.https\:\/\/github\.com\/\.extraheader' && git config --local --unset-all 'http.https://github.com/.extraheader' || :"
2025-01-03T15:04:45.7916349Z [command]/usr/bin/git config --local http.https://github.com/.extraheader AUTHORIZATION: basic ***
2025-01-03T15:04:45.7955165Z ##[endgroup]
2025-01-03T15:04:45.7963993Z ##[group]Fetching the repository
2025-01-03T15:04:45.7966329Z [command]/usr/bin/git -c protocol.version=2 fetch --no-tags --prune --no-recurse-submodules --depth=1 origin +6fe0dae3a00598d0bd97ad04fd27ea39e48a5086:refs/remotes/pull/2921/merge
2025-01-03T15:04:47.1217759Z From https://github.com/tardis-sn/tardis
2025-01-03T15:04:47.1220088Z  * [new ref]         6fe0dae3a00598d0bd97ad04fd27ea39e48a5086 -> pull/2921/merge
2025-01-03T15:04:47.1247825Z ##[endgroup]
2025-01-03T15:04:47.1251326Z ##[group]Determining the checkout info
2025-01-03T15:04:47.1252547Z ##[endgroup]
2025-01-03T15:04:47.1255371Z [command]/usr/bin/git sparse-checkout disable
2025-01-03T15:04:47.1297269Z [command]/usr/bin/git config --local --unset-all extensions.worktreeConfig
2025-01-03T15:04:47.1326339Z ##[group]Checking out the ref
2025-01-03T15:04:47.1329761Z [command]/usr/bin/git checkout --progress --force refs/remotes/pull/2921/merge
2025-01-03T15:04:47.3375964Z Note: switching to 'refs/remotes/pull/2921/merge'.
2025-01-03T15:04:47.3378532Z 
2025-01-03T15:04:47.3379744Z You are in 'detached HEAD' state. You can look around, make experimental
2025-01-03T15:04:47.3382029Z changes and commit them, and you can discard any commits you make in this
2025-01-03T15:04:47.3384275Z state without impacting any branches by switching back to a branch.
2025-01-03T15:04:47.3385572Z 
2025-01-03T15:04:47.3386170Z If you want to create a new branch to retain commits you create, you may
2025-01-03T15:04:47.3387735Z do so (now or later) by using -c with the switch command. Example:
2025-01-03T15:04:47.3388485Z 
2025-01-03T15:04:47.3388821Z   git switch -c <new-branch-name>
2025-01-03T15:04:47.3389376Z 
2025-01-03T15:04:47.3389705Z Or undo this operation with:
2025-01-03T15:04:47.3390253Z 
2025-01-03T15:04:47.3390852Z   git switch -
2025-01-03T15:04:47.3391289Z 
2025-01-03T15:04:47.3391994Z Turn off this advice by setting config variable advice.detachedHead to false
2025-01-03T15:04:47.3392929Z 
2025-01-03T15:04:47.3394059Z HEAD is now at 6fe0dae Merge a45999a0b5b6d63d98a3de547ffeef0d60c6b36d into e24cccec94bd5d545b0b4649b17e691c150b8430
2025-01-03T15:04:47.3402880Z ##[endgroup]
2025-01-03T15:04:47.3448582Z [command]/usr/bin/git log -1 --format=%H
2025-01-03T15:04:47.3473466Z 6fe0dae3a00598d0bd97ad04fd27ea39e48a5086
2025-01-03T15:04:47.3826160Z Prepare all required actions
2025-01-03T15:04:47.3827629Z Getting action download info
2025-01-03T15:04:47.5310528Z Download action repository 'actions/cache@v4' (SHA:1bd1e32a3bdc45362d1e726936510720a7c30a57)
2025-01-03T15:04:47.9647718Z ##[group]Run ./.github/actions/setup_lfs
2025-01-03T15:04:47.9648091Z with:
2025-01-03T15:04:47.9648389Z   regression-data-repo: tardis-sn/tardis-regression-data
2025-01-03T15:04:47.9648745Z env:
2025-01-03T15:04:47.9649011Z   CACHE_NUMBER: 0
2025-01-03T15:04:47.9649699Z   PYTEST_FLAGS: --tardis-regression-data=/home/runner/work/tardis/tardis/tardis-regression-data --cov=tardis --cov-report=xml --cov-report=html --cov-append
2025-01-03T15:04:47.9650414Z   CODECOV_TOKEN: 
2025-01-03T15:04:47.9650645Z ##[endgroup]
2025-01-03T15:04:47.9776868Z ##[group]Run actions/checkout@v4
2025-01-03T15:04:47.9777195Z with:
2025-01-03T15:04:47.9777601Z   repository: tardis-sn/tardis-regression-data
2025-01-03T15:04:47.9777962Z   path: tardis-regression-data
2025-01-03T15:04:47.9778449Z   token: ***
2025-01-03T15:04:47.9778697Z   ssh-strict: true
2025-01-03T15:04:47.9778938Z   ssh-user: git
2025-01-03T15:04:47.9779197Z   persist-credentials: true
2025-01-03T15:04:47.9779455Z   clean: true
2025-01-03T15:04:47.9779702Z   sparse-checkout-cone-mode: true
2025-01-03T15:04:47.9779987Z   fetch-depth: 1
2025-01-03T15:04:47.9780213Z   fetch-tags: false
2025-01-03T15:04:47.9780452Z   show-progress: true
2025-01-03T15:04:47.9780690Z   lfs: false
2025-01-03T15:04:47.9780913Z   submodules: false
2025-01-03T15:04:47.9781162Z   set-safe-directory: true
2025-01-03T15:04:47.9781421Z env:
2025-01-03T15:04:47.9781621Z   CACHE_NUMBER: 0
2025-01-03T15:04:47.9782290Z   PYTEST_FLAGS: --tardis-regression-data=/home/runner/work/tardis/tardis/tardis-regression-data --cov=tardis --cov-report=xml --cov-report=html --cov-append
2025-01-03T15:04:47.9782984Z   CODECOV_TOKEN: 
2025-01-03T15:04:47.9783207Z ##[endgroup]
2025-01-03T15:04:48.0735834Z Syncing repository: tardis-sn/tardis-regression-data
2025-01-03T15:04:48.0742222Z ##[group]Getting Git version info
2025-01-03T15:04:48.0743049Z Working directory is '/home/runner/work/tardis/tardis/tardis-regression-data'
2025-01-03T15:04:48.0784382Z [command]/usr/bin/git version
2025-01-03T15:04:48.0827157Z git version 2.47.1
2025-01-03T15:04:48.0853252Z ##[endgroup]
2025-01-03T15:04:48.0865377Z Temporarily overriding HOME='/home/runner/work/_temp/5c970e9a-35b6-4026-815d-a29b2870bd74' before making global git config changes
2025-01-03T15:04:48.0866267Z Adding repository directory to the temporary git global config as a safe directory
2025-01-03T15:04:48.0870639Z [command]/usr/bin/git config --global --add safe.directory /home/runner/work/tardis/tardis/tardis-regression-data
2025-01-03T15:04:48.0901048Z ##[group]Initializing the repository
2025-01-03T15:04:48.0905845Z [command]/usr/bin/git init /home/runner/work/tardis/tardis/tardis-regression-data
2025-01-03T15:04:48.0942767Z hint: Using 'master' as the name for the initial branch. This default branch name
2025-01-03T15:04:48.0943953Z hint: is subject to change. To configure the initial branch name to use in all
2025-01-03T15:04:48.0944982Z hint: of your new repositories, which will suppress this warning, call:
2025-01-03T15:04:48.0945624Z hint:
2025-01-03T15:04:48.0945932Z hint: 	git config --global init.defaultBranch <name>
2025-01-03T15:04:48.0946271Z hint:
2025-01-03T15:04:48.0946621Z hint: Names commonly chosen instead of 'master' are 'main', 'trunk' and
2025-01-03T15:04:48.0947187Z hint: 'development'. The just-created branch can be renamed via this command:
2025-01-03T15:04:48.0948310Z hint:
2025-01-03T15:04:48.0948560Z hint: 	git branch -m <name>
2025-01-03T15:04:48.0949117Z Initialized empty Git repository in /home/runner/work/tardis/tardis/tardis-regression-data/.git/
2025-01-03T15:04:48.0954547Z [command]/usr/bin/git remote add origin https://github.com/tardis-sn/tardis-regression-data
2025-01-03T15:04:48.0983039Z ##[endgroup]
2025-01-03T15:04:48.0983550Z ##[group]Disabling automatic garbage collection
2025-01-03T15:04:48.0987794Z [command]/usr/bin/git config --local gc.auto 0
2025-01-03T15:04:48.1018275Z ##[endgroup]
2025-01-03T15:04:48.1018999Z ##[group]Setting up auth
2025-01-03T15:04:48.1024905Z [command]/usr/bin/git config --local --name-only --get-regexp core\.sshCommand
2025-01-03T15:04:48.1057277Z [command]/usr/bin/git submodule foreach --recursive sh -c "git config --local --name-only --get-regexp 'core\.sshCommand' && git config --local --unset-all 'core.sshCommand' || :"
2025-01-03T15:04:48.1306013Z [command]/usr/bin/git config --local --name-only --get-regexp http\.https\:\/\/github\.com\/\.extraheader
2025-01-03T15:04:48.1339690Z [command]/usr/bin/git submodule foreach --recursive sh -c "git config --local --name-only --get-regexp 'http\.https\:\/\/github\.com\/\.extraheader' && git config --local --unset-all 'http.https://github.com/.extraheader' || :"
2025-01-03T15:04:48.1592456Z [command]/usr/bin/git config --local http.https://github.com/.extraheader AUTHORIZATION: basic ***
2025-01-03T15:04:48.1641243Z ##[endgroup]
2025-01-03T15:04:48.1642178Z ##[group]Determining the default branch
2025-01-03T15:04:48.1645368Z Retrieving the default branch name
2025-01-03T15:04:48.4770370Z Default branch 'main'
2025-01-03T15:04:48.4771477Z ##[endgroup]
2025-01-03T15:04:48.4772194Z ##[group]Fetching the repository
2025-01-03T15:04:48.4778513Z [command]/usr/bin/git -c protocol.version=2 fetch --no-tags --prune --no-recurse-submodules --depth=1 origin +refs/heads/main:refs/remotes/origin/main
2025-01-03T15:04:48.8628747Z From https://github.com/tardis-sn/tardis-regression-data
2025-01-03T15:04:48.8631186Z  * [new branch]      main       -> origin/main
2025-01-03T15:04:48.8654422Z ##[endgroup]
2025-01-03T15:04:48.8655144Z ##[group]Determining the checkout info
2025-01-03T15:04:48.8656233Z ##[endgroup]
2025-01-03T15:04:48.8662377Z [command]/usr/bin/git sparse-checkout disable
2025-01-03T15:04:48.8699842Z [command]/usr/bin/git config --local --unset-all extensions.worktreeConfig
2025-01-03T15:04:48.8729690Z ##[group]Checking out the ref
2025-01-03T15:04:48.8732490Z [command]/usr/bin/git checkout --progress --force -B main refs/remotes/origin/main
2025-01-03T15:04:49.7946865Z Switched to a new branch 'main'
2025-01-03T15:04:49.7947848Z branch 'main' set up to track 'origin/main'.
2025-01-03T15:04:49.8212037Z ##[endgroup]
2025-01-03T15:04:49.8249966Z [command]/usr/bin/git log -1 --format=%H
2025-01-03T15:04:49.8273389Z 666ab8501c2b2aea30d05b8822e7ddbfca078d23
2025-01-03T15:04:49.8410750Z ##[group]Run git lfs ls-files -l | cut -d' ' -f1 | sort > .lfs-assets-id
2025-01-03T15:04:49.8411350Z [36;1mgit lfs ls-files -l | cut -d' ' -f1 | sort > .lfs-assets-id[0m
2025-01-03T15:04:49.8443593Z shell: /usr/bin/bash --noprofile --norc -e -o pipefail {0}
2025-01-03T15:04:49.8443930Z env:
2025-01-03T15:04:49.8444097Z   CACHE_NUMBER: 0
2025-01-03T15:04:49.8444750Z   PYTEST_FLAGS: --tardis-regression-data=/home/runner/work/tardis/tardis/tardis-regression-data --cov=tardis --cov-report=xml --cov-report=html --cov-append
2025-01-03T15:04:49.8445424Z   CODECOV_TOKEN: 
2025-01-03T15:04:49.8445614Z ##[endgroup]
2025-01-03T15:04:49.9960254Z ##[group]Run actions/cache/restore@v4
2025-01-03T15:04:49.9960695Z with:
2025-01-03T15:04:49.9960992Z   path: tardis-regression-data/.git/lfs
2025-01-03T15:04:49.9961688Z   key: Linux-lfs-21f9fa4b6817cc69b9fae3598144724da7828e276a73bd17f47a2a49d9af090a-v1
2025-01-03T15:04:49.9962399Z   enableCrossOsArchive: false
2025-01-03T15:04:49.9962795Z   fail-on-cache-miss: false
2025-01-03T15:04:49.9963524Z   lookup-only: false
2025-01-03T15:04:49.9963854Z env:
2025-01-03T15:04:49.9964141Z   CACHE_NUMBER: 0
2025-01-03T15:04:49.9965212Z   PYTEST_FLAGS: --tardis-regression-data=/home/runner/work/tardis/tardis/tardis-regression-data --cov=tardis --cov-report=xml --cov-report=html --cov-append
2025-01-03T15:04:49.9966366Z   CODECOV_TOKEN: 
2025-01-03T15:04:49.9966674Z ##[endgroup]
2025-01-03T15:04:51.4224974Z Received 222298112 of 1708418946 (13.0%), 212.0 MBs/sec
2025-01-03T15:04:52.4224181Z Received 419430400 of 1708418946 (24.6%), 200.0 MBs/sec
2025-01-03T15:04:53.4247186Z Received 553648128 of 1708418946 (32.4%), 176.0 MBs/sec
2025-01-03T15:04:54.4233044Z Received 721420288 of 1708418946 (42.2%), 172.0 MBs/sec
2025-01-03T15:04:55.4293284Z Received 880803840 of 1708418946 (51.6%), 168.0 MBs/sec
2025-01-03T15:04:56.4246054Z Received 1006632960 of 1708418946 (58.9%), 159.9 MBs/sec
2025-01-03T15:04:57.4262565Z Received 1275068416 of 1708418946 (74.6%), 173.6 MBs/sec
2025-01-03T15:04:58.4267695Z Received 1543503872 of 1708418946 (90.3%), 183.9 MBs/sec
2025-01-03T15:04:59.0876494Z Cache Size: ~1629 MB (1708418946 B)
2025-01-03T15:04:59.0917015Z [command]/usr/bin/tar -xf /home/runner/work/_temp/1a6aec24-e10c-414f-a3e4-75ddf5fdae01/cache.tzst -P -C /home/runner/work/tardis/tardis --use-compress-program unzstd
2025-01-03T15:04:59.4274755Z Received 1708418946 of 1708418946 (100.0%), 180.9 MBs/sec
2025-01-03T15:05:05.4243447Z Cache restored successfully
2025-01-03T15:05:05.7474887Z Cache restored from key: Linux-lfs-21f9fa4b6817cc69b9fae3598144724da7828e276a73bd17f47a2a49d9af090a-v1
2025-01-03T15:05:05.7655467Z ##[group]Run git lfs checkout
2025-01-03T15:05:05.7655751Z [36;1mgit lfs checkout[0m
2025-01-03T15:05:05.7682731Z shell: /usr/bin/bash --noprofile --norc -e -o pipefail {0}
2025-01-03T15:05:05.7683065Z env:
2025-01-03T15:05:05.7683238Z   CACHE_NUMBER: 0
2025-01-03T15:05:05.7683855Z   PYTEST_FLAGS: --tardis-regression-data=/home/runner/work/tardis/tardis/tardis-regression-data --cov=tardis --cov-report=xml --cov-report=html --cov-append
2025-01-03T15:05:05.7684510Z   CODECOV_TOKEN: 
2025-01-03T15:05:05.7684697Z ##[endgroup]
2025-01-03T15:05:15.9981809Z Checking out LFS objects: 100% (204/204), 3.5 GB | 317 MB/s, done.
2025-01-03T15:05:19.4546977Z Prepare all required actions
2025-01-03T15:05:19.4547329Z Getting action download info
2025-01-03T15:05:19.5881966Z Download action repository 'mamba-org/setup-micromamba@v1' (SHA:4b9113af4fba0e9e1124b252dd6497a419e7396d)
2025-01-03T15:05:20.0352840Z ##[group]Run ./.github/actions/setup_env
2025-01-03T15:05:20.0353105Z with:
2025-01-03T15:05:20.0353301Z   os-label: linux-64
2025-01-03T15:05:20.0353489Z env:
2025-01-03T15:05:20.0353640Z   CACHE_NUMBER: 0
2025-01-03T15:05:20.0354242Z   PYTEST_FLAGS: --tardis-regression-data=/home/runner/work/tardis/tardis/tardis-regression-data --cov=tardis --cov-report=xml --cov-report=html --cov-append
2025-01-03T15:05:20.0354901Z   CODECOV_TOKEN: 
2025-01-03T15:05:20.0355083Z ##[endgroup]
2025-01-03T15:05:20.0375270Z ##[group]Run file_hash=$(cat conda-linux-64.lock | shasum -a 256 | cut -d' ' -f1)
2025-01-03T15:05:20.0375775Z [36;1mfile_hash=$(cat conda-linux-64.lock | shasum -a 256 | cut -d' ' -f1)[0m
2025-01-03T15:05:20.0376207Z [36;1mecho "file_hash=$file_hash" >> "${GITHUB_OUTPUT}"[0m
2025-01-03T15:05:20.0402108Z shell: /usr/bin/bash --noprofile --norc -e -o pipefail {0}
2025-01-03T15:05:20.0402423Z env:
2025-01-03T15:05:20.0402585Z   CACHE_NUMBER: 0
2025-01-03T15:05:20.0403193Z   PYTEST_FLAGS: --tardis-regression-data=/home/runner/work/tardis/tardis/tardis-regression-data --cov=tardis --cov-report=xml --cov-report=html --cov-append
2025-01-03T15:05:20.0403836Z   CODECOV_TOKEN: 
2025-01-03T15:05:20.0404013Z ##[endgroup]
2025-01-03T15:05:20.1225715Z ##[group]Run mamba-org/setup-micromamba@v1
2025-01-03T15:05:20.1225982Z with:
2025-01-03T15:05:20.1226166Z   environment-file: conda-linux-64.lock
2025-01-03T15:05:20.1226592Z   cache-environment-key: d7cd390425b0fd3cf82649dcc003efba9915fb4928f15d342148c3ccffcbe2ee
2025-01-03T15:05:20.1227364Z   cache-downloads-key: d7cd390425b0fd3cf82649dcc003efba9915fb4928f15d342148c3ccffcbe2ee
2025-01-03T15:05:20.1228036Z   environment-name: tardis
2025-01-03T15:05:20.1228261Z   cache-environment: true
2025-01-03T15:05:20.1228486Z   cache-downloads: true
2025-01-03T15:05:20.1228676Z env:
2025-01-03T15:05:20.1228835Z   CACHE_NUMBER: 0
2025-01-03T15:05:20.1229431Z   PYTEST_FLAGS: --tardis-regression-data=/home/runner/work/tardis/tardis/tardis-regression-data --cov=tardis --cov-report=xml --cov-report=html --cov-append
2025-01-03T15:05:20.1230081Z   CODECOV_TOKEN: 
2025-01-03T15:05:20.1230261Z ##[endgroup]
2025-01-03T15:05:20.2581742Z Will download micromamba to /home/runner/micromamba-bin/micromamba
2025-01-03T15:05:20.2590679Z ##[group]Install micromamba
2025-01-03T15:05:20.5603491Z micromamba installed to /home/runner/micromamba-bin/micromamba
2025-01-03T15:05:20.5604357Z ##[endgroup]
2025-01-03T15:05:20.5605032Z Adding conda-forge to condarc channels ...
2025-01-03T15:05:20.5615044Z ##[group]Initialize micromamba for bash.
2025-01-03T15:05:20.5631032Z [command]/home/runner/micromamba-bin/micromamba shell init -s bash -r /home/runner/micromamba --log-level warning --rc-file /home/runner/work/_temp/setup-micromamba/.condarc
2025-01-03T15:05:20.5736015Z Modifying RC file "/home/runner/.bashrc"
2025-01-03T15:05:20.5736957Z Generating config for root prefix [1m"/home/runner/micromamba"[0m
2025-01-03T15:05:20.5738040Z Setting mamba executable to: [1m"/home/runner/micromamba-bin/micromamba"[0m
2025-01-03T15:05:20.5738794Z Adding (or replacing) the following in your "/home/runner/.bashrc" file
2025-01-03T15:05:20.5739240Z 
2025-01-03T15:05:20.5739373Z # >>> mamba initialize >>>
2025-01-03T15:05:20.5739864Z # !! Contents within this block are managed by 'mamba init' !!
2025-01-03T15:05:20.5740485Z export MAMBA_EXE='/home/runner/micromamba-bin/micromamba';
2025-01-03T15:05:20.5741058Z export MAMBA_ROOT_PREFIX='/home/runner/micromamba';
2025-01-03T15:05:20.5741824Z __mamba_setup="$("$MAMBA_EXE" shell hook --shell bash --root-prefix "$MAMBA_ROOT_PREFIX" 2> /dev/null)"
2025-01-03T15:05:20.5742551Z if [ $? -eq 0 ]; then
2025-01-03T15:05:20.5742882Z     eval "$__mamba_setup"
2025-01-03T15:05:20.5743200Z else
2025-01-03T15:05:20.5743947Z     alias micromamba="$MAMBA_EXE"  # Fallback on help from mamba activate
2025-01-03T15:05:20.5744519Z fi
2025-01-03T15:05:20.5744771Z unset __mamba_setup
2025-01-03T15:05:20.5745086Z # <<< mamba initialize <<<
2025-01-03T15:05:20.5745318Z 
2025-01-03T15:05:20.5755876Z Moving mamba initialize block to .bash_profile
2025-01-03T15:05:20.5768541Z ##[endgroup]
2025-01-03T15:05:20.5769899Z ##[group]Restoring downloads from `/home/runner/micromamba/pkgs` ...
2025-01-03T15:05:21.8255075Z Received 180355072 of 356800233 (50.5%), 170.1 MBs/sec
2025-01-03T15:05:22.3193449Z Cache Size: ~340 MB (356800233 B)
2025-01-03T15:05:22.3233066Z [command]/usr/bin/tar -xf /home/runner/work/_temp/329da515-e22b-4c85-b75a-57abe02b4604/cache.tzst -P -C /home/runner/work/tardis/tardis --use-compress-program unzstd
2025-01-03T15:05:22.7705619Z Cache restored successfully
2025-01-03T15:05:22.8255239Z Received 356800233 of 356800233 (100.0%), 169.2 MBs/sec
2025-01-03T15:05:22.8424301Z Restored cache with key `d7cd390425b0fd3cf82649dcc003efba9915fb4928f15d342148c3ccffcbe2ee-linux-64`
2025-01-03T15:05:22.8426308Z ##[endgroup]
2025-01-03T15:05:22.8437307Z ##[group]Restoring environment `tardis` from `/home/runner/micromamba/envs/tardis` ...
2025-01-03T15:05:23.9917913Z Received 222298112 of 444592193 (50.0%), 212.0 MBs/sec
2025-01-03T15:05:24.7775072Z Cache Size: ~424 MB (444592193 B)
2025-01-03T15:05:24.7811997Z [command]/usr/bin/tar -xf /home/runner/work/_temp/05e58a0e-02c0-4df0-bd4f-f65a43968450/cache.tzst -P -C /home/runner/work/tardis/tardis --use-compress-program unzstd
2025-01-03T15:05:24.9920841Z Received 444592193 of 444592193 (100.0%), 212.0 MBs/sec
2025-01-03T15:05:29.9534533Z Cache restored successfully
2025-01-03T15:05:30.0384837Z Restored cache with key `d7cd390425b0fd3cf82649dcc003efba9915fb4928f15d342148c3ccffcbe2ee-linux-64-tardis-args-4f53cda-root-dcc80ee-bin-[object Promise]-file-d7cd390425b0fd3cf82649dcc003efba9915fb4928f15d342148c3ccffcbe2ee`
2025-01-03T15:05:30.0386838Z ##[endgroup]
2025-01-03T15:05:30.0387149Z Adding environment tardis to auto-activate bash ...
2025-01-03T15:05:30.0396653Z Generating micromamba run shell.
2025-01-03T15:05:30.0408190Z ##[endgroup]
2025-01-03T15:05:30.0413011Z Set environment variables.
2025-01-03T15:05:30.0416732Z ##[group]micromamba info
2025-01-03T15:05:30.0420577Z [command]/home/runner/micromamba-bin/micromamba info -r /home/runner/micromamba -n tardis
2025-01-03T15:05:30.0653636Z 
2025-01-03T15:05:30.0654231Z        libmamba version : 1.5.10
2025-01-03T15:05:30.0654798Z      micromamba version : 1.5.10
2025-01-03T15:05:30.0655360Z            curl version : libcurl/8.10.1 OpenSSL/3.3.2 zlib/1.3.1 zstd/1.5.6 libssh2/1.11.0 nghttp2/1.58.0
2025-01-03T15:05:30.0656044Z      libarchive version : libarchive 3.7.4 zlib/1.2.13 bz2lib/1.0.8 libzstd/1.5.6
2025-01-03T15:05:30.0656596Z        envs directories : /home/runner/micromamba/envs
2025-01-03T15:05:30.0657013Z           package cache : /home/runner/micromamba/pkgs
2025-01-03T15:05:30.0657619Z                           /home/runner/.mamba/pkgs
2025-01-03T15:05:30.0657994Z             environment : tardis
2025-01-03T15:05:30.0658460Z            env location : /home/runner/micromamba/envs/tardis
2025-01-03T15:05:30.0658968Z       user config files : /home/runner/.mambarc
2025-01-03T15:05:30.0659625Z  populated config files : /home/runner/work/_temp/setup-micromamba/.condarc
2025-01-03T15:05:30.0660486Z        virtual packages : __unix=0=0
2025-01-03T15:05:30.0660911Z                           __linux=6.8.0=0
2025-01-03T15:05:30.0661625Z                           __glibc=2.39=0
2025-01-03T15:05:30.0662315Z                           __archspec=1=x86_64_v3
2025-01-03T15:05:30.0663163Z                channels : https://conda.anaconda.org/conda-forge/linux-64
2025-01-03T15:05:30.0664328Z                           https://conda.anaconda.org/conda-forge/noarch
2025-01-03T15:05:30.0665027Z        base environment : /home/runner/micromamba
2025-01-03T15:05:30.0665606Z                platform : linux-64
2025-01-03T15:05:30.0670658Z ##[endgroup]
2025-01-03T15:05:30.0671890Z ##[group]micromamba list
2025-01-03T15:05:30.0673121Z [command]/home/runner/micromamba-bin/micromamba list -r /home/runner/micromamba -n tardis
2025-01-03T15:05:30.4592645Z List of packages in environment: "/home/runner/micromamba/envs/tardis"
2025-01-03T15:05:30.4615185Z 
2025-01-03T15:05:30.4615489Z   Name                           Version              Build                    Channel    
2025-01-03T15:05:30.4616512Z â”€â”€â”€â”€â”€â”€â”€â”€â”€â”€â”€â”€â”€â”€â”€â”€â”€â”€â”€â”€â”€â”€â”€â”€â”€â”€â”€â”€â”€â”€â”€â”€â”€â”€â”€â”€â”€â”€â”€â”€â”€â”€â”€â”€â”€â”€â”€â”€â”€â”€â”€â”€â”€â”€â”€â”€â”€â”€â”€â”€â”€â”€â”€â”€â”€â”€â”€â”€â”€â”€â”€â”€â”€â”€â”€â”€â”€â”€â”€â”€â”€â”€â”€â”€â”€â”€â”€â”€â”€â”€â”€â”€
2025-01-03T15:05:30.4617140Z   _libgcc_mutex                  0.1                  conda_forge              conda-forge
2025-01-03T15:05:30.4618099Z   _openmp_mutex                  4.5                  2_gnu                    conda-forge
2025-01-03T15:05:30.4618810Z   alabaster                      0.7.16               pyhd8ed1ab_0             conda-forge
2025-01-03T15:05:30.4619452Z   anyio                          4.4.0                pyhd8ed1ab_0             conda-forge
2025-01-03T15:05:30.4620050Z   argon2-cffi                    23.1.0               pyhd8ed1ab_0             conda-forge
2025-01-03T15:05:30.4620759Z   argon2-cffi-bindings           21.2.0               py312h98912ed_4          conda-forge
2025-01-03T15:05:30.4621385Z   arrow                          1.3.0                pyhd8ed1ab_0             conda-forge
2025-01-03T15:05:30.4621939Z   astropy                        6.1.1                py312h085067d_0          conda-forge
2025-01-03T15:05:30.4622580Z   astropy-iers-data              0.2024.6.17.0.31.35  pyhd8ed1ab_0             conda-forge
2025-01-03T15:05:30.4623307Z   astropy-sphinx-theme           1.1                  pyhd8ed1ab_0             conda-forge
2025-01-03T15:05:30.4623974Z   asttokens                      2.4.1                pyhd8ed1ab_0             conda-forge
2025-01-03T15:05:30.4624973Z   async-lru                      2.0.4                pyhd8ed1ab_0             conda-forge
2025-01-03T15:05:30.4625550Z   atk-1.0                        2.38.0               h04ea711_2               conda-forge
2025-01-03T15:05:30.4626116Z   attrs                          23.2.0               pyh71513ae_0             conda-forge
2025-01-03T15:05:30.4626680Z   babel                          2.14.0               pyhd8ed1ab_0             conda-forge
2025-01-03T15:05:30.4627297Z   beautifulsoup4                 4.12.3               pyha770c72_0             conda-forge
2025-01-03T15:05:30.4628084Z   bleach                         6.1.0                pyhd8ed1ab_0             conda-forge
2025-01-03T15:05:30.4628649Z   blosc                          1.21.5               hc2324a3_1               conda-forge
2025-01-03T15:05:30.4629518Z   brotli                         1.1.0                hd590300_1               conda-forge
2025-01-03T15:05:30.4630123Z   brotli-bin                     1.1.0                hd590300_1               conda-forge
2025-01-03T15:05:30.4630752Z   brotli-python                  1.1.0                py312h30efb56_1          conda-forge
2025-01-03T15:05:30.4631365Z   bzip2                          1.0.8                hd590300_5               conda-forge
2025-01-03T15:05:30.4631912Z   c-ares                         1.28.1               hd590300_0               conda-forge
2025-01-03T15:05:30.4632464Z   c-blosc2                       2.14.4               hb4ffafa_1               conda-forge
2025-01-03T15:05:30.4633095Z   ca-certificates                2024.6.2             hbcca054_0               conda-forge
2025-01-03T15:05:30.4633773Z   cached-property                1.5.2                hd8ed1ab_1               conda-forge
2025-01-03T15:05:30.4634459Z   cached_property                1.5.2                pyha770c72_1             conda-forge
2025-01-03T15:05:30.4635141Z   cairo                          1.18.0               h3faef2a_0               conda-forge
2025-01-03T15:05:30.4635876Z   certifi                        2024.6.2             pyhd8ed1ab_0             conda-forge
2025-01-03T15:05:30.4641320Z   cffi                           1.16.0               py312hf06ca03_0          conda-forge
2025-01-03T15:05:30.4642162Z   charset-normalizer             3.3.2                pyhd8ed1ab_0             conda-forge
2025-01-03T15:05:30.4642895Z   click                          8.1.7                unix_pyh707e725_0        conda-forge
2025-01-03T15:05:30.4643532Z   codespell                      2.3.0                pyhd8ed1ab_0             conda-forge
2025-01-03T15:05:30.4644187Z   colorama                       0.4.6                pyhd8ed1ab_0             conda-forge
2025-01-03T15:05:30.4644823Z   comm                           0.2.2                pyhd8ed1ab_0             conda-forge
2025-01-03T15:05:30.4666189Z   commonmark                     0.9.1                py_0                     conda-forge
2025-01-03T15:05:30.4666734Z   contourpy                      1.2.1                py312h8572e83_0          conda-forge
2025-01-03T15:05:30.4667150Z   coverage                       7.5.3                py312h9a8786e_0          conda-forge
2025-01-03T15:05:30.4667875Z   cycler                         0.12.1               pyhd8ed1ab_0             conda-forge
2025-01-03T15:05:30.4668245Z   dataclasses                    0.8                  pyhc8e2a94_3             conda-forge
2025-01-03T15:05:30.4668602Z   debugpy                        1.8.1                py312h30efb56_0          conda-forge
2025-01-03T15:05:30.4668962Z   decorator                      5.1.1                pyhd8ed1ab_0             conda-forge
2025-01-03T15:05:30.4669327Z   defusedxml                     0.7.1                pyhd8ed1ab_0             conda-forge
2025-01-03T15:05:30.4669688Z   docutils                       0.20.1               py312h7900ff3_3          conda-forge
2025-01-03T15:05:30.4670053Z   dot2tex                        2.11.3               pyhd8ed1ab_0             conda-forge
2025-01-03T15:05:30.4670683Z   entrypoints                    0.4                  pyhd8ed1ab_0             conda-forge
2025-01-03T15:05:30.4671102Z   exceptiongroup                 1.2.0                pyhd8ed1ab_2             conda-forge
2025-01-03T15:05:30.4671497Z   executing                      2.0.1                pyhd8ed1ab_0             conda-forge
2025-01-03T15:05:30.4671844Z   expat                          2.6.2                h59595ed_0               conda-forge
2025-01-03T15:05:30.4672246Z   font-ttf-dejavu-sans-mono      2.37                 hab24e00_0               conda-forge
2025-01-03T15:05:30.4672691Z   font-ttf-inconsolata           3.000                h77eed37_0               conda-forge
2025-01-03T15:05:30.4673128Z   font-ttf-source-code-pro       2.038                h77eed37_0               conda-forge
2025-01-03T15:05:30.4673538Z   font-ttf-ubuntu                0.83                 h77eed37_2               conda-forge
2025-01-03T15:05:30.4673913Z   fontconfig                     2.14.2               h14ed4e7_0               conda-forge
2025-01-03T15:05:30.4674313Z   fonts-conda-ecosystem          1                    0                        conda-forge
2025-01-03T15:05:30.4674715Z   fonts-conda-forge              1                    0                        conda-forge
2025-01-03T15:05:30.4675095Z   fonttools                      4.53.0               py312h9a8786e_0          conda-forge
2025-01-03T15:05:30.4675441Z   fqdn                           1.5.1                pyhd8ed1ab_0             conda-forge
2025-01-03T15:05:30.4675778Z   freetype                       2.12.1               h267a509_2               conda-forge
2025-01-03T15:05:30.4676122Z   fribidi                        1.0.10               h36c2ea0_0               conda-forge
2025-01-03T15:05:30.4676464Z   future                         1.0.0                pyhd8ed1ab_0             conda-forge
2025-01-03T15:05:30.4676815Z   gdk-pixbuf                     2.42.12              hb9ae30d_0               conda-forge
2025-01-03T15:05:30.4677193Z   giflib                         5.2.2                hd590300_0               conda-forge
2025-01-03T15:05:30.4677967Z   git-lfs                        3.5.1                ha770c72_0               conda-forge
2025-01-03T15:05:30.4678306Z   gmp                            6.3.0                h59595ed_1               conda-forge
2025-01-03T15:05:30.4678631Z   gmpy2                          2.1.5                py312h1d5cde6_1          conda-forge
2025-01-03T15:05:30.4678983Z   graphite2                      1.3.13               h59595ed_1003            conda-forge
2025-01-03T15:05:30.4679339Z   graphviz                       11.0.0               hc68bbd7_0               conda-forge
2025-01-03T15:05:30.4679685Z   gtk2                           2.24.33              h280cfa0_4               conda-forge
2025-01-03T15:05:30.4680007Z   gts                            0.7.6                h977cf35_4               conda-forge
2025-01-03T15:05:30.4680326Z   h11                            0.14.0               pyhd8ed1ab_0             conda-forge
2025-01-03T15:05:30.4680653Z   h2                             4.1.0                pyhd8ed1ab_0             conda-forge
2025-01-03T15:05:30.4680993Z   h5py                           3.11.0               nompi_py312hb7ab980_102  conda-forge
2025-01-03T15:05:30.4681346Z   harfbuzz                       8.5.0                hfac3d4d_0               conda-forge
2025-01-03T15:05:30.4681687Z   hdf5                           1.14.3               nompi_hdf9ad27_105       conda-forge
2025-01-03T15:05:30.4682017Z   hpack                          4.0.0                pyh9f0ad1d_0             conda-forge
2025-01-03T15:05:30.4682367Z   httpcore                       1.0.5                pyhd8ed1ab_0             conda-forge
2025-01-03T15:05:30.4682730Z   httpx                          0.27.0               pyhd8ed1ab_0             conda-forge
2025-01-03T15:05:30.4683086Z   hyperframe                     6.0.1                pyhd8ed1ab_0             conda-forge
2025-01-03T15:05:30.4683548Z   icu                            73.2                 h59595ed_0               conda-forge
2025-01-03T15:05:30.4683880Z   idna                           3.7                  pyhd8ed1ab_0             conda-forge
2025-01-03T15:05:30.4684243Z   imagesize                      1.4.1                pyhd8ed1ab_0             conda-forge
2025-01-03T15:05:30.4684652Z   importlib-metadata             7.1.0                pyha770c72_0             conda-forge
2025-01-03T15:05:30.4685073Z   importlib_metadata             7.1.0                hd8ed1ab_0               conda-forge
2025-01-03T15:05:30.4685486Z   importlib_resources            6.4.0                pyhd8ed1ab_0             conda-forge
2025-01-03T15:05:30.4685874Z   iniconfig                      2.0.0                pyhd8ed1ab_0             conda-forge
2025-01-03T15:05:30.4686237Z   ipykernel                      6.29.4               pyh3099207_0             conda-forge
2025-01-03T15:05:30.4686595Z   ipython                        8.25.0               pyh707e725_0             conda-forge
2025-01-03T15:05:30.4686981Z   ipython_genutils               0.2.0                pyhd8ed1ab_1             conda-forge
2025-01-03T15:05:30.4687371Z   ipywidgets                     7.8.0                pyhd8ed1ab_0             conda-forge
2025-01-03T15:05:30.4687951Z   isoduration                    20.11.0              pyhd8ed1ab_0             conda-forge
2025-01-03T15:05:30.4688321Z   jedi                           0.19.1               pyhd8ed1ab_0             conda-forge
2025-01-03T15:05:30.4688664Z   jinja2                         3.1.4                pyhd8ed1ab_0             conda-forge
2025-01-03T15:05:30.4689010Z   json5                          0.9.25               pyhd8ed1ab_0             conda-forge
2025-01-03T15:05:30.4689371Z   jsonpointer                    3.0.0                py312h7900ff3_0          conda-forge
2025-01-03T15:05:30.4689756Z   jsonschema                     4.22.0               pyhd8ed1ab_0             conda-forge
2025-01-03T15:05:30.4690199Z   jsonschema-specifications      2023.12.1            pyhd8ed1ab_0             conda-forge
2025-01-03T15:05:30.4690820Z   jsonschema-with-format-nongpl  4.22.0               pyhd8ed1ab_0             conda-forge
2025-01-03T15:05:30.4691269Z   jupyter-lsp                    2.2.5                pyhd8ed1ab_0             conda-forge
2025-01-03T15:05:30.4691653Z   jupyter_client                 8.6.2                pyhd8ed1ab_0             conda-forge
2025-01-03T15:05:30.4692036Z   jupyter_core                   5.7.2                py312h7900ff3_0          conda-forge
2025-01-03T15:05:30.4692422Z   jupyter_events                 0.10.0               pyhd8ed1ab_0             conda-forge
2025-01-03T15:05:30.4692810Z   jupyter_server                 2.14.1               pyhd8ed1ab_0             conda-forge
2025-01-03T15:05:30.4693221Z   jupyter_server_terminals       0.5.3                pyhd8ed1ab_0             conda-forge
2025-01-03T15:05:30.4693627Z   jupyterlab                     4.2.2                pyhd8ed1ab_0             conda-forge
2025-01-03T15:05:30.4694030Z   jupyterlab_pygments            0.3.0                pyhd8ed1ab_1             conda-forge
2025-01-03T15:05:30.4694450Z   jupyterlab_server              2.27.2               pyhd8ed1ab_0             conda-forge
2025-01-03T15:05:30.4694859Z   jupyterlab_widgets             1.1.7                pyhd8ed1ab_0             conda-forge
2025-01-03T15:05:30.4695246Z   keyutils                       1.6.1                h166bdaf_0               conda-forge
2025-01-03T15:05:30.4695613Z   kiwisolver                     1.4.5                py312h8572e83_1          conda-forge
2025-01-03T15:05:30.4695964Z   krb5                           1.21.2               h659d440_0               conda-forge
2025-01-03T15:05:30.4696316Z   latexcodec                     2.0.1                pyh9f0ad1d_0             conda-forge
2025-01-03T15:05:30.4696668Z   lcms2                          2.16                 hb7c19ff_0               conda-forge
2025-01-03T15:05:30.4697151Z   ld_impl_linux-64               2.40                 hf3520f5_7               conda-forge
2025-01-03T15:05:30.4697740Z   lerc                           4.0.0                h27087fc_0               conda-forge
2025-01-03T15:05:30.4698090Z   libaec                         1.1.3                h59595ed_0               conda-forge
2025-01-03T15:05:30.4698443Z   libblas                        3.9.0                22_linux64_openblas      conda-forge
2025-01-03T15:05:30.4698823Z   libbrotlicommon                1.1.0                hd590300_1               conda-forge
2025-01-03T15:05:30.4699208Z   libbrotlidec                   1.1.0                hd590300_1               conda-forge
2025-01-03T15:05:30.4699582Z   libbrotlienc                   1.1.0                hd590300_1               conda-forge
2025-01-03T15:05:30.4699955Z   libcblas                       3.9.0                22_linux64_openblas      conda-forge
2025-01-03T15:05:30.4700308Z   libcurl                        8.8.0                hca28451_0               conda-forge
2025-01-03T15:05:30.4700666Z   libdeflate                     1.20                 hd590300_0               conda-forge
2025-01-03T15:05:30.4701045Z   libedit                        3.1.20191231         he28a2e2_2               conda-forge
2025-01-03T15:05:30.4701400Z   libev                          4.33                 hd590300_2               conda-forge
2025-01-03T15:05:30.4701750Z   libexpat                       2.6.2                h59595ed_0               conda-forge
2025-01-03T15:05:30.4702098Z   libffi                         3.4.2                h7f98852_5               conda-forge
2025-01-03T15:05:30.4702441Z   libgcc-ng                      13.2.0               h77fa898_10              conda-forge
2025-01-03T15:05:30.4702786Z   libgd                          2.3.3                h119a65a_9               conda-forge
2025-01-03T15:05:30.4703148Z   libgfortran-ng                 13.2.0               h69a702a_10              conda-forge
2025-01-03T15:05:30.4703533Z   libgfortran5                   13.2.0               h3d2ce59_10              conda-forge
2025-01-03T15:05:30.4703897Z   libglib                        2.80.2               h8a4344b_1               conda-forge
2025-01-03T15:05:30.4704368Z   libgomp                        13.2.0               h77fa898_10              conda-forge
2025-01-03T15:05:30.4704725Z   libiconv                       1.17                 hd590300_2               conda-forge
2025-01-03T15:05:30.4705093Z   libjpeg-turbo                  3.0.0                hd590300_1               conda-forge
2025-01-03T15:05:30.4705471Z   liblapack                      3.9.0                22_linux64_openblas      conda-forge
2025-01-03T15:05:30.4705843Z   libllvm14                      14.0.6               hcd5def8_4               conda-forge
2025-01-03T15:05:30.4706212Z   libnghttp2                     1.58.0               h47da74e_1               conda-forge
2025-01-03T15:05:30.4706568Z   libnsl                         2.0.1                hd590300_0               conda-forge
2025-01-03T15:05:30.4706953Z   libopenblas                    0.3.27               pthreads_h413a1c8_0      conda-forge
2025-01-03T15:05:30.4707326Z   libpng                         1.6.43               h2797004_0               conda-forge
2025-01-03T15:05:30.4707865Z   librsvg                        2.58.1               hadf69e7_0               conda-forge
2025-01-03T15:05:30.4708228Z   libsodium                      1.0.18               h36c2ea0_1               conda-forge
2025-01-03T15:05:30.4708634Z   libsqlite                      3.46.0               hde9e2c9_0               conda-forge
2025-01-03T15:05:30.4708994Z   libssh2                        1.11.0               h0841786_0               conda-forge
2025-01-03T15:05:30.4709366Z   libstdcxx-ng                   13.2.0               hc0a3c3a_10              conda-forge
2025-01-03T15:05:30.4709738Z   libtiff                        4.6.0                h1dd3fc0_3               conda-forge
2025-01-03T15:05:30.4710088Z   libuuid                        2.38.1               h0b41bf4_0               conda-forge
2025-01-03T15:05:30.4710600Z   libwebp                        1.4.0                h2c329e2_0               conda-forge
2025-01-03T15:05:30.4710968Z   libwebp-base                   1.4.0                hd590300_0               conda-forge
2025-01-03T15:05:30.4711335Z   libxcb                         1.15                 h0b41bf4_0               conda-forge
2025-01-03T15:05:30.4711685Z   libxcrypt                      4.4.36               hd590300_1               conda-forge
2025-01-03T15:05:30.4712038Z   libxml2                        2.12.7               hc051c1a_1               conda-forge
2025-01-03T15:05:30.4712384Z   libxslt                        1.1.39               h76b75d6_0               conda-forge
2025-01-03T15:05:30.4712727Z   libzlib                        1.3.1                h4ab18f5_1               conda-forge
2025-01-03T15:05:30.4713078Z   llvmlite                       0.42.0               py312hb06c811_1          conda-forge
2025-01-03T15:05:30.4713431Z   lxml                           5.2.2                py312hb90d8a5_0          conda-forge
2025-01-03T15:05:30.4713765Z   lz4-c                          1.9.4                hcb278e6_0               conda-forge
2025-01-03T15:05:30.4714089Z   lzo                            2.10                 hd590300_1001            conda-forge
2025-01-03T15:05:30.4714431Z   markupsafe                     2.1.5                py312h98912ed_0          conda-forge
2025-01-03T15:05:30.4714820Z   matplotlib-base                3.8.4                py312h20ab3a6_2          conda-forge
2025-01-03T15:05:30.4715228Z   matplotlib-inline              0.1.7                pyhd8ed1ab_0             conda-forge
2025-01-03T15:05:30.4715612Z   mistune                        3.0.2                pyhd8ed1ab_0             conda-forge
2025-01-03T15:05:30.4715951Z   mpc                            1.3.1                hfe3b2da_0               conda-forge
2025-01-03T15:05:30.4716277Z   mpfr                           4.2.1                h9458935_1               conda-forge
2025-01-03T15:05:30.4716617Z   mpmath                         1.3.0                pyhd8ed1ab_0             conda-forge
2025-01-03T15:05:30.4717108Z   munkres                        1.1.4                pyh9f0ad1d_0             conda-forge
2025-01-03T15:05:30.4717655Z   mypy_extensions                1.0.0                pyha770c72_0             conda-forge
2025-01-03T15:05:30.4718042Z   nbclassic                      1.1.0                pyhd8ed1ab_0             conda-forge
2025-01-03T15:05:30.4718407Z   nbclient                       0.10.0               pyhd8ed1ab_0             conda-forge
2025-01-03T15:05:30.4718773Z   nbconvert                      7.16.4               hd8ed1ab_1               conda-forge
2025-01-03T15:05:30.4719151Z   nbconvert-core                 7.16.4               pyhd8ed1ab_1             conda-forge
2025-01-03T15:05:30.4719558Z   nbconvert-pandoc               7.16.4               hd8ed1ab_1               conda-forge
2025-01-03T15:05:30.4719956Z   nbformat                       5.10.4               pyhd8ed1ab_0             conda-forge
2025-01-03T15:05:30.4720322Z   nbsphinx                       0.9.4                pyhd8ed1ab_0             conda-forge
2025-01-03T15:05:30.4720674Z   ncurses                        6.5                  h59595ed_0               conda-forge
2025-01-03T15:05:30.4721035Z   nest-asyncio                   1.6.0                pyhd8ed1ab_0             conda-forge
2025-01-03T15:05:30.4721409Z   networkx                       3.3                  pyhd8ed1ab_1             conda-forge
2025-01-03T15:05:30.4721754Z   nomkl                          1.0                  h5ca1d4c_0               conda-forge
2025-01-03T15:05:30.4722103Z   notebook                       7.2.1                pyhd8ed1ab_0             conda-forge
2025-01-03T15:05:30.4722476Z   notebook-shim                  0.2.4                pyhd8ed1ab_0             conda-forge
2025-01-03T15:05:30.4722843Z   numba                          0.59.1               py312hacefee8_0          conda-forge
2025-01-03T15:05:30.4723323Z   numexpr                        2.10.0               py312hf412c99_100        conda-forge
2025-01-03T15:05:30.4723676Z   numpy                          1.26.4               py312heda63a1_0          conda-forge
2025-01-03T15:05:30.4724028Z   numpydoc                       1.7.0                pyhd8ed1ab_1             conda-forge
2025-01-03T15:05:30.4724392Z   openjpeg                       2.5.2                h488ebb8_0               conda-forge
2025-01-03T15:05:30.4724744Z   openssl                        3.3.1                h4ab18f5_0               conda-forge
2025-01-03T15:05:30.4725100Z   overrides                      7.7.0                pyhd8ed1ab_0             conda-forge
2025-01-03T15:05:30.4725469Z   packaging                      24.1                 pyhd8ed1ab_0             conda-forge
2025-01-03T15:05:30.4725823Z   pandas                         2.2.2                py312h1d6d2e6_1          conda-forge
2025-01-03T15:05:30.4726190Z   pandoc                         3.2                  ha770c72_0               conda-forge
2025-01-03T15:05:30.4726560Z   pandocfilters                  1.5.0                pyhd8ed1ab_0             conda-forge
2025-01-03T15:05:30.4726922Z   pango                          1.54.0               h84a9a3c_0               conda-forge
2025-01-03T15:05:30.4727260Z   parso                          0.8.4                pyhd8ed1ab_0             conda-forge
2025-01-03T15:05:30.4727814Z   pathspec                       0.12.1               pyhd8ed1ab_0             conda-forge
2025-01-03T15:05:30.4728174Z   pbr                            6.0.0                pyhd8ed1ab_0             conda-forge
2025-01-03T15:05:30.4728507Z   pcre2                          10.44                h0f59acf_0               conda-forge
2025-01-03T15:05:30.4728862Z   pexpect                        4.9.0                pyhd8ed1ab_0             conda-forge
2025-01-03T15:05:30.4729223Z   pickleshare                    0.7.5                py_1003                  conda-forge
2025-01-03T15:05:30.4729594Z   pillow                         10.3.0               py312hdcec9eb_0          conda-forge
2025-01-03T15:05:30.4730053Z   pip                            24.0                 pyhd8ed1ab_0             conda-forge
2025-01-03T15:05:30.4730391Z   pixman                         0.43.2               h59595ed_0               conda-forge
2025-01-03T15:05:30.4730783Z   pkgutil-resolve-name           1.3.10               pyhd8ed1ab_1             conda-forge
2025-01-03T15:05:30.4731195Z   platformdirs                   4.2.2                pyhd8ed1ab_0             conda-forge
2025-01-03T15:05:30.4731571Z   plotly                         5.22.0               pyhd8ed1ab_0             conda-forge
2025-01-03T15:05:30.4731919Z   pluggy                         1.5.0                pyhd8ed1ab_0             conda-forge
2025-01-03T15:05:30.4732297Z   prometheus_client              0.20.0               pyhd8ed1ab_0             conda-forge
2025-01-03T15:05:30.4732707Z   prompt-toolkit                 3.0.47               pyha770c72_0             conda-forge
2025-01-03T15:05:30.4733091Z   psutil                         5.9.8                py312h98912ed_0          conda-forge
2025-01-03T15:05:30.4733451Z   pthread-stubs                  0.4                  h36c2ea0_1001            conda-forge
2025-01-03T15:05:30.4734080Z   ptyprocess                     0.7.0                pyhd3deb0d_0             conda-forge
2025-01-03T15:05:30.4734745Z   pure_eval                      0.2.2                pyhd8ed1ab_0             conda-forge
2025-01-03T15:05:30.4735389Z   py-cpuinfo                     9.0.0                pyhd8ed1ab_0             conda-forge
2025-01-03T15:05:30.4736015Z   pybtex                         0.24.0               pyhd8ed1ab_2             conda-forge
2025-01-03T15:05:30.4736404Z   pybtex-docutils                1.0.3                py312h7900ff3_1          conda-forge
2025-01-03T15:05:30.4736797Z   pycparser                      2.22                 pyhd8ed1ab_0             conda-forge
2025-01-03T15:05:30.4737325Z   pyerfa                         2.0.1.4              py312h085067d_1          conda-forge
2025-01-03T15:05:30.4737924Z   pygments                       2.18.0               pyhd8ed1ab_0             conda-forge
2025-01-03T15:05:30.4738299Z   pygraphviz                     1.13                 py312h4a1d8a7_1          conda-forge
2025-01-03T15:05:30.4738680Z   pyparsing                      3.1.2                pyhd8ed1ab_0             conda-forge
2025-01-03T15:05:30.4739042Z   pysocks                        1.7.1                pyha2e5f31_6             conda-forge
2025-01-03T15:05:30.4739400Z   pytables                       3.9.2                py312h96d95ec_2          conda-forge
2025-01-03T15:05:30.4739759Z   pytest                         8.2.2                pyhd8ed1ab_0             conda-forge
2025-01-03T15:05:30.4740117Z   pytest-cov                     5.0.0                pyhd8ed1ab_0             conda-forge
2025-01-03T15:05:30.4740545Z   pytest-doctestplus             1.2.1                pyhd8ed1ab_0             conda-forge
2025-01-03T15:05:30.4740958Z   pytest-html                    4.1.1                pyhd8ed1ab_0             conda-forge
2025-01-03T15:05:30.4741355Z   pytest-metadata                3.1.1                pyhd8ed1ab_0             conda-forge
2025-01-03T15:05:30.4741730Z   python                         3.12.4               h194c7f8_0_cpython       conda-forge
2025-01-03T15:05:30.4742109Z   python-dateutil                2.9.0                pyhd8ed1ab_0             conda-forge
2025-01-03T15:05:30.4742534Z   python-fastjsonschema          2.20.0               pyhd8ed1ab_0             conda-forge
2025-01-03T15:05:30.4742965Z   python-json-logger             2.0.7                pyhd8ed1ab_0             conda-forge
2025-01-03T15:05:30.4743374Z   python-tzdata                  2024.1               pyhd8ed1ab_0             conda-forge
2025-01-03T15:05:30.4743756Z   python_abi                     3.12                 4_cp312                  conda-forge
2025-01-03T15:05:30.4744113Z   pytz                           2024.1               pyhd8ed1ab_0             conda-forge
2025-01-03T15:05:30.4744586Z   pyyaml                         6.0.1                py312h98912ed_1          conda-forge
2025-01-03T15:05:30.4744937Z   pyzmq                          26.0.3               py312h8fd38d8_0          conda-forge
2025-01-03T15:05:30.4745281Z   qgrid                          1.3.1                pyhd8ed1ab_4             conda-forge
2025-01-03T15:05:30.4745666Z   radioactivedecay               0.5.1                pyhd8ed1ab_0             conda-forge
2025-01-03T15:05:30.4746052Z   readline                       8.2                  h8228510_1               conda-forge
2025-01-03T15:05:30.4746424Z   recommonmark                   0.7.1                pyhd8ed1ab_0             conda-forge
2025-01-03T15:05:30.4746815Z   referencing                    0.35.1               pyhd8ed1ab_0             conda-forge
2025-01-03T15:05:30.4747190Z   requests                       2.32.3               pyhd8ed1ab_0             conda-forge
2025-01-03T15:05:30.4748066Z   rfc3339-validator              0.1.4                pyhd8ed1ab_0             conda-forge
2025-01-03T15:05:30.4748579Z   rfc3986-validator              0.1.1                pyh9f0ad1d_0             conda-forge
2025-01-03T15:05:30.4748965Z   rpds-py                        0.18.1               py312h4413252_0          conda-forge
2025-01-03T15:05:30.4749322Z   ruff                           0.4.9                py312h5715c7c_0          conda-forge
2025-01-03T15:05:30.4749705Z   scipy                          1.13.1               py312hc2bc53b_0          conda-forge
2025-01-03T15:05:30.4750066Z   send2trash                     1.8.3                pyh0d859eb_0             conda-forge
2025-01-03T15:05:30.4750439Z   setuptools                     70.0.0               pyhd8ed1ab_0             conda-forge
2025-01-03T15:05:30.4750823Z   setuptools-scm                 8.1.0                pyhd8ed1ab_0             conda-forge
2025-01-03T15:05:30.4751360Z   setuptools_scm                 8.1.0                hd8ed1ab_0               conda-forge
2025-01-03T15:05:30.4751728Z   six                            1.16.0               pyh6c4a22f_0             conda-forge
2025-01-03T15:05:30.4752071Z   snakeviz                       2.2.0                pyhd8ed1ab_0             conda-forge
2025-01-03T15:05:30.4752435Z   snappy                         1.2.0                hdb0a2a9_1               conda-forge
2025-01-03T15:05:30.4752781Z   sniffio                        1.3.1                pyhd8ed1ab_0             conda-forge
2025-01-03T15:05:30.4753160Z   snowballstemmer                2.2.0                pyhd8ed1ab_0             conda-forge
2025-01-03T15:05:30.4753541Z   soupsieve                      2.5                  pyhd8ed1ab_1             conda-forge
2025-01-03T15:05:30.4753892Z   sphinx                         7.3.7                pyhd8ed1ab_0             conda-forge
2025-01-03T15:05:30.4754272Z   sphinx-astropy                 1.9.1                pyhd8ed1ab_0             conda-forge
2025-01-03T15:05:30.4754681Z   sphinx-automodapi              0.17.0               pyh717bed2_1             conda-forge
2025-01-03T15:05:30.4755087Z   sphinx-gallery                 0.16.0               pyhd8ed1ab_0             conda-forge
2025-01-03T15:05:30.4755492Z   sphinx-jsonschema              1.19.1               pyhd8ed1ab_0             conda-forge
2025-01-03T15:05:30.4755913Z   sphinx_bootstrap_theme         0.8.1                pyhd8ed1ab_0             conda-forge
2025-01-03T15:05:30.4756323Z   sphinx_rtd_theme               2.0.0                pyha770c72_0             conda-forge
2025-01-03T15:05:30.4756732Z   sphinxcontrib-apidoc           0.3.0                py_1                     conda-forge
2025-01-03T15:05:30.4757174Z   sphinxcontrib-applehelp        1.0.8                pyhd8ed1ab_0             conda-forge
2025-01-03T15:05:30.4757988Z   sphinxcontrib-bibtex           2.6.2                pyhd8ed1ab_0             conda-forge
2025-01-03T15:05:30.4758448Z   sphinxcontrib-devhelp          1.0.6                pyhd8ed1ab_0             conda-forge
2025-01-03T15:05:30.4759018Z   sphinxcontrib-htmlhelp         2.0.5                pyhd8ed1ab_0             conda-forge
2025-01-03T15:05:30.4759467Z   sphinxcontrib-jquery           4.1                  pyhd8ed1ab_0             conda-forge
2025-01-03T15:05:30.4759899Z   sphinxcontrib-jsmath           1.0.1                pyhd8ed1ab_0             conda-forge
2025-01-03T15:05:30.4760328Z   sphinxcontrib-qthelp           1.0.7                pyhd8ed1ab_0             conda-forge
2025-01-03T15:05:30.4760798Z   sphinxcontrib-serializinghtml  1.1.10               pyhd8ed1ab_0             conda-forge
2025-01-03T15:05:30.4761237Z   stack_data                     0.6.2                pyhd8ed1ab_0             conda-forge
2025-01-03T15:05:30.4761588Z   sympy                          1.12.1               pypyh2585a3b_103         conda-forge
2025-01-03T15:05:30.4761942Z   tabulate                       0.9.0                pyhd8ed1ab_1             conda-forge
2025-01-03T15:05:30.4762304Z   tenacity                       8.4.1                pyhd8ed1ab_0             conda-forge
2025-01-03T15:05:30.4762670Z   terminado                      0.18.1               pyh0d859eb_0             conda-forge
2025-01-03T15:05:30.4763032Z   tinycss2                       1.3.0                pyhd8ed1ab_0             conda-forge
2025-01-03T15:05:30.4763369Z   tk                             8.6.13               noxft_h4845f30_101       conda-forge
2025-01-03T15:05:30.4763700Z   toml                           0.10.2               pyhd8ed1ab_0             conda-forge
2025-01-03T15:05:30.4764068Z   tomli                          2.0.1                pyhd8ed1ab_0             conda-forge
2025-01-03T15:05:30.4764433Z   tornado                        6.4.1                py312h9a8786e_0          conda-forge
2025-01-03T15:05:30.4764788Z   tqdm                           4.66.4               pyhd8ed1ab_0             conda-forge
2025-01-03T15:05:30.4765284Z   traitlets                      5.14.3               pyhd8ed1ab_0             conda-forge
2025-01-03T15:05:30.4765659Z   typed-ast                      1.5.5                py312h98912ed_1          conda-forge
2025-01-03T15:05:30.4766089Z   types-python-dateutil          2.9.0.20240316       pyhd8ed1ab_0             conda-forge
2025-01-03T15:05:30.4766535Z   typing-extensions              4.12.2               hd8ed1ab_0               conda-forge
2025-01-03T15:05:30.4766953Z   typing_extensions              4.12.2               pyha770c72_0             conda-forge
2025-01-03T15:05:30.4767343Z   typing_utils                   0.1.0                pyhd8ed1ab_0             conda-forge
2025-01-03T15:05:30.4767977Z   tzdata                         2024a                h0c530f3_0               conda-forge
2025-01-03T15:05:30.4768358Z   uri-template                   1.3.0                pyhd8ed1ab_0             conda-forge
2025-01-03T15:05:30.4768731Z   urllib3                        2.2.2                pyhd8ed1ab_0             conda-forge
2025-01-03T15:05:30.4769095Z   wcwidth                        0.2.13               pyhd8ed1ab_0             conda-forge
2025-01-03T15:05:30.4769471Z   webcolors                      24.6.0               pyhd8ed1ab_0             conda-forge
2025-01-03T15:05:30.4769850Z   webencodings                   0.5.1                pyhd8ed1ab_2             conda-forge
2025-01-03T15:05:30.4770255Z   websocket-client               1.8.0                pyhd8ed1ab_0             conda-forge
2025-01-03T15:05:30.4770632Z   wheel                          0.43.0               pyhd8ed1ab_1             conda-forge
2025-01-03T15:05:30.4771020Z   widgetsnbextension             3.6.6                pyhd8ed1ab_0             conda-forge
2025-01-03T15:05:30.4771423Z   xorg-kbproto                   1.0.7                h7f98852_1002            conda-forge
2025-01-03T15:05:30.4771794Z   xorg-libice                    1.1.1                hd590300_0               conda-forge
2025-01-03T15:05:30.4772163Z   xorg-libsm                     1.2.4                h7391055_0               conda-forge
2025-01-03T15:05:30.4772655Z   xorg-libx11                    1.8.9                h8ee46fc_0               conda-forge
2025-01-03T15:05:30.4773034Z   xorg-libxau                    1.0.11               hd590300_0               conda-forge
2025-01-03T15:05:30.4773414Z   xorg-libxdmcp                  1.1.3                h7f98852_0               conda-forge
2025-01-03T15:05:30.4773790Z   xorg-libxext                   1.3.4                h0b41bf4_2               conda-forge
2025-01-03T15:05:30.4774174Z   xorg-libxrender                0.9.11               hd590300_0               conda-forge
2025-01-03T15:05:30.4774574Z   xorg-renderproto               0.11.1               h7f98852_1002            conda-forge
2025-01-03T15:05:30.4774980Z   xorg-xextproto                 7.3.0                h0b41bf4_1003            conda-forge
2025-01-03T15:05:30.4775363Z   xorg-xproto                    7.0.31               h7f98852_1007            conda-forge
2025-01-03T15:05:30.4775709Z   xz                             5.2.6                h166bdaf_0               conda-forge
2025-01-03T15:05:30.4776032Z   yaml                           0.2.5                h7f98852_2               conda-forge
2025-01-03T15:05:30.4776361Z   zeromq                         4.3.5                h75354e8_4               conda-forge
2025-01-03T15:05:30.4776701Z   zipp                           3.19.2               pyhd8ed1ab_0             conda-forge
2025-01-03T15:05:30.4777034Z   zlib                           1.3.1                h4ab18f5_1               conda-forge
2025-01-03T15:05:30.4777367Z   zlib-ng                        2.0.7                h0b41bf4_0               conda-forge
2025-01-03T15:05:30.4777911Z   zstd                           1.5.6                ha6fb4c9_0               conda-forge
2025-01-03T15:05:30.4778494Z ##[endgroup]
2025-01-03T15:05:30.4810975Z ##[group]Run pip install -e . --user
2025-01-03T15:05:30.4811437Z [36;1mpip install -e . --user[0m
2025-01-03T15:05:30.4841120Z shell: /usr/bin/bash -l {0}
2025-01-03T15:05:30.4841374Z env:
2025-01-03T15:05:30.4841556Z   CACHE_NUMBER: 0
2025-01-03T15:05:30.4842187Z   PYTEST_FLAGS: --tardis-regression-data=/home/runner/work/tardis/tardis/tardis-regression-data --cov=tardis --cov-report=xml --cov-report=html --cov-append
2025-01-03T15:05:30.4842844Z   CODECOV_TOKEN: 
2025-01-03T15:05:30.4843067Z   MAMBA_ROOT_PREFIX: /home/runner/micromamba
2025-01-03T15:05:30.4843381Z   MAMBA_EXE: /home/runner/micromamba-bin/micromamba
2025-01-03T15:05:30.4843752Z   CONDARC: /home/runner/work/_temp/setup-micromamba/.condarc
2025-01-03T15:05:30.4844069Z ##[endgroup]
2025-01-03T15:05:31.2035613Z Obtaining file:///home/runner/work/tardis/tardis
2025-01-03T15:05:31.2063833Z   Installing build dependencies: started
2025-01-03T15:05:34.1758124Z   Installing build dependencies: finished with status 'done'
2025-01-03T15:05:34.1764238Z   Checking if build backend supports build_editable: started
2025-01-03T15:05:34.2987356Z   Checking if build backend supports build_editable: finished with status 'done'
2025-01-03T15:05:34.2995469Z   Getting requirements to build editable: started
2025-01-03T15:05:34.7617151Z   Getting requirements to build editable: finished with status 'done'
2025-01-03T15:05:34.7625656Z   Preparing editable metadata (pyproject.toml): started
2025-01-03T15:05:35.2213584Z   Preparing editable metadata (pyproject.toml): finished with status 'done'
2025-01-03T15:05:35.2809824Z Requirement already satisfied: astropy in /home/runner/micromamba/envs/tardis/lib/python3.12/site-packages (from tardis==0.0.0) (6.1.1)
2025-01-03T15:05:35.3208131Z Requirement already satisfied: numpy>=1.23 in /home/runner/micromamba/envs/tardis/lib/python3.12/site-packages (from astropy->tardis==0.0.0) (1.26.4)
2025-01-03T15:05:35.3217608Z Requirement already satisfied: pyerfa>=2.0.1.1 in /home/runner/micromamba/envs/tardis/lib/python3.12/site-packages (from astropy->tardis==0.0.0) (2.0.1.4)
2025-01-03T15:05:35.3228748Z Requirement already satisfied: astropy-iers-data>=0.2024.5.27.0.30.8 in /home/runner/micromamba/envs/tardis/lib/python3.12/site-packages (from astropy->tardis==0.0.0) (0.2024.6.17.0.31.35)
2025-01-03T15:05:35.3237629Z Requirement already satisfied: PyYAML>=3.13 in /home/runner/micromamba/envs/tardis/lib/python3.12/site-packages (from astropy->tardis==0.0.0) (6.0.1)
2025-01-03T15:05:35.3248052Z Requirement already satisfied: packaging>=19.0 in /home/runner/micromamba/envs/tardis/lib/python3.12/site-packages (from astropy->tardis==0.0.0) (24.1)
2025-01-03T15:05:35.3336474Z Building wheels for collected packages: tardis
2025-01-03T15:05:35.3345856Z   Building editable for tardis (pyproject.toml): started
2025-01-03T15:05:36.0782482Z   Building editable for tardis (pyproject.toml): finished with status 'done'
2025-01-03T15:05:36.0789345Z   Created wheel for tardis: filename=tardis-0.0.0-0.editable-py3-none-any.whl size=8878 sha256=2e24ba89dbdc0a90b0140466fd9ffd7e4982f138c46e23e95f45b17d75c94681
2025-01-03T15:05:36.0790968Z   Stored in directory: /tmp/pip-ephem-wheel-cache-7q5ntvw4/wheels/6a/c7/ae/89fa6dc2565455898176888ef0e2e475e4e90eb0124afcb995
2025-01-03T15:05:36.0817300Z Successfully built tardis
2025-01-03T15:05:36.8463742Z Installing collected packages: tardis
2025-01-03T15:05:36.8551481Z Successfully installed tardis-0.0.0
2025-01-03T15:05:37.1004981Z ##[group]Run pip install qgridnext
2025-01-03T15:05:37.1005515Z [36;1mpip install qgridnext[0m
2025-01-03T15:05:37.1039969Z shell: /usr/bin/bash -l {0}
2025-01-03T15:05:37.1040223Z env:
2025-01-03T15:05:37.1040399Z   CACHE_NUMBER: 0
2025-01-03T15:05:37.1041465Z   PYTEST_FLAGS: --tardis-regression-data=/home/runner/work/tardis/tardis/tardis-regression-data --cov=tardis --cov-report=xml --cov-report=html --cov-append
2025-01-03T15:05:37.1042628Z   CODECOV_TOKEN: 
2025-01-03T15:05:37.1042995Z   MAMBA_ROOT_PREFIX: /home/runner/micromamba
2025-01-03T15:05:37.1043509Z   MAMBA_EXE: /home/runner/micromamba-bin/micromamba
2025-01-03T15:05:37.1044421Z   CONDARC: /home/runner/work/_temp/setup-micromamba/.condarc
2025-01-03T15:05:37.1044922Z ##[endgroup]
2025-01-03T15:05:37.8854419Z Collecting qgridnext
2025-01-03T15:05:37.9571133Z   Downloading qgridnext-2.0.4-py3-none-any.whl.metadata (9.9 kB)
2025-01-03T15:05:37.9758775Z Requirement already satisfied: pandas>=0.20.0 in /home/runner/micromamba/envs/tardis/lib/python3.12/site-packages (from qgridnext) (2.2.2)
2025-01-03T15:05:37.9768207Z Requirement already satisfied: ipywidgets>=7.0.0 in /home/runner/micromamba/envs/tardis/lib/python3.12/site-packages (from qgridnext) (7.8.0)
2025-01-03T15:05:37.9777244Z Requirement already satisfied: numpy in /home/runner/micromamba/envs/tardis/lib/python3.12/site-packages (from qgridnext) (1.26.4)
2025-01-03T15:05:37.9787023Z Requirement already satisfied: traitlets in /home/runner/micromamba/envs/tardis/lib/python3.12/site-packages (from qgridnext) (5.14.3)
2025-01-03T15:05:37.9873302Z Requirement already satisfied: comm>=0.1.3 in /home/runner/micromamba/envs/tardis/lib/python3.12/site-packages (from ipywidgets>=7.0.0->qgridnext) (0.2.2)
2025-01-03T15:05:37.9881811Z Requirement already satisfied: ipython-genutils~=0.2.0 in /home/runner/micromamba/envs/tardis/lib/python3.12/site-packages (from ipywidgets>=7.0.0->qgridnext) (0.2.0)
2025-01-03T15:05:37.9894095Z Requirement already satisfied: widgetsnbextension~=3.6.5 in /home/runner/micromamba/envs/tardis/lib/python3.12/site-packages (from ipywidgets>=7.0.0->qgridnext) (3.6.6)
2025-01-03T15:05:37.9911869Z Requirement already satisfied: ipython>=4.0.0 in /home/runner/micromamba/envs/tardis/lib/python3.12/site-packages (from ipywidgets>=7.0.0->qgridnext) (8.25.0)
2025-01-03T15:05:37.9926148Z Requirement already satisfied: jupyterlab-widgets<3,>=1.0.0 in /home/runner/micromamba/envs/tardis/lib/python3.12/site-packages (from ipywidgets>=7.0.0->qgridnext) (1.1.7)
2025-01-03T15:05:38.0409439Z Requirement already satisfied: python-dateutil>=2.8.2 in /home/runner/micromamba/envs/tardis/lib/python3.12/site-packages (from pandas>=0.20.0->qgridnext) (2.9.0)
2025-01-03T15:05:38.0422735Z Requirement already satisfied: pytz>=2020.1 in /home/runner/micromamba/envs/tardis/lib/python3.12/site-packages (from pandas>=0.20.0->qgridnext) (2024.1)
2025-01-03T15:05:38.0430554Z Requirement already satisfied: tzdata>=2022.7 in /home/runner/micromamba/envs/tardis/lib/python3.12/site-packages (from pandas>=0.20.0->qgridnext) (2024.1)
2025-01-03T15:05:38.0783993Z Requirement already satisfied: decorator in /home/runner/micromamba/envs/tardis/lib/python3.12/site-packages (from ipython>=4.0.0->ipywidgets>=7.0.0->qgridnext) (5.1.1)
2025-01-03T15:05:38.0798172Z Requirement already satisfied: jedi>=0.16 in /home/runner/micromamba/envs/tardis/lib/python3.12/site-packages (from ipython>=4.0.0->ipywidgets>=7.0.0->qgridnext) (0.19.1)
2025-01-03T15:05:38.0806230Z Requirement already satisfied: matplotlib-inline in /home/runner/micromamba/envs/tardis/lib/python3.12/site-packages (from ipython>=4.0.0->ipywidgets>=7.0.0->qgridnext) (0.1.7)
2025-01-03T15:05:38.0817139Z Requirement already satisfied: prompt-toolkit<3.1.0,>=3.0.41 in /home/runner/micromamba/envs/tardis/lib/python3.12/site-packages (from ipython>=4.0.0->ipywidgets>=7.0.0->qgridnext) (3.0.47)
2025-01-03T15:05:38.0826228Z Requirement already satisfied: pygments>=2.4.0 in /home/runner/micromamba/envs/tardis/lib/python3.12/site-packages (from ipython>=4.0.0->ipywidgets>=7.0.0->qgridnext) (2.18.0)
2025-01-03T15:05:38.0835773Z Requirement already satisfied: stack-data in /home/runner/micromamba/envs/tardis/lib/python3.12/site-packages (from ipython>=4.0.0->ipywidgets>=7.0.0->qgridnext) (0.6.2)
2025-01-03T15:05:38.0854926Z Requirement already satisfied: pexpect>4.3 in /home/runner/micromamba/envs/tardis/lib/python3.12/site-packages (from ipython>=4.0.0->ipywidgets>=7.0.0->qgridnext) (4.9.0)
2025-01-03T15:05:38.0903146Z Requirement already satisfied: six>=1.5 in /home/runner/micromamba/envs/tardis/lib/python3.12/site-packages (from python-dateutil>=2.8.2->pandas>=0.20.0->qgridnext) (1.16.0)
2025-01-03T15:05:38.0960291Z Requirement already satisfied: notebook>=4.4.1 in /home/runner/micromamba/envs/tardis/lib/python3.12/site-packages (from widgetsnbextension~=3.6.5->ipywidgets>=7.0.0->qgridnext) (7.2.1)
2025-01-03T15:05:38.1182330Z Requirement already satisfied: parso<0.9.0,>=0.8.3 in /home/runner/micromamba/envs/tardis/lib/python3.12/site-packages (from jedi>=0.16->ipython>=4.0.0->ipywidgets>=7.0.0->qgridnext) (0.8.4)
2025-01-03T15:05:38.1356844Z Requirement already satisfied: jupyter-server<3,>=2.4.0 in /home/runner/micromamba/envs/tardis/lib/python3.12/site-packages (from notebook>=4.4.1->widgetsnbextension~=3.6.5->ipywidgets>=7.0.0->qgridnext) (2.14.1)
2025-01-03T15:05:38.1370217Z Requirement already satisfied: jupyterlab-server<3,>=2.27.1 in /home/runner/micromamba/envs/tardis/lib/python3.12/site-packages (from notebook>=4.4.1->widgetsnbextension~=3.6.5->ipywidgets>=7.0.0->qgridnext) (2.27.2)
2025-01-03T15:05:38.1385180Z Requirement already satisfied: jupyterlab<4.3,>=4.2.0 in /home/runner/micromamba/envs/tardis/lib/python3.12/site-packages (from notebook>=4.4.1->widgetsnbextension~=3.6.5->ipywidgets>=7.0.0->qgridnext) (4.2.2)
2025-01-03T15:05:38.1395787Z Requirement already satisfied: notebook-shim<0.3,>=0.2 in /home/runner/micromamba/envs/tardis/lib/python3.12/site-packages (from notebook>=4.4.1->widgetsnbextension~=3.6.5->ipywidgets>=7.0.0->qgridnext) (0.2.4)
2025-01-03T15:05:38.1404265Z Requirement already satisfied: tornado>=6.2.0 in /home/runner/micromamba/envs/tardis/lib/python3.12/site-packages (from notebook>=4.4.1->widgetsnbextension~=3.6.5->ipywidgets>=7.0.0->qgridnext) (6.4.1)
2025-01-03T15:05:38.1435001Z Requirement already satisfied: ptyprocess>=0.5 in /home/runner/micromamba/envs/tardis/lib/python3.12/site-packages (from pexpect>4.3->ipython>=4.0.0->ipywidgets>=7.0.0->qgridnext) (0.7.0)
2025-01-03T15:05:38.1464573Z Requirement already satisfied: wcwidth in /home/runner/micromamba/envs/tardis/lib/python3.12/site-packages (from prompt-toolkit<3.1.0,>=3.0.41->ipython>=4.0.0->ipywidgets>=7.0.0->qgridnext) (0.2.13)
2025-01-03T15:05:38.1628190Z Requirement already satisfied: executing>=1.2.0 in /home/runner/micromamba/envs/tardis/lib/python3.12/site-packages (from stack-data->ipython>=4.0.0->ipywidgets>=7.0.0->qgridnext) (2.0.1)
2025-01-03T15:05:38.1640703Z Requirement already satisfied: asttokens>=2.1.0 in /home/runner/micromamba/envs/tardis/lib/python3.12/site-packages (from stack-data->ipython>=4.0.0->ipywidgets>=7.0.0->qgridnext) (2.4.1)
2025-01-03T15:05:38.1649836Z Requirement already satisfied: pure-eval in /home/runner/micromamba/envs/tardis/lib/python3.12/site-packages (from stack-data->ipython>=4.0.0->ipywidgets>=7.0.0->qgridnext) (0.2.2)
2025-01-03T15:05:38.2012211Z Requirement already satisfied: anyio>=3.1.0 in /home/runner/micromamba/envs/tardis/lib/python3.12/site-packages (from jupyter-server<3,>=2.4.0->notebook>=4.4.1->widgetsnbextension~=3.6.5->ipywidgets>=7.0.0->qgridnext) (4.4.0)
2025-01-03T15:05:38.2023090Z Requirement already satisfied: argon2-cffi>=21.1 in /home/runner/micromamba/envs/tardis/lib/python3.12/site-packages (from jupyter-server<3,>=2.4.0->notebook>=4.4.1->widgetsnbextension~=3.6.5->ipywidgets>=7.0.0->qgridnext) (23.1.0)
2025-01-03T15:05:38.2033377Z Requirement already satisfied: jinja2>=3.0.3 in /home/runner/micromamba/envs/tardis/lib/python3.12/site-packages (from jupyter-server<3,>=2.4.0->notebook>=4.4.1->widgetsnbextension~=3.6.5->ipywidgets>=7.0.0->qgridnext) (3.1.4)
2025-01-03T15:05:38.2045864Z Requirement already satisfied: jupyter-client>=7.4.4 in /home/runner/micromamba/envs/tardis/lib/python3.12/site-packages (from jupyter-server<3,>=2.4.0->notebook>=4.4.1->widgetsnbextension~=3.6.5->ipywidgets>=7.0.0->qgridnext) (8.6.2)
2025-01-03T15:05:38.2064725Z Requirement already satisfied: jupyter-core!=5.0.*,>=4.12 in /home/runner/micromamba/envs/tardis/lib/python3.12/site-packages (from jupyter-server<3,>=2.4.0->notebook>=4.4.1->widgetsnbextension~=3.6.5->ipywidgets>=7.0.0->qgridnext) (5.7.2)
2025-01-03T15:05:38.2081876Z Requirement already satisfied: jupyter-events>=0.9.0 in /home/runner/micromamba/envs/tardis/lib/python3.12/site-packages (from jupyter-server<3,>=2.4.0->notebook>=4.4.1->widgetsnbextension~=3.6.5->ipywidgets>=7.0.0->qgridnext) (0.10.0)
2025-01-03T15:05:38.2094889Z Requirement already satisfied: jupyter-server-terminals>=0.4.4 in /home/runner/micromamba/envs/tardis/lib/python3.12/site-packages (from jupyter-server<3,>=2.4.0->notebook>=4.4.1->widgetsnbextension~=3.6.5->ipywidgets>=7.0.0->qgridnext) (0.5.3)
2025-01-03T15:05:38.2111399Z Requirement already satisfied: nbconvert>=6.4.4 in /home/runner/micromamba/envs/tardis/lib/python3.12/site-packages (from jupyter-server<3,>=2.4.0->notebook>=4.4.1->widgetsnbextension~=3.6.5->ipywidgets>=7.0.0->qgridnext) (7.16.4)
2025-01-03T15:05:38.2122631Z Requirement already satisfied: nbformat>=5.3.0 in /home/runner/micromamba/envs/tardis/lib/python3.12/site-packages (from jupyter-server<3,>=2.4.0->notebook>=4.4.1->widgetsnbextension~=3.6.5->ipywidgets>=7.0.0->qgridnext) (5.10.4)
2025-01-03T15:05:38.2132739Z Requirement already satisfied: overrides>=5.0 in /home/runner/micromamba/envs/tardis/lib/python3.12/site-packages (from jupyter-server<3,>=2.4.0->notebook>=4.4.1->widgetsnbextension~=3.6.5->ipywidgets>=7.0.0->qgridnext) (7.7.0)
2025-01-03T15:05:38.2143338Z Requirement already satisfied: packaging>=22.0 in /home/runner/micromamba/envs/tardis/lib/python3.12/site-packages (from jupyter-server<3,>=2.4.0->notebook>=4.4.1->widgetsnbextension~=3.6.5->ipywidgets>=7.0.0->qgridnext) (24.1)
2025-01-03T15:05:38.2153180Z Requirement already satisfied: prometheus-client>=0.9 in /home/runner/micromamba/envs/tardis/lib/python3.12/site-packages (from jupyter-server<3,>=2.4.0->notebook>=4.4.1->widgetsnbextension~=3.6.5->ipywidgets>=7.0.0->qgridnext) (0.20.0)
2025-01-03T15:05:38.2165121Z Requirement already satisfied: pyzmq>=24 in /home/runner/micromamba/envs/tardis/lib/python3.12/site-packages (from jupyter-server<3,>=2.4.0->notebook>=4.4.1->widgetsnbextension~=3.6.5->ipywidgets>=7.0.0->qgridnext) (26.0.3)
2025-01-03T15:05:38.2175837Z Requirement already satisfied: send2trash>=1.8.2 in /home/runner/micromamba/envs/tardis/lib/python3.12/site-packages (from jupyter-server<3,>=2.4.0->notebook>=4.4.1->widgetsnbextension~=3.6.5->ipywidgets>=7.0.0->qgridnext) (1.8.3)
2025-01-03T15:05:38.2190737Z Requirement already satisfied: terminado>=0.8.3 in /home/runner/micromamba/envs/tardis/lib/python3.12/site-packages (from jupyter-server<3,>=2.4.0->notebook>=4.4.1->widgetsnbextension~=3.6.5->ipywidgets>=7.0.0->qgridnext) (0.18.1)
2025-01-03T15:05:38.2211774Z Requirement already satisfied: websocket-client>=1.7 in /home/runner/micromamba/envs/tardis/lib/python3.12/site-packages (from jupyter-server<3,>=2.4.0->notebook>=4.4.1->widgetsnbextension~=3.6.5->ipywidgets>=7.0.0->qgridnext) (1.8.0)
2025-01-03T15:05:38.2503371Z Requirement already satisfied: async-lru>=1.0.0 in /home/runner/micromamba/envs/tardis/lib/python3.12/site-packages (from jupyterlab<4.3,>=4.2.0->notebook>=4.4.1->widgetsnbextension~=3.6.5->ipywidgets>=7.0.0->qgridnext) (2.0.4)
2025-01-03T15:05:38.2516184Z Requirement already satisfied: httpx>=0.25.0 in /home/runner/micromamba/envs/tardis/lib/python3.12/site-packages (from jupyterlab<4.3,>=4.2.0->notebook>=4.4.1->widgetsnbextension~=3.6.5->ipywidgets>=7.0.0->qgridnext) (0.27.0)
2025-01-03T15:05:38.2529696Z Requirement already satisfied: ipykernel>=6.5.0 in /home/runner/micromamba/envs/tardis/lib/python3.12/site-packages (from jupyterlab<4.3,>=4.2.0->notebook>=4.4.1->widgetsnbextension~=3.6.5->ipywidgets>=7.0.0->qgridnext) (6.29.4)
2025-01-03T15:05:38.2548941Z Requirement already satisfied: jupyter-lsp>=2.0.0 in /home/runner/micromamba/envs/tardis/lib/python3.12/site-packages (from jupyterlab<4.3,>=4.2.0->notebook>=4.4.1->widgetsnbextension~=3.6.5->ipywidgets>=7.0.0->qgridnext) (2.2.5)
2025-01-03T15:05:38.2577883Z Requirement already satisfied: setuptools>=40.1.0 in /home/runner/micromamba/envs/tardis/lib/python3.12/site-packages (from jupyterlab<4.3,>=4.2.0->notebook>=4.4.1->widgetsnbextension~=3.6.5->ipywidgets>=7.0.0->qgridnext) (70.0.0)
2025-01-03T15:05:38.2785652Z Requirement already satisfied: babel>=2.10 in /home/runner/micromamba/envs/tardis/lib/python3.12/site-packages (from jupyterlab-server<3,>=2.27.1->notebook>=4.4.1->widgetsnbextension~=3.6.5->ipywidgets>=7.0.0->qgridnext) (2.14.0)
2025-01-03T15:05:38.2812591Z Requirement already satisfied: json5>=0.9.0 in /home/runner/micromamba/envs/tardis/lib/python3.12/site-packages (from jupyterlab-server<3,>=2.27.1->notebook>=4.4.1->widgetsnbextension~=3.6.5->ipywidgets>=7.0.0->qgridnext) (0.9.25)
2025-01-03T15:05:38.2823627Z Requirement already satisfied: jsonschema>=4.18.0 in /home/runner/micromamba/envs/tardis/lib/python3.12/site-packages (from jupyterlab-server<3,>=2.27.1->notebook>=4.4.1->widgetsnbextension~=3.6.5->ipywidgets>=7.0.0->qgridnext) (4.22.0)
2025-01-03T15:05:38.2856000Z Requirement already satisfied: requests>=2.31 in /home/runner/micromamba/envs/tardis/lib/python3.12/site-packages (from jupyterlab-server<3,>=2.27.1->notebook>=4.4.1->widgetsnbextension~=3.6.5->ipywidgets>=7.0.0->qgridnext) (2.32.3)
2025-01-03T15:05:38.3303856Z Requirement already satisfied: idna>=2.8 in /home/runner/micromamba/envs/tardis/lib/python3.12/site-packages (from anyio>=3.1.0->jupyter-server<3,>=2.4.0->notebook>=4.4.1->widgetsnbextension~=3.6.5->ipywidgets>=7.0.0->qgridnext) (3.7)
2025-01-03T15:05:38.3312666Z Requirement already satisfied: sniffio>=1.1 in /home/runner/micromamba/envs/tardis/lib/python3.12/site-packages (from anyio>=3.1.0->jupyter-server<3,>=2.4.0->notebook>=4.4.1->widgetsnbextension~=3.6.5->ipywidgets>=7.0.0->qgridnext) (1.3.1)
2025-01-03T15:05:38.3407074Z Requirement already satisfied: argon2-cffi-bindings in /home/runner/micromamba/envs/tardis/lib/python3.12/site-packages (from argon2-cffi>=21.1->jupyter-server<3,>=2.4.0->notebook>=4.4.1->widgetsnbextension~=3.6.5->ipywidgets>=7.0.0->qgridnext) (21.2.0)
2025-01-03T15:05:38.3618702Z Requirement already satisfied: certifi in /home/runner/micromamba/envs/tardis/lib/python3.12/site-packages (from httpx>=0.25.0->jupyterlab<4.3,>=4.2.0->notebook>=4.4.1->widgetsnbextension~=3.6.5->ipywidgets>=7.0.0->qgridnext) (2024.6.2)
2025-01-03T15:05:38.3642438Z Requirement already satisfied: httpcore==1.* in /home/runner/micromamba/envs/tardis/lib/python3.12/site-packages (from httpx>=0.25.0->jupyterlab<4.3,>=4.2.0->notebook>=4.4.1->widgetsnbextension~=3.6.5->ipywidgets>=7.0.0->qgridnext) (1.0.5)
2025-01-03T15:05:38.3762306Z Requirement already satisfied: h11<0.15,>=0.13 in /home/runner/micromamba/envs/tardis/lib/python3.12/site-packages (from httpcore==1.*->httpx>=0.25.0->jupyterlab<4.3,>=4.2.0->notebook>=4.4.1->widgetsnbextension~=3.6.5->ipywidgets>=7.0.0->qgridnext) (0.14.0)
2025-01-03T15:05:38.3954551Z Requirement already satisfied: debugpy>=1.6.5 in /home/runner/micromamba/envs/tardis/lib/python3.12/site-packages (from ipykernel>=6.5.0->jupyterlab<4.3,>=4.2.0->notebook>=4.4.1->widgetsnbextension~=3.6.5->ipywidgets>=7.0.0->qgridnext) (1.8.1)
2025-01-03T15:05:38.3981690Z Requirement already satisfied: nest-asyncio in /home/runner/micromamba/envs/tardis/lib/python3.12/site-packages (from ipykernel>=6.5.0->jupyterlab<4.3,>=4.2.0->notebook>=4.4.1->widgetsnbextension~=3.6.5->ipywidgets>=7.0.0->qgridnext) (1.6.0)
2025-01-03T15:05:38.4004894Z Requirement already satisfied: psutil in /home/runner/micromamba/envs/tardis/lib/python3.12/site-packages (from ipykernel>=6.5.0->jupyterlab<4.3,>=4.2.0->notebook>=4.4.1->widgetsnbextension~=3.6.5->ipywidgets>=7.0.0->qgridnext) (5.9.8)
2025-01-03T15:05:38.4120361Z Requirement already satisfied: MarkupSafe>=2.0 in /home/runner/micromamba/envs/tardis/lib/python3.12/site-packages (from jinja2>=3.0.3->jupyter-server<3,>=2.4.0->notebook>=4.4.1->widgetsnbextension~=3.6.5->ipywidgets>=7.0.0->qgridnext) (2.1.5)
2025-01-03T15:05:38.4331612Z Requirement already satisfied: attrs>=22.2.0 in /home/runner/micromamba/envs/tardis/lib/python3.12/site-packages (from jsonschema>=4.18.0->jupyterlab-server<3,>=2.27.1->notebook>=4.4.1->widgetsnbextension~=3.6.5->ipywidgets>=7.0.0->qgridnext) (23.2.0)
2025-01-03T15:05:38.4341390Z Requirement already satisfied: jsonschema-specifications>=2023.03.6 in /home/runner/micromamba/envs/tardis/lib/python3.12/site-packages (from jsonschema>=4.18.0->jupyterlab-server<3,>=2.27.1->notebook>=4.4.1->widgetsnbextension~=3.6.5->ipywidgets>=7.0.0->qgridnext) (2023.12.1)
2025-01-03T15:05:38.4349799Z Requirement already satisfied: referencing>=0.28.4 in /home/runner/micromamba/envs/tardis/lib/python3.12/site-packages (from jsonschema>=4.18.0->jupyterlab-server<3,>=2.27.1->notebook>=4.4.1->widgetsnbextension~=3.6.5->ipywidgets>=7.0.0->qgridnext) (0.35.1)
2025-01-03T15:05:38.4358593Z Requirement already satisfied: rpds-py>=0.7.1 in /home/runner/micromamba/envs/tardis/lib/python3.12/site-packages (from jsonschema>=4.18.0->jupyterlab-server<3,>=2.27.1->notebook>=4.4.1->widgetsnbextension~=3.6.5->ipywidgets>=7.0.0->qgridnext) (0.18.1)
2025-01-03T15:05:38.4707937Z Requirement already satisfied: platformdirs>=2.5 in /home/runner/micromamba/envs/tardis/lib/python3.12/site-packages (from jupyter-core!=5.0.*,>=4.12->jupyter-server<3,>=2.4.0->notebook>=4.4.1->widgetsnbextension~=3.6.5->ipywidgets>=7.0.0->qgridnext) (4.2.2)
2025-01-03T15:05:38.4863568Z Requirement already satisfied: python-json-logger>=2.0.4 in /home/runner/micromamba/envs/tardis/lib/python3.12/site-packages (from jupyter-events>=0.9.0->jupyter-server<3,>=2.4.0->notebook>=4.4.1->widgetsnbextension~=3.6.5->ipywidgets>=7.0.0->qgridnext) (2.0.7)
2025-01-03T15:05:38.4872548Z Requirement already satisfied: pyyaml>=5.3 in /home/runner/micromamba/envs/tardis/lib/python3.12/site-packages (from jupyter-events>=0.9.0->jupyter-server<3,>=2.4.0->notebook>=4.4.1->widgetsnbextension~=3.6.5->ipywidgets>=7.0.0->qgridnext) (6.0.1)
2025-01-03T15:05:38.4884118Z Requirement already satisfied: rfc3339-validator in /home/runner/micromamba/envs/tardis/lib/python3.12/site-packages (from jupyter-events>=0.9.0->jupyter-server<3,>=2.4.0->notebook>=4.4.1->widgetsnbextension~=3.6.5->ipywidgets>=7.0.0->qgridnext) (0.1.4)
2025-01-03T15:05:38.4893564Z Requirement already satisfied: rfc3986-validator>=0.1.1 in /home/runner/micromamba/envs/tardis/lib/python3.12/site-packages (from jupyter-events>=0.9.0->jupyter-server<3,>=2.4.0->notebook>=4.4.1->widgetsnbextension~=3.6.5->ipywidgets>=7.0.0->qgridnext) (0.1.1)
2025-01-03T15:05:38.5417600Z Requirement already satisfied: beautifulsoup4 in /home/runner/micromamba/envs/tardis/lib/python3.12/site-packages (from nbconvert>=6.4.4->jupyter-server<3,>=2.4.0->notebook>=4.4.1->widgetsnbextension~=3.6.5->ipywidgets>=7.0.0->qgridnext) (4.12.3)
2025-01-03T15:05:38.5436691Z Requirement already satisfied: bleach!=5.0.0 in /home/runner/micromamba/envs/tardis/lib/python3.12/site-packages (from nbconvert>=6.4.4->jupyter-server<3,>=2.4.0->notebook>=4.4.1->widgetsnbextension~=3.6.5->ipywidgets>=7.0.0->qgridnext) (6.1.0)
2025-01-03T15:05:38.5451006Z Requirement already satisfied: defusedxml in /home/runner/micromamba/envs/tardis/lib/python3.12/site-packages (from nbconvert>=6.4.4->jupyter-server<3,>=2.4.0->notebook>=4.4.1->widgetsnbextension~=3.6.5->ipywidgets>=7.0.0->qgridnext) (0.7.1)
2025-01-03T15:05:38.5465382Z Requirement already satisfied: jupyterlab-pygments in /home/runner/micromamba/envs/tardis/lib/python3.12/site-packages (from nbconvert>=6.4.4->jupyter-server<3,>=2.4.0->notebook>=4.4.1->widgetsnbextension~=3.6.5->ipywidgets>=7.0.0->qgridnext) (0.3.0)
2025-01-03T15:05:38.5477073Z Requirement already satisfied: mistune<4,>=2.0.3 in /home/runner/micromamba/envs/tardis/lib/python3.12/site-packages (from nbconvert>=6.4.4->jupyter-server<3,>=2.4.0->notebook>=4.4.1->widgetsnbextension~=3.6.5->ipywidgets>=7.0.0->qgridnext) (3.0.2)
2025-01-03T15:05:38.5489801Z Requirement already satisfied: nbclient>=0.5.0 in /home/runner/micromamba/envs/tardis/lib/python3.12/site-packages (from nbconvert>=6.4.4->jupyter-server<3,>=2.4.0->notebook>=4.4.1->widgetsnbextension~=3.6.5->ipywidgets>=7.0.0->qgridnext) (0.10.0)
2025-01-03T15:05:38.5506160Z Requirement already satisfied: pandocfilters>=1.4.1 in /home/runner/micromamba/envs/tardis/lib/python3.12/site-packages (from nbconvert>=6.4.4->jupyter-server<3,>=2.4.0->notebook>=4.4.1->widgetsnbextension~=3.6.5->ipywidgets>=7.0.0->qgridnext) (1.5.0)
2025-01-03T15:05:38.5515924Z Requirement already satisfied: tinycss2 in /home/runner/micromamba/envs/tardis/lib/python3.12/site-packages (from nbconvert>=6.4.4->jupyter-server<3,>=2.4.0->notebook>=4.4.1->widgetsnbextension~=3.6.5->ipywidgets>=7.0.0->qgridnext) (1.3.0)
2025-01-03T15:05:38.5650783Z Requirement already satisfied: fastjsonschema>=2.15 in /home/runner/micromamba/envs/tardis/lib/python3.12/site-packages (from nbformat>=5.3.0->jupyter-server<3,>=2.4.0->notebook>=4.4.1->widgetsnbextension~=3.6.5->ipywidgets>=7.0.0->qgridnext) (2.20.0)
2025-01-03T15:05:38.5963152Z Requirement already satisfied: charset-normalizer<4,>=2 in /home/runner/micromamba/envs/tardis/lib/python3.12/site-packages (from requests>=2.31->jupyterlab-server<3,>=2.27.1->notebook>=4.4.1->widgetsnbextension~=3.6.5->ipywidgets>=7.0.0->qgridnext) (3.3.2)
2025-01-03T15:05:38.5978357Z Requirement already satisfied: urllib3<3,>=1.21.1 in /home/runner/micromamba/envs/tardis/lib/python3.12/site-packages (from requests>=2.31->jupyterlab-server<3,>=2.27.1->notebook>=4.4.1->widgetsnbextension~=3.6.5->ipywidgets>=7.0.0->qgridnext) (2.2.2)
2025-01-03T15:05:38.6777670Z Requirement already satisfied: webencodings in /home/runner/micromamba/envs/tardis/lib/python3.12/site-packages (from bleach!=5.0.0->nbconvert>=6.4.4->jupyter-server<3,>=2.4.0->notebook>=4.4.1->widgetsnbextension~=3.6.5->ipywidgets>=7.0.0->qgridnext) (0.5.1)
2025-01-03T15:05:38.7346626Z Requirement already satisfied: fqdn in /home/runner/micromamba/envs/tardis/lib/python3.12/site-packages (from jsonschema[format-nongpl]>=4.18.0->jupyter-events>=0.9.0->jupyter-server<3,>=2.4.0->notebook>=4.4.1->widgetsnbextension~=3.6.5->ipywidgets>=7.0.0->qgridnext) (1.5.1)
2025-01-03T15:05:38.7364974Z Requirement already satisfied: isoduration in /home/runner/micromamba/envs/tardis/lib/python3.12/site-packages (from jsonschema[format-nongpl]>=4.18.0->jupyter-events>=0.9.0->jupyter-server<3,>=2.4.0->notebook>=4.4.1->widgetsnbextension~=3.6.5->ipywidgets>=7.0.0->qgridnext) (20.11.0)
2025-01-03T15:05:38.7379484Z Requirement already satisfied: jsonpointer>1.13 in /home/runner/micromamba/envs/tardis/lib/python3.12/site-packages (from jsonschema[format-nongpl]>=4.18.0->jupyter-events>=0.9.0->jupyter-server<3,>=2.4.0->notebook>=4.4.1->widgetsnbextension~=3.6.5->ipywidgets>=7.0.0->qgridnext) (3.0.0)
2025-01-03T15:05:38.7397147Z Requirement already satisfied: uri-template in /home/runner/micromamba/envs/tardis/lib/python3.12/site-packages (from jsonschema[format-nongpl]>=4.18.0->jupyter-events>=0.9.0->jupyter-server<3,>=2.4.0->notebook>=4.4.1->widgetsnbextension~=3.6.5->ipywidgets>=7.0.0->qgridnext) (1.3.0)
2025-01-03T15:05:38.7412438Z Requirement already satisfied: webcolors>=1.11 in /home/runner/micromamba/envs/tardis/lib/python3.12/site-packages (from jsonschema[format-nongpl]>=4.18.0->jupyter-events>=0.9.0->jupyter-server<3,>=2.4.0->notebook>=4.4.1->widgetsnbextension~=3.6.5->ipywidgets>=7.0.0->qgridnext) (24.6.0)
2025-01-03T15:05:38.8430950Z Requirement already satisfied: cffi>=1.0.1 in /home/runner/micromamba/envs/tardis/lib/python3.12/site-packages (from argon2-cffi-bindings->argon2-cffi>=21.1->jupyter-server<3,>=2.4.0->notebook>=4.4.1->widgetsnbextension~=3.6.5->ipywidgets>=7.0.0->qgridnext) (1.16.0)
2025-01-03T15:05:38.8534326Z Requirement already satisfied: soupsieve>1.2 in /home/runner/micromamba/envs/tardis/lib/python3.12/site-packages (from beautifulsoup4->nbconvert>=6.4.4->jupyter-server<3,>=2.4.0->notebook>=4.4.1->widgetsnbextension~=3.6.5->ipywidgets>=7.0.0->qgridnext) (2.5)
2025-01-03T15:05:38.9073340Z Requirement already satisfied: pycparser in /home/runner/micromamba/envs/tardis/lib/python3.12/site-packages (from cffi>=1.0.1->argon2-cffi-bindings->argon2-cffi>=21.1->jupyter-server<3,>=2.4.0->notebook>=4.4.1->widgetsnbextension~=3.6.5->ipywidgets>=7.0.0->qgridnext) (2.22)
2025-01-03T15:05:38.9570786Z Requirement already satisfied: arrow>=0.15.0 in /home/runner/micromamba/envs/tardis/lib/python3.12/site-packages (from isoduration->jsonschema[format-nongpl]>=4.18.0->jupyter-events>=0.9.0->jupyter-server<3,>=2.4.0->notebook>=4.4.1->widgetsnbextension~=3.6.5->ipywidgets>=7.0.0->qgridnext) (1.3.0)
2025-01-03T15:05:38.9881839Z Requirement already satisfied: types-python-dateutil>=2.8.10 in /home/runner/micromamba/envs/tardis/lib/python3.12/site-packages (from arrow>=0.15.0->isoduration->jsonschema[format-nongpl]>=4.18.0->jupyter-events>=0.9.0->jupyter-server<3,>=2.4.0->notebook>=4.4.1->widgetsnbextension~=3.6.5->ipywidgets>=7.0.0->qgridnext) (2.9.0.20240316)
2025-01-03T15:05:39.0286839Z Downloading qgridnext-2.0.4-py3-none-any.whl (1.3 MB)
2025-01-03T15:05:39.3124215Z    â”â”â”â”â”â”â”â”â”â”â”â”â”â”â”â”â”â”â”â”â”â”â”â”â”â”â”â”â”â”â”â”â”â”â”â”â”â”â”â” 1.3/1.3 MB 4.5 MB/s eta 0:00:00
2025-01-03T15:05:40.1388375Z Installing collected packages: qgridnext
2025-01-03T15:05:40.2319363Z Successfully installed qgridnext-2.0.4
2025-01-03T15:05:40.4451267Z ##[group]Run pytest tardis --tardis-regression-data=/home/runner/work/tardis/tardis/tardis-regression-data --cov=tardis --cov-report=xml --cov-report=html --cov-append -m "not continuum"
2025-01-03T15:05:40.4452598Z [36;1mpytest tardis --tardis-regression-data=/home/runner/work/tardis/tardis/tardis-regression-data --cov=tardis --cov-report=xml --cov-report=html --cov-append -m "not continuum"[0m
2025-01-03T15:05:40.4479480Z shell: /usr/bin/bash -l {0}
2025-01-03T15:05:40.4479718Z env:
2025-01-03T15:05:40.4479890Z   CACHE_NUMBER: 0
2025-01-03T15:05:40.4480509Z   PYTEST_FLAGS: --tardis-regression-data=/home/runner/work/tardis/tardis/tardis-regression-data --cov=tardis --cov-report=xml --cov-report=html --cov-append
2025-01-03T15:05:40.4481166Z   CODECOV_TOKEN: 
2025-01-03T15:05:40.4481385Z   MAMBA_ROOT_PREFIX: /home/runner/micromamba
2025-01-03T15:05:40.4481687Z   MAMBA_EXE: /home/runner/micromamba-bin/micromamba
2025-01-03T15:05:40.4482079Z   CONDARC: /home/runner/work/_temp/setup-micromamba/.condarc
2025-01-03T15:05:40.4482402Z ##[endgroup]
2025-01-03T15:05:50.3448630Z ============================= test session starts ==============================
2025-01-03T15:05:50.3449389Z platform linux -- Python 3.12.4, pytest-8.2.2, pluggy-1.5.0
2025-01-03T15:05:50.3450013Z rootdir: /home/runner/work/tardis/tardis
2025-01-03T15:05:50.3450506Z configfile: pyproject.toml
2025-01-03T15:05:50.3451092Z plugins: anyio-4.4.0, doctestplus-1.2.1, cov-5.0.0, html-4.1.1, metadata-3.1.1
2025-01-03T15:05:50.3451784Z collected 1795 items / 2 deselected / 1793 selected
2025-01-03T15:05:50.3452124Z 
2025-01-03T15:05:55.3841863Z tardis/energy_input/tests/test_energy_source.py ..xxx                    [  0%]
2025-01-03T15:05:58.1848012Z tardis/energy_input/tests/test_gamma_ray_channel.py ...........          [  0%]
2025-01-03T15:06:00.0121114Z tardis/energy_input/tests/test_gamma_ray_grid.py xx.                     [  1%]
2025-01-03T15:06:01.8389359Z tardis/energy_input/tests/test_gamma_ray_interactions.py xx....          [  1%]
2025-01-03T15:06:01.8497987Z tardis/energy_input/tests/test_gamma_ray_packet_source.py sssssssss      [  1%]
2025-01-03T15:06:03.1761708Z tardis/energy_input/tests/test_util.py .....xxxx.....                    [  2%]
2025-01-03T15:06:03.5236905Z tardis/grid/tests/test_grid.py .                                         [  2%]
2025-01-03T15:06:03.5254031Z tardis/gui/tests/test_gui.py s                                           [  2%]
2025-01-03T15:06:06.8588312Z tardis/io/configuration/tests/test_config_reader.py ..........           [  3%]
2025-01-03T15:06:06.8719494Z tardis/io/configuration/tests/test_configuration_namespace.py .........  [  3%]
2025-01-03T15:06:06.9016154Z tardis/io/logger/tests/test_logging.py ssssssssssssssssssssssssssss      [  5%]
2025-01-03T15:06:46.9616026Z tardis/io/model/readers/tests/test_arepo_parser.py ..                    [  5%]
2025-01-03T15:06:46.9768230Z tardis/io/model/readers/tests/test_ascii_readers.py ...                  [  5%]
2025-01-03T15:06:46.9888442Z tardis/io/model/readers/tests/test_cmfgen_reader.py ..                   [  5%]
2025-01-03T15:06:47.0209436Z tardis/io/model/readers/tests/test_csvy_reader.py ....                   [  6%]
2025-01-03T15:06:47.0435350Z tardis/io/model/readers/tests/test_stella_reader.py ..                   [  6%]
2025-01-03T15:06:47.3675496Z tardis/io/tests/test_HDFWriter.py ...............                        [  6%]
2025-01-03T15:06:47.7026584Z tardis/io/tests/test_atomic.py .....                                     [  7%]
2025-01-03T15:06:47.7227088Z tardis/io/tests/test_decay.py ..                                         [  7%]
2025-01-03T15:06:47.9188861Z tardis/io/tests/test_model_reader.py ......                              [  7%]
2025-01-03T15:06:47.9259698Z tardis/model/geometry/tests/test_radial1d.py ..                          [  7%]
2025-01-03T15:07:47.4495301Z tardis/model/tests/test_base.py ........................................ [ 10%]
2025-01-03T15:07:48.4696247Z ............                                                             [ 10%]
2025-01-03T15:07:51.5803149Z tardis/model/tests/test_csvy_model.py .........                          [ 11%]
2025-01-03T15:07:51.6323265Z tardis/model/tests/test_density.py ..                                    [ 11%]
2025-01-03T15:07:52.9848656Z tardis/opacities/tests/test_opacity_solver.py .....                      [ 11%]
2025-01-03T15:07:54.3603892Z tardis/opacities/tests/test_opacity_state_numba.py .....                 [ 11%]
2025-01-03T15:07:55.9737724Z tardis/opacities/tests/test_tau_sobolev.py ..                            [ 11%]
2025-01-03T15:07:59.1367804Z tardis/plasma/equilibrium/tests/test_collisional_transitions.py ...      [ 12%]
2025-01-03T15:08:46.5520320Z tardis/plasma/equilibrium/tests/test_level_populations.py ....           [ 12%]
2025-01-03T15:08:58.6419261Z tardis/plasma/equilibrium/tests/test_rate_matrix.py .                    [ 12%]
2025-01-03T15:09:00.1547889Z tardis/plasma/tests/test_complete_plasmas.py .....................s..... [ 13%]
2025-01-03T15:09:03.2863243Z s....ssssss............s............ss.....s....ssssss............s..... [ 17%]
2025-01-03T15:09:05.0964899Z .......ss.....s....ssssss............s............ss.....s....ssssss.... [ 21%]
2025-01-03T15:09:08.1302204Z ........s............ss.....s........ss............s............ss.....s [ 25%]
2025-01-03T15:09:11.1720763Z ........ss............s............ss.....s....ssssss............s...... [ 30%]
2025-01-03T15:09:11.9540412Z ......ss.....s....ssssss............s............ss.....s.ss.ssssss..... [ 34%]
2025-01-03T15:09:14.9636650Z .......s............ss.....s....ssssss............s............ss.....s. [ 38%]
2025-01-03T15:09:17.8872050Z ...ssssss............s............ss.....s....ssssss............s....... [ 42%]
2025-01-03T15:09:21.0590606Z .....ss.....s....ssssss............s............s...........ssssss...... [ 46%]
2025-01-03T15:09:22.9623498Z ......s............s...........ssssss............s............s......... [ 50%]
2025-01-03T15:09:25.9971315Z ..ssssss............s............ss.....s....ssssss............s........ [ 54%]
2025-01-03T15:09:29.8332384Z ....ss.....s....ssssss..........................s.....s....ssss......... [ 58%]
2025-01-03T15:09:30.1859019Z ...................s.....s....ssss.......                                [ 60%]
2025-01-03T15:09:30.3080558Z tardis/plasma/tests/test_hdf_plasma.py ................................. [ 62%]
2025-01-03T15:09:30.3203456Z ......                                                                   [ 62%]
2025-01-03T15:09:30.4716049Z tardis/plasma/tests/test_nlte_excitation.py ...                          [ 62%]
2025-01-03T15:11:49.8892697Z tardis/plasma/tests/test_nlte_solver.py .....X                           [ 63%]
2025-01-03T15:11:49.8920686Z tardis/plasma/tests/test_plasma_continuum.py .                           [ 63%]
2025-01-03T15:12:13.9666289Z tardis/plasma/tests/test_plasma_vboundary.py .............               [ 63%]
2025-01-03T15:12:27.1668784Z tardis/plasma/tests/test_tardis_model_density_config.py ...              [ 64%]
2025-01-03T15:12:27.9163998Z tardis/simulation/tests/test_convergence.py .....                        [ 64%]
2025-01-03T15:12:36.6596873Z tardis/simulation/tests/test_simulation.py .............                 [ 65%]
2025-01-03T15:12:36.6797621Z tardis/spectrum/tests/test_cuda_formal_integral.py sssssssssssssssssssss [ 66%]
2025-01-03T15:12:37.1548357Z ssss...ssssssssssssssssssssss                                            [ 67%]
2025-01-03T15:12:37.1622574Z tardis/spectrum/tests/test_luminosity.py ....                            [ 68%]
2025-01-03T15:12:39.3814259Z tardis/spectrum/tests/test_numba_formal_integral.py .................... [ 69%]
2025-01-03T15:12:39.4006911Z ..........                                                               [ 69%]
2025-01-03T15:12:39.5818426Z tardis/spectrum/tests/test_spectrum.py ................................. [ 71%]
2025-01-03T15:12:39.6164008Z .........                                                                [ 72%]
2025-01-03T15:12:58.1823335Z tardis/spectrum/tests/test_spectrum_solver.py ....                       [ 72%]
2025-01-03T15:14:01.1456829Z tardis/tests/test_tardis_full.py ....                                    [ 72%]
2025-01-03T15:15:27.0432694Z tardis/tests/test_tardis_full_formal_integral.py ................        [ 73%]
2025-01-03T15:15:27.1231179Z tardis/tests/test_util.py .............................................  [ 75%]
2025-01-03T15:15:29.8273573Z tardis/transport/montecarlo/tests/test_base.py x.....................    [ 77%]
2025-01-03T15:15:37.8830733Z tardis/transport/montecarlo/tests/test_interaction.py .......            [ 77%]
2025-01-03T15:15:38.1318338Z tardis/transport/montecarlo/tests/test_macro_atom.py ....                [ 77%]
2025-01-03T15:15:38.1495516Z tardis/transport/montecarlo/tests/test_montecarlo.py sssssssssssssssssss [ 78%]
2025-01-03T15:15:38.1926567Z sssssssssssssssssssssssssssssssssssssssssssss                            [ 81%]
2025-01-03T15:15:47.1887763Z tardis/transport/montecarlo/tests/test_montecarlo_main_loop.py x..       [ 81%]
2025-01-03T15:15:47.1955645Z tardis/transport/montecarlo/tests/test_nonhomologous.py ...              [ 81%]
2025-01-03T15:15:53.7057899Z tardis/transport/montecarlo/tests/test_numba_interface.py .....x.        [ 82%]
2025-01-03T15:15:54.2049233Z tardis/transport/montecarlo/tests/test_opacities.py ...............      [ 82%]
2025-01-03T15:15:55.2863660Z tardis/transport/montecarlo/tests/test_packet.py .................xXXXXX [ 84%]
2025-01-03T15:15:55.4311522Z XX.........                                                              [ 84%]
2025-01-03T15:15:55.4606851Z tardis/transport/montecarlo/tests/test_packet_source.py ........         [ 85%]
2025-01-03T15:15:55.7927745Z tardis/transport/montecarlo/tests/test_rpacket_last_interaction_tracker.py . [ 85%]
2025-01-03T15:15:56.2248677Z .....                                                                    [ 85%]
2025-01-03T15:16:32.8923959Z tardis/transport/montecarlo/tests/test_rpacket_tracker.py ......         [ 85%]
2025-01-03T15:16:32.9232732Z tardis/transport/montecarlo/tests/test_single_packet_loop.py xxx         [ 86%]
2025-01-03T15:16:32.9266279Z tardis/transport/montecarlo/tests/test_tracker_utils.py ..               [ 86%]
2025-01-03T15:16:35.4495142Z tardis/transport/montecarlo/tests/test_vpacket.py ..x.                   [ 86%]
2025-01-03T15:16:35.4674206Z tardis/transport/montecarlo/tests/test_weighted_packet_source.py ....    [ 86%]
2025-01-03T15:16:38.9504246Z tardis/transport/montecarlo/tests/test_weighted_packet_source_integration.py . [ 86%]
2025-01-03T15:16:38.9505817Z                                                                          [ 86%]
2025-01-03T15:16:39.7291161Z tardis/transport/tests/test_doppler_factor.py ..................         [ 87%]
2025-01-03T15:16:41.0951268Z tardis/visualization/tools/tests/test_convergence_plot.py .............. [ 88%]
2025-01-03T15:16:43.3226554Z ......                                                                   [ 88%]
2025-01-03T15:16:48.5681850Z tardis/visualization/tools/tests/test_liv_plot.py ...................... [ 90%]
2025-01-03T15:16:51.3340674Z .............................                                            [ 91%]
2025-01-03T15:16:54.2054710Z tardis/visualization/tools/tests/test_rpacket_plot.py .................. [ 92%]
2025-01-03T15:17:01.2579688Z ....                                                                     [ 92%]
2025-01-03T15:17:07.3769730Z tardis/visualization/tools/tests/test_sdec_plot.py ..................... [ 94%]
2025-01-03T15:17:15.7064793Z ..............................                                           [ 95%]
2025-01-03T15:17:16.1518227Z tardis/visualization/widgets/tests/test_custom_abundance.py ........ss.. [ 96%]
2025-01-03T15:17:16.2268834Z ....                                                                     [ 96%]
2025-01-03T15:17:17.3219568Z tardis/visualization/widgets/tests/test_line_info.py ................... [ 97%]
2025-01-03T15:17:17.9824158Z ..................                                                       [ 98%]
2025-01-03T15:18:21.6540426Z tardis/visualization/widgets/tests/test_shell_info.py .................. [ 99%]
2025-01-03T15:18:29.4326959Z ......                                                                   [100%]
2025-01-03T15:18:29.4329945Z 
2025-01-03T15:18:29.4330405Z =============================== warnings summary ===============================
2025-01-03T15:18:29.4331142Z tardis/io/configuration/config_validator.py:6
2025-01-03T15:18:29.4331673Z tardis/io/configuration/config_validator.py:6
2025-01-03T15:18:29.4332706Z   /home/runner/work/tardis/tardis/tardis/io/configuration/config_validator.py:6: DeprecationWarning:
2025-01-03T15:18:29.4333759Z   
2025-01-03T15:18:29.4336521Z   jsonschema.RefResolver is deprecated as of v4.18.0, in favor of the https://github.com/python-jsonschema/referencing library, which provides more compliant referencing behavior as well as more flexible APIs for customization. A future release will remove RefResolver. Please file a feature request (on referencing) if you are missing an API for the kind of customization you need.
2025-01-03T15:18:29.4338559Z 
2025-01-03T15:18:29.4338826Z ../../../micromamba/envs/tardis/lib/python3.12/site-packages/jupyter_client/connect.py:22
2025-01-03T15:18:29.4339579Z   /home/runner/micromamba/envs/tardis/lib/python3.12/site-packages/jupyter_client/connect.py:22: DeprecationWarning:
2025-01-03T15:18:29.4340131Z   
2025-01-03T15:18:29.4340383Z   Jupyter is migrating its paths to use standard platformdirs
2025-01-03T15:18:29.4340790Z   given by the platformdirs library.  To remove this warning and
2025-01-03T15:18:29.4341218Z   see the appropriate new directories, set the environment variable
2025-01-03T15:18:29.4341633Z   `JUPYTER_PLATFORM_DIRS=1` and then run `jupyter --paths`.
2025-01-03T15:18:29.4342033Z   The use of platformdirs will be the default in `jupyter_core` v6
2025-01-03T15:18:29.4342283Z 
2025-01-03T15:18:29.4345944Z tardis/io/tests/test_HDFWriter.py::test_multi_index_write
2025-01-03T15:18:29.4346525Z tardis/visualization/widgets/tests/test_shell_info.py::TestHDFShellInfo::test_shells_data
2025-01-03T15:18:29.4347122Z   /home/runner/work/tardis/tardis/tardis/io/util.py:276: PerformanceWarning:
2025-01-03T15:18:29.4347787Z   
2025-01-03T15:18:29.4347958Z   
2025-01-03T15:18:29.4348271Z   your performance may suffer as PyTables will pickle object types that it cannot
2025-01-03T15:18:29.4348822Z   map directly to c-types [inferred_type->mixed,key->block0_values] [items->Index([0], dtype='int64')]
2025-01-03T15:18:29.4349187Z 
2025-01-03T15:18:29.4349389Z tardis/io/tests/test_model_reader.py::test_read_cmfgen_isotope_abundances
2025-01-03T15:18:29.4349897Z tardis/plasma/tests/test_tardis_model_density_config.py::test_electron_densities
2025-01-03T15:18:29.4350436Z tardis/plasma/tests/test_tardis_model_density_config.py::test_isotope_number_densities
2025-01-03T15:18:29.4350950Z tardis/plasma/tests/test_tardis_model_density_config.py::test_t_rad
2025-01-03T15:18:29.4351537Z   /home/runner/work/tardis/tardis/tardis/io/model/readers/cmfgen_deprecated.py:82: DeprecationWarning:
2025-01-03T15:18:29.4352004Z   
2025-01-03T15:18:29.4352203Z   The current CMFGEN model parser is deprecated
2025-01-03T15:18:29.4352641Z 
2025-01-03T15:18:29.4352759Z tardis/io/tests/test_model_reader.py: 1 warning
2025-01-03T15:18:29.4353120Z tardis/plasma/tests/test_tardis_model_density_config.py: 9 warnings
2025-01-03T15:18:29.4353687Z   /home/runner/work/tardis/tardis/tardis/io/model/readers/cmfgen_deprecated.py:40: DeprecationWarning:
2025-01-03T15:18:29.4354145Z   
2025-01-03T15:18:29.4354335Z   The current CMFGEN model parser is deprecated
2025-01-03T15:18:29.4354517Z 
2025-01-03T15:18:29.4354727Z tardis/model/tests/test_base.py::TestModelFromPaper1Config::test_abundances
2025-01-03T15:18:29.4355378Z   /home/runner/work/tardis/tardis/tardis/transport/montecarlo/montecarlo_main_loop.py:123: NumbaTypeSafetyWarning:
2025-01-03T15:18:29.4355889Z   
2025-01-03T15:18:29.4356573Z   [1m[1m[1munsafe cast from uint64 to int64. Precision may be lost.[0m[0m[0m
2025-01-03T15:18:29.4357060Z 
2025-01-03T15:18:29.4357242Z tardis/model/tests/test_base.py: 6 warnings
2025-01-03T15:18:29.4357851Z tardis/model/tests/test_csvy_model.py: 2 warnings
2025-01-03T15:18:29.4358233Z tardis/plasma/tests/test_tardis_model_density_config.py: 3 warnings
2025-01-03T15:18:29.4358764Z   /home/runner/work/tardis/tardis/tardis/model/geometry/radial1d.py:50: DeprecationWarning:
2025-01-03T15:18:29.4359186Z   
2025-01-03T15:18:29.4359376Z   v_inner_boundary < 0, assuming default value
2025-01-03T15:18:29.4359566Z 
2025-01-03T15:18:29.4359664Z tardis/model/tests/test_base.py: 6 warnings
2025-01-03T15:18:29.4359957Z tardis/model/tests/test_csvy_model.py: 2 warnings
2025-01-03T15:18:29.4360331Z tardis/plasma/tests/test_tardis_model_density_config.py: 3 warnings
2025-01-03T15:18:29.4360860Z   /home/runner/work/tardis/tardis/tardis/model/geometry/radial1d.py:61: DeprecationWarning:
2025-01-03T15:18:29.4361277Z   
2025-01-03T15:18:29.4361469Z   v_outer_boundary < 0, assuming default value
2025-01-03T15:18:29.4361650Z 
2025-01-03T15:18:29.4362119Z tardis/plasma/equilibrium/tests/test_level_populations.py::TestLevelPopulationSolver::test_solve[collisional_rate_solver0-radiative_transitions0]
2025-01-03T15:18:29.4362955Z   /home/runner/work/tardis/tardis/tardis/plasma/equilibrium/level_populations.py:65: FutureWarning:
2025-01-03T15:18:29.4363406Z   
2025-01-03T15:18:29.4363766Z   A value is trying to be set on a copy of a DataFrame or Series through chained assignment using an inplace method.
2025-01-03T15:18:29.4364564Z   The behavior will change in pandas 3.0. This inplace method will never work because the intermediate object on which we are setting values always behaves as a copy.
2025-01-03T15:18:29.4365154Z   
2025-01-03T15:18:29.4365764Z   For example, when doing 'df[col].method(value, inplace=True)', try using 'df.method({col: value}, inplace=True)' or df[col] = df[col].method(value) instead, to perform the operation inplace on the original object.
2025-01-03T15:18:29.4366373Z 
2025-01-03T15:18:29.4366521Z tardis/plasma/tests/test_complete_plasmas.py: 20 warnings
2025-01-03T15:18:29.4367031Z   /home/runner/work/tardis/tardis/tardis/plasma/tests/test_complete_plasmas.py:197: UserWarning:
2025-01-03T15:18:29.4367658Z   
2025-01-03T15:18:29.4367834Z   Property "atomic_mass" not found
2025-01-03T15:18:29.4368002Z 
2025-01-03T15:18:29.4368439Z tardis/plasma/tests/test_complete_plasmas.py::TestPlasma::test_plasma_properties[radiative_rates_type:detailed-w_epsilon:1e-10-j_blues_norm_factor]
2025-01-03T15:18:29.4369318Z tardis/plasma/tests/test_complete_plasmas.py::TestPlasma::test_plasma_properties[radiative_rates_type:detailed-j_blues_norm_factor]
2025-01-03T15:18:29.4370057Z   /home/runner/work/tardis/tardis/tardis/plasma/tests/test_complete_plasmas.py:197: UserWarning:
2025-01-03T15:18:29.4370484Z   
2025-01-03T15:18:29.4370666Z   Property "j_blues_norm_factor" not found
2025-01-03T15:18:29.4370842Z 
2025-01-03T15:18:29.4371268Z tardis/plasma/tests/test_complete_plasmas.py::TestPlasma::test_plasma_properties[radiative_rates_type:detailed-w_epsilon:1e-10-j_blue_estimator]
2025-01-03T15:18:29.4372125Z tardis/plasma/tests/test_complete_plasmas.py::TestPlasma::test_plasma_properties[radiative_rates_type:detailed-j_blue_estimator]
2025-01-03T15:18:29.4373036Z   /home/runner/work/tardis/tardis/tardis/plasma/tests/test_complete_plasmas.py:197: UserWarning:
2025-01-03T15:18:29.4373462Z   
2025-01-03T15:18:29.4373638Z   Property "j_blue_estimator" not found
2025-01-03T15:18:29.4373813Z 
2025-01-03T15:18:29.4374200Z tardis/plasma/tests/test_complete_plasmas.py::TestPlasma::test_plasma_properties[radiative_rates_type:detailed-w_epsilon:1e-10-volume]
2025-01-03T15:18:29.4375003Z tardis/plasma/tests/test_complete_plasmas.py::TestPlasma::test_plasma_properties[radiative_rates_type:detailed-volume]
2025-01-03T15:18:29.4375700Z   /home/runner/work/tardis/tardis/tardis/plasma/tests/test_complete_plasmas.py:197: UserWarning:
2025-01-03T15:18:29.4376162Z   
2025-01-03T15:18:29.4376442Z   Property "volume" not found
2025-01-03T15:18:29.4376596Z 
2025-01-03T15:18:29.4377002Z tardis/plasma/tests/test_complete_plasmas.py::TestPlasma::test_plasma_properties[radiative_rates_type:detailed-w_epsilon:1e-10-r_inner]
2025-01-03T15:18:29.4378054Z tardis/plasma/tests/test_complete_plasmas.py::TestPlasma::test_plasma_properties[radiative_rates_type:detailed-r_inner]
2025-01-03T15:18:29.4378754Z   /home/runner/work/tardis/tardis/tardis/plasma/tests/test_complete_plasmas.py:197: UserWarning:
2025-01-03T15:18:29.4379180Z   
2025-01-03T15:18:29.4379344Z   Property "r_inner" not found
2025-01-03T15:18:29.4379490Z 
2025-01-03T15:18:29.4379708Z tardis/plasma/tests/test_plasma_vboundary.py::test_plasma_vboundary[2900-3750]
2025-01-03T15:18:29.4380207Z tardis/plasma/tests/test_plasma_vboundary.py::test_plasma_vboundary[2900-3850]
2025-01-03T15:18:29.4380693Z tardis/plasma/tests/test_plasma_vboundary.py::test_plasma_vboundary[2900-3900]
2025-01-03T15:18:29.4381216Z   /home/runner/work/tardis/tardis/tardis/model/geometry/radial1d.py:71: UserWarning:
2025-01-03T15:18:29.4381602Z   
2025-01-03T15:18:29.4381878Z   Requesting inner boundary below inner shell. Extrapolating the inner cell
2025-01-03T15:18:29.4382161Z 
2025-01-03T15:18:29.4382371Z tardis/spectrum/tests/test_spectrum_solver.py::TestSpectrumSolver::test_solve
2025-01-03T15:18:29.4382860Z   /home/runner/work/tardis/tardis/tardis/spectrum/base.py:70: UserWarning:
2025-01-03T15:18:29.4383206Z   
2025-01-03T15:18:29.4383612Z   SpectrumSolver.spectrum_virtual_packets is zero. Please run the montecarlo simulation with no_of_virtual_packets > 0
2025-01-03T15:18:29.4384028Z 
2025-01-03T15:18:29.4384239Z tardis/spectrum/tests/test_spectrum_solver.py::TestSpectrumSolver::test_solve
2025-01-03T15:18:29.4384725Z   /home/runner/work/tardis/tardis/tardis/spectrum/base.py:111: UserWarning:
2025-01-03T15:18:29.4385072Z   
2025-01-03T15:18:29.4385504Z   SpectrumSolver.integrator: The FormalIntegrator is not yet available.Please run the montecarlo simulation at least once.
2025-01-03T15:18:29.4385936Z 
2025-01-03T15:18:29.4386152Z tardis/transport/montecarlo/tests/test_vpacket.py::test_trace_vpacket_volley
2025-01-03T15:18:29.4386559Z   <string>:3: NumbaPendingDeprecationWarning:
2025-01-03T15:18:29.4386814Z   
2025-01-03T15:18:29.4388206Z   [1m[1mCode using Numba extension API maybe depending on 'old_style' error-capturing, which is deprecated and will be replaced by 'new_style' in a future release. See details at https://numba.readthedocs.io/en/latest/reference/deprecation.html#deprecation-of-old-style-numba-captured-errors
2025-01-03T15:18:29.4389235Z   Exception origin:
2025-01-03T15:18:29.4389613Z     File "/home/runner/micromamba/envs/tardis/lib/python3.12/inspect.py", line 3180, in _bind
2025-01-03T15:18:29.4390035Z       raise TypeError(msg) from None
2025-01-03T15:18:29.4390295Z   [0m[0m
2025-01-03T15:18:29.4390396Z 
2025-01-03T15:18:29.4390724Z tardis/visualization/tools/tests/test_sdec_plot.py::TestSDECPlotter::test_mpl_image[plotter_generate_plot_mpl4]
2025-01-03T15:18:29.4391433Z   /home/runner/work/tardis/tardis/tardis/visualization/tools/sdec_plot.py:1225: RuntimeWarning:
2025-01-03T15:18:29.4391866Z   
2025-01-03T15:18:29.4392936Z   More than 20 figures have been opened. Figures created through the pyplot interface (`matplotlib.pyplot.figure`) are retained until explicitly closed and may consume too much memory. (To control this warning, see the rcParam `figure.max_open_warning`). Consider using `matplotlib.pyplot.close()`.
2025-01-03T15:18:29.4393866Z 
2025-01-03T15:18:29.4394245Z tardis/visualization/widgets/tests/test_custom_abundance.py::TestCustomAbundanceWidget::test_update_input_item_value
2025-01-03T15:18:29.4395021Z tardis/visualization/widgets/tests/test_custom_abundance.py::TestCustomAbundanceWidget::test_update_input_item_value
2025-01-03T15:18:29.4395790Z tardis/visualization/widgets/tests/test_custom_abundance.py::TestCustomAbundanceWidget::test_update_input_item_value
2025-01-03T15:18:29.4396658Z tardis/visualization/widgets/tests/test_custom_abundance.py::TestCustomAbundanceWidget::test_update_input_item_value
2025-01-03T15:18:29.4397599Z tardis/visualization/widgets/tests/test_custom_abundance.py::TestCustomAbundanceWidget::test_update_input_item_value
2025-01-03T15:18:29.4398380Z tardis/visualization/widgets/tests/test_custom_abundance.py::TestCustomAbundanceWidget::test_update_input_item_value
2025-01-03T15:18:29.4399165Z   /home/runner/micromamba/envs/tardis/lib/python3.12/site-packages/traitlets/traitlets.py:1385: DeprecationWarning:
2025-01-03T15:18:29.4399668Z   
2025-01-03T15:18:29.4399947Z   Passing unrecognized arguments to super(Checkbox).__init__(icon='lock').
2025-01-03T15:18:29.4400398Z   object.__init__() takes exactly one argument (the instance to initialize)
2025-01-03T15:18:29.4400891Z   This is deprecated in traitlets 4.2.This error will be raised in a future release of traitlets.
2025-01-03T15:18:29.4401211Z 
2025-01-03T15:18:29.4401569Z tardis/visualization/widgets/tests/test_custom_abundance.py::TestCustomAbundanceWidget::test_update_input_item_value
2025-01-03T15:18:29.4402341Z tardis/visualization/widgets/tests/test_custom_abundance.py::TestCustomAbundanceWidget::test_update_input_item_value
2025-01-03T15:18:29.4403116Z   /home/runner/micromamba/envs/tardis/lib/python3.12/site-packages/traitlets/traitlets.py:1385: DeprecationWarning:
2025-01-03T15:18:29.4403614Z   
2025-01-03T15:18:29.4403876Z   Passing unrecognized arguments to super(FloatText).__init__(min=0).
2025-01-03T15:18:29.4404307Z   object.__init__() takes exactly one argument (the instance to initialize)
2025-01-03T15:18:29.4404793Z   This is deprecated in traitlets 4.2.This error will be raised in a future release of traitlets.
2025-01-03T15:18:29.4405114Z 
2025-01-03T15:18:29.4405457Z tardis/visualization/widgets/tests/test_custom_abundance.py::TestCustomAbundanceWidget::test_update_input_item_value
2025-01-03T15:18:29.4406233Z   /home/runner/micromamba/envs/tardis/lib/python3.12/site-packages/traitlets/traitlets.py:1385: DeprecationWarning:
2025-01-03T15:18:29.4406725Z   
2025-01-03T15:18:29.4406996Z   Passing unrecognized arguments to super(HTML).__init__(indent=True).
2025-01-03T15:18:29.4407586Z   object.__init__() takes exactly one argument (the instance to initialize)
2025-01-03T15:18:29.4408080Z   This is deprecated in traitlets 4.2.This error will be raised in a future release of traitlets.
2025-01-03T15:18:29.4408393Z 
2025-01-03T15:18:29.4408824Z tardis/visualization/widgets/tests/test_line_info.py::TestLineInfoWidgetData::test_get_species_interactions[wavelength_range0-packet_out_nu]
2025-01-03T15:18:29.4409653Z   /home/runner/micromamba/envs/tardis/lib/python3.12/site-packages/qgridnext/grid.py:814: DeprecationWarning:
2025-01-03T15:18:29.4410124Z   
2025-01-03T15:18:29.4410444Z   QgridWidget._df_changed is deprecated in traitlets 4.1: use @observe and @unobserve instead.
2025-01-03T15:18:29.4410775Z 
2025-01-03T15:18:29.4411028Z tardis/visualization/widgets/tests/test_shell_info.py::TestHDFShellInfo::test_shells_data
2025-01-03T15:18:29.4411571Z   /home/runner/work/tardis/tardis/tardis/io/util.py:289: PerformanceWarning:
2025-01-03T15:18:29.4411925Z   
2025-01-03T15:18:29.4412075Z   
2025-01-03T15:18:29.4412363Z   your performance may suffer as PyTables will pickle object types that it cannot
2025-01-03T15:18:29.4413030Z   map directly to c-types [inferred_type->mixed,key->block0_values] [items->Index([0], dtype='int64')]
2025-01-03T15:18:29.4413374Z 
2025-01-03T15:18:29.4413630Z tardis/visualization/widgets/tests/test_shell_info.py::TestHDFShellInfo::test_shells_data
2025-01-03T15:18:29.4414165Z   /home/runner/work/tardis/tardis/tardis/io/util.py:292: PerformanceWarning:
2025-01-03T15:18:29.4414552Z   
2025-01-03T15:18:29.4414700Z   
2025-01-03T15:18:29.4414980Z   your performance may suffer as PyTables will pickle object types that it cannot
2025-01-03T15:18:29.4415436Z   map directly to c-types [inferred_type->mixed,key->values] [items->None]
2025-01-03T15:18:29.4415696Z 
2025-01-03T15:18:29.4416056Z tardis/visualization/widgets/tests/test_shell_info.py::TestHDFShellInfo::test_shells_data
2025-01-03T15:18:29.4416636Z   /home/runner/work/tardis/tardis/tardis/spectrum/formal_integral.py:398: UserWarning:
2025-01-03T15:18:29.4417049Z   
2025-01-03T15:18:29.4417325Z   The number of interpolate_shells was not specified. The value was set to 80.
2025-01-03T15:18:29.4417827Z 
2025-01-03T15:18:29.4418025Z -- Docs: https://docs.pytest.org/en/stable/how-to/capture-warnings.html
2025-01-03T15:18:29.4418304Z 
2025-01-03T15:18:29.4418469Z ---------- coverage: platform linux, python 3.12.4-final-0 -----------
2025-01-03T15:18:29.4418833Z Coverage HTML written to dir coverage_html_report
2025-01-03T15:18:29.4419132Z Coverage XML written to file coverage.xml
2025-01-03T15:18:29.4419315Z 
2025-01-03T15:18:29.4419546Z = 1437 passed, 329 skipped, 2 deselected, 19 xfailed, 8 xpassed, 91 warnings in 760.77s (0:12:40) =
2025-01-03T15:18:31.7509718Z ##[group]Run mv .coverage .coverage.2
2025-01-03T15:18:31.7510065Z [36;1mmv .coverage .coverage.2[0m
2025-01-03T15:18:31.7536517Z shell: /usr/bin/bash -l {0}
2025-01-03T15:18:31.7536761Z env:
2025-01-03T15:18:31.7536933Z   CACHE_NUMBER: 0
2025-01-03T15:18:31.7537738Z   PYTEST_FLAGS: --tardis-regression-data=/home/runner/work/tardis/tardis/tardis-regression-data --cov=tardis --cov-report=xml --cov-report=html --cov-append
2025-01-03T15:18:31.7538436Z   CODECOV_TOKEN: 
2025-01-03T15:18:31.7538656Z   MAMBA_ROOT_PREFIX: /home/runner/micromamba
2025-01-03T15:18:31.7538957Z   MAMBA_EXE: /home/runner/micromamba-bin/micromamba
2025-01-03T15:18:31.7539299Z   CONDARC: /home/runner/work/_temp/setup-micromamba/.condarc
2025-01-03T15:18:31.7539605Z ##[endgroup]
2025-01-03T15:18:31.8705441Z ##[group]Run actions/upload-artifact@v4
2025-01-03T15:18:31.8705748Z with:
2025-01-03T15:18:31.8705986Z   name: coverage-not-continuum-ubuntu-latest
2025-01-03T15:18:31.8706284Z   include-hidden-files: true
2025-01-03T15:18:31.8706538Z   path: .coverage*
!.coveragerc

2025-01-03T15:18:31.8706793Z   if-no-files-found: warn
2025-01-03T15:18:31.8707021Z   compression-level: 6
2025-01-03T15:18:31.8707242Z   overwrite: false
2025-01-03T15:18:31.8707700Z env:
2025-01-03T15:18:31.8707886Z   CACHE_NUMBER: 0
2025-01-03T15:18:31.8708495Z   PYTEST_FLAGS: --tardis-regression-data=/home/runner/work/tardis/tardis/tardis-regression-data --cov=tardis --cov-report=xml --cov-report=html --cov-append
2025-01-03T15:18:31.8709169Z   CODECOV_TOKEN: 
2025-01-03T15:18:31.8709396Z   MAMBA_ROOT_PREFIX: /home/runner/micromamba
2025-01-03T15:18:31.8709703Z   MAMBA_EXE: /home/runner/micromamba-bin/micromamba
2025-01-03T15:18:31.8710053Z   CONDARC: /home/runner/work/_temp/setup-micromamba/.condarc
2025-01-03T15:18:31.8710389Z ##[endgroup]
2025-01-03T15:18:32.0987769Z With the provided path, there will be 1 file uploaded
2025-01-03T15:18:32.0994462Z Artifact name is valid!
2025-01-03T15:18:32.0995748Z Root directory input is valid!
2025-01-03T15:18:32.2311697Z Beginning upload of artifact content to blob storage
2025-01-03T15:18:32.3850294Z Uploaded bytes 19599
2025-01-03T15:18:32.4228183Z Finished uploading artifact content to blob storage!
2025-01-03T15:18:32.4231614Z SHA256 hash of uploaded artifact zip is 313f21fd59f30d1efafb68b1e8a05a06d2a6b693f89cc24b65d74a91542dee3c
2025-01-03T15:18:32.4233401Z Finalizing artifact upload
2025-01-03T15:18:32.5139000Z Artifact coverage-not-continuum-ubuntu-latest.zip successfully finalized. Artifact ID 2383229540
2025-01-03T15:18:32.5140473Z Artifact coverage-not-continuum-ubuntu-latest has been successfully uploaded! Final size is 19599 bytes. Artifact ID is 2383229540
2025-01-03T15:18:32.5146668Z Artifact download URL: https://github.com/tardis-sn/tardis/actions/runs/12598909887/artifacts/2383229540
2025-01-03T15:18:32.5279334Z Post job cleanup.
2025-01-03T15:18:32.5330705Z Post job cleanup.
2025-01-03T15:18:32.6657269Z Will use pre-installed micromamba at /home/runner/micromamba-bin/micromamba
2025-01-03T15:18:32.6664481Z Removing micromamba run shell ...
2025-01-03T15:18:32.6668282Z ##[group]Deinitialize micromamba for bash
2025-01-03T15:18:32.6686730Z [command]/home/runner/micromamba-bin/micromamba shell deinit -s bash -r /home/runner/micromamba --log-level warning --rc-file /home/runner/work/_temp/setup-micromamba/.condarc
2025-01-03T15:18:32.6819935Z Resetting RC file "/home/runner/.bashrc"
2025-01-03T15:18:32.6820864Z Deleting config for root prefix 
2025-01-03T15:18:32.6821802Z Clearing mamba executable environment variable
2025-01-03T15:18:32.6823438Z Removing the following in your "/home/runner/.bashrc" file
2025-01-03T15:18:32.6824217Z # >>> mamba initialize >>>
2025-01-03T15:18:32.6824572Z ...
2025-01-03T15:18:32.6824855Z # <<< mamba initialize <<<
2025-01-03T15:18:32.6857185Z Removing mamba initialize block from .bash_profile
2025-01-03T15:18:32.6873690Z ##[endgroup]
2025-01-03T15:18:32.6877870Z Removing environment tardis from auto-activate bash ...
2025-01-03T15:18:32.7008944Z Post job cleanup.
2025-01-03T15:18:32.7046117Z Post job cleanup.
2025-01-03T15:18:32.8011531Z [command]/usr/bin/git version
2025-01-03T15:18:32.8053742Z git version 2.47.1
2025-01-03T15:18:32.8108626Z Temporarily overriding HOME='/home/runner/work/_temp/0b2e9378-9c06-47b1-b7f5-92f38e522c8c' before making global git config changes
2025-01-03T15:18:32.8110146Z Adding repository directory to the temporary git global config as a safe directory
2025-01-03T15:18:32.8114844Z [command]/usr/bin/git config --global --add safe.directory /home/runner/work/tardis/tardis/tardis-regression-data
2025-01-03T15:18:32.8153107Z [command]/usr/bin/git config --local --name-only --get-regexp core\.sshCommand
2025-01-03T15:18:32.8187986Z [command]/usr/bin/git submodule foreach --recursive sh -c "git config --local --name-only --get-regexp 'core\.sshCommand' && git config --local --unset-all 'core.sshCommand' || :"
2025-01-03T15:18:32.8441002Z [command]/usr/bin/git config --local --name-only --get-regexp http\.https\:\/\/github\.com\/\.extraheader
2025-01-03T15:18:32.8464960Z http.https://github.com/.extraheader
2025-01-03T15:18:32.8479238Z [command]/usr/bin/git config --local --unset-all http.https://github.com/.extraheader
2025-01-03T15:18:32.8514038Z [command]/usr/bin/git submodule foreach --recursive sh -c "git config --local --name-only --get-regexp 'http\.https\:\/\/github\.com\/\.extraheader' && git config --local --unset-all 'http.https://github.com/.extraheader' || :"
2025-01-03T15:18:32.8880605Z Post job cleanup.
2025-01-03T15:18:32.9829084Z [command]/usr/bin/git version
2025-01-03T15:18:32.9865615Z git version 2.47.1
2025-01-03T15:18:32.9910341Z Temporarily overriding HOME='/home/runner/work/_temp/e7089075-bea6-4efa-ae7a-29b2ce863ac5' before making global git config changes
2025-01-03T15:18:32.9911422Z Adding repository directory to the temporary git global config as a safe directory
2025-01-03T15:18:32.9923082Z [command]/usr/bin/git config --global --add safe.directory /home/runner/work/tardis/tardis
2025-01-03T15:18:32.9957705Z [command]/usr/bin/git config --local --name-only --get-regexp core\.sshCommand
2025-01-03T15:18:32.9988931Z [command]/usr/bin/git submodule foreach --recursive sh -c "git config --local --name-only --get-regexp 'core\.sshCommand' && git config --local --unset-all 'core.sshCommand' || :"
2025-01-03T15:18:33.0223164Z [command]/usr/bin/git config --local --name-only --get-regexp http\.https\:\/\/github\.com\/\.extraheader
2025-01-03T15:18:33.0244000Z http.https://github.com/.extraheader
2025-01-03T15:18:33.0256184Z [command]/usr/bin/git config --local --unset-all http.https://github.com/.extraheader
2025-01-03T15:18:33.0286119Z [command]/usr/bin/git submodule foreach --recursive sh -c "git config --local --name-only --get-regexp 'http\.https\:\/\/github\.com\/\.extraheader' && git config --local --unset-all 'http.https://github.com/.extraheader' || :"
2025-01-03T15:18:33.0615317Z Cleaning up orphan processes
