2025-01-14T20:56:11.6061560Z Prepare all required actions
2025-01-14T20:56:11.6061930Z Getting action download info
2025-01-14T20:56:11.7035697Z Download action repository 'mamba-org/setup-micromamba@v1' (SHA:4b9113af4fba0e9e1124b252dd6497a419e7396d)
2025-01-14T20:56:11.9150148Z ##[group]Run ./.github/actions/setup_env
2025-01-14T20:56:11.9150439Z with:
2025-01-14T20:56:11.9150624Z   os-label: linux-64
2025-01-14T20:56:11.9150816Z env:
2025-01-14T20:56:11.9150979Z   CACHE_NUMBER: 0
2025-01-14T20:56:11.9151601Z   PYTEST_FLAGS: --tardis-regression-data=/home/runner/work/tardis/tardis/tardis-regression-data --cov=tardis --cov-report=xml --cov-report=html --cov-append
2025-01-14T20:56:11.9152254Z   CODECOV_TOKEN: 
2025-01-14T20:56:11.9152440Z ##[endgroup]
2025-01-14T20:56:11.9172280Z ##[group]Run file_hash=$(cat conda-linux-64.lock | shasum -a 256 | cut -d' ' -f1)
2025-01-14T20:56:11.9172776Z [36;1mfile_hash=$(cat conda-linux-64.lock | shasum -a 256 | cut -d' ' -f1)[0m
2025-01-14T20:56:11.9173177Z [36;1mecho "file_hash=$file_hash" >> "${GITHUB_OUTPUT}"[0m
2025-01-14T20:56:11.9199594Z shell: /usr/bin/bash --noprofile --norc -e -o pipefail {0}
2025-01-14T20:56:11.9199929Z env:
2025-01-14T20:56:11.9200104Z   CACHE_NUMBER: 0
2025-01-14T20:56:11.9200717Z   PYTEST_FLAGS: --tardis-regression-data=/home/runner/work/tardis/tardis/tardis-regression-data --cov=tardis --cov-report=xml --cov-report=html --cov-append
2025-01-14T20:56:11.9201360Z   CODECOV_TOKEN: 
2025-01-14T20:56:11.9201554Z ##[endgroup]
2025-01-14T20:56:11.9524441Z ##[group]Run mamba-org/setup-micromamba@v1
2025-01-14T20:56:11.9524721Z with:
2025-01-14T20:56:11.9524921Z   environment-file: conda-linux-64.lock
2025-01-14T20:56:11.9525573Z   cache-environment-key: d7cd390425b0fd3cf82649dcc003efba9915fb4928f15d342148c3ccffcbe2ee
2025-01-14T20:56:11.9526164Z   cache-downloads-key: d7cd390425b0fd3cf82649dcc003efba9915fb4928f15d342148c3ccffcbe2ee
2025-01-14T20:56:11.9526575Z   environment-name: tardis
2025-01-14T20:56:11.9526802Z   cache-environment: true
2025-01-14T20:56:11.9527023Z   cache-downloads: true
2025-01-14T20:56:11.9527238Z env:
2025-01-14T20:56:11.9527408Z   CACHE_NUMBER: 0
2025-01-14T20:56:11.9528226Z   PYTEST_FLAGS: --tardis-regression-data=/home/runner/work/tardis/tardis/tardis-regression-data --cov=tardis --cov-report=xml --cov-report=html --cov-append
2025-01-14T20:56:11.9528887Z   CODECOV_TOKEN: 
2025-01-14T20:56:11.9529083Z ##[endgroup]
2025-01-14T20:56:12.0916670Z Will download micromamba to /home/runner/micromamba-bin/micromamba
2025-01-14T20:56:12.0925850Z ##[group]Install micromamba
2025-01-14T20:56:12.3524673Z micromamba installed to /home/runner/micromamba-bin/micromamba
2025-01-14T20:56:12.3525998Z ##[endgroup]
2025-01-14T20:56:12.3526636Z Adding conda-forge to condarc channels ...
2025-01-14T20:56:12.3537142Z ##[group]Initialize micromamba for bash.
2025-01-14T20:56:12.3553543Z [command]/home/runner/micromamba-bin/micromamba shell init -s bash -r /home/runner/micromamba --log-level warning --rc-file /home/runner/work/_temp/setup-micromamba/.condarc
2025-01-14T20:56:12.3664538Z Modifying RC file "/home/runner/.bashrc"
2025-01-14T20:56:12.3666050Z Generating config for root prefix [1m"/home/runner/micromamba"[0m
2025-01-14T20:56:12.3667424Z Setting mamba executable to: [1m"/home/runner/micromamba-bin/micromamba"[0m
2025-01-14T20:56:12.3669273Z Adding (or replacing) the following in your "/home/runner/.bashrc" file
2025-01-14T20:56:12.3669920Z 
2025-01-14T20:56:12.3670210Z # >>> mamba initialize >>>
2025-01-14T20:56:12.3670866Z # !! Contents within this block are managed by 'mamba init' !!
2025-01-14T20:56:12.3671656Z export MAMBA_EXE='/home/runner/micromamba-bin/micromamba';
2025-01-14T20:56:12.3672415Z export MAMBA_ROOT_PREFIX='/home/runner/micromamba';
2025-01-14T20:56:12.3673385Z __mamba_setup="$("$MAMBA_EXE" shell hook --shell bash --root-prefix "$MAMBA_ROOT_PREFIX" 2> /dev/null)"
2025-01-14T20:56:12.3674221Z if [ $? -eq 0 ]; then
2025-01-14T20:56:12.3674620Z     eval "$__mamba_setup"
2025-01-14T20:56:12.3675007Z else
2025-01-14T20:56:12.3675862Z     alias micromamba="$MAMBA_EXE"  # Fallback on help from mamba activate
2025-01-14T20:56:12.3677072Z fi
2025-01-14T20:56:12.3677433Z unset __mamba_setup
2025-01-14T20:56:12.3677804Z # <<< mamba initialize <<<
2025-01-14T20:56:12.3678091Z 
2025-01-14T20:56:12.3684673Z Moving mamba initialize block to .bash_profile
2025-01-14T20:56:12.3698110Z ##[endgroup]
2025-01-14T20:56:12.3699263Z ##[group]Restoring downloads from `/home/runner/micromamba/pkgs` ...
2025-01-14T20:56:13.4589926Z Received 340023017 of 356800233 (95.3%), 323.9 MBs/sec
2025-01-14T20:56:13.5102077Z Cache Size: ~340 MB (356800233 B)
2025-01-14T20:56:13.5141575Z [command]/usr/bin/tar -xf /home/runner/work/_temp/db4f27e2-3523-4ce9-b5fe-2b5874aba2ea/cache.tzst -P -C /home/runner/work/tardis/tardis --use-compress-program unzstd
2025-01-14T20:56:14.0327765Z Cache restored successfully
2025-01-14T20:56:14.1044420Z Restored cache with key `d7cd390425b0fd3cf82649dcc003efba9915fb4928f15d342148c3ccffcbe2ee-linux-64`
2025-01-14T20:56:14.1045973Z ##[endgroup]
2025-01-14T20:56:14.1059370Z ##[group]Restoring environment `tardis` from `/home/runner/micromamba/envs/tardis` ...
2025-01-14T20:56:14.4648192Z Received 356800233 of 356800233 (100.0%), 169.6 MBs/sec
2025-01-14T20:56:15.1639272Z Received 360710144 of 444592193 (81.1%), 343.3 MBs/sec
2025-01-14T20:56:15.3180875Z Cache Size: ~424 MB (444592193 B)
2025-01-14T20:56:15.3217736Z [command]/usr/bin/tar -xf /home/runner/work/_temp/ec2aa6bd-e028-4153-a8b3-102fa5974522/cache.tzst -P -C /home/runner/work/tardis/tardis --use-compress-program unzstd
2025-01-14T20:56:16.1654603Z Received 444592193 of 444592193 (100.0%), 211.6 MBs/sec
2025-01-14T20:56:20.5008800Z Cache restored successfully
2025-01-14T20:56:20.6328530Z Restored cache with key `d7cd390425b0fd3cf82649dcc003efba9915fb4928f15d342148c3ccffcbe2ee-linux-64-tardis-args-4f53cda-root-dcc80ee-bin-[object Promise]-file-d7cd390425b0fd3cf82649dcc003efba9915fb4928f15d342148c3ccffcbe2ee`
2025-01-14T20:56:20.6330235Z ##[endgroup]
2025-01-14T20:56:20.6330502Z Adding environment tardis to auto-activate bash ...
2025-01-14T20:56:20.6340397Z Generating micromamba run shell.
2025-01-14T20:56:20.6349520Z ##[endgroup]
2025-01-14T20:56:20.6354783Z Set environment variables.
2025-01-14T20:56:20.6358818Z ##[group]micromamba info
2025-01-14T20:56:20.6362341Z [command]/home/runner/micromamba-bin/micromamba info -r /home/runner/micromamba -n tardis
2025-01-14T20:56:20.6588280Z 
2025-01-14T20:56:20.6588834Z        libmamba version : 1.5.10
2025-01-14T20:56:20.6589438Z      micromamba version : 1.5.10
2025-01-14T20:56:20.6590371Z            curl version : libcurl/8.10.1 OpenSSL/3.3.2 zlib/1.3.1 zstd/1.5.6 libssh2/1.11.0 nghttp2/1.58.0
2025-01-14T20:56:20.6591945Z      libarchive version : libarchive 3.7.4 zlib/1.2.13 bz2lib/1.0.8 libzstd/1.5.6
2025-01-14T20:56:20.6593059Z        envs directories : /home/runner/micromamba/envs
2025-01-14T20:56:20.6593959Z           package cache : /home/runner/micromamba/pkgs
2025-01-14T20:56:20.6594775Z                           /home/runner/.mamba/pkgs
2025-01-14T20:56:20.6595706Z             environment : tardis
2025-01-14T20:56:20.6596486Z            env location : /home/runner/micromamba/envs/tardis
2025-01-14T20:56:20.6597390Z       user config files : /home/runner/.mambarc
2025-01-14T20:56:20.6598399Z  populated config files : /home/runner/work/_temp/setup-micromamba/.condarc
2025-01-14T20:56:20.6599559Z        virtual packages : __unix=0=0
2025-01-14T20:56:20.6600325Z                           __linux=6.8.0=0
2025-01-14T20:56:20.6601089Z                           __glibc=2.39=0
2025-01-14T20:56:20.6601791Z                           __archspec=1=x86_64_v3
2025-01-14T20:56:20.6602388Z                channels : https://conda.anaconda.org/conda-forge/linux-64
2025-01-14T20:56:20.6603047Z                           https://conda.anaconda.org/conda-forge/noarch
2025-01-14T20:56:20.6603628Z        base environment : /home/runner/micromamba
2025-01-14T20:56:20.6604111Z                platform : linux-64
2025-01-14T20:56:20.6610122Z ##[endgroup]
2025-01-14T20:56:20.6610683Z ##[group]micromamba list
2025-01-14T20:56:20.6612002Z [command]/home/runner/micromamba-bin/micromamba list -r /home/runner/micromamba -n tardis
2025-01-14T20:56:21.0491129Z List of packages in environment: "/home/runner/micromamba/envs/tardis"
2025-01-14T20:56:21.0491733Z 
2025-01-14T20:56:21.0492008Z   Name                           Version              Build                    Channel    
2025-01-14T20:56:21.0493146Z â”€â”€â”€â”€â”€â”€â”€â”€â”€â”€â”€â”€â”€â”€â”€â”€â”€â”€â”€â”€â”€â”€â”€â”€â”€â”€â”€â”€â”€â”€â”€â”€â”€â”€â”€â”€â”€â”€â”€â”€â”€â”€â”€â”€â”€â”€â”€â”€â”€â”€â”€â”€â”€â”€â”€â”€â”€â”€â”€â”€â”€â”€â”€â”€â”€â”€â”€â”€â”€â”€â”€â”€â”€â”€â”€â”€â”€â”€â”€â”€â”€â”€â”€â”€â”€â”€â”€â”€â”€â”€â”€â”€
2025-01-14T20:56:21.0493787Z   _libgcc_mutex                  0.1                  conda_forge              conda-forge
2025-01-14T20:56:21.0494399Z   _openmp_mutex                  4.5                  2_gnu                    conda-forge
2025-01-14T20:56:21.0495004Z   alabaster                      0.7.16               pyhd8ed1ab_0             conda-forge
2025-01-14T20:56:21.0495889Z   anyio                          4.4.0                pyhd8ed1ab_0             conda-forge
2025-01-14T20:56:21.0496598Z   argon2-cffi                    23.1.0               pyhd8ed1ab_0             conda-forge
2025-01-14T20:56:21.0497778Z   argon2-cffi-bindings           21.2.0               py312h98912ed_4          conda-forge
2025-01-14T20:56:21.0498664Z   arrow                          1.3.0                pyhd8ed1ab_0             conda-forge
2025-01-14T20:56:21.0499549Z   astropy                        6.1.1                py312h085067d_0          conda-forge
2025-01-14T20:56:21.0500407Z   astropy-iers-data              0.2024.6.17.0.31.35  pyhd8ed1ab_0             conda-forge
2025-01-14T20:56:21.0501262Z   astropy-sphinx-theme           1.1                  pyhd8ed1ab_0             conda-forge
2025-01-14T20:56:21.0502138Z   asttokens                      2.4.1                pyhd8ed1ab_0             conda-forge
2025-01-14T20:56:21.0502887Z   async-lru                      2.0.4                pyhd8ed1ab_0             conda-forge
2025-01-14T20:56:21.0503696Z   atk-1.0                        2.38.0               h04ea711_2               conda-forge
2025-01-14T20:56:21.0504509Z   attrs                          23.2.0               pyh71513ae_0             conda-forge
2025-01-14T20:56:21.0506016Z   babel                          2.14.0               pyhd8ed1ab_0             conda-forge
2025-01-14T20:56:21.0524836Z   beautifulsoup4                 4.12.3               pyha770c72_0             conda-forge
2025-01-14T20:56:21.0525721Z   bleach                         6.1.0                pyhd8ed1ab_0             conda-forge
2025-01-14T20:56:21.0526340Z   blosc                          1.21.5               hc2324a3_1               conda-forge
2025-01-14T20:56:21.0526930Z   brotli                         1.1.0                hd590300_1               conda-forge
2025-01-14T20:56:21.0527537Z   brotli-bin                     1.1.0                hd590300_1               conda-forge
2025-01-14T20:56:21.0528196Z   brotli-python                  1.1.0                py312h30efb56_1          conda-forge
2025-01-14T20:56:21.0528823Z   bzip2                          1.0.8                hd590300_5               conda-forge
2025-01-14T20:56:21.0529428Z   c-ares                         1.28.1               hd590300_0               conda-forge
2025-01-14T20:56:21.0530018Z   c-blosc2                       2.14.4               hb4ffafa_1               conda-forge
2025-01-14T20:56:21.0530679Z   ca-certificates                2024.6.2             hbcca054_0               conda-forge
2025-01-14T20:56:21.0531389Z   cached-property                1.5.2                hd8ed1ab_1               conda-forge
2025-01-14T20:56:21.0532069Z   cached_property                1.5.2                pyha770c72_1             conda-forge
2025-01-14T20:56:21.0532665Z   cairo                          1.18.0               h3faef2a_0               conda-forge
2025-01-14T20:56:21.0533079Z   certifi                        2024.6.2             pyhd8ed1ab_0             conda-forge
2025-01-14T20:56:21.0533464Z   cffi                           1.16.0               py312hf06ca03_0          conda-forge
2025-01-14T20:56:21.0534142Z   charset-normalizer             3.3.2                pyhd8ed1ab_0             conda-forge
2025-01-14T20:56:21.0534570Z   click                          8.1.7                unix_pyh707e725_0        conda-forge
2025-01-14T20:56:21.0534945Z   codespell                      2.3.0                pyhd8ed1ab_0             conda-forge
2025-01-14T20:56:21.0535569Z   colorama                       0.4.6                pyhd8ed1ab_0             conda-forge
2025-01-14T20:56:21.0535948Z   comm                           0.2.2                pyhd8ed1ab_0             conda-forge
2025-01-14T20:56:21.0536411Z   commonmark                     0.9.1                py_0                     conda-forge
2025-01-14T20:56:21.0537058Z   contourpy                      1.2.1                py312h8572e83_0          conda-forge
2025-01-14T20:56:21.0537677Z   coverage                       7.5.3                py312h9a8786e_0          conda-forge
2025-01-14T20:56:21.0538056Z   cycler                         0.12.1               pyhd8ed1ab_0             conda-forge
2025-01-14T20:56:21.0538450Z   dataclasses                    0.8                  pyhc8e2a94_3             conda-forge
2025-01-14T20:56:21.0538924Z   debugpy                        1.8.1                py312h30efb56_0          conda-forge
2025-01-14T20:56:21.0539559Z   decorator                      5.1.1                pyhd8ed1ab_0             conda-forge
2025-01-14T20:56:21.0540425Z   defusedxml                     0.7.1                pyhd8ed1ab_0             conda-forge
2025-01-14T20:56:21.0541082Z   docutils                       0.20.1               py312h7900ff3_3          conda-forge
2025-01-14T20:56:21.0541706Z   dot2tex                        2.11.3               pyhd8ed1ab_0             conda-forge
2025-01-14T20:56:21.0542356Z   entrypoints                    0.4                  pyhd8ed1ab_0             conda-forge
2025-01-14T20:56:21.0542999Z   exceptiongroup                 1.2.0                pyhd8ed1ab_2             conda-forge
2025-01-14T20:56:21.0543635Z   executing                      2.0.1                pyhd8ed1ab_0             conda-forge
2025-01-14T20:56:21.0544648Z   expat                          2.6.2                h59595ed_0               conda-forge
2025-01-14T20:56:21.0545540Z   font-ttf-dejavu-sans-mono      2.37                 hab24e00_0               conda-forge
2025-01-14T20:56:21.0546284Z   font-ttf-inconsolata           3.000                h77eed37_0               conda-forge
2025-01-14T20:56:21.0546769Z   font-ttf-source-code-pro       2.038                h77eed37_0               conda-forge
2025-01-14T20:56:21.0547213Z   font-ttf-ubuntu                0.83                 h77eed37_2               conda-forge
2025-01-14T20:56:21.0547611Z   fontconfig                     2.14.2               h14ed4e7_0               conda-forge
2025-01-14T20:56:21.0548016Z   fonts-conda-ecosystem          1                    0                        conda-forge
2025-01-14T20:56:21.0548436Z   fonts-conda-forge              1                    0                        conda-forge
2025-01-14T20:56:21.0548851Z   fonttools                      4.53.0               py312h9a8786e_0          conda-forge
2025-01-14T20:56:21.0549230Z   fqdn                           1.5.1                pyhd8ed1ab_0             conda-forge
2025-01-14T20:56:21.0549591Z   freetype                       2.12.1               h267a509_2               conda-forge
2025-01-14T20:56:21.0549954Z   fribidi                        1.0.10               h36c2ea0_0               conda-forge
2025-01-14T20:56:21.0550317Z   future                         1.0.0                pyhd8ed1ab_0             conda-forge
2025-01-14T20:56:21.0550690Z   gdk-pixbuf                     2.42.12              hb9ae30d_0               conda-forge
2025-01-14T20:56:21.0551134Z   giflib                         5.2.2                hd590300_0               conda-forge
2025-01-14T20:56:21.0551519Z   git-lfs                        3.5.1                ha770c72_0               conda-forge
2025-01-14T20:56:21.0552049Z   gmp                            6.3.0                h59595ed_1               conda-forge
2025-01-14T20:56:21.0552402Z   gmpy2                          2.1.5                py312h1d5cde6_1          conda-forge
2025-01-14T20:56:21.0552771Z   graphite2                      1.3.13               h59595ed_1003            conda-forge
2025-01-14T20:56:21.0553146Z   graphviz                       11.0.0               hc68bbd7_0               conda-forge
2025-01-14T20:56:21.0553500Z   gtk2                           2.24.33              h280cfa0_4               conda-forge
2025-01-14T20:56:21.0553835Z   gts                            0.7.6                h977cf35_4               conda-forge
2025-01-14T20:56:21.0554286Z   h11                            0.14.0               pyhd8ed1ab_0             conda-forge
2025-01-14T20:56:21.0554832Z   h2                             4.1.0                pyhd8ed1ab_0             conda-forge
2025-01-14T20:56:21.0555564Z   h5py                           3.11.0               nompi_py312hb7ab980_102  conda-forge
2025-01-14T20:56:21.0556194Z   harfbuzz                       8.5.0                hfac3d4d_0               conda-forge
2025-01-14T20:56:21.0556818Z   hdf5                           1.14.3               nompi_hdf9ad27_105       conda-forge
2025-01-14T20:56:21.0557427Z   hpack                          4.0.0                pyh9f0ad1d_0             conda-forge
2025-01-14T20:56:21.0558053Z   httpcore                       1.0.5                pyhd8ed1ab_0             conda-forge
2025-01-14T20:56:21.0558775Z   httpx                          0.27.0               pyhd8ed1ab_0             conda-forge
2025-01-14T20:56:21.0559415Z   hyperframe                     6.0.1                pyhd8ed1ab_0             conda-forge
2025-01-14T20:56:21.0560033Z   icu                            73.2                 h59595ed_0               conda-forge
2025-01-14T20:56:21.0560604Z   idna                           3.7                  pyhd8ed1ab_0             conda-forge
2025-01-14T20:56:21.0561227Z   imagesize                      1.4.1                pyhd8ed1ab_0             conda-forge
2025-01-14T20:56:21.0562101Z   importlib-metadata             7.1.0                pyha770c72_0             conda-forge
2025-01-14T20:56:21.0562855Z   importlib_metadata             7.1.0                hd8ed1ab_0               conda-forge
2025-01-14T20:56:21.0563600Z   importlib_resources            6.4.0                pyhd8ed1ab_0             conda-forge
2025-01-14T20:56:21.0564321Z   iniconfig                      2.0.0                pyhd8ed1ab_0             conda-forge
2025-01-14T20:56:21.0564988Z   ipykernel                      6.29.4               pyh3099207_0             conda-forge
2025-01-14T20:56:21.0565958Z   ipython                        8.25.0               pyh707e725_0             conda-forge
2025-01-14T20:56:21.0566635Z   ipython_genutils               0.2.0                pyhd8ed1ab_1             conda-forge
2025-01-14T20:56:21.0567338Z   ipywidgets                     7.8.0                pyhd8ed1ab_0             conda-forge
2025-01-14T20:56:21.0568032Z   isoduration                    20.11.0              pyhd8ed1ab_0             conda-forge
2025-01-14T20:56:21.0568689Z   jedi                           0.19.1               pyhd8ed1ab_0             conda-forge
2025-01-14T20:56:21.0569305Z   jinja2                         3.1.4                pyhd8ed1ab_0             conda-forge
2025-01-14T20:56:21.0569923Z   json5                          0.9.25               pyhd8ed1ab_0             conda-forge
2025-01-14T20:56:21.0570573Z   jsonpointer                    3.0.0                py312h7900ff3_0          conda-forge
2025-01-14T20:56:21.0571256Z   jsonschema                     4.22.0               pyhd8ed1ab_0             conda-forge
2025-01-14T20:56:21.0572061Z   jsonschema-specifications      2023.12.1            pyhd8ed1ab_0             conda-forge
2025-01-14T20:56:21.0572944Z   jsonschema-with-format-nongpl  4.22.0               pyhd8ed1ab_0             conda-forge
2025-01-14T20:56:21.0573875Z   jupyter-lsp                    2.2.5                pyhd8ed1ab_0             conda-forge
2025-01-14T20:56:21.0574563Z   jupyter_client                 8.6.2                pyhd8ed1ab_0             conda-forge
2025-01-14T20:56:21.0575387Z   jupyter_core                   5.7.2                py312h7900ff3_0          conda-forge
2025-01-14T20:56:21.0576071Z   jupyter_events                 0.10.0               pyhd8ed1ab_0             conda-forge
2025-01-14T20:56:21.0576780Z   jupyter_server                 2.14.1               pyhd8ed1ab_0             conda-forge
2025-01-14T20:56:21.0577527Z   jupyter_server_terminals       0.5.3                pyhd8ed1ab_0             conda-forge
2025-01-14T20:56:21.0578251Z   jupyterlab                     4.2.2                pyhd8ed1ab_0             conda-forge
2025-01-14T20:56:21.0578970Z   jupyterlab_pygments            0.3.0                pyhd8ed1ab_1             conda-forge
2025-01-14T20:56:21.0579716Z   jupyterlab_server              2.27.2               pyhd8ed1ab_0             conda-forge
2025-01-14T20:56:21.0580471Z   jupyterlab_widgets             1.1.7                pyhd8ed1ab_0             conda-forge
2025-01-14T20:56:21.0581164Z   keyutils                       1.6.1                h166bdaf_0               conda-forge
2025-01-14T20:56:21.0581799Z   kiwisolver                     1.4.5                py312h8572e83_1          conda-forge
2025-01-14T20:56:21.0582420Z   krb5                           1.21.2               h659d440_0               conda-forge
2025-01-14T20:56:21.0583050Z   latexcodec                     2.0.1                pyh9f0ad1d_0             conda-forge
2025-01-14T20:56:21.0583679Z   lcms2                          2.16                 hb7c19ff_0               conda-forge
2025-01-14T20:56:21.0584308Z   ld_impl_linux-64               2.40                 hf3520f5_7               conda-forge
2025-01-14T20:56:21.0584931Z   lerc                           4.0.0                h27087fc_0               conda-forge
2025-01-14T20:56:21.0585669Z   libaec                         1.1.3                h59595ed_0               conda-forge
2025-01-14T20:56:21.0586472Z   libblas                        3.9.0                22_linux64_openblas      conda-forge
2025-01-14T20:56:21.0587153Z   libbrotlicommon                1.1.0                hd590300_1               conda-forge
2025-01-14T20:56:21.0587855Z   libbrotlidec                   1.1.0                hd590300_1               conda-forge
2025-01-14T20:56:21.0588569Z   libbrotlienc                   1.1.0                hd590300_1               conda-forge
2025-01-14T20:56:21.0589238Z   libcblas                       3.9.0                22_linux64_openblas      conda-forge
2025-01-14T20:56:21.0589879Z   libcurl                        8.8.0                hca28451_0               conda-forge
2025-01-14T20:56:21.0590515Z   libdeflate                     1.20                 hd590300_0               conda-forge
2025-01-14T20:56:21.0591173Z   libedit                        3.1.20191231         he28a2e2_2               conda-forge
2025-01-14T20:56:21.0591807Z   libev                          4.33                 hd590300_2               conda-forge
2025-01-14T20:56:21.0592423Z   libexpat                       2.6.2                h59595ed_0               conda-forge
2025-01-14T20:56:21.0593041Z   libffi                         3.4.2                h7f98852_5               conda-forge
2025-01-14T20:56:21.0593654Z   libgcc-ng                      13.2.0               h77fa898_10              conda-forge
2025-01-14T20:56:21.0594257Z   libgd                          2.3.3                h119a65a_9               conda-forge
2025-01-14T20:56:21.0594910Z   libgfortran-ng                 13.2.0               h69a702a_10              conda-forge
2025-01-14T20:56:21.0595728Z   libgfortran5                   13.2.0               h3d2ce59_10              conda-forge
2025-01-14T20:56:21.0596381Z   libglib                        2.80.2               h8a4344b_1               conda-forge
2025-01-14T20:56:21.0596997Z   libgomp                        13.2.0               h77fa898_10              conda-forge
2025-01-14T20:56:21.0597871Z   libiconv                       1.17                 hd590300_2               conda-forge
2025-01-14T20:56:21.0598527Z   libjpeg-turbo                  3.0.0                hd590300_1               conda-forge
2025-01-14T20:56:21.0599214Z   liblapack                      3.9.0                22_linux64_openblas      conda-forge
2025-01-14T20:56:21.0599873Z   libllvm14                      14.0.6               hcd5def8_4               conda-forge
2025-01-14T20:56:21.0600529Z   libnghttp2                     1.58.0               h47da74e_1               conda-forge
2025-01-14T20:56:21.0601165Z   libnsl                         2.0.1                hd590300_0               conda-forge
2025-01-14T20:56:21.0601816Z   libopenblas                    0.3.27               pthreads_h413a1c8_0      conda-forge
2025-01-14T20:56:21.0602472Z   libpng                         1.6.43               h2797004_0               conda-forge
2025-01-14T20:56:21.0603096Z   librsvg                        2.58.1               hadf69e7_0               conda-forge
2025-01-14T20:56:21.0603687Z   libsodium                      1.0.18               h36c2ea0_1               conda-forge
2025-01-14T20:56:21.0604329Z   libsqlite                      3.46.0               hde9e2c9_0               conda-forge
2025-01-14T20:56:21.0604960Z   libssh2                        1.11.0               h0841786_0               conda-forge
2025-01-14T20:56:21.0605733Z   libstdcxx-ng                   13.2.0               hc0a3c3a_10              conda-forge
2025-01-14T20:56:21.0606380Z   libtiff                        4.6.0                h1dd3fc0_3               conda-forge
2025-01-14T20:56:21.0607005Z   libuuid                        2.38.1               h0b41bf4_0               conda-forge
2025-01-14T20:56:21.0607638Z   libwebp                        1.4.0                h2c329e2_0               conda-forge
2025-01-14T20:56:21.0608268Z   libwebp-base                   1.4.0                hd590300_0               conda-forge
2025-01-14T20:56:21.0609239Z   libxcb                         1.15                 h0b41bf4_0               conda-forge
2025-01-14T20:56:21.0609864Z   libxcrypt                      4.4.36               hd590300_1               conda-forge
2025-01-14T20:56:21.0610503Z   libxml2                        2.12.7               hc051c1a_1               conda-forge
2025-01-14T20:56:21.0611126Z   libxslt                        1.1.39               h76b75d6_0               conda-forge
2025-01-14T20:56:21.0611748Z   libzlib                        1.3.1                h4ab18f5_1               conda-forge
2025-01-14T20:56:21.0612379Z   llvmlite                       0.42.0               py312hb06c811_1          conda-forge
2025-01-14T20:56:21.0612996Z   lxml                           5.2.2                py312hb90d8a5_0          conda-forge
2025-01-14T20:56:21.0613584Z   lz4-c                          1.9.4                hcb278e6_0               conda-forge
2025-01-14T20:56:21.0614159Z   lzo                            2.10                 hd590300_1001            conda-forge
2025-01-14T20:56:21.0614790Z   markupsafe                     2.1.5                py312h98912ed_0          conda-forge
2025-01-14T20:56:21.0615619Z   matplotlib-base                3.8.4                py312h20ab3a6_2          conda-forge
2025-01-14T20:56:21.0616351Z   matplotlib-inline              0.1.7                pyhd8ed1ab_0             conda-forge
2025-01-14T20:56:21.0617017Z   mistune                        3.0.2                pyhd8ed1ab_0             conda-forge
2025-01-14T20:56:21.0617624Z   mpc                            1.3.1                hfe3b2da_0               conda-forge
2025-01-14T20:56:21.0618199Z   mpfr                           4.2.1                h9458935_1               conda-forge
2025-01-14T20:56:21.0618793Z   mpmath                         1.3.0                pyhd8ed1ab_0             conda-forge
2025-01-14T20:56:21.0619417Z   munkres                        1.1.4                pyh9f0ad1d_0             conda-forge
2025-01-14T20:56:21.0620298Z   mypy_extensions                1.0.0                pyha770c72_0             conda-forge
2025-01-14T20:56:21.0620970Z   nbclassic                      1.1.0                pyhd8ed1ab_0             conda-forge
2025-01-14T20:56:21.0621621Z   nbclient                       0.10.0               pyhd8ed1ab_0             conda-forge
2025-01-14T20:56:21.0622277Z   nbconvert                      7.16.4               hd8ed1ab_1               conda-forge
2025-01-14T20:56:21.0622953Z   nbconvert-core                 7.16.4               pyhd8ed1ab_1             conda-forge
2025-01-14T20:56:21.0623682Z   nbconvert-pandoc               7.16.4               hd8ed1ab_1               conda-forge
2025-01-14T20:56:21.0624379Z   nbformat                       5.10.4               pyhd8ed1ab_0             conda-forge
2025-01-14T20:56:21.0625029Z   nbsphinx                       0.9.4                pyhd8ed1ab_0             conda-forge
2025-01-14T20:56:21.0625804Z   ncurses                        6.5                  h59595ed_0               conda-forge
2025-01-14T20:56:21.0626460Z   nest-asyncio                   1.6.0                pyhd8ed1ab_0             conda-forge
2025-01-14T20:56:21.0627112Z   networkx                       3.3                  pyhd8ed1ab_1             conda-forge
2025-01-14T20:56:21.0627725Z   nomkl                          1.0                  h5ca1d4c_0               conda-forge
2025-01-14T20:56:21.0628348Z   notebook                       7.2.1                pyhd8ed1ab_0             conda-forge
2025-01-14T20:56:21.0629018Z   notebook-shim                  0.2.4                pyhd8ed1ab_0             conda-forge
2025-01-14T20:56:21.0629667Z   numba                          0.59.1               py312hacefee8_0          conda-forge
2025-01-14T20:56:21.0630289Z   numexpr                        2.10.0               py312hf412c99_100        conda-forge
2025-01-14T20:56:21.0630908Z   numpy                          1.26.4               py312heda63a1_0          conda-forge
2025-01-14T20:56:21.0631539Z   numpydoc                       1.7.0                pyhd8ed1ab_1             conda-forge
2025-01-14T20:56:21.0632336Z   openjpeg                       2.5.2                h488ebb8_0               conda-forge
2025-01-14T20:56:21.0632961Z   openssl                        3.3.1                h4ab18f5_0               conda-forge
2025-01-14T20:56:21.0633592Z   overrides                      7.7.0                pyhd8ed1ab_0             conda-forge
2025-01-14T20:56:21.0634246Z   packaging                      24.1                 pyhd8ed1ab_0             conda-forge
2025-01-14T20:56:21.0634876Z   pandas                         2.2.2                py312h1d6d2e6_1          conda-forge
2025-01-14T20:56:21.0635629Z   pandoc                         3.2                  ha770c72_0               conda-forge
2025-01-14T20:56:21.0636285Z   pandocfilters                  1.5.0                pyhd8ed1ab_0             conda-forge
2025-01-14T20:56:21.0636946Z   pango                          1.54.0               h84a9a3c_0               conda-forge
2025-01-14T20:56:21.0637541Z   parso                          0.8.4                pyhd8ed1ab_0             conda-forge
2025-01-14T20:56:21.0638155Z   pathspec                       0.12.1               pyhd8ed1ab_0             conda-forge
2025-01-14T20:56:21.0638749Z   pbr                            6.0.0                pyhd8ed1ab_0             conda-forge
2025-01-14T20:56:21.0639329Z   pcre2                          10.44                h0f59acf_0               conda-forge
2025-01-14T20:56:21.0639945Z   pexpect                        4.9.0                pyhd8ed1ab_0             conda-forge
2025-01-14T20:56:21.0640589Z   pickleshare                    0.7.5                py_1003                  conda-forge
2025-01-14T20:56:21.0641231Z   pillow                         10.3.0               py312hdcec9eb_0          conda-forge
2025-01-14T20:56:21.0641815Z   pip                            24.0                 pyhd8ed1ab_0             conda-forge
2025-01-14T20:56:21.0642556Z   pixman                         0.43.2               h59595ed_0               conda-forge
2025-01-14T20:56:21.0643247Z   pkgutil-resolve-name           1.3.10               pyhd8ed1ab_1             conda-forge
2025-01-14T20:56:21.0643964Z   platformdirs                   4.2.2                pyhd8ed1ab_0             conda-forge
2025-01-14T20:56:21.0644607Z   plotly                         5.22.0               pyhd8ed1ab_0             conda-forge
2025-01-14T20:56:21.0645349Z   pluggy                         1.5.0                pyhd8ed1ab_0             conda-forge
2025-01-14T20:56:21.0646024Z   prometheus_client              0.20.0               pyhd8ed1ab_0             conda-forge
2025-01-14T20:56:21.0646760Z   prompt-toolkit                 3.0.47               pyha770c72_0             conda-forge
2025-01-14T20:56:21.0647414Z   psutil                         5.9.8                py312h98912ed_0          conda-forge
2025-01-14T20:56:21.0648067Z   pthread-stubs                  0.4                  h36c2ea0_1001            conda-forge
2025-01-14T20:56:21.0648752Z   ptyprocess                     0.7.0                pyhd3deb0d_0             conda-forge
2025-01-14T20:56:21.0649364Z   pure_eval                      0.2.2                pyhd8ed1ab_0             conda-forge
2025-01-14T20:56:21.0649993Z   py-cpuinfo                     9.0.0                pyhd8ed1ab_0             conda-forge
2025-01-14T20:56:21.0650593Z   pybtex                         0.24.0               pyhd8ed1ab_2             conda-forge
2025-01-14T20:56:21.0651224Z   pybtex-docutils                1.0.3                py312h7900ff3_1          conda-forge
2025-01-14T20:56:21.0651878Z   pycparser                      2.22                 pyhd8ed1ab_0             conda-forge
2025-01-14T20:56:21.0652482Z   pyerfa                         2.0.1.4              py312h085067d_1          conda-forge
2025-01-14T20:56:21.0653089Z   pygments                       2.18.0               pyhd8ed1ab_0             conda-forge
2025-01-14T20:56:21.0653755Z   pygraphviz                     1.13                 py312h4a1d8a7_1          conda-forge
2025-01-14T20:56:21.0654588Z   pyparsing                      3.1.2                pyhd8ed1ab_0             conda-forge
2025-01-14T20:56:21.0655372Z   pysocks                        1.7.1                pyha2e5f31_6             conda-forge
2025-01-14T20:56:21.0656011Z   pytables                       3.9.2                py312h96d95ec_2          conda-forge
2025-01-14T20:56:21.0656650Z   pytest                         8.2.2                pyhd8ed1ab_0             conda-forge
2025-01-14T20:56:21.0657290Z   pytest-cov                     5.0.0                pyhd8ed1ab_0             conda-forge
2025-01-14T20:56:21.0658002Z   pytest-doctestplus             1.2.1                pyhd8ed1ab_0             conda-forge
2025-01-14T20:56:21.0658717Z   pytest-html                    4.1.1                pyhd8ed1ab_0             conda-forge
2025-01-14T20:56:21.0659423Z   pytest-metadata                3.1.1                pyhd8ed1ab_0             conda-forge
2025-01-14T20:56:21.0660115Z   python                         3.12.4               h194c7f8_0_cpython       conda-forge
2025-01-14T20:56:21.0660790Z   python-dateutil                2.9.0                pyhd8ed1ab_0             conda-forge
2025-01-14T20:56:21.0661558Z   python-fastjsonschema          2.20.0               pyhd8ed1ab_0             conda-forge
2025-01-14T20:56:21.0662343Z   python-json-logger             2.0.7                pyhd8ed1ab_0             conda-forge
2025-01-14T20:56:21.0663082Z   python-tzdata                  2024.1               pyhd8ed1ab_0             conda-forge
2025-01-14T20:56:21.0663753Z   python_abi                     3.12                 4_cp312                  conda-forge
2025-01-14T20:56:21.0664381Z   pytz                           2024.1               pyhd8ed1ab_0             conda-forge
2025-01-14T20:56:21.0664992Z   pyyaml                         6.0.1                py312h98912ed_1          conda-forge
2025-01-14T20:56:21.0665887Z   pyzmq                          26.0.3               py312h8fd38d8_0          conda-forge
2025-01-14T20:56:21.0666502Z   qgrid                          1.3.1                pyhd8ed1ab_4             conda-forge
2025-01-14T20:56:21.0667142Z   radioactivedecay               0.5.1                pyhd8ed1ab_0             conda-forge
2025-01-14T20:56:21.0667811Z   readline                       8.2                  h8228510_1               conda-forge
2025-01-14T20:56:21.0668457Z   recommonmark                   0.7.1                pyhd8ed1ab_0             conda-forge
2025-01-14T20:56:21.0669140Z   referencing                    0.35.1               pyhd8ed1ab_0             conda-forge
2025-01-14T20:56:21.0669790Z   requests                       2.32.3               pyhd8ed1ab_0             conda-forge
2025-01-14T20:56:21.0670197Z   rfc3339-validator              0.1.4                pyhd8ed1ab_0             conda-forge
2025-01-14T20:56:21.0670625Z   rfc3986-validator              0.1.1                pyh9f0ad1d_0             conda-forge
2025-01-14T20:56:21.0671029Z   rpds-py                        0.18.1               py312h4413252_0          conda-forge
2025-01-14T20:56:21.0671378Z   ruff                           0.4.9                py312h5715c7c_0          conda-forge
2025-01-14T20:56:21.0671726Z   scipy                          1.13.1               py312hc2bc53b_0          conda-forge
2025-01-14T20:56:21.0672093Z   send2trash                     1.8.3                pyh0d859eb_0             conda-forge
2025-01-14T20:56:21.0672471Z   setuptools                     70.0.0               pyhd8ed1ab_0             conda-forge
2025-01-14T20:56:21.0672866Z   setuptools-scm                 8.1.0                pyhd8ed1ab_0             conda-forge
2025-01-14T20:56:21.0673268Z   setuptools_scm                 8.1.0                hd8ed1ab_0               conda-forge
2025-01-14T20:56:21.0673631Z   six                            1.16.0               pyh6c4a22f_0             conda-forge
2025-01-14T20:56:21.0673982Z   snakeviz                       2.2.0                pyhd8ed1ab_0             conda-forge
2025-01-14T20:56:21.0674503Z   snappy                         1.2.0                hdb0a2a9_1               conda-forge
2025-01-14T20:56:21.0674860Z   sniffio                        1.3.1                pyhd8ed1ab_0             conda-forge
2025-01-14T20:56:21.0675469Z   snowballstemmer                2.2.0                pyhd8ed1ab_0             conda-forge
2025-01-14T20:56:21.0675893Z   soupsieve                      2.5                  pyhd8ed1ab_1             conda-forge
2025-01-14T20:56:21.0676261Z   sphinx                         7.3.7                pyhd8ed1ab_0             conda-forge
2025-01-14T20:56:21.0676643Z   sphinx-astropy                 1.9.1                pyhd8ed1ab_0             conda-forge
2025-01-14T20:56:21.0677065Z   sphinx-automodapi              0.17.0               pyh717bed2_1             conda-forge
2025-01-14T20:56:21.0677488Z   sphinx-gallery                 0.16.0               pyhd8ed1ab_0             conda-forge
2025-01-14T20:56:21.0677916Z   sphinx-jsonschema              1.19.1               pyhd8ed1ab_0             conda-forge
2025-01-14T20:56:21.0678346Z   sphinx_bootstrap_theme         0.8.1                pyhd8ed1ab_0             conda-forge
2025-01-14T20:56:21.0678766Z   sphinx_rtd_theme               2.0.0                pyha770c72_0             conda-forge
2025-01-14T20:56:21.0679186Z   sphinxcontrib-apidoc           0.3.0                py_1                     conda-forge
2025-01-14T20:56:21.0679645Z   sphinxcontrib-applehelp        1.0.8                pyhd8ed1ab_0             conda-forge
2025-01-14T20:56:21.0680108Z   sphinxcontrib-bibtex           2.6.2                pyhd8ed1ab_0             conda-forge
2025-01-14T20:56:21.0680559Z   sphinxcontrib-devhelp          1.0.6                pyhd8ed1ab_0             conda-forge
2025-01-14T20:56:21.0681019Z   sphinxcontrib-htmlhelp         2.0.5                pyhd8ed1ab_0             conda-forge
2025-01-14T20:56:21.0681606Z   sphinxcontrib-jquery           4.1                  pyhd8ed1ab_0             conda-forge
2025-01-14T20:56:21.0682056Z   sphinxcontrib-jsmath           1.0.1                pyhd8ed1ab_0             conda-forge
2025-01-14T20:56:21.0682500Z   sphinxcontrib-qthelp           1.0.7                pyhd8ed1ab_0             conda-forge
2025-01-14T20:56:21.0682984Z   sphinxcontrib-serializinghtml  1.1.10               pyhd8ed1ab_0             conda-forge
2025-01-14T20:56:21.0683432Z   stack_data                     0.6.2                pyhd8ed1ab_0             conda-forge
2025-01-14T20:56:21.0683799Z   sympy                          1.12.1               pypyh2585a3b_103         conda-forge
2025-01-14T20:56:21.0684159Z   tabulate                       0.9.0                pyhd8ed1ab_1             conda-forge
2025-01-14T20:56:21.0684524Z   tenacity                       8.4.1                pyhd8ed1ab_0             conda-forge
2025-01-14T20:56:21.0684893Z   terminado                      0.18.1               pyh0d859eb_0             conda-forge
2025-01-14T20:56:21.0685793Z   tinycss2                       1.3.0                pyhd8ed1ab_0             conda-forge
2025-01-14T20:56:21.0686167Z   tk                             8.6.13               noxft_h4845f30_101       conda-forge
2025-01-14T20:56:21.0686505Z   toml                           0.10.2               pyhd8ed1ab_0             conda-forge
2025-01-14T20:56:21.0686849Z   tomli                          2.0.1                pyhd8ed1ab_0             conda-forge
2025-01-14T20:56:21.0687205Z   tornado                        6.4.1                py312h9a8786e_0          conda-forge
2025-01-14T20:56:21.0687555Z   tqdm                           4.66.4               pyhd8ed1ab_0             conda-forge
2025-01-14T20:56:21.0687917Z   traitlets                      5.14.3               pyhd8ed1ab_0             conda-forge
2025-01-14T20:56:21.0688290Z   typed-ast                      1.5.5                py312h98912ed_1          conda-forge
2025-01-14T20:56:21.0688725Z   types-python-dateutil          2.9.0.20240316       pyhd8ed1ab_0             conda-forge
2025-01-14T20:56:21.0689346Z   typing-extensions              4.12.2               hd8ed1ab_0               conda-forge
2025-01-14T20:56:21.0689766Z   typing_extensions              4.12.2               pyha770c72_0             conda-forge
2025-01-14T20:56:21.0690165Z   typing_utils                   0.1.0                pyhd8ed1ab_0             conda-forge
2025-01-14T20:56:21.0690537Z   tzdata                         2024a                h0c530f3_0               conda-forge
2025-01-14T20:56:21.0690917Z   uri-template                   1.3.0                pyhd8ed1ab_0             conda-forge
2025-01-14T20:56:21.0691291Z   urllib3                        2.2.2                pyhd8ed1ab_0             conda-forge
2025-01-14T20:56:21.0691668Z   wcwidth                        0.2.13               pyhd8ed1ab_0             conda-forge
2025-01-14T20:56:21.0692053Z   webcolors                      24.6.0               pyhd8ed1ab_0             conda-forge
2025-01-14T20:56:21.0692461Z   webencodings                   0.5.1                pyhd8ed1ab_2             conda-forge
2025-01-14T20:56:21.0692876Z   websocket-client               1.8.0                pyhd8ed1ab_0             conda-forge
2025-01-14T20:56:21.0693267Z   wheel                          0.43.0               pyhd8ed1ab_1             conda-forge
2025-01-14T20:56:21.0693665Z   widgetsnbextension             3.6.6                pyhd8ed1ab_0             conda-forge
2025-01-14T20:56:21.0694074Z   xorg-kbproto                   1.0.7                h7f98852_1002            conda-forge
2025-01-14T20:56:21.0694455Z   xorg-libice                    1.1.1                hd590300_0               conda-forge
2025-01-14T20:56:21.0694829Z   xorg-libsm                     1.2.4                h7391055_0               conda-forge
2025-01-14T20:56:21.0695350Z   xorg-libx11                    1.8.9                h8ee46fc_0               conda-forge
2025-01-14T20:56:21.0695912Z   xorg-libxau                    1.0.11               hd590300_0               conda-forge
2025-01-14T20:56:21.0696310Z   xorg-libxdmcp                  1.1.3                h7f98852_0               conda-forge
2025-01-14T20:56:21.0696706Z   xorg-libxext                   1.3.4                h0b41bf4_2               conda-forge
2025-01-14T20:56:21.0697101Z   xorg-libxrender                0.9.11               hd590300_0               conda-forge
2025-01-14T20:56:21.0697509Z   xorg-renderproto               0.11.1               h7f98852_1002            conda-forge
2025-01-14T20:56:21.0697913Z   xorg-xextproto                 7.3.0                h0b41bf4_1003            conda-forge
2025-01-14T20:56:21.0698293Z   xorg-xproto                    7.0.31               h7f98852_1007            conda-forge
2025-01-14T20:56:21.0698644Z   xz                             5.2.6                h166bdaf_0               conda-forge
2025-01-14T20:56:21.0698968Z   yaml                           0.2.5                h7f98852_2               conda-forge
2025-01-14T20:56:21.0699311Z   zeromq                         4.3.5                h75354e8_4               conda-forge
2025-01-14T20:56:21.0699657Z   zipp                           3.19.2               pyhd8ed1ab_0             conda-forge
2025-01-14T20:56:21.0699989Z   zlib                           1.3.1                h4ab18f5_1               conda-forge
2025-01-14T20:56:21.0700324Z   zlib-ng                        2.0.7                h0b41bf4_0               conda-forge
2025-01-14T20:56:21.0700660Z   zstd                           1.5.6                ha6fb4c9_0               conda-forge
2025-01-14T20:56:21.0701191Z ##[endgroup]
