2025-01-10T11:19:00.6245097Z Requested labels: macos-latest
2025-01-10T11:19:00.6245924Z Job defined at: tardis-sn/tardis/.github/workflows/tests.yml@refs/pull/2929/merge
2025-01-10T11:19:00.6246041Z Waiting for a runner to pick up this job...
2025-01-10T11:19:00.9208011Z Job is waiting for a hosted runner to come online.
2025-01-10T11:19:04.2864116Z Job is about to start running on the hosted runner: GitHub Actions 47 (hosted)
2025-01-10T11:19:05.6126840Z Current runner version: '2.321.0'
2025-01-10T11:19:05.6146570Z ##[group]Operating System
2025-01-10T11:19:05.6147110Z macOS
2025-01-10T11:19:05.6147420Z 14.7.2
2025-01-10T11:19:05.6147720Z 23H311
2025-01-10T11:19:05.6148030Z ##[endgroup]
2025-01-10T11:19:05.6148350Z ##[group]Runner Image
2025-01-10T11:19:05.6148700Z Image: macos-14-arm64
2025-01-10T11:19:05.6149030Z Version: 20250106.725
2025-01-10T11:19:05.6149750Z Included Software: https://github.com/actions/runner-images/blob/macos-14-arm64/20250106.725/images/macos/macos-14-arm64-Readme.md
2025-01-10T11:19:05.6150700Z Image Release: https://github.com/actions/runner-images/releases/tag/macos-14-arm64%2F20250106.725
2025-01-10T11:19:05.6151300Z ##[endgroup]
2025-01-10T11:19:05.6151620Z ##[group]Runner Image Provisioner
2025-01-10T11:19:05.6152020Z 2.0.404.1+573eac7f0cc07d6bb82d8b9bf5e1ffa69a554644
2025-01-10T11:19:05.6152420Z ##[endgroup]
2025-01-10T11:19:05.6153800Z ##[group]GITHUB_TOKEN Permissions
2025-01-10T11:19:05.6155250Z Actions: read
2025-01-10T11:19:05.6155580Z Attestations: read
2025-01-10T11:19:05.6155880Z Checks: read
2025-01-10T11:19:05.6156210Z Contents: read
2025-01-10T11:19:05.6156510Z Deployments: read
2025-01-10T11:19:05.6156820Z Discussions: read
2025-01-10T11:19:05.6157120Z Issues: read
2025-01-10T11:19:05.6157410Z Metadata: read
2025-01-10T11:19:05.6157710Z Packages: read
2025-01-10T11:19:05.6158010Z Pages: read
2025-01-10T11:19:05.6158300Z PullRequests: read
2025-01-10T11:19:05.6158620Z RepositoryProjects: read
2025-01-10T11:19:05.6158960Z SecurityEvents: read
2025-01-10T11:19:05.6159270Z Statuses: read
2025-01-10T11:19:05.6159570Z ##[endgroup]
2025-01-10T11:19:05.6162020Z Secret source: None
2025-01-10T11:19:05.6162570Z Prepare workflow directory
2025-01-10T11:19:05.6545790Z Prepare all required actions
2025-01-10T11:19:05.6573760Z Getting action download info
2025-01-10T11:19:05.8744190Z Download action repository 'actions/checkout@v4' (SHA:11bd71901bbe5b1630ceea73d27597364c9af683)
2025-01-10T11:19:06.2189890Z Download action repository 'actions/upload-artifact@v4' (SHA:6f51ac03b9356f520e9adb1b1b7802705f340c2b)
2025-01-10T11:19:06.3840600Z Complete job name:  continuum macos-latest 
2025-01-10T11:19:06.4262780Z ##[group]Run actions/checkout@v4
2025-01-10T11:19:06.4263370Z with:
2025-01-10T11:19:06.4263690Z   repository: tardis-sn/tardis
2025-01-10T11:19:06.4264170Z   token: ***
2025-01-10T11:19:06.4264440Z   ssh-strict: true
2025-01-10T11:19:06.4264720Z   ssh-user: git
2025-01-10T11:19:06.4265010Z   persist-credentials: true
2025-01-10T11:19:06.4265330Z   clean: true
2025-01-10T11:19:06.4265750Z   sparse-checkout-cone-mode: true
2025-01-10T11:19:06.4266070Z   fetch-depth: 1
2025-01-10T11:19:06.4266340Z   fetch-tags: false
2025-01-10T11:19:06.4266640Z   show-progress: true
2025-01-10T11:19:06.4266910Z   lfs: false
2025-01-10T11:19:06.4267180Z   submodules: false
2025-01-10T11:19:06.4267570Z   set-safe-directory: true
2025-01-10T11:19:06.4268040Z env:
2025-01-10T11:19:06.4268280Z   CACHE_NUMBER: 0
2025-01-10T11:19:06.4269020Z   PYTEST_FLAGS: --tardis-regression-data=/Users/runner/work/tardis/tardis/tardis-regression-data --cov=tardis --cov-report=xml --cov-report=html --cov-append
2025-01-10T11:19:06.4269950Z   CODECOV_TOKEN: 
2025-01-10T11:19:06.4270230Z ##[endgroup]
2025-01-10T11:19:06.8067350Z Syncing repository: tardis-sn/tardis
2025-01-10T11:19:06.8068570Z ##[group]Getting Git version info
2025-01-10T11:19:06.8069030Z Working directory is '/Users/runner/work/tardis/tardis'
2025-01-10T11:19:06.8069680Z [command]/opt/homebrew/bin/git version
2025-01-10T11:19:06.8543880Z git version 2.47.1
2025-01-10T11:19:06.8569490Z ##[endgroup]
2025-01-10T11:19:06.8576530Z Copying '/Users/runner/.gitconfig' to '/Users/runner/work/_temp/6c7e7ead-1439-4efd-b041-77835d32e947/.gitconfig'
2025-01-10T11:19:06.8583560Z Temporarily overriding HOME='/Users/runner/work/_temp/6c7e7ead-1439-4efd-b041-77835d32e947' before making global git config changes
2025-01-10T11:19:06.8584520Z Adding repository directory to the temporary git global config as a safe directory
2025-01-10T11:19:06.8587590Z [command]/opt/homebrew/bin/git config --global --add safe.directory /Users/runner/work/tardis/tardis
2025-01-10T11:19:06.8682410Z Deleting the contents of '/Users/runner/work/tardis/tardis'
2025-01-10T11:19:06.8685920Z ##[group]Initializing the repository
2025-01-10T11:19:06.8690390Z [command]/opt/homebrew/bin/git init /Users/runner/work/tardis/tardis
2025-01-10T11:19:06.8859890Z hint: Using 'master' as the name for the initial branch. This default branch name
2025-01-10T11:19:06.8860970Z hint: is subject to change. To configure the initial branch name to use in all
2025-01-10T11:19:06.8861600Z hint: of your new repositories, which will suppress this warning, call:
2025-01-10T11:19:06.8862070Z hint:
2025-01-10T11:19:06.8862420Z hint: 	git config --global init.defaultBranch <name>
2025-01-10T11:19:06.8863170Z hint:
2025-01-10T11:19:06.8863590Z hint: Names commonly chosen instead of 'master' are 'main', 'trunk' and
2025-01-10T11:19:06.8864230Z hint: 'development'. The just-created branch can be renamed via this command:
2025-01-10T11:19:06.8864750Z hint:
2025-01-10T11:19:06.8865030Z hint: 	git branch -m <name>
2025-01-10T11:19:06.8865520Z Initialized empty Git repository in /Users/runner/work/tardis/tardis/.git/
2025-01-10T11:19:06.8866760Z [command]/opt/homebrew/bin/git remote add origin https://github.com/tardis-sn/tardis
2025-01-10T11:19:06.9252880Z ##[endgroup]
2025-01-10T11:19:06.9278110Z ##[group]Disabling automatic garbage collection
2025-01-10T11:19:06.9324760Z [command]/opt/homebrew/bin/git config --local gc.auto 0
2025-01-10T11:19:06.9368800Z ##[endgroup]
2025-01-10T11:19:06.9369390Z ##[group]Setting up auth
2025-01-10T11:19:06.9369960Z [command]/opt/homebrew/bin/git config --local --name-only --get-regexp core\.sshCommand
2025-01-10T11:19:06.9371590Z [command]/opt/homebrew/bin/git submodule foreach --recursive sh -c "git config --local --name-only --get-regexp 'core\.sshCommand' && git config --local --unset-all 'core.sshCommand' || :"
2025-01-10T11:19:06.9970460Z [command]/opt/homebrew/bin/git config --local --name-only --get-regexp http\.https\:\/\/github\.com\/\.extraheader
2025-01-10T11:19:07.0011770Z [command]/opt/homebrew/bin/git submodule foreach --recursive sh -c "git config --local --name-only --get-regexp 'http\.https\:\/\/github\.com\/\.extraheader' && git config --local --unset-all 'http.https://github.com/.extraheader' || :"
2025-01-10T11:19:07.0532390Z [command]/opt/homebrew/bin/git config --local http.https://github.com/.extraheader AUTHORIZATION: basic ***
2025-01-10T11:19:07.0601360Z ##[endgroup]
2025-01-10T11:19:07.0603880Z ##[group]Fetching the repository
2025-01-10T11:19:07.0606800Z [command]/opt/homebrew/bin/git -c protocol.version=2 fetch --no-tags --prune --no-recurse-submodules --depth=1 origin +acef00b1f39b2836626a5d4d279a7fc892b8ddc1:refs/remotes/pull/2929/merge
2025-01-10T11:19:08.8095550Z From https://github.com/tardis-sn/tardis
2025-01-10T11:19:08.8096770Z  * [new ref]         acef00b1f39b2836626a5d4d279a7fc892b8ddc1 -> pull/2929/merge
2025-01-10T11:19:08.8150670Z ##[endgroup]
2025-01-10T11:19:08.8151680Z ##[group]Determining the checkout info
2025-01-10T11:19:08.8152940Z ##[endgroup]
2025-01-10T11:19:08.8154950Z [command]/opt/homebrew/bin/git sparse-checkout disable
2025-01-10T11:19:08.8213220Z [command]/opt/homebrew/bin/git config --local --unset-all extensions.worktreeConfig
2025-01-10T11:19:08.8265900Z ##[group]Checking out the ref
2025-01-10T11:19:08.8268010Z [command]/opt/homebrew/bin/git checkout --progress --force refs/remotes/pull/2929/merge
2025-01-10T11:19:09.0402690Z HEAD is now at acef00b Merge fbbb82fc89530532ef92a7718b9418f80dbf92bc into 0fc2c76326b8122f88ddaf369f17a637bbe37c63
2025-01-10T11:19:09.0416430Z ##[endgroup]
2025-01-10T11:19:09.0451430Z [command]/opt/homebrew/bin/git log -1 --format=%H
2025-01-10T11:19:09.0504760Z acef00b1f39b2836626a5d4d279a7fc892b8ddc1
2025-01-10T11:19:09.0810880Z Prepare all required actions
2025-01-10T11:19:09.0811920Z Getting action download info
2025-01-10T11:19:09.2487210Z Download action repository 'actions/cache@v4' (SHA:1bd1e32a3bdc45362d1e726936510720a7c30a57)
2025-01-10T11:19:09.3503880Z ##[group]Run ./.github/actions/setup_lfs
2025-01-10T11:19:09.3504540Z with:
2025-01-10T11:19:09.3505170Z   regression-data-repo: tardis-sn/tardis-regression-data
2025-01-10T11:19:09.3505920Z env:
2025-01-10T11:19:09.3506390Z   CACHE_NUMBER: 0
2025-01-10T11:19:09.3507700Z   PYTEST_FLAGS: --tardis-regression-data=/Users/runner/work/tardis/tardis/tardis-regression-data --cov=tardis --cov-report=xml --cov-report=html --cov-append
2025-01-10T11:19:09.3509090Z   CODECOV_TOKEN: 
2025-01-10T11:19:09.3509610Z ##[endgroup]
2025-01-10T11:19:09.3637730Z ##[group]Run actions/checkout@v4
2025-01-10T11:19:09.3638310Z with:
2025-01-10T11:19:09.3638820Z   repository: tardis-sn/tardis-regression-data
2025-01-10T11:19:09.3639500Z   path: tardis-regression-data
2025-01-10T11:19:09.3640250Z   token: ***
2025-01-10T11:19:09.3640740Z   ssh-strict: true
2025-01-10T11:19:09.3641260Z   ssh-user: git
2025-01-10T11:19:09.3641760Z   persist-credentials: true
2025-01-10T11:19:09.3642340Z   clean: true
2025-01-10T11:19:09.3642840Z   sparse-checkout-cone-mode: true
2025-01-10T11:19:09.3643420Z   fetch-depth: 1
2025-01-10T11:19:09.3643900Z   fetch-tags: false
2025-01-10T11:19:09.3644400Z   show-progress: true
2025-01-10T11:19:09.3644900Z   lfs: false
2025-01-10T11:19:09.3645370Z   submodules: false
2025-01-10T11:19:09.3645880Z   set-safe-directory: true
2025-01-10T11:19:09.3646410Z env:
2025-01-10T11:19:09.3646850Z   CACHE_NUMBER: 0
2025-01-10T11:19:09.3648090Z   PYTEST_FLAGS: --tardis-regression-data=/Users/runner/work/tardis/tardis/tardis-regression-data --cov=tardis --cov-report=xml --cov-report=html --cov-append
2025-01-10T11:19:09.3649430Z   CODECOV_TOKEN: 
2025-01-10T11:19:09.3649910Z ##[endgroup]
2025-01-10T11:19:09.4829040Z Syncing repository: tardis-sn/tardis-regression-data
2025-01-10T11:19:09.4830370Z ##[group]Getting Git version info
2025-01-10T11:19:09.4831340Z Working directory is '/Users/runner/work/tardis/tardis/tardis-regression-data'
2025-01-10T11:19:09.4832870Z [command]/opt/homebrew/bin/git version
2025-01-10T11:19:09.4833630Z git version 2.47.1
2025-01-10T11:19:09.4838970Z ##[endgroup]
2025-01-10T11:19:09.4843870Z Copying '/Users/runner/.gitconfig' to '/Users/runner/work/_temp/40c9cc49-3461-4d23-89dc-1d49817d5b11/.gitconfig'
2025-01-10T11:19:09.4852510Z Temporarily overriding HOME='/Users/runner/work/_temp/40c9cc49-3461-4d23-89dc-1d49817d5b11' before making global git config changes
2025-01-10T11:19:09.4858660Z Adding repository directory to the temporary git global config as a safe directory
2025-01-10T11:19:09.4870510Z [command]/opt/homebrew/bin/git config --global --add safe.directory /Users/runner/work/tardis/tardis/tardis-regression-data
2025-01-10T11:19:09.4922460Z ##[group]Initializing the repository
2025-01-10T11:19:09.4925920Z [command]/opt/homebrew/bin/git init /Users/runner/work/tardis/tardis/tardis-regression-data
2025-01-10T11:19:09.5006780Z hint: Using 'master' as the name for the initial branch. This default branch name
2025-01-10T11:19:09.5009710Z hint: is subject to change. To configure the initial branch name to use in all
2025-01-10T11:19:09.5011390Z hint: of your new repositories, which will suppress this warning, call:
2025-01-10T11:19:09.5012260Z hint:
2025-01-10T11:19:09.5012850Z hint: 	git config --global init.defaultBranch <name>
2025-01-10T11:19:09.5013530Z hint:
2025-01-10T11:19:09.5014200Z hint: Names commonly chosen instead of 'master' are 'main', 'trunk' and
2025-01-10T11:19:09.5015260Z hint: 'development'. The just-created branch can be renamed via this command:
2025-01-10T11:19:09.5016070Z hint:
2025-01-10T11:19:09.5016570Z hint: 	git branch -m <name>
2025-01-10T11:19:09.5017480Z Initialized empty Git repository in /Users/runner/work/tardis/tardis/tardis-regression-data/.git/
2025-01-10T11:19:09.5020330Z [command]/opt/homebrew/bin/git remote add origin https://github.com/tardis-sn/tardis-regression-data
2025-01-10T11:19:09.5062160Z ##[endgroup]
2025-01-10T11:19:09.5063090Z ##[group]Disabling automatic garbage collection
2025-01-10T11:19:09.5064540Z [command]/opt/homebrew/bin/git config --local gc.auto 0
2025-01-10T11:19:09.5111640Z ##[endgroup]
2025-01-10T11:19:09.5112530Z ##[group]Setting up auth
2025-01-10T11:19:09.5116030Z [command]/opt/homebrew/bin/git config --local --name-only --get-regexp core\.sshCommand
2025-01-10T11:19:09.5161200Z [command]/opt/homebrew/bin/git submodule foreach --recursive sh -c "git config --local --name-only --get-regexp 'core\.sshCommand' && git config --local --unset-all 'core.sshCommand' || :"
2025-01-10T11:19:09.5725530Z [command]/opt/homebrew/bin/git config --local --name-only --get-regexp http\.https\:\/\/github\.com\/\.extraheader
2025-01-10T11:19:09.5770770Z [command]/opt/homebrew/bin/git submodule foreach --recursive sh -c "git config --local --name-only --get-regexp 'http\.https\:\/\/github\.com\/\.extraheader' && git config --local --unset-all 'http.https://github.com/.extraheader' || :"
2025-01-10T11:19:09.7871700Z [command]/opt/homebrew/bin/git config --local http.https://github.com/.extraheader AUTHORIZATION: basic ***
2025-01-10T11:19:09.8174850Z ##[endgroup]
2025-01-10T11:19:09.8276060Z ##[group]Determining the default branch
2025-01-10T11:19:09.8376340Z Retrieving the default branch name
2025-01-10T11:19:10.2342240Z Default branch 'main'
2025-01-10T11:19:10.2343460Z ##[endgroup]
2025-01-10T11:19:10.2343990Z ##[group]Fetching the repository
2025-01-10T11:19:10.2346330Z [command]/opt/homebrew/bin/git -c protocol.version=2 fetch --no-tags --prune --no-recurse-submodules --depth=1 origin +refs/heads/main:refs/remotes/origin/main
2025-01-10T11:19:11.1755690Z From https://github.com/tardis-sn/tardis-regression-data
2025-01-10T11:19:11.1756580Z  * [new branch]      main       -> origin/main
2025-01-10T11:19:11.1824350Z ##[endgroup]
2025-01-10T11:19:11.1824950Z ##[group]Determining the checkout info
2025-01-10T11:19:11.1825800Z ##[endgroup]
2025-01-10T11:19:11.1830700Z [command]/opt/homebrew/bin/git sparse-checkout disable
2025-01-10T11:19:11.1900790Z [command]/opt/homebrew/bin/git config --local --unset-all extensions.worktreeConfig
2025-01-10T11:19:11.1960240Z ##[group]Checking out the ref
2025-01-10T11:19:11.1960870Z [command]/opt/homebrew/bin/git checkout --progress --force -B main refs/remotes/origin/main
2025-01-10T11:19:11.4343180Z Switched to a new branch 'main'
2025-01-10T11:19:11.4451850Z branch 'main' set up to track 'origin/main'.
2025-01-10T11:19:11.6528390Z ##[endgroup]
2025-01-10T11:19:11.6595170Z [command]/opt/homebrew/bin/git log -1 --format=%H
2025-01-10T11:19:11.6595800Z 666ab8501c2b2aea30d05b8822e7ddbfca078d23
2025-01-10T11:19:11.6677410Z ##[group]Run git lfs ls-files -l | cut -d' ' -f1 | sort > .lfs-assets-id
2025-01-10T11:19:11.6677880Z [36;1mgit lfs ls-files -l | cut -d' ' -f1 | sort > .lfs-assets-id[0m
2025-01-10T11:19:11.6823770Z shell: /bin/bash --noprofile --norc -e -o pipefail {0}
2025-01-10T11:19:11.6824050Z env:
2025-01-10T11:19:11.6824250Z   CACHE_NUMBER: 0
2025-01-10T11:19:11.6824850Z   PYTEST_FLAGS: --tardis-regression-data=/Users/runner/work/tardis/tardis/tardis-regression-data --cov=tardis --cov-report=xml --cov-report=html --cov-append
2025-01-10T11:19:11.6825370Z   CODECOV_TOKEN: 
2025-01-10T11:19:11.6825510Z ##[endgroup]
2025-01-10T11:19:11.9981790Z ##[group]Run actions/cache/restore@v4
2025-01-10T11:19:11.9982060Z with:
2025-01-10T11:19:11.9982210Z   path: tardis-regression-data/.git/lfs
2025-01-10T11:19:11.9982550Z   key: macOS-lfs-21f9fa4b6817cc69b9fae3598144724da7828e276a73bd17f47a2a49d9af090a-v1
2025-01-10T11:19:11.9982890Z   enableCrossOsArchive: false
2025-01-10T11:19:11.9983060Z   fail-on-cache-miss: false
2025-01-10T11:19:11.9983290Z   lookup-only: false
2025-01-10T11:19:11.9983460Z env:
2025-01-10T11:19:11.9983630Z   CACHE_NUMBER: 0
2025-01-10T11:19:11.9984600Z   PYTEST_FLAGS: --tardis-regression-data=/Users/runner/work/tardis/tardis/tardis-regression-data --cov=tardis --cov-report=xml --cov-report=html --cov-append
2025-01-10T11:19:11.9985150Z   CODECOV_TOKEN: 
2025-01-10T11:19:11.9985300Z ##[endgroup]
2025-01-10T11:19:13.5552100Z Received 8388608 of 1706796060 (0.5%), 8.0 MBs/sec
2025-01-10T11:19:14.5523750Z Received 67108864 of 1706796060 (3.9%), 31.8 MBs/sec
2025-01-10T11:19:15.5592590Z Received 109051904 of 1706796060 (6.4%), 34.5 MBs/sec
2025-01-10T11:19:16.5523560Z Received 176160768 of 1706796060 (10.3%), 41.9 MBs/sec
2025-01-10T11:19:17.5526790Z Received 234881024 of 1706796060 (13.8%), 44.7 MBs/sec
2025-01-10T11:19:18.5535930Z Received 293601280 of 1706796060 (17.2%), 46.6 MBs/sec
2025-01-10T11:19:19.5540380Z Received 352321536 of 1706796060 (20.6%), 47.9 MBs/sec
2025-01-10T11:19:20.5546210Z Received 415236096 of 1706796060 (24.3%), 49.4 MBs/sec
2025-01-10T11:19:21.5555100Z Received 486539264 of 1706796060 (28.5%), 51.5 MBs/sec
2025-01-10T11:19:22.5555920Z Received 532676608 of 1706796060 (31.2%), 50.7 MBs/sec
2025-01-10T11:19:23.5542080Z Received 603979776 of 1706796060 (35.4%), 52.3 MBs/sec
2025-01-10T11:19:24.5544800Z Received 671088640 of 1706796060 (39.3%), 53.3 MBs/sec
2025-01-10T11:19:25.5573530Z Received 696254464 of 1706796060 (40.8%), 51.0 MBs/sec
2025-01-10T11:19:26.5577090Z Received 767557632 of 1706796060 (45.0%), 52.2 MBs/sec
2025-01-10T11:19:27.5592450Z Received 838860800 of 1706796060 (49.1%), 53.3 MBs/sec
2025-01-10T11:19:28.5594600Z Received 910163968 of 1706796060 (53.3%), 54.2 MBs/sec
2025-01-10T11:19:29.5593340Z Received 973078528 of 1706796060 (57.0%), 54.5 MBs/sec
2025-01-10T11:19:30.5595380Z Received 1031798784 of 1706796060 (60.5%), 54.6 MBs/sec
2025-01-10T11:19:31.5649640Z Received 1090519040 of 1706796060 (63.9%), 54.7 MBs/sec
2025-01-10T11:19:32.5614460Z Received 1153433600 of 1706796060 (67.6%), 54.9 MBs/sec
2025-01-10T11:19:33.5683570Z Received 1199570944 of 1706796060 (70.3%), 54.4 MBs/sec
2025-01-10T11:19:34.5707730Z Received 1254096896 of 1706796060 (73.5%), 54.3 MBs/sec
2025-01-10T11:19:35.5701350Z Received 1308622848 of 1706796060 (76.7%), 54.2 MBs/sec
2025-01-10T11:19:36.5712010Z Received 1363148800 of 1706796060 (79.9%), 54.1 MBs/sec
2025-01-10T11:19:37.5745240Z Received 1409286144 of 1706796060 (82.6%), 53.7 MBs/sec
2025-01-10T11:19:38.5794420Z Received 1463812096 of 1706796060 (85.8%), 53.6 MBs/sec
2025-01-10T11:19:39.5925030Z Received 1522532352 of 1706796060 (89.2%), 53.7 MBs/sec
2025-01-10T11:19:40.5799370Z Received 1577058304 of 1706796060 (92.4%), 53.6 MBs/sec
2025-01-10T11:19:41.5830540Z Received 1627389952 of 1706796060 (95.3%), 53.4 MBs/sec
2025-01-10T11:19:42.5917600Z Received 1677721600 of 1706796060 (98.3%), 53.2 MBs/sec
2025-01-10T11:19:43.5702230Z Cache Size: ~1628 MB (1706796060 B)
2025-01-10T11:19:43.5909430Z [command]/opt/homebrew/bin/gtar -xf /Users/runner/work/_temp/566b82e9-714f-44f5-bb0d-5e41871bb725/cache.tzst -P -C /Users/runner/work/tardis/tardis --delay-directory-restore --use-compress-program unzstd
2025-01-10T11:19:43.6021490Z Received 1706796060 of 1706796060 (100.0%), 52.4 MBs/sec
2025-01-10T11:19:54.3618410Z Cache restored successfully
2025-01-10T11:19:54.4972240Z Cache restored from key: macOS-lfs-21f9fa4b6817cc69b9fae3598144724da7828e276a73bd17f47a2a49d9af090a-v1
2025-01-10T11:19:54.5305930Z ##[group]Run git lfs checkout
2025-01-10T11:19:54.5306240Z [36;1mgit lfs checkout[0m
2025-01-10T11:19:54.5435550Z shell: /bin/bash --noprofile --norc -e -o pipefail {0}
2025-01-10T11:19:54.5436000Z env:
2025-01-10T11:19:54.5436230Z   CACHE_NUMBER: 0
2025-01-10T11:19:54.5436710Z   PYTEST_FLAGS: --tardis-regression-data=/Users/runner/work/tardis/tardis/tardis-regression-data --cov=tardis --cov-report=xml --cov-report=html --cov-append
2025-01-10T11:19:54.5437340Z   CODECOV_TOKEN: 
2025-01-10T11:19:54.5437580Z ##[endgroup]
2025-01-10T11:20:04.6363800Z Checking out LFS objects: 100% (204/204), 3.5 GB | 300 MB/s, done.
2025-01-10T11:20:16.5418940Z Prepare all required actions
2025-01-10T11:20:16.5419470Z Getting action download info
2025-01-10T11:20:16.6658850Z Download action repository 'mamba-org/setup-micromamba@v1' (SHA:4b9113af4fba0e9e1124b252dd6497a419e7396d)
2025-01-10T11:20:17.8538540Z ##[group]Run ./.github/actions/setup_env
2025-01-10T11:20:17.8538820Z with:
2025-01-10T11:20:17.8539010Z   os-label: osx-arm64
2025-01-10T11:20:17.8540030Z env:
2025-01-10T11:20:17.8540220Z   CACHE_NUMBER: 0
2025-01-10T11:20:17.8540760Z   PYTEST_FLAGS: --tardis-regression-data=/Users/runner/work/tardis/tardis/tardis-regression-data --cov=tardis --cov-report=xml --cov-report=html --cov-append
2025-01-10T11:20:17.8541340Z   CODECOV_TOKEN: 
2025-01-10T11:20:17.8541520Z ##[endgroup]
2025-01-10T11:20:17.8586260Z ##[group]Run file_hash=$(cat conda-osx-arm64.lock | shasum -a 256 | cut -d' ' -f1)
2025-01-10T11:20:17.8586730Z [36;1mfile_hash=$(cat conda-osx-arm64.lock | shasum -a 256 | cut -d' ' -f1)[0m
2025-01-10T11:20:17.8587130Z [36;1mecho "file_hash=$file_hash" >> "${GITHUB_OUTPUT}"[0m
2025-01-10T11:20:17.8646830Z shell: /bin/bash --noprofile --norc -e -o pipefail {0}
2025-01-10T11:20:17.8647080Z env:
2025-01-10T11:20:17.8647210Z   CACHE_NUMBER: 0
2025-01-10T11:20:17.8647710Z   PYTEST_FLAGS: --tardis-regression-data=/Users/runner/work/tardis/tardis/tardis-regression-data --cov=tardis --cov-report=xml --cov-report=html --cov-append
2025-01-10T11:20:17.8648220Z   CODECOV_TOKEN: 
2025-01-10T11:20:17.8648380Z ##[endgroup]
2025-01-10T11:20:18.0019370Z ##[group]Run mamba-org/setup-micromamba@v1
2025-01-10T11:20:18.0019630Z with:
2025-01-10T11:20:18.0019800Z   environment-file: conda-osx-arm64.lock
2025-01-10T11:20:18.0020180Z   cache-environment-key: bf0d0a4d4c847cca72476c6c68c493d56c484aada7e80de0e42c7607fcef5824
2025-01-10T11:20:18.0020690Z   cache-downloads-key: bf0d0a4d4c847cca72476c6c68c493d56c484aada7e80de0e42c7607fcef5824
2025-01-10T11:20:18.0021020Z   environment-name: tardis
2025-01-10T11:20:18.0021210Z   cache-environment: true
2025-01-10T11:20:18.0021430Z   cache-downloads: true
2025-01-10T11:20:18.0021590Z env:
2025-01-10T11:20:18.0021720Z   CACHE_NUMBER: 0
2025-01-10T11:20:18.0022210Z   PYTEST_FLAGS: --tardis-regression-data=/Users/runner/work/tardis/tardis/tardis-regression-data --cov=tardis --cov-report=xml --cov-report=html --cov-append
2025-01-10T11:20:18.0022720Z   CODECOV_TOKEN: 
2025-01-10T11:20:18.0022900Z ##[endgroup]
2025-01-10T11:20:18.6642980Z Will download micromamba to /Users/runner/micromamba-bin/micromamba
2025-01-10T11:20:18.6855160Z ##[group]Install micromamba
2025-01-10T11:20:19.2844300Z micromamba installed to /Users/runner/micromamba-bin/micromamba
2025-01-10T11:20:19.2846610Z ##[endgroup]
2025-01-10T11:20:19.2848420Z Adding conda-forge to condarc channels ...
2025-01-10T11:20:19.2868380Z ##[group]Initialize micromamba for bash.
2025-01-10T11:20:19.2881270Z [command]/Users/runner/micromamba-bin/micromamba shell init -s bash -r /Users/runner/micromamba --log-level warning --rc-file /Users/runner/work/_temp/setup-micromamba/.condarc
2025-01-10T11:20:19.3258240Z Modifying RC file "/Users/runner/.bash_profile"
2025-01-10T11:20:19.3259600Z Generating config for root prefix [1m"/Users/runner/micromamba"[0m
2025-01-10T11:20:19.3260850Z Setting mamba executable to: [1m"/Users/runner/micromamba-bin/micromamba"[0m
2025-01-10T11:20:19.3261240Z Adding (or replacing) the following in your "/Users/runner/.bash_profile" file
2025-01-10T11:20:19.3261520Z 
2025-01-10T11:20:19.3261590Z # >>> mamba initialize >>>
2025-01-10T11:20:19.3261810Z # !! Contents within this block are managed by 'mamba init' !!
2025-01-10T11:20:19.3262130Z export MAMBA_EXE='/Users/runner/micromamba-bin/micromamba';
2025-01-10T11:20:19.3262410Z export MAMBA_ROOT_PREFIX='/Users/runner/micromamba';
2025-01-10T11:20:19.3262770Z __mamba_setup="$("$MAMBA_EXE" shell hook --shell bash --root-prefix "$MAMBA_ROOT_PREFIX" 2> /dev/null)"
2025-01-10T11:20:19.3263160Z if [ $? -eq 0 ]; then
2025-01-10T11:20:19.3263360Z     eval "$__mamba_setup"
2025-01-10T11:20:19.3264320Z else
2025-01-10T11:20:19.3264570Z     alias micromamba="$MAMBA_EXE"  # Fallback on help from mamba activate
2025-01-10T11:20:19.3264820Z fi
2025-01-10T11:20:19.3264960Z unset __mamba_setup
2025-01-10T11:20:19.3277100Z # <<< mamba initialize <<<
2025-01-10T11:20:19.3277240Z 
2025-01-10T11:20:19.3277540Z ##[endgroup]
2025-01-10T11:20:19.3278410Z ##[group]Restoring downloads from `/Users/runner/micromamba/pkgs` ...
2025-01-10T11:20:20.7268200Z Received 33554432 of 310595873 (10.8%), 32.0 MBs/sec
2025-01-10T11:20:21.7273610Z Received 113246208 of 310595873 (36.5%), 53.9 MBs/sec
2025-01-10T11:20:22.7273710Z Received 171966464 of 310595873 (55.4%), 54.6 MBs/sec
2025-01-10T11:20:23.7268940Z Received 260046848 of 310595873 (83.7%), 62.0 MBs/sec
2025-01-10T11:20:24.2422760Z Cache Size: ~296 MB (310595873 B)
2025-01-10T11:20:24.2450410Z [command]/opt/homebrew/bin/gtar -xf /Users/runner/work/_temp/6ca79147-e22c-4980-b28a-67c6637cbb3d/cache.tzst -P -C /Users/runner/work/tardis/tardis --delay-directory-restore --use-compress-program unzstd
2025-01-10T11:20:24.7289560Z Received 310595873 of 310595873 (100.0%), 59.2 MBs/sec
2025-01-10T11:20:24.8250190Z Cache restored successfully
2025-01-10T11:20:24.8268050Z Restored cache with key `bf0d0a4d4c847cca72476c6c68c493d56c484aada7e80de0e42c7607fcef5824-osx-arm64`
2025-01-10T11:20:24.8270570Z ##[endgroup]
2025-01-10T11:20:24.8298480Z ##[group]Restoring environment `tardis` from `/Users/runner/micromamba/envs/tardis` ...
2025-01-10T11:20:26.1587230Z Received 37748736 of 385775710 (9.8%), 35.9 MBs/sec
2025-01-10T11:20:27.1592500Z Received 113246208 of 385775710 (29.4%), 53.9 MBs/sec
2025-01-10T11:20:28.1597760Z Received 184549376 of 385775710 (47.8%), 58.6 MBs/sec
2025-01-10T11:20:29.1614410Z Received 239075328 of 385775710 (62.0%), 56.9 MBs/sec
2025-01-10T11:20:30.1605260Z Received 335544320 of 385775710 (87.0%), 63.9 MBs/sec
2025-01-10T11:20:30.8049710Z Cache Size: ~368 MB (385775710 B)
2025-01-10T11:20:30.8075900Z [command]/opt/homebrew/bin/gtar -xf /Users/runner/work/_temp/5f1eedd4-bd8c-41fb-89d5-1b34b80d32b2/cache.tzst -P -C /Users/runner/work/tardis/tardis --delay-directory-restore --use-compress-program unzstd
2025-01-10T11:20:31.1722210Z Received 385775710 of 385775710 (100.0%), 61.3 MBs/sec
2025-01-10T11:20:43.0682940Z Cache restored successfully
2025-01-10T11:20:43.0686900Z Restored cache with key `bf0d0a4d4c847cca72476c6c68c493d56c484aada7e80de0e42c7607fcef5824-osx-arm64-tardis-args-4f53cda-root-873f6fe-bin-[object Promise]-file-bf0d0a4d4c847cca72476c6c68c493d56c484aada7e80de0e42c7607fcef5824`
2025-01-10T11:20:43.0699200Z ##[endgroup]
2025-01-10T11:20:43.0700140Z Adding environment tardis to auto-activate bash ...
2025-01-10T11:20:43.0705010Z Generating micromamba run shell.
2025-01-10T11:20:43.0708150Z ##[endgroup]
2025-01-10T11:20:43.0710480Z Set environment variables.
2025-01-10T11:20:43.0733380Z ##[group]micromamba info
2025-01-10T11:20:43.0735940Z [command]/Users/runner/micromamba-bin/micromamba info -r /Users/runner/micromamba -n tardis
2025-01-10T11:20:43.5391040Z 
2025-01-10T11:20:43.5391710Z        libmamba version : 1.5.10
2025-01-10T11:20:43.5392130Z      micromamba version : 1.5.10
2025-01-10T11:20:43.5392730Z            curl version : libcurl/8.10.1 (OpenSSL/3.3.2) SecureTransport zlib/1.3.1 zstd/1.5.6 libssh2/1.11.0 nghttp2/1.58.0
2025-01-10T11:20:43.5393310Z      libarchive version : libarchive 3.7.4 zlib/1.2.13 bz2lib/1.0.8 libzstd/1.5.6
2025-01-10T11:20:43.5393890Z        envs directories : /Users/runner/micromamba/envs
2025-01-10T11:20:43.5394310Z           package cache : /Users/runner/micromamba/pkgs
2025-01-10T11:20:43.5394910Z                           /Users/runner/.mamba/pkgs
2025-01-10T11:20:43.5395360Z             environment : tardis
2025-01-10T11:20:43.5395840Z            env location : /Users/runner/micromamba/envs/tardis
2025-01-10T11:20:43.5396240Z       user config files : /Users/runner/.mambarc
2025-01-10T11:20:43.5396690Z  populated config files : /Users/runner/work/_temp/setup-micromamba/.condarc
2025-01-10T11:20:43.5402080Z        virtual packages : __unix=0=0
2025-01-10T11:20:43.5402400Z                           __osx=14.7.2=0
2025-01-10T11:20:43.5403350Z                           __archspec=1=arm64
2025-01-10T11:20:43.5405620Z                channels : https://conda.anaconda.org/conda-forge/osx-arm64
2025-01-10T11:20:43.5406230Z                           https://conda.anaconda.org/conda-forge/noarch
2025-01-10T11:20:43.5410880Z        base environment : /Users/runner/micromamba
2025-01-10T11:20:43.5411290Z                platform : osx-arm64
2025-01-10T11:20:43.5411800Z ##[endgroup]
2025-01-10T11:20:43.5412150Z ##[group]micromamba list
2025-01-10T11:20:43.5412800Z [command]/Users/runner/micromamba-bin/micromamba list -r /Users/runner/micromamba -n tardis
2025-01-10T11:20:43.8796190Z List of packages in environment: "/Users/runner/micromamba/envs/tardis"
2025-01-10T11:20:43.8796840Z 
2025-01-10T11:20:43.8796970Z   Name                           Version              Build                    Channel    
2025-01-10T11:20:43.8798800Z â”€â”€â”€â”€â”€â”€â”€â”€â”€â”€â”€â”€â”€â”€â”€â”€â”€â”€â”€â”€â”€â”€â”€â”€â”€â”€â”€â”€â”€â”€â”€â”€â”€â”€â”€â”€â”€â”€â”€â”€â”€â”€â”€â”€â”€â”€â”€â”€â”€â”€â”€â”€â”€â”€â”€â”€â”€â”€â”€â”€â”€â”€â”€â”€â”€â”€â”€â”€â”€â”€â”€â”€â”€â”€â”€â”€â”€â”€â”€â”€â”€â”€â”€â”€â”€â”€â”€â”€â”€â”€â”€â”€
2025-01-10T11:20:43.8799250Z   alabaster                      0.7.16               pyhd8ed1ab_0             conda-forge
2025-01-10T11:20:43.8799730Z   anyio                          4.4.0                pyhd8ed1ab_0             conda-forge
2025-01-10T11:20:43.8800100Z   appnope                        0.1.4                pyhd8ed1ab_0             conda-forge
2025-01-10T11:20:43.8800700Z   argon2-cffi                    23.1.0               pyhd8ed1ab_0             conda-forge
2025-01-10T11:20:43.8801170Z   argon2-cffi-bindings           21.2.0               py312h02f2b3b_4          conda-forge
2025-01-10T11:20:43.8801640Z   arrow                          1.3.0                pyhd8ed1ab_0             conda-forge
2025-01-10T11:20:43.8802170Z   astropy                        6.1.1                py312hbebd99a_0          conda-forge
2025-01-10T11:20:43.8802660Z   astropy-iers-data              0.2024.6.17.0.31.35  pyhd8ed1ab_0             conda-forge
2025-01-10T11:20:43.8803260Z   astropy-sphinx-theme           1.1                  pyhd8ed1ab_0             conda-forge
2025-01-10T11:20:43.8803670Z   asttokens                      2.4.1                pyhd8ed1ab_0             conda-forge
2025-01-10T11:20:43.8804110Z   async-lru                      2.0.4                pyhd8ed1ab_0             conda-forge
2025-01-10T11:20:43.8805860Z   atk-1.0                        2.38.0               hd03087b_2               conda-forge
2025-01-10T11:20:43.8806300Z   attrs                          23.2.0               pyh71513ae_0             conda-forge
2025-01-10T11:20:43.8806670Z   babel                          2.14.0               pyhd8ed1ab_0             conda-forge
2025-01-10T11:20:43.8807150Z   beautifulsoup4                 4.12.3               pyha770c72_0             conda-forge
2025-01-10T11:20:43.8807560Z   bleach                         6.1.0                pyhd8ed1ab_0             conda-forge
2025-01-10T11:20:43.8808060Z   blosc                          1.21.5               h9c252e8_1               conda-forge
2025-01-10T11:20:43.8808470Z   brotli                         1.1.0                hb547adb_1               conda-forge
2025-01-10T11:20:43.8808820Z   brotli-bin                     1.1.0                hb547adb_1               conda-forge
2025-01-10T11:20:43.8809250Z   brotli-python                  1.1.0                py312h9f69965_1          conda-forge
2025-01-10T11:20:43.8809710Z   bzip2                          1.0.8                h93a5062_5               conda-forge
2025-01-10T11:20:43.8810120Z   c-ares                         1.28.1               h93a5062_0               conda-forge
2025-01-10T11:20:43.8811530Z   c-blosc2                       2.14.4               ha57e6be_1               conda-forge
2025-01-10T11:20:43.8811950Z   ca-certificates                2024.6.2             hf0a4a13_0               conda-forge
2025-01-10T11:20:43.8813020Z   cached-property                1.5.2                hd8ed1ab_1               conda-forge
2025-01-10T11:20:43.8813470Z   cached_property                1.5.2                pyha770c72_1             conda-forge
2025-01-10T11:20:43.8813910Z   cairo                          1.18.0               hd1e100b_0               conda-forge
2025-01-10T11:20:43.8814260Z   certifi                        2024.6.2             pyhd8ed1ab_0             conda-forge
2025-01-10T11:20:43.8815010Z   cffi                           1.16.0               py312h8e38eb3_0          conda-forge
2025-01-10T11:20:43.8815490Z   charset-normalizer             3.3.2                pyhd8ed1ab_0             conda-forge
2025-01-10T11:20:43.8816020Z   click                          8.1.7                unix_pyh707e725_0        conda-forge
2025-01-10T11:20:43.8816730Z   codespell                      2.3.0                pyhd8ed1ab_0             conda-forge
2025-01-10T11:20:43.8817190Z   colorama                       0.4.6                pyhd8ed1ab_0             conda-forge
2025-01-10T11:20:43.8817650Z   comm                           0.2.2                pyhd8ed1ab_0             conda-forge
2025-01-10T11:20:43.8818000Z   commonmark                     0.9.1                py_0                     conda-forge
2025-01-10T11:20:43.8818490Z   contourpy                      1.2.1                py312h0fef576_0          conda-forge
2025-01-10T11:20:43.8818880Z   coverage                       7.5.3                py312h7e5086c_0          conda-forge
2025-01-10T11:20:43.8819440Z   cycler                         0.12.1               pyhd8ed1ab_0             conda-forge
2025-01-10T11:20:43.8819850Z   dataclasses                    0.8                  pyhc8e2a94_3             conda-forge
2025-01-10T11:20:43.8820460Z   debugpy                        1.8.1                py312h20a0b95_0          conda-forge
2025-01-10T11:20:43.8820890Z   decorator                      5.1.1                pyhd8ed1ab_0             conda-forge
2025-01-10T11:20:43.8821380Z   defusedxml                     0.7.1                pyhd8ed1ab_0             conda-forge
2025-01-10T11:20:43.8821830Z   docutils                       0.20.1               py312h81bd7bf_3          conda-forge
2025-01-10T11:20:43.8822350Z   dot2tex                        2.11.3               pyhd8ed1ab_0             conda-forge
2025-01-10T11:20:43.8822850Z   entrypoints                    0.4                  pyhd8ed1ab_0             conda-forge
2025-01-10T11:20:43.8823270Z   exceptiongroup                 1.2.0                pyhd8ed1ab_2             conda-forge
2025-01-10T11:20:43.8823730Z   executing                      2.0.1                pyhd8ed1ab_0             conda-forge
2025-01-10T11:20:43.8824090Z   expat                          2.6.2                hebf3989_0               conda-forge
2025-01-10T11:20:43.8824620Z   font-ttf-dejavu-sans-mono      2.37                 hab24e00_0               conda-forge
2025-01-10T11:20:43.8825040Z   font-ttf-inconsolata           3.000                h77eed37_0               conda-forge
2025-01-10T11:20:43.8825550Z   font-ttf-source-code-pro       2.038                h77eed37_0               conda-forge
2025-01-10T11:20:43.8825970Z   font-ttf-ubuntu                0.83                 h77eed37_2               conda-forge
2025-01-10T11:20:43.8826440Z   fontconfig                     2.14.2               h82840c6_0               conda-forge
2025-01-10T11:20:43.8826830Z   fonts-conda-ecosystem          1                    0                        conda-forge
2025-01-10T11:20:43.8827300Z   fonts-conda-forge              1                    0                        conda-forge
2025-01-10T11:20:43.8827930Z   fonttools                      4.53.0               py312h7e5086c_0          conda-forge
2025-01-10T11:20:43.8828300Z   fqdn                           1.5.1                pyhd8ed1ab_0             conda-forge
2025-01-10T11:20:43.8828710Z   freetype                       2.12.1               hadb7bae_2               conda-forge
2025-01-10T11:20:43.8829060Z   fribidi                        1.0.10               h27ca646_0               conda-forge
2025-01-10T11:20:43.8829720Z   future                         1.0.0                pyhd8ed1ab_0             conda-forge
2025-01-10T11:20:43.8830100Z   gdk-pixbuf                     2.42.12              h7ddc832_0               conda-forge
2025-01-10T11:20:43.8830750Z   gettext                        0.22.5               h8fbad5d_2               conda-forge
2025-01-10T11:20:43.8831620Z   gettext-tools                  0.22.5               h8fbad5d_2               conda-forge
2025-01-10T11:20:43.8832860Z   giflib                         5.2.2                h93a5062_0               conda-forge
2025-01-10T11:20:43.8833690Z   git-lfs                        3.5.1                hce30654_0               conda-forge
2025-01-10T11:20:43.8834060Z   gmp                            6.3.0                hebf3989_1               conda-forge
2025-01-10T11:20:43.8834510Z   gmpy2                          2.1.5                py312hfa9fade_1          conda-forge
2025-01-10T11:20:43.8834880Z   graphite2                      1.3.13               hebf3989_1003            conda-forge
2025-01-10T11:20:43.8835330Z   graphviz                       11.0.0               h9bb9bc9_0               conda-forge
2025-01-10T11:20:43.8835890Z   gtk2                           2.24.33              h7895bb2_4               conda-forge
2025-01-10T11:20:43.8836380Z   gts                            0.7.6                he42f4ea_4               conda-forge
2025-01-10T11:20:43.8836700Z   h11                            0.14.0               pyhd8ed1ab_0             conda-forge
2025-01-10T11:20:43.8837120Z   h2                             4.1.0                pyhd8ed1ab_0             conda-forge
2025-01-10T11:20:43.8837480Z   h5py                           3.11.0               nompi_py312h903599c_102  conda-forge
2025-01-10T11:20:43.8837880Z   harfbuzz                       8.5.0                h1836168_0               conda-forge
2025-01-10T11:20:43.8838310Z   hdf5                           1.14.3               nompi_hec07895_105       conda-forge
2025-01-10T11:20:43.8838670Z   hpack                          4.0.0                pyh9f0ad1d_0             conda-forge
2025-01-10T11:20:43.8839330Z   httpcore                       1.0.5                pyhd8ed1ab_0             conda-forge
2025-01-10T11:20:43.8839740Z   httpx                          0.27.0               pyhd8ed1ab_0             conda-forge
2025-01-10T11:20:43.8840220Z   hyperframe                     6.0.1                pyhd8ed1ab_0             conda-forge
2025-01-10T11:20:43.8840610Z   icu                            73.2                 hc8870d7_0               conda-forge
2025-01-10T11:20:43.8841080Z   idna                           3.7                  pyhd8ed1ab_0             conda-forge
2025-01-10T11:20:43.8841470Z   imagesize                      1.4.1                pyhd8ed1ab_0             conda-forge
2025-01-10T11:20:43.8841920Z   importlib-metadata             7.1.0                pyha770c72_0             conda-forge
2025-01-10T11:20:43.8842400Z   importlib_metadata             7.1.0                hd8ed1ab_0               conda-forge
2025-01-10T11:20:43.8842860Z   importlib_resources            6.4.0                pyhd8ed1ab_0             conda-forge
2025-01-10T11:20:43.8843230Z   iniconfig                      2.0.0                pyhd8ed1ab_0             conda-forge
2025-01-10T11:20:43.8843620Z   ipykernel                      6.29.4               pyh57ce528_0             conda-forge
2025-01-10T11:20:43.8843950Z   ipython                        8.25.0               pyh707e725_0             conda-forge
2025-01-10T11:20:43.8844370Z   ipython_genutils               0.2.0                pyhd8ed1ab_1             conda-forge
2025-01-10T11:20:43.8844730Z   ipywidgets                     7.8.0                pyhd8ed1ab_0             conda-forge
2025-01-10T11:20:43.8845140Z   isoduration                    20.11.0              pyhd8ed1ab_0             conda-forge
2025-01-10T11:20:43.8845470Z   jedi                           0.19.1               pyhd8ed1ab_0             conda-forge
2025-01-10T11:20:43.8846300Z   jinja2                         3.1.4                pyhd8ed1ab_0             conda-forge
2025-01-10T11:20:43.8846650Z   json5                          0.9.25               pyhd8ed1ab_0             conda-forge
2025-01-10T11:20:43.8847050Z   jsonpointer                    3.0.0                py312h81bd7bf_0          conda-forge
2025-01-10T11:20:43.8847410Z   jsonschema                     4.22.0               pyhd8ed1ab_0             conda-forge
2025-01-10T11:20:43.8848000Z   jsonschema-specifications      2023.12.1            pyhd8ed1ab_0             conda-forge
2025-01-10T11:20:43.8848480Z   jsonschema-with-format-nongpl  4.22.0               pyhd8ed1ab_0             conda-forge
2025-01-10T11:20:43.8848900Z   jupyter-lsp                    2.2.5                pyhd8ed1ab_0             conda-forge
2025-01-10T11:20:43.8849290Z   jupyter_client                 8.6.2                pyhd8ed1ab_0             conda-forge
2025-01-10T11:20:43.8849630Z   jupyter_core                   5.7.2                py312h81bd7bf_0          conda-forge
2025-01-10T11:20:43.8850050Z   jupyter_events                 0.10.0               pyhd8ed1ab_0             conda-forge
2025-01-10T11:20:43.8850400Z   jupyter_server                 2.14.1               pyhd8ed1ab_0             conda-forge
2025-01-10T11:20:43.8850810Z   jupyter_server_terminals       0.5.3                pyhd8ed1ab_0             conda-forge
2025-01-10T11:20:43.8851170Z   jupyterlab                     4.2.2                pyhd8ed1ab_0             conda-forge
2025-01-10T11:20:43.8851590Z   jupyterlab_pygments            0.3.0                pyhd8ed1ab_1             conda-forge
2025-01-10T11:20:43.8851960Z   jupyterlab_server              2.27.2               pyhd8ed1ab_0             conda-forge
2025-01-10T11:20:43.8852360Z   jupyterlab_widgets             1.1.7                pyhd8ed1ab_0             conda-forge
2025-01-10T11:20:43.8852700Z   kiwisolver                     1.4.5                py312h389731b_1          conda-forge
2025-01-10T11:20:43.8853130Z   krb5                           1.21.2               h92f50d5_0               conda-forge
2025-01-10T11:20:43.8853460Z   latexcodec                     2.0.1                pyh9f0ad1d_0             conda-forge
2025-01-10T11:20:43.8853810Z   lcms2                          2.16                 ha0e7c42_0               conda-forge
2025-01-10T11:20:43.8854160Z   lerc                           4.0.0                h9a09cb3_0               conda-forge
2025-01-10T11:20:43.8854460Z   libaec                         1.1.3                hebf3989_0               conda-forge
2025-01-10T11:20:43.8854890Z   libasprintf                    0.22.5               h8fbad5d_2               conda-forge
2025-01-10T11:20:43.8855240Z   libasprintf-devel              0.22.5               h8fbad5d_2               conda-forge
2025-01-10T11:20:43.8855660Z   libblas                        3.9.0                22_osxarm64_openblas     conda-forge
2025-01-10T11:20:43.8856040Z   libbrotlicommon                1.1.0                hb547adb_1               conda-forge
2025-01-10T11:20:43.8856380Z   libbrotlidec                   1.1.0                hb547adb_1               conda-forge
2025-01-10T11:20:43.8856800Z   libbrotlienc                   1.1.0                hb547adb_1               conda-forge
2025-01-10T11:20:43.8857150Z   libcblas                       3.9.0                22_osxarm64_openblas     conda-forge
2025-01-10T11:20:43.8858070Z   libcurl                        8.8.0                h7b6f9a7_0               conda-forge
2025-01-10T11:20:43.8858710Z   libcxx                         17.0.6               h5f092b4_0               conda-forge
2025-01-10T11:20:43.8859200Z   libdeflate                     1.20                 h93a5062_0               conda-forge
2025-01-10T11:20:43.8859660Z   libedit                        3.1.20191231         hc8eb9b7_2               conda-forge
2025-01-10T11:20:43.8860130Z   libev                          4.33                 h93a5062_2               conda-forge
2025-01-10T11:20:43.8860820Z   libexpat                       2.6.2                hebf3989_0               conda-forge
2025-01-10T11:20:43.8861210Z   libffi                         3.4.2                h3422bc3_5               conda-forge
2025-01-10T11:20:43.8861710Z   libgd                          2.3.3                hfdf3952_9               conda-forge
2025-01-10T11:20:43.8862150Z   libgettextpo                   0.22.5               h8fbad5d_2               conda-forge
2025-01-10T11:20:43.8881130Z   libgettextpo-devel             0.22.5               h8fbad5d_2               conda-forge
2025-01-10T11:20:43.8881550Z   libgfortran                    5.0.0                13_2_0_hd922786_3        conda-forge
2025-01-10T11:20:43.8881970Z   libgfortran5                   13.2.0               hf226fd6_3               conda-forge
2025-01-10T11:20:43.8882270Z   libglib                        2.80.2               h59d46d9_1               conda-forge
2025-01-10T11:20:43.8882550Z   libiconv                       1.17                 h0d3ecfb_2               conda-forge
2025-01-10T11:20:43.8882900Z   libintl                        0.22.5               h8fbad5d_2               conda-forge
2025-01-10T11:20:43.8883230Z   libintl-devel                  0.22.5               h8fbad5d_2               conda-forge
2025-01-10T11:20:43.8883590Z   libjpeg-turbo                  3.0.0                hb547adb_1               conda-forge
2025-01-10T11:20:43.8883980Z   liblapack                      3.9.0                22_osxarm64_openblas     conda-forge
2025-01-10T11:20:43.8884330Z   libllvm14                      14.0.6               hd1a9a77_4               conda-forge
2025-01-10T11:20:43.8884680Z   libnghttp2                     1.58.0               ha4dd798_1               conda-forge
2025-01-10T11:20:43.8884980Z   libopenblas                    0.3.27               openmp_h6c19121_0        conda-forge
2025-01-10T11:20:43.8885320Z   libpng                         1.6.43               h091b4b1_0               conda-forge
2025-01-10T11:20:43.8885690Z   librsvg                        2.58.1               hbc281fb_0               conda-forge
2025-01-10T11:20:43.8886020Z   libsodium                      1.0.18               h27ca646_1               conda-forge
2025-01-10T11:20:43.8886390Z   libsqlite                      3.46.0               hfb93653_0               conda-forge
2025-01-10T11:20:43.8886720Z   libssh2                        1.11.0               h7a5bd25_0               conda-forge
2025-01-10T11:20:43.8887100Z   libtiff                        4.6.0                h07db509_3               conda-forge
2025-01-10T11:20:43.8887430Z   libwebp                        1.4.0                h54798ee_0               conda-forge
2025-01-10T11:20:43.8887750Z   libwebp-base                   1.4.0                h93a5062_0               conda-forge
2025-01-10T11:20:43.8888080Z   libxcb                         1.16                 hf2054a2_0               conda-forge
2025-01-10T11:20:43.8888440Z   libxml2                        2.12.7               ha661575_1               conda-forge
2025-01-10T11:20:43.8888770Z   libxslt                        1.1.39               h223e5b9_0               conda-forge
2025-01-10T11:20:43.8889130Z   libzlib                        1.3.1                hfb2fe0b_1               conda-forge
2025-01-10T11:20:43.8889450Z   llvm-openmp                    18.1.7               hde57baf_0               conda-forge
2025-01-10T11:20:43.8889820Z   llvmlite                       0.42.0               py312h17030e7_1          conda-forge
2025-01-10T11:20:43.8890110Z   lxml                           5.2.2                py312h0e5ab22_0          conda-forge
2025-01-10T11:20:43.8890450Z   lz4-c                          1.9.4                hb7217d7_0               conda-forge
2025-01-10T11:20:43.8890810Z   markupsafe                     2.1.5                py312he37b823_0          conda-forge
2025-01-10T11:20:43.8891140Z   matplotlib-base                3.8.4                py312h4479663_2          conda-forge
2025-01-10T11:20:43.8892320Z   matplotlib-inline              0.1.7                pyhd8ed1ab_0             conda-forge
2025-01-10T11:20:43.8892700Z   mistune                        3.0.2                pyhd8ed1ab_0             conda-forge
2025-01-10T11:20:43.8893010Z   mpc                            1.3.1                h91ba8db_0               conda-forge
2025-01-10T11:20:43.8893260Z   mpfr                           4.2.1                h41d338b_1               conda-forge
2025-01-10T11:20:43.8893680Z   mpmath                         1.3.0                pyhd8ed1ab_0             conda-forge
2025-01-10T11:20:43.8894070Z   munkres                        1.1.4                pyh9f0ad1d_0             conda-forge
2025-01-10T11:20:43.8894430Z   mypy_extensions                1.0.0                pyha770c72_0             conda-forge
2025-01-10T11:20:43.8894730Z   nbclassic                      1.1.0                pyhd8ed1ab_0             conda-forge
2025-01-10T11:20:43.8895070Z   nbclient                       0.10.0               pyhd8ed1ab_0             conda-forge
2025-01-10T11:20:43.8895390Z   nbconvert                      7.16.4               hd8ed1ab_1               conda-forge
2025-01-10T11:20:43.8895770Z   nbconvert-core                 7.16.4               pyhd8ed1ab_1             conda-forge
2025-01-10T11:20:43.8896150Z   nbconvert-pandoc               7.16.4               hd8ed1ab_1               conda-forge
2025-01-10T11:20:43.8896450Z   nbformat                       5.10.4               pyhd8ed1ab_0             conda-forge
2025-01-10T11:20:43.8896780Z   nbsphinx                       0.9.4                pyhd8ed1ab_0             conda-forge
2025-01-10T11:20:43.8897100Z   ncurses                        6.5                  hb89a1cb_0               conda-forge
2025-01-10T11:20:43.8897380Z   nest-asyncio                   1.6.0                pyhd8ed1ab_0             conda-forge
2025-01-10T11:20:43.8897700Z   networkx                       3.3                  pyhd8ed1ab_1             conda-forge
2025-01-10T11:20:43.8898050Z   notebook                       7.2.1                pyhd8ed1ab_0             conda-forge
2025-01-10T11:20:43.8898400Z   notebook-shim                  0.2.4                pyhd8ed1ab_0             conda-forge
2025-01-10T11:20:43.8898720Z   numba                          0.59.1               py312hbaff935_0          conda-forge
2025-01-10T11:20:43.8899070Z   numexpr                        2.10.0               py312h8ae5369_0          conda-forge
2025-01-10T11:20:43.8899370Z   numpy                          1.26.4               py312h8442bc7_0          conda-forge
2025-01-10T11:20:43.8899710Z   numpydoc                       1.7.0                pyhd8ed1ab_1             conda-forge
2025-01-10T11:20:43.8899980Z   openjpeg                       2.5.2                h9f1df11_0               conda-forge
2025-01-10T11:20:43.8900270Z   openssl                        3.3.1                hfb2fe0b_0               conda-forge
2025-01-10T11:20:43.8900550Z   overrides                      7.7.0                pyhd8ed1ab_0             conda-forge
2025-01-10T11:20:43.8900830Z   packaging                      24.1                 pyhd8ed1ab_0             conda-forge
2025-01-10T11:20:43.8901090Z   pandas                         2.2.2                py312h8ae5369_1          conda-forge
2025-01-10T11:20:43.8901350Z   pandoc                         3.2                  hce30654_0               conda-forge
2025-01-10T11:20:43.8901670Z   pandocfilters                  1.5.0                pyhd8ed1ab_0             conda-forge
2025-01-10T11:20:43.8901950Z   pango                          1.54.0               h5cb9fbc_0               conda-forge
2025-01-10T11:20:43.8902220Z   parso                          0.8.4                pyhd8ed1ab_0             conda-forge
2025-01-10T11:20:43.8902480Z   pathspec                       0.12.1               pyhd8ed1ab_0             conda-forge
2025-01-10T11:20:43.8902740Z   pbr                            6.0.0                pyhd8ed1ab_0             conda-forge
2025-01-10T11:20:43.8903130Z   pcre2                          10.44                h297a79d_0               conda-forge
2025-01-10T11:20:43.8903400Z   pexpect                        4.9.0                pyhd8ed1ab_0             conda-forge
2025-01-10T11:20:43.8903670Z   pickleshare                    0.7.5                py_1003                  conda-forge
2025-01-10T11:20:43.8903940Z   pillow                         10.3.0               py312h39b1d8d_1          conda-forge
2025-01-10T11:20:43.8904400Z   pip                            24.0                 pyhd8ed1ab_0             conda-forge
2025-01-10T11:20:43.8904660Z   pixman                         0.43.4               hebf3989_0               conda-forge
2025-01-10T11:20:43.8904960Z   pkgutil-resolve-name           1.3.10               pyhd8ed1ab_1             conda-forge
2025-01-10T11:20:43.8905260Z   platformdirs                   4.2.2                pyhd8ed1ab_0             conda-forge
2025-01-10T11:20:43.8905530Z   plotly                         5.22.0               pyhd8ed1ab_0             conda-forge
2025-01-10T11:20:43.8905790Z   pluggy                         1.5.0                pyhd8ed1ab_0             conda-forge
2025-01-10T11:20:43.8906090Z   prometheus_client              0.20.0               pyhd8ed1ab_0             conda-forge
2025-01-10T11:20:43.8906410Z   prompt-toolkit                 3.0.47               pyha770c72_0             conda-forge
2025-01-10T11:20:43.8906690Z   psutil                         5.9.8                py312he37b823_0          conda-forge
2025-01-10T11:20:43.8906980Z   pthread-stubs                  0.4                  h27ca646_1001            conda-forge
2025-01-10T11:20:43.8907260Z   ptyprocess                     0.7.0                pyhd3deb0d_0             conda-forge
2025-01-10T11:20:43.8907550Z   pure_eval                      0.2.2                pyhd8ed1ab_0             conda-forge
2025-01-10T11:20:43.8907830Z   py-cpuinfo                     9.0.0                pyhd8ed1ab_0             conda-forge
2025-01-10T11:20:43.8908100Z   pybtex                         0.24.0               pyhd8ed1ab_2             conda-forge
2025-01-10T11:20:43.8908390Z   pybtex-docutils                1.0.3                py312h81bd7bf_1          conda-forge
2025-01-10T11:20:43.8908690Z   pycparser                      2.22                 pyhd8ed1ab_0             conda-forge
2025-01-10T11:20:43.8908970Z   pyerfa                         2.0.1.4              py312hbebd99a_1          conda-forge
2025-01-10T11:20:43.8909250Z   pygments                       2.18.0               pyhd8ed1ab_0             conda-forge
2025-01-10T11:20:43.8909540Z   pygraphviz                     1.13                 py312h5f4d302_1          conda-forge
2025-01-10T11:20:43.8909850Z   pyobjc-core                    10.3.1               py312hbb55c70_0          conda-forge
2025-01-10T11:20:43.8910170Z   pyobjc-framework-cocoa         10.3.1               py312hbb55c70_0          conda-forge
2025-01-10T11:20:43.8910500Z   pyparsing                      3.1.2                pyhd8ed1ab_0             conda-forge
2025-01-10T11:20:43.8910790Z   pysocks                        1.7.1                pyha2e5f31_6             conda-forge
2025-01-10T11:20:43.8911080Z   pytables                       3.9.2                py312hb622ae1_2          conda-forge
2025-01-10T11:20:43.8911350Z   pytest                         8.2.2                pyhd8ed1ab_0             conda-forge
2025-01-10T11:20:43.8911630Z   pytest-cov                     5.0.0                pyhd8ed1ab_0             conda-forge
2025-01-10T11:20:43.8911970Z   pytest-doctestplus             1.2.1                pyhd8ed1ab_0             conda-forge
2025-01-10T11:20:43.8912280Z   pytest-html                    4.1.1                pyhd8ed1ab_0             conda-forge
2025-01-10T11:20:43.8912580Z   pytest-metadata                3.1.1                pyhd8ed1ab_0             conda-forge
2025-01-10T11:20:43.8912880Z   python                         3.12.4               h30c5eda_0_cpython       conda-forge
2025-01-10T11:20:43.8913340Z   python-dateutil                2.9.0                pyhd8ed1ab_0             conda-forge
2025-01-10T11:20:43.8913680Z   python-fastjsonschema          2.20.0               pyhd8ed1ab_0             conda-forge
2025-01-10T11:20:43.8914040Z   python-json-logger             2.0.7                pyhd8ed1ab_0             conda-forge
2025-01-10T11:20:43.8914350Z   python-tzdata                  2024.1               pyhd8ed1ab_0             conda-forge
2025-01-10T11:20:43.8914770Z   python_abi                     3.12                 4_cp312                  conda-forge
2025-01-10T11:20:43.8915050Z   pytz                           2024.1               pyhd8ed1ab_0             conda-forge
2025-01-10T11:20:43.8915310Z   pyyaml                         6.0.1                py312h02f2b3b_1          conda-forge
2025-01-10T11:20:43.8915580Z   pyzmq                          26.0.3               py312hfa13136_0          conda-forge
2025-01-10T11:20:43.8915830Z   qgrid                          1.3.1                pyhd8ed1ab_4             conda-forge
2025-01-10T11:20:43.8916120Z   radioactivedecay               0.5.1                pyhd8ed1ab_0             conda-forge
2025-01-10T11:20:43.8916410Z   readline                       8.2                  h92ec313_1               conda-forge
2025-01-10T11:20:43.8916690Z   recommonmark                   0.7.1                pyhd8ed1ab_0             conda-forge
2025-01-10T11:20:43.8917090Z   referencing                    0.35.1               pyhd8ed1ab_0             conda-forge
2025-01-10T11:20:43.8917370Z   requests                       2.32.3               pyhd8ed1ab_0             conda-forge
2025-01-10T11:20:43.8917710Z   rfc3339-validator              0.1.4                pyhd8ed1ab_0             conda-forge
2025-01-10T11:20:43.8918030Z   rfc3986-validator              0.1.1                pyh9f0ad1d_0             conda-forge
2025-01-10T11:20:43.8918300Z   rpds-py                        0.18.1               py312h552d48e_0          conda-forge
2025-01-10T11:20:43.8918560Z   ruff                           0.4.9                py312h3402d49_0          conda-forge
2025-01-10T11:20:43.8918820Z   scipy                          1.13.1               py312h14ffa8f_0          conda-forge
2025-01-10T11:20:43.8919090Z   send2trash                     1.8.3                pyh31c8845_0             conda-forge
2025-01-10T11:20:43.8919360Z   setuptools                     70.0.0               pyhd8ed1ab_0             conda-forge
2025-01-10T11:20:43.8919660Z   setuptools-scm                 8.1.0                pyhd8ed1ab_0             conda-forge
2025-01-10T11:20:43.8919950Z   setuptools_scm                 8.1.0                hd8ed1ab_0               conda-forge
2025-01-10T11:20:43.8920230Z   six                            1.16.0               pyh6c4a22f_0             conda-forge
2025-01-10T11:20:43.8920500Z   snakeviz                       2.2.0                pyhd8ed1ab_0             conda-forge
2025-01-10T11:20:43.8920770Z   snappy                         1.2.0                hd04f947_1               conda-forge
2025-01-10T11:20:43.8921040Z   sniffio                        1.3.1                pyhd8ed1ab_0             conda-forge
2025-01-10T11:20:43.8921320Z   snowballstemmer                2.2.0                pyhd8ed1ab_0             conda-forge
2025-01-10T11:20:43.8921600Z   soupsieve                      2.5                  pyhd8ed1ab_1             conda-forge
2025-01-10T11:20:43.8921890Z   sphinx                         7.3.7                pyhd8ed1ab_0             conda-forge
2025-01-10T11:20:43.8922170Z   sphinx-astropy                 1.9.1                pyhd8ed1ab_0             conda-forge
2025-01-10T11:20:43.8922500Z   sphinx-automodapi              0.17.0               pyh717bed2_1             conda-forge
2025-01-10T11:20:43.8922830Z   sphinx-gallery                 0.16.0               pyhd8ed1ab_0             conda-forge
2025-01-10T11:20:43.8923150Z   sphinx-jsonschema              1.19.1               pyhd8ed1ab_0             conda-forge
2025-01-10T11:20:43.8923560Z   sphinx_bootstrap_theme         0.8.1                pyhd8ed1ab_0             conda-forge
2025-01-10T11:20:43.8923890Z   sphinx_rtd_theme               2.0.0                pyha770c72_0             conda-forge
2025-01-10T11:20:43.8924200Z   sphinxcontrib-apidoc           0.3.0                py_1                     conda-forge
2025-01-10T11:20:43.8924540Z   sphinxcontrib-applehelp        1.0.8                pyhd8ed1ab_0             conda-forge
2025-01-10T11:20:43.8924990Z   sphinxcontrib-bibtex           2.6.2                pyhd8ed1ab_0             conda-forge
2025-01-10T11:20:43.8925320Z   sphinxcontrib-devhelp          1.0.6                pyhd8ed1ab_0             conda-forge
2025-01-10T11:20:43.8925640Z   sphinxcontrib-htmlhelp         2.0.5                pyhd8ed1ab_0             conda-forge
2025-01-10T11:20:43.8926080Z   sphinxcontrib-jquery           4.1                  pyhd8ed1ab_0             conda-forge
2025-01-10T11:20:43.8926410Z   sphinxcontrib-jsmath           1.0.1                pyhd8ed1ab_0             conda-forge
2025-01-10T11:20:43.8926740Z   sphinxcontrib-qthelp           1.0.7                pyhd8ed1ab_0             conda-forge
2025-01-10T11:20:43.8927180Z   sphinxcontrib-serializinghtml  1.1.10               pyhd8ed1ab_0             conda-forge
2025-01-10T11:20:43.8927520Z   stack_data                     0.6.2                pyhd8ed1ab_0             conda-forge
2025-01-10T11:20:43.8927790Z   sympy                          1.12.1               pypyh2585a3b_103         conda-forge
2025-01-10T11:20:43.8928200Z   tabulate                       0.9.0                pyhd8ed1ab_1             conda-forge
2025-01-10T11:20:43.8928470Z   tenacity                       8.4.1                pyhd8ed1ab_0             conda-forge
2025-01-10T11:20:43.8928760Z   terminado                      0.18.1               pyh31c8845_0             conda-forge
2025-01-10T11:20:43.8929040Z   tinycss2                       1.3.0                pyhd8ed1ab_0             conda-forge
2025-01-10T11:20:43.8929300Z   tk                             8.6.13               h5083fa2_1               conda-forge
2025-01-10T11:20:43.8929550Z   toml                           0.10.2               pyhd8ed1ab_0             conda-forge
2025-01-10T11:20:43.8929820Z   tomli                          2.0.1                pyhd8ed1ab_0             conda-forge
2025-01-10T11:20:43.8930070Z   tornado                        6.4.1                py312h7e5086c_0          conda-forge
2025-01-10T11:20:43.8930330Z   tqdm                           4.66.4               pyhd8ed1ab_0             conda-forge
2025-01-10T11:20:43.8930660Z   traitlets                      5.14.3               pyhd8ed1ab_0             conda-forge
2025-01-10T11:20:43.8930930Z   typed-ast                      1.5.5                py312h02f2b3b_1          conda-forge
2025-01-10T11:20:43.8931230Z   types-python-dateutil          2.9.0.20240316       pyhd8ed1ab_0             conda-forge
2025-01-10T11:20:43.8931590Z   typing-extensions              4.12.2               hd8ed1ab_0               conda-forge
2025-01-10T11:20:43.8931910Z   typing_extensions              4.12.2               pyha770c72_0             conda-forge
2025-01-10T11:20:43.8932200Z   typing_utils                   0.1.0                pyhd8ed1ab_0             conda-forge
2025-01-10T11:20:43.8932480Z   tzdata                         2024a                h0c530f3_0               conda-forge
2025-01-10T11:20:43.8932770Z   uri-template                   1.3.0                pyhd8ed1ab_0             conda-forge
2025-01-10T11:20:43.8933090Z   urllib3                        2.2.2                pyhd8ed1ab_0             conda-forge
2025-01-10T11:20:43.8933360Z   wcwidth                        0.2.13               pyhd8ed1ab_0             conda-forge
2025-01-10T11:20:43.8933630Z   webcolors                      24.6.0               pyhd8ed1ab_0             conda-forge
2025-01-10T11:20:43.8933990Z   webencodings                   0.5.1                pyhd8ed1ab_2             conda-forge
2025-01-10T11:20:43.8934280Z   websocket-client               1.8.0                pyhd8ed1ab_0             conda-forge
2025-01-10T11:20:43.8934650Z   wheel                          0.43.0               pyhd8ed1ab_1             conda-forge
2025-01-10T11:20:43.8934960Z   widgetsnbextension             3.6.6                pyhd8ed1ab_0             conda-forge
2025-01-10T11:20:43.8935280Z   xorg-libxau                    1.0.11               hb547adb_0               conda-forge
2025-01-10T11:20:43.8935560Z   xorg-libxdmcp                  1.1.3                h27ca646_0               conda-forge
2025-01-10T11:20:43.8935940Z   xz                             5.2.6                h57fd34a_0               conda-forge
2025-01-10T11:20:43.8936170Z   yaml                           0.2.5                h3422bc3_2               conda-forge
2025-01-10T11:20:43.8936550Z   zeromq                         4.3.5                hcc0f68c_4               conda-forge
2025-01-10T11:20:43.8936800Z   zipp                           3.19.2               pyhd8ed1ab_0             conda-forge
2025-01-10T11:20:43.8937060Z   zlib                           1.3.1                hfb2fe0b_1               conda-forge
2025-01-10T11:20:43.8937320Z   zlib-ng                        2.0.7                h1a8c8d9_0               conda-forge
2025-01-10T11:20:43.8937580Z   zstd                           1.5.6                hb46c0d2_0               conda-forge
2025-01-10T11:20:43.8938070Z ##[endgroup]
2025-01-10T11:20:43.8992750Z ##[group]Run pip install -e . --user
2025-01-10T11:20:43.8993010Z [36;1mpip install -e . --user[0m
2025-01-10T11:20:44.2681310Z shell: /bin/bash -l {0}
2025-01-10T11:20:44.2681490Z env:
2025-01-10T11:20:44.2681630Z   CACHE_NUMBER: 0
2025-01-10T11:20:44.2682130Z   PYTEST_FLAGS: --tardis-regression-data=/Users/runner/work/tardis/tardis/tardis-regression-data --cov=tardis --cov-report=xml --cov-report=html --cov-append
2025-01-10T11:20:44.2682640Z   CODECOV_TOKEN: 
2025-01-10T11:20:44.2682810Z   MAMBA_ROOT_PREFIX: /Users/runner/micromamba
2025-01-10T11:20:44.2683060Z   MAMBA_EXE: /Users/runner/micromamba-bin/micromamba
2025-01-10T11:20:44.2683350Z   CONDARC: /Users/runner/work/_temp/setup-micromamba/.condarc
2025-01-10T11:20:44.2683590Z ##[endgroup]
2025-01-10T11:20:45.2261950Z Obtaining file:///Users/runner/work/tardis/tardis
2025-01-10T11:20:45.2285440Z   Installing build dependencies: started
2025-01-10T11:20:47.8387680Z   Installing build dependencies: finished with status 'done'
2025-01-10T11:20:47.8396380Z   Checking if build backend supports build_editable: started
2025-01-10T11:20:47.9450560Z   Checking if build backend supports build_editable: finished with status 'done'
2025-01-10T11:20:47.9459210Z   Getting requirements to build editable: started
2025-01-10T11:20:48.4739370Z   Getting requirements to build editable: finished with status 'done'
2025-01-10T11:20:48.4749960Z   Preparing editable metadata (pyproject.toml): started
2025-01-10T11:20:48.8475520Z   Preparing editable metadata (pyproject.toml): finished with status 'done'
2025-01-10T11:20:48.8904410Z Requirement already satisfied: astropy in /Users/runner/micromamba/envs/tardis/lib/python3.12/site-packages (from tardis==0.0.0) (6.1.1)
2025-01-10T11:20:48.9156450Z Requirement already satisfied: numpy>=1.23 in /Users/runner/micromamba/envs/tardis/lib/python3.12/site-packages (from astropy->tardis==0.0.0) (1.26.4)
2025-01-10T11:20:48.9162770Z Requirement already satisfied: pyerfa>=2.0.1.1 in /Users/runner/micromamba/envs/tardis/lib/python3.12/site-packages (from astropy->tardis==0.0.0) (2.0.1.4)
2025-01-10T11:20:48.9169490Z Requirement already satisfied: astropy-iers-data>=0.2024.5.27.0.30.8 in /Users/runner/micromamba/envs/tardis/lib/python3.12/site-packages (from astropy->tardis==0.0.0) (0.2024.6.17.0.31.35)
2025-01-10T11:20:48.9174200Z Requirement already satisfied: PyYAML>=3.13 in /Users/runner/micromamba/envs/tardis/lib/python3.12/site-packages (from astropy->tardis==0.0.0) (6.0.1)
2025-01-10T11:20:48.9179640Z Requirement already satisfied: packaging>=19.0 in /Users/runner/micromamba/envs/tardis/lib/python3.12/site-packages (from astropy->tardis==0.0.0) (24.1)
2025-01-10T11:20:48.9232170Z Building wheels for collected packages: tardis
2025-01-10T11:20:48.9239620Z   Building editable for tardis (pyproject.toml): started
2025-01-10T11:20:49.5404100Z   Building editable for tardis (pyproject.toml): finished with status 'done'
2025-01-10T11:20:49.5411280Z   Created wheel for tardis: filename=tardis-0.0.0-0.editable-py3-none-any.whl size=8878 sha256=615fdf542511851b80a251ea0b8e204a1d6acf3aef1f2354154e6fafd7a1f6a7
2025-01-10T11:20:49.5412810Z   Stored in directory: /private/var/folders/ml/x_tvfgn50_s7p67dm1ypcqqm0000gn/T/pip-ephem-wheel-cache-u75n8mr8/wheels/bb/4f/6a/0829b918c1c10bc28535ce7f14be21eee54375bdd9cd0c306a
2025-01-10T11:20:49.5423160Z Successfully built tardis
2025-01-10T11:20:50.0647760Z Installing collected packages: tardis
2025-01-10T11:20:50.0683230Z Successfully installed tardis-0.0.0
2025-01-10T11:20:50.3024420Z ##[group]Run pip install qgridnext
2025-01-10T11:20:50.3024660Z [36;1mpip install qgridnext[0m
2025-01-10T11:20:50.3093820Z shell: /bin/bash -l {0}
2025-01-10T11:20:50.3094010Z env:
2025-01-10T11:20:50.3094290Z   CACHE_NUMBER: 0
2025-01-10T11:20:50.3094770Z   PYTEST_FLAGS: --tardis-regression-data=/Users/runner/work/tardis/tardis/tardis-regression-data --cov=tardis --cov-report=xml --cov-report=html --cov-append
2025-01-10T11:20:50.3095260Z   CODECOV_TOKEN: 
2025-01-10T11:20:50.3095440Z   MAMBA_ROOT_PREFIX: /Users/runner/micromamba
2025-01-10T11:20:50.3095720Z   MAMBA_EXE: /Users/runner/micromamba-bin/micromamba
2025-01-10T11:20:50.3096120Z   CONDARC: /Users/runner/work/_temp/setup-micromamba/.condarc
2025-01-10T11:20:50.3096420Z ##[endgroup]
2025-01-10T11:20:50.8625700Z Collecting qgridnext
2025-01-10T11:20:50.9016930Z   Downloading qgridnext-2.0.4-py3-none-any.whl.metadata (9.9 kB)
2025-01-10T11:20:50.9172960Z Requirement already satisfied: pandas>=0.20.0 in /Users/runner/micromamba/envs/tardis/lib/python3.12/site-packages (from qgridnext) (2.2.2)
2025-01-10T11:20:50.9177770Z Requirement already satisfied: ipywidgets>=7.0.0 in /Users/runner/micromamba/envs/tardis/lib/python3.12/site-packages (from qgridnext) (7.8.0)
2025-01-10T11:20:50.9183980Z Requirement already satisfied: numpy in /Users/runner/micromamba/envs/tardis/lib/python3.12/site-packages (from qgridnext) (1.26.4)
2025-01-10T11:20:50.9189930Z Requirement already satisfied: traitlets in /Users/runner/micromamba/envs/tardis/lib/python3.12/site-packages (from qgridnext) (5.14.3)
2025-01-10T11:20:50.9241290Z Requirement already satisfied: comm>=0.1.3 in /Users/runner/micromamba/envs/tardis/lib/python3.12/site-packages (from ipywidgets>=7.0.0->qgridnext) (0.2.2)
2025-01-10T11:20:50.9246080Z Requirement already satisfied: ipython-genutils~=0.2.0 in /Users/runner/micromamba/envs/tardis/lib/python3.12/site-packages (from ipywidgets>=7.0.0->qgridnext) (0.2.0)
2025-01-10T11:20:50.9254300Z Requirement already satisfied: widgetsnbextension~=3.6.5 in /Users/runner/micromamba/envs/tardis/lib/python3.12/site-packages (from ipywidgets>=7.0.0->qgridnext) (3.6.6)
2025-01-10T11:20:50.9262640Z Requirement already satisfied: ipython>=4.0.0 in /Users/runner/micromamba/envs/tardis/lib/python3.12/site-packages (from ipywidgets>=7.0.0->qgridnext) (8.25.0)
2025-01-10T11:20:50.9270980Z Requirement already satisfied: jupyterlab-widgets<3,>=1.0.0 in /Users/runner/micromamba/envs/tardis/lib/python3.12/site-packages (from ipywidgets>=7.0.0->qgridnext) (1.1.7)
2025-01-10T11:20:50.9543860Z Requirement already satisfied: python-dateutil>=2.8.2 in /Users/runner/micromamba/envs/tardis/lib/python3.12/site-packages (from pandas>=0.20.0->qgridnext) (2.9.0)
2025-01-10T11:20:50.9552310Z Requirement already satisfied: pytz>=2020.1 in /Users/runner/micromamba/envs/tardis/lib/python3.12/site-packages (from pandas>=0.20.0->qgridnext) (2024.1)
2025-01-10T11:20:50.9558110Z Requirement already satisfied: tzdata>=2022.7 in /Users/runner/micromamba/envs/tardis/lib/python3.12/site-packages (from pandas>=0.20.0->qgridnext) (2024.1)
2025-01-10T11:20:50.9754660Z Requirement already satisfied: decorator in /Users/runner/micromamba/envs/tardis/lib/python3.12/site-packages (from ipython>=4.0.0->ipywidgets>=7.0.0->qgridnext) (5.1.1)
2025-01-10T11:20:50.9764490Z Requirement already satisfied: jedi>=0.16 in /Users/runner/micromamba/envs/tardis/lib/python3.12/site-packages (from ipython>=4.0.0->ipywidgets>=7.0.0->qgridnext) (0.19.1)
2025-01-10T11:20:50.9769620Z Requirement already satisfied: matplotlib-inline in /Users/runner/micromamba/envs/tardis/lib/python3.12/site-packages (from ipython>=4.0.0->ipywidgets>=7.0.0->qgridnext) (0.1.7)
2025-01-10T11:20:50.9775280Z Requirement already satisfied: prompt-toolkit<3.1.0,>=3.0.41 in /Users/runner/micromamba/envs/tardis/lib/python3.12/site-packages (from ipython>=4.0.0->ipywidgets>=7.0.0->qgridnext) (3.0.47)
2025-01-10T11:20:50.9781230Z Requirement already satisfied: pygments>=2.4.0 in /Users/runner/micromamba/envs/tardis/lib/python3.12/site-packages (from ipython>=4.0.0->ipywidgets>=7.0.0->qgridnext) (2.18.0)
2025-01-10T11:20:50.9786700Z Requirement already satisfied: stack-data in /Users/runner/micromamba/envs/tardis/lib/python3.12/site-packages (from ipython>=4.0.0->ipywidgets>=7.0.0->qgridnext) (0.6.2)
2025-01-10T11:20:50.9797890Z Requirement already satisfied: pexpect>4.3 in /Users/runner/micromamba/envs/tardis/lib/python3.12/site-packages (from ipython>=4.0.0->ipywidgets>=7.0.0->qgridnext) (4.9.0)
2025-01-10T11:20:50.9825420Z Requirement already satisfied: six>=1.5 in /Users/runner/micromamba/envs/tardis/lib/python3.12/site-packages (from python-dateutil>=2.8.2->pandas>=0.20.0->qgridnext) (1.16.0)
2025-01-10T11:20:50.9862130Z Requirement already satisfied: notebook>=4.4.1 in /Users/runner/micromamba/envs/tardis/lib/python3.12/site-packages (from widgetsnbextension~=3.6.5->ipywidgets>=7.0.0->qgridnext) (7.2.1)
2025-01-10T11:20:50.9988360Z Requirement already satisfied: parso<0.9.0,>=0.8.3 in /Users/runner/micromamba/envs/tardis/lib/python3.12/site-packages (from jedi>=0.16->ipython>=4.0.0->ipywidgets>=7.0.0->qgridnext) (0.8.4)
2025-01-10T11:20:51.0079190Z Requirement already satisfied: jupyter-server<3,>=2.4.0 in /Users/runner/micromamba/envs/tardis/lib/python3.12/site-packages (from notebook>=4.4.1->widgetsnbextension~=3.6.5->ipywidgets>=7.0.0->qgridnext) (2.14.1)
2025-01-10T11:20:51.0086870Z Requirement already satisfied: jupyterlab-server<3,>=2.27.1 in /Users/runner/micromamba/envs/tardis/lib/python3.12/site-packages (from notebook>=4.4.1->widgetsnbextension~=3.6.5->ipywidgets>=7.0.0->qgridnext) (2.27.2)
2025-01-10T11:20:51.0099010Z Requirement already satisfied: jupyterlab<4.3,>=4.2.0 in /Users/runner/micromamba/envs/tardis/lib/python3.12/site-packages (from notebook>=4.4.1->widgetsnbextension~=3.6.5->ipywidgets>=7.0.0->qgridnext) (4.2.2)
2025-01-10T11:20:51.0199790Z Requirement already satisfied: notebook-shim<0.3,>=0.2 in /Users/runner/micromamba/envs/tardis/lib/python3.12/site-packages (from notebook>=4.4.1->widgetsnbextension~=3.6.5->ipywidgets>=7.0.0->qgridnext) (0.2.4)
2025-01-10T11:20:51.0301380Z Requirement already satisfied: tornado>=6.2.0 in /Users/runner/micromamba/envs/tardis/lib/python3.12/site-packages (from notebook>=4.4.1->widgetsnbextension~=3.6.5->ipywidgets>=7.0.0->qgridnext) (6.4.1)
2025-01-10T11:20:51.0401740Z Requirement already satisfied: ptyprocess>=0.5 in /Users/runner/micromamba/envs/tardis/lib/python3.12/site-packages (from pexpect>4.3->ipython>=4.0.0->ipywidgets>=7.0.0->qgridnext) (0.7.0)
2025-01-10T11:20:51.0503490Z Requirement already satisfied: wcwidth in /Users/runner/micromamba/envs/tardis/lib/python3.12/site-packages (from prompt-toolkit<3.1.0,>=3.0.41->ipython>=4.0.0->ipywidgets>=7.0.0->qgridnext) (0.2.13)
2025-01-10T11:20:51.0603670Z Requirement already satisfied: executing>=1.2.0 in /Users/runner/micromamba/envs/tardis/lib/python3.12/site-packages (from stack-data->ipython>=4.0.0->ipywidgets>=7.0.0->qgridnext) (2.0.1)
2025-01-10T11:20:51.0705490Z Requirement already satisfied: asttokens>=2.1.0 in /Users/runner/micromamba/envs/tardis/lib/python3.12/site-packages (from stack-data->ipython>=4.0.0->ipywidgets>=7.0.0->qgridnext) (2.4.1)
2025-01-10T11:20:51.0806100Z Requirement already satisfied: pure-eval in /Users/runner/micromamba/envs/tardis/lib/python3.12/site-packages (from stack-data->ipython>=4.0.0->ipywidgets>=7.0.0->qgridnext) (0.2.2)
2025-01-10T11:20:51.0907380Z Requirement already satisfied: anyio>=3.1.0 in /Users/runner/micromamba/envs/tardis/lib/python3.12/site-packages (from jupyter-server<3,>=2.4.0->notebook>=4.4.1->widgetsnbextension~=3.6.5->ipywidgets>=7.0.0->qgridnext) (4.4.0)
2025-01-10T11:20:51.1007950Z Requirement already satisfied: argon2-cffi>=21.1 in /Users/runner/micromamba/envs/tardis/lib/python3.12/site-packages (from jupyter-server<3,>=2.4.0->notebook>=4.4.1->widgetsnbextension~=3.6.5->ipywidgets>=7.0.0->qgridnext) (23.1.0)
2025-01-10T11:20:51.1110320Z Requirement already satisfied: jinja2>=3.0.3 in /Users/runner/micromamba/envs/tardis/lib/python3.12/site-packages (from jupyter-server<3,>=2.4.0->notebook>=4.4.1->widgetsnbextension~=3.6.5->ipywidgets>=7.0.0->qgridnext) (3.1.4)
2025-01-10T11:20:51.1209990Z Requirement already satisfied: jupyter-client>=7.4.4 in /Users/runner/micromamba/envs/tardis/lib/python3.12/site-packages (from jupyter-server<3,>=2.4.0->notebook>=4.4.1->widgetsnbextension~=3.6.5->ipywidgets>=7.0.0->qgridnext) (8.6.2)
2025-01-10T11:20:51.1310110Z Requirement already satisfied: jupyter-core!=5.0.*,>=4.12 in /Users/runner/micromamba/envs/tardis/lib/python3.12/site-packages (from jupyter-server<3,>=2.4.0->notebook>=4.4.1->widgetsnbextension~=3.6.5->ipywidgets>=7.0.0->qgridnext) (5.7.2)
2025-01-10T11:20:51.1412320Z Requirement already satisfied: jupyter-events>=0.9.0 in /Users/runner/micromamba/envs/tardis/lib/python3.12/site-packages (from jupyter-server<3,>=2.4.0->notebook>=4.4.1->widgetsnbextension~=3.6.5->ipywidgets>=7.0.0->qgridnext) (0.10.0)
2025-01-10T11:20:51.1512650Z Requirement already satisfied: jupyter-server-terminals>=0.4.4 in /Users/runner/micromamba/envs/tardis/lib/python3.12/site-packages (from jupyter-server<3,>=2.4.0->notebook>=4.4.1->widgetsnbextension~=3.6.5->ipywidgets>=7.0.0->qgridnext) (0.5.3)
2025-01-10T11:20:51.1612930Z Requirement already satisfied: nbconvert>=6.4.4 in /Users/runner/micromamba/envs/tardis/lib/python3.12/site-packages (from jupyter-server<3,>=2.4.0->notebook>=4.4.1->widgetsnbextension~=3.6.5->ipywidgets>=7.0.0->qgridnext) (7.16.4)
2025-01-10T11:20:51.1714770Z Requirement already satisfied: nbformat>=5.3.0 in /Users/runner/micromamba/envs/tardis/lib/python3.12/site-packages (from jupyter-server<3,>=2.4.0->notebook>=4.4.1->widgetsnbextension~=3.6.5->ipywidgets>=7.0.0->qgridnext) (5.10.4)
2025-01-10T11:20:51.1815330Z Requirement already satisfied: overrides>=5.0 in /Users/runner/micromamba/envs/tardis/lib/python3.12/site-packages (from jupyter-server<3,>=2.4.0->notebook>=4.4.1->widgetsnbextension~=3.6.5->ipywidgets>=7.0.0->qgridnext) (7.7.0)
2025-01-10T11:20:51.1916260Z Requirement already satisfied: packaging>=22.0 in /Users/runner/micromamba/envs/tardis/lib/python3.12/site-packages (from jupyter-server<3,>=2.4.0->notebook>=4.4.1->widgetsnbextension~=3.6.5->ipywidgets>=7.0.0->qgridnext) (24.1)
2025-01-10T11:20:51.2017580Z Requirement already satisfied: prometheus-client>=0.9 in /Users/runner/micromamba/envs/tardis/lib/python3.12/site-packages (from jupyter-server<3,>=2.4.0->notebook>=4.4.1->widgetsnbextension~=3.6.5->ipywidgets>=7.0.0->qgridnext) (0.20.0)
2025-01-10T11:20:51.2118010Z Requirement already satisfied: pyzmq>=24 in /Users/runner/micromamba/envs/tardis/lib/python3.12/site-packages (from jupyter-server<3,>=2.4.0->notebook>=4.4.1->widgetsnbextension~=3.6.5->ipywidgets>=7.0.0->qgridnext) (26.0.3)
2025-01-10T11:20:51.2218610Z Requirement already satisfied: send2trash>=1.8.2 in /Users/runner/micromamba/envs/tardis/lib/python3.12/site-packages (from jupyter-server<3,>=2.4.0->notebook>=4.4.1->widgetsnbextension~=3.6.5->ipywidgets>=7.0.0->qgridnext) (1.8.3)
2025-01-10T11:20:51.2320880Z Requirement already satisfied: terminado>=0.8.3 in /Users/runner/micromamba/envs/tardis/lib/python3.12/site-packages (from jupyter-server<3,>=2.4.0->notebook>=4.4.1->widgetsnbextension~=3.6.5->ipywidgets>=7.0.0->qgridnext) (0.18.1)
2025-01-10T11:20:51.2431780Z Requirement already satisfied: websocket-client>=1.7 in /Users/runner/micromamba/envs/tardis/lib/python3.12/site-packages (from jupyter-server<3,>=2.4.0->notebook>=4.4.1->widgetsnbextension~=3.6.5->ipywidgets>=7.0.0->qgridnext) (1.8.0)
2025-01-10T11:20:51.2532920Z Requirement already satisfied: async-lru>=1.0.0 in /Users/runner/micromamba/envs/tardis/lib/python3.12/site-packages (from jupyterlab<4.3,>=4.2.0->notebook>=4.4.1->widgetsnbextension~=3.6.5->ipywidgets>=7.0.0->qgridnext) (2.0.4)
2025-01-10T11:20:51.2633930Z Requirement already satisfied: httpx>=0.25.0 in /Users/runner/micromamba/envs/tardis/lib/python3.12/site-packages (from jupyterlab<4.3,>=4.2.0->notebook>=4.4.1->widgetsnbextension~=3.6.5->ipywidgets>=7.0.0->qgridnext) (0.27.0)
2025-01-10T11:20:51.2735310Z Requirement already satisfied: ipykernel>=6.5.0 in /Users/runner/micromamba/envs/tardis/lib/python3.12/site-packages (from jupyterlab<4.3,>=4.2.0->notebook>=4.4.1->widgetsnbextension~=3.6.5->ipywidgets>=7.0.0->qgridnext) (6.29.4)
2025-01-10T11:20:51.2835400Z Requirement already satisfied: jupyter-lsp>=2.0.0 in /Users/runner/micromamba/envs/tardis/lib/python3.12/site-packages (from jupyterlab<4.3,>=4.2.0->notebook>=4.4.1->widgetsnbextension~=3.6.5->ipywidgets>=7.0.0->qgridnext) (2.2.5)
2025-01-10T11:20:51.2936150Z Requirement already satisfied: setuptools>=40.1.0 in /Users/runner/micromamba/envs/tardis/lib/python3.12/site-packages (from jupyterlab<4.3,>=4.2.0->notebook>=4.4.1->widgetsnbextension~=3.6.5->ipywidgets>=7.0.0->qgridnext) (70.0.0)
2025-01-10T11:20:51.3038380Z Requirement already satisfied: babel>=2.10 in /Users/runner/micromamba/envs/tardis/lib/python3.12/site-packages (from jupyterlab-server<3,>=2.27.1->notebook>=4.4.1->widgetsnbextension~=3.6.5->ipywidgets>=7.0.0->qgridnext) (2.14.0)
2025-01-10T11:20:51.3138750Z Requirement already satisfied: json5>=0.9.0 in /Users/runner/micromamba/envs/tardis/lib/python3.12/site-packages (from jupyterlab-server<3,>=2.27.1->notebook>=4.4.1->widgetsnbextension~=3.6.5->ipywidgets>=7.0.0->qgridnext) (0.9.25)
2025-01-10T11:20:51.3239090Z Requirement already satisfied: jsonschema>=4.18.0 in /Users/runner/micromamba/envs/tardis/lib/python3.12/site-packages (from jupyterlab-server<3,>=2.27.1->notebook>=4.4.1->widgetsnbextension~=3.6.5->ipywidgets>=7.0.0->qgridnext) (4.22.0)
2025-01-10T11:20:51.3340690Z Requirement already satisfied: requests>=2.31 in /Users/runner/micromamba/envs/tardis/lib/python3.12/site-packages (from jupyterlab-server<3,>=2.27.1->notebook>=4.4.1->widgetsnbextension~=3.6.5->ipywidgets>=7.0.0->qgridnext) (2.32.3)
2025-01-10T11:20:51.3441850Z Requirement already satisfied: idna>=2.8 in /Users/runner/micromamba/envs/tardis/lib/python3.12/site-packages (from anyio>=3.1.0->jupyter-server<3,>=2.4.0->notebook>=4.4.1->widgetsnbextension~=3.6.5->ipywidgets>=7.0.0->qgridnext) (3.7)
2025-01-10T11:20:51.3549970Z Requirement already satisfied: sniffio>=1.1 in /Users/runner/micromamba/envs/tardis/lib/python3.12/site-packages (from anyio>=3.1.0->jupyter-server<3,>=2.4.0->notebook>=4.4.1->widgetsnbextension~=3.6.5->ipywidgets>=7.0.0->qgridnext) (1.3.1)
2025-01-10T11:20:51.3645990Z Requirement already satisfied: argon2-cffi-bindings in /Users/runner/micromamba/envs/tardis/lib/python3.12/site-packages (from argon2-cffi>=21.1->jupyter-server<3,>=2.4.0->notebook>=4.4.1->widgetsnbextension~=3.6.5->ipywidgets>=7.0.0->qgridnext) (21.2.0)
2025-01-10T11:20:51.3680770Z Requirement already satisfied: certifi in /Users/runner/micromamba/envs/tardis/lib/python3.12/site-packages (from httpx>=0.25.0->jupyterlab<4.3,>=4.2.0->notebook>=4.4.1->widgetsnbextension~=3.6.5->ipywidgets>=7.0.0->qgridnext) (2024.6.2)
2025-01-10T11:20:51.3750270Z Requirement already satisfied: httpcore==1.* in /Users/runner/micromamba/envs/tardis/lib/python3.12/site-packages (from httpx>=0.25.0->jupyterlab<4.3,>=4.2.0->notebook>=4.4.1->widgetsnbextension~=3.6.5->ipywidgets>=7.0.0->qgridnext) (1.0.5)
2025-01-10T11:20:51.3816880Z Requirement already satisfied: h11<0.15,>=0.13 in /Users/runner/micromamba/envs/tardis/lib/python3.12/site-packages (from httpcore==1.*->httpx>=0.25.0->jupyterlab<4.3,>=4.2.0->notebook>=4.4.1->widgetsnbextension~=3.6.5->ipywidgets>=7.0.0->qgridnext) (0.14.0)
2025-01-10T11:20:51.3918710Z Requirement already satisfied: appnope in /Users/runner/micromamba/envs/tardis/lib/python3.12/site-packages (from ipykernel>=6.5.0->jupyterlab<4.3,>=4.2.0->notebook>=4.4.1->widgetsnbextension~=3.6.5->ipywidgets>=7.0.0->qgridnext) (0.1.4)
2025-01-10T11:20:51.3981550Z Requirement already satisfied: debugpy>=1.6.5 in /Users/runner/micromamba/envs/tardis/lib/python3.12/site-packages (from ipykernel>=6.5.0->jupyterlab<4.3,>=4.2.0->notebook>=4.4.1->widgetsnbextension~=3.6.5->ipywidgets>=7.0.0->qgridnext) (1.8.1)
2025-01-10T11:20:51.4054430Z Requirement already satisfied: nest-asyncio in /Users/runner/micromamba/envs/tardis/lib/python3.12/site-packages (from ipykernel>=6.5.0->jupyterlab<4.3,>=4.2.0->notebook>=4.4.1->widgetsnbextension~=3.6.5->ipywidgets>=7.0.0->qgridnext) (1.6.0)
2025-01-10T11:20:51.4122070Z Requirement already satisfied: psutil in /Users/runner/micromamba/envs/tardis/lib/python3.12/site-packages (from ipykernel>=6.5.0->jupyterlab<4.3,>=4.2.0->notebook>=4.4.1->widgetsnbextension~=3.6.5->ipywidgets>=7.0.0->qgridnext) (5.9.8)
2025-01-10T11:20:51.4194090Z Requirement already satisfied: MarkupSafe>=2.0 in /Users/runner/micromamba/envs/tardis/lib/python3.12/site-packages (from jinja2>=3.0.3->jupyter-server<3,>=2.4.0->notebook>=4.4.1->widgetsnbextension~=3.6.5->ipywidgets>=7.0.0->qgridnext) (2.1.5)
2025-01-10T11:20:51.4235710Z Requirement already satisfied: attrs>=22.2.0 in /Users/runner/micromamba/envs/tardis/lib/python3.12/site-packages (from jsonschema>=4.18.0->jupyterlab-server<3,>=2.27.1->notebook>=4.4.1->widgetsnbextension~=3.6.5->ipywidgets>=7.0.0->qgridnext) (23.2.0)
2025-01-10T11:20:51.4273310Z Requirement already satisfied: jsonschema-specifications>=2023.03.6 in /Users/runner/micromamba/envs/tardis/lib/python3.12/site-packages (from jsonschema>=4.18.0->jupyterlab-server<3,>=2.27.1->notebook>=4.4.1->widgetsnbextension~=3.6.5->ipywidgets>=7.0.0->qgridnext) (2023.12.1)
2025-01-10T11:20:51.4304900Z Requirement already satisfied: referencing>=0.28.4 in /Users/runner/micromamba/envs/tardis/lib/python3.12/site-packages (from jsonschema>=4.18.0->jupyterlab-server<3,>=2.27.1->notebook>=4.4.1->widgetsnbextension~=3.6.5->ipywidgets>=7.0.0->qgridnext) (0.35.1)
2025-01-10T11:20:51.4327650Z Requirement already satisfied: rpds-py>=0.7.1 in /Users/runner/micromamba/envs/tardis/lib/python3.12/site-packages (from jsonschema>=4.18.0->jupyterlab-server<3,>=2.27.1->notebook>=4.4.1->widgetsnbextension~=3.6.5->ipywidgets>=7.0.0->qgridnext) (0.18.1)
2025-01-10T11:20:51.4361780Z Requirement already satisfied: platformdirs>=2.5 in /Users/runner/micromamba/envs/tardis/lib/python3.12/site-packages (from jupyter-core!=5.0.*,>=4.12->jupyter-server<3,>=2.4.0->notebook>=4.4.1->widgetsnbextension~=3.6.5->ipywidgets>=7.0.0->qgridnext) (4.2.2)
2025-01-10T11:20:51.4388780Z Requirement already satisfied: python-json-logger>=2.0.4 in /Users/runner/micromamba/envs/tardis/lib/python3.12/site-packages (from jupyter-events>=0.9.0->jupyter-server<3,>=2.4.0->notebook>=4.4.1->widgetsnbextension~=3.6.5->ipywidgets>=7.0.0->qgridnext) (2.0.7)
2025-01-10T11:20:51.4399860Z Requirement already satisfied: pyyaml>=5.3 in /Users/runner/micromamba/envs/tardis/lib/python3.12/site-packages (from jupyter-events>=0.9.0->jupyter-server<3,>=2.4.0->notebook>=4.4.1->widgetsnbextension~=3.6.5->ipywidgets>=7.0.0->qgridnext) (6.0.1)
2025-01-10T11:20:51.4401410Z Requirement already satisfied: rfc3339-validator in /Users/runner/micromamba/envs/tardis/lib/python3.12/site-packages (from jupyter-events>=0.9.0->jupyter-server<3,>=2.4.0->notebook>=4.4.1->widgetsnbextension~=3.6.5->ipywidgets>=7.0.0->qgridnext) (0.1.4)
2025-01-10T11:20:51.4411400Z Requirement already satisfied: rfc3986-validator>=0.1.1 in /Users/runner/micromamba/envs/tardis/lib/python3.12/site-packages (from jupyter-events>=0.9.0->jupyter-server<3,>=2.4.0->notebook>=4.4.1->widgetsnbextension~=3.6.5->ipywidgets>=7.0.0->qgridnext) (0.1.1)
2025-01-10T11:20:51.4433480Z Requirement already satisfied: beautifulsoup4 in /Users/runner/micromamba/envs/tardis/lib/python3.12/site-packages (from nbconvert>=6.4.4->jupyter-server<3,>=2.4.0->notebook>=4.4.1->widgetsnbextension~=3.6.5->ipywidgets>=7.0.0->qgridnext) (4.12.3)
2025-01-10T11:20:51.4435110Z Requirement already satisfied: bleach!=5.0.0 in /Users/runner/micromamba/envs/tardis/lib/python3.12/site-packages (from nbconvert>=6.4.4->jupyter-server<3,>=2.4.0->notebook>=4.4.1->widgetsnbextension~=3.6.5->ipywidgets>=7.0.0->qgridnext) (6.1.0)
2025-01-10T11:20:51.4446980Z Requirement already satisfied: defusedxml in /Users/runner/micromamba/envs/tardis/lib/python3.12/site-packages (from nbconvert>=6.4.4->jupyter-server<3,>=2.4.0->notebook>=4.4.1->widgetsnbextension~=3.6.5->ipywidgets>=7.0.0->qgridnext) (0.7.1)
2025-01-10T11:20:51.4464240Z Requirement already satisfied: jupyterlab-pygments in /Users/runner/micromamba/envs/tardis/lib/python3.12/site-packages (from nbconvert>=6.4.4->jupyter-server<3,>=2.4.0->notebook>=4.4.1->widgetsnbextension~=3.6.5->ipywidgets>=7.0.0->qgridnext) (0.3.0)
2025-01-10T11:20:51.4470610Z Requirement already satisfied: mistune<4,>=2.0.3 in /Users/runner/micromamba/envs/tardis/lib/python3.12/site-packages (from nbconvert>=6.4.4->jupyter-server<3,>=2.4.0->notebook>=4.4.1->widgetsnbextension~=3.6.5->ipywidgets>=7.0.0->qgridnext) (3.0.2)
2025-01-10T11:20:51.4472080Z Requirement already satisfied: nbclient>=0.5.0 in /Users/runner/micromamba/envs/tardis/lib/python3.12/site-packages (from nbconvert>=6.4.4->jupyter-server<3,>=2.4.0->notebook>=4.4.1->widgetsnbextension~=3.6.5->ipywidgets>=7.0.0->qgridnext) (0.10.0)
2025-01-10T11:20:51.4490740Z Requirement already satisfied: pandocfilters>=1.4.1 in /Users/runner/micromamba/envs/tardis/lib/python3.12/site-packages (from nbconvert>=6.4.4->jupyter-server<3,>=2.4.0->notebook>=4.4.1->widgetsnbextension~=3.6.5->ipywidgets>=7.0.0->qgridnext) (1.5.0)
2025-01-10T11:20:51.4520770Z Requirement already satisfied: tinycss2 in /Users/runner/micromamba/envs/tardis/lib/python3.12/site-packages (from nbconvert>=6.4.4->jupyter-server<3,>=2.4.0->notebook>=4.4.1->widgetsnbextension~=3.6.5->ipywidgets>=7.0.0->qgridnext) (1.3.0)
2025-01-10T11:20:51.4531000Z Requirement already satisfied: fastjsonschema>=2.15 in /Users/runner/micromamba/envs/tardis/lib/python3.12/site-packages (from nbformat>=5.3.0->jupyter-server<3,>=2.4.0->notebook>=4.4.1->widgetsnbextension~=3.6.5->ipywidgets>=7.0.0->qgridnext) (2.20.0)
2025-01-10T11:20:51.4532850Z Requirement already satisfied: charset-normalizer<4,>=2 in /Users/runner/micromamba/envs/tardis/lib/python3.12/site-packages (from requests>=2.31->jupyterlab-server<3,>=2.27.1->notebook>=4.4.1->widgetsnbextension~=3.6.5->ipywidgets>=7.0.0->qgridnext) (3.3.2)
2025-01-10T11:20:51.4541260Z Requirement already satisfied: urllib3<3,>=1.21.1 in /Users/runner/micromamba/envs/tardis/lib/python3.12/site-packages (from requests>=2.31->jupyterlab-server<3,>=2.27.1->notebook>=4.4.1->widgetsnbextension~=3.6.5->ipywidgets>=7.0.0->qgridnext) (2.2.2)
2025-01-10T11:20:51.4556790Z Requirement already satisfied: webencodings in /Users/runner/micromamba/envs/tardis/lib/python3.12/site-packages (from bleach!=5.0.0->nbconvert>=6.4.4->jupyter-server<3,>=2.4.0->notebook>=4.4.1->widgetsnbextension~=3.6.5->ipywidgets>=7.0.0->qgridnext) (0.5.1)
2025-01-10T11:20:51.4558180Z Requirement already satisfied: fqdn in /Users/runner/micromamba/envs/tardis/lib/python3.12/site-packages (from jsonschema[format-nongpl]>=4.18.0->jupyter-events>=0.9.0->jupyter-server<3,>=2.4.0->notebook>=4.4.1->widgetsnbextension~=3.6.5->ipywidgets>=7.0.0->qgridnext) (1.5.1)
2025-01-10T11:20:51.4559640Z Requirement already satisfied: isoduration in /Users/runner/micromamba/envs/tardis/lib/python3.12/site-packages (from jsonschema[format-nongpl]>=4.18.0->jupyter-events>=0.9.0->jupyter-server<3,>=2.4.0->notebook>=4.4.1->widgetsnbextension~=3.6.5->ipywidgets>=7.0.0->qgridnext) (20.11.0)
2025-01-10T11:20:51.4561120Z Requirement already satisfied: jsonpointer>1.13 in /Users/runner/micromamba/envs/tardis/lib/python3.12/site-packages (from jsonschema[format-nongpl]>=4.18.0->jupyter-events>=0.9.0->jupyter-server<3,>=2.4.0->notebook>=4.4.1->widgetsnbextension~=3.6.5->ipywidgets>=7.0.0->qgridnext) (3.0.0)
2025-01-10T11:20:51.4562570Z Requirement already satisfied: uri-template in /Users/runner/micromamba/envs/tardis/lib/python3.12/site-packages (from jsonschema[format-nongpl]>=4.18.0->jupyter-events>=0.9.0->jupyter-server<3,>=2.4.0->notebook>=4.4.1->widgetsnbextension~=3.6.5->ipywidgets>=7.0.0->qgridnext) (1.3.0)
2025-01-10T11:20:51.4564220Z Requirement already satisfied: webcolors>=1.11 in /Users/runner/micromamba/envs/tardis/lib/python3.12/site-packages (from jsonschema[format-nongpl]>=4.18.0->jupyter-events>=0.9.0->jupyter-server<3,>=2.4.0->notebook>=4.4.1->widgetsnbextension~=3.6.5->ipywidgets>=7.0.0->qgridnext) (24.6.0)
2025-01-10T11:20:51.4596300Z Requirement already satisfied: cffi>=1.0.1 in /Users/runner/micromamba/envs/tardis/lib/python3.12/site-packages (from argon2-cffi-bindings->argon2-cffi>=21.1->jupyter-server<3,>=2.4.0->notebook>=4.4.1->widgetsnbextension~=3.6.5->ipywidgets>=7.0.0->qgridnext) (1.16.0)
2025-01-10T11:20:51.4667530Z Requirement already satisfied: soupsieve>1.2 in /Users/runner/micromamba/envs/tardis/lib/python3.12/site-packages (from beautifulsoup4->nbconvert>=6.4.4->jupyter-server<3,>=2.4.0->notebook>=4.4.1->widgetsnbextension~=3.6.5->ipywidgets>=7.0.0->qgridnext) (2.5)
2025-01-10T11:20:51.5041260Z Requirement already satisfied: pycparser in /Users/runner/micromamba/envs/tardis/lib/python3.12/site-packages (from cffi>=1.0.1->argon2-cffi-bindings->argon2-cffi>=21.1->jupyter-server<3,>=2.4.0->notebook>=4.4.1->widgetsnbextension~=3.6.5->ipywidgets>=7.0.0->qgridnext) (2.22)
2025-01-10T11:20:51.5393560Z Requirement already satisfied: arrow>=0.15.0 in /Users/runner/micromamba/envs/tardis/lib/python3.12/site-packages (from isoduration->jsonschema[format-nongpl]>=4.18.0->jupyter-events>=0.9.0->jupyter-server<3,>=2.4.0->notebook>=4.4.1->widgetsnbextension~=3.6.5->ipywidgets>=7.0.0->qgridnext) (1.3.0)
2025-01-10T11:20:51.5606210Z Requirement already satisfied: types-python-dateutil>=2.8.10 in /Users/runner/micromamba/envs/tardis/lib/python3.12/site-packages (from arrow>=0.15.0->isoduration->jsonschema[format-nongpl]>=4.18.0->jupyter-events>=0.9.0->jupyter-server<3,>=2.4.0->notebook>=4.4.1->widgetsnbextension~=3.6.5->ipywidgets>=7.0.0->qgridnext) (2.9.0.20240316)
2025-01-10T11:20:51.5889130Z Downloading qgridnext-2.0.4-py3-none-any.whl (1.3 MB)
2025-01-10T11:20:51.6467020Z    â”â”â”â”â”â”â”â”â”â”â”â”â”â”â”â”â”â”â”â”â”â”â”â”â”â”â”â”â”â”â”â”â”â”â”â”â”â”â”â” 1.3/1.3 MB 22.4 MB/s eta 0:00:00
2025-01-10T11:20:52.2039520Z Installing collected packages: qgridnext
2025-01-10T11:20:52.2595850Z Successfully installed qgridnext-2.0.4
2025-01-10T11:20:52.4700990Z ##[group]Run pytest tardis --tardis-regression-data=/Users/runner/work/tardis/tardis/tardis-regression-data --cov=tardis --cov-report=xml --cov-report=html --cov-append -m " continuum"
2025-01-10T11:20:52.4702000Z [36;1mpytest tardis --tardis-regression-data=/Users/runner/work/tardis/tardis/tardis-regression-data --cov=tardis --cov-report=xml --cov-report=html --cov-append -m " continuum"[0m
2025-01-10T11:20:52.4772000Z shell: /bin/bash -l {0}
2025-01-10T11:20:52.4772200Z env:
2025-01-10T11:20:52.4772350Z   CACHE_NUMBER: 0
2025-01-10T11:20:52.4772840Z   PYTEST_FLAGS: --tardis-regression-data=/Users/runner/work/tardis/tardis/tardis-regression-data --cov=tardis --cov-report=xml --cov-report=html --cov-append
2025-01-10T11:20:52.4773360Z   CODECOV_TOKEN: 
2025-01-10T11:20:52.4773540Z   MAMBA_ROOT_PREFIX: /Users/runner/micromamba
2025-01-10T11:20:52.4773800Z   MAMBA_EXE: /Users/runner/micromamba-bin/micromamba
2025-01-10T11:20:52.4774150Z   CONDARC: /Users/runner/work/_temp/setup-micromamba/.condarc
2025-01-10T11:20:52.4774450Z ##[endgroup]
2025-01-10T11:21:06.4939320Z ============================= test session starts ==============================
2025-01-10T11:21:06.4939880Z platform darwin -- Python 3.12.4, pytest-8.2.2, pluggy-1.5.0
2025-01-10T11:21:06.4940210Z rootdir: /Users/runner/work/tardis/tardis
2025-01-10T11:21:06.4940580Z configfile: pyproject.toml
2025-01-10T11:21:06.4940920Z plugins: cov-5.0.0, html-4.1.1, metadata-3.1.1, doctestplus-1.2.1, anyio-4.4.0
2025-01-10T11:21:06.4941340Z collected 1796 items / 1794 deselected / 2 selected
2025-01-10T11:21:06.4941510Z 
2025-01-10T11:22:25.5067420Z tardis/transport/montecarlo/estimators/tests/test_continuum_property_solver.py . [ 50%]
2025-01-10T11:22:25.5079240Z                                                                          [ 50%]
2025-01-10T11:22:57.1362970Z tardis/transport/montecarlo/tests/test_continuum.py .                    [100%]
2025-01-10T11:22:57.1481820Z 
2025-01-10T11:22:57.1592870Z =============================== warnings summary ===============================
2025-01-10T11:22:57.1708840Z tardis/io/configuration/config_validator.py:6
2025-01-10T11:22:57.1840420Z tardis/io/configuration/config_validator.py:6
2025-01-10T11:22:57.1976420Z   /Users/runner/work/tardis/tardis/tardis/io/configuration/config_validator.py:6: DeprecationWarning:
2025-01-10T11:22:57.2088710Z   
2025-01-10T11:22:57.2191080Z   jsonschema.RefResolver is deprecated as of v4.18.0, in favor of the https://github.com/python-jsonschema/referencing library, which provides more compliant referencing behavior as well as more flexible APIs for customization. A future release will remove RefResolver. Please file a feature request (on referencing) if you are missing an API for the kind of customization you need.
2025-01-10T11:22:57.2293310Z 
2025-01-10T11:22:57.2394450Z ../../../micromamba/envs/tardis/lib/python3.12/site-packages/jupyter_client/connect.py:22
2025-01-10T11:22:57.2517850Z   /Users/runner/micromamba/envs/tardis/lib/python3.12/site-packages/jupyter_client/connect.py:22: DeprecationWarning:
2025-01-10T11:22:57.2621930Z   
2025-01-10T11:22:57.2723440Z   Jupyter is migrating its paths to use standard platformdirs
2025-01-10T11:22:57.2824850Z   given by the platformdirs library.  To remove this warning and
2025-01-10T11:22:57.2935730Z   see the appropriate new directories, set the environment variable
2025-01-10T11:22:57.3044170Z   `JUPYTER_PLATFORM_DIRS=1` and then run `jupyter --paths`.
2025-01-10T11:22:57.3147430Z   The use of platformdirs will be the default in `jupyter_core` v6
2025-01-10T11:22:57.3288210Z 
2025-01-10T11:22:57.3423320Z tardis/transport/montecarlo/estimators/tests/test_continuum_property_solver.py::test_continuum_estimators
2025-01-10T11:22:57.3528700Z   /Users/runner/work/tardis/tardis/tardis/transport/montecarlo/montecarlo_main_loop.py:123: NumbaTypeSafetyWarning:
2025-01-10T11:22:57.3630930Z   
2025-01-10T11:22:57.3742910Z   [1m[1m[1munsafe cast from uint64 to int64. Precision may be lost.[0m[0m[0m
2025-01-10T11:22:57.3845730Z 
2025-01-10T11:22:57.3946620Z -- Docs: https://docs.pytest.org/en/stable/how-to/capture-warnings.html
2025-01-10T11:22:57.4050240Z 
2025-01-10T11:22:57.4153270Z ---------- coverage: platform darwin, python 3.12.4-final-0 ----------
2025-01-10T11:22:57.4256040Z Coverage HTML written to dir coverage_html_report
2025-01-10T11:22:57.4357340Z Coverage XML written to file coverage.xml
2025-01-10T11:22:57.4458070Z 
2025-01-10T11:22:57.4567320Z ========== 2 passed, 1794 deselected, 4 warnings in 112.30s (0:01:52) ==========
2025-01-10T11:22:58.5647010Z ##[group]Run mv .coverage .coverage.1
2025-01-10T11:22:58.5649360Z [36;1mmv .coverage .coverage.1[0m
2025-01-10T11:22:58.6169340Z shell: /bin/bash -l {0}
2025-01-10T11:22:58.6169610Z env:
2025-01-10T11:22:58.6169850Z   CACHE_NUMBER: 0
2025-01-10T11:22:58.6170450Z   PYTEST_FLAGS: --tardis-regression-data=/Users/runner/work/tardis/tardis/tardis-regression-data --cov=tardis --cov-report=xml --cov-report=html --cov-append
2025-01-10T11:22:58.6171060Z   CODECOV_TOKEN: 
2025-01-10T11:22:58.6171400Z   MAMBA_ROOT_PREFIX: /Users/runner/micromamba
2025-01-10T11:22:58.6171790Z   MAMBA_EXE: /Users/runner/micromamba-bin/micromamba
2025-01-10T11:22:58.6172200Z   CONDARC: /Users/runner/work/_temp/setup-micromamba/.condarc
2025-01-10T11:22:58.6172490Z ##[endgroup]
2025-01-10T11:22:58.9797170Z ##[group]Run actions/upload-artifact@v4
2025-01-10T11:22:58.9797560Z with:
2025-01-10T11:22:58.9799540Z   name: coverage--continuum-macos-latest
2025-01-10T11:22:58.9799930Z   include-hidden-files: true
2025-01-10T11:22:58.9800270Z   path: .coverage*
!.coveragerc

2025-01-10T11:22:58.9800520Z   if-no-files-found: warn
2025-01-10T11:22:58.9800860Z   compression-level: 6
2025-01-10T11:22:58.9801070Z   overwrite: false
2025-01-10T11:22:58.9801730Z env:
2025-01-10T11:22:58.9801940Z   CACHE_NUMBER: 0
2025-01-10T11:22:58.9802660Z   PYTEST_FLAGS: --tardis-regression-data=/Users/runner/work/tardis/tardis/tardis-regression-data --cov=tardis --cov-report=xml --cov-report=html --cov-append
2025-01-10T11:22:58.9803260Z   CODECOV_TOKEN: 
2025-01-10T11:22:58.9803690Z   MAMBA_ROOT_PREFIX: /Users/runner/micromamba
2025-01-10T11:22:58.9804140Z   MAMBA_EXE: /Users/runner/micromamba-bin/micromamba
2025-01-10T11:22:58.9804920Z   CONDARC: /Users/runner/work/_temp/setup-micromamba/.condarc
2025-01-10T11:22:58.9805300Z ##[endgroup]
2025-01-10T11:22:59.5117170Z With the provided path, there will be 2 files uploaded
2025-01-10T11:22:59.5118740Z Artifact name is valid!
2025-01-10T11:22:59.5118940Z Root directory input is valid!
2025-01-10T11:22:59.6903960Z Beginning upload of artifact content to blob storage
2025-01-10T11:22:59.9100680Z Uploaded bytes 27332
2025-01-10T11:22:59.9585640Z Finished uploading artifact content to blob storage!
2025-01-10T11:22:59.9587290Z SHA256 hash of uploaded artifact zip is e0d6fa0efbb8797145543153e705a1641db89c0bfb5db8b87beaa160dc831136
2025-01-10T11:22:59.9588490Z Finalizing artifact upload
2025-01-10T11:23:00.0766510Z Artifact coverage--continuum-macos-latest.zip successfully finalized. Artifact ID 2412439002
2025-01-10T11:23:00.0768940Z Artifact coverage--continuum-macos-latest has been successfully uploaded! Final size is 27332 bytes. Artifact ID is 2412439002
2025-01-10T11:23:00.0899420Z Artifact download URL: https://github.com/tardis-sn/tardis/actions/runs/12708521964/artifacts/2412439002
2025-01-10T11:23:00.1160640Z Post job cleanup.
2025-01-10T11:23:00.1223620Z Post job cleanup.
2025-01-10T11:23:00.3082520Z Will use pre-installed micromamba at /Users/runner/micromamba-bin/micromamba
2025-01-10T11:23:00.3085450Z Removing micromamba run shell ...
2025-01-10T11:23:00.3087440Z ##[group]Deinitialize micromamba for bash
2025-01-10T11:23:00.3100120Z [command]/Users/runner/micromamba-bin/micromamba shell deinit -s bash -r /Users/runner/micromamba --log-level warning --rc-file /Users/runner/work/_temp/setup-micromamba/.condarc
2025-01-10T11:23:00.3253100Z Resetting RC file "/Users/runner/.bash_profile"
2025-01-10T11:23:00.3271180Z Deleting config for root prefix 
2025-01-10T11:23:00.3271460Z Clearing mamba executable environment variable
2025-01-10T11:23:00.3453190Z Removing the following in your "/Users/runner/.bash_profile" file
2025-01-10T11:23:00.3454410Z # >>> mamba initialize >>>
2025-01-10T11:23:00.3455070Z ...
2025-01-10T11:23:00.3459250Z # <<< mamba initialize <<<
2025-01-10T11:23:00.3540680Z Removing environment tardis from auto-activate bash ...
2025-01-10T11:23:00.3768170Z Post job cleanup.
2025-01-10T11:23:00.3847280Z Post job cleanup.
2025-01-10T11:23:00.6074070Z [command]/opt/homebrew/bin/git version
2025-01-10T11:23:00.6196830Z git version 2.47.1
2025-01-10T11:23:00.6220290Z Copying '/Users/runner/.gitconfig' to '/Users/runner/work/_temp/8978c965-6b4b-42ad-8b4f-16543799395a/.gitconfig'
2025-01-10T11:23:00.6232450Z Temporarily overriding HOME='/Users/runner/work/_temp/8978c965-6b4b-42ad-8b4f-16543799395a' before making global git config changes
2025-01-10T11:23:00.6233020Z Adding repository directory to the temporary git global config as a safe directory
2025-01-10T11:23:00.6236280Z [command]/opt/homebrew/bin/git config --global --add safe.directory /Users/runner/work/tardis/tardis/tardis-regression-data
2025-01-10T11:23:00.6330900Z [command]/opt/homebrew/bin/git config --local --name-only --get-regexp core\.sshCommand
2025-01-10T11:23:00.6385150Z [command]/opt/homebrew/bin/git submodule foreach --recursive sh -c "git config --local --name-only --get-regexp 'core\.sshCommand' && git config --local --unset-all 'core.sshCommand' || :"
2025-01-10T11:23:00.7349270Z [command]/opt/homebrew/bin/git config --local --name-only --get-regexp http\.https\:\/\/github\.com\/\.extraheader
2025-01-10T11:23:00.7389050Z http.https://github.com/.extraheader
2025-01-10T11:23:00.7397190Z [command]/opt/homebrew/bin/git config --local --unset-all http.https://github.com/.extraheader
2025-01-10T11:23:00.7445670Z [command]/opt/homebrew/bin/git submodule foreach --recursive sh -c "git config --local --name-only --get-regexp 'http\.https\:\/\/github\.com\/\.extraheader' && git config --local --unset-all 'http.https://github.com/.extraheader' || :"
2025-01-10T11:23:00.8293100Z Post job cleanup.
2025-01-10T11:23:00.9367690Z [command]/opt/homebrew/bin/git version
2025-01-10T11:23:00.9413970Z git version 2.47.1
2025-01-10T11:23:00.9540940Z Copying '/Users/runner/.gitconfig' to '/Users/runner/work/_temp/f2114c89-d4c3-4bf1-8984-cd02af77ce18/.gitconfig'
2025-01-10T11:23:00.9543440Z Temporarily overriding HOME='/Users/runner/work/_temp/f2114c89-d4c3-4bf1-8984-cd02af77ce18' before making global git config changes
2025-01-10T11:23:00.9560890Z Adding repository directory to the temporary git global config as a safe directory
2025-01-10T11:23:00.9643300Z [command]/opt/homebrew/bin/git config --global --add safe.directory /Users/runner/work/tardis/tardis
2025-01-10T11:23:00.9664300Z [command]/opt/homebrew/bin/git config --local --name-only --get-regexp core\.sshCommand
2025-01-10T11:23:00.9665660Z [command]/opt/homebrew/bin/git submodule foreach --recursive sh -c "git config --local --name-only --get-regexp 'core\.sshCommand' && git config --local --unset-all 'core.sshCommand' || :"
2025-01-10T11:23:01.0291610Z [command]/opt/homebrew/bin/git config --local --name-only --get-regexp http\.https\:\/\/github\.com\/\.extraheader
2025-01-10T11:23:01.0325670Z http.https://github.com/.extraheader
2025-01-10T11:23:01.0333860Z [command]/opt/homebrew/bin/git config --local --unset-all http.https://github.com/.extraheader
2025-01-10T11:23:01.0375880Z [command]/opt/homebrew/bin/git submodule foreach --recursive sh -c "git config --local --name-only --get-regexp 'http\.https\:\/\/github\.com\/\.extraheader' && git config --local --unset-all 'http.https://github.com/.extraheader' || :"
2025-01-10T11:23:01.0972060Z Cleaning up orphan processes
