2025-01-13T20:00:27.1528107Z Requested labels: macos-latest
2025-01-13T20:00:27.1528590Z Job defined at: tardis-sn/tardis/.github/workflows/tests.yml@refs/pull/2942/merge
2025-01-13T20:00:27.1528751Z Waiting for a runner to pick up this job...
2025-01-13T20:00:27.4361260Z Job is waiting for a hosted runner to come online.
2025-01-13T20:00:31.6594265Z Job is about to start running on the hosted runner: GitHub Actions 8 (hosted)
2025-01-13T20:00:32.6070770Z Current runner version: '2.321.0'
2025-01-13T20:00:32.6091050Z ##[group]Operating System
2025-01-13T20:00:32.6091500Z macOS
2025-01-13T20:00:32.6091810Z 14.7.2
2025-01-13T20:00:32.6092120Z 23H311
2025-01-13T20:00:32.6092420Z ##[endgroup]
2025-01-13T20:00:32.6092750Z ##[group]Runner Image
2025-01-13T20:00:32.6093090Z Image: macos-14-arm64
2025-01-13T20:00:32.6093420Z Version: 20250106.725
2025-01-13T20:00:32.6094100Z Included Software: https://github.com/actions/runner-images/blob/macos-14-arm64/20250106.725/images/macos/macos-14-arm64-Readme.md
2025-01-13T20:00:32.6095020Z Image Release: https://github.com/actions/runner-images/releases/tag/macos-14-arm64%2F20250106.725
2025-01-13T20:00:32.6095740Z ##[endgroup]
2025-01-13T20:00:32.6096060Z ##[group]Runner Image Provisioner
2025-01-13T20:00:32.6096460Z 2.0.404.1+573eac7f0cc07d6bb82d8b9bf5e1ffa69a554644
2025-01-13T20:00:32.6096870Z ##[endgroup]
2025-01-13T20:00:32.6098200Z ##[group]GITHUB_TOKEN Permissions
2025-01-13T20:00:32.6099210Z Actions: read
2025-01-13T20:00:32.6099530Z Attestations: read
2025-01-13T20:00:32.6099840Z Checks: read
2025-01-13T20:00:32.6100140Z Contents: read
2025-01-13T20:00:32.6100460Z Deployments: read
2025-01-13T20:00:32.6100780Z Discussions: read
2025-01-13T20:00:32.6101090Z Issues: read
2025-01-13T20:00:32.6101390Z Metadata: read
2025-01-13T20:00:32.6101690Z Packages: read
2025-01-13T20:00:32.6101990Z Pages: read
2025-01-13T20:00:32.6102290Z PullRequests: read
2025-01-13T20:00:32.6102630Z RepositoryProjects: read
2025-01-13T20:00:32.6102970Z SecurityEvents: read
2025-01-13T20:00:32.6103290Z Statuses: read
2025-01-13T20:00:32.6103600Z ##[endgroup]
2025-01-13T20:00:32.6105290Z Secret source: None
2025-01-13T20:00:32.6105730Z Prepare workflow directory
2025-01-13T20:00:32.6432990Z Prepare all required actions
2025-01-13T20:00:32.6459150Z Getting action download info
2025-01-13T20:00:32.7925320Z Download action repository 'actions/checkout@v4' (SHA:11bd71901bbe5b1630ceea73d27597364c9af683)
2025-01-13T20:00:33.0517030Z Download action repository 'actions/upload-artifact@v4' (SHA:65c4c4a1ddee5b72f698fdd19549f0f0fb45cf08)
2025-01-13T20:00:34.3859990Z Complete job name: not continuum macos-latest 
2025-01-13T20:00:34.4227820Z ##[group]Run actions/checkout@v4
2025-01-13T20:00:34.4228340Z with:
2025-01-13T20:00:34.4228660Z   repository: tardis-sn/tardis
2025-01-13T20:00:34.4229140Z   token: ***
2025-01-13T20:00:34.4229430Z   ssh-strict: true
2025-01-13T20:00:34.4229740Z   ssh-user: git
2025-01-13T20:00:34.4230050Z   persist-credentials: true
2025-01-13T20:00:34.4230400Z   clean: true
2025-01-13T20:00:34.4230710Z   sparse-checkout-cone-mode: true
2025-01-13T20:00:34.4231090Z   fetch-depth: 1
2025-01-13T20:00:34.4231390Z   fetch-tags: false
2025-01-13T20:00:34.4231710Z   show-progress: true
2025-01-13T20:00:34.4232030Z   lfs: false
2025-01-13T20:00:34.4232340Z   submodules: false
2025-01-13T20:00:34.4232660Z   set-safe-directory: true
2025-01-13T20:00:34.4233100Z env:
2025-01-13T20:00:34.4233390Z   CACHE_NUMBER: 0
2025-01-13T20:00:34.4234270Z   PYTEST_FLAGS: --tardis-regression-data=/Users/runner/work/tardis/tardis/tardis-regression-data --cov=tardis --cov-report=xml --cov-report=html --cov-append
2025-01-13T20:00:34.4235220Z   CODECOV_TOKEN: 
2025-01-13T20:00:34.4235530Z ##[endgroup]
2025-01-13T20:00:34.7258130Z Syncing repository: tardis-sn/tardis
2025-01-13T20:00:34.7259660Z ##[group]Getting Git version info
2025-01-13T20:00:34.7260200Z Working directory is '/Users/runner/work/tardis/tardis'
2025-01-13T20:00:34.7261000Z [command]/opt/homebrew/bin/git version
2025-01-13T20:00:34.7721330Z git version 2.47.1
2025-01-13T20:00:34.7745140Z ##[endgroup]
2025-01-13T20:00:34.7763610Z Copying '/Users/runner/.gitconfig' to '/Users/runner/work/_temp/bda1d33b-c6dd-4ef4-aea3-4fddd800881d/.gitconfig'
2025-01-13T20:00:34.7765030Z Temporarily overriding HOME='/Users/runner/work/_temp/bda1d33b-c6dd-4ef4-aea3-4fddd800881d' before making global git config changes
2025-01-13T20:00:34.7767500Z Adding repository directory to the temporary git global config as a safe directory
2025-01-13T20:00:34.7770340Z [command]/opt/homebrew/bin/git config --global --add safe.directory /Users/runner/work/tardis/tardis
2025-01-13T20:00:34.7846710Z Deleting the contents of '/Users/runner/work/tardis/tardis'
2025-01-13T20:00:34.7848990Z ##[group]Initializing the repository
2025-01-13T20:00:34.7853080Z [command]/opt/homebrew/bin/git init /Users/runner/work/tardis/tardis
2025-01-13T20:00:34.8050950Z hint: Using 'master' as the name for the initial branch. This default branch name
2025-01-13T20:00:34.8051960Z hint: is subject to change. To configure the initial branch name to use in all
2025-01-13T20:00:34.8052850Z hint: of your new repositories, which will suppress this warning, call:
2025-01-13T20:00:34.8055160Z hint:
2025-01-13T20:00:34.8056100Z hint: 	git config --global init.defaultBranch <name>
2025-01-13T20:00:34.8056910Z hint:
2025-01-13T20:00:34.8057870Z hint: Names commonly chosen instead of 'master' are 'main', 'trunk' and
2025-01-13T20:00:34.8058830Z hint: 'development'. The just-created branch can be renamed via this command:
2025-01-13T20:00:34.8059620Z hint:
2025-01-13T20:00:34.8063450Z hint: 	git branch -m <name>
2025-01-13T20:00:34.8064890Z Initialized empty Git repository in /Users/runner/work/tardis/tardis/.git/
2025-01-13T20:00:34.8066910Z [command]/opt/homebrew/bin/git remote add origin https://github.com/tardis-sn/tardis
2025-01-13T20:00:34.8202220Z ##[endgroup]
2025-01-13T20:00:34.8203630Z ##[group]Disabling automatic garbage collection
2025-01-13T20:00:34.8204370Z [command]/opt/homebrew/bin/git config --local gc.auto 0
2025-01-13T20:00:34.8207480Z ##[endgroup]
2025-01-13T20:00:34.8208270Z ##[group]Setting up auth
2025-01-13T20:00:34.8209080Z [command]/opt/homebrew/bin/git config --local --name-only --get-regexp core\.sshCommand
2025-01-13T20:00:34.8234300Z [command]/opt/homebrew/bin/git submodule foreach --recursive sh -c "git config --local --name-only --get-regexp 'core\.sshCommand' && git config --local --unset-all 'core.sshCommand' || :"
2025-01-13T20:00:34.9142130Z [command]/opt/homebrew/bin/git config --local --name-only --get-regexp http\.https\:\/\/github\.com\/\.extraheader
2025-01-13T20:00:34.9145810Z [command]/opt/homebrew/bin/git submodule foreach --recursive sh -c "git config --local --name-only --get-regexp 'http\.https\:\/\/github\.com\/\.extraheader' && git config --local --unset-all 'http.https://github.com/.extraheader' || :"
2025-01-13T20:00:34.9635110Z [command]/opt/homebrew/bin/git config --local http.https://github.com/.extraheader AUTHORIZATION: basic ***
2025-01-13T20:00:34.9700050Z ##[endgroup]
2025-01-13T20:00:34.9726340Z ##[group]Fetching the repository
2025-01-13T20:00:34.9727850Z [command]/opt/homebrew/bin/git -c protocol.version=2 fetch --no-tags --prune --no-recurse-submodules --depth=1 origin +194cf02eb69d542bf9cf78b6cde64ce1c94a8eac:refs/remotes/pull/2942/merge
2025-01-13T20:00:36.9046640Z From https://github.com/tardis-sn/tardis
2025-01-13T20:00:36.9048020Z  * [new ref]         194cf02eb69d542bf9cf78b6cde64ce1c94a8eac -> pull/2942/merge
2025-01-13T20:00:36.9095480Z ##[endgroup]
2025-01-13T20:00:36.9096230Z ##[group]Determining the checkout info
2025-01-13T20:00:36.9097020Z ##[endgroup]
2025-01-13T20:00:36.9099250Z [command]/opt/homebrew/bin/git sparse-checkout disable
2025-01-13T20:00:36.9148000Z [command]/opt/homebrew/bin/git config --local --unset-all extensions.worktreeConfig
2025-01-13T20:00:36.9189720Z ##[group]Checking out the ref
2025-01-13T20:00:36.9191800Z [command]/opt/homebrew/bin/git checkout --progress --force refs/remotes/pull/2942/merge
2025-01-13T20:00:37.1441870Z HEAD is now at 194cf02 Merge 6f7c6047dc04885e976989c001ddff546e7a3c25 into b4bc6ac32afba1ed86870074cd69db14d7845052
2025-01-13T20:00:37.1453630Z ##[endgroup]
2025-01-13T20:00:37.1519290Z [command]/opt/homebrew/bin/git log -1 --format=%H
2025-01-13T20:00:37.1571870Z 194cf02eb69d542bf9cf78b6cde64ce1c94a8eac
2025-01-13T20:00:37.1840590Z Prepare all required actions
2025-01-13T20:00:37.1841490Z Getting action download info
2025-01-13T20:00:37.3365560Z Download action repository 'actions/cache@v4' (SHA:1bd1e32a3bdc45362d1e726936510720a7c30a57)
2025-01-13T20:00:37.4464710Z ##[group]Run ./.github/actions/setup_lfs
2025-01-13T20:00:37.4465350Z with:
2025-01-13T20:00:37.4465940Z   regression-data-repo: tardis-sn/tardis-regression-data
2025-01-13T20:00:37.4466680Z env:
2025-01-13T20:00:37.4467120Z   CACHE_NUMBER: 0
2025-01-13T20:00:37.4468540Z   PYTEST_FLAGS: --tardis-regression-data=/Users/runner/work/tardis/tardis/tardis-regression-data --cov=tardis --cov-report=xml --cov-report=html --cov-append
2025-01-13T20:00:37.4470110Z   CODECOV_TOKEN: 
2025-01-13T20:00:37.4470620Z ##[endgroup]
2025-01-13T20:00:37.4607920Z ##[group]Run actions/checkout@v4
2025-01-13T20:00:37.4608570Z with:
2025-01-13T20:00:37.4609120Z   repository: tardis-sn/tardis-regression-data
2025-01-13T20:00:37.4609830Z   path: tardis-regression-data
2025-01-13T20:00:37.4610700Z   token: ***
2025-01-13T20:00:37.4611180Z   ssh-strict: true
2025-01-13T20:00:37.4611690Z   ssh-user: git
2025-01-13T20:00:37.4612220Z   persist-credentials: true
2025-01-13T20:00:37.4612830Z   clean: true
2025-01-13T20:00:37.4613340Z   sparse-checkout-cone-mode: true
2025-01-13T20:00:37.4613960Z   fetch-depth: 1
2025-01-13T20:00:37.4614440Z   fetch-tags: false
2025-01-13T20:00:37.4614940Z   show-progress: true
2025-01-13T20:00:37.4615440Z   lfs: false
2025-01-13T20:00:37.4615920Z   submodules: false
2025-01-13T20:00:37.4616430Z   set-safe-directory: true
2025-01-13T20:00:37.4616980Z env:
2025-01-13T20:00:37.4617410Z   CACHE_NUMBER: 0
2025-01-13T20:00:37.4618850Z   PYTEST_FLAGS: --tardis-regression-data=/Users/runner/work/tardis/tardis/tardis-regression-data --cov=tardis --cov-report=xml --cov-report=html --cov-append
2025-01-13T20:00:37.4620470Z   CODECOV_TOKEN: 
2025-01-13T20:00:37.4620960Z ##[endgroup]
2025-01-13T20:00:37.5704240Z Syncing repository: tardis-sn/tardis-regression-data
2025-01-13T20:00:37.5705560Z ##[group]Getting Git version info
2025-01-13T20:00:37.5706640Z Working directory is '/Users/runner/work/tardis/tardis/tardis-regression-data'
2025-01-13T20:00:37.5708300Z [command]/opt/homebrew/bin/git version
2025-01-13T20:00:37.5716820Z git version 2.47.1
2025-01-13T20:00:37.5732590Z ##[endgroup]
2025-01-13T20:00:37.5737420Z Copying '/Users/runner/.gitconfig' to '/Users/runner/work/_temp/7ce8f803-911d-4b42-ae72-f1f949966b25/.gitconfig'
2025-01-13T20:00:37.5751700Z Temporarily overriding HOME='/Users/runner/work/_temp/7ce8f803-911d-4b42-ae72-f1f949966b25' before making global git config changes
2025-01-13T20:00:37.5754890Z Adding repository directory to the temporary git global config as a safe directory
2025-01-13T20:00:37.5756690Z [command]/opt/homebrew/bin/git config --global --add safe.directory /Users/runner/work/tardis/tardis/tardis-regression-data
2025-01-13T20:00:37.5794570Z ##[group]Initializing the repository
2025-01-13T20:00:37.5798080Z [command]/opt/homebrew/bin/git init /Users/runner/work/tardis/tardis/tardis-regression-data
2025-01-13T20:00:37.5864450Z hint: Using 'master' as the name for the initial branch. This default branch name
2025-01-13T20:00:37.5865880Z hint: is subject to change. To configure the initial branch name to use in all
2025-01-13T20:00:37.5867030Z hint: of your new repositories, which will suppress this warning, call:
2025-01-13T20:00:37.5867900Z hint:
2025-01-13T20:00:37.5868470Z hint: 	git config --global init.defaultBranch <name>
2025-01-13T20:00:37.5869180Z hint:
2025-01-13T20:00:37.5869870Z hint: Names commonly chosen instead of 'master' are 'main', 'trunk' and
2025-01-13T20:00:37.5871010Z hint: 'development'. The just-created branch can be renamed via this command:
2025-01-13T20:00:37.5871980Z hint:
2025-01-13T20:00:37.5872460Z hint: 	git branch -m <name>
2025-01-13T20:00:37.5873500Z Initialized empty Git repository in /Users/runner/work/tardis/tardis/tardis-regression-data/.git/
2025-01-13T20:00:37.5876430Z [command]/opt/homebrew/bin/git remote add origin https://github.com/tardis-sn/tardis-regression-data
2025-01-13T20:00:37.5917520Z ##[endgroup]
2025-01-13T20:00:37.5918560Z ##[group]Disabling automatic garbage collection
2025-01-13T20:00:37.5919950Z [command]/opt/homebrew/bin/git config --local gc.auto 0
2025-01-13T20:00:37.5960200Z ##[endgroup]
2025-01-13T20:00:37.5961060Z ##[group]Setting up auth
2025-01-13T20:00:37.5964400Z [command]/opt/homebrew/bin/git config --local --name-only --get-regexp core\.sshCommand
2025-01-13T20:00:37.6005070Z [command]/opt/homebrew/bin/git submodule foreach --recursive sh -c "git config --local --name-only --get-regexp 'core\.sshCommand' && git config --local --unset-all 'core.sshCommand' || :"
2025-01-13T20:00:37.6492510Z [command]/opt/homebrew/bin/git config --local --name-only --get-regexp http\.https\:\/\/github\.com\/\.extraheader
2025-01-13T20:00:37.6535540Z [command]/opt/homebrew/bin/git submodule foreach --recursive sh -c "git config --local --name-only --get-regexp 'http\.https\:\/\/github\.com\/\.extraheader' && git config --local --unset-all 'http.https://github.com/.extraheader' || :"
2025-01-13T20:00:37.7516590Z [command]/opt/homebrew/bin/git config --local http.https://github.com/.extraheader AUTHORIZATION: basic ***
2025-01-13T20:00:37.7774390Z ##[endgroup]
2025-01-13T20:00:37.7876000Z ##[group]Determining the default branch
2025-01-13T20:00:37.7978690Z Retrieving the default branch name
2025-01-13T20:00:38.1483700Z Default branch 'main'
2025-01-13T20:00:38.1487120Z ##[endgroup]
2025-01-13T20:00:38.1523900Z ##[group]Fetching the repository
2025-01-13T20:00:38.1528330Z [command]/opt/homebrew/bin/git -c protocol.version=2 fetch --no-tags --prune --no-recurse-submodules --depth=1 origin +refs/heads/main:refs/remotes/origin/main
2025-01-13T20:00:39.1356080Z From https://github.com/tardis-sn/tardis-regression-data
2025-01-13T20:00:39.1358040Z  * [new branch]      main       -> origin/main
2025-01-13T20:00:39.1408560Z ##[endgroup]
2025-01-13T20:00:39.1409040Z ##[group]Determining the checkout info
2025-01-13T20:00:39.1409470Z ##[endgroup]
2025-01-13T20:00:39.1412610Z [command]/opt/homebrew/bin/git sparse-checkout disable
2025-01-13T20:00:39.1464020Z [command]/opt/homebrew/bin/git config --local --unset-all extensions.worktreeConfig
2025-01-13T20:00:39.1504940Z ##[group]Checking out the ref
2025-01-13T20:00:39.1509010Z [command]/opt/homebrew/bin/git checkout --progress --force -B main refs/remotes/origin/main
2025-01-13T20:00:39.3064130Z Switched to a new branch 'main'
2025-01-13T20:00:39.3067060Z branch 'main' set up to track 'origin/main'.
2025-01-13T20:00:39.3573270Z ##[endgroup]
2025-01-13T20:00:39.3621240Z [command]/opt/homebrew/bin/git log -1 --format=%H
2025-01-13T20:00:39.3655340Z fa7729bc9c30e14b69acd641af8b692b56fcd416
2025-01-13T20:00:39.3879070Z ##[group]Run git lfs ls-files -l | cut -d' ' -f1 | sort > .lfs-assets-id
2025-01-13T20:00:39.3879530Z [36;1mgit lfs ls-files -l | cut -d' ' -f1 | sort > .lfs-assets-id[0m
2025-01-13T20:00:39.4002650Z shell: /bin/bash --noprofile --norc -e -o pipefail {0}
2025-01-13T20:00:39.4002920Z env:
2025-01-13T20:00:39.4003040Z   CACHE_NUMBER: 0
2025-01-13T20:00:39.4003510Z   PYTEST_FLAGS: --tardis-regression-data=/Users/runner/work/tardis/tardis/tardis-regression-data --cov=tardis --cov-report=xml --cov-report=html --cov-append
2025-01-13T20:00:39.4004020Z   CODECOV_TOKEN: 
2025-01-13T20:00:39.4004140Z ##[endgroup]
2025-01-13T20:00:39.7499210Z ##[group]Run actions/cache/restore@v4
2025-01-13T20:00:39.7499430Z with:
2025-01-13T20:00:39.7499560Z   path: tardis-regression-data/.git/lfs
2025-01-13T20:00:39.7499890Z   key: macOS-lfs-21f9fa4b6817cc69b9fae3598144724da7828e276a73bd17f47a2a49d9af090a-v1
2025-01-13T20:00:39.7500200Z   enableCrossOsArchive: false
2025-01-13T20:00:39.7500370Z   fail-on-cache-miss: false
2025-01-13T20:00:39.7500520Z   lookup-only: false
2025-01-13T20:00:39.7500660Z env:
2025-01-13T20:00:39.7500770Z   CACHE_NUMBER: 0
2025-01-13T20:00:39.7501450Z   PYTEST_FLAGS: --tardis-regression-data=/Users/runner/work/tardis/tardis/tardis-regression-data --cov=tardis --cov-report=xml --cov-report=html --cov-append
2025-01-13T20:00:39.7501940Z   CODECOV_TOKEN: 
2025-01-13T20:00:39.7502060Z ##[endgroup]
2025-01-13T20:00:41.2353660Z Received 50331648 of 1706796060 (2.9%), 47.9 MBs/sec
2025-01-13T20:00:42.2328300Z Received 117440512 of 1706796060 (6.9%), 55.9 MBs/sec
2025-01-13T20:00:43.2323810Z Received 188743680 of 1706796060 (11.1%), 59.9 MBs/sec
2025-01-13T20:00:44.2329670Z Received 281018368 of 1706796060 (16.5%), 66.9 MBs/sec
2025-01-13T20:00:45.2331320Z Received 364904448 of 1706796060 (21.4%), 69.5 MBs/sec
2025-01-13T20:00:46.2339400Z Received 440401920 of 1706796060 (25.8%), 69.9 MBs/sec
2025-01-13T20:00:47.2343060Z Received 532676608 of 1706796060 (31.2%), 72.5 MBs/sec
2025-01-13T20:00:48.2347470Z Received 612368384 of 1706796060 (35.9%), 72.9 MBs/sec
2025-01-13T20:00:49.2359150Z Received 692060160 of 1706796060 (40.5%), 73.3 MBs/sec
2025-01-13T20:00:50.2391570Z Received 775946240 of 1706796060 (45.5%), 73.9 MBs/sec
2025-01-13T20:00:51.2394710Z Received 851443712 of 1706796060 (49.9%), 73.7 MBs/sec
2025-01-13T20:00:52.2398110Z Received 914358272 of 1706796060 (53.6%), 72.6 MBs/sec
2025-01-13T20:00:53.2402550Z Received 985661440 of 1706796060 (57.7%), 72.2 MBs/sec
2025-01-13T20:00:54.2420060Z Received 1065353216 of 1706796060 (62.4%), 72.5 MBs/sec
2025-01-13T20:00:55.2425590Z Received 1140850688 of 1706796060 (66.8%), 72.5 MBs/sec
2025-01-13T20:00:56.2465240Z Received 1212153856 of 1706796060 (71.0%), 72.2 MBs/sec
2025-01-13T20:00:57.2447460Z Received 1296039936 of 1706796060 (75.9%), 72.6 MBs/sec
2025-01-13T20:00:58.2446770Z Received 1375731712 of 1706796060 (80.6%), 72.8 MBs/sec
2025-01-13T20:00:59.2461480Z Received 1442840576 of 1706796060 (84.5%), 72.3 MBs/sec
2025-01-13T20:01:00.2550430Z Received 1501560832 of 1706796060 (88.0%), 71.5 MBs/sec
2025-01-13T20:01:01.2588560Z Received 1568669696 of 1706796060 (91.9%), 71.2 MBs/sec
2025-01-13T20:01:02.2534500Z Received 1623195648 of 1706796060 (95.1%), 70.3 MBs/sec
2025-01-13T20:01:03.2555280Z Received 1706796060 of 1706796060 (100.0%), 70.7 MBs/sec
2025-01-13T20:01:04.0257520Z Cache Size: ~1628 MB (1706796060 B)
2025-01-13T20:01:04.0310670Z [command]/opt/homebrew/bin/gtar -xf /Users/runner/work/_temp/1847bcd6-4f2c-46b2-9319-bb495e2139b0/cache.tzst -P -C /Users/runner/work/tardis/tardis --delay-directory-restore --use-compress-program unzstd
2025-01-13T20:01:09.7978730Z Cache restored successfully
2025-01-13T20:01:09.9075780Z Cache restored from key: macOS-lfs-21f9fa4b6817cc69b9fae3598144724da7828e276a73bd17f47a2a49d9af090a-v1
2025-01-13T20:01:09.9305240Z ##[group]Run git lfs checkout
2025-01-13T20:01:09.9305580Z [36;1mgit lfs checkout[0m
2025-01-13T20:01:09.9441280Z shell: /bin/bash --noprofile --norc -e -o pipefail {0}
2025-01-13T20:01:09.9441640Z env:
2025-01-13T20:01:09.9441910Z   CACHE_NUMBER: 0
2025-01-13T20:01:09.9442440Z   PYTEST_FLAGS: --tardis-regression-data=/Users/runner/work/tardis/tardis/tardis-regression-data --cov=tardis --cov-report=xml --cov-report=html --cov-append
2025-01-13T20:01:09.9443040Z   CODECOV_TOKEN: 
2025-01-13T20:01:09.9443280Z ##[endgroup]
2025-01-13T20:01:17.5232690Z Checking out LFS objects: 100% (204/204), 3.5 GB | 368 MB/s, done.
2025-01-13T20:01:23.6846460Z Prepare all required actions
2025-01-13T20:01:23.6847080Z Getting action download info
2025-01-13T20:01:23.8224250Z Download action repository 'mamba-org/setup-micromamba@v1' (SHA:4b9113af4fba0e9e1124b252dd6497a419e7396d)
2025-01-13T20:01:24.9642110Z ##[group]Run ./.github/actions/setup_env
2025-01-13T20:01:24.9642350Z with:
2025-01-13T20:01:24.9642600Z   os-label: osx-arm64
2025-01-13T20:01:24.9642810Z env:
2025-01-13T20:01:24.9643050Z   CACHE_NUMBER: 0
2025-01-13T20:01:24.9643580Z   PYTEST_FLAGS: --tardis-regression-data=/Users/runner/work/tardis/tardis/tardis-regression-data --cov=tardis --cov-report=xml --cov-report=html --cov-append
2025-01-13T20:01:24.9644110Z   CODECOV_TOKEN: 
2025-01-13T20:01:24.9644400Z ##[endgroup]
2025-01-13T20:01:24.9663620Z ##[group]Run file_hash=$(cat conda-osx-arm64.lock | shasum -a 256 | cut -d' ' -f1)
2025-01-13T20:01:24.9664020Z [36;1mfile_hash=$(cat conda-osx-arm64.lock | shasum -a 256 | cut -d' ' -f1)[0m
2025-01-13T20:01:24.9664380Z [36;1mecho "file_hash=$file_hash" >> "${GITHUB_OUTPUT}"[0m
2025-01-13T20:01:24.9711730Z shell: /bin/bash --noprofile --norc -e -o pipefail {0}
2025-01-13T20:01:24.9711950Z env:
2025-01-13T20:01:24.9712070Z   CACHE_NUMBER: 0
2025-01-13T20:01:24.9712530Z   PYTEST_FLAGS: --tardis-regression-data=/Users/runner/work/tardis/tardis/tardis-regression-data --cov=tardis --cov-report=xml --cov-report=html --cov-append
2025-01-13T20:01:24.9713000Z   CODECOV_TOKEN: 
2025-01-13T20:01:24.9713130Z ##[endgroup]
2025-01-13T20:01:25.1215430Z ##[group]Run mamba-org/setup-micromamba@v1
2025-01-13T20:01:25.1215680Z with:
2025-01-13T20:01:25.1215830Z   environment-file: conda-osx-arm64.lock
2025-01-13T20:01:25.1216170Z   cache-environment-key: bf0d0a4d4c847cca72476c6c68c493d56c484aada7e80de0e42c7607fcef5824
2025-01-13T20:01:25.1216620Z   cache-downloads-key: bf0d0a4d4c847cca72476c6c68c493d56c484aada7e80de0e42c7607fcef5824
2025-01-13T20:01:25.1216930Z   environment-name: tardis
2025-01-13T20:01:25.1217100Z   cache-environment: true
2025-01-13T20:01:25.1217300Z   cache-downloads: true
2025-01-13T20:01:25.1217470Z env:
2025-01-13T20:01:25.1217590Z   CACHE_NUMBER: 0
2025-01-13T20:01:25.1218030Z   PYTEST_FLAGS: --tardis-regression-data=/Users/runner/work/tardis/tardis/tardis-regression-data --cov=tardis --cov-report=xml --cov-report=html --cov-append
2025-01-13T20:01:25.1218520Z   CODECOV_TOKEN: 
2025-01-13T20:01:25.1218650Z ##[endgroup]
2025-01-13T20:01:25.5144100Z Will download micromamba to /Users/runner/micromamba-bin/micromamba
2025-01-13T20:01:25.5147970Z ##[group]Install micromamba
2025-01-13T20:01:26.1944920Z micromamba installed to /Users/runner/micromamba-bin/micromamba
2025-01-13T20:01:26.1945770Z ##[endgroup]
2025-01-13T20:01:26.1946510Z Adding conda-forge to condarc channels ...
2025-01-13T20:01:26.1954690Z ##[group]Initialize micromamba for bash.
2025-01-13T20:01:26.1973570Z [command]/Users/runner/micromamba-bin/micromamba shell init -s bash -r /Users/runner/micromamba --log-level warning --rc-file /Users/runner/work/_temp/setup-micromamba/.condarc
2025-01-13T20:01:26.2181030Z Modifying RC file "/Users/runner/.bash_profile"
2025-01-13T20:01:26.2186100Z Generating config for root prefix [1m"/Users/runner/micromamba"[0m
2025-01-13T20:01:26.2186550Z Setting mamba executable to: [1m"/Users/runner/micromamba-bin/micromamba"[0m
2025-01-13T20:01:26.2186940Z Adding (or replacing) the following in your "/Users/runner/.bash_profile" file
2025-01-13T20:01:26.2187160Z 
2025-01-13T20:01:26.2187220Z # >>> mamba initialize >>>
2025-01-13T20:01:26.2187470Z # !! Contents within this block are managed by 'mamba init' !!
2025-01-13T20:01:26.2187780Z export MAMBA_EXE='/Users/runner/micromamba-bin/micromamba';
2025-01-13T20:01:26.2188080Z export MAMBA_ROOT_PREFIX='/Users/runner/micromamba';
2025-01-13T20:01:26.2188460Z __mamba_setup="$("$MAMBA_EXE" shell hook --shell bash --root-prefix "$MAMBA_ROOT_PREFIX" 2> /dev/null)"
2025-01-13T20:01:26.2188810Z if [ $? -eq 0 ]; then
2025-01-13T20:01:26.2188980Z     eval "$__mamba_setup"
2025-01-13T20:01:26.2190060Z else
2025-01-13T20:01:26.2190300Z     alias micromamba="$MAMBA_EXE"  # Fallback on help from mamba activate
2025-01-13T20:01:26.2190580Z fi
2025-01-13T20:01:26.2190700Z unset __mamba_setup
2025-01-13T20:01:26.2190860Z # <<< mamba initialize <<<
2025-01-13T20:01:26.2190980Z 
2025-01-13T20:01:26.2191730Z ##[endgroup]
2025-01-13T20:01:26.2192480Z ##[group]Restoring downloads from `/Users/runner/micromamba/pkgs` ...
2025-01-13T20:01:27.5797300Z Received 41943040 of 310595873 (13.5%), 39.4 MBs/sec
2025-01-13T20:01:28.5800120Z Received 130023424 of 310595873 (41.9%), 61.1 MBs/sec
2025-01-13T20:01:29.5816560Z Received 205520896 of 310595873 (66.2%), 64.7 MBs/sec
2025-01-13T20:01:30.5853920Z Received 285212672 of 310595873 (91.8%), 67.5 MBs/sec
2025-01-13T20:01:31.0552120Z Cache Size: ~296 MB (310595873 B)
2025-01-13T20:01:31.0582010Z [command]/opt/homebrew/bin/gtar -xf /Users/runner/work/_temp/fd5592e9-aa11-4252-b14d-6e671539ad40/cache.tzst -P -C /Users/runner/work/tardis/tardis --delay-directory-restore --use-compress-program unzstd
2025-01-13T20:01:31.5852420Z Received 310595873 of 310595873 (100.0%), 58.8 MBs/sec
2025-01-13T20:01:31.7410080Z Cache restored successfully
2025-01-13T20:01:31.7430560Z Restored cache with key `bf0d0a4d4c847cca72476c6c68c493d56c484aada7e80de0e42c7607fcef5824-osx-arm64`
2025-01-13T20:01:31.7431140Z ##[endgroup]
2025-01-13T20:01:31.7454550Z ##[group]Restoring environment `tardis` from `/Users/runner/micromamba/envs/tardis` ...
2025-01-13T20:01:33.0569530Z Received 46137344 of 385775710 (12.0%), 43.9 MBs/sec
2025-01-13T20:01:34.0568990Z Received 130023424 of 385775710 (33.7%), 61.9 MBs/sec
2025-01-13T20:01:35.0570730Z Received 209715200 of 385775710 (54.4%), 66.6 MBs/sec
2025-01-13T20:01:36.0631710Z Received 293601280 of 385775710 (76.1%), 69.9 MBs/sec
2025-01-13T20:01:37.0585140Z Received 352321536 of 385775710 (91.3%), 67.1 MBs/sec
2025-01-13T20:01:37.7119740Z Cache Size: ~368 MB (385775710 B)
2025-01-13T20:01:37.7144780Z [command]/opt/homebrew/bin/gtar -xf /Users/runner/work/_temp/bfaba45c-b43f-4307-83bc-453391e969a1/cache.tzst -P -C /Users/runner/work/tardis/tardis --delay-directory-restore --use-compress-program unzstd
2025-01-13T20:01:38.0611380Z Received 385775710 of 385775710 (100.0%), 61.3 MBs/sec
2025-01-13T20:01:48.0672820Z Cache restored successfully
2025-01-13T20:01:48.0697740Z Restored cache with key `bf0d0a4d4c847cca72476c6c68c493d56c484aada7e80de0e42c7607fcef5824-osx-arm64-tardis-args-4f53cda-root-873f6fe-bin-[object Promise]-file-bf0d0a4d4c847cca72476c6c68c493d56c484aada7e80de0e42c7607fcef5824`
2025-01-13T20:01:48.0700870Z ##[endgroup]
2025-01-13T20:01:48.0701290Z Adding environment tardis to auto-activate bash ...
2025-01-13T20:01:48.0702540Z Generating micromamba run shell.
2025-01-13T20:01:48.0704990Z ##[endgroup]
2025-01-13T20:01:48.0706190Z Set environment variables.
2025-01-13T20:01:48.0707180Z ##[group]micromamba info
2025-01-13T20:01:48.0708790Z [command]/Users/runner/micromamba-bin/micromamba info -r /Users/runner/micromamba -n tardis
2025-01-13T20:01:48.5294890Z 
2025-01-13T20:01:48.5395940Z        libmamba version : 1.5.10
2025-01-13T20:01:48.5484060Z      micromamba version : 1.5.10
2025-01-13T20:01:48.5485090Z            curl version : libcurl/8.10.1 (OpenSSL/3.3.2) SecureTransport zlib/1.3.1 zstd/1.5.6 libssh2/1.11.0 nghttp2/1.58.0
2025-01-13T20:01:48.5485980Z      libarchive version : libarchive 3.7.4 zlib/1.2.13 bz2lib/1.0.8 libzstd/1.5.6
2025-01-13T20:01:48.5486650Z        envs directories : /Users/runner/micromamba/envs
2025-01-13T20:01:48.5487210Z           package cache : /Users/runner/micromamba/pkgs
2025-01-13T20:01:48.5487760Z                           /Users/runner/.mamba/pkgs
2025-01-13T20:01:48.5488150Z             environment : tardis
2025-01-13T20:01:48.5488780Z            env location : /Users/runner/micromamba/envs/tardis
2025-01-13T20:01:48.5489260Z       user config files : /Users/runner/.mambarc
2025-01-13T20:01:48.5490480Z  populated config files : /Users/runner/work/_temp/setup-micromamba/.condarc
2025-01-13T20:01:48.5860940Z        virtual packages : __unix=0=0
2025-01-13T20:01:48.5861600Z                           __osx=14.7.2=0
2025-01-13T20:01:48.5861920Z                           __archspec=1=arm64
2025-01-13T20:01:48.5862340Z                channels : https://conda.anaconda.org/conda-forge/osx-arm64
2025-01-13T20:01:48.5862890Z                           https://conda.anaconda.org/conda-forge/noarch
2025-01-13T20:01:48.5863230Z        base environment : /Users/runner/micromamba
2025-01-13T20:01:48.5863580Z                platform : osx-arm64
2025-01-13T20:01:48.5864220Z ##[endgroup]
2025-01-13T20:01:48.5864610Z ##[group]micromamba list
2025-01-13T20:01:48.5865210Z [command]/Users/runner/micromamba-bin/micromamba list -r /Users/runner/micromamba -n tardis
2025-01-13T20:01:48.9111150Z List of packages in environment: "/Users/runner/micromamba/envs/tardis"
2025-01-13T20:01:48.9138530Z 
2025-01-13T20:01:48.9139070Z   Name                           Version              Build                    Channel    
2025-01-13T20:01:48.9140390Z â”€â”€â”€â”€â”€â”€â”€â”€â”€â”€â”€â”€â”€â”€â”€â”€â”€â”€â”€â”€â”€â”€â”€â”€â”€â”€â”€â”€â”€â”€â”€â”€â”€â”€â”€â”€â”€â”€â”€â”€â”€â”€â”€â”€â”€â”€â”€â”€â”€â”€â”€â”€â”€â”€â”€â”€â”€â”€â”€â”€â”€â”€â”€â”€â”€â”€â”€â”€â”€â”€â”€â”€â”€â”€â”€â”€â”€â”€â”€â”€â”€â”€â”€â”€â”€â”€â”€â”€â”€â”€â”€â”€
2025-01-13T20:01:48.9145800Z   alabaster                      0.7.16               pyhd8ed1ab_0             conda-forge
2025-01-13T20:01:48.9148880Z   anyio                          4.4.0                pyhd8ed1ab_0             conda-forge
2025-01-13T20:01:48.9149760Z   appnope                        0.1.4                pyhd8ed1ab_0             conda-forge
2025-01-13T20:01:48.9150310Z   argon2-cffi                    23.1.0               pyhd8ed1ab_0             conda-forge
2025-01-13T20:01:48.9151290Z   argon2-cffi-bindings           21.2.0               py312h02f2b3b_4          conda-forge
2025-01-13T20:01:48.9151830Z   arrow                          1.3.0                pyhd8ed1ab_0             conda-forge
2025-01-13T20:01:48.9152350Z   astropy                        6.1.1                py312hbebd99a_0          conda-forge
2025-01-13T20:01:48.9152890Z   astropy-iers-data              0.2024.6.17.0.31.35  pyhd8ed1ab_0             conda-forge
2025-01-13T20:01:48.9153540Z   astropy-sphinx-theme           1.1                  pyhd8ed1ab_0             conda-forge
2025-01-13T20:01:48.9154150Z   asttokens                      2.4.1                pyhd8ed1ab_0             conda-forge
2025-01-13T20:01:48.9154640Z   async-lru                      2.0.4                pyhd8ed1ab_0             conda-forge
2025-01-13T20:01:48.9155090Z   atk-1.0                        2.38.0               hd03087b_2               conda-forge
2025-01-13T20:01:48.9155560Z   attrs                          23.2.0               pyh71513ae_0             conda-forge
2025-01-13T20:01:48.9156010Z   babel                          2.14.0               pyhd8ed1ab_0             conda-forge
2025-01-13T20:01:48.9156670Z   beautifulsoup4                 4.12.3               pyha770c72_0             conda-forge
2025-01-13T20:01:48.9157080Z   bleach                         6.1.0                pyhd8ed1ab_0             conda-forge
2025-01-13T20:01:48.9157430Z   blosc                          1.21.5               h9c252e8_1               conda-forge
2025-01-13T20:01:48.9157840Z   brotli                         1.1.0                hb547adb_1               conda-forge
2025-01-13T20:01:48.9158210Z   brotli-bin                     1.1.0                hb547adb_1               conda-forge
2025-01-13T20:01:48.9158640Z   brotli-python                  1.1.0                py312h9f69965_1          conda-forge
2025-01-13T20:01:48.9159010Z   bzip2                          1.0.8                h93a5062_5               conda-forge
2025-01-13T20:01:48.9159470Z   c-ares                         1.28.1               h93a5062_0               conda-forge
2025-01-13T20:01:48.9159780Z   c-blosc2                       2.14.4               ha57e6be_1               conda-forge
2025-01-13T20:01:48.9160110Z   ca-certificates                2024.6.2             hf0a4a13_0               conda-forge
2025-01-13T20:01:48.9160760Z   cached-property                1.5.2                hd8ed1ab_1               conda-forge
2025-01-13T20:01:48.9161120Z   cached_property                1.5.2                pyha770c72_1             conda-forge
2025-01-13T20:01:48.9161420Z   cairo                          1.18.0               hd1e100b_0               conda-forge
2025-01-13T20:01:48.9161730Z   certifi                        2024.6.2             pyhd8ed1ab_0             conda-forge
2025-01-13T20:01:48.9162020Z   cffi                           1.16.0               py312h8e38eb3_0          conda-forge
2025-01-13T20:01:48.9162340Z   charset-normalizer             3.3.2                pyhd8ed1ab_0             conda-forge
2025-01-13T20:01:48.9162670Z   click                          8.1.7                unix_pyh707e725_0        conda-forge
2025-01-13T20:01:48.9162960Z   codespell                      2.3.0                pyhd8ed1ab_0             conda-forge
2025-01-13T20:01:48.9163280Z   colorama                       0.4.6                pyhd8ed1ab_0             conda-forge
2025-01-13T20:01:48.9163580Z   comm                           0.2.2                pyhd8ed1ab_0             conda-forge
2025-01-13T20:01:48.9164030Z   commonmark                     0.9.1                py_0                     conda-forge
2025-01-13T20:01:48.9164350Z   contourpy                      1.2.1                py312h0fef576_0          conda-forge
2025-01-13T20:01:48.9164670Z   coverage                       7.5.3                py312h7e5086c_0          conda-forge
2025-01-13T20:01:48.9164970Z   cycler                         0.12.1               pyhd8ed1ab_0             conda-forge
2025-01-13T20:01:48.9165290Z   dataclasses                    0.8                  pyhc8e2a94_3             conda-forge
2025-01-13T20:01:48.9165600Z   debugpy                        1.8.1                py312h20a0b95_0          conda-forge
2025-01-13T20:01:48.9165900Z   decorator                      5.1.1                pyhd8ed1ab_0             conda-forge
2025-01-13T20:01:48.9166250Z   defusedxml                     0.7.1                pyhd8ed1ab_0             conda-forge
2025-01-13T20:01:48.9166570Z   docutils                       0.20.1               py312h81bd7bf_3          conda-forge
2025-01-13T20:01:48.9166890Z   dot2tex                        2.11.3               pyhd8ed1ab_0             conda-forge
2025-01-13T20:01:48.9167200Z   entrypoints                    0.4                  pyhd8ed1ab_0             conda-forge
2025-01-13T20:01:48.9167520Z   exceptiongroup                 1.2.0                pyhd8ed1ab_2             conda-forge
2025-01-13T20:01:48.9167850Z   executing                      2.0.1                pyhd8ed1ab_0             conda-forge
2025-01-13T20:01:48.9168370Z   expat                          2.6.2                hebf3989_0               conda-forge
2025-01-13T20:01:48.9168790Z   font-ttf-dejavu-sans-mono      2.37                 hab24e00_0               conda-forge
2025-01-13T20:01:48.9169250Z   font-ttf-inconsolata           3.000                h77eed37_0               conda-forge
2025-01-13T20:01:48.9169730Z   font-ttf-source-code-pro       2.038                h77eed37_0               conda-forge
2025-01-13T20:01:48.9170210Z   font-ttf-ubuntu                0.83                 h77eed37_2               conda-forge
2025-01-13T20:01:48.9170600Z   fontconfig                     2.14.2               h82840c6_0               conda-forge
2025-01-13T20:01:48.9171090Z   fonts-conda-ecosystem          1                    0                        conda-forge
2025-01-13T20:01:48.9171570Z   fonts-conda-forge              1                    0                        conda-forge
2025-01-13T20:01:48.9172020Z   fonttools                      4.53.0               py312h7e5086c_0          conda-forge
2025-01-13T20:01:48.9172390Z   fqdn                           1.5.1                pyhd8ed1ab_0             conda-forge
2025-01-13T20:01:48.9172830Z   freetype                       2.12.1               hadb7bae_2               conda-forge
2025-01-13T20:01:48.9173220Z   fribidi                        1.0.10               h27ca646_0               conda-forge
2025-01-13T20:01:48.9173740Z   future                         1.0.0                pyhd8ed1ab_0             conda-forge
2025-01-13T20:01:48.9174050Z   gdk-pixbuf                     2.42.12              h7ddc832_0               conda-forge
2025-01-13T20:01:48.9174340Z   gettext                        0.22.5               h8fbad5d_2               conda-forge
2025-01-13T20:01:48.9174870Z   gettext-tools                  0.22.5               h8fbad5d_2               conda-forge
2025-01-13T20:01:48.9175310Z   giflib                         5.2.2                h93a5062_0               conda-forge
2025-01-13T20:01:48.9175590Z   git-lfs                        3.5.1                hce30654_0               conda-forge
2025-01-13T20:01:48.9175860Z   gmp                            6.3.0                hebf3989_1               conda-forge
2025-01-13T20:01:48.9176130Z   gmpy2                          2.1.5                py312hfa9fade_1          conda-forge
2025-01-13T20:01:48.9176430Z   graphite2                      1.3.13               hebf3989_1003            conda-forge
2025-01-13T20:01:48.9176920Z   graphviz                       11.0.0               h9bb9bc9_0               conda-forge
2025-01-13T20:01:48.9177200Z   gtk2                           2.24.33              h7895bb2_4               conda-forge
2025-01-13T20:01:48.9177490Z   gts                            0.7.6                he42f4ea_4               conda-forge
2025-01-13T20:01:48.9177750Z   h11                            0.14.0               pyhd8ed1ab_0             conda-forge
2025-01-13T20:01:48.9178010Z   h2                             4.1.0                pyhd8ed1ab_0             conda-forge
2025-01-13T20:01:48.9178300Z   h5py                           3.11.0               nompi_py312h903599c_102  conda-forge
2025-01-13T20:01:48.9178590Z   harfbuzz                       8.5.0                h1836168_0               conda-forge
2025-01-13T20:01:48.9178870Z   hdf5                           1.14.3               nompi_hec07895_105       conda-forge
2025-01-13T20:01:48.9179140Z   hpack                          4.0.0                pyh9f0ad1d_0             conda-forge
2025-01-13T20:01:48.9179470Z   httpcore                       1.0.5                pyhd8ed1ab_0             conda-forge
2025-01-13T20:01:48.9179740Z   httpx                          0.27.0               pyhd8ed1ab_0             conda-forge
2025-01-13T20:01:48.9180010Z   hyperframe                     6.0.1                pyhd8ed1ab_0             conda-forge
2025-01-13T20:01:48.9180280Z   icu                            73.2                 hc8870d7_0               conda-forge
2025-01-13T20:01:48.9180530Z   idna                           3.7                  pyhd8ed1ab_0             conda-forge
2025-01-13T20:01:48.9180800Z   imagesize                      1.4.1                pyhd8ed1ab_0             conda-forge
2025-01-13T20:01:48.9181100Z   importlib-metadata             7.1.0                pyha770c72_0             conda-forge
2025-01-13T20:01:48.9181410Z   importlib_metadata             7.1.0                hd8ed1ab_0               conda-forge
2025-01-13T20:01:48.9181730Z   importlib_resources            6.4.0                pyhd8ed1ab_0             conda-forge
2025-01-13T20:01:48.9182030Z   iniconfig                      2.0.0                pyhd8ed1ab_0             conda-forge
2025-01-13T20:01:48.9182350Z   ipykernel                      6.29.4               pyh57ce528_0             conda-forge
2025-01-13T20:01:48.9182660Z   ipython                        8.25.0               pyh707e725_0             conda-forge
2025-01-13T20:01:48.9183110Z   ipython_genutils               0.2.0                pyhd8ed1ab_1             conda-forge
2025-01-13T20:01:48.9183410Z   ipywidgets                     7.8.0                pyhd8ed1ab_0             conda-forge
2025-01-13T20:01:48.9183700Z   isoduration                    20.11.0              pyhd8ed1ab_0             conda-forge
2025-01-13T20:01:48.9183970Z   jedi                           0.19.1               pyhd8ed1ab_0             conda-forge
2025-01-13T20:01:48.9184390Z   jinja2                         3.1.4                pyhd8ed1ab_0             conda-forge
2025-01-13T20:01:48.9184660Z   json5                          0.9.25               pyhd8ed1ab_0             conda-forge
2025-01-13T20:01:48.9184940Z   jsonpointer                    3.0.0                py312h81bd7bf_0          conda-forge
2025-01-13T20:01:48.9185380Z   jsonschema                     4.22.0               pyhd8ed1ab_0             conda-forge
2025-01-13T20:01:48.9185950Z   jsonschema-specifications      2023.12.1            pyhd8ed1ab_0             conda-forge
2025-01-13T20:01:48.9186500Z   jsonschema-with-format-nongpl  4.22.0               pyhd8ed1ab_0             conda-forge
2025-01-13T20:01:48.9199080Z   jupyter-lsp                    2.2.5                pyhd8ed1ab_0             conda-forge
2025-01-13T20:01:48.9199480Z   jupyter_client                 8.6.2                pyhd8ed1ab_0             conda-forge
2025-01-13T20:01:48.9199830Z   jupyter_core                   5.7.2                py312h81bd7bf_0          conda-forge
2025-01-13T20:01:48.9200460Z   jupyter_events                 0.10.0               pyhd8ed1ab_0             conda-forge
2025-01-13T20:01:48.9200810Z   jupyter_server                 2.14.1               pyhd8ed1ab_0             conda-forge
2025-01-13T20:01:48.9201170Z   jupyter_server_terminals       0.5.3                pyhd8ed1ab_0             conda-forge
2025-01-13T20:01:48.9201500Z   jupyterlab                     4.2.2                pyhd8ed1ab_0             conda-forge
2025-01-13T20:01:48.9201830Z   jupyterlab_pygments            0.3.0                pyhd8ed1ab_1             conda-forge
2025-01-13T20:01:48.9202160Z   jupyterlab_server              2.27.2               pyhd8ed1ab_0             conda-forge
2025-01-13T20:01:48.9202500Z   jupyterlab_widgets             1.1.7                pyhd8ed1ab_0             conda-forge
2025-01-13T20:01:48.9202820Z   kiwisolver                     1.4.5                py312h389731b_1          conda-forge
2025-01-13T20:01:48.9203110Z   krb5                           1.21.2               h92f50d5_0               conda-forge
2025-01-13T20:01:48.9203390Z   latexcodec                     2.0.1                pyh9f0ad1d_0             conda-forge
2025-01-13T20:01:48.9203680Z   lcms2                          2.16                 ha0e7c42_0               conda-forge
2025-01-13T20:01:48.9204000Z   lerc                           4.0.0                h9a09cb3_0               conda-forge
2025-01-13T20:01:48.9204270Z   libaec                         1.1.3                hebf3989_0               conda-forge
2025-01-13T20:01:48.9204540Z   libasprintf                    0.22.5               h8fbad5d_2               conda-forge
2025-01-13T20:01:48.9204840Z   libasprintf-devel              0.22.5               h8fbad5d_2               conda-forge
2025-01-13T20:01:48.9205140Z   libblas                        3.9.0                22_osxarm64_openblas     conda-forge
2025-01-13T20:01:48.9205430Z   libbrotlicommon                1.1.0                hb547adb_1               conda-forge
2025-01-13T20:01:48.9205740Z   libbrotlidec                   1.1.0                hb547adb_1               conda-forge
2025-01-13T20:01:48.9206020Z   libbrotlienc                   1.1.0                hb547adb_1               conda-forge
2025-01-13T20:01:48.9206310Z   libcblas                       3.9.0                22_osxarm64_openblas     conda-forge
2025-01-13T20:01:48.9206570Z   libcurl                        8.8.0                h7b6f9a7_0               conda-forge
2025-01-13T20:01:48.9206830Z   libcxx                         17.0.6               h5f092b4_0               conda-forge
2025-01-13T20:01:48.9207100Z   libdeflate                     1.20                 h93a5062_0               conda-forge
2025-01-13T20:01:48.9207390Z   libedit                        3.1.20191231         hc8eb9b7_2               conda-forge
2025-01-13T20:01:48.9207650Z   libev                          4.33                 h93a5062_2               conda-forge
2025-01-13T20:01:48.9208060Z   libexpat                       2.6.2                hebf3989_0               conda-forge
2025-01-13T20:01:48.9208370Z   libffi                         3.4.2                h3422bc3_5               conda-forge
2025-01-13T20:01:48.9208620Z   libgd                          2.3.3                hfdf3952_9               conda-forge
2025-01-13T20:01:48.9208960Z   libgettextpo                   0.22.5               h8fbad5d_2               conda-forge
2025-01-13T20:01:48.9209270Z   libgettextpo-devel             0.22.5               h8fbad5d_2               conda-forge
2025-01-13T20:01:48.9209570Z   libgfortran                    5.0.0                13_2_0_hd922786_3        conda-forge
2025-01-13T20:01:48.9209860Z   libgfortran5                   13.2.0               hf226fd6_3               conda-forge
2025-01-13T20:01:48.9210130Z   libglib                        2.80.2               h59d46d9_1               conda-forge
2025-01-13T20:01:48.9210400Z   libiconv                       1.17                 h0d3ecfb_2               conda-forge
2025-01-13T20:01:48.9210810Z   libintl                        0.22.5               h8fbad5d_2               conda-forge
2025-01-13T20:01:48.9211090Z   libintl-devel                  0.22.5               h8fbad5d_2               conda-forge
2025-01-13T20:01:48.9211380Z   libjpeg-turbo                  3.0.0                hb547adb_1               conda-forge
2025-01-13T20:01:48.9211670Z   liblapack                      3.9.0                22_osxarm64_openblas     conda-forge
2025-01-13T20:01:48.9211950Z   libllvm14                      14.0.6               hd1a9a77_4               conda-forge
2025-01-13T20:01:48.9212230Z   libnghttp2                     1.58.0               ha4dd798_1               conda-forge
2025-01-13T20:01:48.9212510Z   libopenblas                    0.3.27               openmp_h6c19121_0        conda-forge
2025-01-13T20:01:48.9212790Z   libpng                         1.6.43               h091b4b1_0               conda-forge
2025-01-13T20:01:48.9213050Z   librsvg                        2.58.1               hbc281fb_0               conda-forge
2025-01-13T20:01:48.9213330Z   libsodium                      1.0.18               h27ca646_1               conda-forge
2025-01-13T20:01:48.9213600Z   libsqlite                      3.46.0               hfb93653_0               conda-forge
2025-01-13T20:01:48.9213870Z   libssh2                        1.11.0               h7a5bd25_0               conda-forge
2025-01-13T20:01:48.9214130Z   libtiff                        4.6.0                h07db509_3               conda-forge
2025-01-13T20:01:48.9214390Z   libwebp                        1.4.0                h54798ee_0               conda-forge
2025-01-13T20:01:48.9214660Z   libwebp-base                   1.4.0                h93a5062_0               conda-forge
2025-01-13T20:01:48.9214940Z   libxcb                         1.16                 hf2054a2_0               conda-forge
2025-01-13T20:01:48.9215210Z   libxml2                        2.12.7               ha661575_1               conda-forge
2025-01-13T20:01:48.9215470Z   libxslt                        1.1.39               h223e5b9_0               conda-forge
2025-01-13T20:01:48.9215740Z   libzlib                        1.3.1                hfb2fe0b_1               conda-forge
2025-01-13T20:01:48.9216010Z   llvm-openmp                    18.1.7               hde57baf_0               conda-forge
2025-01-13T20:01:48.9216290Z   llvmlite                       0.42.0               py312h17030e7_1          conda-forge
2025-01-13T20:01:48.9216550Z   lxml                           5.2.2                py312h0e5ab22_0          conda-forge
2025-01-13T20:01:48.9216810Z   lz4-c                          1.9.4                hb7217d7_0               conda-forge
2025-01-13T20:01:48.9217150Z   markupsafe                     2.1.5                py312he37b823_0          conda-forge
2025-01-13T20:01:48.9217470Z   matplotlib-base                3.8.4                py312h4479663_2          conda-forge
2025-01-13T20:01:48.9217910Z   matplotlib-inline              0.1.7                pyhd8ed1ab_0             conda-forge
2025-01-13T20:01:48.9218230Z   mistune                        3.0.2                pyhd8ed1ab_0             conda-forge
2025-01-13T20:01:48.9218500Z   mpc                            1.3.1                h91ba8db_0               conda-forge
2025-01-13T20:01:48.9218760Z   mpfr                           4.2.1                h41d338b_1               conda-forge
2025-01-13T20:01:48.9219040Z   mpmath                         1.3.0                pyhd8ed1ab_0             conda-forge
2025-01-13T20:01:48.9219320Z   munkres                        1.1.4                pyh9f0ad1d_0             conda-forge
2025-01-13T20:01:48.9219630Z   mypy_extensions                1.0.0                pyha770c72_0             conda-forge
2025-01-13T20:01:48.9219940Z   nbclassic                      1.1.0                pyhd8ed1ab_0             conda-forge
2025-01-13T20:01:48.9220230Z   nbclient                       0.10.0               pyhd8ed1ab_0             conda-forge
2025-01-13T20:01:48.9220580Z   nbconvert                      7.16.4               hd8ed1ab_1               conda-forge
2025-01-13T20:01:48.9221030Z   nbconvert-core                 7.16.4               pyhd8ed1ab_1             conda-forge
2025-01-13T20:01:48.9221360Z   nbconvert-pandoc               7.16.4               hd8ed1ab_1               conda-forge
2025-01-13T20:01:48.9221730Z   nbformat                       5.10.4               pyhd8ed1ab_0             conda-forge
2025-01-13T20:01:48.9222010Z   nbsphinx                       0.9.4                pyhd8ed1ab_0             conda-forge
2025-01-13T20:01:48.9222270Z   ncurses                        6.5                  hb89a1cb_0               conda-forge
2025-01-13T20:01:48.9222550Z   nest-asyncio                   1.6.0                pyhd8ed1ab_0             conda-forge
2025-01-13T20:01:48.9222840Z   networkx                       3.3                  pyhd8ed1ab_1             conda-forge
2025-01-13T20:01:48.9223120Z   notebook                       7.2.1                pyhd8ed1ab_0             conda-forge
2025-01-13T20:01:48.9223400Z   notebook-shim                  0.2.4                pyhd8ed1ab_0             conda-forge
2025-01-13T20:01:48.9223760Z   numba                          0.59.1               py312hbaff935_0          conda-forge
2025-01-13T20:01:48.9224060Z   numexpr                        2.10.0               py312h8ae5369_0          conda-forge
2025-01-13T20:01:48.9224390Z   numpy                          1.26.4               py312h8442bc7_0          conda-forge
2025-01-13T20:01:48.9224700Z   numpydoc                       1.7.0                pyhd8ed1ab_1             conda-forge
2025-01-13T20:01:48.9225000Z   openjpeg                       2.5.2                h9f1df11_0               conda-forge
2025-01-13T20:01:48.9225270Z   openssl                        3.3.1                hfb2fe0b_0               conda-forge
2025-01-13T20:01:48.9225550Z   overrides                      7.7.0                pyhd8ed1ab_0             conda-forge
2025-01-13T20:01:48.9225890Z   packaging                      24.1                 pyhd8ed1ab_0             conda-forge
2025-01-13T20:01:48.9226170Z   pandas                         2.2.2                py312h8ae5369_1          conda-forge
2025-01-13T20:01:48.9226430Z   pandoc                         3.2                  hce30654_0               conda-forge
2025-01-13T20:01:48.9226730Z   pandocfilters                  1.5.0                pyhd8ed1ab_0             conda-forge
2025-01-13T20:01:48.9227010Z   pango                          1.54.0               h5cb9fbc_0               conda-forge
2025-01-13T20:01:48.9227270Z   parso                          0.8.4                pyhd8ed1ab_0             conda-forge
2025-01-13T20:01:48.9227540Z   pathspec                       0.12.1               pyhd8ed1ab_0             conda-forge
2025-01-13T20:01:48.9227810Z   pbr                            6.0.0                pyhd8ed1ab_0             conda-forge
2025-01-13T20:01:48.9228190Z   pcre2                          10.44                h297a79d_0               conda-forge
2025-01-13T20:01:48.9228460Z   pexpect                        4.9.0                pyhd8ed1ab_0             conda-forge
2025-01-13T20:01:48.9228740Z   pickleshare                    0.7.5                py_1003                  conda-forge
2025-01-13T20:01:48.9229020Z   pillow                         10.3.0               py312h39b1d8d_1          conda-forge
2025-01-13T20:01:48.9229270Z   pip                            24.0                 pyhd8ed1ab_0             conda-forge
2025-01-13T20:01:48.9229530Z   pixman                         0.43.4               hebf3989_0               conda-forge
2025-01-13T20:01:48.9229820Z   pkgutil-resolve-name           1.3.10               pyhd8ed1ab_1             conda-forge
2025-01-13T20:01:48.9230140Z   platformdirs                   4.2.2                pyhd8ed1ab_0             conda-forge
2025-01-13T20:01:48.9230420Z   plotly                         5.22.0               pyhd8ed1ab_0             conda-forge
2025-01-13T20:01:48.9230690Z   pluggy                         1.5.0                pyhd8ed1ab_0             conda-forge
2025-01-13T20:01:48.9231110Z   prometheus_client              0.20.0               pyhd8ed1ab_0             conda-forge
2025-01-13T20:01:48.9231420Z   prompt-toolkit                 3.0.47               pyha770c72_0             conda-forge
2025-01-13T20:01:48.9231710Z   psutil                         5.9.8                py312he37b823_0          conda-forge
2025-01-13T20:01:48.9231990Z   pthread-stubs                  0.4                  h27ca646_1001            conda-forge
2025-01-13T20:01:48.9232280Z   ptyprocess                     0.7.0                pyhd3deb0d_0             conda-forge
2025-01-13T20:01:48.9232560Z   pure_eval                      0.2.2                pyhd8ed1ab_0             conda-forge
2025-01-13T20:01:48.9232840Z   py-cpuinfo                     9.0.0                pyhd8ed1ab_0             conda-forge
2025-01-13T20:01:48.9233130Z   pybtex                         0.24.0               pyhd8ed1ab_2             conda-forge
2025-01-13T20:01:48.9233420Z   pybtex-docutils                1.0.3                py312h81bd7bf_1          conda-forge
2025-01-13T20:01:48.9233730Z   pycparser                      2.22                 pyhd8ed1ab_0             conda-forge
2025-01-13T20:01:48.9234020Z   pyerfa                         2.0.1.4              py312hbebd99a_1          conda-forge
2025-01-13T20:01:48.9234300Z   pygments                       2.18.0               pyhd8ed1ab_0             conda-forge
2025-01-13T20:01:48.9234580Z   pygraphviz                     1.13                 py312h5f4d302_1          conda-forge
2025-01-13T20:01:48.9234880Z   pyobjc-core                    10.3.1               py312hbb55c70_0          conda-forge
2025-01-13T20:01:48.9235200Z   pyobjc-framework-cocoa         10.3.1               py312hbb55c70_0          conda-forge
2025-01-13T20:01:48.9235520Z   pyparsing                      3.1.2                pyhd8ed1ab_0             conda-forge
2025-01-13T20:01:48.9235900Z   pysocks                        1.7.1                pyha2e5f31_6             conda-forge
2025-01-13T20:01:48.9236180Z   pytables                       3.9.2                py312hb622ae1_2          conda-forge
2025-01-13T20:01:48.9236470Z   pytest                         8.2.2                pyhd8ed1ab_0             conda-forge
2025-01-13T20:01:48.9236740Z   pytest-cov                     5.0.0                pyhd8ed1ab_0             conda-forge
2025-01-13T20:01:48.9237040Z   pytest-doctestplus             1.2.1                pyhd8ed1ab_0             conda-forge
2025-01-13T20:01:48.9237340Z   pytest-html                    4.1.1                pyhd8ed1ab_0             conda-forge
2025-01-13T20:01:48.9237640Z   pytest-metadata                3.1.1                pyhd8ed1ab_0             conda-forge
2025-01-13T20:01:48.9237920Z   python                         3.12.4               h30c5eda_0_cpython       conda-forge
2025-01-13T20:01:48.9238320Z   python-dateutil                2.9.0                pyhd8ed1ab_0             conda-forge
2025-01-13T20:01:48.9238660Z   python-fastjsonschema          2.20.0               pyhd8ed1ab_0             conda-forge
2025-01-13T20:01:48.9238990Z   python-json-logger             2.0.7                pyhd8ed1ab_0             conda-forge
2025-01-13T20:01:48.9239300Z   python-tzdata                  2024.1               pyhd8ed1ab_0             conda-forge
2025-01-13T20:01:48.9239590Z   python_abi                     3.12                 4_cp312                  conda-forge
2025-01-13T20:01:48.9239860Z   pytz                           2024.1               pyhd8ed1ab_0             conda-forge
2025-01-13T20:01:48.9240120Z   pyyaml                         6.0.1                py312h02f2b3b_1          conda-forge
2025-01-13T20:01:48.9240380Z   pyzmq                          26.0.3               py312hfa13136_0          conda-forge
2025-01-13T20:01:48.9240640Z   qgrid                          1.3.1                pyhd8ed1ab_4             conda-forge
2025-01-13T20:01:48.9240930Z   radioactivedecay               0.5.1                pyhd8ed1ab_0             conda-forge
2025-01-13T20:01:48.9241310Z   readline                       8.2                  h92ec313_1               conda-forge
2025-01-13T20:01:48.9241650Z   recommonmark                   0.7.1                pyhd8ed1ab_0             conda-forge
2025-01-13T20:01:48.9241940Z   referencing                    0.35.1               pyhd8ed1ab_0             conda-forge
2025-01-13T20:01:48.9242220Z   requests                       2.32.3               pyhd8ed1ab_0             conda-forge
2025-01-13T20:01:48.9242520Z   rfc3339-validator              0.1.4                pyhd8ed1ab_0             conda-forge
2025-01-13T20:01:48.9242830Z   rfc3986-validator              0.1.1                pyh9f0ad1d_0             conda-forge
2025-01-13T20:01:48.9243110Z   rpds-py                        0.18.1               py312h552d48e_0          conda-forge
2025-01-13T20:01:48.9243370Z   ruff                           0.4.9                py312h3402d49_0          conda-forge
2025-01-13T20:01:48.9243630Z   scipy                          1.13.1               py312h14ffa8f_0          conda-forge
2025-01-13T20:01:48.9243900Z   send2trash                     1.8.3                pyh31c8845_0             conda-forge
2025-01-13T20:01:48.9244190Z   setuptools                     70.0.0               pyhd8ed1ab_0             conda-forge
2025-01-13T20:01:48.9244480Z   setuptools-scm                 8.1.0                pyhd8ed1ab_0             conda-forge
2025-01-13T20:01:48.9244770Z   setuptools_scm                 8.1.0                hd8ed1ab_0               conda-forge
2025-01-13T20:01:48.9245040Z   six                            1.16.0               pyh6c4a22f_0             conda-forge
2025-01-13T20:01:48.9245300Z   snakeviz                       2.2.0                pyhd8ed1ab_0             conda-forge
2025-01-13T20:01:48.9245560Z   snappy                         1.2.0                hd04f947_1               conda-forge
2025-01-13T20:01:48.9245850Z   sniffio                        1.3.1                pyhd8ed1ab_0             conda-forge
2025-01-13T20:01:48.9246140Z   snowballstemmer                2.2.0                pyhd8ed1ab_0             conda-forge
2025-01-13T20:01:48.9246430Z   soupsieve                      2.5                  pyhd8ed1ab_1             conda-forge
2025-01-13T20:01:48.9246700Z   sphinx                         7.3.7                pyhd8ed1ab_0             conda-forge
2025-01-13T20:01:48.9246980Z   sphinx-astropy                 1.9.1                pyhd8ed1ab_0             conda-forge
2025-01-13T20:01:48.9247290Z   sphinx-automodapi              0.17.0               pyh717bed2_1             conda-forge
2025-01-13T20:01:48.9247590Z   sphinx-gallery                 0.16.0               pyhd8ed1ab_0             conda-forge
2025-01-13T20:01:48.9247900Z   sphinx-jsonschema              1.19.1               pyhd8ed1ab_0             conda-forge
2025-01-13T20:01:48.9248310Z   sphinx_bootstrap_theme         0.8.1                pyhd8ed1ab_0             conda-forge
2025-01-13T20:01:48.9248630Z   sphinx_rtd_theme               2.0.0                pyha770c72_0             conda-forge
2025-01-13T20:01:48.9248940Z   sphinxcontrib-apidoc           0.3.0                py_1                     conda-forge
2025-01-13T20:01:48.9249280Z   sphinxcontrib-applehelp        1.0.8                pyhd8ed1ab_0             conda-forge
2025-01-13T20:01:48.9249630Z   sphinxcontrib-bibtex           2.6.2                pyhd8ed1ab_0             conda-forge
2025-01-13T20:01:48.9249960Z   sphinxcontrib-devhelp          1.0.6                pyhd8ed1ab_0             conda-forge
2025-01-13T20:01:48.9250310Z   sphinxcontrib-htmlhelp         2.0.5                pyhd8ed1ab_0             conda-forge
2025-01-13T20:01:48.9250640Z   sphinxcontrib-jquery           4.1                  pyhd8ed1ab_0             conda-forge
2025-01-13T20:01:48.9250960Z   sphinxcontrib-jsmath           1.0.1                pyhd8ed1ab_0             conda-forge
2025-01-13T20:01:48.9251290Z   sphinxcontrib-qthelp           1.0.7                pyhd8ed1ab_0             conda-forge
2025-01-13T20:01:48.9251740Z   sphinxcontrib-serializinghtml  1.1.10               pyhd8ed1ab_0             conda-forge
2025-01-13T20:01:48.9252070Z   stack_data                     0.6.2                pyhd8ed1ab_0             conda-forge
2025-01-13T20:01:48.9252340Z   sympy                          1.12.1               pypyh2585a3b_103         conda-forge
2025-01-13T20:01:48.9252610Z   tabulate                       0.9.0                pyhd8ed1ab_1             conda-forge
2025-01-13T20:01:48.9252880Z   tenacity                       8.4.1                pyhd8ed1ab_0             conda-forge
2025-01-13T20:01:48.9253160Z   terminado                      0.18.1               pyh31c8845_0             conda-forge
2025-01-13T20:01:48.9253430Z   tinycss2                       1.3.0                pyhd8ed1ab_0             conda-forge
2025-01-13T20:01:48.9253690Z   tk                             8.6.13               h5083fa2_1               conda-forge
2025-01-13T20:01:48.9253930Z   toml                           0.10.2               pyhd8ed1ab_0             conda-forge
2025-01-13T20:01:48.9254190Z   tomli                          2.0.1                pyhd8ed1ab_0             conda-forge
2025-01-13T20:01:48.9254450Z   tornado                        6.4.1                py312h7e5086c_0          conda-forge
2025-01-13T20:01:48.9254710Z   tqdm                           4.66.4               pyhd8ed1ab_0             conda-forge
2025-01-13T20:01:48.9254980Z   traitlets                      5.14.3               pyhd8ed1ab_0             conda-forge
2025-01-13T20:01:48.9255250Z   typed-ast                      1.5.5                py312h02f2b3b_1          conda-forge
2025-01-13T20:01:48.9255560Z   types-python-dateutil          2.9.0.20240316       pyhd8ed1ab_0             conda-forge
2025-01-13T20:01:48.9255890Z   typing-extensions              4.12.2               hd8ed1ab_0               conda-forge
2025-01-13T20:01:48.9256200Z   typing_extensions              4.12.2               pyha770c72_0             conda-forge
2025-01-13T20:01:48.9256500Z   typing_utils                   0.1.0                pyhd8ed1ab_0             conda-forge
2025-01-13T20:01:48.9256780Z   tzdata                         2024a                h0c530f3_0               conda-forge
2025-01-13T20:01:48.9257050Z   uri-template                   1.3.0                pyhd8ed1ab_0             conda-forge
2025-01-13T20:01:48.9257330Z   urllib3                        2.2.2                pyhd8ed1ab_0             conda-forge
2025-01-13T20:01:48.9257590Z   wcwidth                        0.2.13               pyhd8ed1ab_0             conda-forge
2025-01-13T20:01:48.9257860Z   webcolors                      24.6.0               pyhd8ed1ab_0             conda-forge
2025-01-13T20:01:48.9258150Z   webencodings                   0.5.1                pyhd8ed1ab_2             conda-forge
2025-01-13T20:01:48.9258450Z   websocket-client               1.8.0                pyhd8ed1ab_0             conda-forge
2025-01-13T20:01:48.9258820Z   wheel                          0.43.0               pyhd8ed1ab_1             conda-forge
2025-01-13T20:01:48.9259110Z   widgetsnbextension             3.6.6                pyhd8ed1ab_0             conda-forge
2025-01-13T20:01:48.9259410Z   xorg-libxau                    1.0.11               hb547adb_0               conda-forge
2025-01-13T20:01:48.9259700Z   xorg-libxdmcp                  1.1.3                h27ca646_0               conda-forge
2025-01-13T20:01:48.9259960Z   xz                             5.2.6                h57fd34a_0               conda-forge
2025-01-13T20:01:48.9260200Z   yaml                           0.2.5                h3422bc3_2               conda-forge
2025-01-13T20:01:48.9260450Z   zeromq                         4.3.5                hcc0f68c_4               conda-forge
2025-01-13T20:01:48.9260700Z   zipp                           3.19.2               pyhd8ed1ab_0             conda-forge
2025-01-13T20:01:48.9260950Z   zlib                           1.3.1                hfb2fe0b_1               conda-forge
2025-01-13T20:01:48.9261300Z   zlib-ng                        2.0.7                h1a8c8d9_0               conda-forge
2025-01-13T20:01:48.9261540Z   zstd                           1.5.6                hb46c0d2_0               conda-forge
2025-01-13T20:01:48.9261950Z ##[endgroup]
2025-01-13T20:01:48.9309990Z ##[group]Run pip install -e . --user
2025-01-13T20:01:48.9310300Z [36;1mpip install -e . --user[0m
2025-01-13T20:01:49.0055270Z shell: /bin/bash -l {0}
2025-01-13T20:01:49.0055500Z env:
2025-01-13T20:01:49.0055630Z   CACHE_NUMBER: 0
2025-01-13T20:01:49.0056130Z   PYTEST_FLAGS: --tardis-regression-data=/Users/runner/work/tardis/tardis/tardis-regression-data --cov=tardis --cov-report=xml --cov-report=html --cov-append
2025-01-13T20:01:49.0056680Z   CODECOV_TOKEN: 
2025-01-13T20:01:49.0056910Z   MAMBA_ROOT_PREFIX: /Users/runner/micromamba
2025-01-13T20:01:49.0057160Z   MAMBA_EXE: /Users/runner/micromamba-bin/micromamba
2025-01-13T20:01:49.0057470Z   CONDARC: /Users/runner/work/_temp/setup-micromamba/.condarc
2025-01-13T20:01:49.0057730Z ##[endgroup]
2025-01-13T20:01:49.9621020Z Obtaining file:///Users/runner/work/tardis/tardis
2025-01-13T20:01:49.9643710Z   Installing build dependencies: started
2025-01-13T20:01:52.3194260Z   Installing build dependencies: finished with status 'done'
2025-01-13T20:01:52.3201560Z   Checking if build backend supports build_editable: started
2025-01-13T20:01:52.4191000Z   Checking if build backend supports build_editable: finished with status 'done'
2025-01-13T20:01:52.4201110Z   Getting requirements to build editable: started
2025-01-13T20:01:52.8241420Z   Getting requirements to build editable: finished with status 'done'
2025-01-13T20:01:52.8251190Z   Preparing editable metadata (pyproject.toml): started
2025-01-13T20:01:53.1775870Z   Preparing editable metadata (pyproject.toml): finished with status 'done'
2025-01-13T20:01:53.2176600Z Requirement already satisfied: astropy in /Users/runner/micromamba/envs/tardis/lib/python3.12/site-packages (from tardis==0.0.0) (6.1.1)
2025-01-13T20:01:53.2409890Z Requirement already satisfied: numpy>=1.23 in /Users/runner/micromamba/envs/tardis/lib/python3.12/site-packages (from astropy->tardis==0.0.0) (1.26.4)
2025-01-13T20:01:53.2416680Z Requirement already satisfied: pyerfa>=2.0.1.1 in /Users/runner/micromamba/envs/tardis/lib/python3.12/site-packages (from astropy->tardis==0.0.0) (2.0.1.4)
2025-01-13T20:01:53.2422800Z Requirement already satisfied: astropy-iers-data>=0.2024.5.27.0.30.8 in /Users/runner/micromamba/envs/tardis/lib/python3.12/site-packages (from astropy->tardis==0.0.0) (0.2024.6.17.0.31.35)
2025-01-13T20:01:53.2427430Z Requirement already satisfied: PyYAML>=3.13 in /Users/runner/micromamba/envs/tardis/lib/python3.12/site-packages (from astropy->tardis==0.0.0) (6.0.1)
2025-01-13T20:01:53.2433070Z Requirement already satisfied: packaging>=19.0 in /Users/runner/micromamba/envs/tardis/lib/python3.12/site-packages (from astropy->tardis==0.0.0) (24.1)
2025-01-13T20:01:53.2484970Z Building wheels for collected packages: tardis
2025-01-13T20:01:53.2491310Z   Building editable for tardis (pyproject.toml): started
2025-01-13T20:01:53.8278490Z   Building editable for tardis (pyproject.toml): finished with status 'done'
2025-01-13T20:01:53.8285190Z   Created wheel for tardis: filename=tardis-0.0.0-0.editable-py3-none-any.whl size=8878 sha256=8e728ffb8425756de1e0eaf0535163393bf3c7194021f4b6353e8198a399028d
2025-01-13T20:01:53.8286260Z   Stored in directory: /private/var/folders/ml/x_tvfgn50_s7p67dm1ypcqqm0000gn/T/pip-ephem-wheel-cache-evlt6le2/wheels/bb/4f/6a/0829b918c1c10bc28535ce7f14be21eee54375bdd9cd0c306a
2025-01-13T20:01:53.8308280Z Successfully built tardis
2025-01-13T20:01:54.3544660Z Installing collected packages: tardis
2025-01-13T20:01:54.3645970Z Successfully installed tardis-0.0.0
2025-01-13T20:01:54.5914360Z ##[group]Run pip install qgridnext
2025-01-13T20:01:54.5914690Z [36;1mpip install qgridnext[0m
2025-01-13T20:01:54.5970300Z shell: /bin/bash -l {0}
2025-01-13T20:01:54.5970570Z env:
2025-01-13T20:01:54.5971380Z   CACHE_NUMBER: 0
2025-01-13T20:01:54.5972010Z   PYTEST_FLAGS: --tardis-regression-data=/Users/runner/work/tardis/tardis/tardis-regression-data --cov=tardis --cov-report=xml --cov-report=html --cov-append
2025-01-13T20:01:54.5972580Z   CODECOV_TOKEN: 
2025-01-13T20:01:54.5972860Z   MAMBA_ROOT_PREFIX: /Users/runner/micromamba
2025-01-13T20:01:54.5973170Z   MAMBA_EXE: /Users/runner/micromamba-bin/micromamba
2025-01-13T20:01:54.5973560Z   CONDARC: /Users/runner/work/_temp/setup-micromamba/.condarc
2025-01-13T20:01:54.5973870Z ##[endgroup]
2025-01-13T20:01:55.1503850Z Collecting qgridnext
2025-01-13T20:01:55.1882510Z   Downloading qgridnext-2.0.4-py3-none-any.whl.metadata (9.9 kB)
2025-01-13T20:01:55.2026750Z Requirement already satisfied: pandas>=0.20.0 in /Users/runner/micromamba/envs/tardis/lib/python3.12/site-packages (from qgridnext) (2.2.2)
2025-01-13T20:01:55.2031830Z Requirement already satisfied: ipywidgets>=7.0.0 in /Users/runner/micromamba/envs/tardis/lib/python3.12/site-packages (from qgridnext) (7.8.0)
2025-01-13T20:01:55.2037850Z Requirement already satisfied: numpy in /Users/runner/micromamba/envs/tardis/lib/python3.12/site-packages (from qgridnext) (1.26.4)
2025-01-13T20:01:55.2044070Z Requirement already satisfied: traitlets in /Users/runner/micromamba/envs/tardis/lib/python3.12/site-packages (from qgridnext) (5.14.3)
2025-01-13T20:01:55.2093500Z Requirement already satisfied: comm>=0.1.3 in /Users/runner/micromamba/envs/tardis/lib/python3.12/site-packages (from ipywidgets>=7.0.0->qgridnext) (0.2.2)
2025-01-13T20:01:55.2098520Z Requirement already satisfied: ipython-genutils~=0.2.0 in /Users/runner/micromamba/envs/tardis/lib/python3.12/site-packages (from ipywidgets>=7.0.0->qgridnext) (0.2.0)
2025-01-13T20:01:55.2117410Z Requirement already satisfied: widgetsnbextension~=3.6.5 in /Users/runner/micromamba/envs/tardis/lib/python3.12/site-packages (from ipywidgets>=7.0.0->qgridnext) (3.6.6)
2025-01-13T20:01:55.2118880Z Requirement already satisfied: ipython>=4.0.0 in /Users/runner/micromamba/envs/tardis/lib/python3.12/site-packages (from ipywidgets>=7.0.0->qgridnext) (8.25.0)
2025-01-13T20:01:55.2127910Z Requirement already satisfied: jupyterlab-widgets<3,>=1.0.0 in /Users/runner/micromamba/envs/tardis/lib/python3.12/site-packages (from ipywidgets>=7.0.0->qgridnext) (1.1.7)
2025-01-13T20:01:55.2390380Z Requirement already satisfied: python-dateutil>=2.8.2 in /Users/runner/micromamba/envs/tardis/lib/python3.12/site-packages (from pandas>=0.20.0->qgridnext) (2.9.0)
2025-01-13T20:01:55.2398910Z Requirement already satisfied: pytz>=2020.1 in /Users/runner/micromamba/envs/tardis/lib/python3.12/site-packages (from pandas>=0.20.0->qgridnext) (2024.1)
2025-01-13T20:01:55.2404090Z Requirement already satisfied: tzdata>=2022.7 in /Users/runner/micromamba/envs/tardis/lib/python3.12/site-packages (from pandas>=0.20.0->qgridnext) (2024.1)
2025-01-13T20:01:55.2590800Z Requirement already satisfied: decorator in /Users/runner/micromamba/envs/tardis/lib/python3.12/site-packages (from ipython>=4.0.0->ipywidgets>=7.0.0->qgridnext) (5.1.1)
2025-01-13T20:01:55.2600500Z Requirement already satisfied: jedi>=0.16 in /Users/runner/micromamba/envs/tardis/lib/python3.12/site-packages (from ipython>=4.0.0->ipywidgets>=7.0.0->qgridnext) (0.19.1)
2025-01-13T20:01:55.2605700Z Requirement already satisfied: matplotlib-inline in /Users/runner/micromamba/envs/tardis/lib/python3.12/site-packages (from ipython>=4.0.0->ipywidgets>=7.0.0->qgridnext) (0.1.7)
2025-01-13T20:01:55.2611540Z Requirement already satisfied: prompt-toolkit<3.1.0,>=3.0.41 in /Users/runner/micromamba/envs/tardis/lib/python3.12/site-packages (from ipython>=4.0.0->ipywidgets>=7.0.0->qgridnext) (3.0.47)
2025-01-13T20:01:55.2617190Z Requirement already satisfied: pygments>=2.4.0 in /Users/runner/micromamba/envs/tardis/lib/python3.12/site-packages (from ipython>=4.0.0->ipywidgets>=7.0.0->qgridnext) (2.18.0)
2025-01-13T20:01:55.2622720Z Requirement already satisfied: stack-data in /Users/runner/micromamba/envs/tardis/lib/python3.12/site-packages (from ipython>=4.0.0->ipywidgets>=7.0.0->qgridnext) (0.6.2)
2025-01-13T20:01:55.2633460Z Requirement already satisfied: pexpect>4.3 in /Users/runner/micromamba/envs/tardis/lib/python3.12/site-packages (from ipython>=4.0.0->ipywidgets>=7.0.0->qgridnext) (4.9.0)
2025-01-13T20:01:55.2658700Z Requirement already satisfied: six>=1.5 in /Users/runner/micromamba/envs/tardis/lib/python3.12/site-packages (from python-dateutil>=2.8.2->pandas>=0.20.0->qgridnext) (1.16.0)
2025-01-13T20:01:55.2692070Z Requirement already satisfied: notebook>=4.4.1 in /Users/runner/micromamba/envs/tardis/lib/python3.12/site-packages (from widgetsnbextension~=3.6.5->ipywidgets>=7.0.0->qgridnext) (7.2.1)
2025-01-13T20:01:55.2805370Z Requirement already satisfied: parso<0.9.0,>=0.8.3 in /Users/runner/micromamba/envs/tardis/lib/python3.12/site-packages (from jedi>=0.16->ipython>=4.0.0->ipywidgets>=7.0.0->qgridnext) (0.8.4)
2025-01-13T20:01:55.2891050Z Requirement already satisfied: jupyter-server<3,>=2.4.0 in /Users/runner/micromamba/envs/tardis/lib/python3.12/site-packages (from notebook>=4.4.1->widgetsnbextension~=3.6.5->ipywidgets>=7.0.0->qgridnext) (2.14.1)
2025-01-13T20:01:55.2898180Z Requirement already satisfied: jupyterlab-server<3,>=2.27.1 in /Users/runner/micromamba/envs/tardis/lib/python3.12/site-packages (from notebook>=4.4.1->widgetsnbextension~=3.6.5->ipywidgets>=7.0.0->qgridnext) (2.27.2)
2025-01-13T20:01:55.2907570Z Requirement already satisfied: jupyterlab<4.3,>=4.2.0 in /Users/runner/micromamba/envs/tardis/lib/python3.12/site-packages (from notebook>=4.4.1->widgetsnbextension~=3.6.5->ipywidgets>=7.0.0->qgridnext) (4.2.2)
2025-01-13T20:01:55.2914250Z Requirement already satisfied: notebook-shim<0.3,>=0.2 in /Users/runner/micromamba/envs/tardis/lib/python3.12/site-packages (from notebook>=4.4.1->widgetsnbextension~=3.6.5->ipywidgets>=7.0.0->qgridnext) (0.2.4)
2025-01-13T20:01:55.2920940Z Requirement already satisfied: tornado>=6.2.0 in /Users/runner/micromamba/envs/tardis/lib/python3.12/site-packages (from notebook>=4.4.1->widgetsnbextension~=3.6.5->ipywidgets>=7.0.0->qgridnext) (6.4.1)
2025-01-13T20:01:55.2938320Z Requirement already satisfied: ptyprocess>=0.5 in /Users/runner/micromamba/envs/tardis/lib/python3.12/site-packages (from pexpect>4.3->ipython>=4.0.0->ipywidgets>=7.0.0->qgridnext) (0.7.0)
2025-01-13T20:01:55.2954700Z Requirement already satisfied: wcwidth in /Users/runner/micromamba/envs/tardis/lib/python3.12/site-packages (from prompt-toolkit<3.1.0,>=3.0.41->ipython>=4.0.0->ipywidgets>=7.0.0->qgridnext) (0.2.13)
2025-01-13T20:01:55.3047140Z Requirement already satisfied: executing>=1.2.0 in /Users/runner/micromamba/envs/tardis/lib/python3.12/site-packages (from stack-data->ipython>=4.0.0->ipywidgets>=7.0.0->qgridnext) (2.0.1)
2025-01-13T20:01:55.3147580Z Requirement already satisfied: asttokens>=2.1.0 in /Users/runner/micromamba/envs/tardis/lib/python3.12/site-packages (from stack-data->ipython>=4.0.0->ipywidgets>=7.0.0->qgridnext) (2.4.1)
2025-01-13T20:01:55.3249250Z Requirement already satisfied: pure-eval in /Users/runner/micromamba/envs/tardis/lib/python3.12/site-packages (from stack-data->ipython>=4.0.0->ipywidgets>=7.0.0->qgridnext) (0.2.2)
2025-01-13T20:01:55.3350280Z Requirement already satisfied: anyio>=3.1.0 in /Users/runner/micromamba/envs/tardis/lib/python3.12/site-packages (from jupyter-server<3,>=2.4.0->notebook>=4.4.1->widgetsnbextension~=3.6.5->ipywidgets>=7.0.0->qgridnext) (4.4.0)
2025-01-13T20:01:55.3451420Z Requirement already satisfied: argon2-cffi>=21.1 in /Users/runner/micromamba/envs/tardis/lib/python3.12/site-packages (from jupyter-server<3,>=2.4.0->notebook>=4.4.1->widgetsnbextension~=3.6.5->ipywidgets>=7.0.0->qgridnext) (23.1.0)
2025-01-13T20:01:55.3552820Z Requirement already satisfied: jinja2>=3.0.3 in /Users/runner/micromamba/envs/tardis/lib/python3.12/site-packages (from jupyter-server<3,>=2.4.0->notebook>=4.4.1->widgetsnbextension~=3.6.5->ipywidgets>=7.0.0->qgridnext) (3.1.4)
2025-01-13T20:01:55.3653610Z Requirement already satisfied: jupyter-client>=7.4.4 in /Users/runner/micromamba/envs/tardis/lib/python3.12/site-packages (from jupyter-server<3,>=2.4.0->notebook>=4.4.1->widgetsnbextension~=3.6.5->ipywidgets>=7.0.0->qgridnext) (8.6.2)
2025-01-13T20:01:55.3755000Z Requirement already satisfied: jupyter-core!=5.0.*,>=4.12 in /Users/runner/micromamba/envs/tardis/lib/python3.12/site-packages (from jupyter-server<3,>=2.4.0->notebook>=4.4.1->widgetsnbextension~=3.6.5->ipywidgets>=7.0.0->qgridnext) (5.7.2)
2025-01-13T20:01:55.3856170Z Requirement already satisfied: jupyter-events>=0.9.0 in /Users/runner/micromamba/envs/tardis/lib/python3.12/site-packages (from jupyter-server<3,>=2.4.0->notebook>=4.4.1->widgetsnbextension~=3.6.5->ipywidgets>=7.0.0->qgridnext) (0.10.0)
2025-01-13T20:01:55.3957320Z Requirement already satisfied: jupyter-server-terminals>=0.4.4 in /Users/runner/micromamba/envs/tardis/lib/python3.12/site-packages (from jupyter-server<3,>=2.4.0->notebook>=4.4.1->widgetsnbextension~=3.6.5->ipywidgets>=7.0.0->qgridnext) (0.5.3)
2025-01-13T20:01:55.4059570Z Requirement already satisfied: nbconvert>=6.4.4 in /Users/runner/micromamba/envs/tardis/lib/python3.12/site-packages (from jupyter-server<3,>=2.4.0->notebook>=4.4.1->widgetsnbextension~=3.6.5->ipywidgets>=7.0.0->qgridnext) (7.16.4)
2025-01-13T20:01:55.4159660Z Requirement already satisfied: nbformat>=5.3.0 in /Users/runner/micromamba/envs/tardis/lib/python3.12/site-packages (from jupyter-server<3,>=2.4.0->notebook>=4.4.1->widgetsnbextension~=3.6.5->ipywidgets>=7.0.0->qgridnext) (5.10.4)
2025-01-13T20:01:55.4261790Z Requirement already satisfied: overrides>=5.0 in /Users/runner/micromamba/envs/tardis/lib/python3.12/site-packages (from jupyter-server<3,>=2.4.0->notebook>=4.4.1->widgetsnbextension~=3.6.5->ipywidgets>=7.0.0->qgridnext) (7.7.0)
2025-01-13T20:01:55.4362200Z Requirement already satisfied: packaging>=22.0 in /Users/runner/micromamba/envs/tardis/lib/python3.12/site-packages (from jupyter-server<3,>=2.4.0->notebook>=4.4.1->widgetsnbextension~=3.6.5->ipywidgets>=7.0.0->qgridnext) (24.1)
2025-01-13T20:01:55.4464010Z Requirement already satisfied: prometheus-client>=0.9 in /Users/runner/micromamba/envs/tardis/lib/python3.12/site-packages (from jupyter-server<3,>=2.4.0->notebook>=4.4.1->widgetsnbextension~=3.6.5->ipywidgets>=7.0.0->qgridnext) (0.20.0)
2025-01-13T20:01:55.4564360Z Requirement already satisfied: pyzmq>=24 in /Users/runner/micromamba/envs/tardis/lib/python3.12/site-packages (from jupyter-server<3,>=2.4.0->notebook>=4.4.1->widgetsnbextension~=3.6.5->ipywidgets>=7.0.0->qgridnext) (26.0.3)
2025-01-13T20:01:55.4666580Z Requirement already satisfied: send2trash>=1.8.2 in /Users/runner/micromamba/envs/tardis/lib/python3.12/site-packages (from jupyter-server<3,>=2.4.0->notebook>=4.4.1->widgetsnbextension~=3.6.5->ipywidgets>=7.0.0->qgridnext) (1.8.3)
2025-01-13T20:01:55.4767760Z Requirement already satisfied: terminado>=0.8.3 in /Users/runner/micromamba/envs/tardis/lib/python3.12/site-packages (from jupyter-server<3,>=2.4.0->notebook>=4.4.1->widgetsnbextension~=3.6.5->ipywidgets>=7.0.0->qgridnext) (0.18.1)
2025-01-13T20:01:55.4868820Z Requirement already satisfied: websocket-client>=1.7 in /Users/runner/micromamba/envs/tardis/lib/python3.12/site-packages (from jupyter-server<3,>=2.4.0->notebook>=4.4.1->widgetsnbextension~=3.6.5->ipywidgets>=7.0.0->qgridnext) (1.8.0)
2025-01-13T20:01:55.4970750Z Requirement already satisfied: async-lru>=1.0.0 in /Users/runner/micromamba/envs/tardis/lib/python3.12/site-packages (from jupyterlab<4.3,>=4.2.0->notebook>=4.4.1->widgetsnbextension~=3.6.5->ipywidgets>=7.0.0->qgridnext) (2.0.4)
2025-01-13T20:01:55.5071170Z Requirement already satisfied: httpx>=0.25.0 in /Users/runner/micromamba/envs/tardis/lib/python3.12/site-packages (from jupyterlab<4.3,>=4.2.0->notebook>=4.4.1->widgetsnbextension~=3.6.5->ipywidgets>=7.0.0->qgridnext) (0.27.0)
2025-01-13T20:01:55.5173570Z Requirement already satisfied: ipykernel>=6.5.0 in /Users/runner/micromamba/envs/tardis/lib/python3.12/site-packages (from jupyterlab<4.3,>=4.2.0->notebook>=4.4.1->widgetsnbextension~=3.6.5->ipywidgets>=7.0.0->qgridnext) (6.29.4)
2025-01-13T20:01:55.5273280Z Requirement already satisfied: jupyter-lsp>=2.0.0 in /Users/runner/micromamba/envs/tardis/lib/python3.12/site-packages (from jupyterlab<4.3,>=4.2.0->notebook>=4.4.1->widgetsnbextension~=3.6.5->ipywidgets>=7.0.0->qgridnext) (2.2.5)
2025-01-13T20:01:55.5376210Z Requirement already satisfied: setuptools>=40.1.0 in /Users/runner/micromamba/envs/tardis/lib/python3.12/site-packages (from jupyterlab<4.3,>=4.2.0->notebook>=4.4.1->widgetsnbextension~=3.6.5->ipywidgets>=7.0.0->qgridnext) (70.0.0)
2025-01-13T20:01:55.5476380Z Requirement already satisfied: babel>=2.10 in /Users/runner/micromamba/envs/tardis/lib/python3.12/site-packages (from jupyterlab-server<3,>=2.27.1->notebook>=4.4.1->widgetsnbextension~=3.6.5->ipywidgets>=7.0.0->qgridnext) (2.14.0)
2025-01-13T20:01:55.5578550Z Requirement already satisfied: json5>=0.9.0 in /Users/runner/micromamba/envs/tardis/lib/python3.12/site-packages (from jupyterlab-server<3,>=2.27.1->notebook>=4.4.1->widgetsnbextension~=3.6.5->ipywidgets>=7.0.0->qgridnext) (0.9.25)
2025-01-13T20:01:55.5679030Z Requirement already satisfied: jsonschema>=4.18.0 in /Users/runner/micromamba/envs/tardis/lib/python3.12/site-packages (from jupyterlab-server<3,>=2.27.1->notebook>=4.4.1->widgetsnbextension~=3.6.5->ipywidgets>=7.0.0->qgridnext) (4.22.0)
2025-01-13T20:01:55.5780980Z Requirement already satisfied: requests>=2.31 in /Users/runner/micromamba/envs/tardis/lib/python3.12/site-packages (from jupyterlab-server<3,>=2.27.1->notebook>=4.4.1->widgetsnbextension~=3.6.5->ipywidgets>=7.0.0->qgridnext) (2.32.3)
2025-01-13T20:01:55.5881390Z Requirement already satisfied: idna>=2.8 in /Users/runner/micromamba/envs/tardis/lib/python3.12/site-packages (from anyio>=3.1.0->jupyter-server<3,>=2.4.0->notebook>=4.4.1->widgetsnbextension~=3.6.5->ipywidgets>=7.0.0->qgridnext) (3.7)
2025-01-13T20:01:55.5983300Z Requirement already satisfied: sniffio>=1.1 in /Users/runner/micromamba/envs/tardis/lib/python3.12/site-packages (from anyio>=3.1.0->jupyter-server<3,>=2.4.0->notebook>=4.4.1->widgetsnbextension~=3.6.5->ipywidgets>=7.0.0->qgridnext) (1.3.1)
2025-01-13T20:01:55.6084480Z Requirement already satisfied: argon2-cffi-bindings in /Users/runner/micromamba/envs/tardis/lib/python3.12/site-packages (from argon2-cffi>=21.1->jupyter-server<3,>=2.4.0->notebook>=4.4.1->widgetsnbextension~=3.6.5->ipywidgets>=7.0.0->qgridnext) (21.2.0)
2025-01-13T20:01:55.6185510Z Requirement already satisfied: certifi in /Users/runner/micromamba/envs/tardis/lib/python3.12/site-packages (from httpx>=0.25.0->jupyterlab<4.3,>=4.2.0->notebook>=4.4.1->widgetsnbextension~=3.6.5->ipywidgets>=7.0.0->qgridnext) (2024.6.2)
2025-01-13T20:01:55.6287490Z Requirement already satisfied: httpcore==1.* in /Users/runner/micromamba/envs/tardis/lib/python3.12/site-packages (from httpx>=0.25.0->jupyterlab<4.3,>=4.2.0->notebook>=4.4.1->widgetsnbextension~=3.6.5->ipywidgets>=7.0.0->qgridnext) (1.0.5)
2025-01-13T20:01:55.6389470Z Requirement already satisfied: h11<0.15,>=0.13 in /Users/runner/micromamba/envs/tardis/lib/python3.12/site-packages (from httpcore==1.*->httpx>=0.25.0->jupyterlab<4.3,>=4.2.0->notebook>=4.4.1->widgetsnbextension~=3.6.5->ipywidgets>=7.0.0->qgridnext) (0.14.0)
2025-01-13T20:01:55.6491110Z Requirement already satisfied: appnope in /Users/runner/micromamba/envs/tardis/lib/python3.12/site-packages (from ipykernel>=6.5.0->jupyterlab<4.3,>=4.2.0->notebook>=4.4.1->widgetsnbextension~=3.6.5->ipywidgets>=7.0.0->qgridnext) (0.1.4)
2025-01-13T20:01:55.6591860Z Requirement already satisfied: debugpy>=1.6.5 in /Users/runner/micromamba/envs/tardis/lib/python3.12/site-packages (from ipykernel>=6.5.0->jupyterlab<4.3,>=4.2.0->notebook>=4.4.1->widgetsnbextension~=3.6.5->ipywidgets>=7.0.0->qgridnext) (1.8.1)
2025-01-13T20:01:55.6692730Z Requirement already satisfied: nest-asyncio in /Users/runner/micromamba/envs/tardis/lib/python3.12/site-packages (from ipykernel>=6.5.0->jupyterlab<4.3,>=4.2.0->notebook>=4.4.1->widgetsnbextension~=3.6.5->ipywidgets>=7.0.0->qgridnext) (1.6.0)
2025-01-13T20:01:55.6793690Z Requirement already satisfied: psutil in /Users/runner/micromamba/envs/tardis/lib/python3.12/site-packages (from ipykernel>=6.5.0->jupyterlab<4.3,>=4.2.0->notebook>=4.4.1->widgetsnbextension~=3.6.5->ipywidgets>=7.0.0->qgridnext) (5.9.8)
2025-01-13T20:01:55.6894450Z Requirement already satisfied: MarkupSafe>=2.0 in /Users/runner/micromamba/envs/tardis/lib/python3.12/site-packages (from jinja2>=3.0.3->jupyter-server<3,>=2.4.0->notebook>=4.4.1->widgetsnbextension~=3.6.5->ipywidgets>=7.0.0->qgridnext) (2.1.5)
2025-01-13T20:01:55.6952500Z Requirement already satisfied: attrs>=22.2.0 in /Users/runner/micromamba/envs/tardis/lib/python3.12/site-packages (from jsonschema>=4.18.0->jupyterlab-server<3,>=2.27.1->notebook>=4.4.1->widgetsnbextension~=3.6.5->ipywidgets>=7.0.0->qgridnext) (23.2.0)
2025-01-13T20:01:55.7042620Z Requirement already satisfied: jsonschema-specifications>=2023.03.6 in /Users/runner/micromamba/envs/tardis/lib/python3.12/site-packages (from jsonschema>=4.18.0->jupyterlab-server<3,>=2.27.1->notebook>=4.4.1->widgetsnbextension~=3.6.5->ipywidgets>=7.0.0->qgridnext) (2023.12.1)
2025-01-13T20:01:55.7079910Z Requirement already satisfied: referencing>=0.28.4 in /Users/runner/micromamba/envs/tardis/lib/python3.12/site-packages (from jsonschema>=4.18.0->jupyterlab-server<3,>=2.27.1->notebook>=4.4.1->widgetsnbextension~=3.6.5->ipywidgets>=7.0.0->qgridnext) (0.35.1)
2025-01-13T20:01:55.7145900Z Requirement already satisfied: rpds-py>=0.7.1 in /Users/runner/micromamba/envs/tardis/lib/python3.12/site-packages (from jsonschema>=4.18.0->jupyterlab-server<3,>=2.27.1->notebook>=4.4.1->widgetsnbextension~=3.6.5->ipywidgets>=7.0.0->qgridnext) (0.18.1)
2025-01-13T20:01:55.7210710Z Requirement already satisfied: platformdirs>=2.5 in /Users/runner/micromamba/envs/tardis/lib/python3.12/site-packages (from jupyter-core!=5.0.*,>=4.12->jupyter-server<3,>=2.4.0->notebook>=4.4.1->widgetsnbextension~=3.6.5->ipywidgets>=7.0.0->qgridnext) (4.2.2)
2025-01-13T20:01:55.7272260Z Requirement already satisfied: python-json-logger>=2.0.4 in /Users/runner/micromamba/envs/tardis/lib/python3.12/site-packages (from jupyter-events>=0.9.0->jupyter-server<3,>=2.4.0->notebook>=4.4.1->widgetsnbextension~=3.6.5->ipywidgets>=7.0.0->qgridnext) (2.0.7)
2025-01-13T20:01:55.7287890Z Requirement already satisfied: pyyaml>=5.3 in /Users/runner/micromamba/envs/tardis/lib/python3.12/site-packages (from jupyter-events>=0.9.0->jupyter-server<3,>=2.4.0->notebook>=4.4.1->widgetsnbextension~=3.6.5->ipywidgets>=7.0.0->qgridnext) (6.0.1)
2025-01-13T20:01:55.7337340Z Requirement already satisfied: rfc3339-validator in /Users/runner/micromamba/envs/tardis/lib/python3.12/site-packages (from jupyter-events>=0.9.0->jupyter-server<3,>=2.4.0->notebook>=4.4.1->widgetsnbextension~=3.6.5->ipywidgets>=7.0.0->qgridnext) (0.1.4)
2025-01-13T20:01:55.7351540Z Requirement already satisfied: rfc3986-validator>=0.1.1 in /Users/runner/micromamba/envs/tardis/lib/python3.12/site-packages (from jupyter-events>=0.9.0->jupyter-server<3,>=2.4.0->notebook>=4.4.1->widgetsnbextension~=3.6.5->ipywidgets>=7.0.0->qgridnext) (0.1.1)
2025-01-13T20:01:55.7389530Z Requirement already satisfied: beautifulsoup4 in /Users/runner/micromamba/envs/tardis/lib/python3.12/site-packages (from nbconvert>=6.4.4->jupyter-server<3,>=2.4.0->notebook>=4.4.1->widgetsnbextension~=3.6.5->ipywidgets>=7.0.0->qgridnext) (4.12.3)
2025-01-13T20:01:55.7411530Z Requirement already satisfied: bleach!=5.0.0 in /Users/runner/micromamba/envs/tardis/lib/python3.12/site-packages (from nbconvert>=6.4.4->jupyter-server<3,>=2.4.0->notebook>=4.4.1->widgetsnbextension~=3.6.5->ipywidgets>=7.0.0->qgridnext) (6.1.0)
2025-01-13T20:01:55.7437920Z Requirement already satisfied: defusedxml in /Users/runner/micromamba/envs/tardis/lib/python3.12/site-packages (from nbconvert>=6.4.4->jupyter-server<3,>=2.4.0->notebook>=4.4.1->widgetsnbextension~=3.6.5->ipywidgets>=7.0.0->qgridnext) (0.7.1)
2025-01-13T20:01:55.7462890Z Requirement already satisfied: jupyterlab-pygments in /Users/runner/micromamba/envs/tardis/lib/python3.12/site-packages (from nbconvert>=6.4.4->jupyter-server<3,>=2.4.0->notebook>=4.4.1->widgetsnbextension~=3.6.5->ipywidgets>=7.0.0->qgridnext) (0.3.0)
2025-01-13T20:01:55.7482160Z Requirement already satisfied: mistune<4,>=2.0.3 in /Users/runner/micromamba/envs/tardis/lib/python3.12/site-packages (from nbconvert>=6.4.4->jupyter-server<3,>=2.4.0->notebook>=4.4.1->widgetsnbextension~=3.6.5->ipywidgets>=7.0.0->qgridnext) (3.0.2)
2025-01-13T20:01:55.7505360Z Requirement already satisfied: nbclient>=0.5.0 in /Users/runner/micromamba/envs/tardis/lib/python3.12/site-packages (from nbconvert>=6.4.4->jupyter-server<3,>=2.4.0->notebook>=4.4.1->widgetsnbextension~=3.6.5->ipywidgets>=7.0.0->qgridnext) (0.10.0)
2025-01-13T20:01:55.7509270Z Requirement already satisfied: pandocfilters>=1.4.1 in /Users/runner/micromamba/envs/tardis/lib/python3.12/site-packages (from nbconvert>=6.4.4->jupyter-server<3,>=2.4.0->notebook>=4.4.1->widgetsnbextension~=3.6.5->ipywidgets>=7.0.0->qgridnext) (1.5.0)
2025-01-13T20:01:55.7564420Z Requirement already satisfied: tinycss2 in /Users/runner/micromamba/envs/tardis/lib/python3.12/site-packages (from nbconvert>=6.4.4->jupyter-server<3,>=2.4.0->notebook>=4.4.1->widgetsnbextension~=3.6.5->ipywidgets>=7.0.0->qgridnext) (1.3.0)
2025-01-13T20:01:55.7576310Z Requirement already satisfied: fastjsonschema>=2.15 in /Users/runner/micromamba/envs/tardis/lib/python3.12/site-packages (from nbformat>=5.3.0->jupyter-server<3,>=2.4.0->notebook>=4.4.1->widgetsnbextension~=3.6.5->ipywidgets>=7.0.0->qgridnext) (2.20.0)
2025-01-13T20:01:55.7595610Z Requirement already satisfied: charset-normalizer<4,>=2 in /Users/runner/micromamba/envs/tardis/lib/python3.12/site-packages (from requests>=2.31->jupyterlab-server<3,>=2.27.1->notebook>=4.4.1->widgetsnbextension~=3.6.5->ipywidgets>=7.0.0->qgridnext) (3.3.2)
2025-01-13T20:01:55.7619370Z Requirement already satisfied: urllib3<3,>=1.21.1 in /Users/runner/micromamba/envs/tardis/lib/python3.12/site-packages (from requests>=2.31->jupyterlab-server<3,>=2.27.1->notebook>=4.4.1->widgetsnbextension~=3.6.5->ipywidgets>=7.0.0->qgridnext) (2.2.2)
2025-01-13T20:01:55.7623680Z Requirement already satisfied: webencodings in /Users/runner/micromamba/envs/tardis/lib/python3.12/site-packages (from bleach!=5.0.0->nbconvert>=6.4.4->jupyter-server<3,>=2.4.0->notebook>=4.4.1->widgetsnbextension~=3.6.5->ipywidgets>=7.0.0->qgridnext) (0.5.1)
2025-01-13T20:01:55.7648380Z Requirement already satisfied: fqdn in /Users/runner/micromamba/envs/tardis/lib/python3.12/site-packages (from jsonschema[format-nongpl]>=4.18.0->jupyter-events>=0.9.0->jupyter-server<3,>=2.4.0->notebook>=4.4.1->widgetsnbextension~=3.6.5->ipywidgets>=7.0.0->qgridnext) (1.5.1)
2025-01-13T20:01:55.7664010Z Requirement already satisfied: isoduration in /Users/runner/micromamba/envs/tardis/lib/python3.12/site-packages (from jsonschema[format-nongpl]>=4.18.0->jupyter-events>=0.9.0->jupyter-server<3,>=2.4.0->notebook>=4.4.1->widgetsnbextension~=3.6.5->ipywidgets>=7.0.0->qgridnext) (20.11.0)
2025-01-13T20:01:55.7666950Z Requirement already satisfied: jsonpointer>1.13 in /Users/runner/micromamba/envs/tardis/lib/python3.12/site-packages (from jsonschema[format-nongpl]>=4.18.0->jupyter-events>=0.9.0->jupyter-server<3,>=2.4.0->notebook>=4.4.1->widgetsnbextension~=3.6.5->ipywidgets>=7.0.0->qgridnext) (3.0.0)
2025-01-13T20:01:55.7668700Z Requirement already satisfied: uri-template in /Users/runner/micromamba/envs/tardis/lib/python3.12/site-packages (from jsonschema[format-nongpl]>=4.18.0->jupyter-events>=0.9.0->jupyter-server<3,>=2.4.0->notebook>=4.4.1->widgetsnbextension~=3.6.5->ipywidgets>=7.0.0->qgridnext) (1.3.0)
2025-01-13T20:01:55.7685210Z Requirement already satisfied: webcolors>=1.11 in /Users/runner/micromamba/envs/tardis/lib/python3.12/site-packages (from jsonschema[format-nongpl]>=4.18.0->jupyter-events>=0.9.0->jupyter-server<3,>=2.4.0->notebook>=4.4.1->widgetsnbextension~=3.6.5->ipywidgets>=7.0.0->qgridnext) (24.6.0)
2025-01-13T20:01:55.7687820Z Requirement already satisfied: cffi>=1.0.1 in /Users/runner/micromamba/envs/tardis/lib/python3.12/site-packages (from argon2-cffi-bindings->argon2-cffi>=21.1->jupyter-server<3,>=2.4.0->notebook>=4.4.1->widgetsnbextension~=3.6.5->ipywidgets>=7.0.0->qgridnext) (1.16.0)
2025-01-13T20:01:55.7704550Z Requirement already satisfied: soupsieve>1.2 in /Users/runner/micromamba/envs/tardis/lib/python3.12/site-packages (from beautifulsoup4->nbconvert>=6.4.4->jupyter-server<3,>=2.4.0->notebook>=4.4.1->widgetsnbextension~=3.6.5->ipywidgets>=7.0.0->qgridnext) (2.5)
2025-01-13T20:01:55.7853670Z Requirement already satisfied: pycparser in /Users/runner/micromamba/envs/tardis/lib/python3.12/site-packages (from cffi>=1.0.1->argon2-cffi-bindings->argon2-cffi>=21.1->jupyter-server<3,>=2.4.0->notebook>=4.4.1->widgetsnbextension~=3.6.5->ipywidgets>=7.0.0->qgridnext) (2.22)
2025-01-13T20:01:55.8202110Z Requirement already satisfied: arrow>=0.15.0 in /Users/runner/micromamba/envs/tardis/lib/python3.12/site-packages (from isoduration->jsonschema[format-nongpl]>=4.18.0->jupyter-events>=0.9.0->jupyter-server<3,>=2.4.0->notebook>=4.4.1->widgetsnbextension~=3.6.5->ipywidgets>=7.0.0->qgridnext) (1.3.0)
2025-01-13T20:01:55.8408840Z Requirement already satisfied: types-python-dateutil>=2.8.10 in /Users/runner/micromamba/envs/tardis/lib/python3.12/site-packages (from arrow>=0.15.0->isoduration->jsonschema[format-nongpl]>=4.18.0->jupyter-events>=0.9.0->jupyter-server<3,>=2.4.0->notebook>=4.4.1->widgetsnbextension~=3.6.5->ipywidgets>=7.0.0->qgridnext) (2.9.0.20240316)
2025-01-13T20:01:55.8686350Z Downloading qgridnext-2.0.4-py3-none-any.whl (1.3 MB)
2025-01-13T20:01:55.9184920Z    â”â”â”â”â”â”â”â”â”â”â”â”â”â”â”â”â”â”â”â”â”â”â”â”â”â”â”â”â”â”â”â”â”â”â”â”â”â”â”â” 1.3/1.3 MB 26.2 MB/s eta 0:00:00
2025-01-13T20:01:56.4562030Z Installing collected packages: qgridnext
2025-01-13T20:01:56.4997290Z Successfully installed qgridnext-2.0.4
2025-01-13T20:01:56.7087310Z ##[group]Run pytest tardis --tardis-regression-data=/Users/runner/work/tardis/tardis/tardis-regression-data --cov=tardis --cov-report=xml --cov-report=html --cov-append -m "not continuum"
2025-01-13T20:01:56.7088480Z [36;1mpytest tardis --tardis-regression-data=/Users/runner/work/tardis/tardis/tardis-regression-data --cov=tardis --cov-report=xml --cov-report=html --cov-append -m "not continuum"[0m
2025-01-13T20:01:56.7144780Z shell: /bin/bash -l {0}
2025-01-13T20:01:56.7144980Z env:
2025-01-13T20:01:56.7145120Z   CACHE_NUMBER: 0
2025-01-13T20:01:56.7145630Z   PYTEST_FLAGS: --tardis-regression-data=/Users/runner/work/tardis/tardis/tardis-regression-data --cov=tardis --cov-report=xml --cov-report=html --cov-append
2025-01-13T20:01:56.7146150Z   CODECOV_TOKEN: 
2025-01-13T20:01:56.7146340Z   MAMBA_ROOT_PREFIX: /Users/runner/micromamba
2025-01-13T20:01:56.7146610Z   MAMBA_EXE: /Users/runner/micromamba-bin/micromamba
2025-01-13T20:01:56.7146990Z   CONDARC: /Users/runner/work/_temp/setup-micromamba/.condarc
2025-01-13T20:01:56.7147230Z ##[endgroup]
2025-01-13T20:02:07.5477370Z ============================= test session starts ==============================
2025-01-13T20:02:07.5479790Z platform darwin -- Python 3.12.4, pytest-8.2.2, pluggy-1.5.0
2025-01-13T20:02:07.5480240Z rootdir: /Users/runner/work/tardis/tardis
2025-01-13T20:02:07.5480520Z configfile: pyproject.toml
2025-01-13T20:02:07.5481010Z plugins: cov-5.0.0, html-4.1.1, metadata-3.1.1, doctestplus-1.2.1, anyio-4.4.0
2025-01-13T20:02:07.5481340Z collected 1796 items / 2 deselected / 1794 selected
2025-01-13T20:02:07.5481520Z 
2025-01-13T20:02:10.2626810Z tardis/energy_input/tests/test_energy_source.py ..xxx                    [  0%]
2025-01-13T20:02:11.7771110Z tardis/energy_input/tests/test_gamma_ray_channel.py ...........          [  0%]
2025-01-13T20:02:12.7278710Z tardis/energy_input/tests/test_gamma_ray_grid.py xx.                     [  1%]
2025-01-13T20:02:13.7222280Z tardis/energy_input/tests/test_gamma_ray_interactions.py xx....          [  1%]
2025-01-13T20:02:13.7322550Z tardis/energy_input/tests/test_gamma_ray_packet_source.py sssssssss      [  1%]
2025-01-13T20:02:14.5311120Z tardis/energy_input/tests/test_util.py .....xxxx.....                    [  2%]
2025-01-13T20:02:14.7815180Z tardis/grid/tests/test_grid.py .                                         [  2%]
2025-01-13T20:02:14.7823740Z tardis/gui/tests/test_gui.py s                                           [  2%]
2025-01-13T20:02:17.2807730Z tardis/io/configuration/tests/test_config_reader.py ...........          [  3%]
2025-01-13T20:02:17.2908200Z tardis/io/configuration/tests/test_configuration_namespace.py .........  [  3%]
2025-01-13T20:02:17.3117660Z tardis/io/logger/tests/test_logging.py ssssssssssssssssssssssssssss      [  5%]
2025-01-13T20:02:42.8644200Z tardis/io/model/readers/tests/test_arepo_parser.py ..                    [  5%]
2025-01-13T20:02:42.8766760Z tardis/io/model/readers/tests/test_ascii_readers.py ...                  [  5%]
2025-01-13T20:02:42.8850960Z tardis/io/model/readers/tests/test_cmfgen_reader.py ..                   [  5%]
2025-01-13T20:02:42.9054650Z tardis/io/model/readers/tests/test_csvy_reader.py ....                   [  6%]
2025-01-13T20:02:42.9201040Z tardis/io/model/readers/tests/test_stella_reader.py ..                   [  6%]
2025-01-13T20:02:43.1501870Z tardis/io/tests/test_HDFWriter.py ...............                        [  7%]
2025-01-13T20:02:43.4548040Z tardis/io/tests/test_atomic.py .....                                     [  7%]
2025-01-13T20:02:43.4655270Z tardis/io/tests/test_decay.py ..                                         [  7%]
2025-01-13T20:02:43.5852550Z tardis/io/tests/test_model_reader.py ......                              [  7%]
2025-01-13T20:02:43.5899120Z tardis/model/geometry/tests/test_radial1d.py ..                          [  7%]
2025-01-13T20:03:08.1534840Z tardis/model/tests/test_base.py ........................................ [ 10%]
2025-01-13T20:03:08.8537190Z ............                                                             [ 10%]
2025-01-13T20:03:11.0387680Z tardis/model/tests/test_csvy_model.py .........                          [ 11%]
2025-01-13T20:03:11.0684220Z tardis/model/tests/test_density.py ..                                    [ 11%]
2025-01-13T20:03:12.0482850Z tardis/opacities/tests/test_opacity_solver.py .....                      [ 11%]
2025-01-13T20:03:12.9866390Z tardis/opacities/tests/test_opacity_state_numba.py .....                 [ 11%]
2025-01-13T20:03:14.1067180Z tardis/opacities/tests/test_tau_sobolev.py FF                            [ 12%]
2025-01-13T20:03:16.2678750Z tardis/plasma/equilibrium/tests/test_collisional_transitions.py ...      [ 12%]
2025-01-13T20:03:52.6321260Z tardis/plasma/equilibrium/tests/test_level_populations.py ....           [ 12%]
2025-01-13T20:04:02.2651950Z ##[error]The operation was canceled.
2025-01-13T20:04:02.2853700Z Post job cleanup.
2025-01-13T20:04:02.2977930Z Post job cleanup.
2025-01-13T20:04:03.1285250Z Will use pre-installed micromamba at /Users/runner/micromamba-bin/micromamba
2025-01-13T20:04:03.1286110Z Removing micromamba run shell ...
2025-01-13T20:04:03.1286690Z ##[group]Deinitialize micromamba for bash
2025-01-13T20:04:03.1290050Z [command]/Users/runner/micromamba-bin/micromamba shell deinit -s bash -r /Users/runner/micromamba --log-level warning --rc-file /Users/runner/work/_temp/setup-micromamba/.condarc
2025-01-13T20:04:03.1293070Z Resetting RC file "/Users/runner/.bash_profile"
2025-01-13T20:04:03.1294000Z Deleting config for root prefix 
2025-01-13T20:04:03.1295230Z Clearing mamba executable environment variable
2025-01-13T20:04:03.1296250Z Removing the following in your "/Users/runner/.bash_profile" file
2025-01-13T20:04:03.1297390Z # >>> mamba initialize >>>
2025-01-13T20:04:03.1298060Z ...
2025-01-13T20:04:03.1298850Z # <<< mamba initialize <<<
2025-01-13T20:04:03.1303260Z Removing environment tardis from auto-activate bash ...
2025-01-13T20:04:03.1409270Z Post job cleanup.
2025-01-13T20:04:03.1483840Z Post job cleanup.
2025-01-13T20:04:03.8061320Z [command]/opt/homebrew/bin/git version
2025-01-13T20:04:03.8073820Z git version 2.47.1
2025-01-13T20:04:03.8079190Z Copying '/Users/runner/.gitconfig' to '/Users/runner/work/_temp/c3568f5e-bb45-434f-baaa-f1d3e1f4e2b0/.gitconfig'
2025-01-13T20:04:03.8081930Z Temporarily overriding HOME='/Users/runner/work/_temp/c3568f5e-bb45-434f-baaa-f1d3e1f4e2b0' before making global git config changes
2025-01-13T20:04:03.9401160Z Adding repository directory to the temporary git global config as a safe directory
2025-01-13T20:04:03.9499630Z [command]/opt/homebrew/bin/git config --global --add safe.directory /Users/runner/work/tardis/tardis/tardis-regression-data
2025-01-13T20:04:04.0878760Z [command]/opt/homebrew/bin/git config --local --name-only --get-regexp core\.sshCommand
2025-01-13T20:04:04.0881100Z [command]/opt/homebrew/bin/git submodule foreach --recursive sh -c "git config --local --name-only --get-regexp 'core\.sshCommand' && git config --local --unset-all 'core.sshCommand' || :"
2025-01-13T20:04:04.0886070Z [command]/opt/homebrew/bin/git config --local --name-only --get-regexp http\.https\:\/\/github\.com\/\.extraheader
2025-01-13T20:04:04.0888320Z http.https://github.com/.extraheader
2025-01-13T20:04:04.0890500Z [command]/opt/homebrew/bin/git config --local --unset-all http.https://github.com/.extraheader
2025-01-13T20:04:04.0893580Z [command]/opt/homebrew/bin/git submodule foreach --recursive sh -c "git config --local --name-only --get-regexp 'http\.https\:\/\/github\.com\/\.extraheader' && git config --local --unset-all 'http.https://github.com/.extraheader' || :"
2025-01-13T20:04:04.1136720Z Post job cleanup.
2025-01-13T20:04:04.5508230Z [command]/opt/homebrew/bin/git version
2025-01-13T20:04:04.5508740Z git version 2.47.1
2025-01-13T20:04:04.5515490Z Copying '/Users/runner/.gitconfig' to '/Users/runner/work/_temp/97b0a30a-5e3f-4fb7-8401-29b67d6e3268/.gitconfig'
2025-01-13T20:04:04.5517400Z Temporarily overriding HOME='/Users/runner/work/_temp/97b0a30a-5e3f-4fb7-8401-29b67d6e3268' before making global git config changes
2025-01-13T20:04:04.5519100Z Adding repository directory to the temporary git global config as a safe directory
2025-01-13T20:04:04.5520490Z [command]/opt/homebrew/bin/git config --global --add safe.directory /Users/runner/work/tardis/tardis
2025-01-13T20:04:04.5522960Z [command]/opt/homebrew/bin/git config --local --name-only --get-regexp core\.sshCommand
2025-01-13T20:04:04.5528600Z [command]/opt/homebrew/bin/git submodule foreach --recursive sh -c "git config --local --name-only --get-regexp 'core\.sshCommand' && git config --local --unset-all 'core.sshCommand' || :"
2025-01-13T20:04:04.5530110Z [command]/opt/homebrew/bin/git config --local --name-only --get-regexp http\.https\:\/\/github\.com\/\.extraheader
2025-01-13T20:04:04.5530620Z http.https://github.com/.extraheader
2025-01-13T20:04:04.5531290Z [command]/opt/homebrew/bin/git config --local --unset-all http.https://github.com/.extraheader
2025-01-13T20:04:04.5532720Z [command]/opt/homebrew/bin/git submodule foreach --recursive sh -c "git config --local --name-only --get-regexp 'http\.https\:\/\/github\.com\/\.extraheader' && git config --local --unset-all 'http.https://github.com/.extraheader' || :"
2025-01-13T20:04:04.5622910Z Cleaning up orphan processes
2025-01-13T20:04:05.8533140Z Terminate orphan process: pid (3473) (python3.12)
2025-01-13T20:04:05.8921410Z Terminate orphan process: pid (3419) (python3.12)
