2025-02-21T14:29:59.1311682Z Prepare all required actions
2025-02-21T14:29:59.1312049Z Getting action download info
2025-02-21T14:29:59.2192662Z Download action repository 'mamba-org/setup-micromamba@v1' (SHA:4b9113af4fba0e9e1124b252dd6497a419e7396d)
2025-02-21T14:29:59.4723204Z ##[group]Run ./.github/actions/setup_env
2025-02-21T14:29:59.4723477Z with:
2025-02-21T14:29:59.4723667Z   os-label: linux-64
2025-02-21T14:29:59.4723856Z env:
2025-02-21T14:29:59.4724015Z   CACHE_NUMBER: 0
2025-02-21T14:29:59.4724628Z   PYTEST_FLAGS: --tardis-regression-data=/home/runner/work/tardis/tardis/tardis-regression-data --cov=tardis --cov-report=xml --cov-report=html --cov-append
2025-02-21T14:29:59.4725312Z   CODECOV_TOKEN: 
2025-02-21T14:29:59.4725496Z ##[endgroup]
2025-02-21T14:29:59.4745754Z ##[group]Run file_hash=$(cat conda-linux-64.lock | shasum -a 256 | cut -d' ' -f1)
2025-02-21T14:29:59.4746253Z [36;1mfile_hash=$(cat conda-linux-64.lock | shasum -a 256 | cut -d' ' -f1)[0m
2025-02-21T14:29:59.4746769Z [36;1mecho "file_hash=tardis-conda-env-linux-64-${file_hash}-v1" >> "${GITHUB_OUTPUT}"[0m
2025-02-21T14:29:59.4802461Z shell: /usr/bin/bash --noprofile --norc -e -o pipefail {0}
2025-02-21T14:29:59.4802783Z env:
2025-02-21T14:29:59.4802949Z   CACHE_NUMBER: 0
2025-02-21T14:29:59.4803551Z   PYTEST_FLAGS: --tardis-regression-data=/home/runner/work/tardis/tardis/tardis-regression-data --cov=tardis --cov-report=xml --cov-report=html --cov-append
2025-02-21T14:29:59.4804184Z   CODECOV_TOKEN: 
2025-02-21T14:29:59.4804367Z ##[endgroup]
2025-02-21T14:29:59.5573657Z ##[group]Run mamba-org/setup-micromamba@v1
2025-02-21T14:29:59.5573922Z with:
2025-02-21T14:29:59.5574117Z   environment-file: conda-linux-64.lock
2025-02-21T14:29:59.5574667Z   cache-environment-key: tardis-conda-env-linux-64-d7cd390425b0fd3cf82649dcc003efba9915fb4928f15d342148c3ccffcbe2ee-v1
2025-02-21T14:29:59.5575477Z   cache-downloads-key: tardis-conda-env-linux-64-d7cd390425b0fd3cf82649dcc003efba9915fb4928f15d342148c3ccffcbe2ee-v1
2025-02-21T14:29:59.5576013Z   environment-name: tardis
2025-02-21T14:29:59.5576260Z   cache-environment: true
2025-02-21T14:29:59.5576475Z   cache-downloads: true
2025-02-21T14:29:59.5576671Z env:
2025-02-21T14:29:59.5576835Z   CACHE_NUMBER: 0
2025-02-21T14:29:59.5577429Z   PYTEST_FLAGS: --tardis-regression-data=/home/runner/work/tardis/tardis/tardis-regression-data --cov=tardis --cov-report=xml --cov-report=html --cov-append
2025-02-21T14:29:59.5578066Z   CODECOV_TOKEN: 
2025-02-21T14:29:59.5578245Z ##[endgroup]
2025-02-21T14:29:59.6922557Z Will download micromamba to /home/runner/micromamba-bin/micromamba
2025-02-21T14:29:59.6933119Z ##[group]Install micromamba
2025-02-21T14:29:59.9262439Z micromamba installed to /home/runner/micromamba-bin/micromamba
2025-02-21T14:29:59.9263146Z ##[endgroup]
2025-02-21T14:29:59.9264105Z Adding conda-forge to condarc channels ...
2025-02-21T14:29:59.9273510Z ##[group]Initialize micromamba for bash.
2025-02-21T14:29:59.9289456Z [command]/home/runner/micromamba-bin/micromamba shell init -s bash -r /home/runner/micromamba --log-level warning --rc-file /home/runner/work/_temp/setup-micromamba/.condarc
2025-02-21T14:29:59.9402299Z Modifying RC file "/home/runner/.bashrc"
2025-02-21T14:29:59.9403217Z Generating config for root prefix [1m"/home/runner/micromamba"[0m
2025-02-21T14:29:59.9404049Z Setting mamba executable to: [1m"/home/runner/micromamba-bin/micromamba"[0m
2025-02-21T14:29:59.9404812Z Adding (or replacing) the following in your "/home/runner/.bashrc" file
2025-02-21T14:29:59.9405254Z 
2025-02-21T14:29:59.9405414Z # >>> mamba initialize >>>
2025-02-21T14:29:59.9405867Z # !! Contents within this block are managed by 'mamba init' !!
2025-02-21T14:29:59.9406351Z export MAMBA_EXE='/home/runner/micromamba-bin/micromamba';
2025-02-21T14:29:59.9406898Z export MAMBA_ROOT_PREFIX='/home/runner/micromamba';
2025-02-21T14:29:59.9407570Z __mamba_setup="$("$MAMBA_EXE" shell hook --shell bash --root-prefix "$MAMBA_ROOT_PREFIX" 2> /dev/null)"
2025-02-21T14:29:59.9408002Z if [ $? -eq 0 ]; then
2025-02-21T14:29:59.9408208Z     eval "$__mamba_setup"
2025-02-21T14:29:59.9408892Z else
2025-02-21T14:29:59.9409187Z     alias micromamba="$MAMBA_EXE"  # Fallback on help from mamba activate
2025-02-21T14:29:59.9409552Z fi
2025-02-21T14:29:59.9409723Z unset __mamba_setup
2025-02-21T14:29:59.9409934Z # <<< mamba initialize <<<
2025-02-21T14:29:59.9410119Z 
2025-02-21T14:29:59.9421056Z Moving mamba initialize block to .bash_profile
2025-02-21T14:29:59.9430998Z ##[endgroup]
2025-02-21T14:29:59.9432199Z ##[group]Restoring downloads from `/home/runner/micromamba/pkgs` ...
2025-02-21T14:30:01.0630597Z Received 318767104 of 356815776 (89.3%), 303.7 MBs/sec
2025-02-21T14:30:01.1601219Z Cache Size: ~340 MB (356815776 B)
2025-02-21T14:30:01.1638148Z [command]/usr/bin/tar -xf /home/runner/work/_temp/38a68d29-a6b8-4446-be92-9af68480d7a5/cache.tzst -P -C /home/runner/work/tardis/tardis --use-compress-program unzstd
2025-02-21T14:30:01.6939196Z Cache restored successfully
2025-02-21T14:30:01.7691807Z Restored cache with key `tardis-conda-env-linux-64-d7cd390425b0fd3cf82649dcc003efba9915fb4928f15d342148c3ccffcbe2ee-v1-linux-64`
2025-02-21T14:30:01.7693361Z ##[endgroup]
2025-02-21T14:30:01.7706483Z ##[group]Restoring environment `tardis` from `/home/runner/micromamba/envs/tardis` ...
2025-02-21T14:30:02.0683203Z Received 356815776 of 356815776 (100.0%), 169.5 MBs/sec
2025-02-21T14:30:02.8553023Z Received 322961408 of 444032293 (72.7%), 305.3 MBs/sec
2025-02-21T14:30:03.2254231Z Cache Size: ~423 MB (444032293 B)
2025-02-21T14:30:03.2314605Z [command]/usr/bin/tar -xf /home/runner/work/_temp/77100bec-4ca1-4a4e-939c-2c11dab7a82f/cache.tzst -P -C /home/runner/work/tardis/tardis --use-compress-program unzstd
2025-02-21T14:30:03.8565740Z Received 444032293 of 444032293 (100.0%), 210.7 MBs/sec
2025-02-21T14:30:08.4012406Z Cache restored successfully
2025-02-21T14:30:08.4936349Z Restored cache with key `tardis-conda-env-linux-64-d7cd390425b0fd3cf82649dcc003efba9915fb4928f15d342148c3ccffcbe2ee-v1-linux-64-tardis-args-4f53cda-root-dcc80ee-bin-[object Promise]-file-d7cd390425b0fd3cf82649dcc003efba9915fb4928f15d342148c3ccffcbe2ee`
2025-02-21T14:30:08.4938237Z ##[endgroup]
2025-02-21T14:30:08.4938714Z Adding environment tardis to auto-activate bash ...
2025-02-21T14:30:08.4947741Z Generating micromamba run shell.
2025-02-21T14:30:08.4957086Z ##[endgroup]
2025-02-21T14:30:08.4963103Z Set environment variables.
2025-02-21T14:30:08.4967338Z ##[group]micromamba info
2025-02-21T14:30:08.4972109Z [command]/home/runner/micromamba-bin/micromamba info -r /home/runner/micromamba -n tardis
2025-02-21T14:30:08.5209673Z 
2025-02-21T14:30:08.5210128Z        libmamba version : 1.5.10
2025-02-21T14:30:08.5210893Z      micromamba version : 1.5.10
2025-02-21T14:30:08.5211769Z            curl version : libcurl/8.10.1 OpenSSL/3.3.2 zlib/1.3.1 zstd/1.5.6 libssh2/1.11.0 nghttp2/1.58.0
2025-02-21T14:30:08.5212644Z      libarchive version : libarchive 3.7.4 zlib/1.2.13 bz2lib/1.0.8 libzstd/1.5.6
2025-02-21T14:30:08.5213327Z        envs directories : /home/runner/micromamba/envs
2025-02-21T14:30:08.5213878Z           package cache : /home/runner/micromamba/pkgs
2025-02-21T14:30:08.5214385Z                           /home/runner/.mamba/pkgs
2025-02-21T14:30:08.5214857Z             environment : tardis
2025-02-21T14:30:08.5215324Z            env location : /home/runner/micromamba/envs/tardis
2025-02-21T14:30:08.5215864Z       user config files : /home/runner/.mambarc
2025-02-21T14:30:08.5216517Z  populated config files : /home/runner/work/_temp/setup-micromamba/.condarc
2025-02-21T14:30:08.5217168Z        virtual packages : __unix=0=0
2025-02-21T14:30:08.5217624Z                           __linux=6.8.0=0
2025-02-21T14:30:08.5218039Z                           __glibc=2.39=0
2025-02-21T14:30:08.5218675Z                           __archspec=1=x86_64_v3
2025-02-21T14:30:08.5219159Z                channels : https://conda.anaconda.org/conda-forge/linux-64
2025-02-21T14:30:08.5219550Z                           https://conda.anaconda.org/conda-forge/noarch
2025-02-21T14:30:08.5219874Z        base environment : /home/runner/micromamba
2025-02-21T14:30:08.5220461Z                platform : linux-64
2025-02-21T14:30:08.5227214Z ##[endgroup]
2025-02-21T14:30:08.5227856Z ##[group]micromamba list
2025-02-21T14:30:08.5229880Z [command]/home/runner/micromamba-bin/micromamba list -r /home/runner/micromamba -n tardis
2025-02-21T14:30:08.9135782Z List of packages in environment: "/home/runner/micromamba/envs/tardis"
2025-02-21T14:30:08.9137571Z 
2025-02-21T14:30:08.9138064Z   Name                           Version              Build                    Channel    
2025-02-21T14:30:08.9139261Z â”€â”€â”€â”€â”€â”€â”€â”€â”€â”€â”€â”€â”€â”€â”€â”€â”€â”€â”€â”€â”€â”€â”€â”€â”€â”€â”€â”€â”€â”€â”€â”€â”€â”€â”€â”€â”€â”€â”€â”€â”€â”€â”€â”€â”€â”€â”€â”€â”€â”€â”€â”€â”€â”€â”€â”€â”€â”€â”€â”€â”€â”€â”€â”€â”€â”€â”€â”€â”€â”€â”€â”€â”€â”€â”€â”€â”€â”€â”€â”€â”€â”€â”€â”€â”€â”€â”€â”€â”€â”€â”€â”€
2025-02-21T14:30:08.9139872Z   _libgcc_mutex                  0.1                  conda_forge              conda-forge
2025-02-21T14:30:08.9140472Z   _openmp_mutex                  4.5                  2_gnu                    conda-forge
2025-02-21T14:30:08.9141061Z   alabaster                      0.7.16               pyhd8ed1ab_0             conda-forge
2025-02-21T14:30:08.9141654Z   anyio                          4.4.0                pyhd8ed1ab_0             conda-forge
2025-02-21T14:30:08.9142227Z   argon2-cffi                    23.1.0               pyhd8ed1ab_0             conda-forge
2025-02-21T14:30:08.9142993Z   argon2-cffi-bindings           21.2.0               py312h98912ed_4          conda-forge
2025-02-21T14:30:08.9143656Z   arrow                          1.3.0                pyhd8ed1ab_0             conda-forge
2025-02-21T14:30:08.9144258Z   astropy                        6.1.1                py312h085067d_0          conda-forge
2025-02-21T14:30:08.9144921Z   astropy-iers-data              0.2024.6.17.0.31.35  pyhd8ed1ab_0             conda-forge
2025-02-21T14:30:08.9145664Z   astropy-sphinx-theme           1.1                  pyhd8ed1ab_0             conda-forge
2025-02-21T14:30:08.9146265Z   asttokens                      2.4.1                pyhd8ed1ab_0             conda-forge
2025-02-21T14:30:08.9146829Z   async-lru                      2.0.4                pyhd8ed1ab_0             conda-forge
2025-02-21T14:30:08.9147388Z   atk-1.0                        2.38.0               h04ea711_2               conda-forge
2025-02-21T14:30:08.9148247Z   attrs                          23.2.0               pyh71513ae_0             conda-forge
2025-02-21T14:30:08.9149042Z   babel                          2.14.0               pyhd8ed1ab_0             conda-forge
2025-02-21T14:30:08.9149654Z   beautifulsoup4                 4.12.3               pyha770c72_0             conda-forge
2025-02-21T14:30:08.9150627Z   bleach                         6.1.0                pyhd8ed1ab_0             conda-forge
2025-02-21T14:30:08.9151207Z   blosc                          1.21.5               hc2324a3_1               conda-forge
2025-02-21T14:30:08.9151776Z   brotli                         1.1.0                hd590300_1               conda-forge
2025-02-21T14:30:08.9152360Z   brotli-bin                     1.1.0                hd590300_1               conda-forge
2025-02-21T14:30:08.9153001Z   brotli-python                  1.1.0                py312h30efb56_1          conda-forge
2025-02-21T14:30:08.9153601Z   bzip2                          1.0.8                hd590300_5               conda-forge
2025-02-21T14:30:08.9154151Z   c-ares                         1.28.1               hd590300_0               conda-forge
2025-02-21T14:30:08.9154716Z   c-blosc2                       2.14.4               hb4ffafa_1               conda-forge
2025-02-21T14:30:08.9155325Z   ca-certificates                2024.6.2             hbcca054_0               conda-forge
2025-02-21T14:30:08.9155982Z   cached-property                1.5.2                hd8ed1ab_1               conda-forge
2025-02-21T14:30:08.9156621Z   cached_property                1.5.2                pyha770c72_1             conda-forge
2025-02-21T14:30:08.9157216Z   cairo                          1.18.0               h3faef2a_0               conda-forge
2025-02-21T14:30:08.9157789Z   certifi                        2024.6.2             pyhd8ed1ab_0             conda-forge
2025-02-21T14:30:08.9158729Z   cffi                           1.16.0               py312hf06ca03_0          conda-forge
2025-02-21T14:30:08.9159372Z   charset-normalizer             3.3.2                pyhd8ed1ab_0             conda-forge
2025-02-21T14:30:08.9159997Z   click                          8.1.7                unix_pyh707e725_0        conda-forge
2025-02-21T14:30:08.9160580Z   codespell                      2.3.0                pyhd8ed1ab_0             conda-forge
2025-02-21T14:30:08.9161264Z   colorama                       0.4.6                pyhd8ed1ab_0             conda-forge
2025-02-21T14:30:08.9161831Z   comm                           0.2.2                pyhd8ed1ab_0             conda-forge
2025-02-21T14:30:08.9162403Z   commonmark                     0.9.1                py_0                     conda-forge
2025-02-21T14:30:08.9163006Z   contourpy                      1.2.1                py312h8572e83_0          conda-forge
2025-02-21T14:30:08.9163603Z   coverage                       7.5.3                py312h9a8786e_0          conda-forge
2025-02-21T14:30:08.9164186Z   cycler                         0.12.1               pyhd8ed1ab_0             conda-forge
2025-02-21T14:30:08.9164782Z   dataclasses                    0.8                  pyhc8e2a94_3             conda-forge
2025-02-21T14:30:08.9165357Z   debugpy                        1.8.1                py312h30efb56_0          conda-forge
2025-02-21T14:30:08.9165974Z   decorator                      5.1.1                pyhd8ed1ab_0             conda-forge
2025-02-21T14:30:08.9166611Z   defusedxml                     0.7.1                pyhd8ed1ab_0             conda-forge
2025-02-21T14:30:08.9167235Z   docutils                       0.20.1               py312h7900ff3_3          conda-forge
2025-02-21T14:30:08.9167843Z   dot2tex                        2.11.3               pyhd8ed1ab_0             conda-forge
2025-02-21T14:30:08.9168610Z   entrypoints                    0.4                  pyhd8ed1ab_0             conda-forge
2025-02-21T14:30:08.9169286Z   exceptiongroup                 1.2.0                pyhd8ed1ab_2             conda-forge
2025-02-21T14:30:08.9169949Z   executing                      2.0.1                pyhd8ed1ab_0             conda-forge
2025-02-21T14:30:08.9170547Z   expat                          2.6.2                h59595ed_0               conda-forge
2025-02-21T14:30:08.9171210Z   font-ttf-dejavu-sans-mono      2.37                 hab24e00_0               conda-forge
2025-02-21T14:30:08.9172106Z   font-ttf-inconsolata           3.000                h77eed37_0               conda-forge
2025-02-21T14:30:08.9172866Z   font-ttf-source-code-pro       2.038                h77eed37_0               conda-forge
2025-02-21T14:30:08.9173584Z   font-ttf-ubuntu                0.83                 h77eed37_2               conda-forge
2025-02-21T14:30:08.9174234Z   fontconfig                     2.14.2               h14ed4e7_0               conda-forge
2025-02-21T14:30:08.9174910Z   fonts-conda-ecosystem          1                    0                        conda-forge
2025-02-21T14:30:08.9175614Z   fonts-conda-forge              1                    0                        conda-forge
2025-02-21T14:30:08.9176253Z   fonttools                      4.53.0               py312h9a8786e_0          conda-forge
2025-02-21T14:30:08.9176838Z   fqdn                           1.5.1                pyhd8ed1ab_0             conda-forge
2025-02-21T14:30:08.9177422Z   freetype                       2.12.1               h267a509_2               conda-forge
2025-02-21T14:30:08.9178030Z   fribidi                        1.0.10               h36c2ea0_0               conda-forge
2025-02-21T14:30:08.9178807Z   future                         1.0.0                pyhd8ed1ab_0             conda-forge
2025-02-21T14:30:08.9179423Z   gdk-pixbuf                     2.42.12              hb9ae30d_0               conda-forge
2025-02-21T14:30:08.9180026Z   giflib                         5.2.2                hd590300_0               conda-forge
2025-02-21T14:30:08.9180710Z   git-lfs                        3.5.1                ha770c72_0               conda-forge
2025-02-21T14:30:08.9181227Z   gmp                            6.3.0                h59595ed_1               conda-forge
2025-02-21T14:30:08.9181775Z   gmpy2                          2.1.5                py312h1d5cde6_1          conda-forge
2025-02-21T14:30:08.9182342Z   graphite2                      1.3.13               h59595ed_1003            conda-forge
2025-02-21T14:30:08.9182941Z   graphviz                       11.0.0               hc68bbd7_0               conda-forge
2025-02-21T14:30:08.9183306Z   gtk2                           2.24.33              h280cfa0_4               conda-forge
2025-02-21T14:30:08.9183632Z   gts                            0.7.6                h977cf35_4               conda-forge
2025-02-21T14:30:08.9183957Z   h11                            0.14.0               pyhd8ed1ab_0             conda-forge
2025-02-21T14:30:08.9184272Z   h2                             4.1.0                pyhd8ed1ab_0             conda-forge
2025-02-21T14:30:08.9184604Z   h5py                           3.11.0               nompi_py312hb7ab980_102  conda-forge
2025-02-21T14:30:08.9184949Z   harfbuzz                       8.5.0                hfac3d4d_0               conda-forge
2025-02-21T14:30:08.9185287Z   hdf5                           1.14.3               nompi_hdf9ad27_105       conda-forge
2025-02-21T14:30:08.9185621Z   hpack                          4.0.0                pyh9f0ad1d_0             conda-forge
2025-02-21T14:30:08.9186026Z   httpcore                       1.0.5                pyhd8ed1ab_0             conda-forge
2025-02-21T14:30:08.9186641Z   httpx                          0.27.0               pyhd8ed1ab_0             conda-forge
2025-02-21T14:30:08.9187240Z   hyperframe                     6.0.1                pyhd8ed1ab_0             conda-forge
2025-02-21T14:30:08.9187645Z   icu                            73.2                 h59595ed_0               conda-forge
2025-02-21T14:30:08.9187973Z   idna                           3.7                  pyhd8ed1ab_0             conda-forge
2025-02-21T14:30:08.9188638Z   imagesize                      1.4.1                pyhd8ed1ab_0             conda-forge
2025-02-21T14:30:08.9189346Z   importlib-metadata             7.1.0                pyha770c72_0             conda-forge
2025-02-21T14:30:08.9190021Z   importlib_metadata             7.1.0                hd8ed1ab_0               conda-forge
2025-02-21T14:30:08.9190864Z   importlib_resources            6.4.0                pyhd8ed1ab_0             conda-forge
2025-02-21T14:30:08.9191275Z   iniconfig                      2.0.0                pyhd8ed1ab_0             conda-forge
2025-02-21T14:30:08.9191734Z   ipykernel                      6.29.4               pyh3099207_0             conda-forge
2025-02-21T14:30:08.9192371Z   ipython                        8.25.0               pyh707e725_0             conda-forge
2025-02-21T14:30:08.9192907Z   ipython_genutils               0.2.0                pyhd8ed1ab_1             conda-forge
2025-02-21T14:30:08.9193554Z   ipywidgets                     7.8.0                pyhd8ed1ab_0             conda-forge
2025-02-21T14:30:08.9194216Z   isoduration                    20.11.0              pyhd8ed1ab_0             conda-forge
2025-02-21T14:30:08.9194822Z   jedi                           0.19.1               pyhd8ed1ab_0             conda-forge
2025-02-21T14:30:08.9195210Z   jinja2                         3.1.4                pyhd8ed1ab_0             conda-forge
2025-02-21T14:30:08.9195557Z   json5                          0.9.25               pyhd8ed1ab_0             conda-forge
2025-02-21T14:30:08.9195921Z   jsonpointer                    3.0.0                py312h7900ff3_0          conda-forge
2025-02-21T14:30:08.9196296Z   jsonschema                     4.22.0               pyhd8ed1ab_0             conda-forge
2025-02-21T14:30:08.9196730Z   jsonschema-specifications      2023.12.1            pyhd8ed1ab_0             conda-forge
2025-02-21T14:30:08.9197387Z   jsonschema-with-format-nongpl  4.22.0               pyhd8ed1ab_0             conda-forge
2025-02-21T14:30:08.9197829Z   jupyter-lsp                    2.2.5                pyhd8ed1ab_0             conda-forge
2025-02-21T14:30:08.9198212Z   jupyter_client                 8.6.2                pyhd8ed1ab_0             conda-forge
2025-02-21T14:30:08.9198830Z   jupyter_core                   5.7.2                py312h7900ff3_0          conda-forge
2025-02-21T14:30:08.9199247Z   jupyter_events                 0.10.0               pyhd8ed1ab_0             conda-forge
2025-02-21T14:30:08.9199638Z   jupyter_server                 2.14.1               pyhd8ed1ab_0             conda-forge
2025-02-21T14:30:08.9200056Z   jupyter_server_terminals       0.5.3                pyhd8ed1ab_0             conda-forge
2025-02-21T14:30:08.9200460Z   jupyterlab                     4.2.2                pyhd8ed1ab_0             conda-forge
2025-02-21T14:30:08.9200855Z   jupyterlab_pygments            0.3.0                pyhd8ed1ab_1             conda-forge
2025-02-21T14:30:08.9201269Z   jupyterlab_server              2.27.2               pyhd8ed1ab_0             conda-forge
2025-02-21T14:30:08.9201678Z   jupyterlab_widgets             1.1.7                pyhd8ed1ab_0             conda-forge
2025-02-21T14:30:08.9202062Z   keyutils                       1.6.1                h166bdaf_0               conda-forge
2025-02-21T14:30:08.9202418Z   kiwisolver                     1.4.5                py312h8572e83_1          conda-forge
2025-02-21T14:30:08.9202763Z   krb5                           1.21.2               h659d440_0               conda-forge
2025-02-21T14:30:08.9203104Z   latexcodec                     2.0.1                pyh9f0ad1d_0             conda-forge
2025-02-21T14:30:08.9203449Z   lcms2                          2.16                 hb7c19ff_0               conda-forge
2025-02-21T14:30:08.9203797Z   ld_impl_linux-64               2.40                 hf3520f5_7               conda-forge
2025-02-21T14:30:08.9204167Z   lerc                           4.0.0                h27087fc_0               conda-forge
2025-02-21T14:30:08.9204499Z   libaec                         1.1.3                h59595ed_0               conda-forge
2025-02-21T14:30:08.9204844Z   libblas                        3.9.0                22_linux64_openblas      conda-forge
2025-02-21T14:30:08.9205220Z   libbrotlicommon                1.1.0                hd590300_1               conda-forge
2025-02-21T14:30:08.9205744Z   libbrotlidec                   1.1.0                hd590300_1               conda-forge
2025-02-21T14:30:08.9206127Z   libbrotlienc                   1.1.0                hd590300_1               conda-forge
2025-02-21T14:30:08.9206498Z   libcblas                       3.9.0                22_linux64_openblas      conda-forge
2025-02-21T14:30:08.9206854Z   libcurl                        8.8.0                hca28451_0               conda-forge
2025-02-21T14:30:08.9207206Z   libdeflate                     1.20                 hd590300_0               conda-forge
2025-02-21T14:30:08.9207586Z   libedit                        3.1.20191231         he28a2e2_2               conda-forge
2025-02-21T14:30:08.9207937Z   libev                          4.33                 hd590300_2               conda-forge
2025-02-21T14:30:08.9208278Z   libexpat                       2.6.2                h59595ed_0               conda-forge
2025-02-21T14:30:08.9208882Z   libffi                         3.4.2                h7f98852_5               conda-forge
2025-02-21T14:30:08.9209236Z   libgcc-ng                      13.2.0               h77fa898_10              conda-forge
2025-02-21T14:30:08.9209597Z   libgd                          2.3.3                h119a65a_9               conda-forge
2025-02-21T14:30:08.9209980Z   libgfortran-ng                 13.2.0               h69a702a_10              conda-forge
2025-02-21T14:30:08.9210369Z   libgfortran5                   13.2.0               h3d2ce59_10              conda-forge
2025-02-21T14:30:08.9211005Z   libglib                        2.80.2               h8a4344b_1               conda-forge
2025-02-21T14:30:08.9211361Z   libgomp                        13.2.0               h77fa898_10              conda-forge
2025-02-21T14:30:08.9211709Z   libiconv                       1.17                 hd590300_2               conda-forge
2025-02-21T14:30:08.9212079Z   libjpeg-turbo                  3.0.0                hd590300_1               conda-forge
2025-02-21T14:30:08.9212459Z   liblapack                      3.9.0                22_linux64_openblas      conda-forge
2025-02-21T14:30:08.9212825Z   libllvm14                      14.0.6               hcd5def8_4               conda-forge
2025-02-21T14:30:08.9213188Z   libnghttp2                     1.58.0               h47da74e_1               conda-forge
2025-02-21T14:30:08.9213540Z   libnsl                         2.0.1                hd590300_0               conda-forge
2025-02-21T14:30:08.9213909Z   libopenblas                    0.3.27               pthreads_h413a1c8_0      conda-forge
2025-02-21T14:30:08.9214280Z   libpng                         1.6.43               h2797004_0               conda-forge
2025-02-21T14:30:08.9214624Z   librsvg                        2.58.1               hadf69e7_0               conda-forge
2025-02-21T14:30:08.9214989Z   libsodium                      1.0.18               h36c2ea0_1               conda-forge
2025-02-21T14:30:08.9215348Z   libsqlite                      3.46.0               hde9e2c9_0               conda-forge
2025-02-21T14:30:08.9215706Z   libssh2                        1.11.0               h0841786_0               conda-forge
2025-02-21T14:30:08.9216068Z   libstdcxx-ng                   13.2.0               hc0a3c3a_10              conda-forge
2025-02-21T14:30:08.9216434Z   libtiff                        4.6.0                h1dd3fc0_3               conda-forge
2025-02-21T14:30:08.9216782Z   libuuid                        2.38.1               h0b41bf4_0               conda-forge
2025-02-21T14:30:08.9217130Z   libwebp                        1.4.0                h2c329e2_0               conda-forge
2025-02-21T14:30:08.9217497Z   libwebp-base                   1.4.0                hd590300_0               conda-forge
2025-02-21T14:30:08.9217851Z   libxcb                         1.15                 h0b41bf4_0               conda-forge
2025-02-21T14:30:08.9218196Z   libxcrypt                      4.4.36               hd590300_1               conda-forge
2025-02-21T14:30:08.9218980Z   libxml2                        2.12.7               hc051c1a_1               conda-forge
2025-02-21T14:30:08.9219330Z   libxslt                        1.1.39               h76b75d6_0               conda-forge
2025-02-21T14:30:08.9219684Z   libzlib                        1.3.1                h4ab18f5_1               conda-forge
2025-02-21T14:30:08.9220043Z   llvmlite                       0.42.0               py312hb06c811_1          conda-forge
2025-02-21T14:30:08.9220389Z   lxml                           5.2.2                py312hb90d8a5_0          conda-forge
2025-02-21T14:30:08.9220723Z   lz4-c                          1.9.4                hcb278e6_0               conda-forge
2025-02-21T14:30:08.9221044Z   lzo                            2.10                 hd590300_1001            conda-forge
2025-02-21T14:30:08.9221388Z   markupsafe                     2.1.5                py312h98912ed_0          conda-forge
2025-02-21T14:30:08.9221774Z   matplotlib-base                3.8.4                py312h20ab3a6_2          conda-forge
2025-02-21T14:30:08.9222184Z   matplotlib-inline              0.1.7                pyhd8ed1ab_0             conda-forge
2025-02-21T14:30:08.9222569Z   mistune                        3.0.2                pyhd8ed1ab_0             conda-forge
2025-02-21T14:30:08.9222904Z   mpc                            1.3.1                hfe3b2da_0               conda-forge
2025-02-21T14:30:08.9223228Z   mpfr                           4.2.1                h9458935_1               conda-forge
2025-02-21T14:30:08.9223686Z   mpmath                         1.3.0                pyhd8ed1ab_0             conda-forge
2025-02-21T14:30:08.9224034Z   munkres                        1.1.4                pyh9f0ad1d_0             conda-forge
2025-02-21T14:30:08.9224406Z   mypy_extensions                1.0.0                pyha770c72_0             conda-forge
2025-02-21T14:30:08.9224785Z   nbclassic                      1.1.0                pyhd8ed1ab_0             conda-forge
2025-02-21T14:30:08.9225149Z   nbclient                       0.10.0               pyhd8ed1ab_0             conda-forge
2025-02-21T14:30:08.9225517Z   nbconvert                      7.16.4               hd8ed1ab_1               conda-forge
2025-02-21T14:30:08.9225894Z   nbconvert-core                 7.16.4               pyhd8ed1ab_1             conda-forge
2025-02-21T14:30:08.9226300Z   nbconvert-pandoc               7.16.4               hd8ed1ab_1               conda-forge
2025-02-21T14:30:08.9226692Z   nbformat                       5.10.4               pyhd8ed1ab_0             conda-forge
2025-02-21T14:30:08.9227059Z   nbsphinx                       0.9.4                pyhd8ed1ab_0             conda-forge
2025-02-21T14:30:08.9227411Z   ncurses                        6.5                  h59595ed_0               conda-forge
2025-02-21T14:30:08.9227778Z   nest-asyncio                   1.6.0                pyhd8ed1ab_0             conda-forge
2025-02-21T14:30:08.9228147Z   networkx                       3.3                  pyhd8ed1ab_1             conda-forge
2025-02-21T14:30:08.9228711Z   nomkl                          1.0                  h5ca1d4c_0               conda-forge
2025-02-21T14:30:08.9229092Z   notebook                       7.2.1                pyhd8ed1ab_0             conda-forge
2025-02-21T14:30:08.9229467Z   notebook-shim                  0.2.4                pyhd8ed1ab_0             conda-forge
2025-02-21T14:30:08.9229838Z   numba                          0.59.1               py312hacefee8_0          conda-forge
2025-02-21T14:30:08.9230185Z   numexpr                        2.10.0               py312hf412c99_100        conda-forge
2025-02-21T14:30:08.9230533Z   numpy                          1.26.4               py312heda63a1_0          conda-forge
2025-02-21T14:30:08.9230884Z   numpydoc                       1.7.0                pyhd8ed1ab_1             conda-forge
2025-02-21T14:30:08.9231238Z   openjpeg                       2.5.2                h488ebb8_0               conda-forge
2025-02-21T14:30:08.9231591Z   openssl                        3.3.1                h4ab18f5_0               conda-forge
2025-02-21T14:30:08.9232080Z   overrides                      7.7.0                pyhd8ed1ab_0             conda-forge
2025-02-21T14:30:08.9232456Z   packaging                      24.1                 pyhd8ed1ab_0             conda-forge
2025-02-21T14:30:08.9232811Z   pandas                         2.2.2                py312h1d6d2e6_1          conda-forge
2025-02-21T14:30:08.9233155Z   pandoc                         3.2                  ha770c72_0               conda-forge
2025-02-21T14:30:08.9233525Z   pandocfilters                  1.5.0                pyhd8ed1ab_0             conda-forge
2025-02-21T14:30:08.9233890Z   pango                          1.54.0               h84a9a3c_0               conda-forge
2025-02-21T14:30:08.9234229Z   parso                          0.8.4                pyhd8ed1ab_0             conda-forge
2025-02-21T14:30:08.9234580Z   pathspec                       0.12.1               pyhd8ed1ab_0             conda-forge
2025-02-21T14:30:08.9234930Z   pbr                            6.0.0                pyhd8ed1ab_0             conda-forge
2025-02-21T14:30:08.9235256Z   pcre2                          10.44                h0f59acf_0               conda-forge
2025-02-21T14:30:08.9235600Z   pexpect                        4.9.0                pyhd8ed1ab_0             conda-forge
2025-02-21T14:30:08.9235969Z   pickleshare                    0.7.5                py_1003                  conda-forge
2025-02-21T14:30:08.9236336Z   pillow                         10.3.0               py312hdcec9eb_0          conda-forge
2025-02-21T14:30:08.9236786Z   pip                            24.0                 pyhd8ed1ab_0             conda-forge
2025-02-21T14:30:08.9237127Z   pixman                         0.43.2               h59595ed_0               conda-forge
2025-02-21T14:30:08.9237519Z   pkgutil-resolve-name           1.3.10               pyhd8ed1ab_1             conda-forge
2025-02-21T14:30:08.9237930Z   platformdirs                   4.2.2                pyhd8ed1ab_0             conda-forge
2025-02-21T14:30:08.9238435Z   plotly                         5.22.0               pyhd8ed1ab_0             conda-forge
2025-02-21T14:30:08.9239028Z   pluggy                         1.5.0                pyhd8ed1ab_0             conda-forge
2025-02-21T14:30:08.9239459Z   prometheus_client              0.20.0               pyhd8ed1ab_0             conda-forge
2025-02-21T14:30:08.9239869Z   prompt-toolkit                 3.0.47               pyha770c72_0             conda-forge
2025-02-21T14:30:08.9240246Z   psutil                         5.9.8                py312h98912ed_0          conda-forge
2025-02-21T14:30:08.9240607Z   pthread-stubs                  0.4                  h36c2ea0_1001            conda-forge
2025-02-21T14:30:08.9240991Z   ptyprocess                     0.7.0                pyhd3deb0d_0             conda-forge
2025-02-21T14:30:08.9241358Z   pure_eval                      0.2.2                pyhd8ed1ab_0             conda-forge
2025-02-21T14:30:08.9241725Z   py-cpuinfo                     9.0.0                pyhd8ed1ab_0             conda-forge
2025-02-21T14:30:08.9242083Z   pybtex                         0.24.0               pyhd8ed1ab_2             conda-forge
2025-02-21T14:30:08.9242459Z   pybtex-docutils                1.0.3                py312h7900ff3_1          conda-forge
2025-02-21T14:30:08.9242857Z   pycparser                      2.22                 pyhd8ed1ab_0             conda-forge
2025-02-21T14:30:08.9243213Z   pyerfa                         2.0.1.4              py312h085067d_1          conda-forge
2025-02-21T14:30:08.9243573Z   pygments                       2.18.0               pyhd8ed1ab_0             conda-forge
2025-02-21T14:30:08.9243939Z   pygraphviz                     1.13                 py312h4a1d8a7_1          conda-forge
2025-02-21T14:30:08.9244307Z   pyparsing                      3.1.2                pyhd8ed1ab_0             conda-forge
2025-02-21T14:30:08.9244667Z   pysocks                        1.7.1                pyha2e5f31_6             conda-forge
2025-02-21T14:30:08.9245170Z   pytables                       3.9.2                py312h96d95ec_2          conda-forge
2025-02-21T14:30:08.9245523Z   pytest                         8.2.2                pyhd8ed1ab_0             conda-forge
2025-02-21T14:30:08.9245881Z   pytest-cov                     5.0.0                pyhd8ed1ab_0             conda-forge
2025-02-21T14:30:08.9246281Z   pytest-doctestplus             1.2.1                pyhd8ed1ab_0             conda-forge
2025-02-21T14:30:08.9246687Z   pytest-html                    4.1.1                pyhd8ed1ab_0             conda-forge
2025-02-21T14:30:08.9247080Z   pytest-metadata                3.1.1                pyhd8ed1ab_0             conda-forge
2025-02-21T14:30:08.9247465Z   python                         3.12.4               h194c7f8_0_cpython       conda-forge
2025-02-21T14:30:08.9247845Z   python-dateutil                2.9.0                pyhd8ed1ab_0             conda-forge
2025-02-21T14:30:08.9248277Z   python-fastjsonschema          2.20.0               pyhd8ed1ab_0             conda-forge
2025-02-21T14:30:08.9248917Z   python-json-logger             2.0.7                pyhd8ed1ab_0             conda-forge
2025-02-21T14:30:08.9249337Z   python-tzdata                  2024.1               pyhd8ed1ab_0             conda-forge
2025-02-21T14:30:08.9249715Z   python_abi                     3.12                 4_cp312                  conda-forge
2025-02-21T14:30:08.9250066Z   pytz                           2024.1               pyhd8ed1ab_0             conda-forge
2025-02-21T14:30:08.9250531Z   pyyaml                         6.0.1                py312h98912ed_1          conda-forge
2025-02-21T14:30:08.9250871Z   pyzmq                          26.0.3               py312h8fd38d8_0          conda-forge
2025-02-21T14:30:08.9251211Z   qgrid                          1.3.1                pyhd8ed1ab_4             conda-forge
2025-02-21T14:30:08.9251588Z   radioactivedecay               0.5.1                pyhd8ed1ab_0             conda-forge
2025-02-21T14:30:08.9251970Z   readline                       8.2                  h8228510_1               conda-forge
2025-02-21T14:30:08.9252331Z   recommonmark                   0.7.1                pyhd8ed1ab_0             conda-forge
2025-02-21T14:30:08.9252711Z   referencing                    0.35.1               pyhd8ed1ab_0             conda-forge
2025-02-21T14:30:08.9253086Z   requests                       2.32.3               pyhd8ed1ab_0             conda-forge
2025-02-21T14:30:08.9253480Z   rfc3339-validator              0.1.4                pyhd8ed1ab_0             conda-forge
2025-02-21T14:30:08.9253889Z   rfc3986-validator              0.1.1                pyh9f0ad1d_0             conda-forge
2025-02-21T14:30:08.9254269Z   rpds-py                        0.18.1               py312h4413252_0          conda-forge
2025-02-21T14:30:08.9254608Z   ruff                           0.4.9                py312h5715c7c_0          conda-forge
2025-02-21T14:30:08.9254975Z   scipy                          1.13.1               py312hc2bc53b_0          conda-forge
2025-02-21T14:30:08.9255338Z   send2trash                     1.8.3                pyh0d859eb_0             conda-forge
2025-02-21T14:30:08.9255711Z   setuptools                     70.0.0               pyhd8ed1ab_0             conda-forge
2025-02-21T14:30:08.9256094Z   setuptools-scm                 8.1.0                pyhd8ed1ab_0             conda-forge
2025-02-21T14:30:08.9256483Z   setuptools_scm                 8.1.0                hd8ed1ab_0               conda-forge
2025-02-21T14:30:08.9256843Z   six                            1.16.0               pyh6c4a22f_0             conda-forge
2025-02-21T14:30:08.9257185Z   snakeviz                       2.2.0                pyhd8ed1ab_0             conda-forge
2025-02-21T14:30:08.9257535Z   snappy                         1.2.0                hdb0a2a9_1               conda-forge
2025-02-21T14:30:08.9257883Z   sniffio                        1.3.1                pyhd8ed1ab_0             conda-forge
2025-02-21T14:30:08.9258568Z   snowballstemmer                2.2.0                pyhd8ed1ab_0             conda-forge
2025-02-21T14:30:08.9258959Z   soupsieve                      2.5                  pyhd8ed1ab_1             conda-forge
2025-02-21T14:30:08.9259313Z   sphinx                         7.3.7                pyhd8ed1ab_0             conda-forge
2025-02-21T14:30:08.9259686Z   sphinx-astropy                 1.9.1                pyhd8ed1ab_0             conda-forge
2025-02-21T14:30:08.9260101Z   sphinx-automodapi              0.17.0               pyh717bed2_1             conda-forge
2025-02-21T14:30:08.9260506Z   sphinx-gallery                 0.16.0               pyhd8ed1ab_0             conda-forge
2025-02-21T14:30:08.9260908Z   sphinx-jsonschema              1.19.1               pyhd8ed1ab_0             conda-forge
2025-02-21T14:30:08.9261326Z   sphinx_bootstrap_theme         0.8.1                pyhd8ed1ab_0             conda-forge
2025-02-21T14:30:08.9261741Z   sphinx_rtd_theme               2.0.0                pyha770c72_0             conda-forge
2025-02-21T14:30:08.9262149Z   sphinxcontrib-apidoc           0.3.0                py_1                     conda-forge
2025-02-21T14:30:08.9262596Z   sphinxcontrib-applehelp        1.0.8                pyhd8ed1ab_0             conda-forge
2025-02-21T14:30:08.9263051Z   sphinxcontrib-bibtex           2.6.2                pyhd8ed1ab_0             conda-forge
2025-02-21T14:30:08.9263488Z   sphinxcontrib-devhelp          1.0.6                pyhd8ed1ab_0             conda-forge
2025-02-21T14:30:08.9264070Z   sphinxcontrib-htmlhelp         2.0.5                pyhd8ed1ab_0             conda-forge
2025-02-21T14:30:08.9264512Z   sphinxcontrib-jquery           4.1                  pyhd8ed1ab_0             conda-forge
2025-02-21T14:30:08.9264944Z   sphinxcontrib-jsmath           1.0.1                pyhd8ed1ab_0             conda-forge
2025-02-21T14:30:08.9265375Z   sphinxcontrib-qthelp           1.0.7                pyhd8ed1ab_0             conda-forge
2025-02-21T14:30:08.9265853Z   sphinxcontrib-serializinghtml  1.1.10               pyhd8ed1ab_0             conda-forge
2025-02-21T14:30:08.9266293Z   stack_data                     0.6.2                pyhd8ed1ab_0             conda-forge
2025-02-21T14:30:08.9266648Z   sympy                          1.12.1               pypyh2585a3b_103         conda-forge
2025-02-21T14:30:08.9266998Z   tabulate                       0.9.0                pyhd8ed1ab_1             conda-forge
2025-02-21T14:30:08.9267357Z   tenacity                       8.4.1                pyhd8ed1ab_0             conda-forge
2025-02-21T14:30:08.9267717Z   terminado                      0.18.1               pyh0d859eb_0             conda-forge
2025-02-21T14:30:08.9268082Z   tinycss2                       1.3.0                pyhd8ed1ab_0             conda-forge
2025-02-21T14:30:08.9268580Z   tk                             8.6.13               noxft_h4845f30_101       conda-forge
2025-02-21T14:30:08.9268909Z   toml                           0.10.2               pyhd8ed1ab_0             conda-forge
2025-02-21T14:30:08.9269246Z   tomli                          2.0.1                pyhd8ed1ab_0             conda-forge
2025-02-21T14:30:08.9269589Z   tornado                        6.4.1                py312h9a8786e_0          conda-forge
2025-02-21T14:30:08.9269928Z   tqdm                           4.66.4               pyhd8ed1ab_0             conda-forge
2025-02-21T14:30:08.9270275Z   traitlets                      5.14.3               pyhd8ed1ab_0             conda-forge
2025-02-21T14:30:08.9270642Z   typed-ast                      1.5.5                py312h98912ed_1          conda-forge
2025-02-21T14:30:08.9271053Z   types-python-dateutil          2.9.0.20240316       pyhd8ed1ab_0             conda-forge
2025-02-21T14:30:08.9271495Z   typing-extensions              4.12.2               hd8ed1ab_0               conda-forge
2025-02-21T14:30:08.9271907Z   typing_extensions              4.12.2               pyha770c72_0             conda-forge
2025-02-21T14:30:08.9272422Z   typing_utils                   0.1.0                pyhd8ed1ab_0             conda-forge
2025-02-21T14:30:08.9272783Z   tzdata                         2024a                h0c530f3_0               conda-forge
2025-02-21T14:30:08.9273146Z   uri-template                   1.3.0                pyhd8ed1ab_0             conda-forge
2025-02-21T14:30:08.9273508Z   urllib3                        2.2.2                pyhd8ed1ab_0             conda-forge
2025-02-21T14:30:08.9273862Z   wcwidth                        0.2.13               pyhd8ed1ab_0             conda-forge
2025-02-21T14:30:08.9274222Z   webcolors                      24.6.0               pyhd8ed1ab_0             conda-forge
2025-02-21T14:30:08.9274596Z   webencodings                   0.5.1                pyhd8ed1ab_2             conda-forge
2025-02-21T14:30:08.9274992Z   websocket-client               1.8.0                pyhd8ed1ab_0             conda-forge
2025-02-21T14:30:08.9275366Z   wheel                          0.43.0               pyhd8ed1ab_1             conda-forge
2025-02-21T14:30:08.9275749Z   widgetsnbextension             3.6.6                pyhd8ed1ab_0             conda-forge
2025-02-21T14:30:08.9276149Z   xorg-kbproto                   1.0.7                h7f98852_1002            conda-forge
2025-02-21T14:30:08.9276527Z   xorg-libice                    1.1.1                hd590300_0               conda-forge
2025-02-21T14:30:08.9276886Z   xorg-libsm                     1.2.4                h7391055_0               conda-forge
2025-02-21T14:30:08.9277366Z   xorg-libx11                    1.8.9                h8ee46fc_0               conda-forge
2025-02-21T14:30:08.9277728Z   xorg-libxau                    1.0.11               hd590300_0               conda-forge
2025-02-21T14:30:08.9278105Z   xorg-libxdmcp                  1.1.3                h7f98852_0               conda-forge
2025-02-21T14:30:08.9278669Z   xorg-libxext                   1.3.4                h0b41bf4_2               conda-forge
2025-02-21T14:30:08.9279065Z   xorg-libxrender                0.9.11               hd590300_0               conda-forge
2025-02-21T14:30:08.9279471Z   xorg-renderproto               0.11.1               h7f98852_1002            conda-forge
2025-02-21T14:30:08.9279868Z   xorg-xextproto                 7.3.0                h0b41bf4_1003            conda-forge
2025-02-21T14:30:08.9280245Z   xorg-xproto                    7.0.31               h7f98852_1007            conda-forge
2025-02-21T14:30:08.9280589Z   xz                             5.2.6                h166bdaf_0               conda-forge
2025-02-21T14:30:08.9280917Z   yaml                           0.2.5                h7f98852_2               conda-forge
2025-02-21T14:30:08.9281248Z   zeromq                         4.3.5                h75354e8_4               conda-forge
2025-02-21T14:30:08.9281584Z   zipp                           3.19.2               pyhd8ed1ab_0             conda-forge
2025-02-21T14:30:08.9281917Z   zlib                           1.3.1                h4ab18f5_1               conda-forge
2025-02-21T14:30:08.9282247Z   zlib-ng                        2.0.7                h0b41bf4_0               conda-forge
2025-02-21T14:30:08.9282575Z   zstd                           1.5.6                ha6fb4c9_0               conda-forge
2025-02-21T14:30:08.9283114Z ##[endgroup]
