2025-01-14T12:49:25.4331150Z Prepare all required actions
2025-01-14T12:49:25.4332040Z Getting action download info
2025-01-14T12:49:25.6158100Z Download action repository 'actions/cache@v4' (SHA:1bd1e32a3bdc45362d1e726936510720a7c30a57)
2025-01-14T12:49:25.7683330Z ##[group]Run ./.github/actions/setup_lfs
2025-01-14T12:49:25.7683860Z with:
2025-01-14T12:49:25.7684330Z   regression-data-repo: tardis-sn/tardis-regression-data
2025-01-14T12:49:25.7685170Z env:
2025-01-14T12:49:25.7685590Z   CACHE_NUMBER: 0
2025-01-14T12:49:25.7686610Z   PYTEST_FLAGS: --tardis-regression-data=/Users/runner/work/tardis/tardis/tardis-regression-data --cov=tardis --cov-report=xml --cov-report=html --cov-append
2025-01-14T12:49:25.7687480Z   CODECOV_TOKEN: 
2025-01-14T12:49:25.7689430Z ##[endgroup]
2025-01-14T12:49:25.7913330Z ##[group]Run actions/checkout@v4
2025-01-14T12:49:25.7913850Z with:
2025-01-14T12:49:25.7915650Z   repository: tardis-sn/tardis-regression-data
2025-01-14T12:49:25.7917390Z   path: tardis-regression-data
2025-01-14T12:49:25.7918350Z   token: ***
2025-01-14T12:49:25.7918890Z   ssh-strict: true
2025-01-14T12:49:25.7919380Z   ssh-user: git
2025-01-14T12:49:25.7919830Z   persist-credentials: true
2025-01-14T12:49:25.7920350Z   clean: true
2025-01-14T12:49:25.7920800Z   sparse-checkout-cone-mode: true
2025-01-14T12:49:25.7921760Z   fetch-depth: 1
2025-01-14T12:49:25.7922270Z   fetch-tags: false
2025-01-14T12:49:25.7922720Z   show-progress: true
2025-01-14T12:49:25.7923140Z   lfs: false
2025-01-14T12:49:25.7923550Z   submodules: false
2025-01-14T12:49:25.7923980Z   set-safe-directory: true
2025-01-14T12:49:25.7924420Z env:
2025-01-14T12:49:25.7924810Z   CACHE_NUMBER: 0
2025-01-14T12:49:25.7927030Z   PYTEST_FLAGS: --tardis-regression-data=/Users/runner/work/tardis/tardis/tardis-regression-data --cov=tardis --cov-report=xml --cov-report=html --cov-append
2025-01-14T12:49:25.7927950Z   CODECOV_TOKEN: 
2025-01-14T12:49:25.7928810Z ##[endgroup]
2025-01-14T12:49:26.1160860Z Syncing repository: tardis-sn/tardis-regression-data
2025-01-14T12:49:26.1267130Z ##[group]Getting Git version info
2025-01-14T12:49:26.1375710Z Working directory is '/Users/runner/work/tardis/tardis/tardis-regression-data'
2025-01-14T12:49:26.1579730Z [command]/opt/homebrew/bin/git version
2025-01-14T12:49:26.1679930Z git version 2.47.1
2025-01-14T12:49:26.2084720Z ##[endgroup]
2025-01-14T12:49:26.2313440Z Copying '/Users/runner/.gitconfig' to '/Users/runner/work/_temp/ba604a3d-e125-4b6f-a55e-1f0e13d73422/.gitconfig'
2025-01-14T12:49:26.2414380Z Temporarily overriding HOME='/Users/runner/work/_temp/ba604a3d-e125-4b6f-a55e-1f0e13d73422' before making global git config changes
2025-01-14T12:49:26.2517760Z Adding repository directory to the temporary git global config as a safe directory
2025-01-14T12:49:26.2618910Z [command]/opt/homebrew/bin/git config --global --add safe.directory /Users/runner/work/tardis/tardis/tardis-regression-data
2025-01-14T12:49:26.2923380Z ##[group]Initializing the repository
2025-01-14T12:49:26.3034430Z [command]/opt/homebrew/bin/git init /Users/runner/work/tardis/tardis/tardis-regression-data
2025-01-14T12:49:26.3137420Z hint: Using 'master' as the name for the initial branch. This default branch name
2025-01-14T12:49:26.3239660Z hint: is subject to change. To configure the initial branch name to use in all
2025-01-14T12:49:26.3341540Z hint: of your new repositories, which will suppress this warning, call:
2025-01-14T12:49:26.3363700Z hint:
2025-01-14T12:49:26.3465230Z hint: 	git config --global init.defaultBranch <name>
2025-01-14T12:49:26.3572010Z hint:
2025-01-14T12:49:26.3675400Z hint: Names commonly chosen instead of 'master' are 'main', 'trunk' and
2025-01-14T12:49:26.3777220Z hint: 'development'. The just-created branch can be renamed via this command:
2025-01-14T12:49:26.3873940Z hint:
2025-01-14T12:49:26.3974670Z hint: 	git branch -m <name>
2025-01-14T12:49:26.4015680Z Initialized empty Git repository in /Users/runner/work/tardis/tardis/tardis-regression-data/.git/
2025-01-14T12:49:26.4017380Z [command]/opt/homebrew/bin/git remote add origin https://github.com/tardis-sn/tardis-regression-data
2025-01-14T12:49:26.4046400Z ##[endgroup]
2025-01-14T12:49:26.4047020Z ##[group]Disabling automatic garbage collection
2025-01-14T12:49:26.4060220Z [command]/opt/homebrew/bin/git config --local gc.auto 0
2025-01-14T12:49:26.4308710Z ##[endgroup]
2025-01-14T12:49:26.4351950Z ##[group]Setting up auth
2025-01-14T12:49:26.4394020Z [command]/opt/homebrew/bin/git config --local --name-only --get-regexp core\.sshCommand
2025-01-14T12:49:26.4454810Z [command]/opt/homebrew/bin/git submodule foreach --recursive sh -c "git config --local --name-only --get-regexp 'core\.sshCommand' && git config --local --unset-all 'core.sshCommand' || :"
2025-01-14T12:49:26.4461520Z [command]/opt/homebrew/bin/git config --local --name-only --get-regexp http\.https\:\/\/github\.com\/\.extraheader
2025-01-14T12:49:26.4464150Z [command]/opt/homebrew/bin/git submodule foreach --recursive sh -c "git config --local --name-only --get-regexp 'http\.https\:\/\/github\.com\/\.extraheader' && git config --local --unset-all 'http.https://github.com/.extraheader' || :"
2025-01-14T12:49:26.4465910Z [command]/opt/homebrew/bin/git config --local http.https://github.com/.extraheader AUTHORIZATION: basic ***
2025-01-14T12:49:26.4467530Z ##[endgroup]
2025-01-14T12:49:26.4468010Z ##[group]Determining the default branch
2025-01-14T12:49:26.4468440Z Retrieving the default branch name
2025-01-14T12:49:26.8013610Z Default branch 'main'
2025-01-14T12:49:26.8127530Z ##[endgroup]
2025-01-14T12:49:26.8257130Z ##[group]Fetching the repository
2025-01-14T12:49:26.8410540Z [command]/opt/homebrew/bin/git -c protocol.version=2 fetch --no-tags --prune --no-recurse-submodules --depth=1 origin +refs/heads/main:refs/remotes/origin/main
2025-01-14T12:49:27.8853890Z From https://github.com/tardis-sn/tardis-regression-data
2025-01-14T12:49:27.8953710Z  * [new branch]      main       -> origin/main
2025-01-14T12:49:27.9256630Z ##[endgroup]
2025-01-14T12:49:27.9377070Z ##[group]Determining the checkout info
2025-01-14T12:49:27.9485480Z ##[endgroup]
2025-01-14T12:49:27.9586870Z [command]/opt/homebrew/bin/git sparse-checkout disable
2025-01-14T12:49:27.9891540Z [command]/opt/homebrew/bin/git config --local --unset-all extensions.worktreeConfig
2025-01-14T12:49:27.9904500Z ##[group]Checking out the ref
2025-01-14T12:49:27.9904970Z [command]/opt/homebrew/bin/git checkout --progress --force -B main refs/remotes/origin/main
2025-01-14T12:49:28.2875660Z Switched to a new branch 'main'
2025-01-14T12:49:28.2945290Z branch 'main' set up to track 'origin/main'.
2025-01-14T12:49:28.4450800Z ##[endgroup]
2025-01-14T12:49:28.4546780Z [command]/opt/homebrew/bin/git log -1 --format=%H
2025-01-14T12:49:28.4630740Z fa7729bc9c30e14b69acd641af8b692b56fcd416
2025-01-14T12:49:28.5046430Z ##[group]Run git lfs ls-files -l | cut -d' ' -f1 | sort > .lfs-assets-id
2025-01-14T12:49:28.5046850Z [36;1mgit lfs ls-files -l | cut -d' ' -f1 | sort > .lfs-assets-id[0m
2025-01-14T12:49:28.5109870Z shell: /bin/bash --noprofile --norc -e -o pipefail {0}
2025-01-14T12:49:28.5110150Z env:
2025-01-14T12:49:28.5110310Z   CACHE_NUMBER: 0
2025-01-14T12:49:28.5110790Z   PYTEST_FLAGS: --tardis-regression-data=/Users/runner/work/tardis/tardis/tardis-regression-data --cov=tardis --cov-report=xml --cov-report=html --cov-append
2025-01-14T12:49:28.5111300Z   CODECOV_TOKEN: 
2025-01-14T12:49:28.5111430Z ##[endgroup]
2025-01-14T12:49:28.9971110Z ##[group]Run actions/cache/restore@v4
2025-01-14T12:49:28.9971750Z with:
2025-01-14T12:49:28.9972140Z   path: tardis-regression-data/.git/lfs
2025-01-14T12:49:28.9973010Z   key: macOS-lfs-21f9fa4b6817cc69b9fae3598144724da7828e276a73bd17f47a2a49d9af090a-v1
2025-01-14T12:49:28.9973870Z   enableCrossOsArchive: false
2025-01-14T12:49:28.9974340Z   fail-on-cache-miss: false
2025-01-14T12:49:28.9974820Z   lookup-only: false
2025-01-14T12:49:28.9975200Z env:
2025-01-14T12:49:28.9975550Z   CACHE_NUMBER: 0
2025-01-14T12:49:28.9976800Z   PYTEST_FLAGS: --tardis-regression-data=/Users/runner/work/tardis/tardis/tardis-regression-data --cov=tardis --cov-report=xml --cov-report=html --cov-append
2025-01-14T12:49:28.9978890Z   CODECOV_TOKEN: 
2025-01-14T12:49:28.9979810Z ##[endgroup]
2025-01-14T12:49:30.7789040Z Received 29360128 of 1706796060 (1.7%), 28.0 MBs/sec
2025-01-14T12:49:31.7796340Z Received 79691776 of 1706796060 (4.7%), 37.9 MBs/sec
2025-01-14T12:49:32.7799550Z Received 142606336 of 1706796060 (8.4%), 45.3 MBs/sec
2025-01-14T12:49:33.7797380Z Received 188743680 of 1706796060 (11.1%), 45.0 MBs/sec
2025-01-14T12:49:34.7798280Z Received 255852544 of 1706796060 (15.0%), 48.8 MBs/sec
2025-01-14T12:49:35.7800760Z Received 343932928 of 1706796060 (20.2%), 54.6 MBs/sec
2025-01-14T12:49:36.7797090Z Received 411041792 of 1706796060 (24.1%), 56.0 MBs/sec
2025-01-14T12:49:37.7794680Z Received 486539264 of 1706796060 (28.5%), 58.0 MBs/sec
2025-01-14T12:49:38.7807890Z Received 566231040 of 1706796060 (33.2%), 60.0 MBs/sec
2025-01-14T12:49:39.7812000Z Received 637534208 of 1706796060 (37.4%), 60.8 MBs/sec
2025-01-14T12:49:40.7817730Z Received 717225984 of 1706796060 (42.0%), 62.2 MBs/sec
2025-01-14T12:49:41.7813700Z Received 792723456 of 1706796060 (46.4%), 63.0 MBs/sec
2025-01-14T12:49:42.7817070Z Received 868220928 of 1706796060 (50.9%), 63.7 MBs/sec
2025-01-14T12:49:43.7817030Z Received 935329792 of 1706796060 (54.8%), 63.7 MBs/sec
2025-01-14T12:49:44.7815790Z Received 1010827264 of 1706796060 (59.2%), 64.2 MBs/sec
2025-01-14T12:49:45.7821990Z Received 1090519040 of 1706796060 (63.9%), 65.0 MBs/sec
2025-01-14T12:49:46.7820490Z Received 1174405120 of 1706796060 (68.8%), 65.9 MBs/sec
2025-01-14T12:49:47.7818950Z Received 1249902592 of 1706796060 (73.2%), 66.2 MBs/sec
2025-01-14T12:49:48.7853410Z Received 1300234240 of 1706796060 (76.2%), 65.2 MBs/sec
2025-01-14T12:49:49.7857490Z Received 1371537408 of 1706796060 (80.4%), 65.4 MBs/sec
2025-01-14T12:49:50.7864170Z Received 1442840576 of 1706796060 (84.5%), 65.5 MBs/sec
2025-01-14T12:49:51.7869060Z Received 1518338048 of 1706796060 (89.0%), 65.8 MBs/sec
2025-01-14T12:49:52.7866030Z Received 1598029824 of 1706796060 (93.6%), 66.2 MBs/sec
2025-01-14T12:49:53.7881320Z Received 1694498816 of 1706796060 (99.3%), 67.3 MBs/sec
2025-01-14T12:49:54.0421610Z Cache Size: ~1628 MB (1706796060 B)
2025-01-14T12:49:54.0842990Z [command]/opt/homebrew/bin/gtar -xf /Users/runner/work/_temp/0a9c0695-3cc2-4db0-8893-ba6cd933070c/cache.tzst -P -C /Users/runner/work/tardis/tardis --delay-directory-restore --use-compress-program unzstd
2025-01-14T12:49:54.7911510Z Received 1706796060 of 1706796060 (100.0%), 65.1 MBs/sec
2025-01-14T12:50:00.6826300Z Cache restored successfully
2025-01-14T12:50:00.7723950Z Cache restored from key: macOS-lfs-21f9fa4b6817cc69b9fae3598144724da7828e276a73bd17f47a2a49d9af090a-v1
2025-01-14T12:50:00.7929150Z ##[group]Run git lfs checkout
2025-01-14T12:50:00.7929680Z [36;1mgit lfs checkout[0m
2025-01-14T12:50:00.8016740Z shell: /bin/bash --noprofile --norc -e -o pipefail {0}
2025-01-14T12:50:00.8017170Z env:
2025-01-14T12:50:00.8017280Z   CACHE_NUMBER: 0
2025-01-14T12:50:00.8017820Z   PYTEST_FLAGS: --tardis-regression-data=/Users/runner/work/tardis/tardis/tardis-regression-data --cov=tardis --cov-report=xml --cov-report=html --cov-append
2025-01-14T12:50:00.8018380Z   CODECOV_TOKEN: 
2025-01-14T12:50:00.8018570Z ##[endgroup]
2025-01-14T12:50:08.2333060Z Checking out LFS objects: 100% (204/204), 3.5 GB | 364 MB/s, done.
