2025-01-07T17:18:14.2969210Z Prepare all required actions
2025-01-07T17:18:14.2969650Z Getting action download info
2025-01-07T17:18:14.4500790Z Download action repository 'actions/cache@v4' (SHA:1bd1e32a3bdc45362d1e726936510720a7c30a57)
2025-01-07T17:18:15.5733410Z ##[group]Run ./.github/actions/setup_lfs
2025-01-07T17:18:15.5733720Z with:
2025-01-07T17:18:15.5733910Z   regression-data-repo: tardis-sn/tardis-regression-data
2025-01-07T17:18:15.5734120Z env:
2025-01-07T17:18:15.5734230Z   CACHE_NUMBER: 0
2025-01-07T17:18:15.5734660Z   PYTEST_FLAGS: --tardis-regression-data=/Users/runner/work/tardis/tardis/tardis-regression-data --cov=tardis --cov-report=xml --cov-report=html --cov-append
2025-01-07T17:18:15.5735120Z   CODECOV_TOKEN: 
2025-01-07T17:18:15.5735270Z ##[endgroup]
2025-01-07T17:18:15.5824670Z ##[group]Run actions/checkout@v4
2025-01-07T17:18:15.5824840Z with:
2025-01-07T17:18:15.5825000Z   repository: tardis-sn/tardis-regression-data
2025-01-07T17:18:15.5825200Z   path: tardis-regression-data
2025-01-07T17:18:15.5825470Z   token: ***
2025-01-07T17:18:15.5825630Z   ssh-strict: true
2025-01-07T17:18:15.5825780Z   ssh-user: git
2025-01-07T17:18:15.5825910Z   persist-credentials: true
2025-01-07T17:18:15.5826160Z   clean: true
2025-01-07T17:18:15.5826290Z   sparse-checkout-cone-mode: true
2025-01-07T17:18:15.5826450Z   fetch-depth: 1
2025-01-07T17:18:15.5826580Z   fetch-tags: false
2025-01-07T17:18:15.5826710Z   show-progress: true
2025-01-07T17:18:15.5826840Z   lfs: false
2025-01-07T17:18:15.5826950Z   submodules: false
2025-01-07T17:18:15.5827090Z   set-safe-directory: true
2025-01-07T17:18:15.5827230Z env:
2025-01-07T17:18:15.5827330Z   CACHE_NUMBER: 0
2025-01-07T17:18:15.5827770Z   PYTEST_FLAGS: --tardis-regression-data=/Users/runner/work/tardis/tardis/tardis-regression-data --cov=tardis --cov-report=xml --cov-report=html --cov-append
2025-01-07T17:18:15.5828220Z   CODECOV_TOKEN: 
2025-01-07T17:18:15.5828340Z ##[endgroup]
2025-01-07T17:18:15.7143330Z Syncing repository: tardis-sn/tardis-regression-data
2025-01-07T17:18:15.7143920Z ##[group]Getting Git version info
2025-01-07T17:18:15.7144300Z Working directory is '/Users/runner/work/tardis/tardis/tardis-regression-data'
2025-01-07T17:18:15.7144870Z [command]/opt/homebrew/bin/git version
2025-01-07T17:18:15.7145140Z git version 2.47.1
2025-01-07T17:18:15.7145940Z ##[endgroup]
2025-01-07T17:18:15.7146890Z Copying '/Users/runner/.gitconfig' to '/Users/runner/work/_temp/07d740a5-b1e0-4e53-af5a-2ff669ae3ff3/.gitconfig'
2025-01-07T17:18:15.7148300Z Temporarily overriding HOME='/Users/runner/work/_temp/07d740a5-b1e0-4e53-af5a-2ff669ae3ff3' before making global git config changes
2025-01-07T17:18:15.7149000Z Adding repository directory to the temporary git global config as a safe directory
2025-01-07T17:18:15.7149630Z [command]/opt/homebrew/bin/git config --global --add safe.directory /Users/runner/work/tardis/tardis/tardis-regression-data
2025-01-07T17:18:15.7150620Z ##[group]Initializing the repository
2025-01-07T17:18:15.7151030Z [command]/opt/homebrew/bin/git init /Users/runner/work/tardis/tardis/tardis-regression-data
2025-01-07T17:18:15.7151550Z hint: Using 'master' as the name for the initial branch. This default branch name
2025-01-07T17:18:15.7152020Z hint: is subject to change. To configure the initial branch name to use in all
2025-01-07T17:18:15.7152450Z hint: of your new repositories, which will suppress this warning, call:
2025-01-07T17:18:15.7152790Z hint:
2025-01-07T17:18:15.7153030Z hint: 	git config --global init.defaultBranch <name>
2025-01-07T17:18:15.7153310Z hint:
2025-01-07T17:18:15.7153600Z hint: Names commonly chosen instead of 'master' are 'main', 'trunk' and
2025-01-07T17:18:15.7154050Z hint: 'development'. The just-created branch can be renamed via this command:
2025-01-07T17:18:15.7154390Z hint:
2025-01-07T17:18:15.7154590Z hint: 	git branch -m <name>
2025-01-07T17:18:15.7155000Z Initialized empty Git repository in /Users/runner/work/tardis/tardis/tardis-regression-data/.git/
2025-01-07T17:18:15.7189460Z [command]/opt/homebrew/bin/git remote add origin https://github.com/tardis-sn/tardis-regression-data
2025-01-07T17:18:15.7191100Z ##[endgroup]
2025-01-07T17:18:15.7191490Z ##[group]Disabling automatic garbage collection
2025-01-07T17:18:15.7192090Z [command]/opt/homebrew/bin/git config --local gc.auto 0
2025-01-07T17:18:15.7192990Z ##[endgroup]
2025-01-07T17:18:15.7193350Z ##[group]Setting up auth
2025-01-07T17:18:15.7193750Z [command]/opt/homebrew/bin/git config --local --name-only --get-regexp core\.sshCommand
2025-01-07T17:18:15.7220550Z [command]/opt/homebrew/bin/git submodule foreach --recursive sh -c "git config --local --name-only --get-regexp 'core\.sshCommand' && git config --local --unset-all 'core.sshCommand' || :"
2025-01-07T17:18:15.7722620Z [command]/opt/homebrew/bin/git config --local --name-only --get-regexp http\.https\:\/\/github\.com\/\.extraheader
2025-01-07T17:18:15.7758600Z [command]/opt/homebrew/bin/git submodule foreach --recursive sh -c "git config --local --name-only --get-regexp 'http\.https\:\/\/github\.com\/\.extraheader' && git config --local --unset-all 'http.https://github.com/.extraheader' || :"
2025-01-07T17:18:15.8202560Z [command]/opt/homebrew/bin/git config --local http.https://github.com/.extraheader AUTHORIZATION: basic ***
2025-01-07T17:18:15.8246220Z ##[endgroup]
2025-01-07T17:18:15.8246540Z ##[group]Determining the default branch
2025-01-07T17:18:15.8247760Z Retrieving the default branch name
2025-01-07T17:18:16.2270510Z Default branch 'main'
2025-01-07T17:18:16.2273360Z ##[endgroup]
2025-01-07T17:18:16.2280590Z ##[group]Fetching the repository
2025-01-07T17:18:16.2314630Z [command]/opt/homebrew/bin/git -c protocol.version=2 fetch --no-tags --prune --no-recurse-submodules --depth=1 origin +refs/heads/main:refs/remotes/origin/main
2025-01-07T17:18:17.1845730Z From https://github.com/tardis-sn/tardis-regression-data
2025-01-07T17:18:17.1862300Z  * [new branch]      main       -> origin/main
2025-01-07T17:18:17.1936560Z ##[endgroup]
2025-01-07T17:18:17.1937010Z ##[group]Determining the checkout info
2025-01-07T17:18:17.1937400Z ##[endgroup]
2025-01-07T17:18:17.1938000Z [command]/opt/homebrew/bin/git sparse-checkout disable
2025-01-07T17:18:17.2009090Z [command]/opt/homebrew/bin/git config --local --unset-all extensions.worktreeConfig
2025-01-07T17:18:17.2043300Z ##[group]Checking out the ref
2025-01-07T17:18:17.2043780Z [command]/opt/homebrew/bin/git checkout --progress --force -B main refs/remotes/origin/main
2025-01-07T17:18:17.3946140Z Switched to a new branch 'main'
2025-01-07T17:18:17.3947520Z branch 'main' set up to track 'origin/main'.
2025-01-07T17:18:17.4504190Z ##[endgroup]
2025-01-07T17:18:17.4554000Z [command]/opt/homebrew/bin/git log -1 --format=%H
2025-01-07T17:18:17.4587920Z 666ab8501c2b2aea30d05b8822e7ddbfca078d23
2025-01-07T17:18:17.4669770Z ##[group]Run git lfs ls-files -l | cut -d' ' -f1 | sort > .lfs-assets-id
2025-01-07T17:18:17.4670150Z [36;1mgit lfs ls-files -l | cut -d' ' -f1 | sort > .lfs-assets-id[0m
2025-01-07T17:18:17.4726840Z shell: /bin/bash --noprofile --norc -e -o pipefail {0}
2025-01-07T17:18:17.4727100Z env:
2025-01-07T17:18:17.4727240Z   CACHE_NUMBER: 0
2025-01-07T17:18:17.4727700Z   PYTEST_FLAGS: --tardis-regression-data=/Users/runner/work/tardis/tardis/tardis-regression-data --cov=tardis --cov-report=xml --cov-report=html --cov-append
2025-01-07T17:18:17.4728220Z   CODECOV_TOKEN: 
2025-01-07T17:18:17.4728360Z ##[endgroup]
2025-01-07T17:18:17.7532290Z ##[group]Run actions/cache/restore@v4
2025-01-07T17:18:17.7532620Z with:
2025-01-07T17:18:17.7532780Z   path: tardis-regression-data/.git/lfs
2025-01-07T17:18:17.7533150Z   key: macOS-lfs-21f9fa4b6817cc69b9fae3598144724da7828e276a73bd17f47a2a49d9af090a-v1
2025-01-07T17:18:17.7533490Z   enableCrossOsArchive: false
2025-01-07T17:18:17.7533680Z   fail-on-cache-miss: false
2025-01-07T17:18:17.7533840Z   lookup-only: false
2025-01-07T17:18:17.7533980Z env:
2025-01-07T17:18:17.7534110Z   CACHE_NUMBER: 0
2025-01-07T17:18:17.7534560Z   PYTEST_FLAGS: --tardis-regression-data=/Users/runner/work/tardis/tardis/tardis-regression-data --cov=tardis --cov-report=xml --cov-report=html --cov-append
2025-01-07T17:18:17.7535330Z   CODECOV_TOKEN: 
2025-01-07T17:18:17.7535480Z ##[endgroup]
2025-01-07T17:18:19.3161690Z Received 46137344 of 1706796060 (2.7%), 43.3 MBs/sec
2025-01-07T17:18:20.3034960Z Received 130023424 of 1706796060 (7.6%), 61.1 MBs/sec
2025-01-07T17:18:21.3042340Z Received 205520896 of 1706796060 (12.0%), 64.7 MBs/sec
2025-01-07T17:18:22.3046910Z Received 285212672 of 1706796060 (16.7%), 67.5 MBs/sec
2025-01-07T17:18:23.3047720Z Received 373293056 of 1706796060 (21.9%), 70.8 MBs/sec
2025-01-07T17:18:24.3054370Z Received 436207616 of 1706796060 (25.6%), 69.0 MBs/sec
2025-01-07T17:18:25.3063940Z Received 511705088 of 1706796060 (30.0%), 69.4 MBs/sec
2025-01-07T17:18:26.3073290Z Received 599785472 of 1706796060 (35.1%), 71.2 MBs/sec
2025-01-07T17:18:27.3156620Z Received 683671552 of 1706796060 (40.1%), 72.1 MBs/sec
2025-01-07T17:18:28.3144430Z Received 763363328 of 1706796060 (44.7%), 72.5 MBs/sec
2025-01-07T17:18:29.3151540Z Received 855638016 of 1706796060 (50.1%), 73.9 MBs/sec
2025-01-07T17:18:30.3154820Z Received 931135488 of 1706796060 (54.6%), 73.8 MBs/sec
2025-01-07T17:18:31.3157920Z Received 1019215872 of 1706796060 (59.7%), 74.5 MBs/sec
2025-01-07T17:18:32.3165560Z Received 1090519040 of 1706796060 (63.9%), 74.1 MBs/sec
2025-01-07T17:18:33.3166850Z Received 1170210816 of 1706796060 (68.6%), 74.2 MBs/sec
2025-01-07T17:18:34.3207310Z Received 1275068416 of 1706796060 (74.7%), 75.8 MBs/sec
2025-01-07T17:18:35.3207930Z Received 1379926016 of 1706796060 (80.8%), 77.2 MBs/sec
2025-01-07T17:18:36.3212060Z Received 1476395008 of 1706796060 (86.5%), 78.0 MBs/sec
2025-01-07T17:18:37.3230210Z Received 1572864000 of 1706796060 (92.2%), 78.8 MBs/sec
2025-01-07T17:18:38.3338650Z Received 1648361472 of 1706796060 (96.6%), 78.4 MBs/sec
2025-01-07T17:18:39.3273760Z Received 1706796060 of 1706796060 (100.0%), 77.3 MBs/sec
2025-01-07T17:18:39.3366900Z Cache Size: ~1628 MB (1706796060 B)
2025-01-07T17:18:39.3536490Z [command]/opt/homebrew/bin/gtar -xf /Users/runner/work/_temp/4b3172c5-f120-47ff-b44b-f6b6ce4de1c8/cache.tzst -P -C /Users/runner/work/tardis/tardis --delay-directory-restore --use-compress-program unzstd
2025-01-07T17:18:47.7546770Z Cache restored successfully
2025-01-07T17:18:47.8369330Z Cache restored from key: macOS-lfs-21f9fa4b6817cc69b9fae3598144724da7828e276a73bd17f47a2a49d9af090a-v1
2025-01-07T17:18:47.8765510Z ##[group]Run git lfs checkout
2025-01-07T17:18:47.8766170Z [36;1mgit lfs checkout[0m
2025-01-07T17:18:47.8902990Z shell: /bin/bash --noprofile --norc -e -o pipefail {0}
2025-01-07T17:18:47.8903410Z env:
2025-01-07T17:18:47.8903610Z   CACHE_NUMBER: 0
2025-01-07T17:18:47.8904150Z   PYTEST_FLAGS: --tardis-regression-data=/Users/runner/work/tardis/tardis/tardis-regression-data --cov=tardis --cov-report=xml --cov-report=html --cov-append
2025-01-07T17:18:47.8904770Z   CODECOV_TOKEN: 
2025-01-07T17:18:47.8904970Z ##[endgroup]
2025-01-07T17:18:58.6275250Z Checking out LFS objects: 100% (204/204), 3.5 GB | 260 MB/s, done.
