2025-02-19T21:36:04.9334220Z Prepare all required actions
2025-02-19T21:36:04.9335290Z Getting action download info
2025-02-19T21:36:05.0998470Z ##[group]Download immutable action package 'actions/cache@v4'
2025-02-19T21:36:05.0999490Z Version: 4.2.1
2025-02-19T21:36:05.1000410Z Digest: sha256:b0404c9628d43aa6855629075b28f32cadf8efc5c26198438149f78500112940
2025-02-19T21:36:05.1001700Z Source commit SHA: 0c907a75c2c80ebcb7f088228285e798b750cf8f
2025-02-19T21:36:05.1002610Z ##[endgroup]
2025-02-19T21:36:05.7479830Z ##[group]Run ./.github/actions/setup_lfs
2025-02-19T21:36:05.7480460Z with:
2025-02-19T21:36:05.7480980Z   regression-data-repo: tardis-sn/tardis-regression-data
2025-02-19T21:36:05.7481580Z   atom-data-sparse: false
2025-02-19T21:36:05.7482060Z env:
2025-02-19T21:36:05.7482500Z   CACHE_NUMBER: 0
2025-02-19T21:36:05.7483430Z   PYTEST_FLAGS: --tardis-regression-data=/Users/runner/work/tardis/tardis/tardis-regression-data --cov=tardis --cov-report=xml --cov-report=html --cov-append
2025-02-19T21:36:05.7484400Z   CODECOV_TOKEN: 
2025-02-19T21:36:05.7484910Z ##[endgroup]
2025-02-19T21:36:05.7627250Z ##[group]Run actions/checkout@v4
2025-02-19T21:36:05.7627800Z with:
2025-02-19T21:36:05.7628280Z   repository: tardis-sn/tardis-regression-data
2025-02-19T21:36:05.7628840Z   path: tardis-regression-data
2025-02-19T21:36:05.7629340Z   lfs: false
2025-02-19T21:36:05.7630040Z   token: ***
2025-02-19T21:36:05.7630490Z   ssh-strict: true
2025-02-19T21:36:05.7630940Z   ssh-user: git
2025-02-19T21:36:05.7631410Z   persist-credentials: true
2025-02-19T21:36:05.7631880Z   clean: true
2025-02-19T21:36:05.7632320Z   sparse-checkout-cone-mode: true
2025-02-19T21:36:05.7632800Z   fetch-depth: 1
2025-02-19T21:36:05.7633270Z   fetch-tags: false
2025-02-19T21:36:05.7633710Z   show-progress: true
2025-02-19T21:36:05.7634150Z   submodules: false
2025-02-19T21:36:05.7634600Z   set-safe-directory: true
2025-02-19T21:36:05.7635070Z env:
2025-02-19T21:36:05.7635470Z   CACHE_NUMBER: 0
2025-02-19T21:36:05.7636340Z   PYTEST_FLAGS: --tardis-regression-data=/Users/runner/work/tardis/tardis/tardis-regression-data --cov=tardis --cov-report=xml --cov-report=html --cov-append
2025-02-19T21:36:05.7637280Z   CODECOV_TOKEN: 
2025-02-19T21:36:05.7637720Z ##[endgroup]
2025-02-19T21:36:05.8673870Z Syncing repository: tardis-sn/tardis-regression-data
2025-02-19T21:36:05.8676770Z ##[group]Getting Git version info
2025-02-19T21:36:05.8677540Z Working directory is '/Users/runner/work/tardis/tardis/tardis-regression-data'
2025-02-19T21:36:05.8704360Z [command]/opt/homebrew/bin/git version
2025-02-19T21:36:05.8750020Z git version 2.48.1
2025-02-19T21:36:05.8764220Z ##[endgroup]
2025-02-19T21:36:05.8769850Z Copying '/Users/runner/.gitconfig' to '/Users/runner/work/_temp/95bee543-a86b-4ba2-9995-5edefc0af8ae/.gitconfig'
2025-02-19T21:36:05.8776020Z Temporarily overriding HOME='/Users/runner/work/_temp/95bee543-a86b-4ba2-9995-5edefc0af8ae' before making global git config changes
2025-02-19T21:36:05.8777180Z Adding repository directory to the temporary git global config as a safe directory
2025-02-19T21:36:05.8779500Z [command]/opt/homebrew/bin/git config --global --add safe.directory /Users/runner/work/tardis/tardis/tardis-regression-data
2025-02-19T21:36:05.8828320Z ##[group]Initializing the repository
2025-02-19T21:36:05.8831440Z [command]/opt/homebrew/bin/git init /Users/runner/work/tardis/tardis/tardis-regression-data
2025-02-19T21:36:05.8906650Z hint: Using 'master' as the name for the initial branch. This default branch name
2025-02-19T21:36:05.8907750Z hint: is subject to change. To configure the initial branch name to use in all
2025-02-19T21:36:05.8908680Z hint: of your new repositories, which will suppress this warning, call:
2025-02-19T21:36:05.8909730Z hint:
2025-02-19T21:36:05.8910320Z hint: 	git config --global init.defaultBranch <name>
2025-02-19T21:36:05.8910920Z hint:
2025-02-19T21:36:05.8911480Z hint: Names commonly chosen instead of 'master' are 'main', 'trunk' and
2025-02-19T21:36:05.8912370Z hint: 'development'. The just-created branch can be renamed via this command:
2025-02-19T21:36:05.8913480Z hint:
2025-02-19T21:36:05.8913940Z hint: 	git branch -m <name>
2025-02-19T21:36:05.8914670Z Initialized empty Git repository in /Users/runner/work/tardis/tardis/tardis-regression-data/.git/
2025-02-19T21:36:05.8916470Z [command]/opt/homebrew/bin/git remote add origin https://github.com/tardis-sn/tardis-regression-data
2025-02-19T21:36:05.8963540Z ##[endgroup]
2025-02-19T21:36:05.8964380Z ##[group]Disabling automatic garbage collection
2025-02-19T21:36:05.8965920Z [command]/opt/homebrew/bin/git config --local gc.auto 0
2025-02-19T21:36:05.9008870Z ##[endgroup]
2025-02-19T21:36:05.9009650Z ##[group]Setting up auth
2025-02-19T21:36:05.9013470Z [command]/opt/homebrew/bin/git config --local --name-only --get-regexp core\.sshCommand
2025-02-19T21:36:05.9053450Z [command]/opt/homebrew/bin/git submodule foreach --recursive sh -c "git config --local --name-only --get-regexp 'core\.sshCommand' && git config --local --unset-all 'core.sshCommand' || :"
2025-02-19T21:36:05.9574380Z [command]/opt/homebrew/bin/git config --local --name-only --get-regexp http\.https\:\/\/github\.com\/\.extraheader
2025-02-19T21:36:05.9609270Z [command]/opt/homebrew/bin/git submodule foreach --recursive sh -c "git config --local --name-only --get-regexp 'http\.https\:\/\/github\.com\/\.extraheader' && git config --local --unset-all 'http.https://github.com/.extraheader' || :"
2025-02-19T21:36:06.0148560Z [command]/opt/homebrew/bin/git config --local http.https://github.com/.extraheader AUTHORIZATION: basic ***
2025-02-19T21:36:06.0200310Z ##[endgroup]
2025-02-19T21:36:06.0201190Z ##[group]Determining the default branch
2025-02-19T21:36:06.0201790Z Retrieving the default branch name
2025-02-19T21:36:06.4444360Z Default branch 'main'
2025-02-19T21:36:06.4645990Z ##[endgroup]
2025-02-19T21:36:06.4747220Z ##[group]Fetching the repository
2025-02-19T21:36:06.4848750Z [command]/opt/homebrew/bin/git -c protocol.version=2 fetch --no-tags --prune --no-recurse-submodules --depth=1 origin +refs/heads/main:refs/remotes/origin/main
2025-02-19T21:36:07.4346200Z From https://github.com/tardis-sn/tardis-regression-data
2025-02-19T21:36:07.4447750Z  * [new branch]      main       -> origin/main
2025-02-19T21:36:07.4711230Z ##[endgroup]
2025-02-19T21:36:07.4746400Z ##[group]Determining the checkout info
2025-02-19T21:36:07.4763540Z ##[endgroup]
2025-02-19T21:36:07.4770850Z [command]/opt/homebrew/bin/git sparse-checkout disable
2025-02-19T21:36:07.5007600Z [command]/opt/homebrew/bin/git config --local --unset-all extensions.worktreeConfig
2025-02-19T21:36:07.5042360Z ##[group]Checking out the ref
2025-02-19T21:36:07.5051620Z [command]/opt/homebrew/bin/git checkout --progress --force -B main refs/remotes/origin/main
2025-02-19T21:36:07.6878500Z Switched to a new branch 'main'
2025-02-19T21:36:07.6880840Z branch 'main' set up to track 'origin/main'.
2025-02-19T21:36:07.7646210Z ##[endgroup]
2025-02-19T21:36:07.7709310Z [command]/opt/homebrew/bin/git log -1 --format=%H
2025-02-19T21:36:07.7759530Z 84e768462f20f09fbccc05625cdcc1d8ffbe404c
2025-02-19T21:36:07.7848900Z ##[group]Run if [ "false" == "true" ]; then
2025-02-19T21:36:07.7849190Z [36;1mif [ "false" == "true" ]; then[0m
2025-02-19T21:36:07.7849400Z [36;1m  echo "Using atom data sparse checkout"[0m
2025-02-19T21:36:07.7849730Z [36;1m  echo "atom_data/kurucz_cd23_chianti_H_He.h5" > .lfs-files-list[0m
2025-02-19T21:36:07.7850020Z [36;1melse[0m
2025-02-19T21:36:07.7850210Z [36;1m  echo "Using full repository checkout"[0m
2025-02-19T21:36:07.7850500Z [36;1m  git lfs ls-files -l | cut -d' ' -f1 | sort > .lfs-files-list[0m
2025-02-19T21:36:07.7850820Z [36;1mfi[0m
2025-02-19T21:36:07.7912050Z shell: /bin/bash --noprofile --norc -e -o pipefail {0}
2025-02-19T21:36:07.7913940Z env:
2025-02-19T21:36:07.7914120Z   CACHE_NUMBER: 0
2025-02-19T21:36:07.7914600Z   PYTEST_FLAGS: --tardis-regression-data=/Users/runner/work/tardis/tardis/tardis-regression-data --cov=tardis --cov-report=xml --cov-report=html --cov-append
2025-02-19T21:36:07.7915120Z   CODECOV_TOKEN: 
2025-02-19T21:36:07.7915260Z ##[endgroup]
2025-02-19T21:36:07.8271500Z Using full repository checkout
2025-02-19T21:36:08.1489200Z ##[group]Run actions/cache/restore@v4
2025-02-19T21:36:08.1489460Z with:
2025-02-19T21:36:08.1489640Z   path: tardis-regression-data/.git/lfs
2025-02-19T21:36:08.1490180Z   key: tardis-regression-full-data-c8ff2bbb6048b3f24d3f52a1e85b013ad47e52c369a6ce4cfdeff528b659b86f-tardis-sn/tardis-regression-data-v1
2025-02-19T21:36:08.1490710Z   fail-on-cache-miss: true
2025-02-19T21:36:08.1490910Z   enableCrossOsArchive: false
2025-02-19T21:36:08.1491090Z   lookup-only: false
2025-02-19T21:36:08.1491250Z env:
2025-02-19T21:36:08.1491400Z   CACHE_NUMBER: 0
2025-02-19T21:36:08.1491950Z   PYTEST_FLAGS: --tardis-regression-data=/Users/runner/work/tardis/tardis/tardis-regression-data --cov=tardis --cov-report=xml --cov-report=html --cov-append
2025-02-19T21:36:08.1492470Z   CODECOV_TOKEN: 
2025-02-19T21:36:08.1492630Z ##[endgroup]
2025-02-19T21:36:08.4815460Z Cache hit for: tardis-regression-full-data-c8ff2bbb6048b3f24d3f52a1e85b013ad47e52c369a6ce4cfdeff528b659b86f-tardis-sn/tardis-regression-data-v1
2025-02-19T21:36:09.7955730Z Received 29360128 of 2161656325 (1.4%), 28.0 MBs/sec
2025-02-19T21:36:10.7886900Z Received 100663296 of 2161656325 (4.7%), 47.9 MBs/sec
2025-02-19T21:36:11.7913170Z Received 134217728 of 2161656325 (6.2%), 42.6 MBs/sec
2025-02-19T21:36:12.7909370Z Received 201326592 of 2161656325 (9.3%), 47.9 MBs/sec
2025-02-19T21:36:13.7914900Z Received 268435456 of 2161656325 (12.4%), 51.1 MBs/sec
2025-02-19T21:36:14.7936200Z Received 335544320 of 2161656325 (15.5%), 53.3 MBs/sec
2025-02-19T21:36:15.7970710Z Received 402653184 of 2161656325 (18.6%), 54.8 MBs/sec
2025-02-19T21:36:16.7976460Z Received 473956352 of 2161656325 (21.9%), 56.4 MBs/sec
2025-02-19T21:36:17.7993320Z Received 536870912 of 2161656325 (24.8%), 56.8 MBs/sec
2025-02-19T21:36:18.8000640Z Received 612368384 of 2161656325 (28.3%), 58.3 MBs/sec
2025-02-19T21:36:19.8009980Z Received 671088640 of 2161656325 (31.0%), 58.1 MBs/sec
2025-02-19T21:36:20.8020880Z Received 746586112 of 2161656325 (34.5%), 59.2 MBs/sec
2025-02-19T21:36:21.8028960Z Received 805306368 of 2161656325 (37.3%), 59.0 MBs/sec
2025-02-19T21:36:22.8036500Z Received 876609536 of 2161656325 (40.6%), 59.6 MBs/sec
2025-02-19T21:36:23.8072160Z Received 939524096 of 2161656325 (43.5%), 59.6 MBs/sec
2025-02-19T21:36:24.8081940Z Received 989855744 of 2161656325 (45.8%), 58.9 MBs/sec
2025-02-19T21:36:25.8105500Z Received 1073741824 of 2161656325 (49.7%), 60.1 MBs/sec
2025-02-19T21:36:26.8107770Z Received 1124073472 of 2161656325 (52.0%), 59.5 MBs/sec
2025-02-19T21:36:27.8142130Z Received 1203765248 of 2161656325 (55.7%), 60.3 MBs/sec
2025-02-19T21:36:28.8176350Z Received 1245708288 of 2161656325 (57.6%), 59.3 MBs/sec
2025-02-19T21:36:29.8254960Z Received 1312817152 of 2161656325 (60.7%), 59.5 MBs/sec
2025-02-19T21:36:30.8208830Z Received 1363148800 of 2161656325 (63.1%), 59.0 MBs/sec
2025-02-19T21:36:31.8206860Z Received 1426063360 of 2161656325 (66.0%), 59.0 MBs/sec
2025-02-19T21:36:32.8230450Z Received 1476395008 of 2161656325 (68.3%), 58.6 MBs/sec
2025-02-19T21:36:33.8269920Z Received 1526726656 of 2161656325 (70.6%), 58.2 MBs/sec
2025-02-19T21:36:34.8239590Z Received 1606418432 of 2161656325 (74.3%), 58.8 MBs/sec
2025-02-19T21:36:35.8247170Z Received 1644167168 of 2161656325 (76.1%), 58.0 MBs/sec
2025-02-19T21:36:36.8252410Z Received 1723858944 of 2161656325 (79.7%), 58.6 MBs/sec
2025-02-19T21:36:37.8255140Z Received 1778384896 of 2161656325 (82.3%), 58.4 MBs/sec
2025-02-19T21:36:38.8258620Z Received 1849688064 of 2161656325 (85.6%), 58.7 MBs/sec
2025-02-19T21:36:39.8265710Z Received 1895825408 of 2161656325 (87.7%), 58.2 MBs/sec
2025-02-19T21:36:40.8272930Z Received 1967128576 of 2161656325 (91.0%), 58.5 MBs/sec
2025-02-19T21:36:41.8279370Z Received 2017460224 of 2161656325 (93.3%), 58.2 MBs/sec
2025-02-19T21:36:42.8288360Z Received 2097152000 of 2161656325 (97.0%), 58.7 MBs/sec
2025-02-19T21:36:43.8314160Z Received 2143289344 of 2161656325 (99.2%), 58.3 MBs/sec
2025-02-19T21:36:44.8344900Z Received 2153267717 of 2161656325 (99.6%), 57.0 MBs/sec
2025-02-19T21:36:45.0327300Z Received 2161656325 of 2161656325 (100.0%), 56.9 MBs/sec
2025-02-19T21:36:45.0332930Z Cache Size: ~2062 MB (2161656325 B)
2025-02-19T21:36:45.0383940Z [command]/opt/homebrew/bin/gtar -xf /Users/runner/work/_temp/8524ba77-0a20-4153-87c2-6cfbf50bfd25/cache.tzst -P -C /Users/runner/work/tardis/tardis --delay-directory-restore --use-compress-program unzstd
2025-02-19T21:36:54.4889200Z Cache restored successfully
2025-02-19T21:36:54.6160160Z Cache restored from key: tardis-regression-full-data-c8ff2bbb6048b3f24d3f52a1e85b013ad47e52c369a6ce4cfdeff528b659b86f-tardis-sn/tardis-regression-data-v1
2025-02-19T21:36:54.6329390Z ##[group]Run git lfs checkout
2025-02-19T21:36:54.6329980Z [36;1mgit lfs checkout[0m
2025-02-19T21:36:54.6534920Z shell: /bin/bash --noprofile --norc -e -o pipefail {0}
2025-02-19T21:36:54.6535410Z env:
2025-02-19T21:36:54.6535760Z   CACHE_NUMBER: 0
2025-02-19T21:36:54.6536390Z   PYTEST_FLAGS: --tardis-regression-data=/Users/runner/work/tardis/tardis/tardis-regression-data --cov=tardis --cov-report=xml --cov-report=html --cov-append
2025-02-19T21:36:54.6537050Z   CODECOV_TOKEN: 
2025-02-19T21:36:54.6537240Z ##[endgroup]
2025-02-19T21:37:08.1881070Z Checking out LFS objects: 100% (204/204), 5.7 GB | 338 MB/s, done.
