2025-01-22T19:56:32.8750681Z Prepare all required actions
2025-01-22T19:56:32.8751265Z Getting action download info
2025-01-22T19:56:33.0440662Z Download action repository 'actions/cache@v4' (SHA:1bd1e32a3bdc45362d1e726936510720a7c30a57)
2025-01-22T19:56:33.1722359Z ##[group]Run ./.github/actions/setup_lfs
2025-01-22T19:56:33.1722719Z with:
2025-01-22T19:56:33.1723007Z   regression-data-repo: tardis-sn/tardis-regression-data
2025-01-22T19:56:33.1723338Z env:
2025-01-22T19:56:33.1723582Z   CACHE_NUMBER: 0
2025-01-22T19:56:33.1724226Z   PYTEST_FLAGS: --tardis-regression-data=/home/runner/work/tardis/tardis/tardis-regression-data --cov=tardis --cov-report=xml --cov-report=html --cov-append
2025-01-22T19:56:33.1724889Z   CODECOV_TOKEN: 
2025-01-22T19:56:33.1725102Z ##[endgroup]
2025-01-22T19:56:33.1856064Z ##[group]Run actions/checkout@v4
2025-01-22T19:56:33.1856410Z with:
2025-01-22T19:56:33.1856665Z   repository: tardis-sn/tardis-regression-data
2025-01-22T19:56:33.1856997Z   path: tardis-regression-data
2025-01-22T19:56:33.1857412Z   token: ***
2025-01-22T19:56:33.1857685Z   ssh-strict: true
2025-01-22T19:56:33.1857905Z   ssh-user: git
2025-01-22T19:56:33.1858138Z   persist-credentials: true
2025-01-22T19:56:33.1858385Z   clean: true
2025-01-22T19:56:33.1858615Z   sparse-checkout-cone-mode: true
2025-01-22T19:56:33.1858890Z   fetch-depth: 1
2025-01-22T19:56:33.1859103Z   fetch-tags: false
2025-01-22T19:56:33.1859326Z   show-progress: true
2025-01-22T19:56:33.1859720Z   lfs: false
2025-01-22T19:56:33.1859938Z   submodules: false
2025-01-22T19:56:33.1860163Z   set-safe-directory: true
2025-01-22T19:56:33.1860399Z env:
2025-01-22T19:56:33.1860584Z   CACHE_NUMBER: 0
2025-01-22T19:56:33.1861209Z   PYTEST_FLAGS: --tardis-regression-data=/home/runner/work/tardis/tardis/tardis-regression-data --cov=tardis --cov-report=xml --cov-report=html --cov-append
2025-01-22T19:56:33.1861873Z   CODECOV_TOKEN: 
2025-01-22T19:56:33.1862081Z ##[endgroup]
2025-01-22T19:56:33.2814475Z Syncing repository: tardis-sn/tardis-regression-data
2025-01-22T19:56:33.2822141Z ##[group]Getting Git version info
2025-01-22T19:56:33.2823027Z Working directory is '/home/runner/work/tardis/tardis/tardis-regression-data'
2025-01-22T19:56:33.2876135Z [command]/usr/bin/git version
2025-01-22T19:56:33.2915476Z git version 2.48.1
2025-01-22T19:56:33.2941745Z ##[endgroup]
2025-01-22T19:56:33.2956070Z Temporarily overriding HOME='/home/runner/work/_temp/16d6efb9-6931-4b3e-ace0-efa11ffbf886' before making global git config changes
2025-01-22T19:56:33.2957504Z Adding repository directory to the temporary git global config as a safe directory
2025-01-22T19:56:33.2963158Z [command]/usr/bin/git config --global --add safe.directory /home/runner/work/tardis/tardis/tardis-regression-data
2025-01-22T19:56:33.2994551Z ##[group]Initializing the repository
2025-01-22T19:56:33.3000408Z [command]/usr/bin/git init /home/runner/work/tardis/tardis/tardis-regression-data
2025-01-22T19:56:33.3036125Z hint: Using 'master' as the name for the initial branch. This default branch name
2025-01-22T19:56:33.3037366Z hint: is subject to change. To configure the initial branch name to use in all
2025-01-22T19:56:33.3038208Z hint: of your new repositories, which will suppress this warning, call:
2025-01-22T19:56:33.3038938Z hint:
2025-01-22T19:56:33.3039444Z hint: 	git config --global init.defaultBranch <name>
2025-01-22T19:56:33.3040259Z hint:
2025-01-22T19:56:33.3040849Z hint: Names commonly chosen instead of 'master' are 'main', 'trunk' and
2025-01-22T19:56:33.3041776Z hint: 'development'. The just-created branch can be renamed via this command:
2025-01-22T19:56:33.3042870Z hint:
2025-01-22T19:56:33.3043292Z hint: 	git branch -m <name>
2025-01-22T19:56:33.3044153Z Initialized empty Git repository in /home/runner/work/tardis/tardis/tardis-regression-data/.git/
2025-01-22T19:56:33.3049990Z [command]/usr/bin/git remote add origin https://github.com/tardis-sn/tardis-regression-data
2025-01-22T19:56:33.3079320Z ##[endgroup]
2025-01-22T19:56:33.3080317Z ##[group]Disabling automatic garbage collection
2025-01-22T19:56:33.3084851Z [command]/usr/bin/git config --local gc.auto 0
2025-01-22T19:56:33.3114158Z ##[endgroup]
2025-01-22T19:56:33.3114903Z ##[group]Setting up auth
2025-01-22T19:56:33.3121263Z [command]/usr/bin/git config --local --name-only --get-regexp core\.sshCommand
2025-01-22T19:56:33.3150791Z [command]/usr/bin/git submodule foreach --recursive sh -c "git config --local --name-only --get-regexp 'core\.sshCommand' && git config --local --unset-all 'core.sshCommand' || :"
2025-01-22T19:56:33.3385161Z [command]/usr/bin/git config --local --name-only --get-regexp http\.https\:\/\/github\.com\/\.extraheader
2025-01-22T19:56:33.3415089Z [command]/usr/bin/git submodule foreach --recursive sh -c "git config --local --name-only --get-regexp 'http\.https\:\/\/github\.com\/\.extraheader' && git config --local --unset-all 'http.https://github.com/.extraheader' || :"
2025-01-22T19:56:33.3658534Z [command]/usr/bin/git config --local http.https://github.com/.extraheader AUTHORIZATION: basic ***
2025-01-22T19:56:33.3699144Z ##[endgroup]
2025-01-22T19:56:33.3700117Z ##[group]Determining the default branch
2025-01-22T19:56:33.3703019Z Retrieving the default branch name
2025-01-22T19:56:33.6918517Z Default branch 'main'
2025-01-22T19:56:33.6920468Z ##[endgroup]
2025-01-22T19:56:33.6925316Z ##[group]Fetching the repository
2025-01-22T19:56:33.6929960Z [command]/usr/bin/git -c protocol.version=2 fetch --no-tags --prune --no-recurse-submodules --depth=1 origin +refs/heads/main:refs/remotes/origin/main
2025-01-22T19:56:34.3040895Z From https://github.com/tardis-sn/tardis-regression-data
2025-01-22T19:56:34.3041894Z  * [new branch]      main       -> origin/main
2025-01-22T19:56:34.3074037Z ##[endgroup]
2025-01-22T19:56:34.3074670Z ##[group]Determining the checkout info
2025-01-22T19:56:34.3075336Z ##[endgroup]
2025-01-22T19:56:34.3078237Z [command]/usr/bin/git sparse-checkout disable
2025-01-22T19:56:34.3118086Z [command]/usr/bin/git config --local --unset-all extensions.worktreeConfig
2025-01-22T19:56:34.3148989Z ##[group]Checking out the ref
2025-01-22T19:56:34.3155175Z [command]/usr/bin/git checkout --progress --force -B main refs/remotes/origin/main
2025-01-22T19:56:35.0041560Z Switched to a new branch 'main'
2025-01-22T19:56:35.0043345Z branch 'main' set up to track 'origin/main'.
2025-01-22T19:56:35.0388851Z ##[endgroup]
2025-01-22T19:56:35.0393284Z [command]/usr/bin/git log -1 --format=%H
2025-01-22T19:56:35.0420158Z fa7729bc9c30e14b69acd641af8b692b56fcd416
2025-01-22T19:56:35.0571758Z ##[group]Run git lfs ls-files -l | cut -d' ' -f1 | sort > .lfs-assets-id
2025-01-22T19:56:35.0572369Z [36;1mgit lfs ls-files -l | cut -d' ' -f1 | sort > .lfs-assets-id[0m
2025-01-22T19:56:35.0605468Z shell: /usr/bin/bash --noprofile --norc -e -o pipefail {0}
2025-01-22T19:56:35.0605820Z env:
2025-01-22T19:56:35.0605998Z   CACHE_NUMBER: 0
2025-01-22T19:56:35.0606597Z   PYTEST_FLAGS: --tardis-regression-data=/home/runner/work/tardis/tardis/tardis-regression-data --cov=tardis --cov-report=xml --cov-report=html --cov-append
2025-01-22T19:56:35.0607236Z   CODECOV_TOKEN: 
2025-01-22T19:56:35.0607446Z ##[endgroup]
2025-01-22T19:56:35.1793598Z ##[group]Run actions/cache/restore@v4
2025-01-22T19:56:35.1793880Z with:
2025-01-22T19:56:35.1794069Z   path: tardis-regression-data/.git/lfs
2025-01-22T19:56:35.1794466Z   key: Linux-lfs-21f9fa4b6817cc69b9fae3598144724da7828e276a73bd17f47a2a49d9af090a-v1
2025-01-22T19:56:35.1794867Z   enableCrossOsArchive: false
2025-01-22T19:56:35.1795099Z   fail-on-cache-miss: false
2025-01-22T19:56:35.1795611Z   lookup-only: false
2025-01-22T19:56:35.1795828Z env:
2025-01-22T19:56:35.1796002Z   CACHE_NUMBER: 0
2025-01-22T19:56:35.1796586Z   PYTEST_FLAGS: --tardis-regression-data=/home/runner/work/tardis/tardis/tardis-regression-data --cov=tardis --cov-report=xml --cov-report=html --cov-append
2025-01-22T19:56:35.1797235Z   CODECOV_TOKEN: 
2025-01-22T19:56:35.1797413Z ##[endgroup]
2025-01-22T19:56:36.9583937Z Received 0 of 1708418946 (0.0%), 0.0 MBs/sec
2025-01-22T19:56:37.9588018Z Received 113246208 of 1708418946 (6.6%), 54.0 MBs/sec
2025-01-22T19:56:38.9591052Z Received 281018368 of 1708418946 (16.4%), 89.3 MBs/sec
2025-01-22T19:56:39.9606251Z Received 423624704 of 1708418946 (24.8%), 100.9 MBs/sec
2025-01-22T19:56:40.9606053Z Received 557842432 of 1708418946 (32.7%), 106.3 MBs/sec
2025-01-22T19:56:41.9610314Z Received 696254464 of 1708418946 (40.8%), 110.6 MBs/sec
2025-01-22T19:56:42.9656178Z Received 826277888 of 1708418946 (48.4%), 112.5 MBs/sec
2025-01-22T19:56:43.9635499Z Received 968884224 of 1708418946 (56.7%), 115.4 MBs/sec
2025-01-22T19:56:44.9636895Z Received 1115684864 of 1708418946 (65.3%), 118.1 MBs/sec
2025-01-22T19:56:45.9641885Z Received 1258291200 of 1708418946 (73.7%), 119.9 MBs/sec
2025-01-22T19:56:46.9657654Z Received 1413480448 of 1708418946 (82.7%), 122.5 MBs/sec
2025-01-22T19:56:47.9662081Z Received 1568669696 of 1708418946 (91.8%), 124.6 MBs/sec
2025-01-22T19:56:48.8931445Z Cache Size: ~1629 MB (1708418946 B)
2025-01-22T19:56:48.9043903Z [command]/usr/bin/tar -xf /home/runner/work/_temp/9e592558-5533-4603-ae3c-c9dfedc72e50/cache.tzst -P -C /home/runner/work/tardis/tardis --use-compress-program unzstd
2025-01-22T19:56:48.9678451Z Received 1708418946 of 1708418946 (100.0%), 125.2 MBs/sec
2025-01-22T19:56:55.2929374Z Cache restored successfully
2025-01-22T19:56:55.6271694Z Cache restored from key: Linux-lfs-21f9fa4b6817cc69b9fae3598144724da7828e276a73bd17f47a2a49d9af090a-v1
2025-01-22T19:56:55.6431341Z ##[group]Run git lfs checkout
2025-01-22T19:56:55.6431775Z [36;1mgit lfs checkout[0m
2025-01-22T19:56:55.6468192Z shell: /usr/bin/bash --noprofile --norc -e -o pipefail {0}
2025-01-22T19:56:55.6468699Z env:
2025-01-22T19:56:55.6468973Z   CACHE_NUMBER: 0
2025-01-22T19:56:55.6470107Z   PYTEST_FLAGS: --tardis-regression-data=/home/runner/work/tardis/tardis/tardis-regression-data --cov=tardis --cov-report=xml --cov-report=html --cov-append
2025-01-22T19:56:55.6471200Z   CODECOV_TOKEN: 
2025-01-22T19:56:55.6471499Z ##[endgroup]
2025-01-22T19:57:05.8582621Z Checking out LFS objects: 100% (204/204), 3.5 GB | 333 MB/s, done.
