2025-01-10T13:35:26.5829820Z Requested labels: macos-latest
2025-01-10T13:35:26.5830119Z Job defined at: tardis-sn/tardis/.github/workflows/tests.yml@refs/pull/2935/merge
2025-01-10T13:35:26.5830198Z Waiting for a runner to pick up this job...
2025-01-10T13:35:26.9359621Z Job is waiting for a hosted runner to come online.
2025-01-10T13:35:30.0874037Z Job is about to start running on the hosted runner: GitHub Actions 59 (hosted)
2025-01-10T13:35:30.9625860Z Current runner version: '2.321.0'
2025-01-10T13:35:30.9650340Z ##[group]Operating System
2025-01-10T13:35:30.9650860Z macOS
2025-01-10T13:35:30.9651150Z 14.7.2
2025-01-10T13:35:30.9651450Z 23H311
2025-01-10T13:35:30.9651750Z ##[endgroup]
2025-01-10T13:35:30.9652070Z ##[group]Runner Image
2025-01-10T13:35:30.9652410Z Image: macos-14-arm64
2025-01-10T13:35:30.9652730Z Version: 20250106.725
2025-01-10T13:35:30.9653400Z Included Software: https://github.com/actions/runner-images/blob/macos-14-arm64/20250106.725/images/macos/macos-14-arm64-Readme.md
2025-01-10T13:35:30.9654330Z Image Release: https://github.com/actions/runner-images/releases/tag/macos-14-arm64%2F20250106.725
2025-01-10T13:35:30.9654890Z ##[endgroup]
2025-01-10T13:35:30.9655180Z ##[group]Runner Image Provisioner
2025-01-10T13:35:30.9655570Z 2.0.404.1+573eac7f0cc07d6bb82d8b9bf5e1ffa69a554644
2025-01-10T13:35:30.9655970Z ##[endgroup]
2025-01-10T13:35:30.9657330Z ##[group]GITHUB_TOKEN Permissions
2025-01-10T13:35:30.9658630Z Actions: read
2025-01-10T13:35:30.9658940Z Attestations: read
2025-01-10T13:35:30.9659240Z Checks: read
2025-01-10T13:35:30.9659520Z Contents: read
2025-01-10T13:35:30.9659800Z Deployments: read
2025-01-10T13:35:30.9660100Z Discussions: read
2025-01-10T13:35:30.9660390Z Issues: read
2025-01-10T13:35:30.9660660Z Metadata: read
2025-01-10T13:35:30.9660940Z Packages: read
2025-01-10T13:35:30.9661240Z Pages: read
2025-01-10T13:35:30.9661520Z PullRequests: read
2025-01-10T13:35:30.9661840Z RepositoryProjects: read
2025-01-10T13:35:30.9662170Z SecurityEvents: read
2025-01-10T13:35:30.9662480Z Statuses: read
2025-01-10T13:35:30.9662780Z ##[endgroup]
2025-01-10T13:35:30.9664840Z Secret source: None
2025-01-10T13:35:30.9665310Z Prepare workflow directory
2025-01-10T13:35:31.0074800Z Prepare all required actions
2025-01-10T13:35:31.0101950Z Getting action download info
2025-01-10T13:35:31.1871170Z Download action repository 'actions/checkout@v4' (SHA:11bd71901bbe5b1630ceea73d27597364c9af683)
2025-01-10T13:35:31.5131550Z Download action repository 'actions/upload-artifact@v4' (SHA:6f51ac03b9356f520e9adb1b1b7802705f340c2b)
2025-01-10T13:35:31.6118450Z Complete job name:  continuum macos-latest 
2025-01-10T13:35:31.6513740Z ##[group]Run actions/checkout@v4
2025-01-10T13:35:31.6514330Z with:
2025-01-10T13:35:31.6514650Z   repository: tardis-sn/tardis
2025-01-10T13:35:31.6515240Z   token: ***
2025-01-10T13:35:31.6515540Z   ssh-strict: true
2025-01-10T13:35:31.6515840Z   ssh-user: git
2025-01-10T13:35:31.6516150Z   persist-credentials: true
2025-01-10T13:35:31.6516490Z   clean: true
2025-01-10T13:35:31.6516810Z   sparse-checkout-cone-mode: true
2025-01-10T13:35:31.6517180Z   fetch-depth: 1
2025-01-10T13:35:31.6517500Z   fetch-tags: false
2025-01-10T13:35:31.6517820Z   show-progress: true
2025-01-10T13:35:31.6518150Z   lfs: false
2025-01-10T13:35:31.6518450Z   submodules: false
2025-01-10T13:35:31.6518770Z   set-safe-directory: true
2025-01-10T13:35:31.6519210Z env:
2025-01-10T13:35:31.6519490Z   CACHE_NUMBER: 0
2025-01-10T13:35:31.6520450Z   PYTEST_FLAGS: --tardis-regression-data=/Users/runner/work/tardis/tardis/tardis-regression-data --cov=tardis --cov-report=xml --cov-report=html --cov-append
2025-01-10T13:35:31.6521470Z   CODECOV_TOKEN: 
2025-01-10T13:35:31.6521770Z ##[endgroup]
2025-01-10T13:35:32.5051780Z Syncing repository: tardis-sn/tardis
2025-01-10T13:35:32.5053320Z ##[group]Getting Git version info
2025-01-10T13:35:32.5054260Z Working directory is '/Users/runner/work/tardis/tardis'
2025-01-10T13:35:32.5055070Z [command]/opt/homebrew/bin/git version
2025-01-10T13:35:32.5629570Z git version 2.47.1
2025-01-10T13:35:32.5779240Z ##[endgroup]
2025-01-10T13:35:32.5817040Z Copying '/Users/runner/.gitconfig' to '/Users/runner/work/_temp/d8cd1687-d830-4989-b7c6-49ca5cb30787/.gitconfig'
2025-01-10T13:35:32.5949240Z Temporarily overriding HOME='/Users/runner/work/_temp/d8cd1687-d830-4989-b7c6-49ca5cb30787' before making global git config changes
2025-01-10T13:35:32.5950680Z Adding repository directory to the temporary git global config as a safe directory
2025-01-10T13:35:32.5953610Z [command]/opt/homebrew/bin/git config --global --add safe.directory /Users/runner/work/tardis/tardis
2025-01-10T13:35:32.6040900Z Deleting the contents of '/Users/runner/work/tardis/tardis'
2025-01-10T13:35:32.6043780Z ##[group]Initializing the repository
2025-01-10T13:35:32.6047820Z [command]/opt/homebrew/bin/git init /Users/runner/work/tardis/tardis
2025-01-10T13:35:32.6417410Z hint: Using 'master' as the name for the initial branch. This default branch name
2025-01-10T13:35:32.6420300Z hint: is subject to change. To configure the initial branch name to use in all
2025-01-10T13:35:32.6421370Z hint: of your new repositories, which will suppress this warning, call:
2025-01-10T13:35:32.6422160Z hint:
2025-01-10T13:35:32.6422700Z hint: 	git config --global init.defaultBranch <name>
2025-01-10T13:35:32.6423360Z hint:
2025-01-10T13:35:32.6423940Z hint: Names commonly chosen instead of 'master' are 'main', 'trunk' and
2025-01-10T13:35:32.6425340Z hint: 'development'. The just-created branch can be renamed via this command:
2025-01-10T13:35:32.6426110Z hint:
2025-01-10T13:35:32.6427040Z hint: 	git branch -m <name>
2025-01-10T13:35:32.6428060Z Initialized empty Git repository in /Users/runner/work/tardis/tardis/.git/
2025-01-10T13:35:32.6429970Z [command]/opt/homebrew/bin/git remote add origin https://github.com/tardis-sn/tardis
2025-01-10T13:35:32.6496310Z ##[endgroup]
2025-01-10T13:35:32.6497550Z ##[group]Disabling automatic garbage collection
2025-01-10T13:35:32.6498160Z [command]/opt/homebrew/bin/git config --local gc.auto 0
2025-01-10T13:35:32.6545180Z ##[endgroup]
2025-01-10T13:35:32.6547060Z ##[group]Setting up auth
2025-01-10T13:35:32.6549090Z [command]/opt/homebrew/bin/git config --local --name-only --get-regexp core\.sshCommand
2025-01-10T13:35:32.6612430Z [command]/opt/homebrew/bin/git submodule foreach --recursive sh -c "git config --local --name-only --get-regexp 'core\.sshCommand' && git config --local --unset-all 'core.sshCommand' || :"
2025-01-10T13:35:32.7325570Z [command]/opt/homebrew/bin/git config --local --name-only --get-regexp http\.https\:\/\/github\.com\/\.extraheader
2025-01-10T13:35:32.7392390Z [command]/opt/homebrew/bin/git submodule foreach --recursive sh -c "git config --local --name-only --get-regexp 'http\.https\:\/\/github\.com\/\.extraheader' && git config --local --unset-all 'http.https://github.com/.extraheader' || :"
2025-01-10T13:35:32.8440960Z [command]/opt/homebrew/bin/git config --local http.https://github.com/.extraheader AUTHORIZATION: basic ***
2025-01-10T13:35:32.8576090Z ##[endgroup]
2025-01-10T13:35:32.8577130Z ##[group]Fetching the repository
2025-01-10T13:35:32.8579490Z [command]/opt/homebrew/bin/git -c protocol.version=2 fetch --no-tags --prune --no-recurse-submodules --depth=1 origin +6bb3492707f1bf8b6c612b72fba961366f4d0cb5:refs/remotes/pull/2935/merge
2025-01-10T13:35:34.3489510Z From https://github.com/tardis-sn/tardis
2025-01-10T13:35:34.3490300Z  * [new ref]         6bb3492707f1bf8b6c612b72fba961366f4d0cb5 -> pull/2935/merge
2025-01-10T13:35:34.3560290Z ##[endgroup]
2025-01-10T13:35:34.3561550Z ##[group]Determining the checkout info
2025-01-10T13:35:34.3565300Z ##[endgroup]
2025-01-10T13:35:34.3566100Z [command]/opt/homebrew/bin/git sparse-checkout disable
2025-01-10T13:35:34.3625570Z [command]/opt/homebrew/bin/git config --local --unset-all extensions.worktreeConfig
2025-01-10T13:35:34.3681290Z ##[group]Checking out the ref
2025-01-10T13:35:34.3682830Z [command]/opt/homebrew/bin/git checkout --progress --force refs/remotes/pull/2935/merge
2025-01-10T13:35:34.6190020Z HEAD is now at 6bb3492 Merge 356c0d35ff4e1880a25ad28dff47e1288de13362 into 0fc2c76326b8122f88ddaf369f17a637bbe37c63
2025-01-10T13:35:34.6319610Z ##[endgroup]
2025-01-10T13:35:34.6322300Z [command]/opt/homebrew/bin/git log -1 --format=%H
2025-01-10T13:35:34.6322800Z 6bb3492707f1bf8b6c612b72fba961366f4d0cb5
2025-01-10T13:35:34.6537480Z Prepare all required actions
2025-01-10T13:35:34.6537840Z Getting action download info
2025-01-10T13:35:34.8247190Z Download action repository 'actions/cache@v4' (SHA:1bd1e32a3bdc45362d1e726936510720a7c30a57)
2025-01-10T13:35:34.9242670Z ##[group]Run ./.github/actions/setup_lfs
2025-01-10T13:35:34.9242940Z with:
2025-01-10T13:35:34.9243220Z   regression-data-repo: tardis-sn/tardis-regression-data
2025-01-10T13:35:34.9243490Z env:
2025-01-10T13:35:34.9243650Z   CACHE_NUMBER: 0
2025-01-10T13:35:34.9244180Z   PYTEST_FLAGS: --tardis-regression-data=/Users/runner/work/tardis/tardis/tardis-regression-data --cov=tardis --cov-report=xml --cov-report=html --cov-append
2025-01-10T13:35:34.9244720Z   CODECOV_TOKEN: 
2025-01-10T13:35:34.9244900Z ##[endgroup]
2025-01-10T13:35:34.9423690Z ##[group]Run actions/checkout@v4
2025-01-10T13:35:34.9423920Z with:
2025-01-10T13:35:34.9424120Z   repository: tardis-sn/tardis-regression-data
2025-01-10T13:35:34.9424410Z   path: tardis-regression-data
2025-01-10T13:35:34.9424820Z   token: ***
2025-01-10T13:35:34.9425000Z   ssh-strict: true
2025-01-10T13:35:34.9425180Z   ssh-user: git
2025-01-10T13:35:34.9425350Z   persist-credentials: true
2025-01-10T13:35:34.9425540Z   clean: true
2025-01-10T13:35:34.9425700Z   sparse-checkout-cone-mode: true
2025-01-10T13:35:34.9425920Z   fetch-depth: 1
2025-01-10T13:35:34.9426100Z   fetch-tags: false
2025-01-10T13:35:34.9426290Z   show-progress: true
2025-01-10T13:35:34.9426480Z   lfs: false
2025-01-10T13:35:34.9426640Z   submodules: false
2025-01-10T13:35:34.9426800Z   set-safe-directory: true
2025-01-10T13:35:34.9426980Z env:
2025-01-10T13:35:34.9427110Z   CACHE_NUMBER: 0
2025-01-10T13:35:34.9427610Z   PYTEST_FLAGS: --tardis-regression-data=/Users/runner/work/tardis/tardis/tardis-regression-data --cov=tardis --cov-report=xml --cov-report=html --cov-append
2025-01-10T13:35:34.9428140Z   CODECOV_TOKEN: 
2025-01-10T13:35:34.9428290Z ##[endgroup]
2025-01-10T13:35:35.2091060Z Syncing repository: tardis-sn/tardis-regression-data
2025-01-10T13:35:35.2193980Z ##[group]Getting Git version info
2025-01-10T13:35:35.2295660Z Working directory is '/Users/runner/work/tardis/tardis/tardis-regression-data'
2025-01-10T13:35:35.2498690Z [command]/opt/homebrew/bin/git version
2025-01-10T13:35:35.2600210Z git version 2.47.1
2025-01-10T13:35:35.2861680Z ##[endgroup]
2025-01-10T13:35:35.2891370Z Copying '/Users/runner/.gitconfig' to '/Users/runner/work/_temp/4975b3c9-f715-4f38-b3a2-aa0021d1162c/.gitconfig'
2025-01-10T13:35:35.2926960Z Temporarily overriding HOME='/Users/runner/work/_temp/4975b3c9-f715-4f38-b3a2-aa0021d1162c' before making global git config changes
2025-01-10T13:35:35.2932680Z Adding repository directory to the temporary git global config as a safe directory
2025-01-10T13:35:35.2956950Z [command]/opt/homebrew/bin/git config --global --add safe.directory /Users/runner/work/tardis/tardis/tardis-regression-data
2025-01-10T13:35:35.2977460Z ##[group]Initializing the repository
2025-01-10T13:35:35.2979520Z [command]/opt/homebrew/bin/git init /Users/runner/work/tardis/tardis/tardis-regression-data
2025-01-10T13:35:35.2998630Z hint: Using 'master' as the name for the initial branch. This default branch name
2025-01-10T13:35:35.3004870Z hint: is subject to change. To configure the initial branch name to use in all
2025-01-10T13:35:35.3010020Z hint: of your new repositories, which will suppress this warning, call:
2025-01-10T13:35:35.3013850Z hint:
2025-01-10T13:35:35.3015410Z hint: 	git config --global init.defaultBranch <name>
2025-01-10T13:35:35.3019720Z hint:
2025-01-10T13:35:35.3020450Z hint: Names commonly chosen instead of 'master' are 'main', 'trunk' and
2025-01-10T13:35:35.3024840Z hint: 'development'. The just-created branch can be renamed via this command:
2025-01-10T13:35:35.3025840Z hint:
2025-01-10T13:35:35.3026280Z hint: 	git branch -m <name>
2025-01-10T13:35:35.3027420Z Initialized empty Git repository in /Users/runner/work/tardis/tardis/tardis-regression-data/.git/
2025-01-10T13:35:35.3107320Z [command]/opt/homebrew/bin/git remote add origin https://github.com/tardis-sn/tardis-regression-data
2025-01-10T13:35:35.3115540Z ##[endgroup]
2025-01-10T13:35:35.3117110Z ##[group]Disabling automatic garbage collection
2025-01-10T13:35:35.3120980Z [command]/opt/homebrew/bin/git config --local gc.auto 0
2025-01-10T13:35:35.3143320Z ##[endgroup]
2025-01-10T13:35:35.3143930Z ##[group]Setting up auth
2025-01-10T13:35:35.3144450Z [command]/opt/homebrew/bin/git config --local --name-only --get-regexp core\.sshCommand
2025-01-10T13:35:35.3145970Z [command]/opt/homebrew/bin/git submodule foreach --recursive sh -c "git config --local --name-only --get-regexp 'core\.sshCommand' && git config --local --unset-all 'core.sshCommand' || :"
2025-01-10T13:35:35.3147230Z [command]/opt/homebrew/bin/git config --local --name-only --get-regexp http\.https\:\/\/github\.com\/\.extraheader
2025-01-10T13:35:35.3149640Z [command]/opt/homebrew/bin/git submodule foreach --recursive sh -c "git config --local --name-only --get-regexp 'http\.https\:\/\/github\.com\/\.extraheader' && git config --local --unset-all 'http.https://github.com/.extraheader' || :"
2025-01-10T13:35:35.3512860Z [command]/opt/homebrew/bin/git config --local http.https://github.com/.extraheader AUTHORIZATION: basic ***
2025-01-10T13:35:35.3581200Z ##[endgroup]
2025-01-10T13:35:35.3581670Z ##[group]Determining the default branch
2025-01-10T13:35:35.3582580Z Retrieving the default branch name
2025-01-10T13:35:35.7653210Z Default branch 'main'
2025-01-10T13:35:35.7653960Z ##[endgroup]
2025-01-10T13:35:35.7654490Z ##[group]Fetching the repository
2025-01-10T13:35:35.7657640Z [command]/opt/homebrew/bin/git -c protocol.version=2 fetch --no-tags --prune --no-recurse-submodules --depth=1 origin +refs/heads/main:refs/remotes/origin/main
2025-01-10T13:35:36.8804480Z From https://github.com/tardis-sn/tardis-regression-data
2025-01-10T13:35:36.8829370Z  * [new branch]      main       -> origin/main
2025-01-10T13:35:36.9054780Z ##[endgroup]
2025-01-10T13:35:36.9061270Z ##[group]Determining the checkout info
2025-01-10T13:35:36.9070750Z ##[endgroup]
2025-01-10T13:35:36.9075490Z [command]/opt/homebrew/bin/git sparse-checkout disable
2025-01-10T13:35:36.9082690Z [command]/opt/homebrew/bin/git config --local --unset-all extensions.worktreeConfig
2025-01-10T13:35:36.9084010Z ##[group]Checking out the ref
2025-01-10T13:35:36.9084460Z [command]/opt/homebrew/bin/git checkout --progress --force -B main refs/remotes/origin/main
2025-01-10T13:35:37.1929180Z Switched to a new branch 'main'
2025-01-10T13:35:37.1934020Z branch 'main' set up to track 'origin/main'.
2025-01-10T13:35:37.2774000Z ##[endgroup]
2025-01-10T13:35:37.2929140Z [command]/opt/homebrew/bin/git log -1 --format=%H
2025-01-10T13:35:37.2929780Z 666ab8501c2b2aea30d05b8822e7ddbfca078d23
2025-01-10T13:35:37.3118110Z ##[group]Run git lfs ls-files -l | cut -d' ' -f1 | sort > .lfs-assets-id
2025-01-10T13:35:37.3118640Z [36;1mgit lfs ls-files -l | cut -d' ' -f1 | sort > .lfs-assets-id[0m
2025-01-10T13:35:37.3218320Z shell: /bin/bash --noprofile --norc -e -o pipefail {0}
2025-01-10T13:35:37.3218680Z env:
2025-01-10T13:35:37.3218860Z   CACHE_NUMBER: 0
2025-01-10T13:35:37.3219370Z   PYTEST_FLAGS: --tardis-regression-data=/Users/runner/work/tardis/tardis/tardis-regression-data --cov=tardis --cov-report=xml --cov-report=html --cov-append
2025-01-10T13:35:37.3219920Z   CODECOV_TOKEN: 
2025-01-10T13:35:37.3220070Z ##[endgroup]
2025-01-10T13:35:37.5558950Z ##[group]Run actions/cache/restore@v4
2025-01-10T13:35:37.5559160Z with:
2025-01-10T13:35:37.5559310Z   path: tardis-regression-data/.git/lfs
2025-01-10T13:35:37.5559630Z   key: macOS-lfs-21f9fa4b6817cc69b9fae3598144724da7828e276a73bd17f47a2a49d9af090a-v1
2025-01-10T13:35:37.5559940Z   enableCrossOsArchive: false
2025-01-10T13:35:37.5560130Z   fail-on-cache-miss: false
2025-01-10T13:35:37.5560280Z   lookup-only: false
2025-01-10T13:35:37.5560490Z env:
2025-01-10T13:35:37.5560610Z   CACHE_NUMBER: 0
2025-01-10T13:35:37.5561450Z   PYTEST_FLAGS: --tardis-regression-data=/Users/runner/work/tardis/tardis/tardis-regression-data --cov=tardis --cov-report=xml --cov-report=html --cov-append
2025-01-10T13:35:37.5562020Z   CODECOV_TOKEN: 
2025-01-10T13:35:37.5562150Z ##[endgroup]
2025-01-10T13:35:39.1072500Z Received 37748736 of 1706796060 (2.2%), 34.6 MBs/sec
2025-01-10T13:35:40.0989720Z Received 125829120 of 1706796060 (7.4%), 58.7 MBs/sec
2025-01-10T13:35:41.1022030Z Received 176160768 of 1706796060 (10.3%), 55.2 MBs/sec
2025-01-10T13:35:42.1027690Z Received 234881024 of 1706796060 (13.8%), 55.3 MBs/sec
2025-01-10T13:35:43.1044850Z Received 297795584 of 1706796060 (17.4%), 56.2 MBs/sec
2025-01-10T13:35:44.1046880Z Received 339738624 of 1706796060 (19.9%), 53.6 MBs/sec
2025-01-10T13:35:45.1051580Z Received 423624704 of 1706796060 (24.8%), 57.3 MBs/sec
2025-01-10T13:35:46.1055490Z Received 511705088 of 1706796060 (30.0%), 60.6 MBs/sec
2025-01-10T13:35:47.1089480Z Received 599785472 of 1706796060 (35.1%), 63.2 MBs/sec
2025-01-10T13:35:48.1081830Z Received 687865856 of 1706796060 (40.3%), 65.3 MBs/sec
2025-01-10T13:35:49.1089130Z Received 746586112 of 1706796060 (43.7%), 64.4 MBs/sec
2025-01-10T13:35:50.1107610Z Received 805306368 of 1706796060 (47.2%), 63.7 MBs/sec
2025-01-10T13:35:51.1114090Z Received 872415232 of 1706796060 (51.1%), 63.7 MBs/sec
2025-01-10T13:35:52.1226400Z Received 943718400 of 1706796060 (55.3%), 64.0 MBs/sec
2025-01-10T13:35:53.1235390Z Received 1019215872 of 1706796060 (59.7%), 64.5 MBs/sec
2025-01-10T13:35:54.1271690Z Received 1082130432 of 1706796060 (63.4%), 64.2 MBs/sec
2025-01-10T13:35:55.1307740Z Received 1128267776 of 1706796060 (66.1%), 63.0 MBs/sec
2025-01-10T13:35:56.1918160Z Received 1174405120 of 1706796060 (68.8%), 61.9 MBs/sec
2025-01-10T13:35:57.1794990Z Received 1233125376 of 1706796060 (72.2%), 61.6 MBs/sec
2025-01-10T13:35:58.1571910Z Received 1279262720 of 1706796060 (75.0%), 60.7 MBs/sec
2025-01-10T13:35:59.1671150Z Received 1329594368 of 1706796060 (77.9%), 60.1 MBs/sec
2025-01-10T13:36:00.2293360Z Received 1375731712 of 1706796060 (80.6%), 59.2 MBs/sec
2025-01-10T13:36:01.2125520Z Received 1430257664 of 1706796060 (83.8%), 58.9 MBs/sec
2025-01-10T13:36:02.2249630Z Received 1459617792 of 1706796060 (85.5%), 57.6 MBs/sec
2025-01-10T13:36:03.2297060Z Received 1493172224 of 1706796060 (87.5%), 56.6 MBs/sec
2025-01-10T13:36:04.2354160Z Received 1551892480 of 1706796060 (90.9%), 56.5 MBs/sec
2025-01-10T13:36:05.2370030Z Received 1602224128 of 1706796060 (93.9%), 56.2 MBs/sec
2025-01-10T13:36:06.2402300Z Received 1652555776 of 1706796060 (96.8%), 55.9 MBs/sec
2025-01-10T13:36:07.0626830Z Cache Size: ~1628 MB (1706796060 B)
2025-01-10T13:36:07.0843550Z [command]/opt/homebrew/bin/gtar -xf /Users/runner/work/_temp/4a78971a-8731-4d3f-9cda-56d9e67b3abe/cache.tzst -P -C /Users/runner/work/tardis/tardis --delay-directory-restore --use-compress-program unzstd
2025-01-10T13:36:07.2444540Z Received 1706796060 of 1706796060 (100.0%), 55.8 MBs/sec
2025-01-10T13:36:16.0872780Z Cache restored successfully
2025-01-10T13:36:16.2519620Z Cache restored from key: macOS-lfs-21f9fa4b6817cc69b9fae3598144724da7828e276a73bd17f47a2a49d9af090a-v1
2025-01-10T13:36:16.2821560Z ##[group]Run git lfs checkout
2025-01-10T13:36:16.2822060Z [36;1mgit lfs checkout[0m
2025-01-10T13:36:16.2939530Z shell: /bin/bash --noprofile --norc -e -o pipefail {0}
2025-01-10T13:36:16.2939910Z env:
2025-01-10T13:36:16.2940040Z   CACHE_NUMBER: 0
2025-01-10T13:36:16.2940710Z   PYTEST_FLAGS: --tardis-regression-data=/Users/runner/work/tardis/tardis/tardis-regression-data --cov=tardis --cov-report=xml --cov-report=html --cov-append
2025-01-10T13:36:16.2941460Z   CODECOV_TOKEN: 
2025-01-10T13:36:16.2941720Z ##[endgroup]
2025-01-10T13:36:25.8125560Z Checking out LFS objects: 100% (204/204), 3.5 GB | 300 MB/s, done.
2025-01-10T13:36:32.5479460Z Prepare all required actions
2025-01-10T13:36:32.5480360Z Getting action download info
2025-01-10T13:36:32.6999540Z Download action repository 'mamba-org/setup-micromamba@v1' (SHA:4b9113af4fba0e9e1124b252dd6497a419e7396d)
2025-01-10T13:36:33.8303920Z ##[group]Run ./.github/actions/setup_env
2025-01-10T13:36:33.8304240Z with:
2025-01-10T13:36:33.8304540Z   os-label: osx-arm64
2025-01-10T13:36:33.8304790Z env:
2025-01-10T13:36:33.8304980Z   CACHE_NUMBER: 0
2025-01-10T13:36:33.8305460Z   PYTEST_FLAGS: --tardis-regression-data=/Users/runner/work/tardis/tardis/tardis-regression-data --cov=tardis --cov-report=xml --cov-report=html --cov-append
2025-01-10T13:36:33.8306410Z   CODECOV_TOKEN: 
2025-01-10T13:36:33.8306560Z ##[endgroup]
2025-01-10T13:36:33.8326210Z ##[group]Run file_hash=$(cat conda-osx-arm64.lock | shasum -a 256 | cut -d' ' -f1)
2025-01-10T13:36:33.8326620Z [36;1mfile_hash=$(cat conda-osx-arm64.lock | shasum -a 256 | cut -d' ' -f1)[0m
2025-01-10T13:36:33.8326980Z [36;1mecho "file_hash=$file_hash" >> "${GITHUB_OUTPUT}"[0m
2025-01-10T13:36:33.8377370Z shell: /bin/bash --noprofile --norc -e -o pipefail {0}
2025-01-10T13:36:33.8377630Z env:
2025-01-10T13:36:33.8377750Z   CACHE_NUMBER: 0
2025-01-10T13:36:33.8378270Z   PYTEST_FLAGS: --tardis-regression-data=/Users/runner/work/tardis/tardis/tardis-regression-data --cov=tardis --cov-report=xml --cov-report=html --cov-append
2025-01-10T13:36:33.8378790Z   CODECOV_TOKEN: 
2025-01-10T13:36:33.8378930Z ##[endgroup]
2025-01-10T13:36:34.0010880Z ##[group]Run mamba-org/setup-micromamba@v1
2025-01-10T13:36:34.0011170Z with:
2025-01-10T13:36:34.0011330Z   environment-file: conda-osx-arm64.lock
2025-01-10T13:36:34.0011690Z   cache-environment-key: 354e2cc8bd515676980814f312c10753c2dc4a43f483398b98b444c582fdd35f
2025-01-10T13:36:34.0012160Z   cache-downloads-key: 354e2cc8bd515676980814f312c10753c2dc4a43f483398b98b444c582fdd35f
2025-01-10T13:36:34.0012500Z   environment-name: tardis
2025-01-10T13:36:34.0012700Z   cache-environment: true
2025-01-10T13:36:34.0012920Z   cache-downloads: true
2025-01-10T13:36:34.0013080Z env:
2025-01-10T13:36:34.0013240Z   CACHE_NUMBER: 0
2025-01-10T13:36:34.0013740Z   PYTEST_FLAGS: --tardis-regression-data=/Users/runner/work/tardis/tardis/tardis-regression-data --cov=tardis --cov-report=xml --cov-report=html --cov-append
2025-01-10T13:36:34.0014340Z   CODECOV_TOKEN: 
2025-01-10T13:36:34.0014490Z ##[endgroup]
2025-01-10T13:36:34.3339680Z Will download micromamba to /Users/runner/micromamba-bin/micromamba
2025-01-10T13:36:34.3344680Z ##[group]Install micromamba
2025-01-10T13:36:35.0551470Z micromamba installed to /Users/runner/micromamba-bin/micromamba
2025-01-10T13:36:35.0554870Z ##[endgroup]
2025-01-10T13:36:35.0557430Z Adding conda-forge to condarc channels ...
2025-01-10T13:36:35.0605880Z ##[group]Initialize micromamba for bash.
2025-01-10T13:36:35.0627840Z [command]/Users/runner/micromamba-bin/micromamba shell init -s bash -r /Users/runner/micromamba --log-level warning --rc-file /Users/runner/work/_temp/setup-micromamba/.condarc
2025-01-10T13:36:35.1094400Z Modifying RC file "/Users/runner/.bash_profile"
2025-01-10T13:36:35.1098710Z Generating config for root prefix [1m"/Users/runner/micromamba"[0m
2025-01-10T13:36:35.1099260Z Setting mamba executable to: [1m"/Users/runner/micromamba-bin/micromamba"[0m
2025-01-10T13:36:35.1099680Z Adding (or replacing) the following in your "/Users/runner/.bash_profile" file
2025-01-10T13:36:35.1099920Z 
2025-01-10T13:36:35.1099990Z # >>> mamba initialize >>>
2025-01-10T13:36:35.1100220Z # !! Contents within this block are managed by 'mamba init' !!
2025-01-10T13:36:35.1100560Z export MAMBA_EXE='/Users/runner/micromamba-bin/micromamba';
2025-01-10T13:36:35.1100860Z export MAMBA_ROOT_PREFIX='/Users/runner/micromamba';
2025-01-10T13:36:35.1101520Z __mamba_setup="$("$MAMBA_EXE" shell hook --shell bash --root-prefix "$MAMBA_ROOT_PREFIX" 2> /dev/null)"
2025-01-10T13:36:35.1102080Z if [ $? -eq 0 ]; then
2025-01-10T13:36:35.1102380Z     eval "$__mamba_setup"
2025-01-10T13:36:35.1103670Z else
2025-01-10T13:36:35.1104040Z     alias micromamba="$MAMBA_EXE"  # Fallback on help from mamba activate
2025-01-10T13:36:35.1104540Z fi
2025-01-10T13:36:35.1104720Z unset __mamba_setup
2025-01-10T13:36:35.1104930Z # <<< mamba initialize <<<
2025-01-10T13:36:35.1105160Z 
2025-01-10T13:36:35.1113890Z ##[endgroup]
2025-01-10T13:36:35.1114940Z ##[group]Restoring downloads from `/Users/runner/micromamba/pkgs` ...
2025-01-10T13:36:36.4931440Z Received 41943040 of 310634157 (13.5%), 39.8 MBs/sec
2025-01-10T13:36:37.4945310Z Received 117440512 of 310634157 (37.8%), 55.7 MBs/sec
2025-01-10T13:36:38.4979940Z Received 167772160 of 310634157 (54.0%), 53.1 MBs/sec
2025-01-10T13:36:39.4998210Z Received 222298112 of 310634157 (71.6%), 52.8 MBs/sec
2025-01-10T13:36:40.5341570Z Received 285212672 of 310634157 (91.8%), 54.0 MBs/sec
2025-01-10T13:36:40.9338550Z Cache Size: ~296 MB (310634157 B)
2025-01-10T13:36:40.9389160Z [command]/opt/homebrew/bin/gtar -xf /Users/runner/work/_temp/1f26cb82-e86a-412f-92db-dbfc2a439176/cache.tzst -P -C /Users/runner/work/tardis/tardis --delay-directory-restore --use-compress-program unzstd
2025-01-10T13:36:41.5268440Z Received 310634157 of 310634157 (100.0%), 49.0 MBs/sec
2025-01-10T13:36:41.7471440Z Cache restored successfully
2025-01-10T13:36:41.7517670Z Restored cache with key `354e2cc8bd515676980814f312c10753c2dc4a43f483398b98b444c582fdd35f-osx-arm64`
2025-01-10T13:36:41.7521760Z ##[endgroup]
2025-01-10T13:36:41.8628650Z ##[group]Restoring environment `tardis` from `/Users/runner/micromamba/envs/tardis` ...
2025-01-10T13:36:43.1942810Z Received 29360128 of 385976706 (7.6%), 28.0 MBs/sec
2025-01-10T13:36:44.1950570Z Received 100663296 of 385976706 (26.1%), 48.0 MBs/sec
2025-01-10T13:36:45.1957420Z Received 159383552 of 385976706 (41.3%), 50.6 MBs/sec
2025-01-10T13:36:46.2019330Z Received 226492416 of 385976706 (58.7%), 54.0 MBs/sec
2025-01-10T13:36:47.1972340Z Received 310378496 of 385976706 (80.4%), 59.2 MBs/sec
2025-01-10T13:36:48.1893830Z Cache Size: ~368 MB (385976706 B)
2025-01-10T13:36:48.1923640Z [command]/opt/homebrew/bin/gtar -xf /Users/runner/work/_temp/6dd0819d-723c-4687-9c61-d14da5babfe7/cache.tzst -P -C /Users/runner/work/tardis/tardis --delay-directory-restore --use-compress-program unzstd
2025-01-10T13:36:48.1982180Z Received 385976706 of 385976706 (100.0%), 61.3 MBs/sec
2025-01-10T13:37:03.1374560Z Cache restored successfully
2025-01-10T13:37:03.1420100Z Restored cache with key `354e2cc8bd515676980814f312c10753c2dc4a43f483398b98b444c582fdd35f-osx-arm64-tardis-args-4f53cda-root-873f6fe-bin-[object Promise]-file-354e2cc8bd515676980814f312c10753c2dc4a43f483398b98b444c582fdd35f`
2025-01-10T13:37:03.1422520Z ##[endgroup]
2025-01-10T13:37:03.1422850Z Adding environment tardis to auto-activate bash ...
2025-01-10T13:37:03.1433540Z Generating micromamba run shell.
2025-01-10T13:37:03.1440430Z ##[endgroup]
2025-01-10T13:37:03.1446560Z Set environment variables.
2025-01-10T13:37:03.1449670Z ##[group]micromamba info
2025-01-10T13:37:03.1452960Z [command]/Users/runner/micromamba-bin/micromamba info -r /Users/runner/micromamba -n tardis
2025-01-10T13:37:03.5645060Z 
2025-01-10T13:37:03.5645490Z        libmamba version : 1.5.10
2025-01-10T13:37:03.5645860Z      micromamba version : 1.5.10
2025-01-10T13:37:03.5646430Z            curl version : libcurl/8.10.1 (OpenSSL/3.3.2) SecureTransport zlib/1.3.1 zstd/1.5.6 libssh2/1.11.0 nghttp2/1.58.0
2025-01-10T13:37:03.5646980Z      libarchive version : libarchive 3.7.4 zlib/1.2.13 bz2lib/1.0.8 libzstd/1.5.6
2025-01-10T13:37:03.5647440Z        envs directories : /Users/runner/micromamba/envs
2025-01-10T13:37:03.5647820Z           package cache : /Users/runner/micromamba/pkgs
2025-01-10T13:37:03.5648200Z                           /Users/runner/.mamba/pkgs
2025-01-10T13:37:03.5648500Z             environment : tardis
2025-01-10T13:37:03.5648920Z            env location : /Users/runner/micromamba/envs/tardis
2025-01-10T13:37:03.5649300Z       user config files : /Users/runner/.mambarc
2025-01-10T13:37:03.5653390Z  populated config files : /Users/runner/work/_temp/setup-micromamba/.condarc
2025-01-10T13:37:03.5653890Z        virtual packages : __unix=0=0
2025-01-10T13:37:03.5654160Z                           __osx=14.7.2=0
2025-01-10T13:37:03.5654480Z                           __archspec=1=arm64
2025-01-10T13:37:03.5654810Z                channels : https://conda.anaconda.org/conda-forge/osx-arm64
2025-01-10T13:37:03.5655250Z                           https://conda.anaconda.org/conda-forge/noarch
2025-01-10T13:37:03.5655570Z        base environment : /Users/runner/micromamba
2025-01-10T13:37:03.5660040Z                platform : osx-arm64
2025-01-10T13:37:03.5660640Z ##[endgroup]
2025-01-10T13:37:03.5661030Z ##[group]micromamba list
2025-01-10T13:37:03.5661690Z [command]/Users/runner/micromamba-bin/micromamba list -r /Users/runner/micromamba -n tardis
2025-01-10T13:37:03.9997920Z List of packages in environment: "/Users/runner/micromamba/envs/tardis"
2025-01-10T13:37:03.9998320Z 
2025-01-10T13:37:03.9998640Z   Name                           Version              Build                    Channel    
2025-01-10T13:37:04.0000950Z â”€â”€â”€â”€â”€â”€â”€â”€â”€â”€â”€â”€â”€â”€â”€â”€â”€â”€â”€â”€â”€â”€â”€â”€â”€â”€â”€â”€â”€â”€â”€â”€â”€â”€â”€â”€â”€â”€â”€â”€â”€â”€â”€â”€â”€â”€â”€â”€â”€â”€â”€â”€â”€â”€â”€â”€â”€â”€â”€â”€â”€â”€â”€â”€â”€â”€â”€â”€â”€â”€â”€â”€â”€â”€â”€â”€â”€â”€â”€â”€â”€â”€â”€â”€â”€â”€â”€â”€â”€â”€â”€â”€
2025-01-10T13:37:04.0001650Z   alabaster                      0.7.16               pyhd8ed1ab_0             conda-forge
2025-01-10T13:37:04.0001980Z   anyio                          4.4.0                pyhd8ed1ab_0             conda-forge
2025-01-10T13:37:04.0002410Z   appnope                        0.1.4                pyhd8ed1ab_1             conda-forge
2025-01-10T13:37:04.0002780Z   argon2-cffi                    23.1.0               pyhd8ed1ab_1             conda-forge
2025-01-10T13:37:04.0003270Z   argon2-cffi-bindings           21.2.0               py312h024a12e_5          conda-forge
2025-01-10T13:37:04.0003660Z   arrow                          1.3.0                pyhd8ed1ab_1             conda-forge
2025-01-10T13:37:04.0004100Z   astropy                        6.1.1                py312hbebd99a_1          conda-forge
2025-01-10T13:37:04.0004500Z   astropy-iers-data              0.2024.6.17.0.31.35  pyhd8ed1ab_0             conda-forge
2025-01-10T13:37:04.0005880Z   astropy-sphinx-theme           1.1                  pyhd8ed1ab_1             conda-forge
2025-01-10T13:37:04.0006420Z   asttokens                      2.4.1                pyhd8ed1ab_0             conda-forge
2025-01-10T13:37:04.0006860Z   async-lru                      2.0.4                pyhd8ed1ab_1             conda-forge
2025-01-10T13:37:04.0007270Z   atk-1.0                        2.38.0               hd03087b_2               conda-forge
2025-01-10T13:37:04.0007760Z   attrs                          23.2.0               pyh71513ae_0             conda-forge
2025-01-10T13:37:04.0008230Z   babel                          2.14.0               pyhd8ed1ab_0             conda-forge
2025-01-10T13:37:04.0008620Z   beautifulsoup4                 4.12.3               pyha770c72_1             conda-forge
2025-01-10T13:37:04.0009090Z   bleach                         6.1.0                pyhd8ed1ab_0             conda-forge
2025-01-10T13:37:04.0009470Z   blosc                          1.21.6               h7dd00d9_1               conda-forge
2025-01-10T13:37:04.0009870Z   brotli                         1.1.0                hd74edd7_2               conda-forge
2025-01-10T13:37:04.0010280Z   brotli-bin                     1.1.0                hd74edd7_2               conda-forge
2025-01-10T13:37:04.0010740Z   brotli-python                  1.1.0                py312hde4cb15_2          conda-forge
2025-01-10T13:37:04.0011830Z   bzip2                          1.0.8                h99b78c6_7               conda-forge
2025-01-10T13:37:04.0012290Z   c-ares                         1.28.1               h93a5062_0               conda-forge
2025-01-10T13:37:04.0012640Z   c-blosc2                       2.15.2               h9cbb436_1               conda-forge
2025-01-10T13:37:04.0013100Z   ca-certificates                2024.12.14           hf0a4a13_0               conda-forge
2025-01-10T13:37:04.0013900Z   cached-property                1.5.2                hd8ed1ab_1               conda-forge
2025-01-10T13:37:04.0014400Z   cached_property                1.5.2                pyha770c72_1             conda-forge
2025-01-10T13:37:04.0014780Z   cairo                          1.18.0               hc6c324b_2               conda-forge
2025-01-10T13:37:04.0015230Z   certifi                        2024.12.14           pyhd8ed1ab_0             conda-forge
2025-01-10T13:37:04.0015610Z   cffi                           1.16.0               py312h8e38eb3_0          conda-forge
2025-01-10T13:37:04.0016190Z   charset-normalizer             3.3.2                pyhd8ed1ab_0             conda-forge
2025-01-10T13:37:04.0016620Z   click                          8.1.7                unix_pyh707e725_1        conda-forge
2025-01-10T13:37:04.0017250Z   codespell                      2.3.0                pyhd8ed1ab_1             conda-forge
2025-01-10T13:37:04.0017730Z   colorama                       0.4.6                pyhd8ed1ab_1             conda-forge
2025-01-10T13:37:04.0018200Z   comm                           0.2.2                pyhd8ed1ab_1             conda-forge
2025-01-10T13:37:04.0018930Z   commonmark                     0.9.1                py_0                     conda-forge
2025-01-10T13:37:04.0019720Z   contourpy                      1.2.1                py312h0fef576_0          conda-forge
2025-01-10T13:37:04.0020940Z   coverage                       7.5.3                py312h7e5086c_0          conda-forge
2025-01-10T13:37:04.0022280Z   cycler                         0.12.1               pyhd8ed1ab_1             conda-forge
2025-01-10T13:37:04.0023110Z   dataclasses                    0.8                  pyhc8e2a94_3             conda-forge
2025-01-10T13:37:04.0023820Z   debugpy                        1.8.1                py312h20a0b95_0          conda-forge
2025-01-10T13:37:04.0024920Z   decorator                      5.1.1                pyhd8ed1ab_1             conda-forge
2025-01-10T13:37:04.0025920Z   defusedxml                     0.7.1                pyhd8ed1ab_0             conda-forge
2025-01-10T13:37:04.0026660Z   docutils                       0.20.1               py312h81bd7bf_3          conda-forge
2025-01-10T13:37:04.0027200Z   dot2tex                        2.11.3               pyhd8ed1ab_1             conda-forge
2025-01-10T13:37:04.0027660Z   entrypoints                    0.4                  pyhd8ed1ab_1             conda-forge
2025-01-10T13:37:04.0028240Z   exceptiongroup                 1.2.0                pyhd8ed1ab_2             conda-forge
2025-01-10T13:37:04.0029400Z   executing                      2.0.1                pyhd8ed1ab_0             conda-forge
2025-01-10T13:37:04.0029780Z   expat                          2.6.2                hebf3989_0               conda-forge
2025-01-10T13:37:04.0030270Z   font-ttf-dejavu-sans-mono      2.37                 hab24e00_0               conda-forge
2025-01-10T13:37:04.0030760Z   font-ttf-inconsolata           3.000                h77eed37_0               conda-forge
2025-01-10T13:37:04.0031950Z   font-ttf-source-code-pro       2.038                h77eed37_0               conda-forge
2025-01-10T13:37:04.0041920Z   font-ttf-ubuntu                0.83                 h77eed37_3               conda-forge
2025-01-10T13:37:04.0042800Z   fontconfig                     2.14.2               h82840c6_0               conda-forge
2025-01-10T13:37:04.0043530Z   fonts-conda-ecosystem          1                    0                        conda-forge
2025-01-10T13:37:04.0044110Z   fonts-conda-forge              1                    0                        conda-forge
2025-01-10T13:37:04.0044680Z   fonttools                      4.53.0               py312h7e5086c_0          conda-forge
2025-01-10T13:37:04.0045910Z   fqdn                           1.5.1                pyhd8ed1ab_1             conda-forge
2025-01-10T13:37:04.0046560Z   freetype                       2.12.1               hadb7bae_2               conda-forge
2025-01-10T13:37:04.0047260Z   fribidi                        1.0.10               h27ca646_0               conda-forge
2025-01-10T13:37:04.0047870Z   future                         1.0.0                pyhd8ed1ab_1             conda-forge
2025-01-10T13:37:04.0048380Z   gdk-pixbuf                     2.42.12              h7ddc832_0               conda-forge
2025-01-10T13:37:04.0050100Z   gettext                        0.22.5               h8414b35_3               conda-forge
2025-01-10T13:37:04.0050590Z   gettext-tools                  0.22.5               h8414b35_3               conda-forge
2025-01-10T13:37:04.0051710Z   giflib                         5.2.2                h93a5062_0               conda-forge
2025-01-10T13:37:04.0052160Z   git-lfs                        3.5.1                h40ddcf5_1               conda-forge
2025-01-10T13:37:04.0052480Z   gmp                            6.3.0                h7bae524_2               conda-forge
2025-01-10T13:37:04.0052930Z   gmpy2                          2.1.5                py312h524cf62_3          conda-forge
2025-01-10T13:37:04.0053340Z   graphite2                      1.3.13               hebf3989_1003            conda-forge
2025-01-10T13:37:04.0053760Z   graphviz                       11.0.0               h9bb9bc9_0               conda-forge
2025-01-10T13:37:04.0054710Z   gtk2                           2.24.33              h7895bb2_4               conda-forge
2025-01-10T13:37:04.0055080Z   gts                            0.7.6                he42f4ea_4               conda-forge
2025-01-10T13:37:04.0055470Z   h11                            0.14.0               pyhd8ed1ab_1             conda-forge
2025-01-10T13:37:04.0055870Z   h2                             4.1.0                pyhd8ed1ab_1             conda-forge
2025-01-10T13:37:04.0056250Z   h5py                           3.11.0               nompi_py312h3cd0824_103  conda-forge
2025-01-10T13:37:04.0056760Z   harfbuzz                       8.5.0                h1836168_0               conda-forge
2025-01-10T13:37:04.0057150Z   hdf5                           1.14.3               nompi_hec07895_105       conda-forge
2025-01-10T13:37:04.0057600Z   hpack                          4.0.0                pyhd8ed1ab_1             conda-forge
2025-01-10T13:37:04.0058060Z   httpcore                       1.0.5                pyhd8ed1ab_0             conda-forge
2025-01-10T13:37:04.0058550Z   httpx                          0.27.0               pyhd8ed1ab_0             conda-forge
2025-01-10T13:37:04.0059070Z   hyperframe                     6.0.1                pyhd8ed1ab_1             conda-forge
2025-01-10T13:37:04.0059440Z   icu                            73.2                 hc8870d7_0               conda-forge
2025-01-10T13:37:04.0059870Z   idna                           3.7                  pyhd8ed1ab_0             conda-forge
2025-01-10T13:37:04.0060400Z   imagesize                      1.4.1                pyhd8ed1ab_0             conda-forge
2025-01-10T13:37:04.0060850Z   importlib-metadata             7.1.0                pyha770c72_0             conda-forge
2025-01-10T13:37:04.0061380Z   importlib_metadata             7.1.0                hd8ed1ab_0               conda-forge
2025-01-10T13:37:04.0061860Z   importlib_resources            6.4.0                pyhd8ed1ab_0             conda-forge
2025-01-10T13:37:04.0062240Z   iniconfig                      2.0.0                pyhd8ed1ab_1             conda-forge
2025-01-10T13:37:04.0062820Z   ipykernel                      6.29.4               pyh57ce528_0             conda-forge
2025-01-10T13:37:04.0063180Z   ipython                        8.25.0               pyh707e725_0             conda-forge
2025-01-10T13:37:04.0063610Z   ipython_genutils               0.2.0                pyhd8ed1ab_2             conda-forge
2025-01-10T13:37:04.0064020Z   ipywidgets                     7.8.0                pyhd8ed1ab_0             conda-forge
2025-01-10T13:37:04.0064580Z   isoduration                    20.11.0              pyhd8ed1ab_1             conda-forge
2025-01-10T13:37:04.0065250Z   jedi                           0.19.1               pyhd8ed1ab_0             conda-forge
2025-01-10T13:37:04.0065840Z   jinja2                         3.1.4                pyhd8ed1ab_1             conda-forge
2025-01-10T13:37:04.0066290Z   json5                          0.9.25               pyhd8ed1ab_0             conda-forge
2025-01-10T13:37:04.0067110Z   jsonpointer                    3.0.0                py312h81bd7bf_1          conda-forge
2025-01-10T13:37:04.0067550Z   jsonschema                     4.22.0               pyhd8ed1ab_0             conda-forge
2025-01-10T13:37:04.0068550Z   jsonschema-specifications      2023.12.1            pyhd8ed1ab_0             conda-forge
2025-01-10T13:37:04.0069100Z   jsonschema-with-format-nongpl  4.22.0               pyhd8ed1ab_0             conda-forge
2025-01-10T13:37:04.0069540Z   jupyter-lsp                    2.2.5                pyhd8ed1ab_1             conda-forge
2025-01-10T13:37:04.0069960Z   jupyter_client                 8.6.2                pyhd8ed1ab_0             conda-forge
2025-01-10T13:37:04.0070360Z   jupyter_core                   5.7.2                pyh31011fe_1             conda-forge
2025-01-10T13:37:04.0070780Z   jupyter_events                 0.10.0               pyhd8ed1ab_1             conda-forge
2025-01-10T13:37:04.0071150Z   jupyter_server                 2.14.1               pyhd8ed1ab_1             conda-forge
2025-01-10T13:37:04.0071630Z   jupyter_server_terminals       0.5.3                pyhd8ed1ab_1             conda-forge
2025-01-10T13:37:04.0072010Z   jupyterlab                     4.2.2                pyhd8ed1ab_0             conda-forge
2025-01-10T13:37:04.0072520Z   jupyterlab_pygments            0.3.0                pyhd8ed1ab_2             conda-forge
2025-01-10T13:37:04.0072930Z   jupyterlab_server              2.27.2               pyhd8ed1ab_0             conda-forge
2025-01-10T13:37:04.0073380Z   jupyterlab_widgets             1.1.7                pyhd8ed1ab_0             conda-forge
2025-01-10T13:37:04.0073740Z   kiwisolver                     1.4.5                py312h6142ec9_2          conda-forge
2025-01-10T13:37:04.0074260Z   krb5                           1.21.2               h92f50d5_0               conda-forge
2025-01-10T13:37:04.0074670Z   latexcodec                     2.0.1                pyh9f0ad1d_0             conda-forge
2025-01-10T13:37:04.0075020Z   lcms2                          2.16                 ha0e7c42_0               conda-forge
2025-01-10T13:37:04.0075420Z   lerc                           4.0.0                h9a09cb3_0               conda-forge
2025-01-10T13:37:04.0075770Z   libaec                         1.1.3                hebf3989_0               conda-forge
2025-01-10T13:37:04.0076170Z   libasprintf                    0.22.5               h8414b35_3               conda-forge
2025-01-10T13:37:04.0076550Z   libasprintf-devel              0.22.5               h8414b35_3               conda-forge
2025-01-10T13:37:04.0077000Z   libblas                        3.9.0                24_osxarm64_openblas     conda-forge
2025-01-10T13:37:04.0077370Z   libbrotlicommon                1.1.0                hd74edd7_2               conda-forge
2025-01-10T13:37:04.0077780Z   libbrotlidec                   1.1.0                hd74edd7_2               conda-forge
2025-01-10T13:37:04.0078160Z   libbrotlienc                   1.1.0                hd74edd7_2               conda-forge
2025-01-10T13:37:04.0078570Z   libcblas                       3.9.0                24_osxarm64_openblas     conda-forge
2025-01-10T13:37:04.0078910Z   libcurl                        8.8.0                h7b6f9a7_0               conda-forge
2025-01-10T13:37:04.0079490Z   libcxx                         19.1.6               ha82da77_1               conda-forge
2025-01-10T13:37:04.0079900Z   libdeflate                     1.20                 h93a5062_0               conda-forge
2025-01-10T13:37:04.0080290Z   libedit                        3.1.20191231         hc8eb9b7_2               conda-forge
2025-01-10T13:37:04.0081220Z   libev                          4.33                 h93a5062_2               conda-forge
2025-01-10T13:37:04.0081610Z   libexpat                       2.6.2                hebf3989_0               conda-forge
2025-01-10T13:37:04.0082010Z   libffi                         3.4.2                h3422bc3_5               conda-forge
2025-01-10T13:37:04.0082420Z   libgd                          2.3.3                hfdf3952_9               conda-forge
2025-01-10T13:37:04.0082960Z   libgettextpo                   0.22.5               h8414b35_3               conda-forge
2025-01-10T13:37:04.0083430Z   libgettextpo-devel             0.22.5               h8414b35_3               conda-forge
2025-01-10T13:37:04.0084120Z   libgfortran                    5.0.0                13_2_0_hd922786_3        conda-forge
2025-01-10T13:37:04.0084570Z   libgfortran5                   13.2.0               hf226fd6_3               conda-forge
2025-01-10T13:37:04.0084980Z   libglib                        2.80.2               h59d46d9_1               conda-forge
2025-01-10T13:37:04.0111410Z   libiconv                       1.17                 h0d3ecfb_2               conda-forge
2025-01-10T13:37:04.0112080Z   libintl                        0.22.5               h8414b35_3               conda-forge
2025-01-10T13:37:04.0112450Z   libintl-devel                  0.22.5               h8414b35_3               conda-forge
2025-01-10T13:37:04.0112920Z   libjpeg-turbo                  3.0.0                hb547adb_1               conda-forge
2025-01-10T13:37:04.0113400Z   liblapack                      3.9.0                24_osxarm64_openblas     conda-forge
2025-01-10T13:37:04.0113810Z   libllvm14                      14.0.6               hd1a9a77_4               conda-forge
2025-01-10T13:37:04.0114110Z   libnghttp2                     1.58.0               ha4dd798_1               conda-forge
2025-01-10T13:37:04.0114470Z   libopenblas                    0.3.27               openmp_h517c56d_1        conda-forge
2025-01-10T13:37:04.0114940Z   libpng                         1.6.43               h091b4b1_0               conda-forge
2025-01-10T13:37:04.0115370Z   librsvg                        2.58.1               hbc281fb_0               conda-forge
2025-01-10T13:37:04.0115840Z   libsodium                      1.0.18               h27ca646_1               conda-forge
2025-01-10T13:37:04.0116290Z   libsqlite                      3.46.0               hfb93653_0               conda-forge
2025-01-10T13:37:04.0116790Z   libssh2                        1.11.0               h7a5bd25_0               conda-forge
2025-01-10T13:37:04.0117280Z   libtiff                        4.6.0                h07db509_3               conda-forge
2025-01-10T13:37:04.0117750Z   libwebp                        1.4.0                h54798ee_0               conda-forge
2025-01-10T13:37:04.0118210Z   libwebp-base                   1.4.0                h93a5062_0               conda-forge
2025-01-10T13:37:04.0118590Z   libxcb                         1.16                 hc9fafa5_1               conda-forge
2025-01-10T13:37:04.0118930Z   libxml2                        2.12.7               h9a80f22_3               conda-forge
2025-01-10T13:37:04.0119350Z   libxslt                        1.1.39               h223e5b9_0               conda-forge
2025-01-10T13:37:04.0119700Z   libzlib                        1.3.1                h8359307_2               conda-forge
2025-01-10T13:37:04.0120120Z   llvm-openmp                    18.1.7               hde57baf_0               conda-forge
2025-01-10T13:37:04.0120500Z   llvmlite                       0.43.0               py312ha9ca408_1          conda-forge
2025-01-10T13:37:04.0120850Z   lxml                           5.2.2                py312h0e5ab22_0          conda-forge
2025-01-10T13:37:04.0121390Z   lz4-c                          1.10.0               h286801f_1               conda-forge
2025-01-10T13:37:04.0121900Z   markupsafe                     2.1.5                py312h024a12e_1          conda-forge
2025-01-10T13:37:04.0123420Z   matplotlib-base                3.8.4                py312h4479663_2          conda-forge
2025-01-10T13:37:04.0123840Z   matplotlib-inline              0.1.7                pyhd8ed1ab_1             conda-forge
2025-01-10T13:37:04.0124250Z   mistune                        3.0.2                pyhd8ed1ab_1             conda-forge
2025-01-10T13:37:04.0124580Z   mpc                            1.3.1                h8f1351a_1               conda-forge
2025-01-10T13:37:04.0124940Z   mpfr                           4.2.1                hb693164_3               conda-forge
2025-01-10T13:37:04.0125230Z   mpmath                         1.3.0                pyhd8ed1ab_1             conda-forge
2025-01-10T13:37:04.0125770Z   munkres                        1.1.4                pyh9f0ad1d_0             conda-forge
2025-01-10T13:37:04.0126150Z   mypy_extensions                1.0.0                pyha770c72_1             conda-forge
2025-01-10T13:37:04.0126610Z   nbclassic                      1.1.0                pyhd8ed1ab_1             conda-forge
2025-01-10T13:37:04.0127110Z   nbclient                       0.10.0               pyhd8ed1ab_0             conda-forge
2025-01-10T13:37:04.0127470Z   nbconvert                      7.16.4               hd8ed1ab_3               conda-forge
2025-01-10T13:37:04.0127860Z   nbconvert-core                 7.16.4               pyhd8ed1ab_3             conda-forge
2025-01-10T13:37:04.0128240Z   nbconvert-pandoc               7.16.4               hd8ed1ab_3               conda-forge
2025-01-10T13:37:04.0128640Z   nbformat                       5.10.4               pyhd8ed1ab_1             conda-forge
2025-01-10T13:37:04.0128980Z   nbsphinx                       0.9.4                pyhd8ed1ab_0             conda-forge
2025-01-10T13:37:04.0129450Z   ncurses                        6.5                  h7bae524_1               conda-forge
2025-01-10T13:37:04.0129860Z   nest-asyncio                   1.6.0                pyhd8ed1ab_1             conda-forge
2025-01-10T13:37:04.0130250Z   networkx                       3.3                  pyhd8ed1ab_1             conda-forge
2025-01-10T13:37:04.0130630Z   notebook                       7.2.1                pyhd8ed1ab_0             conda-forge
2025-01-10T13:37:04.0130940Z   notebook-shim                  0.2.4                pyhd8ed1ab_1             conda-forge
2025-01-10T13:37:04.0131280Z   numba                          0.60.0               py312h41cea2d_0          conda-forge
2025-01-10T13:37:04.0131580Z   numexpr                        2.10.0               py312h8ae5369_0          conda-forge
2025-01-10T13:37:04.0131880Z   numpy                          2.0.2                py312h94ee1e1_1          conda-forge
2025-01-10T13:37:04.0132280Z   numpydoc                       1.7.0                pyhd8ed1ab_3             conda-forge
2025-01-10T13:37:04.0132670Z   openjpeg                       2.5.2                h9f1df11_0               conda-forge
2025-01-10T13:37:04.0132970Z   openssl                        3.4.0                h81ee809_1               conda-forge
2025-01-10T13:37:04.0133350Z   overrides                      7.7.0                pyhd8ed1ab_1             conda-forge
2025-01-10T13:37:04.0133750Z   packaging                      24.1                 pyhd8ed1ab_0             conda-forge
2025-01-10T13:37:04.0134100Z   pandas                         2.2.2                py312h8ae5369_1          conda-forge
2025-01-10T13:37:04.0134390Z   pandoc                         3.2.1                hce30654_0               conda-forge
2025-01-10T13:37:04.0134690Z   pandocfilters                  1.5.0                pyhd8ed1ab_0             conda-forge
2025-01-10T13:37:04.0134980Z   pango                          1.54.0               h5cb9fbc_0               conda-forge
2025-01-10T13:37:04.0135250Z   parso                          0.8.4                pyhd8ed1ab_1             conda-forge
2025-01-10T13:37:04.0135520Z   pathspec                       0.12.1               pyhd8ed1ab_1             conda-forge
2025-01-10T13:37:04.0135950Z   pbr                            6.0.0                pyhd8ed1ab_0             conda-forge
2025-01-10T13:37:04.0136230Z   pcre2                          10.44                h297a79d_2               conda-forge
2025-01-10T13:37:04.0136520Z   pexpect                        4.9.0                pyhd8ed1ab_1             conda-forge
2025-01-10T13:37:04.0136800Z   pickleshare                    0.7.5                pyhd8ed1ab_1004          conda-forge
2025-01-10T13:37:04.0137090Z   pillow                         10.3.0               py312h39b1d8d_1          conda-forge
2025-01-10T13:37:04.0137350Z   pip                            24.0                 pyhd8ed1ab_0             conda-forge
2025-01-10T13:37:04.0137910Z   pixman                         0.43.4               hebf3989_0               conda-forge
2025-01-10T13:37:04.0138220Z   pkgutil-resolve-name           1.3.10               pyhd8ed1ab_2             conda-forge
2025-01-10T13:37:04.0138550Z   platformdirs                   4.2.2                pyhd8ed1ab_0             conda-forge
2025-01-10T13:37:04.0138850Z   plotly                         5.22.0               pyhd8ed1ab_0             conda-forge
2025-01-10T13:37:04.0139120Z   pluggy                         1.5.0                pyhd8ed1ab_1             conda-forge
2025-01-10T13:37:04.0139420Z   prometheus_client              0.20.0               pyhd8ed1ab_0             conda-forge
2025-01-10T13:37:04.0139740Z   prompt-toolkit                 3.0.47               pyha770c72_0             conda-forge
2025-01-10T13:37:04.0140040Z   psutil                         5.9.8                py312he37b823_0          conda-forge
2025-01-10T13:37:04.0140330Z   pthread-stubs                  0.4                  hd74edd7_1002            conda-forge
2025-01-10T13:37:04.0140640Z   ptyprocess                     0.7.0                pyhd8ed1ab_1             conda-forge
2025-01-10T13:37:04.0140930Z   pure_eval                      0.2.2                pyhd8ed1ab_0             conda-forge
2025-01-10T13:37:04.0141210Z   py-cpuinfo                     9.0.0                pyhd8ed1ab_1             conda-forge
2025-01-10T13:37:04.0141500Z   pybtex                         0.24.0               pyhd8ed1ab_3             conda-forge
2025-01-10T13:37:04.0141800Z   pybtex-docutils                1.0.3                py312h81bd7bf_2          conda-forge
2025-01-10T13:37:04.0142100Z   pycparser                      2.22                 pyh29332c3_1             conda-forge
2025-01-10T13:37:04.0142380Z   pyerfa                         2.0.1.4              py312h755e627_2          conda-forge
2025-01-10T13:37:04.0142650Z   pygments                       2.18.0               pyhd8ed1ab_1             conda-forge
2025-01-10T13:37:04.0142960Z   pygraphviz                     1.13                 py312h5f4d302_1          conda-forge
2025-01-10T13:37:04.0143250Z   pyobjc-core                    10.3.1               py312hd24fc31_1          conda-forge
2025-01-10T13:37:04.0143560Z   pyobjc-framework-cocoa         10.3.1               py312hd24fc31_1          conda-forge
2025-01-10T13:37:04.0144060Z   pyparsing                      3.1.2                pyhd8ed1ab_0             conda-forge
2025-01-10T13:37:04.0144350Z   pysocks                        1.7.1                pyha55dd90_7             conda-forge
2025-01-10T13:37:04.0144640Z   pytables                       3.10.2               py312h2ca37b8_0          conda-forge
2025-01-10T13:37:04.0144920Z   pytest                         8.2.2                pyhd8ed1ab_0             conda-forge
2025-01-10T13:37:04.0145190Z   pytest-cov                     5.0.0                pyhd8ed1ab_0             conda-forge
2025-01-10T13:37:04.0145520Z   pytest-doctestplus             1.2.1                pyhd8ed1ab_0             conda-forge
2025-01-10T13:37:04.0145840Z   pytest-html                    4.1.1                pyhd8ed1ab_1             conda-forge
2025-01-10T13:37:04.0146140Z   pytest-metadata                3.1.1                pyhd8ed1ab_1             conda-forge
2025-01-10T13:37:04.0146440Z   python                         3.12.4               h30c5eda_0_cpython       conda-forge
2025-01-10T13:37:04.0147010Z   python-dateutil                2.9.0.post0          pyhff2d567_1             conda-forge
2025-01-10T13:37:04.0147550Z   python-fastjsonschema          2.20.0               pyhd8ed1ab_0             conda-forge
2025-01-10T13:37:04.0147900Z   python-json-logger             2.0.7                pyhd8ed1ab_0             conda-forge
2025-01-10T13:37:04.0148220Z   python-tzdata                  2024.1               pyhd8ed1ab_0             conda-forge
2025-01-10T13:37:04.0148530Z   python_abi                     3.12                 5_cp312                  conda-forge
2025-01-10T13:37:04.0148940Z   pytz                           2024.1               pyhd8ed1ab_0             conda-forge
2025-01-10T13:37:04.0149230Z   pyyaml                         6.0.1                py312h02f2b3b_1          conda-forge
2025-01-10T13:37:04.0149500Z   pyzmq                          26.0.3               py312hfa13136_0          conda-forge
2025-01-10T13:37:04.0149800Z   qgrid                          1.3.1                pyhd8ed1ab_4             conda-forge
2025-01-10T13:37:04.0150110Z   radioactivedecay               0.5.1                pyhd8ed1ab_1             conda-forge
2025-01-10T13:37:04.0150410Z   readline                       8.2                  h92ec313_1               conda-forge
2025-01-10T13:37:04.0150720Z   recommonmark                   0.7.1                pyhd8ed1ab_1             conda-forge
2025-01-10T13:37:04.0151060Z   referencing                    0.35.1               pyhd8ed1ab_1             conda-forge
2025-01-10T13:37:04.0151470Z   requests                       2.32.3               pyhd8ed1ab_1             conda-forge
2025-01-10T13:37:04.0151860Z   rfc3339-validator              0.1.4                pyhd8ed1ab_1             conda-forge
2025-01-10T13:37:04.0152170Z   rfc3986-validator              0.1.1                pyh9f0ad1d_0             conda-forge
2025-01-10T13:37:04.0152470Z   rpds-py                        0.18.1               py312h552d48e_0          conda-forge
2025-01-10T13:37:04.0152800Z   ruff                           0.4.9                py312h3402d49_0          conda-forge
2025-01-10T13:37:04.0153080Z   scipy                          1.13.1               py312h14ffa8f_0          conda-forge
2025-01-10T13:37:04.0153400Z   send2trash                     1.8.3                pyh31c8845_1             conda-forge
2025-01-10T13:37:04.0153790Z   setuptools                     70.0.0               pyhd8ed1ab_0             conda-forge
2025-01-10T13:37:04.0154230Z   setuptools-scm                 8.1.0                pyhd8ed1ab_1             conda-forge
2025-01-10T13:37:04.0154620Z   setuptools_scm                 8.1.0                hd8ed1ab_1               conda-forge
2025-01-10T13:37:04.0154910Z   six                            1.16.0               pyhd8ed1ab_1             conda-forge
2025-01-10T13:37:04.0155200Z   snakeviz                       2.2.0                pyhd8ed1ab_0             conda-forge
2025-01-10T13:37:04.0155490Z   snappy                         1.2.1                h98b9ce2_1               conda-forge
2025-01-10T13:37:04.0155870Z   sniffio                        1.3.1                pyhd8ed1ab_1             conda-forge
2025-01-10T13:37:04.0156370Z   snowballstemmer                2.2.0                pyhd8ed1ab_0             conda-forge
2025-01-10T13:37:04.0156690Z   soupsieve                      2.5                  pyhd8ed1ab_1             conda-forge
2025-01-10T13:37:04.0157100Z   sphinx                         7.3.7                pyhd8ed1ab_0             conda-forge
2025-01-10T13:37:04.0157510Z   sphinx-astropy                 1.9.1                pyhd8ed1ab_1             conda-forge
2025-01-10T13:37:04.0157840Z   sphinx-automodapi              0.17.0               pyh717bed2_1             conda-forge
2025-01-10T13:37:04.0158200Z   sphinx-gallery                 0.16.0               pyhd8ed1ab_0             conda-forge
2025-01-10T13:37:04.0158600Z   sphinx-jsonschema              1.19.1               pyhd8ed1ab_1             conda-forge
2025-01-10T13:37:04.0159250Z   sphinx_bootstrap_theme         0.8.1                pyhd8ed1ab_1             conda-forge
2025-01-10T13:37:04.0159690Z   sphinx_rtd_theme               2.0.0                pyha770c72_0             conda-forge
2025-01-10T13:37:04.0160180Z   sphinxcontrib-apidoc           0.3.0                py_1                     conda-forge
2025-01-10T13:37:04.0160740Z   sphinxcontrib-applehelp        1.0.8                pyhd8ed1ab_0             conda-forge
2025-01-10T13:37:04.0161320Z   sphinxcontrib-bibtex           2.6.2                pyhd8ed1ab_0             conda-forge
2025-01-10T13:37:04.0161880Z   sphinxcontrib-devhelp          1.0.6                pyhd8ed1ab_0             conda-forge
2025-01-10T13:37:04.0162260Z   sphinxcontrib-htmlhelp         2.0.5                pyhd8ed1ab_0             conda-forge
2025-01-10T13:37:04.0162640Z   sphinxcontrib-jquery           4.1                  pyhd8ed1ab_1             conda-forge
2025-01-10T13:37:04.0163010Z   sphinxcontrib-jsmath           1.0.1                pyhd8ed1ab_1             conda-forge
2025-01-10T13:37:04.0163370Z   sphinxcontrib-qthelp           1.0.7                pyhd8ed1ab_0             conda-forge
2025-01-10T13:37:04.0163760Z   sphinxcontrib-serializinghtml  1.1.10               pyhd8ed1ab_1             conda-forge
2025-01-10T13:37:04.0164130Z   stack_data                     0.6.2                pyhd8ed1ab_0             conda-forge
2025-01-10T13:37:04.0164480Z   sympy                          1.12.1               pypyh2585a3b_103         conda-forge
2025-01-10T13:37:04.0164780Z   tabulate                       0.9.0                pyhd8ed1ab_2             conda-forge
2025-01-10T13:37:04.0165080Z   tenacity                       8.4.1                pyhd8ed1ab_0             conda-forge
2025-01-10T13:37:04.0165400Z   terminado                      0.18.1               pyh31c8845_0             conda-forge
2025-01-10T13:37:04.0165720Z   tinycss2                       1.3.0                pyhd8ed1ab_0             conda-forge
2025-01-10T13:37:04.0166010Z   tk                             8.6.13               h5083fa2_1               conda-forge
2025-01-10T13:37:04.0166290Z   toml                           0.10.2               pyhd8ed1ab_1             conda-forge
2025-01-10T13:37:04.0166570Z   tomli                          2.0.1                pyhd8ed1ab_0             conda-forge
2025-01-10T13:37:04.0166870Z   tornado                        6.4.1                py312h024a12e_1          conda-forge
2025-01-10T13:37:04.0167220Z   tqdm                           4.66.4               pyhd8ed1ab_0             conda-forge
2025-01-10T13:37:04.0167510Z   traitlets                      5.14.3               pyhd8ed1ab_1             conda-forge
2025-01-10T13:37:04.0167820Z   typed-ast                      1.5.5                py312h02f2b3b_1          conda-forge
2025-01-10T13:37:04.0168260Z   types-python-dateutil          2.9.0.20240316       pyhd8ed1ab_0             conda-forge
2025-01-10T13:37:04.0168610Z   typing-extensions              4.12.2               hd8ed1ab_1               conda-forge
2025-01-10T13:37:04.0168940Z   typing_extensions              4.12.2               pyha770c72_1             conda-forge
2025-01-10T13:37:04.0169250Z   typing_utils                   0.1.0                pyhd8ed1ab_1             conda-forge
2025-01-10T13:37:04.0169540Z   tzdata                         2024a                h8827d51_1               conda-forge
2025-01-10T13:37:04.0169840Z   uri-template                   1.3.0                pyhd8ed1ab_1             conda-forge
2025-01-10T13:37:04.0170130Z   urllib3                        2.2.2                pyhd8ed1ab_1             conda-forge
2025-01-10T13:37:04.0170400Z   wcwidth                        0.2.13               pyhd8ed1ab_1             conda-forge
2025-01-10T13:37:04.0170690Z   webcolors                      24.6.0               pyhd8ed1ab_0             conda-forge
2025-01-10T13:37:04.0170980Z   webencodings                   0.5.1                pyhd8ed1ab_3             conda-forge
2025-01-10T13:37:04.0171420Z   websocket-client               1.8.0                pyhd8ed1ab_1             conda-forge
2025-01-10T13:37:04.0171730Z   wheel                          0.43.0               pyhd8ed1ab_1             conda-forge
2025-01-10T13:37:04.0172050Z   widgetsnbextension             3.6.6                pyhd8ed1ab_0             conda-forge
2025-01-10T13:37:04.0172360Z   xorg-libxau                    1.0.11               hd74edd7_1               conda-forge
2025-01-10T13:37:04.0172650Z   xorg-libxdmcp                  1.1.3                hd74edd7_2               conda-forge
2025-01-10T13:37:04.0173020Z   xz                             5.2.6                h57fd34a_0               conda-forge
2025-01-10T13:37:04.0173290Z   yaml                           0.2.5                h3422bc3_2               conda-forge
2025-01-10T13:37:04.0173570Z   zeromq                         4.3.5                hcc0f68c_4               conda-forge
2025-01-10T13:37:04.0173830Z   zipp                           3.19.2               pyhd8ed1ab_0             conda-forge
2025-01-10T13:37:04.0174100Z   zlib                           1.3.1                h8359307_2               conda-forge
2025-01-10T13:37:04.0174350Z   zlib-ng                        2.2.3                h13dfb9a_0               conda-forge
2025-01-10T13:37:04.0174630Z   zstandard                      0.23.0               py312h15fbf35_1          conda-forge
2025-01-10T13:37:04.0174900Z   zstd                           1.5.6                hb46c0d2_0               conda-forge
2025-01-10T13:37:04.0175350Z ##[endgroup]
2025-01-10T13:37:04.0321580Z ##[group]Run pip install -e . --user
2025-01-10T13:37:04.0321830Z [36;1mpip install -e . --user[0m
2025-01-10T13:37:04.1757070Z shell: /bin/bash -l {0}
2025-01-10T13:37:04.1757250Z env:
2025-01-10T13:37:04.1757390Z   CACHE_NUMBER: 0
2025-01-10T13:37:04.1757880Z   PYTEST_FLAGS: --tardis-regression-data=/Users/runner/work/tardis/tardis/tardis-regression-data --cov=tardis --cov-report=xml --cov-report=html --cov-append
2025-01-10T13:37:04.1758400Z   CODECOV_TOKEN: 
2025-01-10T13:37:04.1758580Z   MAMBA_ROOT_PREFIX: /Users/runner/micromamba
2025-01-10T13:37:04.1758820Z   MAMBA_EXE: /Users/runner/micromamba-bin/micromamba
2025-01-10T13:37:04.1759100Z   CONDARC: /Users/runner/work/_temp/setup-micromamba/.condarc
2025-01-10T13:37:04.1759340Z ##[endgroup]
2025-01-10T13:37:05.1922930Z Obtaining file:///Users/runner/work/tardis/tardis
2025-01-10T13:37:05.1945670Z   Installing build dependencies: started
2025-01-10T13:37:08.0775930Z   Installing build dependencies: finished with status 'done'
2025-01-10T13:37:08.0877290Z   Checking if build backend supports build_editable: started
2025-01-10T13:37:08.2471920Z   Checking if build backend supports build_editable: finished with status 'done'
2025-01-10T13:37:08.2484350Z   Getting requirements to build editable: started
2025-01-10T13:37:08.7655910Z   Getting requirements to build editable: finished with status 'done'
2025-01-10T13:37:08.7668290Z   Preparing editable metadata (pyproject.toml): started
2025-01-10T13:37:09.5392350Z   Preparing editable metadata (pyproject.toml): finished with status 'done'
2025-01-10T13:37:09.6001100Z Requirement already satisfied: astropy in /Users/runner/micromamba/envs/tardis/lib/python3.12/site-packages (from tardis==0.0.0) (6.1.1)
2025-01-10T13:37:09.6335340Z Requirement already satisfied: numpy>=1.23 in /Users/runner/micromamba/envs/tardis/lib/python3.12/site-packages (from astropy->tardis==0.0.0) (2.0.2)
2025-01-10T13:37:09.6345510Z Requirement already satisfied: pyerfa>=2.0.1.1 in /Users/runner/micromamba/envs/tardis/lib/python3.12/site-packages (from astropy->tardis==0.0.0) (2.0.1.4)
2025-01-10T13:37:09.6354020Z Requirement already satisfied: astropy-iers-data>=0.2024.5.27.0.30.8 in /Users/runner/micromamba/envs/tardis/lib/python3.12/site-packages (from astropy->tardis==0.0.0) (0.2024.6.17.0.31.35)
2025-01-10T13:37:09.6362760Z Requirement already satisfied: PyYAML>=3.13 in /Users/runner/micromamba/envs/tardis/lib/python3.12/site-packages (from astropy->tardis==0.0.0) (6.0.1)
2025-01-10T13:37:09.6383890Z Requirement already satisfied: packaging>=19.0 in /Users/runner/micromamba/envs/tardis/lib/python3.12/site-packages (from astropy->tardis==0.0.0) (24.1)
2025-01-10T13:37:09.6461350Z Building wheels for collected packages: tardis
2025-01-10T13:37:09.6545700Z   Building editable for tardis (pyproject.toml): started
2025-01-10T13:37:10.7410790Z   Building editable for tardis (pyproject.toml): finished with status 'done'
2025-01-10T13:37:10.7423410Z   Created wheel for tardis: filename=tardis-0.0.0-0.editable-py3-none-any.whl size=8878 sha256=aa543bf1cd1c2dedd19e58e24e22054052be91b0bee20fe708434d9be9ecfe60
2025-01-10T13:37:10.7425840Z   Stored in directory: /private/var/folders/ml/x_tvfgn50_s7p67dm1ypcqqm0000gn/T/pip-ephem-wheel-cache-cm2vt041/wheels/bb/4f/6a/0829b918c1c10bc28535ce7f14be21eee54375bdd9cd0c306a
2025-01-10T13:37:10.7478930Z Successfully built tardis
2025-01-10T13:37:11.6167790Z Installing collected packages: tardis
2025-01-10T13:37:11.6470310Z Successfully installed tardis-0.0.0
2025-01-10T13:37:12.1515830Z ##[group]Run pip install qgridnext
2025-01-10T13:37:12.1516360Z [36;1mpip install qgridnext[0m
2025-01-10T13:37:12.1645190Z shell: /bin/bash -l {0}
2025-01-10T13:37:12.1645560Z env:
2025-01-10T13:37:12.1645790Z   CACHE_NUMBER: 0
2025-01-10T13:37:12.1646470Z   PYTEST_FLAGS: --tardis-regression-data=/Users/runner/work/tardis/tardis/tardis-regression-data --cov=tardis --cov-report=xml --cov-report=html --cov-append
2025-01-10T13:37:12.1647080Z   CODECOV_TOKEN: 
2025-01-10T13:37:12.1647390Z   MAMBA_ROOT_PREFIX: /Users/runner/micromamba
2025-01-10T13:37:12.1647740Z   MAMBA_EXE: /Users/runner/micromamba-bin/micromamba
2025-01-10T13:37:12.1648180Z   CONDARC: /Users/runner/work/_temp/setup-micromamba/.condarc
2025-01-10T13:37:12.1648510Z ##[endgroup]
2025-01-10T13:37:13.1794960Z Collecting qgridnext
2025-01-10T13:37:13.2135080Z   Downloading qgridnext-2.0.4-py3-none-any.whl.metadata (9.9 kB)
2025-01-10T13:37:13.2398490Z Requirement already satisfied: pandas>=0.20.0 in /Users/runner/micromamba/envs/tardis/lib/python3.12/site-packages (from qgridnext) (2.2.2)
2025-01-10T13:37:13.2404790Z Requirement already satisfied: ipywidgets>=7.0.0 in /Users/runner/micromamba/envs/tardis/lib/python3.12/site-packages (from qgridnext) (7.8.0)
2025-01-10T13:37:13.2412490Z Requirement already satisfied: numpy in /Users/runner/micromamba/envs/tardis/lib/python3.12/site-packages (from qgridnext) (2.0.2)
2025-01-10T13:37:13.2422360Z Requirement already satisfied: traitlets in /Users/runner/micromamba/envs/tardis/lib/python3.12/site-packages (from qgridnext) (5.14.3)
2025-01-10T13:37:13.2475270Z Requirement already satisfied: comm>=0.1.3 in /Users/runner/micromamba/envs/tardis/lib/python3.12/site-packages (from ipywidgets>=7.0.0->qgridnext) (0.2.2)
2025-01-10T13:37:13.2480290Z Requirement already satisfied: ipython-genutils~=0.2.0 in /Users/runner/micromamba/envs/tardis/lib/python3.12/site-packages (from ipywidgets>=7.0.0->qgridnext) (0.2.0)
2025-01-10T13:37:13.2489650Z Requirement already satisfied: widgetsnbextension~=3.6.5 in /Users/runner/micromamba/envs/tardis/lib/python3.12/site-packages (from ipywidgets>=7.0.0->qgridnext) (3.6.6)
2025-01-10T13:37:13.2498780Z Requirement already satisfied: ipython>=4.0.0 in /Users/runner/micromamba/envs/tardis/lib/python3.12/site-packages (from ipywidgets>=7.0.0->qgridnext) (8.25.0)
2025-01-10T13:37:13.2508540Z Requirement already satisfied: jupyterlab-widgets<3,>=1.0.0 in /Users/runner/micromamba/envs/tardis/lib/python3.12/site-packages (from ipywidgets>=7.0.0->qgridnext) (1.1.7)
2025-01-10T13:37:13.2797930Z Requirement already satisfied: python-dateutil>=2.8.2 in /Users/runner/micromamba/envs/tardis/lib/python3.12/site-packages (from pandas>=0.20.0->qgridnext) (2.9.0.post0)
2025-01-10T13:37:13.2806780Z Requirement already satisfied: pytz>=2020.1 in /Users/runner/micromamba/envs/tardis/lib/python3.12/site-packages (from pandas>=0.20.0->qgridnext) (2024.1)
2025-01-10T13:37:13.2812370Z Requirement already satisfied: tzdata>=2022.7 in /Users/runner/micromamba/envs/tardis/lib/python3.12/site-packages (from pandas>=0.20.0->qgridnext) (2024.1)
2025-01-10T13:37:13.3017680Z Requirement already satisfied: decorator in /Users/runner/micromamba/envs/tardis/lib/python3.12/site-packages (from ipython>=4.0.0->ipywidgets>=7.0.0->qgridnext) (5.1.1)
2025-01-10T13:37:13.3028330Z Requirement already satisfied: jedi>=0.16 in /Users/runner/micromamba/envs/tardis/lib/python3.12/site-packages (from ipython>=4.0.0->ipywidgets>=7.0.0->qgridnext) (0.19.1)
2025-01-10T13:37:13.3033980Z Requirement already satisfied: matplotlib-inline in /Users/runner/micromamba/envs/tardis/lib/python3.12/site-packages (from ipython>=4.0.0->ipywidgets>=7.0.0->qgridnext) (0.1.7)
2025-01-10T13:37:13.3040100Z Requirement already satisfied: prompt-toolkit<3.1.0,>=3.0.41 in /Users/runner/micromamba/envs/tardis/lib/python3.12/site-packages (from ipython>=4.0.0->ipywidgets>=7.0.0->qgridnext) (3.0.47)
2025-01-10T13:37:13.3046170Z Requirement already satisfied: pygments>=2.4.0 in /Users/runner/micromamba/envs/tardis/lib/python3.12/site-packages (from ipython>=4.0.0->ipywidgets>=7.0.0->qgridnext) (2.18.0)
2025-01-10T13:37:13.3051940Z Requirement already satisfied: stack-data in /Users/runner/micromamba/envs/tardis/lib/python3.12/site-packages (from ipython>=4.0.0->ipywidgets>=7.0.0->qgridnext) (0.6.2)
2025-01-10T13:37:13.3064640Z Requirement already satisfied: pexpect>4.3 in /Users/runner/micromamba/envs/tardis/lib/python3.12/site-packages (from ipython>=4.0.0->ipywidgets>=7.0.0->qgridnext) (4.9.0)
2025-01-10T13:37:13.3098290Z Requirement already satisfied: six>=1.5 in /Users/runner/micromamba/envs/tardis/lib/python3.12/site-packages (from python-dateutil>=2.8.2->pandas>=0.20.0->qgridnext) (1.16.0)
2025-01-10T13:37:13.3131810Z Requirement already satisfied: notebook>=4.4.1 in /Users/runner/micromamba/envs/tardis/lib/python3.12/site-packages (from widgetsnbextension~=3.6.5->ipywidgets>=7.0.0->qgridnext) (7.2.1)
2025-01-10T13:37:13.3256090Z Requirement already satisfied: parso<0.9.0,>=0.8.3 in /Users/runner/micromamba/envs/tardis/lib/python3.12/site-packages (from jedi>=0.16->ipython>=4.0.0->ipywidgets>=7.0.0->qgridnext) (0.8.4)
2025-01-10T13:37:13.3350770Z Requirement already satisfied: jupyter-server<3,>=2.4.0 in /Users/runner/micromamba/envs/tardis/lib/python3.12/site-packages (from notebook>=4.4.1->widgetsnbextension~=3.6.5->ipywidgets>=7.0.0->qgridnext) (2.14.1)
2025-01-10T13:37:13.3360150Z Requirement already satisfied: jupyterlab-server<3,>=2.27.1 in /Users/runner/micromamba/envs/tardis/lib/python3.12/site-packages (from notebook>=4.4.1->widgetsnbextension~=3.6.5->ipywidgets>=7.0.0->qgridnext) (2.27.2)
2025-01-10T13:37:13.3371400Z Requirement already satisfied: jupyterlab<4.3,>=4.2.0 in /Users/runner/micromamba/envs/tardis/lib/python3.12/site-packages (from notebook>=4.4.1->widgetsnbextension~=3.6.5->ipywidgets>=7.0.0->qgridnext) (4.2.2)
2025-01-10T13:37:13.3379310Z Requirement already satisfied: notebook-shim<0.3,>=0.2 in /Users/runner/micromamba/envs/tardis/lib/python3.12/site-packages (from notebook>=4.4.1->widgetsnbextension~=3.6.5->ipywidgets>=7.0.0->qgridnext) (0.2.4)
2025-01-10T13:37:13.3384870Z Requirement already satisfied: tornado>=6.2.0 in /Users/runner/micromamba/envs/tardis/lib/python3.12/site-packages (from notebook>=4.4.1->widgetsnbextension~=3.6.5->ipywidgets>=7.0.0->qgridnext) (6.4.1)
2025-01-10T13:37:13.3413590Z Requirement already satisfied: ptyprocess>=0.5 in /Users/runner/micromamba/envs/tardis/lib/python3.12/site-packages (from pexpect>4.3->ipython>=4.0.0->ipywidgets>=7.0.0->qgridnext) (0.7.0)
2025-01-10T13:37:13.3515730Z Requirement already satisfied: wcwidth in /Users/runner/micromamba/envs/tardis/lib/python3.12/site-packages (from prompt-toolkit<3.1.0,>=3.0.41->ipython>=4.0.0->ipywidgets>=7.0.0->qgridnext) (0.2.13)
2025-01-10T13:37:13.3653370Z Requirement already satisfied: executing>=1.2.0 in /Users/runner/micromamba/envs/tardis/lib/python3.12/site-packages (from stack-data->ipython>=4.0.0->ipywidgets>=7.0.0->qgridnext) (2.0.1)
2025-01-10T13:37:13.3757520Z Requirement already satisfied: asttokens>=2.1.0 in /Users/runner/micromamba/envs/tardis/lib/python3.12/site-packages (from stack-data->ipython>=4.0.0->ipywidgets>=7.0.0->qgridnext) (2.4.1)
2025-01-10T13:37:13.3860050Z Requirement already satisfied: pure-eval in /Users/runner/micromamba/envs/tardis/lib/python3.12/site-packages (from stack-data->ipython>=4.0.0->ipywidgets>=7.0.0->qgridnext) (0.2.2)
2025-01-10T13:37:13.3962480Z Requirement already satisfied: anyio>=3.1.0 in /Users/runner/micromamba/envs/tardis/lib/python3.12/site-packages (from jupyter-server<3,>=2.4.0->notebook>=4.4.1->widgetsnbextension~=3.6.5->ipywidgets>=7.0.0->qgridnext) (4.4.0)
2025-01-10T13:37:13.4067100Z Requirement already satisfied: argon2-cffi>=21.1 in /Users/runner/micromamba/envs/tardis/lib/python3.12/site-packages (from jupyter-server<3,>=2.4.0->notebook>=4.4.1->widgetsnbextension~=3.6.5->ipywidgets>=7.0.0->qgridnext) (23.1.0)
2025-01-10T13:37:13.4173550Z Requirement already satisfied: jinja2>=3.0.3 in /Users/runner/micromamba/envs/tardis/lib/python3.12/site-packages (from jupyter-server<3,>=2.4.0->notebook>=4.4.1->widgetsnbextension~=3.6.5->ipywidgets>=7.0.0->qgridnext) (3.1.4)
2025-01-10T13:37:13.4277600Z Requirement already satisfied: jupyter-client>=7.4.4 in /Users/runner/micromamba/envs/tardis/lib/python3.12/site-packages (from jupyter-server<3,>=2.4.0->notebook>=4.4.1->widgetsnbextension~=3.6.5->ipywidgets>=7.0.0->qgridnext) (8.6.2)
2025-01-10T13:37:13.4381140Z Requirement already satisfied: jupyter-core!=5.0.*,>=4.12 in /Users/runner/micromamba/envs/tardis/lib/python3.12/site-packages (from jupyter-server<3,>=2.4.0->notebook>=4.4.1->widgetsnbextension~=3.6.5->ipywidgets>=7.0.0->qgridnext) (5.7.2)
2025-01-10T13:37:13.4488760Z Requirement already satisfied: jupyter-events>=0.9.0 in /Users/runner/micromamba/envs/tardis/lib/python3.12/site-packages (from jupyter-server<3,>=2.4.0->notebook>=4.4.1->widgetsnbextension~=3.6.5->ipywidgets>=7.0.0->qgridnext) (0.10.0)
2025-01-10T13:37:13.4601180Z Requirement already satisfied: jupyter-server-terminals>=0.4.4 in /Users/runner/micromamba/envs/tardis/lib/python3.12/site-packages (from jupyter-server<3,>=2.4.0->notebook>=4.4.1->widgetsnbextension~=3.6.5->ipywidgets>=7.0.0->qgridnext) (0.5.3)
2025-01-10T13:37:13.4709150Z Requirement already satisfied: nbconvert>=6.4.4 in /Users/runner/micromamba/envs/tardis/lib/python3.12/site-packages (from jupyter-server<3,>=2.4.0->notebook>=4.4.1->widgetsnbextension~=3.6.5->ipywidgets>=7.0.0->qgridnext) (7.16.4)
2025-01-10T13:37:13.4812620Z Requirement already satisfied: nbformat>=5.3.0 in /Users/runner/micromamba/envs/tardis/lib/python3.12/site-packages (from jupyter-server<3,>=2.4.0->notebook>=4.4.1->widgetsnbextension~=3.6.5->ipywidgets>=7.0.0->qgridnext) (5.10.4)
2025-01-10T13:37:13.4914990Z Requirement already satisfied: overrides>=5.0 in /Users/runner/micromamba/envs/tardis/lib/python3.12/site-packages (from jupyter-server<3,>=2.4.0->notebook>=4.4.1->widgetsnbextension~=3.6.5->ipywidgets>=7.0.0->qgridnext) (7.7.0)
2025-01-10T13:37:13.5018850Z Requirement already satisfied: packaging>=22.0 in /Users/runner/micromamba/envs/tardis/lib/python3.12/site-packages (from jupyter-server<3,>=2.4.0->notebook>=4.4.1->widgetsnbextension~=3.6.5->ipywidgets>=7.0.0->qgridnext) (24.1)
2025-01-10T13:37:13.5122570Z Requirement already satisfied: prometheus-client>=0.9 in /Users/runner/micromamba/envs/tardis/lib/python3.12/site-packages (from jupyter-server<3,>=2.4.0->notebook>=4.4.1->widgetsnbextension~=3.6.5->ipywidgets>=7.0.0->qgridnext) (0.20.0)
2025-01-10T13:37:13.5224760Z Requirement already satisfied: pyzmq>=24 in /Users/runner/micromamba/envs/tardis/lib/python3.12/site-packages (from jupyter-server<3,>=2.4.0->notebook>=4.4.1->widgetsnbextension~=3.6.5->ipywidgets>=7.0.0->qgridnext) (26.0.3)
2025-01-10T13:37:13.5329270Z Requirement already satisfied: send2trash>=1.8.2 in /Users/runner/micromamba/envs/tardis/lib/python3.12/site-packages (from jupyter-server<3,>=2.4.0->notebook>=4.4.1->widgetsnbextension~=3.6.5->ipywidgets>=7.0.0->qgridnext) (1.8.3)
2025-01-10T13:37:13.5435150Z Requirement already satisfied: terminado>=0.8.3 in /Users/runner/micromamba/envs/tardis/lib/python3.12/site-packages (from jupyter-server<3,>=2.4.0->notebook>=4.4.1->widgetsnbextension~=3.6.5->ipywidgets>=7.0.0->qgridnext) (0.18.1)
2025-01-10T13:37:13.5538520Z Requirement already satisfied: websocket-client>=1.7 in /Users/runner/micromamba/envs/tardis/lib/python3.12/site-packages (from jupyter-server<3,>=2.4.0->notebook>=4.4.1->widgetsnbextension~=3.6.5->ipywidgets>=7.0.0->qgridnext) (1.8.0)
2025-01-10T13:37:13.5640570Z Requirement already satisfied: async-lru>=1.0.0 in /Users/runner/micromamba/envs/tardis/lib/python3.12/site-packages (from jupyterlab<4.3,>=4.2.0->notebook>=4.4.1->widgetsnbextension~=3.6.5->ipywidgets>=7.0.0->qgridnext) (2.0.4)
2025-01-10T13:37:13.5748380Z Requirement already satisfied: httpx>=0.25.0 in /Users/runner/micromamba/envs/tardis/lib/python3.12/site-packages (from jupyterlab<4.3,>=4.2.0->notebook>=4.4.1->widgetsnbextension~=3.6.5->ipywidgets>=7.0.0->qgridnext) (0.27.0)
2025-01-10T13:37:13.5854830Z Requirement already satisfied: ipykernel>=6.5.0 in /Users/runner/micromamba/envs/tardis/lib/python3.12/site-packages (from jupyterlab<4.3,>=4.2.0->notebook>=4.4.1->widgetsnbextension~=3.6.5->ipywidgets>=7.0.0->qgridnext) (6.29.4)
2025-01-10T13:37:13.5958990Z Requirement already satisfied: jupyter-lsp>=2.0.0 in /Users/runner/micromamba/envs/tardis/lib/python3.12/site-packages (from jupyterlab<4.3,>=4.2.0->notebook>=4.4.1->widgetsnbextension~=3.6.5->ipywidgets>=7.0.0->qgridnext) (2.2.5)
2025-01-10T13:37:13.6062340Z Requirement already satisfied: setuptools>=40.1.0 in /Users/runner/micromamba/envs/tardis/lib/python3.12/site-packages (from jupyterlab<4.3,>=4.2.0->notebook>=4.4.1->widgetsnbextension~=3.6.5->ipywidgets>=7.0.0->qgridnext) (70.0.0)
2025-01-10T13:37:13.6164470Z Requirement already satisfied: babel>=2.10 in /Users/runner/micromamba/envs/tardis/lib/python3.12/site-packages (from jupyterlab-server<3,>=2.27.1->notebook>=4.4.1->widgetsnbextension~=3.6.5->ipywidgets>=7.0.0->qgridnext) (2.14.0)
2025-01-10T13:37:13.6266890Z Requirement already satisfied: json5>=0.9.0 in /Users/runner/micromamba/envs/tardis/lib/python3.12/site-packages (from jupyterlab-server<3,>=2.27.1->notebook>=4.4.1->widgetsnbextension~=3.6.5->ipywidgets>=7.0.0->qgridnext) (0.9.25)
2025-01-10T13:37:13.6369590Z Requirement already satisfied: jsonschema>=4.18.0 in /Users/runner/micromamba/envs/tardis/lib/python3.12/site-packages (from jupyterlab-server<3,>=2.27.1->notebook>=4.4.1->widgetsnbextension~=3.6.5->ipywidgets>=7.0.0->qgridnext) (4.22.0)
2025-01-10T13:37:13.6471660Z Requirement already satisfied: requests>=2.31 in /Users/runner/micromamba/envs/tardis/lib/python3.12/site-packages (from jupyterlab-server<3,>=2.27.1->notebook>=4.4.1->widgetsnbextension~=3.6.5->ipywidgets>=7.0.0->qgridnext) (2.32.3)
2025-01-10T13:37:13.6481860Z Requirement already satisfied: idna>=2.8 in /Users/runner/micromamba/envs/tardis/lib/python3.12/site-packages (from anyio>=3.1.0->jupyter-server<3,>=2.4.0->notebook>=4.4.1->widgetsnbextension~=3.6.5->ipywidgets>=7.0.0->qgridnext) (3.7)
2025-01-10T13:37:13.6503970Z Requirement already satisfied: sniffio>=1.1 in /Users/runner/micromamba/envs/tardis/lib/python3.12/site-packages (from anyio>=3.1.0->jupyter-server<3,>=2.4.0->notebook>=4.4.1->widgetsnbextension~=3.6.5->ipywidgets>=7.0.0->qgridnext) (1.3.1)
2025-01-10T13:37:13.6510780Z Requirement already satisfied: argon2-cffi-bindings in /Users/runner/micromamba/envs/tardis/lib/python3.12/site-packages (from argon2-cffi>=21.1->jupyter-server<3,>=2.4.0->notebook>=4.4.1->widgetsnbextension~=3.6.5->ipywidgets>=7.0.0->qgridnext) (21.2.0)
2025-01-10T13:37:13.6512090Z Requirement already satisfied: certifi in /Users/runner/micromamba/envs/tardis/lib/python3.12/site-packages (from httpx>=0.25.0->jupyterlab<4.3,>=4.2.0->notebook>=4.4.1->widgetsnbextension~=3.6.5->ipywidgets>=7.0.0->qgridnext) (2024.12.14)
2025-01-10T13:37:13.6513360Z Requirement already satisfied: httpcore==1.* in /Users/runner/micromamba/envs/tardis/lib/python3.12/site-packages (from httpx>=0.25.0->jupyterlab<4.3,>=4.2.0->notebook>=4.4.1->widgetsnbextension~=3.6.5->ipywidgets>=7.0.0->qgridnext) (1.0.5)
2025-01-10T13:37:13.6515690Z Requirement already satisfied: h11<0.15,>=0.13 in /Users/runner/micromamba/envs/tardis/lib/python3.12/site-packages (from httpcore==1.*->httpx>=0.25.0->jupyterlab<4.3,>=4.2.0->notebook>=4.4.1->widgetsnbextension~=3.6.5->ipywidgets>=7.0.0->qgridnext) (0.14.0)
2025-01-10T13:37:13.6517720Z Requirement already satisfied: appnope in /Users/runner/micromamba/envs/tardis/lib/python3.12/site-packages (from ipykernel>=6.5.0->jupyterlab<4.3,>=4.2.0->notebook>=4.4.1->widgetsnbextension~=3.6.5->ipywidgets>=7.0.0->qgridnext) (0.1.4)
2025-01-10T13:37:13.6519520Z Requirement already satisfied: debugpy>=1.6.5 in /Users/runner/micromamba/envs/tardis/lib/python3.12/site-packages (from ipykernel>=6.5.0->jupyterlab<4.3,>=4.2.0->notebook>=4.4.1->widgetsnbextension~=3.6.5->ipywidgets>=7.0.0->qgridnext) (1.8.1)
2025-01-10T13:37:13.6521810Z Requirement already satisfied: nest-asyncio in /Users/runner/micromamba/envs/tardis/lib/python3.12/site-packages (from ipykernel>=6.5.0->jupyterlab<4.3,>=4.2.0->notebook>=4.4.1->widgetsnbextension~=3.6.5->ipywidgets>=7.0.0->qgridnext) (1.6.0)
2025-01-10T13:37:13.6524210Z Requirement already satisfied: psutil in /Users/runner/micromamba/envs/tardis/lib/python3.12/site-packages (from ipykernel>=6.5.0->jupyterlab<4.3,>=4.2.0->notebook>=4.4.1->widgetsnbextension~=3.6.5->ipywidgets>=7.0.0->qgridnext) (5.9.8)
2025-01-10T13:37:13.6525550Z Requirement already satisfied: MarkupSafe>=2.0 in /Users/runner/micromamba/envs/tardis/lib/python3.12/site-packages (from jinja2>=3.0.3->jupyter-server<3,>=2.4.0->notebook>=4.4.1->widgetsnbextension~=3.6.5->ipywidgets>=7.0.0->qgridnext) (2.1.5)
2025-01-10T13:37:13.6527130Z Requirement already satisfied: attrs>=22.2.0 in /Users/runner/micromamba/envs/tardis/lib/python3.12/site-packages (from jsonschema>=4.18.0->jupyterlab-server<3,>=2.27.1->notebook>=4.4.1->widgetsnbextension~=3.6.5->ipywidgets>=7.0.0->qgridnext) (23.2.0)
2025-01-10T13:37:13.6528940Z Requirement already satisfied: jsonschema-specifications>=2023.03.6 in /Users/runner/micromamba/envs/tardis/lib/python3.12/site-packages (from jsonschema>=4.18.0->jupyterlab-server<3,>=2.27.1->notebook>=4.4.1->widgetsnbextension~=3.6.5->ipywidgets>=7.0.0->qgridnext) (2023.12.1)
2025-01-10T13:37:13.6530590Z Requirement already satisfied: referencing>=0.28.4 in /Users/runner/micromamba/envs/tardis/lib/python3.12/site-packages (from jsonschema>=4.18.0->jupyterlab-server<3,>=2.27.1->notebook>=4.4.1->widgetsnbextension~=3.6.5->ipywidgets>=7.0.0->qgridnext) (0.35.1)
2025-01-10T13:37:13.6531910Z Requirement already satisfied: rpds-py>=0.7.1 in /Users/runner/micromamba/envs/tardis/lib/python3.12/site-packages (from jsonschema>=4.18.0->jupyterlab-server<3,>=2.27.1->notebook>=4.4.1->widgetsnbextension~=3.6.5->ipywidgets>=7.0.0->qgridnext) (0.18.1)
2025-01-10T13:37:13.6533290Z Requirement already satisfied: platformdirs>=2.5 in /Users/runner/micromamba/envs/tardis/lib/python3.12/site-packages (from jupyter-core!=5.0.*,>=4.12->jupyter-server<3,>=2.4.0->notebook>=4.4.1->widgetsnbextension~=3.6.5->ipywidgets>=7.0.0->qgridnext) (4.2.2)
2025-01-10T13:37:13.6534640Z Requirement already satisfied: python-json-logger>=2.0.4 in /Users/runner/micromamba/envs/tardis/lib/python3.12/site-packages (from jupyter-events>=0.9.0->jupyter-server<3,>=2.4.0->notebook>=4.4.1->widgetsnbextension~=3.6.5->ipywidgets>=7.0.0->qgridnext) (2.0.7)
2025-01-10T13:37:13.6535930Z Requirement already satisfied: pyyaml>=5.3 in /Users/runner/micromamba/envs/tardis/lib/python3.12/site-packages (from jupyter-events>=0.9.0->jupyter-server<3,>=2.4.0->notebook>=4.4.1->widgetsnbextension~=3.6.5->ipywidgets>=7.0.0->qgridnext) (6.0.1)
2025-01-10T13:37:13.6537290Z Requirement already satisfied: rfc3339-validator in /Users/runner/micromamba/envs/tardis/lib/python3.12/site-packages (from jupyter-events>=0.9.0->jupyter-server<3,>=2.4.0->notebook>=4.4.1->widgetsnbextension~=3.6.5->ipywidgets>=7.0.0->qgridnext) (0.1.4)
2025-01-10T13:37:13.6538740Z Requirement already satisfied: rfc3986-validator>=0.1.1 in /Users/runner/micromamba/envs/tardis/lib/python3.12/site-packages (from jupyter-events>=0.9.0->jupyter-server<3,>=2.4.0->notebook>=4.4.1->widgetsnbextension~=3.6.5->ipywidgets>=7.0.0->qgridnext) (0.1.1)
2025-01-10T13:37:13.6778820Z Requirement already satisfied: beautifulsoup4 in /Users/runner/micromamba/envs/tardis/lib/python3.12/site-packages (from nbconvert>=6.4.4->jupyter-server<3,>=2.4.0->notebook>=4.4.1->widgetsnbextension~=3.6.5->ipywidgets>=7.0.0->qgridnext) (4.12.3)
2025-01-10T13:37:13.6844980Z Requirement already satisfied: bleach!=5.0.0 in /Users/runner/micromamba/envs/tardis/lib/python3.12/site-packages (from nbconvert>=6.4.4->jupyter-server<3,>=2.4.0->notebook>=4.4.1->widgetsnbextension~=3.6.5->ipywidgets>=7.0.0->qgridnext) (6.1.0)
2025-01-10T13:37:13.6898460Z Requirement already satisfied: defusedxml in /Users/runner/micromamba/envs/tardis/lib/python3.12/site-packages (from nbconvert>=6.4.4->jupyter-server<3,>=2.4.0->notebook>=4.4.1->widgetsnbextension~=3.6.5->ipywidgets>=7.0.0->qgridnext) (0.7.1)
2025-01-10T13:37:13.6933320Z Requirement already satisfied: jupyterlab-pygments in /Users/runner/micromamba/envs/tardis/lib/python3.12/site-packages (from nbconvert>=6.4.4->jupyter-server<3,>=2.4.0->notebook>=4.4.1->widgetsnbextension~=3.6.5->ipywidgets>=7.0.0->qgridnext) (0.3.0)
2025-01-10T13:37:13.6967250Z Requirement already satisfied: mistune<4,>=2.0.3 in /Users/runner/micromamba/envs/tardis/lib/python3.12/site-packages (from nbconvert>=6.4.4->jupyter-server<3,>=2.4.0->notebook>=4.4.1->widgetsnbextension~=3.6.5->ipywidgets>=7.0.0->qgridnext) (3.0.2)
2025-01-10T13:37:13.6975230Z Requirement already satisfied: nbclient>=0.5.0 in /Users/runner/micromamba/envs/tardis/lib/python3.12/site-packages (from nbconvert>=6.4.4->jupyter-server<3,>=2.4.0->notebook>=4.4.1->widgetsnbextension~=3.6.5->ipywidgets>=7.0.0->qgridnext) (0.10.0)
2025-01-10T13:37:13.7001140Z Requirement already satisfied: pandocfilters>=1.4.1 in /Users/runner/micromamba/envs/tardis/lib/python3.12/site-packages (from nbconvert>=6.4.4->jupyter-server<3,>=2.4.0->notebook>=4.4.1->widgetsnbextension~=3.6.5->ipywidgets>=7.0.0->qgridnext) (1.5.0)
2025-01-10T13:37:13.7008950Z Requirement already satisfied: tinycss2 in /Users/runner/micromamba/envs/tardis/lib/python3.12/site-packages (from nbconvert>=6.4.4->jupyter-server<3,>=2.4.0->notebook>=4.4.1->widgetsnbextension~=3.6.5->ipywidgets>=7.0.0->qgridnext) (1.3.0)
2025-01-10T13:37:13.7139840Z Requirement already satisfied: fastjsonschema>=2.15 in /Users/runner/micromamba/envs/tardis/lib/python3.12/site-packages (from nbformat>=5.3.0->jupyter-server<3,>=2.4.0->notebook>=4.4.1->widgetsnbextension~=3.6.5->ipywidgets>=7.0.0->qgridnext) (2.20.0)
2025-01-10T13:37:13.7607420Z Requirement already satisfied: charset_normalizer<4,>=2 in /Users/runner/micromamba/envs/tardis/lib/python3.12/site-packages (from requests>=2.31->jupyterlab-server<3,>=2.27.1->notebook>=4.4.1->widgetsnbextension~=3.6.5->ipywidgets>=7.0.0->qgridnext) (3.3.2)
2025-01-10T13:37:13.7709970Z Requirement already satisfied: urllib3<3,>=1.21.1 in /Users/runner/micromamba/envs/tardis/lib/python3.12/site-packages (from requests>=2.31->jupyterlab-server<3,>=2.27.1->notebook>=4.4.1->widgetsnbextension~=3.6.5->ipywidgets>=7.0.0->qgridnext) (2.2.2)
2025-01-10T13:37:13.8419480Z Requirement already satisfied: webencodings in /Users/runner/micromamba/envs/tardis/lib/python3.12/site-packages (from bleach!=5.0.0->nbconvert>=6.4.4->jupyter-server<3,>=2.4.0->notebook>=4.4.1->widgetsnbextension~=3.6.5->ipywidgets>=7.0.0->qgridnext) (0.5.1)
2025-01-10T13:37:13.9137600Z Requirement already satisfied: fqdn in /Users/runner/micromamba/envs/tardis/lib/python3.12/site-packages (from jsonschema[format-nongpl]>=4.18.0->jupyter-events>=0.9.0->jupyter-server<3,>=2.4.0->notebook>=4.4.1->widgetsnbextension~=3.6.5->ipywidgets>=7.0.0->qgridnext) (1.5.1)
2025-01-10T13:37:13.9243060Z Requirement already satisfied: isoduration in /Users/runner/micromamba/envs/tardis/lib/python3.12/site-packages (from jsonschema[format-nongpl]>=4.18.0->jupyter-events>=0.9.0->jupyter-server<3,>=2.4.0->notebook>=4.4.1->widgetsnbextension~=3.6.5->ipywidgets>=7.0.0->qgridnext) (20.11.0)
2025-01-10T13:37:13.9346200Z Requirement already satisfied: jsonpointer>1.13 in /Users/runner/micromamba/envs/tardis/lib/python3.12/site-packages (from jsonschema[format-nongpl]>=4.18.0->jupyter-events>=0.9.0->jupyter-server<3,>=2.4.0->notebook>=4.4.1->widgetsnbextension~=3.6.5->ipywidgets>=7.0.0->qgridnext) (3.0.0)
2025-01-10T13:37:13.9451240Z Requirement already satisfied: uri-template in /Users/runner/micromamba/envs/tardis/lib/python3.12/site-packages (from jsonschema[format-nongpl]>=4.18.0->jupyter-events>=0.9.0->jupyter-server<3,>=2.4.0->notebook>=4.4.1->widgetsnbextension~=3.6.5->ipywidgets>=7.0.0->qgridnext) (1.3.0)
2025-01-10T13:37:13.9590900Z Requirement already satisfied: webcolors>=1.11 in /Users/runner/micromamba/envs/tardis/lib/python3.12/site-packages (from jsonschema[format-nongpl]>=4.18.0->jupyter-events>=0.9.0->jupyter-server<3,>=2.4.0->notebook>=4.4.1->widgetsnbextension~=3.6.5->ipywidgets>=7.0.0->qgridnext) (24.6.0)
2025-01-10T13:37:14.0672640Z Requirement already satisfied: cffi>=1.0.1 in /Users/runner/micromamba/envs/tardis/lib/python3.12/site-packages (from argon2-cffi-bindings->argon2-cffi>=21.1->jupyter-server<3,>=2.4.0->notebook>=4.4.1->widgetsnbextension~=3.6.5->ipywidgets>=7.0.0->qgridnext) (1.16.0)
2025-01-10T13:37:14.0823750Z Requirement already satisfied: soupsieve>1.2 in /Users/runner/micromamba/envs/tardis/lib/python3.12/site-packages (from beautifulsoup4->nbconvert>=6.4.4->jupyter-server<3,>=2.4.0->notebook>=4.4.1->widgetsnbextension~=3.6.5->ipywidgets>=7.0.0->qgridnext) (2.5)
2025-01-10T13:37:14.1334040Z Requirement already satisfied: pycparser in /Users/runner/micromamba/envs/tardis/lib/python3.12/site-packages (from cffi>=1.0.1->argon2-cffi-bindings->argon2-cffi>=21.1->jupyter-server<3,>=2.4.0->notebook>=4.4.1->widgetsnbextension~=3.6.5->ipywidgets>=7.0.0->qgridnext) (2.22)
2025-01-10T13:37:14.2249090Z Requirement already satisfied: arrow>=0.15.0 in /Users/runner/micromamba/envs/tardis/lib/python3.12/site-packages (from isoduration->jsonschema[format-nongpl]>=4.18.0->jupyter-events>=0.9.0->jupyter-server<3,>=2.4.0->notebook>=4.4.1->widgetsnbextension~=3.6.5->ipywidgets>=7.0.0->qgridnext) (1.3.0)
2025-01-10T13:37:14.2757080Z Requirement already satisfied: types-python-dateutil>=2.8.10 in /Users/runner/micromamba/envs/tardis/lib/python3.12/site-packages (from arrow>=0.15.0->isoduration->jsonschema[format-nongpl]>=4.18.0->jupyter-events>=0.9.0->jupyter-server<3,>=2.4.0->notebook>=4.4.1->widgetsnbextension~=3.6.5->ipywidgets>=7.0.0->qgridnext) (2.9.0.20240316)
2025-01-10T13:37:14.3160030Z Downloading qgridnext-2.0.4-py3-none-any.whl (1.3 MB)
2025-01-10T13:37:14.3978060Z    â”â”â”â”â”â”â”â”â”â”â”â”â”â”â”â”â”â”â”â”â”â”â”â”â”â”â”â”â”â”â”â”â”â”â”â”â”â”â”â” 1.3/1.3 MB 14.7 MB/s eta 0:00:00
2025-01-10T13:37:15.1263680Z Installing collected packages: qgridnext
2025-01-10T13:37:15.1948780Z Successfully installed qgridnext-2.0.4
2025-01-10T13:37:15.5522180Z ##[group]Run pytest tardis --tardis-regression-data=/Users/runner/work/tardis/tardis/tardis-regression-data --cov=tardis --cov-report=xml --cov-report=html --cov-append -m " continuum"
2025-01-10T13:37:15.5523780Z [36;1mpytest tardis --tardis-regression-data=/Users/runner/work/tardis/tardis/tardis-regression-data --cov=tardis --cov-report=xml --cov-report=html --cov-append -m " continuum"[0m
2025-01-10T13:37:15.5679100Z shell: /bin/bash -l {0}
2025-01-10T13:37:15.5679680Z env:
2025-01-10T13:37:15.5680590Z   CACHE_NUMBER: 0
2025-01-10T13:37:15.5683220Z   PYTEST_FLAGS: --tardis-regression-data=/Users/runner/work/tardis/tardis/tardis-regression-data --cov=tardis --cov-report=xml --cov-report=html --cov-append
2025-01-10T13:37:15.5684040Z   CODECOV_TOKEN: 
2025-01-10T13:37:15.5684250Z   MAMBA_ROOT_PREFIX: /Users/runner/micromamba
2025-01-10T13:37:15.5684600Z   MAMBA_EXE: /Users/runner/micromamba-bin/micromamba
2025-01-10T13:37:15.5685050Z   CONDARC: /Users/runner/work/_temp/setup-micromamba/.condarc
2025-01-10T13:37:15.5685370Z ##[endgroup]
2025-01-10T13:37:30.4413020Z ============================= test session starts ==============================
2025-01-10T13:37:30.4413960Z platform darwin -- Python 3.12.4, pytest-8.2.2, pluggy-1.5.0
2025-01-10T13:37:30.4414350Z rootdir: /Users/runner/work/tardis/tardis
2025-01-10T13:37:30.4414620Z configfile: pyproject.toml
2025-01-10T13:37:30.4415010Z plugins: cov-5.0.0, html-4.1.1, metadata-3.1.1, doctestplus-1.2.1, anyio-4.4.0
2025-01-10T13:37:30.4415390Z collected 1796 items / 1794 deselected / 2 selected
2025-01-10T13:37:30.4415650Z 
2025-01-10T13:38:50.5136800Z tardis/transport/montecarlo/estimators/tests/test_continuum_property_solver.py . [ 50%]
2025-01-10T13:38:50.5208190Z                                                                          [ 50%]
2025-01-10T13:39:32.9130820Z tardis/transport/montecarlo/tests/test_continuum.py .                    [100%]
2025-01-10T13:39:32.9227280Z 
2025-01-10T13:39:32.9228150Z =============================== warnings summary ===============================
2025-01-10T13:39:32.9234720Z tardis/io/configuration/config_validator.py:6
2025-01-10T13:39:32.9250190Z tardis/io/configuration/config_validator.py:6
2025-01-10T13:39:32.9353430Z   /Users/runner/work/tardis/tardis/tardis/io/configuration/config_validator.py:6: DeprecationWarning:
2025-01-10T13:39:32.9457560Z   
2025-01-10T13:39:32.9573500Z   jsonschema.RefResolver is deprecated as of v4.18.0, in favor of the https://github.com/python-jsonschema/referencing library, which provides more compliant referencing behavior as well as more flexible APIs for customization. A future release will remove RefResolver. Please file a feature request (on referencing) if you are missing an API for the kind of customization you need.
2025-01-10T13:39:32.9684140Z 
2025-01-10T13:39:32.9728960Z ../../../micromamba/envs/tardis/lib/python3.12/site-packages/jupyter_client/connect.py:22
2025-01-10T13:39:32.9747610Z   /Users/runner/micromamba/envs/tardis/lib/python3.12/site-packages/jupyter_client/connect.py:22: DeprecationWarning:
2025-01-10T13:39:32.9847820Z   
2025-01-10T13:39:32.9860060Z   Jupyter is migrating its paths to use standard platformdirs
2025-01-10T13:39:32.9879010Z   given by the platformdirs library.  To remove this warning and
2025-01-10T13:39:32.9888460Z   see the appropriate new directories, set the environment variable
2025-01-10T13:39:32.9908560Z   `JUPYTER_PLATFORM_DIRS=1` and then run `jupyter --paths`.
2025-01-10T13:39:32.9912790Z   The use of platformdirs will be the default in `jupyter_core` v6
2025-01-10T13:39:32.9932270Z 
2025-01-10T13:39:32.9932670Z tardis/plasma/properties/__init__.py:17
2025-01-10T13:39:32.9935710Z   /Users/runner/work/tardis/tardis/tardis/plasma/properties/__init__.py:17: DeprecationWarning:
2025-01-10T13:39:32.9936430Z   
2025-01-10T13:39:32.9979200Z   The numpy.linalg.linalg has been made private and renamed to numpy.linalg._linalg. All public functions exported by it are available from numpy.linalg. Please use numpy.linalg.LinAlgError instead.
2025-01-10T13:39:32.9981760Z 
2025-01-10T13:39:33.0001770Z tardis/transport/montecarlo/estimators/tests/test_continuum_property_solver.py::test_continuum_estimators
2025-01-10T13:39:33.0006200Z   /Users/runner/work/tardis/tardis/tardis/transport/montecarlo/montecarlo_main_loop.py:123: NumbaTypeSafetyWarning:
2025-01-10T13:39:33.0008360Z   
2025-01-10T13:39:33.0013600Z   [1m[1m[1munsafe cast from uint64 to int64. Precision may be lost.[0m[0m[0m
2025-01-10T13:39:33.0013980Z 
2025-01-10T13:39:33.0014160Z -- Docs: https://docs.pytest.org/en/stable/how-to/capture-warnings.html
2025-01-10T13:39:33.0016010Z 
2025-01-10T13:39:33.0016230Z ---------- coverage: platform darwin, python 3.12.4-final-0 ----------
2025-01-10T13:39:33.0016630Z Coverage HTML written to dir coverage_html_report
2025-01-10T13:39:33.0018450Z Coverage XML written to file coverage.xml
2025-01-10T13:39:33.0018720Z 
2025-01-10T13:39:33.0018870Z ========== 2 passed, 1794 deselected, 5 warnings in 124.18s (0:02:04) ==========
2025-01-10T13:39:34.6087790Z ##[group]Run mv .coverage .coverage.1
2025-01-10T13:39:34.6089960Z [36;1mmv .coverage .coverage.1[0m
2025-01-10T13:39:34.6441260Z shell: /bin/bash -l {0}
2025-01-10T13:39:34.6441620Z env:
2025-01-10T13:39:34.6441830Z   CACHE_NUMBER: 0
2025-01-10T13:39:34.6442510Z   PYTEST_FLAGS: --tardis-regression-data=/Users/runner/work/tardis/tardis/tardis-regression-data --cov=tardis --cov-report=xml --cov-report=html --cov-append
2025-01-10T13:39:34.6443310Z   CODECOV_TOKEN: 
2025-01-10T13:39:34.6443620Z   MAMBA_ROOT_PREFIX: /Users/runner/micromamba
2025-01-10T13:39:34.6443990Z   MAMBA_EXE: /Users/runner/micromamba-bin/micromamba
2025-01-10T13:39:34.6444520Z   CONDARC: /Users/runner/work/_temp/setup-micromamba/.condarc
2025-01-10T13:39:34.6445650Z ##[endgroup]
2025-01-10T13:39:35.2041070Z ##[group]Run actions/upload-artifact@v4
2025-01-10T13:39:35.2041470Z with:
2025-01-10T13:39:35.2041720Z   name: coverage--continuum-macos-latest
2025-01-10T13:39:35.2042120Z   include-hidden-files: true
2025-01-10T13:39:35.2042390Z   path: .coverage*
!.coveragerc

2025-01-10T13:39:35.2042650Z   if-no-files-found: warn
2025-01-10T13:39:35.2042910Z   compression-level: 6
2025-01-10T13:39:35.2043150Z   overwrite: false
2025-01-10T13:39:35.2043320Z env:
2025-01-10T13:39:35.2043470Z   CACHE_NUMBER: 0
2025-01-10T13:39:35.2043980Z   PYTEST_FLAGS: --tardis-regression-data=/Users/runner/work/tardis/tardis/tardis-regression-data --cov=tardis --cov-report=xml --cov-report=html --cov-append
2025-01-10T13:39:35.2044530Z   CODECOV_TOKEN: 
2025-01-10T13:39:35.2044730Z   MAMBA_ROOT_PREFIX: /Users/runner/micromamba
2025-01-10T13:39:35.2045020Z   MAMBA_EXE: /Users/runner/micromamba-bin/micromamba
2025-01-10T13:39:35.2045380Z   CONDARC: /Users/runner/work/_temp/setup-micromamba/.condarc
2025-01-10T13:39:35.2045720Z ##[endgroup]
2025-01-10T13:39:35.6539880Z With the provided path, there will be 2 files uploaded
2025-01-10T13:39:35.6542940Z Artifact name is valid!
2025-01-10T13:39:35.6543550Z Root directory input is valid!
2025-01-10T13:39:35.8769000Z Beginning upload of artifact content to blob storage
2025-01-10T13:39:36.1164090Z Uploaded bytes 27331
2025-01-10T13:39:36.1747340Z Finished uploading artifact content to blob storage!
2025-01-10T13:39:36.1750090Z SHA256 hash of uploaded artifact zip is 9dd9c4270559679b2c02df00e2976f4cc0989cbe0ae9627763ba10f822b1323c
2025-01-10T13:39:36.1751910Z Finalizing artifact upload
2025-01-10T13:39:36.2956800Z Artifact coverage--continuum-macos-latest.zip successfully finalized. Artifact ID 2413037345
2025-01-10T13:39:36.2958580Z Artifact coverage--continuum-macos-latest has been successfully uploaded! Final size is 27331 bytes. Artifact ID is 2413037345
2025-01-10T13:39:36.2982780Z Artifact download URL: https://github.com/tardis-sn/tardis/actions/runs/12710558389/artifacts/2413037345
2025-01-10T13:39:36.3130380Z Post job cleanup.
2025-01-10T13:39:36.3192030Z Post job cleanup.
2025-01-10T13:39:36.4954060Z Will use pre-installed micromamba at /Users/runner/micromamba-bin/micromamba
2025-01-10T13:39:36.4954970Z Removing micromamba run shell ...
2025-01-10T13:39:36.4955600Z ##[group]Deinitialize micromamba for bash
2025-01-10T13:39:36.4964910Z [command]/Users/runner/micromamba-bin/micromamba shell deinit -s bash -r /Users/runner/micromamba --log-level warning --rc-file /Users/runner/work/_temp/setup-micromamba/.condarc
2025-01-10T13:39:36.5152850Z Resetting RC file "/Users/runner/.bash_profile"
2025-01-10T13:39:36.5153380Z Deleting config for root prefix 
2025-01-10T13:39:36.5153760Z Clearing mamba executable environment variable
2025-01-10T13:39:36.5158510Z Removing the following in your "/Users/runner/.bash_profile" file
2025-01-10T13:39:36.5158970Z # >>> mamba initialize >>>
2025-01-10T13:39:36.5159400Z ...
2025-01-10T13:39:36.5159620Z # <<< mamba initialize <<<
2025-01-10T13:39:36.5197020Z Removing environment tardis from auto-activate bash ...
2025-01-10T13:39:36.5732290Z Post job cleanup.
2025-01-10T13:39:36.5885240Z Post job cleanup.
2025-01-10T13:39:36.9368370Z [command]/opt/homebrew/bin/git version
2025-01-10T13:39:36.9690580Z git version 2.47.1
2025-01-10T13:39:36.9716220Z Copying '/Users/runner/.gitconfig' to '/Users/runner/work/_temp/da2297e6-40ab-4e78-82bd-62bacbc25f95/.gitconfig'
2025-01-10T13:39:36.9744280Z Temporarily overriding HOME='/Users/runner/work/_temp/da2297e6-40ab-4e78-82bd-62bacbc25f95' before making global git config changes
2025-01-10T13:39:36.9745150Z Adding repository directory to the temporary git global config as a safe directory
2025-01-10T13:39:36.9745740Z [command]/opt/homebrew/bin/git config --global --add safe.directory /Users/runner/work/tardis/tardis/tardis-regression-data
2025-01-10T13:39:36.9894620Z [command]/opt/homebrew/bin/git config --local --name-only --get-regexp core\.sshCommand
2025-01-10T13:39:37.0016040Z [command]/opt/homebrew/bin/git submodule foreach --recursive sh -c "git config --local --name-only --get-regexp 'core\.sshCommand' && git config --local --unset-all 'core.sshCommand' || :"
2025-01-10T13:39:37.1879460Z [command]/opt/homebrew/bin/git config --local --name-only --get-regexp http\.https\:\/\/github\.com\/\.extraheader
2025-01-10T13:39:37.1908080Z http.https://github.com/.extraheader
2025-01-10T13:39:37.1918200Z [command]/opt/homebrew/bin/git config --local --unset-all http.https://github.com/.extraheader
2025-01-10T13:39:37.2076820Z [command]/opt/homebrew/bin/git submodule foreach --recursive sh -c "git config --local --name-only --get-regexp 'http\.https\:\/\/github\.com\/\.extraheader' && git config --local --unset-all 'http.https://github.com/.extraheader' || :"
2025-01-10T13:39:37.3934720Z Post job cleanup.
2025-01-10T13:39:37.5664560Z [command]/opt/homebrew/bin/git version
2025-01-10T13:39:37.5679320Z git version 2.47.1
2025-01-10T13:39:37.5686720Z Copying '/Users/runner/.gitconfig' to '/Users/runner/work/_temp/c126a983-0646-466e-9c98-f85e639da7b6/.gitconfig'
2025-01-10T13:39:37.5688030Z Temporarily overriding HOME='/Users/runner/work/_temp/c126a983-0646-466e-9c98-f85e639da7b6' before making global git config changes
2025-01-10T13:39:37.5688660Z Adding repository directory to the temporary git global config as a safe directory
2025-01-10T13:39:37.5689200Z [command]/opt/homebrew/bin/git config --global --add safe.directory /Users/runner/work/tardis/tardis
2025-01-10T13:39:37.5808820Z [command]/opt/homebrew/bin/git config --local --name-only --get-regexp core\.sshCommand
2025-01-10T13:39:37.5886220Z [command]/opt/homebrew/bin/git submodule foreach --recursive sh -c "git config --local --name-only --get-regexp 'core\.sshCommand' && git config --local --unset-all 'core.sshCommand' || :"
2025-01-10T13:39:37.6703790Z [command]/opt/homebrew/bin/git config --local --name-only --get-regexp http\.https\:\/\/github\.com\/\.extraheader
2025-01-10T13:39:37.6818620Z http.https://github.com/.extraheader
2025-01-10T13:39:37.6836430Z [command]/opt/homebrew/bin/git config --local --unset-all http.https://github.com/.extraheader
2025-01-10T13:39:37.6978650Z [command]/opt/homebrew/bin/git submodule foreach --recursive sh -c "git config --local --name-only --get-regexp 'http\.https\:\/\/github\.com\/\.extraheader' && git config --local --unset-all 'http.https://github.com/.extraheader' || :"
2025-01-10T13:39:37.8430050Z Cleaning up orphan processes
