2025-02-21T14:50:35.1502125Z Requested labels: ubuntu-latest
2025-02-21T14:50:35.1502429Z Job defined at: tardis-sn/tardis/.github/workflows/tests.yml@refs/pull/2985/merge
2025-02-21T14:50:35.1502514Z Waiting for a runner to pick up this job...
2025-02-21T14:50:35.4737571Z Job is waiting for a hosted runner to come online.
2025-02-21T14:50:38.7835613Z Job is about to start running on the hosted runner: GitHub Actions 35 (hosted)
2025-02-21T14:50:40.1672777Z Current runner version: '2.322.0'
2025-02-21T14:50:40.1703673Z ##[group]Operating System
2025-02-21T14:50:40.1704558Z Ubuntu
2025-02-21T14:50:40.1705090Z 24.04.1
2025-02-21T14:50:40.1705560Z LTS
2025-02-21T14:50:40.1706079Z ##[endgroup]
2025-02-21T14:50:40.1706618Z ##[group]Runner Image
2025-02-21T14:50:40.1707180Z Image: ubuntu-24.04
2025-02-21T14:50:40.1707763Z Version: 20250209.1.0
2025-02-21T14:50:40.1708790Z Included Software: https://github.com/actions/runner-images/blob/ubuntu24/20250209.1/images/ubuntu/Ubuntu2404-Readme.md
2025-02-21T14:50:40.1710435Z Image Release: https://github.com/actions/runner-images/releases/tag/ubuntu24%2F20250209.1
2025-02-21T14:50:40.1711401Z ##[endgroup]
2025-02-21T14:50:40.1711950Z ##[group]Runner Image Provisioner
2025-02-21T14:50:40.1712529Z 2.0.422.1
2025-02-21T14:50:40.1713081Z ##[endgroup]
2025-02-21T14:50:40.1715189Z ##[group]GITHUB_TOKEN Permissions
2025-02-21T14:50:40.1717436Z Actions: read
2025-02-21T14:50:40.1718196Z Attestations: read
2025-02-21T14:50:40.1718895Z Checks: read
2025-02-21T14:50:40.1719786Z Contents: read
2025-02-21T14:50:40.1720388Z Deployments: read
2025-02-21T14:50:40.1720932Z Discussions: read
2025-02-21T14:50:40.1721451Z Issues: read
2025-02-21T14:50:40.1721948Z Metadata: read
2025-02-21T14:50:40.1722476Z Packages: read
2025-02-21T14:50:40.1723001Z Pages: read
2025-02-21T14:50:40.1723553Z PullRequests: read
2025-02-21T14:50:40.1724086Z RepositoryProjects: read
2025-02-21T14:50:40.1724634Z SecurityEvents: read
2025-02-21T14:50:40.1725212Z Statuses: read
2025-02-21T14:50:40.1725707Z ##[endgroup]
2025-02-21T14:50:40.1729296Z Secret source: None
2025-02-21T14:50:40.1730258Z Prepare workflow directory
2025-02-21T14:50:40.2366560Z Prepare all required actions
2025-02-21T14:50:40.2404252Z Getting action download info
2025-02-21T14:50:40.3983305Z ##[group]Download immutable action package 'actions/checkout@v4'
2025-02-21T14:50:40.3984193Z Version: 4.2.2
2025-02-21T14:50:40.3985032Z Digest: sha256:ccb2698953eaebd21c7bf6268a94f9c26518a7e38e27e0b83c1fe1ad049819b1
2025-02-21T14:50:40.3986061Z Source commit SHA: 11bd71901bbe5b1630ceea73d27597364c9af683
2025-02-21T14:50:40.3986665Z ##[endgroup]
2025-02-21T14:50:40.4967042Z ##[group]Download immutable action package 'actions/upload-artifact@v4'
2025-02-21T14:50:40.4967838Z Version: 4.6.0
2025-02-21T14:50:40.4968498Z Digest: sha256:bf85474c8423f9cd48bd2caf3ce5adb1711e2dfdb055b040bd36b044e4290329
2025-02-21T14:50:40.4969596Z Source commit SHA: 65c4c4a1ddee5b72f698fdd19549f0f0fb45cf08
2025-02-21T14:50:40.4970216Z ##[endgroup]
2025-02-21T14:50:40.6768204Z Complete job name: not continuum ubuntu-latest 
2025-02-21T14:50:40.7494034Z ##[group]Run actions/checkout@v4
2025-02-21T14:50:40.7494896Z with:
2025-02-21T14:50:40.7495296Z   repository: tardis-sn/tardis
2025-02-21T14:50:40.7495963Z   token: ***
2025-02-21T14:50:40.7496347Z   ssh-strict: true
2025-02-21T14:50:40.7496741Z   ssh-user: git
2025-02-21T14:50:40.7497140Z   persist-credentials: true
2025-02-21T14:50:40.7497592Z   clean: true
2025-02-21T14:50:40.7497985Z   sparse-checkout-cone-mode: true
2025-02-21T14:50:40.7498492Z   fetch-depth: 1
2025-02-21T14:50:40.7498881Z   fetch-tags: false
2025-02-21T14:50:40.7499462Z   show-progress: true
2025-02-21T14:50:40.7499869Z   lfs: false
2025-02-21T14:50:40.7500233Z   submodules: false
2025-02-21T14:50:40.7500642Z   set-safe-directory: true
2025-02-21T14:50:40.7501317Z env:
2025-02-21T14:50:40.7501678Z   CACHE_NUMBER: 0
2025-02-21T14:50:40.7502825Z   PYTEST_FLAGS: --tardis-regression-data=/home/runner/work/tardis/tardis/tardis-regression-data --cov=tardis --cov-report=xml --cov-report=html --cov-append
2025-02-21T14:50:40.7504061Z   CODECOV_TOKEN: 
2025-02-21T14:50:40.7504443Z ##[endgroup]
2025-02-21T14:50:41.0010765Z Syncing repository: tardis-sn/tardis
2025-02-21T14:50:41.0012554Z ##[group]Getting Git version info
2025-02-21T14:50:41.0013220Z Working directory is '/home/runner/work/tardis/tardis'
2025-02-21T14:50:41.0014134Z [command]/usr/bin/git version
2025-02-21T14:50:41.0093143Z git version 2.48.1
2025-02-21T14:50:41.0123160Z ##[endgroup]
2025-02-21T14:50:41.0137579Z Temporarily overriding HOME='/home/runner/work/_temp/8641bed9-e9c0-4e31-8982-09475356b002' before making global git config changes
2025-02-21T14:50:41.0139346Z Adding repository directory to the temporary git global config as a safe directory
2025-02-21T14:50:41.0143221Z [command]/usr/bin/git config --global --add safe.directory /home/runner/work/tardis/tardis
2025-02-21T14:50:41.0183186Z Deleting the contents of '/home/runner/work/tardis/tardis'
2025-02-21T14:50:41.0186813Z ##[group]Initializing the repository
2025-02-21T14:50:41.0191217Z [command]/usr/bin/git init /home/runner/work/tardis/tardis
2025-02-21T14:50:41.0263813Z hint: Using 'master' as the name for the initial branch. This default branch name
2025-02-21T14:50:41.0265003Z hint: is subject to change. To configure the initial branch name to use in all
2025-02-21T14:50:41.0266270Z hint: of your new repositories, which will suppress this warning, call:
2025-02-21T14:50:41.0267168Z hint:
2025-02-21T14:50:41.0267820Z hint: 	git config --global init.defaultBranch <name>
2025-02-21T14:50:41.0268576Z hint:
2025-02-21T14:50:41.0269609Z hint: Names commonly chosen instead of 'master' are 'main', 'trunk' and
2025-02-21T14:50:41.0270817Z hint: 'development'. The just-created branch can be renamed via this command:
2025-02-21T14:50:41.0271823Z hint:
2025-02-21T14:50:41.0272620Z hint: 	git branch -m <name>
2025-02-21T14:50:41.0273945Z Initialized empty Git repository in /home/runner/work/tardis/tardis/.git/
2025-02-21T14:50:41.0284140Z [command]/usr/bin/git remote add origin https://github.com/tardis-sn/tardis
2025-02-21T14:50:41.0318957Z ##[endgroup]
2025-02-21T14:50:41.0319872Z ##[group]Disabling automatic garbage collection
2025-02-21T14:50:41.0323193Z [command]/usr/bin/git config --local gc.auto 0
2025-02-21T14:50:41.0351857Z ##[endgroup]
2025-02-21T14:50:41.0352539Z ##[group]Setting up auth
2025-02-21T14:50:41.0358959Z [command]/usr/bin/git config --local --name-only --get-regexp core\.sshCommand
2025-02-21T14:50:41.0388781Z [command]/usr/bin/git submodule foreach --recursive sh -c "git config --local --name-only --get-regexp 'core\.sshCommand' && git config --local --unset-all 'core.sshCommand' || :"
2025-02-21T14:50:41.0740001Z [command]/usr/bin/git config --local --name-only --get-regexp http\.https\:\/\/github\.com\/\.extraheader
2025-02-21T14:50:41.0772393Z [command]/usr/bin/git submodule foreach --recursive sh -c "git config --local --name-only --get-regexp 'http\.https\:\/\/github\.com\/\.extraheader' && git config --local --unset-all 'http.https://github.com/.extraheader' || :"
2025-02-21T14:50:41.1013612Z [command]/usr/bin/git config --local http.https://github.com/.extraheader AUTHORIZATION: basic ***
2025-02-21T14:50:41.1055136Z ##[endgroup]
2025-02-21T14:50:41.1056672Z ##[group]Fetching the repository
2025-02-21T14:50:41.1067765Z [command]/usr/bin/git -c protocol.version=2 fetch --no-tags --prune --no-recurse-submodules --depth=1 origin +07bddaab664eb47389d34426c625e50630db9244:refs/remotes/pull/2985/merge
2025-02-21T14:50:42.9356178Z From https://github.com/tardis-sn/tardis
2025-02-21T14:50:42.9357431Z  * [new ref]         07bddaab664eb47389d34426c625e50630db9244 -> pull/2985/merge
2025-02-21T14:50:42.9391177Z ##[endgroup]
2025-02-21T14:50:42.9392037Z ##[group]Determining the checkout info
2025-02-21T14:50:42.9394130Z ##[endgroup]
2025-02-21T14:50:42.9402066Z [command]/usr/bin/git sparse-checkout disable
2025-02-21T14:50:42.9442890Z [command]/usr/bin/git config --local --unset-all extensions.worktreeConfig
2025-02-21T14:50:42.9469579Z ##[group]Checking out the ref
2025-02-21T14:50:42.9473146Z [command]/usr/bin/git checkout --progress --force refs/remotes/pull/2985/merge
2025-02-21T14:50:43.2654012Z Note: switching to 'refs/remotes/pull/2985/merge'.
2025-02-21T14:50:43.2655361Z 
2025-02-21T14:50:43.2656325Z You are in 'detached HEAD' state. You can look around, make experimental
2025-02-21T14:50:43.2658491Z changes and commit them, and you can discard any commits you make in this
2025-02-21T14:50:43.2660544Z state without impacting any branches by switching back to a branch.
2025-02-21T14:50:43.2662061Z 
2025-02-21T14:50:43.2662799Z If you want to create a new branch to retain commits you create, you may
2025-02-21T14:50:43.2664480Z do so (now or later) by using -c with the switch command. Example:
2025-02-21T14:50:43.2665438Z 
2025-02-21T14:50:43.2665882Z   git switch -c <new-branch-name>
2025-02-21T14:50:43.2666562Z 
2025-02-21T14:50:43.2667005Z Or undo this operation with:
2025-02-21T14:50:43.2667674Z 
2025-02-21T14:50:43.2668072Z   git switch -
2025-02-21T14:50:43.2668513Z 
2025-02-21T14:50:43.2669333Z Turn off this advice by setting config variable advice.detachedHead to false
2025-02-21T14:50:43.2670342Z 
2025-02-21T14:50:43.2671736Z HEAD is now at 07bddaa Merge 7022e3ab60ca71410018856e384ccb8b0388abcf into cec8b531cc56e66219fe3ca2efdbf837c008b852
2025-02-21T14:50:43.2679669Z ##[endgroup]
2025-02-21T14:50:43.2721858Z [command]/usr/bin/git log -1 --format=%H
2025-02-21T14:50:43.2746536Z 07bddaab664eb47389d34426c625e50630db9244
2025-02-21T14:50:43.3167031Z Prepare all required actions
2025-02-21T14:50:43.3168593Z Getting action download info
2025-02-21T14:50:43.4442902Z ##[group]Download immutable action package 'actions/cache@v4'
2025-02-21T14:50:43.4444416Z Version: 4.2.1
2025-02-21T14:50:43.4445862Z Digest: sha256:b0404c9628d43aa6855629075b28f32cadf8efc5c26198438149f78500112940
2025-02-21T14:50:43.4447847Z Source commit SHA: 0c907a75c2c80ebcb7f088228285e798b750cf8f
2025-02-21T14:50:43.4449365Z ##[endgroup]
2025-02-21T14:50:43.7495764Z ##[group]Run ./.github/actions/setup_lfs
2025-02-21T14:50:43.7496872Z with:
2025-02-21T14:50:43.7497867Z   regression-data-repo: tardis-sn/tardis-regression-data
2025-02-21T14:50:43.7499335Z   atom-data-sparse: false
2025-02-21T14:50:43.7500267Z env:
2025-02-21T14:50:43.7501010Z   CACHE_NUMBER: 0
2025-02-21T14:50:43.7503377Z   PYTEST_FLAGS: --tardis-regression-data=/home/runner/work/tardis/tardis/tardis-regression-data --cov=tardis --cov-report=xml --cov-report=html --cov-append
2025-02-21T14:50:43.7505991Z   CODECOV_TOKEN: 
2025-02-21T14:50:43.7506800Z ##[endgroup]
2025-02-21T14:50:43.7717016Z ##[group]Run actions/checkout@v4
2025-02-21T14:50:43.7718036Z with:
2025-02-21T14:50:43.7718907Z   repository: tardis-sn/tardis-regression-data
2025-02-21T14:50:43.7720382Z   path: tardis-regression-data
2025-02-21T14:50:43.7721348Z   lfs: false
2025-02-21T14:50:43.7722468Z   token: ***
2025-02-21T14:50:43.7723252Z   ssh-strict: true
2025-02-21T14:50:43.7724065Z   ssh-user: git
2025-02-21T14:50:43.7724897Z   persist-credentials: true
2025-02-21T14:50:43.7725819Z   clean: true
2025-02-21T14:50:43.7726659Z   sparse-checkout-cone-mode: true
2025-02-21T14:50:43.7727666Z   fetch-depth: 1
2025-02-21T14:50:43.7728477Z   fetch-tags: false
2025-02-21T14:50:43.7729433Z   show-progress: true
2025-02-21T14:50:43.7730289Z   submodules: false
2025-02-21T14:50:43.7731144Z   set-safe-directory: true
2025-02-21T14:50:43.7732028Z env:
2025-02-21T14:50:43.7732755Z   CACHE_NUMBER: 0
2025-02-21T14:50:43.7735082Z   PYTEST_FLAGS: --tardis-regression-data=/home/runner/work/tardis/tardis/tardis-regression-data --cov=tardis --cov-report=xml --cov-report=html --cov-append
2025-02-21T14:50:43.7737556Z   CODECOV_TOKEN: 
2025-02-21T14:50:43.7738366Z ##[endgroup]
2025-02-21T14:50:43.8687026Z Syncing repository: tardis-sn/tardis-regression-data
2025-02-21T14:50:43.8693747Z ##[group]Getting Git version info
2025-02-21T14:50:43.8695319Z Working directory is '/home/runner/work/tardis/tardis/tardis-regression-data'
2025-02-21T14:50:43.8737651Z [command]/usr/bin/git version
2025-02-21T14:50:43.8781058Z git version 2.48.1
2025-02-21T14:50:43.8806588Z ##[endgroup]
2025-02-21T14:50:43.8820274Z Temporarily overriding HOME='/home/runner/work/_temp/0466762c-2474-4c63-9de0-91feea87edb5' before making global git config changes
2025-02-21T14:50:43.8824103Z Adding repository directory to the temporary git global config as a safe directory
2025-02-21T14:50:43.8827337Z [command]/usr/bin/git config --global --add safe.directory /home/runner/work/tardis/tardis/tardis-regression-data
2025-02-21T14:50:43.8856409Z ##[group]Initializing the repository
2025-02-21T14:50:43.8862204Z [command]/usr/bin/git init /home/runner/work/tardis/tardis/tardis-regression-data
2025-02-21T14:50:43.8900678Z hint: Using 'master' as the name for the initial branch. This default branch name
2025-02-21T14:50:43.8905324Z hint: is subject to change. To configure the initial branch name to use in all
2025-02-21T14:50:43.8909235Z hint: of your new repositories, which will suppress this warning, call:
2025-02-21T14:50:43.8911849Z hint:
2025-02-21T14:50:43.8913555Z hint: 	git config --global init.defaultBranch <name>
2025-02-21T14:50:43.8915628Z hint:
2025-02-21T14:50:43.8917527Z hint: Names commonly chosen instead of 'master' are 'main', 'trunk' and
2025-02-21T14:50:43.8920325Z hint: 'development'. The just-created branch can be renamed via this command:
2025-02-21T14:50:43.8921749Z hint:
2025-02-21T14:50:43.8922538Z hint: 	git branch -m <name>
2025-02-21T14:50:43.8924629Z Initialized empty Git repository in /home/runner/work/tardis/tardis/tardis-regression-data/.git/
2025-02-21T14:50:43.8930470Z [command]/usr/bin/git remote add origin https://github.com/tardis-sn/tardis-regression-data
2025-02-21T14:50:43.8945762Z ##[endgroup]
2025-02-21T14:50:43.8948279Z ##[group]Disabling automatic garbage collection
2025-02-21T14:50:43.8950827Z [command]/usr/bin/git config --local gc.auto 0
2025-02-21T14:50:43.8981686Z ##[endgroup]
2025-02-21T14:50:43.8984124Z ##[group]Setting up auth
2025-02-21T14:50:43.8988459Z [command]/usr/bin/git config --local --name-only --get-regexp core\.sshCommand
2025-02-21T14:50:43.9022548Z [command]/usr/bin/git submodule foreach --recursive sh -c "git config --local --name-only --get-regexp 'core\.sshCommand' && git config --local --unset-all 'core.sshCommand' || :"
2025-02-21T14:50:43.9247906Z [command]/usr/bin/git config --local --name-only --get-regexp http\.https\:\/\/github\.com\/\.extraheader
2025-02-21T14:50:43.9280887Z [command]/usr/bin/git submodule foreach --recursive sh -c "git config --local --name-only --get-regexp 'http\.https\:\/\/github\.com\/\.extraheader' && git config --local --unset-all 'http.https://github.com/.extraheader' || :"
2025-02-21T14:50:43.9516190Z [command]/usr/bin/git config --local http.https://github.com/.extraheader AUTHORIZATION: basic ***
2025-02-21T14:50:43.9554690Z ##[endgroup]
2025-02-21T14:50:43.9557282Z ##[group]Determining the default branch
2025-02-21T14:50:43.9559540Z Retrieving the default branch name
2025-02-21T14:50:44.1665937Z Default branch 'main'
2025-02-21T14:50:44.1667513Z ##[endgroup]
2025-02-21T14:50:44.1668321Z ##[group]Fetching the repository
2025-02-21T14:50:44.1675787Z [command]/usr/bin/git -c protocol.version=2 fetch --no-tags --prune --no-recurse-submodules --depth=1 origin +refs/heads/main:refs/remotes/origin/main
2025-02-21T14:50:44.4338014Z From https://github.com/tardis-sn/tardis-regression-data
2025-02-21T14:50:44.4339414Z  * [new branch]      main       -> origin/main
2025-02-21T14:50:44.4366605Z ##[endgroup]
2025-02-21T14:50:44.4367504Z ##[group]Determining the checkout info
2025-02-21T14:50:44.4368540Z ##[endgroup]
2025-02-21T14:50:44.4374164Z [command]/usr/bin/git sparse-checkout disable
2025-02-21T14:50:44.4440270Z [command]/usr/bin/git config --local --unset-all extensions.worktreeConfig
2025-02-21T14:50:44.4468887Z ##[group]Checking out the ref
2025-02-21T14:50:44.4473593Z [command]/usr/bin/git checkout --progress --force -B main refs/remotes/origin/main
2025-02-21T14:50:44.5605051Z Switched to a new branch 'main'
2025-02-21T14:50:44.5606863Z branch 'main' set up to track 'origin/main'.
2025-02-21T14:50:44.5881561Z ##[endgroup]
2025-02-21T14:50:44.5922106Z [command]/usr/bin/git log -1 --format=%H
2025-02-21T14:50:44.5945549Z 84e768462f20f09fbccc05625cdcc1d8ffbe404c
2025-02-21T14:50:44.6085667Z ##[group]Run if [ "false" == "true" ]; then
2025-02-21T14:50:44.6086144Z [36;1mif [ "false" == "true" ]; then[0m
2025-02-21T14:50:44.6086520Z [36;1m  echo "Using atom data sparse checkout"[0m
2025-02-21T14:50:44.6087249Z [36;1m  echo "atom_data/kurucz_cd23_chianti_H_He.h5" > .lfs-files-list[0m
2025-02-21T14:50:44.6087624Z [36;1melse[0m
2025-02-21T14:50:44.6087884Z [36;1m  echo "Using full repository checkout"[0m
2025-02-21T14:50:44.6088297Z [36;1m  git lfs ls-files -l | cut -d' ' -f1 | sort > .lfs-files-list[0m
2025-02-21T14:50:44.6088654Z [36;1mfi[0m
2025-02-21T14:50:44.6330816Z shell: /usr/bin/bash --noprofile --norc -e -o pipefail {0}
2025-02-21T14:50:44.6331363Z env:
2025-02-21T14:50:44.6331663Z   CACHE_NUMBER: 0
2025-02-21T14:50:44.6332613Z   PYTEST_FLAGS: --tardis-regression-data=/home/runner/work/tardis/tardis/tardis-regression-data --cov=tardis --cov-report=xml --cov-report=html --cov-append
2025-02-21T14:50:44.6333607Z   CODECOV_TOKEN: 
2025-02-21T14:50:44.6333917Z ##[endgroup]
2025-02-21T14:50:44.6434455Z Using full repository checkout
2025-02-21T14:50:44.7851204Z ##[group]Run actions/cache/restore@v4
2025-02-21T14:50:44.7851683Z with:
2025-02-21T14:50:44.7852062Z   path: tardis-regression-data/.git/lfs
2025-02-21T14:50:44.7853412Z   key: tardis-regression-full-data-c8ff2bbb6048b3f24d3f52a1e85b013ad47e52c369a6ce4cfdeff528b659b86f-tardis-sn/tardis-regression-data-v1
2025-02-21T14:50:44.7854546Z   fail-on-cache-miss: true
2025-02-21T14:50:44.7854976Z   enableCrossOsArchive: false
2025-02-21T14:50:44.7855410Z   lookup-only: false
2025-02-21T14:50:44.7855988Z env:
2025-02-21T14:50:44.7925568Z   CACHE_NUMBER: 0
2025-02-21T14:50:44.7926397Z   PYTEST_FLAGS: --tardis-regression-data=/home/runner/work/tardis/tardis/tardis-regression-data --cov=tardis --cov-report=xml --cov-report=html --cov-append
2025-02-21T14:50:44.7927214Z   CODECOV_TOKEN: 
2025-02-21T14:50:44.7927467Z ##[endgroup]
2025-02-21T14:50:45.0057381Z Cache hit for: tardis-regression-full-data-c8ff2bbb6048b3f24d3f52a1e85b013ad47e52c369a6ce4cfdeff528b659b86f-tardis-sn/tardis-regression-data-v1
2025-02-21T14:50:46.0640886Z Received 192937984 of 2161656325 (8.9%), 183.8 MBs/sec
2025-02-21T14:50:47.0624736Z Received 427819008 of 2161656325 (19.8%), 203.9 MBs/sec
2025-02-21T14:50:48.0796781Z Received 671088640 of 2161656325 (31.0%), 212.1 MBs/sec
2025-02-21T14:50:49.1650268Z Received 939524096 of 2161656325 (43.5%), 218.4 MBs/sec
2025-02-21T14:50:50.2594603Z Received 1207959552 of 2161656325 (55.9%), 221.6 MBs/sec
2025-02-21T14:50:51.2598047Z Received 1476395008 of 2161656325 (68.3%), 227.2 MBs/sec
2025-02-21T14:50:52.3139641Z Received 1744830464 of 2161656325 (80.7%), 229.5 MBs/sec
2025-02-21T14:50:53.3401367Z Received 2013265920 of 2161656325 (93.1%), 231.9 MBs/sec
2025-02-21T14:50:53.9642708Z Received 2161656325 of 2161656325 (100.0%), 231.6 MBs/sec
2025-02-21T14:50:53.9645436Z Cache Size: ~2062 MB (2161656325 B)
2025-02-21T14:50:53.9685268Z [command]/usr/bin/tar -xf /home/runner/work/_temp/e93aba2b-ad9a-4677-b9b3-558e0d63fcdb/cache.tzst -P -C /home/runner/work/tardis/tardis --use-compress-program unzstd
2025-02-21T14:51:05.1901112Z Cache restored successfully
2025-02-21T14:51:05.5649925Z Cache restored from key: tardis-regression-full-data-c8ff2bbb6048b3f24d3f52a1e85b013ad47e52c369a6ce4cfdeff528b659b86f-tardis-sn/tardis-regression-data-v1
2025-02-21T14:51:05.5816138Z ##[group]Run git lfs checkout
2025-02-21T14:51:05.5816397Z [36;1mgit lfs checkout[0m
2025-02-21T14:51:05.5876554Z shell: /usr/bin/bash --noprofile --norc -e -o pipefail {0}
2025-02-21T14:51:05.5876957Z env:
2025-02-21T14:51:05.5877155Z   CACHE_NUMBER: 0
2025-02-21T14:51:05.5877878Z   PYTEST_FLAGS: --tardis-regression-data=/home/runner/work/tardis/tardis/tardis-regression-data --cov=tardis --cov-report=xml --cov-report=html --cov-append
2025-02-21T14:51:05.5878676Z   CODECOV_TOKEN: 
2025-02-21T14:51:05.5878896Z ##[endgroup]
2025-02-21T14:51:26.3966141Z Checking out LFS objects: 100% (204/204), 5.7 GB | 254 MB/s, done.
2025-02-21T14:51:29.3379402Z Prepare all required actions
2025-02-21T14:51:29.3379765Z Getting action download info
2025-02-21T14:51:29.4313769Z Download action repository 'mamba-org/setup-micromamba@v1' (SHA:4b9113af4fba0e9e1124b252dd6497a419e7396d)
2025-02-21T14:51:29.6505720Z ##[group]Run ./.github/actions/setup_env
2025-02-21T14:51:29.6506200Z with:
2025-02-21T14:51:29.6506382Z   os-label: linux-64
2025-02-21T14:51:29.6506565Z env:
2025-02-21T14:51:29.6506755Z   CACHE_NUMBER: 0
2025-02-21T14:51:29.6507353Z   PYTEST_FLAGS: --tardis-regression-data=/home/runner/work/tardis/tardis/tardis-regression-data --cov=tardis --cov-report=xml --cov-report=html --cov-append
2025-02-21T14:51:29.6507975Z   CODECOV_TOKEN: 
2025-02-21T14:51:29.6508152Z ##[endgroup]
2025-02-21T14:51:29.6529955Z ##[group]Run file_hash=$(cat conda-linux-64.lock | shasum -a 256 | cut -d' ' -f1)
2025-02-21T14:51:29.6530454Z [36;1mfile_hash=$(cat conda-linux-64.lock | shasum -a 256 | cut -d' ' -f1)[0m
2025-02-21T14:51:29.6531001Z [36;1mecho "file_hash=tardis-conda-env-linux-64-${file_hash}-v1" >> "${GITHUB_OUTPUT}"[0m
2025-02-21T14:51:29.6585527Z shell: /usr/bin/bash --noprofile --norc -e -o pipefail {0}
2025-02-21T14:51:29.6585856Z env:
2025-02-21T14:51:29.6586032Z   CACHE_NUMBER: 0
2025-02-21T14:51:29.6586675Z   PYTEST_FLAGS: --tardis-regression-data=/home/runner/work/tardis/tardis/tardis-regression-data --cov=tardis --cov-report=xml --cov-report=html --cov-append
2025-02-21T14:51:29.6587370Z   CODECOV_TOKEN: 
2025-02-21T14:51:29.6587566Z ##[endgroup]
2025-02-21T14:51:29.7048567Z ##[group]Run mamba-org/setup-micromamba@v1
2025-02-21T14:51:29.7048841Z with:
2025-02-21T14:51:29.7049266Z   environment-file: conda-linux-64.lock
2025-02-21T14:51:29.7049884Z   cache-environment-key: tardis-conda-env-linux-64-d7cd390425b0fd3cf82649dcc003efba9915fb4928f15d342148c3ccffcbe2ee-v1
2025-02-21T14:51:29.7050704Z   cache-downloads-key: tardis-conda-env-linux-64-d7cd390425b0fd3cf82649dcc003efba9915fb4928f15d342148c3ccffcbe2ee-v1
2025-02-21T14:51:29.7051251Z   environment-name: tardis
2025-02-21T14:51:29.7051469Z   cache-environment: true
2025-02-21T14:51:29.7051680Z   cache-downloads: true
2025-02-21T14:51:29.7051877Z env:
2025-02-21T14:51:29.7052042Z   CACHE_NUMBER: 0
2025-02-21T14:51:29.7052632Z   PYTEST_FLAGS: --tardis-regression-data=/home/runner/work/tardis/tardis/tardis-regression-data --cov=tardis --cov-report=xml --cov-report=html --cov-append
2025-02-21T14:51:29.7053271Z   CODECOV_TOKEN: 
2025-02-21T14:51:29.7053451Z ##[endgroup]
2025-02-21T14:51:29.8401198Z Will download micromamba to /home/runner/micromamba-bin/micromamba
2025-02-21T14:51:29.8411763Z ##[group]Install micromamba
2025-02-21T14:51:30.1410256Z micromamba installed to /home/runner/micromamba-bin/micromamba
2025-02-21T14:51:30.1410967Z ##[endgroup]
2025-02-21T14:51:30.1412068Z Adding conda-forge to condarc channels ...
2025-02-21T14:51:30.1421832Z ##[group]Initialize micromamba for bash.
2025-02-21T14:51:30.1437960Z [command]/home/runner/micromamba-bin/micromamba shell init -s bash -r /home/runner/micromamba --log-level warning --rc-file /home/runner/work/_temp/setup-micromamba/.condarc
2025-02-21T14:51:30.1547488Z Modifying RC file "/home/runner/.bashrc"
2025-02-21T14:51:30.1548497Z Generating config for root prefix [1m"/home/runner/micromamba"[0m
2025-02-21T14:51:30.1549663Z Setting mamba executable to: [1m"/home/runner/micromamba-bin/micromamba"[0m
2025-02-21T14:51:30.1550514Z Adding (or replacing) the following in your "/home/runner/.bashrc" file
2025-02-21T14:51:30.1551020Z 
2025-02-21T14:51:30.1551170Z # >>> mamba initialize >>>
2025-02-21T14:51:30.1551677Z # !! Contents within this block are managed by 'mamba init' !!
2025-02-21T14:51:30.1552362Z export MAMBA_EXE='/home/runner/micromamba-bin/micromamba';
2025-02-21T14:51:30.1553003Z export MAMBA_ROOT_PREFIX='/home/runner/micromamba';
2025-02-21T14:51:30.1553874Z __mamba_setup="$("$MAMBA_EXE" shell hook --shell bash --root-prefix "$MAMBA_ROOT_PREFIX" 2> /dev/null)"
2025-02-21T14:51:30.1554683Z if [ $? -eq 0 ]; then
2025-02-21T14:51:30.1555348Z     eval "$__mamba_setup"
2025-02-21T14:51:30.1555736Z else
2025-02-21T14:51:30.1556233Z     alias micromamba="$MAMBA_EXE"  # Fallback on help from mamba activate
2025-02-21T14:51:30.1556820Z fi
2025-02-21T14:51:30.1557089Z unset __mamba_setup
2025-02-21T14:51:30.1557401Z # <<< mamba initialize <<<
2025-02-21T14:51:30.1557730Z 
2025-02-21T14:51:30.1567875Z Moving mamba initialize block to .bash_profile
2025-02-21T14:51:30.1577960Z ##[endgroup]
2025-02-21T14:51:30.1580229Z ##[group]Restoring downloads from `/home/runner/micromamba/pkgs` ...
2025-02-21T14:51:31.2812762Z Received 268435456 of 356815776 (75.2%), 255.2 MBs/sec
2025-02-21T14:51:31.4981268Z Cache Size: ~340 MB (356815776 B)
2025-02-21T14:51:31.5043776Z [command]/usr/bin/tar -xf /home/runner/work/_temp/cd6ae7a5-2ba8-44db-ae99-7b342c219d96/cache.tzst -P -C /home/runner/work/tardis/tardis --use-compress-program unzstd
2025-02-21T14:51:31.9552458Z Cache restored successfully
2025-02-21T14:51:32.0316598Z Restored cache with key `tardis-conda-env-linux-64-d7cd390425b0fd3cf82649dcc003efba9915fb4928f15d342148c3ccffcbe2ee-v1-linux-64`
2025-02-21T14:51:32.0319537Z ##[endgroup]
2025-02-21T14:51:32.0329873Z ##[group]Restoring environment `tardis` from `/home/runner/micromamba/envs/tardis` ...
2025-02-21T14:51:32.2862612Z Received 356815776 of 356815776 (100.0%), 169.8 MBs/sec
2025-02-21T14:51:33.1157044Z Received 318767104 of 444032293 (71.8%), 302.2 MBs/sec
2025-02-21T14:51:33.4350809Z Cache Size: ~423 MB (444032293 B)
2025-02-21T14:51:33.4390059Z [command]/usr/bin/tar -xf /home/runner/work/_temp/0849e5cc-6280-4baa-a2db-a4fa5be68966/cache.tzst -P -C /home/runner/work/tardis/tardis --use-compress-program unzstd
2025-02-21T14:51:34.1166517Z Received 444032293 of 444032293 (100.0%), 211.0 MBs/sec
2025-02-21T14:51:38.9800159Z Cache restored successfully
2025-02-21T14:51:39.1016078Z Restored cache with key `tardis-conda-env-linux-64-d7cd390425b0fd3cf82649dcc003efba9915fb4928f15d342148c3ccffcbe2ee-v1-linux-64-tardis-args-4f53cda-root-dcc80ee-bin-[object Promise]-file-d7cd390425b0fd3cf82649dcc003efba9915fb4928f15d342148c3ccffcbe2ee`
2025-02-21T14:51:39.1019841Z ##[endgroup]
2025-02-21T14:51:39.1020431Z Adding environment tardis to auto-activate bash ...
2025-02-21T14:51:39.1026464Z Generating micromamba run shell.
2025-02-21T14:51:39.1036261Z ##[endgroup]
2025-02-21T14:51:39.1042743Z Set environment variables.
2025-02-21T14:51:39.1047424Z ##[group]micromamba info
2025-02-21T14:51:39.1051043Z [command]/home/runner/micromamba-bin/micromamba info -r /home/runner/micromamba -n tardis
2025-02-21T14:51:39.1286174Z 
2025-02-21T14:51:39.1286656Z        libmamba version : 1.5.10
2025-02-21T14:51:39.1287100Z      micromamba version : 1.5.10
2025-02-21T14:51:39.1287784Z            curl version : libcurl/8.10.1 OpenSSL/3.3.2 zlib/1.3.1 zstd/1.5.6 libssh2/1.11.0 nghttp2/1.58.0
2025-02-21T14:51:39.1288673Z      libarchive version : libarchive 3.7.4 zlib/1.2.13 bz2lib/1.0.8 libzstd/1.5.6
2025-02-21T14:51:39.1289482Z        envs directories : /home/runner/micromamba/envs
2025-02-21T14:51:39.1290102Z           package cache : /home/runner/micromamba/pkgs
2025-02-21T14:51:39.1290662Z                           /home/runner/.mamba/pkgs
2025-02-21T14:51:39.1291139Z             environment : tardis
2025-02-21T14:51:39.1291649Z            env location : /home/runner/micromamba/envs/tardis
2025-02-21T14:51:39.1292238Z       user config files : /home/runner/.mambarc
2025-02-21T14:51:39.1292938Z  populated config files : /home/runner/work/_temp/setup-micromamba/.condarc
2025-02-21T14:51:39.1293636Z        virtual packages : __unix=0=0
2025-02-21T14:51:39.1293976Z                           __linux=6.8.0=0
2025-02-21T14:51:39.1294240Z                           __glibc=2.39=0
2025-02-21T14:51:39.1294505Z                           __archspec=1=x86_64_v3
2025-02-21T14:51:39.1294871Z                channels : https://conda.anaconda.org/conda-forge/linux-64
2025-02-21T14:51:39.1295267Z                           https://conda.anaconda.org/conda-forge/noarch
2025-02-21T14:51:39.1295898Z        base environment : /home/runner/micromamba
2025-02-21T14:51:39.1296194Z                platform : linux-64
2025-02-21T14:51:39.1303227Z ##[endgroup]
2025-02-21T14:51:39.1303858Z ##[group]micromamba list
2025-02-21T14:51:39.1305134Z [command]/home/runner/micromamba-bin/micromamba list -r /home/runner/micromamba -n tardis
2025-02-21T14:51:39.5328444Z List of packages in environment: "/home/runner/micromamba/envs/tardis"
2025-02-21T14:51:39.5329673Z 
2025-02-21T14:51:39.5330504Z   Name                           Version              Build                    Channel    
2025-02-21T14:51:39.5357976Z â”€â”€â”€â”€â”€â”€â”€â”€â”€â”€â”€â”€â”€â”€â”€â”€â”€â”€â”€â”€â”€â”€â”€â”€â”€â”€â”€â”€â”€â”€â”€â”€â”€â”€â”€â”€â”€â”€â”€â”€â”€â”€â”€â”€â”€â”€â”€â”€â”€â”€â”€â”€â”€â”€â”€â”€â”€â”€â”€â”€â”€â”€â”€â”€â”€â”€â”€â”€â”€â”€â”€â”€â”€â”€â”€â”€â”€â”€â”€â”€â”€â”€â”€â”€â”€â”€â”€â”€â”€â”€â”€â”€
2025-02-21T14:51:39.5358684Z   _libgcc_mutex                  0.1                  conda_forge              conda-forge
2025-02-21T14:51:39.5359545Z   _openmp_mutex                  4.5                  2_gnu                    conda-forge
2025-02-21T14:51:39.5360242Z   alabaster                      0.7.16               pyhd8ed1ab_0             conda-forge
2025-02-21T14:51:39.5360879Z   anyio                          4.4.0                pyhd8ed1ab_0             conda-forge
2025-02-21T14:51:39.5361503Z   argon2-cffi                    23.1.0               pyhd8ed1ab_0             conda-forge
2025-02-21T14:51:39.5362238Z   argon2-cffi-bindings           21.2.0               py312h98912ed_4          conda-forge
2025-02-21T14:51:39.5362905Z   arrow                          1.3.0                pyhd8ed1ab_0             conda-forge
2025-02-21T14:51:39.5363505Z   astropy                        6.1.1                py312h085067d_0          conda-forge
2025-02-21T14:51:39.5364183Z   astropy-iers-data              0.2024.6.17.0.31.35  pyhd8ed1ab_0             conda-forge
2025-02-21T14:51:39.5364871Z   astropy-sphinx-theme           1.1                  pyhd8ed1ab_0             conda-forge
2025-02-21T14:51:39.5365519Z   asttokens                      2.4.1                pyhd8ed1ab_0             conda-forge
2025-02-21T14:51:39.5366135Z   async-lru                      2.0.4                pyhd8ed1ab_0             conda-forge
2025-02-21T14:51:39.5366712Z   atk-1.0                        2.38.0               h04ea711_2               conda-forge
2025-02-21T14:51:39.5367277Z   attrs                          23.2.0               pyh71513ae_0             conda-forge
2025-02-21T14:51:39.5367873Z   babel                          2.14.0               pyhd8ed1ab_0             conda-forge
2025-02-21T14:51:39.5368551Z   beautifulsoup4                 4.12.3               pyha770c72_0             conda-forge
2025-02-21T14:51:39.5369606Z   bleach                         6.1.0                pyhd8ed1ab_0             conda-forge
2025-02-21T14:51:39.5370206Z   blosc                          1.21.5               hc2324a3_1               conda-forge
2025-02-21T14:51:39.5370776Z   brotli                         1.1.0                hd590300_1               conda-forge
2025-02-21T14:51:39.5371375Z   brotli-bin                     1.1.0                hd590300_1               conda-forge
2025-02-21T14:51:39.5372019Z   brotli-python                  1.1.0                py312h30efb56_1          conda-forge
2025-02-21T14:51:39.5372642Z   bzip2                          1.0.8                hd590300_5               conda-forge
2025-02-21T14:51:39.5373202Z   c-ares                         1.28.1               hd590300_0               conda-forge
2025-02-21T14:51:39.5373784Z   c-blosc2                       2.14.4               hb4ffafa_1               conda-forge
2025-02-21T14:51:39.5374432Z   ca-certificates                2024.6.2             hbcca054_0               conda-forge
2025-02-21T14:51:39.5375115Z   cached-property                1.5.2                hd8ed1ab_1               conda-forge
2025-02-21T14:51:39.5375794Z   cached_property                1.5.2                pyha770c72_1             conda-forge
2025-02-21T14:51:39.5376415Z   cairo                          1.18.0               h3faef2a_0               conda-forge
2025-02-21T14:51:39.5377347Z   certifi                        2024.6.2             pyhd8ed1ab_0             conda-forge
2025-02-21T14:51:39.5377963Z   cffi                           1.16.0               py312hf06ca03_0          conda-forge
2025-02-21T14:51:39.5378592Z   charset-normalizer             3.3.2                pyhd8ed1ab_0             conda-forge
2025-02-21T14:51:39.5379670Z   click                          8.1.7                unix_pyh707e725_0        conda-forge
2025-02-21T14:51:39.5380264Z   codespell                      2.3.0                pyhd8ed1ab_0             conda-forge
2025-02-21T14:51:39.5380871Z   colorama                       0.4.6                pyhd8ed1ab_0             conda-forge
2025-02-21T14:51:39.5381471Z   comm                           0.2.2                pyhd8ed1ab_0             conda-forge
2025-02-21T14:51:39.5382063Z   commonmark                     0.9.1                py_0                     conda-forge
2025-02-21T14:51:39.5382719Z   contourpy                      1.2.1                py312h8572e83_0          conda-forge
2025-02-21T14:51:39.5383327Z   coverage                       7.5.3                py312h9a8786e_0          conda-forge
2025-02-21T14:51:39.5383966Z   cycler                         0.12.1               pyhd8ed1ab_0             conda-forge
2025-02-21T14:51:39.5384591Z   dataclasses                    0.8                  pyhc8e2a94_3             conda-forge
2025-02-21T14:51:39.5384964Z   debugpy                        1.8.1                py312h30efb56_0          conda-forge
2025-02-21T14:51:39.5385325Z   decorator                      5.1.1                pyhd8ed1ab_0             conda-forge
2025-02-21T14:51:39.5385694Z   defusedxml                     0.7.1                pyhd8ed1ab_0             conda-forge
2025-02-21T14:51:39.5386075Z   docutils                       0.20.1               py312h7900ff3_3          conda-forge
2025-02-21T14:51:39.5386436Z   dot2tex                        2.11.3               pyhd8ed1ab_0             conda-forge
2025-02-21T14:51:39.5386803Z   entrypoints                    0.4                  pyhd8ed1ab_0             conda-forge
2025-02-21T14:51:39.5387190Z   exceptiongroup                 1.2.0                pyhd8ed1ab_2             conda-forge
2025-02-21T14:51:39.5387566Z   executing                      2.0.1                pyhd8ed1ab_0             conda-forge
2025-02-21T14:51:39.5387917Z   expat                          2.6.2                h59595ed_0               conda-forge
2025-02-21T14:51:39.5388324Z   font-ttf-dejavu-sans-mono      2.37                 hab24e00_0               conda-forge
2025-02-21T14:51:39.5388759Z   font-ttf-inconsolata           3.000                h77eed37_0               conda-forge
2025-02-21T14:51:39.5389408Z   font-ttf-source-code-pro       2.038                h77eed37_0               conda-forge
2025-02-21T14:51:39.5389830Z   font-ttf-ubuntu                0.83                 h77eed37_2               conda-forge
2025-02-21T14:51:39.5390205Z   fontconfig                     2.14.2               h14ed4e7_0               conda-forge
2025-02-21T14:51:39.5390601Z   fonts-conda-ecosystem          1                    0                        conda-forge
2025-02-21T14:51:39.5391002Z   fonts-conda-forge              1                    0                        conda-forge
2025-02-21T14:51:39.5391372Z   fonttools                      4.53.0               py312h9a8786e_0          conda-forge
2025-02-21T14:51:39.5391720Z   fqdn                           1.5.1                pyhd8ed1ab_0             conda-forge
2025-02-21T14:51:39.5392051Z   freetype                       2.12.1               h267a509_2               conda-forge
2025-02-21T14:51:39.5392391Z   fribidi                        1.0.10               h36c2ea0_0               conda-forge
2025-02-21T14:51:39.5392733Z   future                         1.0.0                pyhd8ed1ab_0             conda-forge
2025-02-21T14:51:39.5393080Z   gdk-pixbuf                     2.42.12              hb9ae30d_0               conda-forge
2025-02-21T14:51:39.5393681Z   giflib                         5.2.2                hd590300_0               conda-forge
2025-02-21T14:51:39.5394053Z   git-lfs                        3.5.1                ha770c72_0               conda-forge
2025-02-21T14:51:39.5394371Z   gmp                            6.3.0                h59595ed_1               conda-forge
2025-02-21T14:51:39.5394801Z   gmpy2                          2.1.5                py312h1d5cde6_1          conda-forge
2025-02-21T14:51:39.5395147Z   graphite2                      1.3.13               h59595ed_1003            conda-forge
2025-02-21T14:51:39.5395499Z   graphviz                       11.0.0               hc68bbd7_0               conda-forge
2025-02-21T14:51:39.5395837Z   gtk2                           2.24.33              h280cfa0_4               conda-forge
2025-02-21T14:51:39.5396149Z   gts                            0.7.6                h977cf35_4               conda-forge
2025-02-21T14:51:39.5396457Z   h11                            0.14.0               pyhd8ed1ab_0             conda-forge
2025-02-21T14:51:39.5396774Z   h2                             4.1.0                pyhd8ed1ab_0             conda-forge
2025-02-21T14:51:39.5397099Z   h5py                           3.11.0               nompi_py312hb7ab980_102  conda-forge
2025-02-21T14:51:39.5397434Z   harfbuzz                       8.5.0                hfac3d4d_0               conda-forge
2025-02-21T14:51:39.5397774Z   hdf5                           1.14.3               nompi_hdf9ad27_105       conda-forge
2025-02-21T14:51:39.5398101Z   hpack                          4.0.0                pyh9f0ad1d_0             conda-forge
2025-02-21T14:51:39.5398439Z   httpcore                       1.0.5                pyhd8ed1ab_0             conda-forge
2025-02-21T14:51:39.5398873Z   httpx                          0.27.0               pyhd8ed1ab_0             conda-forge
2025-02-21T14:51:39.5399470Z   hyperframe                     6.0.1                pyhd8ed1ab_0             conda-forge
2025-02-21T14:51:39.5399817Z   icu                            73.2                 h59595ed_0               conda-forge
2025-02-21T14:51:39.5400137Z   idna                           3.7                  pyhd8ed1ab_0             conda-forge
2025-02-21T14:51:39.5400474Z   imagesize                      1.4.1                pyhd8ed1ab_0             conda-forge
2025-02-21T14:51:39.5400862Z   importlib-metadata             7.1.0                pyha770c72_0             conda-forge
2025-02-21T14:51:39.5401268Z   importlib_metadata             7.1.0                hd8ed1ab_0               conda-forge
2025-02-21T14:51:39.5401671Z   importlib_resources            6.4.0                pyhd8ed1ab_0             conda-forge
2025-02-21T14:51:39.5402058Z   iniconfig                      2.0.0                pyhd8ed1ab_0             conda-forge
2025-02-21T14:51:39.5402410Z   ipykernel                      6.29.4               pyh3099207_0             conda-forge
2025-02-21T14:51:39.5402762Z   ipython                        8.25.0               pyh707e725_0             conda-forge
2025-02-21T14:51:39.5403136Z   ipython_genutils               0.2.0                pyhd8ed1ab_1             conda-forge
2025-02-21T14:51:39.5403518Z   ipywidgets                     7.8.0                pyhd8ed1ab_0             conda-forge
2025-02-21T14:51:39.5403889Z   isoduration                    20.11.0              pyhd8ed1ab_0             conda-forge
2025-02-21T14:51:39.5404251Z   jedi                           0.19.1               pyhd8ed1ab_0             conda-forge
2025-02-21T14:51:39.5404588Z   jinja2                         3.1.4                pyhd8ed1ab_0             conda-forge
2025-02-21T14:51:39.5404928Z   json5                          0.9.25               pyhd8ed1ab_0             conda-forge
2025-02-21T14:51:39.5405285Z   jsonpointer                    3.0.0                py312h7900ff3_0          conda-forge
2025-02-21T14:51:39.5405655Z   jsonschema                     4.22.0               pyhd8ed1ab_0             conda-forge
2025-02-21T14:51:39.5406211Z   jsonschema-specifications      2023.12.1            pyhd8ed1ab_0             conda-forge
2025-02-21T14:51:39.5406701Z   jsonschema-with-format-nongpl  4.22.0               pyhd8ed1ab_0             conda-forge
2025-02-21T14:51:39.5407127Z   jupyter-lsp                    2.2.5                pyhd8ed1ab_0             conda-forge
2025-02-21T14:51:39.5407630Z   jupyter_client                 8.6.2                pyhd8ed1ab_0             conda-forge
2025-02-21T14:51:39.5407999Z   jupyter_core                   5.7.2                py312h7900ff3_0          conda-forge
2025-02-21T14:51:39.5408366Z   jupyter_events                 0.10.0               pyhd8ed1ab_0             conda-forge
2025-02-21T14:51:39.5408748Z   jupyter_server                 2.14.1               pyhd8ed1ab_0             conda-forge
2025-02-21T14:51:39.5409334Z   jupyter_server_terminals       0.5.3                pyhd8ed1ab_0             conda-forge
2025-02-21T14:51:39.5409740Z   jupyterlab                     4.2.2                pyhd8ed1ab_0             conda-forge
2025-02-21T14:51:39.5410135Z   jupyterlab_pygments            0.3.0                pyhd8ed1ab_1             conda-forge
2025-02-21T14:51:39.5410541Z   jupyterlab_server              2.27.2               pyhd8ed1ab_0             conda-forge
2025-02-21T14:51:39.5410948Z   jupyterlab_widgets             1.1.7                pyhd8ed1ab_0             conda-forge
2025-02-21T14:51:39.5411331Z   keyutils                       1.6.1                h166bdaf_0               conda-forge
2025-02-21T14:51:39.5411682Z   kiwisolver                     1.4.5                py312h8572e83_1          conda-forge
2025-02-21T14:51:39.5412019Z   krb5                           1.21.2               h659d440_0               conda-forge
2025-02-21T14:51:39.5412359Z   latexcodec                     2.0.1                pyh9f0ad1d_0             conda-forge
2025-02-21T14:51:39.5412701Z   lcms2                          2.16                 hb7c19ff_0               conda-forge
2025-02-21T14:51:39.5413060Z   ld_impl_linux-64               2.40                 hf3520f5_7               conda-forge
2025-02-21T14:51:39.5413399Z   lerc                           4.0.0                h27087fc_0               conda-forge
2025-02-21T14:51:39.5413723Z   libaec                         1.1.3                h59595ed_0               conda-forge
2025-02-21T14:51:39.5414073Z   libblas                        3.9.0                22_linux64_openblas      conda-forge
2025-02-21T14:51:39.5414444Z   libbrotlicommon                1.1.0                hd590300_1               conda-forge
2025-02-21T14:51:39.5414824Z   libbrotlidec                   1.1.0                hd590300_1               conda-forge
2025-02-21T14:51:39.5415188Z   libbrotlienc                   1.1.0                hd590300_1               conda-forge
2025-02-21T14:51:39.5415563Z   libcblas                       3.9.0                22_linux64_openblas      conda-forge
2025-02-21T14:51:39.5415909Z   libcurl                        8.8.0                hca28451_0               conda-forge
2025-02-21T14:51:39.5416255Z   libdeflate                     1.20                 hd590300_0               conda-forge
2025-02-21T14:51:39.5416615Z   libedit                        3.1.20191231         he28a2e2_2               conda-forge
2025-02-21T14:51:39.5416955Z   libev                          4.33                 hd590300_2               conda-forge
2025-02-21T14:51:39.5417298Z   libexpat                       2.6.2                h59595ed_0               conda-forge
2025-02-21T14:51:39.5417634Z   libffi                         3.4.2                h7f98852_5               conda-forge
2025-02-21T14:51:39.5417971Z   libgcc-ng                      13.2.0               h77fa898_10              conda-forge
2025-02-21T14:51:39.5418308Z   libgd                          2.3.3                h119a65a_9               conda-forge
2025-02-21T14:51:39.5418664Z   libgfortran-ng                 13.2.0               h69a702a_10              conda-forge
2025-02-21T14:51:39.5419324Z   libgfortran5                   13.2.0               h3d2ce59_10              conda-forge
2025-02-21T14:51:39.5419697Z   libglib                        2.80.2               h8a4344b_1               conda-forge
2025-02-21T14:51:39.5420038Z   libgomp                        13.2.0               h77fa898_10              conda-forge
2025-02-21T14:51:39.5420481Z   libiconv                       1.17                 hd590300_2               conda-forge
2025-02-21T14:51:39.5420841Z   libjpeg-turbo                  3.0.0                hd590300_1               conda-forge
2025-02-21T14:51:39.5421216Z   liblapack                      3.9.0                22_linux64_openblas      conda-forge
2025-02-21T14:51:39.5421583Z   libllvm14                      14.0.6               hcd5def8_4               conda-forge
2025-02-21T14:51:39.5421945Z   libnghttp2                     1.58.0               h47da74e_1               conda-forge
2025-02-21T14:51:39.5422292Z   libnsl                         2.0.1                hd590300_0               conda-forge
2025-02-21T14:51:39.5422653Z   libopenblas                    0.3.27               pthreads_h413a1c8_0      conda-forge
2025-02-21T14:51:39.5423010Z   libpng                         1.6.43               h2797004_0               conda-forge
2025-02-21T14:51:39.5423346Z   librsvg                        2.58.1               hadf69e7_0               conda-forge
2025-02-21T14:51:39.5423699Z   libsodium                      1.0.18               h36c2ea0_1               conda-forge
2025-02-21T14:51:39.5424062Z   libsqlite                      3.46.0               hde9e2c9_0               conda-forge
2025-02-21T14:51:39.5424406Z   libssh2                        1.11.0               h0841786_0               conda-forge
2025-02-21T14:51:39.5424760Z   libstdcxx-ng                   13.2.0               hc0a3c3a_10              conda-forge
2025-02-21T14:51:39.5425116Z   libtiff                        4.6.0                h1dd3fc0_3               conda-forge
2025-02-21T14:51:39.5425461Z   libuuid                        2.38.1               h0b41bf4_0               conda-forge
2025-02-21T14:51:39.5425794Z   libwebp                        1.4.0                h2c329e2_0               conda-forge
2025-02-21T14:51:39.5426138Z   libwebp-base                   1.4.0                hd590300_0               conda-forge
2025-02-21T14:51:39.5426482Z   libxcb                         1.15                 h0b41bf4_0               conda-forge
2025-02-21T14:51:39.5426826Z   libxcrypt                      4.4.36               hd590300_1               conda-forge
2025-02-21T14:51:39.5427169Z   libxml2                        2.12.7               hc051c1a_1               conda-forge
2025-02-21T14:51:39.5427505Z   libxslt                        1.1.39               h76b75d6_0               conda-forge
2025-02-21T14:51:39.5427841Z   libzlib                        1.3.1                h4ab18f5_1               conda-forge
2025-02-21T14:51:39.5428187Z   llvmlite                       0.42.0               py312hb06c811_1          conda-forge
2025-02-21T14:51:39.5428527Z   lxml                           5.2.2                py312hb90d8a5_0          conda-forge
2025-02-21T14:51:39.5428844Z   lz4-c                          1.9.4                hcb278e6_0               conda-forge
2025-02-21T14:51:39.5429333Z   lzo                            2.10                 hd590300_1001            conda-forge
2025-02-21T14:51:39.5429674Z   markupsafe                     2.1.5                py312h98912ed_0          conda-forge
2025-02-21T14:51:39.5430052Z   matplotlib-base                3.8.4                py312h20ab3a6_2          conda-forge
2025-02-21T14:51:39.5430453Z   matplotlib-inline              0.1.7                pyhd8ed1ab_0             conda-forge
2025-02-21T14:51:39.5430831Z   mistune                        3.0.2                pyhd8ed1ab_0             conda-forge
2025-02-21T14:51:39.5431161Z   mpc                            1.3.1                hfe3b2da_0               conda-forge
2025-02-21T14:51:39.5431660Z   mpfr                           4.2.1                h9458935_1               conda-forge
2025-02-21T14:51:39.5432007Z   mpmath                         1.3.0                pyhd8ed1ab_0             conda-forge
2025-02-21T14:51:39.5432349Z   munkres                        1.1.4                pyh9f0ad1d_0             conda-forge
2025-02-21T14:51:39.5432711Z   mypy_extensions                1.0.0                pyha770c72_0             conda-forge
2025-02-21T14:51:39.5433189Z   nbclassic                      1.1.0                pyhd8ed1ab_0             conda-forge
2025-02-21T14:51:39.5433542Z   nbclient                       0.10.0               pyhd8ed1ab_0             conda-forge
2025-02-21T14:51:39.5433906Z   nbconvert                      7.16.4               hd8ed1ab_1               conda-forge
2025-02-21T14:51:39.5434281Z   nbconvert-core                 7.16.4               pyhd8ed1ab_1             conda-forge
2025-02-21T14:51:39.5434684Z   nbconvert-pandoc               7.16.4               hd8ed1ab_1               conda-forge
2025-02-21T14:51:39.5435072Z   nbformat                       5.10.4               pyhd8ed1ab_0             conda-forge
2025-02-21T14:51:39.5435426Z   nbsphinx                       0.9.4                pyhd8ed1ab_0             conda-forge
2025-02-21T14:51:39.5435768Z   ncurses                        6.5                  h59595ed_0               conda-forge
2025-02-21T14:51:39.5436126Z   nest-asyncio                   1.6.0                pyhd8ed1ab_0             conda-forge
2025-02-21T14:51:39.5436487Z   networkx                       3.3                  pyhd8ed1ab_1             conda-forge
2025-02-21T14:51:39.5436826Z   nomkl                          1.0                  h5ca1d4c_0               conda-forge
2025-02-21T14:51:39.5437159Z   notebook                       7.2.1                pyhd8ed1ab_0             conda-forge
2025-02-21T14:51:39.5437529Z   notebook-shim                  0.2.4                pyhd8ed1ab_0             conda-forge
2025-02-21T14:51:39.5437887Z   numba                          0.59.1               py312hacefee8_0          conda-forge
2025-02-21T14:51:39.5438231Z   numexpr                        2.10.0               py312hf412c99_100        conda-forge
2025-02-21T14:51:39.5438570Z   numpy                          1.26.4               py312heda63a1_0          conda-forge
2025-02-21T14:51:39.5438914Z   numpydoc                       1.7.0                pyhd8ed1ab_1             conda-forge
2025-02-21T14:51:39.5439440Z   openjpeg                       2.5.2                h488ebb8_0               conda-forge
2025-02-21T14:51:39.5439785Z   openssl                        3.3.1                h4ab18f5_0               conda-forge
2025-02-21T14:51:39.5440131Z   overrides                      7.7.0                pyhd8ed1ab_0             conda-forge
2025-02-21T14:51:39.5440488Z   packaging                      24.1                 pyhd8ed1ab_0             conda-forge
2025-02-21T14:51:39.5440833Z   pandas                         2.2.2                py312h1d6d2e6_1          conda-forge
2025-02-21T14:51:39.5441188Z   pandoc                         3.2                  ha770c72_0               conda-forge
2025-02-21T14:51:39.5441547Z   pandocfilters                  1.5.0                pyhd8ed1ab_0             conda-forge
2025-02-21T14:51:39.5441905Z   pango                          1.54.0               h84a9a3c_0               conda-forge
2025-02-21T14:51:39.5442244Z   parso                          0.8.4                pyhd8ed1ab_0             conda-forge
2025-02-21T14:51:39.5442588Z   pathspec                       0.12.1               pyhd8ed1ab_0             conda-forge
2025-02-21T14:51:39.5442929Z   pbr                            6.0.0                pyhd8ed1ab_0             conda-forge
2025-02-21T14:51:39.5443256Z   pcre2                          10.44                h0f59acf_0               conda-forge
2025-02-21T14:51:39.5443604Z   pexpect                        4.9.0                pyhd8ed1ab_0             conda-forge
2025-02-21T14:51:39.5443960Z   pickleshare                    0.7.5                py_1003                  conda-forge
2025-02-21T14:51:39.5444566Z   pillow                         10.3.0               py312hdcec9eb_0          conda-forge
2025-02-21T14:51:39.5444913Z   pip                            24.0                 pyhd8ed1ab_0             conda-forge
2025-02-21T14:51:39.5445239Z   pixman                         0.43.2               h59595ed_0               conda-forge
2025-02-21T14:51:39.5445724Z   pkgutil-resolve-name           1.3.10               pyhd8ed1ab_1             conda-forge
2025-02-21T14:51:39.5446132Z   platformdirs                   4.2.2                pyhd8ed1ab_0             conda-forge
2025-02-21T14:51:39.5446491Z   plotly                         5.22.0               pyhd8ed1ab_0             conda-forge
2025-02-21T14:51:39.5446828Z   pluggy                         1.5.0                pyhd8ed1ab_0             conda-forge
2025-02-21T14:51:39.5447196Z   prometheus_client              0.20.0               pyhd8ed1ab_0             conda-forge
2025-02-21T14:51:39.5447604Z   prompt-toolkit                 3.0.47               pyha770c72_0             conda-forge
2025-02-21T14:51:39.5447971Z   psutil                         5.9.8                py312h98912ed_0          conda-forge
2025-02-21T14:51:39.5448357Z   pthread-stubs                  0.4                  h36c2ea0_1001            conda-forge
2025-02-21T14:51:39.5448732Z   ptyprocess                     0.7.0                pyhd3deb0d_0             conda-forge
2025-02-21T14:51:39.5449258Z   pure_eval                      0.2.2                pyhd8ed1ab_0             conda-forge
2025-02-21T14:51:39.5449626Z   py-cpuinfo                     9.0.0                pyhd8ed1ab_0             conda-forge
2025-02-21T14:51:39.5449973Z   pybtex                         0.24.0               pyhd8ed1ab_2             conda-forge
2025-02-21T14:51:39.5450336Z   pybtex-docutils                1.0.3                py312h7900ff3_1          conda-forge
2025-02-21T14:51:39.5450708Z   pycparser                      2.22                 pyhd8ed1ab_0             conda-forge
2025-02-21T14:51:39.5451059Z   pyerfa                         2.0.1.4              py312h085067d_1          conda-forge
2025-02-21T14:51:39.5451404Z   pygments                       2.18.0               pyhd8ed1ab_0             conda-forge
2025-02-21T14:51:39.5451761Z   pygraphviz                     1.13                 py312h4a1d8a7_1          conda-forge
2025-02-21T14:51:39.5452128Z   pyparsing                      3.1.2                pyhd8ed1ab_0             conda-forge
2025-02-21T14:51:39.5452476Z   pysocks                        1.7.1                pyha2e5f31_6             conda-forge
2025-02-21T14:51:39.5452820Z   pytables                       3.9.2                py312h96d95ec_2          conda-forge
2025-02-21T14:51:39.5453162Z   pytest                         8.2.2                pyhd8ed1ab_0             conda-forge
2025-02-21T14:51:39.5453509Z   pytest-cov                     5.0.0                pyhd8ed1ab_0             conda-forge
2025-02-21T14:51:39.5453898Z   pytest-doctestplus             1.2.1                pyhd8ed1ab_0             conda-forge
2025-02-21T14:51:39.5454289Z   pytest-html                    4.1.1                pyhd8ed1ab_0             conda-forge
2025-02-21T14:51:39.5454669Z   pytest-metadata                3.1.1                pyhd8ed1ab_0             conda-forge
2025-02-21T14:51:39.5455041Z   python                         3.12.4               h194c7f8_0_cpython       conda-forge
2025-02-21T14:51:39.5455408Z   python-dateutil                2.9.0                pyhd8ed1ab_0             conda-forge
2025-02-21T14:51:39.5455826Z   python-fastjsonschema          2.20.0               pyhd8ed1ab_0             conda-forge
2025-02-21T14:51:39.5456252Z   python-json-logger             2.0.7                pyhd8ed1ab_0             conda-forge
2025-02-21T14:51:39.5456650Z   python-tzdata                  2024.1               pyhd8ed1ab_0             conda-forge
2025-02-21T14:51:39.5457019Z   python_abi                     3.12                 4_cp312                  conda-forge
2025-02-21T14:51:39.5457505Z   pytz                           2024.1               pyhd8ed1ab_0             conda-forge
2025-02-21T14:51:39.5457842Z   pyyaml                         6.0.1                py312h98912ed_1          conda-forge
2025-02-21T14:51:39.5458174Z   pyzmq                          26.0.3               py312h8fd38d8_0          conda-forge
2025-02-21T14:51:39.5458606Z   qgrid                          1.3.1                pyhd8ed1ab_4             conda-forge
2025-02-21T14:51:39.5458974Z   radioactivedecay               0.5.1                pyhd8ed1ab_0             conda-forge
2025-02-21T14:51:39.5459513Z   readline                       8.2                  h8228510_1               conda-forge
2025-02-21T14:51:39.5459868Z   recommonmark                   0.7.1                pyhd8ed1ab_0             conda-forge
2025-02-21T14:51:39.5460242Z   referencing                    0.35.1               pyhd8ed1ab_0             conda-forge
2025-02-21T14:51:39.5460610Z   requests                       2.32.3               pyhd8ed1ab_0             conda-forge
2025-02-21T14:51:39.5460997Z   rfc3339-validator              0.1.4                pyhd8ed1ab_0             conda-forge
2025-02-21T14:51:39.5461398Z   rfc3986-validator              0.1.1                pyh9f0ad1d_0             conda-forge
2025-02-21T14:51:39.5461771Z   rpds-py                        0.18.1               py312h4413252_0          conda-forge
2025-02-21T14:51:39.5462115Z   ruff                           0.4.9                py312h5715c7c_0          conda-forge
2025-02-21T14:51:39.5462452Z   scipy                          1.13.1               py312hc2bc53b_0          conda-forge
2025-02-21T14:51:39.5462804Z   send2trash                     1.8.3                pyh0d859eb_0             conda-forge
2025-02-21T14:51:39.5463173Z   setuptools                     70.0.0               pyhd8ed1ab_0             conda-forge
2025-02-21T14:51:39.5463548Z   setuptools-scm                 8.1.0                pyhd8ed1ab_0             conda-forge
2025-02-21T14:51:39.5463929Z   setuptools_scm                 8.1.0                hd8ed1ab_0               conda-forge
2025-02-21T14:51:39.5464278Z   six                            1.16.0               pyh6c4a22f_0             conda-forge
2025-02-21T14:51:39.5464613Z   snakeviz                       2.2.0                pyhd8ed1ab_0             conda-forge
2025-02-21T14:51:39.5464970Z   snappy                         1.2.0                hdb0a2a9_1               conda-forge
2025-02-21T14:51:39.5465311Z   sniffio                        1.3.1                pyhd8ed1ab_0             conda-forge
2025-02-21T14:51:39.5465679Z   snowballstemmer                2.2.0                pyhd8ed1ab_0             conda-forge
2025-02-21T14:51:39.5466057Z   soupsieve                      2.5                  pyhd8ed1ab_1             conda-forge
2025-02-21T14:51:39.5466405Z   sphinx                         7.3.7                pyhd8ed1ab_0             conda-forge
2025-02-21T14:51:39.5466776Z   sphinx-astropy                 1.9.1                pyhd8ed1ab_0             conda-forge
2025-02-21T14:51:39.5467180Z   sphinx-automodapi              0.17.0               pyh717bed2_1             conda-forge
2025-02-21T14:51:39.5467578Z   sphinx-gallery                 0.16.0               pyhd8ed1ab_0             conda-forge
2025-02-21T14:51:39.5467980Z   sphinx-jsonschema              1.19.1               pyhd8ed1ab_0             conda-forge
2025-02-21T14:51:39.5468393Z   sphinx_bootstrap_theme         0.8.1                pyhd8ed1ab_0             conda-forge
2025-02-21T14:51:39.5468792Z   sphinx_rtd_theme               2.0.0                pyha770c72_0             conda-forge
2025-02-21T14:51:39.5469374Z   sphinxcontrib-apidoc           0.3.0                py_1                     conda-forge
2025-02-21T14:51:39.5469816Z   sphinxcontrib-applehelp        1.0.8                pyhd8ed1ab_0             conda-forge
2025-02-21T14:51:39.5470254Z   sphinxcontrib-bibtex           2.6.2                pyhd8ed1ab_0             conda-forge
2025-02-21T14:51:39.5470809Z   sphinxcontrib-devhelp          1.0.6                pyhd8ed1ab_0             conda-forge
2025-02-21T14:51:39.5471257Z   sphinxcontrib-htmlhelp         2.0.5                pyhd8ed1ab_0             conda-forge
2025-02-21T14:51:39.5471687Z   sphinxcontrib-jquery           4.1                  pyhd8ed1ab_0             conda-forge
2025-02-21T14:51:39.5472218Z   sphinxcontrib-jsmath           1.0.1                pyhd8ed1ab_0             conda-forge
2025-02-21T14:51:39.5472646Z   sphinxcontrib-qthelp           1.0.7                pyhd8ed1ab_0             conda-forge
2025-02-21T14:51:39.5473110Z   sphinxcontrib-serializinghtml  1.1.10               pyhd8ed1ab_0             conda-forge
2025-02-21T14:51:39.5473539Z   stack_data                     0.6.2                pyhd8ed1ab_0             conda-forge
2025-02-21T14:51:39.5473885Z   sympy                          1.12.1               pypyh2585a3b_103         conda-forge
2025-02-21T14:51:39.5474232Z   tabulate                       0.9.0                pyhd8ed1ab_1             conda-forge
2025-02-21T14:51:39.5474590Z   tenacity                       8.4.1                pyhd8ed1ab_0             conda-forge
2025-02-21T14:51:39.5474943Z   terminado                      0.18.1               pyh0d859eb_0             conda-forge
2025-02-21T14:51:39.5475297Z   tinycss2                       1.3.0                pyhd8ed1ab_0             conda-forge
2025-02-21T14:51:39.5475639Z   tk                             8.6.13               noxft_h4845f30_101       conda-forge
2025-02-21T14:51:39.5475956Z   toml                           0.10.2               pyhd8ed1ab_0             conda-forge
2025-02-21T14:51:39.5476289Z   tomli                          2.0.1                pyhd8ed1ab_0             conda-forge
2025-02-21T14:51:39.5476637Z   tornado                        6.4.1                py312h9a8786e_0          conda-forge
2025-02-21T14:51:39.5476972Z   tqdm                           4.66.4               pyhd8ed1ab_0             conda-forge
2025-02-21T14:51:39.5477325Z   traitlets                      5.14.3               pyhd8ed1ab_0             conda-forge
2025-02-21T14:51:39.5477682Z   typed-ast                      1.5.5                py312h98912ed_1          conda-forge
2025-02-21T14:51:39.5478088Z   types-python-dateutil          2.9.0.20240316       pyhd8ed1ab_0             conda-forge
2025-02-21T14:51:39.5478533Z   typing-extensions              4.12.2               hd8ed1ab_0               conda-forge
2025-02-21T14:51:39.5478936Z   typing_extensions              4.12.2               pyha770c72_0             conda-forge
2025-02-21T14:51:39.5479486Z   typing_utils                   0.1.0                pyhd8ed1ab_0             conda-forge
2025-02-21T14:51:39.5479844Z   tzdata                         2024a                h0c530f3_0               conda-forge
2025-02-21T14:51:39.5480202Z   uri-template                   1.3.0                pyhd8ed1ab_0             conda-forge
2025-02-21T14:51:39.5480564Z   urllib3                        2.2.2                pyhd8ed1ab_0             conda-forge
2025-02-21T14:51:39.5480910Z   wcwidth                        0.2.13               pyhd8ed1ab_0             conda-forge
2025-02-21T14:51:39.5481266Z   webcolors                      24.6.0               pyhd8ed1ab_0             conda-forge
2025-02-21T14:51:39.5481651Z   webencodings                   0.5.1                pyhd8ed1ab_2             conda-forge
2025-02-21T14:51:39.5482056Z   websocket-client               1.8.0                pyhd8ed1ab_0             conda-forge
2025-02-21T14:51:39.5482429Z   wheel                          0.43.0               pyhd8ed1ab_1             conda-forge
2025-02-21T14:51:39.5482812Z   widgetsnbextension             3.6.6                pyhd8ed1ab_0             conda-forge
2025-02-21T14:51:39.5483206Z   xorg-kbproto                   1.0.7                h7f98852_1002            conda-forge
2025-02-21T14:51:39.5483576Z   xorg-libice                    1.1.1                hd590300_0               conda-forge
2025-02-21T14:51:39.5484052Z   xorg-libsm                     1.2.4                h7391055_0               conda-forge
2025-02-21T14:51:39.5484413Z   xorg-libx11                    1.8.9                h8ee46fc_0               conda-forge
2025-02-21T14:51:39.5484770Z   xorg-libxau                    1.0.11               hd590300_0               conda-forge
2025-02-21T14:51:39.5485238Z   xorg-libxdmcp                  1.1.3                h7f98852_0               conda-forge
2025-02-21T14:51:39.5485610Z   xorg-libxext                   1.3.4                h0b41bf4_2               conda-forge
2025-02-21T14:51:39.5485989Z   xorg-libxrender                0.9.11               hd590300_0               conda-forge
2025-02-21T14:51:39.5486377Z   xorg-renderproto               0.11.1               h7f98852_1002            conda-forge
2025-02-21T14:51:39.5486764Z   xorg-xextproto                 7.3.0                h0b41bf4_1003            conda-forge
2025-02-21T14:51:39.5487141Z   xorg-xproto                    7.0.31               h7f98852_1007            conda-forge
2025-02-21T14:51:39.5487481Z   xz                             5.2.6                h166bdaf_0               conda-forge
2025-02-21T14:51:39.5487795Z   yaml                           0.2.5                h7f98852_2               conda-forge
2025-02-21T14:51:39.5488117Z   zeromq                         4.3.5                h75354e8_4               conda-forge
2025-02-21T14:51:39.5488452Z   zipp                           3.19.2               pyhd8ed1ab_0             conda-forge
2025-02-21T14:51:39.5488777Z   zlib                           1.3.1                h4ab18f5_1               conda-forge
2025-02-21T14:51:39.5489288Z   zlib-ng                        2.0.7                h0b41bf4_0               conda-forge
2025-02-21T14:51:39.5489626Z   zstd                           1.5.6                ha6fb4c9_0               conda-forge
2025-02-21T14:51:39.5490165Z ##[endgroup]
2025-02-21T14:51:39.5533319Z ##[group]Run pip install -e . --user
2025-02-21T14:51:39.5533650Z [36;1mpip install -e . --user[0m
2025-02-21T14:51:39.5593337Z shell: /usr/bin/bash -l {0}
2025-02-21T14:51:39.5593601Z env:
2025-02-21T14:51:39.5593793Z   CACHE_NUMBER: 0
2025-02-21T14:51:39.5594477Z   PYTEST_FLAGS: --tardis-regression-data=/home/runner/work/tardis/tardis/tardis-regression-data --cov=tardis --cov-report=xml --cov-report=html --cov-append
2025-02-21T14:51:39.5595220Z   CODECOV_TOKEN: 
2025-02-21T14:51:39.5595466Z   MAMBA_ROOT_PREFIX: /home/runner/micromamba
2025-02-21T14:51:39.5595803Z   MAMBA_EXE: /home/runner/micromamba-bin/micromamba
2025-02-21T14:51:39.5596189Z   CONDARC: /home/runner/work/_temp/setup-micromamba/.condarc
2025-02-21T14:51:39.5596527Z ##[endgroup]
2025-02-21T14:51:40.2572252Z Obtaining file:///home/runner/work/tardis/tardis
2025-02-21T14:51:40.2608400Z   Installing build dependencies: started
2025-02-21T14:51:43.0786504Z   Installing build dependencies: finished with status 'done'
2025-02-21T14:51:43.0791801Z   Checking if build backend supports build_editable: started
2025-02-21T14:51:43.2050851Z   Checking if build backend supports build_editable: finished with status 'done'
2025-02-21T14:51:43.2058476Z   Getting requirements to build editable: started
2025-02-21T14:51:43.8132009Z   Getting requirements to build editable: finished with status 'done'
2025-02-21T14:51:43.8140713Z   Preparing editable metadata (pyproject.toml): started
2025-02-21T14:51:44.3844655Z   Preparing editable metadata (pyproject.toml): finished with status 'done'
2025-02-21T14:51:44.4438090Z Requirement already satisfied: astropy in /home/runner/micromamba/envs/tardis/lib/python3.12/site-packages (from tardis==0.0.0) (6.1.1)
2025-02-21T14:51:44.4832694Z Requirement already satisfied: numpy>=1.23 in /home/runner/micromamba/envs/tardis/lib/python3.12/site-packages (from astropy->tardis==0.0.0) (1.26.4)
2025-02-21T14:51:44.4842096Z Requirement already satisfied: pyerfa>=2.0.1.1 in /home/runner/micromamba/envs/tardis/lib/python3.12/site-packages (from astropy->tardis==0.0.0) (2.0.1.4)
2025-02-21T14:51:44.4852512Z Requirement already satisfied: astropy-iers-data>=0.2024.5.27.0.30.8 in /home/runner/micromamba/envs/tardis/lib/python3.12/site-packages (from astropy->tardis==0.0.0) (0.2024.6.17.0.31.35)
2025-02-21T14:51:44.4860802Z Requirement already satisfied: PyYAML>=3.13 in /home/runner/micromamba/envs/tardis/lib/python3.12/site-packages (from astropy->tardis==0.0.0) (6.0.1)
2025-02-21T14:51:44.4870192Z Requirement already satisfied: packaging>=19.0 in /home/runner/micromamba/envs/tardis/lib/python3.12/site-packages (from astropy->tardis==0.0.0) (24.1)
2025-02-21T14:51:44.4958335Z Building wheels for collected packages: tardis
2025-02-21T14:51:44.4967612Z   Building editable for tardis (pyproject.toml): started
2025-02-21T14:51:45.4790289Z   Building editable for tardis (pyproject.toml): finished with status 'done'
2025-02-21T14:51:45.4798030Z   Created wheel for tardis: filename=tardis-0.0.0-0.editable-py3-none-any.whl size=8879 sha256=4d31ca2ca4293d9cd2e5ea1ca6e0dbd8b27dd61000e8513a43dd21b5e581bb5b
2025-02-21T14:51:45.4800938Z   Stored in directory: /tmp/pip-ephem-wheel-cache-cc6sj0ds/wheels/6a/c7/ae/89fa6dc2565455898176888ef0e2e475e4e90eb0124afcb995
2025-02-21T14:51:45.4827260Z Successfully built tardis
2025-02-21T14:51:46.2450195Z Installing collected packages: tardis
2025-02-21T14:51:46.2540911Z Successfully installed tardis-0.0.0
2025-02-21T14:51:46.4579630Z ##[group]Run pip install qgridnext
2025-02-21T14:51:46.4579962Z [36;1mpip install qgridnext[0m
2025-02-21T14:51:46.4634201Z shell: /usr/bin/bash -l {0}
2025-02-21T14:51:46.4634485Z env:
2025-02-21T14:51:46.4634691Z   CACHE_NUMBER: 0
2025-02-21T14:51:46.4635435Z   PYTEST_FLAGS: --tardis-regression-data=/home/runner/work/tardis/tardis/tardis-regression-data --cov=tardis --cov-report=xml --cov-report=html --cov-append
2025-02-21T14:51:46.4636219Z   CODECOV_TOKEN: 
2025-02-21T14:51:46.4636481Z   MAMBA_ROOT_PREFIX: /home/runner/micromamba
2025-02-21T14:51:46.4636842Z   MAMBA_EXE: /home/runner/micromamba-bin/micromamba
2025-02-21T14:51:46.4637265Z   CONDARC: /home/runner/work/_temp/setup-micromamba/.condarc
2025-02-21T14:51:46.4637630Z ##[endgroup]
2025-02-21T14:51:47.0964555Z Collecting qgridnext
2025-02-21T14:51:47.1254930Z   Downloading qgridnext-2.0.4-py3-none-any.whl.metadata (9.9 kB)
2025-02-21T14:51:47.1344837Z Requirement already satisfied: pandas>=0.20.0 in /home/runner/micromamba/envs/tardis/lib/python3.12/site-packages (from qgridnext) (2.2.2)
2025-02-21T14:51:47.1353401Z Requirement already satisfied: ipywidgets>=7.0.0 in /home/runner/micromamba/envs/tardis/lib/python3.12/site-packages (from qgridnext) (7.8.0)
2025-02-21T14:51:47.1361907Z Requirement already satisfied: numpy in /home/runner/micromamba/envs/tardis/lib/python3.12/site-packages (from qgridnext) (1.26.4)
2025-02-21T14:51:47.1371400Z Requirement already satisfied: traitlets in /home/runner/micromamba/envs/tardis/lib/python3.12/site-packages (from qgridnext) (5.14.3)
2025-02-21T14:51:47.1455261Z Requirement already satisfied: comm>=0.1.3 in /home/runner/micromamba/envs/tardis/lib/python3.12/site-packages (from ipywidgets>=7.0.0->qgridnext) (0.2.2)
2025-02-21T14:51:47.1463733Z Requirement already satisfied: ipython-genutils~=0.2.0 in /home/runner/micromamba/envs/tardis/lib/python3.12/site-packages (from ipywidgets>=7.0.0->qgridnext) (0.2.0)
2025-02-21T14:51:47.1475797Z Requirement already satisfied: widgetsnbextension~=3.6.5 in /home/runner/micromamba/envs/tardis/lib/python3.12/site-packages (from ipywidgets>=7.0.0->qgridnext) (3.6.6)
2025-02-21T14:51:47.1493278Z Requirement already satisfied: ipython>=4.0.0 in /home/runner/micromamba/envs/tardis/lib/python3.12/site-packages (from ipywidgets>=7.0.0->qgridnext) (8.25.0)
2025-02-21T14:51:47.1507435Z Requirement already satisfied: jupyterlab-widgets<3,>=1.0.0 in /home/runner/micromamba/envs/tardis/lib/python3.12/site-packages (from ipywidgets>=7.0.0->qgridnext) (1.1.7)
2025-02-21T14:51:47.1946806Z Requirement already satisfied: python-dateutil>=2.8.2 in /home/runner/micromamba/envs/tardis/lib/python3.12/site-packages (from pandas>=0.20.0->qgridnext) (2.9.0)
2025-02-21T14:51:47.1959967Z Requirement already satisfied: pytz>=2020.1 in /home/runner/micromamba/envs/tardis/lib/python3.12/site-packages (from pandas>=0.20.0->qgridnext) (2024.1)
2025-02-21T14:51:47.1967638Z Requirement already satisfied: tzdata>=2022.7 in /home/runner/micromamba/envs/tardis/lib/python3.12/site-packages (from pandas>=0.20.0->qgridnext) (2024.1)
2025-02-21T14:51:47.2288023Z Requirement already satisfied: decorator in /home/runner/micromamba/envs/tardis/lib/python3.12/site-packages (from ipython>=4.0.0->ipywidgets>=7.0.0->qgridnext) (5.1.1)
2025-02-21T14:51:47.2302332Z Requirement already satisfied: jedi>=0.16 in /home/runner/micromamba/envs/tardis/lib/python3.12/site-packages (from ipython>=4.0.0->ipywidgets>=7.0.0->qgridnext) (0.19.1)
2025-02-21T14:51:47.2310683Z Requirement already satisfied: matplotlib-inline in /home/runner/micromamba/envs/tardis/lib/python3.12/site-packages (from ipython>=4.0.0->ipywidgets>=7.0.0->qgridnext) (0.1.7)
2025-02-21T14:51:47.2321381Z Requirement already satisfied: prompt-toolkit<3.1.0,>=3.0.41 in /home/runner/micromamba/envs/tardis/lib/python3.12/site-packages (from ipython>=4.0.0->ipywidgets>=7.0.0->qgridnext) (3.0.47)
2025-02-21T14:51:47.2330294Z Requirement already satisfied: pygments>=2.4.0 in /home/runner/micromamba/envs/tardis/lib/python3.12/site-packages (from ipython>=4.0.0->ipywidgets>=7.0.0->qgridnext) (2.18.0)
2025-02-21T14:51:47.2339685Z Requirement already satisfied: stack-data in /home/runner/micromamba/envs/tardis/lib/python3.12/site-packages (from ipython>=4.0.0->ipywidgets>=7.0.0->qgridnext) (0.6.2)
2025-02-21T14:51:47.2358211Z Requirement already satisfied: pexpect>4.3 in /home/runner/micromamba/envs/tardis/lib/python3.12/site-packages (from ipython>=4.0.0->ipywidgets>=7.0.0->qgridnext) (4.9.0)
2025-02-21T14:51:47.2405328Z Requirement already satisfied: six>=1.5 in /home/runner/micromamba/envs/tardis/lib/python3.12/site-packages (from python-dateutil>=2.8.2->pandas>=0.20.0->qgridnext) (1.16.0)
2025-02-21T14:51:47.2461380Z Requirement already satisfied: notebook>=4.4.1 in /home/runner/micromamba/envs/tardis/lib/python3.12/site-packages (from widgetsnbextension~=3.6.5->ipywidgets>=7.0.0->qgridnext) (7.2.1)
2025-02-21T14:51:47.2646571Z Requirement already satisfied: parso<0.9.0,>=0.8.3 in /home/runner/micromamba/envs/tardis/lib/python3.12/site-packages (from jedi>=0.16->ipython>=4.0.0->ipywidgets>=7.0.0->qgridnext) (0.8.4)
2025-02-21T14:51:47.2791055Z Requirement already satisfied: jupyter-server<3,>=2.4.0 in /home/runner/micromamba/envs/tardis/lib/python3.12/site-packages (from notebook>=4.4.1->widgetsnbextension~=3.6.5->ipywidgets>=7.0.0->qgridnext) (2.14.1)
2025-02-21T14:51:47.2804713Z Requirement already satisfied: jupyterlab-server<3,>=2.27.1 in /home/runner/micromamba/envs/tardis/lib/python3.12/site-packages (from notebook>=4.4.1->widgetsnbextension~=3.6.5->ipywidgets>=7.0.0->qgridnext) (2.27.2)
2025-02-21T14:51:47.2819755Z Requirement already satisfied: jupyterlab<4.3,>=4.2.0 in /home/runner/micromamba/envs/tardis/lib/python3.12/site-packages (from notebook>=4.4.1->widgetsnbextension~=3.6.5->ipywidgets>=7.0.0->qgridnext) (4.2.2)
2025-02-21T14:51:47.2830134Z Requirement already satisfied: notebook-shim<0.3,>=0.2 in /home/runner/micromamba/envs/tardis/lib/python3.12/site-packages (from notebook>=4.4.1->widgetsnbextension~=3.6.5->ipywidgets>=7.0.0->qgridnext) (0.2.4)
2025-02-21T14:51:47.2838117Z Requirement already satisfied: tornado>=6.2.0 in /home/runner/micromamba/envs/tardis/lib/python3.12/site-packages (from notebook>=4.4.1->widgetsnbextension~=3.6.5->ipywidgets>=7.0.0->qgridnext) (6.4.1)
2025-02-21T14:51:47.2867409Z Requirement already satisfied: ptyprocess>=0.5 in /home/runner/micromamba/envs/tardis/lib/python3.12/site-packages (from pexpect>4.3->ipython>=4.0.0->ipywidgets>=7.0.0->qgridnext) (0.7.0)
2025-02-21T14:51:47.2896003Z Requirement already satisfied: wcwidth in /home/runner/micromamba/envs/tardis/lib/python3.12/site-packages (from prompt-toolkit<3.1.0,>=3.0.41->ipython>=4.0.0->ipywidgets>=7.0.0->qgridnext) (0.2.13)
2025-02-21T14:51:47.3030900Z Requirement already satisfied: executing>=1.2.0 in /home/runner/micromamba/envs/tardis/lib/python3.12/site-packages (from stack-data->ipython>=4.0.0->ipywidgets>=7.0.0->qgridnext) (2.0.1)
2025-02-21T14:51:47.3040259Z Requirement already satisfied: asttokens>=2.1.0 in /home/runner/micromamba/envs/tardis/lib/python3.12/site-packages (from stack-data->ipython>=4.0.0->ipywidgets>=7.0.0->qgridnext) (2.4.1)
2025-02-21T14:51:47.3047634Z Requirement already satisfied: pure-eval in /home/runner/micromamba/envs/tardis/lib/python3.12/site-packages (from stack-data->ipython>=4.0.0->ipywidgets>=7.0.0->qgridnext) (0.2.2)
2025-02-21T14:51:47.3380652Z Requirement already satisfied: anyio>=3.1.0 in /home/runner/micromamba/envs/tardis/lib/python3.12/site-packages (from jupyter-server<3,>=2.4.0->notebook>=4.4.1->widgetsnbextension~=3.6.5->ipywidgets>=7.0.0->qgridnext) (4.4.0)
2025-02-21T14:51:47.3391326Z Requirement already satisfied: argon2-cffi>=21.1 in /home/runner/micromamba/envs/tardis/lib/python3.12/site-packages (from jupyter-server<3,>=2.4.0->notebook>=4.4.1->widgetsnbextension~=3.6.5->ipywidgets>=7.0.0->qgridnext) (23.1.0)
2025-02-21T14:51:47.3401101Z Requirement already satisfied: jinja2>=3.0.3 in /home/runner/micromamba/envs/tardis/lib/python3.12/site-packages (from jupyter-server<3,>=2.4.0->notebook>=4.4.1->widgetsnbextension~=3.6.5->ipywidgets>=7.0.0->qgridnext) (3.1.4)
2025-02-21T14:51:47.3414835Z Requirement already satisfied: jupyter-client>=7.4.4 in /home/runner/micromamba/envs/tardis/lib/python3.12/site-packages (from jupyter-server<3,>=2.4.0->notebook>=4.4.1->widgetsnbextension~=3.6.5->ipywidgets>=7.0.0->qgridnext) (8.6.2)
2025-02-21T14:51:47.3427991Z Requirement already satisfied: jupyter-core!=5.0.*,>=4.12 in /home/runner/micromamba/envs/tardis/lib/python3.12/site-packages (from jupyter-server<3,>=2.4.0->notebook>=4.4.1->widgetsnbextension~=3.6.5->ipywidgets>=7.0.0->qgridnext) (5.7.2)
2025-02-21T14:51:47.3440867Z Requirement already satisfied: jupyter-events>=0.9.0 in /home/runner/micromamba/envs/tardis/lib/python3.12/site-packages (from jupyter-server<3,>=2.4.0->notebook>=4.4.1->widgetsnbextension~=3.6.5->ipywidgets>=7.0.0->qgridnext) (0.10.0)
2025-02-21T14:51:47.3452957Z Requirement already satisfied: jupyter-server-terminals>=0.4.4 in /home/runner/micromamba/envs/tardis/lib/python3.12/site-packages (from jupyter-server<3,>=2.4.0->notebook>=4.4.1->widgetsnbextension~=3.6.5->ipywidgets>=7.0.0->qgridnext) (0.5.3)
2025-02-21T14:51:47.3467023Z Requirement already satisfied: nbconvert>=6.4.4 in /home/runner/micromamba/envs/tardis/lib/python3.12/site-packages (from jupyter-server<3,>=2.4.0->notebook>=4.4.1->widgetsnbextension~=3.6.5->ipywidgets>=7.0.0->qgridnext) (7.16.4)
2025-02-21T14:51:47.3477920Z Requirement already satisfied: nbformat>=5.3.0 in /home/runner/micromamba/envs/tardis/lib/python3.12/site-packages (from jupyter-server<3,>=2.4.0->notebook>=4.4.1->widgetsnbextension~=3.6.5->ipywidgets>=7.0.0->qgridnext) (5.10.4)
2025-02-21T14:51:47.3487795Z Requirement already satisfied: overrides>=5.0 in /home/runner/micromamba/envs/tardis/lib/python3.12/site-packages (from jupyter-server<3,>=2.4.0->notebook>=4.4.1->widgetsnbextension~=3.6.5->ipywidgets>=7.0.0->qgridnext) (7.7.0)
2025-02-21T14:51:47.3498216Z Requirement already satisfied: packaging>=22.0 in /home/runner/micromamba/envs/tardis/lib/python3.12/site-packages (from jupyter-server<3,>=2.4.0->notebook>=4.4.1->widgetsnbextension~=3.6.5->ipywidgets>=7.0.0->qgridnext) (24.1)
2025-02-21T14:51:47.3507602Z Requirement already satisfied: prometheus-client>=0.9 in /home/runner/micromamba/envs/tardis/lib/python3.12/site-packages (from jupyter-server<3,>=2.4.0->notebook>=4.4.1->widgetsnbextension~=3.6.5->ipywidgets>=7.0.0->qgridnext) (0.20.0)
2025-02-21T14:51:47.3519305Z Requirement already satisfied: pyzmq>=24 in /home/runner/micromamba/envs/tardis/lib/python3.12/site-packages (from jupyter-server<3,>=2.4.0->notebook>=4.4.1->widgetsnbextension~=3.6.5->ipywidgets>=7.0.0->qgridnext) (26.0.3)
2025-02-21T14:51:47.3528775Z Requirement already satisfied: send2trash>=1.8.2 in /home/runner/micromamba/envs/tardis/lib/python3.12/site-packages (from jupyter-server<3,>=2.4.0->notebook>=4.4.1->widgetsnbextension~=3.6.5->ipywidgets>=7.0.0->qgridnext) (1.8.3)
2025-02-21T14:51:47.3540701Z Requirement already satisfied: terminado>=0.8.3 in /home/runner/micromamba/envs/tardis/lib/python3.12/site-packages (from jupyter-server<3,>=2.4.0->notebook>=4.4.1->widgetsnbextension~=3.6.5->ipywidgets>=7.0.0->qgridnext) (0.18.1)
2025-02-21T14:51:47.3558475Z Requirement already satisfied: websocket-client>=1.7 in /home/runner/micromamba/envs/tardis/lib/python3.12/site-packages (from jupyter-server<3,>=2.4.0->notebook>=4.4.1->widgetsnbextension~=3.6.5->ipywidgets>=7.0.0->qgridnext) (1.8.0)
2025-02-21T14:51:47.3836344Z Requirement already satisfied: async-lru>=1.0.0 in /home/runner/micromamba/envs/tardis/lib/python3.12/site-packages (from jupyterlab<4.3,>=4.2.0->notebook>=4.4.1->widgetsnbextension~=3.6.5->ipywidgets>=7.0.0->qgridnext) (2.0.4)
2025-02-21T14:51:47.3848639Z Requirement already satisfied: httpx>=0.25.0 in /home/runner/micromamba/envs/tardis/lib/python3.12/site-packages (from jupyterlab<4.3,>=4.2.0->notebook>=4.4.1->widgetsnbextension~=3.6.5->ipywidgets>=7.0.0->qgridnext) (0.27.0)
2025-02-21T14:51:47.3861459Z Requirement already satisfied: ipykernel>=6.5.0 in /home/runner/micromamba/envs/tardis/lib/python3.12/site-packages (from jupyterlab<4.3,>=4.2.0->notebook>=4.4.1->widgetsnbextension~=3.6.5->ipywidgets>=7.0.0->qgridnext) (6.29.4)
2025-02-21T14:51:47.3876088Z Requirement already satisfied: jupyter-lsp>=2.0.0 in /home/runner/micromamba/envs/tardis/lib/python3.12/site-packages (from jupyterlab<4.3,>=4.2.0->notebook>=4.4.1->widgetsnbextension~=3.6.5->ipywidgets>=7.0.0->qgridnext) (2.2.5)
2025-02-21T14:51:47.3902660Z Requirement already satisfied: setuptools>=40.1.0 in /home/runner/micromamba/envs/tardis/lib/python3.12/site-packages (from jupyterlab<4.3,>=4.2.0->notebook>=4.4.1->widgetsnbextension~=3.6.5->ipywidgets>=7.0.0->qgridnext) (70.0.0)
2025-02-21T14:51:47.4106935Z Requirement already satisfied: babel>=2.10 in /home/runner/micromamba/envs/tardis/lib/python3.12/site-packages (from jupyterlab-server<3,>=2.27.1->notebook>=4.4.1->widgetsnbextension~=3.6.5->ipywidgets>=7.0.0->qgridnext) (2.14.0)
2025-02-21T14:51:47.4133525Z Requirement already satisfied: json5>=0.9.0 in /home/runner/micromamba/envs/tardis/lib/python3.12/site-packages (from jupyterlab-server<3,>=2.27.1->notebook>=4.4.1->widgetsnbextension~=3.6.5->ipywidgets>=7.0.0->qgridnext) (0.9.25)
2025-02-21T14:51:47.4144343Z Requirement already satisfied: jsonschema>=4.18.0 in /home/runner/micromamba/envs/tardis/lib/python3.12/site-packages (from jupyterlab-server<3,>=2.27.1->notebook>=4.4.1->widgetsnbextension~=3.6.5->ipywidgets>=7.0.0->qgridnext) (4.22.0)
2025-02-21T14:51:47.4162752Z Requirement already satisfied: requests>=2.31 in /home/runner/micromamba/envs/tardis/lib/python3.12/site-packages (from jupyterlab-server<3,>=2.27.1->notebook>=4.4.1->widgetsnbextension~=3.6.5->ipywidgets>=7.0.0->qgridnext) (2.32.3)
2025-02-21T14:51:47.4508815Z Requirement already satisfied: idna>=2.8 in /home/runner/micromamba/envs/tardis/lib/python3.12/site-packages (from anyio>=3.1.0->jupyter-server<3,>=2.4.0->notebook>=4.4.1->widgetsnbextension~=3.6.5->ipywidgets>=7.0.0->qgridnext) (3.7)
2025-02-21T14:51:47.4518073Z Requirement already satisfied: sniffio>=1.1 in /home/runner/micromamba/envs/tardis/lib/python3.12/site-packages (from anyio>=3.1.0->jupyter-server<3,>=2.4.0->notebook>=4.4.1->widgetsnbextension~=3.6.5->ipywidgets>=7.0.0->qgridnext) (1.3.1)
2025-02-21T14:51:47.4607176Z Requirement already satisfied: argon2-cffi-bindings in /home/runner/micromamba/envs/tardis/lib/python3.12/site-packages (from argon2-cffi>=21.1->jupyter-server<3,>=2.4.0->notebook>=4.4.1->widgetsnbextension~=3.6.5->ipywidgets>=7.0.0->qgridnext) (21.2.0)
2025-02-21T14:51:47.4776802Z Requirement already satisfied: certifi in /home/runner/micromamba/envs/tardis/lib/python3.12/site-packages (from httpx>=0.25.0->jupyterlab<4.3,>=4.2.0->notebook>=4.4.1->widgetsnbextension~=3.6.5->ipywidgets>=7.0.0->qgridnext) (2024.6.2)
2025-02-21T14:51:47.4791747Z Requirement already satisfied: httpcore==1.* in /home/runner/micromamba/envs/tardis/lib/python3.12/site-packages (from httpx>=0.25.0->jupyterlab<4.3,>=4.2.0->notebook>=4.4.1->widgetsnbextension~=3.6.5->ipywidgets>=7.0.0->qgridnext) (1.0.5)
2025-02-21T14:51:47.4868449Z Requirement already satisfied: h11<0.15,>=0.13 in /home/runner/micromamba/envs/tardis/lib/python3.12/site-packages (from httpcore==1.*->httpx>=0.25.0->jupyterlab<4.3,>=4.2.0->notebook>=4.4.1->widgetsnbextension~=3.6.5->ipywidgets>=7.0.0->qgridnext) (0.14.0)
2025-02-21T14:51:47.5052242Z Requirement already satisfied: debugpy>=1.6.5 in /home/runner/micromamba/envs/tardis/lib/python3.12/site-packages (from ipykernel>=6.5.0->jupyterlab<4.3,>=4.2.0->notebook>=4.4.1->widgetsnbextension~=3.6.5->ipywidgets>=7.0.0->qgridnext) (1.8.1)
2025-02-21T14:51:47.5074916Z Requirement already satisfied: nest-asyncio in /home/runner/micromamba/envs/tardis/lib/python3.12/site-packages (from ipykernel>=6.5.0->jupyterlab<4.3,>=4.2.0->notebook>=4.4.1->widgetsnbextension~=3.6.5->ipywidgets>=7.0.0->qgridnext) (1.6.0)
2025-02-21T14:51:47.5090859Z Requirement already satisfied: psutil in /home/runner/micromamba/envs/tardis/lib/python3.12/site-packages (from ipykernel>=6.5.0->jupyterlab<4.3,>=4.2.0->notebook>=4.4.1->widgetsnbextension~=3.6.5->ipywidgets>=7.0.0->qgridnext) (5.9.8)
2025-02-21T14:51:47.5154853Z Requirement already satisfied: MarkupSafe>=2.0 in /home/runner/micromamba/envs/tardis/lib/python3.12/site-packages (from jinja2>=3.0.3->jupyter-server<3,>=2.4.0->notebook>=4.4.1->widgetsnbextension~=3.6.5->ipywidgets>=7.0.0->qgridnext) (2.1.5)
2025-02-21T14:51:47.5346256Z Requirement already satisfied: attrs>=22.2.0 in /home/runner/micromamba/envs/tardis/lib/python3.12/site-packages (from jsonschema>=4.18.0->jupyterlab-server<3,>=2.27.1->notebook>=4.4.1->widgetsnbextension~=3.6.5->ipywidgets>=7.0.0->qgridnext) (23.2.0)
2025-02-21T14:51:47.5357827Z Requirement already satisfied: jsonschema-specifications>=2023.03.6 in /home/runner/micromamba/envs/tardis/lib/python3.12/site-packages (from jsonschema>=4.18.0->jupyterlab-server<3,>=2.27.1->notebook>=4.4.1->widgetsnbextension~=3.6.5->ipywidgets>=7.0.0->qgridnext) (2023.12.1)
2025-02-21T14:51:47.5368134Z Requirement already satisfied: referencing>=0.28.4 in /home/runner/micromamba/envs/tardis/lib/python3.12/site-packages (from jsonschema>=4.18.0->jupyterlab-server<3,>=2.27.1->notebook>=4.4.1->widgetsnbextension~=3.6.5->ipywidgets>=7.0.0->qgridnext) (0.35.1)
2025-02-21T14:51:47.5378454Z Requirement already satisfied: rpds-py>=0.7.1 in /home/runner/micromamba/envs/tardis/lib/python3.12/site-packages (from jsonschema>=4.18.0->jupyterlab-server<3,>=2.27.1->notebook>=4.4.1->widgetsnbextension~=3.6.5->ipywidgets>=7.0.0->qgridnext) (0.18.1)
2025-02-21T14:51:47.5643486Z Requirement already satisfied: platformdirs>=2.5 in /home/runner/micromamba/envs/tardis/lib/python3.12/site-packages (from jupyter-core!=5.0.*,>=4.12->jupyter-server<3,>=2.4.0->notebook>=4.4.1->widgetsnbextension~=3.6.5->ipywidgets>=7.0.0->qgridnext) (4.2.2)
2025-02-21T14:51:47.5800836Z Requirement already satisfied: python-json-logger>=2.0.4 in /home/runner/micromamba/envs/tardis/lib/python3.12/site-packages (from jupyter-events>=0.9.0->jupyter-server<3,>=2.4.0->notebook>=4.4.1->widgetsnbextension~=3.6.5->ipywidgets>=7.0.0->qgridnext) (2.0.7)
2025-02-21T14:51:47.5810193Z Requirement already satisfied: pyyaml>=5.3 in /home/runner/micromamba/envs/tardis/lib/python3.12/site-packages (from jupyter-events>=0.9.0->jupyter-server<3,>=2.4.0->notebook>=4.4.1->widgetsnbextension~=3.6.5->ipywidgets>=7.0.0->qgridnext) (6.0.1)
2025-02-21T14:51:47.5821666Z Requirement already satisfied: rfc3339-validator in /home/runner/micromamba/envs/tardis/lib/python3.12/site-packages (from jupyter-events>=0.9.0->jupyter-server<3,>=2.4.0->notebook>=4.4.1->widgetsnbextension~=3.6.5->ipywidgets>=7.0.0->qgridnext) (0.1.4)
2025-02-21T14:51:47.5831051Z Requirement already satisfied: rfc3986-validator>=0.1.1 in /home/runner/micromamba/envs/tardis/lib/python3.12/site-packages (from jupyter-events>=0.9.0->jupyter-server<3,>=2.4.0->notebook>=4.4.1->widgetsnbextension~=3.6.5->ipywidgets>=7.0.0->qgridnext) (0.1.1)
2025-02-21T14:51:47.6266933Z Requirement already satisfied: beautifulsoup4 in /home/runner/micromamba/envs/tardis/lib/python3.12/site-packages (from nbconvert>=6.4.4->jupyter-server<3,>=2.4.0->notebook>=4.4.1->widgetsnbextension~=3.6.5->ipywidgets>=7.0.0->qgridnext) (4.12.3)
2025-02-21T14:51:47.6287654Z Requirement already satisfied: bleach!=5.0.0 in /home/runner/micromamba/envs/tardis/lib/python3.12/site-packages (from nbconvert>=6.4.4->jupyter-server<3,>=2.4.0->notebook>=4.4.1->widgetsnbextension~=3.6.5->ipywidgets>=7.0.0->qgridnext) (6.1.0)
2025-02-21T14:51:47.6303202Z Requirement already satisfied: defusedxml in /home/runner/micromamba/envs/tardis/lib/python3.12/site-packages (from nbconvert>=6.4.4->jupyter-server<3,>=2.4.0->notebook>=4.4.1->widgetsnbextension~=3.6.5->ipywidgets>=7.0.0->qgridnext) (0.7.1)
2025-02-21T14:51:47.6318812Z Requirement already satisfied: jupyterlab-pygments in /home/runner/micromamba/envs/tardis/lib/python3.12/site-packages (from nbconvert>=6.4.4->jupyter-server<3,>=2.4.0->notebook>=4.4.1->widgetsnbextension~=3.6.5->ipywidgets>=7.0.0->qgridnext) (0.3.0)
2025-02-21T14:51:47.6331684Z Requirement already satisfied: mistune<4,>=2.0.3 in /home/runner/micromamba/envs/tardis/lib/python3.12/site-packages (from nbconvert>=6.4.4->jupyter-server<3,>=2.4.0->notebook>=4.4.1->widgetsnbextension~=3.6.5->ipywidgets>=7.0.0->qgridnext) (3.0.2)
2025-02-21T14:51:47.6345065Z Requirement already satisfied: nbclient>=0.5.0 in /home/runner/micromamba/envs/tardis/lib/python3.12/site-packages (from nbconvert>=6.4.4->jupyter-server<3,>=2.4.0->notebook>=4.4.1->widgetsnbextension~=3.6.5->ipywidgets>=7.0.0->qgridnext) (0.10.0)
2025-02-21T14:51:47.6362712Z Requirement already satisfied: pandocfilters>=1.4.1 in /home/runner/micromamba/envs/tardis/lib/python3.12/site-packages (from nbconvert>=6.4.4->jupyter-server<3,>=2.4.0->notebook>=4.4.1->widgetsnbextension~=3.6.5->ipywidgets>=7.0.0->qgridnext) (1.5.0)
2025-02-21T14:51:47.6373236Z Requirement already satisfied: tinycss2 in /home/runner/micromamba/envs/tardis/lib/python3.12/site-packages (from nbconvert>=6.4.4->jupyter-server<3,>=2.4.0->notebook>=4.4.1->widgetsnbextension~=3.6.5->ipywidgets>=7.0.0->qgridnext) (1.3.0)
2025-02-21T14:51:47.6494456Z Requirement already satisfied: fastjsonschema>=2.15 in /home/runner/micromamba/envs/tardis/lib/python3.12/site-packages (from nbformat>=5.3.0->jupyter-server<3,>=2.4.0->notebook>=4.4.1->widgetsnbextension~=3.6.5->ipywidgets>=7.0.0->qgridnext) (2.20.0)
2025-02-21T14:51:47.6812191Z Requirement already satisfied: charset-normalizer<4,>=2 in /home/runner/micromamba/envs/tardis/lib/python3.12/site-packages (from requests>=2.31->jupyterlab-server<3,>=2.27.1->notebook>=4.4.1->widgetsnbextension~=3.6.5->ipywidgets>=7.0.0->qgridnext) (3.3.2)
2025-02-21T14:51:47.6827831Z Requirement already satisfied: urllib3<3,>=1.21.1 in /home/runner/micromamba/envs/tardis/lib/python3.12/site-packages (from requests>=2.31->jupyterlab-server<3,>=2.27.1->notebook>=4.4.1->widgetsnbextension~=3.6.5->ipywidgets>=7.0.0->qgridnext) (2.2.2)
2025-02-21T14:51:47.7629608Z Requirement already satisfied: webencodings in /home/runner/micromamba/envs/tardis/lib/python3.12/site-packages (from bleach!=5.0.0->nbconvert>=6.4.4->jupyter-server<3,>=2.4.0->notebook>=4.4.1->widgetsnbextension~=3.6.5->ipywidgets>=7.0.0->qgridnext) (0.5.1)
2025-02-21T14:51:47.8204962Z Requirement already satisfied: fqdn in /home/runner/micromamba/envs/tardis/lib/python3.12/site-packages (from jsonschema[format-nongpl]>=4.18.0->jupyter-events>=0.9.0->jupyter-server<3,>=2.4.0->notebook>=4.4.1->widgetsnbextension~=3.6.5->ipywidgets>=7.0.0->qgridnext) (1.5.1)
2025-02-21T14:51:47.8226660Z Requirement already satisfied: isoduration in /home/runner/micromamba/envs/tardis/lib/python3.12/site-packages (from jsonschema[format-nongpl]>=4.18.0->jupyter-events>=0.9.0->jupyter-server<3,>=2.4.0->notebook>=4.4.1->widgetsnbextension~=3.6.5->ipywidgets>=7.0.0->qgridnext) (20.11.0)
2025-02-21T14:51:47.8240093Z Requirement already satisfied: jsonpointer>1.13 in /home/runner/micromamba/envs/tardis/lib/python3.12/site-packages (from jsonschema[format-nongpl]>=4.18.0->jupyter-events>=0.9.0->jupyter-server<3,>=2.4.0->notebook>=4.4.1->widgetsnbextension~=3.6.5->ipywidgets>=7.0.0->qgridnext) (3.0.0)
2025-02-21T14:51:47.8256676Z Requirement already satisfied: uri-template in /home/runner/micromamba/envs/tardis/lib/python3.12/site-packages (from jsonschema[format-nongpl]>=4.18.0->jupyter-events>=0.9.0->jupyter-server<3,>=2.4.0->notebook>=4.4.1->widgetsnbextension~=3.6.5->ipywidgets>=7.0.0->qgridnext) (1.3.0)
2025-02-21T14:51:47.8270402Z Requirement already satisfied: webcolors>=1.11 in /home/runner/micromamba/envs/tardis/lib/python3.12/site-packages (from jsonschema[format-nongpl]>=4.18.0->jupyter-events>=0.9.0->jupyter-server<3,>=2.4.0->notebook>=4.4.1->widgetsnbextension~=3.6.5->ipywidgets>=7.0.0->qgridnext) (24.6.0)
2025-02-21T14:51:47.9287356Z Requirement already satisfied: cffi>=1.0.1 in /home/runner/micromamba/envs/tardis/lib/python3.12/site-packages (from argon2-cffi-bindings->argon2-cffi>=21.1->jupyter-server<3,>=2.4.0->notebook>=4.4.1->widgetsnbextension~=3.6.5->ipywidgets>=7.0.0->qgridnext) (1.16.0)
2025-02-21T14:51:47.9389313Z Requirement already satisfied: soupsieve>1.2 in /home/runner/micromamba/envs/tardis/lib/python3.12/site-packages (from beautifulsoup4->nbconvert>=6.4.4->jupyter-server<3,>=2.4.0->notebook>=4.4.1->widgetsnbextension~=3.6.5->ipywidgets>=7.0.0->qgridnext) (2.5)
2025-02-21T14:51:47.9943819Z Requirement already satisfied: pycparser in /home/runner/micromamba/envs/tardis/lib/python3.12/site-packages (from cffi>=1.0.1->argon2-cffi-bindings->argon2-cffi>=21.1->jupyter-server<3,>=2.4.0->notebook>=4.4.1->widgetsnbextension~=3.6.5->ipywidgets>=7.0.0->qgridnext) (2.22)
2025-02-21T14:51:48.0467915Z Requirement already satisfied: arrow>=0.15.0 in /home/runner/micromamba/envs/tardis/lib/python3.12/site-packages (from isoduration->jsonschema[format-nongpl]>=4.18.0->jupyter-events>=0.9.0->jupyter-server<3,>=2.4.0->notebook>=4.4.1->widgetsnbextension~=3.6.5->ipywidgets>=7.0.0->qgridnext) (1.3.0)
2025-02-21T14:51:48.0775727Z Requirement already satisfied: types-python-dateutil>=2.8.10 in /home/runner/micromamba/envs/tardis/lib/python3.12/site-packages (from arrow>=0.15.0->isoduration->jsonschema[format-nongpl]>=4.18.0->jupyter-events>=0.9.0->jupyter-server<3,>=2.4.0->notebook>=4.4.1->widgetsnbextension~=3.6.5->ipywidgets>=7.0.0->qgridnext) (2.9.0.20240316)
2025-02-21T14:51:48.1095155Z Downloading qgridnext-2.0.4-py3-none-any.whl (1.3 MB)
2025-02-21T14:51:48.1438094Z    â”â”â”â”â”â”â”â”â”â”â”â”â”â”â”â”â”â”â”â”â”â”â”â”â”â”â”â”â”â”â”â”â”â”â”â”â”â”â”â” 1.3/1.3 MB 39.6 MB/s eta 0:00:00
2025-02-21T14:51:48.9520781Z Installing collected packages: qgridnext
2025-02-21T14:51:49.0269708Z Successfully installed qgridnext-2.0.4
2025-02-21T14:51:49.2203730Z ##[group]Run pytest tardis --tardis-regression-data=/home/runner/work/tardis/tardis/tardis-regression-data --cov=tardis --cov-report=xml --cov-report=html --cov-append -m "not continuum"
2025-02-21T14:51:49.2204995Z [36;1mpytest tardis --tardis-regression-data=/home/runner/work/tardis/tardis/tardis-regression-data --cov=tardis --cov-report=xml --cov-report=html --cov-append -m "not continuum"[0m
2025-02-21T14:51:49.2260166Z shell: /usr/bin/bash -l {0}
2025-02-21T14:51:49.2260426Z env:
2025-02-21T14:51:49.2260601Z   CACHE_NUMBER: 0
2025-02-21T14:51:49.2261220Z   PYTEST_FLAGS: --tardis-regression-data=/home/runner/work/tardis/tardis/tardis-regression-data --cov=tardis --cov-report=xml --cov-report=html --cov-append
2025-02-21T14:51:49.2261878Z   CODECOV_TOKEN: 
2025-02-21T14:51:49.2262111Z   MAMBA_ROOT_PREFIX: /home/runner/micromamba
2025-02-21T14:51:49.2262417Z   MAMBA_EXE: /home/runner/micromamba-bin/micromamba
2025-02-21T14:51:49.2262803Z   CONDARC: /home/runner/work/_temp/setup-micromamba/.condarc
2025-02-21T14:51:49.2263115Z ##[endgroup]
2025-02-21T14:51:57.8269735Z ============================= test session starts ==============================
2025-02-21T14:51:57.8270458Z platform linux -- Python 3.12.4, pytest-8.2.2, pluggy-1.5.0
2025-02-21T14:51:57.8271075Z rootdir: /home/runner/work/tardis/tardis
2025-02-21T14:51:57.8271556Z configfile: pyproject.toml
2025-02-21T14:51:57.8272155Z plugins: metadata-3.1.1, anyio-4.4.0, doctestplus-1.2.1, cov-5.0.0, html-4.1.1
2025-02-21T14:51:57.8273268Z collected 1796 items / 2 deselected / 1794 selected
2025-02-21T14:51:57.8273568Z 
2025-02-21T14:52:02.7733870Z tardis/energy_input/tests/test_energy_source.py ..xxx                    [  0%]
2025-02-21T14:52:05.6322647Z tardis/energy_input/tests/test_gamma_ray_channel.py ...........          [  0%]
2025-02-21T14:52:07.3675939Z tardis/energy_input/tests/test_gamma_ray_grid.py xx.                     [  1%]
2025-02-21T14:52:09.1906039Z tardis/energy_input/tests/test_gamma_ray_interactions.py xx....          [  1%]
2025-02-21T14:52:09.1999264Z tardis/energy_input/tests/test_gamma_ray_packet_source.py sssssssss      [  1%]
2025-02-21T14:52:10.4883467Z tardis/energy_input/tests/test_util.py .....xxxx.....                    [  2%]
2025-02-21T14:52:10.8334880Z tardis/grid/tests/test_grid.py .                                         [  2%]
2025-02-21T14:52:10.8352849Z tardis/gui/tests/test_gui.py s                                           [  2%]
2025-02-21T14:52:14.3013958Z tardis/io/configuration/tests/test_config_reader.py ...........          [  3%]
2025-02-21T14:52:14.3143643Z tardis/io/configuration/tests/test_configuration_namespace.py .........  [  3%]
2025-02-21T14:52:14.3414570Z tardis/io/logger/tests/test_logging.py ssssssssssssssssssssssssssss      [  5%]
2025-02-21T14:52:52.6703920Z tardis/io/model/readers/tests/test_arepo_parser.py ..                    [  5%]
2025-02-21T14:52:52.6945168Z tardis/io/model/readers/tests/test_ascii_readers.py ...                  [  5%]
2025-02-21T14:52:52.7067613Z tardis/io/model/readers/tests/test_cmfgen_reader.py ..                   [  5%]
2025-02-21T14:52:52.7382143Z tardis/io/model/readers/tests/test_csvy_reader.py ....                   [  6%]
2025-02-21T14:52:52.7604364Z tardis/io/model/readers/tests/test_stella_reader.py ..                   [  6%]
2025-02-21T14:52:53.0765118Z tardis/io/tests/test_HDFWriter.py ...............                        [  7%]
2025-02-21T14:52:53.4048016Z tardis/io/tests/test_atomic.py .....                                     [  7%]
2025-02-21T14:52:53.4241651Z tardis/io/tests/test_decay.py ..                                         [  7%]
2025-02-21T14:52:53.6247921Z tardis/io/tests/test_model_reader.py ......                              [  7%]
2025-02-21T14:52:53.6320371Z tardis/model/geometry/tests/test_radial1d.py ..                          [  7%]
2025-02-21T14:53:53.5216463Z tardis/model/tests/test_base.py ........................................ [ 10%]
2025-02-21T14:53:54.5435031Z ............                                                             [ 10%]
2025-02-21T14:53:57.6845393Z tardis/model/tests/test_csvy_model.py .........                          [ 11%]
2025-02-21T14:53:57.7345702Z tardis/model/tests/test_density.py ..                                    [ 11%]
2025-02-21T14:53:59.0787397Z tardis/opacities/tests/test_opacity_solver.py .....                      [ 11%]
2025-02-21T14:54:00.4482716Z tardis/opacities/tests/test_opacity_state_numba.py .....                 [ 11%]
2025-02-21T14:54:02.1347246Z tardis/opacities/tests/test_tau_sobolev.py ..                            [ 12%]
2025-02-21T14:54:05.2872330Z tardis/plasma/equilibrium/tests/test_collisional_transitions.py ...      [ 12%]
2025-02-21T14:54:51.3125469Z tardis/plasma/equilibrium/tests/test_level_populations.py ....           [ 12%]
2025-02-21T14:55:02.8867914Z tardis/plasma/equilibrium/tests/test_rate_matrix.py .                    [ 12%]
2025-02-21T14:55:04.3517725Z tardis/plasma/tests/test_complete_plasmas.py ..............s......s..... [ 13%]
2025-02-21T14:55:07.2896285Z s....ssssss............s......s.....ss.....s....ssssss............s..... [ 18%]
2025-02-21T14:55:09.2777891Z .s.....ss.....s....ssssss............s......s.....ss.....s....ssssss.... [ 22%]
2025-02-21T14:55:12.1993570Z ........s......s.....ss.....s....ssssss............s......s.....ss.....s [ 26%]
2025-02-21T14:55:15.1398228Z ....ssssss............s......s.....ss.....s....ssssss............s...... [ 30%]
2025-02-21T14:55:15.8678101Z s.....ss.....s....ssssss............s......s.....ss.....s.ss.ssssss..... [ 34%]
2025-02-21T14:55:18.7865606Z .......s......s.....ss.....s....ssssss............s......s.....ss.....s. [ 38%]
2025-02-21T14:55:22.0245512Z ...ssssss............s......s.....ss.....s....ssssss............s......s [ 42%]
2025-02-21T14:55:25.1204507Z .....ss.....s....ssssss............s......s.....s...........ssssss...... [ 46%]
2025-02-21T14:55:26.9247430Z ......s......s.....s...........ssssss............s......s.....s......... [ 50%]
2025-02-21T14:55:29.8222820Z ..ssssss............s......s.....ss.....s....ssssss............s......s. [ 54%]
2025-02-21T14:55:33.3227278Z ....ss.....s....ssssss...................s......s.....s....ssss......... [ 58%]
2025-02-21T14:55:33.6132605Z ............s......s.....s....ssss.......                                [ 60%]
2025-02-21T14:55:33.7304176Z tardis/plasma/tests/test_hdf_plasma.py ................................. [ 62%]
2025-02-21T14:55:33.7417830Z ......                                                                   [ 62%]
2025-02-21T14:55:33.8818020Z tardis/plasma/tests/test_nlte_excitation.py ...                          [ 62%]
2025-02-21T14:57:53.8591546Z tardis/plasma/tests/test_nlte_solver.py .....X                           [ 63%]
2025-02-21T14:57:53.8620698Z tardis/plasma/tests/test_plasma_continuum.py .                           [ 63%]
2025-02-21T14:58:18.2795522Z tardis/plasma/tests/test_plasma_vboundary.py .............               [ 63%]
2025-02-21T14:58:31.4338796Z tardis/plasma/tests/test_tardis_model_density_config.py ...              [ 64%]
2025-02-21T14:58:32.2032706Z tardis/simulation/tests/test_convergence.py .....                        [ 64%]
2025-02-21T14:58:40.8532980Z tardis/simulation/tests/test_simulation.py .............                 [ 65%]
2025-02-21T14:58:40.8727384Z tardis/spectrum/tests/test_cuda_formal_integral.py sssssssssssssssssssss [ 66%]
2025-02-21T14:58:41.3603723Z ssss...ssssssssssssssssssssss                                            [ 67%]
2025-02-21T14:58:41.3676245Z tardis/spectrum/tests/test_luminosity.py ....                            [ 68%]
2025-02-21T14:58:42.9946531Z tardis/spectrum/tests/test_numba_formal_integral.py .................... [ 69%]
2025-02-21T14:58:43.0142010Z ..........                                                               [ 69%]
2025-02-21T14:58:43.1905295Z tardis/spectrum/tests/test_spectrum.py ................................. [ 71%]
2025-02-21T14:58:43.2243039Z .........                                                                [ 72%]
2025-02-21T14:59:02.9880280Z tardis/spectrum/tests/test_spectrum_solver.py ....                       [ 72%]
2025-02-21T15:00:05.5999924Z tardis/tests/test_tardis_full.py ....                                    [ 72%]
2025-02-21T15:01:30.5369507Z tardis/tests/test_tardis_full_formal_integral.py ................        [ 73%]
2025-02-21T15:01:30.6126583Z tardis/tests/test_util.py .............................................  [ 75%]
2025-02-21T15:01:33.2761770Z tardis/transport/montecarlo/tests/test_base.py x.....................    [ 77%]
2025-02-21T15:01:41.0876851Z tardis/transport/montecarlo/tests/test_interaction.py .......            [ 77%]
2025-02-21T15:01:41.3162835Z tardis/transport/montecarlo/tests/test_macro_atom.py ....                [ 77%]
2025-02-21T15:01:41.3343885Z tardis/transport/montecarlo/tests/test_montecarlo.py sssssssssssssssssss [ 78%]
2025-02-21T15:01:41.3764173Z sssssssssssssssssssssssssssssssssssssssssssss                            [ 81%]
2025-02-21T15:01:50.3461839Z tardis/transport/montecarlo/tests/test_montecarlo_main_loop.py x..       [ 81%]
2025-02-21T15:01:50.3529849Z tardis/transport/montecarlo/tests/test_nonhomologous.py ...              [ 81%]
2025-02-21T15:01:56.2653363Z tardis/transport/montecarlo/tests/test_numba_interface.py .....x.        [ 82%]
2025-02-21T15:01:56.7542266Z tardis/transport/montecarlo/tests/test_opacities.py ...............      [ 82%]
2025-02-21T15:01:57.8036545Z tardis/transport/montecarlo/tests/test_packet.py .................xXXXXX [ 84%]
2025-02-21T15:01:57.9604446Z XX.........                                                              [ 84%]
2025-02-21T15:01:57.9887447Z tardis/transport/montecarlo/tests/test_packet_source.py ........         [ 85%]
2025-02-21T15:01:58.3080670Z tardis/transport/montecarlo/tests/test_rpacket_last_interaction_tracker.py . [ 85%]
2025-02-21T15:01:59.2236873Z .....                                                                    [ 85%]
2025-02-21T15:02:34.6580834Z tardis/transport/montecarlo/tests/test_rpacket_tracker.py ......         [ 85%]
2025-02-21T15:02:34.6867648Z tardis/transport/montecarlo/tests/test_single_packet_loop.py xxx         [ 86%]
2025-02-21T15:02:34.6899337Z tardis/transport/montecarlo/tests/test_tracker_utils.py ..               [ 86%]
2025-02-21T15:02:37.6755483Z tardis/transport/montecarlo/tests/test_vpacket.py ..x.                   [ 86%]
2025-02-21T15:02:37.6936032Z tardis/transport/montecarlo/tests/test_weighted_packet_source.py ....    [ 86%]
2025-02-21T15:02:41.1805260Z tardis/transport/montecarlo/tests/test_weighted_packet_source_integration.py . [ 86%]
2025-02-21T15:02:41.1806744Z                                                                          [ 86%]
2025-02-21T15:02:41.9493273Z tardis/transport/tests/test_doppler_factor.py ..................         [ 87%]
2025-02-21T15:02:43.3303651Z tardis/visualization/tools/tests/test_convergence_plot.py .............. [ 88%]
2025-02-21T15:02:45.5618221Z ......                                                                   [ 88%]
2025-02-21T15:02:50.2828784Z tardis/visualization/tools/tests/test_liv_plot.py ...................... [ 90%]
2025-02-21T15:02:53.4845455Z .............................                                            [ 91%]
2025-02-21T15:02:56.3489336Z tardis/visualization/tools/tests/test_rpacket_plot.py .................. [ 92%]
2025-02-21T15:03:03.4212385Z ....                                                                     [ 92%]
2025-02-21T15:03:09.6357422Z tardis/visualization/tools/tests/test_sdec_plot.py ..................... [ 94%]
2025-02-21T15:03:17.4808372Z ..............................                                           [ 95%]
2025-02-21T15:03:17.9197494Z tardis/visualization/widgets/tests/test_custom_abundance.py ........ss.. [ 96%]
2025-02-21T15:03:17.9926081Z ....                                                                     [ 96%]
2025-02-21T15:03:19.0889499Z tardis/visualization/widgets/tests/test_line_info.py ................... [ 97%]
2025-02-21T15:03:19.7578151Z ..................                                                       [ 98%]
2025-02-21T15:04:24.1370198Z tardis/visualization/widgets/tests/test_shell_info.py .................. [ 99%]
2025-02-21T15:04:31.2876553Z ......                                                                   [100%]
2025-02-21T15:04:31.2877175Z 
2025-02-21T15:04:31.2877434Z =============================== warnings summary ===============================
2025-02-21T15:04:31.2878255Z tardis/io/configuration/config_validator.py:6
2025-02-21T15:04:31.2879271Z tardis/io/configuration/config_validator.py:6
2025-02-21T15:04:31.2880505Z   /home/runner/work/tardis/tardis/tardis/io/configuration/config_validator.py:6: DeprecationWarning:
2025-02-21T15:04:31.2881787Z   
2025-02-21T15:04:31.2884366Z   jsonschema.RefResolver is deprecated as of v4.18.0, in favor of the https://github.com/python-jsonschema/referencing library, which provides more compliant referencing behavior as well as more flexible APIs for customization. A future release will remove RefResolver. Please file a feature request (on referencing) if you are missing an API for the kind of customization you need.
2025-02-21T15:04:31.2887288Z 
2025-02-21T15:04:31.2887692Z ../../../micromamba/envs/tardis/lib/python3.12/site-packages/jupyter_client/connect.py:22
2025-02-21T15:04:31.2888831Z   /home/runner/micromamba/envs/tardis/lib/python3.12/site-packages/jupyter_client/connect.py:22: DeprecationWarning:
2025-02-21T15:04:31.2889742Z   
2025-02-21T15:04:31.2889990Z   Jupyter is migrating its paths to use standard platformdirs
2025-02-21T15:04:31.2890638Z   given by the platformdirs library.  To remove this warning and
2025-02-21T15:04:31.2891052Z   see the appropriate new directories, set the environment variable
2025-02-21T15:04:31.2891444Z   `JUPYTER_PLATFORM_DIRS=1` and then run `jupyter --paths`.
2025-02-21T15:04:31.2891828Z   The use of platformdirs will be the default in `jupyter_core` v6
2025-02-21T15:04:31.2892067Z 
2025-02-21T15:04:31.2898267Z tardis/io/tests/test_HDFWriter.py::test_multi_index_write
2025-02-21T15:04:31.2898829Z tardis/visualization/widgets/tests/test_shell_info.py::TestHDFShellInfo::test_shells_data
2025-02-21T15:04:31.2899596Z   /home/runner/work/tardis/tardis/tardis/io/util.py:276: PerformanceWarning:
2025-02-21T15:04:31.2899967Z   
2025-02-21T15:04:31.2900120Z   
2025-02-21T15:04:31.2900413Z   your performance may suffer as PyTables will pickle object types that it cannot
2025-02-21T15:04:31.2900964Z   map directly to c-types [inferred_type->mixed,key->block0_values] [items->Index([0], dtype='int64')]
2025-02-21T15:04:31.2901312Z 
2025-02-21T15:04:31.2901513Z tardis/io/tests/test_model_reader.py::test_read_cmfgen_isotope_abundances
2025-02-21T15:04:31.2901997Z tardis/plasma/tests/test_tardis_model_density_config.py::test_electron_densities
2025-02-21T15:04:31.2902528Z tardis/plasma/tests/test_tardis_model_density_config.py::test_isotope_number_densities
2025-02-21T15:04:31.2903312Z tardis/plasma/tests/test_tardis_model_density_config.py::test_t_rad
2025-02-21T15:04:31.2904061Z   /home/runner/work/tardis/tardis/tardis/io/model/readers/cmfgen_deprecated.py:82: DeprecationWarning:
2025-02-21T15:04:31.2904532Z   
2025-02-21T15:04:31.2904739Z   The current CMFGEN model parser is deprecated
2025-02-21T15:04:31.2904943Z 
2025-02-21T15:04:31.2905052Z tardis/io/tests/test_model_reader.py: 1 warning
2025-02-21T15:04:31.2905410Z tardis/plasma/tests/test_tardis_model_density_config.py: 9 warnings
2025-02-21T15:04:31.2905973Z   /home/runner/work/tardis/tardis/tardis/io/model/readers/cmfgen_deprecated.py:40: DeprecationWarning:
2025-02-21T15:04:31.2906434Z   
2025-02-21T15:04:31.2906628Z   The current CMFGEN model parser is deprecated
2025-02-21T15:04:31.2906819Z 
2025-02-21T15:04:31.2907025Z tardis/model/tests/test_base.py::TestModelFromPaper1Config::test_abundances
2025-02-21T15:04:31.2907678Z   /home/runner/work/tardis/tardis/tardis/transport/montecarlo/montecarlo_main_loop.py:123: NumbaTypeSafetyWarning:
2025-02-21T15:04:31.2908189Z   
2025-02-21T15:04:31.2908936Z   [1m[1m[1munsafe cast from uint64 to int64. Precision may be lost.[0m[0m[0m
2025-02-21T15:04:31.2909517Z 
2025-02-21T15:04:31.2909632Z tardis/model/tests/test_base.py: 6 warnings
2025-02-21T15:04:31.2909925Z tardis/model/tests/test_csvy_model.py: 2 warnings
2025-02-21T15:04:31.2910296Z tardis/plasma/tests/test_tardis_model_density_config.py: 3 warnings
2025-02-21T15:04:31.2910820Z   /home/runner/work/tardis/tardis/tardis/model/geometry/radial1d.py:50: DeprecationWarning:
2025-02-21T15:04:31.2911234Z   
2025-02-21T15:04:31.2911424Z   v_inner_boundary < 0, assuming default value
2025-02-21T15:04:31.2911619Z 
2025-02-21T15:04:31.2911717Z tardis/model/tests/test_base.py: 6 warnings
2025-02-21T15:04:31.2912006Z tardis/model/tests/test_csvy_model.py: 2 warnings
2025-02-21T15:04:31.2912373Z tardis/plasma/tests/test_tardis_model_density_config.py: 3 warnings
2025-02-21T15:04:31.2912890Z   /home/runner/work/tardis/tardis/tardis/model/geometry/radial1d.py:61: DeprecationWarning:
2025-02-21T15:04:31.2913306Z   
2025-02-21T15:04:31.2913503Z   v_outer_boundary < 0, assuming default value
2025-02-21T15:04:31.2913687Z 
2025-02-21T15:04:31.2914150Z tardis/plasma/equilibrium/tests/test_level_populations.py::TestLevelPopulationSolver::test_solve[collisional_rate_solver0-radiative_transitions0]
2025-02-21T15:04:31.2914970Z   /home/runner/work/tardis/tardis/tardis/plasma/equilibrium/level_populations.py:65: FutureWarning:
2025-02-21T15:04:31.2915425Z   
2025-02-21T15:04:31.2915781Z   A value is trying to be set on a copy of a DataFrame or Series through chained assignment using an inplace method.
2025-02-21T15:04:31.2916723Z   The behavior will change in pandas 3.0. This inplace method will never work because the intermediate object on which we are setting values always behaves as a copy.
2025-02-21T15:04:31.2917298Z   
2025-02-21T15:04:31.2917895Z   For example, when doing 'df[col].method(value, inplace=True)', try using 'df.method({col: value}, inplace=True)' or df[col] = df[col].method(value) instead, to perform the operation inplace on the original object.
2025-02-21T15:04:31.2918489Z 
2025-02-21T15:04:31.2918707Z tardis/plasma/tests/test_plasma_vboundary.py::test_plasma_vboundary[2900-3750]
2025-02-21T15:04:31.2919418Z tardis/plasma/tests/test_plasma_vboundary.py::test_plasma_vboundary[2900-3850]
2025-02-21T15:04:31.2919909Z tardis/plasma/tests/test_plasma_vboundary.py::test_plasma_vboundary[2900-3900]
2025-02-21T15:04:31.2920430Z   /home/runner/work/tardis/tardis/tardis/model/geometry/radial1d.py:71: UserWarning:
2025-02-21T15:04:31.2920810Z   
2025-02-21T15:04:31.2921083Z   Requesting inner boundary below inner shell. Extrapolating the inner cell
2025-02-21T15:04:31.2921357Z 
2025-02-21T15:04:31.2921569Z tardis/spectrum/tests/test_spectrum_solver.py::TestSpectrumSolver::test_solve
2025-02-21T15:04:31.2922084Z   /home/runner/work/tardis/tardis/tardis/spectrum/base.py:70: UserWarning:
2025-02-21T15:04:31.2922427Z   
2025-02-21T15:04:31.2922828Z   SpectrumSolver.spectrum_virtual_packets is zero. Please run the montecarlo simulation with no_of_virtual_packets > 0
2025-02-21T15:04:31.2923240Z 
2025-02-21T15:04:31.2923446Z tardis/spectrum/tests/test_spectrum_solver.py::TestSpectrumSolver::test_solve
2025-02-21T15:04:31.2923931Z   /home/runner/work/tardis/tardis/tardis/spectrum/base.py:111: UserWarning:
2025-02-21T15:04:31.2924275Z   
2025-02-21T15:04:31.2924704Z   SpectrumSolver.integrator: The FormalIntegrator is not yet available.Please run the montecarlo simulation at least once.
2025-02-21T15:04:31.2925130Z 
2025-02-21T15:04:31.2925344Z tardis/transport/montecarlo/tests/test_vpacket.py::test_trace_vpacket_volley
2025-02-21T15:04:31.2925789Z   <string>:3: NumbaPendingDeprecationWarning:
2025-02-21T15:04:31.2926038Z   
2025-02-21T15:04:31.2927191Z   [1m[1mCode using Numba extension API maybe depending on 'old_style' error-capturing, which is deprecated and will be replaced by 'new_style' in a future release. See details at https://numba.readthedocs.io/en/latest/reference/deprecation.html#deprecation-of-old-style-numba-captured-errors
2025-02-21T15:04:31.2928348Z   Exception origin:
2025-02-21T15:04:31.2928724Z     File "/home/runner/micromamba/envs/tardis/lib/python3.12/inspect.py", line 3180, in _bind
2025-02-21T15:04:31.2929330Z       raise TypeError(msg) from None
2025-02-21T15:04:31.2929594Z   [0m[0m
2025-02-21T15:04:31.2929696Z 
2025-02-21T15:04:31.2930025Z tardis/visualization/tools/tests/test_sdec_plot.py::TestSDECPlotter::test_mpl_image[plotter_generate_plot_mpl4]
2025-02-21T15:04:31.2930703Z   /home/runner/work/tardis/tardis/tardis/visualization/tools/sdec_plot.py:1225: RuntimeWarning:
2025-02-21T15:04:31.2931130Z   
2025-02-21T15:04:31.2932072Z   More than 20 figures have been opened. Figures created through the pyplot interface (`matplotlib.pyplot.figure`) are retained until explicitly closed and may consume too much memory. (To control this warning, see the rcParam `figure.max_open_warning`). Consider using `matplotlib.pyplot.close()`.
2025-02-21T15:04:31.2932995Z 
2025-02-21T15:04:31.2933357Z tardis/visualization/widgets/tests/test_custom_abundance.py::TestCustomAbundanceWidget::test_update_input_item_value
2025-02-21T15:04:31.2934129Z tardis/visualization/widgets/tests/test_custom_abundance.py::TestCustomAbundanceWidget::test_update_input_item_value
2025-02-21T15:04:31.2934888Z tardis/visualization/widgets/tests/test_custom_abundance.py::TestCustomAbundanceWidget::test_update_input_item_value
2025-02-21T15:04:31.2935648Z tardis/visualization/widgets/tests/test_custom_abundance.py::TestCustomAbundanceWidget::test_update_input_item_value
2025-02-21T15:04:31.2936405Z tardis/visualization/widgets/tests/test_custom_abundance.py::TestCustomAbundanceWidget::test_update_input_item_value
2025-02-21T15:04:31.2937296Z tardis/visualization/widgets/tests/test_custom_abundance.py::TestCustomAbundanceWidget::test_update_input_item_value
2025-02-21T15:04:31.2938063Z   /home/runner/micromamba/envs/tardis/lib/python3.12/site-packages/traitlets/traitlets.py:1385: DeprecationWarning:
2025-02-21T15:04:31.2938556Z   
2025-02-21T15:04:31.2938833Z   Passing unrecognized arguments to super(Checkbox).__init__(icon='lock').
2025-02-21T15:04:31.2939455Z   object.__init__() takes exactly one argument (the instance to initialize)
2025-02-21T15:04:31.2939950Z   This is deprecated in traitlets 4.2.This error will be raised in a future release of traitlets.
2025-02-21T15:04:31.2940272Z 
2025-02-21T15:04:31.2940621Z tardis/visualization/widgets/tests/test_custom_abundance.py::TestCustomAbundanceWidget::test_update_input_item_value
2025-02-21T15:04:31.2941391Z tardis/visualization/widgets/tests/test_custom_abundance.py::TestCustomAbundanceWidget::test_update_input_item_value
2025-02-21T15:04:31.2942164Z   /home/runner/micromamba/envs/tardis/lib/python3.12/site-packages/traitlets/traitlets.py:1385: DeprecationWarning:
2025-02-21T15:04:31.2942654Z   
2025-02-21T15:04:31.2942913Z   Passing unrecognized arguments to super(FloatText).__init__(min=0).
2025-02-21T15:04:31.2943333Z   object.__init__() takes exactly one argument (the instance to initialize)
2025-02-21T15:04:31.2943819Z   This is deprecated in traitlets 4.2.This error will be raised in a future release of traitlets.
2025-02-21T15:04:31.2944136Z 
2025-02-21T15:04:31.2944477Z tardis/visualization/widgets/tests/test_custom_abundance.py::TestCustomAbundanceWidget::test_update_input_item_value
2025-02-21T15:04:31.2945251Z   /home/runner/micromamba/envs/tardis/lib/python3.12/site-packages/traitlets/traitlets.py:1385: DeprecationWarning:
2025-02-21T15:04:31.2945743Z   
2025-02-21T15:04:31.2946011Z   Passing unrecognized arguments to super(HTML).__init__(indent=True).
2025-02-21T15:04:31.2946437Z   object.__init__() takes exactly one argument (the instance to initialize)
2025-02-21T15:04:31.2946953Z   This is deprecated in traitlets 4.2.This error will be raised in a future release of traitlets.
2025-02-21T15:04:31.2947266Z 
2025-02-21T15:04:31.2947688Z tardis/visualization/widgets/tests/test_line_info.py::TestLineInfoWidgetData::test_get_species_interactions[wavelength_range0-packet_out_nu]
2025-02-21T15:04:31.2948637Z   /home/runner/micromamba/envs/tardis/lib/python3.12/site-packages/qgridnext/grid.py:814: DeprecationWarning:
2025-02-21T15:04:31.2949300Z   
2025-02-21T15:04:31.2949633Z   QgridWidget._df_changed is deprecated in traitlets 4.1: use @observe and @unobserve instead.
2025-02-21T15:04:31.2949959Z 
2025-02-21T15:04:31.2950213Z tardis/visualization/widgets/tests/test_shell_info.py::TestHDFShellInfo::test_shells_data
2025-02-21T15:04:31.2950755Z   /home/runner/work/tardis/tardis/tardis/io/util.py:289: PerformanceWarning:
2025-02-21T15:04:31.2951111Z   
2025-02-21T15:04:31.2951268Z   
2025-02-21T15:04:31.2951547Z   your performance may suffer as PyTables will pickle object types that it cannot
2025-02-21T15:04:31.2952077Z   map directly to c-types [inferred_type->mixed,key->block0_values] [items->Index([0], dtype='int64')]
2025-02-21T15:04:31.2952411Z 
2025-02-21T15:04:31.2952670Z tardis/visualization/widgets/tests/test_shell_info.py::TestHDFShellInfo::test_shells_data
2025-02-21T15:04:31.2953209Z   /home/runner/work/tardis/tardis/tardis/io/util.py:292: PerformanceWarning:
2025-02-21T15:04:31.2953558Z   
2025-02-21T15:04:31.2953707Z   
2025-02-21T15:04:31.2953984Z   your performance may suffer as PyTables will pickle object types that it cannot
2025-02-21T15:04:31.2954440Z   map directly to c-types [inferred_type->mixed,key->values] [items->None]
2025-02-21T15:04:31.2954701Z 
2025-02-21T15:04:31.2954969Z tardis/visualization/widgets/tests/test_shell_info.py::TestHDFShellInfo::test_shells_data
2025-02-21T15:04:31.2955534Z   /home/runner/work/tardis/tardis/tardis/spectrum/formal_integral.py:398: UserWarning:
2025-02-21T15:04:31.2956053Z   
2025-02-21T15:04:31.2956324Z   The number of interpolate_shells was not specified. The value was set to 80.
2025-02-21T15:04:31.2956589Z 
2025-02-21T15:04:31.2956786Z -- Docs: https://docs.pytest.org/en/stable/how-to/capture-warnings.html
2025-02-21T15:04:31.2957057Z 
2025-02-21T15:04:31.2957219Z ---------- coverage: platform linux, python 3.12.4-final-0 -----------
2025-02-21T15:04:31.2957583Z Coverage HTML written to dir coverage_html_report
2025-02-21T15:04:31.2957880Z Coverage XML written to file coverage.xml
2025-02-21T15:04:31.2958056Z 
2025-02-21T15:04:31.2958285Z = 1410 passed, 357 skipped, 2 deselected, 19 xfailed, 8 xpassed, 63 warnings in 755.11s (0:12:35) =
2025-02-21T15:04:33.6584956Z ##[group]Run mv .coverage .coverage.2
2025-02-21T15:04:33.6585292Z [36;1mmv .coverage .coverage.2[0m
2025-02-21T15:04:33.6659681Z shell: /usr/bin/bash -l {0}
2025-02-21T15:04:33.6659955Z env:
2025-02-21T15:04:33.6660156Z   CACHE_NUMBER: 0
2025-02-21T15:04:33.6660873Z   PYTEST_FLAGS: --tardis-regression-data=/home/runner/work/tardis/tardis/tardis-regression-data --cov=tardis --cov-report=xml --cov-report=html --cov-append
2025-02-21T15:04:33.6661614Z   CODECOV_TOKEN: 
2025-02-21T15:04:33.6661861Z   MAMBA_ROOT_PREFIX: /home/runner/micromamba
2025-02-21T15:04:33.6662204Z   MAMBA_EXE: /home/runner/micromamba-bin/micromamba
2025-02-21T15:04:33.6662616Z   CONDARC: /home/runner/work/_temp/setup-micromamba/.condarc
2025-02-21T15:04:33.6662989Z ##[endgroup]
2025-02-21T15:04:33.7885584Z ##[group]Run actions/upload-artifact@v4
2025-02-21T15:04:33.7885878Z with:
2025-02-21T15:04:33.7886110Z   name: coverage-not-continuum-ubuntu-latest
2025-02-21T15:04:33.7886395Z   include-hidden-files: true
2025-02-21T15:04:33.7886636Z   path: .coverage*
!.coveragerc

2025-02-21T15:04:33.7886879Z   if-no-files-found: warn
2025-02-21T15:04:33.7887099Z   compression-level: 6
2025-02-21T15:04:33.7887302Z   overwrite: false
2025-02-21T15:04:33.7887485Z env:
2025-02-21T15:04:33.7887669Z   CACHE_NUMBER: 0
2025-02-21T15:04:33.7888269Z   PYTEST_FLAGS: --tardis-regression-data=/home/runner/work/tardis/tardis/tardis-regression-data --cov=tardis --cov-report=xml --cov-report=html --cov-append
2025-02-21T15:04:33.7888900Z   CODECOV_TOKEN: 
2025-02-21T15:04:33.7889366Z   MAMBA_ROOT_PREFIX: /home/runner/micromamba
2025-02-21T15:04:33.7889678Z   MAMBA_EXE: /home/runner/micromamba-bin/micromamba
2025-02-21T15:04:33.7890028Z   CONDARC: /home/runner/work/_temp/setup-micromamba/.condarc
2025-02-21T15:04:33.7890355Z ##[endgroup]
2025-02-21T15:04:34.0236985Z With the provided path, there will be 1 file uploaded
2025-02-21T15:04:34.0242962Z Artifact name is valid!
2025-02-21T15:04:34.0244397Z Root directory input is valid!
2025-02-21T15:04:34.1395355Z Beginning upload of artifact content to blob storage
2025-02-21T15:04:34.2272256Z Uploaded bytes 20014
2025-02-21T15:04:34.2470265Z Finished uploading artifact content to blob storage!
2025-02-21T15:04:34.2473643Z SHA256 hash of uploaded artifact zip is 517175d939a004de624f1c920cc19f6417d8545f2b6a18abf265e3fba0c902d8
2025-02-21T15:04:34.2475835Z Finalizing artifact upload
2025-02-21T15:04:34.3411499Z Artifact coverage-not-continuum-ubuntu-latest.zip successfully finalized. Artifact ID 2630983119
2025-02-21T15:04:34.3413458Z Artifact coverage-not-continuum-ubuntu-latest has been successfully uploaded! Final size is 20014 bytes. Artifact ID is 2630983119
2025-02-21T15:04:34.3420787Z Artifact download URL: https://github.com/tardis-sn/tardis/actions/runs/13459256141/artifacts/2630983119
2025-02-21T15:04:34.3555000Z Post job cleanup.
2025-02-21T15:04:34.3601661Z Post job cleanup.
2025-02-21T15:04:34.4952156Z Will use pre-installed micromamba at /home/runner/micromamba-bin/micromamba
2025-02-21T15:04:34.4959592Z Removing micromamba run shell ...
2025-02-21T15:04:34.4963797Z ##[group]Deinitialize micromamba for bash
2025-02-21T15:04:34.4982908Z [command]/home/runner/micromamba-bin/micromamba shell deinit -s bash -r /home/runner/micromamba --log-level warning --rc-file /home/runner/work/_temp/setup-micromamba/.condarc
2025-02-21T15:04:34.5083558Z Resetting RC file "/home/runner/.bashrc"
2025-02-21T15:04:34.5084152Z Deleting config for root prefix 
2025-02-21T15:04:34.5084925Z Clearing mamba executable environment variable
2025-02-21T15:04:34.5086462Z Removing the following in your "/home/runner/.bashrc" file
2025-02-21T15:04:34.5086913Z # >>> mamba initialize >>>
2025-02-21T15:04:34.5087146Z ...
2025-02-21T15:04:34.5087336Z # <<< mamba initialize <<<
2025-02-21T15:04:34.5117075Z Removing mamba initialize block from .bash_profile
2025-02-21T15:04:34.5133051Z ##[endgroup]
2025-02-21T15:04:34.5137384Z Removing environment tardis from auto-activate bash ...
2025-02-21T15:04:34.5262351Z Post job cleanup.
2025-02-21T15:04:34.5299820Z Post job cleanup.
2025-02-21T15:04:34.6298820Z [command]/usr/bin/git version
2025-02-21T15:04:34.6336549Z git version 2.48.1
2025-02-21T15:04:34.6381490Z Temporarily overriding HOME='/home/runner/work/_temp/d22c43a9-ecd9-4f46-b6f7-b64b4120eab4' before making global git config changes
2025-02-21T15:04:34.6382811Z Adding repository directory to the temporary git global config as a safe directory
2025-02-21T15:04:34.6397936Z [command]/usr/bin/git config --global --add safe.directory /home/runner/work/tardis/tardis/tardis-regression-data
2025-02-21T15:04:34.6435453Z [command]/usr/bin/git config --local --name-only --get-regexp core\.sshCommand
2025-02-21T15:04:34.6468216Z [command]/usr/bin/git submodule foreach --recursive sh -c "git config --local --name-only --get-regexp 'core\.sshCommand' && git config --local --unset-all 'core.sshCommand' || :"
2025-02-21T15:04:34.6707837Z [command]/usr/bin/git config --local --name-only --get-regexp http\.https\:\/\/github\.com\/\.extraheader
2025-02-21T15:04:34.6732253Z http.https://github.com/.extraheader
2025-02-21T15:04:34.6745878Z [command]/usr/bin/git config --local --unset-all http.https://github.com/.extraheader
2025-02-21T15:04:34.6778500Z [command]/usr/bin/git submodule foreach --recursive sh -c "git config --local --name-only --get-regexp 'http\.https\:\/\/github\.com\/\.extraheader' && git config --local --unset-all 'http.https://github.com/.extraheader' || :"
2025-02-21T15:04:34.7136560Z Post job cleanup.
2025-02-21T15:04:34.8106196Z [command]/usr/bin/git version
2025-02-21T15:04:34.8148684Z git version 2.48.1
2025-02-21T15:04:34.8203018Z Temporarily overriding HOME='/home/runner/work/_temp/412f38ac-f7e5-4245-b151-3a85a4fcda4e' before making global git config changes
2025-02-21T15:04:34.8204317Z Adding repository directory to the temporary git global config as a safe directory
2025-02-21T15:04:34.8209545Z [command]/usr/bin/git config --global --add safe.directory /home/runner/work/tardis/tardis
2025-02-21T15:04:34.8250273Z [command]/usr/bin/git config --local --name-only --get-regexp core\.sshCommand
2025-02-21T15:04:34.8287265Z [command]/usr/bin/git submodule foreach --recursive sh -c "git config --local --name-only --get-regexp 'core\.sshCommand' && git config --local --unset-all 'core.sshCommand' || :"
2025-02-21T15:04:34.8526946Z [command]/usr/bin/git config --local --name-only --get-regexp http\.https\:\/\/github\.com\/\.extraheader
2025-02-21T15:04:34.8548336Z http.https://github.com/.extraheader
2025-02-21T15:04:34.8560797Z [command]/usr/bin/git config --local --unset-all http.https://github.com/.extraheader
2025-02-21T15:04:34.8591851Z [command]/usr/bin/git submodule foreach --recursive sh -c "git config --local --name-only --get-regexp 'http\.https\:\/\/github\.com\/\.extraheader' && git config --local --unset-all 'http.https://github.com/.extraheader' || :"
2025-02-21T15:04:34.8934207Z Cleaning up orphan processes
