2025-02-21T14:50:35.1534082Z Requested labels: ubuntu-latest
2025-02-21T14:50:35.1534751Z Job defined at: tardis-sn/tardis/.github/workflows/tests.yml@refs/pull/2985/merge
2025-02-21T14:50:35.1534854Z Waiting for a runner to pick up this job...
2025-02-21T14:50:35.5763370Z Job is waiting for a hosted runner to come online.
2025-02-21T14:50:37.8408105Z Job is about to start running on the hosted runner: GitHub Actions 24 (hosted)
2025-02-21T14:50:39.3841762Z Current runner version: '2.322.0'
2025-02-21T14:50:39.3866911Z ##[group]Operating System
2025-02-21T14:50:39.3867689Z Ubuntu
2025-02-21T14:50:39.3868260Z 24.04.1
2025-02-21T14:50:39.3868764Z LTS
2025-02-21T14:50:39.3869192Z ##[endgroup]
2025-02-21T14:50:39.3869731Z ##[group]Runner Image
2025-02-21T14:50:39.3870324Z Image: ubuntu-24.04
2025-02-21T14:50:39.3870847Z Version: 20250209.1.0
2025-02-21T14:50:39.3871917Z Included Software: https://github.com/actions/runner-images/blob/ubuntu24/20250209.1/images/ubuntu/Ubuntu2404-Readme.md
2025-02-21T14:50:39.3873307Z Image Release: https://github.com/actions/runner-images/releases/tag/ubuntu24%2F20250209.1
2025-02-21T14:50:39.3874163Z ##[endgroup]
2025-02-21T14:50:39.3874754Z ##[group]Runner Image Provisioner
2025-02-21T14:50:39.3875356Z 2.0.422.1
2025-02-21T14:50:39.3875988Z ##[endgroup]
2025-02-21T14:50:39.3878132Z ##[group]GITHUB_TOKEN Permissions
2025-02-21T14:50:39.3880008Z Actions: read
2025-02-21T14:50:39.3880844Z Attestations: read
2025-02-21T14:50:39.3881524Z Checks: read
2025-02-21T14:50:39.3882009Z Contents: read
2025-02-21T14:50:39.3882529Z Deployments: read
2025-02-21T14:50:39.3883076Z Discussions: read
2025-02-21T14:50:39.3883600Z Issues: read
2025-02-21T14:50:39.3884065Z Metadata: read
2025-02-21T14:50:39.3884609Z Packages: read
2025-02-21T14:50:39.3885124Z Pages: read
2025-02-21T14:50:39.3885910Z PullRequests: read
2025-02-21T14:50:39.3886535Z RepositoryProjects: read
2025-02-21T14:50:39.3887065Z SecurityEvents: read
2025-02-21T14:50:39.3887605Z Statuses: read
2025-02-21T14:50:39.3888143Z ##[endgroup]
2025-02-21T14:50:39.3890910Z Secret source: None
2025-02-21T14:50:39.3891650Z Prepare workflow directory
2025-02-21T14:50:39.4503481Z Prepare all required actions
2025-02-21T14:50:39.4539455Z Getting action download info
2025-02-21T14:50:39.6292975Z ##[group]Download immutable action package 'actions/checkout@v4'
2025-02-21T14:50:39.6293902Z Version: 4.2.2
2025-02-21T14:50:39.6294794Z Digest: sha256:ccb2698953eaebd21c7bf6268a94f9c26518a7e38e27e0b83c1fe1ad049819b1
2025-02-21T14:50:39.6296126Z Source commit SHA: 11bd71901bbe5b1630ceea73d27597364c9af683
2025-02-21T14:50:39.6296786Z ##[endgroup]
2025-02-21T14:50:39.7021787Z ##[group]Download immutable action package 'actions/upload-artifact@v4'
2025-02-21T14:50:39.7022560Z Version: 4.6.0
2025-02-21T14:50:39.7023247Z Digest: sha256:bf85474c8423f9cd48bd2caf3ce5adb1711e2dfdb055b040bd36b044e4290329
2025-02-21T14:50:39.7024155Z Source commit SHA: 65c4c4a1ddee5b72f698fdd19549f0f0fb45cf08
2025-02-21T14:50:39.7024798Z ##[endgroup]
2025-02-21T14:50:39.8781719Z Complete job name:  continuum ubuntu-latest 
2025-02-21T14:50:39.9530860Z ##[group]Run actions/checkout@v4
2025-02-21T14:50:39.9531781Z with:
2025-02-21T14:50:39.9532234Z   repository: tardis-sn/tardis
2025-02-21T14:50:39.9532938Z   token: ***
2025-02-21T14:50:39.9533356Z   ssh-strict: true
2025-02-21T14:50:39.9533788Z   ssh-user: git
2025-02-21T14:50:39.9534233Z   persist-credentials: true
2025-02-21T14:50:39.9534723Z   clean: true
2025-02-21T14:50:39.9535160Z   sparse-checkout-cone-mode: true
2025-02-21T14:50:39.9536077Z   fetch-depth: 1
2025-02-21T14:50:39.9536518Z   fetch-tags: false
2025-02-21T14:50:39.9536952Z   show-progress: true
2025-02-21T14:50:39.9537503Z   lfs: false
2025-02-21T14:50:39.9538232Z   submodules: false
2025-02-21T14:50:39.9538830Z   set-safe-directory: true
2025-02-21T14:50:39.9539637Z env:
2025-02-21T14:50:39.9540047Z   CACHE_NUMBER: 0
2025-02-21T14:50:39.9541262Z   PYTEST_FLAGS: --tardis-regression-data=/home/runner/work/tardis/tardis/tardis-regression-data --cov=tardis --cov-report=xml --cov-report=html --cov-append
2025-02-21T14:50:39.9542612Z   CODECOV_TOKEN: 
2025-02-21T14:50:39.9543059Z ##[endgroup]
2025-02-21T14:50:40.1194749Z Syncing repository: tardis-sn/tardis
2025-02-21T14:50:40.1196842Z ##[group]Getting Git version info
2025-02-21T14:50:40.1197582Z Working directory is '/home/runner/work/tardis/tardis'
2025-02-21T14:50:40.1198581Z [command]/usr/bin/git version
2025-02-21T14:50:40.1234624Z git version 2.48.1
2025-02-21T14:50:40.1261497Z ##[endgroup]
2025-02-21T14:50:40.1274723Z Temporarily overriding HOME='/home/runner/work/_temp/c6d17014-1d13-47e7-bd95-f06b6a148780' before making global git config changes
2025-02-21T14:50:40.1276377Z Adding repository directory to the temporary git global config as a safe directory
2025-02-21T14:50:40.1279824Z [command]/usr/bin/git config --global --add safe.directory /home/runner/work/tardis/tardis
2025-02-21T14:50:40.1314123Z Deleting the contents of '/home/runner/work/tardis/tardis'
2025-02-21T14:50:40.1318279Z ##[group]Initializing the repository
2025-02-21T14:50:40.1321978Z [command]/usr/bin/git init /home/runner/work/tardis/tardis
2025-02-21T14:50:40.1381786Z hint: Using 'master' as the name for the initial branch. This default branch name
2025-02-21T14:50:40.1383077Z hint: is subject to change. To configure the initial branch name to use in all
2025-02-21T14:50:40.1384048Z hint: of your new repositories, which will suppress this warning, call:
2025-02-21T14:50:40.1384753Z hint:
2025-02-21T14:50:40.1385390Z hint: 	git config --global init.defaultBranch <name>
2025-02-21T14:50:40.1386727Z hint:
2025-02-21T14:50:40.1387736Z hint: Names commonly chosen instead of 'master' are 'main', 'trunk' and
2025-02-21T14:50:40.1389423Z hint: 'development'. The just-created branch can be renamed via this command:
2025-02-21T14:50:40.1390199Z hint:
2025-02-21T14:50:40.1390611Z hint: 	git branch -m <name>
2025-02-21T14:50:40.1391914Z Initialized empty Git repository in /home/runner/work/tardis/tardis/.git/
2025-02-21T14:50:40.1396781Z [command]/usr/bin/git remote add origin https://github.com/tardis-sn/tardis
2025-02-21T14:50:40.1428141Z ##[endgroup]
2025-02-21T14:50:40.1428919Z ##[group]Disabling automatic garbage collection
2025-02-21T14:50:40.1432004Z [command]/usr/bin/git config --local gc.auto 0
2025-02-21T14:50:40.1459561Z ##[endgroup]
2025-02-21T14:50:40.1460270Z ##[group]Setting up auth
2025-02-21T14:50:40.1466288Z [command]/usr/bin/git config --local --name-only --get-regexp core\.sshCommand
2025-02-21T14:50:40.1495173Z [command]/usr/bin/git submodule foreach --recursive sh -c "git config --local --name-only --get-regexp 'core\.sshCommand' && git config --local --unset-all 'core.sshCommand' || :"
2025-02-21T14:50:40.1765277Z [command]/usr/bin/git config --local --name-only --get-regexp http\.https\:\/\/github\.com\/\.extraheader
2025-02-21T14:50:40.1793721Z [command]/usr/bin/git submodule foreach --recursive sh -c "git config --local --name-only --get-regexp 'http\.https\:\/\/github\.com\/\.extraheader' && git config --local --unset-all 'http.https://github.com/.extraheader' || :"
2025-02-21T14:50:40.2015028Z [command]/usr/bin/git config --local http.https://github.com/.extraheader AUTHORIZATION: basic ***
2025-02-21T14:50:40.2052031Z ##[endgroup]
2025-02-21T14:50:40.2053568Z ##[group]Fetching the repository
2025-02-21T14:50:40.2062544Z [command]/usr/bin/git -c protocol.version=2 fetch --no-tags --prune --no-recurse-submodules --depth=1 origin +07bddaab664eb47389d34426c625e50630db9244:refs/remotes/pull/2985/merge
2025-02-21T14:50:42.0176105Z From https://github.com/tardis-sn/tardis
2025-02-21T14:50:42.0178859Z  * [new ref]         07bddaab664eb47389d34426c625e50630db9244 -> pull/2985/merge
2025-02-21T14:50:42.0199598Z ##[endgroup]
2025-02-21T14:50:42.0201480Z ##[group]Determining the checkout info
2025-02-21T14:50:42.0203539Z ##[endgroup]
2025-02-21T14:50:42.0208204Z [command]/usr/bin/git sparse-checkout disable
2025-02-21T14:50:42.0249269Z [command]/usr/bin/git config --local --unset-all extensions.worktreeConfig
2025-02-21T14:50:42.0277761Z ##[group]Checking out the ref
2025-02-21T14:50:42.0281806Z [command]/usr/bin/git checkout --progress --force refs/remotes/pull/2985/merge
2025-02-21T14:50:42.3414551Z Note: switching to 'refs/remotes/pull/2985/merge'.
2025-02-21T14:50:42.3415093Z 
2025-02-21T14:50:42.3415444Z You are in 'detached HEAD' state. You can look around, make experimental
2025-02-21T14:50:42.3416460Z changes and commit them, and you can discard any commits you make in this
2025-02-21T14:50:42.3417320Z state without impacting any branches by switching back to a branch.
2025-02-21T14:50:42.3418464Z 
2025-02-21T14:50:42.3418869Z If you want to create a new branch to retain commits you create, you may
2025-02-21T14:50:42.3419711Z do so (now or later) by using -c with the switch command. Example:
2025-02-21T14:50:42.3420051Z 
2025-02-21T14:50:42.3420186Z   git switch -c <new-branch-name>
2025-02-21T14:50:42.3420380Z 
2025-02-21T14:50:42.3420515Z Or undo this operation with:
2025-02-21T14:50:42.3420696Z 
2025-02-21T14:50:42.3420806Z   git switch -
2025-02-21T14:50:42.3420978Z 
2025-02-21T14:50:42.3421310Z Turn off this advice by setting config variable advice.detachedHead to false
2025-02-21T14:50:42.3421666Z 
2025-02-21T14:50:42.3422028Z HEAD is now at 07bddaa Merge 7022e3ab60ca71410018856e384ccb8b0388abcf into cec8b531cc56e66219fe3ca2efdbf837c008b852
2025-02-21T14:50:42.3441535Z ##[endgroup]
2025-02-21T14:50:42.3481663Z [command]/usr/bin/git log -1 --format=%H
2025-02-21T14:50:42.3504667Z 07bddaab664eb47389d34426c625e50630db9244
2025-02-21T14:50:42.3778006Z Prepare all required actions
2025-02-21T14:50:42.3778530Z Getting action download info
2025-02-21T14:50:42.5301908Z ##[group]Download immutable action package 'actions/cache@v4'
2025-02-21T14:50:42.5302304Z Version: 4.2.1
2025-02-21T14:50:42.5302671Z Digest: sha256:b0404c9628d43aa6855629075b28f32cadf8efc5c26198438149f78500112940
2025-02-21T14:50:42.5303154Z Source commit SHA: 0c907a75c2c80ebcb7f088228285e798b750cf8f
2025-02-21T14:50:42.5303495Z ##[endgroup]
2025-02-21T14:50:42.7913174Z ##[group]Run ./.github/actions/setup_lfs
2025-02-21T14:50:42.7913501Z with:
2025-02-21T14:50:42.7913795Z   regression-data-repo: tardis-sn/tardis-regression-data
2025-02-21T14:50:42.7914164Z   atom-data-sparse: false
2025-02-21T14:50:42.7914420Z env:
2025-02-21T14:50:42.7914635Z   CACHE_NUMBER: 0
2025-02-21T14:50:42.7915295Z   PYTEST_FLAGS: --tardis-regression-data=/home/runner/work/tardis/tardis/tardis-regression-data --cov=tardis --cov-report=xml --cov-report=html --cov-append
2025-02-21T14:50:42.7916230Z   CODECOV_TOKEN: 
2025-02-21T14:50:42.7916463Z ##[endgroup]
2025-02-21T14:50:42.8049888Z ##[group]Run actions/checkout@v4
2025-02-21T14:50:42.8050182Z with:
2025-02-21T14:50:42.8050444Z   repository: tardis-sn/tardis-regression-data
2025-02-21T14:50:42.8050779Z   path: tardis-regression-data
2025-02-21T14:50:42.8051049Z   lfs: false
2025-02-21T14:50:42.8051407Z   token: ***
2025-02-21T14:50:42.8051636Z   ssh-strict: true
2025-02-21T14:50:42.8051875Z   ssh-user: git
2025-02-21T14:50:42.8052122Z   persist-credentials: true
2025-02-21T14:50:42.8052385Z   clean: true
2025-02-21T14:50:42.8052630Z   sparse-checkout-cone-mode: true
2025-02-21T14:50:42.8052918Z   fetch-depth: 1
2025-02-21T14:50:42.8053152Z   fetch-tags: false
2025-02-21T14:50:42.8053396Z   show-progress: true
2025-02-21T14:50:42.8053639Z   submodules: false
2025-02-21T14:50:42.8053882Z   set-safe-directory: true
2025-02-21T14:50:42.8054140Z env:
2025-02-21T14:50:42.8054352Z   CACHE_NUMBER: 0
2025-02-21T14:50:42.8055026Z   PYTEST_FLAGS: --tardis-regression-data=/home/runner/work/tardis/tardis/tardis-regression-data --cov=tardis --cov-report=xml --cov-report=html --cov-append
2025-02-21T14:50:42.8055842Z   CODECOV_TOKEN: 
2025-02-21T14:50:42.8056079Z ##[endgroup]
2025-02-21T14:50:42.8936621Z Syncing repository: tardis-sn/tardis-regression-data
2025-02-21T14:50:42.8942570Z ##[group]Getting Git version info
2025-02-21T14:50:42.8943334Z Working directory is '/home/runner/work/tardis/tardis/tardis-regression-data'
2025-02-21T14:50:42.8981726Z [command]/usr/bin/git version
2025-02-21T14:50:42.9026252Z git version 2.48.1
2025-02-21T14:50:42.9052180Z ##[endgroup]
2025-02-21T14:50:42.9064821Z Temporarily overriding HOME='/home/runner/work/_temp/ad70f127-0a2f-4acf-864a-980e042b4c88' before making global git config changes
2025-02-21T14:50:42.9066428Z Adding repository directory to the temporary git global config as a safe directory
2025-02-21T14:50:42.9071961Z [command]/usr/bin/git config --global --add safe.directory /home/runner/work/tardis/tardis/tardis-regression-data
2025-02-21T14:50:42.9103695Z ##[group]Initializing the repository
2025-02-21T14:50:42.9108792Z [command]/usr/bin/git init /home/runner/work/tardis/tardis/tardis-regression-data
2025-02-21T14:50:42.9143677Z hint: Using 'master' as the name for the initial branch. This default branch name
2025-02-21T14:50:42.9144697Z hint: is subject to change. To configure the initial branch name to use in all
2025-02-21T14:50:42.9145846Z hint: of your new repositories, which will suppress this warning, call:
2025-02-21T14:50:42.9146377Z hint:
2025-02-21T14:50:42.9146899Z hint: 	git config --global init.defaultBranch <name>
2025-02-21T14:50:42.9147520Z hint:
2025-02-21T14:50:42.9148136Z hint: Names commonly chosen instead of 'master' are 'main', 'trunk' and
2025-02-21T14:50:42.9149084Z hint: 'development'. The just-created branch can be renamed via this command:
2025-02-21T14:50:42.9149834Z hint:
2025-02-21T14:50:42.9150265Z hint: 	git branch -m <name>
2025-02-21T14:50:42.9151529Z Initialized empty Git repository in /home/runner/work/tardis/tardis/tardis-regression-data/.git/
2025-02-21T14:50:42.9157613Z [command]/usr/bin/git remote add origin https://github.com/tardis-sn/tardis-regression-data
2025-02-21T14:50:42.9187446Z ##[endgroup]
2025-02-21T14:50:42.9188239Z ##[group]Disabling automatic garbage collection
2025-02-21T14:50:42.9192700Z [command]/usr/bin/git config --local gc.auto 0
2025-02-21T14:50:42.9220919Z ##[endgroup]
2025-02-21T14:50:42.9221682Z ##[group]Setting up auth
2025-02-21T14:50:42.9227976Z [command]/usr/bin/git config --local --name-only --get-regexp core\.sshCommand
2025-02-21T14:50:42.9257161Z [command]/usr/bin/git submodule foreach --recursive sh -c "git config --local --name-only --get-regexp 'core\.sshCommand' && git config --local --unset-all 'core.sshCommand' || :"
2025-02-21T14:50:42.9477791Z [command]/usr/bin/git config --local --name-only --get-regexp http\.https\:\/\/github\.com\/\.extraheader
2025-02-21T14:50:42.9505902Z [command]/usr/bin/git submodule foreach --recursive sh -c "git config --local --name-only --get-regexp 'http\.https\:\/\/github\.com\/\.extraheader' && git config --local --unset-all 'http.https://github.com/.extraheader' || :"
2025-02-21T14:50:42.9727326Z [command]/usr/bin/git config --local http.https://github.com/.extraheader AUTHORIZATION: basic ***
2025-02-21T14:50:42.9762088Z ##[endgroup]
2025-02-21T14:50:42.9762673Z ##[group]Determining the default branch
2025-02-21T14:50:42.9765916Z Retrieving the default branch name
2025-02-21T14:50:43.1894025Z Default branch 'main'
2025-02-21T14:50:43.1894796Z ##[endgroup]
2025-02-21T14:50:43.1895411Z ##[group]Fetching the repository
2025-02-21T14:50:43.1901965Z [command]/usr/bin/git -c protocol.version=2 fetch --no-tags --prune --no-recurse-submodules --depth=1 origin +refs/heads/main:refs/remotes/origin/main
2025-02-21T14:50:43.4449343Z From https://github.com/tardis-sn/tardis-regression-data
2025-02-21T14:50:43.4450538Z  * [new branch]      main       -> origin/main
2025-02-21T14:50:43.4476264Z ##[endgroup]
2025-02-21T14:50:43.4476933Z ##[group]Determining the checkout info
2025-02-21T14:50:43.4478450Z ##[endgroup]
2025-02-21T14:50:43.4484007Z [command]/usr/bin/git sparse-checkout disable
2025-02-21T14:50:43.4520628Z [command]/usr/bin/git config --local --unset-all extensions.worktreeConfig
2025-02-21T14:50:43.4549313Z ##[group]Checking out the ref
2025-02-21T14:50:43.4553755Z [command]/usr/bin/git checkout --progress --force -B main refs/remotes/origin/main
2025-02-21T14:50:43.5539983Z Switched to a new branch 'main'
2025-02-21T14:50:43.5542630Z branch 'main' set up to track 'origin/main'.
2025-02-21T14:50:43.5797447Z ##[endgroup]
2025-02-21T14:50:43.5835812Z [command]/usr/bin/git log -1 --format=%H
2025-02-21T14:50:43.5858663Z 84e768462f20f09fbccc05625cdcc1d8ffbe404c
2025-02-21T14:50:43.5987424Z ##[group]Run if [ "false" == "true" ]; then
2025-02-21T14:50:43.5987780Z [36;1mif [ "false" == "true" ]; then[0m
2025-02-21T14:50:43.5988088Z [36;1m  echo "Using atom data sparse checkout"[0m
2025-02-21T14:50:43.5988677Z [36;1m  echo "atom_data/kurucz_cd23_chianti_H_He.h5" > .lfs-files-list[0m
2025-02-21T14:50:43.5988997Z [36;1melse[0m
2025-02-21T14:50:43.5989217Z [36;1m  echo "Using full repository checkout"[0m
2025-02-21T14:50:43.5989574Z [36;1m  git lfs ls-files -l | cut -d' ' -f1 | sort > .lfs-files-list[0m
2025-02-21T14:50:43.5989884Z [36;1mfi[0m
2025-02-21T14:50:43.6130591Z shell: /usr/bin/bash --noprofile --norc -e -o pipefail {0}
2025-02-21T14:50:43.6130920Z env:
2025-02-21T14:50:43.6131095Z   CACHE_NUMBER: 0
2025-02-21T14:50:43.6131719Z   PYTEST_FLAGS: --tardis-regression-data=/home/runner/work/tardis/tardis/tardis-regression-data --cov=tardis --cov-report=xml --cov-report=html --cov-append
2025-02-21T14:50:43.6132358Z   CODECOV_TOKEN: 
2025-02-21T14:50:43.6132541Z ##[endgroup]
2025-02-21T14:50:43.6222666Z Using full repository checkout
2025-02-21T14:50:43.7598196Z ##[group]Run actions/cache/restore@v4
2025-02-21T14:50:43.7598460Z with:
2025-02-21T14:50:43.7598663Z   path: tardis-regression-data/.git/lfs
2025-02-21T14:50:43.7599508Z   key: tardis-regression-full-data-c8ff2bbb6048b3f24d3f52a1e85b013ad47e52c369a6ce4cfdeff528b659b86f-tardis-sn/tardis-regression-data-v1
2025-02-21T14:50:43.7600154Z   fail-on-cache-miss: true
2025-02-21T14:50:43.7600384Z   enableCrossOsArchive: false
2025-02-21T14:50:43.7600620Z   lookup-only: false
2025-02-21T14:50:43.7600813Z env:
2025-02-21T14:50:43.7600983Z   CACHE_NUMBER: 0
2025-02-21T14:50:43.7601579Z   PYTEST_FLAGS: --tardis-regression-data=/home/runner/work/tardis/tardis/tardis-regression-data --cov=tardis --cov-report=xml --cov-report=html --cov-append
2025-02-21T14:50:43.7602285Z   CODECOV_TOKEN: 
2025-02-21T14:50:43.7668539Z ##[endgroup]
2025-02-21T14:50:43.9629185Z Cache hit for: tardis-regression-full-data-c8ff2bbb6048b3f24d3f52a1e85b013ad47e52c369a6ce4cfdeff528b659b86f-tardis-sn/tardis-regression-data-v1
2025-02-21T14:50:45.0256307Z Received 205520896 of 2161656325 (9.5%), 195.6 MBs/sec
2025-02-21T14:50:46.0265098Z Received 457179136 of 2161656325 (21.1%), 217.2 MBs/sec
2025-02-21T14:50:47.0263180Z Received 671088640 of 2161656325 (31.0%), 212.8 MBs/sec
2025-02-21T14:50:48.0265099Z Received 939524096 of 2161656325 (43.5%), 223.6 MBs/sec
2025-02-21T14:50:49.0339202Z Received 1199570944 of 2161656325 (55.5%), 228.3 MBs/sec
2025-02-21T14:50:50.0306119Z Received 1472200704 of 2161656325 (68.1%), 233.6 MBs/sec
2025-02-21T14:50:51.0376569Z Received 1711276032 of 2161656325 (79.2%), 232.5 MBs/sec
2025-02-21T14:50:52.0411241Z Received 1962934272 of 2161656325 (90.8%), 233.4 MBs/sec
2025-02-21T14:50:52.8382382Z Received 2161656325 of 2161656325 (100.0%), 233.8 MBs/sec
2025-02-21T14:50:52.8384920Z Cache Size: ~2062 MB (2161656325 B)
2025-02-21T14:50:52.8441452Z [command]/usr/bin/tar -xf /home/runner/work/_temp/afcdf93f-698b-43d4-8e44-6391d3cc2a17/cache.tzst -P -C /home/runner/work/tardis/tardis --use-compress-program unzstd
2025-02-21T14:51:04.0907818Z Cache restored successfully
2025-02-21T14:51:04.4802211Z Cache restored from key: tardis-regression-full-data-c8ff2bbb6048b3f24d3f52a1e85b013ad47e52c369a6ce4cfdeff528b659b86f-tardis-sn/tardis-regression-data-v1
2025-02-21T14:51:04.4936160Z ##[group]Run git lfs checkout
2025-02-21T14:51:04.4936514Z [36;1mgit lfs checkout[0m
2025-02-21T14:51:04.4990040Z shell: /usr/bin/bash --noprofile --norc -e -o pipefail {0}
2025-02-21T14:51:04.4990357Z env:
2025-02-21T14:51:04.4990524Z   CACHE_NUMBER: 0
2025-02-21T14:51:04.4991131Z   PYTEST_FLAGS: --tardis-regression-data=/home/runner/work/tardis/tardis/tardis-regression-data --cov=tardis --cov-report=xml --cov-report=html --cov-append
2025-02-21T14:51:04.4991768Z   CODECOV_TOKEN: 
2025-02-21T14:51:04.4991958Z ##[endgroup]
2025-02-21T14:51:24.3109463Z Checking out LFS objects: 100% (204/204), 5.7 GB | 257 MB/s, done.
2025-02-21T14:51:27.6581757Z Prepare all required actions
2025-02-21T14:51:27.6582088Z Getting action download info
2025-02-21T14:51:27.7480352Z Download action repository 'mamba-org/setup-micromamba@v1' (SHA:4b9113af4fba0e9e1124b252dd6497a419e7396d)
2025-02-21T14:51:28.0266468Z ##[group]Run ./.github/actions/setup_env
2025-02-21T14:51:28.0266922Z with:
2025-02-21T14:51:28.0267109Z   os-label: linux-64
2025-02-21T14:51:28.0267296Z env:
2025-02-21T14:51:28.0267461Z   CACHE_NUMBER: 0
2025-02-21T14:51:28.0268055Z   PYTEST_FLAGS: --tardis-regression-data=/home/runner/work/tardis/tardis/tardis-regression-data --cov=tardis --cov-report=xml --cov-report=html --cov-append
2025-02-21T14:51:28.0268679Z   CODECOV_TOKEN: 
2025-02-21T14:51:28.0268863Z ##[endgroup]
2025-02-21T14:51:28.0288609Z ##[group]Run file_hash=$(cat conda-linux-64.lock | shasum -a 256 | cut -d' ' -f1)
2025-02-21T14:51:28.0289085Z [36;1mfile_hash=$(cat conda-linux-64.lock | shasum -a 256 | cut -d' ' -f1)[0m
2025-02-21T14:51:28.0289612Z [36;1mecho "file_hash=tardis-conda-env-linux-64-${file_hash}-v1" >> "${GITHUB_OUTPUT}"[0m
2025-02-21T14:51:28.0343475Z shell: /usr/bin/bash --noprofile --norc -e -o pipefail {0}
2025-02-21T14:51:28.0343796Z env:
2025-02-21T14:51:28.0343970Z   CACHE_NUMBER: 0
2025-02-21T14:51:28.0344569Z   PYTEST_FLAGS: --tardis-regression-data=/home/runner/work/tardis/tardis/tardis-regression-data --cov=tardis --cov-report=xml --cov-report=html --cov-append
2025-02-21T14:51:28.0345238Z   CODECOV_TOKEN: 
2025-02-21T14:51:28.0345422Z ##[endgroup]
2025-02-21T14:51:28.0658905Z ##[group]Run mamba-org/setup-micromamba@v1
2025-02-21T14:51:28.0659164Z with:
2025-02-21T14:51:28.0659362Z   environment-file: conda-linux-64.lock
2025-02-21T14:51:28.0659912Z   cache-environment-key: tardis-conda-env-linux-64-d7cd390425b0fd3cf82649dcc003efba9915fb4928f15d342148c3ccffcbe2ee-v1
2025-02-21T14:51:28.0660706Z   cache-downloads-key: tardis-conda-env-linux-64-d7cd390425b0fd3cf82649dcc003efba9915fb4928f15d342148c3ccffcbe2ee-v1
2025-02-21T14:51:28.0661233Z   environment-name: tardis
2025-02-21T14:51:28.0661454Z   cache-environment: true
2025-02-21T14:51:28.0661670Z   cache-downloads: true
2025-02-21T14:51:28.0661866Z env:
2025-02-21T14:51:28.0662033Z   CACHE_NUMBER: 0
2025-02-21T14:51:28.0662630Z   PYTEST_FLAGS: --tardis-regression-data=/home/runner/work/tardis/tardis/tardis-regression-data --cov=tardis --cov-report=xml --cov-report=html --cov-append
2025-02-21T14:51:28.0663250Z   CODECOV_TOKEN: 
2025-02-21T14:51:28.0663472Z ##[endgroup]
2025-02-21T14:51:28.1989353Z Will download micromamba to /home/runner/micromamba-bin/micromamba
2025-02-21T14:51:28.2000418Z ##[group]Install micromamba
2025-02-21T14:51:28.4112493Z micromamba installed to /home/runner/micromamba-bin/micromamba
2025-02-21T14:51:28.4113426Z ##[endgroup]
2025-02-21T14:51:28.4114036Z Adding conda-forge to condarc channels ...
2025-02-21T14:51:28.4124304Z ##[group]Initialize micromamba for bash.
2025-02-21T14:51:28.4140837Z [command]/home/runner/micromamba-bin/micromamba shell init -s bash -r /home/runner/micromamba --log-level warning --rc-file /home/runner/work/_temp/setup-micromamba/.condarc
2025-02-21T14:51:28.4252116Z Modifying RC file "/home/runner/.bashrc"
2025-02-21T14:51:28.4254047Z Generating config for root prefix [1m"/home/runner/micromamba"[0m
2025-02-21T14:51:28.4255010Z Setting mamba executable to: [1m"/home/runner/micromamba-bin/micromamba"[0m
2025-02-21T14:51:28.4256043Z Adding (or replacing) the following in your "/home/runner/.bashrc" file
2025-02-21T14:51:28.4256514Z 
2025-02-21T14:51:28.4256669Z # >>> mamba initialize >>>
2025-02-21T14:51:28.4257178Z # !! Contents within this block are managed by 'mamba init' !!
2025-02-21T14:51:28.4257838Z export MAMBA_EXE='/home/runner/micromamba-bin/micromamba';
2025-02-21T14:51:28.4258457Z export MAMBA_ROOT_PREFIX='/home/runner/micromamba';
2025-02-21T14:51:28.4259285Z __mamba_setup="$("$MAMBA_EXE" shell hook --shell bash --root-prefix "$MAMBA_ROOT_PREFIX" 2> /dev/null)"
2025-02-21T14:51:28.4259980Z if [ $? -eq 0 ]; then
2025-02-21T14:51:28.4260722Z     eval "$__mamba_setup"
2025-02-21T14:51:28.4261132Z else
2025-02-21T14:51:28.4261608Z     alias micromamba="$MAMBA_EXE"  # Fallback on help from mamba activate
2025-02-21T14:51:28.4262201Z fi
2025-02-21T14:51:28.4262490Z unset __mamba_setup
2025-02-21T14:51:28.4262848Z # <<< mamba initialize <<<
2025-02-21T14:51:28.4263407Z 
2025-02-21T14:51:28.4270937Z Moving mamba initialize block to .bash_profile
2025-02-21T14:51:28.4281715Z ##[endgroup]
2025-02-21T14:51:28.4283173Z ##[group]Restoring downloads from `/home/runner/micromamba/pkgs` ...
2025-02-21T14:51:29.5526485Z Received 306184192 of 356815776 (85.8%), 292.0 MBs/sec
2025-02-21T14:51:29.6992426Z Cache Size: ~340 MB (356815776 B)
2025-02-21T14:51:29.7032221Z [command]/usr/bin/tar -xf /home/runner/work/_temp/cd60df89-136b-4f1c-aa12-08aa5f8b7455/cache.tzst -P -C /home/runner/work/tardis/tardis --use-compress-program unzstd
2025-02-21T14:51:30.1639341Z Cache restored successfully
2025-02-21T14:51:30.2382097Z Restored cache with key `tardis-conda-env-linux-64-d7cd390425b0fd3cf82649dcc003efba9915fb4928f15d342148c3ccffcbe2ee-v1-linux-64`
2025-02-21T14:51:30.2384010Z ##[endgroup]
2025-02-21T14:51:30.2394058Z ##[group]Restoring environment `tardis` from `/home/runner/micromamba/envs/tardis` ...
2025-02-21T14:51:30.5533201Z Received 356815776 of 356815776 (100.0%), 170.1 MBs/sec
2025-02-21T14:51:31.3116117Z Received 339738624 of 444032293 (76.5%), 324.0 MBs/sec
2025-02-21T14:51:31.6131426Z Cache Size: ~423 MB (444032293 B)
2025-02-21T14:51:31.6173056Z [command]/usr/bin/tar -xf /home/runner/work/_temp/d59f5dd9-790e-41c4-b49f-79c9ae9d091b/cache.tzst -P -C /home/runner/work/tardis/tardis --use-compress-program unzstd
2025-02-21T14:51:32.3122291Z Received 444032293 of 444032293 (100.0%), 211.6 MBs/sec
2025-02-21T14:51:36.8400499Z Cache restored successfully
2025-02-21T14:51:36.9159641Z Restored cache with key `tardis-conda-env-linux-64-d7cd390425b0fd3cf82649dcc003efba9915fb4928f15d342148c3ccffcbe2ee-v1-linux-64-tardis-args-4f53cda-root-dcc80ee-bin-[object Promise]-file-d7cd390425b0fd3cf82649dcc003efba9915fb4928f15d342148c3ccffcbe2ee`
2025-02-21T14:51:36.9161442Z ##[endgroup]
2025-02-21T14:51:36.9161796Z Adding environment tardis to auto-activate bash ...
2025-02-21T14:51:36.9169702Z Generating micromamba run shell.
2025-02-21T14:51:36.9178388Z ##[endgroup]
2025-02-21T14:51:36.9183373Z Set environment variables.
2025-02-21T14:51:36.9188066Z ##[group]micromamba info
2025-02-21T14:51:36.9190410Z [command]/home/runner/micromamba-bin/micromamba info -r /home/runner/micromamba -n tardis
2025-02-21T14:51:36.9418852Z 
2025-02-21T14:51:36.9419049Z        libmamba version : 1.5.10
2025-02-21T14:51:36.9419460Z      micromamba version : 1.5.10
2025-02-21T14:51:36.9420084Z            curl version : libcurl/8.10.1 OpenSSL/3.3.2 zlib/1.3.1 zstd/1.5.6 libssh2/1.11.0 nghttp2/1.58.0
2025-02-21T14:51:36.9420878Z      libarchive version : libarchive 3.7.4 zlib/1.2.13 bz2lib/1.0.8 libzstd/1.5.6
2025-02-21T14:51:36.9421497Z        envs directories : /home/runner/micromamba/envs
2025-02-21T14:51:36.9422030Z           package cache : /home/runner/micromamba/pkgs
2025-02-21T14:51:36.9422536Z                           /home/runner/.mamba/pkgs
2025-02-21T14:51:36.9422986Z             environment : tardis
2025-02-21T14:51:36.9423446Z            env location : /home/runner/micromamba/envs/tardis
2025-02-21T14:51:36.9423983Z       user config files : /home/runner/.mambarc
2025-02-21T14:51:36.9424618Z  populated config files : /home/runner/work/_temp/setup-micromamba/.condarc
2025-02-21T14:51:36.9425251Z        virtual packages : __unix=0=0
2025-02-21T14:51:36.9425818Z                           __linux=6.8.0=0
2025-02-21T14:51:36.9426242Z                           __glibc=2.39=0
2025-02-21T14:51:36.9426676Z                           __archspec=1=x86_64_v3
2025-02-21T14:51:36.9427255Z                channels : https://conda.anaconda.org/conda-forge/linux-64
2025-02-21T14:51:36.9427888Z                           https://conda.anaconda.org/conda-forge/noarch
2025-02-21T14:51:36.9428726Z        base environment : /home/runner/micromamba
2025-02-21T14:51:36.9429210Z                platform : linux-64
2025-02-21T14:51:36.9435909Z ##[endgroup]
2025-02-21T14:51:36.9436475Z ##[group]micromamba list
2025-02-21T14:51:36.9437588Z [command]/home/runner/micromamba-bin/micromamba list -r /home/runner/micromamba -n tardis
2025-02-21T14:51:37.3511605Z List of packages in environment: "/home/runner/micromamba/envs/tardis"
2025-02-21T14:51:37.3512144Z 
2025-02-21T14:51:37.3512397Z   Name                           Version              Build                    Channel    
2025-02-21T14:51:37.3513434Z â”€â”€â”€â”€â”€â”€â”€â”€â”€â”€â”€â”€â”€â”€â”€â”€â”€â”€â”€â”€â”€â”€â”€â”€â”€â”€â”€â”€â”€â”€â”€â”€â”€â”€â”€â”€â”€â”€â”€â”€â”€â”€â”€â”€â”€â”€â”€â”€â”€â”€â”€â”€â”€â”€â”€â”€â”€â”€â”€â”€â”€â”€â”€â”€â”€â”€â”€â”€â”€â”€â”€â”€â”€â”€â”€â”€â”€â”€â”€â”€â”€â”€â”€â”€â”€â”€â”€â”€â”€â”€â”€â”€
2025-02-21T14:51:37.3541585Z   _libgcc_mutex                  0.1                  conda_forge              conda-forge
2025-02-21T14:51:37.3542268Z   _openmp_mutex                  4.5                  2_gnu                    conda-forge
2025-02-21T14:51:37.3542946Z   alabaster                      0.7.16               pyhd8ed1ab_0             conda-forge
2025-02-21T14:51:37.3543565Z   anyio                          4.4.0                pyhd8ed1ab_0             conda-forge
2025-02-21T14:51:37.3544177Z   argon2-cffi                    23.1.0               pyhd8ed1ab_0             conda-forge
2025-02-21T14:51:37.3544886Z   argon2-cffi-bindings           21.2.0               py312h98912ed_4          conda-forge
2025-02-21T14:51:37.3545742Z   arrow                          1.3.0                pyhd8ed1ab_0             conda-forge
2025-02-21T14:51:37.3546331Z   astropy                        6.1.1                py312h085067d_0          conda-forge
2025-02-21T14:51:37.3547005Z   astropy-iers-data              0.2024.6.17.0.31.35  pyhd8ed1ab_0             conda-forge
2025-02-21T14:51:37.3547798Z   astropy-sphinx-theme           1.1                  pyhd8ed1ab_0             conda-forge
2025-02-21T14:51:37.3548476Z   asttokens                      2.4.1                pyhd8ed1ab_0             conda-forge
2025-02-21T14:51:37.3549104Z   async-lru                      2.0.4                pyhd8ed1ab_0             conda-forge
2025-02-21T14:51:37.3549654Z   atk-1.0                        2.38.0               h04ea711_2               conda-forge
2025-02-21T14:51:37.3550150Z   attrs                          23.2.0               pyh71513ae_0             conda-forge
2025-02-21T14:51:37.3550683Z   babel                          2.14.0               pyhd8ed1ab_0             conda-forge
2025-02-21T14:51:37.3551317Z   beautifulsoup4                 4.12.3               pyha770c72_0             conda-forge
2025-02-21T14:51:37.3551955Z   bleach                         6.1.0                pyhd8ed1ab_0             conda-forge
2025-02-21T14:51:37.3552498Z   blosc                          1.21.5               hc2324a3_1               conda-forge
2025-02-21T14:51:37.3553022Z   brotli                         1.1.0                hd590300_1               conda-forge
2025-02-21T14:51:37.3553600Z   brotli-bin                     1.1.0                hd590300_1               conda-forge
2025-02-21T14:51:37.3554205Z   brotli-python                  1.1.0                py312h30efb56_1          conda-forge
2025-02-21T14:51:37.3554812Z   bzip2                          1.0.8                hd590300_5               conda-forge
2025-02-21T14:51:37.3555404Z   c-ares                         1.28.1               hd590300_0               conda-forge
2025-02-21T14:51:37.3556215Z   c-blosc2                       2.14.4               hb4ffafa_1               conda-forge
2025-02-21T14:51:37.3556848Z   ca-certificates                2024.6.2             hbcca054_0               conda-forge
2025-02-21T14:51:37.3557515Z   cached-property                1.5.2                hd8ed1ab_1               conda-forge
2025-02-21T14:51:37.3558127Z   cached_property                1.5.2                pyha770c72_1             conda-forge
2025-02-21T14:51:37.3558736Z   cairo                          1.18.0               h3faef2a_0               conda-forge
2025-02-21T14:51:37.3559709Z   certifi                        2024.6.2             pyhd8ed1ab_0             conda-forge
2025-02-21T14:51:37.3560384Z   cffi                           1.16.0               py312hf06ca03_0          conda-forge
2025-02-21T14:51:37.3561048Z   charset-normalizer             3.3.2                pyhd8ed1ab_0             conda-forge
2025-02-21T14:51:37.3561927Z   click                          8.1.7                unix_pyh707e725_0        conda-forge
2025-02-21T14:51:37.3562541Z   codespell                      2.3.0                pyhd8ed1ab_0             conda-forge
2025-02-21T14:51:37.3563159Z   colorama                       0.4.6                pyhd8ed1ab_0             conda-forge
2025-02-21T14:51:37.3563667Z   comm                           0.2.2                pyhd8ed1ab_0             conda-forge
2025-02-21T14:51:37.3564289Z   commonmark                     0.9.1                py_0                     conda-forge
2025-02-21T14:51:37.3564908Z   contourpy                      1.2.1                py312h8572e83_0          conda-forge
2025-02-21T14:51:37.3565288Z   coverage                       7.5.3                py312h9a8786e_0          conda-forge
2025-02-21T14:51:37.3565837Z   cycler                         0.12.1               pyhd8ed1ab_0             conda-forge
2025-02-21T14:51:37.3566198Z   dataclasses                    0.8                  pyhc8e2a94_3             conda-forge
2025-02-21T14:51:37.3566802Z   debugpy                        1.8.1                py312h30efb56_0          conda-forge
2025-02-21T14:51:37.3567433Z   decorator                      5.1.1                pyhd8ed1ab_0             conda-forge
2025-02-21T14:51:37.3568003Z   defusedxml                     0.7.1                pyhd8ed1ab_0             conda-forge
2025-02-21T14:51:37.3568565Z   docutils                       0.20.1               py312h7900ff3_3          conda-forge
2025-02-21T14:51:37.3569101Z   dot2tex                        2.11.3               pyhd8ed1ab_0             conda-forge
2025-02-21T14:51:37.3569682Z   entrypoints                    0.4                  pyhd8ed1ab_0             conda-forge
2025-02-21T14:51:37.3570321Z   exceptiongroup                 1.2.0                pyhd8ed1ab_2             conda-forge
2025-02-21T14:51:37.3570919Z   executing                      2.0.1                pyhd8ed1ab_0             conda-forge
2025-02-21T14:51:37.3571513Z   expat                          2.6.2                h59595ed_0               conda-forge
2025-02-21T14:51:37.3572073Z   font-ttf-dejavu-sans-mono      2.37                 hab24e00_0               conda-forge
2025-02-21T14:51:37.3572780Z   font-ttf-inconsolata           3.000                h77eed37_0               conda-forge
2025-02-21T14:51:37.3573471Z   font-ttf-source-code-pro       2.038                h77eed37_0               conda-forge
2025-02-21T14:51:37.3574104Z   font-ttf-ubuntu                0.83                 h77eed37_2               conda-forge
2025-02-21T14:51:37.3574689Z   fontconfig                     2.14.2               h14ed4e7_0               conda-forge
2025-02-21T14:51:37.3575324Z   fonts-conda-ecosystem          1                    0                        conda-forge
2025-02-21T14:51:37.3576037Z   fonts-conda-forge              1                    0                        conda-forge
2025-02-21T14:51:37.3576414Z   fonttools                      4.53.0               py312h9a8786e_0          conda-forge
2025-02-21T14:51:37.3576776Z   fqdn                           1.5.1                pyhd8ed1ab_0             conda-forge
2025-02-21T14:51:37.3577131Z   freetype                       2.12.1               h267a509_2               conda-forge
2025-02-21T14:51:37.3577483Z   fribidi                        1.0.10               h36c2ea0_0               conda-forge
2025-02-21T14:51:37.3577828Z   future                         1.0.0                pyhd8ed1ab_0             conda-forge
2025-02-21T14:51:37.3578184Z   gdk-pixbuf                     2.42.12              hb9ae30d_0               conda-forge
2025-02-21T14:51:37.3578784Z   giflib                         5.2.2                hd590300_0               conda-forge
2025-02-21T14:51:37.3579159Z   git-lfs                        3.5.1                ha770c72_0               conda-forge
2025-02-21T14:51:37.3579485Z   gmp                            6.3.0                h59595ed_1               conda-forge
2025-02-21T14:51:37.3579916Z   gmpy2                          2.1.5                py312h1d5cde6_1          conda-forge
2025-02-21T14:51:37.3580264Z   graphite2                      1.3.13               h59595ed_1003            conda-forge
2025-02-21T14:51:37.3580620Z   graphviz                       11.0.0               hc68bbd7_0               conda-forge
2025-02-21T14:51:37.3580958Z   gtk2                           2.24.33              h280cfa0_4               conda-forge
2025-02-21T14:51:37.3581271Z   gts                            0.7.6                h977cf35_4               conda-forge
2025-02-21T14:51:37.3581581Z   h11                            0.14.0               pyhd8ed1ab_0             conda-forge
2025-02-21T14:51:37.3581899Z   h2                             4.1.0                pyhd8ed1ab_0             conda-forge
2025-02-21T14:51:37.3582226Z   h5py                           3.11.0               nompi_py312hb7ab980_102  conda-forge
2025-02-21T14:51:37.3582572Z   harfbuzz                       8.5.0                hfac3d4d_0               conda-forge
2025-02-21T14:51:37.3582933Z   hdf5                           1.14.3               nompi_hdf9ad27_105       conda-forge
2025-02-21T14:51:37.3583267Z   hpack                          4.0.0                pyh9f0ad1d_0             conda-forge
2025-02-21T14:51:37.3583623Z   httpcore                       1.0.5                pyhd8ed1ab_0             conda-forge
2025-02-21T14:51:37.3583984Z   httpx                          0.27.0               pyhd8ed1ab_0             conda-forge
2025-02-21T14:51:37.3584333Z   hyperframe                     6.0.1                pyhd8ed1ab_0             conda-forge
2025-02-21T14:51:37.3584679Z   icu                            73.2                 h59595ed_0               conda-forge
2025-02-21T14:51:37.3584994Z   idna                           3.7                  pyhd8ed1ab_0             conda-forge
2025-02-21T14:51:37.3585331Z   imagesize                      1.4.1                pyhd8ed1ab_0             conda-forge
2025-02-21T14:51:37.3586013Z   importlib-metadata             7.1.0                pyha770c72_0             conda-forge
2025-02-21T14:51:37.3586426Z   importlib_metadata             7.1.0                hd8ed1ab_0               conda-forge
2025-02-21T14:51:37.3586836Z   importlib_resources            6.4.0                pyhd8ed1ab_0             conda-forge
2025-02-21T14:51:37.3587263Z   iniconfig                      2.0.0                pyhd8ed1ab_0             conda-forge
2025-02-21T14:51:37.3587621Z   ipykernel                      6.29.4               pyh3099207_0             conda-forge
2025-02-21T14:51:37.3587970Z   ipython                        8.25.0               pyh707e725_0             conda-forge
2025-02-21T14:51:37.3588340Z   ipython_genutils               0.2.0                pyhd8ed1ab_1             conda-forge
2025-02-21T14:51:37.3588719Z   ipywidgets                     7.8.0                pyhd8ed1ab_0             conda-forge
2025-02-21T14:51:37.3589090Z   isoduration                    20.11.0              pyhd8ed1ab_0             conda-forge
2025-02-21T14:51:37.3589448Z   jedi                           0.19.1               pyhd8ed1ab_0             conda-forge
2025-02-21T14:51:37.3589780Z   jinja2                         3.1.4                pyhd8ed1ab_0             conda-forge
2025-02-21T14:51:37.3590119Z   json5                          0.9.25               pyhd8ed1ab_0             conda-forge
2025-02-21T14:51:37.3590473Z   jsonpointer                    3.0.0                py312h7900ff3_0          conda-forge
2025-02-21T14:51:37.3590842Z   jsonschema                     4.22.0               pyhd8ed1ab_0             conda-forge
2025-02-21T14:51:37.3591398Z   jsonschema-specifications      2023.12.1            pyhd8ed1ab_0             conda-forge
2025-02-21T14:51:37.3591885Z   jsonschema-with-format-nongpl  4.22.0               pyhd8ed1ab_0             conda-forge
2025-02-21T14:51:37.3592313Z   jupyter-lsp                    2.2.5                pyhd8ed1ab_0             conda-forge
2025-02-21T14:51:37.3592817Z   jupyter_client                 8.6.2                pyhd8ed1ab_0             conda-forge
2025-02-21T14:51:37.3593191Z   jupyter_core                   5.7.2                py312h7900ff3_0          conda-forge
2025-02-21T14:51:37.3593564Z   jupyter_events                 0.10.0               pyhd8ed1ab_0             conda-forge
2025-02-21T14:51:37.3593945Z   jupyter_server                 2.14.1               pyhd8ed1ab_0             conda-forge
2025-02-21T14:51:37.3594350Z   jupyter_server_terminals       0.5.3                pyhd8ed1ab_0             conda-forge
2025-02-21T14:51:37.3594745Z   jupyterlab                     4.2.2                pyhd8ed1ab_0             conda-forge
2025-02-21T14:51:37.3595148Z   jupyterlab_pygments            0.3.0                pyhd8ed1ab_1             conda-forge
2025-02-21T14:51:37.3595745Z   jupyterlab_server              2.27.2               pyhd8ed1ab_0             conda-forge
2025-02-21T14:51:37.3596166Z   jupyterlab_widgets             1.1.7                pyhd8ed1ab_0             conda-forge
2025-02-21T14:51:37.3596549Z   keyutils                       1.6.1                h166bdaf_0               conda-forge
2025-02-21T14:51:37.3596902Z   kiwisolver                     1.4.5                py312h8572e83_1          conda-forge
2025-02-21T14:51:37.3597240Z   krb5                           1.21.2               h659d440_0               conda-forge
2025-02-21T14:51:37.3597577Z   latexcodec                     2.0.1                pyh9f0ad1d_0             conda-forge
2025-02-21T14:51:37.3597916Z   lcms2                          2.16                 hb7c19ff_0               conda-forge
2025-02-21T14:51:37.3598263Z   ld_impl_linux-64               2.40                 hf3520f5_7               conda-forge
2025-02-21T14:51:37.3598605Z   lerc                           4.0.0                h27087fc_0               conda-forge
2025-02-21T14:51:37.3598927Z   libaec                         1.1.3                h59595ed_0               conda-forge
2025-02-21T14:51:37.3599278Z   libblas                        3.9.0                22_linux64_openblas      conda-forge
2025-02-21T14:51:37.3599649Z   libbrotlicommon                1.1.0                hd590300_1               conda-forge
2025-02-21T14:51:37.3600025Z   libbrotlidec                   1.1.0                hd590300_1               conda-forge
2025-02-21T14:51:37.3600394Z   libbrotlienc                   1.1.0                hd590300_1               conda-forge
2025-02-21T14:51:37.3600752Z   libcblas                       3.9.0                22_linux64_openblas      conda-forge
2025-02-21T14:51:37.3601105Z   libcurl                        8.8.0                hca28451_0               conda-forge
2025-02-21T14:51:37.3601461Z   libdeflate                     1.20                 hd590300_0               conda-forge
2025-02-21T14:51:37.3601820Z   libedit                        3.1.20191231         he28a2e2_2               conda-forge
2025-02-21T14:51:37.3602163Z   libev                          4.33                 hd590300_2               conda-forge
2025-02-21T14:51:37.3602500Z   libexpat                       2.6.2                h59595ed_0               conda-forge
2025-02-21T14:51:37.3602835Z   libffi                         3.4.2                h7f98852_5               conda-forge
2025-02-21T14:51:37.3603179Z   libgcc-ng                      13.2.0               h77fa898_10              conda-forge
2025-02-21T14:51:37.3603514Z   libgd                          2.3.3                h119a65a_9               conda-forge
2025-02-21T14:51:37.3603865Z   libgfortran-ng                 13.2.0               h69a702a_10              conda-forge
2025-02-21T14:51:37.3604371Z   libgfortran5                   13.2.0               h3d2ce59_10              conda-forge
2025-02-21T14:51:37.3604731Z   libglib                        2.80.2               h8a4344b_1               conda-forge
2025-02-21T14:51:37.3605098Z   libgomp                        13.2.0               h77fa898_10              conda-forge
2025-02-21T14:51:37.3605732Z   libiconv                       1.17                 hd590300_2               conda-forge
2025-02-21T14:51:37.3606115Z   libjpeg-turbo                  3.0.0                hd590300_1               conda-forge
2025-02-21T14:51:37.3606487Z   liblapack                      3.9.0                22_linux64_openblas      conda-forge
2025-02-21T14:51:37.3606853Z   libllvm14                      14.0.6               hcd5def8_4               conda-forge
2025-02-21T14:51:37.3607214Z   libnghttp2                     1.58.0               h47da74e_1               conda-forge
2025-02-21T14:51:37.3607558Z   libnsl                         2.0.1                hd590300_0               conda-forge
2025-02-21T14:51:37.3607935Z   libopenblas                    0.3.27               pthreads_h413a1c8_0      conda-forge
2025-02-21T14:51:37.3608293Z   libpng                         1.6.43               h2797004_0               conda-forge
2025-02-21T14:51:37.3608632Z   librsvg                        2.58.1               hadf69e7_0               conda-forge
2025-02-21T14:51:37.3608991Z   libsodium                      1.0.18               h36c2ea0_1               conda-forge
2025-02-21T14:51:37.3609347Z   libsqlite                      3.46.0               hde9e2c9_0               conda-forge
2025-02-21T14:51:37.3609693Z   libssh2                        1.11.0               h0841786_0               conda-forge
2025-02-21T14:51:37.3610047Z   libstdcxx-ng                   13.2.0               hc0a3c3a_10              conda-forge
2025-02-21T14:51:37.3610403Z   libtiff                        4.6.0                h1dd3fc0_3               conda-forge
2025-02-21T14:51:37.3610749Z   libuuid                        2.38.1               h0b41bf4_0               conda-forge
2025-02-21T14:51:37.3611091Z   libwebp                        1.4.0                h2c329e2_0               conda-forge
2025-02-21T14:51:37.3611448Z   libwebp-base                   1.4.0                hd590300_0               conda-forge
2025-02-21T14:51:37.3611804Z   libxcb                         1.15                 h0b41bf4_0               conda-forge
2025-02-21T14:51:37.3612154Z   libxcrypt                      4.4.36               hd590300_1               conda-forge
2025-02-21T14:51:37.3612505Z   libxml2                        2.12.7               hc051c1a_1               conda-forge
2025-02-21T14:51:37.3612846Z   libxslt                        1.1.39               h76b75d6_0               conda-forge
2025-02-21T14:51:37.3613185Z   libzlib                        1.3.1                h4ab18f5_1               conda-forge
2025-02-21T14:51:37.3613538Z   llvmlite                       0.42.0               py312hb06c811_1          conda-forge
2025-02-21T14:51:37.3613879Z   lxml                           5.2.2                py312hb90d8a5_0          conda-forge
2025-02-21T14:51:37.3614201Z   lz4-c                          1.9.4                hcb278e6_0               conda-forge
2025-02-21T14:51:37.3614519Z   lzo                            2.10                 hd590300_1001            conda-forge
2025-02-21T14:51:37.3614866Z   markupsafe                     2.1.5                py312h98912ed_0          conda-forge
2025-02-21T14:51:37.3615253Z   matplotlib-base                3.8.4                py312h20ab3a6_2          conda-forge
2025-02-21T14:51:37.3615849Z   matplotlib-inline              0.1.7                pyhd8ed1ab_0             conda-forge
2025-02-21T14:51:37.3616229Z   mistune                        3.0.2                pyhd8ed1ab_0             conda-forge
2025-02-21T14:51:37.3616561Z   mpc                            1.3.1                hfe3b2da_0               conda-forge
2025-02-21T14:51:37.3617008Z   mpfr                           4.2.1                h9458935_1               conda-forge
2025-02-21T14:51:37.3617342Z   mpmath                         1.3.0                pyhd8ed1ab_0             conda-forge
2025-02-21T14:51:37.3617681Z   munkres                        1.1.4                pyh9f0ad1d_0             conda-forge
2025-02-21T14:51:37.3618048Z   mypy_extensions                1.0.0                pyha770c72_0             conda-forge
2025-02-21T14:51:37.3618531Z   nbclassic                      1.1.0                pyhd8ed1ab_0             conda-forge
2025-02-21T14:51:37.3618892Z   nbclient                       0.10.0               pyhd8ed1ab_0             conda-forge
2025-02-21T14:51:37.3619254Z   nbconvert                      7.16.4               hd8ed1ab_1               conda-forge
2025-02-21T14:51:37.3619631Z   nbconvert-core                 7.16.4               pyhd8ed1ab_1             conda-forge
2025-02-21T14:51:37.3620035Z   nbconvert-pandoc               7.16.4               hd8ed1ab_1               conda-forge
2025-02-21T14:51:37.3620427Z   nbformat                       5.10.4               pyhd8ed1ab_0             conda-forge
2025-02-21T14:51:37.3620785Z   nbsphinx                       0.9.4                pyhd8ed1ab_0             conda-forge
2025-02-21T14:51:37.3621128Z   ncurses                        6.5                  h59595ed_0               conda-forge
2025-02-21T14:51:37.3621491Z   nest-asyncio                   1.6.0                pyhd8ed1ab_0             conda-forge
2025-02-21T14:51:37.3621855Z   networkx                       3.3                  pyhd8ed1ab_1             conda-forge
2025-02-21T14:51:37.3622194Z   nomkl                          1.0                  h5ca1d4c_0               conda-forge
2025-02-21T14:51:37.3622535Z   notebook                       7.2.1                pyhd8ed1ab_0             conda-forge
2025-02-21T14:51:37.3622901Z   notebook-shim                  0.2.4                pyhd8ed1ab_0             conda-forge
2025-02-21T14:51:37.3623258Z   numba                          0.59.1               py312hacefee8_0          conda-forge
2025-02-21T14:51:37.3623602Z   numexpr                        2.10.0               py312hf412c99_100        conda-forge
2025-02-21T14:51:37.3623953Z   numpy                          1.26.4               py312heda63a1_0          conda-forge
2025-02-21T14:51:37.3624301Z   numpydoc                       1.7.0                pyhd8ed1ab_1             conda-forge
2025-02-21T14:51:37.3624658Z   openjpeg                       2.5.2                h488ebb8_0               conda-forge
2025-02-21T14:51:37.3625000Z   openssl                        3.3.1                h4ab18f5_0               conda-forge
2025-02-21T14:51:37.3625352Z   overrides                      7.7.0                pyhd8ed1ab_0             conda-forge
2025-02-21T14:51:37.3625881Z   packaging                      24.1                 pyhd8ed1ab_0             conda-forge
2025-02-21T14:51:37.3626242Z   pandas                         2.2.2                py312h1d6d2e6_1          conda-forge
2025-02-21T14:51:37.3626604Z   pandoc                         3.2                  ha770c72_0               conda-forge
2025-02-21T14:51:37.3626964Z   pandocfilters                  1.5.0                pyhd8ed1ab_0             conda-forge
2025-02-21T14:51:37.3627322Z   pango                          1.54.0               h84a9a3c_0               conda-forge
2025-02-21T14:51:37.3627661Z   parso                          0.8.4                pyhd8ed1ab_0             conda-forge
2025-02-21T14:51:37.3628008Z   pathspec                       0.12.1               pyhd8ed1ab_0             conda-forge
2025-02-21T14:51:37.3628349Z   pbr                            6.0.0                pyhd8ed1ab_0             conda-forge
2025-02-21T14:51:37.3628679Z   pcre2                          10.44                h0f59acf_0               conda-forge
2025-02-21T14:51:37.3629021Z   pexpect                        4.9.0                pyhd8ed1ab_0             conda-forge
2025-02-21T14:51:37.3629387Z   pickleshare                    0.7.5                py_1003                  conda-forge
2025-02-21T14:51:37.3629886Z   pillow                         10.3.0               py312hdcec9eb_0          conda-forge
2025-02-21T14:51:37.3630225Z   pip                            24.0                 pyhd8ed1ab_0             conda-forge
2025-02-21T14:51:37.3630555Z   pixman                         0.43.2               h59595ed_0               conda-forge
2025-02-21T14:51:37.3631045Z   pkgutil-resolve-name           1.3.10               pyhd8ed1ab_1             conda-forge
2025-02-21T14:51:37.3631452Z   platformdirs                   4.2.2                pyhd8ed1ab_0             conda-forge
2025-02-21T14:51:37.3631814Z   plotly                         5.22.0               pyhd8ed1ab_0             conda-forge
2025-02-21T14:51:37.3632158Z   pluggy                         1.5.0                pyhd8ed1ab_0             conda-forge
2025-02-21T14:51:37.3632529Z   prometheus_client              0.20.0               pyhd8ed1ab_0             conda-forge
2025-02-21T14:51:37.3632931Z   prompt-toolkit                 3.0.47               pyha770c72_0             conda-forge
2025-02-21T14:51:37.3633297Z   psutil                         5.9.8                py312h98912ed_0          conda-forge
2025-02-21T14:51:37.3633654Z   pthread-stubs                  0.4                  h36c2ea0_1001            conda-forge
2025-02-21T14:51:37.3634036Z   ptyprocess                     0.7.0                pyhd3deb0d_0             conda-forge
2025-02-21T14:51:37.3634398Z   pure_eval                      0.2.2                pyhd8ed1ab_0             conda-forge
2025-02-21T14:51:37.3634752Z   py-cpuinfo                     9.0.0                pyhd8ed1ab_0             conda-forge
2025-02-21T14:51:37.3635104Z   pybtex                         0.24.0               pyhd8ed1ab_2             conda-forge
2025-02-21T14:51:37.3635473Z   pybtex-docutils                1.0.3                py312h7900ff3_1          conda-forge
2025-02-21T14:51:37.3636016Z   pycparser                      2.22                 pyhd8ed1ab_0             conda-forge
2025-02-21T14:51:37.3636373Z   pyerfa                         2.0.1.4              py312h085067d_1          conda-forge
2025-02-21T14:51:37.3636726Z   pygments                       2.18.0               pyhd8ed1ab_0             conda-forge
2025-02-21T14:51:37.3637087Z   pygraphviz                     1.13                 py312h4a1d8a7_1          conda-forge
2025-02-21T14:51:37.3637449Z   pyparsing                      3.1.2                pyhd8ed1ab_0             conda-forge
2025-02-21T14:51:37.3637803Z   pysocks                        1.7.1                pyha2e5f31_6             conda-forge
2025-02-21T14:51:37.3638146Z   pytables                       3.9.2                py312h96d95ec_2          conda-forge
2025-02-21T14:51:37.3638505Z   pytest                         8.2.2                pyhd8ed1ab_0             conda-forge
2025-02-21T14:51:37.3639066Z   pytest-cov                     5.0.0                pyhd8ed1ab_0             conda-forge
2025-02-21T14:51:37.3639659Z   pytest-doctestplus             1.2.1                pyhd8ed1ab_0             conda-forge
2025-02-21T14:51:37.3640057Z   pytest-html                    4.1.1                pyhd8ed1ab_0             conda-forge
2025-02-21T14:51:37.3640438Z   pytest-metadata                3.1.1                pyhd8ed1ab_0             conda-forge
2025-02-21T14:51:37.3640811Z   python                         3.12.4               h194c7f8_0_cpython       conda-forge
2025-02-21T14:51:37.3641186Z   python-dateutil                2.9.0                pyhd8ed1ab_0             conda-forge
2025-02-21T14:51:37.3641608Z   python-fastjsonschema          2.20.0               pyhd8ed1ab_0             conda-forge
2025-02-21T14:51:37.3642040Z   python-json-logger             2.0.7                pyhd8ed1ab_0             conda-forge
2025-02-21T14:51:37.3642446Z   python-tzdata                  2024.1               pyhd8ed1ab_0             conda-forge
2025-02-21T14:51:37.3642818Z   python_abi                     3.12                 4_cp312                  conda-forge
2025-02-21T14:51:37.3643309Z   pytz                           2024.1               pyhd8ed1ab_0             conda-forge
2025-02-21T14:51:37.3643652Z   pyyaml                         6.0.1                py312h98912ed_1          conda-forge
2025-02-21T14:51:37.3643987Z   pyzmq                          26.0.3               py312h8fd38d8_0          conda-forge
2025-02-21T14:51:37.3644446Z   qgrid                          1.3.1                pyhd8ed1ab_4             conda-forge
2025-02-21T14:51:37.3644816Z   radioactivedecay               0.5.1                pyhd8ed1ab_0             conda-forge
2025-02-21T14:51:37.3645193Z   readline                       8.2                  h8228510_1               conda-forge
2025-02-21T14:51:37.3645730Z   recommonmark                   0.7.1                pyhd8ed1ab_0             conda-forge
2025-02-21T14:51:37.3646120Z   referencing                    0.35.1               pyhd8ed1ab_0             conda-forge
2025-02-21T14:51:37.3646493Z   requests                       2.32.3               pyhd8ed1ab_0             conda-forge
2025-02-21T14:51:37.3646873Z   rfc3339-validator              0.1.4                pyhd8ed1ab_0             conda-forge
2025-02-21T14:51:37.3647307Z   rfc3986-validator              0.1.1                pyh9f0ad1d_0             conda-forge
2025-02-21T14:51:37.3647694Z   rpds-py                        0.18.1               py312h4413252_0          conda-forge
2025-02-21T14:51:37.3648025Z   ruff                           0.4.9                py312h5715c7c_0          conda-forge
2025-02-21T14:51:37.3648359Z   scipy                          1.13.1               py312hc2bc53b_0          conda-forge
2025-02-21T14:51:37.3648708Z   send2trash                     1.8.3                pyh0d859eb_0             conda-forge
2025-02-21T14:51:37.3649075Z   setuptools                     70.0.0               pyhd8ed1ab_0             conda-forge
2025-02-21T14:51:37.3649453Z   setuptools-scm                 8.1.0                pyhd8ed1ab_0             conda-forge
2025-02-21T14:51:37.3649838Z   setuptools_scm                 8.1.0                hd8ed1ab_0               conda-forge
2025-02-21T14:51:37.3650186Z   six                            1.16.0               pyh6c4a22f_0             conda-forge
2025-02-21T14:51:37.3650523Z   snakeviz                       2.2.0                pyhd8ed1ab_0             conda-forge
2025-02-21T14:51:37.3650873Z   snappy                         1.2.0                hdb0a2a9_1               conda-forge
2025-02-21T14:51:37.3651217Z   sniffio                        1.3.1                pyhd8ed1ab_0             conda-forge
2025-02-21T14:51:37.3651592Z   snowballstemmer                2.2.0                pyhd8ed1ab_0             conda-forge
2025-02-21T14:51:37.3651979Z   soupsieve                      2.5                  pyhd8ed1ab_1             conda-forge
2025-02-21T14:51:37.3652329Z   sphinx                         7.3.7                pyhd8ed1ab_0             conda-forge
2025-02-21T14:51:37.3652701Z   sphinx-astropy                 1.9.1                pyhd8ed1ab_0             conda-forge
2025-02-21T14:51:37.3653107Z   sphinx-automodapi              0.17.0               pyh717bed2_1             conda-forge
2025-02-21T14:51:37.3653513Z   sphinx-gallery                 0.16.0               pyhd8ed1ab_0             conda-forge
2025-02-21T14:51:37.3653919Z   sphinx-jsonschema              1.19.1               pyhd8ed1ab_0             conda-forge
2025-02-21T14:51:37.3654340Z   sphinx_bootstrap_theme         0.8.1                pyhd8ed1ab_0             conda-forge
2025-02-21T14:51:37.3654744Z   sphinx_rtd_theme               2.0.0                pyha770c72_0             conda-forge
2025-02-21T14:51:37.3655147Z   sphinxcontrib-apidoc           0.3.0                py_1                     conda-forge
2025-02-21T14:51:37.3655771Z   sphinxcontrib-applehelp        1.0.8                pyhd8ed1ab_0             conda-forge
2025-02-21T14:51:37.3656221Z   sphinxcontrib-bibtex           2.6.2                pyhd8ed1ab_0             conda-forge
2025-02-21T14:51:37.3656787Z   sphinxcontrib-devhelp          1.0.6                pyhd8ed1ab_0             conda-forge
2025-02-21T14:51:37.3657229Z   sphinxcontrib-htmlhelp         2.0.5                pyhd8ed1ab_0             conda-forge
2025-02-21T14:51:37.3657665Z   sphinxcontrib-jquery           4.1                  pyhd8ed1ab_0             conda-forge
2025-02-21T14:51:37.3658194Z   sphinxcontrib-jsmath           1.0.1                pyhd8ed1ab_0             conda-forge
2025-02-21T14:51:37.3658618Z   sphinxcontrib-qthelp           1.0.7                pyhd8ed1ab_0             conda-forge
2025-02-21T14:51:37.3659082Z   sphinxcontrib-serializinghtml  1.1.10               pyhd8ed1ab_0             conda-forge
2025-02-21T14:51:37.3659513Z   stack_data                     0.6.2                pyhd8ed1ab_0             conda-forge
2025-02-21T14:51:37.3659861Z   sympy                          1.12.1               pypyh2585a3b_103         conda-forge
2025-02-21T14:51:37.3660213Z   tabulate                       0.9.0                pyhd8ed1ab_1             conda-forge
2025-02-21T14:51:37.3660575Z   tenacity                       8.4.1                pyhd8ed1ab_0             conda-forge
2025-02-21T14:51:37.3660935Z   terminado                      0.18.1               pyh0d859eb_0             conda-forge
2025-02-21T14:51:37.3661298Z   tinycss2                       1.3.0                pyhd8ed1ab_0             conda-forge
2025-02-21T14:51:37.3661642Z   tk                             8.6.13               noxft_h4845f30_101       conda-forge
2025-02-21T14:51:37.3661965Z   toml                           0.10.2               pyhd8ed1ab_0             conda-forge
2025-02-21T14:51:37.3662295Z   tomli                          2.0.1                pyhd8ed1ab_0             conda-forge
2025-02-21T14:51:37.3662636Z   tornado                        6.4.1                py312h9a8786e_0          conda-forge
2025-02-21T14:51:37.3662976Z   tqdm                           4.66.4               pyhd8ed1ab_0             conda-forge
2025-02-21T14:51:37.3663327Z   traitlets                      5.14.3               pyhd8ed1ab_0             conda-forge
2025-02-21T14:51:37.3663686Z   typed-ast                      1.5.5                py312h98912ed_1          conda-forge
2025-02-21T14:51:37.3664095Z   types-python-dateutil          2.9.0.20240316       pyhd8ed1ab_0             conda-forge
2025-02-21T14:51:37.3664535Z   typing-extensions              4.12.2               hd8ed1ab_0               conda-forge
2025-02-21T14:51:37.3664940Z   typing_extensions              4.12.2               pyha770c72_0             conda-forge
2025-02-21T14:51:37.3665332Z   typing_utils                   0.1.0                pyhd8ed1ab_0             conda-forge
2025-02-21T14:51:37.3665859Z   tzdata                         2024a                h0c530f3_0               conda-forge
2025-02-21T14:51:37.3666222Z   uri-template                   1.3.0                pyhd8ed1ab_0             conda-forge
2025-02-21T14:51:37.3666590Z   urllib3                        2.2.2                pyhd8ed1ab_0             conda-forge
2025-02-21T14:51:37.3666940Z   wcwidth                        0.2.13               pyhd8ed1ab_0             conda-forge
2025-02-21T14:51:37.3667292Z   webcolors                      24.6.0               pyhd8ed1ab_0             conda-forge
2025-02-21T14:51:37.3667672Z   webencodings                   0.5.1                pyhd8ed1ab_2             conda-forge
2025-02-21T14:51:37.3668082Z   websocket-client               1.8.0                pyhd8ed1ab_0             conda-forge
2025-02-21T14:51:37.3668457Z   wheel                          0.43.0               pyhd8ed1ab_1             conda-forge
2025-02-21T14:51:37.3668836Z   widgetsnbextension             3.6.6                pyhd8ed1ab_0             conda-forge
2025-02-21T14:51:37.3669237Z   xorg-kbproto                   1.0.7                h7f98852_1002            conda-forge
2025-02-21T14:51:37.3669606Z   xorg-libice                    1.1.1                hd590300_0               conda-forge
2025-02-21T14:51:37.3670092Z   xorg-libsm                     1.2.4                h7391055_0               conda-forge
2025-02-21T14:51:37.3670457Z   xorg-libx11                    1.8.9                h8ee46fc_0               conda-forge
2025-02-21T14:51:37.3670816Z   xorg-libxau                    1.0.11               hd590300_0               conda-forge
2025-02-21T14:51:37.3671403Z   xorg-libxdmcp                  1.1.3                h7f98852_0               conda-forge
2025-02-21T14:51:37.3672047Z   xorg-libxext                   1.3.4                h0b41bf4_2               conda-forge
2025-02-21T14:51:37.3672708Z   xorg-libxrender                0.9.11               hd590300_0               conda-forge
2025-02-21T14:51:37.3673370Z   xorg-renderproto               0.11.1               h7f98852_1002            conda-forge
2025-02-21T14:51:37.3673772Z   xorg-xextproto                 7.3.0                h0b41bf4_1003            conda-forge
2025-02-21T14:51:37.3674147Z   xorg-xproto                    7.0.31               h7f98852_1007            conda-forge
2025-02-21T14:51:37.3674489Z   xz                             5.2.6                h166bdaf_0               conda-forge
2025-02-21T14:51:37.3674803Z   yaml                           0.2.5                h7f98852_2               conda-forge
2025-02-21T14:51:37.3675136Z   zeromq                         4.3.5                h75354e8_4               conda-forge
2025-02-21T14:51:37.3675616Z   zipp                           3.19.2               pyhd8ed1ab_0             conda-forge
2025-02-21T14:51:37.3676072Z   zlib                           1.3.1                h4ab18f5_1               conda-forge
2025-02-21T14:51:37.3676398Z   zlib-ng                        2.0.7                h0b41bf4_0               conda-forge
2025-02-21T14:51:37.3676726Z   zstd                           1.5.6                ha6fb4c9_0               conda-forge
2025-02-21T14:51:37.3677239Z ##[endgroup]
2025-02-21T14:51:37.3709593Z ##[group]Run pip install -e . --user
2025-02-21T14:51:37.3709924Z [36;1mpip install -e . --user[0m
2025-02-21T14:51:37.3766140Z shell: /usr/bin/bash -l {0}
2025-02-21T14:51:37.3766396Z env:
2025-02-21T14:51:37.3766578Z   CACHE_NUMBER: 0
2025-02-21T14:51:37.3767195Z   PYTEST_FLAGS: --tardis-regression-data=/home/runner/work/tardis/tardis/tardis-regression-data --cov=tardis --cov-report=xml --cov-report=html --cov-append
2025-02-21T14:51:37.3767850Z   CODECOV_TOKEN: 
2025-02-21T14:51:37.3768078Z   MAMBA_ROOT_PREFIX: /home/runner/micromamba
2025-02-21T14:51:37.3768380Z   MAMBA_EXE: /home/runner/micromamba-bin/micromamba
2025-02-21T14:51:37.3768730Z   CONDARC: /home/runner/work/_temp/setup-micromamba/.condarc
2025-02-21T14:51:37.3769037Z ##[endgroup]
2025-02-21T14:51:37.9804612Z Obtaining file:///home/runner/work/tardis/tardis
2025-02-21T14:51:37.9835165Z   Installing build dependencies: started
2025-02-21T14:51:40.7163657Z   Installing build dependencies: finished with status 'done'
2025-02-21T14:51:40.7170456Z   Checking if build backend supports build_editable: started
2025-02-21T14:51:40.8342799Z   Checking if build backend supports build_editable: finished with status 'done'
2025-02-21T14:51:40.8349428Z   Getting requirements to build editable: started
2025-02-21T14:51:41.4177840Z   Getting requirements to build editable: finished with status 'done'
2025-02-21T14:51:41.4186699Z   Preparing editable metadata (pyproject.toml): started
2025-02-21T14:51:41.9834968Z   Preparing editable metadata (pyproject.toml): finished with status 'done'
2025-02-21T14:51:42.0421597Z Requirement already satisfied: astropy in /home/runner/micromamba/envs/tardis/lib/python3.12/site-packages (from tardis==0.0.0) (6.1.1)
2025-02-21T14:51:42.0785430Z Requirement already satisfied: numpy>=1.23 in /home/runner/micromamba/envs/tardis/lib/python3.12/site-packages (from astropy->tardis==0.0.0) (1.26.4)
2025-02-21T14:51:42.0794419Z Requirement already satisfied: pyerfa>=2.0.1.1 in /home/runner/micromamba/envs/tardis/lib/python3.12/site-packages (from astropy->tardis==0.0.0) (2.0.1.4)
2025-02-21T14:51:42.0804390Z Requirement already satisfied: astropy-iers-data>=0.2024.5.27.0.30.8 in /home/runner/micromamba/envs/tardis/lib/python3.12/site-packages (from astropy->tardis==0.0.0) (0.2024.6.17.0.31.35)
2025-02-21T14:51:42.0812497Z Requirement already satisfied: PyYAML>=3.13 in /home/runner/micromamba/envs/tardis/lib/python3.12/site-packages (from astropy->tardis==0.0.0) (6.0.1)
2025-02-21T14:51:42.0821970Z Requirement already satisfied: packaging>=19.0 in /home/runner/micromamba/envs/tardis/lib/python3.12/site-packages (from astropy->tardis==0.0.0) (24.1)
2025-02-21T14:51:42.0906493Z Building wheels for collected packages: tardis
2025-02-21T14:51:42.0914617Z   Building editable for tardis (pyproject.toml): started
2025-02-21T14:51:43.0511336Z   Building editable for tardis (pyproject.toml): finished with status 'done'
2025-02-21T14:51:43.0517393Z   Created wheel for tardis: filename=tardis-0.0.0-0.editable-py3-none-any.whl size=8879 sha256=facd0be51922d6b73c9b608282ef3f885254dd7126998ca190908cdb7b5468f8
2025-02-21T14:51:43.0518962Z   Stored in directory: /tmp/pip-ephem-wheel-cache-2kkra_5n/wheels/6a/c7/ae/89fa6dc2565455898176888ef0e2e475e4e90eb0124afcb995
2025-02-21T14:51:43.0544197Z Successfully built tardis
2025-02-21T14:51:43.8056064Z Installing collected packages: tardis
2025-02-21T14:51:43.8144176Z Successfully installed tardis-0.0.0
2025-02-21T14:51:44.0007601Z ##[group]Run pip install qgridnext
2025-02-21T14:51:44.0007919Z [36;1mpip install qgridnext[0m
2025-02-21T14:51:44.0059080Z shell: /usr/bin/bash -l {0}
2025-02-21T14:51:44.0059303Z env:
2025-02-21T14:51:44.0059470Z   CACHE_NUMBER: 0
2025-02-21T14:51:44.0060037Z   PYTEST_FLAGS: --tardis-regression-data=/home/runner/work/tardis/tardis/tardis-regression-data --cov=tardis --cov-report=xml --cov-report=html --cov-append
2025-02-21T14:51:44.0060634Z   CODECOV_TOKEN: 
2025-02-21T14:51:44.0060843Z   MAMBA_ROOT_PREFIX: /home/runner/micromamba
2025-02-21T14:51:44.0061125Z   MAMBA_EXE: /home/runner/micromamba-bin/micromamba
2025-02-21T14:51:44.0061448Z   CONDARC: /home/runner/work/_temp/setup-micromamba/.condarc
2025-02-21T14:51:44.0061727Z ##[endgroup]
2025-02-21T14:51:44.6158096Z Collecting qgridnext
2025-02-21T14:51:44.6456386Z   Downloading qgridnext-2.0.4-py3-none-any.whl.metadata (9.9 kB)
2025-02-21T14:51:44.6536270Z Requirement already satisfied: pandas>=0.20.0 in /home/runner/micromamba/envs/tardis/lib/python3.12/site-packages (from qgridnext) (2.2.2)
2025-02-21T14:51:44.6544648Z Requirement already satisfied: ipywidgets>=7.0.0 in /home/runner/micromamba/envs/tardis/lib/python3.12/site-packages (from qgridnext) (7.8.0)
2025-02-21T14:51:44.6553700Z Requirement already satisfied: numpy in /home/runner/micromamba/envs/tardis/lib/python3.12/site-packages (from qgridnext) (1.26.4)
2025-02-21T14:51:44.6563537Z Requirement already satisfied: traitlets in /home/runner/micromamba/envs/tardis/lib/python3.12/site-packages (from qgridnext) (5.14.3)
2025-02-21T14:51:44.6647517Z Requirement already satisfied: comm>=0.1.3 in /home/runner/micromamba/envs/tardis/lib/python3.12/site-packages (from ipywidgets>=7.0.0->qgridnext) (0.2.2)
2025-02-21T14:51:44.6655710Z Requirement already satisfied: ipython-genutils~=0.2.0 in /home/runner/micromamba/envs/tardis/lib/python3.12/site-packages (from ipywidgets>=7.0.0->qgridnext) (0.2.0)
2025-02-21T14:51:44.6668399Z Requirement already satisfied: widgetsnbextension~=3.6.5 in /home/runner/micromamba/envs/tardis/lib/python3.12/site-packages (from ipywidgets>=7.0.0->qgridnext) (3.6.6)
2025-02-21T14:51:44.6686441Z Requirement already satisfied: ipython>=4.0.0 in /home/runner/micromamba/envs/tardis/lib/python3.12/site-packages (from ipywidgets>=7.0.0->qgridnext) (8.25.0)
2025-02-21T14:51:44.6700938Z Requirement already satisfied: jupyterlab-widgets<3,>=1.0.0 in /home/runner/micromamba/envs/tardis/lib/python3.12/site-packages (from ipywidgets>=7.0.0->qgridnext) (1.1.7)
2025-02-21T14:51:44.7141732Z Requirement already satisfied: python-dateutil>=2.8.2 in /home/runner/micromamba/envs/tardis/lib/python3.12/site-packages (from pandas>=0.20.0->qgridnext) (2.9.0)
2025-02-21T14:51:44.7154887Z Requirement already satisfied: pytz>=2020.1 in /home/runner/micromamba/envs/tardis/lib/python3.12/site-packages (from pandas>=0.20.0->qgridnext) (2024.1)
2025-02-21T14:51:44.7162990Z Requirement already satisfied: tzdata>=2022.7 in /home/runner/micromamba/envs/tardis/lib/python3.12/site-packages (from pandas>=0.20.0->qgridnext) (2024.1)
2025-02-21T14:51:44.7527359Z Requirement already satisfied: decorator in /home/runner/micromamba/envs/tardis/lib/python3.12/site-packages (from ipython>=4.0.0->ipywidgets>=7.0.0->qgridnext) (5.1.1)
2025-02-21T14:51:44.7541552Z Requirement already satisfied: jedi>=0.16 in /home/runner/micromamba/envs/tardis/lib/python3.12/site-packages (from ipython>=4.0.0->ipywidgets>=7.0.0->qgridnext) (0.19.1)
2025-02-21T14:51:44.7549886Z Requirement already satisfied: matplotlib-inline in /home/runner/micromamba/envs/tardis/lib/python3.12/site-packages (from ipython>=4.0.0->ipywidgets>=7.0.0->qgridnext) (0.1.7)
2025-02-21T14:51:44.7560799Z Requirement already satisfied: prompt-toolkit<3.1.0,>=3.0.41 in /home/runner/micromamba/envs/tardis/lib/python3.12/site-packages (from ipython>=4.0.0->ipywidgets>=7.0.0->qgridnext) (3.0.47)
2025-02-21T14:51:44.7569717Z Requirement already satisfied: pygments>=2.4.0 in /home/runner/micromamba/envs/tardis/lib/python3.12/site-packages (from ipython>=4.0.0->ipywidgets>=7.0.0->qgridnext) (2.18.0)
2025-02-21T14:51:44.7579257Z Requirement already satisfied: stack-data in /home/runner/micromamba/envs/tardis/lib/python3.12/site-packages (from ipython>=4.0.0->ipywidgets>=7.0.0->qgridnext) (0.6.2)
2025-02-21T14:51:44.7597822Z Requirement already satisfied: pexpect>4.3 in /home/runner/micromamba/envs/tardis/lib/python3.12/site-packages (from ipython>=4.0.0->ipywidgets>=7.0.0->qgridnext) (4.9.0)
2025-02-21T14:51:44.7644375Z Requirement already satisfied: six>=1.5 in /home/runner/micromamba/envs/tardis/lib/python3.12/site-packages (from python-dateutil>=2.8.2->pandas>=0.20.0->qgridnext) (1.16.0)
2025-02-21T14:51:44.7700620Z Requirement already satisfied: notebook>=4.4.1 in /home/runner/micromamba/envs/tardis/lib/python3.12/site-packages (from widgetsnbextension~=3.6.5->ipywidgets>=7.0.0->qgridnext) (7.2.1)
2025-02-21T14:51:44.7886837Z Requirement already satisfied: parso<0.9.0,>=0.8.3 in /home/runner/micromamba/envs/tardis/lib/python3.12/site-packages (from jedi>=0.16->ipython>=4.0.0->ipywidgets>=7.0.0->qgridnext) (0.8.4)
2025-02-21T14:51:44.8031811Z Requirement already satisfied: jupyter-server<3,>=2.4.0 in /home/runner/micromamba/envs/tardis/lib/python3.12/site-packages (from notebook>=4.4.1->widgetsnbextension~=3.6.5->ipywidgets>=7.0.0->qgridnext) (2.14.1)
2025-02-21T14:51:44.8044729Z Requirement already satisfied: jupyterlab-server<3,>=2.27.1 in /home/runner/micromamba/envs/tardis/lib/python3.12/site-packages (from notebook>=4.4.1->widgetsnbextension~=3.6.5->ipywidgets>=7.0.0->qgridnext) (2.27.2)
2025-02-21T14:51:44.8059890Z Requirement already satisfied: jupyterlab<4.3,>=4.2.0 in /home/runner/micromamba/envs/tardis/lib/python3.12/site-packages (from notebook>=4.4.1->widgetsnbextension~=3.6.5->ipywidgets>=7.0.0->qgridnext) (4.2.2)
2025-02-21T14:51:44.8069634Z Requirement already satisfied: notebook-shim<0.3,>=0.2 in /home/runner/micromamba/envs/tardis/lib/python3.12/site-packages (from notebook>=4.4.1->widgetsnbextension~=3.6.5->ipywidgets>=7.0.0->qgridnext) (0.2.4)
2025-02-21T14:51:44.8077576Z Requirement already satisfied: tornado>=6.2.0 in /home/runner/micromamba/envs/tardis/lib/python3.12/site-packages (from notebook>=4.4.1->widgetsnbextension~=3.6.5->ipywidgets>=7.0.0->qgridnext) (6.4.1)
2025-02-21T14:51:44.8106705Z Requirement already satisfied: ptyprocess>=0.5 in /home/runner/micromamba/envs/tardis/lib/python3.12/site-packages (from pexpect>4.3->ipython>=4.0.0->ipywidgets>=7.0.0->qgridnext) (0.7.0)
2025-02-21T14:51:44.8138931Z Requirement already satisfied: wcwidth in /home/runner/micromamba/envs/tardis/lib/python3.12/site-packages (from prompt-toolkit<3.1.0,>=3.0.41->ipython>=4.0.0->ipywidgets>=7.0.0->qgridnext) (0.2.13)
2025-02-21T14:51:44.8280403Z Requirement already satisfied: executing>=1.2.0 in /home/runner/micromamba/envs/tardis/lib/python3.12/site-packages (from stack-data->ipython>=4.0.0->ipywidgets>=7.0.0->qgridnext) (2.0.1)
2025-02-21T14:51:44.8289760Z Requirement already satisfied: asttokens>=2.1.0 in /home/runner/micromamba/envs/tardis/lib/python3.12/site-packages (from stack-data->ipython>=4.0.0->ipywidgets>=7.0.0->qgridnext) (2.4.1)
2025-02-21T14:51:44.8299644Z Requirement already satisfied: pure-eval in /home/runner/micromamba/envs/tardis/lib/python3.12/site-packages (from stack-data->ipython>=4.0.0->ipywidgets>=7.0.0->qgridnext) (0.2.2)
2025-02-21T14:51:44.8639319Z Requirement already satisfied: anyio>=3.1.0 in /home/runner/micromamba/envs/tardis/lib/python3.12/site-packages (from jupyter-server<3,>=2.4.0->notebook>=4.4.1->widgetsnbextension~=3.6.5->ipywidgets>=7.0.0->qgridnext) (4.4.0)
2025-02-21T14:51:44.8650326Z Requirement already satisfied: argon2-cffi>=21.1 in /home/runner/micromamba/envs/tardis/lib/python3.12/site-packages (from jupyter-server<3,>=2.4.0->notebook>=4.4.1->widgetsnbextension~=3.6.5->ipywidgets>=7.0.0->qgridnext) (23.1.0)
2025-02-21T14:51:44.8659681Z Requirement already satisfied: jinja2>=3.0.3 in /home/runner/micromamba/envs/tardis/lib/python3.12/site-packages (from jupyter-server<3,>=2.4.0->notebook>=4.4.1->widgetsnbextension~=3.6.5->ipywidgets>=7.0.0->qgridnext) (3.1.4)
2025-02-21T14:51:44.8672028Z Requirement already satisfied: jupyter-client>=7.4.4 in /home/runner/micromamba/envs/tardis/lib/python3.12/site-packages (from jupyter-server<3,>=2.4.0->notebook>=4.4.1->widgetsnbextension~=3.6.5->ipywidgets>=7.0.0->qgridnext) (8.6.2)
2025-02-21T14:51:44.8684485Z Requirement already satisfied: jupyter-core!=5.0.*,>=4.12 in /home/runner/micromamba/envs/tardis/lib/python3.12/site-packages (from jupyter-server<3,>=2.4.0->notebook>=4.4.1->widgetsnbextension~=3.6.5->ipywidgets>=7.0.0->qgridnext) (5.7.2)
2025-02-21T14:51:44.8696644Z Requirement already satisfied: jupyter-events>=0.9.0 in /home/runner/micromamba/envs/tardis/lib/python3.12/site-packages (from jupyter-server<3,>=2.4.0->notebook>=4.4.1->widgetsnbextension~=3.6.5->ipywidgets>=7.0.0->qgridnext) (0.10.0)
2025-02-21T14:51:44.8709759Z Requirement already satisfied: jupyter-server-terminals>=0.4.4 in /home/runner/micromamba/envs/tardis/lib/python3.12/site-packages (from jupyter-server<3,>=2.4.0->notebook>=4.4.1->widgetsnbextension~=3.6.5->ipywidgets>=7.0.0->qgridnext) (0.5.3)
2025-02-21T14:51:44.8723920Z Requirement already satisfied: nbconvert>=6.4.4 in /home/runner/micromamba/envs/tardis/lib/python3.12/site-packages (from jupyter-server<3,>=2.4.0->notebook>=4.4.1->widgetsnbextension~=3.6.5->ipywidgets>=7.0.0->qgridnext) (7.16.4)
2025-02-21T14:51:44.8734979Z Requirement already satisfied: nbformat>=5.3.0 in /home/runner/micromamba/envs/tardis/lib/python3.12/site-packages (from jupyter-server<3,>=2.4.0->notebook>=4.4.1->widgetsnbextension~=3.6.5->ipywidgets>=7.0.0->qgridnext) (5.10.4)
2025-02-21T14:51:44.8744832Z Requirement already satisfied: overrides>=5.0 in /home/runner/micromamba/envs/tardis/lib/python3.12/site-packages (from jupyter-server<3,>=2.4.0->notebook>=4.4.1->widgetsnbextension~=3.6.5->ipywidgets>=7.0.0->qgridnext) (7.7.0)
2025-02-21T14:51:44.8755366Z Requirement already satisfied: packaging>=22.0 in /home/runner/micromamba/envs/tardis/lib/python3.12/site-packages (from jupyter-server<3,>=2.4.0->notebook>=4.4.1->widgetsnbextension~=3.6.5->ipywidgets>=7.0.0->qgridnext) (24.1)
2025-02-21T14:51:44.8764855Z Requirement already satisfied: prometheus-client>=0.9 in /home/runner/micromamba/envs/tardis/lib/python3.12/site-packages (from jupyter-server<3,>=2.4.0->notebook>=4.4.1->widgetsnbextension~=3.6.5->ipywidgets>=7.0.0->qgridnext) (0.20.0)
2025-02-21T14:51:44.8776454Z Requirement already satisfied: pyzmq>=24 in /home/runner/micromamba/envs/tardis/lib/python3.12/site-packages (from jupyter-server<3,>=2.4.0->notebook>=4.4.1->widgetsnbextension~=3.6.5->ipywidgets>=7.0.0->qgridnext) (26.0.3)
2025-02-21T14:51:44.8786089Z Requirement already satisfied: send2trash>=1.8.2 in /home/runner/micromamba/envs/tardis/lib/python3.12/site-packages (from jupyter-server<3,>=2.4.0->notebook>=4.4.1->widgetsnbextension~=3.6.5->ipywidgets>=7.0.0->qgridnext) (1.8.3)
2025-02-21T14:51:44.8798450Z Requirement already satisfied: terminado>=0.8.3 in /home/runner/micromamba/envs/tardis/lib/python3.12/site-packages (from jupyter-server<3,>=2.4.0->notebook>=4.4.1->widgetsnbextension~=3.6.5->ipywidgets>=7.0.0->qgridnext) (0.18.1)
2025-02-21T14:51:44.8816339Z Requirement already satisfied: websocket-client>=1.7 in /home/runner/micromamba/envs/tardis/lib/python3.12/site-packages (from jupyter-server<3,>=2.4.0->notebook>=4.4.1->widgetsnbextension~=3.6.5->ipywidgets>=7.0.0->qgridnext) (1.8.0)
2025-02-21T14:51:44.9096548Z Requirement already satisfied: async-lru>=1.0.0 in /home/runner/micromamba/envs/tardis/lib/python3.12/site-packages (from jupyterlab<4.3,>=4.2.0->notebook>=4.4.1->widgetsnbextension~=3.6.5->ipywidgets>=7.0.0->qgridnext) (2.0.4)
2025-02-21T14:51:44.9108337Z Requirement already satisfied: httpx>=0.25.0 in /home/runner/micromamba/envs/tardis/lib/python3.12/site-packages (from jupyterlab<4.3,>=4.2.0->notebook>=4.4.1->widgetsnbextension~=3.6.5->ipywidgets>=7.0.0->qgridnext) (0.27.0)
2025-02-21T14:51:44.9119624Z Requirement already satisfied: ipykernel>=6.5.0 in /home/runner/micromamba/envs/tardis/lib/python3.12/site-packages (from jupyterlab<4.3,>=4.2.0->notebook>=4.4.1->widgetsnbextension~=3.6.5->ipywidgets>=7.0.0->qgridnext) (6.29.4)
2025-02-21T14:51:44.9133655Z Requirement already satisfied: jupyter-lsp>=2.0.0 in /home/runner/micromamba/envs/tardis/lib/python3.12/site-packages (from jupyterlab<4.3,>=4.2.0->notebook>=4.4.1->widgetsnbextension~=3.6.5->ipywidgets>=7.0.0->qgridnext) (2.2.5)
2025-02-21T14:51:44.9159772Z Requirement already satisfied: setuptools>=40.1.0 in /home/runner/micromamba/envs/tardis/lib/python3.12/site-packages (from jupyterlab<4.3,>=4.2.0->notebook>=4.4.1->widgetsnbextension~=3.6.5->ipywidgets>=7.0.0->qgridnext) (70.0.0)
2025-02-21T14:51:44.9347992Z Requirement already satisfied: babel>=2.10 in /home/runner/micromamba/envs/tardis/lib/python3.12/site-packages (from jupyterlab-server<3,>=2.27.1->notebook>=4.4.1->widgetsnbextension~=3.6.5->ipywidgets>=7.0.0->qgridnext) (2.14.0)
2025-02-21T14:51:44.9374111Z Requirement already satisfied: json5>=0.9.0 in /home/runner/micromamba/envs/tardis/lib/python3.12/site-packages (from jupyterlab-server<3,>=2.27.1->notebook>=4.4.1->widgetsnbextension~=3.6.5->ipywidgets>=7.0.0->qgridnext) (0.9.25)
2025-02-21T14:51:44.9384600Z Requirement already satisfied: jsonschema>=4.18.0 in /home/runner/micromamba/envs/tardis/lib/python3.12/site-packages (from jupyterlab-server<3,>=2.27.1->notebook>=4.4.1->widgetsnbextension~=3.6.5->ipywidgets>=7.0.0->qgridnext) (4.22.0)
2025-02-21T14:51:44.9403001Z Requirement already satisfied: requests>=2.31 in /home/runner/micromamba/envs/tardis/lib/python3.12/site-packages (from jupyterlab-server<3,>=2.27.1->notebook>=4.4.1->widgetsnbextension~=3.6.5->ipywidgets>=7.0.0->qgridnext) (2.32.3)
2025-02-21T14:51:44.9757104Z Requirement already satisfied: idna>=2.8 in /home/runner/micromamba/envs/tardis/lib/python3.12/site-packages (from anyio>=3.1.0->jupyter-server<3,>=2.4.0->notebook>=4.4.1->widgetsnbextension~=3.6.5->ipywidgets>=7.0.0->qgridnext) (3.7)
2025-02-21T14:51:44.9766143Z Requirement already satisfied: sniffio>=1.1 in /home/runner/micromamba/envs/tardis/lib/python3.12/site-packages (from anyio>=3.1.0->jupyter-server<3,>=2.4.0->notebook>=4.4.1->widgetsnbextension~=3.6.5->ipywidgets>=7.0.0->qgridnext) (1.3.1)
2025-02-21T14:51:44.9856851Z Requirement already satisfied: argon2-cffi-bindings in /home/runner/micromamba/envs/tardis/lib/python3.12/site-packages (from argon2-cffi>=21.1->jupyter-server<3,>=2.4.0->notebook>=4.4.1->widgetsnbextension~=3.6.5->ipywidgets>=7.0.0->qgridnext) (21.2.0)
2025-02-21T14:51:45.0025352Z Requirement already satisfied: certifi in /home/runner/micromamba/envs/tardis/lib/python3.12/site-packages (from httpx>=0.25.0->jupyterlab<4.3,>=4.2.0->notebook>=4.4.1->widgetsnbextension~=3.6.5->ipywidgets>=7.0.0->qgridnext) (2024.6.2)
2025-02-21T14:51:45.0040419Z Requirement already satisfied: httpcore==1.* in /home/runner/micromamba/envs/tardis/lib/python3.12/site-packages (from httpx>=0.25.0->jupyterlab<4.3,>=4.2.0->notebook>=4.4.1->widgetsnbextension~=3.6.5->ipywidgets>=7.0.0->qgridnext) (1.0.5)
2025-02-21T14:51:45.0117294Z Requirement already satisfied: h11<0.15,>=0.13 in /home/runner/micromamba/envs/tardis/lib/python3.12/site-packages (from httpcore==1.*->httpx>=0.25.0->jupyterlab<4.3,>=4.2.0->notebook>=4.4.1->widgetsnbextension~=3.6.5->ipywidgets>=7.0.0->qgridnext) (0.14.0)
2025-02-21T14:51:45.0301894Z Requirement already satisfied: debugpy>=1.6.5 in /home/runner/micromamba/envs/tardis/lib/python3.12/site-packages (from ipykernel>=6.5.0->jupyterlab<4.3,>=4.2.0->notebook>=4.4.1->widgetsnbextension~=3.6.5->ipywidgets>=7.0.0->qgridnext) (1.8.1)
2025-02-21T14:51:45.0323301Z Requirement already satisfied: nest-asyncio in /home/runner/micromamba/envs/tardis/lib/python3.12/site-packages (from ipykernel>=6.5.0->jupyterlab<4.3,>=4.2.0->notebook>=4.4.1->widgetsnbextension~=3.6.5->ipywidgets>=7.0.0->qgridnext) (1.6.0)
2025-02-21T14:51:45.0337920Z Requirement already satisfied: psutil in /home/runner/micromamba/envs/tardis/lib/python3.12/site-packages (from ipykernel>=6.5.0->jupyterlab<4.3,>=4.2.0->notebook>=4.4.1->widgetsnbextension~=3.6.5->ipywidgets>=7.0.0->qgridnext) (5.9.8)
2025-02-21T14:51:45.0400071Z Requirement already satisfied: MarkupSafe>=2.0 in /home/runner/micromamba/envs/tardis/lib/python3.12/site-packages (from jinja2>=3.0.3->jupyter-server<3,>=2.4.0->notebook>=4.4.1->widgetsnbextension~=3.6.5->ipywidgets>=7.0.0->qgridnext) (2.1.5)
2025-02-21T14:51:45.0714857Z Requirement already satisfied: attrs>=22.2.0 in /home/runner/micromamba/envs/tardis/lib/python3.12/site-packages (from jsonschema>=4.18.0->jupyterlab-server<3,>=2.27.1->notebook>=4.4.1->widgetsnbextension~=3.6.5->ipywidgets>=7.0.0->qgridnext) (23.2.0)
2025-02-21T14:51:45.0728121Z Requirement already satisfied: jsonschema-specifications>=2023.03.6 in /home/runner/micromamba/envs/tardis/lib/python3.12/site-packages (from jsonschema>=4.18.0->jupyterlab-server<3,>=2.27.1->notebook>=4.4.1->widgetsnbextension~=3.6.5->ipywidgets>=7.0.0->qgridnext) (2023.12.1)
2025-02-21T14:51:45.0741227Z Requirement already satisfied: referencing>=0.28.4 in /home/runner/micromamba/envs/tardis/lib/python3.12/site-packages (from jsonschema>=4.18.0->jupyterlab-server<3,>=2.27.1->notebook>=4.4.1->widgetsnbextension~=3.6.5->ipywidgets>=7.0.0->qgridnext) (0.35.1)
2025-02-21T14:51:45.0756882Z Requirement already satisfied: rpds-py>=0.7.1 in /home/runner/micromamba/envs/tardis/lib/python3.12/site-packages (from jsonschema>=4.18.0->jupyterlab-server<3,>=2.27.1->notebook>=4.4.1->widgetsnbextension~=3.6.5->ipywidgets>=7.0.0->qgridnext) (0.18.1)
2025-02-21T14:51:45.1087429Z Requirement already satisfied: platformdirs>=2.5 in /home/runner/micromamba/envs/tardis/lib/python3.12/site-packages (from jupyter-core!=5.0.*,>=4.12->jupyter-server<3,>=2.4.0->notebook>=4.4.1->widgetsnbextension~=3.6.5->ipywidgets>=7.0.0->qgridnext) (4.2.2)
2025-02-21T14:51:45.1235117Z Requirement already satisfied: python-json-logger>=2.0.4 in /home/runner/micromamba/envs/tardis/lib/python3.12/site-packages (from jupyter-events>=0.9.0->jupyter-server<3,>=2.4.0->notebook>=4.4.1->widgetsnbextension~=3.6.5->ipywidgets>=7.0.0->qgridnext) (2.0.7)
2025-02-21T14:51:45.1243264Z Requirement already satisfied: pyyaml>=5.3 in /home/runner/micromamba/envs/tardis/lib/python3.12/site-packages (from jupyter-events>=0.9.0->jupyter-server<3,>=2.4.0->notebook>=4.4.1->widgetsnbextension~=3.6.5->ipywidgets>=7.0.0->qgridnext) (6.0.1)
2025-02-21T14:51:45.1253564Z Requirement already satisfied: rfc3339-validator in /home/runner/micromamba/envs/tardis/lib/python3.12/site-packages (from jupyter-events>=0.9.0->jupyter-server<3,>=2.4.0->notebook>=4.4.1->widgetsnbextension~=3.6.5->ipywidgets>=7.0.0->qgridnext) (0.1.4)
2025-02-21T14:51:45.1262083Z Requirement already satisfied: rfc3986-validator>=0.1.1 in /home/runner/micromamba/envs/tardis/lib/python3.12/site-packages (from jupyter-events>=0.9.0->jupyter-server<3,>=2.4.0->notebook>=4.4.1->widgetsnbextension~=3.6.5->ipywidgets>=7.0.0->qgridnext) (0.1.1)
2025-02-21T14:51:45.1682228Z Requirement already satisfied: beautifulsoup4 in /home/runner/micromamba/envs/tardis/lib/python3.12/site-packages (from nbconvert>=6.4.4->jupyter-server<3,>=2.4.0->notebook>=4.4.1->widgetsnbextension~=3.6.5->ipywidgets>=7.0.0->qgridnext) (4.12.3)
2025-02-21T14:51:45.1700908Z Requirement already satisfied: bleach!=5.0.0 in /home/runner/micromamba/envs/tardis/lib/python3.12/site-packages (from nbconvert>=6.4.4->jupyter-server<3,>=2.4.0->notebook>=4.4.1->widgetsnbextension~=3.6.5->ipywidgets>=7.0.0->qgridnext) (6.1.0)
2025-02-21T14:51:45.1714458Z Requirement already satisfied: defusedxml in /home/runner/micromamba/envs/tardis/lib/python3.12/site-packages (from nbconvert>=6.4.4->jupyter-server<3,>=2.4.0->notebook>=4.4.1->widgetsnbextension~=3.6.5->ipywidgets>=7.0.0->qgridnext) (0.7.1)
2025-02-21T14:51:45.1728837Z Requirement already satisfied: jupyterlab-pygments in /home/runner/micromamba/envs/tardis/lib/python3.12/site-packages (from nbconvert>=6.4.4->jupyter-server<3,>=2.4.0->notebook>=4.4.1->widgetsnbextension~=3.6.5->ipywidgets>=7.0.0->qgridnext) (0.3.0)
2025-02-21T14:51:45.1740280Z Requirement already satisfied: mistune<4,>=2.0.3 in /home/runner/micromamba/envs/tardis/lib/python3.12/site-packages (from nbconvert>=6.4.4->jupyter-server<3,>=2.4.0->notebook>=4.4.1->widgetsnbextension~=3.6.5->ipywidgets>=7.0.0->qgridnext) (3.0.2)
2025-02-21T14:51:45.1752541Z Requirement already satisfied: nbclient>=0.5.0 in /home/runner/micromamba/envs/tardis/lib/python3.12/site-packages (from nbconvert>=6.4.4->jupyter-server<3,>=2.4.0->notebook>=4.4.1->widgetsnbextension~=3.6.5->ipywidgets>=7.0.0->qgridnext) (0.10.0)
2025-02-21T14:51:45.1768755Z Requirement already satisfied: pandocfilters>=1.4.1 in /home/runner/micromamba/envs/tardis/lib/python3.12/site-packages (from nbconvert>=6.4.4->jupyter-server<3,>=2.4.0->notebook>=4.4.1->widgetsnbextension~=3.6.5->ipywidgets>=7.0.0->qgridnext) (1.5.0)
2025-02-21T14:51:45.1778206Z Requirement already satisfied: tinycss2 in /home/runner/micromamba/envs/tardis/lib/python3.12/site-packages (from nbconvert>=6.4.4->jupyter-server<3,>=2.4.0->notebook>=4.4.1->widgetsnbextension~=3.6.5->ipywidgets>=7.0.0->qgridnext) (1.3.0)
2025-02-21T14:51:45.1890900Z Requirement already satisfied: fastjsonschema>=2.15 in /home/runner/micromamba/envs/tardis/lib/python3.12/site-packages (from nbformat>=5.3.0->jupyter-server<3,>=2.4.0->notebook>=4.4.1->widgetsnbextension~=3.6.5->ipywidgets>=7.0.0->qgridnext) (2.20.0)
2025-02-21T14:51:45.2191015Z Requirement already satisfied: charset-normalizer<4,>=2 in /home/runner/micromamba/envs/tardis/lib/python3.12/site-packages (from requests>=2.31->jupyterlab-server<3,>=2.27.1->notebook>=4.4.1->widgetsnbextension~=3.6.5->ipywidgets>=7.0.0->qgridnext) (3.3.2)
2025-02-21T14:51:45.2204361Z Requirement already satisfied: urllib3<3,>=1.21.1 in /home/runner/micromamba/envs/tardis/lib/python3.12/site-packages (from requests>=2.31->jupyterlab-server<3,>=2.27.1->notebook>=4.4.1->widgetsnbextension~=3.6.5->ipywidgets>=7.0.0->qgridnext) (2.2.2)
2025-02-21T14:51:45.2963265Z Requirement already satisfied: webencodings in /home/runner/micromamba/envs/tardis/lib/python3.12/site-packages (from bleach!=5.0.0->nbconvert>=6.4.4->jupyter-server<3,>=2.4.0->notebook>=4.4.1->widgetsnbextension~=3.6.5->ipywidgets>=7.0.0->qgridnext) (0.5.1)
2025-02-21T14:51:45.3521634Z Requirement already satisfied: fqdn in /home/runner/micromamba/envs/tardis/lib/python3.12/site-packages (from jsonschema[format-nongpl]>=4.18.0->jupyter-events>=0.9.0->jupyter-server<3,>=2.4.0->notebook>=4.4.1->widgetsnbextension~=3.6.5->ipywidgets>=7.0.0->qgridnext) (1.5.1)
2025-02-21T14:51:45.3538635Z Requirement already satisfied: isoduration in /home/runner/micromamba/envs/tardis/lib/python3.12/site-packages (from jsonschema[format-nongpl]>=4.18.0->jupyter-events>=0.9.0->jupyter-server<3,>=2.4.0->notebook>=4.4.1->widgetsnbextension~=3.6.5->ipywidgets>=7.0.0->qgridnext) (20.11.0)
2025-02-21T14:51:45.3551953Z Requirement already satisfied: jsonpointer>1.13 in /home/runner/micromamba/envs/tardis/lib/python3.12/site-packages (from jsonschema[format-nongpl]>=4.18.0->jupyter-events>=0.9.0->jupyter-server<3,>=2.4.0->notebook>=4.4.1->widgetsnbextension~=3.6.5->ipywidgets>=7.0.0->qgridnext) (3.0.0)
2025-02-21T14:51:45.3568764Z Requirement already satisfied: uri-template in /home/runner/micromamba/envs/tardis/lib/python3.12/site-packages (from jsonschema[format-nongpl]>=4.18.0->jupyter-events>=0.9.0->jupyter-server<3,>=2.4.0->notebook>=4.4.1->widgetsnbextension~=3.6.5->ipywidgets>=7.0.0->qgridnext) (1.3.0)
2025-02-21T14:51:45.3582444Z Requirement already satisfied: webcolors>=1.11 in /home/runner/micromamba/envs/tardis/lib/python3.12/site-packages (from jsonschema[format-nongpl]>=4.18.0->jupyter-events>=0.9.0->jupyter-server<3,>=2.4.0->notebook>=4.4.1->widgetsnbextension~=3.6.5->ipywidgets>=7.0.0->qgridnext) (24.6.0)
2025-02-21T14:51:45.4582933Z Requirement already satisfied: cffi>=1.0.1 in /home/runner/micromamba/envs/tardis/lib/python3.12/site-packages (from argon2-cffi-bindings->argon2-cffi>=21.1->jupyter-server<3,>=2.4.0->notebook>=4.4.1->widgetsnbextension~=3.6.5->ipywidgets>=7.0.0->qgridnext) (1.16.0)
2025-02-21T14:51:45.4678847Z Requirement already satisfied: soupsieve>1.2 in /home/runner/micromamba/envs/tardis/lib/python3.12/site-packages (from beautifulsoup4->nbconvert>=6.4.4->jupyter-server<3,>=2.4.0->notebook>=4.4.1->widgetsnbextension~=3.6.5->ipywidgets>=7.0.0->qgridnext) (2.5)
2025-02-21T14:51:45.5198587Z Requirement already satisfied: pycparser in /home/runner/micromamba/envs/tardis/lib/python3.12/site-packages (from cffi>=1.0.1->argon2-cffi-bindings->argon2-cffi>=21.1->jupyter-server<3,>=2.4.0->notebook>=4.4.1->widgetsnbextension~=3.6.5->ipywidgets>=7.0.0->qgridnext) (2.22)
2025-02-21T14:51:45.5689160Z Requirement already satisfied: arrow>=0.15.0 in /home/runner/micromamba/envs/tardis/lib/python3.12/site-packages (from isoduration->jsonschema[format-nongpl]>=4.18.0->jupyter-events>=0.9.0->jupyter-server<3,>=2.4.0->notebook>=4.4.1->widgetsnbextension~=3.6.5->ipywidgets>=7.0.0->qgridnext) (1.3.0)
2025-02-21T14:51:45.5983424Z Requirement already satisfied: types-python-dateutil>=2.8.10 in /home/runner/micromamba/envs/tardis/lib/python3.12/site-packages (from arrow>=0.15.0->isoduration->jsonschema[format-nongpl]>=4.18.0->jupyter-events>=0.9.0->jupyter-server<3,>=2.4.0->notebook>=4.4.1->widgetsnbextension~=3.6.5->ipywidgets>=7.0.0->qgridnext) (2.9.0.20240316)
2025-02-21T14:51:45.6265888Z Downloading qgridnext-2.0.4-py3-none-any.whl (1.3 MB)
2025-02-21T14:51:45.6605299Z    â”â”â”â”â”â”â”â”â”â”â”â”â”â”â”â”â”â”â”â”â”â”â”â”â”â”â”â”â”â”â”â”â”â”â”â”â”â”â”â” 1.3/1.3 MB 40.3 MB/s eta 0:00:00
2025-02-21T14:51:46.4496217Z Installing collected packages: qgridnext
2025-02-21T14:51:46.5221781Z Successfully installed qgridnext-2.0.4
2025-02-21T14:51:46.6994951Z ##[group]Run pytest tardis --tardis-regression-data=/home/runner/work/tardis/tardis/tardis-regression-data --cov=tardis --cov-report=xml --cov-report=html --cov-append -m " continuum"
2025-02-21T14:51:46.6996535Z [36;1mpytest tardis --tardis-regression-data=/home/runner/work/tardis/tardis/tardis-regression-data --cov=tardis --cov-report=xml --cov-report=html --cov-append -m " continuum"[0m
2025-02-21T14:51:46.7051124Z shell: /usr/bin/bash -l {0}
2025-02-21T14:51:46.7051372Z env:
2025-02-21T14:51:46.7051574Z   CACHE_NUMBER: 0
2025-02-21T14:51:46.7052194Z   PYTEST_FLAGS: --tardis-regression-data=/home/runner/work/tardis/tardis/tardis-regression-data --cov=tardis --cov-report=xml --cov-report=html --cov-append
2025-02-21T14:51:46.7052842Z   CODECOV_TOKEN: 
2025-02-21T14:51:46.7053073Z   MAMBA_ROOT_PREFIX: /home/runner/micromamba
2025-02-21T14:51:46.7053377Z   MAMBA_EXE: /home/runner/micromamba-bin/micromamba
2025-02-21T14:51:46.7053766Z   CONDARC: /home/runner/work/_temp/setup-micromamba/.condarc
2025-02-21T14:51:46.7054069Z ##[endgroup]
2025-02-21T14:51:55.0399543Z ============================= test session starts ==============================
2025-02-21T14:51:55.0400393Z platform linux -- Python 3.12.4, pytest-8.2.2, pluggy-1.5.0
2025-02-21T14:51:55.0401093Z rootdir: /home/runner/work/tardis/tardis
2025-02-21T14:51:55.0401671Z configfile: pyproject.toml
2025-02-21T14:51:55.0402368Z plugins: metadata-3.1.1, anyio-4.4.0, doctestplus-1.2.1, cov-5.0.0, html-4.1.1
2025-02-21T14:51:55.0403434Z collected 1796 items / 1794 deselected / 2 selected
2025-02-21T14:51:55.0403700Z 
2025-02-21T14:53:39.8974417Z tardis/transport/montecarlo/estimators/tests/test_continuum_property_solver.py . [ 50%]
2025-02-21T14:53:39.8976845Z                                                                          [ 50%]
2025-02-21T14:54:12.8519399Z tardis/transport/montecarlo/tests/test_continuum.py .                    [100%]
2025-02-21T14:54:12.8520129Z 
2025-02-21T14:54:12.8520334Z =============================== warnings summary ===============================
2025-02-21T14:54:12.8520968Z tardis/io/configuration/config_validator.py:6
2025-02-21T14:54:12.8521604Z tardis/io/configuration/config_validator.py:6
2025-02-21T14:54:12.8522655Z   /home/runner/work/tardis/tardis/tardis/io/configuration/config_validator.py:6: DeprecationWarning:
2025-02-21T14:54:12.8523626Z   
2025-02-21T14:54:12.8525413Z   jsonschema.RefResolver is deprecated as of v4.18.0, in favor of the https://github.com/python-jsonschema/referencing library, which provides more compliant referencing behavior as well as more flexible APIs for customization. A future release will remove RefResolver. Please file a feature request (on referencing) if you are missing an API for the kind of customization you need.
2025-02-21T14:54:12.8527527Z 
2025-02-21T14:54:12.8527913Z ../../../micromamba/envs/tardis/lib/python3.12/site-packages/jupyter_client/connect.py:22
2025-02-21T14:54:12.8528881Z   /home/runner/micromamba/envs/tardis/lib/python3.12/site-packages/jupyter_client/connect.py:22: DeprecationWarning:
2025-02-21T14:54:12.8529408Z   
2025-02-21T14:54:12.8529667Z   Jupyter is migrating its paths to use standard platformdirs
2025-02-21T14:54:12.8530061Z   given by the platformdirs library.  To remove this warning and
2025-02-21T14:54:12.8530460Z   see the appropriate new directories, set the environment variable
2025-02-21T14:54:12.8530852Z   `JUPYTER_PLATFORM_DIRS=1` and then run `jupyter --paths`.
2025-02-21T14:54:12.8531243Z   The use of platformdirs will be the default in `jupyter_core` v6
2025-02-21T14:54:12.8531490Z 
2025-02-21T14:54:12.8535732Z tardis/transport/montecarlo/estimators/tests/test_continuum_property_solver.py::test_continuum_estimators
2025-02-21T14:54:12.8536499Z   /home/runner/work/tardis/tardis/tardis/transport/montecarlo/montecarlo_main_loop.py:123: NumbaTypeSafetyWarning:
2025-02-21T14:54:12.8536985Z   
2025-02-21T14:54:12.8537489Z   [1m[1m[1munsafe cast from uint64 to int64. Precision may be lost.[0m[0m[0m
2025-02-21T14:54:12.8538090Z 
2025-02-21T14:54:12.8538296Z -- Docs: https://docs.pytest.org/en/stable/how-to/capture-warnings.html
2025-02-21T14:54:12.8538554Z 
2025-02-21T14:54:12.8538715Z ---------- coverage: platform linux, python 3.12.4-final-0 -----------
2025-02-21T14:54:12.8539055Z Coverage HTML written to dir coverage_html_report
2025-02-21T14:54:12.8539344Z Coverage XML written to file coverage.xml
2025-02-21T14:54:12.8539513Z 
2025-02-21T14:54:12.8539665Z ========== 2 passed, 1794 deselected, 4 warnings in 139.42s (0:02:19) ==========
2025-02-21T14:54:13.8651080Z ##[group]Run mv .coverage .coverage.3
2025-02-21T14:54:13.8651420Z [36;1mmv .coverage .coverage.3[0m
2025-02-21T14:54:13.8720190Z shell: /usr/bin/bash -l {0}
2025-02-21T14:54:13.8720439Z env:
2025-02-21T14:54:13.8720621Z   CACHE_NUMBER: 0
2025-02-21T14:54:13.8721253Z   PYTEST_FLAGS: --tardis-regression-data=/home/runner/work/tardis/tardis/tardis-regression-data --cov=tardis --cov-report=xml --cov-report=html --cov-append
2025-02-21T14:54:13.8721918Z   CODECOV_TOKEN: 
2025-02-21T14:54:13.8722146Z   MAMBA_ROOT_PREFIX: /home/runner/micromamba
2025-02-21T14:54:13.8722457Z   MAMBA_EXE: /home/runner/micromamba-bin/micromamba
2025-02-21T14:54:13.8722822Z   CONDARC: /home/runner/work/_temp/setup-micromamba/.condarc
2025-02-21T14:54:13.8723144Z ##[endgroup]
2025-02-21T14:54:13.9891043Z ##[group]Run actions/upload-artifact@v4
2025-02-21T14:54:13.9891338Z with:
2025-02-21T14:54:13.9891574Z   name: coverage--continuum-ubuntu-latest
2025-02-21T14:54:13.9891860Z   include-hidden-files: true
2025-02-21T14:54:13.9892303Z   path: .coverage*
!.coveragerc

2025-02-21T14:54:13.9892547Z   if-no-files-found: warn
2025-02-21T14:54:13.9892773Z   compression-level: 6
2025-02-21T14:54:13.9892984Z   overwrite: false
2025-02-21T14:54:13.9893185Z env:
2025-02-21T14:54:13.9893358Z   CACHE_NUMBER: 0
2025-02-21T14:54:13.9893962Z   PYTEST_FLAGS: --tardis-regression-data=/home/runner/work/tardis/tardis/tardis-regression-data --cov=tardis --cov-report=xml --cov-report=html --cov-append
2025-02-21T14:54:13.9894589Z   CODECOV_TOKEN: 
2025-02-21T14:54:13.9894815Z   MAMBA_ROOT_PREFIX: /home/runner/micromamba
2025-02-21T14:54:13.9895127Z   MAMBA_EXE: /home/runner/micromamba-bin/micromamba
2025-02-21T14:54:13.9895664Z   CONDARC: /home/runner/work/_temp/setup-micromamba/.condarc
2025-02-21T14:54:13.9896064Z ##[endgroup]
2025-02-21T14:54:14.2113057Z With the provided path, there will be 1 file uploaded
2025-02-21T14:54:14.2119809Z Artifact name is valid!
2025-02-21T14:54:14.2121026Z Root directory input is valid!
2025-02-21T14:54:14.3309526Z Beginning upload of artifact content to blob storage
2025-02-21T14:54:14.4055694Z Uploaded bytes 18415
2025-02-21T14:54:14.4266248Z Finished uploading artifact content to blob storage!
2025-02-21T14:54:14.4269822Z SHA256 hash of uploaded artifact zip is f819522cc332a6457568a805ef2b7f300a01d930b820723e03cc14ed336443e4
2025-02-21T14:54:14.4271702Z Finalizing artifact upload
2025-02-21T14:54:14.4914665Z Artifact coverage--continuum-ubuntu-latest.zip successfully finalized. Artifact ID 2630922033
2025-02-21T14:54:14.4915777Z Artifact coverage--continuum-ubuntu-latest has been successfully uploaded! Final size is 18415 bytes. Artifact ID is 2630922033
2025-02-21T14:54:14.4922785Z Artifact download URL: https://github.com/tardis-sn/tardis/actions/runs/13459256141/artifacts/2630922033
2025-02-21T14:54:14.5042189Z Post job cleanup.
2025-02-21T14:54:14.5073359Z Post job cleanup.
2025-02-21T14:54:14.6387740Z Will use pre-installed micromamba at /home/runner/micromamba-bin/micromamba
2025-02-21T14:54:14.6393639Z Removing micromamba run shell ...
2025-02-21T14:54:14.6396953Z ##[group]Deinitialize micromamba for bash
2025-02-21T14:54:14.6413775Z [command]/home/runner/micromamba-bin/micromamba shell deinit -s bash -r /home/runner/micromamba --log-level warning --rc-file /home/runner/work/_temp/setup-micromamba/.condarc
2025-02-21T14:54:14.6503748Z Resetting RC file "/home/runner/.bashrc"
2025-02-21T14:54:14.6505415Z Deleting config for root prefix 
2025-02-21T14:54:14.6506097Z Clearing mamba executable environment variable
2025-02-21T14:54:14.6507007Z Removing the following in your "/home/runner/.bashrc" file
2025-02-21T14:54:14.6507372Z # >>> mamba initialize >>>
2025-02-21T14:54:14.6507598Z ...
2025-02-21T14:54:14.6507781Z # <<< mamba initialize <<<
2025-02-21T14:54:14.6536501Z Removing mamba initialize block from .bash_profile
2025-02-21T14:54:14.6551049Z ##[endgroup]
2025-02-21T14:54:14.6555458Z Removing environment tardis from auto-activate bash ...
2025-02-21T14:54:14.6672495Z Post job cleanup.
2025-02-21T14:54:14.6709514Z Post job cleanup.
2025-02-21T14:54:14.7670917Z [command]/usr/bin/git version
2025-02-21T14:54:14.7705718Z git version 2.48.1
2025-02-21T14:54:14.7756099Z Temporarily overriding HOME='/home/runner/work/_temp/1de3256f-5847-4432-8380-c15b080ec187' before making global git config changes
2025-02-21T14:54:14.7757414Z Adding repository directory to the temporary git global config as a safe directory
2025-02-21T14:54:14.7763235Z [command]/usr/bin/git config --global --add safe.directory /home/runner/work/tardis/tardis/tardis-regression-data
2025-02-21T14:54:14.7796615Z [command]/usr/bin/git config --local --name-only --get-regexp core\.sshCommand
2025-02-21T14:54:14.7828987Z [command]/usr/bin/git submodule foreach --recursive sh -c "git config --local --name-only --get-regexp 'core\.sshCommand' && git config --local --unset-all 'core.sshCommand' || :"
2025-02-21T14:54:14.8066072Z [command]/usr/bin/git config --local --name-only --get-regexp http\.https\:\/\/github\.com\/\.extraheader
2025-02-21T14:54:14.8086952Z http.https://github.com/.extraheader
2025-02-21T14:54:14.8098899Z [command]/usr/bin/git config --local --unset-all http.https://github.com/.extraheader
2025-02-21T14:54:14.8137430Z [command]/usr/bin/git submodule foreach --recursive sh -c "git config --local --name-only --get-regexp 'http\.https\:\/\/github\.com\/\.extraheader' && git config --local --unset-all 'http.https://github.com/.extraheader' || :"
2025-02-21T14:54:14.8455251Z Post job cleanup.
2025-02-21T14:54:14.9402406Z [command]/usr/bin/git version
2025-02-21T14:54:14.9442736Z git version 2.48.1
2025-02-21T14:54:14.9487341Z Temporarily overriding HOME='/home/runner/work/_temp/875024fb-0909-463a-9c69-1d6a898dd864' before making global git config changes
2025-02-21T14:54:14.9488615Z Adding repository directory to the temporary git global config as a safe directory
2025-02-21T14:54:14.9504319Z [command]/usr/bin/git config --global --add safe.directory /home/runner/work/tardis/tardis
2025-02-21T14:54:14.9541181Z [command]/usr/bin/git config --local --name-only --get-regexp core\.sshCommand
2025-02-21T14:54:14.9575670Z [command]/usr/bin/git submodule foreach --recursive sh -c "git config --local --name-only --get-regexp 'core\.sshCommand' && git config --local --unset-all 'core.sshCommand' || :"
2025-02-21T14:54:14.9808681Z [command]/usr/bin/git config --local --name-only --get-regexp http\.https\:\/\/github\.com\/\.extraheader
2025-02-21T14:54:14.9828628Z http.https://github.com/.extraheader
2025-02-21T14:54:14.9842531Z [command]/usr/bin/git config --local --unset-all http.https://github.com/.extraheader
2025-02-21T14:54:14.9873191Z [command]/usr/bin/git submodule foreach --recursive sh -c "git config --local --name-only --get-regexp 'http\.https\:\/\/github\.com\/\.extraheader' && git config --local --unset-all 'http.https://github.com/.extraheader' || :"
2025-02-21T14:54:15.0194253Z Cleaning up orphan processes
