2025-01-03T15:04:47.8055920Z Prepare all required actions
2025-01-03T15:04:47.8057030Z Getting action download info
2025-01-03T15:04:47.9312420Z Download action repository 'actions/cache@v4' (SHA:1bd1e32a3bdc45362d1e726936510720a7c30a57)
2025-01-03T15:04:49.3907260Z ##[group]Run ./.github/actions/setup_lfs
2025-01-03T15:04:49.3907550Z with:
2025-01-03T15:04:49.3907740Z   regression-data-repo: tardis-sn/tardis-regression-data
2025-01-03T15:04:49.3907980Z env:
2025-01-03T15:04:49.3908110Z   CACHE_NUMBER: 0
2025-01-03T15:04:49.3908620Z   PYTEST_FLAGS: --tardis-regression-data=/Users/runner/work/tardis/tardis/tardis-regression-data --cov=tardis --cov-report=xml --cov-report=html --cov-append
2025-01-03T15:04:49.3909140Z   CODECOV_TOKEN: 
2025-01-03T15:04:49.3909280Z ##[endgroup]
2025-01-03T15:04:49.4017650Z ##[group]Run actions/checkout@v4
2025-01-03T15:04:49.4017870Z with:
2025-01-03T15:04:49.4018050Z   repository: tardis-sn/tardis-regression-data
2025-01-03T15:04:49.4018270Z   path: tardis-regression-data
2025-01-03T15:04:49.4018600Z   token: ***
2025-01-03T15:04:49.4018800Z   ssh-strict: true
2025-01-03T15:04:49.4018950Z   ssh-user: git
2025-01-03T15:04:49.4019090Z   persist-credentials: true
2025-01-03T15:04:49.4019290Z   clean: true
2025-01-03T15:04:49.4019440Z   sparse-checkout-cone-mode: true
2025-01-03T15:04:49.4019620Z   fetch-depth: 1
2025-01-03T15:04:49.4019750Z   fetch-tags: false
2025-01-03T15:04:49.4019890Z   show-progress: true
2025-01-03T15:04:49.4020030Z   lfs: false
2025-01-03T15:04:49.4020150Z   submodules: false
2025-01-03T15:04:49.4020300Z   set-safe-directory: true
2025-01-03T15:04:49.4020450Z env:
2025-01-03T15:04:49.4020560Z   CACHE_NUMBER: 0
2025-01-03T15:04:49.4021060Z   PYTEST_FLAGS: --tardis-regression-data=/Users/runner/work/tardis/tardis/tardis-regression-data --cov=tardis --cov-report=xml --cov-report=html --cov-append
2025-01-03T15:04:49.4021570Z   CODECOV_TOKEN: 
2025-01-03T15:04:49.4021700Z ##[endgroup]
2025-01-03T15:04:49.4854550Z Syncing repository: tardis-sn/tardis-regression-data
2025-01-03T15:04:49.4855270Z ##[group]Getting Git version info
2025-01-03T15:04:49.4855840Z Working directory is '/Users/runner/work/tardis/tardis/tardis-regression-data'
2025-01-03T15:04:49.4886470Z [command]/opt/homebrew/bin/git version
2025-01-03T15:04:49.4929230Z git version 2.47.1
2025-01-03T15:04:49.4942820Z ##[endgroup]
2025-01-03T15:04:49.4948100Z Copying '/Users/runner/.gitconfig' to '/Users/runner/work/_temp/851fa178-387a-491c-84e3-4eba8a67d867/.gitconfig'
2025-01-03T15:04:49.4954260Z Temporarily overriding HOME='/Users/runner/work/_temp/851fa178-387a-491c-84e3-4eba8a67d867' before making global git config changes
2025-01-03T15:04:49.4954910Z Adding repository directory to the temporary git global config as a safe directory
2025-01-03T15:04:49.4957620Z [command]/opt/homebrew/bin/git config --global --add safe.directory /Users/runner/work/tardis/tardis/tardis-regression-data
2025-01-03T15:04:49.4997270Z ##[group]Initializing the repository
2025-01-03T15:04:49.5000410Z [command]/opt/homebrew/bin/git init /Users/runner/work/tardis/tardis/tardis-regression-data
2025-01-03T15:04:49.5059870Z hint: Using 'master' as the name for the initial branch. This default branch name
2025-01-03T15:04:49.5060530Z hint: is subject to change. To configure the initial branch name to use in all
2025-01-03T15:04:49.5061010Z hint: of your new repositories, which will suppress this warning, call:
2025-01-03T15:04:49.5061370Z hint:
2025-01-03T15:04:49.5061590Z hint: 	git config --global init.defaultBranch <name>
2025-01-03T15:04:49.5062100Z hint:
2025-01-03T15:04:49.5062920Z hint: Names commonly chosen instead of 'master' are 'main', 'trunk' and
2025-01-03T15:04:49.5063630Z hint: 'development'. The just-created branch can be renamed via this command:
2025-01-03T15:04:49.5063950Z hint:
2025-01-03T15:04:49.5064150Z hint: 	git branch -m <name>
2025-01-03T15:04:49.5064510Z Initialized empty Git repository in /Users/runner/work/tardis/tardis/tardis-regression-data/.git/
2025-01-03T15:04:49.5068600Z [command]/opt/homebrew/bin/git remote add origin https://github.com/tardis-sn/tardis-regression-data
2025-01-03T15:04:49.5106360Z ##[endgroup]
2025-01-03T15:04:49.5106790Z ##[group]Disabling automatic garbage collection
2025-01-03T15:04:49.5108810Z [command]/opt/homebrew/bin/git config --local gc.auto 0
2025-01-03T15:04:49.5144560Z ##[endgroup]
2025-01-03T15:04:49.5144830Z ##[group]Setting up auth
2025-01-03T15:04:49.5148870Z [command]/opt/homebrew/bin/git config --local --name-only --get-regexp core\.sshCommand
2025-01-03T15:04:49.5183990Z [command]/opt/homebrew/bin/git submodule foreach --recursive sh -c "git config --local --name-only --get-regexp 'core\.sshCommand' && git config --local --unset-all 'core.sshCommand' || :"
2025-01-03T15:04:49.5620440Z [command]/opt/homebrew/bin/git config --local --name-only --get-regexp http\.https\:\/\/github\.com\/\.extraheader
2025-01-03T15:04:49.5659900Z [command]/opt/homebrew/bin/git submodule foreach --recursive sh -c "git config --local --name-only --get-regexp 'http\.https\:\/\/github\.com\/\.extraheader' && git config --local --unset-all 'http.https://github.com/.extraheader' || :"
2025-01-03T15:04:49.6263220Z [command]/opt/homebrew/bin/git config --local http.https://github.com/.extraheader AUTHORIZATION: basic ***
2025-01-03T15:04:49.6264650Z ##[endgroup]
2025-01-03T15:04:49.6265040Z ##[group]Determining the default branch
2025-01-03T15:04:49.6265400Z Retrieving the default branch name
2025-01-03T15:04:50.1227900Z Default branch 'main'
2025-01-03T15:04:50.1329530Z ##[endgroup]
2025-01-03T15:04:50.1429820Z ##[group]Fetching the repository
2025-01-03T15:04:50.1465640Z [command]/opt/homebrew/bin/git -c protocol.version=2 fetch --no-tags --prune --no-recurse-submodules --depth=1 origin +refs/heads/main:refs/remotes/origin/main
2025-01-03T15:04:51.4210260Z From https://github.com/tardis-sn/tardis-regression-data
2025-01-03T15:04:51.4211380Z  * [new branch]      main       -> origin/main
2025-01-03T15:04:51.4380310Z ##[endgroup]
2025-01-03T15:04:51.4380840Z ##[group]Determining the checkout info
2025-01-03T15:04:51.4381470Z ##[endgroup]
2025-01-03T15:04:51.4382030Z [command]/opt/homebrew/bin/git sparse-checkout disable
2025-01-03T15:04:51.4421800Z [command]/opt/homebrew/bin/git config --local --unset-all extensions.worktreeConfig
2025-01-03T15:04:51.4487350Z ##[group]Checking out the ref
2025-01-03T15:04:51.4491680Z [command]/opt/homebrew/bin/git checkout --progress --force -B main refs/remotes/origin/main
2025-01-03T15:04:51.6859130Z Switched to a new branch 'main'
2025-01-03T15:04:51.6960230Z branch 'main' set up to track 'origin/main'.
2025-01-03T15:04:51.8077900Z ##[endgroup]
2025-01-03T15:04:51.8110960Z [command]/opt/homebrew/bin/git log -1 --format=%H
2025-01-03T15:04:51.8139190Z 666ab8501c2b2aea30d05b8822e7ddbfca078d23
2025-01-03T15:04:51.8355410Z ##[group]Run git lfs ls-files -l | cut -d' ' -f1 | sort > .lfs-assets-id
2025-01-03T15:04:51.8355810Z [36;1mgit lfs ls-files -l | cut -d' ' -f1 | sort > .lfs-assets-id[0m
2025-01-03T15:04:51.8419880Z shell: /bin/bash --noprofile --norc -e -o pipefail {0}
2025-01-03T15:04:51.8420190Z env:
2025-01-03T15:04:51.8420350Z   CACHE_NUMBER: 0
2025-01-03T15:04:51.8420850Z   PYTEST_FLAGS: --tardis-regression-data=/Users/runner/work/tardis/tardis/tardis-regression-data --cov=tardis --cov-report=xml --cov-report=html --cov-append
2025-01-03T15:04:51.8421380Z   CODECOV_TOKEN: 
2025-01-03T15:04:51.8421530Z ##[endgroup]
2025-01-03T15:04:52.0754630Z ##[group]Run actions/cache/restore@v4
2025-01-03T15:04:52.0754900Z with:
2025-01-03T15:04:52.0755040Z   path: tardis-regression-data/.git/lfs
2025-01-03T15:04:52.0755400Z   key: macOS-lfs-21f9fa4b6817cc69b9fae3598144724da7828e276a73bd17f47a2a49d9af090a-v1
2025-01-03T15:04:52.0755710Z   enableCrossOsArchive: false
2025-01-03T15:04:52.0755880Z   fail-on-cache-miss: false
2025-01-03T15:04:52.0756040Z   lookup-only: false
2025-01-03T15:04:52.0756180Z env:
2025-01-03T15:04:52.0756290Z   CACHE_NUMBER: 0
2025-01-03T15:04:52.0756760Z   PYTEST_FLAGS: --tardis-regression-data=/Users/runner/work/tardis/tardis/tardis-regression-data --cov=tardis --cov-report=xml --cov-report=html --cov-append
2025-01-03T15:04:52.0757480Z   CODECOV_TOKEN: 
2025-01-03T15:04:52.0757610Z ##[endgroup]
2025-01-03T15:04:53.3038050Z Received 58720256 of 1706796060 (3.4%), 55.9 MBs/sec
2025-01-03T15:04:54.3039380Z Received 121634816 of 1706796060 (7.1%), 58.0 MBs/sec
2025-01-03T15:04:55.3042580Z Received 197132288 of 1706796060 (11.5%), 62.6 MBs/sec
2025-01-03T15:04:56.3049920Z Received 260046848 of 1706796060 (15.2%), 62.0 MBs/sec
2025-01-03T15:04:57.3051280Z Received 335544320 of 1706796060 (19.7%), 64.0 MBs/sec
2025-01-03T15:04:58.3061850Z Received 390070272 of 1706796060 (22.9%), 62.0 MBs/sec
2025-01-03T15:04:59.3061780Z Received 494927872 of 1706796060 (29.0%), 67.4 MBs/sec
2025-01-03T15:05:00.3069190Z Received 562036736 of 1706796060 (32.9%), 67.0 MBs/sec
2025-01-03T15:05:01.3241820Z Received 637534208 of 1706796060 (37.4%), 67.4 MBs/sec
2025-01-03T15:05:02.3251590Z Received 713031680 of 1706796060 (41.8%), 67.9 MBs/sec
2025-01-03T15:05:03.3263130Z Received 780140544 of 1706796060 (45.7%), 67.5 MBs/sec
2025-01-03T15:05:04.3259850Z Received 851443712 of 1706796060 (49.9%), 67.5 MBs/sec
2025-01-03T15:05:05.3268450Z Received 914358272 of 1706796060 (53.6%), 67.0 MBs/sec
2025-01-03T15:05:06.3267520Z Received 985661440 of 1706796060 (57.7%), 67.0 MBs/sec
2025-01-03T15:05:07.3274120Z Received 1052770304 of 1706796060 (61.7%), 66.8 MBs/sec
2025-01-03T15:05:08.3282610Z Received 1111490560 of 1706796060 (65.1%), 66.1 MBs/sec
2025-01-03T15:05:09.3285410Z Received 1186988032 of 1706796060 (69.5%), 66.5 MBs/sec
2025-01-03T15:05:10.3301860Z Received 1237319680 of 1706796060 (72.5%), 65.5 MBs/sec
2025-01-03T15:05:11.3319910Z Received 1304428544 of 1706796060 (76.4%), 65.4 MBs/sec
2025-01-03T15:05:12.3364260Z Received 1379926016 of 1706796060 (80.8%), 65.7 MBs/sec
2025-01-03T15:05:13.3344800Z Received 1447034880 of 1706796060 (84.8%), 65.6 MBs/sec
2025-01-03T15:05:14.3348170Z Received 1505755136 of 1706796060 (88.2%), 65.2 MBs/sec
2025-01-03T15:05:15.3355200Z Received 1568669696 of 1706796060 (91.9%), 65.0 MBs/sec
2025-01-03T15:05:16.3361230Z Received 1648361472 of 1706796060 (96.6%), 65.4 MBs/sec
2025-01-03T15:05:17.3432430Z Received 1706796060 of 1706796060 (100.0%), 65.0 MBs/sec
2025-01-03T15:05:17.4954140Z Cache Size: ~1628 MB (1706796060 B)
2025-01-03T15:05:17.5052960Z [command]/opt/homebrew/bin/gtar -xf /Users/runner/work/_temp/ad6f2419-0517-4f99-a56f-12ef71c98269/cache.tzst -P -C /Users/runner/work/tardis/tardis --delay-directory-restore --use-compress-program unzstd
2025-01-03T15:05:24.5391190Z Cache restored successfully
2025-01-03T15:05:24.6038460Z Cache restored from key: macOS-lfs-21f9fa4b6817cc69b9fae3598144724da7828e276a73bd17f47a2a49d9af090a-v1
2025-01-03T15:05:24.6329130Z ##[group]Run git lfs checkout
2025-01-03T15:05:24.6329410Z [36;1mgit lfs checkout[0m
2025-01-03T15:05:24.6420120Z shell: /bin/bash --noprofile --norc -e -o pipefail {0}
2025-01-03T15:05:24.6420550Z env:
2025-01-03T15:05:24.6420770Z   CACHE_NUMBER: 0
2025-01-03T15:05:24.6421250Z   PYTEST_FLAGS: --tardis-regression-data=/Users/runner/work/tardis/tardis/tardis-regression-data --cov=tardis --cov-report=xml --cov-report=html --cov-append
2025-01-03T15:05:24.6421850Z   CODECOV_TOKEN: 
2025-01-03T15:05:24.6422190Z ##[endgroup]
2025-01-03T15:05:32.3896760Z Checking out LFS objects: 100% (204/204), 3.5 GB | 360 MB/s, done.
