2025-01-20T13:51:04.1288245Z Prepare all required actions
2025-01-20T13:51:04.1289771Z Getting action download info
2025-01-20T13:51:04.2584289Z Download action repository 'actions/cache@v4' (SHA:1bd1e32a3bdc45362d1e726936510720a7c30a57)
2025-01-20T13:51:04.4118959Z ##[group]Run ./.github/actions/setup_lfs
2025-01-20T13:51:04.4120045Z with:
2025-01-20T13:51:04.4121003Z   regression-data-repo: tardis-sn/tardis-regression-data
2025-01-20T13:51:04.4122208Z env:
2025-01-20T13:51:04.4122970Z   CACHE_NUMBER: 0
2025-01-20T13:51:04.4125280Z   PYTEST_FLAGS: --tardis-regression-data=/home/runner/work/tardis/tardis/tardis-regression-data --cov=tardis --cov-report=xml --cov-report=html --cov-append
2025-01-20T13:51:04.4127951Z   CODECOV_TOKEN: 
2025-01-20T13:51:04.4128725Z ##[endgroup]
2025-01-20T13:51:04.4337321Z ##[group]Run actions/checkout@v4
2025-01-20T13:51:04.4338340Z with:
2025-01-20T13:51:04.4339200Z   repository: atharva-2001/tardis-regression-data
2025-01-20T13:51:04.4340379Z   path: tardis-regression-data
2025-01-20T13:51:04.4341298Z   ref: numpy_v2_2
2025-01-20T13:51:04.4342461Z   token: ***
2025-01-20T13:51:04.4343213Z   ssh-strict: true
2025-01-20T13:51:04.4343993Z   ssh-user: git
2025-01-20T13:51:04.4344782Z   persist-credentials: true
2025-01-20T13:51:04.4345668Z   clean: true
2025-01-20T13:51:04.4346614Z   sparse-checkout-cone-mode: true
2025-01-20T13:51:04.4347582Z   fetch-depth: 1
2025-01-20T13:51:04.4348359Z   fetch-tags: false
2025-01-20T13:51:04.4349159Z   show-progress: true
2025-01-20T13:51:04.4349974Z   lfs: false
2025-01-20T13:51:04.4350717Z   submodules: false
2025-01-20T13:51:04.4351531Z   set-safe-directory: true
2025-01-20T13:51:04.4352381Z env:
2025-01-20T13:51:04.4353068Z   CACHE_NUMBER: 0
2025-01-20T13:51:04.4355310Z   PYTEST_FLAGS: --tardis-regression-data=/home/runner/work/tardis/tardis/tardis-regression-data --cov=tardis --cov-report=xml --cov-report=html --cov-append
2025-01-20T13:51:04.4357836Z   CODECOV_TOKEN: 
2025-01-20T13:51:04.4358607Z ##[endgroup]
2025-01-20T13:51:04.5334075Z Syncing repository: atharva-2001/tardis-regression-data
2025-01-20T13:51:04.5340423Z ##[group]Getting Git version info
2025-01-20T13:51:04.5341975Z Working directory is '/home/runner/work/tardis/tardis/tardis-regression-data'
2025-01-20T13:51:04.5385261Z [command]/usr/bin/git version
2025-01-20T13:51:04.5430280Z git version 2.47.1
2025-01-20T13:51:04.5456409Z ##[endgroup]
2025-01-20T13:51:04.5470944Z Temporarily overriding HOME='/home/runner/work/_temp/65e3783e-8b37-4041-bb80-b7e51c24379a' before making global git config changes
2025-01-20T13:51:04.5474109Z Adding repository directory to the temporary git global config as a safe directory
2025-01-20T13:51:04.5478045Z [command]/usr/bin/git config --global --add safe.directory /home/runner/work/tardis/tardis/tardis-regression-data
2025-01-20T13:51:04.5508151Z ##[group]Initializing the repository
2025-01-20T13:51:04.5513801Z [command]/usr/bin/git init /home/runner/work/tardis/tardis/tardis-regression-data
2025-01-20T13:51:04.5557234Z hint: Using 'master' as the name for the initial branch. This default branch name
2025-01-20T13:51:04.5560664Z hint: is subject to change. To configure the initial branch name to use in all
2025-01-20T13:51:04.5563846Z hint: of your new repositories, which will suppress this warning, call:
2025-01-20T13:51:04.5566468Z hint:
2025-01-20T13:51:04.5568010Z hint: 	git config --global init.defaultBranch <name>
2025-01-20T13:51:04.5570025Z hint:
2025-01-20T13:51:04.5571965Z hint: Names commonly chosen instead of 'master' are 'main', 'trunk' and
2025-01-20T13:51:04.5575327Z hint: 'development'. The just-created branch can be renamed via this command:
2025-01-20T13:51:04.5577783Z hint:
2025-01-20T13:51:04.5578575Z hint: 	git branch -m <name>
2025-01-20T13:51:04.5580943Z Initialized empty Git repository in /home/runner/work/tardis/tardis/tardis-regression-data/.git/
2025-01-20T13:51:04.5585557Z [command]/usr/bin/git remote add origin https://github.com/atharva-2001/tardis-regression-data
2025-01-20T13:51:04.5612118Z ##[endgroup]
2025-01-20T13:51:04.5614567Z ##[group]Disabling automatic garbage collection
2025-01-20T13:51:04.5617449Z [command]/usr/bin/git config --local gc.auto 0
2025-01-20T13:51:04.5650102Z ##[endgroup]
2025-01-20T13:51:04.5652438Z ##[group]Setting up auth
2025-01-20T13:51:04.5657756Z [command]/usr/bin/git config --local --name-only --get-regexp core\.sshCommand
2025-01-20T13:51:04.5690191Z [command]/usr/bin/git submodule foreach --recursive sh -c "git config --local --name-only --get-regexp 'core\.sshCommand' && git config --local --unset-all 'core.sshCommand' || :"
2025-01-20T13:51:04.5921176Z [command]/usr/bin/git config --local --name-only --get-regexp http\.https\:\/\/github\.com\/\.extraheader
2025-01-20T13:51:04.5951509Z [command]/usr/bin/git submodule foreach --recursive sh -c "git config --local --name-only --get-regexp 'http\.https\:\/\/github\.com\/\.extraheader' && git config --local --unset-all 'http.https://github.com/.extraheader' || :"
2025-01-20T13:51:04.6191213Z [command]/usr/bin/git config --local http.https://github.com/.extraheader AUTHORIZATION: basic ***
2025-01-20T13:51:04.6232075Z ##[endgroup]
2025-01-20T13:51:04.6234238Z ##[group]Fetching the repository
2025-01-20T13:51:04.6244414Z [command]/usr/bin/git -c protocol.version=2 fetch --no-tags --prune --no-recurse-submodules --depth=1 origin +refs/heads/numpy_v2_2*:refs/remotes/origin/numpy_v2_2* +refs/tags/numpy_v2_2*:refs/tags/numpy_v2_2*
2025-01-20T13:51:05.0093196Z From https://github.com/atharva-2001/tardis-regression-data
2025-01-20T13:51:05.0094512Z  * [new branch]      numpy_v2_2 -> origin/numpy_v2_2
2025-01-20T13:51:05.0116624Z ##[endgroup]
2025-01-20T13:51:05.0117279Z ##[group]Determining the checkout info
2025-01-20T13:51:05.0124709Z [command]/usr/bin/git branch --list --remote origin/numpy_v2_2
2025-01-20T13:51:05.0151057Z   origin/numpy_v2_2
2025-01-20T13:51:05.0156175Z ##[endgroup]
2025-01-20T13:51:05.0161014Z [command]/usr/bin/git sparse-checkout disable
2025-01-20T13:51:05.0196800Z [command]/usr/bin/git config --local --unset-all extensions.worktreeConfig
2025-01-20T13:51:05.0224465Z ##[group]Checking out the ref
2025-01-20T13:51:05.0229189Z [command]/usr/bin/git checkout --progress --force -B numpy_v2_2 refs/remotes/origin/numpy_v2_2
2025-01-20T13:51:05.1469064Z Switched to a new branch 'numpy_v2_2'
2025-01-20T13:51:05.1470115Z branch 'numpy_v2_2' set up to track 'origin/numpy_v2_2'.
2025-01-20T13:51:05.1732260Z ##[endgroup]
2025-01-20T13:51:05.1771247Z [command]/usr/bin/git log -1 --format=%H
2025-01-20T13:51:05.1796633Z 1b733c351f2eb90190b8c0228dc6b4d32242ad4e
2025-01-20T13:51:05.1926803Z ##[group]Run git lfs ls-files -l | cut -d' ' -f1 | sort > .lfs-assets-id
2025-01-20T13:51:05.1927379Z [36;1mgit lfs ls-files -l | cut -d' ' -f1 | sort > .lfs-assets-id[0m
2025-01-20T13:51:05.1962058Z shell: /usr/bin/bash --noprofile --norc -e -o pipefail {0}
2025-01-20T13:51:05.1962424Z env:
2025-01-20T13:51:05.1962611Z   CACHE_NUMBER: 0
2025-01-20T13:51:05.1963235Z   PYTEST_FLAGS: --tardis-regression-data=/home/runner/work/tardis/tardis/tardis-regression-data --cov=tardis --cov-report=xml --cov-report=html --cov-append
2025-01-20T13:51:05.1963930Z   CODECOV_TOKEN: 
2025-01-20T13:51:05.1964130Z ##[endgroup]
2025-01-20T13:51:05.3520794Z ##[group]Run actions/cache/restore@v4
2025-01-20T13:51:05.3521098Z with:
2025-01-20T13:51:05.3521300Z   path: tardis-regression-data/.git/lfs
2025-01-20T13:51:05.3521734Z   key: Linux-lfs-da2b5f2a10e913c6b13843a5855aea2bb20264b467d915063c23fa8ba1af31fb-v1
2025-01-20T13:51:05.3522170Z   enableCrossOsArchive: false
2025-01-20T13:51:05.3522660Z   fail-on-cache-miss: false
2025-01-20T13:51:05.3522896Z   lookup-only: false
2025-01-20T13:51:05.3523095Z env:
2025-01-20T13:51:05.3523261Z   CACHE_NUMBER: 0
2025-01-20T13:51:05.3523891Z   PYTEST_FLAGS: --tardis-regression-data=/home/runner/work/tardis/tardis/tardis-regression-data --cov=tardis --cov-report=xml --cov-report=html --cov-append
2025-01-20T13:51:05.3524554Z   CODECOV_TOKEN: 
2025-01-20T13:51:05.3524739Z ##[endgroup]
2025-01-20T13:51:05.6123596Z Cache not found for input keys: Linux-lfs-da2b5f2a10e913c6b13843a5855aea2bb20264b467d915063c23fa8ba1af31fb-v1
2025-01-20T13:51:05.6245130Z ##[group]Run git lfs pull
2025-01-20T13:51:05.6245415Z [36;1mgit lfs pull[0m
2025-01-20T13:51:05.6273167Z shell: /usr/bin/bash --noprofile --norc -e -o pipefail {0}
2025-01-20T13:51:05.6273523Z env:
2025-01-20T13:51:05.6273704Z   CACHE_NUMBER: 0
2025-01-20T13:51:05.6274345Z   PYTEST_FLAGS: --tardis-regression-data=/home/runner/work/tardis/tardis/tardis-regression-data --cov=tardis --cov-report=xml --cov-report=html --cov-append
2025-01-20T13:51:05.6275049Z   CODECOV_TOKEN: 
2025-01-20T13:51:05.6275245Z ##[endgroup]
