2025-01-10T10:50:40.9398638Z Prepare all required actions
2025-01-10T10:50:40.9398989Z Getting action download info
2025-01-10T10:50:41.0808079Z Download action repository 'mamba-org/setup-micromamba@v1' (SHA:4b9113af4fba0e9e1124b252dd6497a419e7396d)
2025-01-10T10:50:41.2487227Z ##[group]Run ./.github/actions/setup_env
2025-01-10T10:50:41.2487504Z with:
2025-01-10T10:50:41.2487690Z   os-label: linux-64
2025-01-10T10:50:41.2487876Z env:
2025-01-10T10:50:41.2488028Z   CACHE_NUMBER: 0
2025-01-10T10:50:41.2488629Z   PYTEST_FLAGS: --tardis-regression-data=/home/runner/work/tardis/tardis/tardis-regression-data --cov=tardis --cov-report=xml --cov-report=html --cov-append
2025-01-10T10:50:41.2489266Z   CODECOV_TOKEN: 
2025-01-10T10:50:41.2489448Z ##[endgroup]
2025-01-10T10:50:41.2508423Z ##[group]Run file_hash=$(cat conda-linux-64.lock | shasum -a 256 | cut -d' ' -f1)
2025-01-10T10:50:41.2508906Z [36;1mfile_hash=$(cat conda-linux-64.lock | shasum -a 256 | cut -d' ' -f1)[0m
2025-01-10T10:50:41.2509294Z [36;1mecho "file_hash=$file_hash" >> "${GITHUB_OUTPUT}"[0m
2025-01-10T10:50:41.2534713Z shell: /usr/bin/bash --noprofile --norc -e -o pipefail {0}
2025-01-10T10:50:41.2535043Z env:
2025-01-10T10:50:41.2535208Z   CACHE_NUMBER: 0
2025-01-10T10:50:41.2535940Z   PYTEST_FLAGS: --tardis-regression-data=/home/runner/work/tardis/tardis/tardis-regression-data --cov=tardis --cov-report=xml --cov-report=html --cov-append
2025-01-10T10:50:41.2536594Z   CODECOV_TOKEN: 
2025-01-10T10:50:41.2536775Z ##[endgroup]
2025-01-10T10:50:41.3084445Z ##[group]Run mamba-org/setup-micromamba@v1
2025-01-10T10:50:41.3084708Z with:
2025-01-10T10:50:41.3084896Z   environment-file: conda-linux-64.lock
2025-01-10T10:50:41.3085311Z   cache-environment-key: d7cd390425b0fd3cf82649dcc003efba9915fb4928f15d342148c3ccffcbe2ee
2025-01-10T10:50:41.3086158Z   cache-downloads-key: d7cd390425b0fd3cf82649dcc003efba9915fb4928f15d342148c3ccffcbe2ee
2025-01-10T10:50:41.3086567Z   environment-name: tardis
2025-01-10T10:50:41.3086790Z   cache-environment: true
2025-01-10T10:50:41.3087000Z   cache-downloads: true
2025-01-10T10:50:41.3087203Z env:
2025-01-10T10:50:41.3087367Z   CACHE_NUMBER: 0
2025-01-10T10:50:41.3088152Z   PYTEST_FLAGS: --tardis-regression-data=/home/runner/work/tardis/tardis/tardis-regression-data --cov=tardis --cov-report=xml --cov-report=html --cov-append
2025-01-10T10:50:41.3088797Z   CODECOV_TOKEN: 
2025-01-10T10:50:41.3088979Z ##[endgroup]
2025-01-10T10:50:41.4418362Z Will download micromamba to /home/runner/micromamba-bin/micromamba
2025-01-10T10:50:41.4429989Z ##[group]Install micromamba
2025-01-10T10:50:41.7019173Z micromamba installed to /home/runner/micromamba-bin/micromamba
2025-01-10T10:50:41.7020035Z ##[endgroup]
2025-01-10T10:50:41.7020841Z Adding conda-forge to condarc channels ...
2025-01-10T10:50:41.7030994Z ##[group]Initialize micromamba for bash.
2025-01-10T10:50:41.7047693Z [command]/home/runner/micromamba-bin/micromamba shell init -s bash -r /home/runner/micromamba --log-level warning --rc-file /home/runner/work/_temp/setup-micromamba/.condarc
2025-01-10T10:50:41.7206166Z Modifying RC file "/home/runner/.bashrc"
2025-01-10T10:50:41.7207114Z Generating config for root prefix [1m"/home/runner/micromamba"[0m
2025-01-10T10:50:41.7208057Z Setting mamba executable to: [1m"/home/runner/micromamba-bin/micromamba"[0m
2025-01-10T10:50:41.7208818Z Adding (or replacing) the following in your "/home/runner/.bashrc" file
2025-01-10T10:50:41.7209274Z 
2025-01-10T10:50:41.7209417Z # >>> mamba initialize >>>
2025-01-10T10:50:41.7209884Z # !! Contents within this block are managed by 'mamba init' !!
2025-01-10T10:50:41.7210502Z export MAMBA_EXE='/home/runner/micromamba-bin/micromamba';
2025-01-10T10:50:41.7211128Z export MAMBA_ROOT_PREFIX='/home/runner/micromamba';
2025-01-10T10:50:41.7211903Z __mamba_setup="$("$MAMBA_EXE" shell hook --shell bash --root-prefix "$MAMBA_ROOT_PREFIX" 2> /dev/null)"
2025-01-10T10:50:41.7212654Z if [ $? -eq 0 ]; then
2025-01-10T10:50:41.7212974Z     eval "$__mamba_setup"
2025-01-10T10:50:41.7213300Z else
2025-01-10T10:50:41.7213774Z     alias micromamba="$MAMBA_EXE"  # Fallback on help from mamba activate
2025-01-10T10:50:41.7214644Z fi
2025-01-10T10:50:41.7214924Z unset __mamba_setup
2025-01-10T10:50:41.7215201Z # <<< mamba initialize <<<
2025-01-10T10:50:41.7215343Z 
2025-01-10T10:50:41.7225148Z Moving mamba initialize block to .bash_profile
2025-01-10T10:50:41.7288961Z ##[endgroup]
2025-01-10T10:50:41.7290512Z ##[group]Restoring downloads from `/home/runner/micromamba/pkgs` ...
2025-01-10T10:50:42.7967884Z Cache Size: ~340 MB (356800233 B)
2025-01-10T10:50:42.8003986Z [command]/usr/bin/tar -xf /home/runner/work/_temp/d67ddc17-8c97-47b5-9595-5cd8190d2629/cache.tzst -P -C /home/runner/work/tardis/tardis --use-compress-program unzstd
2025-01-10T10:50:42.8239981Z Received 356800233 of 356800233 (100.0%), 340.3 MBs/sec
2025-01-10T10:50:43.2491323Z Cache restored successfully
2025-01-10T10:50:43.3208548Z Restored cache with key `d7cd390425b0fd3cf82649dcc003efba9915fb4928f15d342148c3ccffcbe2ee-linux-64`
2025-01-10T10:50:43.3209908Z ##[endgroup]
2025-01-10T10:50:43.3220772Z ##[group]Restoring environment `tardis` from `/home/runner/micromamba/envs/tardis` ...
2025-01-10T10:50:44.3951583Z Received 360710144 of 444592193 (81.1%), 343.0 MBs/sec
2025-01-10T10:50:44.5600970Z Cache Size: ~424 MB (444592193 B)
2025-01-10T10:50:44.5637746Z [command]/usr/bin/tar -xf /home/runner/work/_temp/5321cb03-f409-4cd2-ba6f-3b43be196db1/cache.tzst -P -C /home/runner/work/tardis/tardis --use-compress-program unzstd
2025-01-10T10:50:45.3958250Z Received 444592193 of 444592193 (100.0%), 211.6 MBs/sec
2025-01-10T10:50:49.6302159Z Cache restored successfully
2025-01-10T10:50:49.7131282Z Restored cache with key `d7cd390425b0fd3cf82649dcc003efba9915fb4928f15d342148c3ccffcbe2ee-linux-64-tardis-args-4f53cda-root-dcc80ee-bin-[object Promise]-file-d7cd390425b0fd3cf82649dcc003efba9915fb4928f15d342148c3ccffcbe2ee`
2025-01-10T10:50:49.7133025Z ##[endgroup]
2025-01-10T10:50:49.7133410Z Adding environment tardis to auto-activate bash ...
2025-01-10T10:50:49.7144945Z Generating micromamba run shell.
2025-01-10T10:50:49.7157983Z ##[endgroup]
2025-01-10T10:50:49.7164197Z Set environment variables.
2025-01-10T10:50:49.7168606Z ##[group]micromamba info
2025-01-10T10:50:49.7172458Z [command]/home/runner/micromamba-bin/micromamba info -r /home/runner/micromamba -n tardis
2025-01-10T10:50:49.7446803Z 
2025-01-10T10:50:49.7447171Z        libmamba version : 1.5.10
2025-01-10T10:50:49.7447623Z      micromamba version : 1.5.10
2025-01-10T10:50:49.7448209Z            curl version : libcurl/8.10.1 OpenSSL/3.3.2 zlib/1.3.1 zstd/1.5.6 libssh2/1.11.0 nghttp2/1.58.0
2025-01-10T10:50:49.7448761Z      libarchive version : libarchive 3.7.4 zlib/1.2.13 bz2lib/1.0.8 libzstd/1.5.6
2025-01-10T10:50:49.7449164Z        envs directories : /home/runner/micromamba/envs
2025-01-10T10:50:49.7449487Z           package cache : /home/runner/micromamba/pkgs
2025-01-10T10:50:49.7449785Z                           /home/runner/.mamba/pkgs
2025-01-10T10:50:49.7450095Z             environment : tardis
2025-01-10T10:50:49.7450377Z            env location : /home/runner/micromamba/envs/tardis
2025-01-10T10:50:49.7450706Z       user config files : /home/runner/.mambarc
2025-01-10T10:50:49.7451111Z  populated config files : /home/runner/work/_temp/setup-micromamba/.condarc
2025-01-10T10:50:49.7451553Z        virtual packages : __unix=0=0
2025-01-10T10:50:49.7451988Z                           __linux=6.8.0=0
2025-01-10T10:50:49.7452411Z                           __glibc=2.39=0
2025-01-10T10:50:49.7452844Z                           __archspec=1=x86_64_v3
2025-01-10T10:50:49.7453420Z                channels : https://conda.anaconda.org/conda-forge/linux-64
2025-01-10T10:50:49.7454065Z                           https://conda.anaconda.org/conda-forge/noarch
2025-01-10T10:50:49.7454625Z        base environment : /home/runner/micromamba
2025-01-10T10:50:49.7455097Z                platform : linux-64
2025-01-10T10:50:49.7467858Z ##[endgroup]
2025-01-10T10:50:49.7468472Z ##[group]micromamba list
2025-01-10T10:50:49.7470278Z [command]/home/runner/micromamba-bin/micromamba list -r /home/runner/micromamba -n tardis
2025-01-10T10:50:50.1429720Z List of packages in environment: "/home/runner/micromamba/envs/tardis"
2025-01-10T10:50:50.1430573Z 
2025-01-10T10:50:50.1430898Z   Name                           Version              Build                    Channel    
2025-01-10T10:50:50.1432247Z â”€â”€â”€â”€â”€â”€â”€â”€â”€â”€â”€â”€â”€â”€â”€â”€â”€â”€â”€â”€â”€â”€â”€â”€â”€â”€â”€â”€â”€â”€â”€â”€â”€â”€â”€â”€â”€â”€â”€â”€â”€â”€â”€â”€â”€â”€â”€â”€â”€â”€â”€â”€â”€â”€â”€â”€â”€â”€â”€â”€â”€â”€â”€â”€â”€â”€â”€â”€â”€â”€â”€â”€â”€â”€â”€â”€â”€â”€â”€â”€â”€â”€â”€â”€â”€â”€â”€â”€â”€â”€â”€â”€
2025-01-10T10:50:50.1433086Z   _libgcc_mutex                  0.1                  conda_forge              conda-forge
2025-01-10T10:50:50.1433890Z   _openmp_mutex                  4.5                  2_gnu                    conda-forge
2025-01-10T10:50:50.1434666Z   alabaster                      0.7.16               pyhd8ed1ab_0             conda-forge
2025-01-10T10:50:50.1435644Z   anyio                          4.4.0                pyhd8ed1ab_0             conda-forge
2025-01-10T10:50:50.1436406Z   argon2-cffi                    23.1.0               pyhd8ed1ab_0             conda-forge
2025-01-10T10:50:50.1437304Z   argon2-cffi-bindings           21.2.0               py312h98912ed_4          conda-forge
2025-01-10T10:50:50.1438101Z   arrow                          1.3.0                pyhd8ed1ab_0             conda-forge
2025-01-10T10:50:50.1438603Z   astropy                        6.1.1                py312h085067d_0          conda-forge
2025-01-10T10:50:50.1439123Z   astropy-iers-data              0.2024.6.17.0.31.35  pyhd8ed1ab_0             conda-forge
2025-01-10T10:50:50.1439694Z   astropy-sphinx-theme           1.1                  pyhd8ed1ab_0             conda-forge
2025-01-10T10:50:50.1440210Z   asttokens                      2.4.1                pyhd8ed1ab_0             conda-forge
2025-01-10T10:50:50.1440683Z   async-lru                      2.0.4                pyhd8ed1ab_0             conda-forge
2025-01-10T10:50:50.1441134Z   atk-1.0                        2.38.0               h04ea711_2               conda-forge
2025-01-10T10:50:50.1441565Z   attrs                          23.2.0               pyh71513ae_0             conda-forge
2025-01-10T10:50:50.1442016Z   babel                          2.14.0               pyhd8ed1ab_0             conda-forge
2025-01-10T10:50:50.1442723Z   beautifulsoup4                 4.12.3               pyha770c72_0             conda-forge
2025-01-10T10:50:50.1443089Z   bleach                         6.1.0                pyhd8ed1ab_0             conda-forge
2025-01-10T10:50:50.1443448Z   blosc                          1.21.5               hc2324a3_1               conda-forge
2025-01-10T10:50:50.1443778Z   brotli                         1.1.0                hd590300_1               conda-forge
2025-01-10T10:50:50.1444119Z   brotli-bin                     1.1.0                hd590300_1               conda-forge
2025-01-10T10:50:50.1444483Z   brotli-python                  1.1.0                py312h30efb56_1          conda-forge
2025-01-10T10:50:50.1444849Z   bzip2                          1.0.8                hd590300_5               conda-forge
2025-01-10T10:50:50.1445179Z   c-ares                         1.28.1               hd590300_0               conda-forge
2025-01-10T10:50:50.1445746Z   c-blosc2                       2.14.4               hb4ffafa_1               conda-forge
2025-01-10T10:50:50.1446128Z   ca-certificates                2024.6.2             hbcca054_0               conda-forge
2025-01-10T10:50:50.1446539Z   cached-property                1.5.2                hd8ed1ab_1               conda-forge
2025-01-10T10:50:50.1446930Z   cached_property                1.5.2                pyha770c72_1             conda-forge
2025-01-10T10:50:50.1447357Z   cairo                          1.18.0               h3faef2a_0               conda-forge
2025-01-10T10:50:50.1447704Z   certifi                        2024.6.2             pyhd8ed1ab_0             conda-forge
2025-01-10T10:50:50.1448052Z   cffi                           1.16.0               py312hf06ca03_0          conda-forge
2025-01-10T10:50:50.1448453Z   charset-normalizer             3.3.2                pyhd8ed1ab_0             conda-forge
2025-01-10T10:50:50.1448997Z   click                          8.1.7                unix_pyh707e725_0        conda-forge
2025-01-10T10:50:50.1449352Z   codespell                      2.3.0                pyhd8ed1ab_0             conda-forge
2025-01-10T10:50:50.1449707Z   colorama                       0.4.6                pyhd8ed1ab_0             conda-forge
2025-01-10T10:50:50.1450040Z   comm                           0.2.2                pyhd8ed1ab_0             conda-forge
2025-01-10T10:50:50.1450377Z   commonmark                     0.9.1                py_0                     conda-forge
2025-01-10T10:50:50.1450740Z   contourpy                      1.2.1                py312h8572e83_0          conda-forge
2025-01-10T10:50:50.1451092Z   coverage                       7.5.3                py312h9a8786e_0          conda-forge
2025-01-10T10:50:50.1451440Z   cycler                         0.12.1               pyhd8ed1ab_0             conda-forge
2025-01-10T10:50:50.1451808Z   dataclasses                    0.8                  pyhc8e2a94_3             conda-forge
2025-01-10T10:50:50.1452168Z   debugpy                        1.8.1                py312h30efb56_0          conda-forge
2025-01-10T10:50:50.1452519Z   decorator                      5.1.1                pyhd8ed1ab_0             conda-forge
2025-01-10T10:50:50.1452881Z   defusedxml                     0.7.1                pyhd8ed1ab_0             conda-forge
2025-01-10T10:50:50.1453237Z   docutils                       0.20.1               py312h7900ff3_3          conda-forge
2025-01-10T10:50:50.1453584Z   dot2tex                        2.11.3               pyhd8ed1ab_0             conda-forge
2025-01-10T10:50:50.1453940Z   entrypoints                    0.4                  pyhd8ed1ab_0             conda-forge
2025-01-10T10:50:50.1454316Z   exceptiongroup                 1.2.0                pyhd8ed1ab_2             conda-forge
2025-01-10T10:50:50.1454687Z   executing                      2.0.1                pyhd8ed1ab_0             conda-forge
2025-01-10T10:50:50.1455032Z   expat                          2.6.2                h59595ed_0               conda-forge
2025-01-10T10:50:50.1455750Z   font-ttf-dejavu-sans-mono      2.37                 hab24e00_0               conda-forge
2025-01-10T10:50:50.1456196Z   font-ttf-inconsolata           3.000                h77eed37_0               conda-forge
2025-01-10T10:50:50.1456630Z   font-ttf-source-code-pro       2.038                h77eed37_0               conda-forge
2025-01-10T10:50:50.1457045Z   font-ttf-ubuntu                0.83                 h77eed37_2               conda-forge
2025-01-10T10:50:50.1457414Z   fontconfig                     2.14.2               h14ed4e7_0               conda-forge
2025-01-10T10:50:50.1457803Z   fonts-conda-ecosystem          1                    0                        conda-forge
2025-01-10T10:50:50.1458200Z   fonts-conda-forge              1                    0                        conda-forge
2025-01-10T10:50:50.1458576Z   fonttools                      4.53.0               py312h9a8786e_0          conda-forge
2025-01-10T10:50:50.1458917Z   fqdn                           1.5.1                pyhd8ed1ab_0             conda-forge
2025-01-10T10:50:50.1459250Z   freetype                       2.12.1               h267a509_2               conda-forge
2025-01-10T10:50:50.1459588Z   fribidi                        1.0.10               h36c2ea0_0               conda-forge
2025-01-10T10:50:50.1459923Z   future                         1.0.0                pyhd8ed1ab_0             conda-forge
2025-01-10T10:50:50.1460281Z   gdk-pixbuf                     2.42.12              hb9ae30d_0               conda-forge
2025-01-10T10:50:50.1460643Z   giflib                         5.2.2                hd590300_0               conda-forge
2025-01-10T10:50:50.1460983Z   git-lfs                        3.5.1                ha770c72_0               conda-forge
2025-01-10T10:50:50.1461306Z   gmp                            6.3.0                h59595ed_1               conda-forge
2025-01-10T10:50:50.1461929Z   gmpy2                          2.1.5                py312h1d5cde6_1          conda-forge
2025-01-10T10:50:50.1462371Z   graphite2                      1.3.13               h59595ed_1003            conda-forge
2025-01-10T10:50:50.1462782Z   graphviz                       11.0.0               hc68bbd7_0               conda-forge
2025-01-10T10:50:50.1463389Z   gtk2                           2.24.33              h280cfa0_4               conda-forge
2025-01-10T10:50:50.1463798Z   gts                            0.7.6                h977cf35_4               conda-forge
2025-01-10T10:50:50.1464259Z   h11                            0.14.0               pyhd8ed1ab_0             conda-forge
2025-01-10T10:50:50.1464755Z   h2                             4.1.0                pyhd8ed1ab_0             conda-forge
2025-01-10T10:50:50.1465169Z   h5py                           3.11.0               nompi_py312hb7ab980_102  conda-forge
2025-01-10T10:50:50.1465822Z   harfbuzz                       8.5.0                hfac3d4d_0               conda-forge
2025-01-10T10:50:50.1466346Z   hdf5                           1.14.3               nompi_hdf9ad27_105       conda-forge
2025-01-10T10:50:50.1467179Z   hpack                          4.0.0                pyh9f0ad1d_0             conda-forge
2025-01-10T10:50:50.1547844Z   httpcore                       1.0.5                pyhd8ed1ab_0             conda-forge
2025-01-10T10:50:50.1548499Z   httpx                          0.27.0               pyhd8ed1ab_0             conda-forge
2025-01-10T10:50:50.1549119Z   hyperframe                     6.0.1                pyhd8ed1ab_0             conda-forge
2025-01-10T10:50:50.1549707Z   icu                            73.2                 h59595ed_0               conda-forge
2025-01-10T10:50:50.1550282Z   idna                           3.7                  pyhd8ed1ab_0             conda-forge
2025-01-10T10:50:50.1550873Z   imagesize                      1.4.1                pyhd8ed1ab_0             conda-forge
2025-01-10T10:50:50.1551569Z   importlib-metadata             7.1.0                pyha770c72_0             conda-forge
2025-01-10T10:50:50.1552549Z   importlib_metadata             7.1.0                hd8ed1ab_0               conda-forge
2025-01-10T10:50:50.1553258Z   importlib_resources            6.4.0                pyhd8ed1ab_0             conda-forge
2025-01-10T10:50:50.1553930Z   iniconfig                      2.0.0                pyhd8ed1ab_0             conda-forge
2025-01-10T10:50:50.1554540Z   ipykernel                      6.29.4               pyh3099207_0             conda-forge
2025-01-10T10:50:50.1555143Z   ipython                        8.25.0               pyh707e725_0             conda-forge
2025-01-10T10:50:50.1555933Z   ipython_genutils               0.2.0                pyhd8ed1ab_1             conda-forge
2025-01-10T10:50:50.1556593Z   ipywidgets                     7.8.0                pyhd8ed1ab_0             conda-forge
2025-01-10T10:50:50.1557231Z   isoduration                    20.11.0              pyhd8ed1ab_0             conda-forge
2025-01-10T10:50:50.1557853Z   jedi                           0.19.1               pyhd8ed1ab_0             conda-forge
2025-01-10T10:50:50.1558440Z   jinja2                         3.1.4                pyhd8ed1ab_0             conda-forge
2025-01-10T10:50:50.1559021Z   json5                          0.9.25               pyhd8ed1ab_0             conda-forge
2025-01-10T10:50:50.1559625Z   jsonpointer                    3.0.0                py312h7900ff3_0          conda-forge
2025-01-10T10:50:50.1560272Z   jsonschema                     4.22.0               pyhd8ed1ab_0             conda-forge
2025-01-10T10:50:50.1561028Z   jsonschema-specifications      2023.12.1            pyhd8ed1ab_0             conda-forge
2025-01-10T10:50:50.1561896Z   jsonschema-with-format-nongpl  4.22.0               pyhd8ed1ab_0             conda-forge
2025-01-10T10:50:50.1562652Z   jupyter-lsp                    2.2.5                pyhd8ed1ab_0             conda-forge
2025-01-10T10:50:50.1563488Z   jupyter_client                 8.6.2                pyhd8ed1ab_0             conda-forge
2025-01-10T10:50:50.1564136Z   jupyter_core                   5.7.2                py312h7900ff3_0          conda-forge
2025-01-10T10:50:50.1564830Z   jupyter_events                 0.10.0               pyhd8ed1ab_0             conda-forge
2025-01-10T10:50:50.1565616Z   jupyter_server                 2.14.1               pyhd8ed1ab_0             conda-forge
2025-01-10T10:50:50.1566326Z   jupyter_server_terminals       0.5.3                pyhd8ed1ab_0             conda-forge
2025-01-10T10:50:50.1567018Z   jupyterlab                     4.2.2                pyhd8ed1ab_0             conda-forge
2025-01-10T10:50:50.1567694Z   jupyterlab_pygments            0.3.0                pyhd8ed1ab_1             conda-forge
2025-01-10T10:50:50.1568406Z   jupyterlab_server              2.27.2               pyhd8ed1ab_0             conda-forge
2025-01-10T10:50:50.1569105Z   jupyterlab_widgets             1.1.7                pyhd8ed1ab_0             conda-forge
2025-01-10T10:50:50.1569771Z   keyutils                       1.6.1                h166bdaf_0               conda-forge
2025-01-10T10:50:50.1570376Z   kiwisolver                     1.4.5                py312h8572e83_1          conda-forge
2025-01-10T10:50:50.1570952Z   krb5                           1.21.2               h659d440_0               conda-forge
2025-01-10T10:50:50.1571529Z   latexcodec                     2.0.1                pyh9f0ad1d_0             conda-forge
2025-01-10T10:50:50.1572098Z   lcms2                          2.16                 hb7c19ff_0               conda-forge
2025-01-10T10:50:50.1572648Z   ld_impl_linux-64               2.40                 hf3520f5_7               conda-forge
2025-01-10T10:50:50.1573197Z   lerc                           4.0.0                h27087fc_0               conda-forge
2025-01-10T10:50:50.1573707Z   libaec                         1.1.3                h59595ed_0               conda-forge
2025-01-10T10:50:50.1574258Z   libblas                        3.9.0                22_linux64_openblas      conda-forge
2025-01-10T10:50:50.1575005Z   libbrotlicommon                1.1.0                hd590300_1               conda-forge
2025-01-10T10:50:50.1575756Z   libbrotlidec                   1.1.0                hd590300_1               conda-forge
2025-01-10T10:50:50.1576362Z   libbrotlienc                   1.1.0                hd590300_1               conda-forge
2025-01-10T10:50:50.1576957Z   libcblas                       3.9.0                22_linux64_openblas      conda-forge
2025-01-10T10:50:50.1577519Z   libcurl                        8.8.0                hca28451_0               conda-forge
2025-01-10T10:50:50.1578090Z   libdeflate                     1.20                 hd590300_0               conda-forge
2025-01-10T10:50:50.1578681Z   libedit                        3.1.20191231         he28a2e2_2               conda-forge
2025-01-10T10:50:50.1579248Z   libev                          4.33                 hd590300_2               conda-forge
2025-01-10T10:50:50.1579804Z   libexpat                       2.6.2                h59595ed_0               conda-forge
2025-01-10T10:50:50.1580461Z   libffi                         3.4.2                h7f98852_5               conda-forge
2025-01-10T10:50:50.1581052Z   libgcc-ng                      13.2.0               h77fa898_10              conda-forge
2025-01-10T10:50:50.1581608Z   libgd                          2.3.3                h119a65a_9               conda-forge
2025-01-10T10:50:50.1582182Z   libgfortran-ng                 13.2.0               h69a702a_10              conda-forge
2025-01-10T10:50:50.1582822Z   libgfortran5                   13.2.0               h3d2ce59_10              conda-forge
2025-01-10T10:50:50.1583422Z   libglib                        2.80.2               h8a4344b_1               conda-forge
2025-01-10T10:50:50.1583995Z   libgomp                        13.2.0               h77fa898_10              conda-forge
2025-01-10T10:50:50.1584731Z   libiconv                       1.17                 hd590300_2               conda-forge
2025-01-10T10:50:50.1585338Z   libjpeg-turbo                  3.0.0                hd590300_1               conda-forge
2025-01-10T10:50:50.1586113Z   liblapack                      3.9.0                22_linux64_openblas      conda-forge
2025-01-10T10:50:50.1586730Z   libllvm14                      14.0.6               hcd5def8_4               conda-forge
2025-01-10T10:50:50.1587354Z   libnghttp2                     1.58.0               h47da74e_1               conda-forge
2025-01-10T10:50:50.1587967Z   libnsl                         2.0.1                hd590300_0               conda-forge
2025-01-10T10:50:50.1588581Z   libopenblas                    0.3.27               pthreads_h413a1c8_0      conda-forge
2025-01-10T10:50:50.1589195Z   libpng                         1.6.43               h2797004_0               conda-forge
2025-01-10T10:50:50.1589781Z   librsvg                        2.58.1               hadf69e7_0               conda-forge
2025-01-10T10:50:50.1590387Z   libsodium                      1.0.18               h36c2ea0_1               conda-forge
2025-01-10T10:50:50.1591002Z   libsqlite                      3.46.0               hde9e2c9_0               conda-forge
2025-01-10T10:50:50.1591595Z   libssh2                        1.11.0               h0841786_0               conda-forge
2025-01-10T10:50:50.1592205Z   libstdcxx-ng                   13.2.0               hc0a3c3a_10              conda-forge
2025-01-10T10:50:50.1592811Z   libtiff                        4.6.0                h1dd3fc0_3               conda-forge
2025-01-10T10:50:50.1593392Z   libuuid                        2.38.1               h0b41bf4_0               conda-forge
2025-01-10T10:50:50.1593969Z   libwebp                        1.4.0                h2c329e2_0               conda-forge
2025-01-10T10:50:50.1594575Z   libwebp-base                   1.4.0                hd590300_0               conda-forge
2025-01-10T10:50:50.1595181Z   libxcb                         1.15                 h0b41bf4_0               conda-forge
2025-01-10T10:50:50.1596058Z   libxcrypt                      4.4.36               hd590300_1               conda-forge
2025-01-10T10:50:50.1596662Z   libxml2                        2.12.7               hc051c1a_1               conda-forge
2025-01-10T10:50:50.1597246Z   libxslt                        1.1.39               h76b75d6_0               conda-forge
2025-01-10T10:50:50.1597823Z   libzlib                        1.3.1                h4ab18f5_1               conda-forge
2025-01-10T10:50:50.1598419Z   llvmlite                       0.42.0               py312hb06c811_1          conda-forge
2025-01-10T10:50:50.1599000Z   lxml                           5.2.2                py312hb90d8a5_0          conda-forge
2025-01-10T10:50:50.1599549Z   lz4-c                          1.9.4                hcb278e6_0               conda-forge
2025-01-10T10:50:50.1600098Z   lzo                            2.10                 hd590300_1001            conda-forge
2025-01-10T10:50:50.1600684Z   markupsafe                     2.1.5                py312h98912ed_0          conda-forge
2025-01-10T10:50:50.1601360Z   matplotlib-base                3.8.4                py312h20ab3a6_2          conda-forge
2025-01-10T10:50:50.1602066Z   matplotlib-inline              0.1.7                pyhd8ed1ab_0             conda-forge
2025-01-10T10:50:50.1602725Z   mistune                        3.0.2                pyhd8ed1ab_0             conda-forge
2025-01-10T10:50:50.1603290Z   mpc                            1.3.1                hfe3b2da_0               conda-forge
2025-01-10T10:50:50.1603821Z   mpfr                           4.2.1                h9458935_1               conda-forge
2025-01-10T10:50:50.1604381Z   mpmath                         1.3.0                pyhd8ed1ab_0             conda-forge
2025-01-10T10:50:50.1604960Z   munkres                        1.1.4                pyh9f0ad1d_0             conda-forge
2025-01-10T10:50:50.1605854Z   mypy_extensions                1.0.0                pyha770c72_0             conda-forge
2025-01-10T10:50:50.1606427Z   nbclassic                      1.1.0                pyhd8ed1ab_0             conda-forge
2025-01-10T10:50:50.1607009Z   nbclient                       0.10.0               pyhd8ed1ab_0             conda-forge
2025-01-10T10:50:50.1607582Z   nbconvert                      7.16.4               hd8ed1ab_1               conda-forge
2025-01-10T10:50:50.1608183Z   nbconvert-core                 7.16.4               pyhd8ed1ab_1             conda-forge
2025-01-10T10:50:50.1608837Z   nbconvert-pandoc               7.16.4               hd8ed1ab_1               conda-forge
2025-01-10T10:50:50.1609461Z   nbformat                       5.10.4               pyhd8ed1ab_0             conda-forge
2025-01-10T10:50:50.1610032Z   nbsphinx                       0.9.4                pyhd8ed1ab_0             conda-forge
2025-01-10T10:50:50.1610620Z   ncurses                        6.5                  h59595ed_0               conda-forge
2025-01-10T10:50:50.1611199Z   nest-asyncio                   1.6.0                pyhd8ed1ab_0             conda-forge
2025-01-10T10:50:50.1611802Z   networkx                       3.3                  pyhd8ed1ab_1             conda-forge
2025-01-10T10:50:50.1612353Z   nomkl                          1.0                  h5ca1d4c_0               conda-forge
2025-01-10T10:50:50.1612946Z   notebook                       7.2.1                pyhd8ed1ab_0             conda-forge
2025-01-10T10:50:50.1613532Z   notebook-shim                  0.2.4                pyhd8ed1ab_0             conda-forge
2025-01-10T10:50:50.1613956Z   numba                          0.59.1               py312hacefee8_0          conda-forge
2025-01-10T10:50:50.1614295Z   numexpr                        2.10.0               py312hf412c99_100        conda-forge
2025-01-10T10:50:50.1614640Z   numpy                          1.26.4               py312heda63a1_0          conda-forge
2025-01-10T10:50:50.1614991Z   numpydoc                       1.7.0                pyhd8ed1ab_1             conda-forge
2025-01-10T10:50:50.1615710Z   openjpeg                       2.5.2                h488ebb8_0               conda-forge
2025-01-10T10:50:50.1616062Z   openssl                        3.3.1                h4ab18f5_0               conda-forge
2025-01-10T10:50:50.1616406Z   overrides                      7.7.0                pyhd8ed1ab_0             conda-forge
2025-01-10T10:50:50.1616771Z   packaging                      24.1                 pyhd8ed1ab_0             conda-forge
2025-01-10T10:50:50.1617124Z   pandas                         2.2.2                py312h1d6d2e6_1          conda-forge
2025-01-10T10:50:50.1617446Z   pandoc                         3.2                  ha770c72_0               conda-forge
2025-01-10T10:50:50.1617799Z   pandocfilters                  1.5.0                pyhd8ed1ab_0             conda-forge
2025-01-10T10:50:50.1618149Z   pango                          1.54.0               h84a9a3c_0               conda-forge
2025-01-10T10:50:50.1618476Z   parso                          0.8.4                pyhd8ed1ab_0             conda-forge
2025-01-10T10:50:50.1618822Z   pathspec                       0.12.1               pyhd8ed1ab_0             conda-forge
2025-01-10T10:50:50.1619158Z   pbr                            6.0.0                pyhd8ed1ab_0             conda-forge
2025-01-10T10:50:50.1619491Z   pcre2                          10.44                h0f59acf_0               conda-forge
2025-01-10T10:50:50.1619824Z   pexpect                        4.9.0                pyhd8ed1ab_0             conda-forge
2025-01-10T10:50:50.1620176Z   pickleshare                    0.7.5                py_1003                  conda-forge
2025-01-10T10:50:50.1620522Z   pillow                         10.3.0               py312hdcec9eb_0          conda-forge
2025-01-10T10:50:50.1620846Z   pip                            24.0                 pyhd8ed1ab_0             conda-forge
2025-01-10T10:50:50.1621166Z   pixman                         0.43.2               h59595ed_0               conda-forge
2025-01-10T10:50:50.1621724Z   pkgutil-resolve-name           1.3.10               pyhd8ed1ab_1             conda-forge
2025-01-10T10:50:50.1622132Z   platformdirs                   4.2.2                pyhd8ed1ab_0             conda-forge
2025-01-10T10:50:50.1622491Z   plotly                         5.22.0               pyhd8ed1ab_0             conda-forge
2025-01-10T10:50:50.1622829Z   pluggy                         1.5.0                pyhd8ed1ab_0             conda-forge
2025-01-10T10:50:50.1623198Z   prometheus_client              0.20.0               pyhd8ed1ab_0             conda-forge
2025-01-10T10:50:50.1623597Z   prompt-toolkit                 3.0.47               pyha770c72_0             conda-forge
2025-01-10T10:50:50.1623964Z   psutil                         5.9.8                py312h98912ed_0          conda-forge
2025-01-10T10:50:50.1624325Z   pthread-stubs                  0.4                  h36c2ea0_1001            conda-forge
2025-01-10T10:50:50.1624711Z   ptyprocess                     0.7.0                pyhd3deb0d_0             conda-forge
2025-01-10T10:50:50.1625073Z   pure_eval                      0.2.2                pyhd8ed1ab_0             conda-forge
2025-01-10T10:50:50.1625625Z   py-cpuinfo                     9.0.0                pyhd8ed1ab_0             conda-forge
2025-01-10T10:50:50.1626134Z   pybtex                         0.24.0               pyhd8ed1ab_2             conda-forge
2025-01-10T10:50:50.1626504Z   pybtex-docutils                1.0.3                py312h7900ff3_1          conda-forge
2025-01-10T10:50:50.1626878Z   pycparser                      2.22                 pyhd8ed1ab_0             conda-forge
2025-01-10T10:50:50.1627229Z   pyerfa                         2.0.1.4              py312h085067d_1          conda-forge
2025-01-10T10:50:50.1627571Z   pygments                       2.18.0               pyhd8ed1ab_0             conda-forge
2025-01-10T10:50:50.1627931Z   pygraphviz                     1.13                 py312h4a1d8a7_1          conda-forge
2025-01-10T10:50:50.1628451Z   pyparsing                      3.1.2                pyhd8ed1ab_0             conda-forge
2025-01-10T10:50:50.1628804Z   pysocks                        1.7.1                pyha2e5f31_6             conda-forge
2025-01-10T10:50:50.1629147Z   pytables                       3.9.2                py312h96d95ec_2          conda-forge
2025-01-10T10:50:50.1629485Z   pytest                         8.2.2                pyhd8ed1ab_0             conda-forge
2025-01-10T10:50:50.1629847Z   pytest-cov                     5.0.0                pyhd8ed1ab_0             conda-forge
2025-01-10T10:50:50.1630236Z   pytest-doctestplus             1.2.1                pyhd8ed1ab_0             conda-forge
2025-01-10T10:50:50.1630628Z   pytest-html                    4.1.1                pyhd8ed1ab_0             conda-forge
2025-01-10T10:50:50.1631004Z   pytest-metadata                3.1.1                pyhd8ed1ab_0             conda-forge
2025-01-10T10:50:50.1631378Z   python                         3.12.4               h194c7f8_0_cpython       conda-forge
2025-01-10T10:50:50.1631749Z   python-dateutil                2.9.0                pyhd8ed1ab_0             conda-forge
2025-01-10T10:50:50.1632163Z   python-fastjsonschema          2.20.0               pyhd8ed1ab_0             conda-forge
2025-01-10T10:50:50.1632585Z   python-json-logger             2.0.7                pyhd8ed1ab_0             conda-forge
2025-01-10T10:50:50.1632983Z   python-tzdata                  2024.1               pyhd8ed1ab_0             conda-forge
2025-01-10T10:50:50.1633345Z   python_abi                     3.12                 4_cp312                  conda-forge
2025-01-10T10:50:50.1633684Z   pytz                           2024.1               pyhd8ed1ab_0             conda-forge
2025-01-10T10:50:50.1634016Z   pyyaml                         6.0.1                py312h98912ed_1          conda-forge
2025-01-10T10:50:50.1634350Z   pyzmq                          26.0.3               py312h8fd38d8_0          conda-forge
2025-01-10T10:50:50.1634805Z   qgrid                          1.3.1                pyhd8ed1ab_4             conda-forge
2025-01-10T10:50:50.1635175Z   radioactivedecay               0.5.1                pyhd8ed1ab_0             conda-forge
2025-01-10T10:50:50.1635717Z   readline                       8.2                  h8228510_1               conda-forge
2025-01-10T10:50:50.1636077Z   recommonmark                   0.7.1                pyhd8ed1ab_0             conda-forge
2025-01-10T10:50:50.1636445Z   referencing                    0.35.1               pyhd8ed1ab_0             conda-forge
2025-01-10T10:50:50.1636805Z   requests                       2.32.3               pyhd8ed1ab_0             conda-forge
2025-01-10T10:50:50.1637181Z   rfc3339-validator              0.1.4                pyhd8ed1ab_0             conda-forge
2025-01-10T10:50:50.1637576Z   rfc3986-validator              0.1.1                pyh9f0ad1d_0             conda-forge
2025-01-10T10:50:50.1637949Z   rpds-py                        0.18.1               py312h4413252_0          conda-forge
2025-01-10T10:50:50.1638282Z   ruff                           0.4.9                py312h5715c7c_0          conda-forge
2025-01-10T10:50:50.1638605Z   scipy                          1.13.1               py312hc2bc53b_0          conda-forge
2025-01-10T10:50:50.1638952Z   send2trash                     1.8.3                pyh0d859eb_0             conda-forge
2025-01-10T10:50:50.1639311Z   setuptools                     70.0.0               pyhd8ed1ab_0             conda-forge
2025-01-10T10:50:50.1639686Z   setuptools-scm                 8.1.0                pyhd8ed1ab_0             conda-forge
2025-01-10T10:50:50.1640069Z   setuptools_scm                 8.1.0                hd8ed1ab_0               conda-forge
2025-01-10T10:50:50.1640417Z   six                            1.16.0               pyh6c4a22f_0             conda-forge
2025-01-10T10:50:50.1640748Z   snakeviz                       2.2.0                pyhd8ed1ab_0             conda-forge
2025-01-10T10:50:50.1641093Z   snappy                         1.2.0                hdb0a2a9_1               conda-forge
2025-01-10T10:50:50.1641555Z   sniffio                        1.3.1                pyhd8ed1ab_0             conda-forge
2025-01-10T10:50:50.1641921Z   snowballstemmer                2.2.0                pyhd8ed1ab_0             conda-forge
2025-01-10T10:50:50.1642298Z   soupsieve                      2.5                  pyhd8ed1ab_1             conda-forge
2025-01-10T10:50:50.1642638Z   sphinx                         7.3.7                pyhd8ed1ab_0             conda-forge
2025-01-10T10:50:50.1643000Z   sphinx-astropy                 1.9.1                pyhd8ed1ab_0             conda-forge
2025-01-10T10:50:50.1643398Z   sphinx-automodapi              0.17.0               pyh717bed2_1             conda-forge
2025-01-10T10:50:50.1643795Z   sphinx-gallery                 0.16.0               pyhd8ed1ab_0             conda-forge
2025-01-10T10:50:50.1644198Z   sphinx-jsonschema              1.19.1               pyhd8ed1ab_0             conda-forge
2025-01-10T10:50:50.1644617Z   sphinx_bootstrap_theme         0.8.1                pyhd8ed1ab_0             conda-forge
2025-01-10T10:50:50.1645016Z   sphinx_rtd_theme               2.0.0                pyha770c72_0             conda-forge
2025-01-10T10:50:50.1645724Z   sphinxcontrib-apidoc           0.3.0                py_1                     conda-forge
2025-01-10T10:50:50.1646508Z   sphinxcontrib-applehelp        1.0.8                pyhd8ed1ab_0             conda-forge
2025-01-10T10:50:50.1647286Z   sphinxcontrib-bibtex           2.6.2                pyhd8ed1ab_0             conda-forge
2025-01-10T10:50:50.1647953Z   sphinxcontrib-devhelp          1.0.6                pyhd8ed1ab_0             conda-forge
2025-01-10T10:50:50.1648395Z   sphinxcontrib-htmlhelp         2.0.5                pyhd8ed1ab_0             conda-forge
2025-01-10T10:50:50.1648830Z   sphinxcontrib-jquery           4.1                  pyhd8ed1ab_0             conda-forge
2025-01-10T10:50:50.1649400Z   sphinxcontrib-jsmath           1.0.1                pyhd8ed1ab_0             conda-forge
2025-01-10T10:50:50.1649831Z   sphinxcontrib-qthelp           1.0.7                pyhd8ed1ab_0             conda-forge
2025-01-10T10:50:50.1650296Z   sphinxcontrib-serializinghtml  1.1.10               pyhd8ed1ab_0             conda-forge
2025-01-10T10:50:50.1650734Z   stack_data                     0.6.2                pyhd8ed1ab_0             conda-forge
2025-01-10T10:50:50.1651080Z   sympy                          1.12.1               pypyh2585a3b_103         conda-forge
2025-01-10T10:50:50.1651424Z   tabulate                       0.9.0                pyhd8ed1ab_1             conda-forge
2025-01-10T10:50:50.1651771Z   tenacity                       8.4.1                pyhd8ed1ab_0             conda-forge
2025-01-10T10:50:50.1652119Z   terminado                      0.18.1               pyh0d859eb_0             conda-forge
2025-01-10T10:50:50.1652482Z   tinycss2                       1.3.0                pyhd8ed1ab_0             conda-forge
2025-01-10T10:50:50.1652816Z   tk                             8.6.13               noxft_h4845f30_101       conda-forge
2025-01-10T10:50:50.1653131Z   toml                           0.10.2               pyhd8ed1ab_0             conda-forge
2025-01-10T10:50:50.1653459Z   tomli                          2.0.1                pyhd8ed1ab_0             conda-forge
2025-01-10T10:50:50.1653793Z   tornado                        6.4.1                py312h9a8786e_0          conda-forge
2025-01-10T10:50:50.1654125Z   tqdm                           4.66.4               pyhd8ed1ab_0             conda-forge
2025-01-10T10:50:50.1654462Z   traitlets                      5.14.3               pyhd8ed1ab_0             conda-forge
2025-01-10T10:50:50.1654820Z   typed-ast                      1.5.5                py312h98912ed_1          conda-forge
2025-01-10T10:50:50.1655230Z   types-python-dateutil          2.9.0.20240316       pyhd8ed1ab_0             conda-forge
2025-01-10T10:50:50.1655905Z   typing-extensions              4.12.2               hd8ed1ab_0               conda-forge
2025-01-10T10:50:50.1656434Z   typing_extensions              4.12.2               pyha770c72_0             conda-forge
2025-01-10T10:50:50.1656812Z   typing_utils                   0.1.0                pyhd8ed1ab_0             conda-forge
2025-01-10T10:50:50.1657164Z   tzdata                         2024a                h0c530f3_0               conda-forge
2025-01-10T10:50:50.1657521Z   uri-template                   1.3.0                pyhd8ed1ab_0             conda-forge
2025-01-10T10:50:50.1657882Z   urllib3                        2.2.2                pyhd8ed1ab_0             conda-forge
2025-01-10T10:50:50.1658222Z   wcwidth                        0.2.13               pyhd8ed1ab_0             conda-forge
2025-01-10T10:50:50.1658571Z   webcolors                      24.6.0               pyhd8ed1ab_0             conda-forge
2025-01-10T10:50:50.1658958Z   webencodings                   0.5.1                pyhd8ed1ab_2             conda-forge
2025-01-10T10:50:50.1659350Z   websocket-client               1.8.0                pyhd8ed1ab_0             conda-forge
2025-01-10T10:50:50.1659715Z   wheel                          0.43.0               pyhd8ed1ab_1             conda-forge
2025-01-10T10:50:50.1660089Z   widgetsnbextension             3.6.6                pyhd8ed1ab_0             conda-forge
2025-01-10T10:50:50.1660481Z   xorg-kbproto                   1.0.7                h7f98852_1002            conda-forge
2025-01-10T10:50:50.1660843Z   xorg-libice                    1.1.1                hd590300_0               conda-forge
2025-01-10T10:50:50.1661197Z   xorg-libsm                     1.2.4                h7391055_0               conda-forge
2025-01-10T10:50:50.1661551Z   xorg-libx11                    1.8.9                h8ee46fc_0               conda-forge
2025-01-10T10:50:50.1661909Z   xorg-libxau                    1.0.11               hd590300_0               conda-forge
2025-01-10T10:50:50.1662394Z   xorg-libxdmcp                  1.1.3                h7f98852_0               conda-forge
2025-01-10T10:50:50.1662771Z   xorg-libxext                   1.3.4                h0b41bf4_2               conda-forge
2025-01-10T10:50:50.1663145Z   xorg-libxrender                0.9.11               hd590300_0               conda-forge
2025-01-10T10:50:50.1663533Z   xorg-renderproto               0.11.1               h7f98852_1002            conda-forge
2025-01-10T10:50:50.1663917Z   xorg-xextproto                 7.3.0                h0b41bf4_1003            conda-forge
2025-01-10T10:50:50.1664283Z   xorg-xproto                    7.0.31               h7f98852_1007            conda-forge
2025-01-10T10:50:50.1664614Z   xz                             5.2.6                h166bdaf_0               conda-forge
2025-01-10T10:50:50.1664953Z   yaml                           0.2.5                h7f98852_2               conda-forge
2025-01-10T10:50:50.1665281Z   zeromq                         4.3.5                h75354e8_4               conda-forge
2025-01-10T10:50:50.1665838Z   zipp                           3.19.2               pyhd8ed1ab_0             conda-forge
2025-01-10T10:50:50.1666175Z   zlib                           1.3.1                h4ab18f5_1               conda-forge
2025-01-10T10:50:50.1666507Z   zlib-ng                        2.0.7                h0b41bf4_0               conda-forge
2025-01-10T10:50:50.1666833Z   zstd                           1.5.6                ha6fb4c9_0               conda-forge
2025-01-10T10:50:50.1667352Z ##[endgroup]
