2025-02-24T13:56:27.0508740Z Prepare all required actions
2025-02-24T13:56:27.0509710Z Getting action download info
2025-02-24T13:56:27.2666440Z ##[group]Download immutable action package 'actions/cache@v4'
2025-02-24T13:56:27.2667450Z Version: 4.2.1
2025-02-24T13:56:27.2668380Z Digest: sha256:b0404c9628d43aa6855629075b28f32cadf8efc5c26198438149f78500112940
2025-02-24T13:56:27.2669620Z Source commit SHA: 0c907a75c2c80ebcb7f088228285e798b750cf8f
2025-02-24T13:56:27.2670490Z ##[endgroup]
2025-02-24T13:56:27.6336660Z ##[group]Run ./.github/actions/setup_lfs
2025-02-24T13:56:27.6337500Z with:
2025-02-24T13:56:27.6338180Z   regression-data-repo: tardis-sn/tardis-regression-data
2025-02-24T13:56:27.6339060Z   atom-data-sparse: false
2025-02-24T13:56:27.6339680Z env:
2025-02-24T13:56:27.6340220Z   CACHE_NUMBER: 0
2025-02-24T13:56:27.6341750Z   PYTEST_FLAGS: --tardis-regression-data=/Users/runner/work/tardis/tardis/tardis-regression-data --cov=tardis --cov-report=xml --cov-report=html --cov-append
2025-02-24T13:56:27.6343640Z   CODECOV_TOKEN: ***
2025-02-24T13:56:27.6344320Z ##[endgroup]
2025-02-24T13:56:27.6514220Z ##[group]Run actions/checkout@v4
2025-02-24T13:56:27.6514940Z with:
2025-02-24T13:56:27.6515720Z   repository: tardis-sn/tardis-regression-data
2025-02-24T13:56:27.6516490Z   path: tardis-regression-data
2025-02-24T13:56:27.6517130Z   lfs: false
2025-02-24T13:56:27.6517940Z   token: ***
2025-02-24T13:56:27.6518480Z   ssh-strict: true
2025-02-24T13:56:27.6519040Z   ssh-user: git
2025-02-24T13:56:27.6519610Z   persist-credentials: true
2025-02-24T13:56:27.6520240Z   clean: true
2025-02-24T13:56:27.6520830Z   sparse-checkout-cone-mode: true
2025-02-24T13:56:27.6521490Z   fetch-depth: 1
2025-02-24T13:56:27.6522080Z   fetch-tags: false
2025-02-24T13:56:27.6522650Z   show-progress: true
2025-02-24T13:56:27.6523230Z   submodules: false
2025-02-24T13:56:27.6523810Z   set-safe-directory: true
2025-02-24T13:56:27.6524430Z env:
2025-02-24T13:56:27.6524950Z   CACHE_NUMBER: 0
2025-02-24T13:56:27.6526460Z   PYTEST_FLAGS: --tardis-regression-data=/Users/runner/work/tardis/tardis/tardis-regression-data --cov=tardis --cov-report=xml --cov-report=html --cov-append
2025-02-24T13:56:27.6528250Z   CODECOV_TOKEN: ***
2025-02-24T13:56:27.6528810Z ##[endgroup]
2025-02-24T13:56:27.7459730Z Syncing repository: tardis-sn/tardis-regression-data
2025-02-24T13:56:27.7462940Z ##[group]Getting Git version info
2025-02-24T13:56:27.7464130Z Working directory is '/Users/runner/work/tardis/tardis/tardis-regression-data'
2025-02-24T13:56:27.7502580Z [command]/opt/homebrew/bin/git version
2025-02-24T13:56:27.7572980Z git version 2.48.1
2025-02-24T13:56:27.7602920Z ##[endgroup]
2025-02-24T13:56:27.7605760Z Copying '/Users/runner/.gitconfig' to '/Users/runner/work/_temp/66e799b1-a1ba-4092-b8c1-89ac352d702c/.gitconfig'
2025-02-24T13:56:27.7637960Z Temporarily overriding HOME='/Users/runner/work/_temp/66e799b1-a1ba-4092-b8c1-89ac352d702c' before making global git config changes
2025-02-24T13:56:27.7645220Z Adding repository directory to the temporary git global config as a safe directory
2025-02-24T13:56:27.7647060Z [command]/opt/homebrew/bin/git config --global --add safe.directory /Users/runner/work/tardis/tardis/tardis-regression-data
2025-02-24T13:56:27.7702620Z ##[group]Initializing the repository
2025-02-24T13:56:27.7709780Z [command]/opt/homebrew/bin/git init /Users/runner/work/tardis/tardis/tardis-regression-data
2025-02-24T13:56:27.7811430Z hint: Using 'master' as the name for the initial branch. This default branch name
2025-02-24T13:56:27.7816780Z hint: is subject to change. To configure the initial branch name to use in all
2025-02-24T13:56:27.7819290Z hint: of your new repositories, which will suppress this warning, call:
2025-02-24T13:56:27.7820780Z hint:
2025-02-24T13:56:27.7821440Z hint: 	git config --global init.defaultBranch <name>
2025-02-24T13:56:27.7822240Z hint:
2025-02-24T13:56:27.7823000Z hint: Names commonly chosen instead of 'master' are 'main', 'trunk' and
2025-02-24T13:56:27.7824180Z hint: 'development'. The just-created branch can be renamed via this command:
2025-02-24T13:56:27.7825820Z hint:
2025-02-24T13:56:27.7826350Z hint: 	git branch -m <name>
2025-02-24T13:56:27.7827450Z Initialized empty Git repository in /Users/runner/work/tardis/tardis/tardis-regression-data/.git/
2025-02-24T13:56:27.7830020Z [command]/opt/homebrew/bin/git remote add origin https://github.com/tardis-sn/tardis-regression-data
2025-02-24T13:56:27.7901340Z ##[endgroup]
2025-02-24T13:56:27.7904810Z ##[group]Disabling automatic garbage collection
2025-02-24T13:56:27.7906640Z [command]/opt/homebrew/bin/git config --local gc.auto 0
2025-02-24T13:56:27.7967800Z ##[endgroup]
2025-02-24T13:56:27.7970110Z ##[group]Setting up auth
2025-02-24T13:56:27.7971380Z [command]/opt/homebrew/bin/git config --local --name-only --get-regexp core\.sshCommand
2025-02-24T13:56:27.8027720Z [command]/opt/homebrew/bin/git submodule foreach --recursive sh -c "git config --local --name-only --get-regexp 'core\.sshCommand' && git config --local --unset-all 'core.sshCommand' || :"
2025-02-24T13:56:27.8748610Z [command]/opt/homebrew/bin/git config --local --name-only --get-regexp http\.https\:\/\/github\.com\/\.extraheader
2025-02-24T13:56:27.8808490Z [command]/opt/homebrew/bin/git submodule foreach --recursive sh -c "git config --local --name-only --get-regexp 'http\.https\:\/\/github\.com\/\.extraheader' && git config --local --unset-all 'http.https://github.com/.extraheader' || :"
2025-02-24T13:56:27.9738520Z [command]/opt/homebrew/bin/git config --local http.https://github.com/.extraheader AUTHORIZATION: basic ***
2025-02-24T13:56:27.9776430Z ##[endgroup]
2025-02-24T13:56:27.9777850Z ##[group]Determining the default branch
2025-02-24T13:56:27.9778830Z Retrieving the default branch name
2025-02-24T13:56:28.2926600Z Default branch 'main'
2025-02-24T13:56:28.2931510Z ##[endgroup]
2025-02-24T13:56:28.2932640Z ##[group]Fetching the repository
2025-02-24T13:56:28.2952540Z [command]/opt/homebrew/bin/git -c protocol.version=2 fetch --no-tags --prune --no-recurse-submodules --depth=1 origin +refs/heads/main:refs/remotes/origin/main
2025-02-24T13:56:28.9548410Z From https://github.com/tardis-sn/tardis-regression-data
2025-02-24T13:56:28.9559630Z  * [new branch]      main       -> origin/main
2025-02-24T13:56:28.9636180Z ##[endgroup]
2025-02-24T13:56:28.9637780Z ##[group]Determining the checkout info
2025-02-24T13:56:28.9638630Z ##[endgroup]
2025-02-24T13:56:28.9639080Z [command]/opt/homebrew/bin/git sparse-checkout disable
2025-02-24T13:56:28.9706870Z [command]/opt/homebrew/bin/git config --local --unset-all extensions.worktreeConfig
2025-02-24T13:56:28.9769950Z ##[group]Checking out the ref
2025-02-24T13:56:28.9771570Z [command]/opt/homebrew/bin/git checkout --progress --force -B main refs/remotes/origin/main
2025-02-24T13:56:29.3888780Z Switched to a new branch 'main'
2025-02-24T13:56:29.3901310Z branch 'main' set up to track 'origin/main'.
2025-02-24T13:56:29.5145250Z ##[endgroup]
2025-02-24T13:56:29.5220990Z [command]/opt/homebrew/bin/git log -1 --format=%H
2025-02-24T13:56:29.5358670Z 84e768462f20f09fbccc05625cdcc1d8ffbe404c
2025-02-24T13:56:29.5548540Z ##[group]Run if [ "false" == "true" ]; then
2025-02-24T13:56:29.5548920Z [36;1mif [ "false" == "true" ]; then[0m
2025-02-24T13:56:29.5549160Z [36;1m  echo "Using atom data sparse checkout"[0m
2025-02-24T13:56:29.5549470Z [36;1m  echo "atom_data/kurucz_cd23_chianti_H_He.h5" > .lfs-files-list[0m
2025-02-24T13:56:29.5549740Z [36;1melse[0m
2025-02-24T13:56:29.5549910Z [36;1m  echo "Using full repository checkout"[0m
2025-02-24T13:56:29.5550210Z [36;1m  git lfs ls-files -l | cut -d' ' -f1 | sort > .lfs-files-list[0m
2025-02-24T13:56:29.5550510Z [36;1mfi[0m
2025-02-24T13:56:29.5762910Z shell: /bin/bash --noprofile --norc -e -o pipefail {0}
2025-02-24T13:56:29.5764330Z env:
2025-02-24T13:56:29.5764750Z   CACHE_NUMBER: 0
2025-02-24T13:56:29.5773870Z   PYTEST_FLAGS: --tardis-regression-data=/Users/runner/work/tardis/tardis/tardis-regression-data --cov=tardis --cov-report=xml --cov-report=html --cov-append
2025-02-24T13:56:29.5781480Z   CODECOV_TOKEN: ***
2025-02-24T13:56:29.5782250Z ##[endgroup]
2025-02-24T13:56:29.6150380Z Using full repository checkout
2025-02-24T13:56:29.9310240Z ##[group]Run actions/cache/restore@v4
2025-02-24T13:56:29.9310590Z with:
2025-02-24T13:56:29.9310800Z   path: tardis-regression-data/.git/lfs
2025-02-24T13:56:29.9311360Z   key: tardis-regression-full-data-c8ff2bbb6048b3f24d3f52a1e85b013ad47e52c369a6ce4cfdeff528b659b86f-tardis-sn/tardis-regression-data-v1
2025-02-24T13:56:29.9312290Z   fail-on-cache-miss: true
2025-02-24T13:56:29.9312590Z   enableCrossOsArchive: false
2025-02-24T13:56:29.9312860Z   lookup-only: false
2025-02-24T13:56:29.9313040Z env:
2025-02-24T13:56:29.9313190Z   CACHE_NUMBER: 0
2025-02-24T13:56:29.9313780Z   PYTEST_FLAGS: --tardis-regression-data=/Users/runner/work/tardis/tardis/tardis-regression-data --cov=tardis --cov-report=xml --cov-report=html --cov-append
2025-02-24T13:56:29.9314550Z   CODECOV_TOKEN: ***
2025-02-24T13:56:29.9314750Z ##[endgroup]
2025-02-24T13:56:30.3282330Z Cache hit for: tardis-regression-full-data-c8ff2bbb6048b3f24d3f52a1e85b013ad47e52c369a6ce4cfdeff528b659b86f-tardis-sn/tardis-regression-data-v1
2025-02-24T13:56:31.7539230Z Received 0 of 2161656325 (0.0%), 0.0 MBs/sec
2025-02-24T13:56:32.7558910Z Received 62914560 of 2161656325 (2.9%), 29.9 MBs/sec
2025-02-24T13:56:33.7622040Z Received 134217728 of 2161656325 (6.2%), 42.5 MBs/sec
2025-02-24T13:56:34.7650200Z Received 205520896 of 2161656325 (9.5%), 48.8 MBs/sec
2025-02-24T13:56:35.7693010Z Received 255852544 of 2161656325 (11.8%), 48.6 MBs/sec
2025-02-24T13:56:36.7701720Z Received 264241152 of 2161656325 (12.2%), 41.9 MBs/sec
2025-02-24T13:56:37.7724280Z Received 264241152 of 2161656325 (12.2%), 35.9 MBs/sec
2025-02-24T13:56:38.7735240Z Received 264241152 of 2161656325 (12.2%), 31.4 MBs/sec
2025-02-24T13:56:39.7754120Z Received 306184192 of 2161656325 (14.2%), 32.4 MBs/sec
2025-02-24T13:56:40.7767770Z Received 390070272 of 2161656325 (18.0%), 37.1 MBs/sec
2025-02-24T13:56:41.7890660Z Received 444596224 of 2161656325 (20.6%), 38.4 MBs/sec
2025-02-24T13:56:42.7887600Z Received 499122176 of 2161656325 (23.1%), 39.5 MBs/sec
2025-02-24T13:56:43.7938760Z Received 553648128 of 2161656325 (25.6%), 40.5 MBs/sec
2025-02-24T13:56:44.7903360Z Received 650117120 of 2161656325 (30.1%), 44.2 MBs/sec
2025-02-24T13:56:45.7909110Z Received 692060160 of 2161656325 (32.0%), 43.9 MBs/sec
2025-02-24T13:56:46.7925250Z Received 771751936 of 2161656325 (35.7%), 45.9 MBs/sec
2025-02-24T13:56:47.7924860Z Received 817889280 of 2161656325 (37.8%), 45.8 MBs/sec
2025-02-24T13:56:48.7934710Z Received 901775360 of 2161656325 (41.7%), 47.7 MBs/sec
2025-02-24T13:56:49.8112360Z Received 947912704 of 2161656325 (43.9%), 47.5 MBs/sec
2025-02-24T13:56:50.7967580Z Received 1019215872 of 2161656325 (47.1%), 48.5 MBs/sec
2025-02-24T13:56:51.7976150Z Received 1069547520 of 2161656325 (49.5%), 48.5 MBs/sec
2025-02-24T13:56:52.8009260Z Received 1103101952 of 2161656325 (51.0%), 47.7 MBs/sec
2025-02-24T13:56:53.8003420Z Received 1170210816 of 2161656325 (54.1%), 48.4 MBs/sec
2025-02-24T13:56:54.8026050Z Received 1207959552 of 2161656325 (55.9%), 47.9 MBs/sec
2025-02-24T13:56:55.8175660Z Received 1279262720 of 2161656325 (59.2%), 48.7 MBs/sec
2025-02-24T13:56:56.8311290Z Received 1342177280 of 2161656325 (62.1%), 49.1 MBs/sec
2025-02-24T13:56:57.8320070Z Received 1400897536 of 2161656325 (64.8%), 49.3 MBs/sec
2025-02-24T13:56:58.8351960Z Received 1472200704 of 2161656325 (68.1%), 50.0 MBs/sec
2025-02-24T13:56:59.8356670Z Received 1522532352 of 2161656325 (70.4%), 49.9 MBs/sec
2025-02-24T13:57:00.8368870Z Received 1589641216 of 2161656325 (73.5%), 50.4 MBs/sec
2025-02-24T13:57:01.8390600Z Received 1648361472 of 2161656325 (76.3%), 50.6 MBs/sec
2025-02-24T13:57:02.8429790Z Received 1719664640 of 2161656325 (79.6%), 51.1 MBs/sec
2025-02-24T13:57:03.8526360Z Received 1790967808 of 2161656325 (82.9%), 51.6 MBs/sec
2025-02-24T13:57:04.8452250Z Received 1874853888 of 2161656325 (86.7%), 52.4 MBs/sec
2025-02-24T13:57:05.8463170Z Received 1941962752 of 2161656325 (89.8%), 52.8 MBs/sec
2025-02-24T13:57:06.8499230Z Received 2009071616 of 2161656325 (92.9%), 53.1 MBs/sec
2025-02-24T13:57:07.8514350Z Received 2080374784 of 2161656325 (96.2%), 53.5 MBs/sec
2025-02-24T13:57:08.8574280Z Received 2147483648 of 2161656325 (99.3%), 53.7 MBs/sec
2025-02-24T13:57:09.4663760Z Received 2161656325 of 2161656325 (100.0%), 53.2 MBs/sec
2025-02-24T13:57:09.4670930Z Cache Size: ~2062 MB (2161656325 B)
2025-02-24T13:57:09.4927200Z [command]/opt/homebrew/bin/gtar -xf /Users/runner/work/_temp/1cf60a13-febc-4bad-bc76-0aedb983b039/cache.tzst -P -C /Users/runner/work/tardis/tardis --delay-directory-restore --use-compress-program unzstd
2025-02-24T13:57:20.2127330Z Cache restored successfully
2025-02-24T13:57:20.3495840Z Cache restored from key: tardis-regression-full-data-c8ff2bbb6048b3f24d3f52a1e85b013ad47e52c369a6ce4cfdeff528b659b86f-tardis-sn/tardis-regression-data-v1
2025-02-24T13:57:20.3632410Z ##[group]Run git lfs checkout
2025-02-24T13:57:20.3632700Z [36;1mgit lfs checkout[0m
2025-02-24T13:57:20.3707780Z shell: /bin/bash --noprofile --norc -e -o pipefail {0}
2025-02-24T13:57:20.3708210Z env:
2025-02-24T13:57:20.3708430Z   CACHE_NUMBER: 0
2025-02-24T13:57:20.3709040Z   PYTEST_FLAGS: --tardis-regression-data=/Users/runner/work/tardis/tardis/tardis-regression-data --cov=tardis --cov-report=xml --cov-report=html --cov-append
2025-02-24T13:57:20.3710070Z   CODECOV_TOKEN: ***
2025-02-24T13:57:20.3710380Z ##[endgroup]
2025-02-24T13:57:32.9084180Z Checking out LFS objects: 100% (204/204), 5.7 GB | 384 MB/s, done.
