2025-01-22T02:15:56.4243607Z Requested labels: ubuntu-latest
2025-01-22T02:15:56.4243839Z Job defined at: tardis-sn/tardis/.github/workflows/tests.yml@refs/pull/2932/merge
2025-01-22T02:15:56.4243940Z Waiting for a runner to pick up this job...
2025-01-22T02:15:57.5368705Z Job is waiting for a hosted runner to come online.
2025-01-22T02:15:59.5936810Z Job is about to start running on the hosted runner: GitHub Actions 55 (hosted)
2025-01-22T02:16:00.8706080Z Current runner version: '2.321.0'
2025-01-22T02:16:00.8734018Z ##[group]Operating System
2025-01-22T02:16:00.8734975Z Ubuntu
2025-01-22T02:16:00.8735446Z 24.04.1
2025-01-22T02:16:00.8736019Z LTS
2025-01-22T02:16:00.8736545Z ##[endgroup]
2025-01-22T02:16:00.8737042Z ##[group]Runner Image
2025-01-22T02:16:00.8737658Z Image: ubuntu-24.04
2025-01-22T02:16:00.8738204Z Version: 20250105.1.0
2025-01-22T02:16:00.8739203Z Included Software: https://github.com/actions/runner-images/blob/ubuntu24/20250105.1/images/ubuntu/Ubuntu2404-Readme.md
2025-01-22T02:16:00.8740606Z Image Release: https://github.com/actions/runner-images/releases/tag/ubuntu24%2F20250105.1
2025-01-22T02:16:00.8741525Z ##[endgroup]
2025-01-22T02:16:00.8742026Z ##[group]Runner Image Provisioner
2025-01-22T02:16:00.8742646Z 2.0.417.1
2025-01-22T02:16:00.8743145Z ##[endgroup]
2025-01-22T02:16:00.8745348Z ##[group]GITHUB_TOKEN Permissions
2025-01-22T02:16:00.8747519Z Actions: read
2025-01-22T02:16:00.8748228Z Attestations: read
2025-01-22T02:16:00.8748953Z Checks: read
2025-01-22T02:16:00.8749414Z Contents: read
2025-01-22T02:16:00.8749976Z Deployments: read
2025-01-22T02:16:00.8750510Z Discussions: read
2025-01-22T02:16:00.8751035Z Issues: read
2025-01-22T02:16:00.8751535Z Metadata: read
2025-01-22T02:16:00.8752058Z Packages: read
2025-01-22T02:16:00.8752526Z Pages: read
2025-01-22T02:16:00.8753069Z PullRequests: read
2025-01-22T02:16:00.8753629Z RepositoryProjects: read
2025-01-22T02:16:00.8754457Z SecurityEvents: read
2025-01-22T02:16:00.8755111Z Statuses: read
2025-01-22T02:16:00.8755637Z ##[endgroup]
2025-01-22T02:16:00.8758741Z Secret source: None
2025-01-22T02:16:00.8759544Z Prepare workflow directory
2025-01-22T02:16:00.9367285Z Prepare all required actions
2025-01-22T02:16:00.9403030Z Getting action download info
2025-01-22T02:16:01.0832817Z Download action repository 'actions/checkout@v4' (SHA:11bd71901bbe5b1630ceea73d27597364c9af683)
2025-01-22T02:16:01.1741007Z Download action repository 'actions/upload-artifact@v4' (SHA:65c4c4a1ddee5b72f698fdd19549f0f0fb45cf08)
2025-01-22T02:16:01.5369847Z Complete job name: not continuum ubuntu-latest 
2025-01-22T02:16:01.6023870Z ##[group]Run actions/checkout@v4
2025-01-22T02:16:01.6024945Z with:
2025-01-22T02:16:01.6025359Z   repository: tardis-sn/tardis
2025-01-22T02:16:01.6025991Z   token: ***
2025-01-22T02:16:01.6026372Z   ssh-strict: true
2025-01-22T02:16:01.6026775Z   ssh-user: git
2025-01-22T02:16:01.6027189Z   persist-credentials: true
2025-01-22T02:16:01.6027642Z   clean: true
2025-01-22T02:16:01.6028050Z   sparse-checkout-cone-mode: true
2025-01-22T02:16:01.6028535Z   fetch-depth: 1
2025-01-22T02:16:01.6028931Z   fetch-tags: false
2025-01-22T02:16:01.6029350Z   show-progress: true
2025-01-22T02:16:01.6029757Z   lfs: false
2025-01-22T02:16:01.6030134Z   submodules: false
2025-01-22T02:16:01.6030547Z   set-safe-directory: true
2025-01-22T02:16:01.6031170Z env:
2025-01-22T02:16:01.6031544Z   CACHE_NUMBER: 0
2025-01-22T02:16:01.6032666Z   PYTEST_FLAGS: --tardis-regression-data=/home/runner/work/tardis/tardis/tardis-regression-data --cov=tardis --cov-report=xml --cov-report=html --cov-append
2025-01-22T02:16:01.6033918Z   CODECOV_TOKEN: 
2025-01-22T02:16:01.6034457Z ##[endgroup]
2025-01-22T02:16:01.7934504Z Syncing repository: tardis-sn/tardis
2025-01-22T02:16:01.7936852Z ##[group]Getting Git version info
2025-01-22T02:16:01.7937960Z Working directory is '/home/runner/work/tardis/tardis'
2025-01-22T02:16:01.7938930Z [command]/usr/bin/git version
2025-01-22T02:16:01.8000819Z git version 2.47.1
2025-01-22T02:16:01.8028697Z ##[endgroup]
2025-01-22T02:16:01.8041472Z Temporarily overriding HOME='/home/runner/work/_temp/6391fd12-324c-4583-97d6-3152e4259020' before making global git config changes
2025-01-22T02:16:01.8043024Z Adding repository directory to the temporary git global config as a safe directory
2025-01-22T02:16:01.8046653Z [command]/usr/bin/git config --global --add safe.directory /home/runner/work/tardis/tardis
2025-01-22T02:16:01.8082440Z Deleting the contents of '/home/runner/work/tardis/tardis'
2025-01-22T02:16:01.8086593Z ##[group]Initializing the repository
2025-01-22T02:16:01.8091420Z [command]/usr/bin/git init /home/runner/work/tardis/tardis
2025-01-22T02:16:01.8173672Z hint: Using 'master' as the name for the initial branch. This default branch name
2025-01-22T02:16:01.8175225Z hint: is subject to change. To configure the initial branch name to use in all
2025-01-22T02:16:01.8176118Z hint: of your new repositories, which will suppress this warning, call:
2025-01-22T02:16:01.8176783Z hint:
2025-01-22T02:16:01.8177257Z hint: 	git config --global init.defaultBranch <name>
2025-01-22T02:16:01.8177844Z hint:
2025-01-22T02:16:01.8178375Z hint: Names commonly chosen instead of 'master' are 'main', 'trunk' and
2025-01-22T02:16:01.8179892Z hint: 'development'. The just-created branch can be renamed via this command:
2025-01-22T02:16:01.8180640Z hint:
2025-01-22T02:16:01.8181300Z hint: 	git branch -m <name>
2025-01-22T02:16:01.8182572Z Initialized empty Git repository in /home/runner/work/tardis/tardis/.git/
2025-01-22T02:16:01.8192508Z [command]/usr/bin/git remote add origin https://github.com/tardis-sn/tardis
2025-01-22T02:16:01.8228905Z ##[endgroup]
2025-01-22T02:16:01.8230089Z ##[group]Disabling automatic garbage collection
2025-01-22T02:16:01.8233790Z [command]/usr/bin/git config --local gc.auto 0
2025-01-22T02:16:01.8262636Z ##[endgroup]
2025-01-22T02:16:01.8263854Z ##[group]Setting up auth
2025-01-22T02:16:01.8270151Z [command]/usr/bin/git config --local --name-only --get-regexp core\.sshCommand
2025-01-22T02:16:01.8300781Z [command]/usr/bin/git submodule foreach --recursive sh -c "git config --local --name-only --get-regexp 'core\.sshCommand' && git config --local --unset-all 'core.sshCommand' || :"
2025-01-22T02:16:01.8633674Z [command]/usr/bin/git config --local --name-only --get-regexp http\.https\:\/\/github\.com\/\.extraheader
2025-01-22T02:16:01.8663121Z [command]/usr/bin/git submodule foreach --recursive sh -c "git config --local --name-only --get-regexp 'http\.https\:\/\/github\.com\/\.extraheader' && git config --local --unset-all 'http.https://github.com/.extraheader' || :"
2025-01-22T02:16:01.8918674Z [command]/usr/bin/git config --local http.https://github.com/.extraheader AUTHORIZATION: basic ***
2025-01-22T02:16:01.8963895Z ##[endgroup]
2025-01-22T02:16:01.8975700Z ##[group]Fetching the repository
2025-01-22T02:16:01.8977151Z [command]/usr/bin/git -c protocol.version=2 fetch --no-tags --prune --no-recurse-submodules --depth=1 origin +20ae6be0102d2de5bb0469f2de67a6ab8ac90c28:refs/remotes/pull/2932/merge
2025-01-22T02:16:03.0011718Z From https://github.com/tardis-sn/tardis
2025-01-22T02:16:03.0013478Z  * [new ref]         20ae6be0102d2de5bb0469f2de67a6ab8ac90c28 -> pull/2932/merge
2025-01-22T02:16:03.0038559Z ##[endgroup]
2025-01-22T02:16:03.0039824Z ##[group]Determining the checkout info
2025-01-22T02:16:03.0041397Z ##[endgroup]
2025-01-22T02:16:03.0046944Z [command]/usr/bin/git sparse-checkout disable
2025-01-22T02:16:03.0086965Z [command]/usr/bin/git config --local --unset-all extensions.worktreeConfig
2025-01-22T02:16:03.0116197Z ##[group]Checking out the ref
2025-01-22T02:16:03.0120305Z [command]/usr/bin/git checkout --progress --force refs/remotes/pull/2932/merge
2025-01-22T02:16:03.2102572Z Note: switching to 'refs/remotes/pull/2932/merge'.
2025-01-22T02:16:03.2103618Z 
2025-01-22T02:16:03.2104657Z You are in 'detached HEAD' state. You can look around, make experimental
2025-01-22T02:16:03.2105902Z changes and commit them, and you can discard any commits you make in this
2025-01-22T02:16:03.2107111Z state without impacting any branches by switching back to a branch.
2025-01-22T02:16:03.2107821Z 
2025-01-22T02:16:03.2108322Z If you want to create a new branch to retain commits you create, you may
2025-01-22T02:16:03.2109435Z do so (now or later) by using -c with the switch command. Example:
2025-01-22T02:16:03.2110082Z 
2025-01-22T02:16:03.2110394Z   git switch -c <new-branch-name>
2025-01-22T02:16:03.2110905Z 
2025-01-22T02:16:03.2111205Z Or undo this operation with:
2025-01-22T02:16:03.2111673Z 
2025-01-22T02:16:03.2112265Z   git switch -
2025-01-22T02:16:03.2112672Z 
2025-01-22T02:16:03.2113259Z Turn off this advice by setting config variable advice.detachedHead to false
2025-01-22T02:16:03.2114220Z 
2025-01-22T02:16:03.2115156Z HEAD is now at 20ae6be Merge 2ecc751e78dcf046eecd496fe6ef1d0c5f004e57 into 145a99565a5431633d6a35525ef6495ec59a9661
2025-01-22T02:16:03.2125230Z ##[endgroup]
2025-01-22T02:16:03.2166051Z [command]/usr/bin/git log -1 --format=%H
2025-01-22T02:16:03.2189748Z 20ae6be0102d2de5bb0469f2de67a6ab8ac90c28
2025-01-22T02:16:03.2533309Z Prepare all required actions
2025-01-22T02:16:03.2534840Z Getting action download info
2025-01-22T02:16:03.3584942Z Download action repository 'actions/cache@v4' (SHA:1bd1e32a3bdc45362d1e726936510720a7c30a57)
2025-01-22T02:16:03.4877549Z ##[group]Run ./.github/actions/setup_lfs
2025-01-22T02:16:03.4877867Z with:
2025-01-22T02:16:03.4878158Z   regression-data-repo: tardis-sn/tardis-regression-data
2025-01-22T02:16:03.4878502Z env:
2025-01-22T02:16:03.4878735Z   CACHE_NUMBER: 0
2025-01-22T02:16:03.4879394Z   PYTEST_FLAGS: --tardis-regression-data=/home/runner/work/tardis/tardis/tardis-regression-data --cov=tardis --cov-report=xml --cov-report=html --cov-append
2025-01-22T02:16:03.4880075Z   CODECOV_TOKEN: 
2025-01-22T02:16:03.4880286Z ##[endgroup]
2025-01-22T02:16:03.5001216Z ##[group]Run actions/checkout@v4
2025-01-22T02:16:03.5001502Z with:
2025-01-22T02:16:03.5001762Z   repository: tardis-sn/tardis-regression-data
2025-01-22T02:16:03.5002100Z   path: tardis-regression-data
2025-01-22T02:16:03.5002567Z   token: ***
2025-01-22T02:16:03.5002797Z   ssh-strict: true
2025-01-22T02:16:03.5003021Z   ssh-user: git
2025-01-22T02:16:03.5003256Z   persist-credentials: true
2025-01-22T02:16:03.5003506Z   clean: true
2025-01-22T02:16:03.5003743Z   sparse-checkout-cone-mode: true
2025-01-22T02:16:03.5004018Z   fetch-depth: 1
2025-01-22T02:16:03.5004545Z   fetch-tags: false
2025-01-22T02:16:03.5004816Z   show-progress: true
2025-01-22T02:16:03.5005054Z   lfs: false
2025-01-22T02:16:03.5005270Z   submodules: false
2025-01-22T02:16:03.5005509Z   set-safe-directory: true
2025-01-22T02:16:03.5005755Z env:
2025-01-22T02:16:03.5005949Z   CACHE_NUMBER: 0
2025-01-22T02:16:03.5006596Z   PYTEST_FLAGS: --tardis-regression-data=/home/runner/work/tardis/tardis/tardis-regression-data --cov=tardis --cov-report=xml --cov-report=html --cov-append
2025-01-22T02:16:03.5007300Z   CODECOV_TOKEN: 
2025-01-22T02:16:03.5007515Z ##[endgroup]
2025-01-22T02:16:03.5928083Z Syncing repository: tardis-sn/tardis-regression-data
2025-01-22T02:16:03.5934372Z ##[group]Getting Git version info
2025-01-22T02:16:03.5935181Z Working directory is '/home/runner/work/tardis/tardis/tardis-regression-data'
2025-01-22T02:16:03.5981917Z [command]/usr/bin/git version
2025-01-22T02:16:03.6017456Z git version 2.47.1
2025-01-22T02:16:03.6042830Z ##[endgroup]
2025-01-22T02:16:03.6055175Z Temporarily overriding HOME='/home/runner/work/_temp/a2b6134c-711c-4db9-93e8-44cefab8c9de' before making global git config changes
2025-01-22T02:16:03.6056183Z Adding repository directory to the temporary git global config as a safe directory
2025-01-22T02:16:03.6060376Z [command]/usr/bin/git config --global --add safe.directory /home/runner/work/tardis/tardis/tardis-regression-data
2025-01-22T02:16:03.6089059Z ##[group]Initializing the repository
2025-01-22T02:16:03.6093813Z [command]/usr/bin/git init /home/runner/work/tardis/tardis/tardis-regression-data
2025-01-22T02:16:03.6129827Z hint: Using 'master' as the name for the initial branch. This default branch name
2025-01-22T02:16:03.6130960Z hint: is subject to change. To configure the initial branch name to use in all
2025-01-22T02:16:03.6131936Z hint: of your new repositories, which will suppress this warning, call:
2025-01-22T02:16:03.6132632Z hint:
2025-01-22T02:16:03.6133161Z hint: 	git config --global init.defaultBranch <name>
2025-01-22T02:16:03.6133764Z hint:
2025-01-22T02:16:03.6134576Z hint: Names commonly chosen instead of 'master' are 'main', 'trunk' and
2025-01-22T02:16:03.6135579Z hint: 'development'. The just-created branch can be renamed via this command:
2025-01-22T02:16:03.6136734Z hint:
2025-01-22T02:16:03.6137180Z hint: 	git branch -m <name>
2025-01-22T02:16:03.6138172Z Initialized empty Git repository in /home/runner/work/tardis/tardis/tardis-regression-data/.git/
2025-01-22T02:16:03.6143531Z [command]/usr/bin/git remote add origin https://github.com/tardis-sn/tardis-regression-data
2025-01-22T02:16:03.6172393Z ##[endgroup]
2025-01-22T02:16:03.6173165Z ##[group]Disabling automatic garbage collection
2025-01-22T02:16:03.6178122Z [command]/usr/bin/git config --local gc.auto 0
2025-01-22T02:16:03.6205473Z ##[endgroup]
2025-01-22T02:16:03.6206227Z ##[group]Setting up auth
2025-01-22T02:16:03.6212352Z [command]/usr/bin/git config --local --name-only --get-regexp core\.sshCommand
2025-01-22T02:16:03.6241630Z [command]/usr/bin/git submodule foreach --recursive sh -c "git config --local --name-only --get-regexp 'core\.sshCommand' && git config --local --unset-all 'core.sshCommand' || :"
2025-01-22T02:16:03.6469247Z [command]/usr/bin/git config --local --name-only --get-regexp http\.https\:\/\/github\.com\/\.extraheader
2025-01-22T02:16:03.6498246Z [command]/usr/bin/git submodule foreach --recursive sh -c "git config --local --name-only --get-regexp 'http\.https\:\/\/github\.com\/\.extraheader' && git config --local --unset-all 'http.https://github.com/.extraheader' || :"
2025-01-22T02:16:03.6727435Z [command]/usr/bin/git config --local http.https://github.com/.extraheader AUTHORIZATION: basic ***
2025-01-22T02:16:03.6761627Z ##[endgroup]
2025-01-22T02:16:03.6765712Z ##[group]Determining the default branch
2025-01-22T02:16:03.6766091Z Retrieving the default branch name
2025-01-22T02:16:03.8657951Z Default branch 'main'
2025-01-22T02:16:03.8659402Z ##[endgroup]
2025-01-22T02:16:03.8661817Z ##[group]Fetching the repository
2025-01-22T02:16:03.8666928Z [command]/usr/bin/git -c protocol.version=2 fetch --no-tags --prune --no-recurse-submodules --depth=1 origin +refs/heads/main:refs/remotes/origin/main
2025-01-22T02:16:04.1543229Z From https://github.com/tardis-sn/tardis-regression-data
2025-01-22T02:16:04.1543987Z  * [new branch]      main       -> origin/main
2025-01-22T02:16:04.1567489Z ##[endgroup]
2025-01-22T02:16:04.1567961Z ##[group]Determining the checkout info
2025-01-22T02:16:04.1569347Z ##[endgroup]
2025-01-22T02:16:04.1574423Z [command]/usr/bin/git sparse-checkout disable
2025-01-22T02:16:04.1609652Z [command]/usr/bin/git config --local --unset-all extensions.worktreeConfig
2025-01-22T02:16:04.1636757Z ##[group]Checking out the ref
2025-01-22T02:16:04.1640804Z [command]/usr/bin/git checkout --progress --force -B main refs/remotes/origin/main
2025-01-22T02:16:04.2824722Z Switched to a new branch 'main'
2025-01-22T02:16:04.2827018Z branch 'main' set up to track 'origin/main'.
2025-01-22T02:16:04.3086899Z ##[endgroup]
2025-01-22T02:16:04.3127393Z [command]/usr/bin/git log -1 --format=%H
2025-01-22T02:16:04.3151491Z fa7729bc9c30e14b69acd641af8b692b56fcd416
2025-01-22T02:16:04.3298726Z ##[group]Run git lfs ls-files -l | cut -d' ' -f1 | sort > .lfs-assets-id
2025-01-22T02:16:04.3299318Z [36;1mgit lfs ls-files -l | cut -d' ' -f1 | sort > .lfs-assets-id[0m
2025-01-22T02:16:04.3330543Z shell: /usr/bin/bash --noprofile --norc -e -o pipefail {0}
2025-01-22T02:16:04.3330928Z env:
2025-01-22T02:16:04.3331137Z   CACHE_NUMBER: 0
2025-01-22T02:16:04.3331796Z   PYTEST_FLAGS: --tardis-regression-data=/home/runner/work/tardis/tardis/tardis-regression-data --cov=tardis --cov-report=xml --cov-report=html --cov-append
2025-01-22T02:16:04.3332502Z   CODECOV_TOKEN: 
2025-01-22T02:16:04.3332728Z ##[endgroup]
2025-01-22T02:16:04.4803623Z ##[group]Run actions/cache/restore@v4
2025-01-22T02:16:04.4803972Z with:
2025-01-22T02:16:04.4804578Z   path: tardis-regression-data/.git/lfs
2025-01-22T02:16:04.4805098Z   key: Linux-lfs-21f9fa4b6817cc69b9fae3598144724da7828e276a73bd17f47a2a49d9af090a-v1
2025-01-22T02:16:04.4805583Z   enableCrossOsArchive: false
2025-01-22T02:16:04.4805868Z   fail-on-cache-miss: false
2025-01-22T02:16:04.4806404Z   lookup-only: false
2025-01-22T02:16:04.4806641Z env:
2025-01-22T02:16:04.4806845Z   CACHE_NUMBER: 0
2025-01-22T02:16:04.4807513Z   PYTEST_FLAGS: --tardis-regression-data=/home/runner/work/tardis/tardis/tardis-regression-data --cov=tardis --cov-report=xml --cov-report=html --cov-append
2025-01-22T02:16:04.4808238Z   CODECOV_TOKEN: 
2025-01-22T02:16:04.4808464Z ##[endgroup]
2025-01-22T02:16:05.7627275Z Received 327155712 of 1708418946 (19.1%), 312.0 MBs/sec
2025-01-22T02:16:06.7642411Z Received 734003200 of 1708418946 (43.0%), 349.8 MBs/sec
2025-01-22T02:16:07.7648582Z Received 1111490560 of 1708418946 (65.1%), 353.1 MBs/sec
2025-01-22T02:16:08.7651430Z Received 1442840576 of 1708418946 (84.5%), 343.8 MBs/sec
2025-01-22T02:16:09.6223763Z Cache Size: ~1629 MB (1708418946 B)
2025-01-22T02:16:09.6267147Z [command]/usr/bin/tar -xf /home/runner/work/_temp/e05dd648-5e85-4923-b7dd-77c756f80029/cache.tzst -P -C /home/runner/work/tardis/tardis --use-compress-program unzstd
2025-01-22T02:16:09.7675238Z Received 1708418946 of 1708418946 (100.0%), 325.7 MBs/sec
2025-01-22T02:16:16.0256096Z Cache restored successfully
2025-01-22T02:16:16.3545508Z Cache restored from key: Linux-lfs-21f9fa4b6817cc69b9fae3598144724da7828e276a73bd17f47a2a49d9af090a-v1
2025-01-22T02:16:16.3717820Z ##[group]Run git lfs checkout
2025-01-22T02:16:16.3718076Z [36;1mgit lfs checkout[0m
2025-01-22T02:16:16.3745933Z shell: /usr/bin/bash --noprofile --norc -e -o pipefail {0}
2025-01-22T02:16:16.3746243Z env:
2025-01-22T02:16:16.3746409Z   CACHE_NUMBER: 0
2025-01-22T02:16:16.3747013Z   PYTEST_FLAGS: --tardis-regression-data=/home/runner/work/tardis/tardis/tardis-regression-data --cov=tardis --cov-report=xml --cov-report=html --cov-append
2025-01-22T02:16:16.3747675Z   CODECOV_TOKEN: 
2025-01-22T02:16:16.3747854Z ##[endgroup]
2025-01-22T02:16:26.9052235Z Checking out LFS objects: 100% (204/204), 3.5 GB | 334 MB/s, done.
2025-01-22T02:16:30.3160455Z Prepare all required actions
2025-01-22T02:16:30.3160802Z Getting action download info
2025-01-22T02:16:30.4185883Z Download action repository 'mamba-org/setup-micromamba@v1' (SHA:4b9113af4fba0e9e1124b252dd6497a419e7396d)
2025-01-22T02:16:30.6301559Z ##[group]Run ./.github/actions/setup_env
2025-01-22T02:16:30.6301821Z with:
2025-01-22T02:16:30.6301995Z   os-label: linux-64
2025-01-22T02:16:30.6302175Z env:
2025-01-22T02:16:30.6302329Z   CACHE_NUMBER: 0
2025-01-22T02:16:30.6302918Z   PYTEST_FLAGS: --tardis-regression-data=/home/runner/work/tardis/tardis/tardis-regression-data --cov=tardis --cov-report=xml --cov-report=html --cov-append
2025-01-22T02:16:30.6303584Z   CODECOV_TOKEN: 
2025-01-22T02:16:30.6303760Z ##[endgroup]
2025-01-22T02:16:30.6324501Z ##[group]Run file_hash=$(cat conda-linux-64.lock | shasum -a 256 | cut -d' ' -f1)
2025-01-22T02:16:30.6324996Z [36;1mfile_hash=$(cat conda-linux-64.lock | shasum -a 256 | cut -d' ' -f1)[0m
2025-01-22T02:16:30.6325422Z [36;1mecho "file_hash=$file_hash" >> "${GITHUB_OUTPUT}"[0m
2025-01-22T02:16:30.6351245Z shell: /usr/bin/bash --noprofile --norc -e -o pipefail {0}
2025-01-22T02:16:30.6351567Z env:
2025-01-22T02:16:30.6351725Z   CACHE_NUMBER: 0
2025-01-22T02:16:30.6352307Z   PYTEST_FLAGS: --tardis-regression-data=/home/runner/work/tardis/tardis/tardis-regression-data --cov=tardis --cov-report=xml --cov-report=html --cov-append
2025-01-22T02:16:30.6352944Z   CODECOV_TOKEN: 
2025-01-22T02:16:30.6353119Z ##[endgroup]
2025-01-22T02:16:30.6654328Z ##[group]Run mamba-org/setup-micromamba@v1
2025-01-22T02:16:30.6654635Z with:
2025-01-22T02:16:30.6654823Z   environment-file: conda-linux-64.lock
2025-01-22T02:16:30.6655239Z   cache-environment-key: d7cd390425b0fd3cf82649dcc003efba9915fb4928f15d342148c3ccffcbe2ee
2025-01-22T02:16:30.6655795Z   cache-downloads-key: d7cd390425b0fd3cf82649dcc003efba9915fb4928f15d342148c3ccffcbe2ee
2025-01-22T02:16:30.6656188Z   environment-name: tardis
2025-01-22T02:16:30.6656401Z   cache-environment: true
2025-01-22T02:16:30.6656617Z   cache-downloads: true
2025-01-22T02:16:30.6656811Z env:
2025-01-22T02:16:30.6656966Z   CACHE_NUMBER: 0
2025-01-22T02:16:30.6657736Z   PYTEST_FLAGS: --tardis-regression-data=/home/runner/work/tardis/tardis/tardis-regression-data --cov=tardis --cov-report=xml --cov-report=html --cov-append
2025-01-22T02:16:30.6658377Z   CODECOV_TOKEN: 
2025-01-22T02:16:30.6658559Z ##[endgroup]
2025-01-22T02:16:30.7990898Z Will download micromamba to /home/runner/micromamba-bin/micromamba
2025-01-22T02:16:30.8001723Z ##[group]Install micromamba
2025-01-22T02:16:35.6168707Z micromamba installed to /home/runner/micromamba-bin/micromamba
2025-01-22T02:16:35.6169820Z ##[endgroup]
2025-01-22T02:16:35.6170898Z Adding conda-forge to condarc channels ...
2025-01-22T02:16:35.6180953Z ##[group]Initialize micromamba for bash.
2025-01-22T02:16:35.6197545Z [command]/home/runner/micromamba-bin/micromamba shell init -s bash -r /home/runner/micromamba --log-level warning --rc-file /home/runner/work/_temp/setup-micromamba/.condarc
2025-01-22T02:16:35.6305001Z Modifying RC file "/home/runner/.bashrc"
2025-01-22T02:16:35.6306286Z Generating config for root prefix [1m"/home/runner/micromamba"[0m
2025-01-22T02:16:35.6307504Z Setting mamba executable to: [1m"/home/runner/micromamba-bin/micromamba"[0m
2025-01-22T02:16:35.6309222Z Adding (or replacing) the following in your "/home/runner/.bashrc" file
2025-01-22T02:16:35.6309681Z 
2025-01-22T02:16:35.6309813Z # >>> mamba initialize >>>
2025-01-22T02:16:35.6310317Z # !! Contents within this block are managed by 'mamba init' !!
2025-01-22T02:16:35.6310967Z export MAMBA_EXE='/home/runner/micromamba-bin/micromamba';
2025-01-22T02:16:35.6311600Z export MAMBA_ROOT_PREFIX='/home/runner/micromamba';
2025-01-22T02:16:35.6312397Z __mamba_setup="$("$MAMBA_EXE" shell hook --shell bash --root-prefix "$MAMBA_ROOT_PREFIX" 2> /dev/null)"
2025-01-22T02:16:35.6313169Z if [ $? -eq 0 ]; then
2025-01-22T02:16:35.6313516Z     eval "$__mamba_setup"
2025-01-22T02:16:35.6313872Z else
2025-01-22T02:16:35.6315031Z     alias micromamba="$MAMBA_EXE"  # Fallback on help from mamba activate
2025-01-22T02:16:35.6315650Z fi
2025-01-22T02:16:35.6315931Z unset __mamba_setup
2025-01-22T02:16:35.6316268Z # <<< mamba initialize <<<
2025-01-22T02:16:35.6316499Z 
2025-01-22T02:16:35.6324046Z Moving mamba initialize block to .bash_profile
2025-01-22T02:16:35.6336368Z ##[endgroup]
2025-01-22T02:16:35.6338582Z ##[group]Restoring downloads from `/home/runner/micromamba/pkgs` ...
2025-01-22T02:16:36.7465554Z Received 322961408 of 356800233 (90.5%), 307.4 MBs/sec
2025-01-22T02:16:36.8466669Z Cache Size: ~340 MB (356800233 B)
2025-01-22T02:16:36.8504790Z [command]/usr/bin/tar -xf /home/runner/work/_temp/e62a70a9-7b92-46f5-b21d-5585023e8b7e/cache.tzst -P -C /home/runner/work/tardis/tardis --use-compress-program unzstd
2025-01-22T02:16:37.2930701Z Cache restored successfully
2025-01-22T02:16:37.3657737Z Restored cache with key `d7cd390425b0fd3cf82649dcc003efba9915fb4928f15d342148c3ccffcbe2ee-linux-64`
2025-01-22T02:16:37.3659277Z ##[endgroup]
2025-01-22T02:16:37.3670021Z ##[group]Restoring environment `tardis` from `/home/runner/micromamba/envs/tardis` ...
2025-01-22T02:16:37.7495804Z Received 356800233 of 356800233 (100.0%), 169.7 MBs/sec
2025-01-22T02:16:38.4353550Z Received 297795584 of 444592193 (67.0%), 283.7 MBs/sec
2025-01-22T02:16:38.8845516Z Cache Size: ~424 MB (444592193 B)
2025-01-22T02:16:38.8882113Z [command]/usr/bin/tar -xf /home/runner/work/_temp/e906b0a8-6787-40b3-9159-6b2e78d592b6/cache.tzst -P -C /home/runner/work/tardis/tardis --use-compress-program unzstd
2025-01-22T02:16:39.4350000Z Received 444592193 of 444592193 (100.0%), 211.9 MBs/sec
2025-01-22T02:16:44.3718169Z Cache restored successfully
2025-01-22T02:16:44.4464413Z Restored cache with key `d7cd390425b0fd3cf82649dcc003efba9915fb4928f15d342148c3ccffcbe2ee-linux-64-tardis-args-4f53cda-root-dcc80ee-bin-[object Promise]-file-d7cd390425b0fd3cf82649dcc003efba9915fb4928f15d342148c3ccffcbe2ee`
2025-01-22T02:16:44.4465991Z ##[endgroup]
2025-01-22T02:16:44.4466259Z Adding environment tardis to auto-activate bash ...
2025-01-22T02:16:44.4476264Z Generating micromamba run shell.
2025-01-22T02:16:44.4486246Z ##[endgroup]
2025-01-22T02:16:44.4490753Z Set environment variables.
2025-01-22T02:16:44.4494398Z ##[group]micromamba info
2025-01-22T02:16:44.4497685Z [command]/home/runner/micromamba-bin/micromamba info -r /home/runner/micromamba -n tardis
2025-01-22T02:16:44.4728075Z 
2025-01-22T02:16:44.4728732Z        libmamba version : 1.5.10
2025-01-22T02:16:44.4729445Z      micromamba version : 1.5.10
2025-01-22T02:16:44.4730120Z            curl version : libcurl/8.10.1 OpenSSL/3.3.2 zlib/1.3.1 zstd/1.5.6 libssh2/1.11.0 nghttp2/1.58.0
2025-01-22T02:16:44.4730975Z      libarchive version : libarchive 3.7.4 zlib/1.2.13 bz2lib/1.0.8 libzstd/1.5.6
2025-01-22T02:16:44.4731382Z        envs directories : /home/runner/micromamba/envs
2025-01-22T02:16:44.4731704Z           package cache : /home/runner/micromamba/pkgs
2025-01-22T02:16:44.4732010Z                           /home/runner/.mamba/pkgs
2025-01-22T02:16:44.4732278Z             environment : tardis
2025-01-22T02:16:44.4732559Z            env location : /home/runner/micromamba/envs/tardis
2025-01-22T02:16:44.4732875Z       user config files : /home/runner/.mambarc
2025-01-22T02:16:44.4733257Z  populated config files : /home/runner/work/_temp/setup-micromamba/.condarc
2025-01-22T02:16:44.4733620Z        virtual packages : __unix=0=0
2025-01-22T02:16:44.4733937Z                           __linux=6.8.0=0
2025-01-22T02:16:44.4734458Z                           __glibc=2.39=0
2025-01-22T02:16:44.4734717Z                           __archspec=1=x86_64_v3
2025-01-22T02:16:44.4735077Z                channels : https://conda.anaconda.org/conda-forge/linux-64
2025-01-22T02:16:44.4735458Z                           https://conda.anaconda.org/conda-forge/noarch
2025-01-22T02:16:44.4735769Z        base environment : /home/runner/micromamba
2025-01-22T02:16:44.4736035Z                platform : linux-64
2025-01-22T02:16:44.4743593Z ##[endgroup]
2025-01-22T02:16:44.4744630Z ##[group]micromamba list
2025-01-22T02:16:44.4745650Z [command]/home/runner/micromamba-bin/micromamba list -r /home/runner/micromamba -n tardis
2025-01-22T02:16:44.8612467Z List of packages in environment: "/home/runner/micromamba/envs/tardis"
2025-01-22T02:16:44.8613016Z 
2025-01-22T02:16:44.8613260Z   Name                           Version              Build                    Channel    
2025-01-22T02:16:44.8614433Z ────────────────────────────────────────────────────────────────────────────────────────────
2025-01-22T02:16:44.8615259Z   _libgcc_mutex                  0.1                  conda_forge              conda-forge
2025-01-22T02:16:44.8616241Z   _openmp_mutex                  4.5                  2_gnu                    conda-forge
2025-01-22T02:16:44.8617023Z   alabaster                      0.7.16               pyhd8ed1ab_0             conda-forge
2025-01-22T02:16:44.8617795Z   anyio                          4.4.0                pyhd8ed1ab_0             conda-forge
2025-01-22T02:16:44.8618527Z   argon2-cffi                    23.1.0               pyhd8ed1ab_0             conda-forge
2025-01-22T02:16:44.8619373Z   argon2-cffi-bindings           21.2.0               py312h98912ed_4          conda-forge
2025-01-22T02:16:44.8620184Z   arrow                          1.3.0                pyhd8ed1ab_0             conda-forge
2025-01-22T02:16:44.8620925Z   astropy                        6.1.1                py312h085067d_0          conda-forge
2025-01-22T02:16:44.8621842Z   astropy-iers-data              0.2024.6.17.0.31.35  pyhd8ed1ab_0             conda-forge
2025-01-22T02:16:44.8622694Z   astropy-sphinx-theme           1.1                  pyhd8ed1ab_0             conda-forge
2025-01-22T02:16:44.8623531Z   asttokens                      2.4.1                pyhd8ed1ab_0             conda-forge
2025-01-22T02:16:44.8624462Z   async-lru                      2.0.4                pyhd8ed1ab_0             conda-forge
2025-01-22T02:16:44.8625148Z   atk-1.0                        2.38.0               h04ea711_2               conda-forge
2025-01-22T02:16:44.8625881Z   attrs                          23.2.0               pyh71513ae_0             conda-forge
2025-01-22T02:16:44.8626887Z   babel                          2.14.0               pyhd8ed1ab_0             conda-forge
2025-01-22T02:16:44.8651795Z   beautifulsoup4                 4.12.3               pyha770c72_0             conda-forge
2025-01-22T02:16:44.8652708Z   bleach                         6.1.0                pyhd8ed1ab_0             conda-forge
2025-01-22T02:16:44.8653292Z   blosc                          1.21.5               hc2324a3_1               conda-forge
2025-01-22T02:16:44.8653840Z   brotli                         1.1.0                hd590300_1               conda-forge
2025-01-22T02:16:44.8654574Z   brotli-bin                     1.1.0                hd590300_1               conda-forge
2025-01-22T02:16:44.8655159Z   brotli-python                  1.1.0                py312h30efb56_1          conda-forge
2025-01-22T02:16:44.8655725Z   bzip2                          1.0.8                hd590300_5               conda-forge
2025-01-22T02:16:44.8656337Z   c-ares                         1.28.1               hd590300_0               conda-forge
2025-01-22T02:16:44.8656882Z   c-blosc2                       2.14.4               hb4ffafa_1               conda-forge
2025-01-22T02:16:44.8657513Z   ca-certificates                2024.6.2             hbcca054_0               conda-forge
2025-01-22T02:16:44.8658214Z   cached-property                1.5.2                hd8ed1ab_1               conda-forge
2025-01-22T02:16:44.8658918Z   cached_property                1.5.2                pyha770c72_1             conda-forge
2025-01-22T02:16:44.8659517Z   cairo                          1.18.0               h3faef2a_0               conda-forge
2025-01-22T02:16:44.8660077Z   certifi                        2024.6.2             pyhd8ed1ab_0             conda-forge
2025-01-22T02:16:44.8660896Z   cffi                           1.16.0               py312hf06ca03_0          conda-forge
2025-01-22T02:16:44.8661533Z   charset-normalizer             3.3.2                pyhd8ed1ab_0             conda-forge
2025-01-22T02:16:44.8662155Z   click                          8.1.7                unix_pyh707e725_0        conda-forge
2025-01-22T02:16:44.8662722Z   codespell                      2.3.0                pyhd8ed1ab_0             conda-forge
2025-01-22T02:16:44.8663311Z   colorama                       0.4.6                pyhd8ed1ab_0             conda-forge
2025-01-22T02:16:44.8663851Z   comm                           0.2.2                pyhd8ed1ab_0             conda-forge
2025-01-22T02:16:44.8664619Z   commonmark                     0.9.1                py_0                     conda-forge
2025-01-22T02:16:44.8665204Z   contourpy                      1.2.1                py312h8572e83_0          conda-forge
2025-01-22T02:16:44.8665805Z   coverage                       7.5.3                py312h9a8786e_0          conda-forge
2025-01-22T02:16:44.8666389Z   cycler                         0.12.1               pyhd8ed1ab_0             conda-forge
2025-01-22T02:16:44.8666988Z   dataclasses                    0.8                  pyhc8e2a94_3             conda-forge
2025-01-22T02:16:44.8667577Z   debugpy                        1.8.1                py312h30efb56_0          conda-forge
2025-01-22T02:16:44.8668153Z   decorator                      5.1.1                pyhd8ed1ab_0             conda-forge
2025-01-22T02:16:44.8668748Z   defusedxml                     0.7.1                pyhd8ed1ab_0             conda-forge
2025-01-22T02:16:44.8669347Z   docutils                       0.20.1               py312h7900ff3_3          conda-forge
2025-01-22T02:16:44.8669920Z   dot2tex                        2.11.3               pyhd8ed1ab_0             conda-forge
2025-01-22T02:16:44.8670508Z   entrypoints                    0.4                  pyhd8ed1ab_0             conda-forge
2025-01-22T02:16:44.8671137Z   exceptiongroup                 1.2.0                pyhd8ed1ab_2             conda-forge
2025-01-22T02:16:44.8671774Z   executing                      2.0.1                pyhd8ed1ab_0             conda-forge
2025-01-22T02:16:44.8672531Z   expat                          2.6.2                h59595ed_0               conda-forge
2025-01-22T02:16:44.8673214Z   font-ttf-dejavu-sans-mono      2.37                 hab24e00_0               conda-forge
2025-01-22T02:16:44.8674222Z   font-ttf-inconsolata           3.000                h77eed37_0               conda-forge
2025-01-22T02:16:44.8678737Z   font-ttf-source-code-pro       2.038                h77eed37_0               conda-forge
2025-01-22T02:16:44.8679503Z   font-ttf-ubuntu                0.83                 h77eed37_2               conda-forge
2025-01-22T02:16:44.8680165Z   fontconfig                     2.14.2               h14ed4e7_0               conda-forge
2025-01-22T02:16:44.8680852Z   fonts-conda-ecosystem          1                    0                        conda-forge
2025-01-22T02:16:44.8702258Z   fonts-conda-forge              1                    0                        conda-forge
2025-01-22T02:16:44.8702720Z   fonttools                      4.53.0               py312h9a8786e_0          conda-forge
2025-01-22T02:16:44.8703091Z   fqdn                           1.5.1                pyhd8ed1ab_0             conda-forge
2025-01-22T02:16:44.8703428Z   freetype                       2.12.1               h267a509_2               conda-forge
2025-01-22T02:16:44.8703781Z   fribidi                        1.0.10               h36c2ea0_0               conda-forge
2025-01-22T02:16:44.8704278Z   future                         1.0.0                pyhd8ed1ab_0             conda-forge
2025-01-22T02:16:44.8704635Z   gdk-pixbuf                     2.42.12              hb9ae30d_0               conda-forge
2025-01-22T02:16:44.8705051Z   giflib                         5.2.2                hd590300_0               conda-forge
2025-01-22T02:16:44.8705580Z   git-lfs                        3.5.1                ha770c72_0               conda-forge
2025-01-22T02:16:44.8705895Z   gmp                            6.3.0                h59595ed_1               conda-forge
2025-01-22T02:16:44.8706210Z   gmpy2                          2.1.5                py312h1d5cde6_1          conda-forge
2025-01-22T02:16:44.8706536Z   graphite2                      1.3.13               h59595ed_1003            conda-forge
2025-01-22T02:16:44.8706877Z   graphviz                       11.0.0               hc68bbd7_0               conda-forge
2025-01-22T02:16:44.8707195Z   gtk2                           2.24.33              h280cfa0_4               conda-forge
2025-01-22T02:16:44.8707492Z   gts                            0.7.6                h977cf35_4               conda-forge
2025-01-22T02:16:44.8707789Z   h11                            0.14.0               pyhd8ed1ab_0             conda-forge
2025-01-22T02:16:44.8708084Z   h2                             4.1.0                pyhd8ed1ab_0             conda-forge
2025-01-22T02:16:44.8708392Z   h5py                           3.11.0               nompi_py312hb7ab980_102  conda-forge
2025-01-22T02:16:44.8708716Z   harfbuzz                       8.5.0                hfac3d4d_0               conda-forge
2025-01-22T02:16:44.8709044Z   hdf5                           1.14.3               nompi_hdf9ad27_105       conda-forge
2025-01-22T02:16:44.8709359Z   hpack                          4.0.0                pyh9f0ad1d_0             conda-forge
2025-01-22T02:16:44.8709686Z   httpcore                       1.0.5                pyhd8ed1ab_0             conda-forge
2025-01-22T02:16:44.8710024Z   httpx                          0.27.0               pyhd8ed1ab_0             conda-forge
2025-01-22T02:16:44.8710357Z   hyperframe                     6.0.1                pyhd8ed1ab_0             conda-forge
2025-01-22T02:16:44.8710684Z   icu                            73.2                 h59595ed_0               conda-forge
2025-01-22T02:16:44.8710984Z   idna                           3.7                  pyhd8ed1ab_0             conda-forge
2025-01-22T02:16:44.8711307Z   imagesize                      1.4.1                pyhd8ed1ab_0             conda-forge
2025-01-22T02:16:44.8711814Z   importlib-metadata             7.1.0                pyha770c72_0             conda-forge
2025-01-22T02:16:44.8712207Z   importlib_metadata             7.1.0                hd8ed1ab_0               conda-forge
2025-01-22T02:16:44.8712601Z   importlib_resources            6.4.0                pyhd8ed1ab_0             conda-forge
2025-01-22T02:16:44.8712973Z   iniconfig                      2.0.0                pyhd8ed1ab_0             conda-forge
2025-01-22T02:16:44.8713310Z   ipykernel                      6.29.4               pyh3099207_0             conda-forge
2025-01-22T02:16:44.8713648Z   ipython                        8.25.0               pyh707e725_0             conda-forge
2025-01-22T02:16:44.8714002Z   ipython_genutils               0.2.0                pyhd8ed1ab_1             conda-forge
2025-01-22T02:16:44.8714656Z   ipywidgets                     7.8.0                pyhd8ed1ab_0             conda-forge
2025-01-22T02:16:44.8715015Z   isoduration                    20.11.0              pyhd8ed1ab_0             conda-forge
2025-01-22T02:16:44.8715357Z   jedi                           0.19.1               pyhd8ed1ab_0             conda-forge
2025-01-22T02:16:44.8715702Z   jinja2                         3.1.4                pyhd8ed1ab_0             conda-forge
2025-01-22T02:16:44.8716039Z   json5                          0.9.25               pyhd8ed1ab_0             conda-forge
2025-01-22T02:16:44.8716384Z   jsonpointer                    3.0.0                py312h7900ff3_0          conda-forge
2025-01-22T02:16:44.8716746Z   jsonschema                     4.22.0               pyhd8ed1ab_0             conda-forge
2025-01-22T02:16:44.8717161Z   jsonschema-specifications      2023.12.1            pyhd8ed1ab_0             conda-forge
2025-01-22T02:16:44.8717779Z   jsonschema-with-format-nongpl  4.22.0               pyhd8ed1ab_0             conda-forge
2025-01-22T02:16:44.8718238Z   jupyter-lsp                    2.2.5                pyhd8ed1ab_0             conda-forge
2025-01-22T02:16:44.8718618Z   jupyter_client                 8.6.2                pyhd8ed1ab_0             conda-forge
2025-01-22T02:16:44.8718985Z   jupyter_core                   5.7.2                py312h7900ff3_0          conda-forge
2025-01-22T02:16:44.8719353Z   jupyter_events                 0.10.0               pyhd8ed1ab_0             conda-forge
2025-01-22T02:16:44.8719731Z   jupyter_server                 2.14.1               pyhd8ed1ab_0             conda-forge
2025-01-22T02:16:44.8720142Z   jupyter_server_terminals       0.5.3                pyhd8ed1ab_0             conda-forge
2025-01-22T02:16:44.8720535Z   jupyterlab                     4.2.2                pyhd8ed1ab_0             conda-forge
2025-01-22T02:16:44.8720919Z   jupyterlab_pygments            0.3.0                pyhd8ed1ab_1             conda-forge
2025-01-22T02:16:44.8721335Z   jupyterlab_server              2.27.2               pyhd8ed1ab_0             conda-forge
2025-01-22T02:16:44.8721732Z   jupyterlab_widgets             1.1.7                pyhd8ed1ab_0             conda-forge
2025-01-22T02:16:44.8722108Z   keyutils                       1.6.1                h166bdaf_0               conda-forge
2025-01-22T02:16:44.8722461Z   kiwisolver                     1.4.5                py312h8572e83_1          conda-forge
2025-01-22T02:16:44.8722800Z   krb5                           1.21.2               h659d440_0               conda-forge
2025-01-22T02:16:44.8723142Z   latexcodec                     2.0.1                pyh9f0ad1d_0             conda-forge
2025-01-22T02:16:44.8723480Z   lcms2                          2.16                 hb7c19ff_0               conda-forge
2025-01-22T02:16:44.8723823Z   ld_impl_linux-64               2.40                 hf3520f5_7               conda-forge
2025-01-22T02:16:44.8724391Z   lerc                           4.0.0                h27087fc_0               conda-forge
2025-01-22T02:16:44.8724776Z   libaec                         1.1.3                h59595ed_0               conda-forge
2025-01-22T02:16:44.8725242Z   libblas                        3.9.0                22_linux64_openblas      conda-forge
2025-01-22T02:16:44.8725609Z   libbrotlicommon                1.1.0                hd590300_1               conda-forge
2025-01-22T02:16:44.8725991Z   libbrotlidec                   1.1.0                hd590300_1               conda-forge
2025-01-22T02:16:44.8726360Z   libbrotlienc                   1.1.0                hd590300_1               conda-forge
2025-01-22T02:16:44.8726714Z   libcblas                       3.9.0                22_linux64_openblas      conda-forge
2025-01-22T02:16:44.8727057Z   libcurl                        8.8.0                hca28451_0               conda-forge
2025-01-22T02:16:44.8727407Z   libdeflate                     1.20                 hd590300_0               conda-forge
2025-01-22T02:16:44.8727769Z   libedit                        3.1.20191231         he28a2e2_2               conda-forge
2025-01-22T02:16:44.8728107Z   libev                          4.33                 hd590300_2               conda-forge
2025-01-22T02:16:44.8728441Z   libexpat                       2.6.2                h59595ed_0               conda-forge
2025-01-22T02:16:44.8728771Z   libffi                         3.4.2                h7f98852_5               conda-forge
2025-01-22T02:16:44.8729103Z   libgcc-ng                      13.2.0               h77fa898_10              conda-forge
2025-01-22T02:16:44.8729434Z   libgd                          2.3.3                h119a65a_9               conda-forge
2025-01-22T02:16:44.8729778Z   libgfortran-ng                 13.2.0               h69a702a_10              conda-forge
2025-01-22T02:16:44.8730144Z   libgfortran5                   13.2.0               h3d2ce59_10              conda-forge
2025-01-22T02:16:44.8730496Z   libglib                        2.80.2               h8a4344b_1               conda-forge
2025-01-22T02:16:44.8730964Z   libgomp                        13.2.0               h77fa898_10              conda-forge
2025-01-22T02:16:44.8731317Z   libiconv                       1.17                 hd590300_2               conda-forge
2025-01-22T02:16:44.8731671Z   libjpeg-turbo                  3.0.0                hd590300_1               conda-forge
2025-01-22T02:16:44.8732034Z   liblapack                      3.9.0                22_linux64_openblas      conda-forge
2025-01-22T02:16:44.8732388Z   libllvm14                      14.0.6               hcd5def8_4               conda-forge
2025-01-22T02:16:44.8732740Z   libnghttp2                     1.58.0               h47da74e_1               conda-forge
2025-01-22T02:16:44.8733102Z   libnsl                         2.0.1                hd590300_0               conda-forge
2025-01-22T02:16:44.8733508Z   libopenblas                    0.3.27               pthreads_h413a1c8_0      conda-forge
2025-01-22T02:16:44.8733873Z   libpng                         1.6.43               h2797004_0               conda-forge
2025-01-22T02:16:44.8734394Z   librsvg                        2.58.1               hadf69e7_0               conda-forge
2025-01-22T02:16:44.8734746Z   libsodium                      1.0.18               h36c2ea0_1               conda-forge
2025-01-22T02:16:44.8735091Z   libsqlite                      3.46.0               hde9e2c9_0               conda-forge
2025-01-22T02:16:44.8735427Z   libssh2                        1.11.0               h0841786_0               conda-forge
2025-01-22T02:16:44.8735774Z   libstdcxx-ng                   13.2.0               hc0a3c3a_10              conda-forge
2025-01-22T02:16:44.8736127Z   libtiff                        4.6.0                h1dd3fc0_3               conda-forge
2025-01-22T02:16:44.8736463Z   libuuid                        2.38.1               h0b41bf4_0               conda-forge
2025-01-22T02:16:44.8736793Z   libwebp                        1.4.0                h2c329e2_0               conda-forge
2025-01-22T02:16:44.8737149Z   libwebp-base                   1.4.0                hd590300_0               conda-forge
2025-01-22T02:16:44.8737645Z   libxcb                         1.15                 h0b41bf4_0               conda-forge
2025-01-22T02:16:44.8737979Z   libxcrypt                      4.4.36               hd590300_1               conda-forge
2025-01-22T02:16:44.8738323Z   libxml2                        2.12.7               hc051c1a_1               conda-forge
2025-01-22T02:16:44.8738666Z   libxslt                        1.1.39               h76b75d6_0               conda-forge
2025-01-22T02:16:44.8739001Z   libzlib                        1.3.1                h4ab18f5_1               conda-forge
2025-01-22T02:16:44.8739341Z   llvmlite                       0.42.0               py312hb06c811_1          conda-forge
2025-01-22T02:16:44.8739674Z   lxml                           5.2.2                py312hb90d8a5_0          conda-forge
2025-01-22T02:16:44.8739995Z   lz4-c                          1.9.4                hcb278e6_0               conda-forge
2025-01-22T02:16:44.8740302Z   lzo                            2.10                 hd590300_1001            conda-forge
2025-01-22T02:16:44.8740639Z   markupsafe                     2.1.5                py312h98912ed_0          conda-forge
2025-01-22T02:16:44.8741018Z   matplotlib-base                3.8.4                py312h20ab3a6_2          conda-forge
2025-01-22T02:16:44.8741414Z   matplotlib-inline              0.1.7                pyhd8ed1ab_0             conda-forge
2025-01-22T02:16:44.8741785Z   mistune                        3.0.2                pyhd8ed1ab_0             conda-forge
2025-01-22T02:16:44.8742109Z   mpc                            1.3.1                hfe3b2da_0               conda-forge
2025-01-22T02:16:44.8742419Z   mpfr                           4.2.1                h9458935_1               conda-forge
2025-01-22T02:16:44.8742739Z   mpmath                         1.3.0                pyhd8ed1ab_0             conda-forge
2025-01-22T02:16:44.8743224Z   munkres                        1.1.4                pyh9f0ad1d_0             conda-forge
2025-01-22T02:16:44.8743594Z   mypy_extensions                1.0.0                pyha770c72_0             conda-forge
2025-01-22T02:16:44.8743959Z   nbclassic                      1.1.0                pyhd8ed1ab_0             conda-forge
2025-01-22T02:16:44.8744485Z   nbclient                       0.10.0               pyhd8ed1ab_0             conda-forge
2025-01-22T02:16:44.8744838Z   nbconvert                      7.16.4               hd8ed1ab_1               conda-forge
2025-01-22T02:16:44.8745203Z   nbconvert-core                 7.16.4               pyhd8ed1ab_1             conda-forge
2025-01-22T02:16:44.8745600Z   nbconvert-pandoc               7.16.4               hd8ed1ab_1               conda-forge
2025-01-22T02:16:44.8745980Z   nbformat                       5.10.4               pyhd8ed1ab_0             conda-forge
2025-01-22T02:16:44.8746337Z   nbsphinx                       0.9.4                pyhd8ed1ab_0             conda-forge
2025-01-22T02:16:44.8746672Z   ncurses                        6.5                  h59595ed_0               conda-forge
2025-01-22T02:16:44.8747028Z   nest-asyncio                   1.6.0                pyhd8ed1ab_0             conda-forge
2025-01-22T02:16:44.8747383Z   networkx                       3.3                  pyhd8ed1ab_1             conda-forge
2025-01-22T02:16:44.8747712Z   nomkl                          1.0                  h5ca1d4c_0               conda-forge
2025-01-22T02:16:44.8748042Z   notebook                       7.2.1                pyhd8ed1ab_0             conda-forge
2025-01-22T02:16:44.8748403Z   notebook-shim                  0.2.4                pyhd8ed1ab_0             conda-forge
2025-01-22T02:16:44.8748754Z   numba                          0.59.1               py312hacefee8_0          conda-forge
2025-01-22T02:16:44.8749090Z   numexpr                        2.10.0               py312hf412c99_100        conda-forge
2025-01-22T02:16:44.8749430Z   numpy                          1.26.4               py312heda63a1_0          conda-forge
2025-01-22T02:16:44.8749765Z   numpydoc                       1.7.0                pyhd8ed1ab_1             conda-forge
2025-01-22T02:16:44.8750245Z   openjpeg                       2.5.2                h488ebb8_0               conda-forge
2025-01-22T02:16:44.8750581Z   openssl                        3.3.1                h4ab18f5_0               conda-forge
2025-01-22T02:16:44.8750929Z   overrides                      7.7.0                pyhd8ed1ab_0             conda-forge
2025-01-22T02:16:44.8751285Z   packaging                      24.1                 pyhd8ed1ab_0             conda-forge
2025-01-22T02:16:44.8751631Z   pandas                         2.2.2                py312h1d6d2e6_1          conda-forge
2025-01-22T02:16:44.8751975Z   pandoc                         3.2                  ha770c72_0               conda-forge
2025-01-22T02:16:44.8752335Z   pandocfilters                  1.5.0                pyhd8ed1ab_0             conda-forge
2025-01-22T02:16:44.8752689Z   pango                          1.54.0               h84a9a3c_0               conda-forge
2025-01-22T02:16:44.8753029Z   parso                          0.8.4                pyhd8ed1ab_0             conda-forge
2025-01-22T02:16:44.8753377Z   pathspec                       0.12.1               pyhd8ed1ab_0             conda-forge
2025-01-22T02:16:44.8753712Z   pbr                            6.0.0                pyhd8ed1ab_0             conda-forge
2025-01-22T02:16:44.8754035Z   pcre2                          10.44                h0f59acf_0               conda-forge
2025-01-22T02:16:44.8754565Z   pexpect                        4.9.0                pyhd8ed1ab_0             conda-forge
2025-01-22T02:16:44.8754941Z   pickleshare                    0.7.5                py_1003                  conda-forge
2025-01-22T02:16:44.8755295Z   pillow                         10.3.0               py312hdcec9eb_0          conda-forge
2025-01-22T02:16:44.8755747Z   pip                            24.0                 pyhd8ed1ab_0             conda-forge
2025-01-22T02:16:44.8756073Z   pixman                         0.43.2               h59595ed_0               conda-forge
2025-01-22T02:16:44.8756456Z   pkgutil-resolve-name           1.3.10               pyhd8ed1ab_1             conda-forge
2025-01-22T02:16:44.8756854Z   platformdirs                   4.2.2                pyhd8ed1ab_0             conda-forge
2025-01-22T02:16:44.8757208Z   plotly                         5.22.0               pyhd8ed1ab_0             conda-forge
2025-01-22T02:16:44.8757539Z   pluggy                         1.5.0                pyhd8ed1ab_0             conda-forge
2025-01-22T02:16:44.8757912Z   prometheus_client              0.20.0               pyhd8ed1ab_0             conda-forge
2025-01-22T02:16:44.8758304Z   prompt-toolkit                 3.0.47               pyha770c72_0             conda-forge
2025-01-22T02:16:44.8758665Z   psutil                         5.9.8                py312h98912ed_0          conda-forge
2025-01-22T02:16:44.8759015Z   pthread-stubs                  0.4                  h36c2ea0_1001            conda-forge
2025-01-22T02:16:44.8759384Z   ptyprocess                     0.7.0                pyhd3deb0d_0             conda-forge
2025-01-22T02:16:44.8759733Z   pure_eval                      0.2.2                pyhd8ed1ab_0             conda-forge
2025-01-22T02:16:44.8760081Z   py-cpuinfo                     9.0.0                pyhd8ed1ab_0             conda-forge
2025-01-22T02:16:44.8760423Z   pybtex                         0.24.0               pyhd8ed1ab_2             conda-forge
2025-01-22T02:16:44.8760793Z   pybtex-docutils                1.0.3                py312h7900ff3_1          conda-forge
2025-01-22T02:16:44.8761167Z   pycparser                      2.22                 pyhd8ed1ab_0             conda-forge
2025-01-22T02:16:44.8761508Z   pyerfa                         2.0.1.4              py312h085067d_1          conda-forge
2025-01-22T02:16:44.8761855Z   pygments                       2.18.0               pyhd8ed1ab_0             conda-forge
2025-01-22T02:16:44.8762211Z   pygraphviz                     1.13                 py312h4a1d8a7_1          conda-forge
2025-01-22T02:16:44.8762690Z   pyparsing                      3.1.2                pyhd8ed1ab_0             conda-forge
2025-01-22T02:16:44.8763040Z   pysocks                        1.7.1                pyha2e5f31_6             conda-forge
2025-01-22T02:16:44.8763381Z   pytables                       3.9.2                py312h96d95ec_2          conda-forge
2025-01-22T02:16:44.8763722Z   pytest                         8.2.2                pyhd8ed1ab_0             conda-forge
2025-01-22T02:16:44.8764059Z   pytest-cov                     5.0.0                pyhd8ed1ab_0             conda-forge
2025-01-22T02:16:44.8764615Z   pytest-doctestplus             1.2.1                pyhd8ed1ab_0             conda-forge
2025-01-22T02:16:44.8765004Z   pytest-html                    4.1.1                pyhd8ed1ab_0             conda-forge
2025-01-22T02:16:44.8765379Z   pytest-metadata                3.1.1                pyhd8ed1ab_0             conda-forge
2025-01-22T02:16:44.8765745Z   python                         3.12.4               h194c7f8_0_cpython       conda-forge
2025-01-22T02:16:44.8766108Z   python-dateutil                2.9.0                pyhd8ed1ab_0             conda-forge
2025-01-22T02:16:44.8766525Z   python-fastjsonschema          2.20.0               pyhd8ed1ab_0             conda-forge
2025-01-22T02:16:44.8766952Z   python-json-logger             2.0.7                pyhd8ed1ab_0             conda-forge
2025-01-22T02:16:44.8767348Z   python-tzdata                  2024.1               pyhd8ed1ab_0             conda-forge
2025-01-22T02:16:44.8767712Z   python_abi                     3.12                 4_cp312                  conda-forge
2025-01-22T02:16:44.8768054Z   pytz                           2024.1               pyhd8ed1ab_0             conda-forge
2025-01-22T02:16:44.8768497Z   pyyaml                         6.0.1                py312h98912ed_1          conda-forge
2025-01-22T02:16:44.8768831Z   pyzmq                          26.0.3               py312h8fd38d8_0          conda-forge
2025-01-22T02:16:44.8769486Z   qgrid                          1.3.1                pyhd8ed1ab_4             conda-forge
2025-01-22T02:16:44.8770139Z   radioactivedecay               0.5.1                pyhd8ed1ab_0             conda-forge
2025-01-22T02:16:44.8770773Z   readline                       8.2                  h8228510_1               conda-forge
2025-01-22T02:16:44.8771293Z   recommonmark                   0.7.1                pyhd8ed1ab_0             conda-forge
2025-01-22T02:16:44.8771664Z   referencing                    0.35.1               pyhd8ed1ab_0             conda-forge
2025-01-22T02:16:44.8772021Z   requests                       2.32.3               pyhd8ed1ab_0             conda-forge
2025-01-22T02:16:44.8772395Z   rfc3339-validator              0.1.4                pyhd8ed1ab_0             conda-forge
2025-01-22T02:16:44.8772801Z   rfc3986-validator              0.1.1                pyh9f0ad1d_0             conda-forge
2025-01-22T02:16:44.8773174Z   rpds-py                        0.18.1               py312h4413252_0          conda-forge
2025-01-22T02:16:44.8773503Z   ruff                           0.4.9                py312h5715c7c_0          conda-forge
2025-01-22T02:16:44.8773829Z   scipy                          1.13.1               py312hc2bc53b_0          conda-forge
2025-01-22T02:16:44.8774367Z   send2trash                     1.8.3                pyh0d859eb_0             conda-forge
2025-01-22T02:16:44.8774733Z   setuptools                     70.0.0               pyhd8ed1ab_0             conda-forge
2025-01-22T02:16:44.8775105Z   setuptools-scm                 8.1.0                pyhd8ed1ab_0             conda-forge
2025-01-22T02:16:44.8775486Z   setuptools_scm                 8.1.0                hd8ed1ab_0               conda-forge
2025-01-22T02:16:44.8775837Z   six                            1.16.0               pyh6c4a22f_0             conda-forge
2025-01-22T02:16:44.8776168Z   snakeviz                       2.2.0                pyhd8ed1ab_0             conda-forge
2025-01-22T02:16:44.8776681Z   snappy                         1.2.0                hdb0a2a9_1               conda-forge
2025-01-22T02:16:44.8777018Z   sniffio                        1.3.1                pyhd8ed1ab_0             conda-forge
2025-01-22T02:16:44.8777390Z   snowballstemmer                2.2.0                pyhd8ed1ab_0             conda-forge
2025-01-22T02:16:44.8777771Z   soupsieve                      2.5                  pyhd8ed1ab_1             conda-forge
2025-01-22T02:16:44.8778115Z   sphinx                         7.3.7                pyhd8ed1ab_0             conda-forge
2025-01-22T02:16:44.8778478Z   sphinx-astropy                 1.9.1                pyhd8ed1ab_0             conda-forge
2025-01-22T02:16:44.8778876Z   sphinx-automodapi              0.17.0               pyh717bed2_1             conda-forge
2025-01-22T02:16:44.8779271Z   sphinx-gallery                 0.16.0               pyhd8ed1ab_0             conda-forge
2025-01-22T02:16:44.8779676Z   sphinx-jsonschema              1.19.1               pyhd8ed1ab_0             conda-forge
2025-01-22T02:16:44.8780087Z   sphinx_bootstrap_theme         0.8.1                pyhd8ed1ab_0             conda-forge
2025-01-22T02:16:44.8780486Z   sphinx_rtd_theme               2.0.0                pyha770c72_0             conda-forge
2025-01-22T02:16:44.8780883Z   sphinxcontrib-apidoc           0.3.0                py_1                     conda-forge
2025-01-22T02:16:44.8781317Z   sphinxcontrib-applehelp        1.0.8                pyhd8ed1ab_0             conda-forge
2025-01-22T02:16:44.8781757Z   sphinxcontrib-bibtex           2.6.2                pyhd8ed1ab_0             conda-forge
2025-01-22T02:16:44.8782185Z   sphinxcontrib-devhelp          1.0.6                pyhd8ed1ab_0             conda-forge
2025-01-22T02:16:44.8782740Z   sphinxcontrib-htmlhelp         2.0.5                pyhd8ed1ab_0             conda-forge
2025-01-22T02:16:44.8783175Z   sphinxcontrib-jquery           4.1                  pyhd8ed1ab_0             conda-forge
2025-01-22T02:16:44.8783610Z   sphinxcontrib-jsmath           1.0.1                pyhd8ed1ab_0             conda-forge
2025-01-22T02:16:44.8784032Z   sphinxcontrib-qthelp           1.0.7                pyhd8ed1ab_0             conda-forge
2025-01-22T02:16:44.8784668Z   sphinxcontrib-serializinghtml  1.1.10               pyhd8ed1ab_0             conda-forge
2025-01-22T02:16:44.8785093Z   stack_data                     0.6.2                pyhd8ed1ab_0             conda-forge
2025-01-22T02:16:44.8785440Z   sympy                          1.12.1               pypyh2585a3b_103         conda-forge
2025-01-22T02:16:44.8785781Z   tabulate                       0.9.0                pyhd8ed1ab_1             conda-forge
2025-01-22T02:16:44.8786125Z   tenacity                       8.4.1                pyhd8ed1ab_0             conda-forge
2025-01-22T02:16:44.8786484Z   terminado                      0.18.1               pyh0d859eb_0             conda-forge
2025-01-22T02:16:44.8786836Z   tinycss2                       1.3.0                pyhd8ed1ab_0             conda-forge
2025-01-22T02:16:44.8787160Z   tk                             8.6.13               noxft_h4845f30_101       conda-forge
2025-01-22T02:16:44.8787470Z   toml                           0.10.2               pyhd8ed1ab_0             conda-forge
2025-01-22T02:16:44.8787791Z   tomli                          2.0.1                pyhd8ed1ab_0             conda-forge
2025-01-22T02:16:44.8788123Z   tornado                        6.4.1                py312h9a8786e_0          conda-forge
2025-01-22T02:16:44.8788454Z   tqdm                           4.66.4               pyhd8ed1ab_0             conda-forge
2025-01-22T02:16:44.8788794Z   traitlets                      5.14.3               pyhd8ed1ab_0             conda-forge
2025-01-22T02:16:44.8789155Z   typed-ast                      1.5.5                py312h98912ed_1          conda-forge
2025-01-22T02:16:44.8789555Z   types-python-dateutil          2.9.0.20240316       pyhd8ed1ab_0             conda-forge
2025-01-22T02:16:44.8790112Z   typing-extensions              4.12.2               hd8ed1ab_0               conda-forge
2025-01-22T02:16:44.8790516Z   typing_extensions              4.12.2               pyha770c72_0             conda-forge
2025-01-22T02:16:44.8790895Z   typing_utils                   0.1.0                pyhd8ed1ab_0             conda-forge
2025-01-22T02:16:44.8791252Z   tzdata                         2024a                h0c530f3_0               conda-forge
2025-01-22T02:16:44.8791611Z   uri-template                   1.3.0                pyhd8ed1ab_0             conda-forge
2025-01-22T02:16:44.8791968Z   urllib3                        2.2.2                pyhd8ed1ab_0             conda-forge
2025-01-22T02:16:44.8792309Z   wcwidth                        0.2.13               pyhd8ed1ab_0             conda-forge
2025-01-22T02:16:44.8792666Z   webcolors                      24.6.0               pyhd8ed1ab_0             conda-forge
2025-01-22T02:16:44.8793036Z   webencodings                   0.5.1                pyhd8ed1ab_2             conda-forge
2025-01-22T02:16:44.8793421Z   websocket-client               1.8.0                pyhd8ed1ab_0             conda-forge
2025-01-22T02:16:44.8793785Z   wheel                          0.43.0               pyhd8ed1ab_1             conda-forge
2025-01-22T02:16:44.8794349Z   widgetsnbextension             3.6.6                pyhd8ed1ab_0             conda-forge
2025-01-22T02:16:44.8794747Z   xorg-kbproto                   1.0.7                h7f98852_1002            conda-forge
2025-01-22T02:16:44.8795108Z   xorg-libice                    1.1.1                hd590300_0               conda-forge
2025-01-22T02:16:44.8795458Z   xorg-libsm                     1.2.4                h7391055_0               conda-forge
2025-01-22T02:16:44.8795929Z   xorg-libx11                    1.8.9                h8ee46fc_0               conda-forge
2025-01-22T02:16:44.8796284Z   xorg-libxau                    1.0.11               hd590300_0               conda-forge
2025-01-22T02:16:44.8796648Z   xorg-libxdmcp                  1.1.3                h7f98852_0               conda-forge
2025-01-22T02:16:44.8797011Z   xorg-libxext                   1.3.4                h0b41bf4_2               conda-forge
2025-01-22T02:16:44.8797382Z   xorg-libxrender                0.9.11               hd590300_0               conda-forge
2025-01-22T02:16:44.8797766Z   xorg-renderproto               0.11.1               h7f98852_1002            conda-forge
2025-01-22T02:16:44.8798156Z   xorg-xextproto                 7.3.0                h0b41bf4_1003            conda-forge
2025-01-22T02:16:44.8798534Z   xorg-xproto                    7.0.31               h7f98852_1007            conda-forge
2025-01-22T02:16:44.8798872Z   xz                             5.2.6                h166bdaf_0               conda-forge
2025-01-22T02:16:44.8799184Z   yaml                           0.2.5                h7f98852_2               conda-forge
2025-01-22T02:16:44.8799506Z   zeromq                         4.3.5                h75354e8_4               conda-forge
2025-01-22T02:16:44.8799840Z   zipp                           3.19.2               pyhd8ed1ab_0             conda-forge
2025-01-22T02:16:44.8800161Z   zlib                           1.3.1                h4ab18f5_1               conda-forge
2025-01-22T02:16:44.8800487Z   zlib-ng                        2.0.7                h0b41bf4_0               conda-forge
2025-01-22T02:16:44.8800810Z   zstd                           1.5.6                ha6fb4c9_0               conda-forge
2025-01-22T02:16:44.8801314Z ##[endgroup]
2025-01-22T02:16:44.8833086Z ##[group]Run pip install -e . --user
2025-01-22T02:16:44.8833406Z [36;1mpip install -e . --user[0m
2025-01-22T02:16:44.8861816Z shell: /usr/bin/bash -l {0}
2025-01-22T02:16:44.8862053Z env:
2025-01-22T02:16:44.8862221Z   CACHE_NUMBER: 0
2025-01-22T02:16:44.8862831Z   PYTEST_FLAGS: --tardis-regression-data=/home/runner/work/tardis/tardis/tardis-regression-data --cov=tardis --cov-report=xml --cov-report=html --cov-append
2025-01-22T02:16:44.8863641Z   CODECOV_TOKEN: 
2025-01-22T02:16:44.8863859Z   MAMBA_ROOT_PREFIX: /home/runner/micromamba
2025-01-22T02:16:44.8864277Z   MAMBA_EXE: /home/runner/micromamba-bin/micromamba
2025-01-22T02:16:44.8864625Z   CONDARC: /home/runner/work/_temp/setup-micromamba/.condarc
2025-01-22T02:16:44.8864920Z ##[endgroup]
2025-01-22T02:16:45.5140649Z Obtaining file:///home/runner/work/tardis/tardis
2025-01-22T02:16:45.5168135Z   Installing build dependencies: started
2025-01-22T02:16:48.3923779Z   Installing build dependencies: finished with status 'done'
2025-01-22T02:16:48.3930513Z   Checking if build backend supports build_editable: started
2025-01-22T02:16:48.5209497Z   Checking if build backend supports build_editable: finished with status 'done'
2025-01-22T02:16:48.5216609Z   Getting requirements to build editable: started
2025-01-22T02:16:49.0072863Z   Getting requirements to build editable: finished with status 'done'
2025-01-22T02:16:49.0080781Z   Preparing editable metadata (pyproject.toml): started
2025-01-22T02:16:49.6611917Z   Preparing editable metadata (pyproject.toml): finished with status 'done'
2025-01-22T02:16:49.7193320Z Requirement already satisfied: astropy in /home/runner/micromamba/envs/tardis/lib/python3.12/site-packages (from tardis==0.0.0) (6.1.1)
2025-01-22T02:16:49.7560772Z Requirement already satisfied: numpy>=1.23 in /home/runner/micromamba/envs/tardis/lib/python3.12/site-packages (from astropy->tardis==0.0.0) (1.26.4)
2025-01-22T02:16:49.7569252Z Requirement already satisfied: pyerfa>=2.0.1.1 in /home/runner/micromamba/envs/tardis/lib/python3.12/site-packages (from astropy->tardis==0.0.0) (2.0.1.4)
2025-01-22T02:16:49.7579527Z Requirement already satisfied: astropy-iers-data>=0.2024.5.27.0.30.8 in /home/runner/micromamba/envs/tardis/lib/python3.12/site-packages (from astropy->tardis==0.0.0) (0.2024.6.17.0.31.35)
2025-01-22T02:16:49.7587737Z Requirement already satisfied: PyYAML>=3.13 in /home/runner/micromamba/envs/tardis/lib/python3.12/site-packages (from astropy->tardis==0.0.0) (6.0.1)
2025-01-22T02:16:49.7597239Z Requirement already satisfied: packaging>=19.0 in /home/runner/micromamba/envs/tardis/lib/python3.12/site-packages (from astropy->tardis==0.0.0) (24.1)
2025-01-22T02:16:49.7683683Z Building wheels for collected packages: tardis
2025-01-22T02:16:49.7692164Z   Building editable for tardis (pyproject.toml): started
2025-01-22T02:16:50.7700065Z   Building editable for tardis (pyproject.toml): finished with status 'done'
2025-01-22T02:16:50.7707782Z   Created wheel for tardis: filename=tardis-0.0.0-0.editable-py3-none-any.whl size=8876 sha256=d7d27a94cc0f93c50b66865e2fe246991dbc81ee9c608a8f99fb7c56c3051987
2025-01-22T02:16:50.7709460Z   Stored in directory: /tmp/pip-ephem-wheel-cache-4fh2380w/wheels/6a/c7/ae/89fa6dc2565455898176888ef0e2e475e4e90eb0124afcb995
2025-01-22T02:16:50.7735450Z Successfully built tardis
2025-01-22T02:16:51.5276614Z Installing collected packages: tardis
2025-01-22T02:16:51.5373917Z Successfully installed tardis-0.0.0
2025-01-22T02:16:51.7591104Z ##[group]Run pip install qgridnext
2025-01-22T02:16:51.7591417Z [36;1mpip install qgridnext[0m
2025-01-22T02:16:51.7617348Z shell: /usr/bin/bash -l {0}
2025-01-22T02:16:51.7617579Z env:
2025-01-22T02:16:51.7617747Z   CACHE_NUMBER: 0
2025-01-22T02:16:51.7618359Z   PYTEST_FLAGS: --tardis-regression-data=/home/runner/work/tardis/tardis/tardis-regression-data --cov=tardis --cov-report=xml --cov-report=html --cov-append
2025-01-22T02:16:51.7618988Z   CODECOV_TOKEN: 
2025-01-22T02:16:51.7619208Z   MAMBA_ROOT_PREFIX: /home/runner/micromamba
2025-01-22T02:16:51.7619504Z   MAMBA_EXE: /home/runner/micromamba-bin/micromamba
2025-01-22T02:16:51.7619841Z   CONDARC: /home/runner/work/_temp/setup-micromamba/.condarc
2025-01-22T02:16:51.7620139Z ##[endgroup]
2025-01-22T02:16:52.3794684Z Collecting qgridnext
2025-01-22T02:16:52.4079189Z   Downloading qgridnext-2.0.4-py3-none-any.whl.metadata (9.9 kB)
2025-01-22T02:16:52.4166023Z Requirement already satisfied: pandas>=0.20.0 in /home/runner/micromamba/envs/tardis/lib/python3.12/site-packages (from qgridnext) (2.2.2)
2025-01-22T02:16:52.4174802Z Requirement already satisfied: ipywidgets>=7.0.0 in /home/runner/micromamba/envs/tardis/lib/python3.12/site-packages (from qgridnext) (7.8.0)
2025-01-22T02:16:52.4183400Z Requirement already satisfied: numpy in /home/runner/micromamba/envs/tardis/lib/python3.12/site-packages (from qgridnext) (1.26.4)
2025-01-22T02:16:52.4193097Z Requirement already satisfied: traitlets in /home/runner/micromamba/envs/tardis/lib/python3.12/site-packages (from qgridnext) (5.14.3)
2025-01-22T02:16:52.4276845Z Requirement already satisfied: comm>=0.1.3 in /home/runner/micromamba/envs/tardis/lib/python3.12/site-packages (from ipywidgets>=7.0.0->qgridnext) (0.2.2)
2025-01-22T02:16:52.4285601Z Requirement already satisfied: ipython-genutils~=0.2.0 in /home/runner/micromamba/envs/tardis/lib/python3.12/site-packages (from ipywidgets>=7.0.0->qgridnext) (0.2.0)
2025-01-22T02:16:52.4297356Z Requirement already satisfied: widgetsnbextension~=3.6.5 in /home/runner/micromamba/envs/tardis/lib/python3.12/site-packages (from ipywidgets>=7.0.0->qgridnext) (3.6.6)
2025-01-22T02:16:52.4314717Z Requirement already satisfied: ipython>=4.0.0 in /home/runner/micromamba/envs/tardis/lib/python3.12/site-packages (from ipywidgets>=7.0.0->qgridnext) (8.25.0)
2025-01-22T02:16:52.4328847Z Requirement already satisfied: jupyterlab-widgets<3,>=1.0.0 in /home/runner/micromamba/envs/tardis/lib/python3.12/site-packages (from ipywidgets>=7.0.0->qgridnext) (1.1.7)
2025-01-22T02:16:52.4762018Z Requirement already satisfied: python-dateutil>=2.8.2 in /home/runner/micromamba/envs/tardis/lib/python3.12/site-packages (from pandas>=0.20.0->qgridnext) (2.9.0)
2025-01-22T02:16:52.4775436Z Requirement already satisfied: pytz>=2020.1 in /home/runner/micromamba/envs/tardis/lib/python3.12/site-packages (from pandas>=0.20.0->qgridnext) (2024.1)
2025-01-22T02:16:52.4783163Z Requirement already satisfied: tzdata>=2022.7 in /home/runner/micromamba/envs/tardis/lib/python3.12/site-packages (from pandas>=0.20.0->qgridnext) (2024.1)
2025-01-22T02:16:52.5089643Z Requirement already satisfied: decorator in /home/runner/micromamba/envs/tardis/lib/python3.12/site-packages (from ipython>=4.0.0->ipywidgets>=7.0.0->qgridnext) (5.1.1)
2025-01-22T02:16:52.5103472Z Requirement already satisfied: jedi>=0.16 in /home/runner/micromamba/envs/tardis/lib/python3.12/site-packages (from ipython>=4.0.0->ipywidgets>=7.0.0->qgridnext) (0.19.1)
2025-01-22T02:16:52.5111676Z Requirement already satisfied: matplotlib-inline in /home/runner/micromamba/envs/tardis/lib/python3.12/site-packages (from ipython>=4.0.0->ipywidgets>=7.0.0->qgridnext) (0.1.7)
2025-01-22T02:16:52.5122382Z Requirement already satisfied: prompt-toolkit<3.1.0,>=3.0.41 in /home/runner/micromamba/envs/tardis/lib/python3.12/site-packages (from ipython>=4.0.0->ipywidgets>=7.0.0->qgridnext) (3.0.47)
2025-01-22T02:16:52.5131101Z Requirement already satisfied: pygments>=2.4.0 in /home/runner/micromamba/envs/tardis/lib/python3.12/site-packages (from ipython>=4.0.0->ipywidgets>=7.0.0->qgridnext) (2.18.0)
2025-01-22T02:16:52.5140471Z Requirement already satisfied: stack-data in /home/runner/micromamba/envs/tardis/lib/python3.12/site-packages (from ipython>=4.0.0->ipywidgets>=7.0.0->qgridnext) (0.6.2)
2025-01-22T02:16:52.5158557Z Requirement already satisfied: pexpect>4.3 in /home/runner/micromamba/envs/tardis/lib/python3.12/site-packages (from ipython>=4.0.0->ipywidgets>=7.0.0->qgridnext) (4.9.0)
2025-01-22T02:16:52.5206114Z Requirement already satisfied: six>=1.5 in /home/runner/micromamba/envs/tardis/lib/python3.12/site-packages (from python-dateutil>=2.8.2->pandas>=0.20.0->qgridnext) (1.16.0)
2025-01-22T02:16:52.5301712Z Requirement already satisfied: notebook>=4.4.1 in /home/runner/micromamba/envs/tardis/lib/python3.12/site-packages (from widgetsnbextension~=3.6.5->ipywidgets>=7.0.0->qgridnext) (7.2.1)
2025-01-22T02:16:52.5506492Z Requirement already satisfied: parso<0.9.0,>=0.8.3 in /home/runner/micromamba/envs/tardis/lib/python3.12/site-packages (from jedi>=0.16->ipython>=4.0.0->ipywidgets>=7.0.0->qgridnext) (0.8.4)
2025-01-22T02:16:52.5646997Z Requirement already satisfied: jupyter-server<3,>=2.4.0 in /home/runner/micromamba/envs/tardis/lib/python3.12/site-packages (from notebook>=4.4.1->widgetsnbextension~=3.6.5->ipywidgets>=7.0.0->qgridnext) (2.14.1)
2025-01-22T02:16:52.5659583Z Requirement already satisfied: jupyterlab-server<3,>=2.27.1 in /home/runner/micromamba/envs/tardis/lib/python3.12/site-packages (from notebook>=4.4.1->widgetsnbextension~=3.6.5->ipywidgets>=7.0.0->qgridnext) (2.27.2)
2025-01-22T02:16:52.5674327Z Requirement already satisfied: jupyterlab<4.3,>=4.2.0 in /home/runner/micromamba/envs/tardis/lib/python3.12/site-packages (from notebook>=4.4.1->widgetsnbextension~=3.6.5->ipywidgets>=7.0.0->qgridnext) (4.2.2)
2025-01-22T02:16:52.5684371Z Requirement already satisfied: notebook-shim<0.3,>=0.2 in /home/runner/micromamba/envs/tardis/lib/python3.12/site-packages (from notebook>=4.4.1->widgetsnbextension~=3.6.5->ipywidgets>=7.0.0->qgridnext) (0.2.4)
2025-01-22T02:16:52.5692196Z Requirement already satisfied: tornado>=6.2.0 in /home/runner/micromamba/envs/tardis/lib/python3.12/site-packages (from notebook>=4.4.1->widgetsnbextension~=3.6.5->ipywidgets>=7.0.0->qgridnext) (6.4.1)
2025-01-22T02:16:52.5721062Z Requirement already satisfied: ptyprocess>=0.5 in /home/runner/micromamba/envs/tardis/lib/python3.12/site-packages (from pexpect>4.3->ipython>=4.0.0->ipywidgets>=7.0.0->qgridnext) (0.7.0)
2025-01-22T02:16:52.5748926Z Requirement already satisfied: wcwidth in /home/runner/micromamba/envs/tardis/lib/python3.12/site-packages (from prompt-toolkit<3.1.0,>=3.0.41->ipython>=4.0.0->ipywidgets>=7.0.0->qgridnext) (0.2.13)
2025-01-22T02:16:52.5881242Z Requirement already satisfied: executing>=1.2.0 in /home/runner/micromamba/envs/tardis/lib/python3.12/site-packages (from stack-data->ipython>=4.0.0->ipywidgets>=7.0.0->qgridnext) (2.0.1)
2025-01-22T02:16:52.5890493Z Requirement already satisfied: asttokens>=2.1.0 in /home/runner/micromamba/envs/tardis/lib/python3.12/site-packages (from stack-data->ipython>=4.0.0->ipywidgets>=7.0.0->qgridnext) (2.4.1)
2025-01-22T02:16:52.5897850Z Requirement already satisfied: pure-eval in /home/runner/micromamba/envs/tardis/lib/python3.12/site-packages (from stack-data->ipython>=4.0.0->ipywidgets>=7.0.0->qgridnext) (0.2.2)
2025-01-22T02:16:52.6225671Z Requirement already satisfied: anyio>=3.1.0 in /home/runner/micromamba/envs/tardis/lib/python3.12/site-packages (from jupyter-server<3,>=2.4.0->notebook>=4.4.1->widgetsnbextension~=3.6.5->ipywidgets>=7.0.0->qgridnext) (4.4.0)
2025-01-22T02:16:52.6235291Z Requirement already satisfied: argon2-cffi>=21.1 in /home/runner/micromamba/envs/tardis/lib/python3.12/site-packages (from jupyter-server<3,>=2.4.0->notebook>=4.4.1->widgetsnbextension~=3.6.5->ipywidgets>=7.0.0->qgridnext) (23.1.0)
2025-01-22T02:16:52.6243834Z Requirement already satisfied: jinja2>=3.0.3 in /home/runner/micromamba/envs/tardis/lib/python3.12/site-packages (from jupyter-server<3,>=2.4.0->notebook>=4.4.1->widgetsnbextension~=3.6.5->ipywidgets>=7.0.0->qgridnext) (3.1.4)
2025-01-22T02:16:52.6255188Z Requirement already satisfied: jupyter-client>=7.4.4 in /home/runner/micromamba/envs/tardis/lib/python3.12/site-packages (from jupyter-server<3,>=2.4.0->notebook>=4.4.1->widgetsnbextension~=3.6.5->ipywidgets>=7.0.0->qgridnext) (8.6.2)
2025-01-22T02:16:52.6269841Z Requirement already satisfied: jupyter-core!=5.0.*,>=4.12 in /home/runner/micromamba/envs/tardis/lib/python3.12/site-packages (from jupyter-server<3,>=2.4.0->notebook>=4.4.1->widgetsnbextension~=3.6.5->ipywidgets>=7.0.0->qgridnext) (5.7.2)
2025-01-22T02:16:52.6286456Z Requirement already satisfied: jupyter-events>=0.9.0 in /home/runner/micromamba/envs/tardis/lib/python3.12/site-packages (from jupyter-server<3,>=2.4.0->notebook>=4.4.1->widgetsnbextension~=3.6.5->ipywidgets>=7.0.0->qgridnext) (0.10.0)
2025-01-22T02:16:52.6297581Z Requirement already satisfied: jupyter-server-terminals>=0.4.4 in /home/runner/micromamba/envs/tardis/lib/python3.12/site-packages (from jupyter-server<3,>=2.4.0->notebook>=4.4.1->widgetsnbextension~=3.6.5->ipywidgets>=7.0.0->qgridnext) (0.5.3)
2025-01-22T02:16:52.6310855Z Requirement already satisfied: nbconvert>=6.4.4 in /home/runner/micromamba/envs/tardis/lib/python3.12/site-packages (from jupyter-server<3,>=2.4.0->notebook>=4.4.1->widgetsnbextension~=3.6.5->ipywidgets>=7.0.0->qgridnext) (7.16.4)
2025-01-22T02:16:52.6320881Z Requirement already satisfied: nbformat>=5.3.0 in /home/runner/micromamba/envs/tardis/lib/python3.12/site-packages (from jupyter-server<3,>=2.4.0->notebook>=4.4.1->widgetsnbextension~=3.6.5->ipywidgets>=7.0.0->qgridnext) (5.10.4)
2025-01-22T02:16:52.6330072Z Requirement already satisfied: overrides>=5.0 in /home/runner/micromamba/envs/tardis/lib/python3.12/site-packages (from jupyter-server<3,>=2.4.0->notebook>=4.4.1->widgetsnbextension~=3.6.5->ipywidgets>=7.0.0->qgridnext) (7.7.0)
2025-01-22T02:16:52.6339554Z Requirement already satisfied: packaging>=22.0 in /home/runner/micromamba/envs/tardis/lib/python3.12/site-packages (from jupyter-server<3,>=2.4.0->notebook>=4.4.1->widgetsnbextension~=3.6.5->ipywidgets>=7.0.0->qgridnext) (24.1)
2025-01-22T02:16:52.6347998Z Requirement already satisfied: prometheus-client>=0.9 in /home/runner/micromamba/envs/tardis/lib/python3.12/site-packages (from jupyter-server<3,>=2.4.0->notebook>=4.4.1->widgetsnbextension~=3.6.5->ipywidgets>=7.0.0->qgridnext) (0.20.0)
2025-01-22T02:16:52.6358530Z Requirement already satisfied: pyzmq>=24 in /home/runner/micromamba/envs/tardis/lib/python3.12/site-packages (from jupyter-server<3,>=2.4.0->notebook>=4.4.1->widgetsnbextension~=3.6.5->ipywidgets>=7.0.0->qgridnext) (26.0.3)
2025-01-22T02:16:52.6367160Z Requirement already satisfied: send2trash>=1.8.2 in /home/runner/micromamba/envs/tardis/lib/python3.12/site-packages (from jupyter-server<3,>=2.4.0->notebook>=4.4.1->widgetsnbextension~=3.6.5->ipywidgets>=7.0.0->qgridnext) (1.8.3)
2025-01-22T02:16:52.6379469Z Requirement already satisfied: terminado>=0.8.3 in /home/runner/micromamba/envs/tardis/lib/python3.12/site-packages (from jupyter-server<3,>=2.4.0->notebook>=4.4.1->widgetsnbextension~=3.6.5->ipywidgets>=7.0.0->qgridnext) (0.18.1)
2025-01-22T02:16:52.6399680Z Requirement already satisfied: websocket-client>=1.7 in /home/runner/micromamba/envs/tardis/lib/python3.12/site-packages (from jupyter-server<3,>=2.4.0->notebook>=4.4.1->widgetsnbextension~=3.6.5->ipywidgets>=7.0.0->qgridnext) (1.8.0)
2025-01-22T02:16:52.6677524Z Requirement already satisfied: async-lru>=1.0.0 in /home/runner/micromamba/envs/tardis/lib/python3.12/site-packages (from jupyterlab<4.3,>=4.2.0->notebook>=4.4.1->widgetsnbextension~=3.6.5->ipywidgets>=7.0.0->qgridnext) (2.0.4)
2025-01-22T02:16:52.6689042Z Requirement already satisfied: httpx>=0.25.0 in /home/runner/micromamba/envs/tardis/lib/python3.12/site-packages (from jupyterlab<4.3,>=4.2.0->notebook>=4.4.1->widgetsnbextension~=3.6.5->ipywidgets>=7.0.0->qgridnext) (0.27.0)
2025-01-22T02:16:52.6700225Z Requirement already satisfied: ipykernel>=6.5.0 in /home/runner/micromamba/envs/tardis/lib/python3.12/site-packages (from jupyterlab<4.3,>=4.2.0->notebook>=4.4.1->widgetsnbextension~=3.6.5->ipywidgets>=7.0.0->qgridnext) (6.29.4)
2025-01-22T02:16:52.6713653Z Requirement already satisfied: jupyter-lsp>=2.0.0 in /home/runner/micromamba/envs/tardis/lib/python3.12/site-packages (from jupyterlab<4.3,>=4.2.0->notebook>=4.4.1->widgetsnbextension~=3.6.5->ipywidgets>=7.0.0->qgridnext) (2.2.5)
2025-01-22T02:16:52.6739835Z Requirement already satisfied: setuptools>=40.1.0 in /home/runner/micromamba/envs/tardis/lib/python3.12/site-packages (from jupyterlab<4.3,>=4.2.0->notebook>=4.4.1->widgetsnbextension~=3.6.5->ipywidgets>=7.0.0->qgridnext) (70.0.0)
2025-01-22T02:16:52.6922047Z Requirement already satisfied: babel>=2.10 in /home/runner/micromamba/envs/tardis/lib/python3.12/site-packages (from jupyterlab-server<3,>=2.27.1->notebook>=4.4.1->widgetsnbextension~=3.6.5->ipywidgets>=7.0.0->qgridnext) (2.14.0)
2025-01-22T02:16:52.6948231Z Requirement already satisfied: json5>=0.9.0 in /home/runner/micromamba/envs/tardis/lib/python3.12/site-packages (from jupyterlab-server<3,>=2.27.1->notebook>=4.4.1->widgetsnbextension~=3.6.5->ipywidgets>=7.0.0->qgridnext) (0.9.25)
2025-01-22T02:16:52.6958452Z Requirement already satisfied: jsonschema>=4.18.0 in /home/runner/micromamba/envs/tardis/lib/python3.12/site-packages (from jupyterlab-server<3,>=2.27.1->notebook>=4.4.1->widgetsnbextension~=3.6.5->ipywidgets>=7.0.0->qgridnext) (4.22.0)
2025-01-22T02:16:52.6976277Z Requirement already satisfied: requests>=2.31 in /home/runner/micromamba/envs/tardis/lib/python3.12/site-packages (from jupyterlab-server<3,>=2.27.1->notebook>=4.4.1->widgetsnbextension~=3.6.5->ipywidgets>=7.0.0->qgridnext) (2.32.3)
2025-01-22T02:16:52.7317027Z Requirement already satisfied: idna>=2.8 in /home/runner/micromamba/envs/tardis/lib/python3.12/site-packages (from anyio>=3.1.0->jupyter-server<3,>=2.4.0->notebook>=4.4.1->widgetsnbextension~=3.6.5->ipywidgets>=7.0.0->qgridnext) (3.7)
2025-01-22T02:16:52.7325588Z Requirement already satisfied: sniffio>=1.1 in /home/runner/micromamba/envs/tardis/lib/python3.12/site-packages (from anyio>=3.1.0->jupyter-server<3,>=2.4.0->notebook>=4.4.1->widgetsnbextension~=3.6.5->ipywidgets>=7.0.0->qgridnext) (1.3.1)
2025-01-22T02:16:52.7413709Z Requirement already satisfied: argon2-cffi-bindings in /home/runner/micromamba/envs/tardis/lib/python3.12/site-packages (from argon2-cffi>=21.1->jupyter-server<3,>=2.4.0->notebook>=4.4.1->widgetsnbextension~=3.6.5->ipywidgets>=7.0.0->qgridnext) (21.2.0)
2025-01-22T02:16:52.7580393Z Requirement already satisfied: certifi in /home/runner/micromamba/envs/tardis/lib/python3.12/site-packages (from httpx>=0.25.0->jupyterlab<4.3,>=4.2.0->notebook>=4.4.1->widgetsnbextension~=3.6.5->ipywidgets>=7.0.0->qgridnext) (2024.6.2)
2025-01-22T02:16:52.7594844Z Requirement already satisfied: httpcore==1.* in /home/runner/micromamba/envs/tardis/lib/python3.12/site-packages (from httpx>=0.25.0->jupyterlab<4.3,>=4.2.0->notebook>=4.4.1->widgetsnbextension~=3.6.5->ipywidgets>=7.0.0->qgridnext) (1.0.5)
2025-01-22T02:16:52.7670523Z Requirement already satisfied: h11<0.15,>=0.13 in /home/runner/micromamba/envs/tardis/lib/python3.12/site-packages (from httpcore==1.*->httpx>=0.25.0->jupyterlab<4.3,>=4.2.0->notebook>=4.4.1->widgetsnbextension~=3.6.5->ipywidgets>=7.0.0->qgridnext) (0.14.0)
2025-01-22T02:16:52.7850762Z Requirement already satisfied: debugpy>=1.6.5 in /home/runner/micromamba/envs/tardis/lib/python3.12/site-packages (from ipykernel>=6.5.0->jupyterlab<4.3,>=4.2.0->notebook>=4.4.1->widgetsnbextension~=3.6.5->ipywidgets>=7.0.0->qgridnext) (1.8.1)
2025-01-22T02:16:52.7870569Z Requirement already satisfied: nest-asyncio in /home/runner/micromamba/envs/tardis/lib/python3.12/site-packages (from ipykernel>=6.5.0->jupyterlab<4.3,>=4.2.0->notebook>=4.4.1->widgetsnbextension~=3.6.5->ipywidgets>=7.0.0->qgridnext) (1.6.0)
2025-01-22T02:16:52.7884628Z Requirement already satisfied: psutil in /home/runner/micromamba/envs/tardis/lib/python3.12/site-packages (from ipykernel>=6.5.0->jupyterlab<4.3,>=4.2.0->notebook>=4.4.1->widgetsnbextension~=3.6.5->ipywidgets>=7.0.0->qgridnext) (5.9.8)
2025-01-22T02:16:52.7944350Z Requirement already satisfied: MarkupSafe>=2.0 in /home/runner/micromamba/envs/tardis/lib/python3.12/site-packages (from jinja2>=3.0.3->jupyter-server<3,>=2.4.0->notebook>=4.4.1->widgetsnbextension~=3.6.5->ipywidgets>=7.0.0->qgridnext) (2.1.5)
2025-01-22T02:16:52.8130218Z Requirement already satisfied: attrs>=22.2.0 in /home/runner/micromamba/envs/tardis/lib/python3.12/site-packages (from jsonschema>=4.18.0->jupyterlab-server<3,>=2.27.1->notebook>=4.4.1->widgetsnbextension~=3.6.5->ipywidgets>=7.0.0->qgridnext) (23.2.0)
2025-01-22T02:16:52.8140212Z Requirement already satisfied: jsonschema-specifications>=2023.03.6 in /home/runner/micromamba/envs/tardis/lib/python3.12/site-packages (from jsonschema>=4.18.0->jupyterlab-server<3,>=2.27.1->notebook>=4.4.1->widgetsnbextension~=3.6.5->ipywidgets>=7.0.0->qgridnext) (2023.12.1)
2025-01-22T02:16:52.8148298Z Requirement already satisfied: referencing>=0.28.4 in /home/runner/micromamba/envs/tardis/lib/python3.12/site-packages (from jsonschema>=4.18.0->jupyterlab-server<3,>=2.27.1->notebook>=4.4.1->widgetsnbextension~=3.6.5->ipywidgets>=7.0.0->qgridnext) (0.35.1)
2025-01-22T02:16:52.8156915Z Requirement already satisfied: rpds-py>=0.7.1 in /home/runner/micromamba/envs/tardis/lib/python3.12/site-packages (from jsonschema>=4.18.0->jupyterlab-server<3,>=2.27.1->notebook>=4.4.1->widgetsnbextension~=3.6.5->ipywidgets>=7.0.0->qgridnext) (0.18.1)
2025-01-22T02:16:52.8412578Z Requirement already satisfied: platformdirs>=2.5 in /home/runner/micromamba/envs/tardis/lib/python3.12/site-packages (from jupyter-core!=5.0.*,>=4.12->jupyter-server<3,>=2.4.0->notebook>=4.4.1->widgetsnbextension~=3.6.5->ipywidgets>=7.0.0->qgridnext) (4.2.2)
2025-01-22T02:16:52.8557610Z Requirement already satisfied: python-json-logger>=2.0.4 in /home/runner/micromamba/envs/tardis/lib/python3.12/site-packages (from jupyter-events>=0.9.0->jupyter-server<3,>=2.4.0->notebook>=4.4.1->widgetsnbextension~=3.6.5->ipywidgets>=7.0.0->qgridnext) (2.0.7)
2025-01-22T02:16:52.8569034Z Requirement already satisfied: pyyaml>=5.3 in /home/runner/micromamba/envs/tardis/lib/python3.12/site-packages (from jupyter-events>=0.9.0->jupyter-server<3,>=2.4.0->notebook>=4.4.1->widgetsnbextension~=3.6.5->ipywidgets>=7.0.0->qgridnext) (6.0.1)
2025-01-22T02:16:52.8598389Z Requirement already satisfied: rfc3339-validator in /home/runner/micromamba/envs/tardis/lib/python3.12/site-packages (from jupyter-events>=0.9.0->jupyter-server<3,>=2.4.0->notebook>=4.4.1->widgetsnbextension~=3.6.5->ipywidgets>=7.0.0->qgridnext) (0.1.4)
2025-01-22T02:16:52.8601723Z Requirement already satisfied: rfc3986-validator>=0.1.1 in /home/runner/micromamba/envs/tardis/lib/python3.12/site-packages (from jupyter-events>=0.9.0->jupyter-server<3,>=2.4.0->notebook>=4.4.1->widgetsnbextension~=3.6.5->ipywidgets>=7.0.0->qgridnext) (0.1.1)
2025-01-22T02:16:52.9012326Z Requirement already satisfied: beautifulsoup4 in /home/runner/micromamba/envs/tardis/lib/python3.12/site-packages (from nbconvert>=6.4.4->jupyter-server<3,>=2.4.0->notebook>=4.4.1->widgetsnbextension~=3.6.5->ipywidgets>=7.0.0->qgridnext) (4.12.3)
2025-01-22T02:16:52.9031173Z Requirement already satisfied: bleach!=5.0.0 in /home/runner/micromamba/envs/tardis/lib/python3.12/site-packages (from nbconvert>=6.4.4->jupyter-server<3,>=2.4.0->notebook>=4.4.1->widgetsnbextension~=3.6.5->ipywidgets>=7.0.0->qgridnext) (6.1.0)
2025-01-22T02:16:52.9044778Z Requirement already satisfied: defusedxml in /home/runner/micromamba/envs/tardis/lib/python3.12/site-packages (from nbconvert>=6.4.4->jupyter-server<3,>=2.4.0->notebook>=4.4.1->widgetsnbextension~=3.6.5->ipywidgets>=7.0.0->qgridnext) (0.7.1)
2025-01-22T02:16:52.9058751Z Requirement already satisfied: jupyterlab-pygments in /home/runner/micromamba/envs/tardis/lib/python3.12/site-packages (from nbconvert>=6.4.4->jupyter-server<3,>=2.4.0->notebook>=4.4.1->widgetsnbextension~=3.6.5->ipywidgets>=7.0.0->qgridnext) (0.3.0)
2025-01-22T02:16:52.9069436Z Requirement already satisfied: mistune<4,>=2.0.3 in /home/runner/micromamba/envs/tardis/lib/python3.12/site-packages (from nbconvert>=6.4.4->jupyter-server<3,>=2.4.0->notebook>=4.4.1->widgetsnbextension~=3.6.5->ipywidgets>=7.0.0->qgridnext) (3.0.2)
2025-01-22T02:16:52.9081276Z Requirement already satisfied: nbclient>=0.5.0 in /home/runner/micromamba/envs/tardis/lib/python3.12/site-packages (from nbconvert>=6.4.4->jupyter-server<3,>=2.4.0->notebook>=4.4.1->widgetsnbextension~=3.6.5->ipywidgets>=7.0.0->qgridnext) (0.10.0)
2025-01-22T02:16:52.9097128Z Requirement already satisfied: pandocfilters>=1.4.1 in /home/runner/micromamba/envs/tardis/lib/python3.12/site-packages (from nbconvert>=6.4.4->jupyter-server<3,>=2.4.0->notebook>=4.4.1->widgetsnbextension~=3.6.5->ipywidgets>=7.0.0->qgridnext) (1.5.0)
2025-01-22T02:16:52.9106230Z Requirement already satisfied: tinycss2 in /home/runner/micromamba/envs/tardis/lib/python3.12/site-packages (from nbconvert>=6.4.4->jupyter-server<3,>=2.4.0->notebook>=4.4.1->widgetsnbextension~=3.6.5->ipywidgets>=7.0.0->qgridnext) (1.3.0)
2025-01-22T02:16:52.9218349Z Requirement already satisfied: fastjsonschema>=2.15 in /home/runner/micromamba/envs/tardis/lib/python3.12/site-packages (from nbformat>=5.3.0->jupyter-server<3,>=2.4.0->notebook>=4.4.1->widgetsnbextension~=3.6.5->ipywidgets>=7.0.0->qgridnext) (2.20.0)
2025-01-22T02:16:52.9516376Z Requirement already satisfied: charset-normalizer<4,>=2 in /home/runner/micromamba/envs/tardis/lib/python3.12/site-packages (from requests>=2.31->jupyterlab-server<3,>=2.27.1->notebook>=4.4.1->widgetsnbextension~=3.6.5->ipywidgets>=7.0.0->qgridnext) (3.3.2)
2025-01-22T02:16:52.9530131Z Requirement already satisfied: urllib3<3,>=1.21.1 in /home/runner/micromamba/envs/tardis/lib/python3.12/site-packages (from requests>=2.31->jupyterlab-server<3,>=2.27.1->notebook>=4.4.1->widgetsnbextension~=3.6.5->ipywidgets>=7.0.0->qgridnext) (2.2.2)
2025-01-22T02:16:53.0288729Z Requirement already satisfied: webencodings in /home/runner/micromamba/envs/tardis/lib/python3.12/site-packages (from bleach!=5.0.0->nbconvert>=6.4.4->jupyter-server<3,>=2.4.0->notebook>=4.4.1->widgetsnbextension~=3.6.5->ipywidgets>=7.0.0->qgridnext) (0.5.1)
2025-01-22T02:16:53.0925699Z Requirement already satisfied: fqdn in /home/runner/micromamba/envs/tardis/lib/python3.12/site-packages (from jsonschema[format-nongpl]>=4.18.0->jupyter-events>=0.9.0->jupyter-server<3,>=2.4.0->notebook>=4.4.1->widgetsnbextension~=3.6.5->ipywidgets>=7.0.0->qgridnext) (1.5.1)
2025-01-22T02:16:53.0942480Z Requirement already satisfied: isoduration in /home/runner/micromamba/envs/tardis/lib/python3.12/site-packages (from jsonschema[format-nongpl]>=4.18.0->jupyter-events>=0.9.0->jupyter-server<3,>=2.4.0->notebook>=4.4.1->widgetsnbextension~=3.6.5->ipywidgets>=7.0.0->qgridnext) (20.11.0)
2025-01-22T02:16:53.0955875Z Requirement already satisfied: jsonpointer>1.13 in /home/runner/micromamba/envs/tardis/lib/python3.12/site-packages (from jsonschema[format-nongpl]>=4.18.0->jupyter-events>=0.9.0->jupyter-server<3,>=2.4.0->notebook>=4.4.1->widgetsnbextension~=3.6.5->ipywidgets>=7.0.0->qgridnext) (3.0.0)
2025-01-22T02:16:53.0972220Z Requirement already satisfied: uri-template in /home/runner/micromamba/envs/tardis/lib/python3.12/site-packages (from jsonschema[format-nongpl]>=4.18.0->jupyter-events>=0.9.0->jupyter-server<3,>=2.4.0->notebook>=4.4.1->widgetsnbextension~=3.6.5->ipywidgets>=7.0.0->qgridnext) (1.3.0)
2025-01-22T02:16:53.0985800Z Requirement already satisfied: webcolors>=1.11 in /home/runner/micromamba/envs/tardis/lib/python3.12/site-packages (from jsonschema[format-nongpl]>=4.18.0->jupyter-events>=0.9.0->jupyter-server<3,>=2.4.0->notebook>=4.4.1->widgetsnbextension~=3.6.5->ipywidgets>=7.0.0->qgridnext) (24.6.0)
2025-01-22T02:16:53.1973112Z Requirement already satisfied: cffi>=1.0.1 in /home/runner/micromamba/envs/tardis/lib/python3.12/site-packages (from argon2-cffi-bindings->argon2-cffi>=21.1->jupyter-server<3,>=2.4.0->notebook>=4.4.1->widgetsnbextension~=3.6.5->ipywidgets>=7.0.0->qgridnext) (1.16.0)
2025-01-22T02:16:53.2066884Z Requirement already satisfied: soupsieve>1.2 in /home/runner/micromamba/envs/tardis/lib/python3.12/site-packages (from beautifulsoup4->nbconvert>=6.4.4->jupyter-server<3,>=2.4.0->notebook>=4.4.1->widgetsnbextension~=3.6.5->ipywidgets>=7.0.0->qgridnext) (2.5)
2025-01-22T02:16:53.2572742Z Requirement already satisfied: pycparser in /home/runner/micromamba/envs/tardis/lib/python3.12/site-packages (from cffi>=1.0.1->argon2-cffi-bindings->argon2-cffi>=21.1->jupyter-server<3,>=2.4.0->notebook>=4.4.1->widgetsnbextension~=3.6.5->ipywidgets>=7.0.0->qgridnext) (2.22)
2025-01-22T02:16:53.3051563Z Requirement already satisfied: arrow>=0.15.0 in /home/runner/micromamba/envs/tardis/lib/python3.12/site-packages (from isoduration->jsonschema[format-nongpl]>=4.18.0->jupyter-events>=0.9.0->jupyter-server<3,>=2.4.0->notebook>=4.4.1->widgetsnbextension~=3.6.5->ipywidgets>=7.0.0->qgridnext) (1.3.0)
2025-01-22T02:16:53.3339090Z Requirement already satisfied: types-python-dateutil>=2.8.10 in /home/runner/micromamba/envs/tardis/lib/python3.12/site-packages (from arrow>=0.15.0->isoduration->jsonschema[format-nongpl]>=4.18.0->jupyter-events>=0.9.0->jupyter-server<3,>=2.4.0->notebook>=4.4.1->widgetsnbextension~=3.6.5->ipywidgets>=7.0.0->qgridnext) (2.9.0.20240316)
2025-01-22T02:16:53.3929699Z Downloading qgridnext-2.0.4-py3-none-any.whl (1.3 MB)
2025-01-22T02:16:53.4283303Z    ━━━━━━━━━━━━━━━━━━━━━━━━━━━━━━━━━━━━━━━━ 1.3/1.3 MB 37.9 MB/s eta 0:00:00
2025-01-22T02:16:54.2036309Z Installing collected packages: qgridnext
2025-01-22T02:16:54.2919788Z Successfully installed qgridnext-2.0.4
2025-01-22T02:16:54.4972315Z ##[group]Run pytest tardis --tardis-regression-data=/home/runner/work/tardis/tardis/tardis-regression-data --cov=tardis --cov-report=xml --cov-report=html --cov-append -m "not continuum"
2025-01-22T02:16:54.4974774Z [36;1mpytest tardis --tardis-regression-data=/home/runner/work/tardis/tardis/tardis-regression-data --cov=tardis --cov-report=xml --cov-report=html --cov-append -m "not continuum"[0m
2025-01-22T02:16:54.5005135Z shell: /usr/bin/bash -l {0}
2025-01-22T02:16:54.5005402Z env:
2025-01-22T02:16:54.5005575Z   CACHE_NUMBER: 0
2025-01-22T02:16:54.5006208Z   PYTEST_FLAGS: --tardis-regression-data=/home/runner/work/tardis/tardis/tardis-regression-data --cov=tardis --cov-report=xml --cov-report=html --cov-append
2025-01-22T02:16:54.5006854Z   CODECOV_TOKEN: 
2025-01-22T02:16:54.5007076Z   MAMBA_ROOT_PREFIX: /home/runner/micromamba
2025-01-22T02:16:54.5007385Z   MAMBA_EXE: /home/runner/micromamba-bin/micromamba
2025-01-22T02:16:54.5007780Z   CONDARC: /home/runner/work/_temp/setup-micromamba/.condarc
2025-01-22T02:16:54.5008081Z ##[endgroup]
2025-01-22T02:17:02.8495194Z ============================= test session starts ==============================
2025-01-22T02:17:02.8495924Z platform linux -- Python 3.12.4, pytest-8.2.2, pluggy-1.5.0
2025-01-22T02:17:02.8496621Z rootdir: /home/runner/work/tardis/tardis
2025-01-22T02:17:02.8497101Z configfile: pyproject.toml
2025-01-22T02:17:02.8497678Z plugins: anyio-4.4.0, doctestplus-1.2.1, cov-5.0.0, html-4.1.1, metadata-3.1.1
2025-01-22T02:17:02.8498386Z collected 1796 items / 2 deselected / 1794 selected
2025-01-22T02:17:02.8498739Z 
2025-01-22T02:17:07.6595735Z tardis/energy_input/tests/test_energy_source.py ..xxx                    [  0%]
2025-01-22T02:17:10.6632782Z tardis/energy_input/tests/test_gamma_ray_channel.py ...........          [  0%]
2025-01-22T02:17:12.1915422Z tardis/energy_input/tests/test_gamma_ray_grid.py xx.                     [  1%]
2025-01-22T02:17:13.9271220Z tardis/energy_input/tests/test_gamma_ray_interactions.py xx....          [  1%]
2025-01-22T02:17:13.9364557Z tardis/energy_input/tests/test_gamma_ray_packet_source.py sssssssss      [  1%]
2025-01-22T02:17:15.2012943Z tardis/energy_input/tests/test_util.py .....xxxx.....                    [  2%]
2025-01-22T02:17:15.5446394Z tardis/grid/tests/test_grid.py .                                         [  2%]
2025-01-22T02:17:15.5462521Z tardis/gui/tests/test_gui.py s                                           [  2%]
2025-01-22T02:17:18.9472097Z tardis/io/configuration/tests/test_config_reader.py ...........          [  3%]
2025-01-22T02:17:18.9598956Z tardis/io/configuration/tests/test_configuration_namespace.py .........  [  3%]
2025-01-22T02:17:18.9870998Z tardis/io/logger/tests/test_logging.py ssssssssssssssssssssssssssss      [  5%]
2025-01-22T02:17:55.6246810Z tardis/io/model/readers/tests/test_arepo_parser.py ..                    [  5%]
2025-01-22T02:17:55.6391936Z tardis/io/model/readers/tests/test_ascii_readers.py ...                  [  5%]
2025-01-22T02:17:55.6528759Z tardis/io/model/readers/tests/test_cmfgen_reader.py ..                   [  5%]
2025-01-22T02:17:55.6829531Z tardis/io/model/readers/tests/test_csvy_reader.py ....                   [  6%]
2025-01-22T02:17:55.7039529Z tardis/io/model/readers/tests/test_stella_reader.py ..                   [  6%]
2025-01-22T02:17:56.0100300Z tardis/io/tests/test_HDFWriter.py ...............                        [  7%]
2025-01-22T02:17:56.3140205Z tardis/io/tests/test_atomic.py .....                                     [  7%]
2025-01-22T02:17:56.3333255Z tardis/io/tests/test_decay.py ..                                         [  7%]
2025-01-22T02:17:56.5298103Z tardis/io/tests/test_model_reader.py ......                              [  7%]
2025-01-22T02:17:56.5366361Z tardis/model/geometry/tests/test_radial1d.py ..                          [  7%]
2025-01-22T02:18:53.5484925Z tardis/model/tests/test_base.py ........................................ [ 10%]
2025-01-22T02:18:54.5552329Z ............                                                             [ 10%]
2025-01-22T02:18:57.6618615Z tardis/model/tests/test_csvy_model.py .........                          [ 11%]
2025-01-22T02:18:57.7108841Z tardis/model/tests/test_density.py ..                                    [ 11%]
2025-01-22T02:18:59.0160693Z tardis/opacities/tests/test_opacity_solver.py .....                      [ 11%]
2025-01-22T02:19:00.3305217Z tardis/opacities/tests/test_opacity_state_numba.py .....                 [ 11%]
2025-01-22T02:19:02.2473633Z tardis/opacities/tests/test_tau_sobolev.py ..                            [ 12%]
2025-01-22T02:19:04.9295897Z tardis/plasma/equilibrium/tests/test_collisional_transitions.py ...      [ 12%]
2025-01-22T02:19:50.7171935Z tardis/plasma/equilibrium/tests/test_level_populations.py ....           [ 12%]
2025-01-22T02:20:02.7660917Z tardis/plasma/equilibrium/tests/test_rate_matrix.py .                    [ 12%]
2025-01-22T02:20:04.2197551Z tardis/plasma/tests/test_complete_plasmas.py .....................s..... [ 13%]
2025-01-22T02:20:07.1729448Z s....ssssss............s............ss.....s....ssssss............s..... [ 18%]
2025-01-22T02:20:08.8946164Z .......ss.....s....ssssss............s............ss.....s....ssssss.... [ 22%]
2025-01-22T02:20:11.8066056Z ........s............ss.....s........ss............s............ss.....s [ 26%]
2025-01-22T02:20:14.7345219Z ........ss............s............ss.....s....ssssss............s...... [ 30%]
2025-01-22T02:20:15.4786230Z ......ss.....s....ssssss............s............ss.....s.ss.ssssss..... [ 34%]
2025-01-22T02:20:18.3733507Z .......s............ss.....s....ssssss............s............ss.....s. [ 38%]
2025-01-22T02:20:21.2672660Z ...ssssss............s............ss.....s....ssssss............s....... [ 42%]
2025-01-22T02:20:24.3486318Z .....ss.....s....ssssss............s............s...........ssssss...... [ 46%]
2025-01-22T02:20:26.1614053Z ......s............s...........ssssss............s............s......... [ 50%]
2025-01-22T02:20:29.1237929Z ..ssssss............s............ss.....s....ssssss............s........ [ 54%]
2025-01-22T02:20:32.7497853Z ....ss.....s....ssssss..........................s.....s....ssss......... [ 58%]
2025-01-22T02:20:33.0764376Z ...................s.....s....ssss.......                                [ 60%]
2025-01-22T02:20:33.1997113Z tardis/plasma/tests/test_hdf_plasma.py ................................. [ 62%]
2025-01-22T02:20:33.2115885Z ......                                                                   [ 62%]
2025-01-22T02:20:33.3622620Z tardis/plasma/tests/test_nlte_excitation.py ...                          [ 62%]
2025-01-22T02:22:50.1476920Z tardis/plasma/tests/test_nlte_solver.py .....X                           [ 63%]
2025-01-22T02:22:50.1502920Z tardis/plasma/tests/test_plasma_continuum.py .                           [ 63%]
2025-01-22T02:23:13.4623108Z tardis/plasma/tests/test_plasma_vboundary.py .............               [ 63%]
2025-01-22T02:23:26.9315403Z tardis/plasma/tests/test_tardis_model_density_config.py ...              [ 64%]
2025-01-22T02:23:27.6933559Z tardis/simulation/tests/test_convergence.py .....                        [ 64%]
2025-01-22T02:23:36.2888032Z tardis/simulation/tests/test_simulation.py .............                 [ 65%]
2025-01-22T02:23:36.3086859Z tardis/spectrum/tests/test_cuda_formal_integral.py sssssssssssssssssssss [ 66%]
2025-01-22T02:23:36.7824608Z ssss...ssssssssssssssssssssss                                            [ 67%]
2025-01-22T02:23:36.7896018Z tardis/spectrum/tests/test_luminosity.py ....                            [ 68%]
2025-01-22T02:23:38.3787256Z tardis/spectrum/tests/test_numba_formal_integral.py .................... [ 69%]
2025-01-22T02:23:38.3981045Z ..........                                                               [ 69%]
2025-01-22T02:23:38.5701570Z tardis/spectrum/tests/test_spectrum.py ................................. [ 71%]
2025-01-22T02:23:38.6034678Z .........                                                                [ 72%]
2025-01-22T02:23:57.9003905Z tardis/spectrum/tests/test_spectrum_solver.py ....                       [ 72%]
2025-01-22T02:24:59.7848296Z tardis/tests/test_tardis_full.py ....                                    [ 72%]
2025-01-22T02:26:24.1600046Z tardis/tests/test_tardis_full_formal_integral.py ................        [ 73%]
2025-01-22T02:26:24.2331387Z tardis/tests/test_util.py .............................................  [ 75%]
2025-01-22T02:26:26.9370435Z tardis/transport/montecarlo/tests/test_base.py x.....................    [ 77%]
2025-01-22T02:26:34.6677089Z tardis/transport/montecarlo/tests/test_interaction.py .......            [ 77%]
2025-01-22T02:26:34.8973530Z tardis/transport/montecarlo/tests/test_macro_atom.py ....                [ 77%]
2025-01-22T02:26:34.9147542Z tardis/transport/montecarlo/tests/test_montecarlo.py sssssssssssssssssss [ 78%]
2025-01-22T02:26:34.9559725Z sssssssssssssssssssssssssssssssssssssssssssss                            [ 81%]
2025-01-22T02:26:43.9051218Z tardis/transport/montecarlo/tests/test_montecarlo_main_loop.py x..       [ 81%]
2025-01-22T02:26:43.9119588Z tardis/transport/montecarlo/tests/test_nonhomologous.py ...              [ 81%]
2025-01-22T02:26:50.1293913Z tardis/transport/montecarlo/tests/test_numba_interface.py .....x.        [ 82%]
2025-01-22T02:26:50.6226970Z tardis/transport/montecarlo/tests/test_opacities.py ...............      [ 82%]
2025-01-22T02:26:51.6604574Z tardis/transport/montecarlo/tests/test_packet.py .................xXXXXX [ 84%]
2025-01-22T02:26:51.7960600Z XX.........                                                              [ 84%]
2025-01-22T02:26:51.8239439Z tardis/transport/montecarlo/tests/test_packet_source.py ........         [ 85%]
2025-01-22T02:26:52.1320622Z tardis/transport/montecarlo/tests/test_rpacket_last_interaction_tracker.py . [ 85%]
2025-01-22T02:26:52.5746938Z .....                                                                    [ 85%]
2025-01-22T02:27:27.1806700Z tardis/transport/montecarlo/tests/test_rpacket_tracker.py ......         [ 85%]
2025-01-22T02:27:27.2090136Z tardis/transport/montecarlo/tests/test_single_packet_loop.py xxx         [ 86%]
2025-01-22T02:27:27.2121722Z tardis/transport/montecarlo/tests/test_tracker_utils.py ..               [ 86%]
2025-01-22T02:27:29.6573188Z tardis/transport/montecarlo/tests/test_vpacket.py ..x.                   [ 86%]
2025-01-22T02:27:29.6744361Z tardis/transport/montecarlo/tests/test_weighted_packet_source.py ....    [ 86%]
2025-01-22T02:27:33.1281114Z tardis/transport/montecarlo/tests/test_weighted_packet_source_integration.py . [ 86%]
2025-01-22T02:27:33.1282818Z                                                                          [ 86%]
2025-01-22T02:27:33.8946598Z tardis/transport/tests/test_doppler_factor.py ..................         [ 87%]
2025-01-22T02:27:35.2467624Z tardis/visualization/tools/tests/test_convergence_plot.py .............. [ 88%]
2025-01-22T02:27:37.4851032Z ......                                                                   [ 88%]
2025-01-22T02:27:42.3309325Z tardis/visualization/tools/tests/test_liv_plot.py ...................... [ 90%]
2025-01-22T02:27:45.5035084Z .............................                                            [ 91%]
2025-01-22T02:27:48.3565228Z tardis/visualization/tools/tests/test_rpacket_plot.py .................. [ 92%]
2025-01-22T02:27:55.4327444Z ....                                                                     [ 92%]
2025-01-22T02:28:01.5803111Z tardis/visualization/tools/tests/test_sdec_plot.py ..................... [ 94%]
2025-01-22T02:28:09.1867635Z ..............................                                           [ 95%]
2025-01-22T02:28:10.1370973Z tardis/visualization/widgets/tests/test_custom_abundance.py ........ss.. [ 96%]
2025-01-22T02:28:10.2117457Z ....                                                                     [ 96%]
2025-01-22T02:28:11.2861801Z tardis/visualization/widgets/tests/test_line_info.py ................... [ 97%]
2025-01-22T02:28:11.9282091Z ..................                                                       [ 98%]
2025-01-22T02:29:15.2224018Z tardis/visualization/widgets/tests/test_shell_info.py .................. [ 99%]
2025-01-22T02:29:23.2391461Z ......                                                                   [100%]
2025-01-22T02:29:23.2391920Z 
2025-01-22T02:29:23.2392126Z =============================== warnings summary ===============================
2025-01-22T02:29:23.2392690Z tardis/io/configuration/config_validator.py:6
2025-01-22T02:29:23.2393193Z tardis/io/configuration/config_validator.py:6
2025-01-22T02:29:23.2394039Z   /home/runner/work/tardis/tardis/tardis/io/configuration/config_validator.py:6: DeprecationWarning:
2025-01-22T02:29:23.2395115Z   
2025-01-22T02:29:23.2397178Z   jsonschema.RefResolver is deprecated as of v4.18.0, in favor of the https://github.com/python-jsonschema/referencing library, which provides more compliant referencing behavior as well as more flexible APIs for customization. A future release will remove RefResolver. Please file a feature request (on referencing) if you are missing an API for the kind of customization you need.
2025-01-22T02:29:23.2399237Z 
2025-01-22T02:29:23.2399628Z ../../../micromamba/envs/tardis/lib/python3.12/site-packages/jupyter_client/connect.py:22
2025-01-22T02:29:23.2400775Z   /home/runner/micromamba/envs/tardis/lib/python3.12/site-packages/jupyter_client/connect.py:22: DeprecationWarning:
2025-01-22T02:29:23.2401625Z   
2025-01-22T02:29:23.2402005Z   Jupyter is migrating its paths to use standard platformdirs
2025-01-22T02:29:23.2402655Z   given by the platformdirs library.  To remove this warning and
2025-01-22T02:29:23.2403356Z   see the appropriate new directories, set the environment variable
2025-01-22T02:29:23.2404048Z   `JUPYTER_PLATFORM_DIRS=1` and then run `jupyter --paths`.
2025-01-22T02:29:23.2404881Z   The use of platformdirs will be the default in `jupyter_core` v6
2025-01-22T02:29:23.2405283Z 
2025-01-22T02:29:23.2412392Z tardis/io/tests/test_HDFWriter.py::test_multi_index_write
2025-01-22T02:29:23.2413260Z tardis/visualization/widgets/tests/test_shell_info.py::TestHDFShellInfo::test_shells_data
2025-01-22T02:29:23.2414404Z   /home/runner/work/tardis/tardis/tardis/io/util.py:276: PerformanceWarning:
2025-01-22T02:29:23.2415034Z   
2025-01-22T02:29:23.2415289Z   
2025-01-22T02:29:23.2415786Z   your performance may suffer as PyTables will pickle object types that it cannot
2025-01-22T02:29:23.2416726Z   map directly to c-types [inferred_type->mixed,key->block0_values] [items->Index([0], dtype='int64')]
2025-01-22T02:29:23.2417327Z 
2025-01-22T02:29:23.2417663Z tardis/io/tests/test_model_reader.py::test_read_cmfgen_isotope_abundances
2025-01-22T02:29:23.2418517Z tardis/plasma/tests/test_tardis_model_density_config.py::test_electron_densities
2025-01-22T02:29:23.2419427Z tardis/plasma/tests/test_tardis_model_density_config.py::test_isotope_number_densities
2025-01-22T02:29:23.2420272Z tardis/plasma/tests/test_tardis_model_density_config.py::test_t_rad
2025-01-22T02:29:23.2421253Z   /home/runner/work/tardis/tardis/tardis/io/model/readers/cmfgen_deprecated.py:82: DeprecationWarning:
2025-01-22T02:29:23.2422043Z   
2025-01-22T02:29:23.2422366Z   The current CMFGEN model parser is deprecated
2025-01-22T02:29:23.2422691Z 
2025-01-22T02:29:23.2422880Z tardis/io/tests/test_model_reader.py: 1 warning
2025-01-22T02:29:23.2423501Z tardis/plasma/tests/test_tardis_model_density_config.py: 9 warnings
2025-01-22T02:29:23.2424659Z   /home/runner/work/tardis/tardis/tardis/io/model/readers/cmfgen_deprecated.py:40: DeprecationWarning:
2025-01-22T02:29:23.2425804Z   
2025-01-22T02:29:23.2426150Z   The current CMFGEN model parser is deprecated
2025-01-22T02:29:23.2426502Z 
2025-01-22T02:29:23.2426874Z tardis/model/tests/test_base.py::TestModelFromPaper1Config::test_abundances
2025-01-22T02:29:23.2428049Z   /home/runner/work/tardis/tardis/tardis/transport/montecarlo/montecarlo_main_loop.py:123: NumbaTypeSafetyWarning:
2025-01-22T02:29:23.2428905Z   
2025-01-22T02:29:23.2429855Z   [1m[1m[1munsafe cast from uint64 to int64. Precision may be lost.[0m[0m[0m
2025-01-22T02:29:23.2430288Z 
2025-01-22T02:29:23.2430441Z tardis/model/tests/test_base.py: 6 warnings
2025-01-22T02:29:23.2430895Z tardis/model/tests/test_csvy_model.py: 2 warnings
2025-01-22T02:29:23.2431524Z tardis/plasma/tests/test_tardis_model_density_config.py: 3 warnings
2025-01-22T02:29:23.2432378Z   /home/runner/work/tardis/tardis/tardis/model/geometry/radial1d.py:50: DeprecationWarning:
2025-01-22T02:29:23.2433071Z   
2025-01-22T02:29:23.2433383Z   v_inner_boundary < 0, assuming default value
2025-01-22T02:29:23.2433705Z 
2025-01-22T02:29:23.2433875Z tardis/model/tests/test_base.py: 6 warnings
2025-01-22T02:29:23.2434563Z tardis/model/tests/test_csvy_model.py: 2 warnings
2025-01-22T02:29:23.2435169Z tardis/plasma/tests/test_tardis_model_density_config.py: 3 warnings
2025-01-22T02:29:23.2436025Z   /home/runner/work/tardis/tardis/tardis/model/geometry/radial1d.py:61: DeprecationWarning:
2025-01-22T02:29:23.2436716Z   
2025-01-22T02:29:23.2437027Z   v_outer_boundary < 0, assuming default value
2025-01-22T02:29:23.2437330Z 
2025-01-22T02:29:23.2438106Z tardis/plasma/equilibrium/tests/test_level_populations.py::TestLevelPopulationSolver::test_solve[collisional_rate_solver0-radiative_transitions0]
2025-01-22T02:29:23.2439488Z   /home/runner/work/tardis/tardis/tardis/plasma/equilibrium/level_populations.py:65: FutureWarning:
2025-01-22T02:29:23.2440239Z   
2025-01-22T02:29:23.2440813Z   A value is trying to be set on a copy of a DataFrame or Series through chained assignment using an inplace method.
2025-01-22T02:29:23.2442127Z   The behavior will change in pandas 3.0. This inplace method will never work because the intermediate object on which we are setting values always behaves as a copy.
2025-01-22T02:29:23.2443097Z   
2025-01-22T02:29:23.2444253Z   For example, when doing 'df[col].method(value, inplace=True)', try using 'df.method({col: value}, inplace=True)' or df[col] = df[col].method(value) instead, to perform the operation inplace on the original object.
2025-01-22T02:29:23.2445288Z 
2025-01-22T02:29:23.2445535Z tardis/plasma/tests/test_complete_plasmas.py: 20 warnings
2025-01-22T02:29:23.2446377Z   /home/runner/work/tardis/tardis/tardis/plasma/tests/test_complete_plasmas.py:197: UserWarning:
2025-01-22T02:29:23.2447097Z   
2025-01-22T02:29:23.2447377Z   Property "atomic_mass" not found
2025-01-22T02:29:23.2447636Z 
2025-01-22T02:29:23.2448367Z tardis/plasma/tests/test_complete_plasmas.py::TestPlasma::test_plasma_properties[radiative_rates_type:detailed-w_epsilon:1e-10-j_blues_norm_factor]
2025-01-22T02:29:23.2449893Z tardis/plasma/tests/test_complete_plasmas.py::TestPlasma::test_plasma_properties[radiative_rates_type:detailed-j_blues_norm_factor]
2025-01-22T02:29:23.2451148Z   /home/runner/work/tardis/tardis/tardis/plasma/tests/test_complete_plasmas.py:197: UserWarning:
2025-01-22T02:29:23.2451866Z   
2025-01-22T02:29:23.2452165Z   Property "j_blues_norm_factor" not found
2025-01-22T02:29:23.2452466Z 
2025-01-22T02:29:23.2453179Z tardis/plasma/tests/test_complete_plasmas.py::TestPlasma::test_plasma_properties[radiative_rates_type:detailed-w_epsilon:1e-10-j_blue_estimator]
2025-01-22T02:29:23.2454726Z tardis/plasma/tests/test_complete_plasmas.py::TestPlasma::test_plasma_properties[radiative_rates_type:detailed-j_blue_estimator]
2025-01-22T02:29:23.2455876Z   /home/runner/work/tardis/tardis/tardis/plasma/tests/test_complete_plasmas.py:197: UserWarning:
2025-01-22T02:29:23.2456582Z   
2025-01-22T02:29:23.2456860Z   Property "j_blue_estimator" not found
2025-01-22T02:29:23.2457360Z 
2025-01-22T02:29:23.2458004Z tardis/plasma/tests/test_complete_plasmas.py::TestPlasma::test_plasma_properties[radiative_rates_type:detailed-w_epsilon:1e-10-volume]
2025-01-22T02:29:23.2459391Z tardis/plasma/tests/test_complete_plasmas.py::TestPlasma::test_plasma_properties[radiative_rates_type:detailed-volume]
2025-01-22T02:29:23.2460578Z   /home/runner/work/tardis/tardis/tardis/plasma/tests/test_complete_plasmas.py:197: UserWarning:
2025-01-22T02:29:23.2461259Z   
2025-01-22T02:29:23.2461686Z   Property "volume" not found
2025-01-22T02:29:23.2461933Z 
2025-01-22T02:29:23.2462553Z tardis/plasma/tests/test_complete_plasmas.py::TestPlasma::test_plasma_properties[radiative_rates_type:detailed-w_epsilon:1e-10-r_inner]
2025-01-22T02:29:23.2463831Z tardis/plasma/tests/test_complete_plasmas.py::TestPlasma::test_plasma_properties[radiative_rates_type:detailed-r_inner]
2025-01-22T02:29:23.2465125Z   /home/runner/work/tardis/tardis/tardis/plasma/tests/test_complete_plasmas.py:197: UserWarning:
2025-01-22T02:29:23.2465822Z   
2025-01-22T02:29:23.2466071Z   Property "r_inner" not found
2025-01-22T02:29:23.2466297Z 
2025-01-22T02:29:23.2466621Z tardis/plasma/tests/test_plasma_vboundary.py::test_plasma_vboundary[2900-3750]
2025-01-22T02:29:23.2467385Z tardis/plasma/tests/test_plasma_vboundary.py::test_plasma_vboundary[2900-3850]
2025-01-22T02:29:23.2468132Z tardis/plasma/tests/test_plasma_vboundary.py::test_plasma_vboundary[2900-3900]
2025-01-22T02:29:23.2468939Z   /home/runner/work/tardis/tardis/tardis/model/geometry/radial1d.py:71: UserWarning:
2025-01-22T02:29:23.2469542Z   
2025-01-22T02:29:23.2469957Z   Requesting inner boundary below inner shell. Extrapolating the inner cell
2025-01-22T02:29:23.2470382Z 
2025-01-22T02:29:23.2470710Z tardis/spectrum/tests/test_spectrum_solver.py::TestSpectrumSolver::test_solve
2025-01-22T02:29:23.2471477Z   /home/runner/work/tardis/tardis/tardis/spectrum/base.py:70: UserWarning:
2025-01-22T02:29:23.2471988Z   
2025-01-22T02:29:23.2472601Z   SpectrumSolver.spectrum_virtual_packets is zero. Please run the montecarlo simulation with no_of_virtual_packets > 0
2025-01-22T02:29:23.2473267Z 
2025-01-22T02:29:23.2473587Z tardis/spectrum/tests/test_spectrum_solver.py::TestSpectrumSolver::test_solve
2025-01-22T02:29:23.2474500Z   /home/runner/work/tardis/tardis/tardis/spectrum/base.py:111: UserWarning:
2025-01-22T02:29:23.2475042Z   
2025-01-22T02:29:23.2475708Z   SpectrumSolver.integrator: The FormalIntegrator is not yet available.Please run the montecarlo simulation at least once.
2025-01-22T02:29:23.2476389Z 
2025-01-22T02:29:23.2476724Z tardis/transport/montecarlo/tests/test_vpacket.py::test_trace_vpacket_volley
2025-01-22T02:29:23.2477385Z   <string>:3: NumbaPendingDeprecationWarning:
2025-01-22T02:29:23.2477772Z   
2025-01-22T02:29:23.2479631Z   [1m[1mCode using Numba extension API maybe depending on 'old_style' error-capturing, which is deprecated and will be replaced by 'new_style' in a future release. See details at https://numba.readthedocs.io/en/latest/reference/deprecation.html#deprecation-of-old-style-numba-captured-errors
2025-01-22T02:29:23.2481261Z   Exception origin:
2025-01-22T02:29:23.2481804Z     File "/home/runner/micromamba/envs/tardis/lib/python3.12/inspect.py", line 3180, in _bind
2025-01-22T02:29:23.2482432Z       raise TypeError(msg) from None
2025-01-22T02:29:23.2482816Z   [0m[0m
2025-01-22T02:29:23.2482955Z 
2025-01-22T02:29:23.2483465Z tardis/visualization/tools/tests/test_sdec_plot.py::TestSDECPlotter::test_mpl_image[plotter_generate_plot_mpl4]
2025-01-22T02:29:23.2484681Z   /home/runner/work/tardis/tardis/tardis/visualization/tools/sdec_plot.py:1225: RuntimeWarning:
2025-01-22T02:29:23.2485334Z   
2025-01-22T02:29:23.2486785Z   More than 20 figures have been opened. Figures created through the pyplot interface (`matplotlib.pyplot.figure`) are retained until explicitly closed and may consume too much memory. (To control this warning, see the rcParam `figure.max_open_warning`). Consider using `matplotlib.pyplot.close()`.
2025-01-22T02:29:23.2488297Z 
2025-01-22T02:29:23.2489089Z tardis/visualization/widgets/tests/test_custom_abundance.py::TestCustomAbundanceWidget::test_update_input_item_value
2025-01-22T02:29:23.2490334Z tardis/visualization/widgets/tests/test_custom_abundance.py::TestCustomAbundanceWidget::test_update_input_item_value
2025-01-22T02:29:23.2491564Z tardis/visualization/widgets/tests/test_custom_abundance.py::TestCustomAbundanceWidget::test_update_input_item_value
2025-01-22T02:29:23.2492991Z tardis/visualization/widgets/tests/test_custom_abundance.py::TestCustomAbundanceWidget::test_update_input_item_value
2025-01-22T02:29:23.2494358Z tardis/visualization/widgets/tests/test_custom_abundance.py::TestCustomAbundanceWidget::test_update_input_item_value
2025-01-22T02:29:23.2495570Z tardis/visualization/widgets/tests/test_custom_abundance.py::TestCustomAbundanceWidget::test_update_input_item_value
2025-01-22T02:29:23.2496816Z   /home/runner/micromamba/envs/tardis/lib/python3.12/site-packages/traitlets/traitlets.py:1385: DeprecationWarning:
2025-01-22T02:29:23.2497592Z   
2025-01-22T02:29:23.2498010Z   Passing unrecognized arguments to super(Checkbox).__init__(icon='lock').
2025-01-22T02:29:23.2498693Z   object.__init__() takes exactly one argument (the instance to initialize)
2025-01-22T02:29:23.2499435Z   This is deprecated in traitlets 4.2.This error will be raised in a future release of traitlets.
2025-01-22T02:29:23.2499949Z 
2025-01-22T02:29:23.2500528Z tardis/visualization/widgets/tests/test_custom_abundance.py::TestCustomAbundanceWidget::test_update_input_item_value
2025-01-22T02:29:23.2501698Z tardis/visualization/widgets/tests/test_custom_abundance.py::TestCustomAbundanceWidget::test_update_input_item_value
2025-01-22T02:29:23.2502895Z   /home/runner/micromamba/envs/tardis/lib/python3.12/site-packages/traitlets/traitlets.py:1385: DeprecationWarning:
2025-01-22T02:29:23.2503633Z   
2025-01-22T02:29:23.2504002Z   Passing unrecognized arguments to super(FloatText).__init__(min=0).
2025-01-22T02:29:23.2504792Z   object.__init__() takes exactly one argument (the instance to initialize)
2025-01-22T02:29:23.2505529Z   This is deprecated in traitlets 4.2.This error will be raised in a future release of traitlets.
2025-01-22T02:29:23.2506046Z 
2025-01-22T02:29:23.2506614Z tardis/visualization/widgets/tests/test_custom_abundance.py::TestCustomAbundanceWidget::test_update_input_item_value
2025-01-22T02:29:23.2507814Z   /home/runner/micromamba/envs/tardis/lib/python3.12/site-packages/traitlets/traitlets.py:1385: DeprecationWarning:
2025-01-22T02:29:23.2508574Z   
2025-01-22T02:29:23.2508968Z   Passing unrecognized arguments to super(HTML).__init__(indent=True).
2025-01-22T02:29:23.2509658Z   object.__init__() takes exactly one argument (the instance to initialize)
2025-01-22T02:29:23.2510378Z   This is deprecated in traitlets 4.2.This error will be raised in a future release of traitlets.
2025-01-22T02:29:23.2510873Z 
2025-01-22T02:29:23.2511519Z tardis/visualization/widgets/tests/test_line_info.py::TestLineInfoWidgetData::test_get_species_interactions[wavelength_range0-packet_out_nu]
2025-01-22T02:29:23.2512827Z   /home/runner/micromamba/envs/tardis/lib/python3.12/site-packages/qgridnext/grid.py:830: DeprecationWarning:
2025-01-22T02:29:23.2513579Z   
2025-01-22T02:29:23.2514302Z   QgridWidget._show_toolbar_changed is deprecated in traitlets 4.1: use @observe and @unobserve instead.
2025-01-22T02:29:23.2514862Z 
2025-01-22T02:29:23.2515272Z tardis/visualization/widgets/tests/test_shell_info.py::TestHDFShellInfo::test_shells_data
2025-01-22T02:29:23.2516118Z   /home/runner/work/tardis/tardis/tardis/io/util.py:289: PerformanceWarning:
2025-01-22T02:29:23.2516654Z   
2025-01-22T02:29:23.2516875Z   
2025-01-22T02:29:23.2517312Z   your performance may suffer as PyTables will pickle object types that it cannot
2025-01-22T02:29:23.2518150Z   map directly to c-types [inferred_type->mixed,key->block0_values] [items->Index([0], dtype='int64')]
2025-01-22T02:29:23.2518667Z 
2025-01-22T02:29:23.2519069Z tardis/visualization/widgets/tests/test_shell_info.py::TestHDFShellInfo::test_shells_data
2025-01-22T02:29:23.2520129Z   /home/runner/work/tardis/tardis/tardis/io/util.py:292: PerformanceWarning:
2025-01-22T02:29:23.2520672Z   
2025-01-22T02:29:23.2520890Z   
2025-01-22T02:29:23.2521312Z   your performance may suffer as PyTables will pickle object types that it cannot
2025-01-22T02:29:23.2522000Z   map directly to c-types [inferred_type->mixed,key->values] [items->None]
2025-01-22T02:29:23.2522395Z 
2025-01-22T02:29:23.2522952Z tardis/visualization/widgets/tests/test_shell_info.py::TestHDFShellInfo::test_shells_data
2025-01-22T02:29:23.2523859Z   /home/runner/work/tardis/tardis/tardis/spectrum/formal_integral.py:402: UserWarning:
2025-01-22T02:29:23.2524893Z   
2025-01-22T02:29:23.2525242Z   The number of interpolate_shells was not specified. The value was set to 80.
2025-01-22T02:29:23.2525576Z 
2025-01-22T02:29:23.2525800Z -- Docs: https://docs.pytest.org/en/stable/how-to/capture-warnings.html
2025-01-22T02:29:23.2526119Z 
2025-01-22T02:29:23.2526307Z ---------- coverage: platform linux, python 3.12.4-final-0 -----------
2025-01-22T02:29:23.2526726Z Coverage HTML written to dir coverage_html_report
2025-01-22T02:29:23.2527056Z Coverage XML written to file coverage.xml
2025-01-22T02:29:23.2527254Z 
2025-01-22T02:29:23.2527519Z = 1438 passed, 329 skipped, 2 deselected, 19 xfailed, 8 xpassed, 91 warnings in 741.98s (0:12:21) =
2025-01-22T02:29:25.3781984Z ##[group]Run mv .coverage .coverage.2
2025-01-22T02:29:25.3782321Z [36;1mmv .coverage .coverage.2[0m
2025-01-22T02:29:25.3813486Z shell: /usr/bin/bash -l {0}
2025-01-22T02:29:25.3813722Z env:
2025-01-22T02:29:25.3813892Z   CACHE_NUMBER: 0
2025-01-22T02:29:25.3814713Z   PYTEST_FLAGS: --tardis-regression-data=/home/runner/work/tardis/tardis/tardis-regression-data --cov=tardis --cov-report=xml --cov-report=html --cov-append
2025-01-22T02:29:25.3815360Z   CODECOV_TOKEN: 
2025-01-22T02:29:25.3815579Z   MAMBA_ROOT_PREFIX: /home/runner/micromamba
2025-01-22T02:29:25.3815881Z   MAMBA_EXE: /home/runner/micromamba-bin/micromamba
2025-01-22T02:29:25.3816245Z   CONDARC: /home/runner/work/_temp/setup-micromamba/.condarc
2025-01-22T02:29:25.3816540Z ##[endgroup]
2025-01-22T02:29:25.4945473Z ##[group]Run actions/upload-artifact@v4
2025-01-22T02:29:25.4945770Z with:
2025-01-22T02:29:25.4945990Z   name: coverage-not-continuum-ubuntu-latest
2025-01-22T02:29:25.4946276Z   include-hidden-files: true
2025-01-22T02:29:25.4946518Z   path: .coverage*
!.coveragerc

2025-01-22T02:29:25.4946759Z   if-no-files-found: warn
2025-01-22T02:29:25.4946979Z   compression-level: 6
2025-01-22T02:29:25.4947182Z   overwrite: false
2025-01-22T02:29:25.4947363Z env:
2025-01-22T02:29:25.4947524Z   CACHE_NUMBER: 0
2025-01-22T02:29:25.4948123Z   PYTEST_FLAGS: --tardis-regression-data=/home/runner/work/tardis/tardis/tardis-regression-data --cov=tardis --cov-report=xml --cov-report=html --cov-append
2025-01-22T02:29:25.4948759Z   CODECOV_TOKEN: 
2025-01-22T02:29:25.4948972Z   MAMBA_ROOT_PREFIX: /home/runner/micromamba
2025-01-22T02:29:25.4949267Z   MAMBA_EXE: /home/runner/micromamba-bin/micromamba
2025-01-22T02:29:25.4949618Z   CONDARC: /home/runner/work/_temp/setup-micromamba/.condarc
2025-01-22T02:29:25.4949943Z ##[endgroup]
2025-01-22T02:29:25.7222261Z With the provided path, there will be 1 file uploaded
2025-01-22T02:29:25.7227915Z Artifact name is valid!
2025-01-22T02:29:25.7229559Z Root directory input is valid!
2025-01-22T02:29:25.8352007Z Beginning upload of artifact content to blob storage
2025-01-22T02:29:25.9862223Z Uploaded bytes 19733
2025-01-22T02:29:26.0056886Z Finished uploading artifact content to blob storage!
2025-01-22T02:29:26.0059879Z SHA256 hash of uploaded artifact zip is 6bf04401d66474e0c974c4c112da96e73e1da4a25a3ce0e9dfdeb218a7425a89
2025-01-22T02:29:26.0061592Z Finalizing artifact upload
2025-01-22T02:29:26.0721071Z Artifact coverage-not-continuum-ubuntu-latest.zip successfully finalized. Artifact ID 2465462274
2025-01-22T02:29:26.0722630Z Artifact coverage-not-continuum-ubuntu-latest has been successfully uploaded! Final size is 19733 bytes. Artifact ID is 2465462274
2025-01-22T02:29:26.0730076Z Artifact download URL: https://github.com/tardis-sn/tardis/actions/runs/12899807029/artifacts/2465462274
2025-01-22T02:29:26.0874829Z Post job cleanup.
2025-01-22T02:29:26.0923799Z Post job cleanup.
2025-01-22T02:29:26.2304485Z Will use pre-installed micromamba at /home/runner/micromamba-bin/micromamba
2025-01-22T02:29:26.2311459Z Removing micromamba run shell ...
2025-01-22T02:29:26.2315508Z ##[group]Deinitialize micromamba for bash
2025-01-22T02:29:26.2333873Z [command]/home/runner/micromamba-bin/micromamba shell deinit -s bash -r /home/runner/micromamba --log-level warning --rc-file /home/runner/work/_temp/setup-micromamba/.condarc
2025-01-22T02:29:26.2433231Z Resetting RC file "/home/runner/.bashrc"
2025-01-22T02:29:26.2434747Z Deleting config for root prefix 
2025-01-22T02:29:26.2435232Z Clearing mamba executable environment variable
2025-01-22T02:29:26.2437089Z Removing the following in your "/home/runner/.bashrc" file
2025-01-22T02:29:26.2437902Z # >>> mamba initialize >>>
2025-01-22T02:29:26.2438596Z ...
2025-01-22T02:29:26.2439085Z # <<< mamba initialize <<<
2025-01-22T02:29:26.2468096Z Removing mamba initialize block from .bash_profile
2025-01-22T02:29:26.2487949Z ##[endgroup]
2025-01-22T02:29:26.2492466Z Removing environment tardis from auto-activate bash ...
2025-01-22T02:29:26.2622273Z Post job cleanup.
2025-01-22T02:29:26.2658941Z Post job cleanup.
2025-01-22T02:29:26.3649672Z [command]/usr/bin/git version
2025-01-22T02:29:26.3685993Z git version 2.47.1
2025-01-22T02:29:26.3734338Z Temporarily overriding HOME='/home/runner/work/_temp/67e82a9e-128e-4fec-ac1c-2f5481472583' before making global git config changes
2025-01-22T02:29:26.3735521Z Adding repository directory to the temporary git global config as a safe directory
2025-01-22T02:29:26.3739707Z [command]/usr/bin/git config --global --add safe.directory /home/runner/work/tardis/tardis/tardis-regression-data
2025-01-22T02:29:26.3773832Z [command]/usr/bin/git config --local --name-only --get-regexp core\.sshCommand
2025-01-22T02:29:26.3806455Z [command]/usr/bin/git submodule foreach --recursive sh -c "git config --local --name-only --get-regexp 'core\.sshCommand' && git config --local --unset-all 'core.sshCommand' || :"
2025-01-22T02:29:26.4033958Z [command]/usr/bin/git config --local --name-only --get-regexp http\.https\:\/\/github\.com\/\.extraheader
2025-01-22T02:29:26.4054580Z http.https://github.com/.extraheader
2025-01-22T02:29:26.4068038Z [command]/usr/bin/git config --local --unset-all http.https://github.com/.extraheader
2025-01-22T02:29:26.4101159Z [command]/usr/bin/git submodule foreach --recursive sh -c "git config --local --name-only --get-regexp 'http\.https\:\/\/github\.com\/\.extraheader' && git config --local --unset-all 'http.https://github.com/.extraheader' || :"
2025-01-22T02:29:26.4443223Z Post job cleanup.
2025-01-22T02:29:26.5381606Z [command]/usr/bin/git version
2025-01-22T02:29:26.5417513Z git version 2.47.1
2025-01-22T02:29:26.5460527Z Temporarily overriding HOME='/home/runner/work/_temp/17ed5d85-5a96-43c1-9258-7f66799c30d2' before making global git config changes
2025-01-22T02:29:26.5461850Z Adding repository directory to the temporary git global config as a safe directory
2025-01-22T02:29:26.5473539Z [command]/usr/bin/git config --global --add safe.directory /home/runner/work/tardis/tardis
2025-01-22T02:29:26.5508248Z [command]/usr/bin/git config --local --name-only --get-regexp core\.sshCommand
2025-01-22T02:29:26.5539941Z [command]/usr/bin/git submodule foreach --recursive sh -c "git config --local --name-only --get-regexp 'core\.sshCommand' && git config --local --unset-all 'core.sshCommand' || :"
2025-01-22T02:29:26.5790886Z [command]/usr/bin/git config --local --name-only --get-regexp http\.https\:\/\/github\.com\/\.extraheader
2025-01-22T02:29:26.5813540Z http.https://github.com/.extraheader
2025-01-22T02:29:26.5826144Z [command]/usr/bin/git config --local --unset-all http.https://github.com/.extraheader
2025-01-22T02:29:26.5858880Z [command]/usr/bin/git submodule foreach --recursive sh -c "git config --local --name-only --get-regexp 'http\.https\:\/\/github\.com\/\.extraheader' && git config --local --unset-all 'http.https://github.com/.extraheader' || :"
2025-01-22T02:29:26.6215972Z Cleaning up orphan processes
