2025-03-03T10:11:42.1175825Z Requested labels: macos-latest
2025-03-03T10:11:42.1176139Z Job defined at: tardis-sn/tardis/.github/workflows/tests.yml@refs/pull/2872/merge
2025-03-03T10:11:42.1176241Z Waiting for a runner to pick up this job...
2025-03-03T10:11:42.6242630Z Job is waiting for a hosted runner to come online.
2025-03-03T10:11:44.5748901Z Job is about to start running on the hosted runner: GitHub Actions 47 (hosted)
2025-03-03T10:11:45.6471700Z Current runner version: '2.322.0'
2025-03-03T10:11:45.6514790Z ##[group]Operating System
2025-03-03T10:11:45.6515290Z macOS
2025-03-03T10:11:45.6515600Z 14.7.2
2025-03-03T10:11:45.6515900Z 23H311
2025-03-03T10:11:45.6516200Z ##[endgroup]
2025-03-03T10:11:45.6516510Z ##[group]Runner Image
2025-03-03T10:11:45.6516850Z Image: macos-14-arm64
2025-03-03T10:11:45.6517190Z Version: 20250120.774
2025-03-03T10:11:45.6517880Z Included Software: https://github.com/actions/runner-images/blob/macos-14-arm64/20250120.774/images/macos/macos-14-arm64-Readme.md
2025-03-03T10:11:45.6518840Z Image Release: https://github.com/actions/runner-images/releases/tag/macos-14-arm64%2F20250120.774
2025-03-03T10:11:45.6519430Z ##[endgroup]
2025-03-03T10:11:45.6519760Z ##[group]Runner Image Provisioner
2025-03-03T10:11:45.6520160Z 2.0.422.1+55c30c14fe2a0a1547db1b656933ae07d97649a9
2025-03-03T10:11:45.6520560Z ##[endgroup]
2025-03-03T10:11:45.6521890Z ##[group]GITHUB_TOKEN Permissions
2025-03-03T10:11:45.6522940Z Actions: read
2025-03-03T10:11:45.6523270Z Attestations: read
2025-03-03T10:11:45.6523580Z Checks: read
2025-03-03T10:11:45.6523880Z Contents: read
2025-03-03T10:11:45.6524190Z Deployments: read
2025-03-03T10:11:45.6524490Z Discussions: read
2025-03-03T10:11:45.6524800Z Issues: read
2025-03-03T10:11:45.6525100Z Metadata: read
2025-03-03T10:11:45.6525410Z Packages: read
2025-03-03T10:11:45.6525710Z Pages: read
2025-03-03T10:11:45.6526020Z PullRequests: read
2025-03-03T10:11:45.6526360Z RepositoryProjects: read
2025-03-03T10:11:45.6526710Z SecurityEvents: read
2025-03-03T10:11:45.6527040Z Statuses: read
2025-03-03T10:11:45.6527370Z ##[endgroup]
2025-03-03T10:11:45.6529390Z Secret source: None
2025-03-03T10:11:45.6529780Z Prepare workflow directory
2025-03-03T10:11:45.6981060Z Prepare all required actions
2025-03-03T10:11:45.7006880Z Getting action download info
2025-03-03T10:11:45.8720670Z Download action repository 'actions/checkout@v4' (SHA:11bd71901bbe5b1630ceea73d27597364c9af683)
2025-03-03T10:11:46.0509670Z Download action repository 'actions/upload-artifact@v4' (SHA:4cec3d8aa04e39d1a68397de0c4cd6fb9dce8ec1)
2025-03-03T10:11:47.2505670Z Complete job name:  continuum macos-latest 
2025-03-03T10:11:47.2886140Z ##[group]Run actions/checkout@v4
2025-03-03T10:11:47.2886700Z with:
2025-03-03T10:11:47.2887020Z   repository: tardis-sn/tardis
2025-03-03T10:11:47.2887510Z   token: ***
2025-03-03T10:11:47.2887810Z   ssh-strict: true
2025-03-03T10:11:47.2888130Z   ssh-user: git
2025-03-03T10:11:47.2888430Z   persist-credentials: true
2025-03-03T10:11:47.2888760Z   clean: true
2025-03-03T10:11:47.2889060Z   sparse-checkout-cone-mode: true
2025-03-03T10:11:47.2889420Z   fetch-depth: 1
2025-03-03T10:11:47.2889720Z   fetch-tags: false
2025-03-03T10:11:47.2890030Z   show-progress: true
2025-03-03T10:11:47.2890330Z   lfs: false
2025-03-03T10:11:47.2890630Z   submodules: false
2025-03-03T10:11:47.2890940Z   set-safe-directory: true
2025-03-03T10:11:47.2891370Z env:
2025-03-03T10:11:47.2891640Z   CACHE_NUMBER: 0
2025-03-03T10:11:47.2892540Z   PYTEST_FLAGS: --tardis-regression-data=/Users/runner/work/tardis/tardis/tardis-regression-data --cov=tardis --cov-report=xml --cov-report=html --cov-append
2025-03-03T10:11:47.2893430Z   CODECOV_TOKEN: 
2025-03-03T10:11:47.2893730Z ##[endgroup]
2025-03-03T10:11:47.5827640Z Syncing repository: tardis-sn/tardis
2025-03-03T10:11:47.5828930Z ##[group]Getting Git version info
2025-03-03T10:11:47.5829440Z Working directory is '/Users/runner/work/tardis/tardis'
2025-03-03T10:11:47.5830180Z [command]/opt/homebrew/bin/git version
2025-03-03T10:11:47.6372590Z git version 2.48.1
2025-03-03T10:11:47.6402470Z ##[endgroup]
2025-03-03T10:11:47.6407580Z Copying '/Users/runner/.gitconfig' to '/Users/runner/work/_temp/389f0bc0-c666-4a78-95c9-7b5aec7a9028/.gitconfig'
2025-03-03T10:11:47.6413820Z Temporarily overriding HOME='/Users/runner/work/_temp/389f0bc0-c666-4a78-95c9-7b5aec7a9028' before making global git config changes
2025-03-03T10:11:47.6415200Z Adding repository directory to the temporary git global config as a safe directory
2025-03-03T10:11:47.6418140Z [command]/opt/homebrew/bin/git config --global --add safe.directory /Users/runner/work/tardis/tardis
2025-03-03T10:11:47.6622840Z Deleting the contents of '/Users/runner/work/tardis/tardis'
2025-03-03T10:11:47.6625280Z ##[group]Initializing the repository
2025-03-03T10:11:47.6629210Z [command]/opt/homebrew/bin/git init /Users/runner/work/tardis/tardis
2025-03-03T10:11:47.6782570Z hint: Using 'master' as the name for the initial branch. This default branch name
2025-03-03T10:11:47.6783590Z hint: is subject to change. To configure the initial branch name to use in all
2025-03-03T10:11:47.6784400Z hint: of your new repositories, which will suppress this warning, call:
2025-03-03T10:11:47.6784950Z hint:
2025-03-03T10:11:47.6785380Z hint: 	git config --global init.defaultBranch <name>
2025-03-03T10:11:47.6785890Z hint:
2025-03-03T10:11:47.6786350Z hint: Names commonly chosen instead of 'master' are 'main', 'trunk' and
2025-03-03T10:11:47.6787040Z hint: 'development'. The just-created branch can be renamed via this command:
2025-03-03T10:11:47.6787640Z hint:
2025-03-03T10:11:47.6787970Z hint: 	git branch -m <name>
2025-03-03T10:11:47.6788520Z Initialized empty Git repository in /Users/runner/work/tardis/tardis/.git/
2025-03-03T10:11:47.6791770Z [command]/opt/homebrew/bin/git remote add origin https://github.com/tardis-sn/tardis
2025-03-03T10:11:47.6841710Z ##[endgroup]
2025-03-03T10:11:47.6842350Z ##[group]Disabling automatic garbage collection
2025-03-03T10:11:47.6844480Z [command]/opt/homebrew/bin/git config --local gc.auto 0
2025-03-03T10:11:47.6883070Z ##[endgroup]
2025-03-03T10:11:47.6883650Z ##[group]Setting up auth
2025-03-03T10:11:47.6887620Z [command]/opt/homebrew/bin/git config --local --name-only --get-regexp core\.sshCommand
2025-03-03T10:11:47.6931610Z [command]/opt/homebrew/bin/git submodule foreach --recursive sh -c "git config --local --name-only --get-regexp 'core\.sshCommand' && git config --local --unset-all 'core.sshCommand' || :"
2025-03-03T10:11:47.7543480Z [command]/opt/homebrew/bin/git config --local --name-only --get-regexp http\.https\:\/\/github\.com\/\.extraheader
2025-03-03T10:11:47.7580670Z [command]/opt/homebrew/bin/git submodule foreach --recursive sh -c "git config --local --name-only --get-regexp 'http\.https\:\/\/github\.com\/\.extraheader' && git config --local --unset-all 'http.https://github.com/.extraheader' || :"
2025-03-03T10:11:47.8136290Z [command]/opt/homebrew/bin/git config --local http.https://github.com/.extraheader AUTHORIZATION: basic ***
2025-03-03T10:11:47.8211600Z ##[endgroup]
2025-03-03T10:11:47.8212860Z ##[group]Fetching the repository
2025-03-03T10:11:47.8219200Z [command]/opt/homebrew/bin/git -c protocol.version=2 fetch --no-tags --prune --no-recurse-submodules --depth=1 origin +c42c0541d2897f77bc9fae34010a685d41fa66b4:refs/remotes/pull/2872/merge
2025-03-03T10:11:49.9633880Z From https://github.com/tardis-sn/tardis
2025-03-03T10:11:49.9635120Z  * [new ref]         c42c0541d2897f77bc9fae34010a685d41fa66b4 -> pull/2872/merge
2025-03-03T10:11:49.9681540Z ##[endgroup]
2025-03-03T10:11:49.9682350Z ##[group]Determining the checkout info
2025-03-03T10:11:49.9683220Z ##[endgroup]
2025-03-03T10:11:49.9685340Z [command]/opt/homebrew/bin/git sparse-checkout disable
2025-03-03T10:11:49.9739500Z [command]/opt/homebrew/bin/git config --local --unset-all extensions.worktreeConfig
2025-03-03T10:11:49.9780420Z ##[group]Checking out the ref
2025-03-03T10:11:49.9782270Z [command]/opt/homebrew/bin/git checkout --progress --force refs/remotes/pull/2872/merge
2025-03-03T10:11:50.2488010Z HEAD is now at c42c054 Merge fc90c0179c4af500ba06ddece71fcd6e52555f9b into a51af908c6403099d3162da0bf4b0fbaca439cac
2025-03-03T10:11:50.2501510Z ##[endgroup]
2025-03-03T10:11:50.2664610Z [command]/opt/homebrew/bin/git log -1 --format=%H
2025-03-03T10:11:50.2704840Z c42c0541d2897f77bc9fae34010a685d41fa66b4
2025-03-03T10:11:50.3071560Z Prepare all required actions
2025-03-03T10:11:50.3072370Z Getting action download info
2025-03-03T10:11:50.4605590Z Download action repository 'actions/cache@v4' (SHA:d4323d4df104b026a6aa633fdb11d772146be0bf)
2025-03-03T10:11:51.5485900Z ##[group]Run ./.github/actions/setup_lfs
2025-03-03T10:11:51.5486110Z with:
2025-03-03T10:11:51.5486300Z   regression-data-repo: tardis-sn/tardis-regression-data
2025-03-03T10:11:51.5486540Z   atom-data-sparse: false
2025-03-03T10:11:51.5486680Z env:
2025-03-03T10:11:51.5486790Z   CACHE_NUMBER: 0
2025-03-03T10:11:51.5487240Z   PYTEST_FLAGS: --tardis-regression-data=/Users/runner/work/tardis/tardis/tardis-regression-data --cov=tardis --cov-report=xml --cov-report=html --cov-append
2025-03-03T10:11:51.5487720Z   CODECOV_TOKEN: 
2025-03-03T10:11:51.5487950Z ##[endgroup]
2025-03-03T10:11:51.5582460Z ##[group]Run actions/checkout@v4
2025-03-03T10:11:51.5582640Z with:
2025-03-03T10:11:51.5582790Z   repository: tardis-sn/tardis-regression-data
2025-03-03T10:11:51.5583010Z   path: tardis-regression-data
2025-03-03T10:11:51.5583170Z   lfs: false
2025-03-03T10:11:51.5583380Z   token: ***
2025-03-03T10:11:51.5583500Z   ssh-strict: true
2025-03-03T10:11:51.5583650Z   ssh-user: git
2025-03-03T10:11:51.5583790Z   persist-credentials: true
2025-03-03T10:11:51.5583930Z   clean: true
2025-03-03T10:11:51.5584060Z   sparse-checkout-cone-mode: true
2025-03-03T10:11:51.5584230Z   fetch-depth: 1
2025-03-03T10:11:51.5584360Z   fetch-tags: false
2025-03-03T10:11:51.5584490Z   show-progress: true
2025-03-03T10:11:51.5584620Z   submodules: false
2025-03-03T10:11:51.5584760Z   set-safe-directory: true
2025-03-03T10:11:51.5584890Z env:
2025-03-03T10:11:51.5585000Z   CACHE_NUMBER: 0
2025-03-03T10:11:51.5585450Z   PYTEST_FLAGS: --tardis-regression-data=/Users/runner/work/tardis/tardis/tardis-regression-data --cov=tardis --cov-report=xml --cov-report=html --cov-append
2025-03-03T10:11:51.5585920Z   CODECOV_TOKEN: 
2025-03-03T10:11:51.5586030Z ##[endgroup]
2025-03-03T10:11:51.6317840Z Syncing repository: tardis-sn/tardis-regression-data
2025-03-03T10:11:51.6319120Z ##[group]Getting Git version info
2025-03-03T10:11:51.6319500Z Working directory is '/Users/runner/work/tardis/tardis/tardis-regression-data'
2025-03-03T10:11:51.6349840Z [command]/opt/homebrew/bin/git version
2025-03-03T10:11:51.6392830Z git version 2.48.1
2025-03-03T10:11:51.6407060Z ##[endgroup]
2025-03-03T10:11:51.6412260Z Copying '/Users/runner/.gitconfig' to '/Users/runner/work/_temp/1708f1d5-e373-46a6-886b-9302672949bf/.gitconfig'
2025-03-03T10:11:51.6419590Z Temporarily overriding HOME='/Users/runner/work/_temp/1708f1d5-e373-46a6-886b-9302672949bf' before making global git config changes
2025-03-03T10:11:51.6420190Z Adding repository directory to the temporary git global config as a safe directory
2025-03-03T10:11:51.6422940Z [command]/opt/homebrew/bin/git config --global --add safe.directory /Users/runner/work/tardis/tardis/tardis-regression-data
2025-03-03T10:11:51.6462780Z ##[group]Initializing the repository
2025-03-03T10:11:51.6465660Z [command]/opt/homebrew/bin/git init /Users/runner/work/tardis/tardis/tardis-regression-data
2025-03-03T10:11:51.6536990Z hint: Using 'master' as the name for the initial branch. This default branch name
2025-03-03T10:11:51.6538340Z hint: is subject to change. To configure the initial branch name to use in all
2025-03-03T10:11:51.6538780Z hint: of your new repositories, which will suppress this warning, call:
2025-03-03T10:11:51.6539090Z hint:
2025-03-03T10:11:51.6539290Z hint: 	git config --global init.defaultBranch <name>
2025-03-03T10:11:51.6539530Z hint:
2025-03-03T10:11:51.6539750Z hint: Names commonly chosen instead of 'master' are 'main', 'trunk' and
2025-03-03T10:11:51.6540140Z hint: 'development'. The just-created branch can be renamed via this command:
2025-03-03T10:11:51.6540440Z hint:
2025-03-03T10:11:51.6540600Z hint: 	git branch -m <name>
2025-03-03T10:11:51.6540950Z Initialized empty Git repository in /Users/runner/work/tardis/tardis/tardis-regression-data/.git/
2025-03-03T10:11:51.6545640Z [command]/opt/homebrew/bin/git remote add origin https://github.com/tardis-sn/tardis-regression-data
2025-03-03T10:11:51.6583430Z ##[endgroup]
2025-03-03T10:11:51.6583960Z ##[group]Disabling automatic garbage collection
2025-03-03T10:11:51.6585610Z [command]/opt/homebrew/bin/git config --local gc.auto 0
2025-03-03T10:11:51.6619930Z ##[endgroup]
2025-03-03T10:11:51.6620190Z ##[group]Setting up auth
2025-03-03T10:11:51.6624610Z [command]/opt/homebrew/bin/git config --local --name-only --get-regexp core\.sshCommand
2025-03-03T10:11:51.6659140Z [command]/opt/homebrew/bin/git submodule foreach --recursive sh -c "git config --local --name-only --get-regexp 'core\.sshCommand' && git config --local --unset-all 'core.sshCommand' || :"
2025-03-03T10:11:51.7127090Z [command]/opt/homebrew/bin/git config --local --name-only --get-regexp http\.https\:\/\/github\.com\/\.extraheader
2025-03-03T10:11:51.7129700Z [command]/opt/homebrew/bin/git submodule foreach --recursive sh -c "git config --local --name-only --get-regexp 'http\.https\:\/\/github\.com\/\.extraheader' && git config --local --unset-all 'http.https://github.com/.extraheader' || :"
2025-03-03T10:11:51.7574340Z [command]/opt/homebrew/bin/git config --local http.https://github.com/.extraheader AUTHORIZATION: basic ***
2025-03-03T10:11:51.7616450Z ##[endgroup]
2025-03-03T10:11:51.7616740Z ##[group]Determining the default branch
2025-03-03T10:11:51.7618090Z Retrieving the default branch name
2025-03-03T10:11:52.1788130Z Default branch 'main'
2025-03-03T10:11:52.1794710Z ##[endgroup]
2025-03-03T10:11:52.1820460Z ##[group]Fetching the repository
2025-03-03T10:11:52.1889040Z [command]/opt/homebrew/bin/git -c protocol.version=2 fetch --no-tags --prune --no-recurse-submodules --depth=1 origin +refs/heads/main:refs/remotes/origin/main
2025-03-03T10:11:53.1541180Z From https://github.com/tardis-sn/tardis-regression-data
2025-03-03T10:11:53.1541520Z  * [new branch]      main       -> origin/main
2025-03-03T10:11:53.1584140Z ##[endgroup]
2025-03-03T10:11:53.1584450Z ##[group]Determining the checkout info
2025-03-03T10:11:53.1584880Z ##[endgroup]
2025-03-03T10:11:53.1588400Z [command]/opt/homebrew/bin/git sparse-checkout disable
2025-03-03T10:11:53.1642660Z [command]/opt/homebrew/bin/git config --local --unset-all extensions.worktreeConfig
2025-03-03T10:11:53.1755350Z ##[group]Checking out the ref
2025-03-03T10:11:53.1758380Z [command]/opt/homebrew/bin/git checkout --progress --force -B main refs/remotes/origin/main
2025-03-03T10:11:53.4295670Z Switched to a new branch 'main'
2025-03-03T10:11:53.4297840Z branch 'main' set up to track 'origin/main'.
2025-03-03T10:11:53.4803730Z ##[endgroup]
2025-03-03T10:11:53.4851220Z [command]/opt/homebrew/bin/git log -1 --format=%H
2025-03-03T10:11:53.4884720Z b2fdf418ac1a3631f8c3d2a5f392b6ebfa09ba0b
2025-03-03T10:11:53.4956160Z ##[group]Run if [ "false" == "true" ]; then
2025-03-03T10:11:53.4956430Z [36;1mif [ "false" == "true" ]; then[0m
2025-03-03T10:11:53.4956630Z [36;1m  echo "Using atom data sparse checkout"[0m
2025-03-03T10:11:53.4956920Z [36;1m  echo "atom_data/kurucz_cd23_chianti_H_He.h5" > .lfs-files-list[0m
2025-03-03T10:11:53.4957160Z [36;1melse[0m
2025-03-03T10:11:53.4957300Z [36;1m  echo "Using full repository checkout"[0m
2025-03-03T10:11:53.4957560Z [36;1m  git lfs ls-files -l | cut -d' ' -f1 | sort > .lfs-files-list[0m
2025-03-03T10:11:53.4957780Z [36;1mfi[0m
2025-03-03T10:11:53.5010550Z shell: /bin/bash --noprofile --norc -e -o pipefail {0}
2025-03-03T10:11:53.5010760Z env:
2025-03-03T10:11:53.5010900Z   CACHE_NUMBER: 0
2025-03-03T10:11:53.5011350Z   PYTEST_FLAGS: --tardis-regression-data=/Users/runner/work/tardis/tardis/tardis-regression-data --cov=tardis --cov-report=xml --cov-report=html --cov-append
2025-03-03T10:11:53.5011830Z   CODECOV_TOKEN: 
2025-03-03T10:11:53.5011950Z ##[endgroup]
2025-03-03T10:11:53.5229600Z Using full repository checkout
2025-03-03T10:11:53.7410630Z ##[group]Run actions/cache/restore@v4
2025-03-03T10:11:53.7410910Z with:
2025-03-03T10:11:53.7411420Z   path: tardis-regression-data/.git/lfs
2025-03-03T10:11:53.7411950Z   key: tardis-regression-full-data-6e3f921411cf0a4e16018f0781785ab8728ab151c8f95ea20b0c8e8609b9a332-tardis-sn/tardis-regression-data-v1
2025-03-03T10:11:53.7414120Z   fail-on-cache-miss: true
2025-03-03T10:11:53.7414310Z   enableCrossOsArchive: false
2025-03-03T10:11:53.7414490Z   lookup-only: false
2025-03-03T10:11:53.7414660Z env:
2025-03-03T10:11:53.7414790Z   CACHE_NUMBER: 0
2025-03-03T10:11:53.7415290Z   PYTEST_FLAGS: --tardis-regression-data=/Users/runner/work/tardis/tardis/tardis-regression-data --cov=tardis --cov-report=xml --cov-report=html --cov-append
2025-03-03T10:11:53.7415800Z   CODECOV_TOKEN: 
2025-03-03T10:11:53.7415960Z ##[endgroup]
2025-03-03T10:11:54.1026720Z Cache hit for: tardis-regression-full-data-6e3f921411cf0a4e16018f0781785ab8728ab151c8f95ea20b0c8e8609b9a332-tardis-sn/tardis-regression-data-v1
2025-03-03T10:11:55.3284470Z Received 41943040 of 2160718086 (1.9%), 38.4 MBs/sec
2025-03-03T10:11:56.3324430Z Received 163577856 of 2160718086 (7.6%), 76.2 MBs/sec
2025-03-03T10:11:57.3287550Z Received 289406976 of 2160718086 (13.4%), 90.4 MBs/sec
2025-03-03T10:11:58.3367050Z Received 427819008 of 2160718086 (19.8%), 100.7 MBs/sec
2025-03-03T10:11:59.3295160Z Received 541065216 of 2160718086 (25.0%), 102.1 MBs/sec
2025-03-03T10:12:00.3361810Z Received 666894336 of 2160718086 (30.9%), 105.0 MBs/sec
2025-03-03T10:12:01.3325340Z Received 780140544 of 2160718086 (36.1%), 105.4 MBs/sec
2025-03-03T10:12:02.3352190Z Received 889192448 of 2160718086 (41.2%), 105.2 MBs/sec
2025-03-03T10:12:03.3361130Z Received 973078528 of 2160718086 (45.0%), 102.4 MBs/sec
2025-03-03T10:12:04.3376140Z Received 1077936128 of 2160718086 (49.9%), 102.2 MBs/sec
2025-03-03T10:12:05.3408710Z Received 1195376640 of 2160718086 (55.3%), 103.0 MBs/sec
2025-03-03T10:12:06.3416190Z Received 1291845632 of 2160718086 (59.8%), 102.1 MBs/sec
2025-03-03T10:12:07.3434900Z Received 1367343104 of 2160718086 (63.3%), 99.8 MBs/sec
2025-03-03T10:12:08.3451290Z Received 1476395008 of 2160718086 (68.3%), 100.1 MBs/sec
2025-03-03T10:12:09.3484550Z Received 1572864000 of 2160718086 (72.8%), 99.5 MBs/sec
2025-03-03T10:12:10.3498840Z Received 1610612736 of 2160718086 (74.5%), 95.6 MBs/sec
2025-03-03T10:12:11.3532540Z Received 1732247552 of 2160718086 (80.2%), 96.7 MBs/sec
2025-03-03T10:12:12.3550140Z Received 1795162112 of 2160718086 (83.1%), 94.7 MBs/sec
2025-03-03T10:12:13.3577770Z Received 1879048192 of 2160718086 (87.0%), 93.9 MBs/sec
2025-03-03T10:12:14.3584010Z Received 1996488704 of 2160718086 (92.4%), 94.8 MBs/sec
2025-03-03T10:12:15.3701120Z Received 2084569088 of 2160718086 (96.5%), 94.3 MBs/sec
2025-03-03T10:12:16.3628620Z Received 2148135174 of 2160718086 (99.4%), 92.8 MBs/sec
2025-03-03T10:12:16.8030850Z Received 2160718086 of 2160718086 (100.0%), 91.5 MBs/sec
2025-03-03T10:12:16.8105170Z Cache Size: ~2061 MB (2160718086 B)
2025-03-03T10:12:16.8383750Z [command]/opt/homebrew/bin/gtar -xf /Users/runner/work/_temp/ee45680c-39b4-41e3-bcd4-b4928b6e1a1c/cache.tzst -P -C /Users/runner/work/tardis/tardis --delay-directory-restore --use-compress-program unzstd
2025-03-03T10:12:26.8773940Z Cache restored successfully
2025-03-03T10:12:26.9778700Z Cache restored from key: tardis-regression-full-data-6e3f921411cf0a4e16018f0781785ab8728ab151c8f95ea20b0c8e8609b9a332-tardis-sn/tardis-regression-data-v1
2025-03-03T10:12:27.0035580Z ##[group]Run git lfs checkout
2025-03-03T10:12:27.0036070Z [36;1mgit lfs checkout[0m
2025-03-03T10:12:27.0129820Z shell: /bin/bash --noprofile --norc -e -o pipefail {0}
2025-03-03T10:12:27.0130250Z env:
2025-03-03T10:12:27.0130750Z   CACHE_NUMBER: 0
2025-03-03T10:12:27.0131450Z   PYTEST_FLAGS: --tardis-regression-data=/Users/runner/work/tardis/tardis/tardis-regression-data --cov=tardis --cov-report=xml --cov-report=html --cov-append
2025-03-03T10:12:27.0132340Z   CODECOV_TOKEN: 
2025-03-03T10:12:27.0132650Z ##[endgroup]
2025-03-03T10:12:39.9554340Z Checking out LFS objects: 100% (204/204), 5.7 GB | 384 MB/s, done.
2025-03-03T10:12:49.5523470Z Prepare all required actions
2025-03-03T10:12:49.5523930Z Getting action download info
2025-03-03T10:12:49.6988620Z Download action repository 'mamba-org/setup-micromamba@v1' (SHA:4b9113af4fba0e9e1124b252dd6497a419e7396d)
2025-03-03T10:12:50.8331970Z ##[group]Run ./.github/actions/setup_env
2025-03-03T10:12:50.8332230Z with:
2025-03-03T10:12:50.8332480Z   os-label: osx-arm64
2025-03-03T10:12:50.8332680Z env:
2025-03-03T10:12:50.8332920Z   CACHE_NUMBER: 0
2025-03-03T10:12:50.8333460Z   PYTEST_FLAGS: --tardis-regression-data=/Users/runner/work/tardis/tardis/tardis-regression-data --cov=tardis --cov-report=xml --cov-report=html --cov-append
2025-03-03T10:12:50.8334060Z   CODECOV_TOKEN: 
2025-03-03T10:12:50.8334250Z ##[endgroup]
2025-03-03T10:12:50.8353880Z ##[group]Run file_hash=$(cat conda-osx-arm64.lock | shasum -a 256 | cut -d' ' -f1)
2025-03-03T10:12:50.8354260Z [36;1mfile_hash=$(cat conda-osx-arm64.lock | shasum -a 256 | cut -d' ' -f1)[0m
2025-03-03T10:12:50.8354680Z [36;1mecho "file_hash=tardis-conda-env-osx-arm64-${file_hash}-v1" >> "${GITHUB_OUTPUT}"[0m
2025-03-03T10:12:50.8408160Z shell: /bin/bash --noprofile --norc -e -o pipefail {0}
2025-03-03T10:12:50.8408390Z env:
2025-03-03T10:12:50.8408550Z   CACHE_NUMBER: 0
2025-03-03T10:12:50.8409040Z   PYTEST_FLAGS: --tardis-regression-data=/Users/runner/work/tardis/tardis/tardis-regression-data --cov=tardis --cov-report=xml --cov-report=html --cov-append
2025-03-03T10:12:50.8409560Z   CODECOV_TOKEN: 
2025-03-03T10:12:50.8409720Z ##[endgroup]
2025-03-03T10:12:50.9613130Z ##[group]Run mamba-org/setup-micromamba@v1
2025-03-03T10:12:50.9613320Z with:
2025-03-03T10:12:50.9613470Z   environment-file: conda-osx-arm64.lock
2025-03-03T10:12:50.9613900Z   cache-environment-key: tardis-conda-env-osx-arm64-afd5ea72b645f03c46aa39bfc49f6703d83737b8fa51e3e8fbf26e9531048e0d-v1
2025-03-03T10:12:50.9614540Z   cache-downloads-key: tardis-conda-env-osx-arm64-afd5ea72b645f03c46aa39bfc49f6703d83737b8fa51e3e8fbf26e9531048e0d-v1
2025-03-03T10:12:50.9614960Z   environment-name: tardis
2025-03-03T10:12:50.9615120Z   cache-environment: true
2025-03-03T10:12:50.9615280Z   cache-downloads: true
2025-03-03T10:12:50.9615420Z env:
2025-03-03T10:12:50.9615530Z   CACHE_NUMBER: 0
2025-03-03T10:12:50.9625030Z   PYTEST_FLAGS: --tardis-regression-data=/Users/runner/work/tardis/tardis/tardis-regression-data --cov=tardis --cov-report=xml --cov-report=html --cov-append
2025-03-03T10:12:50.9625540Z   CODECOV_TOKEN: 
2025-03-03T10:12:50.9625670Z ##[endgroup]
2025-03-03T10:12:51.2416030Z Will download micromamba to /Users/runner/micromamba-bin/micromamba
2025-03-03T10:12:51.2419830Z ##[group]Install micromamba
2025-03-03T10:12:51.8832310Z micromamba installed to /Users/runner/micromamba-bin/micromamba
2025-03-03T10:12:51.8833220Z ##[endgroup]
2025-03-03T10:12:51.8833730Z Adding conda-forge to condarc channels ...
2025-03-03T10:12:51.8849420Z ##[group]Initialize micromamba for bash.
2025-03-03T10:12:51.8858240Z [command]/Users/runner/micromamba-bin/micromamba shell init -s bash -r /Users/runner/micromamba --log-level warning --rc-file /Users/runner/work/_temp/setup-micromamba/.condarc
2025-03-03T10:12:51.9065820Z Modifying RC file "/Users/runner/.bash_profile"
2025-03-03T10:12:51.9069360Z Generating config for root prefix [1m"/Users/runner/micromamba"[0m
2025-03-03T10:12:51.9071210Z Setting mamba executable to: [1m"/Users/runner/micromamba-bin/micromamba"[0m
2025-03-03T10:12:51.9071750Z Adding (or replacing) the following in your "/Users/runner/.bash_profile" file
2025-03-03T10:12:51.9072000Z 
2025-03-03T10:12:51.9072080Z # >>> mamba initialize >>>
2025-03-03T10:12:51.9072380Z # !! Contents within this block are managed by 'mamba init' !!
2025-03-03T10:12:51.9072700Z export MAMBA_EXE='/Users/runner/micromamba-bin/micromamba';
2025-03-03T10:12:51.9072990Z export MAMBA_ROOT_PREFIX='/Users/runner/micromamba';
2025-03-03T10:12:51.9073410Z __mamba_setup="$("$MAMBA_EXE" shell hook --shell bash --root-prefix "$MAMBA_ROOT_PREFIX" 2> /dev/null)"
2025-03-03T10:12:51.9074260Z if [ $? -eq 0 ]; then
2025-03-03T10:12:51.9074440Z     eval "$__mamba_setup"
2025-03-03T10:12:51.9074640Z else
2025-03-03T10:12:51.9074980Z     alias micromamba="$MAMBA_EXE"  # Fallback on help from mamba activate
2025-03-03T10:12:51.9075290Z fi
2025-03-03T10:12:51.9075700Z unset __mamba_setup
2025-03-03T10:12:51.9075870Z # <<< mamba initialize <<<
2025-03-03T10:12:51.9075980Z 
2025-03-03T10:12:51.9076480Z ##[endgroup]
2025-03-03T10:12:51.9077290Z ##[group]Restoring downloads from `/Users/runner/micromamba/pkgs` ...
2025-03-03T10:12:53.3121010Z Received 71303168 of 339528123 (21.0%), 67.5 MBs/sec
2025-03-03T10:12:54.3153190Z Received 213909504 of 339528123 (63.0%), 101.4 MBs/sec
2025-03-03T10:12:55.3166280Z Received 335333819 of 339528123 (98.8%), 106.2 MBs/sec
2025-03-03T10:12:55.4722430Z Cache Size: ~324 MB (339528123 B)
2025-03-03T10:12:55.4748580Z [command]/opt/homebrew/bin/gtar -xf /Users/runner/work/_temp/88eb3beb-a422-4b08-9bba-a9ebe82cfeec/cache.tzst -P -C /Users/runner/work/tardis/tardis --delay-directory-restore --use-compress-program unzstd
2025-03-03T10:12:56.3195250Z Received 339528123 of 339528123 (100.0%), 80.6 MBs/sec
2025-03-03T10:12:56.7577840Z Cache restored successfully
2025-03-03T10:12:56.7612550Z Restored cache with key `tardis-conda-env-osx-arm64-afd5ea72b645f03c46aa39bfc49f6703d83737b8fa51e3e8fbf26e9531048e0d-v1-osx-arm64`
2025-03-03T10:12:56.7615330Z ##[endgroup]
2025-03-03T10:12:56.7676560Z ##[group]Restoring environment `tardis` from `/Users/runner/micromamba/envs/tardis` ...
2025-03-03T10:12:57.9893340Z Received 75497472 of 425326189 (17.8%), 71.8 MBs/sec
2025-03-03T10:12:58.9896490Z Received 243269632 of 425326189 (57.2%), 115.8 MBs/sec
2025-03-03T10:12:59.9901110Z Received 356515840 of 425326189 (83.8%), 113.2 MBs/sec
2025-03-03T10:13:00.4600370Z Cache Size: ~406 MB (425326189 B)
2025-03-03T10:13:00.4711050Z [command]/opt/homebrew/bin/gtar -xf /Users/runner/work/_temp/49c2a94d-7799-415f-b18a-dbf4813b774a/cache.tzst -P -C /Users/runner/work/tardis/tardis --delay-directory-restore --use-compress-program unzstd
2025-03-03T10:13:00.9916900Z Received 425326189 of 425326189 (100.0%), 101.3 MBs/sec
2025-03-03T10:13:17.1218040Z Cache restored successfully
2025-03-03T10:13:17.1279390Z Restored cache with key `tardis-conda-env-osx-arm64-afd5ea72b645f03c46aa39bfc49f6703d83737b8fa51e3e8fbf26e9531048e0d-v1-osx-arm64-tardis-args-4f53cda-root-873f6fe-bin-[object Promise]-file-afd5ea72b645f03c46aa39bfc49f6703d83737b8fa51e3e8fbf26e9531048e0d`
2025-03-03T10:13:17.1282330Z ##[endgroup]
2025-03-03T10:13:17.1283450Z Adding environment tardis to auto-activate bash ...
2025-03-03T10:13:17.1364520Z Generating micromamba run shell.
2025-03-03T10:13:17.1386810Z ##[endgroup]
2025-03-03T10:13:17.1395830Z Set environment variables.
2025-03-03T10:13:17.1431560Z ##[group]micromamba info
2025-03-03T10:13:17.1436480Z [command]/Users/runner/micromamba-bin/micromamba info -r /Users/runner/micromamba -n tardis
2025-03-03T10:13:17.6506780Z 
2025-03-03T10:13:17.6509030Z        libmamba version : 1.5.10
2025-03-03T10:13:17.6509580Z      micromamba version : 1.5.10
2025-03-03T10:13:17.6510240Z            curl version : libcurl/8.10.1 (OpenSSL/3.3.2) SecureTransport zlib/1.3.1 zstd/1.5.6 libssh2/1.11.0 nghttp2/1.58.0
2025-03-03T10:13:17.6510830Z      libarchive version : libarchive 3.7.4 zlib/1.2.13 bz2lib/1.0.8 libzstd/1.5.6
2025-03-03T10:13:17.6511380Z        envs directories : /Users/runner/micromamba/envs
2025-03-03T10:13:17.6511770Z           package cache : /Users/runner/micromamba/pkgs
2025-03-03T10:13:17.6512290Z                           /Users/runner/.mamba/pkgs
2025-03-03T10:13:17.6512740Z             environment : tardis
2025-03-03T10:13:17.6513100Z            env location : /Users/runner/micromamba/envs/tardis
2025-03-03T10:13:17.6513530Z       user config files : /Users/runner/.mambarc
2025-03-03T10:13:17.6513940Z  populated config files : /Users/runner/work/_temp/setup-micromamba/.condarc
2025-03-03T10:13:17.6514370Z        virtual packages : __unix=0=0
2025-03-03T10:13:17.6514720Z                           __osx=14.7.2=0
2025-03-03T10:13:17.6520520Z                           __archspec=1=arm64
2025-03-03T10:13:17.6521110Z                channels : https://conda.anaconda.org/conda-forge/osx-arm64
2025-03-03T10:13:17.6521590Z                           https://conda.anaconda.org/conda-forge/noarch
2025-03-03T10:13:17.6525700Z        base environment : /Users/runner/micromamba
2025-03-03T10:13:17.6526110Z                platform : osx-arm64
2025-03-03T10:13:17.6526890Z ##[endgroup]
2025-03-03T10:13:17.6527380Z ##[group]micromamba list
2025-03-03T10:13:17.6527950Z [command]/Users/runner/micromamba-bin/micromamba list -r /Users/runner/micromamba -n tardis
2025-03-03T10:13:18.0025460Z List of packages in environment: "/Users/runner/micromamba/envs/tardis"
2025-03-03T10:13:18.0026390Z 
2025-03-03T10:13:18.0026680Z   Name                           Version              Build                    Channel    
2025-03-03T10:13:18.0028460Z â”€â”€â”€â”€â”€â”€â”€â”€â”€â”€â”€â”€â”€â”€â”€â”€â”€â”€â”€â”€â”€â”€â”€â”€â”€â”€â”€â”€â”€â”€â”€â”€â”€â”€â”€â”€â”€â”€â”€â”€â”€â”€â”€â”€â”€â”€â”€â”€â”€â”€â”€â”€â”€â”€â”€â”€â”€â”€â”€â”€â”€â”€â”€â”€â”€â”€â”€â”€â”€â”€â”€â”€â”€â”€â”€â”€â”€â”€â”€â”€â”€â”€â”€â”€â”€â”€â”€â”€â”€â”€â”€â”€
2025-03-03T10:13:18.0029160Z   accessible-pygments            0.0.5                pyhd8ed1ab_1             conda-forge
2025-03-03T10:13:18.0029720Z   alabaster                      0.7.16               pyhd8ed1ab_0             conda-forge
2025-03-03T10:13:18.0030130Z   anyio                          4.4.0                pyhd8ed1ab_0             conda-forge
2025-03-03T10:13:18.0030630Z   appnope                        0.1.4                pyhd8ed1ab_1             conda-forge
2025-03-03T10:13:18.0031050Z   argon2-cffi                    23.1.0               pyhd8ed1ab_1             conda-forge
2025-03-03T10:13:18.0031640Z   argon2-cffi-bindings           21.2.0               py312h024a12e_5          conda-forge
2025-03-03T10:13:18.0032320Z   arrow                          1.3.0                pyhd8ed1ab_1             conda-forge
2025-03-03T10:13:18.0033480Z   astropy                        6.1.1                py312hbebd99a_1          conda-forge
2025-03-03T10:13:18.0034080Z   astropy-iers-data              0.2024.6.17.0.31.35  pyhd8ed1ab_0             conda-forge
2025-03-03T10:13:18.0034550Z   astropy-sphinx-theme           1.1                  pyhd8ed1ab_1             conda-forge
2025-03-03T10:13:18.0035090Z   asttokens                      2.4.1                pyhd8ed1ab_0             conda-forge
2025-03-03T10:13:18.0035470Z   async-lru                      2.0.4                pyhd8ed1ab_1             conda-forge
2025-03-03T10:13:18.0035880Z   atk-1.0                        2.38.0               hd03087b_2               conda-forge
2025-03-03T10:13:18.0036240Z   attrs                          23.2.0               pyh71513ae_0             conda-forge
2025-03-03T10:13:18.0036670Z   babel                          2.14.0               pyhd8ed1ab_0             conda-forge
2025-03-03T10:13:18.0037070Z   beautifulsoup4                 4.12.3               pyha770c72_1             conda-forge
2025-03-03T10:13:18.0037550Z   bleach                         6.1.0                pyhd8ed1ab_0             conda-forge
2025-03-03T10:13:18.0038480Z   blosc                          1.21.6               h7dd00d9_1               conda-forge
2025-03-03T10:13:18.0039080Z   bokeh                          3.6.3                pyhd8ed1ab_0             conda-forge
2025-03-03T10:13:18.0039600Z   brotli                         1.1.0                hd74edd7_2               conda-forge
2025-03-03T10:13:18.0040090Z   brotli-bin                     1.1.0                hd74edd7_2               conda-forge
2025-03-03T10:13:18.0040520Z   brotli-python                  1.1.0                py312hde4cb15_2          conda-forge
2025-03-03T10:13:18.0041000Z   bzip2                          1.0.8                h99b78c6_7               conda-forge
2025-03-03T10:13:18.0041390Z   c-ares                         1.28.1               h93a5062_0               conda-forge
2025-03-03T10:13:18.0041880Z   c-blosc2                       2.15.2               h9cbb436_1               conda-forge
2025-03-03T10:13:18.0042870Z   ca-certificates                2025.1.31            hf0a4a13_0               conda-forge
2025-03-03T10:13:18.0043410Z   cached-property                1.5.2                hd8ed1ab_1               conda-forge
2025-03-03T10:13:18.0043870Z   cached_property                1.5.2                pyha770c72_1             conda-forge
2025-03-03T10:13:18.0044730Z   cairo                          1.18.0               hc6c324b_2               conda-forge
2025-03-03T10:13:18.0045200Z   certifi                        2025.1.31            pyhd8ed1ab_0             conda-forge
2025-03-03T10:13:18.0045550Z   cffi                           1.16.0               py312h8e38eb3_0          conda-forge
2025-03-03T10:13:18.0045980Z   charset-normalizer             3.3.2                pyhd8ed1ab_0             conda-forge
2025-03-03T10:13:18.0046400Z   click                          8.1.7                unix_pyh707e725_1        conda-forge
2025-03-03T10:13:18.0046870Z   codespell                      2.3.0                pyhd8ed1ab_1             conda-forge
2025-03-03T10:13:18.0052020Z   colorama                       0.4.6                pyhd8ed1ab_1             conda-forge
2025-03-03T10:13:18.0052710Z   comm                           0.2.2                pyhd8ed1ab_1             conda-forge
2025-03-03T10:13:18.0053760Z   commonmark                     0.9.1                py_0                     conda-forge
2025-03-03T10:13:18.0054340Z   contourpy                      1.2.1                py312h0fef576_0          conda-forge
2025-03-03T10:13:18.0054970Z   coverage                       7.5.3                py312h7e5086c_0          conda-forge
2025-03-03T10:13:18.0055450Z   cycler                         0.12.1               pyhd8ed1ab_1             conda-forge
2025-03-03T10:13:18.0055960Z   dataclasses                    0.8                  pyhc8e2a94_3             conda-forge
2025-03-03T10:13:18.0056560Z   debugpy                        1.8.1                py312h20a0b95_0          conda-forge
2025-03-03T10:13:18.0057390Z   decorator                      5.1.1                pyhd8ed1ab_1             conda-forge
2025-03-03T10:13:18.0057810Z   defusedxml                     0.7.1                pyhd8ed1ab_0             conda-forge
2025-03-03T10:13:18.0058320Z   docutils                       0.20.1               py312h81bd7bf_3          conda-forge
2025-03-03T10:13:18.0058740Z   dot2tex                        2.11.3               pyhd8ed1ab_1             conda-forge
2025-03-03T10:13:18.0059210Z   entrypoints                    0.4                  pyhd8ed1ab_1             conda-forge
2025-03-03T10:13:18.0059610Z   exceptiongroup                 1.2.0                pyhd8ed1ab_2             conda-forge
2025-03-03T10:13:18.0060190Z   executing                      2.0.1                pyhd8ed1ab_0             conda-forge
2025-03-03T10:13:18.0060550Z   expat                          2.6.2                hebf3989_0               conda-forge
2025-03-03T10:13:18.0061140Z   font-ttf-dejavu-sans-mono      2.37                 hab24e00_0               conda-forge
2025-03-03T10:13:18.0061610Z   font-ttf-inconsolata           3.000                h77eed37_0               conda-forge
2025-03-03T10:13:18.0062150Z   font-ttf-source-code-pro       2.038                h77eed37_0               conda-forge
2025-03-03T10:13:18.0062770Z   font-ttf-ubuntu                0.83                 h77eed37_3               conda-forge
2025-03-03T10:13:18.0063150Z   fontconfig                     2.14.2               h82840c6_0               conda-forge
2025-03-03T10:13:18.0063630Z   fonts-conda-ecosystem          1                    0                        conda-forge
2025-03-03T10:13:18.0064100Z   fonts-conda-forge              1                    0                        conda-forge
2025-03-03T10:13:18.0064640Z   fonttools                      4.53.0               py312h7e5086c_0          conda-forge
2025-03-03T10:13:18.0065090Z   fqdn                           1.5.1                pyhd8ed1ab_1             conda-forge
2025-03-03T10:13:18.0066310Z   freetype                       2.12.1               hadb7bae_2               conda-forge
2025-03-03T10:13:18.0066810Z   fribidi                        1.0.10               h27ca646_0               conda-forge
2025-03-03T10:13:18.0067320Z   future                         1.0.0                pyhd8ed1ab_2             conda-forge
2025-03-03T10:13:18.0068140Z   gdk-pixbuf                     2.42.12              h7ddc832_0               conda-forge
2025-03-03T10:13:18.0068590Z   gettext                        0.22.5               h8414b35_3               conda-forge
2025-03-03T10:13:18.0069060Z   gettext-tools                  0.22.5               h8414b35_3               conda-forge
2025-03-03T10:13:18.0069430Z   giflib                         5.2.2                h93a5062_0               conda-forge
2025-03-03T10:13:18.0069840Z   git-lfs                        3.5.1                h40ddcf5_1               conda-forge
2025-03-03T10:13:18.0070190Z   gmp                            6.3.0                h7bae524_2               conda-forge
2025-03-03T10:13:18.0070750Z   gmpy2                          2.1.5                py312h524cf62_3          conda-forge
2025-03-03T10:13:18.0071250Z   graphite2                      1.3.13               hebf3989_1003            conda-forge
2025-03-03T10:13:18.0071770Z   graphviz                       11.0.0               h9bb9bc9_0               conda-forge
2025-03-03T10:13:18.0072140Z   greenlet                       3.1.1                py312hd8f9ff3_1          conda-forge
2025-03-03T10:13:18.0072730Z   gtk2                           2.24.33              h7895bb2_4               conda-forge
2025-03-03T10:13:18.0073110Z   gts                            0.7.6                he42f4ea_4               conda-forge
2025-03-03T10:13:18.0121050Z   h11                            0.14.0               pyhd8ed1ab_1             conda-forge
2025-03-03T10:13:18.0121430Z   h2                             4.1.0                pyhd8ed1ab_1             conda-forge
2025-03-03T10:13:18.0121760Z   h5py                           3.11.0               nompi_py312h3cd0824_103  conda-forge
2025-03-03T10:13:18.0122120Z   harfbuzz                       8.5.0                h1836168_0               conda-forge
2025-03-03T10:13:18.0122560Z   hdf5                           1.14.3               nompi_hec07895_105       conda-forge
2025-03-03T10:13:18.0122900Z   hpack                          4.0.0                pyhd8ed1ab_1             conda-forge
2025-03-03T10:13:18.0123350Z   httpcore                       1.0.5                pyhd8ed1ab_0             conda-forge
2025-03-03T10:13:18.0123800Z   httpx                          0.27.0               pyhd8ed1ab_0             conda-forge
2025-03-03T10:13:18.0124220Z   hyperframe                     6.0.1                pyhd8ed1ab_1             conda-forge
2025-03-03T10:13:18.0124850Z   icu                            73.2                 hc8870d7_0               conda-forge
2025-03-03T10:13:18.0125260Z   idna                           3.7                  pyhd8ed1ab_0             conda-forge
2025-03-03T10:13:18.0125820Z   imagesize                      1.4.1                pyhd8ed1ab_0             conda-forge
2025-03-03T10:13:18.0126300Z   importlib-metadata             7.1.0                pyha770c72_0             conda-forge
2025-03-03T10:13:18.0126680Z   importlib_metadata             7.1.0                hd8ed1ab_0               conda-forge
2025-03-03T10:13:18.0127070Z   importlib_resources            6.4.0                pyhd8ed1ab_0             conda-forge
2025-03-03T10:13:18.0127380Z   iniconfig                      2.0.0                pyhd8ed1ab_1             conda-forge
2025-03-03T10:13:18.0127680Z   ipykernel                      6.29.4               pyh57ce528_0             conda-forge
2025-03-03T10:13:18.0127960Z   ipython                        8.25.0               pyh707e725_0             conda-forge
2025-03-03T10:13:18.0128340Z   ipython_genutils               0.2.0                pyhd8ed1ab_2             conda-forge
2025-03-03T10:13:18.0128650Z   ipywidgets                     7.8.0                pyhd8ed1ab_0             conda-forge
2025-03-03T10:13:18.0129760Z   isoduration                    20.11.0              pyhd8ed1ab_1             conda-forge
2025-03-03T10:13:18.0130080Z   jedi                           0.19.1               pyhd8ed1ab_0             conda-forge
2025-03-03T10:13:18.0130570Z   jinja2                         3.1.4                pyhd8ed1ab_1             conda-forge
2025-03-03T10:13:18.0130850Z   json5                          0.9.25               pyhd8ed1ab_0             conda-forge
2025-03-03T10:13:18.0131230Z   jsonpointer                    3.0.0                py312h81bd7bf_1          conda-forge
2025-03-03T10:13:18.0131690Z   jsonschema                     4.22.0               pyhd8ed1ab_0             conda-forge
2025-03-03T10:13:18.0132120Z   jsonschema-specifications      2023.12.1            pyhd8ed1ab_0             conda-forge
2025-03-03T10:13:18.0132660Z   jsonschema-with-format-nongpl  4.22.0               pyhd8ed1ab_0             conda-forge
2025-03-03T10:13:18.0133080Z   jupyter-cache                  1.0.1                pyhff2d567_0             conda-forge
2025-03-03T10:13:18.0133460Z   jupyter-lsp                    2.2.5                pyhd8ed1ab_1             conda-forge
2025-03-03T10:13:18.0133770Z   jupyter_bokeh                  3.0.5                pyhd8ed1ab_0             conda-forge
2025-03-03T10:13:18.0134180Z   jupyter_client                 7.4.9                pyhd8ed1ab_0             conda-forge
2025-03-03T10:13:18.0134610Z   jupyter_core                   5.7.2                pyh31011fe_1             conda-forge
2025-03-03T10:13:18.0134980Z   jupyter_events                 0.10.0               pyhd8ed1ab_1             conda-forge
2025-03-03T10:13:18.0135450Z   jupyter_server                 2.14.1               pyhd8ed1ab_1             conda-forge
2025-03-03T10:13:18.0135880Z   jupyter_server_terminals       0.5.3                pyhd8ed1ab_1             conda-forge
2025-03-03T10:13:18.0136380Z   jupyterlab                     3.5.3                pyhd8ed1ab_0             conda-forge
2025-03-03T10:13:18.0136780Z   jupyterlab_pygments            0.3.0                pyhd8ed1ab_0             conda-forge
2025-03-03T10:13:18.0137250Z   jupyterlab_server              2.27.2               pyhd8ed1ab_0             conda-forge
2025-03-03T10:13:18.0137640Z   jupyterlab_widgets             1.1.7                pyhd8ed1ab_0             conda-forge
2025-03-03T10:13:18.0138090Z   kiwisolver                     1.4.5                py312h6142ec9_2          conda-forge
2025-03-03T10:13:18.0138440Z   krb5                           1.21.2               h92f50d5_0               conda-forge
2025-03-03T10:13:18.0138850Z   latexcodec                     2.0.1                pyh9f0ad1d_0             conda-forge
2025-03-03T10:13:18.0139190Z   lcms2                          2.16                 ha0e7c42_0               conda-forge
2025-03-03T10:13:18.0139580Z   lerc                           4.0.0                h9a09cb3_0               conda-forge
2025-03-03T10:13:18.0139980Z   libaec                         1.1.3                hebf3989_0               conda-forge
2025-03-03T10:13:18.0140290Z   libasprintf                    0.22.5               h8414b35_3               conda-forge
2025-03-03T10:13:18.0140680Z   libasprintf-devel              0.22.5               h8414b35_3               conda-forge
2025-03-03T10:13:18.0141010Z   libblas                        3.9.0                24_osxarm64_openblas     conda-forge
2025-03-03T10:13:18.0141410Z   libbrotlicommon                1.1.0                hd74edd7_2               conda-forge
2025-03-03T10:13:18.0141740Z   libbrotlidec                   1.1.0                hd74edd7_2               conda-forge
2025-03-03T10:13:18.0142180Z   libbrotlienc                   1.1.0                hd74edd7_2               conda-forge
2025-03-03T10:13:18.0142500Z   libcblas                       3.9.0                24_osxarm64_openblas     conda-forge
2025-03-03T10:13:18.0142900Z   libcurl                        8.8.0                h7b6f9a7_0               conda-forge
2025-03-03T10:13:18.0143430Z   libcxx                         19.1.6               ha82da77_1               conda-forge
2025-03-03T10:13:18.0143740Z   libdeflate                     1.20                 h93a5062_0               conda-forge
2025-03-03T10:13:18.0144130Z   libedit                        3.1.20191231         hc8eb9b7_2               conda-forge
2025-03-03T10:13:18.0144590Z   libev                          4.33                 h93a5062_2               conda-forge
2025-03-03T10:13:18.0144970Z   libexpat                       2.6.2                hebf3989_0               conda-forge
2025-03-03T10:13:18.0145270Z   libffi                         3.4.2                h3422bc3_5               conda-forge
2025-03-03T10:13:18.0145530Z   libgd                          2.3.3                hfdf3952_9               conda-forge
2025-03-03T10:13:18.0145790Z   libgettextpo                   0.22.5               h8414b35_3               conda-forge
2025-03-03T10:13:18.0146200Z   libgettextpo-devel             0.22.5               h8414b35_3               conda-forge
2025-03-03T10:13:18.0146580Z   libgfortran                    5.0.0                13_2_0_hd922786_3        conda-forge
2025-03-03T10:13:18.0146970Z   libgfortran5                   13.2.0               hf226fd6_3               conda-forge
2025-03-03T10:13:18.0147340Z   libglib                        2.80.2               h59d46d9_1               conda-forge
2025-03-03T10:13:18.0147640Z   libiconv                       1.17                 h0d3ecfb_2               conda-forge
2025-03-03T10:13:18.0147980Z   libintl                        0.22.5               h8414b35_3               conda-forge
2025-03-03T10:13:18.0148260Z   libintl-devel                  0.22.5               h8414b35_3               conda-forge
2025-03-03T10:13:18.0148660Z   libjpeg-turbo                  3.0.0                hb547adb_1               conda-forge
2025-03-03T10:13:18.0148950Z   liblapack                      3.9.0                24_osxarm64_openblas     conda-forge
2025-03-03T10:13:18.0149330Z   libllvm14                      14.0.6               hd1a9a77_4               conda-forge
2025-03-03T10:13:18.0149650Z   libnghttp2                     1.58.0               ha4dd798_1               conda-forge
2025-03-03T10:13:18.0150060Z   libopenblas                    0.3.27               openmp_h517c56d_1        conda-forge
2025-03-03T10:13:18.0150380Z   libpng                         1.6.43               h091b4b1_0               conda-forge
2025-03-03T10:13:18.0150760Z   librsvg                        2.58.1               hbc281fb_0               conda-forge
2025-03-03T10:13:18.0151160Z   libsodium                      1.0.18               h27ca646_1               conda-forge
2025-03-03T10:13:18.0151470Z   libsqlite                      3.46.0               hfb93653_0               conda-forge
2025-03-03T10:13:18.0151840Z   libssh2                        1.11.0               h7a5bd25_0               conda-forge
2025-03-03T10:13:18.0152190Z   libtiff                        4.6.0                h07db509_3               conda-forge
2025-03-03T10:13:18.0152560Z   libwebp                        1.4.0                h54798ee_0               conda-forge
2025-03-03T10:13:18.0152880Z   libwebp-base                   1.4.0                h93a5062_0               conda-forge
2025-03-03T10:13:18.0153230Z   libxcb                         1.16                 hc9fafa5_1               conda-forge
2025-03-03T10:13:18.0153540Z   libxml2                        2.12.7               h9a80f22_3               conda-forge
2025-03-03T10:13:18.0153850Z   libxslt                        1.1.39               h223e5b9_0               conda-forge
2025-03-03T10:13:18.0154160Z   libzlib                        1.3.1                h8359307_2               conda-forge
2025-03-03T10:13:18.0154470Z   linkify-it-py                  2.0.3                pyhd8ed1ab_1             conda-forge
2025-03-03T10:13:18.0154760Z   llvm-openmp                    18.1.7               hde57baf_0               conda-forge
2025-03-03T10:13:18.0155170Z   llvmlite                       0.43.0               py312ha9ca408_1          conda-forge
2025-03-03T10:13:18.0155590Z   lxml                           5.2.2                py312h0e5ab22_0          conda-forge
2025-03-03T10:13:18.0155840Z   lz4-c                          1.10.0               h286801f_1               conda-forge
2025-03-03T10:13:18.0156240Z   markdown                       3.6                  pyhd8ed1ab_0             conda-forge
2025-03-03T10:13:18.0156560Z   markdown-it-py                 3.0.0                pyhd8ed1ab_1             conda-forge
2025-03-03T10:13:18.0156880Z   markupsafe                     2.1.5                py312h024a12e_1          conda-forge
2025-03-03T10:13:18.0157170Z   matplotlib-base                3.8.4                py312h4479663_2          conda-forge
2025-03-03T10:13:18.0157510Z   matplotlib-inline              0.1.7                pyhd8ed1ab_1             conda-forge
2025-03-03T10:13:18.0157880Z   mdit-py-plugins                0.4.2                pyhd8ed1ab_1             conda-forge
2025-03-03T10:13:18.0158160Z   mdurl                          0.1.2                pyhd8ed1ab_1             conda-forge
2025-03-03T10:13:18.0158430Z   mistune                        3.0.2                pyhd8ed1ab_1             conda-forge
2025-03-03T10:13:18.0158690Z   mpc                            1.3.1                h8f1351a_1               conda-forge
2025-03-03T10:13:18.0158990Z   mpfr                           4.2.1                hb693164_3               conda-forge
2025-03-03T10:13:18.0159260Z   mpmath                         1.3.0                pyhd8ed1ab_1             conda-forge
2025-03-03T10:13:18.0159590Z   munkres                        1.1.4                pyh9f0ad1d_0             conda-forge
2025-03-03T10:13:18.0159880Z   mypy_extensions                1.0.0                pyha770c72_1             conda-forge
2025-03-03T10:13:18.0160160Z   myst-nb                        1.2.0                pyh29332c3_0             conda-forge
2025-03-03T10:13:18.0160450Z   myst-parser                    4.0.1                pyhd8ed1ab_0             conda-forge
2025-03-03T10:13:18.0160740Z   nbclassic                      1.1.0                pyhd8ed1ab_1             conda-forge
2025-03-03T10:13:18.0161020Z   nbclient                       0.10.0               pyhd8ed1ab_0             conda-forge
2025-03-03T10:13:18.0161290Z   nbconvert                      7.16.4               hd8ed1ab_3               conda-forge
2025-03-03T10:13:18.0161590Z   nbconvert-core                 7.16.4               pyhd8ed1ab_3             conda-forge
2025-03-03T10:13:18.0161890Z   nbconvert-pandoc               7.16.4               hd8ed1ab_3               conda-forge
2025-03-03T10:13:18.0162180Z   nbformat                       5.10.4               pyhd8ed1ab_1             conda-forge
2025-03-03T10:13:18.0162440Z   nbsite                         0.8.7                py_0                     pyviz      
2025-03-03T10:13:18.0162710Z   nbsphinx                       0.9.4                pyhd8ed1ab_0             conda-forge
2025-03-03T10:13:18.0162970Z   ncurses                        6.5                  h5e97a16_3               conda-forge
2025-03-03T10:13:18.0163240Z   nest-asyncio                   1.6.0                pyhd8ed1ab_1             conda-forge
2025-03-03T10:13:18.0163520Z   networkx                       3.3                  pyhd8ed1ab_1             conda-forge
2025-03-03T10:13:18.0163790Z   notebook                       6.5.7                pyha770c72_0             conda-forge
2025-03-03T10:13:18.0164060Z   notebook-shim                  0.2.4                pyhd8ed1ab_1             conda-forge
2025-03-03T10:13:18.0164340Z   numba                          0.60.0               py312h41cea2d_0          conda-forge
2025-03-03T10:13:18.0164600Z   numexpr                        2.10.0               py312h8ae5369_0          conda-forge
2025-03-03T10:13:18.0164860Z   numpy                          2.0.2                py312h94ee1e1_1          conda-forge
2025-03-03T10:13:18.0165240Z   numpydoc                       1.7.0                pyhd8ed1ab_3             conda-forge
2025-03-03T10:13:18.0165520Z   openjpeg                       2.5.2                h9f1df11_0               conda-forge
2025-03-03T10:13:18.0165780Z   openssl                        3.4.1                h81ee809_0               conda-forge
2025-03-03T10:13:18.0166300Z   overrides                      7.7.0                pyhd8ed1ab_1             conda-forge
2025-03-03T10:13:18.0166580Z   packaging                      24.1                 pyhd8ed1ab_0             conda-forge
2025-03-03T10:13:18.0166850Z   pandas                         2.2.2                py312h8ae5369_1          conda-forge
2025-03-03T10:13:18.0167100Z   pandoc                         3.2.1                hce30654_0               conda-forge
2025-03-03T10:13:18.0167380Z   pandocfilters                  1.5.0                pyhd8ed1ab_0             conda-forge
2025-03-03T10:13:18.0167660Z   panel                          1.6.1                pyhd8ed1ab_0             conda-forge
2025-03-03T10:13:18.0167910Z   pango                          1.54.0               h5cb9fbc_0               conda-forge
2025-03-03T10:13:18.0168170Z   param                          2.2.0                pyhd8ed1ab_0             conda-forge
2025-03-03T10:13:18.0168430Z   parso                          0.8.4                pyhd8ed1ab_1             conda-forge
2025-03-03T10:13:18.0168700Z   pathspec                       0.12.1               pyhd8ed1ab_1             conda-forge
2025-03-03T10:13:18.0168960Z   pbr                            6.0.0                pyhd8ed1ab_0             conda-forge
2025-03-03T10:13:18.0169210Z   pcre2                          10.44                h297a79d_2               conda-forge
2025-03-03T10:13:18.0169470Z   pexpect                        4.9.0                pyhd8ed1ab_1             conda-forge
2025-03-03T10:13:18.0169740Z   pickleshare                    0.7.5                pyhd8ed1ab_1004          conda-forge
2025-03-03T10:13:18.0170020Z   pillow                         10.3.0               py312h39b1d8d_1          conda-forge
2025-03-03T10:13:18.0170280Z   pip                            24.0                 pyhd8ed1ab_0             conda-forge
2025-03-03T10:13:18.0170530Z   pixman                         0.43.4               hebf3989_0               conda-forge
2025-03-03T10:13:18.0170830Z   pkgutil-resolve-name           1.3.10               pyhd8ed1ab_2             conda-forge
2025-03-03T10:13:18.0171140Z   platformdirs                   4.2.2                pyhd8ed1ab_0             conda-forge
2025-03-03T10:13:18.0171420Z   plotly                         5.22.0               pyhd8ed1ab_0             conda-forge
2025-03-03T10:13:18.0171670Z   pluggy                         1.5.0                pyhd8ed1ab_1             conda-forge
2025-03-03T10:13:18.0171950Z   portalocker                    3.0.0                py312h81bd7bf_0          conda-forge
2025-03-03T10:13:18.0172240Z   prometheus_client              0.20.0               pyhd8ed1ab_0             conda-forge
2025-03-03T10:13:18.0172550Z   prompt-toolkit                 3.0.47               pyha770c72_0             conda-forge
2025-03-03T10:13:18.0172840Z   psutil                         5.9.8                py312he37b823_0          conda-forge
2025-03-03T10:13:18.0173120Z   pthread-stubs                  0.4                  hd74edd7_1002            conda-forge
2025-03-03T10:13:18.0173400Z   ptyprocess                     0.7.0                pyhd8ed1ab_1             conda-forge
2025-03-03T10:13:18.0173680Z   pure_eval                      0.2.2                pyhd8ed1ab_0             conda-forge
2025-03-03T10:13:18.0173950Z   py-cpuinfo                     9.0.0                pyhd8ed1ab_1             conda-forge
2025-03-03T10:13:18.0174220Z   pybtex                         0.24.0               pyhd8ed1ab_3             conda-forge
2025-03-03T10:13:18.0174510Z   pybtex-docutils                1.0.3                py312h81bd7bf_2          conda-forge
2025-03-03T10:13:18.0175000Z   pycparser                      2.22                 pyh29332c3_1             conda-forge
2025-03-03T10:13:18.0175310Z   pydata-sphinx-theme            0.15.4               pyhd8ed1ab_0             conda-forge
2025-03-03T10:13:18.0175610Z   pyerfa                         2.0.1.4              py312h755e627_2          conda-forge
2025-03-03T10:13:18.0175980Z   pygments                       2.18.0               pyhd8ed1ab_1             conda-forge
2025-03-03T10:13:18.0176250Z   pygraphviz                     1.13                 py312h5f4d302_1          conda-forge
2025-03-03T10:13:18.0176540Z   pyobjc-core                    10.3.1               py312hd24fc31_1          conda-forge
2025-03-03T10:13:18.0176850Z   pyobjc-framework-cocoa         10.3.1               py312hd24fc31_1          conda-forge
2025-03-03T10:13:18.0177160Z   pyparsing                      3.1.2                pyhd8ed1ab_0             conda-forge
2025-03-03T10:13:18.0177420Z   pysocks                        1.7.1                pyha55dd90_7             conda-forge
2025-03-03T10:13:18.0177700Z   pytables                       3.10.2               py312h2ca37b8_0          conda-forge
2025-03-03T10:13:18.0177960Z   pytest                         8.2.2                pyhd8ed1ab_0             conda-forge
2025-03-03T10:13:18.0178240Z   pytest-cov                     5.0.0                pyhd8ed1ab_0             conda-forge
2025-03-03T10:13:18.0178540Z   pytest-doctestplus             1.2.1                pyhd8ed1ab_0             conda-forge
2025-03-03T10:13:18.0178840Z   pytest-html                    4.1.1                pyhd8ed1ab_1             conda-forge
2025-03-03T10:13:18.0179130Z   pytest-metadata                3.1.1                pyhd8ed1ab_1             conda-forge
2025-03-03T10:13:18.0179410Z   python                         3.12.4               h30c5eda_0_cpython       conda-forge
2025-03-03T10:13:18.0179700Z   python-dateutil                2.9.0.post0          pyhff2d567_1             conda-forge
2025-03-03T10:13:18.0180030Z   python-fastjsonschema          2.20.0               pyhd8ed1ab_0             conda-forge
2025-03-03T10:13:18.0180360Z   python-json-logger             2.0.7                pyhd8ed1ab_0             conda-forge
2025-03-03T10:13:18.0180660Z   python-tzdata                  2024.1               pyhd8ed1ab_0             conda-forge
2025-03-03T10:13:18.0180950Z   python_abi                     3.12                 5_cp312                  conda-forge
2025-03-03T10:13:18.0181210Z   pytz                           2024.1               pyhd8ed1ab_0             conda-forge
2025-03-03T10:13:18.0181480Z   pyviz_comms                    2.3.2                pyhd8ed1ab_0             conda-forge
2025-03-03T10:13:18.0181760Z   pyyaml                         6.0.1                py312h02f2b3b_1          conda-forge
2025-03-03T10:13:18.0182020Z   pyzmq                          26.0.3               py312hfa13136_0          conda-forge
2025-03-03T10:13:18.0182280Z   qgrid                          1.3.1                pyhd8ed1ab_5             conda-forge
2025-03-03T10:13:18.0182570Z   radioactivedecay               0.5.1                pyhd8ed1ab_1             conda-forge
2025-03-03T10:13:18.0182860Z   readline                       8.2                  h1d1bf99_2               conda-forge
2025-03-03T10:13:18.0183140Z   recommonmark                   0.7.1                pyhd8ed1ab_1             conda-forge
2025-03-03T10:13:18.0183430Z   referencing                    0.35.1               pyhd8ed1ab_1             conda-forge
2025-03-03T10:13:18.0183700Z   requests                       2.32.3               pyhd8ed1ab_1             conda-forge
2025-03-03T10:13:18.0184000Z   rfc3339-validator              0.1.4                pyhd8ed1ab_1             conda-forge
2025-03-03T10:13:18.0184300Z   rfc3986-validator              0.1.1                pyh9f0ad1d_0             conda-forge
2025-03-03T10:13:18.0184580Z   rpds-py                        0.18.1               py312h552d48e_0          conda-forge
2025-03-03T10:13:18.0184930Z   ruff                           0.4.9                py312h3402d49_0          conda-forge
2025-03-03T10:13:18.0185200Z   scipy                          1.13.1               py312h14ffa8f_0          conda-forge
2025-03-03T10:13:18.0185480Z   send2trash                     1.8.3                pyh31c8845_1             conda-forge
2025-03-03T10:13:18.0185950Z   setuptools                     70.0.0               pyhd8ed1ab_0             conda-forge
2025-03-03T10:13:18.0186280Z   setuptools-scm                 8.1.0                pyhd8ed1ab_1             conda-forge
2025-03-03T10:13:18.0186780Z   setuptools_scm                 8.1.0                hd8ed1ab_1               conda-forge
2025-03-03T10:13:18.0187150Z   six                            1.16.0               pyhd8ed1ab_1             conda-forge
2025-03-03T10:13:18.0187470Z   snakeviz                       2.2.0                pyhd8ed1ab_0             conda-forge
2025-03-03T10:13:18.0187750Z   snappy                         1.2.1                h98b9ce2_1               conda-forge
2025-03-03T10:13:18.0188020Z   sniffio                        1.3.1                pyhd8ed1ab_1             conda-forge
2025-03-03T10:13:18.0188320Z   snowballstemmer                2.2.0                pyhd8ed1ab_0             conda-forge
2025-03-03T10:13:18.0188610Z   soupsieve                      2.5                  pyhd8ed1ab_1             conda-forge
2025-03-03T10:13:18.0188890Z   sphinx                         7.3.7                pyhd8ed1ab_0             conda-forge
2025-03-03T10:13:18.0189170Z   sphinx-astropy                 1.9.1                pyhd8ed1ab_1             conda-forge
2025-03-03T10:13:18.0189490Z   sphinx-automodapi              0.17.0               pyh717bed2_1             conda-forge
2025-03-03T10:13:18.0189820Z   sphinx-copybutton              0.5.2                pyhd8ed1ab_1             conda-forge
2025-03-03T10:13:18.0190130Z   sphinx-design                  0.6.1                pyhd8ed1ab_2             conda-forge
2025-03-03T10:13:18.0190440Z   sphinx-gallery                 0.16.0               pyhd8ed1ab_0             conda-forge
2025-03-03T10:13:18.0190750Z   sphinx-jsonschema              1.19.1               pyhd8ed1ab_1             conda-forge
2025-03-03T10:13:18.0191080Z   sphinx_bootstrap_theme         0.8.1                pyhd8ed1ab_1             conda-forge
2025-03-03T10:13:18.0191410Z   sphinx_rtd_theme               2.0.0                pyha770c72_0             conda-forge
2025-03-03T10:13:18.0191720Z   sphinxcontrib-apidoc           0.3.0                py_1                     conda-forge
2025-03-03T10:13:18.0192070Z   sphinxcontrib-applehelp        1.0.8                pyhd8ed1ab_0             conda-forge
2025-03-03T10:13:18.0192410Z   sphinxcontrib-bibtex           2.6.2                pyhd8ed1ab_0             conda-forge
2025-03-03T10:13:18.0192750Z   sphinxcontrib-devhelp          1.0.6                pyhd8ed1ab_0             conda-forge
2025-03-03T10:13:18.0193090Z   sphinxcontrib-htmlhelp         2.0.5                pyhd8ed1ab_0             conda-forge
2025-03-03T10:13:18.0193440Z   sphinxcontrib-jquery           4.1                  pyhd8ed1ab_1             conda-forge
2025-03-03T10:13:18.0193780Z   sphinxcontrib-jsmath           1.0.1                pyhd8ed1ab_1             conda-forge
2025-03-03T10:13:18.0194110Z   sphinxcontrib-qthelp           1.0.7                pyhd8ed1ab_0             conda-forge
2025-03-03T10:13:18.0194480Z   sphinxcontrib-serializinghtml  1.1.10               pyhd8ed1ab_1             conda-forge
2025-03-03T10:13:18.0194850Z   sphinxext-rediraffe            0.2.7                pyhd8ed1ab_2             conda-forge
2025-03-03T10:13:18.0195170Z   sqlalchemy                     2.0.38               py312hea69d52_0          conda-forge
2025-03-03T10:13:18.0195450Z   stack_data                     0.6.2                pyhd8ed1ab_0             conda-forge
2025-03-03T10:13:18.0195730Z   sympy                          1.12.1               pypyh2585a3b_103         conda-forge
2025-03-03T10:13:18.0196150Z   tabulate                       0.9.0                pyhd8ed1ab_2             conda-forge
2025-03-03T10:13:18.0196440Z   tenacity                       8.4.1                pyhd8ed1ab_0             conda-forge
2025-03-03T10:13:18.0196720Z   terminado                      0.18.1               pyh31c8845_0             conda-forge
2025-03-03T10:13:18.0197110Z   tinycss2                       1.3.0                pyhd8ed1ab_0             conda-forge
2025-03-03T10:13:18.0197370Z   tk                             8.6.13               h5083fa2_1               conda-forge
2025-03-03T10:13:18.0197630Z   toml                           0.10.2               pyhd8ed1ab_1             conda-forge
2025-03-03T10:13:18.0197900Z   tomli                          2.0.1                pyhd8ed1ab_0             conda-forge
2025-03-03T10:13:18.0198170Z   tornado                        6.4.1                py312h024a12e_1          conda-forge
2025-03-03T10:13:18.0198440Z   tqdm                           4.66.4               pyhd8ed1ab_0             conda-forge
2025-03-03T10:13:18.0198720Z   traitlets                      5.14.3               pyhd8ed1ab_1             conda-forge
2025-03-03T10:13:18.0199000Z   typed-ast                      1.5.5                py312h02f2b3b_1          conda-forge
2025-03-03T10:13:18.0199330Z   types-python-dateutil          2.9.0.20240316       pyhd8ed1ab_0             conda-forge
2025-03-03T10:13:18.0199690Z   typing-extensions              4.12.2               hd8ed1ab_1               conda-forge
2025-03-03T10:13:18.0200020Z   typing_extensions              4.12.2               pyha770c72_1             conda-forge
2025-03-03T10:13:18.0200330Z   typing_utils                   0.1.0                pyhd8ed1ab_1             conda-forge
2025-03-03T10:13:18.0200860Z   tzdata                         2024a                h8827d51_1               conda-forge
2025-03-03T10:13:18.0201260Z   uc-micro-py                    1.0.3                pyhd8ed1ab_1             conda-forge
2025-03-03T10:13:18.0201780Z   uri-template                   1.3.0                pyhd8ed1ab_1             conda-forge
2025-03-03T10:13:18.0202190Z   urllib3                        2.2.2                pyhd8ed1ab_1             conda-forge
2025-03-03T10:13:18.0202540Z   watchfiles                     1.0.4                py312hcd83bfe_0          conda-forge
2025-03-03T10:13:18.0202940Z   wcwidth                        0.2.13               pyhd8ed1ab_1             conda-forge
2025-03-03T10:13:18.0203310Z   webcolors                      24.6.0               pyhd8ed1ab_0             conda-forge
2025-03-03T10:13:18.0210330Z   webencodings                   0.5.1                pyhd8ed1ab_3             conda-forge
2025-03-03T10:13:18.0210680Z   websocket-client               1.8.0                pyhd8ed1ab_1             conda-forge
2025-03-03T10:13:18.0210990Z   wheel                          0.43.0               pyhd8ed1ab_1             conda-forge
2025-03-03T10:13:18.0211290Z   widgetsnbextension             3.6.6                pyhd8ed1ab_0             conda-forge
2025-03-03T10:13:18.0211610Z   xorg-libxau                    1.0.11               hd74edd7_1               conda-forge
2025-03-03T10:13:18.0211940Z   xorg-libxdmcp                  1.1.3                hd74edd7_2               conda-forge
2025-03-03T10:13:18.0212240Z   xyzservices                    2025.1.0             pyhd8ed1ab_0             conda-forge
2025-03-03T10:13:18.0212530Z   xz                             5.2.6                h57fd34a_0               conda-forge
2025-03-03T10:13:18.0212790Z   yaml                           0.2.5                h3422bc3_2               conda-forge
2025-03-03T10:13:18.0213060Z   zeromq                         4.3.5                hcc0f68c_4               conda-forge
2025-03-03T10:13:18.0213340Z   zipp                           3.19.2               pyhd8ed1ab_0             conda-forge
2025-03-03T10:13:18.0213610Z   zlib                           1.3.1                h8359307_2               conda-forge
2025-03-03T10:13:18.0214130Z   zlib-ng                        2.2.3                h13dfb9a_0               conda-forge
2025-03-03T10:13:18.0214440Z   zstandard                      0.23.0               py312h15fbf35_1          conda-forge
2025-03-03T10:13:18.0214710Z   zstd                           1.5.6                hb46c0d2_0               conda-forge
2025-03-03T10:13:18.0215600Z ##[endgroup]
2025-03-03T10:13:18.0272480Z ##[group]Run pip install -e . --user
2025-03-03T10:13:18.0272720Z [36;1mpip install -e . --user[0m
2025-03-03T10:13:18.1407130Z shell: /bin/bash -l {0}
2025-03-03T10:13:18.1407310Z env:
2025-03-03T10:13:18.1407450Z   CACHE_NUMBER: 0
2025-03-03T10:13:18.1407940Z   PYTEST_FLAGS: --tardis-regression-data=/Users/runner/work/tardis/tardis/tardis-regression-data --cov=tardis --cov-report=xml --cov-report=html --cov-append
2025-03-03T10:13:18.1408440Z   CODECOV_TOKEN: 
2025-03-03T10:13:18.1408600Z   MAMBA_ROOT_PREFIX: /Users/runner/micromamba
2025-03-03T10:13:18.1408840Z   MAMBA_EXE: /Users/runner/micromamba-bin/micromamba
2025-03-03T10:13:18.1409130Z   CONDARC: /Users/runner/work/_temp/setup-micromamba/.condarc
2025-03-03T10:13:18.1409360Z ##[endgroup]
2025-03-03T10:13:19.9786280Z Obtaining file:///Users/runner/work/tardis/tardis
2025-03-03T10:13:19.9813330Z   Installing build dependencies: started
2025-03-03T10:13:22.5906780Z   Installing build dependencies: finished with status 'done'
2025-03-03T10:13:22.5914390Z   Checking if build backend supports build_editable: started
2025-03-03T10:13:22.6901220Z   Checking if build backend supports build_editable: finished with status 'done'
2025-03-03T10:13:22.6910660Z   Getting requirements to build editable: started
2025-03-03T10:13:23.1530280Z   Getting requirements to build editable: finished with status 'done'
2025-03-03T10:13:23.1540740Z   Preparing editable metadata (pyproject.toml): started
2025-03-03T10:13:23.5346980Z   Preparing editable metadata (pyproject.toml): finished with status 'done'
2025-03-03T10:13:23.5780270Z Requirement already satisfied: astropy in /Users/runner/micromamba/envs/tardis/lib/python3.12/site-packages (from tardis==0.0.0) (6.1.1)
2025-03-03T10:13:23.6015030Z Requirement already satisfied: numpy>=1.23 in /Users/runner/micromamba/envs/tardis/lib/python3.12/site-packages (from astropy->tardis==0.0.0) (2.0.2)
2025-03-03T10:13:23.6020730Z Requirement already satisfied: pyerfa>=2.0.1.1 in /Users/runner/micromamba/envs/tardis/lib/python3.12/site-packages (from astropy->tardis==0.0.0) (2.0.1.4)
2025-03-03T10:13:23.6026920Z Requirement already satisfied: astropy-iers-data>=0.2024.5.27.0.30.8 in /Users/runner/micromamba/envs/tardis/lib/python3.12/site-packages (from astropy->tardis==0.0.0) (0.2024.6.17.0.31.35)
2025-03-03T10:13:23.6032340Z Requirement already satisfied: PyYAML>=3.13 in /Users/runner/micromamba/envs/tardis/lib/python3.12/site-packages (from astropy->tardis==0.0.0) (6.0.1)
2025-03-03T10:13:23.6037100Z Requirement already satisfied: packaging>=19.0 in /Users/runner/micromamba/envs/tardis/lib/python3.12/site-packages (from astropy->tardis==0.0.0) (24.1)
2025-03-03T10:13:23.6089170Z Building wheels for collected packages: tardis
2025-03-03T10:13:23.6095130Z   Building editable for tardis (pyproject.toml): started
2025-03-03T10:13:24.1734850Z   Building editable for tardis (pyproject.toml): finished with status 'done'
2025-03-03T10:13:24.1741760Z   Created wheel for tardis: filename=tardis-0.0.0-0.editable-py3-none-any.whl size=8878 sha256=733597dfce26ee3551ebe5f79de4321539196489fe73e70b0928553fd995fd83
2025-03-03T10:13:24.1742830Z   Stored in directory: /private/var/folders/2s/h6hvv9ps03xgz_krkkstvq_r0000gn/T/pip-ephem-wheel-cache-ghha5nyf/wheels/bb/4f/6a/0829b918c1c10bc28535ce7f14be21eee54375bdd9cd0c306a
2025-03-03T10:13:24.1767300Z Successfully built tardis
2025-03-03T10:13:24.8423520Z Installing collected packages: tardis
2025-03-03T10:13:24.8523700Z Successfully installed tardis-0.0.0
2025-03-03T10:13:25.0888080Z ##[group]Run pip install qgridnext
2025-03-03T10:13:25.0888350Z [36;1mpip install qgridnext[0m
2025-03-03T10:13:25.0938260Z shell: /bin/bash -l {0}
2025-03-03T10:13:25.0938440Z env:
2025-03-03T10:13:25.0938570Z   CACHE_NUMBER: 0
2025-03-03T10:13:25.0939110Z   PYTEST_FLAGS: --tardis-regression-data=/Users/runner/work/tardis/tardis/tardis-regression-data --cov=tardis --cov-report=xml --cov-report=html --cov-append
2025-03-03T10:13:25.0950240Z   CODECOV_TOKEN: 
2025-03-03T10:13:25.0950600Z   MAMBA_ROOT_PREFIX: /Users/runner/micromamba
2025-03-03T10:13:25.0950890Z   MAMBA_EXE: /Users/runner/micromamba-bin/micromamba
2025-03-03T10:13:25.0951220Z   CONDARC: /Users/runner/work/_temp/setup-micromamba/.condarc
2025-03-03T10:13:25.0951490Z ##[endgroup]
2025-03-03T10:13:25.6143860Z Collecting qgridnext
2025-03-03T10:13:25.6488450Z   Downloading qgridnext-2.0.4-py3-none-any.whl.metadata (9.9 kB)
2025-03-03T10:13:25.6679150Z Requirement already satisfied: pandas>=0.20.0 in /Users/runner/micromamba/envs/tardis/lib/python3.12/site-packages (from qgridnext) (2.2.2)
2025-03-03T10:13:25.6683710Z Requirement already satisfied: ipywidgets>=7.0.0 in /Users/runner/micromamba/envs/tardis/lib/python3.12/site-packages (from qgridnext) (7.8.0)
2025-03-03T10:13:25.6689540Z Requirement already satisfied: numpy in /Users/runner/micromamba/envs/tardis/lib/python3.12/site-packages (from qgridnext) (2.0.2)
2025-03-03T10:13:25.6696380Z Requirement already satisfied: traitlets in /Users/runner/micromamba/envs/tardis/lib/python3.12/site-packages (from qgridnext) (5.14.3)
2025-03-03T10:13:25.6747810Z Requirement already satisfied: comm>=0.1.3 in /Users/runner/micromamba/envs/tardis/lib/python3.12/site-packages (from ipywidgets>=7.0.0->qgridnext) (0.2.2)
2025-03-03T10:13:25.6794720Z Requirement already satisfied: ipython-genutils~=0.2.0 in /Users/runner/micromamba/envs/tardis/lib/python3.12/site-packages (from ipywidgets>=7.0.0->qgridnext) (0.2.0)
2025-03-03T10:13:25.6795820Z Requirement already satisfied: widgetsnbextension~=3.6.5 in /Users/runner/micromamba/envs/tardis/lib/python3.12/site-packages (from ipywidgets>=7.0.0->qgridnext) (3.6.6)
2025-03-03T10:13:25.6796760Z Requirement already satisfied: ipython>=4.0.0 in /Users/runner/micromamba/envs/tardis/lib/python3.12/site-packages (from ipywidgets>=7.0.0->qgridnext) (8.25.0)
2025-03-03T10:13:25.6798030Z Requirement already satisfied: jupyterlab-widgets<3,>=1.0.0 in /Users/runner/micromamba/envs/tardis/lib/python3.12/site-packages (from ipywidgets>=7.0.0->qgridnext) (1.1.7)
2025-03-03T10:13:25.7145530Z Requirement already satisfied: python-dateutil>=2.8.2 in /Users/runner/micromamba/envs/tardis/lib/python3.12/site-packages (from pandas>=0.20.0->qgridnext) (2.9.0.post0)
2025-03-03T10:13:25.7193240Z Requirement already satisfied: pytz>=2020.1 in /Users/runner/micromamba/envs/tardis/lib/python3.12/site-packages (from pandas>=0.20.0->qgridnext) (2024.1)
2025-03-03T10:13:25.7194290Z Requirement already satisfied: tzdata>=2022.7 in /Users/runner/micromamba/envs/tardis/lib/python3.12/site-packages (from pandas>=0.20.0->qgridnext) (2024.1)
2025-03-03T10:13:25.7364910Z Requirement already satisfied: decorator in /Users/runner/micromamba/envs/tardis/lib/python3.12/site-packages (from ipython>=4.0.0->ipywidgets>=7.0.0->qgridnext) (5.1.1)
2025-03-03T10:13:25.7373960Z Requirement already satisfied: jedi>=0.16 in /Users/runner/micromamba/envs/tardis/lib/python3.12/site-packages (from ipython>=4.0.0->ipywidgets>=7.0.0->qgridnext) (0.19.1)
2025-03-03T10:13:25.7379720Z Requirement already satisfied: matplotlib-inline in /Users/runner/micromamba/envs/tardis/lib/python3.12/site-packages (from ipython>=4.0.0->ipywidgets>=7.0.0->qgridnext) (0.1.7)
2025-03-03T10:13:25.7385790Z Requirement already satisfied: prompt-toolkit<3.1.0,>=3.0.41 in /Users/runner/micromamba/envs/tardis/lib/python3.12/site-packages (from ipython>=4.0.0->ipywidgets>=7.0.0->qgridnext) (3.0.47)
2025-03-03T10:13:25.7391440Z Requirement already satisfied: pygments>=2.4.0 in /Users/runner/micromamba/envs/tardis/lib/python3.12/site-packages (from ipython>=4.0.0->ipywidgets>=7.0.0->qgridnext) (2.18.0)
2025-03-03T10:13:25.7396980Z Requirement already satisfied: stack-data in /Users/runner/micromamba/envs/tardis/lib/python3.12/site-packages (from ipython>=4.0.0->ipywidgets>=7.0.0->qgridnext) (0.6.2)
2025-03-03T10:13:25.7408490Z Requirement already satisfied: pexpect>4.3 in /Users/runner/micromamba/envs/tardis/lib/python3.12/site-packages (from ipython>=4.0.0->ipywidgets>=7.0.0->qgridnext) (4.9.0)
2025-03-03T10:13:25.7447560Z Requirement already satisfied: six>=1.5 in /Users/runner/micromamba/envs/tardis/lib/python3.12/site-packages (from python-dateutil>=2.8.2->pandas>=0.20.0->qgridnext) (1.16.0)
2025-03-03T10:13:25.7474860Z Requirement already satisfied: notebook>=4.4.1 in /Users/runner/micromamba/envs/tardis/lib/python3.12/site-packages (from widgetsnbextension~=3.6.5->ipywidgets>=7.0.0->qgridnext) (6.5.7)
2025-03-03T10:13:25.7633500Z Requirement already satisfied: parso<0.9.0,>=0.8.3 in /Users/runner/micromamba/envs/tardis/lib/python3.12/site-packages (from jedi>=0.16->ipython>=4.0.0->ipywidgets>=7.0.0->qgridnext) (0.8.4)
2025-03-03T10:13:25.7719970Z Requirement already satisfied: jinja2 in /Users/runner/micromamba/envs/tardis/lib/python3.12/site-packages (from notebook>=4.4.1->widgetsnbextension~=3.6.5->ipywidgets>=7.0.0->qgridnext) (3.1.4)
2025-03-03T10:13:25.7745180Z Requirement already satisfied: tornado>=6.1 in /Users/runner/micromamba/envs/tardis/lib/python3.12/site-packages (from notebook>=4.4.1->widgetsnbextension~=3.6.5->ipywidgets>=7.0.0->qgridnext) (6.4.1)
2025-03-03T10:13:25.7755850Z Requirement already satisfied: pyzmq>=17 in /Users/runner/micromamba/envs/tardis/lib/python3.12/site-packages (from notebook>=4.4.1->widgetsnbextension~=3.6.5->ipywidgets>=7.0.0->qgridnext) (26.0.3)
2025-03-03T10:13:25.7781330Z Requirement already satisfied: argon2-cffi in /Users/runner/micromamba/envs/tardis/lib/python3.12/site-packages (from notebook>=4.4.1->widgetsnbextension~=3.6.5->ipywidgets>=7.0.0->qgridnext) (23.1.0)
2025-03-03T10:13:25.7791420Z Requirement already satisfied: jupyter-core>=4.6.1 in /Users/runner/micromamba/envs/tardis/lib/python3.12/site-packages (from notebook>=4.4.1->widgetsnbextension~=3.6.5->ipywidgets>=7.0.0->qgridnext) (5.7.2)
2025-03-03T10:13:25.7818670Z Requirement already satisfied: jupyter-client<8,>=5.3.4 in /Users/runner/micromamba/envs/tardis/lib/python3.12/site-packages (from notebook>=4.4.1->widgetsnbextension~=3.6.5->ipywidgets>=7.0.0->qgridnext) (7.4.9)
2025-03-03T10:13:25.7828090Z Requirement already satisfied: nbformat in /Users/runner/micromamba/envs/tardis/lib/python3.12/site-packages (from notebook>=4.4.1->widgetsnbextension~=3.6.5->ipywidgets>=7.0.0->qgridnext) (5.10.4)
2025-03-03T10:13:25.7852850Z Requirement already satisfied: nbconvert>=5 in /Users/runner/micromamba/envs/tardis/lib/python3.12/site-packages (from notebook>=4.4.1->widgetsnbextension~=3.6.5->ipywidgets>=7.0.0->qgridnext) (7.16.4)
2025-03-03T10:13:25.7862640Z Requirement already satisfied: nest-asyncio>=1.5 in /Users/runner/micromamba/envs/tardis/lib/python3.12/site-packages (from notebook>=4.4.1->widgetsnbextension~=3.6.5->ipywidgets>=7.0.0->qgridnext) (1.6.0)
2025-03-03T10:13:25.7887990Z Requirement already satisfied: ipykernel in /Users/runner/micromamba/envs/tardis/lib/python3.12/site-packages (from notebook>=4.4.1->widgetsnbextension~=3.6.5->ipywidgets>=7.0.0->qgridnext) (6.29.4)
2025-03-03T10:13:25.7896650Z Requirement already satisfied: Send2Trash>=1.8.0 in /Users/runner/micromamba/envs/tardis/lib/python3.12/site-packages (from notebook>=4.4.1->widgetsnbextension~=3.6.5->ipywidgets>=7.0.0->qgridnext) (1.8.3)
2025-03-03T10:13:25.7926320Z Requirement already satisfied: terminado>=0.8.3 in /Users/runner/micromamba/envs/tardis/lib/python3.12/site-packages (from notebook>=4.4.1->widgetsnbextension~=3.6.5->ipywidgets>=7.0.0->qgridnext) (0.18.1)
2025-03-03T10:13:25.7936230Z Requirement already satisfied: prometheus-client in /Users/runner/micromamba/envs/tardis/lib/python3.12/site-packages (from notebook>=4.4.1->widgetsnbextension~=3.6.5->ipywidgets>=7.0.0->qgridnext) (0.20.0)
2025-03-03T10:13:25.7962600Z Requirement already satisfied: nbclassic>=0.4.7 in /Users/runner/micromamba/envs/tardis/lib/python3.12/site-packages (from notebook>=4.4.1->widgetsnbextension~=3.6.5->ipywidgets>=7.0.0->qgridnext) (1.1.0)
2025-03-03T10:13:25.7971380Z Requirement already satisfied: ptyprocess>=0.5 in /Users/runner/micromamba/envs/tardis/lib/python3.12/site-packages (from pexpect>4.3->ipython>=4.0.0->ipywidgets>=7.0.0->qgridnext) (0.7.0)
2025-03-03T10:13:25.8026850Z Requirement already satisfied: wcwidth in /Users/runner/micromamba/envs/tardis/lib/python3.12/site-packages (from prompt-toolkit<3.1.0,>=3.0.41->ipython>=4.0.0->ipywidgets>=7.0.0->qgridnext) (0.2.13)
2025-03-03T10:13:25.8155460Z Requirement already satisfied: executing>=1.2.0 in /Users/runner/micromamba/envs/tardis/lib/python3.12/site-packages (from stack-data->ipython>=4.0.0->ipywidgets>=7.0.0->qgridnext) (2.0.1)
2025-03-03T10:13:25.8266660Z Requirement already satisfied: asttokens>=2.1.0 in /Users/runner/micromamba/envs/tardis/lib/python3.12/site-packages (from stack-data->ipython>=4.0.0->ipywidgets>=7.0.0->qgridnext) (2.4.1)
2025-03-03T10:13:25.8368540Z Requirement already satisfied: pure-eval in /Users/runner/micromamba/envs/tardis/lib/python3.12/site-packages (from stack-data->ipython>=4.0.0->ipywidgets>=7.0.0->qgridnext) (0.2.2)
2025-03-03T10:13:25.8477730Z Requirement already satisfied: entrypoints in /Users/runner/micromamba/envs/tardis/lib/python3.12/site-packages (from jupyter-client<8,>=5.3.4->notebook>=4.4.1->widgetsnbextension~=3.6.5->ipywidgets>=7.0.0->qgridnext) (0.4)
2025-03-03T10:13:25.8506580Z Requirement already satisfied: platformdirs>=2.5 in /Users/runner/micromamba/envs/tardis/lib/python3.12/site-packages (from jupyter-core>=4.6.1->notebook>=4.4.1->widgetsnbextension~=3.6.5->ipywidgets>=7.0.0->qgridnext) (4.2.2)
2025-03-03T10:13:25.8534370Z Requirement already satisfied: notebook_shim>=0.2.3 in /Users/runner/micromamba/envs/tardis/lib/python3.12/site-packages (from nbclassic>=0.4.7->notebook>=4.4.1->widgetsnbextension~=3.6.5->ipywidgets>=7.0.0->qgridnext) (0.2.4)
2025-03-03T10:13:25.8629950Z Requirement already satisfied: beautifulsoup4 in /Users/runner/micromamba/envs/tardis/lib/python3.12/site-packages (from nbconvert>=5->notebook>=4.4.1->widgetsnbextension~=3.6.5->ipywidgets>=7.0.0->qgridnext) (4.12.3)
2025-03-03T10:13:25.8659360Z Requirement already satisfied: bleach!=5.0.0 in /Users/runner/micromamba/envs/tardis/lib/python3.12/site-packages (from nbconvert>=5->notebook>=4.4.1->widgetsnbextension~=3.6.5->ipywidgets>=7.0.0->qgridnext) (6.1.0)
2025-03-03T10:13:25.8668130Z Requirement already satisfied: defusedxml in /Users/runner/micromamba/envs/tardis/lib/python3.12/site-packages (from nbconvert>=5->notebook>=4.4.1->widgetsnbextension~=3.6.5->ipywidgets>=7.0.0->qgridnext) (0.7.1)
2025-03-03T10:13:25.8691230Z Requirement already satisfied: jupyterlab-pygments in /Users/runner/micromamba/envs/tardis/lib/python3.12/site-packages (from nbconvert>=5->notebook>=4.4.1->widgetsnbextension~=3.6.5->ipywidgets>=7.0.0->qgridnext) (0.3.0)
2025-03-03T10:13:25.8699200Z Requirement already satisfied: markupsafe>=2.0 in /Users/runner/micromamba/envs/tardis/lib/python3.12/site-packages (from nbconvert>=5->notebook>=4.4.1->widgetsnbextension~=3.6.5->ipywidgets>=7.0.0->qgridnext) (2.1.5)
2025-03-03T10:13:25.8728200Z Requirement already satisfied: mistune<4,>=2.0.3 in /Users/runner/micromamba/envs/tardis/lib/python3.12/site-packages (from nbconvert>=5->notebook>=4.4.1->widgetsnbextension~=3.6.5->ipywidgets>=7.0.0->qgridnext) (3.0.2)
2025-03-03T10:13:25.8736690Z Requirement already satisfied: nbclient>=0.5.0 in /Users/runner/micromamba/envs/tardis/lib/python3.12/site-packages (from nbconvert>=5->notebook>=4.4.1->widgetsnbextension~=3.6.5->ipywidgets>=7.0.0->qgridnext) (0.10.0)
2025-03-03T10:13:25.8761460Z Requirement already satisfied: packaging in /Users/runner/micromamba/envs/tardis/lib/python3.12/site-packages (from nbconvert>=5->notebook>=4.4.1->widgetsnbextension~=3.6.5->ipywidgets>=7.0.0->qgridnext) (24.1)
2025-03-03T10:13:25.8813010Z Requirement already satisfied: pandocfilters>=1.4.1 in /Users/runner/micromamba/envs/tardis/lib/python3.12/site-packages (from nbconvert>=5->notebook>=4.4.1->widgetsnbextension~=3.6.5->ipywidgets>=7.0.0->qgridnext) (1.5.0)
2025-03-03T10:13:25.8865530Z Requirement already satisfied: tinycss2 in /Users/runner/micromamba/envs/tardis/lib/python3.12/site-packages (from nbconvert>=5->notebook>=4.4.1->widgetsnbextension~=3.6.5->ipywidgets>=7.0.0->qgridnext) (1.3.0)
2025-03-03T10:13:25.8922880Z Requirement already satisfied: fastjsonschema>=2.15 in /Users/runner/micromamba/envs/tardis/lib/python3.12/site-packages (from nbformat->notebook>=4.4.1->widgetsnbextension~=3.6.5->ipywidgets>=7.0.0->qgridnext) (2.20.0)
2025-03-03T10:13:25.8970000Z Requirement already satisfied: jsonschema>=2.6 in /Users/runner/micromamba/envs/tardis/lib/python3.12/site-packages (from nbformat->notebook>=4.4.1->widgetsnbextension~=3.6.5->ipywidgets>=7.0.0->qgridnext) (4.22.0)
2025-03-03T10:13:25.9434880Z Requirement already satisfied: argon2-cffi-bindings in /Users/runner/micromamba/envs/tardis/lib/python3.12/site-packages (from argon2-cffi->notebook>=4.4.1->widgetsnbextension~=3.6.5->ipywidgets>=7.0.0->qgridnext) (21.2.0)
2025-03-03T10:13:25.9536910Z Requirement already satisfied: appnope in /Users/runner/micromamba/envs/tardis/lib/python3.12/site-packages (from ipykernel->notebook>=4.4.1->widgetsnbextension~=3.6.5->ipywidgets>=7.0.0->qgridnext) (0.1.4)
2025-03-03T10:13:25.9637040Z Requirement already satisfied: debugpy>=1.6.5 in /Users/runner/micromamba/envs/tardis/lib/python3.12/site-packages (from ipykernel->notebook>=4.4.1->widgetsnbextension~=3.6.5->ipywidgets>=7.0.0->qgridnext) (1.8.1)
2025-03-03T10:13:25.9739940Z Requirement already satisfied: psutil in /Users/runner/micromamba/envs/tardis/lib/python3.12/site-packages (from ipykernel->notebook>=4.4.1->widgetsnbextension~=3.6.5->ipywidgets>=7.0.0->qgridnext) (5.9.8)
2025-03-03T10:13:25.9841820Z Requirement already satisfied: webencodings in /Users/runner/micromamba/envs/tardis/lib/python3.12/site-packages (from bleach!=5.0.0->nbconvert>=5->notebook>=4.4.1->widgetsnbextension~=3.6.5->ipywidgets>=7.0.0->qgridnext) (0.5.1)
2025-03-03T10:13:25.9943720Z Requirement already satisfied: attrs>=22.2.0 in /Users/runner/micromamba/envs/tardis/lib/python3.12/site-packages (from jsonschema>=2.6->nbformat->notebook>=4.4.1->widgetsnbextension~=3.6.5->ipywidgets>=7.0.0->qgridnext) (23.2.0)
2025-03-03T10:13:26.0045870Z Requirement already satisfied: jsonschema-specifications>=2023.03.6 in /Users/runner/micromamba/envs/tardis/lib/python3.12/site-packages (from jsonschema>=2.6->nbformat->notebook>=4.4.1->widgetsnbextension~=3.6.5->ipywidgets>=7.0.0->qgridnext) (2023.12.1)
2025-03-03T10:13:26.0148340Z Requirement already satisfied: referencing>=0.28.4 in /Users/runner/micromamba/envs/tardis/lib/python3.12/site-packages (from jsonschema>=2.6->nbformat->notebook>=4.4.1->widgetsnbextension~=3.6.5->ipywidgets>=7.0.0->qgridnext) (0.35.1)
2025-03-03T10:13:26.0248900Z Requirement already satisfied: rpds-py>=0.7.1 in /Users/runner/micromamba/envs/tardis/lib/python3.12/site-packages (from jsonschema>=2.6->nbformat->notebook>=4.4.1->widgetsnbextension~=3.6.5->ipywidgets>=7.0.0->qgridnext) (0.18.1)
2025-03-03T10:13:26.0350690Z Requirement already satisfied: jupyter-server<3,>=1.8 in /Users/runner/micromamba/envs/tardis/lib/python3.12/site-packages (from notebook_shim>=0.2.3->nbclassic>=0.4.7->notebook>=4.4.1->widgetsnbextension~=3.6.5->ipywidgets>=7.0.0->qgridnext) (2.14.1)
2025-03-03T10:13:26.0451090Z Requirement already satisfied: cffi>=1.0.1 in /Users/runner/micromamba/envs/tardis/lib/python3.12/site-packages (from argon2-cffi-bindings->argon2-cffi->notebook>=4.4.1->widgetsnbextension~=3.6.5->ipywidgets>=7.0.0->qgridnext) (1.16.0)
2025-03-03T10:13:26.0553320Z Requirement already satisfied: soupsieve>1.2 in /Users/runner/micromamba/envs/tardis/lib/python3.12/site-packages (from beautifulsoup4->nbconvert>=5->notebook>=4.4.1->widgetsnbextension~=3.6.5->ipywidgets>=7.0.0->qgridnext) (2.5)
2025-03-03T10:13:26.0754330Z Requirement already satisfied: pycparser in /Users/runner/micromamba/envs/tardis/lib/python3.12/site-packages (from cffi>=1.0.1->argon2-cffi-bindings->argon2-cffi->notebook>=4.4.1->widgetsnbextension~=3.6.5->ipywidgets>=7.0.0->qgridnext) (2.22)
2025-03-03T10:13:26.0956850Z Requirement already satisfied: anyio>=3.1.0 in /Users/runner/micromamba/envs/tardis/lib/python3.12/site-packages (from jupyter-server<3,>=1.8->notebook_shim>=0.2.3->nbclassic>=0.4.7->notebook>=4.4.1->widgetsnbextension~=3.6.5->ipywidgets>=7.0.0->qgridnext) (4.4.0)
2025-03-03T10:13:26.1058690Z Requirement already satisfied: jupyter-events>=0.9.0 in /Users/runner/micromamba/envs/tardis/lib/python3.12/site-packages (from jupyter-server<3,>=1.8->notebook_shim>=0.2.3->nbclassic>=0.4.7->notebook>=4.4.1->widgetsnbextension~=3.6.5->ipywidgets>=7.0.0->qgridnext) (0.10.0)
2025-03-03T10:13:26.1161010Z Requirement already satisfied: jupyter-server-terminals>=0.4.4 in /Users/runner/micromamba/envs/tardis/lib/python3.12/site-packages (from jupyter-server<3,>=1.8->notebook_shim>=0.2.3->nbclassic>=0.4.7->notebook>=4.4.1->widgetsnbextension~=3.6.5->ipywidgets>=7.0.0->qgridnext) (0.5.3)
2025-03-03T10:13:26.1370560Z Requirement already satisfied: overrides>=5.0 in /Users/runner/micromamba/envs/tardis/lib/python3.12/site-packages (from jupyter-server<3,>=1.8->notebook_shim>=0.2.3->nbclassic>=0.4.7->notebook>=4.4.1->widgetsnbextension~=3.6.5->ipywidgets>=7.0.0->qgridnext) (7.7.0)
2025-03-03T10:13:26.1469800Z Requirement already satisfied: websocket-client>=1.7 in /Users/runner/micromamba/envs/tardis/lib/python3.12/site-packages (from jupyter-server<3,>=1.8->notebook_shim>=0.2.3->nbclassic>=0.4.7->notebook>=4.4.1->widgetsnbextension~=3.6.5->ipywidgets>=7.0.0->qgridnext) (1.8.0)
2025-03-03T10:13:26.1572130Z Requirement already satisfied: idna>=2.8 in /Users/runner/micromamba/envs/tardis/lib/python3.12/site-packages (from anyio>=3.1.0->jupyter-server<3,>=1.8->notebook_shim>=0.2.3->nbclassic>=0.4.7->notebook>=4.4.1->widgetsnbextension~=3.6.5->ipywidgets>=7.0.0->qgridnext) (3.7)
2025-03-03T10:13:26.1673360Z Requirement already satisfied: sniffio>=1.1 in /Users/runner/micromamba/envs/tardis/lib/python3.12/site-packages (from anyio>=3.1.0->jupyter-server<3,>=1.8->notebook_shim>=0.2.3->nbclassic>=0.4.7->notebook>=4.4.1->widgetsnbextension~=3.6.5->ipywidgets>=7.0.0->qgridnext) (1.3.1)
2025-03-03T10:13:26.1775650Z Requirement already satisfied: python-json-logger>=2.0.4 in /Users/runner/micromamba/envs/tardis/lib/python3.12/site-packages (from jupyter-events>=0.9.0->jupyter-server<3,>=1.8->notebook_shim>=0.2.3->nbclassic>=0.4.7->notebook>=4.4.1->widgetsnbextension~=3.6.5->ipywidgets>=7.0.0->qgridnext) (2.0.7)
2025-03-03T10:13:26.1888050Z Requirement already satisfied: pyyaml>=5.3 in /Users/runner/micromamba/envs/tardis/lib/python3.12/site-packages (from jupyter-events>=0.9.0->jupyter-server<3,>=1.8->notebook_shim>=0.2.3->nbclassic>=0.4.7->notebook>=4.4.1->widgetsnbextension~=3.6.5->ipywidgets>=7.0.0->qgridnext) (6.0.1)
2025-03-03T10:13:26.1990320Z Requirement already satisfied: rfc3339-validator in /Users/runner/micromamba/envs/tardis/lib/python3.12/site-packages (from jupyter-events>=0.9.0->jupyter-server<3,>=1.8->notebook_shim>=0.2.3->nbclassic>=0.4.7->notebook>=4.4.1->widgetsnbextension~=3.6.5->ipywidgets>=7.0.0->qgridnext) (0.1.4)
2025-03-03T10:13:26.2092810Z Requirement already satisfied: rfc3986-validator>=0.1.1 in /Users/runner/micromamba/envs/tardis/lib/python3.12/site-packages (from jupyter-events>=0.9.0->jupyter-server<3,>=1.8->notebook_shim>=0.2.3->nbclassic>=0.4.7->notebook>=4.4.1->widgetsnbextension~=3.6.5->ipywidgets>=7.0.0->qgridnext) (0.1.1)
2025-03-03T10:13:26.2195170Z Requirement already satisfied: fqdn in /Users/runner/micromamba/envs/tardis/lib/python3.12/site-packages (from jsonschema[format-nongpl]>=4.18.0->jupyter-events>=0.9.0->jupyter-server<3,>=1.8->notebook_shim>=0.2.3->nbclassic>=0.4.7->notebook>=4.4.1->widgetsnbextension~=3.6.5->ipywidgets>=7.0.0->qgridnext) (1.5.1)
2025-03-03T10:13:26.2253930Z Requirement already satisfied: isoduration in /Users/runner/micromamba/envs/tardis/lib/python3.12/site-packages (from jsonschema[format-nongpl]>=4.18.0->jupyter-events>=0.9.0->jupyter-server<3,>=1.8->notebook_shim>=0.2.3->nbclassic>=0.4.7->notebook>=4.4.1->widgetsnbextension~=3.6.5->ipywidgets>=7.0.0->qgridnext) (20.11.0)
2025-03-03T10:13:26.2356380Z Requirement already satisfied: jsonpointer>1.13 in /Users/runner/micromamba/envs/tardis/lib/python3.12/site-packages (from jsonschema[format-nongpl]>=4.18.0->jupyter-events>=0.9.0->jupyter-server<3,>=1.8->notebook_shim>=0.2.3->nbclassic>=0.4.7->notebook>=4.4.1->widgetsnbextension~=3.6.5->ipywidgets>=7.0.0->qgridnext) (3.0.0)
2025-03-03T10:13:26.2475360Z Requirement already satisfied: uri-template in /Users/runner/micromamba/envs/tardis/lib/python3.12/site-packages (from jsonschema[format-nongpl]>=4.18.0->jupyter-events>=0.9.0->jupyter-server<3,>=1.8->notebook_shim>=0.2.3->nbclassic>=0.4.7->notebook>=4.4.1->widgetsnbextension~=3.6.5->ipywidgets>=7.0.0->qgridnext) (1.3.0)
2025-03-03T10:13:26.2624680Z Requirement already satisfied: webcolors>=1.11 in /Users/runner/micromamba/envs/tardis/lib/python3.12/site-packages (from jsonschema[format-nongpl]>=4.18.0->jupyter-events>=0.9.0->jupyter-server<3,>=1.8->notebook_shim>=0.2.3->nbclassic>=0.4.7->notebook>=4.4.1->widgetsnbextension~=3.6.5->ipywidgets>=7.0.0->qgridnext) (24.6.0)
2025-03-03T10:13:26.2732150Z Requirement already satisfied: arrow>=0.15.0 in /Users/runner/micromamba/envs/tardis/lib/python3.12/site-packages (from isoduration->jsonschema[format-nongpl]>=4.18.0->jupyter-events>=0.9.0->jupyter-server<3,>=1.8->notebook_shim>=0.2.3->nbclassic>=0.4.7->notebook>=4.4.1->widgetsnbextension~=3.6.5->ipywidgets>=7.0.0->qgridnext) (1.3.0)
2025-03-03T10:13:26.2835210Z Requirement already satisfied: types-python-dateutil>=2.8.10 in /Users/runner/micromamba/envs/tardis/lib/python3.12/site-packages (from arrow>=0.15.0->isoduration->jsonschema[format-nongpl]>=4.18.0->jupyter-events>=0.9.0->jupyter-server<3,>=1.8->notebook_shim>=0.2.3->nbclassic>=0.4.7->notebook>=4.4.1->widgetsnbextension~=3.6.5->ipywidgets>=7.0.0->qgridnext) (2.9.0.20240316)
2025-03-03T10:13:26.2919480Z Downloading qgridnext-2.0.4-py3-none-any.whl (1.3 MB)
2025-03-03T10:13:26.3309490Z    â”â”â”â”â”â”â”â”â”â”â”â”â”â”â”â”â”â”â”â”â”â”â”â”â”â”â”â”â”â”â”â”â”â”â”â”â”â”â”â” 1.3/1.3 MB 23.4 MB/s eta 0:00:00
2025-03-03T10:13:26.9599440Z Installing collected packages: qgridnext
2025-03-03T10:13:27.0036340Z Successfully installed qgridnext-2.0.4
2025-03-03T10:13:27.2386870Z ##[group]Run pytest tardis --tardis-regression-data=/Users/runner/work/tardis/tardis/tardis-regression-data --cov=tardis --cov-report=xml --cov-report=html --cov-append -m " continuum"
2025-03-03T10:13:27.2387910Z [36;1mpytest tardis --tardis-regression-data=/Users/runner/work/tardis/tardis/tardis-regression-data --cov=tardis --cov-report=xml --cov-report=html --cov-append -m " continuum"[0m
2025-03-03T10:13:27.2446680Z shell: /bin/bash -l {0}
2025-03-03T10:13:27.2446910Z env:
2025-03-03T10:13:27.2447060Z   CACHE_NUMBER: 0
2025-03-03T10:13:27.2447600Z   PYTEST_FLAGS: --tardis-regression-data=/Users/runner/work/tardis/tardis/tardis-regression-data --cov=tardis --cov-report=xml --cov-report=html --cov-append
2025-03-03T10:13:27.2448130Z   CODECOV_TOKEN: 
2025-03-03T10:13:27.2448310Z   MAMBA_ROOT_PREFIX: /Users/runner/micromamba
2025-03-03T10:13:27.2448580Z   MAMBA_EXE: /Users/runner/micromamba-bin/micromamba
2025-03-03T10:13:27.2448940Z   CONDARC: /Users/runner/work/_temp/setup-micromamba/.condarc
2025-03-03T10:13:27.2449220Z ##[endgroup]
2025-03-03T10:13:39.7243560Z ============================= test session starts ==============================
2025-03-03T10:13:39.7243980Z platform darwin -- Python 3.12.4, pytest-8.2.2, pluggy-1.5.0
2025-03-03T10:13:39.7244290Z rootdir: /Users/runner/work/tardis/tardis
2025-03-03T10:13:39.7244500Z configfile: pyproject.toml
2025-03-03T10:13:39.7244770Z plugins: cov-5.0.0, html-4.1.1, metadata-3.1.1, doctestplus-1.2.1, anyio-4.4.0
2025-03-03T10:13:39.7245090Z collected 1798 items / 1796 deselected / 2 selected
2025-03-03T10:13:39.7245270Z 
2025-03-03T10:14:32.4661220Z tardis/transport/montecarlo/estimators/tests/test_continuum_property_solver.py . [ 50%]
2025-03-03T10:14:32.4661850Z                                                                          [ 50%]
2025-03-03T10:15:00.3597380Z tardis/transport/montecarlo/tests/test_continuum.py .                    [100%]
2025-03-03T10:15:00.3598060Z 
2025-03-03T10:15:00.3607020Z =============================== warnings summary ===============================
2025-03-03T10:15:00.3608710Z tardis/io/configuration/config_validator.py:6
2025-03-03T10:15:00.3610670Z tardis/io/configuration/config_validator.py:6
2025-03-03T10:15:00.3611400Z   /Users/runner/work/tardis/tardis/tardis/io/configuration/config_validator.py:6: DeprecationWarning:
2025-03-03T10:15:00.3612360Z   
2025-03-03T10:15:00.3613880Z   jsonschema.RefResolver is deprecated as of v4.18.0, in favor of the https://github.com/python-jsonschema/referencing library, which provides more compliant referencing behavior as well as more flexible APIs for customization. A future release will remove RefResolver. Please file a feature request (on referencing) if you are missing an API for the kind of customization you need.
2025-03-03T10:15:00.3615410Z 
2025-03-03T10:15:00.3615870Z ../../../micromamba/envs/tardis/lib/python3.12/site-packages/jupyter_client/connect.py:27
2025-03-03T10:15:00.3616750Z   /Users/runner/micromamba/envs/tardis/lib/python3.12/site-packages/jupyter_client/connect.py:27: DeprecationWarning:
2025-03-03T10:15:00.3617740Z   
2025-03-03T10:15:00.3618210Z   Jupyter is migrating its paths to use standard platformdirs
2025-03-03T10:15:00.3618970Z   given by the platformdirs library.  To remove this warning and
2025-03-03T10:15:00.3619750Z   see the appropriate new directories, set the environment variable
2025-03-03T10:15:00.3620140Z   `JUPYTER_PLATFORM_DIRS=1` and then run `jupyter --paths`.
2025-03-03T10:15:00.3620560Z   The use of platformdirs will be the default in `jupyter_core` v6
2025-03-03T10:15:00.3620780Z 
2025-03-03T10:15:00.3620950Z tardis/plasma/properties/__init__.py:17
2025-03-03T10:15:00.3621420Z   /Users/runner/work/tardis/tardis/tardis/plasma/properties/__init__.py:17: DeprecationWarning:
2025-03-03T10:15:00.3621830Z   
2025-03-03T10:15:00.3633540Z   The numpy.linalg.linalg has been made private and renamed to numpy.linalg._linalg. All public functions exported by it are available from numpy.linalg. Please use numpy.linalg.LinAlgError instead.
2025-03-03T10:15:00.3634320Z 
2025-03-03T10:15:00.3634460Z tardis/transport/montecarlo/tests/test_montecarlo.py:557
2025-03-03T10:15:00.3635220Z   /Users/runner/work/tardis/tardis/tardis/transport/montecarlo/tests/test_montecarlo.py:557: PytestUnknownMarkWarning:
2025-03-03T10:15:00.3635790Z   
2025-03-03T10:15:00.3636720Z   Unknown pytest.mark.continuumtest - is this a typo?  You can register custom marks to avoid this warning - for details, see https://docs.pytest.org/en/stable/how-to/mark.html
2025-03-03T10:15:00.3637300Z 
2025-03-03T10:15:00.3637510Z tardis/transport/montecarlo/tests/test_montecarlo.py:584
2025-03-03T10:15:00.3638100Z   /Users/runner/work/tardis/tardis/tardis/transport/montecarlo/tests/test_montecarlo.py:584: PytestUnknownMarkWarning:
2025-03-03T10:15:00.3638750Z   
2025-03-03T10:15:00.3639300Z   Unknown pytest.mark.continuumtest - is this a typo?  You can register custom marks to avoid this warning - for details, see https://docs.pytest.org/en/stable/how-to/mark.html
2025-03-03T10:15:00.3639870Z 
2025-03-03T10:15:00.3640070Z tardis/transport/montecarlo/tests/test_montecarlo.py:605
2025-03-03T10:15:00.3640690Z   /Users/runner/work/tardis/tardis/tardis/transport/montecarlo/tests/test_montecarlo.py:605: PytestUnknownMarkWarning:
2025-03-03T10:15:00.3641270Z   
2025-03-03T10:15:00.3641830Z   Unknown pytest.mark.continuumtest - is this a typo?  You can register custom marks to avoid this warning - for details, see https://docs.pytest.org/en/stable/how-to/mark.html
2025-03-03T10:15:00.3642380Z 
2025-03-03T10:15:00.3659040Z tardis/transport/montecarlo/estimators/tests/test_continuum_property_solver.py::test_continuum_estimators
2025-03-03T10:15:00.3660100Z   /Users/runner/work/tardis/tardis/tardis/transport/montecarlo/montecarlo_main_loop.py:123: NumbaTypeSafetyWarning:
2025-03-03T10:15:00.3660620Z   
2025-03-03T10:15:00.3662670Z   [1m[1m[1munsafe cast from uint64 to int64. Precision may be lost.[0m[0m[0m
2025-03-03T10:15:00.3662920Z 
2025-03-03T10:15:00.3663240Z -- Docs: https://docs.pytest.org/en/stable/how-to/capture-warnings.html
2025-03-03T10:15:00.3663540Z 
2025-03-03T10:15:00.3664540Z ---------- coverage: platform darwin, python 3.12.4-final-0 ----------
2025-03-03T10:15:00.3664970Z Coverage HTML written to dir coverage_html_report
2025-03-03T10:15:00.3665410Z Coverage XML written to file coverage.xml
2025-03-03T10:15:00.3665680Z 
2025-03-03T10:15:00.3665830Z ========== 2 passed, 1796 deselected, 8 warnings in 82.98s (0:01:22) ===========
2025-03-03T10:15:01.5484110Z ##[group]Run mv .coverage .coverage.1
2025-03-03T10:15:01.5484540Z [36;1mmv .coverage .coverage.1[0m
2025-03-03T10:15:01.5760800Z shell: /bin/bash -l {0}
2025-03-03T10:15:01.5761030Z env:
2025-03-03T10:15:01.5761290Z   CACHE_NUMBER: 0
2025-03-03T10:15:01.5761840Z   PYTEST_FLAGS: --tardis-regression-data=/Users/runner/work/tardis/tardis/tardis-regression-data --cov=tardis --cov-report=xml --cov-report=html --cov-append
2025-03-03T10:15:01.5762420Z   CODECOV_TOKEN: 
2025-03-03T10:15:01.5762630Z   MAMBA_ROOT_PREFIX: /Users/runner/micromamba
2025-03-03T10:15:01.5762970Z   MAMBA_EXE: /Users/runner/micromamba-bin/micromamba
2025-03-03T10:15:01.5763320Z   CONDARC: /Users/runner/work/_temp/setup-micromamba/.condarc
2025-03-03T10:15:01.5763680Z ##[endgroup]
2025-03-03T10:15:01.8766750Z ##[group]Run actions/upload-artifact@v4
2025-03-03T10:15:01.8766960Z with:
2025-03-03T10:15:01.8767130Z   name: coverage--continuum-macos-latest
2025-03-03T10:15:01.8767350Z   include-hidden-files: true
2025-03-03T10:15:01.8767520Z   path: .coverage*
!.coveragerc

2025-03-03T10:15:01.8767790Z   if-no-files-found: warn
2025-03-03T10:15:01.8768070Z   compression-level: 6
2025-03-03T10:15:01.8768370Z   overwrite: false
2025-03-03T10:15:01.8768570Z env:
2025-03-03T10:15:01.8768730Z   CACHE_NUMBER: 0
2025-03-03T10:15:01.8769350Z   PYTEST_FLAGS: --tardis-regression-data=/Users/runner/work/tardis/tardis/tardis-regression-data --cov=tardis --cov-report=xml --cov-report=html --cov-append
2025-03-03T10:15:01.8769920Z   CODECOV_TOKEN: 
2025-03-03T10:15:01.8770140Z   MAMBA_ROOT_PREFIX: /Users/runner/micromamba
2025-03-03T10:15:01.8770440Z   MAMBA_EXE: /Users/runner/micromamba-bin/micromamba
2025-03-03T10:15:01.8770820Z   CONDARC: /Users/runner/work/_temp/setup-micromamba/.condarc
2025-03-03T10:15:01.8771150Z ##[endgroup]
2025-03-03T10:15:02.2247370Z With the provided path, there will be 2 files uploaded
2025-03-03T10:15:02.2250050Z Artifact name is valid!
2025-03-03T10:15:02.2250590Z Root directory input is valid!
2025-03-03T10:15:02.4389150Z Beginning upload of artifact content to blob storage
2025-03-03T10:15:02.6999290Z Uploaded bytes 28076
2025-03-03T10:15:02.7584630Z Finished uploading artifact content to blob storage!
2025-03-03T10:15:02.7685290Z SHA256 hash of uploaded artifact zip is 69376d05acdbfc8a4b18f24d52f783b9887ca2df3d233664d014f480d4436440
2025-03-03T10:15:02.7785950Z Finalizing artifact upload
2025-03-03T10:15:02.8461540Z Artifact coverage--continuum-macos-latest.zip successfully finalized. Artifact ID 2680552881
2025-03-03T10:15:02.8463150Z Artifact coverage--continuum-macos-latest has been successfully uploaded! Final size is 28076 bytes. Artifact ID is 2680552881
2025-03-03T10:15:02.8467550Z Artifact download URL: https://github.com/tardis-sn/tardis/actions/runs/13628370634/artifacts/2680552881
2025-03-03T10:15:02.8551800Z Post job cleanup.
2025-03-03T10:15:02.8590250Z Post job cleanup.
2025-03-03T10:15:03.0018920Z Will use pre-installed micromamba at /Users/runner/micromamba-bin/micromamba
2025-03-03T10:15:03.0022400Z Removing micromamba run shell ...
2025-03-03T10:15:03.0024740Z ##[group]Deinitialize micromamba for bash
2025-03-03T10:15:03.0038610Z [command]/Users/runner/micromamba-bin/micromamba shell deinit -s bash -r /Users/runner/micromamba --log-level warning --rc-file /Users/runner/work/_temp/setup-micromamba/.condarc
2025-03-03T10:15:03.0174940Z Resetting RC file "/Users/runner/.bash_profile"
2025-03-03T10:15:03.0175470Z Deleting config for root prefix 
2025-03-03T10:15:03.0175720Z Clearing mamba executable environment variable
2025-03-03T10:15:03.0180720Z Removing the following in your "/Users/runner/.bash_profile" file
2025-03-03T10:15:03.0181420Z # >>> mamba initialize >>>
2025-03-03T10:15:03.0181600Z ...
2025-03-03T10:15:03.0181740Z # <<< mamba initialize <<<
2025-03-03T10:15:03.0206680Z Removing environment tardis from auto-activate bash ...
2025-03-03T10:15:03.0289670Z Post job cleanup.
2025-03-03T10:15:03.0339220Z Post job cleanup.
2025-03-03T10:15:03.1672220Z [command]/opt/homebrew/bin/git version
2025-03-03T10:15:03.1904650Z git version 2.48.1
2025-03-03T10:15:03.1997690Z Copying '/Users/runner/.gitconfig' to '/Users/runner/work/_temp/1f217fee-9273-4eb7-8e68-c500bebbaf35/.gitconfig'
2025-03-03T10:15:03.1998460Z Temporarily overriding HOME='/Users/runner/work/_temp/1f217fee-9273-4eb7-8e68-c500bebbaf35' before making global git config changes
2025-03-03T10:15:03.2000590Z Adding repository directory to the temporary git global config as a safe directory
2025-03-03T10:15:03.2001240Z [command]/opt/homebrew/bin/git config --global --add safe.directory /Users/runner/work/tardis/tardis/tardis-regression-data
2025-03-03T10:15:03.2142270Z [command]/opt/homebrew/bin/git config --local --name-only --get-regexp core\.sshCommand
2025-03-03T10:15:03.2143490Z [command]/opt/homebrew/bin/git submodule foreach --recursive sh -c "git config --local --name-only --get-regexp 'core\.sshCommand' && git config --local --unset-all 'core.sshCommand' || :"
2025-03-03T10:15:03.3185650Z [command]/opt/homebrew/bin/git config --local --name-only --get-regexp http\.https\:\/\/github\.com\/\.extraheader
2025-03-03T10:15:03.3225460Z http.https://github.com/.extraheader
2025-03-03T10:15:03.3233570Z [command]/opt/homebrew/bin/git config --local --unset-all http.https://github.com/.extraheader
2025-03-03T10:15:03.3286810Z [command]/opt/homebrew/bin/git submodule foreach --recursive sh -c "git config --local --name-only --get-regexp 'http\.https\:\/\/github\.com\/\.extraheader' && git config --local --unset-all 'http.https://github.com/.extraheader' || :"
2025-03-03T10:15:03.4533500Z Post job cleanup.
2025-03-03T10:15:03.5510270Z [command]/opt/homebrew/bin/git version
2025-03-03T10:15:03.5553110Z git version 2.48.1
2025-03-03T10:15:03.5572500Z Copying '/Users/runner/.gitconfig' to '/Users/runner/work/_temp/f67cafa9-9352-43f4-90e9-d7cc02ff8477/.gitconfig'
2025-03-03T10:15:03.5578430Z Temporarily overriding HOME='/Users/runner/work/_temp/f67cafa9-9352-43f4-90e9-d7cc02ff8477' before making global git config changes
2025-03-03T10:15:03.5579060Z Adding repository directory to the temporary git global config as a safe directory
2025-03-03T10:15:03.5581950Z [command]/opt/homebrew/bin/git config --global --add safe.directory /Users/runner/work/tardis/tardis
2025-03-03T10:15:03.5632770Z [command]/opt/homebrew/bin/git config --local --name-only --get-regexp core\.sshCommand
2025-03-03T10:15:03.5675390Z [command]/opt/homebrew/bin/git submodule foreach --recursive sh -c "git config --local --name-only --get-regexp 'core\.sshCommand' && git config --local --unset-all 'core.sshCommand' || :"
2025-03-03T10:15:03.6190190Z [command]/opt/homebrew/bin/git config --local --name-only --get-regexp http\.https\:\/\/github\.com\/\.extraheader
2025-03-03T10:15:03.6222620Z http.https://github.com/.extraheader
2025-03-03T10:15:03.6230390Z [command]/opt/homebrew/bin/git config --local --unset-all http.https://github.com/.extraheader
2025-03-03T10:15:03.6279730Z [command]/opt/homebrew/bin/git submodule foreach --recursive sh -c "git config --local --name-only --get-regexp 'http\.https\:\/\/github\.com\/\.extraheader' && git config --local --unset-all 'http.https://github.com/.extraheader' || :"
2025-03-03T10:15:03.6886410Z Cleaning up orphan processes
