2025-02-28T16:19:39.0832388Z Requested labels: macos-latest
2025-02-28T16:19:39.0832841Z Job defined at: tardis-sn/tardis/.github/workflows/tests.yml@refs/pull/2981/merge
2025-02-28T16:19:39.0832994Z Waiting for a runner to pick up this job...
2025-02-28T16:19:39.3072528Z Job is waiting for a hosted runner to come online.
2025-02-28T16:19:43.6480284Z Job is about to start running on the hosted runner: GitHub Actions 3 (hosted)
2025-02-28T16:19:45.3153070Z Current runner version: '2.322.0'
2025-02-28T16:19:45.3210480Z ##[group]Operating System
2025-02-28T16:19:45.3211080Z macOS
2025-02-28T16:19:45.3211400Z 14.7.2
2025-02-28T16:19:45.3211700Z 23H311
2025-02-28T16:19:45.3212000Z ##[endgroup]
2025-02-28T16:19:45.3212320Z ##[group]Runner Image
2025-02-28T16:19:45.3212660Z Image: macos-14-arm64
2025-02-28T16:19:45.3212990Z Version: 20250120.774
2025-02-28T16:19:45.3213710Z Included Software: https://github.com/actions/runner-images/blob/macos-14-arm64/20250120.774/images/macos/macos-14-arm64-Readme.md
2025-02-28T16:19:45.3216650Z Image Release: https://github.com/actions/runner-images/releases/tag/macos-14-arm64%2F20250120.774
2025-02-28T16:19:45.3217290Z ##[endgroup]
2025-02-28T16:19:45.3217630Z ##[group]Runner Image Provisioner
2025-02-28T16:19:45.3218080Z 2.0.422.1+55c30c14fe2a0a1547db1b656933ae07d97649a9
2025-02-28T16:19:45.3218500Z ##[endgroup]
2025-02-28T16:19:45.3219980Z ##[group]GITHUB_TOKEN Permissions
2025-02-28T16:19:45.3226160Z Actions: read
2025-02-28T16:19:45.3227130Z Attestations: read
2025-02-28T16:19:45.3227990Z Checks: read
2025-02-28T16:19:45.3228820Z Contents: read
2025-02-28T16:19:45.3229970Z Deployments: read
2025-02-28T16:19:45.3230440Z Discussions: read
2025-02-28T16:19:45.3230760Z Issues: read
2025-02-28T16:19:45.3231070Z Metadata: read
2025-02-28T16:19:45.3231380Z Packages: read
2025-02-28T16:19:45.3231690Z Pages: read
2025-02-28T16:19:45.3235470Z PullRequests: read
2025-02-28T16:19:45.3236430Z RepositoryProjects: read
2025-02-28T16:19:45.3237370Z SecurityEvents: read
2025-02-28T16:19:45.3238250Z Statuses: read
2025-02-28T16:19:45.3239070Z ##[endgroup]
2025-02-28T16:19:45.3246910Z Secret source: None
2025-02-28T16:19:45.3248220Z Prepare workflow directory
2025-02-28T16:19:45.4055140Z Prepare all required actions
2025-02-28T16:19:45.4085170Z Getting action download info
2025-02-28T16:19:45.6095430Z Download action repository 'actions/checkout@v4' (SHA:11bd71901bbe5b1630ceea73d27597364c9af683)
2025-02-28T16:19:46.5642360Z Download action repository 'actions/upload-artifact@v4' (SHA:4cec3d8aa04e39d1a68397de0c4cd6fb9dce8ec1)
2025-02-28T16:19:48.4251920Z Complete job name: not continuum macos-latest 
2025-02-28T16:19:48.5071460Z ##[group]Run actions/checkout@v4
2025-02-28T16:19:48.5072260Z with:
2025-02-28T16:19:48.5072590Z   repository: tardis-sn/tardis
2025-02-28T16:19:48.5073250Z   token: ***
2025-02-28T16:19:48.5073550Z   ssh-strict: true
2025-02-28T16:19:48.5073880Z   ssh-user: git
2025-02-28T16:19:48.5074200Z   persist-credentials: true
2025-02-28T16:19:48.5074570Z   clean: true
2025-02-28T16:19:48.5074880Z   sparse-checkout-cone-mode: true
2025-02-28T16:19:48.5075270Z   fetch-depth: 1
2025-02-28T16:19:48.5075580Z   fetch-tags: false
2025-02-28T16:19:48.5075900Z   show-progress: true
2025-02-28T16:19:48.5076240Z   lfs: false
2025-02-28T16:19:48.5076570Z   submodules: false
2025-02-28T16:19:48.5076910Z   set-safe-directory: true
2025-02-28T16:19:48.5077380Z env:
2025-02-28T16:19:48.5077670Z   CACHE_NUMBER: 0
2025-02-28T16:19:48.5078590Z   PYTEST_FLAGS: --tardis-regression-data=/Users/runner/work/tardis/tardis/tardis-regression-data --cov=tardis --cov-report=xml --cov-report=html --cov-append
2025-02-28T16:19:48.5079620Z   CODECOV_TOKEN: 
2025-02-28T16:19:48.5080020Z ##[endgroup]
2025-02-28T16:19:49.5965800Z Syncing repository: tardis-sn/tardis
2025-02-28T16:19:49.5967200Z ##[group]Getting Git version info
2025-02-28T16:19:49.5967700Z Working directory is '/Users/runner/work/tardis/tardis'
2025-02-28T16:19:49.5976060Z [command]/opt/homebrew/bin/git version
2025-02-28T16:19:49.7256840Z git version 2.48.1
2025-02-28T16:19:49.7298610Z ##[endgroup]
2025-02-28T16:19:49.7311870Z Copying '/Users/runner/.gitconfig' to '/Users/runner/work/_temp/f14d7f2f-08e5-451d-a541-a0e684ee6015/.gitconfig'
2025-02-28T16:19:49.7381960Z Temporarily overriding HOME='/Users/runner/work/_temp/f14d7f2f-08e5-451d-a541-a0e684ee6015' before making global git config changes
2025-02-28T16:19:49.7384950Z Adding repository directory to the temporary git global config as a safe directory
2025-02-28T16:19:49.7387120Z [command]/opt/homebrew/bin/git config --global --add safe.directory /Users/runner/work/tardis/tardis
2025-02-28T16:19:49.7500850Z Deleting the contents of '/Users/runner/work/tardis/tardis'
2025-02-28T16:19:49.7505930Z ##[group]Initializing the repository
2025-02-28T16:19:49.7508740Z [command]/opt/homebrew/bin/git init /Users/runner/work/tardis/tardis
2025-02-28T16:19:49.7833430Z hint: Using 'master' as the name for the initial branch. This default branch name
2025-02-28T16:19:49.7837700Z hint: is subject to change. To configure the initial branch name to use in all
2025-02-28T16:19:49.7838820Z hint: of your new repositories, which will suppress this warning, call:
2025-02-28T16:19:49.7839870Z hint:
2025-02-28T16:19:49.7840580Z hint: 	git config --global init.defaultBranch <name>
2025-02-28T16:19:49.7841310Z hint:
2025-02-28T16:19:49.7841910Z hint: Names commonly chosen instead of 'master' are 'main', 'trunk' and
2025-02-28T16:19:49.7842670Z hint: 'development'. The just-created branch can be renamed via this command:
2025-02-28T16:19:49.7843320Z hint:
2025-02-28T16:19:49.7843670Z hint: 	git branch -m <name>
2025-02-28T16:19:49.7844410Z Initialized empty Git repository in /Users/runner/work/tardis/tardis/.git/
2025-02-28T16:19:49.7850140Z [command]/opt/homebrew/bin/git remote add origin https://github.com/tardis-sn/tardis
2025-02-28T16:19:49.8165980Z ##[endgroup]
2025-02-28T16:19:49.8167940Z ##[group]Disabling automatic garbage collection
2025-02-28T16:19:49.8168580Z [command]/opt/homebrew/bin/git config --local gc.auto 0
2025-02-28T16:19:49.8214990Z ##[endgroup]
2025-02-28T16:19:49.8216700Z ##[group]Setting up auth
2025-02-28T16:19:49.8219420Z [command]/opt/homebrew/bin/git config --local --name-only --get-regexp core\.sshCommand
2025-02-28T16:19:49.8302560Z [command]/opt/homebrew/bin/git submodule foreach --recursive sh -c "git config --local --name-only --get-regexp 'core\.sshCommand' && git config --local --unset-all 'core.sshCommand' || :"
2025-02-28T16:19:50.1328050Z [command]/opt/homebrew/bin/git config --local --name-only --get-regexp http\.https\:\/\/github\.com\/\.extraheader
2025-02-28T16:19:50.1376310Z [command]/opt/homebrew/bin/git submodule foreach --recursive sh -c "git config --local --name-only --get-regexp 'http\.https\:\/\/github\.com\/\.extraheader' && git config --local --unset-all 'http.https://github.com/.extraheader' || :"
2025-02-28T16:19:50.2041790Z [command]/opt/homebrew/bin/git config --local http.https://github.com/.extraheader AUTHORIZATION: basic ***
2025-02-28T16:19:50.2218130Z ##[endgroup]
2025-02-28T16:19:50.2219680Z ##[group]Fetching the repository
2025-02-28T16:19:50.2223780Z [command]/opt/homebrew/bin/git -c protocol.version=2 fetch --no-tags --prune --no-recurse-submodules --depth=1 origin +f5d513f1de4d9bf4beea0de439abb8121f879385:refs/remotes/pull/2981/merge
2025-02-28T16:19:52.4287750Z From https://github.com/tardis-sn/tardis
2025-02-28T16:19:52.4289720Z  * [new ref]         f5d513f1de4d9bf4beea0de439abb8121f879385 -> pull/2981/merge
2025-02-28T16:19:52.4402830Z ##[endgroup]
2025-02-28T16:19:52.4403680Z ##[group]Determining the checkout info
2025-02-28T16:19:52.4409450Z ##[endgroup]
2025-02-28T16:19:52.4428130Z [command]/opt/homebrew/bin/git sparse-checkout disable
2025-02-28T16:19:52.4561560Z [command]/opt/homebrew/bin/git config --local --unset-all extensions.worktreeConfig
2025-02-28T16:19:52.4707470Z ##[group]Checking out the ref
2025-02-28T16:19:52.4714090Z [command]/opt/homebrew/bin/git checkout --progress --force refs/remotes/pull/2981/merge
2025-02-28T16:19:52.9700390Z HEAD is now at f5d513f Merge 51265448a1cd971d526268210585520020a84100 into a51af908c6403099d3162da0bf4b0fbaca439cac
2025-02-28T16:19:52.9804500Z ##[endgroup]
2025-02-28T16:19:52.9960300Z [command]/opt/homebrew/bin/git log -1 --format=%H
2025-02-28T16:19:53.0021530Z f5d513f1de4d9bf4beea0de439abb8121f879385
2025-02-28T16:19:53.1002660Z Prepare all required actions
2025-02-28T16:19:53.1003400Z Getting action download info
2025-02-28T16:19:53.2509270Z Download action repository 'actions/cache@v4' (SHA:d4323d4df104b026a6aa633fdb11d772146be0bf)
2025-02-28T16:19:54.6326490Z ##[group]Run ./.github/actions/setup_lfs
2025-02-28T16:19:54.6326750Z with:
2025-02-28T16:19:54.6326950Z   regression-data-repo: tardis-sn/tardis-regression-data
2025-02-28T16:19:54.6327190Z   atom-data-sparse: false
2025-02-28T16:19:54.6327360Z env:
2025-02-28T16:19:54.6327480Z   CACHE_NUMBER: 0
2025-02-28T16:19:54.6327970Z   PYTEST_FLAGS: --tardis-regression-data=/Users/runner/work/tardis/tardis/tardis-regression-data --cov=tardis --cov-report=xml --cov-report=html --cov-append
2025-02-28T16:19:54.6328470Z   CODECOV_TOKEN: 
2025-02-28T16:19:54.6328610Z ##[endgroup]
2025-02-28T16:19:54.6522310Z ##[group]Run actions/checkout@v4
2025-02-28T16:19:54.6523050Z with:
2025-02-28T16:19:54.6523620Z   repository: tardis-sn/tardis-regression-data
2025-02-28T16:19:54.6524450Z   path: tardis-regression-data
2025-02-28T16:19:54.6525250Z   lfs: false
2025-02-28T16:19:54.6526340Z   token: ***
2025-02-28T16:19:54.6526720Z   ssh-strict: true
2025-02-28T16:19:54.6527560Z   ssh-user: git
2025-02-28T16:19:54.6527980Z   persist-credentials: true
2025-02-28T16:19:54.6528420Z   clean: true
2025-02-28T16:19:54.6529000Z   sparse-checkout-cone-mode: true
2025-02-28T16:19:54.6529640Z   fetch-depth: 1
2025-02-28T16:19:54.6530070Z   fetch-tags: false
2025-02-28T16:19:54.6530510Z   show-progress: true
2025-02-28T16:19:54.6531120Z   submodules: false
2025-02-28T16:19:54.6531600Z   set-safe-directory: true
2025-02-28T16:19:54.6532070Z env:
2025-02-28T16:19:54.6532480Z   CACHE_NUMBER: 0
2025-02-28T16:19:54.6533820Z   PYTEST_FLAGS: --tardis-regression-data=/Users/runner/work/tardis/tardis/tardis-regression-data --cov=tardis --cov-report=xml --cov-report=html --cov-append
2025-02-28T16:19:54.6536390Z   CODECOV_TOKEN: 
2025-02-28T16:19:54.6536560Z ##[endgroup]
2025-02-28T16:19:54.9210300Z Syncing repository: tardis-sn/tardis-regression-data
2025-02-28T16:19:54.9212470Z ##[group]Getting Git version info
2025-02-28T16:19:54.9214110Z Working directory is '/Users/runner/work/tardis/tardis/tardis-regression-data'
2025-02-28T16:19:54.9215960Z [command]/opt/homebrew/bin/git version
2025-02-28T16:19:54.9329130Z git version 2.48.1
2025-02-28T16:19:54.9444700Z ##[endgroup]
2025-02-28T16:19:54.9472590Z Copying '/Users/runner/.gitconfig' to '/Users/runner/work/_temp/f11f18f3-1679-4d61-b6fe-1510f7318159/.gitconfig'
2025-02-28T16:19:54.9518220Z Temporarily overriding HOME='/Users/runner/work/_temp/f11f18f3-1679-4d61-b6fe-1510f7318159' before making global git config changes
2025-02-28T16:19:54.9520400Z Adding repository directory to the temporary git global config as a safe directory
2025-02-28T16:19:54.9521930Z [command]/opt/homebrew/bin/git config --global --add safe.directory /Users/runner/work/tardis/tardis/tardis-regression-data
2025-02-28T16:19:54.9614340Z ##[group]Initializing the repository
2025-02-28T16:19:54.9621260Z [command]/opt/homebrew/bin/git init /Users/runner/work/tardis/tardis/tardis-regression-data
2025-02-28T16:19:55.0639510Z hint: Using 'master' as the name for the initial branch. This default branch name
2025-02-28T16:19:55.0748660Z hint: is subject to change. To configure the initial branch name to use in all
2025-02-28T16:19:55.0818280Z hint: of your new repositories, which will suppress this warning, call:
2025-02-28T16:19:55.0837510Z hint:
2025-02-28T16:19:55.0843820Z hint: 	git config --global init.defaultBranch <name>
2025-02-28T16:19:55.0908140Z hint:
2025-02-28T16:19:55.0918380Z hint: Names commonly chosen instead of 'master' are 'main', 'trunk' and
2025-02-28T16:19:55.0927220Z hint: 'development'. The just-created branch can be renamed via this command:
2025-02-28T16:19:55.0970100Z hint:
2025-02-28T16:19:55.1002380Z hint: 	git branch -m <name>
2025-02-28T16:19:55.1022190Z Initialized empty Git repository in /Users/runner/work/tardis/tardis/tardis-regression-data/.git/
2025-02-28T16:19:55.1041500Z [command]/opt/homebrew/bin/git remote add origin https://github.com/tardis-sn/tardis-regression-data
2025-02-28T16:19:55.1043760Z ##[endgroup]
2025-02-28T16:19:55.1044490Z ##[group]Disabling automatic garbage collection
2025-02-28T16:19:55.1044850Z [command]/opt/homebrew/bin/git config --local gc.auto 0
2025-02-28T16:19:55.1045670Z ##[endgroup]
2025-02-28T16:19:55.1045990Z ##[group]Setting up auth
2025-02-28T16:19:55.1048510Z [command]/opt/homebrew/bin/git config --local --name-only --get-regexp core\.sshCommand
2025-02-28T16:19:55.1261100Z [command]/opt/homebrew/bin/git submodule foreach --recursive sh -c "git config --local --name-only --get-regexp 'core\.sshCommand' && git config --local --unset-all 'core.sshCommand' || :"
2025-02-28T16:19:55.2524820Z [command]/opt/homebrew/bin/git config --local --name-only --get-regexp http\.https\:\/\/github\.com\/\.extraheader
2025-02-28T16:19:55.2589180Z [command]/opt/homebrew/bin/git submodule foreach --recursive sh -c "git config --local --name-only --get-regexp 'http\.https\:\/\/github\.com\/\.extraheader' && git config --local --unset-all 'http.https://github.com/.extraheader' || :"
2025-02-28T16:19:55.4128340Z [command]/opt/homebrew/bin/git config --local http.https://github.com/.extraheader AUTHORIZATION: basic ***
2025-02-28T16:19:55.4197060Z ##[endgroup]
2025-02-28T16:19:55.4197650Z ##[group]Determining the default branch
2025-02-28T16:19:55.4198860Z Retrieving the default branch name
2025-02-28T16:19:55.9359560Z Default branch 'main'
2025-02-28T16:19:55.9364470Z ##[endgroup]
2025-02-28T16:19:55.9414420Z ##[group]Fetching the repository
2025-02-28T16:19:55.9418310Z [command]/opt/homebrew/bin/git -c protocol.version=2 fetch --no-tags --prune --no-recurse-submodules --depth=1 origin +refs/heads/main:refs/remotes/origin/main
2025-02-28T16:19:56.9955980Z From https://github.com/tardis-sn/tardis-regression-data
2025-02-28T16:19:56.9957900Z  * [new branch]      main       -> origin/main
2025-02-28T16:19:57.0075880Z ##[endgroup]
2025-02-28T16:19:57.0076190Z ##[group]Determining the checkout info
2025-02-28T16:19:57.0076490Z ##[endgroup]
2025-02-28T16:19:57.0078650Z [command]/opt/homebrew/bin/git sparse-checkout disable
2025-02-28T16:19:57.0183330Z [command]/opt/homebrew/bin/git config --local --unset-all extensions.worktreeConfig
2025-02-28T16:19:57.0250170Z ##[group]Checking out the ref
2025-02-28T16:19:57.0251900Z [command]/opt/homebrew/bin/git checkout --progress --force -B main refs/remotes/origin/main
2025-02-28T16:19:57.4757250Z Switched to a new branch 'main'
2025-02-28T16:19:57.4762040Z branch 'main' set up to track 'origin/main'.
2025-02-28T16:19:57.5646290Z ##[endgroup]
2025-02-28T16:19:57.5714800Z [command]/opt/homebrew/bin/git log -1 --format=%H
2025-02-28T16:19:57.5777000Z b2fdf418ac1a3631f8c3d2a5f392b6ebfa09ba0b
2025-02-28T16:19:57.5959060Z ##[group]Run if [ "false" == "true" ]; then
2025-02-28T16:19:57.5959360Z [36;1mif [ "false" == "true" ]; then[0m
2025-02-28T16:19:57.5959630Z [36;1m  echo "Using atom data sparse checkout"[0m
2025-02-28T16:19:57.5959980Z [36;1m  echo "atom_data/kurucz_cd23_chianti_H_He.h5" > .lfs-files-list[0m
2025-02-28T16:19:57.5960330Z [36;1melse[0m
2025-02-28T16:19:57.5960540Z [36;1m  echo "Using full repository checkout"[0m
2025-02-28T16:19:57.5960830Z [36;1m  git lfs ls-files -l | cut -d' ' -f1 | sort > .lfs-files-list[0m
2025-02-28T16:19:57.5961120Z [36;1mfi[0m
2025-02-28T16:19:57.6027050Z shell: /bin/bash --noprofile --norc -e -o pipefail {0}
2025-02-28T16:19:57.6027360Z env:
2025-02-28T16:19:57.6027680Z   CACHE_NUMBER: 0
2025-02-28T16:19:57.6028230Z   PYTEST_FLAGS: --tardis-regression-data=/Users/runner/work/tardis/tardis/tardis-regression-data --cov=tardis --cov-report=xml --cov-report=html --cov-append
2025-02-28T16:19:57.6028880Z   CODECOV_TOKEN: 
2025-02-28T16:19:57.6029060Z ##[endgroup]
2025-02-28T16:19:57.6473990Z Using full repository checkout
2025-02-28T16:19:57.9058430Z ##[group]Run actions/cache/restore@v4
2025-02-28T16:19:57.9058700Z with:
2025-02-28T16:19:57.9060730Z   path: tardis-regression-data/.git/lfs
2025-02-28T16:19:57.9061450Z   key: tardis-regression-full-data-6e3f921411cf0a4e16018f0781785ab8728ab151c8f95ea20b0c8e8609b9a332-tardis-sn/tardis-regression-data-v1
2025-02-28T16:19:57.9062890Z   fail-on-cache-miss: true
2025-02-28T16:19:57.9063190Z   enableCrossOsArchive: false
2025-02-28T16:19:57.9063520Z   lookup-only: false
2025-02-28T16:19:57.9063700Z env:
2025-02-28T16:19:57.9063830Z   CACHE_NUMBER: 0
2025-02-28T16:19:57.9064400Z   PYTEST_FLAGS: --tardis-regression-data=/Users/runner/work/tardis/tardis/tardis-regression-data --cov=tardis --cov-report=xml --cov-report=html --cov-append
2025-02-28T16:19:57.9065030Z   CODECOV_TOKEN: 
2025-02-28T16:19:57.9065240Z ##[endgroup]
2025-02-28T16:19:58.2650780Z Cache hit for: tardis-regression-full-data-6e3f921411cf0a4e16018f0781785ab8728ab151c8f95ea20b0c8e8609b9a332-tardis-sn/tardis-regression-data-v1
2025-02-28T16:19:59.4404110Z Received 37748736 of 2160718086 (1.7%), 36.0 MBs/sec
2025-02-28T16:20:00.4457390Z Received 125829120 of 2160718086 (5.8%), 59.8 MBs/sec
2025-02-28T16:20:01.4545100Z Received 167772160 of 2160718086 (7.8%), 53.1 MBs/sec
2025-02-28T16:20:02.4615990Z Received 264241152 of 2160718086 (12.2%), 62.6 MBs/sec
2025-02-28T16:20:03.4642850Z Received 327155712 of 2160718086 (15.1%), 62.1 MBs/sec
2025-02-28T16:20:04.4681760Z Received 402653184 of 2160718086 (18.6%), 63.7 MBs/sec
2025-02-28T16:20:05.4997400Z Received 478150656 of 2160718086 (22.1%), 64.6 MBs/sec
2025-02-28T16:20:06.4979670Z Received 536870912 of 2160718086 (24.8%), 63.5 MBs/sec
2025-02-28T16:20:07.4976010Z Received 633339904 of 2160718086 (29.3%), 66.7 MBs/sec
2025-02-28T16:20:08.4992210Z Received 687865856 of 2160718086 (31.8%), 65.2 MBs/sec
2025-02-28T16:20:09.4998090Z Received 788529152 of 2160718086 (36.5%), 68.0 MBs/sec
2025-02-28T16:20:10.5099750Z Received 847249408 of 2160718086 (39.2%), 67.0 MBs/sec
2025-02-28T16:20:11.5055530Z Received 918552576 of 2160718086 (42.5%), 67.0 MBs/sec
2025-02-28T16:20:12.5124440Z Received 973078528 of 2160718086 (45.0%), 66.0 MBs/sec
2025-02-28T16:20:13.5104950Z Received 1061158912 of 2160718086 (49.1%), 67.1 MBs/sec
2025-02-28T16:20:14.5467820Z Received 1124073472 of 2160718086 (52.0%), 66.7 MBs/sec
2025-02-28T16:20:15.5255020Z Received 1203765248 of 2160718086 (55.7%), 67.2 MBs/sec
2025-02-28T16:20:16.5276950Z Received 1254096896 of 2160718086 (58.0%), 66.1 MBs/sec
2025-02-28T16:20:17.5343520Z Received 1337982976 of 2160718086 (61.9%), 66.8 MBs/sec
2025-02-28T16:20:18.5296900Z Received 1392508928 of 2160718086 (64.4%), 66.1 MBs/sec
2025-02-28T16:20:19.5350970Z Received 1455423488 of 2160718086 (67.4%), 65.8 MBs/sec
2025-02-28T16:20:20.5365370Z Received 1501560832 of 2160718086 (69.5%), 64.8 MBs/sec
2025-02-28T16:20:21.5388220Z Received 1581252608 of 2160718086 (73.2%), 65.3 MBs/sec
2025-02-28T16:20:22.5424700Z Received 1610612736 of 2160718086 (74.5%), 63.7 MBs/sec
2025-02-28T16:20:23.5448150Z Received 1690304512 of 2160718086 (78.2%), 64.2 MBs/sec
2025-02-28T16:20:24.5521550Z Received 1744830464 of 2160718086 (80.8%), 63.7 MBs/sec
2025-02-28T16:20:25.5771980Z Received 1803550720 of 2160718086 (83.5%), 63.4 MBs/sec
2025-02-28T16:20:26.6844870Z Received 1879048192 of 2160718086 (87.0%), 63.4 MBs/sec
2025-02-28T16:20:27.6866460Z Received 1954545664 of 2160718086 (90.5%), 63.7 MBs/sec
2025-02-28T16:20:28.6905120Z Received 2021654528 of 2160718086 (93.6%), 63.7 MBs/sec
2025-02-28T16:20:29.6908290Z Received 2126512128 of 2160718086 (98.4%), 64.9 MBs/sec
2025-02-28T16:20:30.4020840Z Received 2160718086 of 2160718086 (100.0%), 64.5 MBs/sec
2025-02-28T16:20:30.4085570Z Cache Size: ~2061 MB (2160718086 B)
2025-02-28T16:20:30.4179700Z [command]/opt/homebrew/bin/gtar -xf /Users/runner/work/_temp/52c23d88-d16e-4aa1-8334-7109742c8689/cache.tzst -P -C /Users/runner/work/tardis/tardis --delay-directory-restore --use-compress-program unzstd
2025-02-28T16:20:44.4062470Z Cache restored successfully
2025-02-28T16:20:44.5304990Z Cache restored from key: tardis-regression-full-data-6e3f921411cf0a4e16018f0781785ab8728ab151c8f95ea20b0c8e8609b9a332-tardis-sn/tardis-regression-data-v1
2025-02-28T16:20:44.5623410Z ##[group]Run git lfs checkout
2025-02-28T16:20:44.5624140Z [36;1mgit lfs checkout[0m
2025-02-28T16:20:44.5825780Z shell: /bin/bash --noprofile --norc -e -o pipefail {0}
2025-02-28T16:20:44.5826790Z env:
2025-02-28T16:20:44.5827050Z   CACHE_NUMBER: 0
2025-02-28T16:20:44.5827600Z   PYTEST_FLAGS: --tardis-regression-data=/Users/runner/work/tardis/tardis/tardis-regression-data --cov=tardis --cov-report=xml --cov-report=html --cov-append
2025-02-28T16:20:44.5828300Z   CODECOV_TOKEN: 
2025-02-28T16:20:44.5828550Z ##[endgroup]
2025-02-28T16:20:59.1835490Z Checking out LFS objects: 100% (204/204), 5.7 GB | 354 MB/s, done.
2025-02-28T16:21:19.6884070Z Prepare all required actions
2025-02-28T16:21:19.6886630Z Getting action download info
2025-02-28T16:21:19.9972220Z Download action repository 'mamba-org/setup-micromamba@v1' (SHA:4b9113af4fba0e9e1124b252dd6497a419e7396d)
2025-02-28T16:21:21.2333350Z ##[group]Run ./.github/actions/setup_env
2025-02-28T16:21:21.2333990Z with:
2025-02-28T16:21:21.2334390Z   os-label: osx-arm64
2025-02-28T16:21:21.2336760Z env:
2025-02-28T16:21:21.2337130Z   CACHE_NUMBER: 0
2025-02-28T16:21:21.2338630Z   PYTEST_FLAGS: --tardis-regression-data=/Users/runner/work/tardis/tardis/tardis-regression-data --cov=tardis --cov-report=xml --cov-report=html --cov-append
2025-02-28T16:21:21.2339530Z   CODECOV_TOKEN: 
2025-02-28T16:21:21.2339680Z ##[endgroup]
2025-02-28T16:21:21.2395820Z ##[group]Run file_hash=$(cat conda-osx-arm64.lock | shasum -a 256 | cut -d' ' -f1)
2025-02-28T16:21:21.2396720Z [36;1mfile_hash=$(cat conda-osx-arm64.lock | shasum -a 256 | cut -d' ' -f1)[0m
2025-02-28T16:21:21.2397260Z [36;1mecho "file_hash=tardis-conda-env-osx-arm64-${file_hash}-v1" >> "${GITHUB_OUTPUT}"[0m
2025-02-28T16:21:21.2500320Z shell: /bin/bash --noprofile --norc -e -o pipefail {0}
2025-02-28T16:21:21.2500580Z env:
2025-02-28T16:21:21.2500710Z   CACHE_NUMBER: 0
2025-02-28T16:21:21.2501220Z   PYTEST_FLAGS: --tardis-regression-data=/Users/runner/work/tardis/tardis/tardis-regression-data --cov=tardis --cov-report=xml --cov-report=html --cov-append
2025-02-28T16:21:21.2501730Z   CODECOV_TOKEN: 
2025-02-28T16:21:21.2501890Z ##[endgroup]
2025-02-28T16:21:21.4557010Z ##[group]Run mamba-org/setup-micromamba@v1
2025-02-28T16:21:21.4558540Z with:
2025-02-28T16:21:21.4558720Z   environment-file: conda-osx-arm64.lock
2025-02-28T16:21:21.4559210Z   cache-environment-key: tardis-conda-env-osx-arm64-354e2cc8bd515676980814f312c10753c2dc4a43f483398b98b444c582fdd35f-v1
2025-02-28T16:21:21.4561410Z   cache-downloads-key: tardis-conda-env-osx-arm64-354e2cc8bd515676980814f312c10753c2dc4a43f483398b98b444c582fdd35f-v1
2025-02-28T16:21:21.4561910Z   environment-name: tardis
2025-02-28T16:21:21.4562100Z   cache-environment: true
2025-02-28T16:21:21.4562300Z   cache-downloads: true
2025-02-28T16:21:21.4562470Z env:
2025-02-28T16:21:21.4562600Z   CACHE_NUMBER: 0
2025-02-28T16:21:21.4563120Z   PYTEST_FLAGS: --tardis-regression-data=/Users/runner/work/tardis/tardis/tardis-regression-data --cov=tardis --cov-report=xml --cov-report=html --cov-append
2025-02-28T16:21:21.4563640Z   CODECOV_TOKEN: 
2025-02-28T16:21:21.4563810Z ##[endgroup]
2025-02-28T16:21:21.9049440Z Will download micromamba to /Users/runner/micromamba-bin/micromamba
2025-02-28T16:21:21.9061890Z ##[group]Install micromamba
2025-02-28T16:21:22.6675400Z micromamba installed to /Users/runner/micromamba-bin/micromamba
2025-02-28T16:21:22.6800000Z ##[endgroup]
2025-02-28T16:21:22.6854640Z Adding conda-forge to condarc channels ...
2025-02-28T16:21:22.6856140Z ##[group]Initialize micromamba for bash.
2025-02-28T16:21:22.6860070Z [command]/Users/runner/micromamba-bin/micromamba shell init -s bash -r /Users/runner/micromamba --log-level warning --rc-file /Users/runner/work/_temp/setup-micromamba/.condarc
2025-02-28T16:21:22.7316740Z Modifying RC file "/Users/runner/.bash_profile"
2025-02-28T16:21:22.7320380Z Generating config for root prefix [1m"/Users/runner/micromamba"[0m
2025-02-28T16:21:22.7321610Z Setting mamba executable to: [1m"/Users/runner/micromamba-bin/micromamba"[0m
2025-02-28T16:21:22.7322090Z Adding (or replacing) the following in your "/Users/runner/.bash_profile" file
2025-02-28T16:21:22.7322430Z 
2025-02-28T16:21:22.7340450Z # >>> mamba initialize >>>
2025-02-28T16:21:22.7340810Z # !! Contents within this block are managed by 'mamba init' !!
2025-02-28T16:21:22.7341130Z export MAMBA_EXE='/Users/runner/micromamba-bin/micromamba';
2025-02-28T16:21:22.7341440Z export MAMBA_ROOT_PREFIX='/Users/runner/micromamba';
2025-02-28T16:21:22.7343350Z __mamba_setup="$("$MAMBA_EXE" shell hook --shell bash --root-prefix "$MAMBA_ROOT_PREFIX" 2> /dev/null)"
2025-02-28T16:21:22.7345840Z if [ $? -eq 0 ]; then
2025-02-28T16:21:22.7346750Z     eval "$__mamba_setup"
2025-02-28T16:21:22.7347240Z else
2025-02-28T16:21:22.7347880Z     alias micromamba="$MAMBA_EXE"  # Fallback on help from mamba activate
2025-02-28T16:21:22.7348650Z fi
2025-02-28T16:21:22.7349020Z unset __mamba_setup
2025-02-28T16:21:22.7349470Z # <<< mamba initialize <<<
2025-02-28T16:21:22.7349810Z 
2025-02-28T16:21:22.7350320Z ##[endgroup]
2025-02-28T16:21:22.7350820Z ##[group]Restoring downloads from `/Users/runner/micromamba/pkgs` ...
2025-02-28T16:21:24.3215880Z Received 33554432 of 310631401 (10.8%), 31.8 MBs/sec
2025-02-28T16:21:25.3218900Z Received 134217728 of 310631401 (43.2%), 63.8 MBs/sec
2025-02-28T16:21:26.3241390Z Received 234881024 of 310631401 (75.6%), 74.4 MBs/sec
2025-02-28T16:21:27.3286520Z Received 306437097 of 310631401 (98.6%), 72.8 MBs/sec
2025-02-28T16:21:27.5601130Z Cache Size: ~296 MB (310631401 B)
2025-02-28T16:21:27.5805830Z [command]/opt/homebrew/bin/gtar -xf /Users/runner/work/_temp/fbc714e6-851a-46d2-a2a6-022a581ea6f5/cache.tzst -P -C /Users/runner/work/tardis/tardis --delay-directory-restore --use-compress-program unzstd
2025-02-28T16:21:28.3316010Z Received 310631401 of 310631401 (100.0%), 59.0 MBs/sec
2025-02-28T16:21:29.0712260Z Cache restored successfully
2025-02-28T16:21:29.0760750Z Restored cache with key `tardis-conda-env-osx-arm64-354e2cc8bd515676980814f312c10753c2dc4a43f483398b98b444c582fdd35f-v1-osx-arm64`
2025-02-28T16:21:29.0768270Z ##[endgroup]
2025-02-28T16:21:29.0817320Z ##[group]Restoring environment `tardis` from `/Users/runner/micromamba/envs/tardis` ...
2025-02-28T16:21:30.4817380Z Received 4194304 of 385953952 (1.1%), 4.0 MBs/sec
2025-02-28T16:21:31.4876340Z Received 62914560 of 385953952 (16.3%), 29.9 MBs/sec
2025-02-28T16:21:32.4898600Z Received 150994944 of 385953952 (39.1%), 47.8 MBs/sec
2025-02-28T16:21:33.4969180Z Received 234881024 of 385953952 (60.9%), 55.8 MBs/sec
2025-02-28T16:21:34.4920900Z Received 310378496 of 385953952 (80.4%), 59.0 MBs/sec
2025-02-28T16:21:35.5060620Z Received 381759648 of 385953952 (98.9%), 60.4 MBs/sec
2025-02-28T16:21:36.0586630Z Cache Size: ~368 MB (385953952 B)
2025-02-28T16:21:36.0724620Z [command]/opt/homebrew/bin/gtar -xf /Users/runner/work/_temp/942365d9-379f-4feb-adec-e996fc7083cf/cache.tzst -P -C /Users/runner/work/tardis/tardis --delay-directory-restore --use-compress-program unzstd
2025-02-28T16:21:36.5052000Z Received 385953952 of 385953952 (100.0%), 52.4 MBs/sec
2025-02-28T16:21:59.0892620Z Cache restored successfully
2025-02-28T16:21:59.0994980Z Restored cache with key `tardis-conda-env-osx-arm64-354e2cc8bd515676980814f312c10753c2dc4a43f483398b98b444c582fdd35f-v1-osx-arm64-tardis-args-4f53cda-root-873f6fe-bin-[object Promise]-file-354e2cc8bd515676980814f312c10753c2dc4a43f483398b98b444c582fdd35f`
2025-02-28T16:21:59.1072230Z ##[endgroup]
2025-02-28T16:21:59.1083270Z Adding environment tardis to auto-activate bash ...
2025-02-28T16:21:59.1093250Z Generating micromamba run shell.
2025-02-28T16:21:59.1096270Z ##[endgroup]
2025-02-28T16:21:59.1128490Z Set environment variables.
2025-02-28T16:21:59.1133690Z ##[group]micromamba info
2025-02-28T16:21:59.1136140Z [command]/Users/runner/micromamba-bin/micromamba info -r /Users/runner/micromamba -n tardis
2025-02-28T16:21:59.8126860Z 
2025-02-28T16:21:59.8135890Z        libmamba version : 1.5.10
2025-02-28T16:21:59.8148940Z      micromamba version : 1.5.10
2025-02-28T16:21:59.8152520Z            curl version : libcurl/8.10.1 (OpenSSL/3.3.2) SecureTransport zlib/1.3.1 zstd/1.5.6 libssh2/1.11.0 nghttp2/1.58.0
2025-02-28T16:21:59.8165350Z      libarchive version : libarchive 3.7.4 zlib/1.2.13 bz2lib/1.0.8 libzstd/1.5.6
2025-02-28T16:21:59.8165940Z        envs directories : /Users/runner/micromamba/envs
2025-02-28T16:21:59.8166280Z           package cache : /Users/runner/micromamba/pkgs
2025-02-28T16:21:59.8166880Z                           /Users/runner/.mamba/pkgs
2025-02-28T16:21:59.8167290Z             environment : tardis
2025-02-28T16:21:59.8167600Z            env location : /Users/runner/micromamba/envs/tardis
2025-02-28T16:21:59.8172180Z       user config files : /Users/runner/.mambarc
2025-02-28T16:21:59.8173760Z  populated config files : /Users/runner/work/_temp/setup-micromamba/.condarc
2025-02-28T16:21:59.8175020Z        virtual packages : __unix=0=0
2025-02-28T16:21:59.8175780Z                           __osx=14.7.2=0
2025-02-28T16:21:59.8176700Z                           __archspec=1=arm64
2025-02-28T16:21:59.8177670Z                channels : https://conda.anaconda.org/conda-forge/osx-arm64
2025-02-28T16:21:59.8178890Z                           https://conda.anaconda.org/conda-forge/noarch
2025-02-28T16:21:59.8179870Z        base environment : /Users/runner/micromamba
2025-02-28T16:21:59.8181230Z                platform : osx-arm64
2025-02-28T16:21:59.8181880Z ##[endgroup]
2025-02-28T16:21:59.8182240Z ##[group]micromamba list
2025-02-28T16:21:59.8182840Z [command]/Users/runner/micromamba-bin/micromamba list -r /Users/runner/micromamba -n tardis
2025-02-28T16:22:00.5674550Z List of packages in environment: "/Users/runner/micromamba/envs/tardis"
2025-02-28T16:22:00.5675430Z 
2025-02-28T16:22:00.5676210Z   Name                           Version              Build                    Channel    
2025-02-28T16:22:00.5686240Z â”€â”€â”€â”€â”€â”€â”€â”€â”€â”€â”€â”€â”€â”€â”€â”€â”€â”€â”€â”€â”€â”€â”€â”€â”€â”€â”€â”€â”€â”€â”€â”€â”€â”€â”€â”€â”€â”€â”€â”€â”€â”€â”€â”€â”€â”€â”€â”€â”€â”€â”€â”€â”€â”€â”€â”€â”€â”€â”€â”€â”€â”€â”€â”€â”€â”€â”€â”€â”€â”€â”€â”€â”€â”€â”€â”€â”€â”€â”€â”€â”€â”€â”€â”€â”€â”€â”€â”€â”€â”€â”€â”€
2025-02-28T16:22:00.5687000Z   alabaster                      0.7.16               pyhd8ed1ab_0             conda-forge
2025-02-28T16:22:00.5687480Z   anyio                          4.4.0                pyhd8ed1ab_0             conda-forge
2025-02-28T16:22:00.5689170Z   appnope                        0.1.4                pyhd8ed1ab_1             conda-forge
2025-02-28T16:22:00.5689630Z   argon2-cffi                    23.1.0               pyhd8ed1ab_1             conda-forge
2025-02-28T16:22:00.5690220Z   argon2-cffi-bindings           21.2.0               py312h024a12e_5          conda-forge
2025-02-28T16:22:00.5737210Z   arrow                          1.3.0                pyhd8ed1ab_1             conda-forge
2025-02-28T16:22:00.5737980Z   astropy                        6.1.1                py312hbebd99a_1          conda-forge
2025-02-28T16:22:00.5738460Z   astropy-iers-data              0.2024.6.17.0.31.35  pyhd8ed1ab_0             conda-forge
2025-02-28T16:22:00.5739770Z   astropy-sphinx-theme           1.1                  pyhd8ed1ab_1             conda-forge
2025-02-28T16:22:00.5740960Z   asttokens                      2.4.1                pyhd8ed1ab_0             conda-forge
2025-02-28T16:22:00.5742620Z   async-lru                      2.0.4                pyhd8ed1ab_1             conda-forge
2025-02-28T16:22:00.5744700Z   atk-1.0                        2.38.0               hd03087b_2               conda-forge
2025-02-28T16:22:00.5745980Z   attrs                          23.2.0               pyh71513ae_0             conda-forge
2025-02-28T16:22:00.5746830Z   babel                          2.14.0               pyhd8ed1ab_0             conda-forge
2025-02-28T16:22:00.5747900Z   beautifulsoup4                 4.12.3               pyha770c72_1             conda-forge
2025-02-28T16:22:00.5749250Z   bleach                         6.1.0                pyhd8ed1ab_0             conda-forge
2025-02-28T16:22:00.5749650Z   blosc                          1.21.6               h7dd00d9_1               conda-forge
2025-02-28T16:22:00.5751280Z   brotli                         1.1.0                hd74edd7_2               conda-forge
2025-02-28T16:22:00.5751620Z   brotli-bin                     1.1.0                hd74edd7_2               conda-forge
2025-02-28T16:22:00.5755680Z   brotli-python                  1.1.0                py312hde4cb15_2          conda-forge
2025-02-28T16:22:00.5756760Z   bzip2                          1.0.8                h99b78c6_7               conda-forge
2025-02-28T16:22:00.5757660Z   c-ares                         1.28.1               h93a5062_0               conda-forge
2025-02-28T16:22:00.5758420Z   c-blosc2                       2.15.2               h9cbb436_1               conda-forge
2025-02-28T16:22:00.5759590Z   ca-certificates                2024.12.14           hf0a4a13_0               conda-forge
2025-02-28T16:22:00.5760350Z   cached-property                1.5.2                hd8ed1ab_1               conda-forge
2025-02-28T16:22:00.5760690Z   cached_property                1.5.2                pyha770c72_1             conda-forge
2025-02-28T16:22:00.5763090Z   cairo                          1.18.0               hc6c324b_2               conda-forge
2025-02-28T16:22:00.5763890Z   certifi                        2024.12.14           pyhd8ed1ab_0             conda-forge
2025-02-28T16:22:00.5764280Z   cffi                           1.16.0               py312h8e38eb3_0          conda-forge
2025-02-28T16:22:00.5765390Z   charset-normalizer             3.3.2                pyhd8ed1ab_0             conda-forge
2025-02-28T16:22:00.5766050Z   click                          8.1.7                unix_pyh707e725_1        conda-forge
2025-02-28T16:22:00.5767260Z   codespell                      2.3.0                pyhd8ed1ab_1             conda-forge
2025-02-28T16:22:00.5769040Z   colorama                       0.4.6                pyhd8ed1ab_1             conda-forge
2025-02-28T16:22:00.5770040Z   comm                           0.2.2                pyhd8ed1ab_1             conda-forge
2025-02-28T16:22:00.5770920Z   commonmark                     0.9.1                py_0                     conda-forge
2025-02-28T16:22:00.5771300Z   contourpy                      1.2.1                py312h0fef576_0          conda-forge
2025-02-28T16:22:00.5771680Z   coverage                       7.5.3                py312h7e5086c_0          conda-forge
2025-02-28T16:22:00.5772020Z   cycler                         0.12.1               pyhd8ed1ab_1             conda-forge
2025-02-28T16:22:00.5773560Z   dataclasses                    0.8                  pyhc8e2a94_3             conda-forge
2025-02-28T16:22:00.5773920Z   debugpy                        1.8.1                py312h20a0b95_0          conda-forge
2025-02-28T16:22:00.5774660Z   decorator                      5.1.1                pyhd8ed1ab_1             conda-forge
2025-02-28T16:22:00.5775110Z   defusedxml                     0.7.1                pyhd8ed1ab_0             conda-forge
2025-02-28T16:22:00.5775550Z   docutils                       0.20.1               py312h81bd7bf_3          conda-forge
2025-02-28T16:22:00.5776130Z   dot2tex                        2.11.3               pyhd8ed1ab_1             conda-forge
2025-02-28T16:22:00.5776990Z   entrypoints                    0.4                  pyhd8ed1ab_1             conda-forge
2025-02-28T16:22:00.5777500Z   exceptiongroup                 1.2.0                pyhd8ed1ab_2             conda-forge
2025-02-28T16:22:00.5777950Z   executing                      2.0.1                pyhd8ed1ab_0             conda-forge
2025-02-28T16:22:00.5778680Z   expat                          2.6.2                hebf3989_0               conda-forge
2025-02-28T16:22:00.5781420Z   font-ttf-dejavu-sans-mono      2.37                 hab24e00_0               conda-forge
2025-02-28T16:22:00.5782160Z   font-ttf-inconsolata           3.000                h77eed37_0               conda-forge
2025-02-28T16:22:00.5783140Z   font-ttf-source-code-pro       2.038                h77eed37_0               conda-forge
2025-02-28T16:22:00.5784560Z   font-ttf-ubuntu                0.83                 h77eed37_3               conda-forge
2025-02-28T16:22:00.5786230Z   fontconfig                     2.14.2               h82840c6_0               conda-forge
2025-02-28T16:22:00.5789560Z   fonts-conda-ecosystem          1                    0                        conda-forge
2025-02-28T16:22:00.5790370Z   fonts-conda-forge              1                    0                        conda-forge
2025-02-28T16:22:00.5791350Z   fonttools                      4.53.0               py312h7e5086c_0          conda-forge
2025-02-28T16:22:00.5792720Z   fqdn                           1.5.1                pyhd8ed1ab_1             conda-forge
2025-02-28T16:22:00.5794140Z   freetype                       2.12.1               hadb7bae_2               conda-forge
2025-02-28T16:22:00.5798240Z   fribidi                        1.0.10               h27ca646_0               conda-forge
2025-02-28T16:22:00.5798690Z   future                         1.0.0                pyhd8ed1ab_1             conda-forge
2025-02-28T16:22:00.5800230Z   gdk-pixbuf                     2.42.12              h7ddc832_0               conda-forge
2025-02-28T16:22:00.5800920Z   gettext                        0.22.5               h8414b35_3               conda-forge
2025-02-28T16:22:00.5802400Z   gettext-tools                  0.22.5               h8414b35_3               conda-forge
2025-02-28T16:22:00.5804720Z   giflib                         5.2.2                h93a5062_0               conda-forge
2025-02-28T16:22:00.5807590Z   git-lfs                        3.5.1                h40ddcf5_1               conda-forge
2025-02-28T16:22:00.5808070Z   gmp                            6.3.0                h7bae524_2               conda-forge
2025-02-28T16:22:00.5808410Z   gmpy2                          2.1.5                py312h524cf62_3          conda-forge
2025-02-28T16:22:00.5808820Z   graphite2                      1.3.13               hebf3989_1003            conda-forge
2025-02-28T16:22:00.5809140Z   graphviz                       11.0.0               h9bb9bc9_0               conda-forge
2025-02-28T16:22:00.5809550Z   gtk2                           2.24.33              h7895bb2_4               conda-forge
2025-02-28T16:22:00.5809880Z   gts                            0.7.6                he42f4ea_4               conda-forge
2025-02-28T16:22:00.5810290Z   h11                            0.14.0               pyhd8ed1ab_1             conda-forge
2025-02-28T16:22:00.5810640Z   h2                             4.1.0                pyhd8ed1ab_1             conda-forge
2025-02-28T16:22:00.5811060Z   h5py                           3.11.0               nompi_py312h3cd0824_103  conda-forge
2025-02-28T16:22:00.5811430Z   harfbuzz                       8.5.0                h1836168_0               conda-forge
2025-02-28T16:22:00.5811850Z   hdf5                           1.14.3               nompi_hec07895_105       conda-forge
2025-02-28T16:22:00.5812260Z   hpack                          4.0.0                pyhd8ed1ab_1             conda-forge
2025-02-28T16:22:00.5813220Z   httpcore                       1.0.5                pyhd8ed1ab_0             conda-forge
2025-02-28T16:22:00.5813750Z   httpx                          0.27.0               pyhd8ed1ab_0             conda-forge
2025-02-28T16:22:00.5814200Z   hyperframe                     6.0.1                pyhd8ed1ab_1             conda-forge
2025-02-28T16:22:00.5814700Z   icu                            73.2                 hc8870d7_0               conda-forge
2025-02-28T16:22:00.5815080Z   idna                           3.7                  pyhd8ed1ab_0             conda-forge
2025-02-28T16:22:00.5815560Z   imagesize                      1.4.1                pyhd8ed1ab_0             conda-forge
2025-02-28T16:22:00.5816040Z   importlib-metadata             7.1.0                pyha770c72_0             conda-forge
2025-02-28T16:22:00.5816500Z   importlib_metadata             7.1.0                hd8ed1ab_0               conda-forge
2025-02-28T16:22:00.5817600Z   importlib_resources            6.4.0                pyhd8ed1ab_0             conda-forge
2025-02-28T16:22:00.5818620Z   iniconfig                      2.0.0                pyhd8ed1ab_1             conda-forge
2025-02-28T16:22:00.5821440Z   ipykernel                      6.29.4               pyh57ce528_0             conda-forge
2025-02-28T16:22:00.5822320Z   ipython                        8.25.0               pyh707e725_0             conda-forge
2025-02-28T16:22:00.5823440Z   ipython_genutils               0.2.0                pyhd8ed1ab_2             conda-forge
2025-02-28T16:22:00.5824410Z   ipywidgets                     7.8.0                pyhd8ed1ab_0             conda-forge
2025-02-28T16:22:00.5828430Z   isoduration                    20.11.0              pyhd8ed1ab_1             conda-forge
2025-02-28T16:22:00.5828910Z   jedi                           0.19.1               pyhd8ed1ab_0             conda-forge
2025-02-28T16:22:00.5829250Z   jinja2                         3.1.4                pyhd8ed1ab_1             conda-forge
2025-02-28T16:22:00.5829630Z   json5                          0.9.25               pyhd8ed1ab_0             conda-forge
2025-02-28T16:22:00.5830060Z   jsonpointer                    3.0.0                py312h81bd7bf_1          conda-forge
2025-02-28T16:22:00.5830450Z   jsonschema                     4.22.0               pyhd8ed1ab_0             conda-forge
2025-02-28T16:22:00.5830870Z   jsonschema-specifications      2023.12.1            pyhd8ed1ab_0             conda-forge
2025-02-28T16:22:00.5831360Z   jsonschema-with-format-nongpl  4.22.0               pyhd8ed1ab_0             conda-forge
2025-02-28T16:22:00.5831770Z   jupyter-lsp                    2.2.5                pyhd8ed1ab_1             conda-forge
2025-02-28T16:22:00.5832200Z   jupyter_client                 8.6.2                pyhd8ed1ab_0             conda-forge
2025-02-28T16:22:00.5832580Z   jupyter_core                   5.7.2                pyh31011fe_1             conda-forge
2025-02-28T16:22:00.5833030Z   jupyter_events                 0.10.0               pyhd8ed1ab_1             conda-forge
2025-02-28T16:22:00.5833400Z   jupyter_server                 2.14.1               pyhd8ed1ab_1             conda-forge
2025-02-28T16:22:00.5833960Z   jupyter_server_terminals       0.5.3                pyhd8ed1ab_1             conda-forge
2025-02-28T16:22:00.5834300Z   jupyterlab                     4.2.2                pyhd8ed1ab_0             conda-forge
2025-02-28T16:22:00.5834680Z   jupyterlab_pygments            0.3.0                pyhd8ed1ab_2             conda-forge
2025-02-28T16:22:00.5835060Z   jupyterlab_server              2.27.2               pyhd8ed1ab_0             conda-forge
2025-02-28T16:22:00.5835520Z   jupyterlab_widgets             1.1.7                pyhd8ed1ab_0             conda-forge
2025-02-28T16:22:00.5835890Z   kiwisolver                     1.4.5                py312h6142ec9_2          conda-forge
2025-02-28T16:22:00.5836240Z   krb5                           1.21.2               h92f50d5_0               conda-forge
2025-02-28T16:22:00.5836590Z   latexcodec                     2.0.1                pyh9f0ad1d_0             conda-forge
2025-02-28T16:22:00.5836870Z   lcms2                          2.16                 ha0e7c42_0               conda-forge
2025-02-28T16:22:00.5837150Z   lerc                           4.0.0                h9a09cb3_0               conda-forge
2025-02-28T16:22:00.5837430Z   libaec                         1.1.3                hebf3989_0               conda-forge
2025-02-28T16:22:00.5837720Z   libasprintf                    0.22.5               h8414b35_3               conda-forge
2025-02-28T16:22:00.5838050Z   libasprintf-devel              0.22.5               h8414b35_3               conda-forge
2025-02-28T16:22:00.5838420Z   libblas                        3.9.0                24_osxarm64_openblas     conda-forge
2025-02-28T16:22:00.5838730Z   libbrotlicommon                1.1.0                hd74edd7_2               conda-forge
2025-02-28T16:22:00.5839050Z   libbrotlidec                   1.1.0                hd74edd7_2               conda-forge
2025-02-28T16:22:00.5839360Z   libbrotlienc                   1.1.0                hd74edd7_2               conda-forge
2025-02-28T16:22:00.5839840Z   libcblas                       3.9.0                24_osxarm64_openblas     conda-forge
2025-02-28T16:22:00.5840500Z   libcurl                        8.8.0                h7b6f9a7_0               conda-forge
2025-02-28T16:22:00.5840800Z   libcxx                         19.1.6               ha82da77_1               conda-forge
2025-02-28T16:22:00.5841090Z   libdeflate                     1.20                 h93a5062_0               conda-forge
2025-02-28T16:22:00.5841590Z   libedit                        3.1.20191231         hc8eb9b7_2               conda-forge
2025-02-28T16:22:00.5841990Z   libev                          4.33                 h93a5062_2               conda-forge
2025-02-28T16:22:00.5842280Z   libexpat                       2.6.2                hebf3989_0               conda-forge
2025-02-28T16:22:00.5842590Z   libffi                         3.4.2                h3422bc3_5               conda-forge
2025-02-28T16:22:00.5842910Z   libgd                          2.3.3                hfdf3952_9               conda-forge
2025-02-28T16:22:00.5843210Z   libgettextpo                   0.22.5               h8414b35_3               conda-forge
2025-02-28T16:22:00.5843550Z   libgettextpo-devel             0.22.5               h8414b35_3               conda-forge
2025-02-28T16:22:00.5843880Z   libgfortran                    5.0.0                13_2_0_hd922786_3        conda-forge
2025-02-28T16:22:00.5844250Z   libgfortran5                   13.2.0               hf226fd6_3               conda-forge
2025-02-28T16:22:00.5844590Z   libglib                        2.80.2               h59d46d9_1               conda-forge
2025-02-28T16:22:00.5847960Z   libiconv                       1.17                 h0d3ecfb_2               conda-forge
2025-02-28T16:22:00.5848310Z   libintl                        0.22.5               h8414b35_3               conda-forge
2025-02-28T16:22:00.5848660Z   libintl-devel                  0.22.5               h8414b35_3               conda-forge
2025-02-28T16:22:00.5849010Z   libjpeg-turbo                  3.0.0                hb547adb_1               conda-forge
2025-02-28T16:22:00.5849350Z   liblapack                      3.9.0                24_osxarm64_openblas     conda-forge
2025-02-28T16:22:00.5849680Z   libllvm14                      14.0.6               hd1a9a77_4               conda-forge
2025-02-28T16:22:00.5850000Z   libnghttp2                     1.58.0               ha4dd798_1               conda-forge
2025-02-28T16:22:00.5850350Z   libopenblas                    0.3.27               openmp_h517c56d_1        conda-forge
2025-02-28T16:22:00.5850690Z   libpng                         1.6.43               h091b4b1_0               conda-forge
2025-02-28T16:22:00.5851000Z   librsvg                        2.58.1               hbc281fb_0               conda-forge
2025-02-28T16:22:00.5851350Z   libsodium                      1.0.18               h27ca646_1               conda-forge
2025-02-28T16:22:00.5851680Z   libsqlite                      3.46.0               hfb93653_0               conda-forge
2025-02-28T16:22:00.5852010Z   libssh2                        1.11.0               h7a5bd25_0               conda-forge
2025-02-28T16:22:00.5852310Z   libtiff                        4.6.0                h07db509_3               conda-forge
2025-02-28T16:22:00.5852620Z   libwebp                        1.4.0                h54798ee_0               conda-forge
2025-02-28T16:22:00.5853140Z   libwebp-base                   1.4.0                h93a5062_0               conda-forge
2025-02-28T16:22:00.5853440Z   libxcb                         1.16                 hc9fafa5_1               conda-forge
2025-02-28T16:22:00.5853730Z   libxml2                        2.12.7               h9a80f22_3               conda-forge
2025-02-28T16:22:00.5854020Z   libxslt                        1.1.39               h223e5b9_0               conda-forge
2025-02-28T16:22:00.5854320Z   libzlib                        1.3.1                h8359307_2               conda-forge
2025-02-28T16:22:00.5854620Z   llvm-openmp                    18.1.7               hde57baf_0               conda-forge
2025-02-28T16:22:00.5855280Z   llvmlite                       0.43.0               py312ha9ca408_1          conda-forge
2025-02-28T16:22:00.5855590Z   lxml                           5.2.2                py312h0e5ab22_0          conda-forge
2025-02-28T16:22:00.5855870Z   lz4-c                          1.10.0               h286801f_1               conda-forge
2025-02-28T16:22:00.5856400Z   markupsafe                     2.1.5                py312h024a12e_1          conda-forge
2025-02-28T16:22:00.5856730Z   matplotlib-base                3.8.4                py312h4479663_2          conda-forge
2025-02-28T16:22:00.5857070Z   matplotlib-inline              0.1.7                pyhd8ed1ab_1             conda-forge
2025-02-28T16:22:00.5857410Z   mistune                        3.0.2                pyhd8ed1ab_1             conda-forge
2025-02-28T16:22:00.5857690Z   mpc                            1.3.1                h8f1351a_1               conda-forge
2025-02-28T16:22:00.5857970Z   mpfr                           4.2.1                hb693164_3               conda-forge
2025-02-28T16:22:00.5858770Z   mpmath                         1.3.0                pyhd8ed1ab_1             conda-forge
2025-02-28T16:22:00.5859720Z   munkres                        1.1.4                pyh9f0ad1d_0             conda-forge
2025-02-28T16:22:00.5861190Z   mypy_extensions                1.0.0                pyha770c72_1             conda-forge
2025-02-28T16:22:00.5861510Z   nbclassic                      1.1.0                pyhd8ed1ab_1             conda-forge
2025-02-28T16:22:00.5861820Z   nbclient                       0.10.0               pyhd8ed1ab_0             conda-forge
2025-02-28T16:22:00.5862120Z   nbconvert                      7.16.4               hd8ed1ab_3               conda-forge
2025-02-28T16:22:00.5862440Z   nbconvert-core                 7.16.4               pyhd8ed1ab_3             conda-forge
2025-02-28T16:22:00.5862770Z   nbconvert-pandoc               7.16.4               hd8ed1ab_3               conda-forge
2025-02-28T16:22:00.5863100Z   nbformat                       5.10.4               pyhd8ed1ab_1             conda-forge
2025-02-28T16:22:00.5863660Z   nbsphinx                       0.9.4                pyhd8ed1ab_0             conda-forge
2025-02-28T16:22:00.5863940Z   ncurses                        6.5                  h7bae524_1               conda-forge
2025-02-28T16:22:00.5864240Z   nest-asyncio                   1.6.0                pyhd8ed1ab_1             conda-forge
2025-02-28T16:22:00.5864550Z   networkx                       3.3                  pyhd8ed1ab_1             conda-forge
2025-02-28T16:22:00.5864850Z   notebook                       7.2.1                pyhd8ed1ab_0             conda-forge
2025-02-28T16:22:00.5865160Z   notebook-shim                  0.2.4                pyhd8ed1ab_1             conda-forge
2025-02-28T16:22:00.5865460Z   numba                          0.60.0               py312h41cea2d_0          conda-forge
2025-02-28T16:22:00.5865760Z   numexpr                        2.10.0               py312h8ae5369_0          conda-forge
2025-02-28T16:22:00.5866050Z   numpy                          2.0.2                py312h94ee1e1_1          conda-forge
2025-02-28T16:22:00.5866340Z   numpydoc                       1.7.0                pyhd8ed1ab_3             conda-forge
2025-02-28T16:22:00.5866630Z   openjpeg                       2.5.2                h9f1df11_0               conda-forge
2025-02-28T16:22:00.5866930Z   openssl                        3.4.0                h81ee809_1               conda-forge
2025-02-28T16:22:00.5867230Z   overrides                      7.7.0                pyhd8ed1ab_1             conda-forge
2025-02-28T16:22:00.5867520Z   packaging                      24.1                 pyhd8ed1ab_0             conda-forge
2025-02-28T16:22:00.5867820Z   pandas                         2.2.2                py312h8ae5369_1          conda-forge
2025-02-28T16:22:00.5868180Z   pandoc                         3.2.1                hce30654_0               conda-forge
2025-02-28T16:22:00.5869100Z   pandocfilters                  1.5.0                pyhd8ed1ab_0             conda-forge
2025-02-28T16:22:00.5869530Z   pango                          1.54.0               h5cb9fbc_0               conda-forge
2025-02-28T16:22:00.5869980Z   parso                          0.8.4                pyhd8ed1ab_1             conda-forge
2025-02-28T16:22:00.5870480Z   pathspec                       0.12.1               pyhd8ed1ab_1             conda-forge
2025-02-28T16:22:00.5870960Z   pbr                            6.0.0                pyhd8ed1ab_0             conda-forge
2025-02-28T16:22:00.5871290Z   pcre2                          10.44                h297a79d_2               conda-forge
2025-02-28T16:22:00.5871680Z   pexpect                        4.9.0                pyhd8ed1ab_1             conda-forge
2025-02-28T16:22:00.5872040Z   pickleshare                    0.7.5                pyhd8ed1ab_1004          conda-forge
2025-02-28T16:22:00.5872440Z   pillow                         10.3.0               py312h39b1d8d_1          conda-forge
2025-02-28T16:22:00.5872780Z   pip                            24.0                 pyhd8ed1ab_0             conda-forge
2025-02-28T16:22:00.5873160Z   pixman                         0.43.4               hebf3989_0               conda-forge
2025-02-28T16:22:00.5873590Z   pkgutil-resolve-name           1.3.10               pyhd8ed1ab_2             conda-forge
2025-02-28T16:22:00.5873980Z   platformdirs                   4.2.2                pyhd8ed1ab_0             conda-forge
2025-02-28T16:22:00.5874420Z   plotly                         5.22.0               pyhd8ed1ab_0             conda-forge
2025-02-28T16:22:00.5874750Z   pluggy                         1.5.0                pyhd8ed1ab_1             conda-forge
2025-02-28T16:22:00.5875300Z   prometheus_client              0.20.0               pyhd8ed1ab_0             conda-forge
2025-02-28T16:22:00.5875710Z   prompt-toolkit                 3.0.47               pyha770c72_0             conda-forge
2025-02-28T16:22:00.5876130Z   psutil                         5.9.8                py312he37b823_0          conda-forge
2025-02-28T16:22:00.5876470Z   pthread-stubs                  0.4                  hd74edd7_1002            conda-forge
2025-02-28T16:22:00.5876880Z   ptyprocess                     0.7.0                pyhd8ed1ab_1             conda-forge
2025-02-28T16:22:00.5877250Z   pure_eval                      0.2.2                pyhd8ed1ab_0             conda-forge
2025-02-28T16:22:00.5877660Z   py-cpuinfo                     9.0.0                pyhd8ed1ab_1             conda-forge
2025-02-28T16:22:00.5878060Z   pybtex                         0.24.0               pyhd8ed1ab_3             conda-forge
2025-02-28T16:22:00.5878420Z   pybtex-docutils                1.0.3                py312h81bd7bf_2          conda-forge
2025-02-28T16:22:00.5878830Z   pycparser                      2.22                 pyh29332c3_1             conda-forge
2025-02-28T16:22:00.5879190Z   pyerfa                         2.0.1.4              py312h755e627_2          conda-forge
2025-02-28T16:22:00.5879610Z   pygments                       2.18.0               pyhd8ed1ab_1             conda-forge
2025-02-28T16:22:00.5879970Z   pygraphviz                     1.13                 py312h5f4d302_1          conda-forge
2025-02-28T16:22:00.5880380Z   pyobjc-core                    10.3.1               py312hd24fc31_1          conda-forge
2025-02-28T16:22:00.5880780Z   pyobjc-framework-cocoa         10.3.1               py312hd24fc31_1          conda-forge
2025-02-28T16:22:00.5881220Z   pyparsing                      3.1.2                pyhd8ed1ab_0             conda-forge
2025-02-28T16:22:00.5881570Z   pysocks                        1.7.1                pyha55dd90_7             conda-forge
2025-02-28T16:22:00.5881960Z   pytables                       3.10.2               py312h2ca37b8_0          conda-forge
2025-02-28T16:22:00.5882370Z   pytest                         8.2.2                pyhd8ed1ab_0             conda-forge
2025-02-28T16:22:00.5882890Z   pytest-cov                     5.0.0                pyhd8ed1ab_0             conda-forge
2025-02-28T16:22:00.5883320Z   pytest-doctestplus             1.2.1                pyhd8ed1ab_0             conda-forge
2025-02-28T16:22:00.5884400Z   pytest-html                    4.1.1                pyhd8ed1ab_1             conda-forge
2025-02-28T16:22:00.5885240Z   pytest-metadata                3.1.1                pyhd8ed1ab_1             conda-forge
2025-02-28T16:22:00.5885620Z   python                         3.12.4               h30c5eda_0_cpython       conda-forge
2025-02-28T16:22:00.5886060Z   python-dateutil                2.9.0.post0          pyhff2d567_1             conda-forge
2025-02-28T16:22:00.5886470Z   python-fastjsonschema          2.20.0               pyhd8ed1ab_0             conda-forge
2025-02-28T16:22:00.5886930Z   python-json-logger             2.0.7                pyhd8ed1ab_0             conda-forge
2025-02-28T16:22:00.5887350Z   python-tzdata                  2024.1               pyhd8ed1ab_0             conda-forge
2025-02-28T16:22:00.5887800Z   python_abi                     3.12                 5_cp312                  conda-forge
2025-02-28T16:22:00.5888300Z   pytz                           2024.1               pyhd8ed1ab_0             conda-forge
2025-02-28T16:22:00.5888640Z   pyyaml                         6.0.1                py312h02f2b3b_1          conda-forge
2025-02-28T16:22:00.5889120Z   pyzmq                          26.0.3               py312hfa13136_0          conda-forge
2025-02-28T16:22:00.5889520Z   qgrid                          1.3.1                pyhd8ed1ab_4             conda-forge
2025-02-28T16:22:00.5889890Z   radioactivedecay               0.5.1                pyhd8ed1ab_1             conda-forge
2025-02-28T16:22:00.5890350Z   readline                       8.2                  h92ec313_1               conda-forge
2025-02-28T16:22:00.5890710Z   recommonmark                   0.7.1                pyhd8ed1ab_1             conda-forge
2025-02-28T16:22:00.5891170Z   referencing                    0.35.1               pyhd8ed1ab_1             conda-forge
2025-02-28T16:22:00.5891530Z   requests                       2.32.3               pyhd8ed1ab_1             conda-forge
2025-02-28T16:22:00.5891990Z   rfc3339-validator              0.1.4                pyhd8ed1ab_1             conda-forge
2025-02-28T16:22:00.5892410Z   rfc3986-validator              0.1.1                pyh9f0ad1d_0             conda-forge
2025-02-28T16:22:00.5892870Z   rpds-py                        0.18.1               py312h552d48e_0          conda-forge
2025-02-28T16:22:00.5893270Z   ruff                           0.4.9                py312h3402d49_0          conda-forge
2025-02-28T16:22:00.5893620Z   scipy                          1.13.1               py312h14ffa8f_0          conda-forge
2025-02-28T16:22:00.5894040Z   send2trash                     1.8.3                pyh31c8845_1             conda-forge
2025-02-28T16:22:00.5894420Z   setuptools                     70.0.0               pyhd8ed1ab_0             conda-forge
2025-02-28T16:22:00.5904490Z   setuptools-scm                 8.1.0                pyhd8ed1ab_1             conda-forge
2025-02-28T16:22:00.5904860Z   setuptools_scm                 8.1.0                hd8ed1ab_1               conda-forge
2025-02-28T16:22:00.5905160Z   six                            1.16.0               pyhd8ed1ab_1             conda-forge
2025-02-28T16:22:00.5905460Z   snakeviz                       2.2.0                pyhd8ed1ab_0             conda-forge
2025-02-28T16:22:00.5906340Z   snappy                         1.2.1                h98b9ce2_1               conda-forge
2025-02-28T16:22:00.5906650Z   sniffio                        1.3.1                pyhd8ed1ab_1             conda-forge
2025-02-28T16:22:00.5906960Z   snowballstemmer                2.2.0                pyhd8ed1ab_0             conda-forge
2025-02-28T16:22:00.5907280Z   soupsieve                      2.5                  pyhd8ed1ab_1             conda-forge
2025-02-28T16:22:00.5908070Z   sphinx                         7.3.7                pyhd8ed1ab_0             conda-forge
2025-02-28T16:22:00.5908880Z   sphinx-astropy                 1.9.1                pyhd8ed1ab_1             conda-forge
2025-02-28T16:22:00.5909220Z   sphinx-automodapi              0.17.0               pyh717bed2_1             conda-forge
2025-02-28T16:22:00.5909790Z   sphinx-gallery                 0.16.0               pyhd8ed1ab_0             conda-forge
2025-02-28T16:22:00.5910140Z   sphinx-jsonschema              1.19.1               pyhd8ed1ab_1             conda-forge
2025-02-28T16:22:00.5910480Z   sphinx_bootstrap_theme         0.8.1                pyhd8ed1ab_1             conda-forge
2025-02-28T16:22:00.5910820Z   sphinx_rtd_theme               2.0.0                pyha770c72_0             conda-forge
2025-02-28T16:22:00.5911160Z   sphinxcontrib-apidoc           0.3.0                py_1                     conda-forge
2025-02-28T16:22:00.5911540Z   sphinxcontrib-applehelp        1.0.8                pyhd8ed1ab_0             conda-forge
2025-02-28T16:22:00.5911910Z   sphinxcontrib-bibtex           2.6.2                pyhd8ed1ab_0             conda-forge
2025-02-28T16:22:00.5912270Z   sphinxcontrib-devhelp          1.0.6                pyhd8ed1ab_0             conda-forge
2025-02-28T16:22:00.5912640Z   sphinxcontrib-htmlhelp         2.0.5                pyhd8ed1ab_0             conda-forge
2025-02-28T16:22:00.5913010Z   sphinxcontrib-jquery           4.1                  pyhd8ed1ab_1             conda-forge
2025-02-28T16:22:00.5913360Z   sphinxcontrib-jsmath           1.0.1                pyhd8ed1ab_1             conda-forge
2025-02-28T16:22:00.5913710Z   sphinxcontrib-qthelp           1.0.7                pyhd8ed1ab_0             conda-forge
2025-02-28T16:22:00.5914090Z   sphinxcontrib-serializinghtml  1.1.10               pyhd8ed1ab_1             conda-forge
2025-02-28T16:22:00.5914460Z   stack_data                     0.6.2                pyhd8ed1ab_0             conda-forge
2025-02-28T16:22:00.5914750Z   sympy                          1.12.1               pypyh2585a3b_103         conda-forge
2025-02-28T16:22:00.5915040Z   tabulate                       0.9.0                pyhd8ed1ab_2             conda-forge
2025-02-28T16:22:00.5915340Z   tenacity                       8.4.1                pyhd8ed1ab_0             conda-forge
2025-02-28T16:22:00.5915640Z   terminado                      0.18.1               pyh31c8845_0             conda-forge
2025-02-28T16:22:00.5915930Z   tinycss2                       1.3.0                pyhd8ed1ab_0             conda-forge
2025-02-28T16:22:00.5916210Z   tk                             8.6.13               h5083fa2_1               conda-forge
2025-02-28T16:22:00.5916480Z   toml                           0.10.2               pyhd8ed1ab_1             conda-forge
2025-02-28T16:22:00.5916760Z   tomli                          2.0.1                pyhd8ed1ab_0             conda-forge
2025-02-28T16:22:00.5917040Z   tornado                        6.4.1                py312h024a12e_1          conda-forge
2025-02-28T16:22:00.5917330Z   tqdm                           4.66.4               pyhd8ed1ab_0             conda-forge
2025-02-28T16:22:00.5917620Z   traitlets                      5.14.3               pyhd8ed1ab_1             conda-forge
2025-02-28T16:22:00.5917920Z   typed-ast                      1.5.5                py312h02f2b3b_1          conda-forge
2025-02-28T16:22:00.5918250Z   types-python-dateutil          2.9.0.20240316       pyhd8ed1ab_0             conda-forge
2025-02-28T16:22:00.5918620Z   typing-extensions              4.12.2               hd8ed1ab_1               conda-forge
2025-02-28T16:22:00.5918950Z   typing_extensions              4.12.2               pyha770c72_1             conda-forge
2025-02-28T16:22:00.5919270Z   typing_utils                   0.1.0                pyhd8ed1ab_1             conda-forge
2025-02-28T16:22:00.5919570Z   tzdata                         2024a                h8827d51_1               conda-forge
2025-02-28T16:22:00.5920010Z   uri-template                   1.3.0                pyhd8ed1ab_1             conda-forge
2025-02-28T16:22:00.5920310Z   urllib3                        2.2.2                pyhd8ed1ab_1             conda-forge
2025-02-28T16:22:00.5920590Z   wcwidth                        0.2.13               pyhd8ed1ab_1             conda-forge
2025-02-28T16:22:00.5920890Z   webcolors                      24.6.0               pyhd8ed1ab_0             conda-forge
2025-02-28T16:22:00.5921300Z   webencodings                   0.5.1                pyhd8ed1ab_3             conda-forge
2025-02-28T16:22:00.5921630Z   websocket-client               1.8.0                pyhd8ed1ab_1             conda-forge
2025-02-28T16:22:00.5921940Z   wheel                          0.43.0               pyhd8ed1ab_1             conda-forge
2025-02-28T16:22:00.5922250Z   widgetsnbextension             3.6.6                pyhd8ed1ab_0             conda-forge
2025-02-28T16:22:00.5922580Z   xorg-libxau                    1.0.11               hd74edd7_1               conda-forge
2025-02-28T16:22:00.5922890Z   xorg-libxdmcp                  1.1.3                hd74edd7_2               conda-forge
2025-02-28T16:22:00.5923180Z   xz                             5.2.6                h57fd34a_0               conda-forge
2025-02-28T16:22:00.5923440Z   yaml                           0.2.5                h3422bc3_2               conda-forge
2025-02-28T16:22:00.5924140Z   zeromq                         4.3.5                hcc0f68c_4               conda-forge
2025-02-28T16:22:00.5924470Z   zipp                           3.19.2               pyhd8ed1ab_0             conda-forge
2025-02-28T16:22:00.5924740Z   zlib                           1.3.1                h8359307_2               conda-forge
2025-02-28T16:22:00.5925010Z   zlib-ng                        2.2.3                h13dfb9a_0               conda-forge
2025-02-28T16:22:00.5925300Z   zstandard                      0.23.0               py312h15fbf35_1          conda-forge
2025-02-28T16:22:00.5925590Z   zstd                           1.5.6                hb46c0d2_0               conda-forge
2025-02-28T16:22:00.5926160Z ##[endgroup]
2025-02-28T16:22:00.6139840Z ##[group]Run pip install -e . --user
2025-02-28T16:22:00.6140180Z [36;1mpip install -e . --user[0m
2025-02-28T16:22:00.6684740Z shell: /bin/bash -l {0}
2025-02-28T16:22:00.6684990Z env:
2025-02-28T16:22:00.6685630Z   CACHE_NUMBER: 0
2025-02-28T16:22:00.6686220Z   PYTEST_FLAGS: --tardis-regression-data=/Users/runner/work/tardis/tardis/tardis-regression-data --cov=tardis --cov-report=xml --cov-report=html --cov-append
2025-02-28T16:22:00.6686750Z   CODECOV_TOKEN: 
2025-02-28T16:22:00.6686950Z   MAMBA_ROOT_PREFIX: /Users/runner/micromamba
2025-02-28T16:22:00.6687200Z   MAMBA_EXE: /Users/runner/micromamba-bin/micromamba
2025-02-28T16:22:00.6688320Z   CONDARC: /Users/runner/work/_temp/setup-micromamba/.condarc
2025-02-28T16:22:00.6688600Z ##[endgroup]
2025-02-28T16:22:02.6903810Z Obtaining file:///Users/runner/work/tardis/tardis
2025-02-28T16:22:02.6937380Z   Installing build dependencies: started
2025-02-28T16:22:06.8841240Z   Installing build dependencies: finished with status 'done'
2025-02-28T16:22:06.8934990Z   Checking if build backend supports build_editable: started
2025-02-28T16:22:07.0528990Z   Checking if build backend supports build_editable: finished with status 'done'
2025-02-28T16:22:07.0541950Z   Getting requirements to build editable: started
2025-02-28T16:22:07.7344470Z   Getting requirements to build editable: finished with status 'done'
2025-02-28T16:22:07.7365190Z   Preparing editable metadata (pyproject.toml): started
2025-02-28T16:22:08.3107970Z   Preparing editable metadata (pyproject.toml): finished with status 'done'
2025-02-28T16:22:08.3835510Z Requirement already satisfied: astropy in /Users/runner/micromamba/envs/tardis/lib/python3.12/site-packages (from tardis==0.0.0) (6.1.1)
2025-02-28T16:22:08.4548420Z Requirement already satisfied: numpy>=1.23 in /Users/runner/micromamba/envs/tardis/lib/python3.12/site-packages (from astropy->tardis==0.0.0) (2.0.2)
2025-02-28T16:22:08.4663040Z Requirement already satisfied: pyerfa>=2.0.1.1 in /Users/runner/micromamba/envs/tardis/lib/python3.12/site-packages (from astropy->tardis==0.0.0) (2.0.1.4)
2025-02-28T16:22:08.4665870Z Requirement already satisfied: astropy-iers-data>=0.2024.5.27.0.30.8 in /Users/runner/micromamba/envs/tardis/lib/python3.12/site-packages (from astropy->tardis==0.0.0) (0.2024.6.17.0.31.35)
2025-02-28T16:22:08.4770850Z Requirement already satisfied: PyYAML>=3.13 in /Users/runner/micromamba/envs/tardis/lib/python3.12/site-packages (from astropy->tardis==0.0.0) (6.0.1)
2025-02-28T16:22:08.4872900Z Requirement already satisfied: packaging>=19.0 in /Users/runner/micromamba/envs/tardis/lib/python3.12/site-packages (from astropy->tardis==0.0.0) (24.1)
2025-02-28T16:22:08.4974980Z Building wheels for collected packages: tardis
2025-02-28T16:22:08.5047180Z   Building editable for tardis (pyproject.toml): started
2025-02-28T16:22:09.6375770Z   Building editable for tardis (pyproject.toml): finished with status 'done'
2025-02-28T16:22:09.6405520Z   Created wheel for tardis: filename=tardis-0.0.0-0.editable-py3-none-any.whl size=8878 sha256=e7e7e4eaf8172db6d4f860fa48c596a55a7815b626f9e28a2db7441e75be9a6f
2025-02-28T16:22:09.6407430Z   Stored in directory: /private/var/folders/2s/h6hvv9ps03xgz_krkkstvq_r0000gn/T/pip-ephem-wheel-cache-s78rn6ek/wheels/bb/4f/6a/0829b918c1c10bc28535ce7f14be21eee54375bdd9cd0c306a
2025-02-28T16:22:09.6454530Z Successfully built tardis
2025-02-28T16:22:10.6711440Z Installing collected packages: tardis
2025-02-28T16:22:10.6855340Z Successfully installed tardis-0.0.0
2025-02-28T16:22:11.1945120Z ##[group]Run pip install qgridnext
2025-02-28T16:22:11.1945480Z [36;1mpip install qgridnext[0m
2025-02-28T16:22:11.3902570Z shell: /bin/bash -l {0}
2025-02-28T16:22:11.3902900Z env:
2025-02-28T16:22:11.3903110Z   CACHE_NUMBER: 0
2025-02-28T16:22:11.3903720Z   PYTEST_FLAGS: --tardis-regression-data=/Users/runner/work/tardis/tardis/tardis-regression-data --cov=tardis --cov-report=xml --cov-report=html --cov-append
2025-02-28T16:22:11.3904320Z   CODECOV_TOKEN: 
2025-02-28T16:22:11.3904510Z   MAMBA_ROOT_PREFIX: /Users/runner/micromamba
2025-02-28T16:22:11.3904760Z   MAMBA_EXE: /Users/runner/micromamba-bin/micromamba
2025-02-28T16:22:11.3905110Z   CONDARC: /Users/runner/work/_temp/setup-micromamba/.condarc
2025-02-28T16:22:11.3905360Z ##[endgroup]
2025-02-28T16:22:12.3701270Z Collecting qgridnext
2025-02-28T16:22:12.4159570Z   Downloading qgridnext-2.0.4-py3-none-any.whl.metadata (9.9 kB)
2025-02-28T16:22:12.4496440Z Requirement already satisfied: pandas>=0.20.0 in /Users/runner/micromamba/envs/tardis/lib/python3.12/site-packages (from qgridnext) (2.2.2)
2025-02-28T16:22:12.4499130Z Requirement already satisfied: ipywidgets>=7.0.0 in /Users/runner/micromamba/envs/tardis/lib/python3.12/site-packages (from qgridnext) (7.8.0)
2025-02-28T16:22:12.4508160Z Requirement already satisfied: numpy in /Users/runner/micromamba/envs/tardis/lib/python3.12/site-packages (from qgridnext) (2.0.2)
2025-02-28T16:22:12.4510670Z Requirement already satisfied: traitlets in /Users/runner/micromamba/envs/tardis/lib/python3.12/site-packages (from qgridnext) (5.14.3)
2025-02-28T16:22:12.4621540Z Requirement already satisfied: comm>=0.1.3 in /Users/runner/micromamba/envs/tardis/lib/python3.12/site-packages (from ipywidgets>=7.0.0->qgridnext) (0.2.2)
2025-02-28T16:22:12.4630650Z Requirement already satisfied: ipython-genutils~=0.2.0 in /Users/runner/micromamba/envs/tardis/lib/python3.12/site-packages (from ipywidgets>=7.0.0->qgridnext) (0.2.0)
2025-02-28T16:22:12.4636920Z Requirement already satisfied: widgetsnbextension~=3.6.5 in /Users/runner/micromamba/envs/tardis/lib/python3.12/site-packages (from ipywidgets>=7.0.0->qgridnext) (3.6.6)
2025-02-28T16:22:12.4651120Z Requirement already satisfied: ipython>=4.0.0 in /Users/runner/micromamba/envs/tardis/lib/python3.12/site-packages (from ipywidgets>=7.0.0->qgridnext) (8.25.0)
2025-02-28T16:22:12.4661730Z Requirement already satisfied: jupyterlab-widgets<3,>=1.0.0 in /Users/runner/micromamba/envs/tardis/lib/python3.12/site-packages (from ipywidgets>=7.0.0->qgridnext) (1.1.7)
2025-02-28T16:22:12.5053120Z Requirement already satisfied: python-dateutil>=2.8.2 in /Users/runner/micromamba/envs/tardis/lib/python3.12/site-packages (from pandas>=0.20.0->qgridnext) (2.9.0.post0)
2025-02-28T16:22:12.5063420Z Requirement already satisfied: pytz>=2020.1 in /Users/runner/micromamba/envs/tardis/lib/python3.12/site-packages (from pandas>=0.20.0->qgridnext) (2024.1)
2025-02-28T16:22:12.5068990Z Requirement already satisfied: tzdata>=2022.7 in /Users/runner/micromamba/envs/tardis/lib/python3.12/site-packages (from pandas>=0.20.0->qgridnext) (2024.1)
2025-02-28T16:22:12.5383480Z Requirement already satisfied: decorator in /Users/runner/micromamba/envs/tardis/lib/python3.12/site-packages (from ipython>=4.0.0->ipywidgets>=7.0.0->qgridnext) (5.1.1)
2025-02-28T16:22:12.5384520Z Requirement already satisfied: jedi>=0.16 in /Users/runner/micromamba/envs/tardis/lib/python3.12/site-packages (from ipython>=4.0.0->ipywidgets>=7.0.0->qgridnext) (0.19.1)
2025-02-28T16:22:12.5389610Z Requirement already satisfied: matplotlib-inline in /Users/runner/micromamba/envs/tardis/lib/python3.12/site-packages (from ipython>=4.0.0->ipywidgets>=7.0.0->qgridnext) (0.1.7)
2025-02-28T16:22:12.5395950Z Requirement already satisfied: prompt-toolkit<3.1.0,>=3.0.41 in /Users/runner/micromamba/envs/tardis/lib/python3.12/site-packages (from ipython>=4.0.0->ipywidgets>=7.0.0->qgridnext) (3.0.47)
2025-02-28T16:22:12.5426020Z Requirement already satisfied: pygments>=2.4.0 in /Users/runner/micromamba/envs/tardis/lib/python3.12/site-packages (from ipython>=4.0.0->ipywidgets>=7.0.0->qgridnext) (2.18.0)
2025-02-28T16:22:12.5427460Z Requirement already satisfied: stack-data in /Users/runner/micromamba/envs/tardis/lib/python3.12/site-packages (from ipython>=4.0.0->ipywidgets>=7.0.0->qgridnext) (0.6.2)
2025-02-28T16:22:12.5430880Z Requirement already satisfied: pexpect>4.3 in /Users/runner/micromamba/envs/tardis/lib/python3.12/site-packages (from ipython>=4.0.0->ipywidgets>=7.0.0->qgridnext) (4.9.0)
2025-02-28T16:22:12.5538700Z Requirement already satisfied: six>=1.5 in /Users/runner/micromamba/envs/tardis/lib/python3.12/site-packages (from python-dateutil>=2.8.2->pandas>=0.20.0->qgridnext) (1.16.0)
2025-02-28T16:22:12.5639520Z Requirement already satisfied: notebook>=4.4.1 in /Users/runner/micromamba/envs/tardis/lib/python3.12/site-packages (from widgetsnbextension~=3.6.5->ipywidgets>=7.0.0->qgridnext) (7.2.1)
2025-02-28T16:22:12.5845410Z Requirement already satisfied: parso<0.9.0,>=0.8.3 in /Users/runner/micromamba/envs/tardis/lib/python3.12/site-packages (from jedi>=0.16->ipython>=4.0.0->ipywidgets>=7.0.0->qgridnext) (0.8.4)
2025-02-28T16:22:12.6048740Z Requirement already satisfied: jupyter-server<3,>=2.4.0 in /Users/runner/micromamba/envs/tardis/lib/python3.12/site-packages (from notebook>=4.4.1->widgetsnbextension~=3.6.5->ipywidgets>=7.0.0->qgridnext) (2.14.1)
2025-02-28T16:22:12.6149860Z Requirement already satisfied: jupyterlab-server<3,>=2.27.1 in /Users/runner/micromamba/envs/tardis/lib/python3.12/site-packages (from notebook>=4.4.1->widgetsnbextension~=3.6.5->ipywidgets>=7.0.0->qgridnext) (2.27.2)
2025-02-28T16:22:12.6252200Z Requirement already satisfied: jupyterlab<4.3,>=4.2.0 in /Users/runner/micromamba/envs/tardis/lib/python3.12/site-packages (from notebook>=4.4.1->widgetsnbextension~=3.6.5->ipywidgets>=7.0.0->qgridnext) (4.2.2)
2025-02-28T16:22:12.6353550Z Requirement already satisfied: notebook-shim<0.3,>=0.2 in /Users/runner/micromamba/envs/tardis/lib/python3.12/site-packages (from notebook>=4.4.1->widgetsnbextension~=3.6.5->ipywidgets>=7.0.0->qgridnext) (0.2.4)
2025-02-28T16:22:12.6455770Z Requirement already satisfied: tornado>=6.2.0 in /Users/runner/micromamba/envs/tardis/lib/python3.12/site-packages (from notebook>=4.4.1->widgetsnbextension~=3.6.5->ipywidgets>=7.0.0->qgridnext) (6.4.1)
2025-02-28T16:22:12.6557890Z Requirement already satisfied: ptyprocess>=0.5 in /Users/runner/micromamba/envs/tardis/lib/python3.12/site-packages (from pexpect>4.3->ipython>=4.0.0->ipywidgets>=7.0.0->qgridnext) (0.7.0)
2025-02-28T16:22:12.6660370Z Requirement already satisfied: wcwidth in /Users/runner/micromamba/envs/tardis/lib/python3.12/site-packages (from prompt-toolkit<3.1.0,>=3.0.41->ipython>=4.0.0->ipywidgets>=7.0.0->qgridnext) (0.2.13)
2025-02-28T16:22:12.6761810Z Requirement already satisfied: executing>=1.2.0 in /Users/runner/micromamba/envs/tardis/lib/python3.12/site-packages (from stack-data->ipython>=4.0.0->ipywidgets>=7.0.0->qgridnext) (2.0.1)
2025-02-28T16:22:12.6865430Z Requirement already satisfied: asttokens>=2.1.0 in /Users/runner/micromamba/envs/tardis/lib/python3.12/site-packages (from stack-data->ipython>=4.0.0->ipywidgets>=7.0.0->qgridnext) (2.4.1)
2025-02-28T16:22:12.6966640Z Requirement already satisfied: pure-eval in /Users/runner/micromamba/envs/tardis/lib/python3.12/site-packages (from stack-data->ipython>=4.0.0->ipywidgets>=7.0.0->qgridnext) (0.2.2)
2025-02-28T16:22:12.6969110Z Requirement already satisfied: anyio>=3.1.0 in /Users/runner/micromamba/envs/tardis/lib/python3.12/site-packages (from jupyter-server<3,>=2.4.0->notebook>=4.4.1->widgetsnbextension~=3.6.5->ipywidgets>=7.0.0->qgridnext) (4.4.0)
2025-02-28T16:22:12.7075260Z Requirement already satisfied: argon2-cffi>=21.1 in /Users/runner/micromamba/envs/tardis/lib/python3.12/site-packages (from jupyter-server<3,>=2.4.0->notebook>=4.4.1->widgetsnbextension~=3.6.5->ipywidgets>=7.0.0->qgridnext) (23.1.0)
2025-02-28T16:22:12.7180890Z Requirement already satisfied: jinja2>=3.0.3 in /Users/runner/micromamba/envs/tardis/lib/python3.12/site-packages (from jupyter-server<3,>=2.4.0->notebook>=4.4.1->widgetsnbextension~=3.6.5->ipywidgets>=7.0.0->qgridnext) (3.1.4)
2025-02-28T16:22:12.7290050Z Requirement already satisfied: jupyter-client>=7.4.4 in /Users/runner/micromamba/envs/tardis/lib/python3.12/site-packages (from jupyter-server<3,>=2.4.0->notebook>=4.4.1->widgetsnbextension~=3.6.5->ipywidgets>=7.0.0->qgridnext) (8.6.2)
2025-02-28T16:22:12.7392500Z Requirement already satisfied: jupyter-core!=5.0.*,>=4.12 in /Users/runner/micromamba/envs/tardis/lib/python3.12/site-packages (from jupyter-server<3,>=2.4.0->notebook>=4.4.1->widgetsnbextension~=3.6.5->ipywidgets>=7.0.0->qgridnext) (5.7.2)
2025-02-28T16:22:12.7495170Z Requirement already satisfied: jupyter-events>=0.9.0 in /Users/runner/micromamba/envs/tardis/lib/python3.12/site-packages (from jupyter-server<3,>=2.4.0->notebook>=4.4.1->widgetsnbextension~=3.6.5->ipywidgets>=7.0.0->qgridnext) (0.10.0)
2025-02-28T16:22:12.7597840Z Requirement already satisfied: jupyter-server-terminals>=0.4.4 in /Users/runner/micromamba/envs/tardis/lib/python3.12/site-packages (from jupyter-server<3,>=2.4.0->notebook>=4.4.1->widgetsnbextension~=3.6.5->ipywidgets>=7.0.0->qgridnext) (0.5.3)
2025-02-28T16:22:12.7676060Z Requirement already satisfied: nbconvert>=6.4.4 in /Users/runner/micromamba/envs/tardis/lib/python3.12/site-packages (from jupyter-server<3,>=2.4.0->notebook>=4.4.1->widgetsnbextension~=3.6.5->ipywidgets>=7.0.0->qgridnext) (7.16.4)
2025-02-28T16:22:12.7679330Z Requirement already satisfied: nbformat>=5.3.0 in /Users/runner/micromamba/envs/tardis/lib/python3.12/site-packages (from jupyter-server<3,>=2.4.0->notebook>=4.4.1->widgetsnbextension~=3.6.5->ipywidgets>=7.0.0->qgridnext) (5.10.4)
2025-02-28T16:22:12.7682720Z Requirement already satisfied: overrides>=5.0 in /Users/runner/micromamba/envs/tardis/lib/python3.12/site-packages (from jupyter-server<3,>=2.4.0->notebook>=4.4.1->widgetsnbextension~=3.6.5->ipywidgets>=7.0.0->qgridnext) (7.7.0)
2025-02-28T16:22:12.7685920Z Requirement already satisfied: packaging>=22.0 in /Users/runner/micromamba/envs/tardis/lib/python3.12/site-packages (from jupyter-server<3,>=2.4.0->notebook>=4.4.1->widgetsnbextension~=3.6.5->ipywidgets>=7.0.0->qgridnext) (24.1)
2025-02-28T16:22:12.7689270Z Requirement already satisfied: prometheus-client>=0.9 in /Users/runner/micromamba/envs/tardis/lib/python3.12/site-packages (from jupyter-server<3,>=2.4.0->notebook>=4.4.1->widgetsnbextension~=3.6.5->ipywidgets>=7.0.0->qgridnext) (0.20.0)
2025-02-28T16:22:12.7691050Z Requirement already satisfied: pyzmq>=24 in /Users/runner/micromamba/envs/tardis/lib/python3.12/site-packages (from jupyter-server<3,>=2.4.0->notebook>=4.4.1->widgetsnbextension~=3.6.5->ipywidgets>=7.0.0->qgridnext) (26.0.3)
2025-02-28T16:22:12.7692400Z Requirement already satisfied: send2trash>=1.8.2 in /Users/runner/micromamba/envs/tardis/lib/python3.12/site-packages (from jupyter-server<3,>=2.4.0->notebook>=4.4.1->widgetsnbextension~=3.6.5->ipywidgets>=7.0.0->qgridnext) (1.8.3)
2025-02-28T16:22:12.7693720Z Requirement already satisfied: terminado>=0.8.3 in /Users/runner/micromamba/envs/tardis/lib/python3.12/site-packages (from jupyter-server<3,>=2.4.0->notebook>=4.4.1->widgetsnbextension~=3.6.5->ipywidgets>=7.0.0->qgridnext) (0.18.1)
2025-02-28T16:22:12.7695090Z Requirement already satisfied: websocket-client>=1.7 in /Users/runner/micromamba/envs/tardis/lib/python3.12/site-packages (from jupyter-server<3,>=2.4.0->notebook>=4.4.1->widgetsnbextension~=3.6.5->ipywidgets>=7.0.0->qgridnext) (1.8.0)
2025-02-28T16:22:12.7696250Z Requirement already satisfied: async-lru>=1.0.0 in /Users/runner/micromamba/envs/tardis/lib/python3.12/site-packages (from jupyterlab<4.3,>=4.2.0->notebook>=4.4.1->widgetsnbextension~=3.6.5->ipywidgets>=7.0.0->qgridnext) (2.0.4)
2025-02-28T16:22:12.7697460Z Requirement already satisfied: httpx>=0.25.0 in /Users/runner/micromamba/envs/tardis/lib/python3.12/site-packages (from jupyterlab<4.3,>=4.2.0->notebook>=4.4.1->widgetsnbextension~=3.6.5->ipywidgets>=7.0.0->qgridnext) (0.27.0)
2025-02-28T16:22:12.7699140Z Requirement already satisfied: ipykernel>=6.5.0 in /Users/runner/micromamba/envs/tardis/lib/python3.12/site-packages (from jupyterlab<4.3,>=4.2.0->notebook>=4.4.1->widgetsnbextension~=3.6.5->ipywidgets>=7.0.0->qgridnext) (6.29.4)
2025-02-28T16:22:12.7701070Z Requirement already satisfied: jupyter-lsp>=2.0.0 in /Users/runner/micromamba/envs/tardis/lib/python3.12/site-packages (from jupyterlab<4.3,>=4.2.0->notebook>=4.4.1->widgetsnbextension~=3.6.5->ipywidgets>=7.0.0->qgridnext) (2.2.5)
2025-02-28T16:22:12.7803070Z Requirement already satisfied: setuptools>=40.1.0 in /Users/runner/micromamba/envs/tardis/lib/python3.12/site-packages (from jupyterlab<4.3,>=4.2.0->notebook>=4.4.1->widgetsnbextension~=3.6.5->ipywidgets>=7.0.0->qgridnext) (70.0.0)
2025-02-28T16:22:12.7905000Z Requirement already satisfied: babel>=2.10 in /Users/runner/micromamba/envs/tardis/lib/python3.12/site-packages (from jupyterlab-server<3,>=2.27.1->notebook>=4.4.1->widgetsnbextension~=3.6.5->ipywidgets>=7.0.0->qgridnext) (2.14.0)
2025-02-28T16:22:12.8009600Z Requirement already satisfied: json5>=0.9.0 in /Users/runner/micromamba/envs/tardis/lib/python3.12/site-packages (from jupyterlab-server<3,>=2.27.1->notebook>=4.4.1->widgetsnbextension~=3.6.5->ipywidgets>=7.0.0->qgridnext) (0.9.25)
2025-02-28T16:22:12.8112940Z Requirement already satisfied: jsonschema>=4.18.0 in /Users/runner/micromamba/envs/tardis/lib/python3.12/site-packages (from jupyterlab-server<3,>=2.27.1->notebook>=4.4.1->widgetsnbextension~=3.6.5->ipywidgets>=7.0.0->qgridnext) (4.22.0)
2025-02-28T16:22:12.8182430Z Requirement already satisfied: requests>=2.31 in /Users/runner/micromamba/envs/tardis/lib/python3.12/site-packages (from jupyterlab-server<3,>=2.27.1->notebook>=4.4.1->widgetsnbextension~=3.6.5->ipywidgets>=7.0.0->qgridnext) (2.32.3)
2025-02-28T16:22:12.8286550Z Requirement already satisfied: idna>=2.8 in /Users/runner/micromamba/envs/tardis/lib/python3.12/site-packages (from anyio>=3.1.0->jupyter-server<3,>=2.4.0->notebook>=4.4.1->widgetsnbextension~=3.6.5->ipywidgets>=7.0.0->qgridnext) (3.7)
2025-02-28T16:22:12.8388620Z Requirement already satisfied: sniffio>=1.1 in /Users/runner/micromamba/envs/tardis/lib/python3.12/site-packages (from anyio>=3.1.0->jupyter-server<3,>=2.4.0->notebook>=4.4.1->widgetsnbextension~=3.6.5->ipywidgets>=7.0.0->qgridnext) (1.3.1)
2025-02-28T16:22:12.8490930Z Requirement already satisfied: argon2-cffi-bindings in /Users/runner/micromamba/envs/tardis/lib/python3.12/site-packages (from argon2-cffi>=21.1->jupyter-server<3,>=2.4.0->notebook>=4.4.1->widgetsnbextension~=3.6.5->ipywidgets>=7.0.0->qgridnext) (21.2.0)
2025-02-28T16:22:12.8697560Z Requirement already satisfied: certifi in /Users/runner/micromamba/envs/tardis/lib/python3.12/site-packages (from httpx>=0.25.0->jupyterlab<4.3,>=4.2.0->notebook>=4.4.1->widgetsnbextension~=3.6.5->ipywidgets>=7.0.0->qgridnext) (2024.12.14)
2025-02-28T16:22:12.8699370Z Requirement already satisfied: httpcore==1.* in /Users/runner/micromamba/envs/tardis/lib/python3.12/site-packages (from httpx>=0.25.0->jupyterlab<4.3,>=4.2.0->notebook>=4.4.1->widgetsnbextension~=3.6.5->ipywidgets>=7.0.0->qgridnext) (1.0.5)
2025-02-28T16:22:12.8753310Z Requirement already satisfied: h11<0.15,>=0.13 in /Users/runner/micromamba/envs/tardis/lib/python3.12/site-packages (from httpcore==1.*->httpx>=0.25.0->jupyterlab<4.3,>=4.2.0->notebook>=4.4.1->widgetsnbextension~=3.6.5->ipywidgets>=7.0.0->qgridnext) (0.14.0)
2025-02-28T16:22:12.8995200Z Requirement already satisfied: appnope in /Users/runner/micromamba/envs/tardis/lib/python3.12/site-packages (from ipykernel>=6.5.0->jupyterlab<4.3,>=4.2.0->notebook>=4.4.1->widgetsnbextension~=3.6.5->ipywidgets>=7.0.0->qgridnext) (0.1.4)
2025-02-28T16:22:12.9095640Z Requirement already satisfied: debugpy>=1.6.5 in /Users/runner/micromamba/envs/tardis/lib/python3.12/site-packages (from ipykernel>=6.5.0->jupyterlab<4.3,>=4.2.0->notebook>=4.4.1->widgetsnbextension~=3.6.5->ipywidgets>=7.0.0->qgridnext) (1.8.1)
2025-02-28T16:22:12.9199080Z Requirement already satisfied: nest-asyncio in /Users/runner/micromamba/envs/tardis/lib/python3.12/site-packages (from ipykernel>=6.5.0->jupyterlab<4.3,>=4.2.0->notebook>=4.4.1->widgetsnbextension~=3.6.5->ipywidgets>=7.0.0->qgridnext) (1.6.0)
2025-02-28T16:22:12.9299510Z Requirement already satisfied: psutil in /Users/runner/micromamba/envs/tardis/lib/python3.12/site-packages (from ipykernel>=6.5.0->jupyterlab<4.3,>=4.2.0->notebook>=4.4.1->widgetsnbextension~=3.6.5->ipywidgets>=7.0.0->qgridnext) (5.9.8)
2025-02-28T16:22:12.9403690Z Requirement already satisfied: MarkupSafe>=2.0 in /Users/runner/micromamba/envs/tardis/lib/python3.12/site-packages (from jinja2>=3.0.3->jupyter-server<3,>=2.4.0->notebook>=4.4.1->widgetsnbextension~=3.6.5->ipywidgets>=7.0.0->qgridnext) (2.1.5)
2025-02-28T16:22:12.9609110Z Requirement already satisfied: attrs>=22.2.0 in /Users/runner/micromamba/envs/tardis/lib/python3.12/site-packages (from jsonschema>=4.18.0->jupyterlab-server<3,>=2.27.1->notebook>=4.4.1->widgetsnbextension~=3.6.5->ipywidgets>=7.0.0->qgridnext) (23.2.0)
2025-02-28T16:22:12.9712010Z Requirement already satisfied: jsonschema-specifications>=2023.03.6 in /Users/runner/micromamba/envs/tardis/lib/python3.12/site-packages (from jsonschema>=4.18.0->jupyterlab-server<3,>=2.27.1->notebook>=4.4.1->widgetsnbextension~=3.6.5->ipywidgets>=7.0.0->qgridnext) (2023.12.1)
2025-02-28T16:22:12.9812250Z Requirement already satisfied: referencing>=0.28.4 in /Users/runner/micromamba/envs/tardis/lib/python3.12/site-packages (from jsonschema>=4.18.0->jupyterlab-server<3,>=2.27.1->notebook>=4.4.1->widgetsnbextension~=3.6.5->ipywidgets>=7.0.0->qgridnext) (0.35.1)
2025-02-28T16:22:12.9915700Z Requirement already satisfied: rpds-py>=0.7.1 in /Users/runner/micromamba/envs/tardis/lib/python3.12/site-packages (from jsonschema>=4.18.0->jupyterlab-server<3,>=2.27.1->notebook>=4.4.1->widgetsnbextension~=3.6.5->ipywidgets>=7.0.0->qgridnext) (0.18.1)
2025-02-28T16:22:13.0015100Z Requirement already satisfied: platformdirs>=2.5 in /Users/runner/micromamba/envs/tardis/lib/python3.12/site-packages (from jupyter-core!=5.0.*,>=4.12->jupyter-server<3,>=2.4.0->notebook>=4.4.1->widgetsnbextension~=3.6.5->ipywidgets>=7.0.0->qgridnext) (4.2.2)
2025-02-28T16:22:13.0245620Z Requirement already satisfied: python-json-logger>=2.0.4 in /Users/runner/micromamba/envs/tardis/lib/python3.12/site-packages (from jupyter-events>=0.9.0->jupyter-server<3,>=2.4.0->notebook>=4.4.1->widgetsnbextension~=3.6.5->ipywidgets>=7.0.0->qgridnext) (2.0.7)
2025-02-28T16:22:13.0349920Z Requirement already satisfied: pyyaml>=5.3 in /Users/runner/micromamba/envs/tardis/lib/python3.12/site-packages (from jupyter-events>=0.9.0->jupyter-server<3,>=2.4.0->notebook>=4.4.1->widgetsnbextension~=3.6.5->ipywidgets>=7.0.0->qgridnext) (6.0.1)
2025-02-28T16:22:13.0429810Z Requirement already satisfied: rfc3339-validator in /Users/runner/micromamba/envs/tardis/lib/python3.12/site-packages (from jupyter-events>=0.9.0->jupyter-server<3,>=2.4.0->notebook>=4.4.1->widgetsnbextension~=3.6.5->ipywidgets>=7.0.0->qgridnext) (0.1.4)
2025-02-28T16:22:13.0487980Z Requirement already satisfied: rfc3986-validator>=0.1.1 in /Users/runner/micromamba/envs/tardis/lib/python3.12/site-packages (from jupyter-events>=0.9.0->jupyter-server<3,>=2.4.0->notebook>=4.4.1->widgetsnbextension~=3.6.5->ipywidgets>=7.0.0->qgridnext) (0.1.1)
2025-02-28T16:22:13.1094120Z Requirement already satisfied: beautifulsoup4 in /Users/runner/micromamba/envs/tardis/lib/python3.12/site-packages (from nbconvert>=6.4.4->jupyter-server<3,>=2.4.0->notebook>=4.4.1->widgetsnbextension~=3.6.5->ipywidgets>=7.0.0->qgridnext) (4.12.3)
2025-02-28T16:22:13.1124550Z Requirement already satisfied: bleach!=5.0.0 in /Users/runner/micromamba/envs/tardis/lib/python3.12/site-packages (from nbconvert>=6.4.4->jupyter-server<3,>=2.4.0->notebook>=4.4.1->widgetsnbextension~=3.6.5->ipywidgets>=7.0.0->qgridnext) (6.1.0)
2025-02-28T16:22:13.1174250Z Requirement already satisfied: defusedxml in /Users/runner/micromamba/envs/tardis/lib/python3.12/site-packages (from nbconvert>=6.4.4->jupyter-server<3,>=2.4.0->notebook>=4.4.1->widgetsnbextension~=3.6.5->ipywidgets>=7.0.0->qgridnext) (0.7.1)
2025-02-28T16:22:13.1199850Z Requirement already satisfied: jupyterlab-pygments in /Users/runner/micromamba/envs/tardis/lib/python3.12/site-packages (from nbconvert>=6.4.4->jupyter-server<3,>=2.4.0->notebook>=4.4.1->widgetsnbextension~=3.6.5->ipywidgets>=7.0.0->qgridnext) (0.3.0)
2025-02-28T16:22:13.1224870Z Requirement already satisfied: mistune<4,>=2.0.3 in /Users/runner/micromamba/envs/tardis/lib/python3.12/site-packages (from nbconvert>=6.4.4->jupyter-server<3,>=2.4.0->notebook>=4.4.1->widgetsnbextension~=3.6.5->ipywidgets>=7.0.0->qgridnext) (3.0.2)
2025-02-28T16:22:13.1251850Z Requirement already satisfied: nbclient>=0.5.0 in /Users/runner/micromamba/envs/tardis/lib/python3.12/site-packages (from nbconvert>=6.4.4->jupyter-server<3,>=2.4.0->notebook>=4.4.1->widgetsnbextension~=3.6.5->ipywidgets>=7.0.0->qgridnext) (0.10.0)
2025-02-28T16:22:13.1292080Z Requirement already satisfied: pandocfilters>=1.4.1 in /Users/runner/micromamba/envs/tardis/lib/python3.12/site-packages (from nbconvert>=6.4.4->jupyter-server<3,>=2.4.0->notebook>=4.4.1->widgetsnbextension~=3.6.5->ipywidgets>=7.0.0->qgridnext) (1.5.0)
2025-02-28T16:22:13.1309990Z Requirement already satisfied: tinycss2 in /Users/runner/micromamba/envs/tardis/lib/python3.12/site-packages (from nbconvert>=6.4.4->jupyter-server<3,>=2.4.0->notebook>=4.4.1->widgetsnbextension~=3.6.5->ipywidgets>=7.0.0->qgridnext) (1.3.0)
2025-02-28T16:22:13.1437280Z Requirement already satisfied: fastjsonschema>=2.15 in /Users/runner/micromamba/envs/tardis/lib/python3.12/site-packages (from nbformat>=5.3.0->jupyter-server<3,>=2.4.0->notebook>=4.4.1->widgetsnbextension~=3.6.5->ipywidgets>=7.0.0->qgridnext) (2.20.0)
2025-02-28T16:22:13.1936610Z Requirement already satisfied: charset_normalizer<4,>=2 in /Users/runner/micromamba/envs/tardis/lib/python3.12/site-packages (from requests>=2.31->jupyterlab-server<3,>=2.27.1->notebook>=4.4.1->widgetsnbextension~=3.6.5->ipywidgets>=7.0.0->qgridnext) (3.3.2)
2025-02-28T16:22:13.1951870Z Requirement already satisfied: urllib3<3,>=1.21.1 in /Users/runner/micromamba/envs/tardis/lib/python3.12/site-packages (from requests>=2.31->jupyterlab-server<3,>=2.27.1->notebook>=4.4.1->widgetsnbextension~=3.6.5->ipywidgets>=7.0.0->qgridnext) (2.2.2)
2025-02-28T16:22:13.2823640Z Requirement already satisfied: webencodings in /Users/runner/micromamba/envs/tardis/lib/python3.12/site-packages (from bleach!=5.0.0->nbconvert>=6.4.4->jupyter-server<3,>=2.4.0->notebook>=4.4.1->widgetsnbextension~=3.6.5->ipywidgets>=7.0.0->qgridnext) (0.5.1)
2025-02-28T16:22:13.3637960Z Requirement already satisfied: fqdn in /Users/runner/micromamba/envs/tardis/lib/python3.12/site-packages (from jsonschema[format-nongpl]>=4.18.0->jupyter-events>=0.9.0->jupyter-server<3,>=2.4.0->notebook>=4.4.1->widgetsnbextension~=3.6.5->ipywidgets>=7.0.0->qgridnext) (1.5.1)
2025-02-28T16:22:13.3658410Z Requirement already satisfied: isoduration in /Users/runner/micromamba/envs/tardis/lib/python3.12/site-packages (from jsonschema[format-nongpl]>=4.18.0->jupyter-events>=0.9.0->jupyter-server<3,>=2.4.0->notebook>=4.4.1->widgetsnbextension~=3.6.5->ipywidgets>=7.0.0->qgridnext) (20.11.0)
2025-02-28T16:22:13.3686060Z Requirement already satisfied: jsonpointer>1.13 in /Users/runner/micromamba/envs/tardis/lib/python3.12/site-packages (from jsonschema[format-nongpl]>=4.18.0->jupyter-events>=0.9.0->jupyter-server<3,>=2.4.0->notebook>=4.4.1->widgetsnbextension~=3.6.5->ipywidgets>=7.0.0->qgridnext) (3.0.0)
2025-02-28T16:22:13.3723690Z Requirement already satisfied: uri-template in /Users/runner/micromamba/envs/tardis/lib/python3.12/site-packages (from jsonschema[format-nongpl]>=4.18.0->jupyter-events>=0.9.0->jupyter-server<3,>=2.4.0->notebook>=4.4.1->widgetsnbextension~=3.6.5->ipywidgets>=7.0.0->qgridnext) (1.3.0)
2025-02-28T16:22:13.3734920Z Requirement already satisfied: webcolors>=1.11 in /Users/runner/micromamba/envs/tardis/lib/python3.12/site-packages (from jsonschema[format-nongpl]>=4.18.0->jupyter-events>=0.9.0->jupyter-server<3,>=2.4.0->notebook>=4.4.1->widgetsnbextension~=3.6.5->ipywidgets>=7.0.0->qgridnext) (24.6.0)
2025-02-28T16:22:13.4996630Z Requirement already satisfied: cffi>=1.0.1 in /Users/runner/micromamba/envs/tardis/lib/python3.12/site-packages (from argon2-cffi-bindings->argon2-cffi>=21.1->jupyter-server<3,>=2.4.0->notebook>=4.4.1->widgetsnbextension~=3.6.5->ipywidgets>=7.0.0->qgridnext) (1.16.0)
2025-02-28T16:22:13.5107670Z Requirement already satisfied: soupsieve>1.2 in /Users/runner/micromamba/envs/tardis/lib/python3.12/site-packages (from beautifulsoup4->nbconvert>=6.4.4->jupyter-server<3,>=2.4.0->notebook>=4.4.1->widgetsnbextension~=3.6.5->ipywidgets>=7.0.0->qgridnext) (2.5)
2025-02-28T16:22:13.6001540Z Requirement already satisfied: pycparser in /Users/runner/micromamba/envs/tardis/lib/python3.12/site-packages (from cffi>=1.0.1->argon2-cffi-bindings->argon2-cffi>=21.1->jupyter-server<3,>=2.4.0->notebook>=4.4.1->widgetsnbextension~=3.6.5->ipywidgets>=7.0.0->qgridnext) (2.22)
2025-02-28T16:22:13.6584430Z Requirement already satisfied: arrow>=0.15.0 in /Users/runner/micromamba/envs/tardis/lib/python3.12/site-packages (from isoduration->jsonschema[format-nongpl]>=4.18.0->jupyter-events>=0.9.0->jupyter-server<3,>=2.4.0->notebook>=4.4.1->widgetsnbextension~=3.6.5->ipywidgets>=7.0.0->qgridnext) (1.3.0)
2025-02-28T16:22:13.7028060Z Requirement already satisfied: types-python-dateutil>=2.8.10 in /Users/runner/micromamba/envs/tardis/lib/python3.12/site-packages (from arrow>=0.15.0->isoduration->jsonschema[format-nongpl]>=4.18.0->jupyter-events>=0.9.0->jupyter-server<3,>=2.4.0->notebook>=4.4.1->widgetsnbextension~=3.6.5->ipywidgets>=7.0.0->qgridnext) (2.9.0.20240316)
2025-02-28T16:22:13.7539850Z Downloading qgridnext-2.0.4-py3-none-any.whl (1.3 MB)
2025-02-28T16:22:13.8630870Z    â”â”â”â”â”â”â”â”â”â”â”â”â”â”â”â”â”â”â”â”â”â”â”â”â”â”â”â”â”â”â”â”â”â”â”â”â”â”â”â” 1.3/1.3 MB 12.2 MB/s eta 0:00:00
2025-02-28T16:22:15.0561110Z Installing collected packages: qgridnext
2025-02-28T16:22:15.1434110Z Successfully installed qgridnext-2.0.4
2025-02-28T16:22:15.5692910Z ##[group]Run pytest tardis --tardis-regression-data=/Users/runner/work/tardis/tardis/tardis-regression-data --cov=tardis --cov-report=xml --cov-report=html --cov-append -m "not continuum"
2025-02-28T16:22:15.5693950Z [36;1mpytest tardis --tardis-regression-data=/Users/runner/work/tardis/tardis/tardis-regression-data --cov=tardis --cov-report=xml --cov-report=html --cov-append -m "not continuum"[0m
2025-02-28T16:22:15.5762820Z shell: /bin/bash -l {0}
2025-02-28T16:22:15.5763020Z env:
2025-02-28T16:22:15.5763590Z   CACHE_NUMBER: 0
2025-02-28T16:22:15.5764090Z   PYTEST_FLAGS: --tardis-regression-data=/Users/runner/work/tardis/tardis/tardis-regression-data --cov=tardis --cov-report=xml --cov-report=html --cov-append
2025-02-28T16:22:15.5764610Z   CODECOV_TOKEN: 
2025-02-28T16:22:15.5764800Z   MAMBA_ROOT_PREFIX: /Users/runner/micromamba
2025-02-28T16:22:15.5765060Z   MAMBA_EXE: /Users/runner/micromamba-bin/micromamba
2025-02-28T16:22:15.5765490Z   CONDARC: /Users/runner/work/_temp/setup-micromamba/.condarc
2025-02-28T16:22:15.5765770Z ##[endgroup]
2025-02-28T16:22:36.9007150Z ============================= test session starts ==============================
2025-02-28T16:22:36.9009170Z platform darwin -- Python 3.12.4, pytest-8.2.2, pluggy-1.5.0
2025-02-28T16:22:36.9010000Z rootdir: /Users/runner/work/tardis/tardis
2025-02-28T16:22:36.9010570Z configfile: pyproject.toml
2025-02-28T16:22:36.9011230Z plugins: cov-5.0.0, html-4.1.1, metadata-3.1.1, doctestplus-1.2.1, anyio-4.4.0
2025-02-28T16:22:36.9012130Z collected 1798 items / 2 deselected / 1796 selected
2025-02-28T16:22:36.9012540Z 
2025-02-28T16:22:44.5868310Z tardis/energy_input/tests/test_energy_source.py ..xxx                    [  0%]
2025-02-28T16:22:48.6612230Z tardis/energy_input/tests/test_gamma_ray_channel.py .............        [  1%]
2025-02-28T16:22:50.0154420Z tardis/energy_input/tests/test_gamma_ray_grid.py xx.                     [  1%]
2025-02-28T16:22:51.2601200Z tardis/energy_input/tests/test_gamma_ray_interactions.py xx....          [  1%]
2025-02-28T16:22:51.2701770Z tardis/energy_input/tests/test_gamma_ray_packet_source.py sssssssss      [  2%]
2025-02-28T16:22:52.5413930Z tardis/energy_input/tests/test_util.py .....xxxx.....                    [  2%]
2025-02-28T16:22:52.8730800Z tardis/grid/tests/test_grid.py .                                         [  2%]
2025-02-28T16:22:52.8746660Z tardis/gui/tests/test_gui.py s                                           [  2%]
2025-02-28T16:22:56.2502730Z tardis/io/configuration/tests/test_config_reader.py ...........          [  3%]
2025-02-28T16:22:56.2579950Z tardis/io/configuration/tests/test_configuration_namespace.py .........  [  4%]
2025-02-28T16:22:56.2747500Z tardis/io/logger/tests/test_logging.py ssssssssssssssssssssssssssss      [  5%]
2025-02-28T16:23:27.5586450Z tardis/io/model/readers/tests/test_arepo_parser.py ..                    [  5%]
2025-02-28T16:23:27.5821300Z tardis/io/model/readers/tests/test_ascii_readers.py ...                  [  5%]
2025-02-28T16:23:27.5976760Z tardis/io/model/readers/tests/test_cmfgen_reader.py ..                   [  5%]
2025-02-28T16:23:27.6371540Z tardis/io/model/readers/tests/test_csvy_reader.py ....                   [  6%]
2025-02-28T16:23:27.6655450Z tardis/io/model/readers/tests/test_stella_reader.py ..                   [  6%]
2025-02-28T16:23:27.9874150Z tardis/io/tests/test_HDFWriter.py ...............                        [  7%]
2025-02-28T16:23:28.4332940Z tardis/io/tests/test_atomic.py .....                                     [  7%]
2025-02-28T16:23:28.4736300Z tardis/io/tests/test_decay.py ..                                         [  7%]
2025-02-28T16:23:28.6456350Z tardis/io/tests/test_model_reader.py ......                              [  7%]
2025-02-28T16:23:28.6558530Z tardis/model/geometry/tests/test_radial1d.py ..                          [  7%]
2025-02-28T16:24:02.4784250Z tardis/model/tests/test_base.py ........................................ [ 10%]
2025-02-28T16:24:03.5960080Z ............                                                             [ 10%]
2025-02-28T16:24:06.5311580Z tardis/model/tests/test_csvy_model.py .........                          [ 11%]
2025-02-28T16:24:06.5654640Z tardis/model/tests/test_density.py ..                                    [ 11%]
2025-02-28T16:24:08.2844800Z tardis/opacities/tests/test_opacity_solver.py .....                      [ 11%]
2025-02-28T16:24:09.6601030Z tardis/opacities/tests/test_opacity_state_numba.py .....                 [ 12%]
2025-02-28T16:24:12.0185830Z tardis/opacities/tests/test_tau_sobolev.py ..                            [ 12%]
2025-02-28T16:24:14.3836440Z tardis/plasma/equilibrium/tests/test_collisional_transitions.py ...      [ 12%]
2025-02-28T16:25:00.5395510Z tardis/plasma/equilibrium/tests/test_level_populations.py ....           [ 12%]
2025-02-28T16:25:10.4170840Z tardis/plasma/equilibrium/tests/test_rate_matrix.py .                    [ 12%]
2025-02-28T16:25:11.7110790Z tardis/plasma/tests/test_complete_plasmas.py ..............s......s..... [ 14%]
2025-02-28T16:25:14.1986270Z s....ssssss............s......s.....ss.....s....ssssss............s..... [ 18%]
2025-02-28T16:25:15.6058090Z .s.....ss.....s....ssssss............s......s.....ss.....s....ssssss.... [ 22%]
2025-02-28T16:25:18.2786010Z ........s......s.....ss.....s....ssssss............s......s.....ss.....s [ 26%]
2025-02-28T16:25:20.7104740Z ....ssssss............s......s.....ss.....s....ssssss............s...... [ 30%]
2025-02-28T16:25:21.3250090Z s.....ss.....s....ssssss............s......s.....ss.....s.ss.ssssss..... [ 34%]
2025-02-28T16:25:23.7691860Z .......s......s.....ss.....s....ssssss............s......s.....ss.....s. [ 38%]
2025-02-28T16:25:26.1925810Z ...ssssss............s......s.....ss.....s....ssssss............s......s [ 42%]
2025-02-28T16:25:29.1899200Z .....ss.....s....ssssss............s......s.....s...........ssssss...... [ 46%]
2025-02-28T16:25:30.8041040Z ......s......s.....s...........ssssss............s......s.....s......... [ 50%]
2025-02-28T16:25:33.5819850Z ..ssssss............s......s.....ss.....s....ssssss............s......s. [ 54%]
2025-02-28T16:25:36.7242560Z ....ss.....s....ssssss...................s......s.....s....ssss......... [ 58%]
2025-02-28T16:25:37.1739160Z ............s......s.....s....ssss.......                                [ 60%]
2025-02-28T16:25:37.4696540Z tardis/plasma/tests/test_hdf_plasma.py ................................. [ 62%]
2025-02-28T16:25:37.4823120Z ......                                                                   [ 62%]
2025-02-28T16:25:37.8234550Z tardis/plasma/tests/test_nlte_excitation.py ...                          [ 62%]
2025-02-28T16:27:39.5014390Z tardis/plasma/tests/test_nlte_solver.py .....X                           [ 63%]
2025-02-28T16:27:39.5082750Z tardis/plasma/tests/test_plasma_continuum.py .                           [ 63%]
2025-02-28T16:28:06.6844710Z tardis/plasma/tests/test_plasma_vboundary.py .............               [ 63%]
2025-02-28T16:28:22.0869920Z tardis/plasma/tests/test_tardis_model_density_config.py ...              [ 64%]
2025-02-28T16:28:22.6807910Z tardis/simulation/tests/test_convergence.py .....                        [ 64%]
2025-02-28T16:28:30.8679350Z tardis/simulation/tests/test_simulation.py .............                 [ 65%]
2025-02-28T16:28:30.8802000Z tardis/spectrum/tests/test_cuda_formal_integral.py sssssssssssssssssssss [ 66%]
2025-02-28T16:28:31.3064620Z ssss...ssssssssssssssssssssss                                            [ 67%]
2025-02-28T16:28:31.3200600Z tardis/spectrum/tests/test_luminosity.py ....                            [ 68%]
2025-02-28T16:28:32.3730050Z tardis/spectrum/tests/test_numba_formal_integral.py .................... [ 69%]
2025-02-28T16:28:32.3859210Z ..........                                                               [ 69%]
2025-02-28T16:28:32.5062410Z tardis/spectrum/tests/test_spectrum.py ................................. [ 71%]
2025-02-28T16:28:32.5269300Z .........                                                                [ 72%]
2025-02-28T16:28:59.5680580Z tardis/spectrum/tests/test_spectrum_solver.py ....                       [ 72%]
2025-02-28T16:30:26.4117650Z tardis/tests/test_tardis_full.py ....                                    [ 72%]
2025-02-28T16:32:20.3713970Z tardis/tests/test_tardis_full_formal_integral.py ................        [ 73%]
2025-02-28T16:32:20.4269370Z tardis/tests/test_util.py .............................................  [ 75%]
2025-02-28T16:32:22.8995850Z tardis/transport/montecarlo/tests/test_base.py x.....................    [ 77%]
2025-02-28T16:32:29.1563000Z tardis/transport/montecarlo/tests/test_interaction.py .......            [ 77%]
2025-02-28T16:32:29.3123800Z tardis/transport/montecarlo/tests/test_macro_atom.py ....                [ 77%]
2025-02-28T16:32:29.3324670Z tardis/transport/montecarlo/tests/test_montecarlo.py sssssssssssssssssss [ 78%]
2025-02-28T16:32:29.3525930Z sssssssssssssssssssssssssssssssssssssssssssss                            [ 81%]
2025-02-28T16:32:37.2671650Z tardis/transport/montecarlo/tests/test_montecarlo_main_loop.py x..       [ 81%]
2025-02-28T16:32:37.2774290Z tardis/transport/montecarlo/tests/test_nonhomologous.py ...              [ 81%]
2025-02-28T16:32:39.3592320Z tardis/transport/montecarlo/tests/test_numba_interface.py .....x.        [ 82%]
2025-02-28T16:32:39.7217940Z tardis/transport/montecarlo/tests/test_opacities.py ...............      [ 82%]
2025-02-28T16:32:40.4302870Z tardis/transport/montecarlo/tests/test_packet.py .................xXXXXX [ 84%]
2025-02-28T16:32:40.5170620Z XX.........                                                              [ 84%]
2025-02-28T16:32:40.5403610Z tardis/transport/montecarlo/tests/test_packet_source.py ........         [ 85%]
2025-02-28T16:32:40.7670300Z tardis/transport/montecarlo/tests/test_rpacket_last_interaction_tracker.py . [ 85%]
2025-02-28T16:32:41.0407320Z .....                                                                    [ 85%]
2025-02-28T16:32:50.0998420Z tardis/transport/montecarlo/tests/test_rpacket_tracker.py ......         [ 85%]
2025-02-28T16:32:50.1258010Z tardis/transport/montecarlo/tests/test_single_packet_loop.py xxx         [ 86%]
2025-02-28T16:32:50.1279690Z tardis/transport/montecarlo/tests/test_tracker_utils.py ..               [ 86%]
2025-02-28T16:32:51.9115120Z tardis/transport/montecarlo/tests/test_vpacket.py ..x.                   [ 86%]
2025-02-28T16:32:51.9290580Z tardis/transport/montecarlo/tests/test_weighted_packet_source.py ....    [ 86%]
2025-02-28T16:32:55.0065870Z tardis/transport/montecarlo/tests/test_weighted_packet_source_integration.py . [ 86%]
2025-02-28T16:32:55.0066760Z                                                                          [ 86%]
2025-02-28T16:32:55.4788290Z tardis/transport/tests/test_doppler_factor.py ..................         [ 87%]
2025-02-28T16:32:56.9048960Z tardis/visualization/tools/tests/test_convergence_plot.py .............. [ 88%]
2025-02-28T16:32:58.4587240Z ......                                                                   [ 88%]
2025-02-28T16:33:01.7244440Z tardis/visualization/tools/tests/test_liv_plot.py ...................... [ 90%]
2025-02-28T16:33:04.9802320Z .............................                                            [ 91%]
2025-02-28T16:33:07.7358940Z tardis/visualization/tools/tests/test_rpacket_plot.py .................. [ 92%]
2025-02-28T16:33:14.4042260Z ....                                                                     [ 92%]
2025-02-28T16:33:19.1224700Z tardis/visualization/tools/tests/test_sdec_plot.py ..................... [ 94%]
2025-02-28T16:33:24.9509010Z ..............................                                           [ 95%]
2025-02-28T16:33:25.4691170Z tardis/visualization/widgets/tests/test_custom_abundance.py ........ss.. [ 96%]
2025-02-28T16:33:25.5183540Z ....                                                                     [ 96%]
2025-02-28T16:33:26.2717630Z tardis/visualization/widgets/tests/test_line_info.py ................... [ 97%]
2025-02-28T16:33:26.7427340Z ..................                                                       [ 98%]
2025-02-28T16:36:36.7873660Z tardis/visualization/widgets/tests/test_shell_info.py .................. [ 99%]
2025-02-28T16:36:43.2802500Z ......                                                                   [100%]
2025-02-28T16:36:43.2802930Z 
2025-02-28T16:36:43.2803500Z =============================== warnings summary ===============================
2025-02-28T16:36:43.2804190Z tardis/io/configuration/config_validator.py:6
2025-02-28T16:36:43.2804450Z tardis/io/configuration/config_validator.py:6
2025-02-28T16:36:43.2810300Z   /Users/runner/work/tardis/tardis/tardis/io/configuration/config_validator.py:6: DeprecationWarning:
2025-02-28T16:36:43.2810740Z   
2025-02-28T16:36:43.2811820Z   jsonschema.RefResolver is deprecated as of v4.18.0, in favor of the https://github.com/python-jsonschema/referencing library, which provides more compliant referencing behavior as well as more flexible APIs for customization. A future release will remove RefResolver. Please file a feature request (on referencing) if you are missing an API for the kind of customization you need.
2025-02-28T16:36:43.2812860Z 
2025-02-28T16:36:43.2813060Z ../../../micromamba/envs/tardis/lib/python3.12/site-packages/jupyter_client/connect.py:22
2025-02-28T16:36:43.2813610Z   /Users/runner/micromamba/envs/tardis/lib/python3.12/site-packages/jupyter_client/connect.py:22: DeprecationWarning:
2025-02-28T16:36:43.2814050Z   
2025-02-28T16:36:43.2814240Z   Jupyter is migrating its paths to use standard platformdirs
2025-02-28T16:36:43.2814550Z   given by the platformdirs library.  To remove this warning and
2025-02-28T16:36:43.2814880Z   see the appropriate new directories, set the environment variable
2025-02-28T16:36:43.2815240Z   `JUPYTER_PLATFORM_DIRS=1` and then run `jupyter --paths`.
2025-02-28T16:36:43.2815590Z   The use of platformdirs will be the default in `jupyter_core` v6
2025-02-28T16:36:43.2815830Z 
2025-02-28T16:36:43.2815900Z tardis/plasma/properties/__init__.py:17
2025-02-28T16:36:43.2816380Z   /Users/runner/work/tardis/tardis/tardis/plasma/properties/__init__.py:17: DeprecationWarning:
2025-02-28T16:36:43.2816830Z   
2025-02-28T16:36:43.2817410Z   The numpy.linalg.linalg has been made private and renamed to numpy.linalg._linalg. All public functions exported by it are available from numpy.linalg. Please use numpy.linalg.LinAlgError instead.
2025-02-28T16:36:43.2817990Z 
2025-02-28T16:36:43.2825780Z tardis/io/tests/test_HDFWriter.py::test_multi_index_write
2025-02-28T16:36:43.2826370Z tardis/visualization/widgets/tests/test_shell_info.py::TestHDFShellInfo::test_shells_data
2025-02-28T16:36:43.2828640Z   /Users/runner/work/tardis/tardis/tardis/io/util.py:276: PerformanceWarning:
2025-02-28T16:36:43.2830350Z   
2025-02-28T16:36:43.2832270Z   
2025-02-28T16:36:43.2834070Z   your performance may suffer as PyTables will pickle object types that it cannot
2025-02-28T16:36:43.2836270Z   map directly to c-types [inferred_type->mixed,key->block0_values] [items->Index([0], dtype='int64')]
2025-02-28T16:36:43.2837730Z 
2025-02-28T16:36:43.2837930Z tardis/io/tests/test_model_reader.py::test_read_cmfgen_isotope_abundances
2025-02-28T16:36:43.2840360Z tardis/plasma/tests/test_tardis_model_density_config.py::test_electron_densities
2025-02-28T16:36:43.2842110Z tardis/plasma/tests/test_tardis_model_density_config.py::test_isotope_number_densities
2025-02-28T16:36:43.2843190Z tardis/plasma/tests/test_tardis_model_density_config.py::test_t_rad
2025-02-28T16:36:43.2843690Z   /Users/runner/work/tardis/tardis/tardis/io/model/readers/cmfgen_deprecated.py:82: DeprecationWarning:
2025-02-28T16:36:43.2844350Z   
2025-02-28T16:36:43.2844780Z   The current CMFGEN model parser is deprecated
2025-02-28T16:36:43.2845320Z 
2025-02-28T16:36:43.2845410Z tardis/io/tests/test_model_reader.py: 1 warning
2025-02-28T16:36:43.2845990Z tardis/plasma/tests/test_tardis_model_density_config.py: 9 warnings
2025-02-28T16:36:43.2846700Z   /Users/runner/work/tardis/tardis/tardis/io/model/readers/cmfgen_deprecated.py:40: DeprecationWarning:
2025-02-28T16:36:43.2866480Z   
2025-02-28T16:36:43.2868030Z   The current CMFGEN model parser is deprecated
2025-02-28T16:36:43.2868230Z 
2025-02-28T16:36:43.2868500Z tardis/model/tests/test_base.py::TestModelFromPaper1Config::test_abundances
2025-02-28T16:36:43.2869570Z   /Users/runner/work/tardis/tardis/tardis/transport/montecarlo/montecarlo_main_loop.py:123: NumbaTypeSafetyWarning:
2025-02-28T16:36:43.2870100Z   
2025-02-28T16:36:43.2888860Z   [1m[1m[1munsafe cast from uint64 to int64. Precision may be lost.[0m[0m[0m
2025-02-28T16:36:43.2889300Z 
2025-02-28T16:36:43.2889380Z tardis/model/tests/test_base.py: 6 warnings
2025-02-28T16:36:43.2889700Z tardis/model/tests/test_csvy_model.py: 2 warnings
2025-02-28T16:36:43.2890050Z tardis/plasma/tests/test_tardis_model_density_config.py: 3 warnings
2025-02-28T16:36:43.2890600Z   /Users/runner/work/tardis/tardis/tardis/model/geometry/radial1d.py:50: DeprecationWarning:
2025-02-28T16:36:43.2892210Z   
2025-02-28T16:36:43.2892590Z   v_inner_boundary < 0, assuming default value
2025-02-28T16:36:43.2893080Z 
2025-02-28T16:36:43.2893170Z tardis/model/tests/test_base.py: 6 warnings
2025-02-28T16:36:43.2897800Z tardis/model/tests/test_csvy_model.py: 2 warnings
2025-02-28T16:36:43.2900510Z tardis/plasma/tests/test_tardis_model_density_config.py: 3 warnings
2025-02-28T16:36:43.2901230Z   /Users/runner/work/tardis/tardis/tardis/model/geometry/radial1d.py:61: DeprecationWarning:
2025-02-28T16:36:43.2902240Z   
2025-02-28T16:36:43.2902490Z   v_outer_boundary < 0, assuming default value
2025-02-28T16:36:43.2902650Z 
2025-02-28T16:36:43.2904350Z tardis/plasma/equilibrium/tests/test_collisional_transitions.py::test_legacy_chianti_collisional_strengths
2025-02-28T16:36:43.2906270Z tardis/plasma/equilibrium/tests/test_collisional_transitions.py::test_legacy_chianti_collisional_strengths
2025-02-28T16:36:43.2907310Z tardis/plasma/equilibrium/tests/test_collisional_transitions.py::test_legacy_chianti_collisional_strengths
2025-02-28T16:36:43.2907970Z tardis/plasma/equilibrium/tests/test_collisional_transitions.py::test_legacy_chianti_collisional_strengths
2025-02-28T16:36:43.2910720Z tardis/plasma/equilibrium/tests/test_level_populations.py::TestLevelPopulationSolver::test_calculate_level_population_simple[collisional_rate_solver0-radiative_transitions0]
2025-02-28T16:36:43.2911700Z tardis/plasma/equilibrium/tests/test_level_populations.py::TestLevelPopulationSolver::test_calculate_level_population_empty[collisional_rate_solver0-radiative_transitions0]
2025-02-28T16:36:43.2912740Z tardis/plasma/equilibrium/tests/test_level_populations.py::TestLevelPopulationSolver::test_calculate_level_population_zeros[collisional_rate_solver0-radiative_transitions0]
2025-02-28T16:36:43.2913650Z tardis/plasma/equilibrium/tests/test_level_populations.py::TestLevelPopulationSolver::test_solve[collisional_rate_solver0-radiative_transitions0]
2025-02-28T16:36:43.2914790Z tardis/plasma/equilibrium/tests/test_rate_matrix.py::test_rate_matrix_solver[collisional_rate_solver0-radiative_transitions0]
2025-02-28T16:36:43.2915890Z   /Users/runner/micromamba/envs/tardis/lib/python3.12/pickle.py:323: DeprecationWarning:
2025-02-28T16:36:43.2917660Z   
2025-02-28T16:36:43.2919400Z   numpy.core.numeric is deprecated and has been renamed to numpy._core.numeric. The numpy._core namespace contains private NumPy internals and its use is discouraged, as NumPy internals can change without warning in any release. In practice, most real-world usage of numpy.core is to access functionality in the public NumPy API. If that is the case, use the public NumPy API. If not, you are using NumPy internals. If you would still like to access an internal attribute, use numpy._core.numeric._frombuffer.
2025-02-28T16:36:43.2920700Z 
2025-02-28T16:36:43.2921090Z tardis/plasma/equilibrium/tests/test_level_populations.py::TestLevelPopulationSolver::test_solve[collisional_rate_solver0-radiative_transitions0]
2025-02-28T16:36:43.2921790Z   /Users/runner/work/tardis/tardis/tardis/plasma/equilibrium/level_populations.py:65: FutureWarning:
2025-02-28T16:36:43.2923050Z   
2025-02-28T16:36:43.2923360Z   A value is trying to be set on a copy of a DataFrame or Series through chained assignment using an inplace method.
2025-02-28T16:36:43.2924340Z   The behavior will change in pandas 3.0. This inplace method will never work because the intermediate object on which we are setting values always behaves as a copy.
2025-02-28T16:36:43.2924860Z   
2025-02-28T16:36:43.2925380Z   For example, when doing 'df[col].method(value, inplace=True)', try using 'df.method({col: value}, inplace=True)' or df[col] = df[col].method(value) instead, to perform the operation inplace on the original object.
2025-02-28T16:36:43.2927240Z 
2025-02-28T16:36:43.2927410Z tardis/plasma/tests/test_plasma_vboundary.py::test_plasma_vboundary[2900-3750]
2025-02-28T16:36:43.2927820Z tardis/plasma/tests/test_plasma_vboundary.py::test_plasma_vboundary[2900-3850]
2025-02-28T16:36:43.2928220Z tardis/plasma/tests/test_plasma_vboundary.py::test_plasma_vboundary[2900-3900]
2025-02-28T16:36:43.2928670Z   /Users/runner/work/tardis/tardis/tardis/model/geometry/radial1d.py:71: UserWarning:
2025-02-28T16:36:43.2929020Z   
2025-02-28T16:36:43.2929240Z   Requesting inner boundary below inner shell. Extrapolating the inner cell
2025-02-28T16:36:43.2929480Z 
2025-02-28T16:36:43.2929680Z tardis/spectrum/tests/test_numba_formal_integral.py::test_trapezoid_integration[100.0]
2025-02-28T16:36:43.2930170Z tardis/spectrum/tests/test_numba_formal_integral.py::test_trapezoid_integration[1000.0]
2025-02-28T16:36:43.2930680Z tardis/spectrum/tests/test_numba_formal_integral.py::test_trapezoid_integration[10000.0]
2025-02-28T16:36:43.2931200Z tardis/spectrum/tests/test_numba_formal_integral.py::test_trapezoid_integration[100000.0]
2025-02-28T16:36:43.2931790Z   /Users/runner/work/tardis/tardis/tardis/spectrum/tests/test_numba_formal_integral.py:35: DeprecationWarning:
2025-02-28T16:36:43.2932230Z   
2025-02-28T16:36:43.2933340Z   `trapz` is deprecated. Use `trapezoid` instead, or one of the numerical integration functions in `scipy.integrate`.
2025-02-28T16:36:43.2933690Z 
2025-02-28T16:36:43.2933880Z tardis/spectrum/tests/test_spectrum_solver.py::TestSpectrumSolver::test_solve
2025-02-28T16:36:43.2934420Z   /Users/runner/work/tardis/tardis/tardis/spectrum/base.py:70: UserWarning:
2025-02-28T16:36:43.2935080Z   
2025-02-28T16:36:43.2936240Z   SpectrumSolver.spectrum_virtual_packets is zero. Please run the montecarlo simulation with no_of_virtual_packets > 0
2025-02-28T16:36:43.2936670Z 
2025-02-28T16:36:43.2936870Z tardis/spectrum/tests/test_spectrum_solver.py::TestSpectrumSolver::test_solve
2025-02-28T16:36:43.2938930Z   /Users/runner/work/tardis/tardis/tardis/spectrum/base.py:111: UserWarning:
2025-02-28T16:36:43.2939420Z   
2025-02-28T16:36:43.2939860Z   SpectrumSolver.integrator: The FormalIntegrator is not yet available.Please run the montecarlo simulation at least once.
2025-02-28T16:36:43.2940660Z 
2025-02-28T16:36:43.2941760Z tardis/tests/test_util.py::test_calculate_luminosity[string_io0-100 km-result0]
2025-02-28T16:36:43.2943280Z tardis/tests/test_util.py::test_calculate_luminosity[string_io1-500 km-result1]
2025-02-28T16:36:43.2944310Z   /Users/runner/work/tardis/tardis/tardis/util/base.py:188: DeprecationWarning:
2025-02-28T16:36:43.2944830Z   
2025-02-28T16:36:43.2945300Z   `trapz` is deprecated. Use `trapezoid` instead, or one of the numerical integration functions in `scipy.integrate`.
2025-02-28T16:36:43.2945690Z 
2025-02-28T16:36:43.2945850Z tardis/visualization/tools/tests/test_sdec_plot.py: 48 warnings
2025-02-28T16:36:43.2946480Z   /Users/runner/work/tardis/tardis/tardis/visualization/tools/sdec_plot.py:736: DeprecationWarning:
2025-02-28T16:36:43.2947640Z   
2025-02-28T16:36:43.2947910Z   `in1d` is deprecated. Use `np.isin` instead.
2025-02-28T16:36:43.2948150Z 
2025-02-28T16:36:43.2948450Z tardis/visualization/tools/tests/test_sdec_plot.py: 48 warnings
2025-02-28T16:36:43.2949450Z   /Users/runner/work/tardis/tardis/tardis/visualization/tools/sdec_plot.py:758: DeprecationWarning:
2025-02-28T16:36:43.2950180Z   
2025-02-28T16:36:43.2951020Z   `in1d` is deprecated. Use `np.isin` instead.
2025-02-28T16:36:43.2951250Z 
2025-02-28T16:36:43.2951450Z tardis/visualization/tools/tests/test_sdec_plot.py: 48 warnings
2025-02-28T16:36:43.2951950Z   /Users/runner/work/tardis/tardis/tardis/visualization/tools/sdec_plot.py:779: DeprecationWarning:
2025-02-28T16:36:43.2952430Z   
2025-02-28T16:36:43.2952730Z   `in1d` is deprecated. Use `np.isin` instead.
2025-02-28T16:36:43.2952880Z 
2025-02-28T16:36:43.2953620Z tardis/visualization/tools/tests/test_sdec_plot.py::TestSDECPlotter::test_mpl_image[plotter_generate_plot_mpl4]
2025-02-28T16:36:43.2954620Z   /Users/runner/work/tardis/tardis/tardis/visualization/tools/sdec_plot.py:1225: RuntimeWarning:
2025-02-28T16:36:43.2955150Z   
2025-02-28T16:36:43.2956280Z   More than 20 figures have been opened. Figures created through the pyplot interface (`matplotlib.pyplot.figure`) are retained until explicitly closed and may consume too much memory. (To control this warning, see the rcParam `figure.max_open_warning`). Consider using `matplotlib.pyplot.close()`.
2025-02-28T16:36:43.2957500Z 
2025-02-28T16:36:43.2957920Z tardis/visualization/widgets/tests/test_custom_abundance.py::TestCustomAbundanceWidget::test_update_input_item_value
2025-02-28T16:36:43.2959400Z tardis/visualization/widgets/tests/test_custom_abundance.py::TestCustomAbundanceWidget::test_update_input_item_value
2025-02-28T16:36:43.2960320Z tardis/visualization/widgets/tests/test_custom_abundance.py::TestCustomAbundanceWidget::test_update_input_item_value
2025-02-28T16:36:43.2960970Z tardis/visualization/widgets/tests/test_custom_abundance.py::TestCustomAbundanceWidget::test_update_input_item_value
2025-02-28T16:36:43.2961610Z tardis/visualization/widgets/tests/test_custom_abundance.py::TestCustomAbundanceWidget::test_update_input_item_value
2025-02-28T16:36:43.2962390Z tardis/visualization/widgets/tests/test_custom_abundance.py::TestCustomAbundanceWidget::test_update_input_item_value
2025-02-28T16:36:43.2963070Z   /Users/runner/micromamba/envs/tardis/lib/python3.12/site-packages/traitlets/traitlets.py:1385: DeprecationWarning:
2025-02-28T16:36:43.2963480Z   
2025-02-28T16:36:43.2964160Z   Passing unrecognized arguments to super(Checkbox).__init__(icon='lock').
2025-02-28T16:36:43.2964540Z   object.__init__() takes exactly one argument (the instance to initialize)
2025-02-28T16:36:43.2964960Z   This is deprecated in traitlets 4.2.This error will be raised in a future release of traitlets.
2025-02-28T16:36:43.2965230Z 
2025-02-28T16:36:43.2965540Z tardis/visualization/widgets/tests/test_custom_abundance.py::TestCustomAbundanceWidget::test_update_input_item_value
2025-02-28T16:36:43.2966190Z tardis/visualization/widgets/tests/test_custom_abundance.py::TestCustomAbundanceWidget::test_update_input_item_value
2025-02-28T16:36:43.2967070Z   /Users/runner/micromamba/envs/tardis/lib/python3.12/site-packages/traitlets/traitlets.py:1385: DeprecationWarning:
2025-02-28T16:36:43.2967510Z   
2025-02-28T16:36:43.2967740Z   Passing unrecognized arguments to super(FloatText).__init__(min=0).
2025-02-28T16:36:43.2968110Z   object.__init__() takes exactly one argument (the instance to initialize)
2025-02-28T16:36:43.2970160Z   This is deprecated in traitlets 4.2.This error will be raised in a future release of traitlets.
2025-02-28T16:36:43.2970440Z 
2025-02-28T16:36:43.2970740Z tardis/visualization/widgets/tests/test_custom_abundance.py::TestCustomAbundanceWidget::test_update_input_item_value
2025-02-28T16:36:43.2971490Z   /Users/runner/micromamba/envs/tardis/lib/python3.12/site-packages/traitlets/traitlets.py:1385: DeprecationWarning:
2025-02-28T16:36:43.2971930Z   
2025-02-28T16:36:43.2972740Z   Passing unrecognized arguments to super(HTML).__init__(indent=True).
2025-02-28T16:36:43.2973800Z   object.__init__() takes exactly one argument (the instance to initialize)
2025-02-28T16:36:43.2974250Z   This is deprecated in traitlets 4.2.This error will be raised in a future release of traitlets.
2025-02-28T16:36:43.2974590Z 
2025-02-28T16:36:43.2975290Z tardis/visualization/widgets/tests/test_line_info.py::TestLineInfoWidgetData::test_get_species_interactions[wavelength_range0-packet_out_nu]
2025-02-28T16:36:43.2976040Z   /Users/runner/micromamba/envs/tardis/lib/python3.12/site-packages/qgridnext/grid.py:825: DeprecationWarning:
2025-02-28T16:36:43.2976630Z   
2025-02-28T16:36:43.2977170Z   QgridWidget._grid_options_changed is deprecated in traitlets 4.1: use @observe and @unobserve instead.
2025-02-28T16:36:43.2977750Z 
2025-02-28T16:36:43.2978080Z tardis/visualization/widgets/tests/test_shell_info.py::TestHDFShellInfo::test_shells_data
2025-02-28T16:36:43.2978870Z   /Users/runner/work/tardis/tardis/tardis/io/util.py:289: PerformanceWarning:
2025-02-28T16:36:43.2979520Z   
2025-02-28T16:36:43.2979760Z   
2025-02-28T16:36:43.2980290Z   your performance may suffer as PyTables will pickle object types that it cannot
2025-02-28T16:36:43.2980780Z   map directly to c-types [inferred_type->mixed,key->block0_values] [items->Index([0], dtype='int64')]
2025-02-28T16:36:43.2981060Z 
2025-02-28T16:36:43.2981300Z tardis/visualization/widgets/tests/test_shell_info.py::TestHDFShellInfo::test_shells_data
2025-02-28T16:36:43.2982510Z   /Users/runner/work/tardis/tardis/tardis/io/util.py:292: PerformanceWarning:
2025-02-28T16:36:43.2983100Z   
2025-02-28T16:36:43.2983230Z   
2025-02-28T16:36:43.2983510Z   your performance may suffer as PyTables will pickle object types that it cannot
2025-02-28T16:36:43.2983930Z   map directly to c-types [inferred_type->mixed,key->values] [items->None]
2025-02-28T16:36:43.2984170Z 
2025-02-28T16:36:43.2984380Z tardis/visualization/widgets/tests/test_shell_info.py::TestHDFShellInfo::test_shells_data
2025-02-28T16:36:43.2984900Z   /Users/runner/work/tardis/tardis/tardis/spectrum/formal_integral.py:398: UserWarning:
2025-02-28T16:36:43.2985220Z   
2025-02-28T16:36:43.2985480Z   The number of interpolate_shells was not specified. The value was set to 80.
2025-02-28T16:36:43.2985730Z 
2025-02-28T16:36:43.2985930Z -- Docs: https://docs.pytest.org/en/stable/how-to/capture-warnings.html
2025-02-28T16:36:43.2986160Z 
2025-02-28T16:36:43.2986310Z ---------- coverage: platform darwin, python 3.12.4-final-0 ----------
2025-02-28T16:36:43.2986720Z Coverage HTML written to dir coverage_html_report
2025-02-28T16:36:43.2987020Z Coverage XML written to file coverage.xml
2025-02-28T16:36:43.2987180Z 
2025-02-28T16:36:43.2987380Z = 1412 passed, 357 skipped, 2 deselected, 19 xfailed, 8 xpassed, 222 warnings in 849.00s (0:14:09) =
2025-02-28T16:36:44.9805800Z ##[group]Run mv .coverage .coverage.0
2025-02-28T16:36:44.9806110Z [36;1mmv .coverage .coverage.0[0m
2025-02-28T16:36:45.2464100Z shell: /bin/bash -l {0}
2025-02-28T16:36:45.2464320Z env:
2025-02-28T16:36:45.2464460Z   CACHE_NUMBER: 0
2025-02-28T16:36:45.2464950Z   PYTEST_FLAGS: --tardis-regression-data=/Users/runner/work/tardis/tardis/tardis-regression-data --cov=tardis --cov-report=xml --cov-report=html --cov-append
2025-02-28T16:36:45.2465460Z   CODECOV_TOKEN: 
2025-02-28T16:36:45.2465630Z   MAMBA_ROOT_PREFIX: /Users/runner/micromamba
2025-02-28T16:36:45.2465880Z   MAMBA_EXE: /Users/runner/micromamba-bin/micromamba
2025-02-28T16:36:45.2466160Z   CONDARC: /Users/runner/work/_temp/setup-micromamba/.condarc
2025-02-28T16:36:45.2466410Z ##[endgroup]
2025-02-28T16:36:45.4583930Z ##[group]Run actions/upload-artifact@v4
2025-02-28T16:36:45.4584300Z with:
2025-02-28T16:36:45.4584560Z   name: coverage-not-continuum-macos-latest
2025-02-28T16:36:45.4584890Z   include-hidden-files: true
2025-02-28T16:36:45.4585130Z   path: .coverage*
!.coveragerc

2025-02-28T16:36:45.4585420Z   if-no-files-found: warn
2025-02-28T16:36:45.4585640Z   compression-level: 6
2025-02-28T16:36:45.4585900Z   overwrite: false
2025-02-28T16:36:45.4586120Z env:
2025-02-28T16:36:45.4586350Z   CACHE_NUMBER: 0
2025-02-28T16:36:45.4586850Z   PYTEST_FLAGS: --tardis-regression-data=/Users/runner/work/tardis/tardis/tardis-regression-data --cov=tardis --cov-report=xml --cov-report=html --cov-append
2025-02-28T16:36:45.4587500Z   CODECOV_TOKEN: 
2025-02-28T16:36:45.4587730Z   MAMBA_ROOT_PREFIX: /Users/runner/micromamba
2025-02-28T16:36:45.4587990Z   MAMBA_EXE: /Users/runner/micromamba-bin/micromamba
2025-02-28T16:36:45.4588340Z   CONDARC: /Users/runner/work/_temp/setup-micromamba/.condarc
2025-02-28T16:36:45.4588620Z ##[endgroup]
2025-02-28T16:36:46.2368270Z With the provided path, there will be 2 files uploaded
2025-02-28T16:36:46.2370790Z Artifact name is valid!
2025-02-28T16:36:46.2371360Z Root directory input is valid!
2025-02-28T16:36:46.4560970Z Beginning upload of artifact content to blob storage
2025-02-28T16:36:46.6566290Z Uploaded bytes 29808
2025-02-28T16:36:46.7047540Z Finished uploading artifact content to blob storage!
2025-02-28T16:36:46.7054560Z SHA256 hash of uploaded artifact zip is 0dae8dc4ccec38acb57a1679857efea85b3f10122b579704644747c147add24b
2025-02-28T16:36:46.7059030Z Finalizing artifact upload
2025-02-28T16:36:46.8237350Z Artifact coverage-not-continuum-macos-latest.zip successfully finalized. Artifact ID 2671722658
2025-02-28T16:36:46.8239180Z Artifact coverage-not-continuum-macos-latest has been successfully uploaded! Final size is 29808 bytes. Artifact ID is 2671722658
2025-02-28T16:36:46.8252230Z Artifact download URL: https://github.com/tardis-sn/tardis/actions/runs/13592151747/artifacts/2671722658
2025-02-28T16:36:46.8530100Z Post job cleanup.
2025-02-28T16:36:46.8564700Z Post job cleanup.
2025-02-28T16:36:47.0267060Z Will use pre-installed micromamba at /Users/runner/micromamba-bin/micromamba
2025-02-28T16:36:47.0270210Z Removing micromamba run shell ...
2025-02-28T16:36:47.0272230Z ##[group]Deinitialize micromamba for bash
2025-02-28T16:36:47.0286160Z [command]/Users/runner/micromamba-bin/micromamba shell deinit -s bash -r /Users/runner/micromamba --log-level warning --rc-file /Users/runner/work/_temp/setup-micromamba/.condarc
2025-02-28T16:36:47.0511260Z Resetting RC file "/Users/runner/.bash_profile"
2025-02-28T16:36:47.0512530Z Deleting config for root prefix 
2025-02-28T16:36:47.0513420Z Clearing mamba executable environment variable
2025-02-28T16:36:47.0525310Z Removing the following in your "/Users/runner/.bash_profile" file
2025-02-28T16:36:47.0526540Z # >>> mamba initialize >>>
2025-02-28T16:36:47.0526760Z ...
2025-02-28T16:36:47.0526930Z # <<< mamba initialize <<<
2025-02-28T16:36:47.0579970Z Removing environment tardis from auto-activate bash ...
2025-02-28T16:36:47.0712770Z Post job cleanup.
2025-02-28T16:36:47.0779750Z Post job cleanup.
2025-02-28T16:36:47.2200030Z [command]/opt/homebrew/bin/git version
2025-02-28T16:36:47.2686450Z git version 2.48.1
2025-02-28T16:36:47.2714540Z Copying '/Users/runner/.gitconfig' to '/Users/runner/work/_temp/cc25ce1a-492d-4f90-8f6e-dd0a285a8b56/.gitconfig'
2025-02-28T16:36:47.2721150Z Temporarily overriding HOME='/Users/runner/work/_temp/cc25ce1a-492d-4f90-8f6e-dd0a285a8b56' before making global git config changes
2025-02-28T16:36:47.2721910Z Adding repository directory to the temporary git global config as a safe directory
2025-02-28T16:36:47.2724700Z [command]/opt/homebrew/bin/git config --global --add safe.directory /Users/runner/work/tardis/tardis/tardis-regression-data
2025-02-28T16:36:47.2820030Z [command]/opt/homebrew/bin/git config --local --name-only --get-regexp core\.sshCommand
2025-02-28T16:36:47.2875430Z [command]/opt/homebrew/bin/git submodule foreach --recursive sh -c "git config --local --name-only --get-regexp 'core\.sshCommand' && git config --local --unset-all 'core.sshCommand' || :"
2025-02-28T16:36:47.3791640Z [command]/opt/homebrew/bin/git config --local --name-only --get-regexp http\.https\:\/\/github\.com\/\.extraheader
2025-02-28T16:36:47.3840650Z http.https://github.com/.extraheader
2025-02-28T16:36:47.3849860Z [command]/opt/homebrew/bin/git config --local --unset-all http.https://github.com/.extraheader
2025-02-28T16:36:47.3917230Z [command]/opt/homebrew/bin/git submodule foreach --recursive sh -c "git config --local --name-only --get-regexp 'http\.https\:\/\/github\.com\/\.extraheader' && git config --local --unset-all 'http.https://github.com/.extraheader' || :"
2025-02-28T16:36:47.4986340Z Post job cleanup.
2025-02-28T16:36:47.6154200Z [command]/opt/homebrew/bin/git version
2025-02-28T16:36:47.6201330Z git version 2.48.1
2025-02-28T16:36:47.6221040Z Copying '/Users/runner/.gitconfig' to '/Users/runner/work/_temp/ab26b0cb-a1bd-4438-ac23-5af845a87b8e/.gitconfig'
2025-02-28T16:36:47.6227440Z Temporarily overriding HOME='/Users/runner/work/_temp/ab26b0cb-a1bd-4438-ac23-5af845a87b8e' before making global git config changes
2025-02-28T16:36:47.6228020Z Adding repository directory to the temporary git global config as a safe directory
2025-02-28T16:36:47.6231280Z [command]/opt/homebrew/bin/git config --global --add safe.directory /Users/runner/work/tardis/tardis
2025-02-28T16:36:47.6288700Z [command]/opt/homebrew/bin/git config --local --name-only --get-regexp core\.sshCommand
2025-02-28T16:36:47.6339040Z [command]/opt/homebrew/bin/git submodule foreach --recursive sh -c "git config --local --name-only --get-regexp 'core\.sshCommand' && git config --local --unset-all 'core.sshCommand' || :"
2025-02-28T16:36:47.7142180Z [command]/opt/homebrew/bin/git config --local --name-only --get-regexp http\.https\:\/\/github\.com\/\.extraheader
2025-02-28T16:36:47.7186990Z http.https://github.com/.extraheader
2025-02-28T16:36:47.7196380Z [command]/opt/homebrew/bin/git config --local --unset-all http.https://github.com/.extraheader
2025-02-28T16:36:47.7261600Z [command]/opt/homebrew/bin/git submodule foreach --recursive sh -c "git config --local --name-only --get-regexp 'http\.https\:\/\/github\.com\/\.extraheader' && git config --local --unset-all 'http.https://github.com/.extraheader' || :"
2025-02-28T16:36:47.8056590Z Cleaning up orphan processes
