2025-02-28T16:19:38.9992696Z Requested labels: ubuntu-latest
2025-02-28T16:19:38.9993154Z Job defined at: tardis-sn/tardis/.github/workflows/tests.yml@refs/pull/2981/merge
2025-02-28T16:19:38.9993308Z Waiting for a runner to pick up this job...
2025-02-28T16:19:39.1816370Z Job is waiting for a hosted runner to come online.
2025-02-28T16:19:42.8381865Z Job is about to start running on the hosted runner: GitHub Actions 6 (hosted)
2025-02-28T16:19:44.1905222Z Current runner version: '2.322.0'
2025-02-28T16:19:44.1933242Z ##[group]Operating System
2025-02-28T16:19:44.1934046Z Ubuntu
2025-02-28T16:19:44.1934548Z 24.04.2
2025-02-28T16:19:44.1935155Z LTS
2025-02-28T16:19:44.1935601Z ##[endgroup]
2025-02-28T16:19:44.1936115Z ##[group]Runner Image
2025-02-28T16:19:44.1936753Z Image: ubuntu-24.04
2025-02-28T16:19:44.1937289Z Version: 20250223.1.0
2025-02-28T16:19:44.1938654Z Included Software: https://github.com/actions/runner-images/blob/ubuntu24/20250223.1/images/ubuntu/Ubuntu2404-Readme.md
2025-02-28T16:19:44.1940097Z Image Release: https://github.com/actions/runner-images/releases/tag/ubuntu24%2F20250223.1
2025-02-28T16:19:44.1940983Z ##[endgroup]
2025-02-28T16:19:44.1941576Z ##[group]Runner Image Provisioner
2025-02-28T16:19:44.1942207Z 2.0.422.1
2025-02-28T16:19:44.1942706Z ##[endgroup]
2025-02-28T16:19:44.1944858Z ##[group]GITHUB_TOKEN Permissions
2025-02-28T16:19:44.1946967Z Actions: read
2025-02-28T16:19:44.1948039Z Attestations: read
2025-02-28T16:19:44.1948691Z Checks: read
2025-02-28T16:19:44.1949264Z Contents: read
2025-02-28T16:19:44.1949804Z Deployments: read
2025-02-28T16:19:44.1950312Z Discussions: read
2025-02-28T16:19:44.1950900Z Issues: read
2025-02-28T16:19:44.1951430Z Metadata: read
2025-02-28T16:19:44.1951899Z Packages: read
2025-02-28T16:19:44.1952488Z Pages: read
2025-02-28T16:19:44.1952999Z PullRequests: read
2025-02-28T16:19:44.1953577Z RepositoryProjects: read
2025-02-28T16:19:44.1954193Z SecurityEvents: read
2025-02-28T16:19:44.1954700Z Statuses: read
2025-02-28T16:19:44.1955239Z ##[endgroup]
2025-02-28T16:19:44.1958633Z Secret source: None
2025-02-28T16:19:44.1959421Z Prepare workflow directory
2025-02-28T16:19:44.2583619Z Prepare all required actions
2025-02-28T16:19:44.2619927Z Getting action download info
2025-02-28T16:19:44.4251878Z Download action repository 'actions/checkout@v4' (SHA:11bd71901bbe5b1630ceea73d27597364c9af683)
2025-02-28T16:19:44.5173616Z Download action repository 'actions/upload-artifact@v4' (SHA:4cec3d8aa04e39d1a68397de0c4cd6fb9dce8ec1)
2025-02-28T16:19:44.8655727Z Complete job name:  continuum ubuntu-latest 
2025-02-28T16:19:44.9306482Z ##[group]Run actions/checkout@v4
2025-02-28T16:19:44.9307332Z with:
2025-02-28T16:19:44.9307913Z   repository: tardis-sn/tardis
2025-02-28T16:19:44.9308574Z   token: ***
2025-02-28T16:19:44.9308962Z   ssh-strict: true
2025-02-28T16:19:44.9309375Z   ssh-user: git
2025-02-28T16:19:44.9309790Z   persist-credentials: true
2025-02-28T16:19:44.9310244Z   clean: true
2025-02-28T16:19:44.9310659Z   sparse-checkout-cone-mode: true
2025-02-28T16:19:44.9311142Z   fetch-depth: 1
2025-02-28T16:19:44.9311539Z   fetch-tags: false
2025-02-28T16:19:44.9311948Z   show-progress: true
2025-02-28T16:19:44.9312355Z   lfs: false
2025-02-28T16:19:44.9312734Z   submodules: false
2025-02-28T16:19:44.9313139Z   set-safe-directory: true
2025-02-28T16:19:44.9313824Z env:
2025-02-28T16:19:44.9314201Z   CACHE_NUMBER: 0
2025-02-28T16:19:44.9315354Z   PYTEST_FLAGS: --tardis-regression-data=/home/runner/work/tardis/tardis/tardis-regression-data --cov=tardis --cov-report=xml --cov-report=html --cov-append
2025-02-28T16:19:44.9316595Z   CODECOV_TOKEN: 
2025-02-28T16:19:44.9316991Z ##[endgroup]
2025-02-28T16:19:45.1346656Z Syncing repository: tardis-sn/tardis
2025-02-28T16:19:45.1348940Z ##[group]Getting Git version info
2025-02-28T16:19:45.1349653Z Working directory is '/home/runner/work/tardis/tardis'
2025-02-28T16:19:45.1350591Z [command]/usr/bin/git version
2025-02-28T16:19:45.1401031Z git version 2.48.1
2025-02-28T16:19:45.1427522Z ##[endgroup]
2025-02-28T16:19:45.1441111Z Temporarily overriding HOME='/home/runner/work/_temp/f9bbe08c-efd1-4576-be32-f76503439791' before making global git config changes
2025-02-28T16:19:45.1442477Z Adding repository directory to the temporary git global config as a safe directory
2025-02-28T16:19:45.1445985Z [command]/usr/bin/git config --global --add safe.directory /home/runner/work/tardis/tardis
2025-02-28T16:19:45.1481373Z Deleting the contents of '/home/runner/work/tardis/tardis'
2025-02-28T16:19:45.1485303Z ##[group]Initializing the repository
2025-02-28T16:19:45.1489418Z [command]/usr/bin/git init /home/runner/work/tardis/tardis
2025-02-28T16:19:45.1574658Z hint: Using 'master' as the name for the initial branch. This default branch name
2025-02-28T16:19:45.1576278Z hint: is subject to change. To configure the initial branch name to use in all
2025-02-28T16:19:45.1577190Z hint: of your new repositories, which will suppress this warning, call:
2025-02-28T16:19:45.1578014Z hint:
2025-02-28T16:19:45.1578960Z hint: 	git config --global init.defaultBranch <name>
2025-02-28T16:19:45.1579990Z hint:
2025-02-28T16:19:45.1580939Z hint: Names commonly chosen instead of 'master' are 'main', 'trunk' and
2025-02-28T16:19:45.1582426Z hint: 'development'. The just-created branch can be renamed via this command:
2025-02-28T16:19:45.1583552Z hint:
2025-02-28T16:19:45.1583963Z hint: 	git branch -m <name>
2025-02-28T16:19:45.1584678Z Initialized empty Git repository in /home/runner/work/tardis/tardis/.git/
2025-02-28T16:19:45.1593936Z [command]/usr/bin/git remote add origin https://github.com/tardis-sn/tardis
2025-02-28T16:19:45.1631979Z ##[endgroup]
2025-02-28T16:19:45.1633225Z ##[group]Disabling automatic garbage collection
2025-02-28T16:19:45.1636444Z [command]/usr/bin/git config --local gc.auto 0
2025-02-28T16:19:45.1667986Z ##[endgroup]
2025-02-28T16:19:45.1669376Z ##[group]Setting up auth
2025-02-28T16:19:45.1675703Z [command]/usr/bin/git config --local --name-only --get-regexp core\.sshCommand
2025-02-28T16:19:45.1710061Z [command]/usr/bin/git submodule foreach --recursive sh -c "git config --local --name-only --get-regexp 'core\.sshCommand' && git config --local --unset-all 'core.sshCommand' || :"
2025-02-28T16:19:45.2017334Z [command]/usr/bin/git config --local --name-only --get-regexp http\.https\:\/\/github\.com\/\.extraheader
2025-02-28T16:19:45.2052662Z [command]/usr/bin/git submodule foreach --recursive sh -c "git config --local --name-only --get-regexp 'http\.https\:\/\/github\.com\/\.extraheader' && git config --local --unset-all 'http.https://github.com/.extraheader' || :"
2025-02-28T16:19:45.2316055Z [command]/usr/bin/git config --local http.https://github.com/.extraheader AUTHORIZATION: basic ***
2025-02-28T16:19:45.2357221Z ##[endgroup]
2025-02-28T16:19:45.2359170Z ##[group]Fetching the repository
2025-02-28T16:19:45.2369169Z [command]/usr/bin/git -c protocol.version=2 fetch --no-tags --prune --no-recurse-submodules --depth=1 origin +f5d513f1de4d9bf4beea0de439abb8121f879385:refs/remotes/pull/2981/merge
2025-02-28T16:19:46.3581725Z From https://github.com/tardis-sn/tardis
2025-02-28T16:19:46.3582843Z  * [new ref]         f5d513f1de4d9bf4beea0de439abb8121f879385 -> pull/2981/merge
2025-02-28T16:19:46.3612950Z ##[endgroup]
2025-02-28T16:19:46.3613766Z ##[group]Determining the checkout info
2025-02-28T16:19:46.3616078Z ##[endgroup]
2025-02-28T16:19:46.3623564Z [command]/usr/bin/git sparse-checkout disable
2025-02-28T16:19:46.3668810Z [command]/usr/bin/git config --local --unset-all extensions.worktreeConfig
2025-02-28T16:19:46.3701577Z ##[group]Checking out the ref
2025-02-28T16:19:46.3708777Z [command]/usr/bin/git checkout --progress --force refs/remotes/pull/2981/merge
2025-02-28T16:19:46.5697137Z Note: switching to 'refs/remotes/pull/2981/merge'.
2025-02-28T16:19:46.5698267Z 
2025-02-28T16:19:46.5698963Z You are in 'detached HEAD' state. You can look around, make experimental
2025-02-28T16:19:46.5700551Z changes and commit them, and you can discard any commits you make in this
2025-02-28T16:19:46.5702132Z state without impacting any branches by switching back to a branch.
2025-02-28T16:19:46.5703042Z 
2025-02-28T16:19:46.5703707Z If you want to create a new branch to retain commits you create, you may
2025-02-28T16:19:46.5705150Z do so (now or later) by using -c with the switch command. Example:
2025-02-28T16:19:46.5705933Z 
2025-02-28T16:19:46.5706281Z   git switch -c <new-branch-name>
2025-02-28T16:19:46.5706838Z 
2025-02-28T16:19:46.5707183Z Or undo this operation with:
2025-02-28T16:19:46.5707806Z 
2025-02-28T16:19:46.5708435Z   git switch -
2025-02-28T16:19:46.5708885Z 
2025-02-28T16:19:46.5709544Z Turn off this advice by setting config variable advice.detachedHead to false
2025-02-28T16:19:46.5710432Z 
2025-02-28T16:19:46.5711407Z HEAD is now at f5d513f Merge 51265448a1cd971d526268210585520020a84100 into a51af908c6403099d3162da0bf4b0fbaca439cac
2025-02-28T16:19:46.5718849Z ##[endgroup]
2025-02-28T16:19:46.5758606Z [command]/usr/bin/git log -1 --format=%H
2025-02-28T16:19:46.5781721Z f5d513f1de4d9bf4beea0de439abb8121f879385
2025-02-28T16:19:46.6131384Z Prepare all required actions
2025-02-28T16:19:46.6132804Z Getting action download info
2025-02-28T16:19:46.7258501Z Download action repository 'actions/cache@v4' (SHA:d4323d4df104b026a6aa633fdb11d772146be0bf)
2025-02-28T16:19:47.0282041Z ##[group]Run ./.github/actions/setup_lfs
2025-02-28T16:19:47.0282404Z with:
2025-02-28T16:19:47.0282710Z   regression-data-repo: tardis-sn/tardis-regression-data
2025-02-28T16:19:47.0283090Z   atom-data-sparse: false
2025-02-28T16:19:47.0283391Z env:
2025-02-28T16:19:47.0283607Z   CACHE_NUMBER: 0
2025-02-28T16:19:47.0284301Z   PYTEST_FLAGS: --tardis-regression-data=/home/runner/work/tardis/tardis/tardis-regression-data --cov=tardis --cov-report=xml --cov-report=html --cov-append
2025-02-28T16:19:47.0285015Z   CODECOV_TOKEN: 
2025-02-28T16:19:47.0285244Z ##[endgroup]
2025-02-28T16:19:47.0436336Z ##[group]Run actions/checkout@v4
2025-02-28T16:19:47.0436673Z with:
2025-02-28T16:19:47.0436953Z   repository: tardis-sn/tardis-regression-data
2025-02-28T16:19:47.0437359Z   path: tardis-regression-data
2025-02-28T16:19:47.0437652Z   lfs: false
2025-02-28T16:19:47.0438265Z   token: ***
2025-02-28T16:19:47.0438513Z   ssh-strict: true
2025-02-28T16:19:47.0438756Z   ssh-user: git
2025-02-28T16:19:47.0439010Z   persist-credentials: true
2025-02-28T16:19:47.0439280Z   clean: true
2025-02-28T16:19:47.0439529Z   sparse-checkout-cone-mode: true
2025-02-28T16:19:47.0439812Z   fetch-depth: 1
2025-02-28T16:19:47.0440043Z   fetch-tags: false
2025-02-28T16:19:47.0440301Z   show-progress: true
2025-02-28T16:19:47.0440553Z   submodules: false
2025-02-28T16:19:47.0440802Z   set-safe-directory: true
2025-02-28T16:19:47.0441057Z env:
2025-02-28T16:19:47.0441266Z   CACHE_NUMBER: 0
2025-02-28T16:19:47.0441960Z   PYTEST_FLAGS: --tardis-regression-data=/home/runner/work/tardis/tardis/tardis-regression-data --cov=tardis --cov-report=xml --cov-report=html --cov-append
2025-02-28T16:19:47.0442699Z   CODECOV_TOKEN: 
2025-02-28T16:19:47.0442956Z ##[endgroup]
2025-02-28T16:19:47.1386729Z Syncing repository: tardis-sn/tardis-regression-data
2025-02-28T16:19:47.1393180Z ##[group]Getting Git version info
2025-02-28T16:19:47.1393993Z Working directory is '/home/runner/work/tardis/tardis/tardis-regression-data'
2025-02-28T16:19:47.1437135Z [command]/usr/bin/git version
2025-02-28T16:19:47.1480843Z git version 2.48.1
2025-02-28T16:19:47.1505739Z ##[endgroup]
2025-02-28T16:19:47.1518558Z Temporarily overriding HOME='/home/runner/work/_temp/77e69128-ad78-4dad-b351-d6098db37f22' before making global git config changes
2025-02-28T16:19:47.1519931Z Adding repository directory to the temporary git global config as a safe directory
2025-02-28T16:19:47.1524100Z [command]/usr/bin/git config --global --add safe.directory /home/runner/work/tardis/tardis/tardis-regression-data
2025-02-28T16:19:47.1554847Z ##[group]Initializing the repository
2025-02-28T16:19:47.1560073Z [command]/usr/bin/git init /home/runner/work/tardis/tardis/tardis-regression-data
2025-02-28T16:19:47.1596453Z hint: Using 'master' as the name for the initial branch. This default branch name
2025-02-28T16:19:47.1597415Z hint: is subject to change. To configure the initial branch name to use in all
2025-02-28T16:19:47.1598479Z hint: of your new repositories, which will suppress this warning, call:
2025-02-28T16:19:47.1599135Z hint:
2025-02-28T16:19:47.1599451Z hint: 	git config --global init.defaultBranch <name>
2025-02-28T16:19:47.1599791Z hint:
2025-02-28T16:19:47.1600130Z hint: Names commonly chosen instead of 'master' are 'main', 'trunk' and
2025-02-28T16:19:47.1600889Z hint: 'development'. The just-created branch can be renamed via this command:
2025-02-28T16:19:47.1601294Z hint:
2025-02-28T16:19:47.1601522Z hint: 	git branch -m <name>
2025-02-28T16:19:47.1602039Z Initialized empty Git repository in /home/runner/work/tardis/tardis/tardis-regression-data/.git/
2025-02-28T16:19:47.1608766Z [command]/usr/bin/git remote add origin https://github.com/tardis-sn/tardis-regression-data
2025-02-28T16:19:47.1639123Z ##[endgroup]
2025-02-28T16:19:47.1640125Z ##[group]Disabling automatic garbage collection
2025-02-28T16:19:47.1643448Z [command]/usr/bin/git config --local gc.auto 0
2025-02-28T16:19:47.1671349Z ##[endgroup]
2025-02-28T16:19:47.1672021Z ##[group]Setting up auth
2025-02-28T16:19:47.1677549Z [command]/usr/bin/git config --local --name-only --get-regexp core\.sshCommand
2025-02-28T16:19:47.1710357Z [command]/usr/bin/git submodule foreach --recursive sh -c "git config --local --name-only --get-regexp 'core\.sshCommand' && git config --local --unset-all 'core.sshCommand' || :"
2025-02-28T16:19:47.1960817Z [command]/usr/bin/git config --local --name-only --get-regexp http\.https\:\/\/github\.com\/\.extraheader
2025-02-28T16:19:47.1996793Z [command]/usr/bin/git submodule foreach --recursive sh -c "git config --local --name-only --get-regexp 'http\.https\:\/\/github\.com\/\.extraheader' && git config --local --unset-all 'http.https://github.com/.extraheader' || :"
2025-02-28T16:19:47.2250160Z [command]/usr/bin/git config --local http.https://github.com/.extraheader AUTHORIZATION: basic ***
2025-02-28T16:19:47.2292571Z ##[endgroup]
2025-02-28T16:19:47.2293398Z ##[group]Determining the default branch
2025-02-28T16:19:47.2297200Z Retrieving the default branch name
2025-02-28T16:19:47.4582810Z Default branch 'main'
2025-02-28T16:19:47.4583839Z ##[endgroup]
2025-02-28T16:19:47.4584529Z ##[group]Fetching the repository
2025-02-28T16:19:47.4590701Z [command]/usr/bin/git -c protocol.version=2 fetch --no-tags --prune --no-recurse-submodules --depth=1 origin +refs/heads/main:refs/remotes/origin/main
2025-02-28T16:19:47.7405181Z From https://github.com/tardis-sn/tardis-regression-data
2025-02-28T16:19:47.7407022Z  * [new branch]      main       -> origin/main
2025-02-28T16:19:47.7433946Z ##[endgroup]
2025-02-28T16:19:47.7434564Z ##[group]Determining the checkout info
2025-02-28T16:19:47.7436149Z ##[endgroup]
2025-02-28T16:19:47.7442217Z [command]/usr/bin/git sparse-checkout disable
2025-02-28T16:19:47.7481709Z [command]/usr/bin/git config --local --unset-all extensions.worktreeConfig
2025-02-28T16:19:47.7511016Z ##[group]Checking out the ref
2025-02-28T16:19:47.7515528Z [command]/usr/bin/git checkout --progress --force -B main refs/remotes/origin/main
2025-02-28T16:19:47.8642851Z Switched to a new branch 'main'
2025-02-28T16:19:47.8644185Z branch 'main' set up to track 'origin/main'.
2025-02-28T16:19:47.8931613Z ##[endgroup]
2025-02-28T16:19:47.8974388Z [command]/usr/bin/git log -1 --format=%H
2025-02-28T16:19:47.9000359Z b2fdf418ac1a3631f8c3d2a5f392b6ebfa09ba0b
2025-02-28T16:19:47.9140114Z ##[group]Run if [ "false" == "true" ]; then
2025-02-28T16:19:47.9140511Z [36;1mif [ "false" == "true" ]; then[0m
2025-02-28T16:19:47.9140815Z [36;1m  echo "Using atom data sparse checkout"[0m
2025-02-28T16:19:47.9141198Z [36;1m  echo "atom_data/kurucz_cd23_chianti_H_He.h5" > .lfs-files-list[0m
2025-02-28T16:19:47.9141525Z [36;1melse[0m
2025-02-28T16:19:47.9141740Z [36;1m  echo "Using full repository checkout"[0m
2025-02-28T16:19:47.9142129Z [36;1m  git lfs ls-files -l | cut -d' ' -f1 | sort > .lfs-files-list[0m
2025-02-28T16:19:47.9142463Z [36;1mfi[0m
2025-02-28T16:19:47.9194537Z shell: /usr/bin/bash --noprofile --norc -e -o pipefail {0}
2025-02-28T16:19:47.9194887Z env:
2025-02-28T16:19:47.9195069Z   CACHE_NUMBER: 0
2025-02-28T16:19:47.9195878Z   PYTEST_FLAGS: --tardis-regression-data=/home/runner/work/tardis/tardis/tardis-regression-data --cov=tardis --cov-report=xml --cov-report=html --cov-append
2025-02-28T16:19:47.9196627Z   CODECOV_TOKEN: 
2025-02-28T16:19:47.9197040Z ##[endgroup]
2025-02-28T16:19:47.9284202Z Using full repository checkout
2025-02-28T16:19:48.0668276Z ##[group]Run actions/cache/restore@v4
2025-02-28T16:19:48.0668602Z with:
2025-02-28T16:19:48.0668840Z   path: tardis-regression-data/.git/lfs
2025-02-28T16:19:48.0669637Z   key: tardis-regression-full-data-6e3f921411cf0a4e16018f0781785ab8728ab151c8f95ea20b0c8e8609b9a332-tardis-sn/tardis-regression-data-v1
2025-02-28T16:19:48.0670426Z   fail-on-cache-miss: true
2025-02-28T16:19:48.0670882Z   enableCrossOsArchive: false
2025-02-28T16:19:48.0671333Z   lookup-only: false
2025-02-28T16:19:48.0697637Z env:
2025-02-28T16:19:48.0697990Z   CACHE_NUMBER: 0
2025-02-28T16:19:48.0698638Z   PYTEST_FLAGS: --tardis-regression-data=/home/runner/work/tardis/tardis/tardis-regression-data --cov=tardis --cov-report=xml --cov-report=html --cov-append
2025-02-28T16:19:48.0699332Z   CODECOV_TOKEN: 
2025-02-28T16:19:48.0699527Z ##[endgroup]
2025-02-28T16:19:48.2800859Z Cache hit for: tardis-regression-full-data-6e3f921411cf0a4e16018f0781785ab8728ab151c8f95ea20b0c8e8609b9a332-tardis-sn/tardis-regression-data-v1
2025-02-28T16:19:49.3422796Z Received 239075328 of 2160718086 (11.1%), 226.4 MBs/sec
2025-02-28T16:19:50.3437448Z Received 486539264 of 2160718086 (22.5%), 231.1 MBs/sec
2025-02-28T16:19:51.3492507Z Received 717225984 of 2160718086 (33.2%), 227.0 MBs/sec
2025-02-28T16:19:52.3501237Z Received 939524096 of 2160718086 (43.5%), 223.2 MBs/sec
2025-02-28T16:19:53.3502891Z Received 1199570944 of 2160718086 (55.5%), 228.1 MBs/sec
2025-02-28T16:19:54.3505408Z Received 1430257664 of 2160718086 (66.2%), 226.8 MBs/sec
2025-02-28T16:19:55.3634033Z Received 1660944384 of 2160718086 (76.9%), 225.4 MBs/sec
2025-02-28T16:19:56.3702534Z Received 1904214016 of 2160718086 (88.1%), 226.0 MBs/sec
2025-02-28T16:19:57.3704495Z Received 2156523782 of 2160718086 (99.8%), 227.6 MBs/sec
2025-02-28T16:19:57.4112683Z Received 2160718086 of 2160718086 (100.0%), 227.0 MBs/sec
2025-02-28T16:19:57.4114993Z Cache Size: ~2061 MB (2160718086 B)
2025-02-28T16:19:57.4157161Z [command]/usr/bin/tar -xf /home/runner/work/_temp/50770654-f8ef-42c4-8b88-7ac4cc36f008/cache.tzst -P -C /home/runner/work/tardis/tardis --use-compress-program unzstd
2025-02-28T16:20:08.6180657Z Cache restored successfully
2025-02-28T16:20:08.9919890Z Cache restored from key: tardis-regression-full-data-6e3f921411cf0a4e16018f0781785ab8728ab151c8f95ea20b0c8e8609b9a332-tardis-sn/tardis-regression-data-v1
2025-02-28T16:20:09.0064843Z ##[group]Run git lfs checkout
2025-02-28T16:20:09.0065130Z [36;1mgit lfs checkout[0m
2025-02-28T16:20:09.0110558Z shell: /usr/bin/bash --noprofile --norc -e -o pipefail {0}
2025-02-28T16:20:09.0110885Z env:
2025-02-28T16:20:09.0111050Z   CACHE_NUMBER: 0
2025-02-28T16:20:09.0111686Z   PYTEST_FLAGS: --tardis-regression-data=/home/runner/work/tardis/tardis/tardis-regression-data --cov=tardis --cov-report=xml --cov-report=html --cov-append
2025-02-28T16:20:09.0112346Z   CODECOV_TOKEN: 
2025-02-28T16:20:09.0112529Z ##[endgroup]
2025-02-28T16:20:29.0406587Z Checking out LFS objects: 100% (204/204), 5.7 GB | 254 MB/s, done.
2025-02-28T16:20:32.2993469Z Prepare all required actions
2025-02-28T16:20:32.2993819Z Getting action download info
2025-02-28T16:20:32.3848406Z Download action repository 'mamba-org/setup-micromamba@v1' (SHA:4b9113af4fba0e9e1124b252dd6497a419e7396d)
2025-02-28T16:20:32.7635828Z ##[group]Run ./.github/actions/setup_env
2025-02-28T16:20:32.7636090Z with:
2025-02-28T16:20:32.7636271Z   os-label: linux-64
2025-02-28T16:20:32.7636466Z env:
2025-02-28T16:20:32.7636630Z   CACHE_NUMBER: 0
2025-02-28T16:20:32.7637259Z   PYTEST_FLAGS: --tardis-regression-data=/home/runner/work/tardis/tardis/tardis-regression-data --cov=tardis --cov-report=xml --cov-report=html --cov-append
2025-02-28T16:20:32.7638122Z   CODECOV_TOKEN: 
2025-02-28T16:20:32.7638307Z ##[endgroup]
2025-02-28T16:20:32.7659870Z ##[group]Run file_hash=$(cat conda-linux-64.lock | shasum -a 256 | cut -d' ' -f1)
2025-02-28T16:20:32.7660374Z [36;1mfile_hash=$(cat conda-linux-64.lock | shasum -a 256 | cut -d' ' -f1)[0m
2025-02-28T16:20:32.7661142Z [36;1mecho "file_hash=tardis-conda-env-linux-64-${file_hash}-v1" >> "${GITHUB_OUTPUT}"[0m
2025-02-28T16:20:32.7705035Z shell: /usr/bin/bash --noprofile --norc -e -o pipefail {0}
2025-02-28T16:20:32.7705354Z env:
2025-02-28T16:20:32.7705520Z   CACHE_NUMBER: 0
2025-02-28T16:20:32.7706153Z   PYTEST_FLAGS: --tardis-regression-data=/home/runner/work/tardis/tardis/tardis-regression-data --cov=tardis --cov-report=xml --cov-report=html --cov-append
2025-02-28T16:20:32.7706831Z   CODECOV_TOKEN: 
2025-02-28T16:20:32.7707007Z ##[endgroup]
2025-02-28T16:20:32.8066076Z ##[group]Run mamba-org/setup-micromamba@v1
2025-02-28T16:20:32.8066346Z with:
2025-02-28T16:20:32.8066535Z   environment-file: conda-linux-64.lock
2025-02-28T16:20:32.8067094Z   cache-environment-key: tardis-conda-env-linux-64-1bfcc818b79d6e7f30001ef583d4cbf8b611cf6e4e626641987e436d32dd5614-v1
2025-02-28T16:20:32.8068543Z   cache-downloads-key: tardis-conda-env-linux-64-1bfcc818b79d6e7f30001ef583d4cbf8b611cf6e4e626641987e436d32dd5614-v1
2025-02-28T16:20:32.8069118Z   environment-name: tardis
2025-02-28T16:20:32.8069338Z   cache-environment: true
2025-02-28T16:20:32.8069549Z   cache-downloads: true
2025-02-28T16:20:32.8069744Z env:
2025-02-28T16:20:32.8069897Z   CACHE_NUMBER: 0
2025-02-28T16:20:32.8070513Z   PYTEST_FLAGS: --tardis-regression-data=/home/runner/work/tardis/tardis/tardis-regression-data --cov=tardis --cov-report=xml --cov-report=html --cov-append
2025-02-28T16:20:32.8071185Z   CODECOV_TOKEN: 
2025-02-28T16:20:32.8071368Z ##[endgroup]
2025-02-28T16:20:32.9441569Z Will download micromamba to /home/runner/micromamba-bin/micromamba
2025-02-28T16:20:32.9452361Z ##[group]Install micromamba
2025-02-28T16:20:33.2551689Z micromamba installed to /home/runner/micromamba-bin/micromamba
2025-02-28T16:20:33.2552547Z ##[endgroup]
2025-02-28T16:20:33.2553625Z Adding conda-forge to condarc channels ...
2025-02-28T16:20:33.2567569Z ##[group]Initialize micromamba for bash.
2025-02-28T16:20:33.2592435Z [command]/home/runner/micromamba-bin/micromamba shell init -s bash -r /home/runner/micromamba --log-level warning --rc-file /home/runner/work/_temp/setup-micromamba/.condarc
2025-02-28T16:20:33.2720957Z Modifying RC file "/home/runner/.bashrc"
2025-02-28T16:20:33.2722269Z Generating config for root prefix [1m"/home/runner/micromamba"[0m
2025-02-28T16:20:33.2723944Z Setting mamba executable to: [1m"/home/runner/micromamba-bin/micromamba"[0m
2025-02-28T16:20:33.2724806Z Adding (or replacing) the following in your "/home/runner/.bashrc" file
2025-02-28T16:20:33.2725269Z 
2025-02-28T16:20:33.2725411Z # >>> mamba initialize >>>
2025-02-28T16:20:33.2725877Z # !! Contents within this block are managed by 'mamba init' !!
2025-02-28T16:20:33.2726513Z export MAMBA_EXE='/home/runner/micromamba-bin/micromamba';
2025-02-28T16:20:33.2727095Z export MAMBA_ROOT_PREFIX='/home/runner/micromamba';
2025-02-28T16:20:33.2728118Z __mamba_setup="$("$MAMBA_EXE" shell hook --shell bash --root-prefix "$MAMBA_ROOT_PREFIX" 2> /dev/null)"
2025-02-28T16:20:33.2728930Z if [ $? -eq 0 ]; then
2025-02-28T16:20:33.2729656Z     eval "$__mamba_setup"
2025-02-28T16:20:33.2730022Z else
2025-02-28T16:20:33.2730478Z     alias micromamba="$MAMBA_EXE"  # Fallback on help from mamba activate
2025-02-28T16:20:33.2731046Z fi
2025-02-28T16:20:33.2731316Z unset __mamba_setup
2025-02-28T16:20:33.2731638Z # <<< mamba initialize <<<
2025-02-28T16:20:33.2731880Z 
2025-02-28T16:20:33.2741121Z Moving mamba initialize block to .bash_profile
2025-02-28T16:20:33.2772994Z ##[endgroup]
2025-02-28T16:20:33.2775253Z ##[group]Restoring downloads from `/home/runner/micromamba/pkgs` ...
2025-02-28T16:20:34.3815236Z Received 354336303 of 358530607 (98.8%), 337.9 MBs/sec
2025-02-28T16:20:34.4514655Z Cache Size: ~342 MB (358530607 B)
2025-02-28T16:20:34.4557202Z [command]/usr/bin/tar -xf /home/runner/work/_temp/074aedea-f32a-4a6b-aad4-e1cf3e2ba374/cache.tzst -P -C /home/runner/work/tardis/tardis --use-compress-program unzstd
2025-02-28T16:20:34.9510513Z Cache restored successfully
2025-02-28T16:20:35.0271192Z Restored cache with key `tardis-conda-env-linux-64-1bfcc818b79d6e7f30001ef583d4cbf8b611cf6e4e626641987e436d32dd5614-v1-linux-64`
2025-02-28T16:20:35.0273435Z ##[endgroup]
2025-02-28T16:20:35.0283794Z ##[group]Restoring environment `tardis` from `/home/runner/micromamba/envs/tardis` ...
2025-02-28T16:20:35.3813985Z Received 358530607 of 358530607 (100.0%), 171.0 MBs/sec
2025-02-28T16:20:36.1064179Z Received 360710144 of 445669008 (80.9%), 342.6 MBs/sec
2025-02-28T16:20:36.3379256Z Cache Size: ~425 MB (445669008 B)
2025-02-28T16:20:36.3419003Z [command]/usr/bin/tar -xf /home/runner/work/_temp/9bbab963-e44b-40bf-ae00-bde931a13087/cache.tzst -P -C /home/runner/work/tardis/tardis --use-compress-program unzstd
2025-02-28T16:20:37.1070736Z Received 445669008 of 445669008 (100.0%), 212.0 MBs/sec
2025-02-28T16:20:41.4579525Z Cache restored successfully
2025-02-28T16:20:41.8646324Z Restored cache with key `tardis-conda-env-linux-64-1bfcc818b79d6e7f30001ef583d4cbf8b611cf6e4e626641987e436d32dd5614-v1-linux-64-tardis-args-4f53cda-root-dcc80ee-bin-[object Promise]-file-1bfcc818b79d6e7f30001ef583d4cbf8b611cf6e4e626641987e436d32dd5614`
2025-02-28T16:20:41.8648761Z ##[endgroup]
2025-02-28T16:20:41.8649140Z Adding environment tardis to auto-activate bash ...
2025-02-28T16:20:41.8656860Z Generating micromamba run shell.
2025-02-28T16:20:41.8666798Z ##[endgroup]
2025-02-28T16:20:41.8672566Z Set environment variables.
2025-02-28T16:20:41.8676871Z ##[group]micromamba info
2025-02-28T16:20:41.8680616Z [command]/home/runner/micromamba-bin/micromamba info -r /home/runner/micromamba -n tardis
2025-02-28T16:20:41.8917912Z 
2025-02-28T16:20:41.8918974Z        libmamba version : 1.5.10
2025-02-28T16:20:41.8920015Z      micromamba version : 1.5.10
2025-02-28T16:20:41.8920667Z            curl version : libcurl/8.10.1 OpenSSL/3.3.2 zlib/1.3.1 zstd/1.5.6 libssh2/1.11.0 nghttp2/1.58.0
2025-02-28T16:20:41.8921499Z      libarchive version : libarchive 3.7.4 zlib/1.2.13 bz2lib/1.0.8 libzstd/1.5.6
2025-02-28T16:20:41.8922227Z        envs directories : /home/runner/micromamba/envs
2025-02-28T16:20:41.8922781Z           package cache : /home/runner/micromamba/pkgs
2025-02-28T16:20:41.8923266Z                           /home/runner/.mamba/pkgs
2025-02-28T16:20:41.8923717Z             environment : tardis
2025-02-28T16:20:41.8924176Z            env location : /home/runner/micromamba/envs/tardis
2025-02-28T16:20:41.8924756Z       user config files : /home/runner/.mambarc
2025-02-28T16:20:41.8925409Z  populated config files : /home/runner/work/_temp/setup-micromamba/.condarc
2025-02-28T16:20:41.8926131Z        virtual packages : __unix=0=0
2025-02-28T16:20:41.8926703Z                           __linux=6.8.0=0
2025-02-28T16:20:41.8927439Z                           __glibc=2.39=0
2025-02-28T16:20:41.8928253Z                           __archspec=1=x86_64_v3
2025-02-28T16:20:41.8929038Z                channels : https://conda.anaconda.org/conda-forge/linux-64
2025-02-28T16:20:41.8929777Z                           https://conda.anaconda.org/conda-forge/noarch
2025-02-28T16:20:41.8930869Z        base environment : /home/runner/micromamba
2025-02-28T16:20:41.8931543Z                platform : linux-64
2025-02-28T16:20:41.8939646Z ##[endgroup]
2025-02-28T16:20:41.8940328Z ##[group]micromamba list
2025-02-28T16:20:41.8942725Z [command]/home/runner/micromamba-bin/micromamba list -r /home/runner/micromamba -n tardis
2025-02-28T16:20:42.2925125Z List of packages in environment: "/home/runner/micromamba/envs/tardis"
2025-02-28T16:20:42.2945548Z 
2025-02-28T16:20:42.2945993Z   Name                           Version              Build                    Channel    
2025-02-28T16:20:42.2947157Z â”€â”€â”€â”€â”€â”€â”€â”€â”€â”€â”€â”€â”€â”€â”€â”€â”€â”€â”€â”€â”€â”€â”€â”€â”€â”€â”€â”€â”€â”€â”€â”€â”€â”€â”€â”€â”€â”€â”€â”€â”€â”€â”€â”€â”€â”€â”€â”€â”€â”€â”€â”€â”€â”€â”€â”€â”€â”€â”€â”€â”€â”€â”€â”€â”€â”€â”€â”€â”€â”€â”€â”€â”€â”€â”€â”€â”€â”€â”€â”€â”€â”€â”€â”€â”€â”€â”€â”€â”€â”€â”€â”€
2025-02-28T16:20:42.2947971Z   _libgcc_mutex                  0.1                  conda_forge              conda-forge
2025-02-28T16:20:42.2948604Z   _openmp_mutex                  4.5                  2_gnu                    conda-forge
2025-02-28T16:20:42.2949254Z   alabaster                      0.7.16               pyhd8ed1ab_0             conda-forge
2025-02-28T16:20:42.2950354Z   anyio                          4.4.0                pyhd8ed1ab_0             conda-forge
2025-02-28T16:20:42.2950997Z   argon2-cffi                    23.1.0               pyhd8ed1ab_1             conda-forge
2025-02-28T16:20:42.2951761Z   argon2-cffi-bindings           21.2.0               py312h66e93f0_5          conda-forge
2025-02-28T16:20:42.2952416Z   arrow                          1.3.0                pyhd8ed1ab_1             conda-forge
2025-02-28T16:20:42.2953108Z   astropy                        6.1.1                py312h4fc7734_1          conda-forge
2025-02-28T16:20:42.2953763Z   astropy-iers-data              0.2024.6.17.0.31.35  pyhd8ed1ab_0             conda-forge
2025-02-28T16:20:42.2954498Z   astropy-sphinx-theme           1.1                  pyhd8ed1ab_1             conda-forge
2025-02-28T16:20:42.2955169Z   asttokens                      2.4.1                pyhd8ed1ab_0             conda-forge
2025-02-28T16:20:42.2955826Z   async-lru                      2.0.4                pyhd8ed1ab_1             conda-forge
2025-02-28T16:20:42.2956413Z   atk-1.0                        2.38.0               h04ea711_2               conda-forge
2025-02-28T16:20:42.2956995Z   attrs                          23.2.0               pyh71513ae_0             conda-forge
2025-02-28T16:20:42.2957550Z   babel                          2.14.0               pyhd8ed1ab_0             conda-forge
2025-02-28T16:20:42.2958326Z   beautifulsoup4                 4.12.3               pyha770c72_1             conda-forge
2025-02-28T16:20:42.2958943Z   bleach                         6.1.0                pyhd8ed1ab_0             conda-forge
2025-02-28T16:20:42.2959501Z   blosc                          1.21.6               hef167b5_0               conda-forge
2025-02-28T16:20:42.2960067Z   brotli                         1.1.0                hb9d3cd8_2               conda-forge
2025-02-28T16:20:42.2960672Z   brotli-bin                     1.1.0                hb9d3cd8_2               conda-forge
2025-02-28T16:20:42.2961290Z   brotli-python                  1.1.0                py312h2ec8cdc_2          conda-forge
2025-02-28T16:20:42.2961883Z   bzip2                          1.0.8                h4bc722e_7               conda-forge
2025-02-28T16:20:42.2962467Z   c-ares                         1.28.1               hd590300_0               conda-forge
2025-02-28T16:20:42.2963014Z   c-blosc2                       2.15.2               h68e2383_0               conda-forge
2025-02-28T16:20:42.2963650Z   ca-certificates                2024.12.14           hbcca054_0               conda-forge
2025-02-28T16:20:42.2964321Z   cached-property                1.5.2                hd8ed1ab_1               conda-forge
2025-02-28T16:20:42.2965015Z   cached_property                1.5.2                pyha770c72_1             conda-forge
2025-02-28T16:20:42.2965623Z   cairo                          1.18.0               h3faef2a_0               conda-forge
2025-02-28T16:20:42.2966480Z   certifi                        2024.12.14           pyhd8ed1ab_0             conda-forge
2025-02-28T16:20:42.2967064Z   cffi                           1.16.0               py312hf06ca03_0          conda-forge
2025-02-28T16:20:42.2967909Z   charset-normalizer             3.3.2                pyhd8ed1ab_0             conda-forge
2025-02-28T16:20:42.2968577Z   click                          8.1.7                unix_pyh707e725_1        conda-forge
2025-02-28T16:20:42.2969267Z   codespell                      2.3.0                pyhd8ed1ab_1             conda-forge
2025-02-28T16:20:42.2970057Z   colorama                       0.4.6                pyhd8ed1ab_1             conda-forge
2025-02-28T16:20:42.2976457Z   comm                           0.2.2                pyhd8ed1ab_1             conda-forge
2025-02-28T16:20:42.2977135Z   commonmark                     0.9.1                py_0                     conda-forge
2025-02-28T16:20:42.2977999Z   contourpy                      1.2.1                py312h8572e83_0          conda-forge
2025-02-28T16:20:42.2978965Z   coverage                       7.5.3                py312h9a8786e_0          conda-forge
2025-02-28T16:20:42.2979609Z   cycler                         0.12.1               pyhd8ed1ab_1             conda-forge
2025-02-28T16:20:42.2980303Z   dataclasses                    0.8                  pyhc8e2a94_3             conda-forge
2025-02-28T16:20:42.2980999Z   debugpy                        1.8.1                py312h30efb56_0          conda-forge
2025-02-28T16:20:42.2981686Z   decorator                      5.1.1                pyhd8ed1ab_1             conda-forge
2025-02-28T16:20:42.2982414Z   defusedxml                     0.7.1                pyhd8ed1ab_0             conda-forge
2025-02-28T16:20:42.2983025Z   docutils                       0.20.1               py312h7900ff3_3          conda-forge
2025-02-28T16:20:42.2983635Z   dot2tex                        2.11.3               pyhd8ed1ab_1             conda-forge
2025-02-28T16:20:42.2984234Z   entrypoints                    0.4                  pyhd8ed1ab_1             conda-forge
2025-02-28T16:20:42.2984888Z   exceptiongroup                 1.2.0                pyhd8ed1ab_2             conda-forge
2025-02-28T16:20:42.2985569Z   executing                      2.0.1                pyhd8ed1ab_0             conda-forge
2025-02-28T16:20:42.2986154Z   expat                          2.6.2                h59595ed_0               conda-forge
2025-02-28T16:20:42.2986568Z   font-ttf-dejavu-sans-mono      2.37                 hab24e00_0               conda-forge
2025-02-28T16:20:42.2987026Z   font-ttf-inconsolata           3.000                h77eed37_0               conda-forge
2025-02-28T16:20:42.2987487Z   font-ttf-source-code-pro       2.038                h77eed37_0               conda-forge
2025-02-28T16:20:42.2988170Z   font-ttf-ubuntu                0.83                 h77eed37_3               conda-forge
2025-02-28T16:20:42.2988630Z   fontconfig                     2.14.2               h14ed4e7_0               conda-forge
2025-02-28T16:20:42.2989268Z   fonts-conda-ecosystem          1                    0                        conda-forge
2025-02-28T16:20:42.2989944Z   fonts-conda-forge              1                    0                        conda-forge
2025-02-28T16:20:42.2990577Z   fonttools                      4.53.0               py312h9a8786e_0          conda-forge
2025-02-28T16:20:42.2991157Z   fqdn                           1.5.1                pyhd8ed1ab_1             conda-forge
2025-02-28T16:20:42.2991721Z   freetype                       2.12.1               h267a509_2               conda-forge
2025-02-28T16:20:42.2992301Z   fribidi                        1.0.10               h36c2ea0_0               conda-forge
2025-02-28T16:20:42.2992875Z   future                         1.0.0                pyhd8ed1ab_1             conda-forge
2025-02-28T16:20:42.2993471Z   gdk-pixbuf                     2.42.12              hb9ae30d_0               conda-forge
2025-02-28T16:20:42.2994389Z   giflib                         5.2.2                hd590300_0               conda-forge
2025-02-28T16:20:42.2995009Z   git-lfs                        3.5.1                h647637d_1               conda-forge
2025-02-28T16:20:42.2995556Z   gmp                            6.3.0                hac33072_2               conda-forge
2025-02-28T16:20:42.2996095Z   gmpy2                          2.1.5                py312h7201bc8_3          conda-forge
2025-02-28T16:20:42.2996677Z   graphite2                      1.3.13               h59595ed_1003            conda-forge
2025-02-28T16:20:42.2997275Z   graphviz                       11.0.0               hc68bbd7_0               conda-forge
2025-02-28T16:20:42.2998047Z   gtk2                           2.24.33              h280cfa0_4               conda-forge
2025-02-28T16:20:42.2998580Z   gts                            0.7.6                h977cf35_4               conda-forge
2025-02-28T16:20:42.2999109Z   h11                            0.14.0               pyhd8ed1ab_1             conda-forge
2025-02-28T16:20:42.2999827Z   h2                             4.1.0                pyhd8ed1ab_1             conda-forge
2025-02-28T16:20:42.3000378Z   h5py                           3.11.0               nompi_py312hedeef09_103  conda-forge
2025-02-28T16:20:42.3000949Z   harfbuzz                       8.5.0                hfac3d4d_0               conda-forge
2025-02-28T16:20:42.3001523Z   hdf5                           1.14.3               nompi_hdf9ad27_105       conda-forge
2025-02-28T16:20:42.3002084Z   hpack                          4.0.0                pyhd8ed1ab_1             conda-forge
2025-02-28T16:20:42.3002670Z   httpcore                       1.0.5                pyhd8ed1ab_0             conda-forge
2025-02-28T16:20:42.3003279Z   httpx                          0.27.0               pyhd8ed1ab_0             conda-forge
2025-02-28T16:20:42.3003881Z   hyperframe                     6.0.1                pyhd8ed1ab_1             conda-forge
2025-02-28T16:20:42.3004473Z   icu                            73.2                 h59595ed_0               conda-forge
2025-02-28T16:20:42.3005009Z   idna                           3.7                  pyhd8ed1ab_0             conda-forge
2025-02-28T16:20:42.3005607Z   imagesize                      1.4.1                pyhd8ed1ab_0             conda-forge
2025-02-28T16:20:42.3006290Z   importlib-metadata             7.1.0                pyha770c72_0             conda-forge
2025-02-28T16:20:42.3006985Z   importlib_metadata             7.1.0                hd8ed1ab_0               conda-forge
2025-02-28T16:20:42.3007639Z   importlib_resources            6.4.0                pyhd8ed1ab_0             conda-forge
2025-02-28T16:20:42.3008403Z   iniconfig                      2.0.0                pyhd8ed1ab_1             conda-forge
2025-02-28T16:20:42.3008979Z   ipykernel                      6.29.4               pyh3099207_0             conda-forge
2025-02-28T16:20:42.3009534Z   ipython                        8.25.0               pyh707e725_0             conda-forge
2025-02-28T16:20:42.3010138Z   ipython_genutils               0.2.0                pyhd8ed1ab_2             conda-forge
2025-02-28T16:20:42.3010750Z   ipywidgets                     7.8.0                pyhd8ed1ab_0             conda-forge
2025-02-28T16:20:42.3011360Z   isoduration                    20.11.0              pyhd8ed1ab_1             conda-forge
2025-02-28T16:20:42.3011942Z   jedi                           0.19.1               pyhd8ed1ab_0             conda-forge
2025-02-28T16:20:42.3012473Z   jinja2                         3.1.4                pyhd8ed1ab_1             conda-forge
2025-02-28T16:20:42.3013014Z   json5                          0.9.25               pyhd8ed1ab_0             conda-forge
2025-02-28T16:20:42.3013587Z   jsonpointer                    3.0.0                py312h7900ff3_1          conda-forge
2025-02-28T16:20:42.3014199Z   jsonschema                     4.22.0               pyhd8ed1ab_0             conda-forge
2025-02-28T16:20:42.3015072Z   jsonschema-specifications      2023.12.1            pyhd8ed1ab_0             conda-forge
2025-02-28T16:20:42.3015883Z   jsonschema-with-format-nongpl  4.22.0               pyhd8ed1ab_0             conda-forge
2025-02-28T16:20:42.3016590Z   jupyter-lsp                    2.2.5                pyhd8ed1ab_1             conda-forge
2025-02-28T16:20:42.3017210Z   jupyter_client                 8.6.2                pyhd8ed1ab_0             conda-forge
2025-02-28T16:20:42.3018107Z   jupyter_core                   5.7.2                pyh31011fe_1             conda-forge
2025-02-28T16:20:42.3018724Z   jupyter_events                 0.10.0               pyhd8ed1ab_1             conda-forge
2025-02-28T16:20:42.3019344Z   jupyter_server                 2.14.1               pyhd8ed1ab_1             conda-forge
2025-02-28T16:20:42.3020026Z   jupyter_server_terminals       0.5.3                pyhd8ed1ab_1             conda-forge
2025-02-28T16:20:42.3020692Z   jupyterlab                     4.2.2                pyhd8ed1ab_0             conda-forge
2025-02-28T16:20:42.3021504Z   jupyterlab_pygments            0.3.0                pyhd8ed1ab_2             conda-forge
2025-02-28T16:20:42.3022187Z   jupyterlab_server              2.27.2               pyhd8ed1ab_0             conda-forge
2025-02-28T16:20:42.3022911Z   jupyterlab_widgets             1.1.7                pyhd8ed1ab_0             conda-forge
2025-02-28T16:20:42.3023559Z   keyutils                       1.6.1                h166bdaf_0               conda-forge
2025-02-28T16:20:42.3024240Z   kiwisolver                     1.4.5                py312h68727a3_2          conda-forge
2025-02-28T16:20:42.3024839Z   krb5                           1.21.2               h659d440_0               conda-forge
2025-02-28T16:20:42.3025426Z   latexcodec                     2.0.1                pyh9f0ad1d_0             conda-forge
2025-02-28T16:20:42.3026032Z   lcms2                          2.16                 hb7c19ff_0               conda-forge
2025-02-28T16:20:42.3026644Z   ld_impl_linux-64               2.40                 hf3520f5_7               conda-forge
2025-02-28T16:20:42.3027225Z   lerc                           4.0.0                h27087fc_0               conda-forge
2025-02-28T16:20:42.3027921Z   libaec                         1.1.3                h59595ed_0               conda-forge
2025-02-28T16:20:42.3028507Z   libblas                        3.9.0                24_linux64_openblas      conda-forge
2025-02-28T16:20:42.3029155Z   libbrotlicommon                1.1.0                hb9d3cd8_2               conda-forge
2025-02-28T16:20:42.3029826Z   libbrotlidec                   1.1.0                hb9d3cd8_2               conda-forge
2025-02-28T16:20:42.3030480Z   libbrotlienc                   1.1.0                hb9d3cd8_2               conda-forge
2025-02-28T16:20:42.3031116Z   libcblas                       3.9.0                24_linux64_openblas      conda-forge
2025-02-28T16:20:42.3031667Z   libcurl                        8.8.0                hca28451_0               conda-forge
2025-02-28T16:20:42.3032245Z   libdeflate                     1.20                 hd590300_0               conda-forge
2025-02-28T16:20:42.3032865Z   libedit                        3.1.20191231         he28a2e2_2               conda-forge
2025-02-28T16:20:42.3033461Z   libev                          4.33                 hd590300_2               conda-forge
2025-02-28T16:20:42.3034038Z   libexpat                       2.6.2                h59595ed_0               conda-forge
2025-02-28T16:20:42.3034616Z   libffi                         3.4.2                h7f98852_5               conda-forge
2025-02-28T16:20:42.3035197Z   libgcc                         14.2.0               h77fa898_1               conda-forge
2025-02-28T16:20:42.3035783Z   libgcc-ng                      14.2.0               h69a702a_1               conda-forge
2025-02-28T16:20:42.3036367Z   libgd                          2.3.3                h119a65a_9               conda-forge
2025-02-28T16:20:42.3037139Z   libgfortran-ng                 13.2.0               h69a702a_13              conda-forge
2025-02-28T16:20:42.3037934Z   libgfortran5                   13.2.0               h3d2ce59_13              conda-forge
2025-02-28T16:20:42.3038562Z   libglib                        2.80.2               h8a4344b_1               conda-forge
2025-02-28T16:20:42.3039149Z   libgomp                        14.2.0               h77fa898_1               conda-forge
2025-02-28T16:20:42.3039734Z   libiconv                       1.17                 hd590300_2               conda-forge
2025-02-28T16:20:42.3040358Z   libjpeg-turbo                  3.0.0                hd590300_1               conda-forge
2025-02-28T16:20:42.3040992Z   liblapack                      3.9.0                24_linux64_openblas      conda-forge
2025-02-28T16:20:42.3041620Z   libllvm14                      14.0.6               hcd5def8_4               conda-forge
2025-02-28T16:20:42.3042237Z   libnghttp2                     1.58.0               h47da74e_1               conda-forge
2025-02-28T16:20:42.3042997Z   libnsl                         2.0.1                hd590300_0               conda-forge
2025-02-28T16:20:42.3043632Z   libopenblas                    0.3.27               pthreads_hac2b453_1      conda-forge
2025-02-28T16:20:42.3044252Z   libpng                         1.6.43               h2797004_0               conda-forge
2025-02-28T16:20:42.3044834Z   librsvg                        2.58.1               hadf69e7_0               conda-forge
2025-02-28T16:20:42.3045415Z   libsodium                      1.0.18               h36c2ea0_1               conda-forge
2025-02-28T16:20:42.3046026Z   libsqlite                      3.46.0               hde9e2c9_0               conda-forge
2025-02-28T16:20:42.3046607Z   libssh2                        1.11.0               h0841786_0               conda-forge
2025-02-28T16:20:42.3047189Z   libstdcxx                      14.2.0               hc0a3c3a_1               conda-forge
2025-02-28T16:20:42.3047939Z   libstdcxx-ng                   14.2.0               h4852527_1               conda-forge
2025-02-28T16:20:42.3048547Z   libtiff                        4.6.0                h1dd3fc0_3               conda-forge
2025-02-28T16:20:42.3049120Z   libuuid                        2.38.1               h0b41bf4_0               conda-forge
2025-02-28T16:20:42.3049690Z   libwebp                        1.4.0                h2c329e2_0               conda-forge
2025-02-28T16:20:42.3050284Z   libwebp-base                   1.4.0                hd590300_0               conda-forge
2025-02-28T16:20:42.3050873Z   libxcb                         1.15                 h0b41bf4_0               conda-forge
2025-02-28T16:20:42.3051459Z   libxcrypt                      4.4.36               hd590300_1               conda-forge
2025-02-28T16:20:42.3052048Z   libxml2                        2.12.7               h4c95cb1_3               conda-forge
2025-02-28T16:20:42.3052621Z   libxslt                        1.1.39               h76b75d6_0               conda-forge
2025-02-28T16:20:42.3053205Z   libzlib                        1.3.1                hb9d3cd8_2               conda-forge
2025-02-28T16:20:42.3053793Z   llvmlite                       0.43.0               py312h374181b_1          conda-forge
2025-02-28T16:20:42.3054363Z   lxml                           5.2.2                py312hb90d8a5_0          conda-forge
2025-02-28T16:20:42.3054907Z   lz4-c                          1.9.4                hcb278e6_0               conda-forge
2025-02-28T16:20:42.3055432Z   lzo                            2.10                 hd590300_1001            conda-forge
2025-02-28T16:20:42.3056007Z   markupsafe                     2.1.5                py312h66e93f0_1          conda-forge
2025-02-28T16:20:42.3056654Z   matplotlib-base                3.8.4                py312h20ab3a6_2          conda-forge
2025-02-28T16:20:42.3057339Z   matplotlib-inline              0.1.7                pyhd8ed1ab_1             conda-forge
2025-02-28T16:20:42.3058298Z   mistune                        3.0.2                pyhd8ed1ab_1             conda-forge
2025-02-28T16:20:42.3058867Z   mpc                            1.3.1                h24ddda3_1               conda-forge
2025-02-28T16:20:42.3059417Z   mpfr                           4.2.1                h90cbb55_3               conda-forge
2025-02-28T16:20:42.3059976Z   mpmath                         1.3.0                pyhd8ed1ab_1             conda-forge
2025-02-28T16:20:42.3060549Z   munkres                        1.1.4                pyh9f0ad1d_0             conda-forge
2025-02-28T16:20:42.3061178Z   mypy_extensions                1.0.0                pyha770c72_1             conda-forge
2025-02-28T16:20:42.3061832Z   nbclassic                      1.1.0                pyhd8ed1ab_1             conda-forge
2025-02-28T16:20:42.3062451Z   nbclient                       0.10.0               pyhd8ed1ab_0             conda-forge
2025-02-28T16:20:42.3063070Z   nbconvert                      7.16.4               hd8ed1ab_3               conda-forge
2025-02-28T16:20:42.3063864Z   nbconvert-core                 7.16.4               pyhd8ed1ab_3             conda-forge
2025-02-28T16:20:42.3064560Z   nbconvert-pandoc               7.16.4               hd8ed1ab_3               conda-forge
2025-02-28T16:20:42.3065234Z   nbformat                       5.10.4               pyhd8ed1ab_1             conda-forge
2025-02-28T16:20:42.3065848Z   nbsphinx                       0.9.4                pyhd8ed1ab_0             conda-forge
2025-02-28T16:20:42.3066441Z   ncurses                        6.5                  he02047a_1               conda-forge
2025-02-28T16:20:42.3067053Z   nest-asyncio                   1.6.0                pyhd8ed1ab_1             conda-forge
2025-02-28T16:20:42.3067823Z   networkx                       3.3                  pyhd8ed1ab_1             conda-forge
2025-02-28T16:20:42.3068422Z   nomkl                          1.0                  h5ca1d4c_0               conda-forge
2025-02-28T16:20:42.3069002Z   notebook                       7.2.1                pyhd8ed1ab_0             conda-forge
2025-02-28T16:20:42.3069643Z   notebook-shim                  0.2.4                pyhd8ed1ab_1             conda-forge
2025-02-28T16:20:42.3070266Z   numba                          0.60.0               py312h83e6fd3_0          conda-forge
2025-02-28T16:20:42.3070846Z   numexpr                        2.10.0               py312hf412c99_100        conda-forge
2025-02-28T16:20:42.3071423Z   numpy                          2.0.2                py312h58c1407_1          conda-forge
2025-02-28T16:20:42.3072020Z   numpydoc                       1.7.0                pyhd8ed1ab_3             conda-forge
2025-02-28T16:20:42.3072625Z   openjpeg                       2.5.2                h488ebb8_0               conda-forge
2025-02-28T16:20:42.3073232Z   openssl                        3.4.0                h7b32b05_1               conda-forge
2025-02-28T16:20:42.3073837Z   overrides                      7.7.0                pyhd8ed1ab_1             conda-forge
2025-02-28T16:20:42.3074513Z   packaging                      24.1                 pyhd8ed1ab_0             conda-forge
2025-02-28T16:20:42.3075120Z   pandas                         2.2.2                py312h1d6d2e6_1          conda-forge
2025-02-28T16:20:42.3075715Z   pandoc                         3.2.1                ha770c72_0               conda-forge
2025-02-28T16:20:42.3076335Z   pandocfilters                  1.5.0                pyhd8ed1ab_0             conda-forge
2025-02-28T16:20:42.3076967Z   pango                          1.54.0               h84a9a3c_0               conda-forge
2025-02-28T16:20:42.3077532Z   parso                          0.8.4                pyhd8ed1ab_1             conda-forge
2025-02-28T16:20:42.3078267Z   pathspec                       0.12.1               pyhd8ed1ab_1             conda-forge
2025-02-28T16:20:42.3078842Z   pbr                            6.0.0                pyhd8ed1ab_0             conda-forge
2025-02-28T16:20:42.3079397Z   pcre2                          10.44                hba22ea6_2               conda-forge
2025-02-28T16:20:42.3080146Z   pexpect                        4.9.0                pyhd8ed1ab_1             conda-forge
2025-02-28T16:20:42.3080777Z   pickleshare                    0.7.5                pyhd8ed1ab_1004          conda-forge
2025-02-28T16:20:42.3081404Z   pillow                         10.3.0               py312hdcec9eb_0          conda-forge
2025-02-28T16:20:42.3081972Z   pip                            24.0                 pyhd8ed1ab_0             conda-forge
2025-02-28T16:20:42.3082541Z   pixman                         0.43.2               h59595ed_0               conda-forge
2025-02-28T16:20:42.3083195Z   pkgutil-resolve-name           1.3.10               pyhd8ed1ab_2             conda-forge
2025-02-28T16:20:42.3083909Z   platformdirs                   4.2.2                pyhd8ed1ab_0             conda-forge
2025-02-28T16:20:42.3084532Z   plotly                         5.22.0               pyhd8ed1ab_0             conda-forge
2025-02-28T16:20:42.3085285Z   pluggy                         1.5.0                pyhd8ed1ab_1             conda-forge
2025-02-28T16:20:42.3085914Z   prometheus_client              0.20.0               pyhd8ed1ab_0             conda-forge
2025-02-28T16:20:42.3086584Z   prompt-toolkit                 3.0.47               pyha770c72_0             conda-forge
2025-02-28T16:20:42.3087217Z   psutil                         5.9.8                py312h98912ed_0          conda-forge
2025-02-28T16:20:42.3087953Z   pthread-stubs                  0.4                  hb9d3cd8_1002            conda-forge
2025-02-28T16:20:42.3088588Z   ptyprocess                     0.7.0                pyhd8ed1ab_1             conda-forge
2025-02-28T16:20:42.3089207Z   pure_eval                      0.2.2                pyhd8ed1ab_0             conda-forge
2025-02-28T16:20:42.3089792Z   py-cpuinfo                     9.0.0                pyhd8ed1ab_1             conda-forge
2025-02-28T16:20:42.3090365Z   pybtex                         0.24.0               pyhd8ed1ab_3             conda-forge
2025-02-28T16:20:42.3090981Z   pybtex-docutils                1.0.3                py312h7900ff3_2          conda-forge
2025-02-28T16:20:42.3091589Z   pycparser                      2.22                 pyh29332c3_1             conda-forge
2025-02-28T16:20:42.3092155Z   pyerfa                         2.0.1.4              py312hc0a28a1_2          conda-forge
2025-02-28T16:20:42.3092720Z   pygments                       2.18.0               pyhd8ed1ab_1             conda-forge
2025-02-28T16:20:42.3093295Z   pygraphviz                     1.13                 py312h4a1d8a7_1          conda-forge
2025-02-28T16:20:42.3093899Z   pyparsing                      3.1.2                pyhd8ed1ab_0             conda-forge
2025-02-28T16:20:42.3094482Z   pysocks                        1.7.1                pyha55dd90_7             conda-forge
2025-02-28T16:20:42.3095044Z   pytables                       3.10.2               py312h2895ec7_0          conda-forge
2025-02-28T16:20:42.3095616Z   pytest                         8.2.2                pyhd8ed1ab_0             conda-forge
2025-02-28T16:20:42.3096190Z   pytest-cov                     5.0.0                pyhd8ed1ab_0             conda-forge
2025-02-28T16:20:42.3096827Z   pytest-doctestplus             1.2.1                pyhd8ed1ab_0             conda-forge
2025-02-28T16:20:42.3097467Z   pytest-html                    4.1.1                pyhd8ed1ab_1             conda-forge
2025-02-28T16:20:42.3098228Z   pytest-metadata                3.1.1                pyhd8ed1ab_1             conda-forge
2025-02-28T16:20:42.3098821Z   python                         3.12.4               h194c7f8_0_cpython       conda-forge
2025-02-28T16:20:42.3099442Z   python-dateutil                2.9.0.post0          pyhff2d567_1             conda-forge
2025-02-28T16:20:42.3100157Z   python-fastjsonschema          2.20.0               pyhd8ed1ab_0             conda-forge
2025-02-28T16:20:42.3100871Z   python-json-logger             2.0.7                pyhd8ed1ab_0             conda-forge
2025-02-28T16:20:42.3101701Z   python-tzdata                  2024.1               pyhd8ed1ab_0             conda-forge
2025-02-28T16:20:42.3102319Z   python_abi                     3.12                 5_cp312                  conda-forge
2025-02-28T16:20:42.3102917Z   pytz                           2024.1               pyhd8ed1ab_0             conda-forge
2025-02-28T16:20:42.3103494Z   pyyaml                         6.0.1                py312h98912ed_1          conda-forge
2025-02-28T16:20:42.3104080Z   pyzmq                          26.0.3               py312h8fd38d8_0          conda-forge
2025-02-28T16:20:42.3104645Z   qgrid                          1.3.1                pyhd8ed1ab_4             conda-forge
2025-02-28T16:20:42.3105298Z   radioactivedecay               0.5.1                pyhd8ed1ab_1             conda-forge
2025-02-28T16:20:42.3105954Z   readline                       8.2                  h8228510_1               conda-forge
2025-02-28T16:20:42.3106743Z   recommonmark                   0.7.1                pyhd8ed1ab_1             conda-forge
2025-02-28T16:20:42.3107409Z   referencing                    0.35.1               pyhd8ed1ab_1             conda-forge
2025-02-28T16:20:42.3108181Z   requests                       2.32.3               pyhd8ed1ab_1             conda-forge
2025-02-28T16:20:42.3108840Z   rfc3339-validator              0.1.4                pyhd8ed1ab_1             conda-forge
2025-02-28T16:20:42.3109529Z   rfc3986-validator              0.1.1                pyh9f0ad1d_0             conda-forge
2025-02-28T16:20:42.3110173Z   rpds-py                        0.18.1               py312h4413252_0          conda-forge
2025-02-28T16:20:42.3110739Z   ruff                           0.4.9                py312h5715c7c_0          conda-forge
2025-02-28T16:20:42.3111311Z   scipy                          1.13.1               py312hc2bc53b_0          conda-forge
2025-02-28T16:20:42.3111905Z   send2trash                     1.8.3                pyh0d859eb_1             conda-forge
2025-02-28T16:20:42.3112563Z   setuptools                     70.0.0               pyhd8ed1ab_0             conda-forge
2025-02-28T16:20:42.3113221Z   setuptools-scm                 8.1.0                pyhd8ed1ab_1             conda-forge
2025-02-28T16:20:42.3113882Z   setuptools_scm                 8.1.0                hd8ed1ab_1               conda-forge
2025-02-28T16:20:42.3114482Z   six                            1.16.0               pyhd8ed1ab_1             conda-forge
2025-02-28T16:20:42.3115070Z   snakeviz                       2.2.0                pyhd8ed1ab_0             conda-forge
2025-02-28T16:20:42.3115663Z   snappy                         1.2.0                hdb0a2a9_1               conda-forge
2025-02-28T16:20:42.3116256Z   sniffio                        1.3.1                pyhd8ed1ab_1             conda-forge
2025-02-28T16:20:42.3116905Z   snowballstemmer                2.2.0                pyhd8ed1ab_0             conda-forge
2025-02-28T16:20:42.3117574Z   soupsieve                      2.5                  pyhd8ed1ab_1             conda-forge
2025-02-28T16:20:42.3118314Z   sphinx                         7.3.7                pyhd8ed1ab_0             conda-forge
2025-02-28T16:20:42.3118934Z   sphinx-astropy                 1.9.1                pyhd8ed1ab_1             conda-forge
2025-02-28T16:20:42.3119615Z   sphinx-automodapi              0.17.0               pyh717bed2_1             conda-forge
2025-02-28T16:20:42.3120322Z   sphinx-gallery                 0.16.0               pyhd8ed1ab_0             conda-forge
2025-02-28T16:20:42.3121025Z   sphinx-jsonschema              1.19.1               pyhd8ed1ab_1             conda-forge
2025-02-28T16:20:42.3121763Z   sphinx_bootstrap_theme         0.8.1                pyhd8ed1ab_1             conda-forge
2025-02-28T16:20:42.3122471Z   sphinx_rtd_theme               2.0.0                pyha770c72_0             conda-forge
2025-02-28T16:20:42.3123211Z   sphinxcontrib-apidoc           0.3.0                py_1                     conda-forge
2025-02-28T16:20:42.3124142Z   sphinxcontrib-applehelp        1.0.8                pyhd8ed1ab_0             conda-forge
2025-02-28T16:20:42.3124924Z   sphinxcontrib-bibtex           2.6.2                pyhd8ed1ab_0             conda-forge
2025-02-28T16:20:42.3125681Z   sphinxcontrib-devhelp          1.0.6                pyhd8ed1ab_0             conda-forge
2025-02-28T16:20:42.3126462Z   sphinxcontrib-htmlhelp         2.0.5                pyhd8ed1ab_0             conda-forge
2025-02-28T16:20:42.3127200Z   sphinxcontrib-jquery           4.1                  pyhd8ed1ab_1             conda-forge
2025-02-28T16:20:42.3128070Z   sphinxcontrib-jsmath           1.0.1                pyhd8ed1ab_1             conda-forge
2025-02-28T16:20:42.3128801Z   sphinxcontrib-qthelp           1.0.7                pyhd8ed1ab_0             conda-forge
2025-02-28T16:20:42.3129545Z   sphinxcontrib-serializinghtml  1.1.10               pyhd8ed1ab_1             conda-forge
2025-02-28T16:20:42.3130254Z   stack_data                     0.6.2                pyhd8ed1ab_0             conda-forge
2025-02-28T16:20:42.3130993Z   sympy                          1.12.1               pypyh2585a3b_103         conda-forge
2025-02-28T16:20:42.3131542Z   tabulate                       0.9.0                pyhd8ed1ab_2             conda-forge
2025-02-28T16:20:42.3132106Z   tenacity                       8.4.1                pyhd8ed1ab_0             conda-forge
2025-02-28T16:20:42.3132691Z   terminado                      0.18.1               pyh0d859eb_0             conda-forge
2025-02-28T16:20:42.3133269Z   tinycss2                       1.3.0                pyhd8ed1ab_0             conda-forge
2025-02-28T16:20:42.3133846Z   tk                             8.6.13               noxft_h4845f30_101       conda-forge
2025-02-28T16:20:42.3134388Z   toml                           0.10.2               pyhd8ed1ab_1             conda-forge
2025-02-28T16:20:42.3134941Z   tomli                          2.0.1                pyhd8ed1ab_0             conda-forge
2025-02-28T16:20:42.3135544Z   tornado                        6.4.1                py312h66e93f0_1          conda-forge
2025-02-28T16:20:42.3136085Z   tqdm                           4.66.4               pyhd8ed1ab_0             conda-forge
2025-02-28T16:20:42.3136652Z   traitlets                      5.14.3               pyhd8ed1ab_1             conda-forge
2025-02-28T16:20:42.3137223Z   typed-ast                      1.5.5                py312h98912ed_1          conda-forge
2025-02-28T16:20:42.3138074Z   types-python-dateutil          2.9.0.20240316       pyhd8ed1ab_0             conda-forge
2025-02-28T16:20:42.3138785Z   typing-extensions              4.12.2               hd8ed1ab_1               conda-forge
2025-02-28T16:20:42.3139383Z   typing_extensions              4.12.2               pyha770c72_1             conda-forge
2025-02-28T16:20:42.3139778Z   typing_utils                   0.1.0                pyhd8ed1ab_1             conda-forge
2025-02-28T16:20:42.3140144Z   tzdata                         2024a                h8827d51_1               conda-forge
2025-02-28T16:20:42.3140515Z   uri-template                   1.3.0                pyhd8ed1ab_1             conda-forge
2025-02-28T16:20:42.3140875Z   urllib3                        2.2.2                pyhd8ed1ab_1             conda-forge
2025-02-28T16:20:42.3141220Z   wcwidth                        0.2.13               pyhd8ed1ab_1             conda-forge
2025-02-28T16:20:42.3141575Z   webcolors                      24.6.0               pyhd8ed1ab_0             conda-forge
2025-02-28T16:20:42.3141957Z   webencodings                   0.5.1                pyhd8ed1ab_3             conda-forge
2025-02-28T16:20:42.3142357Z   websocket-client               1.8.0                pyhd8ed1ab_1             conda-forge
2025-02-28T16:20:42.3142735Z   wheel                          0.43.0               pyhd8ed1ab_1             conda-forge
2025-02-28T16:20:42.3143115Z   widgetsnbextension             3.6.6                pyhd8ed1ab_0             conda-forge
2025-02-28T16:20:42.3143684Z   xorg-kbproto                   1.0.7                hb9d3cd8_1003            conda-forge
2025-02-28T16:20:42.3144067Z   xorg-libice                    1.1.1                hb9d3cd8_1               conda-forge
2025-02-28T16:20:42.3144427Z   xorg-libsm                     1.2.4                he73a12e_1               conda-forge
2025-02-28T16:20:42.3144783Z   xorg-libx11                    1.8.9                h8ee46fc_0               conda-forge
2025-02-28T16:20:42.3145146Z   xorg-libxau                    1.0.11               hb9d3cd8_1               conda-forge
2025-02-28T16:20:42.3145516Z   xorg-libxdmcp                  1.1.3                hb9d3cd8_2               conda-forge
2025-02-28T16:20:42.3145886Z   xorg-libxext                   1.3.4                h0b41bf4_2               conda-forge
2025-02-28T16:20:42.3146274Z   xorg-libxrender                0.9.11               hd590300_0               conda-forge
2025-02-28T16:20:42.3146674Z   xorg-renderproto               0.11.1               hb9d3cd8_1003            conda-forge
2025-02-28T16:20:42.3147191Z   xorg-xextproto                 7.3.0                hb9d3cd8_1004            conda-forge
2025-02-28T16:20:42.3147568Z   xorg-xproto                    7.0.31               hb9d3cd8_1008            conda-forge
2025-02-28T16:20:42.3148149Z   xz                             5.2.6                h166bdaf_0               conda-forge
2025-02-28T16:20:42.3148462Z   yaml                           0.2.5                h7f98852_2               conda-forge
2025-02-28T16:20:42.3148786Z   zeromq                         4.3.5                h75354e8_4               conda-forge
2025-02-28T16:20:42.3149115Z   zipp                           3.19.2               pyhd8ed1ab_0             conda-forge
2025-02-28T16:20:42.3149437Z   zlib                           1.3.1                hb9d3cd8_2               conda-forge
2025-02-28T16:20:42.3149760Z   zlib-ng                        2.2.3                h7955e40_0               conda-forge
2025-02-28T16:20:42.3150120Z   zstandard                      0.23.0               py312hef9b889_1          conda-forge
2025-02-28T16:20:42.3150469Z   zstd                           1.5.6                ha6fb4c9_0               conda-forge
2025-02-28T16:20:42.3150988Z ##[endgroup]
2025-02-28T16:20:42.3186047Z ##[group]Run pip install -e . --user
2025-02-28T16:20:42.3186378Z [36;1mpip install -e . --user[0m
2025-02-28T16:20:42.3234687Z shell: /usr/bin/bash -l {0}
2025-02-28T16:20:42.3234936Z env:
2025-02-28T16:20:42.3235121Z   CACHE_NUMBER: 0
2025-02-28T16:20:42.3235768Z   PYTEST_FLAGS: --tardis-regression-data=/home/runner/work/tardis/tardis/tardis-regression-data --cov=tardis --cov-report=xml --cov-report=html --cov-append
2025-02-28T16:20:42.3236441Z   CODECOV_TOKEN: 
2025-02-28T16:20:42.3236665Z   MAMBA_ROOT_PREFIX: /home/runner/micromamba
2025-02-28T16:20:42.3236977Z   MAMBA_EXE: /home/runner/micromamba-bin/micromamba
2025-02-28T16:20:42.3237325Z   CONDARC: /home/runner/work/_temp/setup-micromamba/.condarc
2025-02-28T16:20:42.3237648Z ##[endgroup]
2025-02-28T16:20:43.0455778Z Obtaining file:///home/runner/work/tardis/tardis
2025-02-28T16:20:43.0491265Z   Installing build dependencies: started
2025-02-28T16:20:45.8542493Z   Installing build dependencies: finished with status 'done'
2025-02-28T16:20:45.8548387Z   Checking if build backend supports build_editable: started
2025-02-28T16:20:45.9826209Z   Checking if build backend supports build_editable: finished with status 'done'
2025-02-28T16:20:45.9835240Z   Getting requirements to build editable: started
2025-02-28T16:20:46.4762321Z   Getting requirements to build editable: finished with status 'done'
2025-02-28T16:20:46.4771137Z   Preparing editable metadata (pyproject.toml): started
2025-02-28T16:20:46.9421351Z   Preparing editable metadata (pyproject.toml): finished with status 'done'
2025-02-28T16:20:47.0029569Z Requirement already satisfied: astropy in /home/runner/micromamba/envs/tardis/lib/python3.12/site-packages (from tardis==0.0.0) (6.1.1)
2025-02-28T16:20:47.0452356Z Requirement already satisfied: numpy>=1.23 in /home/runner/micromamba/envs/tardis/lib/python3.12/site-packages (from astropy->tardis==0.0.0) (2.0.2)
2025-02-28T16:20:47.0462531Z Requirement already satisfied: pyerfa>=2.0.1.1 in /home/runner/micromamba/envs/tardis/lib/python3.12/site-packages (from astropy->tardis==0.0.0) (2.0.1.4)
2025-02-28T16:20:47.0473970Z Requirement already satisfied: astropy-iers-data>=0.2024.5.27.0.30.8 in /home/runner/micromamba/envs/tardis/lib/python3.12/site-packages (from astropy->tardis==0.0.0) (0.2024.6.17.0.31.35)
2025-02-28T16:20:47.0484248Z Requirement already satisfied: PyYAML>=3.13 in /home/runner/micromamba/envs/tardis/lib/python3.12/site-packages (from astropy->tardis==0.0.0) (6.0.1)
2025-02-28T16:20:47.0493409Z Requirement already satisfied: packaging>=19.0 in /home/runner/micromamba/envs/tardis/lib/python3.12/site-packages (from astropy->tardis==0.0.0) (24.1)
2025-02-28T16:20:47.0589196Z Building wheels for collected packages: tardis
2025-02-28T16:20:47.0597249Z   Building editable for tardis (pyproject.toml): started
2025-02-28T16:20:47.8334887Z   Building editable for tardis (pyproject.toml): finished with status 'done'
2025-02-28T16:20:47.8342049Z   Created wheel for tardis: filename=tardis-0.0.0-0.editable-py3-none-any.whl size=8877 sha256=9ecae522be8cb5837d1734948414d3b63b951800996ba641331160b86750e909
2025-02-28T16:20:47.8343701Z   Stored in directory: /tmp/pip-ephem-wheel-cache-hwkwfpq9/wheels/6a/c7/ae/89fa6dc2565455898176888ef0e2e475e4e90eb0124afcb995
2025-02-28T16:20:47.8370588Z Successfully built tardis
2025-02-28T16:20:48.6312735Z Installing collected packages: tardis
2025-02-28T16:20:48.6404671Z Successfully installed tardis-0.0.0
2025-02-28T16:20:48.8530759Z ##[group]Run pip install qgridnext
2025-02-28T16:20:48.8531113Z [36;1mpip install qgridnext[0m
2025-02-28T16:20:48.8576272Z shell: /usr/bin/bash -l {0}
2025-02-28T16:20:48.8576530Z env:
2025-02-28T16:20:48.8576704Z   CACHE_NUMBER: 0
2025-02-28T16:20:48.8577349Z   PYTEST_FLAGS: --tardis-regression-data=/home/runner/work/tardis/tardis/tardis-regression-data --cov=tardis --cov-report=xml --cov-report=html --cov-append
2025-02-28T16:20:48.8578222Z   CODECOV_TOKEN: 
2025-02-28T16:20:48.8578450Z   MAMBA_ROOT_PREFIX: /home/runner/micromamba
2025-02-28T16:20:48.8578753Z   MAMBA_EXE: /home/runner/micromamba-bin/micromamba
2025-02-28T16:20:48.8579106Z   CONDARC: /home/runner/work/_temp/setup-micromamba/.condarc
2025-02-28T16:20:48.8579412Z ##[endgroup]
2025-02-28T16:20:49.5101941Z Collecting qgridnext
2025-02-28T16:20:49.5400678Z   Downloading qgridnext-2.0.4-py3-none-any.whl.metadata (9.9 kB)
2025-02-28T16:20:49.5490887Z Requirement already satisfied: pandas>=0.20.0 in /home/runner/micromamba/envs/tardis/lib/python3.12/site-packages (from qgridnext) (2.2.2)
2025-02-28T16:20:49.5499659Z Requirement already satisfied: ipywidgets>=7.0.0 in /home/runner/micromamba/envs/tardis/lib/python3.12/site-packages (from qgridnext) (7.8.0)
2025-02-28T16:20:49.5508352Z Requirement already satisfied: numpy in /home/runner/micromamba/envs/tardis/lib/python3.12/site-packages (from qgridnext) (2.0.2)
2025-02-28T16:20:49.5518357Z Requirement already satisfied: traitlets in /home/runner/micromamba/envs/tardis/lib/python3.12/site-packages (from qgridnext) (5.14.3)
2025-02-28T16:20:49.5608687Z Requirement already satisfied: comm>=0.1.3 in /home/runner/micromamba/envs/tardis/lib/python3.12/site-packages (from ipywidgets>=7.0.0->qgridnext) (0.2.2)
2025-02-28T16:20:49.5616881Z Requirement already satisfied: ipython-genutils~=0.2.0 in /home/runner/micromamba/envs/tardis/lib/python3.12/site-packages (from ipywidgets>=7.0.0->qgridnext) (0.2.0)
2025-02-28T16:20:49.5630063Z Requirement already satisfied: widgetsnbextension~=3.6.5 in /home/runner/micromamba/envs/tardis/lib/python3.12/site-packages (from ipywidgets>=7.0.0->qgridnext) (3.6.6)
2025-02-28T16:20:49.5648606Z Requirement already satisfied: ipython>=4.0.0 in /home/runner/micromamba/envs/tardis/lib/python3.12/site-packages (from ipywidgets>=7.0.0->qgridnext) (8.25.0)
2025-02-28T16:20:49.5663246Z Requirement already satisfied: jupyterlab-widgets<3,>=1.0.0 in /home/runner/micromamba/envs/tardis/lib/python3.12/site-packages (from ipywidgets>=7.0.0->qgridnext) (1.1.7)
2025-02-28T16:20:49.6125042Z Requirement already satisfied: python-dateutil>=2.8.2 in /home/runner/micromamba/envs/tardis/lib/python3.12/site-packages (from pandas>=0.20.0->qgridnext) (2.9.0.post0)
2025-02-28T16:20:49.6139839Z Requirement already satisfied: pytz>=2020.1 in /home/runner/micromamba/envs/tardis/lib/python3.12/site-packages (from pandas>=0.20.0->qgridnext) (2024.1)
2025-02-28T16:20:49.6148652Z Requirement already satisfied: tzdata>=2022.7 in /home/runner/micromamba/envs/tardis/lib/python3.12/site-packages (from pandas>=0.20.0->qgridnext) (2024.1)
2025-02-28T16:20:49.6487394Z Requirement already satisfied: decorator in /home/runner/micromamba/envs/tardis/lib/python3.12/site-packages (from ipython>=4.0.0->ipywidgets>=7.0.0->qgridnext) (5.1.1)
2025-02-28T16:20:49.6503972Z Requirement already satisfied: jedi>=0.16 in /home/runner/micromamba/envs/tardis/lib/python3.12/site-packages (from ipython>=4.0.0->ipywidgets>=7.0.0->qgridnext) (0.19.1)
2025-02-28T16:20:49.6514129Z Requirement already satisfied: matplotlib-inline in /home/runner/micromamba/envs/tardis/lib/python3.12/site-packages (from ipython>=4.0.0->ipywidgets>=7.0.0->qgridnext) (0.1.7)
2025-02-28T16:20:49.6526414Z Requirement already satisfied: prompt-toolkit<3.1.0,>=3.0.41 in /home/runner/micromamba/envs/tardis/lib/python3.12/site-packages (from ipython>=4.0.0->ipywidgets>=7.0.0->qgridnext) (3.0.47)
2025-02-28T16:20:49.6536340Z Requirement already satisfied: pygments>=2.4.0 in /home/runner/micromamba/envs/tardis/lib/python3.12/site-packages (from ipython>=4.0.0->ipywidgets>=7.0.0->qgridnext) (2.18.0)
2025-02-28T16:20:49.6547212Z Requirement already satisfied: stack-data in /home/runner/micromamba/envs/tardis/lib/python3.12/site-packages (from ipython>=4.0.0->ipywidgets>=7.0.0->qgridnext) (0.6.2)
2025-02-28T16:20:49.6568413Z Requirement already satisfied: pexpect>4.3 in /home/runner/micromamba/envs/tardis/lib/python3.12/site-packages (from ipython>=4.0.0->ipywidgets>=7.0.0->qgridnext) (4.9.0)
2025-02-28T16:20:49.6623355Z Requirement already satisfied: six>=1.5 in /home/runner/micromamba/envs/tardis/lib/python3.12/site-packages (from python-dateutil>=2.8.2->pandas>=0.20.0->qgridnext) (1.16.0)
2025-02-28T16:20:49.6683984Z Requirement already satisfied: notebook>=4.4.1 in /home/runner/micromamba/envs/tardis/lib/python3.12/site-packages (from widgetsnbextension~=3.6.5->ipywidgets>=7.0.0->qgridnext) (7.2.1)
2025-02-28T16:20:49.6880438Z Requirement already satisfied: parso<0.9.0,>=0.8.3 in /home/runner/micromamba/envs/tardis/lib/python3.12/site-packages (from jedi>=0.16->ipython>=4.0.0->ipywidgets>=7.0.0->qgridnext) (0.8.4)
2025-02-28T16:20:49.7030969Z Requirement already satisfied: jupyter-server<3,>=2.4.0 in /home/runner/micromamba/envs/tardis/lib/python3.12/site-packages (from notebook>=4.4.1->widgetsnbextension~=3.6.5->ipywidgets>=7.0.0->qgridnext) (2.14.1)
2025-02-28T16:20:49.7044767Z Requirement already satisfied: jupyterlab-server<3,>=2.27.1 in /home/runner/micromamba/envs/tardis/lib/python3.12/site-packages (from notebook>=4.4.1->widgetsnbextension~=3.6.5->ipywidgets>=7.0.0->qgridnext) (2.27.2)
2025-02-28T16:20:49.7060785Z Requirement already satisfied: jupyterlab<4.3,>=4.2.0 in /home/runner/micromamba/envs/tardis/lib/python3.12/site-packages (from notebook>=4.4.1->widgetsnbextension~=3.6.5->ipywidgets>=7.0.0->qgridnext) (4.2.2)
2025-02-28T16:20:49.7071958Z Requirement already satisfied: notebook-shim<0.3,>=0.2 in /home/runner/micromamba/envs/tardis/lib/python3.12/site-packages (from notebook>=4.4.1->widgetsnbextension~=3.6.5->ipywidgets>=7.0.0->qgridnext) (0.2.4)
2025-02-28T16:20:49.7081252Z Requirement already satisfied: tornado>=6.2.0 in /home/runner/micromamba/envs/tardis/lib/python3.12/site-packages (from notebook>=4.4.1->widgetsnbextension~=3.6.5->ipywidgets>=7.0.0->qgridnext) (6.4.1)
2025-02-28T16:20:49.7113103Z Requirement already satisfied: ptyprocess>=0.5 in /home/runner/micromamba/envs/tardis/lib/python3.12/site-packages (from pexpect>4.3->ipython>=4.0.0->ipywidgets>=7.0.0->qgridnext) (0.7.0)
2025-02-28T16:20:49.7143750Z Requirement already satisfied: wcwidth in /home/runner/micromamba/envs/tardis/lib/python3.12/site-packages (from prompt-toolkit<3.1.0,>=3.0.41->ipython>=4.0.0->ipywidgets>=7.0.0->qgridnext) (0.2.13)
2025-02-28T16:20:49.7286383Z Requirement already satisfied: executing>=1.2.0 in /home/runner/micromamba/envs/tardis/lib/python3.12/site-packages (from stack-data->ipython>=4.0.0->ipywidgets>=7.0.0->qgridnext) (2.0.1)
2025-02-28T16:20:49.7296600Z Requirement already satisfied: asttokens>=2.1.0 in /home/runner/micromamba/envs/tardis/lib/python3.12/site-packages (from stack-data->ipython>=4.0.0->ipywidgets>=7.0.0->qgridnext) (2.4.1)
2025-02-28T16:20:49.7305407Z Requirement already satisfied: pure-eval in /home/runner/micromamba/envs/tardis/lib/python3.12/site-packages (from stack-data->ipython>=4.0.0->ipywidgets>=7.0.0->qgridnext) (0.2.2)
2025-02-28T16:20:49.7656792Z Requirement already satisfied: anyio>=3.1.0 in /home/runner/micromamba/envs/tardis/lib/python3.12/site-packages (from jupyter-server<3,>=2.4.0->notebook>=4.4.1->widgetsnbextension~=3.6.5->ipywidgets>=7.0.0->qgridnext) (4.4.0)
2025-02-28T16:20:49.7668086Z Requirement already satisfied: argon2-cffi>=21.1 in /home/runner/micromamba/envs/tardis/lib/python3.12/site-packages (from jupyter-server<3,>=2.4.0->notebook>=4.4.1->widgetsnbextension~=3.6.5->ipywidgets>=7.0.0->qgridnext) (23.1.0)
2025-02-28T16:20:49.7678170Z Requirement already satisfied: jinja2>=3.0.3 in /home/runner/micromamba/envs/tardis/lib/python3.12/site-packages (from jupyter-server<3,>=2.4.0->notebook>=4.4.1->widgetsnbextension~=3.6.5->ipywidgets>=7.0.0->qgridnext) (3.1.4)
2025-02-28T16:20:49.7690853Z Requirement already satisfied: jupyter-client>=7.4.4 in /home/runner/micromamba/envs/tardis/lib/python3.12/site-packages (from jupyter-server<3,>=2.4.0->notebook>=4.4.1->widgetsnbextension~=3.6.5->ipywidgets>=7.0.0->qgridnext) (8.6.2)
2025-02-28T16:20:49.7703617Z Requirement already satisfied: jupyter-core!=5.0.*,>=4.12 in /home/runner/micromamba/envs/tardis/lib/python3.12/site-packages (from jupyter-server<3,>=2.4.0->notebook>=4.4.1->widgetsnbextension~=3.6.5->ipywidgets>=7.0.0->qgridnext) (5.7.2)
2025-02-28T16:20:49.7715774Z Requirement already satisfied: jupyter-events>=0.9.0 in /home/runner/micromamba/envs/tardis/lib/python3.12/site-packages (from jupyter-server<3,>=2.4.0->notebook>=4.4.1->widgetsnbextension~=3.6.5->ipywidgets>=7.0.0->qgridnext) (0.10.0)
2025-02-28T16:20:49.7727961Z Requirement already satisfied: jupyter-server-terminals>=0.4.4 in /home/runner/micromamba/envs/tardis/lib/python3.12/site-packages (from jupyter-server<3,>=2.4.0->notebook>=4.4.1->widgetsnbextension~=3.6.5->ipywidgets>=7.0.0->qgridnext) (0.5.3)
2025-02-28T16:20:49.7742616Z Requirement already satisfied: nbconvert>=6.4.4 in /home/runner/micromamba/envs/tardis/lib/python3.12/site-packages (from jupyter-server<3,>=2.4.0->notebook>=4.4.1->widgetsnbextension~=3.6.5->ipywidgets>=7.0.0->qgridnext) (7.16.4)
2025-02-28T16:20:49.7753813Z Requirement already satisfied: nbformat>=5.3.0 in /home/runner/micromamba/envs/tardis/lib/python3.12/site-packages (from jupyter-server<3,>=2.4.0->notebook>=4.4.1->widgetsnbextension~=3.6.5->ipywidgets>=7.0.0->qgridnext) (5.10.4)
2025-02-28T16:20:49.7764204Z Requirement already satisfied: overrides>=5.0 in /home/runner/micromamba/envs/tardis/lib/python3.12/site-packages (from jupyter-server<3,>=2.4.0->notebook>=4.4.1->widgetsnbextension~=3.6.5->ipywidgets>=7.0.0->qgridnext) (7.7.0)
2025-02-28T16:20:49.7780901Z Requirement already satisfied: packaging>=22.0 in /home/runner/micromamba/envs/tardis/lib/python3.12/site-packages (from jupyter-server<3,>=2.4.0->notebook>=4.4.1->widgetsnbextension~=3.6.5->ipywidgets>=7.0.0->qgridnext) (24.1)
2025-02-28T16:20:49.7785295Z Requirement already satisfied: prometheus-client>=0.9 in /home/runner/micromamba/envs/tardis/lib/python3.12/site-packages (from jupyter-server<3,>=2.4.0->notebook>=4.4.1->widgetsnbextension~=3.6.5->ipywidgets>=7.0.0->qgridnext) (0.20.0)
2025-02-28T16:20:49.7802731Z Requirement already satisfied: pyzmq>=24 in /home/runner/micromamba/envs/tardis/lib/python3.12/site-packages (from jupyter-server<3,>=2.4.0->notebook>=4.4.1->widgetsnbextension~=3.6.5->ipywidgets>=7.0.0->qgridnext) (26.0.3)
2025-02-28T16:20:49.7817048Z Requirement already satisfied: send2trash>=1.8.2 in /home/runner/micromamba/envs/tardis/lib/python3.12/site-packages (from jupyter-server<3,>=2.4.0->notebook>=4.4.1->widgetsnbextension~=3.6.5->ipywidgets>=7.0.0->qgridnext) (1.8.3)
2025-02-28T16:20:49.7835718Z Requirement already satisfied: terminado>=0.8.3 in /home/runner/micromamba/envs/tardis/lib/python3.12/site-packages (from jupyter-server<3,>=2.4.0->notebook>=4.4.1->widgetsnbextension~=3.6.5->ipywidgets>=7.0.0->qgridnext) (0.18.1)
2025-02-28T16:20:49.7858722Z Requirement already satisfied: websocket-client>=1.7 in /home/runner/micromamba/envs/tardis/lib/python3.12/site-packages (from jupyter-server<3,>=2.4.0->notebook>=4.4.1->widgetsnbextension~=3.6.5->ipywidgets>=7.0.0->qgridnext) (1.8.0)
2025-02-28T16:20:49.8154910Z Requirement already satisfied: async-lru>=1.0.0 in /home/runner/micromamba/envs/tardis/lib/python3.12/site-packages (from jupyterlab<4.3,>=4.2.0->notebook>=4.4.1->widgetsnbextension~=3.6.5->ipywidgets>=7.0.0->qgridnext) (2.0.4)
2025-02-28T16:20:49.8166851Z Requirement already satisfied: httpx>=0.25.0 in /home/runner/micromamba/envs/tardis/lib/python3.12/site-packages (from jupyterlab<4.3,>=4.2.0->notebook>=4.4.1->widgetsnbextension~=3.6.5->ipywidgets>=7.0.0->qgridnext) (0.27.0)
2025-02-28T16:20:49.8179023Z Requirement already satisfied: ipykernel>=6.5.0 in /home/runner/micromamba/envs/tardis/lib/python3.12/site-packages (from jupyterlab<4.3,>=4.2.0->notebook>=4.4.1->widgetsnbextension~=3.6.5->ipywidgets>=7.0.0->qgridnext) (6.29.4)
2025-02-28T16:20:49.8193181Z Requirement already satisfied: jupyter-lsp>=2.0.0 in /home/runner/micromamba/envs/tardis/lib/python3.12/site-packages (from jupyterlab<4.3,>=4.2.0->notebook>=4.4.1->widgetsnbextension~=3.6.5->ipywidgets>=7.0.0->qgridnext) (2.2.5)
2025-02-28T16:20:49.8220065Z Requirement already satisfied: setuptools>=40.1.0 in /home/runner/micromamba/envs/tardis/lib/python3.12/site-packages (from jupyterlab<4.3,>=4.2.0->notebook>=4.4.1->widgetsnbextension~=3.6.5->ipywidgets>=7.0.0->qgridnext) (70.0.0)
2025-02-28T16:20:49.8418925Z Requirement already satisfied: babel>=2.10 in /home/runner/micromamba/envs/tardis/lib/python3.12/site-packages (from jupyterlab-server<3,>=2.27.1->notebook>=4.4.1->widgetsnbextension~=3.6.5->ipywidgets>=7.0.0->qgridnext) (2.14.0)
2025-02-28T16:20:49.8446480Z Requirement already satisfied: json5>=0.9.0 in /home/runner/micromamba/envs/tardis/lib/python3.12/site-packages (from jupyterlab-server<3,>=2.27.1->notebook>=4.4.1->widgetsnbextension~=3.6.5->ipywidgets>=7.0.0->qgridnext) (0.9.25)
2025-02-28T16:20:49.8458420Z Requirement already satisfied: jsonschema>=4.18.0 in /home/runner/micromamba/envs/tardis/lib/python3.12/site-packages (from jupyterlab-server<3,>=2.27.1->notebook>=4.4.1->widgetsnbextension~=3.6.5->ipywidgets>=7.0.0->qgridnext) (4.22.0)
2025-02-28T16:20:49.8478161Z Requirement already satisfied: requests>=2.31 in /home/runner/micromamba/envs/tardis/lib/python3.12/site-packages (from jupyterlab-server<3,>=2.27.1->notebook>=4.4.1->widgetsnbextension~=3.6.5->ipywidgets>=7.0.0->qgridnext) (2.32.3)
2025-02-28T16:20:49.8839519Z Requirement already satisfied: idna>=2.8 in /home/runner/micromamba/envs/tardis/lib/python3.12/site-packages (from anyio>=3.1.0->jupyter-server<3,>=2.4.0->notebook>=4.4.1->widgetsnbextension~=3.6.5->ipywidgets>=7.0.0->qgridnext) (3.7)
2025-02-28T16:20:49.8849428Z Requirement already satisfied: sniffio>=1.1 in /home/runner/micromamba/envs/tardis/lib/python3.12/site-packages (from anyio>=3.1.0->jupyter-server<3,>=2.4.0->notebook>=4.4.1->widgetsnbextension~=3.6.5->ipywidgets>=7.0.0->qgridnext) (1.3.1)
2025-02-28T16:20:49.8952678Z Requirement already satisfied: argon2-cffi-bindings in /home/runner/micromamba/envs/tardis/lib/python3.12/site-packages (from argon2-cffi>=21.1->jupyter-server<3,>=2.4.0->notebook>=4.4.1->widgetsnbextension~=3.6.5->ipywidgets>=7.0.0->qgridnext) (21.2.0)
2025-02-28T16:20:49.9131290Z Requirement already satisfied: certifi in /home/runner/micromamba/envs/tardis/lib/python3.12/site-packages (from httpx>=0.25.0->jupyterlab<4.3,>=4.2.0->notebook>=4.4.1->widgetsnbextension~=3.6.5->ipywidgets>=7.0.0->qgridnext) (2024.12.14)
2025-02-28T16:20:49.9147542Z Requirement already satisfied: httpcore==1.* in /home/runner/micromamba/envs/tardis/lib/python3.12/site-packages (from httpx>=0.25.0->jupyterlab<4.3,>=4.2.0->notebook>=4.4.1->widgetsnbextension~=3.6.5->ipywidgets>=7.0.0->qgridnext) (1.0.5)
2025-02-28T16:20:49.9231695Z Requirement already satisfied: h11<0.15,>=0.13 in /home/runner/micromamba/envs/tardis/lib/python3.12/site-packages (from httpcore==1.*->httpx>=0.25.0->jupyterlab<4.3,>=4.2.0->notebook>=4.4.1->widgetsnbextension~=3.6.5->ipywidgets>=7.0.0->qgridnext) (0.14.0)
2025-02-28T16:20:49.9424478Z Requirement already satisfied: debugpy>=1.6.5 in /home/runner/micromamba/envs/tardis/lib/python3.12/site-packages (from ipykernel>=6.5.0->jupyterlab<4.3,>=4.2.0->notebook>=4.4.1->widgetsnbextension~=3.6.5->ipywidgets>=7.0.0->qgridnext) (1.8.1)
2025-02-28T16:20:49.9447116Z Requirement already satisfied: nest-asyncio in /home/runner/micromamba/envs/tardis/lib/python3.12/site-packages (from ipykernel>=6.5.0->jupyterlab<4.3,>=4.2.0->notebook>=4.4.1->widgetsnbextension~=3.6.5->ipywidgets>=7.0.0->qgridnext) (1.6.0)
2025-02-28T16:20:49.9463651Z Requirement already satisfied: psutil in /home/runner/micromamba/envs/tardis/lib/python3.12/site-packages (from ipykernel>=6.5.0->jupyterlab<4.3,>=4.2.0->notebook>=4.4.1->widgetsnbextension~=3.6.5->ipywidgets>=7.0.0->qgridnext) (5.9.8)
2025-02-28T16:20:49.9532613Z Requirement already satisfied: MarkupSafe>=2.0 in /home/runner/micromamba/envs/tardis/lib/python3.12/site-packages (from jinja2>=3.0.3->jupyter-server<3,>=2.4.0->notebook>=4.4.1->widgetsnbextension~=3.6.5->ipywidgets>=7.0.0->qgridnext) (2.1.5)
2025-02-28T16:20:49.9733624Z Requirement already satisfied: attrs>=22.2.0 in /home/runner/micromamba/envs/tardis/lib/python3.12/site-packages (from jsonschema>=4.18.0->jupyterlab-server<3,>=2.27.1->notebook>=4.4.1->widgetsnbextension~=3.6.5->ipywidgets>=7.0.0->qgridnext) (23.2.0)
2025-02-28T16:20:49.9744475Z Requirement already satisfied: jsonschema-specifications>=2023.03.6 in /home/runner/micromamba/envs/tardis/lib/python3.12/site-packages (from jsonschema>=4.18.0->jupyterlab-server<3,>=2.27.1->notebook>=4.4.1->widgetsnbextension~=3.6.5->ipywidgets>=7.0.0->qgridnext) (2023.12.1)
2025-02-28T16:20:49.9754049Z Requirement already satisfied: referencing>=0.28.4 in /home/runner/micromamba/envs/tardis/lib/python3.12/site-packages (from jsonschema>=4.18.0->jupyterlab-server<3,>=2.27.1->notebook>=4.4.1->widgetsnbextension~=3.6.5->ipywidgets>=7.0.0->qgridnext) (0.35.1)
2025-02-28T16:20:49.9764056Z Requirement already satisfied: rpds-py>=0.7.1 in /home/runner/micromamba/envs/tardis/lib/python3.12/site-packages (from jsonschema>=4.18.0->jupyterlab-server<3,>=2.27.1->notebook>=4.4.1->widgetsnbextension~=3.6.5->ipywidgets>=7.0.0->qgridnext) (0.18.1)
2025-02-28T16:20:50.0035260Z Requirement already satisfied: platformdirs>=2.5 in /home/runner/micromamba/envs/tardis/lib/python3.12/site-packages (from jupyter-core!=5.0.*,>=4.12->jupyter-server<3,>=2.4.0->notebook>=4.4.1->widgetsnbextension~=3.6.5->ipywidgets>=7.0.0->qgridnext) (4.2.2)
2025-02-28T16:20:50.0197960Z Requirement already satisfied: python-json-logger>=2.0.4 in /home/runner/micromamba/envs/tardis/lib/python3.12/site-packages (from jupyter-events>=0.9.0->jupyter-server<3,>=2.4.0->notebook>=4.4.1->widgetsnbextension~=3.6.5->ipywidgets>=7.0.0->qgridnext) (2.0.7)
2025-02-28T16:20:50.0207191Z Requirement already satisfied: pyyaml>=5.3 in /home/runner/micromamba/envs/tardis/lib/python3.12/site-packages (from jupyter-events>=0.9.0->jupyter-server<3,>=2.4.0->notebook>=4.4.1->widgetsnbextension~=3.6.5->ipywidgets>=7.0.0->qgridnext) (6.0.1)
2025-02-28T16:20:50.0218756Z Requirement already satisfied: rfc3339-validator in /home/runner/micromamba/envs/tardis/lib/python3.12/site-packages (from jupyter-events>=0.9.0->jupyter-server<3,>=2.4.0->notebook>=4.4.1->widgetsnbextension~=3.6.5->ipywidgets>=7.0.0->qgridnext) (0.1.4)
2025-02-28T16:20:50.0228080Z Requirement already satisfied: rfc3986-validator>=0.1.1 in /home/runner/micromamba/envs/tardis/lib/python3.12/site-packages (from jupyter-events>=0.9.0->jupyter-server<3,>=2.4.0->notebook>=4.4.1->widgetsnbextension~=3.6.5->ipywidgets>=7.0.0->qgridnext) (0.1.1)
2025-02-28T16:20:50.0665517Z Requirement already satisfied: beautifulsoup4 in /home/runner/micromamba/envs/tardis/lib/python3.12/site-packages (from nbconvert>=6.4.4->jupyter-server<3,>=2.4.0->notebook>=4.4.1->widgetsnbextension~=3.6.5->ipywidgets>=7.0.0->qgridnext) (4.12.3)
2025-02-28T16:20:50.0685974Z Requirement already satisfied: bleach!=5.0.0 in /home/runner/micromamba/envs/tardis/lib/python3.12/site-packages (from nbconvert>=6.4.4->jupyter-server<3,>=2.4.0->notebook>=4.4.1->widgetsnbextension~=3.6.5->ipywidgets>=7.0.0->qgridnext) (6.1.0)
2025-02-28T16:20:50.0701919Z Requirement already satisfied: defusedxml in /home/runner/micromamba/envs/tardis/lib/python3.12/site-packages (from nbconvert>=6.4.4->jupyter-server<3,>=2.4.0->notebook>=4.4.1->widgetsnbextension~=3.6.5->ipywidgets>=7.0.0->qgridnext) (0.7.1)
2025-02-28T16:20:50.0717419Z Requirement already satisfied: jupyterlab-pygments in /home/runner/micromamba/envs/tardis/lib/python3.12/site-packages (from nbconvert>=6.4.4->jupyter-server<3,>=2.4.0->notebook>=4.4.1->widgetsnbextension~=3.6.5->ipywidgets>=7.0.0->qgridnext) (0.3.0)
2025-02-28T16:20:50.0729661Z Requirement already satisfied: mistune<4,>=2.0.3 in /home/runner/micromamba/envs/tardis/lib/python3.12/site-packages (from nbconvert>=6.4.4->jupyter-server<3,>=2.4.0->notebook>=4.4.1->widgetsnbextension~=3.6.5->ipywidgets>=7.0.0->qgridnext) (3.0.2)
2025-02-28T16:20:50.0741623Z Requirement already satisfied: nbclient>=0.5.0 in /home/runner/micromamba/envs/tardis/lib/python3.12/site-packages (from nbconvert>=6.4.4->jupyter-server<3,>=2.4.0->notebook>=4.4.1->widgetsnbextension~=3.6.5->ipywidgets>=7.0.0->qgridnext) (0.10.0)
2025-02-28T16:20:50.0758072Z Requirement already satisfied: pandocfilters>=1.4.1 in /home/runner/micromamba/envs/tardis/lib/python3.12/site-packages (from nbconvert>=6.4.4->jupyter-server<3,>=2.4.0->notebook>=4.4.1->widgetsnbextension~=3.6.5->ipywidgets>=7.0.0->qgridnext) (1.5.0)
2025-02-28T16:20:50.0767988Z Requirement already satisfied: tinycss2 in /home/runner/micromamba/envs/tardis/lib/python3.12/site-packages (from nbconvert>=6.4.4->jupyter-server<3,>=2.4.0->notebook>=4.4.1->widgetsnbextension~=3.6.5->ipywidgets>=7.0.0->qgridnext) (1.3.0)
2025-02-28T16:20:50.0894589Z Requirement already satisfied: fastjsonschema>=2.15 in /home/runner/micromamba/envs/tardis/lib/python3.12/site-packages (from nbformat>=5.3.0->jupyter-server<3,>=2.4.0->notebook>=4.4.1->widgetsnbextension~=3.6.5->ipywidgets>=7.0.0->qgridnext) (2.20.0)
2025-02-28T16:20:50.1212037Z Requirement already satisfied: charset_normalizer<4,>=2 in /home/runner/micromamba/envs/tardis/lib/python3.12/site-packages (from requests>=2.31->jupyterlab-server<3,>=2.27.1->notebook>=4.4.1->widgetsnbextension~=3.6.5->ipywidgets>=7.0.0->qgridnext) (3.3.2)
2025-02-28T16:20:50.1225752Z Requirement already satisfied: urllib3<3,>=1.21.1 in /home/runner/micromamba/envs/tardis/lib/python3.12/site-packages (from requests>=2.31->jupyterlab-server<3,>=2.27.1->notebook>=4.4.1->widgetsnbextension~=3.6.5->ipywidgets>=7.0.0->qgridnext) (2.2.2)
2025-02-28T16:20:50.2048956Z Requirement already satisfied: webencodings in /home/runner/micromamba/envs/tardis/lib/python3.12/site-packages (from bleach!=5.0.0->nbconvert>=6.4.4->jupyter-server<3,>=2.4.0->notebook>=4.4.1->widgetsnbextension~=3.6.5->ipywidgets>=7.0.0->qgridnext) (0.5.1)
2025-02-28T16:20:50.2655092Z Requirement already satisfied: fqdn in /home/runner/micromamba/envs/tardis/lib/python3.12/site-packages (from jsonschema[format-nongpl]>=4.18.0->jupyter-events>=0.9.0->jupyter-server<3,>=2.4.0->notebook>=4.4.1->widgetsnbextension~=3.6.5->ipywidgets>=7.0.0->qgridnext) (1.5.1)
2025-02-28T16:20:50.2670779Z Requirement already satisfied: isoduration in /home/runner/micromamba/envs/tardis/lib/python3.12/site-packages (from jsonschema[format-nongpl]>=4.18.0->jupyter-events>=0.9.0->jupyter-server<3,>=2.4.0->notebook>=4.4.1->widgetsnbextension~=3.6.5->ipywidgets>=7.0.0->qgridnext) (20.11.0)
2025-02-28T16:20:50.2685402Z Requirement already satisfied: jsonpointer>1.13 in /home/runner/micromamba/envs/tardis/lib/python3.12/site-packages (from jsonschema[format-nongpl]>=4.18.0->jupyter-events>=0.9.0->jupyter-server<3,>=2.4.0->notebook>=4.4.1->widgetsnbextension~=3.6.5->ipywidgets>=7.0.0->qgridnext) (3.0.0)
2025-02-28T16:20:50.2704755Z Requirement already satisfied: uri-template in /home/runner/micromamba/envs/tardis/lib/python3.12/site-packages (from jsonschema[format-nongpl]>=4.18.0->jupyter-events>=0.9.0->jupyter-server<3,>=2.4.0->notebook>=4.4.1->widgetsnbextension~=3.6.5->ipywidgets>=7.0.0->qgridnext) (1.3.0)
2025-02-28T16:20:50.2718246Z Requirement already satisfied: webcolors>=1.11 in /home/runner/micromamba/envs/tardis/lib/python3.12/site-packages (from jsonschema[format-nongpl]>=4.18.0->jupyter-events>=0.9.0->jupyter-server<3,>=2.4.0->notebook>=4.4.1->widgetsnbextension~=3.6.5->ipywidgets>=7.0.0->qgridnext) (24.6.0)
2025-02-28T16:20:50.3750961Z Requirement already satisfied: cffi>=1.0.1 in /home/runner/micromamba/envs/tardis/lib/python3.12/site-packages (from argon2-cffi-bindings->argon2-cffi>=21.1->jupyter-server<3,>=2.4.0->notebook>=4.4.1->widgetsnbextension~=3.6.5->ipywidgets>=7.0.0->qgridnext) (1.16.0)
2025-02-28T16:20:50.3859804Z Requirement already satisfied: soupsieve>1.2 in /home/runner/micromamba/envs/tardis/lib/python3.12/site-packages (from beautifulsoup4->nbconvert>=6.4.4->jupyter-server<3,>=2.4.0->notebook>=4.4.1->widgetsnbextension~=3.6.5->ipywidgets>=7.0.0->qgridnext) (2.5)
2025-02-28T16:20:50.4401215Z Requirement already satisfied: pycparser in /home/runner/micromamba/envs/tardis/lib/python3.12/site-packages (from cffi>=1.0.1->argon2-cffi-bindings->argon2-cffi>=21.1->jupyter-server<3,>=2.4.0->notebook>=4.4.1->widgetsnbextension~=3.6.5->ipywidgets>=7.0.0->qgridnext) (2.22)
2025-02-28T16:20:50.4924176Z Requirement already satisfied: arrow>=0.15.0 in /home/runner/micromamba/envs/tardis/lib/python3.12/site-packages (from isoduration->jsonschema[format-nongpl]>=4.18.0->jupyter-events>=0.9.0->jupyter-server<3,>=2.4.0->notebook>=4.4.1->widgetsnbextension~=3.6.5->ipywidgets>=7.0.0->qgridnext) (1.3.0)
2025-02-28T16:20:50.5245090Z Requirement already satisfied: types-python-dateutil>=2.8.10 in /home/runner/micromamba/envs/tardis/lib/python3.12/site-packages (from arrow>=0.15.0->isoduration->jsonschema[format-nongpl]>=4.18.0->jupyter-events>=0.9.0->jupyter-server<3,>=2.4.0->notebook>=4.4.1->widgetsnbextension~=3.6.5->ipywidgets>=7.0.0->qgridnext) (2.9.0.20240316)
2025-02-28T16:20:50.5529738Z Downloading qgridnext-2.0.4-py3-none-any.whl (1.3 MB)
2025-02-28T16:20:50.5891247Z    â”â”â”â”â”â”â”â”â”â”â”â”â”â”â”â”â”â”â”â”â”â”â”â”â”â”â”â”â”â”â”â”â”â”â”â”â”â”â”â” 1.3/1.3 MB 37.3 MB/s eta 0:00:00
2025-02-28T16:20:51.4191417Z Installing collected packages: qgridnext
2025-02-28T16:20:51.4890554Z Successfully installed qgridnext-2.0.4
2025-02-28T16:20:51.6855592Z ##[group]Run pytest tardis --tardis-regression-data=/home/runner/work/tardis/tardis/tardis-regression-data --cov=tardis --cov-report=xml --cov-report=html --cov-append -m " continuum"
2025-02-28T16:20:51.6856929Z [36;1mpytest tardis --tardis-regression-data=/home/runner/work/tardis/tardis/tardis-regression-data --cov=tardis --cov-report=xml --cov-report=html --cov-append -m " continuum"[0m
2025-02-28T16:20:51.6902957Z shell: /usr/bin/bash -l {0}
2025-02-28T16:20:51.6903203Z env:
2025-02-28T16:20:51.6903387Z   CACHE_NUMBER: 0
2025-02-28T16:20:51.6904026Z   PYTEST_FLAGS: --tardis-regression-data=/home/runner/work/tardis/tardis/tardis-regression-data --cov=tardis --cov-report=xml --cov-report=html --cov-append
2025-02-28T16:20:51.6904697Z   CODECOV_TOKEN: 
2025-02-28T16:20:51.6904947Z   MAMBA_ROOT_PREFIX: /home/runner/micromamba
2025-02-28T16:20:51.6905257Z   MAMBA_EXE: /home/runner/micromamba-bin/micromamba
2025-02-28T16:20:51.6905650Z   CONDARC: /home/runner/work/_temp/setup-micromamba/.condarc
2025-02-28T16:20:51.6905961Z ##[endgroup]
2025-02-28T16:21:01.1008419Z ============================= test session starts ==============================
2025-02-28T16:21:01.1009148Z platform linux -- Python 3.12.4, pytest-8.2.2, pluggy-1.5.0
2025-02-28T16:21:01.1009844Z rootdir: /home/runner/work/tardis/tardis
2025-02-28T16:21:01.1010310Z configfile: pyproject.toml
2025-02-28T16:21:01.1010906Z plugins: metadata-3.1.1, doctestplus-1.2.1, html-4.1.1, cov-5.0.0, anyio-4.4.0
2025-02-28T16:21:01.1011591Z collected 1798 items / 1796 deselected / 2 selected
2025-02-28T16:21:01.1011940Z 
2025-02-28T16:22:47.8335808Z tardis/transport/montecarlo/estimators/tests/test_continuum_property_solver.py . [ 50%]
2025-02-28T16:22:47.8338532Z                                                                          [ 50%]
2025-02-28T16:23:21.4542474Z tardis/transport/montecarlo/tests/test_continuum.py .                    [100%]
2025-02-28T16:23:21.4543061Z 
2025-02-28T16:23:21.4543324Z =============================== warnings summary ===============================
2025-02-28T16:23:21.4543921Z tardis/io/configuration/config_validator.py:6
2025-02-28T16:23:21.4544454Z tardis/io/configuration/config_validator.py:6
2025-02-28T16:23:21.4545299Z   /home/runner/work/tardis/tardis/tardis/io/configuration/config_validator.py:6: DeprecationWarning:
2025-02-28T16:23:21.4546076Z   
2025-02-28T16:23:21.4548475Z   jsonschema.RefResolver is deprecated as of v4.18.0, in favor of the https://github.com/python-jsonschema/referencing library, which provides more compliant referencing behavior as well as more flexible APIs for customization. A future release will remove RefResolver. Please file a feature request (on referencing) if you are missing an API for the kind of customization you need.
2025-02-28T16:23:21.4550587Z 
2025-02-28T16:23:21.4551010Z ../../../micromamba/envs/tardis/lib/python3.12/site-packages/jupyter_client/connect.py:22
2025-02-28T16:23:21.4552148Z   /home/runner/micromamba/envs/tardis/lib/python3.12/site-packages/jupyter_client/connect.py:22: DeprecationWarning:
2025-02-28T16:23:21.4552929Z   
2025-02-28T16:23:21.4553331Z   Jupyter is migrating its paths to use standard platformdirs
2025-02-28T16:23:21.4553990Z   given by the platformdirs library.  To remove this warning and
2025-02-28T16:23:21.4554689Z   see the appropriate new directories, set the environment variable
2025-02-28T16:23:21.4555310Z   `JUPYTER_PLATFORM_DIRS=1` and then run `jupyter --paths`.
2025-02-28T16:23:21.4555878Z   The use of platformdirs will be the default in `jupyter_core` v6
2025-02-28T16:23:21.4556241Z 
2025-02-28T16:23:21.4556397Z tardis/plasma/properties/__init__.py:17
2025-02-28T16:23:21.4557104Z   /home/runner/work/tardis/tardis/tardis/plasma/properties/__init__.py:17: DeprecationWarning:
2025-02-28T16:23:21.4557977Z   
2025-02-28T16:23:21.4560880Z   The numpy.linalg.linalg has been made private and renamed to numpy.linalg._linalg. All public functions exported by it are available from numpy.linalg. Please use numpy.linalg.LinAlgError instead.
2025-02-28T16:23:21.4562009Z 
2025-02-28T16:23:21.4566742Z tardis/transport/montecarlo/estimators/tests/test_continuum_property_solver.py::test_continuum_estimators
2025-02-28T16:23:21.4568187Z   /home/runner/work/tardis/tardis/tardis/transport/montecarlo/montecarlo_main_loop.py:123: NumbaTypeSafetyWarning:
2025-02-28T16:23:21.4569032Z   
2025-02-28T16:23:21.4569733Z   [1m[1m[1munsafe cast from uint64 to int64. Precision may be lost.[0m[0m[0m
2025-02-28T16:23:21.4570159Z 
2025-02-28T16:23:21.4570468Z -- Docs: https://docs.pytest.org/en/stable/how-to/capture-warnings.html
2025-02-28T16:23:21.4570906Z 
2025-02-28T16:23:21.4571164Z ---------- coverage: platform linux, python 3.12.4-final-0 -----------
2025-02-28T16:23:21.4571734Z Coverage HTML written to dir coverage_html_report
2025-02-28T16:23:21.4572199Z Coverage XML written to file coverage.xml
2025-02-28T16:23:21.4572465Z 
2025-02-28T16:23:21.4572721Z ========== 2 passed, 1796 deselected, 5 warnings in 142.16s (0:02:22) ==========
2025-02-28T16:23:22.4956395Z ##[group]Run mv .coverage .coverage.3
2025-02-28T16:23:22.4956894Z [36;1mmv .coverage .coverage.3[0m
2025-02-28T16:23:22.5028615Z shell: /usr/bin/bash -l {0}
2025-02-28T16:23:22.5028979Z env:
2025-02-28T16:23:22.5029254Z   CACHE_NUMBER: 0
2025-02-28T16:23:22.5030229Z   PYTEST_FLAGS: --tardis-regression-data=/home/runner/work/tardis/tardis/tardis-regression-data --cov=tardis --cov-report=xml --cov-report=html --cov-append
2025-02-28T16:23:22.5031288Z   CODECOV_TOKEN: 
2025-02-28T16:23:22.5031633Z   MAMBA_ROOT_PREFIX: /home/runner/micromamba
2025-02-28T16:23:22.5032114Z   MAMBA_EXE: /home/runner/micromamba-bin/micromamba
2025-02-28T16:23:22.5032671Z   CONDARC: /home/runner/work/_temp/setup-micromamba/.condarc
2025-02-28T16:23:22.5033166Z ##[endgroup]
2025-02-28T16:23:22.6222447Z ##[group]Run actions/upload-artifact@v4
2025-02-28T16:23:22.6222900Z with:
2025-02-28T16:23:22.6223117Z   name: coverage--continuum-ubuntu-latest
2025-02-28T16:23:22.6223400Z   include-hidden-files: true
2025-02-28T16:23:22.6223643Z   path: .coverage*
!.coveragerc

2025-02-28T16:23:22.6223889Z   if-no-files-found: warn
2025-02-28T16:23:22.6224119Z   compression-level: 6
2025-02-28T16:23:22.6224327Z   overwrite: false
2025-02-28T16:23:22.6224512Z env:
2025-02-28T16:23:22.6224686Z   CACHE_NUMBER: 0
2025-02-28T16:23:22.6225333Z   PYTEST_FLAGS: --tardis-regression-data=/home/runner/work/tardis/tardis/tardis-regression-data --cov=tardis --cov-report=xml --cov-report=html --cov-append
2025-02-28T16:23:22.6225990Z   CODECOV_TOKEN: 
2025-02-28T16:23:22.6226207Z   MAMBA_ROOT_PREFIX: /home/runner/micromamba
2025-02-28T16:23:22.6226514Z   MAMBA_EXE: /home/runner/micromamba-bin/micromamba
2025-02-28T16:23:22.6226871Z   CONDARC: /home/runner/work/_temp/setup-micromamba/.condarc
2025-02-28T16:23:22.6227199Z ##[endgroup]
2025-02-28T16:23:22.8498425Z With the provided path, there will be 1 file uploaded
2025-02-28T16:23:22.8503947Z Artifact name is valid!
2025-02-28T16:23:22.8505764Z Root directory input is valid!
2025-02-28T16:23:22.9563350Z Beginning upload of artifact content to blob storage
2025-02-28T16:23:23.0118423Z Uploaded bytes 18520
2025-02-28T16:23:23.0244758Z Finished uploading artifact content to blob storage!
2025-02-28T16:23:23.0248390Z SHA256 hash of uploaded artifact zip is f4a4a3cc18eab733b4f9021000b6b76a0c0f774ecddb2b19fdd4d73359b96de2
2025-02-28T16:23:23.0250084Z Finalizing artifact upload
2025-02-28T16:23:23.0986757Z Artifact coverage--continuum-ubuntu-latest.zip successfully finalized. Artifact ID 2671642945
2025-02-28T16:23:23.0988273Z Artifact coverage--continuum-ubuntu-latest has been successfully uploaded! Final size is 18520 bytes. Artifact ID is 2671642945
2025-02-28T16:23:23.0994660Z Artifact download URL: https://github.com/tardis-sn/tardis/actions/runs/13592151747/artifacts/2671642945
2025-02-28T16:23:23.1119366Z Post job cleanup.
2025-02-28T16:23:23.1168696Z Post job cleanup.
2025-02-28T16:23:23.2514114Z Will use pre-installed micromamba at /home/runner/micromamba-bin/micromamba
2025-02-28T16:23:23.2521658Z Removing micromamba run shell ...
2025-02-28T16:23:23.2525516Z ##[group]Deinitialize micromamba for bash
2025-02-28T16:23:23.2544113Z [command]/home/runner/micromamba-bin/micromamba shell deinit -s bash -r /home/runner/micromamba --log-level warning --rc-file /home/runner/work/_temp/setup-micromamba/.condarc
2025-02-28T16:23:23.2641654Z Resetting RC file "/home/runner/.bashrc"
2025-02-28T16:23:23.2642523Z Deleting config for root prefix 
2025-02-28T16:23:23.2643055Z Clearing mamba executable environment variable
2025-02-28T16:23:23.2644593Z Removing the following in your "/home/runner/.bashrc" file
2025-02-28T16:23:23.2645023Z # >>> mamba initialize >>>
2025-02-28T16:23:23.2645249Z ...
2025-02-28T16:23:23.2645422Z # <<< mamba initialize <<<
2025-02-28T16:23:23.2674101Z Removing mamba initialize block from .bash_profile
2025-02-28T16:23:23.2688855Z ##[endgroup]
2025-02-28T16:23:23.2693039Z Removing environment tardis from auto-activate bash ...
2025-02-28T16:23:23.2815528Z Post job cleanup.
2025-02-28T16:23:23.2853183Z Post job cleanup.
2025-02-28T16:23:23.3832084Z [command]/usr/bin/git version
2025-02-28T16:23:23.3877148Z git version 2.48.1
2025-02-28T16:23:23.3919371Z Temporarily overriding HOME='/home/runner/work/_temp/27720f4d-76d5-48fd-bbbd-cd59c785df82' before making global git config changes
2025-02-28T16:23:23.3920480Z Adding repository directory to the temporary git global config as a safe directory
2025-02-28T16:23:23.3924780Z [command]/usr/bin/git config --global --add safe.directory /home/runner/work/tardis/tardis/tardis-regression-data
2025-02-28T16:23:23.3960796Z [command]/usr/bin/git config --local --name-only --get-regexp core\.sshCommand
2025-02-28T16:23:23.3994095Z [command]/usr/bin/git submodule foreach --recursive sh -c "git config --local --name-only --get-regexp 'core\.sshCommand' && git config --local --unset-all 'core.sshCommand' || :"
2025-02-28T16:23:23.4242416Z [command]/usr/bin/git config --local --name-only --get-regexp http\.https\:\/\/github\.com\/\.extraheader
2025-02-28T16:23:23.4266967Z http.https://github.com/.extraheader
2025-02-28T16:23:23.4281405Z [command]/usr/bin/git config --local --unset-all http.https://github.com/.extraheader
2025-02-28T16:23:23.4315940Z [command]/usr/bin/git submodule foreach --recursive sh -c "git config --local --name-only --get-regexp 'http\.https\:\/\/github\.com\/\.extraheader' && git config --local --unset-all 'http.https://github.com/.extraheader' || :"
2025-02-28T16:23:23.4718106Z Post job cleanup.
2025-02-28T16:23:23.5659738Z [command]/usr/bin/git version
2025-02-28T16:23:23.5695995Z git version 2.48.1
2025-02-28T16:23:23.5752199Z Temporarily overriding HOME='/home/runner/work/_temp/cce047f8-3012-4c96-856e-05df1fba8996' before making global git config changes
2025-02-28T16:23:23.5753431Z Adding repository directory to the temporary git global config as a safe directory
2025-02-28T16:23:23.5760563Z [command]/usr/bin/git config --global --add safe.directory /home/runner/work/tardis/tardis
2025-02-28T16:23:23.5804290Z [command]/usr/bin/git config --local --name-only --get-regexp core\.sshCommand
2025-02-28T16:23:23.5844719Z [command]/usr/bin/git submodule foreach --recursive sh -c "git config --local --name-only --get-regexp 'core\.sshCommand' && git config --local --unset-all 'core.sshCommand' || :"
2025-02-28T16:23:23.6109060Z [command]/usr/bin/git config --local --name-only --get-regexp http\.https\:\/\/github\.com\/\.extraheader
2025-02-28T16:23:23.6133298Z http.https://github.com/.extraheader
2025-02-28T16:23:23.6150063Z [command]/usr/bin/git config --local --unset-all http.https://github.com/.extraheader
2025-02-28T16:23:23.6184895Z [command]/usr/bin/git submodule foreach --recursive sh -c "git config --local --name-only --get-regexp 'http\.https\:\/\/github\.com\/\.extraheader' && git config --local --unset-all 'http.https://github.com/.extraheader' || :"
2025-02-28T16:23:23.6544845Z Cleaning up orphan processes
