2025-02-23T16:42:59.5630350Z Prepare all required actions
2025-02-23T16:42:59.5630960Z Getting action download info
2025-02-23T16:42:59.6976160Z Download action repository 'mamba-org/setup-micromamba@v1' (SHA:4b9113af4fba0e9e1124b252dd6497a419e7396d)
2025-02-23T16:43:00.8064160Z ##[group]Run ./.github/actions/setup_env
2025-02-23T16:43:00.8064540Z with:
2025-02-23T16:43:00.8065340Z   os-label: osx-arm64
2025-02-23T16:43:00.8066150Z env:
2025-02-23T16:43:00.8066440Z   CACHE_NUMBER: 0
2025-02-23T16:43:00.8066940Z   PYTEST_FLAGS: --tardis-regression-data=/Users/runner/work/tardis/tardis/tardis-regression-data --cov=tardis --cov-report=xml --cov-report=html --cov-append
2025-02-23T16:43:00.8067510Z   CODECOV_TOKEN: 
2025-02-23T16:43:00.8067680Z ##[endgroup]
2025-02-23T16:43:00.8136370Z ##[group]Run file_hash=$(cat conda-osx-arm64.lock | shasum -a 256 | cut -d' ' -f1)
2025-02-23T16:43:00.8136980Z [36;1mfile_hash=$(cat conda-osx-arm64.lock | shasum -a 256 | cut -d' ' -f1)[0m
2025-02-23T16:43:00.8137810Z [36;1mecho "file_hash=tardis-conda-env-osx-arm64-${file_hash}-v1" >> "${GITHUB_OUTPUT}"[0m
2025-02-23T16:43:00.8247440Z shell: /bin/bash --noprofile --norc -e -o pipefail {0}
2025-02-23T16:43:00.8248250Z env:
2025-02-23T16:43:00.8248410Z   CACHE_NUMBER: 0
2025-02-23T16:43:00.8249040Z   PYTEST_FLAGS: --tardis-regression-data=/Users/runner/work/tardis/tardis/tardis-regression-data --cov=tardis --cov-report=xml --cov-report=html --cov-append
2025-02-23T16:43:00.8249690Z   CODECOV_TOKEN: 
2025-02-23T16:43:00.8249850Z ##[endgroup]
2025-02-23T16:43:00.9485050Z ##[group]Run mamba-org/setup-micromamba@v1
2025-02-23T16:43:00.9485330Z with:
2025-02-23T16:43:00.9485620Z   environment-file: conda-osx-arm64.lock
2025-02-23T16:43:00.9486100Z   cache-environment-key: tardis-conda-env-osx-arm64-bf0d0a4d4c847cca72476c6c68c493d56c484aada7e80de0e42c7607fcef5824-v1
2025-02-23T16:43:00.9486830Z   cache-downloads-key: tardis-conda-env-osx-arm64-bf0d0a4d4c847cca72476c6c68c493d56c484aada7e80de0e42c7607fcef5824-v1
2025-02-23T16:43:00.9487270Z   environment-name: tardis
2025-02-23T16:43:00.9487470Z   cache-environment: true
2025-02-23T16:43:00.9487660Z   cache-downloads: true
2025-02-23T16:43:00.9487830Z env:
2025-02-23T16:43:00.9487980Z   CACHE_NUMBER: 0
2025-02-23T16:43:00.9488470Z   PYTEST_FLAGS: --tardis-regression-data=/Users/runner/work/tardis/tardis/tardis-regression-data --cov=tardis --cov-report=xml --cov-report=html --cov-append
2025-02-23T16:43:00.9489000Z   CODECOV_TOKEN: 
2025-02-23T16:43:00.9489180Z ##[endgroup]
2025-02-23T16:43:01.3714960Z Will download micromamba to /Users/runner/micromamba-bin/micromamba
2025-02-23T16:43:01.3724570Z ##[group]Install micromamba
2025-02-23T16:43:02.1086720Z micromamba installed to /Users/runner/micromamba-bin/micromamba
2025-02-23T16:43:02.1087450Z ##[endgroup]
2025-02-23T16:43:02.1088130Z Adding conda-forge to condarc channels ...
2025-02-23T16:43:02.1170530Z ##[group]Initialize micromamba for bash.
2025-02-23T16:43:02.1179780Z [command]/Users/runner/micromamba-bin/micromamba shell init -s bash -r /Users/runner/micromamba --log-level warning --rc-file /Users/runner/work/_temp/setup-micromamba/.condarc
2025-02-23T16:43:02.1556670Z Modifying RC file "/Users/runner/.bash_profile"
2025-02-23T16:43:02.1560110Z Generating config for root prefix [1m"/Users/runner/micromamba"[0m
2025-02-23T16:43:02.1561410Z Setting mamba executable to: [1m"/Users/runner/micromamba-bin/micromamba"[0m
2025-02-23T16:43:02.1562670Z Adding (or replacing) the following in your "/Users/runner/.bash_profile" file
2025-02-23T16:43:02.1601530Z 
2025-02-23T16:43:02.1601680Z # >>> mamba initialize >>>
2025-02-23T16:43:02.1601990Z # !! Contents within this block are managed by 'mamba init' !!
2025-02-23T16:43:02.1602320Z export MAMBA_EXE='/Users/runner/micromamba-bin/micromamba';
2025-02-23T16:43:02.1602670Z export MAMBA_ROOT_PREFIX='/Users/runner/micromamba';
2025-02-23T16:43:02.1603230Z __mamba_setup="$("$MAMBA_EXE" shell hook --shell bash --root-prefix "$MAMBA_ROOT_PREFIX" 2> /dev/null)"
2025-02-23T16:43:02.1603580Z if [ $? -eq 0 ]; then
2025-02-23T16:43:02.1604250Z     eval "$__mamba_setup"
2025-02-23T16:43:02.1604430Z else
2025-02-23T16:43:02.1605610Z     alias micromamba="$MAMBA_EXE"  # Fallback on help from mamba activate
2025-02-23T16:43:02.1607610Z fi
2025-02-23T16:43:02.1607780Z unset __mamba_setup
2025-02-23T16:43:02.1607960Z # <<< mamba initialize <<<
2025-02-23T16:43:02.1608100Z 
2025-02-23T16:43:02.1608730Z ##[endgroup]
2025-02-23T16:43:02.1618030Z ##[group]Restoring downloads from `/Users/runner/micromamba/pkgs` ...
2025-02-23T16:43:03.5526300Z Received 37748736 of 310594474 (12.2%), 36.0 MBs/sec
2025-02-23T16:43:04.5558440Z Received 138412032 of 310594474 (44.6%), 65.9 MBs/sec
2025-02-23T16:43:05.5557650Z Received 226492416 of 310594474 (72.9%), 71.9 MBs/sec
2025-02-23T16:43:06.5569950Z Received 302205866 of 310594474 (97.3%), 72.0 MBs/sec
2025-02-23T16:43:06.9532490Z Cache Size: ~296 MB (310594474 B)
2025-02-23T16:43:06.9659120Z [command]/opt/homebrew/bin/gtar -xf /Users/runner/work/_temp/24ee27cb-81e9-4036-a8ab-a3d234825424/cache.tzst -P -C /Users/runner/work/tardis/tardis --delay-directory-restore --use-compress-program unzstd
2025-02-23T16:43:07.5599720Z Received 310594474 of 310594474 (100.0%), 59.2 MBs/sec
2025-02-23T16:43:07.7357770Z Cache restored successfully
2025-02-23T16:43:07.7397870Z Restored cache with key `tardis-conda-env-osx-arm64-bf0d0a4d4c847cca72476c6c68c493d56c484aada7e80de0e42c7607fcef5824-v1-osx-arm64`
2025-02-23T16:43:07.7400820Z ##[endgroup]
2025-02-23T16:43:07.7432480Z ##[group]Restoring environment `tardis` from `/Users/runner/micromamba/envs/tardis` ...
2025-02-23T16:43:09.1254300Z Received 25165824 of 385513979 (6.5%), 24.0 MBs/sec
2025-02-23T16:43:10.1267030Z Received 130023424 of 385513979 (33.7%), 61.9 MBs/sec
2025-02-23T16:43:11.1301780Z Received 234881024 of 385513979 (60.9%), 74.5 MBs/sec
2025-02-23T16:43:12.1310190Z Received 343932928 of 385513979 (89.2%), 81.9 MBs/sec
2025-02-23T16:43:12.7073160Z Cache Size: ~368 MB (385513979 B)
2025-02-23T16:43:12.7097620Z [command]/opt/homebrew/bin/gtar -xf /Users/runner/work/_temp/4beaf010-23cd-40cf-9127-d169f19f1603/cache.tzst -P -C /Users/runner/work/tardis/tardis --delay-directory-restore --use-compress-program unzstd
2025-02-23T16:43:13.1371310Z Received 385513979 of 385513979 (100.0%), 73.4 MBs/sec
2025-02-23T16:43:27.1144490Z Cache restored successfully
2025-02-23T16:43:27.1184520Z Restored cache with key `tardis-conda-env-osx-arm64-bf0d0a4d4c847cca72476c6c68c493d56c484aada7e80de0e42c7607fcef5824-v1-osx-arm64-tardis-args-4f53cda-root-873f6fe-bin-[object Promise]-file-bf0d0a4d4c847cca72476c6c68c493d56c484aada7e80de0e42c7607fcef5824`
2025-02-23T16:43:27.1187490Z ##[endgroup]
2025-02-23T16:43:27.1187820Z Adding environment tardis to auto-activate bash ...
2025-02-23T16:43:27.1188770Z Generating micromamba run shell.
2025-02-23T16:43:27.1190330Z ##[endgroup]
2025-02-23T16:43:27.1191290Z Set environment variables.
2025-02-23T16:43:27.1192150Z ##[group]micromamba info
2025-02-23T16:43:27.1193480Z [command]/Users/runner/micromamba-bin/micromamba info -r /Users/runner/micromamba -n tardis
2025-02-23T16:43:27.5823560Z 
2025-02-23T16:43:27.5825280Z        libmamba version : 1.5.10
2025-02-23T16:43:27.5825770Z      micromamba version : 1.5.10
2025-02-23T16:43:27.5826200Z            curl version : libcurl/8.10.1 (OpenSSL/3.3.2) SecureTransport zlib/1.3.1 zstd/1.5.6 libssh2/1.11.0 nghttp2/1.58.0
2025-02-23T16:43:27.5827600Z      libarchive version : libarchive 3.7.4 zlib/1.2.13 bz2lib/1.0.8 libzstd/1.5.6
2025-02-23T16:43:27.5843090Z        envs directories : /Users/runner/micromamba/envs
2025-02-23T16:43:27.5843520Z           package cache : /Users/runner/micromamba/pkgs
2025-02-23T16:43:27.5843890Z                           /Users/runner/.mamba/pkgs
2025-02-23T16:43:27.5844170Z             environment : tardis
2025-02-23T16:43:27.5844540Z            env location : /Users/runner/micromamba/envs/tardis
2025-02-23T16:43:27.5844870Z       user config files : /Users/runner/.mambarc
2025-02-23T16:43:27.5845340Z  populated config files : /Users/runner/work/_temp/setup-micromamba/.condarc
2025-02-23T16:43:27.5851210Z        virtual packages : __unix=0=0
2025-02-23T16:43:27.5851590Z                           __osx=14.7.2=0
2025-02-23T16:43:27.5851880Z                           __archspec=1=arm64
2025-02-23T16:43:27.5852430Z                channels : https://conda.anaconda.org/conda-forge/osx-arm64
2025-02-23T16:43:27.5852800Z                           https://conda.anaconda.org/conda-forge/noarch
2025-02-23T16:43:27.5853200Z        base environment : /Users/runner/micromamba
2025-02-23T16:43:27.5853480Z                platform : osx-arm64
2025-02-23T16:43:27.5854200Z ##[endgroup]
2025-02-23T16:43:27.5854580Z ##[group]micromamba list
2025-02-23T16:43:27.5855120Z [command]/Users/runner/micromamba-bin/micromamba list -r /Users/runner/micromamba -n tardis
2025-02-23T16:43:27.9905120Z List of packages in environment: "/Users/runner/micromamba/envs/tardis"
2025-02-23T16:43:27.9905640Z 
2025-02-23T16:43:27.9906130Z   Name                           Version              Build                    Channel    
2025-02-23T16:43:27.9908050Z â”€â”€â”€â”€â”€â”€â”€â”€â”€â”€â”€â”€â”€â”€â”€â”€â”€â”€â”€â”€â”€â”€â”€â”€â”€â”€â”€â”€â”€â”€â”€â”€â”€â”€â”€â”€â”€â”€â”€â”€â”€â”€â”€â”€â”€â”€â”€â”€â”€â”€â”€â”€â”€â”€â”€â”€â”€â”€â”€â”€â”€â”€â”€â”€â”€â”€â”€â”€â”€â”€â”€â”€â”€â”€â”€â”€â”€â”€â”€â”€â”€â”€â”€â”€â”€â”€â”€â”€â”€â”€â”€â”€
2025-02-23T16:43:27.9908640Z   alabaster                      0.7.16               pyhd8ed1ab_0             conda-forge
2025-02-23T16:43:27.9909120Z   anyio                          4.4.0                pyhd8ed1ab_0             conda-forge
2025-02-23T16:43:27.9909490Z   appnope                        0.1.4                pyhd8ed1ab_0             conda-forge
2025-02-23T16:43:27.9910000Z   argon2-cffi                    23.1.0               pyhd8ed1ab_0             conda-forge
2025-02-23T16:43:27.9910470Z   argon2-cffi-bindings           21.2.0               py312h02f2b3b_4          conda-forge
2025-02-23T16:43:27.9910920Z   arrow                          1.3.0                pyhd8ed1ab_0             conda-forge
2025-02-23T16:43:27.9912820Z   astropy                        6.1.1                py312hbebd99a_0          conda-forge
2025-02-23T16:43:27.9913220Z   astropy-iers-data              0.2024.6.17.0.31.35  pyhd8ed1ab_0             conda-forge
2025-02-23T16:43:27.9913710Z   astropy-sphinx-theme           1.1                  pyhd8ed1ab_0             conda-forge
2025-02-23T16:43:27.9914160Z   asttokens                      2.4.1                pyhd8ed1ab_0             conda-forge
2025-02-23T16:43:27.9914600Z   async-lru                      2.0.4                pyhd8ed1ab_0             conda-forge
2025-02-23T16:43:27.9914950Z   atk-1.0                        2.38.0               hd03087b_2               conda-forge
2025-02-23T16:43:27.9915350Z   attrs                          23.2.0               pyh71513ae_0             conda-forge
2025-02-23T16:43:27.9915690Z   babel                          2.14.0               pyhd8ed1ab_0             conda-forge
2025-02-23T16:43:27.9916110Z   beautifulsoup4                 4.12.3               pyha770c72_0             conda-forge
2025-02-23T16:43:27.9916490Z   bleach                         6.1.0                pyhd8ed1ab_0             conda-forge
2025-02-23T16:43:27.9916900Z   blosc                          1.21.5               h9c252e8_1               conda-forge
2025-02-23T16:43:27.9917300Z   brotli                         1.1.0                hb547adb_1               conda-forge
2025-02-23T16:43:27.9917720Z   brotli-bin                     1.1.0                hb547adb_1               conda-forge
2025-02-23T16:43:27.9918280Z   brotli-python                  1.1.0                py312h9f69965_1          conda-forge
2025-02-23T16:43:27.9919070Z   bzip2                          1.0.8                h93a5062_5               conda-forge
2025-02-23T16:43:27.9919480Z   c-ares                         1.28.1               h93a5062_0               conda-forge
2025-02-23T16:43:27.9919840Z   c-blosc2                       2.14.4               ha57e6be_1               conda-forge
2025-02-23T16:43:27.9920270Z   ca-certificates                2024.6.2             hf0a4a13_0               conda-forge
2025-02-23T16:43:27.9920680Z   cached-property                1.5.2                hd8ed1ab_1               conda-forge
2025-02-23T16:43:27.9921390Z   cached_property                1.5.2                pyha770c72_1             conda-forge
2025-02-23T16:43:27.9921860Z   cairo                          1.18.0               hd1e100b_0               conda-forge
2025-02-23T16:43:27.9922390Z   certifi                        2024.6.2             pyhd8ed1ab_0             conda-forge
2025-02-23T16:43:27.9922860Z   cffi                           1.16.0               py312h8e38eb3_0          conda-forge
2025-02-23T16:43:27.9923280Z   charset-normalizer             3.3.2                pyhd8ed1ab_0             conda-forge
2025-02-23T16:43:27.9923750Z   click                          8.1.7                unix_pyh707e725_0        conda-forge
2025-02-23T16:43:27.9924110Z   codespell                      2.3.0                pyhd8ed1ab_0             conda-forge
2025-02-23T16:43:27.9924550Z   colorama                       0.4.6                pyhd8ed1ab_0             conda-forge
2025-02-23T16:43:27.9924930Z   comm                           0.2.2                pyhd8ed1ab_0             conda-forge
2025-02-23T16:43:27.9925370Z   commonmark                     0.9.1                py_0                     conda-forge
2025-02-23T16:43:27.9925800Z   contourpy                      1.2.1                py312h0fef576_0          conda-forge
2025-02-23T16:43:27.9926300Z   coverage                       7.5.3                py312h7e5086c_0          conda-forge
2025-02-23T16:43:27.9926700Z   cycler                         0.12.1               pyhd8ed1ab_0             conda-forge
2025-02-23T16:43:27.9927180Z   dataclasses                    0.8                  pyhc8e2a94_3             conda-forge
2025-02-23T16:43:27.9927670Z   debugpy                        1.8.1                py312h20a0b95_0          conda-forge
2025-02-23T16:43:27.9928190Z   decorator                      5.1.1                pyhd8ed1ab_0             conda-forge
2025-02-23T16:43:27.9928650Z   defusedxml                     0.7.1                pyhd8ed1ab_0             conda-forge
2025-02-23T16:43:27.9929150Z   docutils                       0.20.1               py312h81bd7bf_3          conda-forge
2025-02-23T16:43:27.9929550Z   dot2tex                        2.11.3               pyhd8ed1ab_0             conda-forge
2025-02-23T16:43:27.9929980Z   entrypoints                    0.4                  pyhd8ed1ab_0             conda-forge
2025-02-23T16:43:27.9930360Z   exceptiongroup                 1.2.0                pyhd8ed1ab_2             conda-forge
2025-02-23T16:43:27.9930780Z   executing                      2.0.1                pyhd8ed1ab_0             conda-forge
2025-02-23T16:43:27.9931100Z   expat                          2.6.2                hebf3989_0               conda-forge
2025-02-23T16:43:27.9931530Z   font-ttf-dejavu-sans-mono      2.37                 hab24e00_0               conda-forge
2025-02-23T16:43:27.9931910Z   font-ttf-inconsolata           3.000                h77eed37_0               conda-forge
2025-02-23T16:43:27.9932350Z   font-ttf-source-code-pro       2.038                h77eed37_0               conda-forge
2025-02-23T16:43:27.9932750Z   font-ttf-ubuntu                0.83                 h77eed37_2               conda-forge
2025-02-23T16:43:27.9933270Z   fontconfig                     2.14.2               h82840c6_0               conda-forge
2025-02-23T16:43:27.9933650Z   fonts-conda-ecosystem          1                    0                        conda-forge
2025-02-23T16:43:27.9934430Z   fonts-conda-forge              1                    0                        conda-forge
2025-02-23T16:43:27.9934830Z   fonttools                      4.53.0               py312h7e5086c_0          conda-forge
2025-02-23T16:43:27.9959630Z   fqdn                           1.5.1                pyhd8ed1ab_0             conda-forge
2025-02-23T16:43:27.9960080Z   freetype                       2.12.1               hadb7bae_2               conda-forge
2025-02-23T16:43:27.9960420Z   fribidi                        1.0.10               h27ca646_0               conda-forge
2025-02-23T16:43:27.9961070Z   future                         1.0.0                pyhd8ed1ab_0             conda-forge
2025-02-23T16:43:27.9961420Z   gdk-pixbuf                     2.42.12              h7ddc832_0               conda-forge
2025-02-23T16:43:27.9961790Z   gettext                        0.22.5               h8fbad5d_2               conda-forge
2025-02-23T16:43:27.9962430Z   gettext-tools                  0.22.5               h8fbad5d_2               conda-forge
2025-02-23T16:43:27.9963400Z   giflib                         5.2.2                h93a5062_0               conda-forge
2025-02-23T16:43:27.9963670Z   git-lfs                        3.5.1                hce30654_0               conda-forge
2025-02-23T16:43:27.9963940Z   gmp                            6.3.0                hebf3989_1               conda-forge
2025-02-23T16:43:27.9964200Z   gmpy2                          2.1.5                py312hfa9fade_1          conda-forge
2025-02-23T16:43:27.9964480Z   graphite2                      1.3.13               hebf3989_1003            conda-forge
2025-02-23T16:43:27.9964770Z   graphviz                       11.0.0               h9bb9bc9_0               conda-forge
2025-02-23T16:43:27.9965050Z   gtk2                           2.24.33              h7895bb2_4               conda-forge
2025-02-23T16:43:27.9965310Z   gts                            0.7.6                he42f4ea_4               conda-forge
2025-02-23T16:43:27.9965590Z   h11                            0.14.0               pyhd8ed1ab_0             conda-forge
2025-02-23T16:43:27.9965860Z   h2                             4.1.0                pyhd8ed1ab_0             conda-forge
2025-02-23T16:43:27.9966210Z   h5py                           3.11.0               nompi_py312h903599c_102  conda-forge
2025-02-23T16:43:27.9966490Z   harfbuzz                       8.5.0                h1836168_0               conda-forge
2025-02-23T16:43:27.9966760Z   hdf5                           1.14.3               nompi_hec07895_105       conda-forge
2025-02-23T16:43:27.9967110Z   hpack                          4.0.0                pyh9f0ad1d_0             conda-forge
2025-02-23T16:43:27.9967790Z   httpcore                       1.0.5                pyhd8ed1ab_0             conda-forge
2025-02-23T16:43:27.9968250Z   httpx                          0.27.0               pyhd8ed1ab_0             conda-forge
2025-02-23T16:43:27.9969520Z   hyperframe                     6.0.1                pyhd8ed1ab_0             conda-forge
2025-02-23T16:43:27.9969850Z   icu                            73.2                 hc8870d7_0               conda-forge
2025-02-23T16:43:27.9970140Z   idna                           3.7                  pyhd8ed1ab_0             conda-forge
2025-02-23T16:43:27.9970430Z   imagesize                      1.4.1                pyhd8ed1ab_0             conda-forge
2025-02-23T16:43:27.9970800Z   importlib-metadata             7.1.0                pyha770c72_0             conda-forge
2025-02-23T16:43:27.9971210Z   importlib_metadata             7.1.0                hd8ed1ab_0               conda-forge
2025-02-23T16:43:27.9971580Z   importlib_resources            6.4.0                pyhd8ed1ab_0             conda-forge
2025-02-23T16:43:27.9972000Z   iniconfig                      2.0.0                pyhd8ed1ab_0             conda-forge
2025-02-23T16:43:27.9972390Z   ipykernel                      6.29.4               pyh57ce528_0             conda-forge
2025-02-23T16:43:27.9972940Z   ipython                        8.25.0               pyh707e725_0             conda-forge
2025-02-23T16:43:27.9973360Z   ipython_genutils               0.2.0                pyhd8ed1ab_1             conda-forge
2025-02-23T16:43:27.9973710Z   ipywidgets                     7.8.0                pyhd8ed1ab_0             conda-forge
2025-02-23T16:43:27.9974030Z   isoduration                    20.11.0              pyhd8ed1ab_0             conda-forge
2025-02-23T16:43:27.9974330Z   jedi                           0.19.1               pyhd8ed1ab_0             conda-forge
2025-02-23T16:43:27.9975040Z   jinja2                         3.1.4                pyhd8ed1ab_0             conda-forge
2025-02-23T16:43:27.9975430Z   json5                          0.9.25               pyhd8ed1ab_0             conda-forge
2025-02-23T16:43:27.9975920Z   jsonpointer                    3.0.0                py312h81bd7bf_0          conda-forge
2025-02-23T16:43:27.9976280Z   jsonschema                     4.22.0               pyhd8ed1ab_0             conda-forge
2025-02-23T16:43:27.9976670Z   jsonschema-specifications      2023.12.1            pyhd8ed1ab_0             conda-forge
2025-02-23T16:43:27.9977110Z   jsonschema-with-format-nongpl  4.22.0               pyhd8ed1ab_0             conda-forge
2025-02-23T16:43:27.9977540Z   jupyter-lsp                    2.2.5                pyhd8ed1ab_0             conda-forge
2025-02-23T16:43:27.9977900Z   jupyter_client                 8.6.2                pyhd8ed1ab_0             conda-forge
2025-02-23T16:43:27.9978300Z   jupyter_core                   5.7.2                py312h81bd7bf_0          conda-forge
2025-02-23T16:43:27.9978660Z   jupyter_events                 0.10.0               pyhd8ed1ab_0             conda-forge
2025-02-23T16:43:27.9979040Z   jupyter_server                 2.14.1               pyhd8ed1ab_0             conda-forge
2025-02-23T16:43:27.9979470Z   jupyter_server_terminals       0.5.3                pyhd8ed1ab_0             conda-forge
2025-02-23T16:43:27.9979910Z   jupyterlab                     4.2.2                pyhd8ed1ab_0             conda-forge
2025-02-23T16:43:27.9980280Z   jupyterlab_pygments            0.3.0                pyhd8ed1ab_1             conda-forge
2025-02-23T16:43:27.9980720Z   jupyterlab_server              2.27.2               pyhd8ed1ab_0             conda-forge
2025-02-23T16:43:27.9981100Z   jupyterlab_widgets             1.1.7                pyhd8ed1ab_0             conda-forge
2025-02-23T16:43:27.9981440Z   kiwisolver                     1.4.5                py312h389731b_1          conda-forge
2025-02-23T16:43:27.9981800Z   krb5                           1.21.2               h92f50d5_0               conda-forge
2025-02-23T16:43:27.9982110Z   latexcodec                     2.0.1                pyh9f0ad1d_0             conda-forge
2025-02-23T16:43:27.9982450Z   lcms2                          2.16                 ha0e7c42_0               conda-forge
2025-02-23T16:43:27.9982740Z   lerc                           4.0.0                h9a09cb3_0               conda-forge
2025-02-23T16:43:27.9983070Z   libaec                         1.1.3                hebf3989_0               conda-forge
2025-02-23T16:43:27.9983450Z   libasprintf                    0.22.5               h8fbad5d_2               conda-forge
2025-02-23T16:43:27.9983780Z   libasprintf-devel              0.22.5               h8fbad5d_2               conda-forge
2025-02-23T16:43:27.9984150Z   libblas                        3.9.0                22_osxarm64_openblas     conda-forge
2025-02-23T16:43:27.9984480Z   libbrotlicommon                1.1.0                hb547adb_1               conda-forge
2025-02-23T16:43:27.9984870Z   libbrotlidec                   1.1.0                hb547adb_1               conda-forge
2025-02-23T16:43:27.9985190Z   libbrotlienc                   1.1.0                hb547adb_1               conda-forge
2025-02-23T16:43:27.9985520Z   libcblas                       3.9.0                22_osxarm64_openblas     conda-forge
2025-02-23T16:43:27.9985990Z   libcurl                        8.8.0                h7b6f9a7_0               conda-forge
2025-02-23T16:43:27.9986350Z   libcxx                         17.0.6               h5f092b4_0               conda-forge
2025-02-23T16:43:27.9986660Z   libdeflate                     1.20                 h93a5062_0               conda-forge
2025-02-23T16:43:27.9987010Z   libedit                        3.1.20191231         hc8eb9b7_2               conda-forge
2025-02-23T16:43:27.9987370Z   libev                          4.33                 h93a5062_2               conda-forge
2025-02-23T16:43:27.9987880Z   libexpat                       2.6.2                hebf3989_0               conda-forge
2025-02-23T16:43:27.9988160Z   libffi                         3.4.2                h3422bc3_5               conda-forge
2025-02-23T16:43:27.9988440Z   libgd                          2.3.3                hfdf3952_9               conda-forge
2025-02-23T16:43:27.9988810Z   libgettextpo                   0.22.5               h8fbad5d_2               conda-forge
2025-02-23T16:43:27.9989190Z   libgettextpo-devel             0.22.5               h8fbad5d_2               conda-forge
2025-02-23T16:43:27.9989610Z   libgfortran                    5.0.0                13_2_0_hd922786_3        conda-forge
2025-02-23T16:43:27.9989980Z   libgfortran5                   13.2.0               hf226fd6_3               conda-forge
2025-02-23T16:43:27.9990350Z   libglib                        2.80.2               h59d46d9_1               conda-forge
2025-02-23T16:43:27.9990630Z   libiconv                       1.17                 h0d3ecfb_2               conda-forge
2025-02-23T16:43:27.9990980Z   libintl                        0.22.5               h8fbad5d_2               conda-forge
2025-02-23T16:43:27.9991300Z   libintl-devel                  0.22.5               h8fbad5d_2               conda-forge
2025-02-23T16:43:27.9991680Z   libjpeg-turbo                  3.0.0                hb547adb_1               conda-forge
2025-02-23T16:43:27.9992040Z   liblapack                      3.9.0                22_osxarm64_openblas     conda-forge
2025-02-23T16:43:27.9992370Z   libllvm14                      14.0.6               hd1a9a77_4               conda-forge
2025-02-23T16:43:27.9992690Z   libnghttp2                     1.58.0               ha4dd798_1               conda-forge
2025-02-23T16:43:27.9993050Z   libopenblas                    0.3.27               openmp_h6c19121_0        conda-forge
2025-02-23T16:43:27.9993480Z   libpng                         1.6.43               h091b4b1_0               conda-forge
2025-02-23T16:43:27.9993810Z   librsvg                        2.58.1               hbc281fb_0               conda-forge
2025-02-23T16:43:27.9994140Z   libsodium                      1.0.18               h27ca646_1               conda-forge
2025-02-23T16:43:27.9994590Z   libsqlite                      3.46.0               hfb93653_0               conda-forge
2025-02-23T16:43:27.9994920Z   libssh2                        1.11.0               h7a5bd25_0               conda-forge
2025-02-23T16:43:27.9995320Z   libtiff                        4.6.0                h07db509_3               conda-forge
2025-02-23T16:43:27.9995680Z   libwebp                        1.4.0                h54798ee_0               conda-forge
2025-02-23T16:43:27.9996030Z   libwebp-base                   1.4.0                h93a5062_0               conda-forge
2025-02-23T16:43:27.9996430Z   libxcb                         1.16                 hf2054a2_0               conda-forge
2025-02-23T16:43:27.9996760Z   libxml2                        2.12.7               ha661575_1               conda-forge
2025-02-23T16:43:27.9997090Z   libxslt                        1.1.39               h223e5b9_0               conda-forge
2025-02-23T16:43:27.9997470Z   libzlib                        1.3.1                hfb2fe0b_1               conda-forge
2025-02-23T16:43:27.9997860Z   llvm-openmp                    18.1.7               hde57baf_0               conda-forge
2025-02-23T16:43:27.9999110Z   llvmlite                       0.42.0               py312h17030e7_1          conda-forge
2025-02-23T16:43:27.9999470Z   lxml                           5.2.2                py312h0e5ab22_0          conda-forge
2025-02-23T16:43:27.9999790Z   lz4-c                          1.9.4                hb7217d7_0               conda-forge
2025-02-23T16:43:28.0000160Z   markupsafe                     2.1.5                py312he37b823_0          conda-forge
2025-02-23T16:43:28.0000520Z   matplotlib-base                3.8.4                py312h4479663_2          conda-forge
2025-02-23T16:43:28.0000980Z   matplotlib-inline              0.1.7                pyhd8ed1ab_0             conda-forge
2025-02-23T16:43:28.0001370Z   mistune                        3.0.2                pyhd8ed1ab_0             conda-forge
2025-02-23T16:43:28.0001710Z   mpc                            1.3.1                h91ba8db_0               conda-forge
2025-02-23T16:43:28.0002070Z   mpfr                           4.2.1                h41d338b_1               conda-forge
2025-02-23T16:43:28.0002400Z   mpmath                         1.3.0                pyhd8ed1ab_0             conda-forge
2025-02-23T16:43:28.0002810Z   munkres                        1.1.4                pyh9f0ad1d_0             conda-forge
2025-02-23T16:43:28.0003120Z   mypy_extensions                1.0.0                pyha770c72_0             conda-forge
2025-02-23T16:43:28.0003580Z   nbclassic                      1.1.0                pyhd8ed1ab_0             conda-forge
2025-02-23T16:43:28.0004030Z   nbclient                       0.10.0               pyhd8ed1ab_0             conda-forge
2025-02-23T16:43:28.0004410Z   nbconvert                      7.16.4               hd8ed1ab_1               conda-forge
2025-02-23T16:43:28.0004810Z   nbconvert-core                 7.16.4               pyhd8ed1ab_1             conda-forge
2025-02-23T16:43:28.0005180Z   nbconvert-pandoc               7.16.4               hd8ed1ab_1               conda-forge
2025-02-23T16:43:28.0005550Z   nbformat                       5.10.4               pyhd8ed1ab_0             conda-forge
2025-02-23T16:43:28.0005840Z   nbsphinx                       0.9.4                pyhd8ed1ab_0             conda-forge
2025-02-23T16:43:28.0006260Z   ncurses                        6.5                  hb89a1cb_0               conda-forge
2025-02-23T16:43:28.0006610Z   nest-asyncio                   1.6.0                pyhd8ed1ab_0             conda-forge
2025-02-23T16:43:28.0006960Z   networkx                       3.3                  pyhd8ed1ab_1             conda-forge
2025-02-23T16:43:28.0007260Z   notebook                       7.2.1                pyhd8ed1ab_0             conda-forge
2025-02-23T16:43:28.0007610Z   notebook-shim                  0.2.4                pyhd8ed1ab_0             conda-forge
2025-02-23T16:43:28.0007960Z   numba                          0.59.1               py312hbaff935_0          conda-forge
2025-02-23T16:43:28.0008250Z   numexpr                        2.10.0               py312h8ae5369_0          conda-forge
2025-02-23T16:43:28.0008540Z   numpy                          1.26.4               py312h8442bc7_0          conda-forge
2025-02-23T16:43:28.0008830Z   numpydoc                       1.7.0                pyhd8ed1ab_1             conda-forge
2025-02-23T16:43:28.0009130Z   openjpeg                       2.5.2                h9f1df11_0               conda-forge
2025-02-23T16:43:28.0009420Z   openssl                        3.3.1                hfb2fe0b_0               conda-forge
2025-02-23T16:43:28.0009720Z   overrides                      7.7.0                pyhd8ed1ab_0             conda-forge
2025-02-23T16:43:28.0010030Z   packaging                      24.1                 pyhd8ed1ab_0             conda-forge
2025-02-23T16:43:28.0010320Z   pandas                         2.2.2                py312h8ae5369_1          conda-forge
2025-02-23T16:43:28.0010610Z   pandoc                         3.2                  hce30654_0               conda-forge
2025-02-23T16:43:28.0010960Z   pandocfilters                  1.5.0                pyhd8ed1ab_0             conda-forge
2025-02-23T16:43:28.0011670Z   pango                          1.54.0               h5cb9fbc_0               conda-forge
2025-02-23T16:43:28.0011940Z   parso                          0.8.4                pyhd8ed1ab_0             conda-forge
2025-02-23T16:43:28.0012230Z   pathspec                       0.12.1               pyhd8ed1ab_0             conda-forge
2025-02-23T16:43:28.0012510Z   pbr                            6.0.0                pyhd8ed1ab_0             conda-forge
2025-02-23T16:43:28.0012790Z   pcre2                          10.44                h297a79d_0               conda-forge
2025-02-23T16:43:28.0013210Z   pexpect                        4.9.0                pyhd8ed1ab_0             conda-forge
2025-02-23T16:43:28.0013500Z   pickleshare                    0.7.5                py_1003                  conda-forge
2025-02-23T16:43:28.0013800Z   pillow                         10.3.0               py312h39b1d8d_1          conda-forge
2025-02-23T16:43:28.0014080Z   pip                            24.0                 pyhd8ed1ab_0             conda-forge
2025-02-23T16:43:28.0014350Z   pixman                         0.43.4               hebf3989_0               conda-forge
2025-02-23T16:43:28.0014670Z   pkgutil-resolve-name           1.3.10               pyhd8ed1ab_1             conda-forge
2025-02-23T16:43:28.0015010Z   platformdirs                   4.2.2                pyhd8ed1ab_0             conda-forge
2025-02-23T16:43:28.0015310Z   plotly                         5.22.0               pyhd8ed1ab_0             conda-forge
2025-02-23T16:43:28.0015590Z   pluggy                         1.5.0                pyhd8ed1ab_0             conda-forge
2025-02-23T16:43:28.0015910Z   prometheus_client              0.20.0               pyhd8ed1ab_0             conda-forge
2025-02-23T16:43:28.0016240Z   prompt-toolkit                 3.0.47               pyha770c72_0             conda-forge
2025-02-23T16:43:28.0016550Z   psutil                         5.9.8                py312he37b823_0          conda-forge
2025-02-23T16:43:28.0016840Z   pthread-stubs                  0.4                  h27ca646_1001            conda-forge
2025-02-23T16:43:28.0017150Z   ptyprocess                     0.7.0                pyhd3deb0d_0             conda-forge
2025-02-23T16:43:28.0017450Z   pure_eval                      0.2.2                pyhd8ed1ab_0             conda-forge
2025-02-23T16:43:28.0017740Z   py-cpuinfo                     9.0.0                pyhd8ed1ab_0             conda-forge
2025-02-23T16:43:28.0018030Z   pybtex                         0.24.0               pyhd8ed1ab_2             conda-forge
2025-02-23T16:43:28.0018340Z   pybtex-docutils                1.0.3                py312h81bd7bf_1          conda-forge
2025-02-23T16:43:28.0018650Z   pycparser                      2.22                 pyhd8ed1ab_0             conda-forge
2025-02-23T16:43:28.0018940Z   pyerfa                         2.0.1.4              py312hbebd99a_1          conda-forge
2025-02-23T16:43:28.0019230Z   pygments                       2.18.0               pyhd8ed1ab_0             conda-forge
2025-02-23T16:43:28.0019530Z   pygraphviz                     1.13                 py312h5f4d302_1          conda-forge
2025-02-23T16:43:28.0019840Z   pyobjc-core                    10.3.1               py312hbb55c70_0          conda-forge
2025-02-23T16:43:28.0020180Z   pyobjc-framework-cocoa         10.3.1               py312hbb55c70_0          conda-forge
2025-02-23T16:43:28.0020510Z   pyparsing                      3.1.2                pyhd8ed1ab_0             conda-forge
2025-02-23T16:43:28.0020810Z   pysocks                        1.7.1                pyha2e5f31_6             conda-forge
2025-02-23T16:43:28.0021100Z   pytables                       3.9.2                py312hb622ae1_2          conda-forge
2025-02-23T16:43:28.0021380Z   pytest                         8.2.2                pyhd8ed1ab_0             conda-forge
2025-02-23T16:43:28.0021670Z   pytest-cov                     5.0.0                pyhd8ed1ab_0             conda-forge
2025-02-23T16:43:28.0022110Z   pytest-doctestplus             1.2.1                pyhd8ed1ab_0             conda-forge
2025-02-23T16:43:28.0022440Z   pytest-html                    4.1.1                pyhd8ed1ab_0             conda-forge
2025-02-23T16:43:28.0022760Z   pytest-metadata                3.1.1                pyhd8ed1ab_0             conda-forge
2025-02-23T16:43:28.0023070Z   python                         3.12.4               h30c5eda_0_cpython       conda-forge
2025-02-23T16:43:28.0023370Z   python-dateutil                2.9.0                pyhd8ed1ab_0             conda-forge
2025-02-23T16:43:28.0024010Z   python-fastjsonschema          2.20.0               pyhd8ed1ab_0             conda-forge
2025-02-23T16:43:28.0024370Z   python-json-logger             2.0.7                pyhd8ed1ab_0             conda-forge
2025-02-23T16:43:28.0024710Z   python-tzdata                  2024.1               pyhd8ed1ab_0             conda-forge
2025-02-23T16:43:28.0025020Z   python_abi                     3.12                 4_cp312                  conda-forge
2025-02-23T16:43:28.0025310Z   pytz                           2024.1               pyhd8ed1ab_0             conda-forge
2025-02-23T16:43:28.0025590Z   pyyaml                         6.0.1                py312h02f2b3b_1          conda-forge
2025-02-23T16:43:28.0025870Z   pyzmq                          26.0.3               py312hfa13136_0          conda-forge
2025-02-23T16:43:28.0026150Z   qgrid                          1.3.1                pyhd8ed1ab_4             conda-forge
2025-02-23T16:43:28.0026460Z   radioactivedecay               0.5.1                pyhd8ed1ab_0             conda-forge
2025-02-23T16:43:28.0026770Z   readline                       8.2                  h92ec313_1               conda-forge
2025-02-23T16:43:28.0027070Z   recommonmark                   0.7.1                pyhd8ed1ab_0             conda-forge
2025-02-23T16:43:28.0027380Z   referencing                    0.35.1               pyhd8ed1ab_0             conda-forge
2025-02-23T16:43:28.0027680Z   requests                       2.32.3               pyhd8ed1ab_0             conda-forge
2025-02-23T16:43:28.0028000Z   rfc3339-validator              0.1.4                pyhd8ed1ab_0             conda-forge
2025-02-23T16:43:28.0028320Z   rfc3986-validator              0.1.1                pyh9f0ad1d_0             conda-forge
2025-02-23T16:43:28.0028630Z   rpds-py                        0.18.1               py312h552d48e_0          conda-forge
2025-02-23T16:43:28.0028910Z   ruff                           0.4.9                py312h3402d49_0          conda-forge
2025-02-23T16:43:28.0029190Z   scipy                          1.13.1               py312h14ffa8f_0          conda-forge
2025-02-23T16:43:28.0029480Z   send2trash                     1.8.3                pyh31c8845_0             conda-forge
2025-02-23T16:43:28.0029770Z   setuptools                     70.0.0               pyhd8ed1ab_0             conda-forge
2025-02-23T16:43:28.0030090Z   setuptools-scm                 8.1.0                pyhd8ed1ab_0             conda-forge
2025-02-23T16:43:28.0030410Z   setuptools_scm                 8.1.0                hd8ed1ab_0               conda-forge
2025-02-23T16:43:28.0030710Z   six                            1.16.0               pyh6c4a22f_0             conda-forge
2025-02-23T16:43:28.0030990Z   snakeviz                       2.2.0                pyhd8ed1ab_0             conda-forge
2025-02-23T16:43:28.0031260Z   snappy                         1.2.0                hd04f947_1               conda-forge
2025-02-23T16:43:28.0031550Z   sniffio                        1.3.1                pyhd8ed1ab_0             conda-forge
2025-02-23T16:43:28.0031860Z   snowballstemmer                2.2.0                pyhd8ed1ab_0             conda-forge
2025-02-23T16:43:28.0032180Z   soupsieve                      2.5                  pyhd8ed1ab_1             conda-forge
2025-02-23T16:43:28.0032470Z   sphinx                         7.3.7                pyhd8ed1ab_0             conda-forge
2025-02-23T16:43:28.0032920Z   sphinx-astropy                 1.9.1                pyhd8ed1ab_0             conda-forge
2025-02-23T16:43:28.0033250Z   sphinx-automodapi              0.17.0               pyh717bed2_1             conda-forge
2025-02-23T16:43:28.0033590Z   sphinx-gallery                 0.16.0               pyhd8ed1ab_0             conda-forge
2025-02-23T16:43:28.0033920Z   sphinx-jsonschema              1.19.1               pyhd8ed1ab_0             conda-forge
2025-02-23T16:43:28.0034260Z   sphinx_bootstrap_theme         0.8.1                pyhd8ed1ab_0             conda-forge
2025-02-23T16:43:28.0034720Z   sphinx_rtd_theme               2.0.0                pyha770c72_0             conda-forge
2025-02-23T16:43:28.0035050Z   sphinxcontrib-apidoc           0.3.0                py_1                     conda-forge
2025-02-23T16:43:28.0035410Z   sphinxcontrib-applehelp        1.0.8                pyhd8ed1ab_0             conda-forge
2025-02-23T16:43:28.0035780Z   sphinxcontrib-bibtex           2.6.2                pyhd8ed1ab_0             conda-forge
2025-02-23T16:43:28.0036140Z   sphinxcontrib-devhelp          1.0.6                pyhd8ed1ab_0             conda-forge
2025-02-23T16:43:28.0036500Z   sphinxcontrib-htmlhelp         2.0.5                pyhd8ed1ab_0             conda-forge
2025-02-23T16:43:28.0036860Z   sphinxcontrib-jquery           4.1                  pyhd8ed1ab_0             conda-forge
2025-02-23T16:43:28.0037210Z   sphinxcontrib-jsmath           1.0.1                pyhd8ed1ab_0             conda-forge
2025-02-23T16:43:28.0037570Z   sphinxcontrib-qthelp           1.0.7                pyhd8ed1ab_0             conda-forge
2025-02-23T16:43:28.0037950Z   sphinxcontrib-serializinghtml  1.1.10               pyhd8ed1ab_0             conda-forge
2025-02-23T16:43:28.0038300Z   stack_data                     0.6.2                pyhd8ed1ab_0             conda-forge
2025-02-23T16:43:28.0038590Z   sympy                          1.12.1               pypyh2585a3b_103         conda-forge
2025-02-23T16:43:28.0038890Z   tabulate                       0.9.0                pyhd8ed1ab_1             conda-forge
2025-02-23T16:43:28.0039190Z   tenacity                       8.4.1                pyhd8ed1ab_0             conda-forge
2025-02-23T16:43:28.0039490Z   terminado                      0.18.1               pyh31c8845_0             conda-forge
2025-02-23T16:43:28.0039780Z   tinycss2                       1.3.0                pyhd8ed1ab_0             conda-forge
2025-02-23T16:43:28.0040060Z   tk                             8.6.13               h5083fa2_1               conda-forge
2025-02-23T16:43:28.0040330Z   toml                           0.10.2               pyhd8ed1ab_0             conda-forge
2025-02-23T16:43:28.0040610Z   tomli                          2.0.1                pyhd8ed1ab_0             conda-forge
2025-02-23T16:43:28.0040900Z   tornado                        6.4.1                py312h7e5086c_0          conda-forge
2025-02-23T16:43:28.0041170Z   tqdm                           4.66.4               pyhd8ed1ab_0             conda-forge
2025-02-23T16:43:28.0041440Z   traitlets                      5.14.3               pyhd8ed1ab_0             conda-forge
2025-02-23T16:43:28.0041730Z   typed-ast                      1.5.5                py312h02f2b3b_1          conda-forge
2025-02-23T16:43:28.0042040Z   types-python-dateutil          2.9.0.20240316       pyhd8ed1ab_0             conda-forge
2025-02-23T16:43:28.0042380Z   typing-extensions              4.12.2               hd8ed1ab_0               conda-forge
2025-02-23T16:43:28.0042700Z   typing_extensions              4.12.2               pyha770c72_0             conda-forge
2025-02-23T16:43:28.0043000Z   typing_utils                   0.1.0                pyhd8ed1ab_0             conda-forge
2025-02-23T16:43:28.0043290Z   tzdata                         2024a                h0c530f3_0               conda-forge
2025-02-23T16:43:28.0043680Z   uri-template                   1.3.0                pyhd8ed1ab_0             conda-forge
2025-02-23T16:43:28.0044230Z   urllib3                        2.2.2                pyhd8ed1ab_0             conda-forge
2025-02-23T16:43:28.0044640Z   wcwidth                        0.2.13               pyhd8ed1ab_0             conda-forge
2025-02-23T16:43:28.0044990Z   webcolors                      24.6.0               pyhd8ed1ab_0             conda-forge
2025-02-23T16:43:28.0045650Z   webencodings                   0.5.1                pyhd8ed1ab_2             conda-forge
2025-02-23T16:43:28.0046110Z   websocket-client               1.8.0                pyhd8ed1ab_0             conda-forge
2025-02-23T16:43:28.0046700Z   wheel                          0.43.0               pyhd8ed1ab_1             conda-forge
2025-02-23T16:43:28.0047050Z   widgetsnbextension             3.6.6                pyhd8ed1ab_0             conda-forge
2025-02-23T16:43:28.0047480Z   xorg-libxau                    1.0.11               hb547adb_0               conda-forge
2025-02-23T16:43:28.0047830Z   xorg-libxdmcp                  1.1.3                h27ca646_0               conda-forge
2025-02-23T16:43:28.0054400Z   xz                             5.2.6                h57fd34a_0               conda-forge
2025-02-23T16:43:28.0054700Z   yaml                           0.2.5                h3422bc3_2               conda-forge
2025-02-23T16:43:28.0054990Z   zeromq                         4.3.5                hcc0f68c_4               conda-forge
2025-02-23T16:43:28.0055270Z   zipp                           3.19.2               pyhd8ed1ab_0             conda-forge
2025-02-23T16:43:28.0055530Z   zlib                           1.3.1                hfb2fe0b_1               conda-forge
2025-02-23T16:43:28.0055800Z   zlib-ng                        2.0.7                h1a8c8d9_0               conda-forge
2025-02-23T16:43:28.0056070Z   zstd                           1.5.6                hb46c0d2_0               conda-forge
2025-02-23T16:43:28.0056500Z ##[endgroup]
