2025-01-14T19:15:20.6961011Z Requested labels: ubuntu-latest
2025-01-14T19:15:20.6961302Z Job defined at: tardis-sn/tardis/.github/workflows/tests.yml@refs/pull/2800/merge
2025-01-14T19:15:20.6961416Z Waiting for a runner to pick up this job...
2025-01-14T19:15:20.9562327Z Job is waiting for a hosted runner to come online.
2025-01-14T19:15:23.2077079Z Job is about to start running on the hosted runner: GitHub Actions 41 (hosted)
2025-01-14T19:15:24.6794303Z Current runner version: '2.321.0'
2025-01-14T19:15:24.6824396Z ##[group]Operating System
2025-01-14T19:15:24.6825181Z Ubuntu
2025-01-14T19:15:24.6825654Z 24.04.1
2025-01-14T19:15:24.6826216Z LTS
2025-01-14T19:15:24.6826698Z ##[endgroup]
2025-01-14T19:15:24.6827210Z ##[group]Runner Image
2025-01-14T19:15:24.6827812Z Image: ubuntu-24.04
2025-01-14T19:15:24.6828319Z Version: 20250113.1.0
2025-01-14T19:15:24.6829333Z Included Software: https://github.com/actions/runner-images/blob/ubuntu24/20250113.1/images/ubuntu/Ubuntu2404-Readme.md
2025-01-14T19:15:24.6830739Z Image Release: https://github.com/actions/runner-images/releases/tag/ubuntu24%2F20250113.1
2025-01-14T19:15:24.6831616Z ##[endgroup]
2025-01-14T19:15:24.6832449Z ##[group]Runner Image Provisioner
2025-01-14T19:15:24.6833105Z 2.0.414.1
2025-01-14T19:15:24.6833578Z ##[endgroup]
2025-01-14T19:15:24.6835723Z ##[group]GITHUB_TOKEN Permissions
2025-01-14T19:15:24.6838332Z Actions: read
2025-01-14T19:15:24.6839223Z Attestations: read
2025-01-14T19:15:24.6839868Z Checks: read
2025-01-14T19:15:24.6840350Z Contents: read
2025-01-14T19:15:24.6840885Z Deployments: read
2025-01-14T19:15:24.6841409Z Discussions: read
2025-01-14T19:15:24.6841883Z Issues: read
2025-01-14T19:15:24.6842688Z Metadata: read
2025-01-14T19:15:24.6843212Z Packages: read
2025-01-14T19:15:24.6843712Z Pages: read
2025-01-14T19:15:24.6844247Z PullRequests: read
2025-01-14T19:15:24.6844794Z RepositoryProjects: read
2025-01-14T19:15:24.6845330Z SecurityEvents: read
2025-01-14T19:15:24.6845880Z Statuses: read
2025-01-14T19:15:24.6846411Z ##[endgroup]
2025-01-14T19:15:24.6849398Z Secret source: None
2025-01-14T19:15:24.6850731Z Prepare workflow directory
2025-01-14T19:15:24.7496823Z Prepare all required actions
2025-01-14T19:15:24.7533520Z Getting action download info
2025-01-14T19:15:24.9298813Z Download action repository 'actions/checkout@v4' (SHA:11bd71901bbe5b1630ceea73d27597364c9af683)
2025-01-14T19:15:25.0273631Z Download action repository 'actions/upload-artifact@v4' (SHA:65c4c4a1ddee5b72f698fdd19549f0f0fb45cf08)
2025-01-14T19:15:25.3971021Z Complete job name:  continuum ubuntu-latest 
2025-01-14T19:15:25.4705357Z ##[group]Run actions/checkout@v4
2025-01-14T19:15:25.4707248Z with:
2025-01-14T19:15:25.4707895Z   repository: tardis-sn/tardis
2025-01-14T19:15:25.4708566Z   token: ***
2025-01-14T19:15:25.4708937Z   ssh-strict: true
2025-01-14T19:15:25.4709324Z   ssh-user: git
2025-01-14T19:15:25.4709718Z   persist-credentials: true
2025-01-14T19:15:25.4710157Z   clean: true
2025-01-14T19:15:25.4710544Z   sparse-checkout-cone-mode: true
2025-01-14T19:15:25.4711017Z   fetch-depth: 1
2025-01-14T19:15:25.4711394Z   fetch-tags: false
2025-01-14T19:15:25.4711781Z   show-progress: true
2025-01-14T19:15:25.4712441Z   lfs: false
2025-01-14T19:15:25.4712818Z   submodules: false
2025-01-14T19:15:25.4713330Z   set-safe-directory: true
2025-01-14T19:15:25.4714139Z env:
2025-01-14T19:15:25.4714491Z   CACHE_NUMBER: 0
2025-01-14T19:15:25.4715622Z   PYTEST_FLAGS: --tardis-regression-data=/home/runner/work/tardis/tardis/tardis-regression-data --cov=tardis --cov-report=xml --cov-report=html --cov-append
2025-01-14T19:15:25.4716860Z   CODECOV_TOKEN: 
2025-01-14T19:15:25.4717232Z ##[endgroup]
2025-01-14T19:15:25.6743159Z Syncing repository: tardis-sn/tardis
2025-01-14T19:15:25.6744853Z ##[group]Getting Git version info
2025-01-14T19:15:25.6745515Z Working directory is '/home/runner/work/tardis/tardis'
2025-01-14T19:15:25.6746736Z [command]/usr/bin/git version
2025-01-14T19:15:25.6855573Z git version 2.48.0
2025-01-14T19:15:25.6899613Z ##[endgroup]
2025-01-14T19:15:25.6919440Z Temporarily overriding HOME='/home/runner/work/_temp/f03de668-89ed-4c00-9c6c-09aa2fd84b7f' before making global git config changes
2025-01-14T19:15:25.6920923Z Adding repository directory to the temporary git global config as a safe directory
2025-01-14T19:15:25.6927384Z [command]/usr/bin/git config --global --add safe.directory /home/runner/work/tardis/tardis
2025-01-14T19:15:25.6970211Z Deleting the contents of '/home/runner/work/tardis/tardis'
2025-01-14T19:15:25.6975616Z ##[group]Initializing the repository
2025-01-14T19:15:25.6981192Z [command]/usr/bin/git init /home/runner/work/tardis/tardis
2025-01-14T19:15:25.7073168Z hint: Using 'master' as the name for the initial branch. This default branch name
2025-01-14T19:15:25.7074697Z hint: is subject to change. To configure the initial branch name to use in all
2025-01-14T19:15:25.7075662Z hint: of your new repositories, which will suppress this warning, call:
2025-01-14T19:15:25.7076355Z hint:
2025-01-14T19:15:25.7076846Z hint: 	git config --global init.defaultBranch <name>
2025-01-14T19:15:25.7077656Z hint:
2025-01-14T19:15:25.7078603Z hint: Names commonly chosen instead of 'master' are 'main', 'trunk' and
2025-01-14T19:15:25.7080190Z hint: 'development'. The just-created branch can be renamed via this command:
2025-01-14T19:15:25.7081462Z hint:
2025-01-14T19:15:25.7082283Z hint: 	git branch -m <name>
2025-01-14T19:15:25.7083201Z Initialized empty Git repository in /home/runner/work/tardis/tardis/.git/
2025-01-14T19:15:25.7097469Z [command]/usr/bin/git remote add origin https://github.com/tardis-sn/tardis
2025-01-14T19:15:25.7137028Z ##[endgroup]
2025-01-14T19:15:25.7138337Z ##[group]Disabling automatic garbage collection
2025-01-14T19:15:25.7141230Z [command]/usr/bin/git config --local gc.auto 0
2025-01-14T19:15:25.7173470Z ##[endgroup]
2025-01-14T19:15:25.7174602Z ##[group]Setting up auth
2025-01-14T19:15:25.7181030Z [command]/usr/bin/git config --local --name-only --get-regexp core\.sshCommand
2025-01-14T19:15:25.7213613Z [command]/usr/bin/git submodule foreach --recursive sh -c "git config --local --name-only --get-regexp 'core\.sshCommand' && git config --local --unset-all 'core.sshCommand' || :"
2025-01-14T19:15:25.7622891Z [command]/usr/bin/git config --local --name-only --get-regexp http\.https\:\/\/github\.com\/\.extraheader
2025-01-14T19:15:25.7634617Z [command]/usr/bin/git submodule foreach --recursive sh -c "git config --local --name-only --get-regexp 'http\.https\:\/\/github\.com\/\.extraheader' && git config --local --unset-all 'http.https://github.com/.extraheader' || :"
2025-01-14T19:15:25.7891282Z [command]/usr/bin/git config --local http.https://github.com/.extraheader AUTHORIZATION: basic ***
2025-01-14T19:15:25.7931471Z ##[endgroup]
2025-01-14T19:15:25.7932998Z ##[group]Fetching the repository
2025-01-14T19:15:25.7942651Z [command]/usr/bin/git -c protocol.version=2 fetch --no-tags --prune --no-recurse-submodules --depth=1 origin +7c601404ae83b064a066ce03146738e886c260e3:refs/remotes/pull/2800/merge
2025-01-14T19:15:26.9448071Z From https://github.com/tardis-sn/tardis
2025-01-14T19:15:26.9452314Z  * [new ref]         7c601404ae83b064a066ce03146738e886c260e3 -> pull/2800/merge
2025-01-14T19:15:26.9475265Z ##[endgroup]
2025-01-14T19:15:26.9476557Z ##[group]Determining the checkout info
2025-01-14T19:15:26.9478147Z ##[endgroup]
2025-01-14T19:15:26.9484582Z [command]/usr/bin/git sparse-checkout disable
2025-01-14T19:15:26.9530449Z [command]/usr/bin/git config --local --unset-all extensions.worktreeConfig
2025-01-14T19:15:26.9566671Z ##[group]Checking out the ref
2025-01-14T19:15:26.9568137Z [command]/usr/bin/git checkout --progress --force refs/remotes/pull/2800/merge
2025-01-14T19:15:27.1557257Z Note: switching to 'refs/remotes/pull/2800/merge'.
2025-01-14T19:15:27.1558539Z 
2025-01-14T19:15:27.1559121Z You are in 'detached HEAD' state. You can look around, make experimental
2025-01-14T19:15:27.1560444Z changes and commit them, and you can discard any commits you make in this
2025-01-14T19:15:27.1561663Z state without impacting any branches by switching back to a branch.
2025-01-14T19:15:27.1562649Z 
2025-01-14T19:15:27.1563205Z If you want to create a new branch to retain commits you create, you may
2025-01-14T19:15:27.1564329Z do so (now or later) by using -c with the switch command. Example:
2025-01-14T19:15:27.1564966Z 
2025-01-14T19:15:27.1565294Z   git switch -c <new-branch-name>
2025-01-14T19:15:27.1565761Z 
2025-01-14T19:15:27.1566091Z Or undo this operation with:
2025-01-14T19:15:27.1566561Z 
2025-01-14T19:15:27.1567177Z   git switch -
2025-01-14T19:15:27.1567596Z 
2025-01-14T19:15:27.1568225Z Turn off this advice by setting config variable advice.detachedHead to false
2025-01-14T19:15:27.1569072Z 
2025-01-14T19:15:27.1570018Z HEAD is now at 7c60140 Merge fdb1247af7d950592cf42b038997b061d6154e0b into 0a0ecbf696b4e55deb381c19da0fde1b492cf5ee
2025-01-14T19:15:27.1615555Z ##[endgroup]
2025-01-14T19:15:27.1618953Z [command]/usr/bin/git log -1 --format=%H
2025-01-14T19:15:27.1643406Z 7c601404ae83b064a066ce03146738e886c260e3
2025-01-14T19:15:27.1996628Z Prepare all required actions
2025-01-14T19:15:27.1998050Z Getting action download info
2025-01-14T19:15:27.3064738Z Download action repository 'actions/cache@v4' (SHA:1bd1e32a3bdc45362d1e726936510720a7c30a57)
2025-01-14T19:15:27.4482567Z ##[group]Run ./.github/actions/setup_lfs
2025-01-14T19:15:27.4482951Z with:
2025-01-14T19:15:27.4483287Z   regression-data-repo: tardis-sn/tardis-regression-data
2025-01-14T19:15:27.4483664Z env:
2025-01-14T19:15:27.4483947Z   CACHE_NUMBER: 0
2025-01-14T19:15:27.4484670Z   PYTEST_FLAGS: --tardis-regression-data=/home/runner/work/tardis/tardis/tardis-regression-data --cov=tardis --cov-report=xml --cov-report=html --cov-append
2025-01-14T19:15:27.4485428Z   CODECOV_TOKEN: 
2025-01-14T19:15:27.4485679Z ##[endgroup]
2025-01-14T19:15:27.4617246Z ##[group]Run actions/checkout@v4
2025-01-14T19:15:27.4617591Z with:
2025-01-14T19:15:27.4617886Z   repository: tardis-sn/tardis-regression-data
2025-01-14T19:15:27.4618260Z   path: tardis-regression-data
2025-01-14T19:15:27.4618776Z   token: ***
2025-01-14T19:15:27.4619039Z   ssh-strict: true
2025-01-14T19:15:27.4619297Z   ssh-user: git
2025-01-14T19:15:27.4619574Z   persist-credentials: true
2025-01-14T19:15:27.4619865Z   clean: true
2025-01-14T19:15:27.4620141Z   sparse-checkout-cone-mode: true
2025-01-14T19:15:27.4620461Z   fetch-depth: 1
2025-01-14T19:15:27.4620720Z   fetch-tags: false
2025-01-14T19:15:27.4620993Z   show-progress: true
2025-01-14T19:15:27.4621263Z   lfs: false
2025-01-14T19:15:27.4621523Z   submodules: false
2025-01-14T19:15:27.4621797Z   set-safe-directory: true
2025-01-14T19:15:27.4622267Z env:
2025-01-14T19:15:27.4622505Z   CACHE_NUMBER: 0
2025-01-14T19:15:27.4623255Z   PYTEST_FLAGS: --tardis-regression-data=/home/runner/work/tardis/tardis/tardis-regression-data --cov=tardis --cov-report=xml --cov-report=html --cov-append
2025-01-14T19:15:27.4624014Z   CODECOV_TOKEN: 
2025-01-14T19:15:27.4624266Z ##[endgroup]
2025-01-14T19:15:27.5584709Z Syncing repository: tardis-sn/tardis-regression-data
2025-01-14T19:15:27.5593300Z ##[group]Getting Git version info
2025-01-14T19:15:27.5594167Z Working directory is '/home/runner/work/tardis/tardis/tardis-regression-data'
2025-01-14T19:15:27.5641377Z [command]/usr/bin/git version
2025-01-14T19:15:27.5679855Z git version 2.48.0
2025-01-14T19:15:27.5706864Z ##[endgroup]
2025-01-14T19:15:27.5721495Z Temporarily overriding HOME='/home/runner/work/_temp/b2db8dda-b60e-4b75-9f59-c72a4ba52ef8' before making global git config changes
2025-01-14T19:15:27.5727533Z Adding repository directory to the temporary git global config as a safe directory
2025-01-14T19:15:27.5728630Z [command]/usr/bin/git config --global --add safe.directory /home/runner/work/tardis/tardis/tardis-regression-data
2025-01-14T19:15:27.5764660Z ##[group]Initializing the repository
2025-01-14T19:15:27.5770872Z [command]/usr/bin/git init /home/runner/work/tardis/tardis/tardis-regression-data
2025-01-14T19:15:27.5814171Z hint: Using 'master' as the name for the initial branch. This default branch name
2025-01-14T19:15:27.5815328Z hint: is subject to change. To configure the initial branch name to use in all
2025-01-14T19:15:27.5816108Z hint: of your new repositories, which will suppress this warning, call:
2025-01-14T19:15:27.5816550Z hint:
2025-01-14T19:15:27.5816890Z hint: 	git config --global init.defaultBranch <name>
2025-01-14T19:15:27.5817281Z hint:
2025-01-14T19:15:27.5817883Z hint: Names commonly chosen instead of 'master' are 'main', 'trunk' and
2025-01-14T19:15:27.5818850Z hint: 'development'. The just-created branch can be renamed via this command:
2025-01-14T19:15:27.5819932Z hint:
2025-01-14T19:15:27.5820352Z hint: 	git branch -m <name>
2025-01-14T19:15:27.5821291Z Initialized empty Git repository in /home/runner/work/tardis/tardis/tardis-regression-data/.git/
2025-01-14T19:15:27.5827444Z [command]/usr/bin/git remote add origin https://github.com/tardis-sn/tardis-regression-data
2025-01-14T19:15:27.5862900Z ##[endgroup]
2025-01-14T19:15:27.5863733Z ##[group]Disabling automatic garbage collection
2025-01-14T19:15:27.5868256Z [command]/usr/bin/git config --local gc.auto 0
2025-01-14T19:15:27.5899711Z ##[endgroup]
2025-01-14T19:15:27.5900465Z ##[group]Setting up auth
2025-01-14T19:15:27.5906915Z [command]/usr/bin/git config --local --name-only --get-regexp core\.sshCommand
2025-01-14T19:15:27.5939404Z [command]/usr/bin/git submodule foreach --recursive sh -c "git config --local --name-only --get-regexp 'core\.sshCommand' && git config --local --unset-all 'core.sshCommand' || :"
2025-01-14T19:15:27.6178074Z [command]/usr/bin/git config --local --name-only --get-regexp http\.https\:\/\/github\.com\/\.extraheader
2025-01-14T19:15:27.6212967Z [command]/usr/bin/git submodule foreach --recursive sh -c "git config --local --name-only --get-regexp 'http\.https\:\/\/github\.com\/\.extraheader' && git config --local --unset-all 'http.https://github.com/.extraheader' || :"
2025-01-14T19:15:27.6465870Z [command]/usr/bin/git config --local http.https://github.com/.extraheader AUTHORIZATION: basic ***
2025-01-14T19:15:27.6503340Z ##[endgroup]
2025-01-14T19:15:27.6503865Z ##[group]Determining the default branch
2025-01-14T19:15:27.6506561Z Retrieving the default branch name
2025-01-14T19:15:27.8532659Z Default branch 'main'
2025-01-14T19:15:27.8533973Z ##[endgroup]
2025-01-14T19:15:27.8534739Z ##[group]Fetching the repository
2025-01-14T19:15:27.8540395Z [command]/usr/bin/git -c protocol.version=2 fetch --no-tags --prune --no-recurse-submodules --depth=1 origin +refs/heads/main:refs/remotes/origin/main
2025-01-14T19:15:28.1196449Z From https://github.com/tardis-sn/tardis-regression-data
2025-01-14T19:15:28.1199148Z  * [new branch]      main       -> origin/main
2025-01-14T19:15:28.1225022Z ##[endgroup]
2025-01-14T19:15:28.1225796Z ##[group]Determining the checkout info
2025-01-14T19:15:28.1227927Z ##[endgroup]
2025-01-14T19:15:28.1233823Z [command]/usr/bin/git sparse-checkout disable
2025-01-14T19:15:28.1273305Z [command]/usr/bin/git config --local --unset-all extensions.worktreeConfig
2025-01-14T19:15:28.1303445Z ##[group]Checking out the ref
2025-01-14T19:15:28.1307687Z [command]/usr/bin/git checkout --progress --force -B main refs/remotes/origin/main
2025-01-14T19:15:28.8424157Z Switched to a new branch 'main'
2025-01-14T19:15:28.8424861Z branch 'main' set up to track 'origin/main'.
2025-01-14T19:15:28.8737043Z ##[endgroup]
2025-01-14T19:15:28.8784021Z [command]/usr/bin/git log -1 --format=%H
2025-01-14T19:15:28.8808628Z fa7729bc9c30e14b69acd641af8b692b56fcd416
2025-01-14T19:15:28.8956443Z ##[group]Run git lfs ls-files -l | cut -d' ' -f1 | sort > .lfs-assets-id
2025-01-14T19:15:28.8957026Z [36;1mgit lfs ls-files -l | cut -d' ' -f1 | sort > .lfs-assets-id[0m
2025-01-14T19:15:28.8989594Z shell: /usr/bin/bash --noprofile --norc -e -o pipefail {0}
2025-01-14T19:15:28.8989935Z env:
2025-01-14T19:15:28.8990109Z   CACHE_NUMBER: 0
2025-01-14T19:15:28.8990730Z   PYTEST_FLAGS: --tardis-regression-data=/home/runner/work/tardis/tardis/tardis-regression-data --cov=tardis --cov-report=xml --cov-report=html --cov-append
2025-01-14T19:15:28.8991406Z   CODECOV_TOKEN: 
2025-01-14T19:15:28.8991589Z ##[endgroup]
2025-01-14T19:15:29.0584215Z ##[group]Run actions/cache/restore@v4
2025-01-14T19:15:29.0584635Z with:
2025-01-14T19:15:29.0584945Z   path: tardis-regression-data/.git/lfs
2025-01-14T19:15:29.0585637Z   key: Linux-lfs-21f9fa4b6817cc69b9fae3598144724da7828e276a73bd17f47a2a49d9af090a-v1
2025-01-14T19:15:29.0586327Z   enableCrossOsArchive: false
2025-01-14T19:15:29.0586722Z   fail-on-cache-miss: false
2025-01-14T19:15:29.0587521Z   lookup-only: false
2025-01-14T19:15:29.0587860Z env:
2025-01-14T19:15:29.0588166Z   CACHE_NUMBER: 0
2025-01-14T19:15:29.0589209Z   PYTEST_FLAGS: --tardis-regression-data=/home/runner/work/tardis/tardis/tardis-regression-data --cov=tardis --cov-report=xml --cov-report=html --cov-append
2025-01-14T19:15:29.0590340Z   CODECOV_TOKEN: 
2025-01-14T19:15:29.0590642Z ##[endgroup]
2025-01-14T19:15:30.3470746Z Received 356515840 of 1708418946 (20.9%), 339.0 MBs/sec
2025-01-14T19:15:31.3470902Z Received 817889280 of 1708418946 (47.9%), 389.4 MBs/sec
2025-01-14T19:15:32.3493654Z Received 1241513984 of 1708418946 (72.7%), 394.1 MBs/sec
2025-01-14T19:15:33.3547423Z Received 1581252608 of 1708418946 (92.6%), 376.0 MBs/sec
2025-01-14T19:15:33.6674145Z Cache Size: ~1629 MB (1708418946 B)
2025-01-14T19:15:33.6721920Z [command]/usr/bin/tar -xf /home/runner/work/_temp/5d825154-f236-4c57-a9af-29e85d65acdf/cache.tzst -P -C /home/runner/work/tardis/tardis --use-compress-program unzstd
2025-01-14T19:15:34.3556498Z Received 1708418946 of 1708418946 (100.0%), 325.1 MBs/sec
2025-01-14T19:15:40.0157299Z Cache restored successfully
2025-01-14T19:15:40.3372932Z Cache restored from key: Linux-lfs-21f9fa4b6817cc69b9fae3598144724da7828e276a73bd17f47a2a49d9af090a-v1
2025-01-14T19:15:40.3556657Z ##[group]Run git lfs checkout
2025-01-14T19:15:40.3556921Z [36;1mgit lfs checkout[0m
2025-01-14T19:15:40.3583803Z shell: /usr/bin/bash --noprofile --norc -e -o pipefail {0}
2025-01-14T19:15:40.3584115Z env:
2025-01-14T19:15:40.3584284Z   CACHE_NUMBER: 0
2025-01-14T19:15:40.3584900Z   PYTEST_FLAGS: --tardis-regression-data=/home/runner/work/tardis/tardis/tardis-regression-data --cov=tardis --cov-report=xml --cov-report=html --cov-append
2025-01-14T19:15:40.3585523Z   CODECOV_TOKEN: 
2025-01-14T19:15:40.3585704Z ##[endgroup]
2025-01-14T19:15:51.7037907Z Checking out LFS objects: 100% (204/204), 3.5 GB | 341 MB/s, done.
2025-01-14T19:15:54.9737991Z Prepare all required actions
2025-01-14T19:15:54.9738493Z Getting action download info
2025-01-14T19:15:55.0698855Z Download action repository 'mamba-org/setup-micromamba@v1' (SHA:4b9113af4fba0e9e1124b252dd6497a419e7396d)
2025-01-14T19:15:55.2862710Z ##[group]Run ./.github/actions/setup_env
2025-01-14T19:15:55.2862981Z with:
2025-01-14T19:15:55.2863165Z   os-label: linux-64
2025-01-14T19:15:55.2863369Z env:
2025-01-14T19:15:55.2863534Z   CACHE_NUMBER: 0
2025-01-14T19:15:55.2864138Z   PYTEST_FLAGS: --tardis-regression-data=/home/runner/work/tardis/tardis/tardis-regression-data --cov=tardis --cov-report=xml --cov-report=html --cov-append
2025-01-14T19:15:55.2864776Z   CODECOV_TOKEN: 
2025-01-14T19:15:55.2864958Z ##[endgroup]
2025-01-14T19:15:55.2885493Z ##[group]Run file_hash=$(cat conda-linux-64.lock | shasum -a 256 | cut -d' ' -f1)
2025-01-14T19:15:55.2885984Z [36;1mfile_hash=$(cat conda-linux-64.lock | shasum -a 256 | cut -d' ' -f1)[0m
2025-01-14T19:15:55.2886416Z [36;1mecho "file_hash=$file_hash" >> "${GITHUB_OUTPUT}"[0m
2025-01-14T19:15:55.2912066Z shell: /usr/bin/bash --noprofile --norc -e -o pipefail {0}
2025-01-14T19:15:55.2912542Z env:
2025-01-14T19:15:55.2912706Z   CACHE_NUMBER: 0
2025-01-14T19:15:55.2913293Z   PYTEST_FLAGS: --tardis-regression-data=/home/runner/work/tardis/tardis/tardis-regression-data --cov=tardis --cov-report=xml --cov-report=html --cov-append
2025-01-14T19:15:55.2914008Z   CODECOV_TOKEN: 
2025-01-14T19:15:55.2914290Z ##[endgroup]
2025-01-14T19:15:55.3231214Z ##[group]Run mamba-org/setup-micromamba@v1
2025-01-14T19:15:55.3231481Z with:
2025-01-14T19:15:55.3231671Z   environment-file: conda-linux-64.lock
2025-01-14T19:15:55.3232614Z   cache-environment-key: d7cd390425b0fd3cf82649dcc003efba9915fb4928f15d342148c3ccffcbe2ee
2025-01-14T19:15:55.3233294Z   cache-downloads-key: d7cd390425b0fd3cf82649dcc003efba9915fb4928f15d342148c3ccffcbe2ee
2025-01-14T19:15:55.3233702Z   environment-name: tardis
2025-01-14T19:15:55.3233925Z   cache-environment: true
2025-01-14T19:15:55.3234154Z   cache-downloads: true
2025-01-14T19:15:55.3234343Z env:
2025-01-14T19:15:55.3234508Z   CACHE_NUMBER: 0
2025-01-14T19:15:55.3235349Z   PYTEST_FLAGS: --tardis-regression-data=/home/runner/work/tardis/tardis/tardis-regression-data --cov=tardis --cov-report=xml --cov-report=html --cov-append
2025-01-14T19:15:55.3235966Z   CODECOV_TOKEN: 
2025-01-14T19:15:55.3236145Z ##[endgroup]
2025-01-14T19:15:55.4614981Z Will download micromamba to /home/runner/micromamba-bin/micromamba
2025-01-14T19:15:55.4625893Z ##[group]Install micromamba
2025-01-14T19:15:55.6907864Z micromamba installed to /home/runner/micromamba-bin/micromamba
2025-01-14T19:15:55.6908789Z ##[endgroup]
2025-01-14T19:15:55.6909400Z Adding conda-forge to condarc channels ...
2025-01-14T19:15:55.6920225Z ##[group]Initialize micromamba for bash.
2025-01-14T19:15:55.6937238Z [command]/home/runner/micromamba-bin/micromamba shell init -s bash -r /home/runner/micromamba --log-level warning --rc-file /home/runner/work/_temp/setup-micromamba/.condarc
2025-01-14T19:15:55.7051738Z Modifying RC file "/home/runner/.bashrc"
2025-01-14T19:15:55.7053655Z Generating config for root prefix [1m"/home/runner/micromamba"[0m
2025-01-14T19:15:55.7055893Z Setting mamba executable to: [1m"/home/runner/micromamba-bin/micromamba"[0m
2025-01-14T19:15:55.7056736Z Adding (or replacing) the following in your "/home/runner/.bashrc" file
2025-01-14T19:15:55.7057203Z 
2025-01-14T19:15:55.7057347Z # >>> mamba initialize >>>
2025-01-14T19:15:55.7057826Z # !! Contents within this block are managed by 'mamba init' !!
2025-01-14T19:15:55.7058474Z export MAMBA_EXE='/home/runner/micromamba-bin/micromamba';
2025-01-14T19:15:55.7059070Z export MAMBA_ROOT_PREFIX='/home/runner/micromamba';
2025-01-14T19:15:55.7059863Z __mamba_setup="$("$MAMBA_EXE" shell hook --shell bash --root-prefix "$MAMBA_ROOT_PREFIX" 2> /dev/null)"
2025-01-14T19:15:55.7060607Z if [ $? -eq 0 ]; then
2025-01-14T19:15:55.7060966Z     eval "$__mamba_setup"
2025-01-14T19:15:55.7061294Z else
2025-01-14T19:15:55.7062410Z     alias micromamba="$MAMBA_EXE"  # Fallback on help from mamba activate
2025-01-14T19:15:55.7063038Z fi
2025-01-14T19:15:55.7063314Z unset __mamba_setup
2025-01-14T19:15:55.7063656Z # <<< mamba initialize <<<
2025-01-14T19:15:55.7063900Z 
2025-01-14T19:15:55.7070441Z Moving mamba initialize block to .bash_profile
2025-01-14T19:15:55.7083083Z ##[endgroup]
2025-01-14T19:15:55.7084730Z ##[group]Restoring downloads from `/home/runner/micromamba/pkgs` ...
2025-01-14T19:15:56.8423409Z Received 314572800 of 356800233 (88.2%), 298.8 MBs/sec
2025-01-14T19:15:56.9408471Z Cache Size: ~340 MB (356800233 B)
2025-01-14T19:15:56.9449372Z [command]/usr/bin/tar -xf /home/runner/work/_temp/71c844ad-dc08-4925-aef1-49579e38dfec/cache.tzst -P -C /home/runner/work/tardis/tardis --use-compress-program unzstd
2025-01-14T19:15:57.3982359Z Cache restored successfully
2025-01-14T19:15:57.4729301Z Restored cache with key `d7cd390425b0fd3cf82649dcc003efba9915fb4928f15d342148c3ccffcbe2ee-linux-64`
2025-01-14T19:15:57.4730719Z ##[endgroup]
2025-01-14T19:15:57.4742658Z ##[group]Restoring environment `tardis` from `/home/runner/micromamba/envs/tardis` ...
2025-01-14T19:15:57.8430701Z Received 356800233 of 356800233 (100.0%), 169.6 MBs/sec
2025-01-14T19:15:58.5573619Z Received 348127232 of 444592193 (78.3%), 331.0 MBs/sec
2025-01-14T19:15:58.7688616Z Cache Size: ~424 MB (444592193 B)
2025-01-14T19:15:58.7731800Z [command]/usr/bin/tar -xf /home/runner/work/_temp/ef828f4c-e0ce-444d-9cb3-426933465260/cache.tzst -P -C /home/runner/work/tardis/tardis --use-compress-program unzstd
2025-01-14T19:15:59.5557251Z Received 444592193 of 444592193 (100.0%), 211.6 MBs/sec
2025-01-14T19:16:04.2960681Z Cache restored successfully
2025-01-14T19:16:04.3708455Z Restored cache with key `d7cd390425b0fd3cf82649dcc003efba9915fb4928f15d342148c3ccffcbe2ee-linux-64-tardis-args-4f53cda-root-dcc80ee-bin-[object Promise]-file-d7cd390425b0fd3cf82649dcc003efba9915fb4928f15d342148c3ccffcbe2ee`
2025-01-14T19:16:04.3710410Z ##[endgroup]
2025-01-14T19:16:04.3710818Z Adding environment tardis to auto-activate bash ...
2025-01-14T19:16:04.3720312Z Generating micromamba run shell.
2025-01-14T19:16:04.3732602Z ##[endgroup]
2025-01-14T19:16:04.3737269Z Set environment variables.
2025-01-14T19:16:04.3741137Z ##[group]micromamba info
2025-01-14T19:16:04.3744478Z [command]/home/runner/micromamba-bin/micromamba info -r /home/runner/micromamba -n tardis
2025-01-14T19:16:04.3978520Z 
2025-01-14T19:16:04.3979066Z        libmamba version : 1.5.10
2025-01-14T19:16:04.3979539Z      micromamba version : 1.5.10
2025-01-14T19:16:04.3980119Z            curl version : libcurl/8.10.1 OpenSSL/3.3.2 zlib/1.3.1 zstd/1.5.6 libssh2/1.11.0 nghttp2/1.58.0
2025-01-14T19:16:04.3980669Z      libarchive version : libarchive 3.7.4 zlib/1.2.13 bz2lib/1.0.8 libzstd/1.5.6
2025-01-14T19:16:04.3981085Z        envs directories : /home/runner/micromamba/envs
2025-01-14T19:16:04.3981421Z           package cache : /home/runner/micromamba/pkgs
2025-01-14T19:16:04.3981748Z                           /home/runner/.mamba/pkgs
2025-01-14T19:16:04.3982023Z             environment : tardis
2025-01-14T19:16:04.3982519Z            env location : /home/runner/micromamba/envs/tardis
2025-01-14T19:16:04.3983060Z       user config files : /home/runner/.mambarc
2025-01-14T19:16:04.3983566Z  populated config files : /home/runner/work/_temp/setup-micromamba/.condarc
2025-01-14T19:16:04.3984145Z        virtual packages : __unix=0=0
2025-01-14T19:16:04.3984540Z                           __linux=6.8.0=0
2025-01-14T19:16:04.3984885Z                           __glibc=2.39=0
2025-01-14T19:16:04.3985312Z                           __archspec=1=x86_64_v3
2025-01-14T19:16:04.3985770Z                channels : https://conda.anaconda.org/conda-forge/linux-64
2025-01-14T19:16:04.3986377Z                           https://conda.anaconda.org/conda-forge/noarch
2025-01-14T19:16:04.3986984Z        base environment : /home/runner/micromamba
2025-01-14T19:16:04.3987374Z                platform : linux-64
2025-01-14T19:16:04.3997609Z ##[endgroup]
2025-01-14T19:16:04.3998958Z ##[group]micromamba list
2025-01-14T19:16:04.4000221Z [command]/home/runner/micromamba-bin/micromamba list -r /home/runner/micromamba -n tardis
2025-01-14T19:16:04.7948538Z List of packages in environment: "/home/runner/micromamba/envs/tardis"
2025-01-14T19:16:04.7949290Z 
2025-01-14T19:16:04.7949642Z   Name                           Version              Build                    Channel    
2025-01-14T19:16:04.7950654Z â”€â”€â”€â”€â”€â”€â”€â”€â”€â”€â”€â”€â”€â”€â”€â”€â”€â”€â”€â”€â”€â”€â”€â”€â”€â”€â”€â”€â”€â”€â”€â”€â”€â”€â”€â”€â”€â”€â”€â”€â”€â”€â”€â”€â”€â”€â”€â”€â”€â”€â”€â”€â”€â”€â”€â”€â”€â”€â”€â”€â”€â”€â”€â”€â”€â”€â”€â”€â”€â”€â”€â”€â”€â”€â”€â”€â”€â”€â”€â”€â”€â”€â”€â”€â”€â”€â”€â”€â”€â”€â”€â”€
2025-01-14T19:16:04.7951277Z   _libgcc_mutex                  0.1                  conda_forge              conda-forge
2025-01-14T19:16:04.7951896Z   _openmp_mutex                  4.5                  2_gnu                    conda-forge
2025-01-14T19:16:04.7952749Z   alabaster                      0.7.16               pyhd8ed1ab_0             conda-forge
2025-01-14T19:16:04.7953418Z   anyio                          4.4.0                pyhd8ed1ab_0             conda-forge
2025-01-14T19:16:04.7954149Z   argon2-cffi                    23.1.0               pyhd8ed1ab_0             conda-forge
2025-01-14T19:16:04.7954942Z   argon2-cffi-bindings           21.2.0               py312h98912ed_4          conda-forge
2025-01-14T19:16:04.7955574Z   arrow                          1.3.0                pyhd8ed1ab_0             conda-forge
2025-01-14T19:16:04.7956090Z   astropy                        6.1.1                py312h085067d_0          conda-forge
2025-01-14T19:16:04.7956591Z   astropy-iers-data              0.2024.6.17.0.31.35  pyhd8ed1ab_0             conda-forge
2025-01-14T19:16:04.7957131Z   astropy-sphinx-theme           1.1                  pyhd8ed1ab_0             conda-forge
2025-01-14T19:16:04.7957611Z   asttokens                      2.4.1                pyhd8ed1ab_0             conda-forge
2025-01-14T19:16:04.7957974Z   async-lru                      2.0.4                pyhd8ed1ab_0             conda-forge
2025-01-14T19:16:04.7958329Z   atk-1.0                        2.38.0               h04ea711_2               conda-forge
2025-01-14T19:16:04.7958665Z   attrs                          23.2.0               pyh71513ae_0             conda-forge
2025-01-14T19:16:04.7959358Z   babel                          2.14.0               pyhd8ed1ab_0             conda-forge
2025-01-14T19:16:04.7959975Z   beautifulsoup4                 4.12.3               pyha770c72_0             conda-forge
2025-01-14T19:16:04.7960566Z   bleach                         6.1.0                pyhd8ed1ab_0             conda-forge
2025-01-14T19:16:04.7961095Z   blosc                          1.21.5               hc2324a3_1               conda-forge
2025-01-14T19:16:04.7961626Z   brotli                         1.1.0                hd590300_1               conda-forge
2025-01-14T19:16:04.7962383Z   brotli-bin                     1.1.0                hd590300_1               conda-forge
2025-01-14T19:16:04.7963001Z   brotli-python                  1.1.0                py312h30efb56_1          conda-forge
2025-01-14T19:16:04.7963605Z   bzip2                          1.0.8                hd590300_5               conda-forge
2025-01-14T19:16:04.7964135Z   c-ares                         1.28.1               hd590300_0               conda-forge
2025-01-14T19:16:04.7964690Z   c-blosc2                       2.14.4               hb4ffafa_1               conda-forge
2025-01-14T19:16:04.7965323Z   ca-certificates                2024.6.2             hbcca054_0               conda-forge
2025-01-14T19:16:04.7966004Z   cached-property                1.5.2                hd8ed1ab_1               conda-forge
2025-01-14T19:16:04.7966668Z   cached_property                1.5.2                pyha770c72_1             conda-forge
2025-01-14T19:16:04.7967293Z   cairo                          1.18.0               h3faef2a_0               conda-forge
2025-01-14T19:16:04.7967887Z   certifi                        2024.6.2             pyhd8ed1ab_0             conda-forge
2025-01-14T19:16:04.7968673Z   cffi                           1.16.0               py312hf06ca03_0          conda-forge
2025-01-14T19:16:04.7969373Z   charset-normalizer             3.3.2                pyhd8ed1ab_0             conda-forge
2025-01-14T19:16:04.7970030Z   click                          8.1.7                unix_pyh707e725_0        conda-forge
2025-01-14T19:16:04.7970629Z   codespell                      2.3.0                pyhd8ed1ab_0             conda-forge
2025-01-14T19:16:04.7971248Z   colorama                       0.4.6                pyhd8ed1ab_0             conda-forge
2025-01-14T19:16:04.7971816Z   comm                           0.2.2                pyhd8ed1ab_0             conda-forge
2025-01-14T19:16:04.7972564Z   commonmark                     0.9.1                py_0                     conda-forge
2025-01-14T19:16:04.7973182Z   contourpy                      1.2.1                py312h8572e83_0          conda-forge
2025-01-14T19:16:04.7973774Z   coverage                       7.5.3                py312h9a8786e_0          conda-forge
2025-01-14T19:16:04.7974342Z   cycler                         0.12.1               pyhd8ed1ab_0             conda-forge
2025-01-14T19:16:04.7974916Z   dataclasses                    0.8                  pyhc8e2a94_3             conda-forge
2025-01-14T19:16:04.7975540Z   debugpy                        1.8.1                py312h30efb56_0          conda-forge
2025-01-14T19:16:04.7976150Z   decorator                      5.1.1                pyhd8ed1ab_0             conda-forge
2025-01-14T19:16:04.7976774Z   defusedxml                     0.7.1                pyhd8ed1ab_0             conda-forge
2025-01-14T19:16:04.7977403Z   docutils                       0.20.1               py312h7900ff3_3          conda-forge
2025-01-14T19:16:04.7978005Z   dot2tex                        2.11.3               pyhd8ed1ab_0             conda-forge
2025-01-14T19:16:04.7978625Z   entrypoints                    0.4                  pyhd8ed1ab_0             conda-forge
2025-01-14T19:16:04.7979293Z   exceptiongroup                 1.2.0                pyhd8ed1ab_2             conda-forge
2025-01-14T19:16:04.7979952Z   executing                      2.0.1                pyhd8ed1ab_0             conda-forge
2025-01-14T19:16:04.7980722Z   expat                          2.6.2                h59595ed_0               conda-forge
2025-01-14T19:16:04.7981388Z   font-ttf-dejavu-sans-mono      2.37                 hab24e00_0               conda-forge
2025-01-14T19:16:04.7982291Z   font-ttf-inconsolata           3.000                h77eed37_0               conda-forge
2025-01-14T19:16:04.7983049Z   font-ttf-source-code-pro       2.038                h77eed37_0               conda-forge
2025-01-14T19:16:04.7983758Z   font-ttf-ubuntu                0.83                 h77eed37_2               conda-forge
2025-01-14T19:16:04.7984401Z   fontconfig                     2.14.2               h14ed4e7_0               conda-forge
2025-01-14T19:16:04.7985076Z   fonts-conda-ecosystem          1                    0                        conda-forge
2025-01-14T19:16:04.7985776Z   fonts-conda-forge              1                    0                        conda-forge
2025-01-14T19:16:04.7986422Z   fonttools                      4.53.0               py312h9a8786e_0          conda-forge
2025-01-14T19:16:04.7987022Z   fqdn                           1.5.1                pyhd8ed1ab_0             conda-forge
2025-01-14T19:16:04.7987603Z   freetype                       2.12.1               h267a509_2               conda-forge
2025-01-14T19:16:04.7988162Z   fribidi                        1.0.10               h36c2ea0_0               conda-forge
2025-01-14T19:16:04.7988718Z   future                         1.0.0                pyhd8ed1ab_0             conda-forge
2025-01-14T19:16:04.7989073Z   gdk-pixbuf                     2.42.12              hb9ae30d_0               conda-forge
2025-01-14T19:16:04.7989413Z   giflib                         5.2.2                hd590300_0               conda-forge
2025-01-14T19:16:04.7989884Z   git-lfs                        3.5.1                ha770c72_0               conda-forge
2025-01-14T19:16:04.7990208Z   gmp                            6.3.0                h59595ed_1               conda-forge
2025-01-14T19:16:04.7990547Z   gmpy2                          2.1.5                py312h1d5cde6_1          conda-forge
2025-01-14T19:16:04.7990902Z   graphite2                      1.3.13               h59595ed_1003            conda-forge
2025-01-14T19:16:04.7991268Z   graphviz                       11.0.0               hc68bbd7_0               conda-forge
2025-01-14T19:16:04.7991606Z   gtk2                           2.24.33              h280cfa0_4               conda-forge
2025-01-14T19:16:04.7991915Z   gts                            0.7.6                h977cf35_4               conda-forge
2025-01-14T19:16:04.7992508Z   h11                            0.14.0               pyhd8ed1ab_0             conda-forge
2025-01-14T19:16:04.7993042Z   h2                             4.1.0                pyhd8ed1ab_0             conda-forge
2025-01-14T19:16:04.7993595Z   h5py                           3.11.0               nompi_py312hb7ab980_102  conda-forge
2025-01-14T19:16:04.7993974Z   harfbuzz                       8.5.0                hfac3d4d_0               conda-forge
2025-01-14T19:16:04.7994319Z   hdf5                           1.14.3               nompi_hdf9ad27_105       conda-forge
2025-01-14T19:16:04.7994648Z   hpack                          4.0.0                pyh9f0ad1d_0             conda-forge
2025-01-14T19:16:04.7995226Z   httpcore                       1.0.5                pyhd8ed1ab_0             conda-forge
2025-01-14T19:16:04.7995772Z   httpx                          0.27.0               pyhd8ed1ab_0             conda-forge
2025-01-14T19:16:04.7996408Z   hyperframe                     6.0.1                pyhd8ed1ab_0             conda-forge
2025-01-14T19:16:04.7996867Z   icu                            73.2                 h59595ed_0               conda-forge
2025-01-14T19:16:04.7997220Z   idna                           3.7                  pyhd8ed1ab_0             conda-forge
2025-01-14T19:16:04.7997833Z   imagesize                      1.4.1                pyhd8ed1ab_0             conda-forge
2025-01-14T19:16:04.7998609Z   importlib-metadata             7.1.0                pyha770c72_0             conda-forge
2025-01-14T19:16:04.7999322Z   importlib_metadata             7.1.0                hd8ed1ab_0               conda-forge
2025-01-14T19:16:04.8000087Z   importlib_resources            6.4.0                pyhd8ed1ab_0             conda-forge
2025-01-14T19:16:04.8000770Z   iniconfig                      2.0.0                pyhd8ed1ab_0             conda-forge
2025-01-14T19:16:04.8001434Z   ipykernel                      6.29.4               pyh3099207_0             conda-forge
2025-01-14T19:16:04.8001913Z   ipython                        8.25.0               pyh707e725_0             conda-forge
2025-01-14T19:16:04.8002478Z   ipython_genutils               0.2.0                pyhd8ed1ab_1             conda-forge
2025-01-14T19:16:04.8002882Z   ipywidgets                     7.8.0                pyhd8ed1ab_0             conda-forge
2025-01-14T19:16:04.8003258Z   isoduration                    20.11.0              pyhd8ed1ab_0             conda-forge
2025-01-14T19:16:04.8003610Z   jedi                           0.19.1               pyhd8ed1ab_0             conda-forge
2025-01-14T19:16:04.8003938Z   jinja2                         3.1.4                pyhd8ed1ab_0             conda-forge
2025-01-14T19:16:04.8004263Z   json5                          0.9.25               pyhd8ed1ab_0             conda-forge
2025-01-14T19:16:04.8004612Z   jsonpointer                    3.0.0                py312h7900ff3_0          conda-forge
2025-01-14T19:16:04.8004983Z   jsonschema                     4.22.0               pyhd8ed1ab_0             conda-forge
2025-01-14T19:16:04.8005405Z   jsonschema-specifications      2023.12.1            pyhd8ed1ab_0             conda-forge
2025-01-14T19:16:04.8006058Z   jsonschema-with-format-nongpl  4.22.0               pyhd8ed1ab_0             conda-forge
2025-01-14T19:16:04.8006493Z   jupyter-lsp                    2.2.5                pyhd8ed1ab_0             conda-forge
2025-01-14T19:16:04.8006866Z   jupyter_client                 8.6.2                pyhd8ed1ab_0             conda-forge
2025-01-14T19:16:04.8007243Z   jupyter_core                   5.7.2                py312h7900ff3_0          conda-forge
2025-01-14T19:16:04.8007613Z   jupyter_events                 0.10.0               pyhd8ed1ab_0             conda-forge
2025-01-14T19:16:04.8007989Z   jupyter_server                 2.14.1               pyhd8ed1ab_0             conda-forge
2025-01-14T19:16:04.8008391Z   jupyter_server_terminals       0.5.3                pyhd8ed1ab_0             conda-forge
2025-01-14T19:16:04.8008789Z   jupyterlab                     4.2.2                pyhd8ed1ab_0             conda-forge
2025-01-14T19:16:04.8009174Z   jupyterlab_pygments            0.3.0                pyhd8ed1ab_1             conda-forge
2025-01-14T19:16:04.8009580Z   jupyterlab_server              2.27.2               pyhd8ed1ab_0             conda-forge
2025-01-14T19:16:04.8009978Z   jupyterlab_widgets             1.1.7                pyhd8ed1ab_0             conda-forge
2025-01-14T19:16:04.8010360Z   keyutils                       1.6.1                h166bdaf_0               conda-forge
2025-01-14T19:16:04.8010711Z   kiwisolver                     1.4.5                py312h8572e83_1          conda-forge
2025-01-14T19:16:04.8011048Z   krb5                           1.21.2               h659d440_0               conda-forge
2025-01-14T19:16:04.8011383Z   latexcodec                     2.0.1                pyh9f0ad1d_0             conda-forge
2025-01-14T19:16:04.8011734Z   lcms2                          2.16                 hb7c19ff_0               conda-forge
2025-01-14T19:16:04.8012242Z   ld_impl_linux-64               2.40                 hf3520f5_7               conda-forge
2025-01-14T19:16:04.8012627Z   lerc                           4.0.0                h27087fc_0               conda-forge
2025-01-14T19:16:04.8012957Z   libaec                         1.1.3                h59595ed_0               conda-forge
2025-01-14T19:16:04.8013422Z   libblas                        3.9.0                22_linux64_openblas      conda-forge
2025-01-14T19:16:04.8013795Z   libbrotlicommon                1.1.0                hd590300_1               conda-forge
2025-01-14T19:16:04.8014171Z   libbrotlidec                   1.1.0                hd590300_1               conda-forge
2025-01-14T19:16:04.8014535Z   libbrotlienc                   1.1.0                hd590300_1               conda-forge
2025-01-14T19:16:04.8014892Z   libcblas                       3.9.0                22_linux64_openblas      conda-forge
2025-01-14T19:16:04.8015237Z   libcurl                        8.8.0                hca28451_0               conda-forge
2025-01-14T19:16:04.8015590Z   libdeflate                     1.20                 hd590300_0               conda-forge
2025-01-14T19:16:04.8015951Z   libedit                        3.1.20191231         he28a2e2_2               conda-forge
2025-01-14T19:16:04.8016293Z   libev                          4.33                 hd590300_2               conda-forge
2025-01-14T19:16:04.8016629Z   libexpat                       2.6.2                h59595ed_0               conda-forge
2025-01-14T19:16:04.8017094Z   libffi                         3.4.2                h7f98852_5               conda-forge
2025-01-14T19:16:04.8017461Z   libgcc-ng                      13.2.0               h77fa898_10              conda-forge
2025-01-14T19:16:04.8017800Z   libgd                          2.3.3                h119a65a_9               conda-forge
2025-01-14T19:16:04.8018145Z   libgfortran-ng                 13.2.0               h69a702a_10              conda-forge
2025-01-14T19:16:04.8018521Z   libgfortran5                   13.2.0               h3d2ce59_10              conda-forge
2025-01-14T19:16:04.8018871Z   libglib                        2.80.2               h8a4344b_1               conda-forge
2025-01-14T19:16:04.8019330Z   libgomp                        13.2.0               h77fa898_10              conda-forge
2025-01-14T19:16:04.8019680Z   libiconv                       1.17                 hd590300_2               conda-forge
2025-01-14T19:16:04.8020036Z   libjpeg-turbo                  3.0.0                hd590300_1               conda-forge
2025-01-14T19:16:04.8020524Z   liblapack                      3.9.0                22_linux64_openblas      conda-forge
2025-01-14T19:16:04.8020889Z   libllvm14                      14.0.6               hcd5def8_4               conda-forge
2025-01-14T19:16:04.8021248Z   libnghttp2                     1.58.0               h47da74e_1               conda-forge
2025-01-14T19:16:04.8021592Z   libnsl                         2.0.1                hd590300_0               conda-forge
2025-01-14T19:16:04.8021951Z   libopenblas                    0.3.27               pthreads_h413a1c8_0      conda-forge
2025-01-14T19:16:04.8022472Z   libpng                         1.6.43               h2797004_0               conda-forge
2025-01-14T19:16:04.8023132Z   librsvg                        2.58.1               hadf69e7_0               conda-forge
2025-01-14T19:16:04.8023734Z   libsodium                      1.0.18               h36c2ea0_1               conda-forge
2025-01-14T19:16:04.8024343Z   libsqlite                      3.46.0               hde9e2c9_0               conda-forge
2025-01-14T19:16:04.8024947Z   libssh2                        1.11.0               h0841786_0               conda-forge
2025-01-14T19:16:04.8025532Z   libstdcxx-ng                   13.2.0               hc0a3c3a_10              conda-forge
2025-01-14T19:16:04.8025899Z   libtiff                        4.6.0                h1dd3fc0_3               conda-forge
2025-01-14T19:16:04.8026240Z   libuuid                        2.38.1               h0b41bf4_0               conda-forge
2025-01-14T19:16:04.8026576Z   libwebp                        1.4.0                h2c329e2_0               conda-forge
2025-01-14T19:16:04.8026939Z   libwebp-base                   1.4.0                hd590300_0               conda-forge
2025-01-14T19:16:04.8027934Z   libxcb                         1.15                 h0b41bf4_0               conda-forge
2025-01-14T19:16:04.8028580Z   libxcrypt                      4.4.36               hd590300_1               conda-forge
2025-01-14T19:16:04.8029066Z   libxml2                        2.12.7               hc051c1a_1               conda-forge
2025-01-14T19:16:04.8029409Z   libxslt                        1.1.39               h76b75d6_0               conda-forge
2025-01-14T19:16:04.8029747Z   libzlib                        1.3.1                h4ab18f5_1               conda-forge
2025-01-14T19:16:04.8030096Z   llvmlite                       0.42.0               py312hb06c811_1          conda-forge
2025-01-14T19:16:04.8030450Z   lxml                           5.2.2                py312hb90d8a5_0          conda-forge
2025-01-14T19:16:04.8030777Z   lz4-c                          1.9.4                hcb278e6_0               conda-forge
2025-01-14T19:16:04.8031084Z   lzo                            2.10                 hd590300_1001            conda-forge
2025-01-14T19:16:04.8031430Z   markupsafe                     2.1.5                py312h98912ed_0          conda-forge
2025-01-14T19:16:04.8031812Z   matplotlib-base                3.8.4                py312h20ab3a6_2          conda-forge
2025-01-14T19:16:04.8032500Z   matplotlib-inline              0.1.7                pyhd8ed1ab_0             conda-forge
2025-01-14T19:16:04.8033023Z   mistune                        3.0.2                pyhd8ed1ab_0             conda-forge
2025-01-14T19:16:04.8033356Z   mpc                            1.3.1                hfe3b2da_0               conda-forge
2025-01-14T19:16:04.8033681Z   mpfr                           4.2.1                h9458935_1               conda-forge
2025-01-14T19:16:04.8034013Z   mpmath                         1.3.0                pyhd8ed1ab_0             conda-forge
2025-01-14T19:16:04.8034763Z   munkres                        1.1.4                pyh9f0ad1d_0             conda-forge
2025-01-14T19:16:04.8035194Z   mypy_extensions                1.0.0                pyha770c72_0             conda-forge
2025-01-14T19:16:04.8035586Z   nbclassic                      1.1.0                pyhd8ed1ab_0             conda-forge
2025-01-14T19:16:04.8035955Z   nbclient                       0.10.0               pyhd8ed1ab_0             conda-forge
2025-01-14T19:16:04.8036313Z   nbconvert                      7.16.4               hd8ed1ab_1               conda-forge
2025-01-14T19:16:04.8036683Z   nbconvert-core                 7.16.4               pyhd8ed1ab_1             conda-forge
2025-01-14T19:16:04.8037081Z   nbconvert-pandoc               7.16.4               hd8ed1ab_1               conda-forge
2025-01-14T19:16:04.8037461Z   nbformat                       5.10.4               pyhd8ed1ab_0             conda-forge
2025-01-14T19:16:04.8037833Z   nbsphinx                       0.9.4                pyhd8ed1ab_0             conda-forge
2025-01-14T19:16:04.8038207Z   ncurses                        6.5                  h59595ed_0               conda-forge
2025-01-14T19:16:04.8038567Z   nest-asyncio                   1.6.0                pyhd8ed1ab_0             conda-forge
2025-01-14T19:16:04.8038921Z   networkx                       3.3                  pyhd8ed1ab_1             conda-forge
2025-01-14T19:16:04.8039253Z   nomkl                          1.0                  h5ca1d4c_0               conda-forge
2025-01-14T19:16:04.8039580Z   notebook                       7.2.1                pyhd8ed1ab_0             conda-forge
2025-01-14T19:16:04.8039935Z   notebook-shim                  0.2.4                pyhd8ed1ab_0             conda-forge
2025-01-14T19:16:04.8040284Z   numba                          0.59.1               py312hacefee8_0          conda-forge
2025-01-14T19:16:04.8040614Z   numexpr                        2.10.0               py312hf412c99_100        conda-forge
2025-01-14T19:16:04.8040949Z   numpy                          1.26.4               py312heda63a1_0          conda-forge
2025-01-14T19:16:04.8041285Z   numpydoc                       1.7.0                pyhd8ed1ab_1             conda-forge
2025-01-14T19:16:04.8041756Z   openjpeg                       2.5.2                h488ebb8_0               conda-forge
2025-01-14T19:16:04.8042306Z   openssl                        3.3.1                h4ab18f5_0               conda-forge
2025-01-14T19:16:04.8042666Z   overrides                      7.7.0                pyhd8ed1ab_0             conda-forge
2025-01-14T19:16:04.8043019Z   packaging                      24.1                 pyhd8ed1ab_0             conda-forge
2025-01-14T19:16:04.8043359Z   pandas                         2.2.2                py312h1d6d2e6_1          conda-forge
2025-01-14T19:16:04.8043694Z   pandoc                         3.2                  ha770c72_0               conda-forge
2025-01-14T19:16:04.8044051Z   pandocfilters                  1.5.0                pyhd8ed1ab_0             conda-forge
2025-01-14T19:16:04.8044400Z   pango                          1.54.0               h84a9a3c_0               conda-forge
2025-01-14T19:16:04.8044725Z   parso                          0.8.4                pyhd8ed1ab_0             conda-forge
2025-01-14T19:16:04.8045059Z   pathspec                       0.12.1               pyhd8ed1ab_0             conda-forge
2025-01-14T19:16:04.8045394Z   pbr                            6.0.0                pyhd8ed1ab_0             conda-forge
2025-01-14T19:16:04.8045717Z   pcre2                          10.44                h0f59acf_0               conda-forge
2025-01-14T19:16:04.8046050Z   pexpect                        4.9.0                pyhd8ed1ab_0             conda-forge
2025-01-14T19:16:04.8046400Z   pickleshare                    0.7.5                py_1003                  conda-forge
2025-01-14T19:16:04.8046748Z   pillow                         10.3.0               py312hdcec9eb_0          conda-forge
2025-01-14T19:16:04.8047198Z   pip                            24.0                 pyhd8ed1ab_0             conda-forge
2025-01-14T19:16:04.8047536Z   pixman                         0.43.2               h59595ed_0               conda-forge
2025-01-14T19:16:04.8047914Z   pkgutil-resolve-name           1.3.10               pyhd8ed1ab_1             conda-forge
2025-01-14T19:16:04.8048314Z   platformdirs                   4.2.2                pyhd8ed1ab_0             conda-forge
2025-01-14T19:16:04.8048662Z   plotly                         5.22.0               pyhd8ed1ab_0             conda-forge
2025-01-14T19:16:04.8048991Z   pluggy                         1.5.0                pyhd8ed1ab_0             conda-forge
2025-01-14T19:16:04.8049351Z   prometheus_client              0.20.0               pyhd8ed1ab_0             conda-forge
2025-01-14T19:16:04.8049745Z   prompt-toolkit                 3.0.47               pyha770c72_0             conda-forge
2025-01-14T19:16:04.8050110Z   psutil                         5.9.8                py312h98912ed_0          conda-forge
2025-01-14T19:16:04.8050458Z   pthread-stubs                  0.4                  h36c2ea0_1001            conda-forge
2025-01-14T19:16:04.8050822Z   ptyprocess                     0.7.0                pyhd3deb0d_0             conda-forge
2025-01-14T19:16:04.8051170Z   pure_eval                      0.2.2                pyhd8ed1ab_0             conda-forge
2025-01-14T19:16:04.8051519Z   py-cpuinfo                     9.0.0                pyhd8ed1ab_0             conda-forge
2025-01-14T19:16:04.8051863Z   pybtex                         0.24.0               pyhd8ed1ab_2             conda-forge
2025-01-14T19:16:04.8052485Z   pybtex-docutils                1.0.3                py312h7900ff3_1          conda-forge
2025-01-14T19:16:04.8053071Z   pycparser                      2.22                 pyhd8ed1ab_0             conda-forge
2025-01-14T19:16:04.8053605Z   pyerfa                         2.0.1.4              py312h085067d_1          conda-forge
2025-01-14T19:16:04.8054155Z   pygments                       2.18.0               pyhd8ed1ab_0             conda-forge
2025-01-14T19:16:04.8054706Z   pygraphviz                     1.13                 py312h4a1d8a7_1          conda-forge
2025-01-14T19:16:04.8055324Z   pyparsing                      3.1.2                pyhd8ed1ab_0             conda-forge
2025-01-14T19:16:04.8055684Z   pysocks                        1.7.1                pyha2e5f31_6             conda-forge
2025-01-14T19:16:04.8056032Z   pytables                       3.9.2                py312h96d95ec_2          conda-forge
2025-01-14T19:16:04.8056390Z   pytest                         8.2.2                pyhd8ed1ab_0             conda-forge
2025-01-14T19:16:04.8056745Z   pytest-cov                     5.0.0                pyhd8ed1ab_0             conda-forge
2025-01-14T19:16:04.8057134Z   pytest-doctestplus             1.2.1                pyhd8ed1ab_0             conda-forge
2025-01-14T19:16:04.8057536Z   pytest-html                    4.1.1                pyhd8ed1ab_0             conda-forge
2025-01-14T19:16:04.8057911Z   pytest-metadata                3.1.1                pyhd8ed1ab_0             conda-forge
2025-01-14T19:16:04.8058276Z   python                         3.12.4               h194c7f8_0_cpython       conda-forge
2025-01-14T19:16:04.8058637Z   python-dateutil                2.9.0                pyhd8ed1ab_0             conda-forge
2025-01-14T19:16:04.8059051Z   python-fastjsonschema          2.20.0               pyhd8ed1ab_0             conda-forge
2025-01-14T19:16:04.8059469Z   python-json-logger             2.0.7                pyhd8ed1ab_0             conda-forge
2025-01-14T19:16:04.8059871Z   python-tzdata                  2024.1               pyhd8ed1ab_0             conda-forge
2025-01-14T19:16:04.8060232Z   python_abi                     3.12                 4_cp312                  conda-forge
2025-01-14T19:16:04.8060569Z   pytz                           2024.1               pyhd8ed1ab_0             conda-forge
2025-01-14T19:16:04.8061090Z   pyyaml                         6.0.1                py312h98912ed_1          conda-forge
2025-01-14T19:16:04.8061426Z   pyzmq                          26.0.3               py312h8fd38d8_0          conda-forge
2025-01-14T19:16:04.8061760Z   qgrid                          1.3.1                pyhd8ed1ab_4             conda-forge
2025-01-14T19:16:04.8062298Z   radioactivedecay               0.5.1                pyhd8ed1ab_0             conda-forge
2025-01-14T19:16:04.8062685Z   readline                       8.2                  h8228510_1               conda-forge
2025-01-14T19:16:04.8063043Z   recommonmark                   0.7.1                pyhd8ed1ab_0             conda-forge
2025-01-14T19:16:04.8063415Z   referencing                    0.35.1               pyhd8ed1ab_0             conda-forge
2025-01-14T19:16:04.8063775Z   requests                       2.32.3               pyhd8ed1ab_0             conda-forge
2025-01-14T19:16:04.8064145Z   rfc3339-validator              0.1.4                pyhd8ed1ab_0             conda-forge
2025-01-14T19:16:04.8064540Z   rfc3986-validator              0.1.1                pyh9f0ad1d_0             conda-forge
2025-01-14T19:16:04.8064914Z   rpds-py                        0.18.1               py312h4413252_0          conda-forge
2025-01-14T19:16:04.8065233Z   ruff                           0.4.9                py312h5715c7c_0          conda-forge
2025-01-14T19:16:04.8065551Z   scipy                          1.13.1               py312hc2bc53b_0          conda-forge
2025-01-14T19:16:04.8065888Z   send2trash                     1.8.3                pyh0d859eb_0             conda-forge
2025-01-14T19:16:04.8066244Z   setuptools                     70.0.0               pyhd8ed1ab_0             conda-forge
2025-01-14T19:16:04.8066612Z   setuptools-scm                 8.1.0                pyhd8ed1ab_0             conda-forge
2025-01-14T19:16:04.8066988Z   setuptools_scm                 8.1.0                hd8ed1ab_0               conda-forge
2025-01-14T19:16:04.8067332Z   six                            1.16.0               pyh6c4a22f_0             conda-forge
2025-01-14T19:16:04.8067658Z   snakeviz                       2.2.0                pyhd8ed1ab_0             conda-forge
2025-01-14T19:16:04.8068124Z   snappy                         1.2.0                hdb0a2a9_1               conda-forge
2025-01-14T19:16:04.8068454Z   sniffio                        1.3.1                pyhd8ed1ab_0             conda-forge
2025-01-14T19:16:04.8068818Z   snowballstemmer                2.2.0                pyhd8ed1ab_0             conda-forge
2025-01-14T19:16:04.8069219Z   soupsieve                      2.5                  pyhd8ed1ab_1             conda-forge
2025-01-14T19:16:04.8069556Z   sphinx                         7.3.7                pyhd8ed1ab_0             conda-forge
2025-01-14T19:16:04.8069918Z   sphinx-astropy                 1.9.1                pyhd8ed1ab_0             conda-forge
2025-01-14T19:16:04.8070317Z   sphinx-automodapi              0.17.0               pyh717bed2_1             conda-forge
2025-01-14T19:16:04.8070719Z   sphinx-gallery                 0.16.0               pyhd8ed1ab_0             conda-forge
2025-01-14T19:16:04.8071125Z   sphinx-jsonschema              1.19.1               pyhd8ed1ab_0             conda-forge
2025-01-14T19:16:04.8071535Z   sphinx_bootstrap_theme         0.8.1                pyhd8ed1ab_0             conda-forge
2025-01-14T19:16:04.8071933Z   sphinx_rtd_theme               2.0.0                pyha770c72_0             conda-forge
2025-01-14T19:16:04.8072495Z   sphinxcontrib-apidoc           0.3.0                py_1                     conda-forge
2025-01-14T19:16:04.8072930Z   sphinxcontrib-applehelp        1.0.8                pyhd8ed1ab_0             conda-forge
2025-01-14T19:16:04.8073369Z   sphinxcontrib-bibtex           2.6.2                pyhd8ed1ab_0             conda-forge
2025-01-14T19:16:04.8073797Z   sphinxcontrib-devhelp          1.0.6                pyhd8ed1ab_0             conda-forge
2025-01-14T19:16:04.8074359Z   sphinxcontrib-htmlhelp         2.0.5                pyhd8ed1ab_0             conda-forge
2025-01-14T19:16:04.8074801Z   sphinxcontrib-jquery           4.1                  pyhd8ed1ab_0             conda-forge
2025-01-14T19:16:04.8075229Z   sphinxcontrib-jsmath           1.0.1                pyhd8ed1ab_0             conda-forge
2025-01-14T19:16:04.8075650Z   sphinxcontrib-qthelp           1.0.7                pyhd8ed1ab_0             conda-forge
2025-01-14T19:16:04.8076126Z   sphinxcontrib-serializinghtml  1.1.10               pyhd8ed1ab_0             conda-forge
2025-01-14T19:16:04.8076548Z   stack_data                     0.6.2                pyhd8ed1ab_0             conda-forge
2025-01-14T19:16:04.8076892Z   sympy                          1.12.1               pypyh2585a3b_103         conda-forge
2025-01-14T19:16:04.8077233Z   tabulate                       0.9.0                pyhd8ed1ab_1             conda-forge
2025-01-14T19:16:04.8077584Z   tenacity                       8.4.1                pyhd8ed1ab_0             conda-forge
2025-01-14T19:16:04.8077939Z   terminado                      0.18.1               pyh0d859eb_0             conda-forge
2025-01-14T19:16:04.8078294Z   tinycss2                       1.3.0                pyhd8ed1ab_0             conda-forge
2025-01-14T19:16:04.8078619Z   tk                             8.6.13               noxft_h4845f30_101       conda-forge
2025-01-14T19:16:04.8078933Z   toml                           0.10.2               pyhd8ed1ab_0             conda-forge
2025-01-14T19:16:04.8079253Z   tomli                          2.0.1                pyhd8ed1ab_0             conda-forge
2025-01-14T19:16:04.8079579Z   tornado                        6.4.1                py312h9a8786e_0          conda-forge
2025-01-14T19:16:04.8079905Z   tqdm                           4.66.4               pyhd8ed1ab_0             conda-forge
2025-01-14T19:16:04.8080236Z   traitlets                      5.14.3               pyhd8ed1ab_0             conda-forge
2025-01-14T19:16:04.8080594Z   typed-ast                      1.5.5                py312h98912ed_1          conda-forge
2025-01-14T19:16:04.8080991Z   types-python-dateutil          2.9.0.20240316       pyhd8ed1ab_0             conda-forge
2025-01-14T19:16:04.8081540Z   typing-extensions              4.12.2               hd8ed1ab_0               conda-forge
2025-01-14T19:16:04.8081937Z   typing_extensions              4.12.2               pyha770c72_0             conda-forge
2025-01-14T19:16:04.8082493Z   typing_utils                   0.1.0                pyhd8ed1ab_0             conda-forge
2025-01-14T19:16:04.8082851Z   tzdata                         2024a                h0c530f3_0               conda-forge
2025-01-14T19:16:04.8083201Z   uri-template                   1.3.0                pyhd8ed1ab_0             conda-forge
2025-01-14T19:16:04.8083552Z   urllib3                        2.2.2                pyhd8ed1ab_0             conda-forge
2025-01-14T19:16:04.8083890Z   wcwidth                        0.2.13               pyhd8ed1ab_0             conda-forge
2025-01-14T19:16:04.8084241Z   webcolors                      24.6.0               pyhd8ed1ab_0             conda-forge
2025-01-14T19:16:04.8084607Z   webencodings                   0.5.1                pyhd8ed1ab_2             conda-forge
2025-01-14T19:16:04.8084988Z   websocket-client               1.8.0                pyhd8ed1ab_0             conda-forge
2025-01-14T19:16:04.8085347Z   wheel                          0.43.0               pyhd8ed1ab_1             conda-forge
2025-01-14T19:16:04.8085715Z   widgetsnbextension             3.6.6                pyhd8ed1ab_0             conda-forge
2025-01-14T19:16:04.8086109Z   xorg-kbproto                   1.0.7                h7f98852_1002            conda-forge
2025-01-14T19:16:04.8086467Z   xorg-libice                    1.1.1                hd590300_0               conda-forge
2025-01-14T19:16:04.8086814Z   xorg-libsm                     1.2.4                h7391055_0               conda-forge
2025-01-14T19:16:04.8087303Z   xorg-libx11                    1.8.9                h8ee46fc_0               conda-forge
2025-01-14T19:16:04.8087660Z   xorg-libxau                    1.0.11               hd590300_0               conda-forge
2025-01-14T19:16:04.8088028Z   xorg-libxdmcp                  1.1.3                h7f98852_0               conda-forge
2025-01-14T19:16:04.8088394Z   xorg-libxext                   1.3.4                h0b41bf4_2               conda-forge
2025-01-14T19:16:04.8088762Z   xorg-libxrender                0.9.11               hd590300_0               conda-forge
2025-01-14T19:16:04.8089156Z   xorg-renderproto               0.11.1               h7f98852_1002            conda-forge
2025-01-14T19:16:04.8089537Z   xorg-xextproto                 7.3.0                h0b41bf4_1003            conda-forge
2025-01-14T19:16:04.8089904Z   xorg-xproto                    7.0.31               h7f98852_1007            conda-forge
2025-01-14T19:16:04.8090234Z   xz                             5.2.6                h166bdaf_0               conda-forge
2025-01-14T19:16:04.8090543Z   yaml                           0.2.5                h7f98852_2               conda-forge
2025-01-14T19:16:04.8090857Z   zeromq                         4.3.5                h75354e8_4               conda-forge
2025-01-14T19:16:04.8091186Z   zipp                           3.19.2               pyhd8ed1ab_0             conda-forge
2025-01-14T19:16:04.8091503Z   zlib                           1.3.1                h4ab18f5_1               conda-forge
2025-01-14T19:16:04.8091818Z   zlib-ng                        2.0.7                h0b41bf4_0               conda-forge
2025-01-14T19:16:04.8092325Z   zstd                           1.5.6                ha6fb4c9_0               conda-forge
2025-01-14T19:16:04.8092889Z ##[endgroup]
2025-01-14T19:16:04.8139419Z ##[group]Run pip install -e . --user
2025-01-14T19:16:04.8139740Z [36;1mpip install -e . --user[0m
2025-01-14T19:16:04.8169199Z shell: /usr/bin/bash -l {0}
2025-01-14T19:16:04.8169449Z env:
2025-01-14T19:16:04.8169618Z   CACHE_NUMBER: 0
2025-01-14T19:16:04.8170232Z   PYTEST_FLAGS: --tardis-regression-data=/home/runner/work/tardis/tardis/tardis-regression-data --cov=tardis --cov-report=xml --cov-report=html --cov-append
2025-01-14T19:16:04.8171054Z   CODECOV_TOKEN: 
2025-01-14T19:16:04.8171275Z   MAMBA_ROOT_PREFIX: /home/runner/micromamba
2025-01-14T19:16:04.8171580Z   MAMBA_EXE: /home/runner/micromamba-bin/micromamba
2025-01-14T19:16:04.8171923Z   CONDARC: /home/runner/work/_temp/setup-micromamba/.condarc
2025-01-14T19:16:04.8172432Z ##[endgroup]
2025-01-14T19:16:05.4785204Z Obtaining file:///home/runner/work/tardis/tardis
2025-01-14T19:16:05.4813360Z   Installing build dependencies: started
2025-01-14T19:16:08.2898880Z   Installing build dependencies: finished with status 'done'
2025-01-14T19:16:08.2905689Z   Checking if build backend supports build_editable: started
2025-01-14T19:16:08.4178582Z   Checking if build backend supports build_editable: finished with status 'done'
2025-01-14T19:16:08.4188360Z   Getting requirements to build editable: started
2025-01-14T19:16:08.8800238Z   Getting requirements to build editable: finished with status 'done'
2025-01-14T19:16:08.8809267Z   Preparing editable metadata (pyproject.toml): started
2025-01-14T19:16:09.3368954Z   Preparing editable metadata (pyproject.toml): finished with status 'done'
2025-01-14T19:16:09.3963665Z Requirement already satisfied: astropy in /home/runner/micromamba/envs/tardis/lib/python3.12/site-packages (from tardis==0.0.0) (6.1.1)
2025-01-14T19:16:09.4370638Z Requirement already satisfied: numpy>=1.23 in /home/runner/micromamba/envs/tardis/lib/python3.12/site-packages (from astropy->tardis==0.0.0) (1.26.4)
2025-01-14T19:16:09.4380718Z Requirement already satisfied: pyerfa>=2.0.1.1 in /home/runner/micromamba/envs/tardis/lib/python3.12/site-packages (from astropy->tardis==0.0.0) (2.0.1.4)
2025-01-14T19:16:09.4391783Z Requirement already satisfied: astropy-iers-data>=0.2024.5.27.0.30.8 in /home/runner/micromamba/envs/tardis/lib/python3.12/site-packages (from astropy->tardis==0.0.0) (0.2024.6.17.0.31.35)
2025-01-14T19:16:09.4400847Z Requirement already satisfied: PyYAML>=3.13 in /home/runner/micromamba/envs/tardis/lib/python3.12/site-packages (from astropy->tardis==0.0.0) (6.0.1)
2025-01-14T19:16:09.4410917Z Requirement already satisfied: packaging>=19.0 in /home/runner/micromamba/envs/tardis/lib/python3.12/site-packages (from astropy->tardis==0.0.0) (24.1)
2025-01-14T19:16:09.4501158Z Building wheels for collected packages: tardis
2025-01-14T19:16:09.4510687Z   Building editable for tardis (pyproject.toml): started
2025-01-14T19:16:10.1911064Z   Building editable for tardis (pyproject.toml): finished with status 'done'
2025-01-14T19:16:10.1917302Z   Created wheel for tardis: filename=tardis-0.0.0-0.editable-py3-none-any.whl size=8876 sha256=93d94a778e9fe10a5d410d92001ece88196bee035e3961cb82b4ca6885dc0f44
2025-01-14T19:16:10.1918515Z   Stored in directory: /tmp/pip-ephem-wheel-cache-zdldbaz7/wheels/6a/c7/ae/89fa6dc2565455898176888ef0e2e475e4e90eb0124afcb995
2025-01-14T19:16:10.1943700Z Successfully built tardis
2025-01-14T19:16:10.9461930Z Installing collected packages: tardis
2025-01-14T19:16:10.9553857Z Successfully installed tardis-0.0.0
2025-01-14T19:16:11.1939314Z ##[group]Run pip install qgridnext
2025-01-14T19:16:11.1939640Z [36;1mpip install qgridnext[0m
2025-01-14T19:16:11.1966838Z shell: /usr/bin/bash -l {0}
2025-01-14T19:16:11.1967080Z env:
2025-01-14T19:16:11.1967259Z   CACHE_NUMBER: 0
2025-01-14T19:16:11.1967869Z   PYTEST_FLAGS: --tardis-regression-data=/home/runner/work/tardis/tardis/tardis-regression-data --cov=tardis --cov-report=xml --cov-report=html --cov-append
2025-01-14T19:16:11.1968516Z   CODECOV_TOKEN: 
2025-01-14T19:16:11.1968739Z   MAMBA_ROOT_PREFIX: /home/runner/micromamba
2025-01-14T19:16:11.1969046Z   MAMBA_EXE: /home/runner/micromamba-bin/micromamba
2025-01-14T19:16:11.1969393Z   CONDARC: /home/runner/work/_temp/setup-micromamba/.condarc
2025-01-14T19:16:11.1969696Z ##[endgroup]
2025-01-14T19:16:11.8247238Z Collecting qgridnext
2025-01-14T19:16:11.8576946Z   Downloading qgridnext-2.0.4-py3-none-any.whl.metadata (9.9 kB)
2025-01-14T19:16:11.8668777Z Requirement already satisfied: pandas>=0.20.0 in /home/runner/micromamba/envs/tardis/lib/python3.12/site-packages (from qgridnext) (2.2.2)
2025-01-14T19:16:11.8677185Z Requirement already satisfied: ipywidgets>=7.0.0 in /home/runner/micromamba/envs/tardis/lib/python3.12/site-packages (from qgridnext) (7.8.0)
2025-01-14T19:16:11.8685787Z Requirement already satisfied: numpy in /home/runner/micromamba/envs/tardis/lib/python3.12/site-packages (from qgridnext) (1.26.4)
2025-01-14T19:16:11.8695546Z Requirement already satisfied: traitlets in /home/runner/micromamba/envs/tardis/lib/python3.12/site-packages (from qgridnext) (5.14.3)
2025-01-14T19:16:11.8778756Z Requirement already satisfied: comm>=0.1.3 in /home/runner/micromamba/envs/tardis/lib/python3.12/site-packages (from ipywidgets>=7.0.0->qgridnext) (0.2.2)
2025-01-14T19:16:11.8787308Z Requirement already satisfied: ipython-genutils~=0.2.0 in /home/runner/micromamba/envs/tardis/lib/python3.12/site-packages (from ipywidgets>=7.0.0->qgridnext) (0.2.0)
2025-01-14T19:16:11.8802464Z Requirement already satisfied: widgetsnbextension~=3.6.5 in /home/runner/micromamba/envs/tardis/lib/python3.12/site-packages (from ipywidgets>=7.0.0->qgridnext) (3.6.6)
2025-01-14T19:16:11.8819814Z Requirement already satisfied: ipython>=4.0.0 in /home/runner/micromamba/envs/tardis/lib/python3.12/site-packages (from ipywidgets>=7.0.0->qgridnext) (8.25.0)
2025-01-14T19:16:11.8833888Z Requirement already satisfied: jupyterlab-widgets<3,>=1.0.0 in /home/runner/micromamba/envs/tardis/lib/python3.12/site-packages (from ipywidgets>=7.0.0->qgridnext) (1.1.7)
2025-01-14T19:16:11.9273424Z Requirement already satisfied: python-dateutil>=2.8.2 in /home/runner/micromamba/envs/tardis/lib/python3.12/site-packages (from pandas>=0.20.0->qgridnext) (2.9.0)
2025-01-14T19:16:11.9286219Z Requirement already satisfied: pytz>=2020.1 in /home/runner/micromamba/envs/tardis/lib/python3.12/site-packages (from pandas>=0.20.0->qgridnext) (2024.1)
2025-01-14T19:16:11.9293921Z Requirement already satisfied: tzdata>=2022.7 in /home/runner/micromamba/envs/tardis/lib/python3.12/site-packages (from pandas>=0.20.0->qgridnext) (2024.1)
2025-01-14T19:16:11.9609153Z Requirement already satisfied: decorator in /home/runner/micromamba/envs/tardis/lib/python3.12/site-packages (from ipython>=4.0.0->ipywidgets>=7.0.0->qgridnext) (5.1.1)
2025-01-14T19:16:11.9623537Z Requirement already satisfied: jedi>=0.16 in /home/runner/micromamba/envs/tardis/lib/python3.12/site-packages (from ipython>=4.0.0->ipywidgets>=7.0.0->qgridnext) (0.19.1)
2025-01-14T19:16:11.9631648Z Requirement already satisfied: matplotlib-inline in /home/runner/micromamba/envs/tardis/lib/python3.12/site-packages (from ipython>=4.0.0->ipywidgets>=7.0.0->qgridnext) (0.1.7)
2025-01-14T19:16:11.9642492Z Requirement already satisfied: prompt-toolkit<3.1.0,>=3.0.41 in /home/runner/micromamba/envs/tardis/lib/python3.12/site-packages (from ipython>=4.0.0->ipywidgets>=7.0.0->qgridnext) (3.0.47)
2025-01-14T19:16:11.9651170Z Requirement already satisfied: pygments>=2.4.0 in /home/runner/micromamba/envs/tardis/lib/python3.12/site-packages (from ipython>=4.0.0->ipywidgets>=7.0.0->qgridnext) (2.18.0)
2025-01-14T19:16:11.9660519Z Requirement already satisfied: stack-data in /home/runner/micromamba/envs/tardis/lib/python3.12/site-packages (from ipython>=4.0.0->ipywidgets>=7.0.0->qgridnext) (0.6.2)
2025-01-14T19:16:11.9678925Z Requirement already satisfied: pexpect>4.3 in /home/runner/micromamba/envs/tardis/lib/python3.12/site-packages (from ipython>=4.0.0->ipywidgets>=7.0.0->qgridnext) (4.9.0)
2025-01-14T19:16:11.9728663Z Requirement already satisfied: six>=1.5 in /home/runner/micromamba/envs/tardis/lib/python3.12/site-packages (from python-dateutil>=2.8.2->pandas>=0.20.0->qgridnext) (1.16.0)
2025-01-14T19:16:11.9787431Z Requirement already satisfied: notebook>=4.4.1 in /home/runner/micromamba/envs/tardis/lib/python3.12/site-packages (from widgetsnbextension~=3.6.5->ipywidgets>=7.0.0->qgridnext) (7.2.1)
2025-01-14T19:16:11.9973128Z Requirement already satisfied: parso<0.9.0,>=0.8.3 in /home/runner/micromamba/envs/tardis/lib/python3.12/site-packages (from jedi>=0.16->ipython>=4.0.0->ipywidgets>=7.0.0->qgridnext) (0.8.4)
2025-01-14T19:16:12.0115925Z Requirement already satisfied: jupyter-server<3,>=2.4.0 in /home/runner/micromamba/envs/tardis/lib/python3.12/site-packages (from notebook>=4.4.1->widgetsnbextension~=3.6.5->ipywidgets>=7.0.0->qgridnext) (2.14.1)
2025-01-14T19:16:12.0128665Z Requirement already satisfied: jupyterlab-server<3,>=2.27.1 in /home/runner/micromamba/envs/tardis/lib/python3.12/site-packages (from notebook>=4.4.1->widgetsnbextension~=3.6.5->ipywidgets>=7.0.0->qgridnext) (2.27.2)
2025-01-14T19:16:12.0143412Z Requirement already satisfied: jupyterlab<4.3,>=4.2.0 in /home/runner/micromamba/envs/tardis/lib/python3.12/site-packages (from notebook>=4.4.1->widgetsnbextension~=3.6.5->ipywidgets>=7.0.0->qgridnext) (4.2.2)
2025-01-14T19:16:12.0153450Z Requirement already satisfied: notebook-shim<0.3,>=0.2 in /home/runner/micromamba/envs/tardis/lib/python3.12/site-packages (from notebook>=4.4.1->widgetsnbextension~=3.6.5->ipywidgets>=7.0.0->qgridnext) (0.2.4)
2025-01-14T19:16:12.0162520Z Requirement already satisfied: tornado>=6.2.0 in /home/runner/micromamba/envs/tardis/lib/python3.12/site-packages (from notebook>=4.4.1->widgetsnbextension~=3.6.5->ipywidgets>=7.0.0->qgridnext) (6.4.1)
2025-01-14T19:16:12.0191815Z Requirement already satisfied: ptyprocess>=0.5 in /home/runner/micromamba/envs/tardis/lib/python3.12/site-packages (from pexpect>4.3->ipython>=4.0.0->ipywidgets>=7.0.0->qgridnext) (0.7.0)
2025-01-14T19:16:12.0220726Z Requirement already satisfied: wcwidth in /home/runner/micromamba/envs/tardis/lib/python3.12/site-packages (from prompt-toolkit<3.1.0,>=3.0.41->ipython>=4.0.0->ipywidgets>=7.0.0->qgridnext) (0.2.13)
2025-01-14T19:16:12.0357634Z Requirement already satisfied: executing>=1.2.0 in /home/runner/micromamba/envs/tardis/lib/python3.12/site-packages (from stack-data->ipython>=4.0.0->ipywidgets>=7.0.0->qgridnext) (2.0.1)
2025-01-14T19:16:12.0366105Z Requirement already satisfied: asttokens>=2.1.0 in /home/runner/micromamba/envs/tardis/lib/python3.12/site-packages (from stack-data->ipython>=4.0.0->ipywidgets>=7.0.0->qgridnext) (2.4.1)
2025-01-14T19:16:12.0373580Z Requirement already satisfied: pure-eval in /home/runner/micromamba/envs/tardis/lib/python3.12/site-packages (from stack-data->ipython>=4.0.0->ipywidgets>=7.0.0->qgridnext) (0.2.2)
2025-01-14T19:16:12.0708822Z Requirement already satisfied: anyio>=3.1.0 in /home/runner/micromamba/envs/tardis/lib/python3.12/site-packages (from jupyter-server<3,>=2.4.0->notebook>=4.4.1->widgetsnbextension~=3.6.5->ipywidgets>=7.0.0->qgridnext) (4.4.0)
2025-01-14T19:16:12.0718110Z Requirement already satisfied: argon2-cffi>=21.1 in /home/runner/micromamba/envs/tardis/lib/python3.12/site-packages (from jupyter-server<3,>=2.4.0->notebook>=4.4.1->widgetsnbextension~=3.6.5->ipywidgets>=7.0.0->qgridnext) (23.1.0)
2025-01-14T19:16:12.0726486Z Requirement already satisfied: jinja2>=3.0.3 in /home/runner/micromamba/envs/tardis/lib/python3.12/site-packages (from jupyter-server<3,>=2.4.0->notebook>=4.4.1->widgetsnbextension~=3.6.5->ipywidgets>=7.0.0->qgridnext) (3.1.4)
2025-01-14T19:16:12.0737747Z Requirement already satisfied: jupyter-client>=7.4.4 in /home/runner/micromamba/envs/tardis/lib/python3.12/site-packages (from jupyter-server<3,>=2.4.0->notebook>=4.4.1->widgetsnbextension~=3.6.5->ipywidgets>=7.0.0->qgridnext) (8.6.2)
2025-01-14T19:16:12.0749300Z Requirement already satisfied: jupyter-core!=5.0.*,>=4.12 in /home/runner/micromamba/envs/tardis/lib/python3.12/site-packages (from jupyter-server<3,>=2.4.0->notebook>=4.4.1->widgetsnbextension~=3.6.5->ipywidgets>=7.0.0->qgridnext) (5.7.2)
2025-01-14T19:16:12.0760303Z Requirement already satisfied: jupyter-events>=0.9.0 in /home/runner/micromamba/envs/tardis/lib/python3.12/site-packages (from jupyter-server<3,>=2.4.0->notebook>=4.4.1->widgetsnbextension~=3.6.5->ipywidgets>=7.0.0->qgridnext) (0.10.0)
2025-01-14T19:16:12.0771188Z Requirement already satisfied: jupyter-server-terminals>=0.4.4 in /home/runner/micromamba/envs/tardis/lib/python3.12/site-packages (from jupyter-server<3,>=2.4.0->notebook>=4.4.1->widgetsnbextension~=3.6.5->ipywidgets>=7.0.0->qgridnext) (0.5.3)
2025-01-14T19:16:12.0784540Z Requirement already satisfied: nbconvert>=6.4.4 in /home/runner/micromamba/envs/tardis/lib/python3.12/site-packages (from jupyter-server<3,>=2.4.0->notebook>=4.4.1->widgetsnbextension~=3.6.5->ipywidgets>=7.0.0->qgridnext) (7.16.4)
2025-01-14T19:16:12.0794505Z Requirement already satisfied: nbformat>=5.3.0 in /home/runner/micromamba/envs/tardis/lib/python3.12/site-packages (from jupyter-server<3,>=2.4.0->notebook>=4.4.1->widgetsnbextension~=3.6.5->ipywidgets>=7.0.0->qgridnext) (5.10.4)
2025-01-14T19:16:12.0803149Z Requirement already satisfied: overrides>=5.0 in /home/runner/micromamba/envs/tardis/lib/python3.12/site-packages (from jupyter-server<3,>=2.4.0->notebook>=4.4.1->widgetsnbextension~=3.6.5->ipywidgets>=7.0.0->qgridnext) (7.7.0)
2025-01-14T19:16:12.0812446Z Requirement already satisfied: packaging>=22.0 in /home/runner/micromamba/envs/tardis/lib/python3.12/site-packages (from jupyter-server<3,>=2.4.0->notebook>=4.4.1->widgetsnbextension~=3.6.5->ipywidgets>=7.0.0->qgridnext) (24.1)
2025-01-14T19:16:12.0820493Z Requirement already satisfied: prometheus-client>=0.9 in /home/runner/micromamba/envs/tardis/lib/python3.12/site-packages (from jupyter-server<3,>=2.4.0->notebook>=4.4.1->widgetsnbextension~=3.6.5->ipywidgets>=7.0.0->qgridnext) (0.20.0)
2025-01-14T19:16:12.0830746Z Requirement already satisfied: pyzmq>=24 in /home/runner/micromamba/envs/tardis/lib/python3.12/site-packages (from jupyter-server<3,>=2.4.0->notebook>=4.4.1->widgetsnbextension~=3.6.5->ipywidgets>=7.0.0->qgridnext) (26.0.3)
2025-01-14T19:16:12.0839224Z Requirement already satisfied: send2trash>=1.8.2 in /home/runner/micromamba/envs/tardis/lib/python3.12/site-packages (from jupyter-server<3,>=2.4.0->notebook>=4.4.1->widgetsnbextension~=3.6.5->ipywidgets>=7.0.0->qgridnext) (1.8.3)
2025-01-14T19:16:12.0850465Z Requirement already satisfied: terminado>=0.8.3 in /home/runner/micromamba/envs/tardis/lib/python3.12/site-packages (from jupyter-server<3,>=2.4.0->notebook>=4.4.1->widgetsnbextension~=3.6.5->ipywidgets>=7.0.0->qgridnext) (0.18.1)
2025-01-14T19:16:12.0867260Z Requirement already satisfied: websocket-client>=1.7 in /home/runner/micromamba/envs/tardis/lib/python3.12/site-packages (from jupyter-server<3,>=2.4.0->notebook>=4.4.1->widgetsnbextension~=3.6.5->ipywidgets>=7.0.0->qgridnext) (1.8.0)
2025-01-14T19:16:12.1145735Z Requirement already satisfied: async-lru>=1.0.0 in /home/runner/micromamba/envs/tardis/lib/python3.12/site-packages (from jupyterlab<4.3,>=4.2.0->notebook>=4.4.1->widgetsnbextension~=3.6.5->ipywidgets>=7.0.0->qgridnext) (2.0.4)
2025-01-14T19:16:12.1156983Z Requirement already satisfied: httpx>=0.25.0 in /home/runner/micromamba/envs/tardis/lib/python3.12/site-packages (from jupyterlab<4.3,>=4.2.0->notebook>=4.4.1->widgetsnbextension~=3.6.5->ipywidgets>=7.0.0->qgridnext) (0.27.0)
2025-01-14T19:16:12.1168650Z Requirement already satisfied: ipykernel>=6.5.0 in /home/runner/micromamba/envs/tardis/lib/python3.12/site-packages (from jupyterlab<4.3,>=4.2.0->notebook>=4.4.1->widgetsnbextension~=3.6.5->ipywidgets>=7.0.0->qgridnext) (6.29.4)
2025-01-14T19:16:12.1182355Z Requirement already satisfied: jupyter-lsp>=2.0.0 in /home/runner/micromamba/envs/tardis/lib/python3.12/site-packages (from jupyterlab<4.3,>=4.2.0->notebook>=4.4.1->widgetsnbextension~=3.6.5->ipywidgets>=7.0.0->qgridnext) (2.2.5)
2025-01-14T19:16:12.1207757Z Requirement already satisfied: setuptools>=40.1.0 in /home/runner/micromamba/envs/tardis/lib/python3.12/site-packages (from jupyterlab<4.3,>=4.2.0->notebook>=4.4.1->widgetsnbextension~=3.6.5->ipywidgets>=7.0.0->qgridnext) (70.0.0)
2025-01-14T19:16:12.1394950Z Requirement already satisfied: babel>=2.10 in /home/runner/micromamba/envs/tardis/lib/python3.12/site-packages (from jupyterlab-server<3,>=2.27.1->notebook>=4.4.1->widgetsnbextension~=3.6.5->ipywidgets>=7.0.0->qgridnext) (2.14.0)
2025-01-14T19:16:12.1423786Z Requirement already satisfied: json5>=0.9.0 in /home/runner/micromamba/envs/tardis/lib/python3.12/site-packages (from jupyterlab-server<3,>=2.27.1->notebook>=4.4.1->widgetsnbextension~=3.6.5->ipywidgets>=7.0.0->qgridnext) (0.9.25)
2025-01-14T19:16:12.1434557Z Requirement already satisfied: jsonschema>=4.18.0 in /home/runner/micromamba/envs/tardis/lib/python3.12/site-packages (from jupyterlab-server<3,>=2.27.1->notebook>=4.4.1->widgetsnbextension~=3.6.5->ipywidgets>=7.0.0->qgridnext) (4.22.0)
2025-01-14T19:16:12.1493541Z Requirement already satisfied: requests>=2.31 in /home/runner/micromamba/envs/tardis/lib/python3.12/site-packages (from jupyterlab-server<3,>=2.27.1->notebook>=4.4.1->widgetsnbextension~=3.6.5->ipywidgets>=7.0.0->qgridnext) (2.32.3)
2025-01-14T19:16:12.1930742Z Requirement already satisfied: idna>=2.8 in /home/runner/micromamba/envs/tardis/lib/python3.12/site-packages (from anyio>=3.1.0->jupyter-server<3,>=2.4.0->notebook>=4.4.1->widgetsnbextension~=3.6.5->ipywidgets>=7.0.0->qgridnext) (3.7)
2025-01-14T19:16:12.1939598Z Requirement already satisfied: sniffio>=1.1 in /home/runner/micromamba/envs/tardis/lib/python3.12/site-packages (from anyio>=3.1.0->jupyter-server<3,>=2.4.0->notebook>=4.4.1->widgetsnbextension~=3.6.5->ipywidgets>=7.0.0->qgridnext) (1.3.1)
2025-01-14T19:16:12.2035359Z Requirement already satisfied: argon2-cffi-bindings in /home/runner/micromamba/envs/tardis/lib/python3.12/site-packages (from argon2-cffi>=21.1->jupyter-server<3,>=2.4.0->notebook>=4.4.1->widgetsnbextension~=3.6.5->ipywidgets>=7.0.0->qgridnext) (21.2.0)
2025-01-14T19:16:12.2210368Z Requirement already satisfied: certifi in /home/runner/micromamba/envs/tardis/lib/python3.12/site-packages (from httpx>=0.25.0->jupyterlab<4.3,>=4.2.0->notebook>=4.4.1->widgetsnbextension~=3.6.5->ipywidgets>=7.0.0->qgridnext) (2024.6.2)
2025-01-14T19:16:12.2225306Z Requirement already satisfied: httpcore==1.* in /home/runner/micromamba/envs/tardis/lib/python3.12/site-packages (from httpx>=0.25.0->jupyterlab<4.3,>=4.2.0->notebook>=4.4.1->widgetsnbextension~=3.6.5->ipywidgets>=7.0.0->qgridnext) (1.0.5)
2025-01-14T19:16:12.2303964Z Requirement already satisfied: h11<0.15,>=0.13 in /home/runner/micromamba/envs/tardis/lib/python3.12/site-packages (from httpcore==1.*->httpx>=0.25.0->jupyterlab<4.3,>=4.2.0->notebook>=4.4.1->widgetsnbextension~=3.6.5->ipywidgets>=7.0.0->qgridnext) (0.14.0)
2025-01-14T19:16:12.2494019Z Requirement already satisfied: debugpy>=1.6.5 in /home/runner/micromamba/envs/tardis/lib/python3.12/site-packages (from ipykernel>=6.5.0->jupyterlab<4.3,>=4.2.0->notebook>=4.4.1->widgetsnbextension~=3.6.5->ipywidgets>=7.0.0->qgridnext) (1.8.1)
2025-01-14T19:16:12.2515719Z Requirement already satisfied: nest-asyncio in /home/runner/micromamba/envs/tardis/lib/python3.12/site-packages (from ipykernel>=6.5.0->jupyterlab<4.3,>=4.2.0->notebook>=4.4.1->widgetsnbextension~=3.6.5->ipywidgets>=7.0.0->qgridnext) (1.6.0)
2025-01-14T19:16:12.2530438Z Requirement already satisfied: psutil in /home/runner/micromamba/envs/tardis/lib/python3.12/site-packages (from ipykernel>=6.5.0->jupyterlab<4.3,>=4.2.0->notebook>=4.4.1->widgetsnbextension~=3.6.5->ipywidgets>=7.0.0->qgridnext) (5.9.8)
2025-01-14T19:16:12.2596321Z Requirement already satisfied: MarkupSafe>=2.0 in /home/runner/micromamba/envs/tardis/lib/python3.12/site-packages (from jinja2>=3.0.3->jupyter-server<3,>=2.4.0->notebook>=4.4.1->widgetsnbextension~=3.6.5->ipywidgets>=7.0.0->qgridnext) (2.1.5)
2025-01-14T19:16:12.2793688Z Requirement already satisfied: attrs>=22.2.0 in /home/runner/micromamba/envs/tardis/lib/python3.12/site-packages (from jsonschema>=4.18.0->jupyterlab-server<3,>=2.27.1->notebook>=4.4.1->widgetsnbextension~=3.6.5->ipywidgets>=7.0.0->qgridnext) (23.2.0)
2025-01-14T19:16:12.2803009Z Requirement already satisfied: jsonschema-specifications>=2023.03.6 in /home/runner/micromamba/envs/tardis/lib/python3.12/site-packages (from jsonschema>=4.18.0->jupyterlab-server<3,>=2.27.1->notebook>=4.4.1->widgetsnbextension~=3.6.5->ipywidgets>=7.0.0->qgridnext) (2023.12.1)
2025-01-14T19:16:12.2811100Z Requirement already satisfied: referencing>=0.28.4 in /home/runner/micromamba/envs/tardis/lib/python3.12/site-packages (from jsonschema>=4.18.0->jupyterlab-server<3,>=2.27.1->notebook>=4.4.1->widgetsnbextension~=3.6.5->ipywidgets>=7.0.0->qgridnext) (0.35.1)
2025-01-14T19:16:12.2819762Z Requirement already satisfied: rpds-py>=0.7.1 in /home/runner/micromamba/envs/tardis/lib/python3.12/site-packages (from jsonschema>=4.18.0->jupyterlab-server<3,>=2.27.1->notebook>=4.4.1->widgetsnbextension~=3.6.5->ipywidgets>=7.0.0->qgridnext) (0.18.1)
2025-01-14T19:16:12.3084392Z Requirement already satisfied: platformdirs>=2.5 in /home/runner/micromamba/envs/tardis/lib/python3.12/site-packages (from jupyter-core!=5.0.*,>=4.12->jupyter-server<3,>=2.4.0->notebook>=4.4.1->widgetsnbextension~=3.6.5->ipywidgets>=7.0.0->qgridnext) (4.2.2)
2025-01-14T19:16:12.3231837Z Requirement already satisfied: python-json-logger>=2.0.4 in /home/runner/micromamba/envs/tardis/lib/python3.12/site-packages (from jupyter-events>=0.9.0->jupyter-server<3,>=2.4.0->notebook>=4.4.1->widgetsnbextension~=3.6.5->ipywidgets>=7.0.0->qgridnext) (2.0.7)
2025-01-14T19:16:12.3239596Z Requirement already satisfied: pyyaml>=5.3 in /home/runner/micromamba/envs/tardis/lib/python3.12/site-packages (from jupyter-events>=0.9.0->jupyter-server<3,>=2.4.0->notebook>=4.4.1->widgetsnbextension~=3.6.5->ipywidgets>=7.0.0->qgridnext) (6.0.1)
2025-01-14T19:16:12.3249587Z Requirement already satisfied: rfc3339-validator in /home/runner/micromamba/envs/tardis/lib/python3.12/site-packages (from jupyter-events>=0.9.0->jupyter-server<3,>=2.4.0->notebook>=4.4.1->widgetsnbextension~=3.6.5->ipywidgets>=7.0.0->qgridnext) (0.1.4)
2025-01-14T19:16:12.3257722Z Requirement already satisfied: rfc3986-validator>=0.1.1 in /home/runner/micromamba/envs/tardis/lib/python3.12/site-packages (from jupyter-events>=0.9.0->jupyter-server<3,>=2.4.0->notebook>=4.4.1->widgetsnbextension~=3.6.5->ipywidgets>=7.0.0->qgridnext) (0.1.1)
2025-01-14T19:16:12.3682650Z Requirement already satisfied: beautifulsoup4 in /home/runner/micromamba/envs/tardis/lib/python3.12/site-packages (from nbconvert>=6.4.4->jupyter-server<3,>=2.4.0->notebook>=4.4.1->widgetsnbextension~=3.6.5->ipywidgets>=7.0.0->qgridnext) (4.12.3)
2025-01-14T19:16:12.3701182Z Requirement already satisfied: bleach!=5.0.0 in /home/runner/micromamba/envs/tardis/lib/python3.12/site-packages (from nbconvert>=6.4.4->jupyter-server<3,>=2.4.0->notebook>=4.4.1->widgetsnbextension~=3.6.5->ipywidgets>=7.0.0->qgridnext) (6.1.0)
2025-01-14T19:16:12.3714776Z Requirement already satisfied: defusedxml in /home/runner/micromamba/envs/tardis/lib/python3.12/site-packages (from nbconvert>=6.4.4->jupyter-server<3,>=2.4.0->notebook>=4.4.1->widgetsnbextension~=3.6.5->ipywidgets>=7.0.0->qgridnext) (0.7.1)
2025-01-14T19:16:12.3728907Z Requirement already satisfied: jupyterlab-pygments in /home/runner/micromamba/envs/tardis/lib/python3.12/site-packages (from nbconvert>=6.4.4->jupyter-server<3,>=2.4.0->notebook>=4.4.1->widgetsnbextension~=3.6.5->ipywidgets>=7.0.0->qgridnext) (0.3.0)
2025-01-14T19:16:12.3740104Z Requirement already satisfied: mistune<4,>=2.0.3 in /home/runner/micromamba/envs/tardis/lib/python3.12/site-packages (from nbconvert>=6.4.4->jupyter-server<3,>=2.4.0->notebook>=4.4.1->widgetsnbextension~=3.6.5->ipywidgets>=7.0.0->qgridnext) (3.0.2)
2025-01-14T19:16:12.3752431Z Requirement already satisfied: nbclient>=0.5.0 in /home/runner/micromamba/envs/tardis/lib/python3.12/site-packages (from nbconvert>=6.4.4->jupyter-server<3,>=2.4.0->notebook>=4.4.1->widgetsnbextension~=3.6.5->ipywidgets>=7.0.0->qgridnext) (0.10.0)
2025-01-14T19:16:12.3768460Z Requirement already satisfied: pandocfilters>=1.4.1 in /home/runner/micromamba/envs/tardis/lib/python3.12/site-packages (from nbconvert>=6.4.4->jupyter-server<3,>=2.4.0->notebook>=4.4.1->widgetsnbextension~=3.6.5->ipywidgets>=7.0.0->qgridnext) (1.5.0)
2025-01-14T19:16:12.3777985Z Requirement already satisfied: tinycss2 in /home/runner/micromamba/envs/tardis/lib/python3.12/site-packages (from nbconvert>=6.4.4->jupyter-server<3,>=2.4.0->notebook>=4.4.1->widgetsnbextension~=3.6.5->ipywidgets>=7.0.0->qgridnext) (1.3.0)
2025-01-14T19:16:12.3895274Z Requirement already satisfied: fastjsonschema>=2.15 in /home/runner/micromamba/envs/tardis/lib/python3.12/site-packages (from nbformat>=5.3.0->jupyter-server<3,>=2.4.0->notebook>=4.4.1->widgetsnbextension~=3.6.5->ipywidgets>=7.0.0->qgridnext) (2.20.0)
2025-01-14T19:16:12.4203159Z Requirement already satisfied: charset-normalizer<4,>=2 in /home/runner/micromamba/envs/tardis/lib/python3.12/site-packages (from requests>=2.31->jupyterlab-server<3,>=2.27.1->notebook>=4.4.1->widgetsnbextension~=3.6.5->ipywidgets>=7.0.0->qgridnext) (3.3.2)
2025-01-14T19:16:12.4215807Z Requirement already satisfied: urllib3<3,>=1.21.1 in /home/runner/micromamba/envs/tardis/lib/python3.12/site-packages (from requests>=2.31->jupyterlab-server<3,>=2.27.1->notebook>=4.4.1->widgetsnbextension~=3.6.5->ipywidgets>=7.0.0->qgridnext) (2.2.2)
2025-01-14T19:16:12.4997335Z Requirement already satisfied: webencodings in /home/runner/micromamba/envs/tardis/lib/python3.12/site-packages (from bleach!=5.0.0->nbconvert>=6.4.4->jupyter-server<3,>=2.4.0->notebook>=4.4.1->widgetsnbextension~=3.6.5->ipywidgets>=7.0.0->qgridnext) (0.5.1)
2025-01-14T19:16:12.5565715Z Requirement already satisfied: fqdn in /home/runner/micromamba/envs/tardis/lib/python3.12/site-packages (from jsonschema[format-nongpl]>=4.18.0->jupyter-events>=0.9.0->jupyter-server<3,>=2.4.0->notebook>=4.4.1->widgetsnbextension~=3.6.5->ipywidgets>=7.0.0->qgridnext) (1.5.1)
2025-01-14T19:16:12.5582071Z Requirement already satisfied: isoduration in /home/runner/micromamba/envs/tardis/lib/python3.12/site-packages (from jsonschema[format-nongpl]>=4.18.0->jupyter-events>=0.9.0->jupyter-server<3,>=2.4.0->notebook>=4.4.1->widgetsnbextension~=3.6.5->ipywidgets>=7.0.0->qgridnext) (20.11.0)
2025-01-14T19:16:12.5595481Z Requirement already satisfied: jsonpointer>1.13 in /home/runner/micromamba/envs/tardis/lib/python3.12/site-packages (from jsonschema[format-nongpl]>=4.18.0->jupyter-events>=0.9.0->jupyter-server<3,>=2.4.0->notebook>=4.4.1->widgetsnbextension~=3.6.5->ipywidgets>=7.0.0->qgridnext) (3.0.0)
2025-01-14T19:16:12.5611749Z Requirement already satisfied: uri-template in /home/runner/micromamba/envs/tardis/lib/python3.12/site-packages (from jsonschema[format-nongpl]>=4.18.0->jupyter-events>=0.9.0->jupyter-server<3,>=2.4.0->notebook>=4.4.1->widgetsnbextension~=3.6.5->ipywidgets>=7.0.0->qgridnext) (1.3.0)
2025-01-14T19:16:12.5625265Z Requirement already satisfied: webcolors>=1.11 in /home/runner/micromamba/envs/tardis/lib/python3.12/site-packages (from jsonschema[format-nongpl]>=4.18.0->jupyter-events>=0.9.0->jupyter-server<3,>=2.4.0->notebook>=4.4.1->widgetsnbextension~=3.6.5->ipywidgets>=7.0.0->qgridnext) (24.6.0)
2025-01-14T19:16:12.6625969Z Requirement already satisfied: cffi>=1.0.1 in /home/runner/micromamba/envs/tardis/lib/python3.12/site-packages (from argon2-cffi-bindings->argon2-cffi>=21.1->jupyter-server<3,>=2.4.0->notebook>=4.4.1->widgetsnbextension~=3.6.5->ipywidgets>=7.0.0->qgridnext) (1.16.0)
2025-01-14T19:16:12.6723271Z Requirement already satisfied: soupsieve>1.2 in /home/runner/micromamba/envs/tardis/lib/python3.12/site-packages (from beautifulsoup4->nbconvert>=6.4.4->jupyter-server<3,>=2.4.0->notebook>=4.4.1->widgetsnbextension~=3.6.5->ipywidgets>=7.0.0->qgridnext) (2.5)
2025-01-14T19:16:12.7246406Z Requirement already satisfied: pycparser in /home/runner/micromamba/envs/tardis/lib/python3.12/site-packages (from cffi>=1.0.1->argon2-cffi-bindings->argon2-cffi>=21.1->jupyter-server<3,>=2.4.0->notebook>=4.4.1->widgetsnbextension~=3.6.5->ipywidgets>=7.0.0->qgridnext) (2.22)
2025-01-14T19:16:12.7763260Z Requirement already satisfied: arrow>=0.15.0 in /home/runner/micromamba/envs/tardis/lib/python3.12/site-packages (from isoduration->jsonschema[format-nongpl]>=4.18.0->jupyter-events>=0.9.0->jupyter-server<3,>=2.4.0->notebook>=4.4.1->widgetsnbextension~=3.6.5->ipywidgets>=7.0.0->qgridnext) (1.3.0)
2025-01-14T19:16:12.8064568Z Requirement already satisfied: types-python-dateutil>=2.8.10 in /home/runner/micromamba/envs/tardis/lib/python3.12/site-packages (from arrow>=0.15.0->isoduration->jsonschema[format-nongpl]>=4.18.0->jupyter-events>=0.9.0->jupyter-server<3,>=2.4.0->notebook>=4.4.1->widgetsnbextension~=3.6.5->ipywidgets>=7.0.0->qgridnext) (2.9.0.20240316)
2025-01-14T19:16:12.8402760Z Downloading qgridnext-2.0.4-py3-none-any.whl (1.3 MB)
2025-01-14T19:16:12.8769064Z    â”â”â”â”â”â”â”â”â”â”â”â”â”â”â”â”â”â”â”â”â”â”â”â”â”â”â”â”â”â”â”â”â”â”â”â”â”â”â”â” 1.3/1.3 MB 36.6 MB/s eta 0:00:00
2025-01-14T19:16:13.6689527Z Installing collected packages: qgridnext
2025-01-14T19:16:13.7591745Z Successfully installed qgridnext-2.0.4
2025-01-14T19:16:13.9781457Z ##[group]Run pytest tardis --tardis-regression-data=/home/runner/work/tardis/tardis/tardis-regression-data --cov=tardis --cov-report=xml --cov-report=html --cov-append -m " continuum"
2025-01-14T19:16:13.9782997Z [36;1mpytest tardis --tardis-regression-data=/home/runner/work/tardis/tardis/tardis-regression-data --cov=tardis --cov-report=xml --cov-report=html --cov-append -m " continuum"[0m
2025-01-14T19:16:13.9809862Z shell: /usr/bin/bash -l {0}
2025-01-14T19:16:13.9810145Z env:
2025-01-14T19:16:13.9810326Z   CACHE_NUMBER: 0
2025-01-14T19:16:13.9810931Z   PYTEST_FLAGS: --tardis-regression-data=/home/runner/work/tardis/tardis/tardis-regression-data --cov=tardis --cov-report=xml --cov-report=html --cov-append
2025-01-14T19:16:13.9811572Z   CODECOV_TOKEN: 
2025-01-14T19:16:13.9811794Z   MAMBA_ROOT_PREFIX: /home/runner/micromamba
2025-01-14T19:16:13.9812226Z   MAMBA_EXE: /home/runner/micromamba-bin/micromamba
2025-01-14T19:16:13.9812630Z   CONDARC: /home/runner/work/_temp/setup-micromamba/.condarc
2025-01-14T19:16:13.9812936Z ##[endgroup]
2025-01-14T19:16:23.8721601Z ============================= test session starts ==============================
2025-01-14T19:16:23.8722666Z platform linux -- Python 3.12.4, pytest-8.2.2, pluggy-1.5.0
2025-01-14T19:16:23.8723151Z rootdir: /home/runner/work/tardis/tardis
2025-01-14T19:16:23.8723509Z configfile: pyproject.toml
2025-01-14T19:16:23.8723957Z plugins: anyio-4.4.0, doctestplus-1.2.1, cov-5.0.0, html-4.1.1, metadata-3.1.1
2025-01-14T19:16:23.8724531Z collected 1796 items / 1794 deselected / 2 selected
2025-01-14T19:16:23.8724801Z 
2025-01-14T19:18:15.6013673Z tardis/transport/montecarlo/estimators/tests/test_continuum_property_solver.py . [ 50%]
2025-01-14T19:18:15.6015686Z                                                                          [ 50%]
2025-01-14T19:18:51.1553594Z 
2025-01-14T19:18:51.1553608Z 
2025-01-14T19:18:51.1554470Z tardis/transport/montecarlo/tests/test_continuum.py .                    [100%]
2025-01-14T19:18:51.1555043Z 
2025-01-14T19:18:51.1555256Z =============================== warnings summary ===============================
2025-01-14T19:18:51.1555833Z tardis/io/configuration/config_validator.py:6
2025-01-14T19:18:51.1556353Z tardis/io/configuration/config_validator.py:6
2025-01-14T19:18:51.1557251Z   /home/runner/work/tardis/tardis/tardis/io/configuration/config_validator.py:6: DeprecationWarning:
2025-01-14T19:18:51.1557817Z   
2025-01-14T19:18:51.1559319Z   jsonschema.RefResolver is deprecated as of v4.18.0, in favor of the https://github.com/python-jsonschema/referencing library, which provides more compliant referencing behavior as well as more flexible APIs for customization. A future release will remove RefResolver. Please file a feature request (on referencing) if you are missing an API for the kind of customization you need.
2025-01-14T19:18:51.1560808Z 
2025-01-14T19:18:51.1561094Z ../../../micromamba/envs/tardis/lib/python3.12/site-packages/jupyter_client/connect.py:22
2025-01-14T19:18:51.1561915Z   /home/runner/micromamba/envs/tardis/lib/python3.12/site-packages/jupyter_client/connect.py:22: DeprecationWarning:
2025-01-14T19:18:51.1562821Z   
2025-01-14T19:18:51.1563110Z   Jupyter is migrating its paths to use standard platformdirs
2025-01-14T19:18:51.1563576Z   given by the platformdirs library.  To remove this warning and
2025-01-14T19:18:51.1564050Z   see the appropriate new directories, set the environment variable
2025-01-14T19:18:51.1564515Z   `JUPYTER_PLATFORM_DIRS=1` and then run `jupyter --paths`.
2025-01-14T19:18:51.1565227Z   The use of platformdirs will be the default in `jupyter_core` v6
2025-01-14T19:18:51.1565519Z 
2025-01-14T19:18:51.1571685Z tardis/transport/montecarlo/estimators/tests/test_continuum_property_solver.py::test_continuum_estimators
2025-01-14T19:18:51.1572711Z   /home/runner/work/tardis/tardis/tardis/transport/montecarlo/montecarlo_main_loop.py:123: NumbaTypeSafetyWarning:
2025-01-14T19:18:51.1573236Z   
2025-01-14T19:18:51.1574001Z   [1m[1m[1munsafe cast from uint64 to int64. Precision may be lost.[0m[0m[0m
2025-01-14T19:18:51.1574293Z 
2025-01-14T19:18:51.1574497Z -- Docs: https://docs.pytest.org/en/stable/how-to/capture-warnings.html
2025-01-14T19:18:51.1574775Z 
2025-01-14T19:18:51.1574950Z ---------- coverage: platform linux, python 3.12.4-final-0 -----------
2025-01-14T19:18:51.1575314Z Coverage HTML written to dir coverage_html_report
2025-01-14T19:18:51.1575607Z Coverage XML written to file coverage.xml
2025-01-14T19:18:51.1575786Z 
2025-01-14T19:18:51.1575955Z ========== 2 passed, 1794 deselected, 4 warnings in 149.02s (0:02:29) ==========
2025-01-14T19:18:52.5115451Z Packets:                                                                                   2000/? [00:45<00:00, 169.00it/s][A
2025-01-14T19:18:52.5168766Z ##[group]Run mv .coverage .coverage.3
2025-01-14T19:18:52.5169089Z [36;1mmv .coverage .coverage.3[0m
2025-01-14T19:18:52.5204979Z shell: /usr/bin/bash -l {0}
2025-01-14T19:18:52.5205219Z env:
2025-01-14T19:18:52.5205391Z   CACHE_NUMBER: 0
2025-01-14T19:18:52.5206130Z   PYTEST_FLAGS: --tardis-regression-data=/home/runner/work/tardis/tardis/tardis-regression-data --cov=tardis --cov-report=xml --cov-report=html --cov-append
2025-01-14T19:18:52.5206997Z   CODECOV_TOKEN: 
2025-01-14T19:18:52.5207333Z   MAMBA_ROOT_PREFIX: /home/runner/micromamba
2025-01-14T19:18:52.5207774Z   MAMBA_EXE: /home/runner/micromamba-bin/micromamba
2025-01-14T19:18:52.5208245Z   CONDARC: /home/runner/work/_temp/setup-micromamba/.condarc
2025-01-14T19:18:52.5208673Z ##[endgroup]
2025-01-14T19:18:52.6522420Z ##[group]Run actions/upload-artifact@v4
2025-01-14T19:18:52.6522844Z with:
2025-01-14T19:18:52.6523231Z   name: coverage--continuum-ubuntu-latest
2025-01-14T19:18:52.6523685Z   include-hidden-files: true
2025-01-14T19:18:52.6524011Z   path: .coverage*
!.coveragerc

2025-01-14T19:18:52.6524439Z   if-no-files-found: warn
2025-01-14T19:18:52.6524759Z   compression-level: 6
2025-01-14T19:18:52.6525096Z   overwrite: false
2025-01-14T19:18:52.6525419Z env:
2025-01-14T19:18:52.6525694Z   CACHE_NUMBER: 0
2025-01-14T19:18:52.6526472Z   PYTEST_FLAGS: --tardis-regression-data=/home/runner/work/tardis/tardis/tardis-regression-data --cov=tardis --cov-report=xml --cov-report=html --cov-append
2025-01-14T19:18:52.6527308Z   CODECOV_TOKEN: 
2025-01-14T19:18:52.6527604Z   MAMBA_ROOT_PREFIX: /home/runner/micromamba
2025-01-14T19:18:52.6528089Z   MAMBA_EXE: /home/runner/micromamba-bin/micromamba
2025-01-14T19:18:52.6528531Z   CONDARC: /home/runner/work/_temp/setup-micromamba/.condarc
2025-01-14T19:18:52.6529089Z ##[endgroup]
2025-01-14T19:18:52.8848316Z With the provided path, there will be 1 file uploaded
2025-01-14T19:18:52.8855033Z Artifact name is valid!
2025-01-14T19:18:52.8856175Z Root directory input is valid!
2025-01-14T19:18:53.0014497Z Beginning upload of artifact content to blob storage
2025-01-14T19:18:53.0699810Z Uploaded bytes 18140
2025-01-14T19:18:53.0948316Z Finished uploading artifact content to blob storage!
2025-01-14T19:18:53.0951539Z SHA256 hash of uploaded artifact zip is dfc74d5934327aca4dd790f53c69fcb13beade58ccbdcc0987b26d0b17d72e4e
2025-01-14T19:18:53.0953783Z Finalizing artifact upload
2025-01-14T19:18:53.1723131Z Artifact coverage--continuum-ubuntu-latest.zip successfully finalized. Artifact ID 2430341227
2025-01-14T19:18:53.1724665Z Artifact coverage--continuum-ubuntu-latest has been successfully uploaded! Final size is 18140 bytes. Artifact ID is 2430341227
2025-01-14T19:18:53.1731189Z Artifact download URL: https://github.com/tardis-sn/tardis/actions/runs/12774777730/artifacts/2430341227
2025-01-14T19:18:53.1857105Z Post job cleanup.
2025-01-14T19:18:53.1903693Z Post job cleanup.
2025-01-14T19:18:53.3273946Z Will use pre-installed micromamba at /home/runner/micromamba-bin/micromamba
2025-01-14T19:18:53.3281232Z Removing micromamba run shell ...
2025-01-14T19:18:53.3285562Z ##[group]Deinitialize micromamba for bash
2025-01-14T19:18:53.3304799Z [command]/home/runner/micromamba-bin/micromamba shell deinit -s bash -r /home/runner/micromamba --log-level warning --rc-file /home/runner/work/_temp/setup-micromamba/.condarc
2025-01-14T19:18:53.3404584Z Resetting RC file "/home/runner/.bashrc"
2025-01-14T19:18:53.3405078Z Deleting config for root prefix 
2025-01-14T19:18:53.3405452Z Clearing mamba executable environment variable
2025-01-14T19:18:53.3407865Z Removing the following in your "/home/runner/.bashrc" file
2025-01-14T19:18:53.3408591Z # >>> mamba initialize >>>
2025-01-14T19:18:53.3408899Z ...
2025-01-14T19:18:53.3409074Z # <<< mamba initialize <<<
2025-01-14T19:18:53.3438500Z Removing mamba initialize block from .bash_profile
2025-01-14T19:18:53.3454920Z ##[endgroup]
2025-01-14T19:18:53.3459056Z Removing environment tardis from auto-activate bash ...
2025-01-14T19:18:53.3585885Z Post job cleanup.
2025-01-14T19:18:53.3626965Z Post job cleanup.
2025-01-14T19:18:53.4707430Z [command]/usr/bin/git version
2025-01-14T19:18:53.4750581Z git version 2.48.0
2025-01-14T19:18:53.4804420Z Temporarily overriding HOME='/home/runner/work/_temp/d2832e75-9a33-4cfe-86b7-237b5d82597c' before making global git config changes
2025-01-14T19:18:53.4805560Z Adding repository directory to the temporary git global config as a safe directory
2025-01-14T19:18:53.4810274Z [command]/usr/bin/git config --global --add safe.directory /home/runner/work/tardis/tardis/tardis-regression-data
2025-01-14T19:18:53.4847703Z [command]/usr/bin/git config --local --name-only --get-regexp core\.sshCommand
2025-01-14T19:18:53.4882026Z [command]/usr/bin/git submodule foreach --recursive sh -c "git config --local --name-only --get-regexp 'core\.sshCommand' && git config --local --unset-all 'core.sshCommand' || :"
2025-01-14T19:18:53.5117872Z [command]/usr/bin/git config --local --name-only --get-regexp http\.https\:\/\/github\.com\/\.extraheader
2025-01-14T19:18:53.5143156Z http.https://github.com/.extraheader
2025-01-14T19:18:53.5156427Z [command]/usr/bin/git config --local --unset-all http.https://github.com/.extraheader
2025-01-14T19:18:53.5189015Z [command]/usr/bin/git submodule foreach --recursive sh -c "git config --local --name-only --get-regexp 'http\.https\:\/\/github\.com\/\.extraheader' && git config --local --unset-all 'http.https://github.com/.extraheader' || :"
2025-01-14T19:18:53.5537453Z Post job cleanup.
2025-01-14T19:18:53.6526805Z [command]/usr/bin/git version
2025-01-14T19:18:53.6580992Z git version 2.48.0
2025-01-14T19:18:53.6642713Z Temporarily overriding HOME='/home/runner/work/_temp/b4a15ec4-8803-4a52-b5e9-3035ae89c988' before making global git config changes
2025-01-14T19:18:53.6644005Z Adding repository directory to the temporary git global config as a safe directory
2025-01-14T19:18:53.6649316Z [command]/usr/bin/git config --global --add safe.directory /home/runner/work/tardis/tardis
2025-01-14T19:18:53.6686911Z [command]/usr/bin/git config --local --name-only --get-regexp core\.sshCommand
2025-01-14T19:18:53.6720218Z [command]/usr/bin/git submodule foreach --recursive sh -c "git config --local --name-only --get-regexp 'core\.sshCommand' && git config --local --unset-all 'core.sshCommand' || :"
2025-01-14T19:18:53.6964730Z [command]/usr/bin/git config --local --name-only --get-regexp http\.https\:\/\/github\.com\/\.extraheader
2025-01-14T19:18:53.6988306Z http.https://github.com/.extraheader
2025-01-14T19:18:53.7002691Z [command]/usr/bin/git config --local --unset-all http.https://github.com/.extraheader
2025-01-14T19:18:53.7037398Z [command]/usr/bin/git submodule foreach --recursive sh -c "git config --local --name-only --get-regexp 'http\.https\:\/\/github\.com\/\.extraheader' && git config --local --unset-all 'http.https://github.com/.extraheader' || :"
2025-01-14T19:18:53.7384830Z Cleaning up orphan processes
