2025-01-21T21:01:50.2025414Z Requested labels: macos-latest
2025-01-21T21:01:50.2025705Z Job defined at: tardis-sn/tardis/.github/workflows/tests.yml@refs/pull/2932/merge
2025-01-21T21:01:50.2025801Z Waiting for a runner to pick up this job...
2025-01-21T21:01:50.3987945Z Job is waiting for a hosted runner to come online.
2025-01-21T21:01:53.3222441Z Job is about to start running on the hosted runner: GitHub Actions 11 (hosted)
2025-01-21T21:01:54.7167030Z Current runner version: '2.321.0'
2025-01-21T21:01:54.7183500Z ##[group]Operating System
2025-01-21T21:01:54.7184070Z macOS
2025-01-21T21:01:54.7185100Z 14.7.2
2025-01-21T21:01:54.7185490Z 23H311
2025-01-21T21:01:54.7185800Z ##[endgroup]
2025-01-21T21:01:54.7186140Z ##[group]Runner Image
2025-01-21T21:01:54.7186510Z Image: macos-14-arm64
2025-01-21T21:01:54.7186880Z Version: 20250113.751
2025-01-21T21:01:54.7187590Z Included Software: https://github.com/actions/runner-images/blob/macos-14-arm64/20250113.751/images/macos/macos-14-arm64-Readme.md
2025-01-21T21:01:54.7188520Z Image Release: https://github.com/actions/runner-images/releases/tag/macos-14-arm64%2F20250113.751
2025-01-21T21:01:54.7189110Z ##[endgroup]
2025-01-21T21:01:54.7189430Z ##[group]Runner Image Provisioner
2025-01-21T21:01:54.7189840Z 2.0.414.1+2ecee806bcbb7b5d267443ac0090547f461e95b1
2025-01-21T21:01:54.7190250Z ##[endgroup]
2025-01-21T21:01:54.7191640Z ##[group]GITHUB_TOKEN Permissions
2025-01-21T21:01:54.7193440Z Actions: read
2025-01-21T21:01:54.7193770Z Attestations: read
2025-01-21T21:01:54.7194070Z Checks: read
2025-01-21T21:01:54.7194360Z Contents: read
2025-01-21T21:01:54.7194670Z Deployments: read
2025-01-21T21:01:54.7194980Z Discussions: read
2025-01-21T21:01:54.7195280Z Issues: read
2025-01-21T21:01:54.7195570Z Metadata: read
2025-01-21T21:01:54.7195870Z Packages: read
2025-01-21T21:01:54.7196170Z Pages: read
2025-01-21T21:01:54.7196460Z PullRequests: read
2025-01-21T21:01:54.7196790Z RepositoryProjects: read
2025-01-21T21:01:54.7197120Z SecurityEvents: read
2025-01-21T21:01:54.7197440Z Statuses: read
2025-01-21T21:01:54.7197740Z ##[endgroup]
2025-01-21T21:01:54.7199880Z Secret source: None
2025-01-21T21:01:54.7200240Z Prepare workflow directory
2025-01-21T21:01:54.7516030Z Prepare all required actions
2025-01-21T21:01:54.7541820Z Getting action download info
2025-01-21T21:01:54.9181540Z Download action repository 'actions/checkout@v4' (SHA:11bd71901bbe5b1630ceea73d27597364c9af683)
2025-01-21T21:01:55.1546840Z Download action repository 'actions/upload-artifact@v4' (SHA:65c4c4a1ddee5b72f698fdd19549f0f0fb45cf08)
2025-01-21T21:01:56.3989650Z Complete job name: not continuum macos-latest 
2025-01-21T21:01:56.4395580Z ##[group]Run actions/checkout@v4
2025-01-21T21:01:56.4396210Z with:
2025-01-21T21:01:56.4396510Z   repository: tardis-sn/tardis
2025-01-21T21:01:56.4397060Z   token: ***
2025-01-21T21:01:56.4397330Z   ssh-strict: true
2025-01-21T21:01:56.4397620Z   ssh-user: git
2025-01-21T21:01:56.4397910Z   persist-credentials: true
2025-01-21T21:01:56.4398220Z   clean: true
2025-01-21T21:01:56.4398520Z   sparse-checkout-cone-mode: true
2025-01-21T21:01:56.4398860Z   fetch-depth: 1
2025-01-21T21:01:56.4399140Z   fetch-tags: false
2025-01-21T21:01:56.4399430Z   show-progress: true
2025-01-21T21:01:56.4399730Z   lfs: false
2025-01-21T21:01:56.4400000Z   submodules: false
2025-01-21T21:01:56.4400290Z   set-safe-directory: true
2025-01-21T21:01:56.4400710Z env:
2025-01-21T21:01:56.4400980Z   CACHE_NUMBER: 0
2025-01-21T21:01:56.4401750Z   PYTEST_FLAGS: --tardis-regression-data=/Users/runner/work/tardis/tardis/tardis-regression-data --cov=tardis --cov-report=xml --cov-report=html --cov-append
2025-01-21T21:01:56.4402600Z   CODECOV_TOKEN: 
2025-01-21T21:01:56.4402880Z ##[endgroup]
2025-01-21T21:01:56.7709910Z Syncing repository: tardis-sn/tardis
2025-01-21T21:01:56.7711160Z ##[group]Getting Git version info
2025-01-21T21:01:56.7711610Z Working directory is '/Users/runner/work/tardis/tardis'
2025-01-21T21:01:56.7712260Z [command]/opt/homebrew/bin/git version
2025-01-21T21:01:56.7965820Z git version 2.48.0
2025-01-21T21:01:56.7992740Z ##[endgroup]
2025-01-21T21:01:56.7999570Z Copying '/Users/runner/.gitconfig' to '/Users/runner/work/_temp/c0479fb5-281b-445b-a959-2b658bd2bf4b/.gitconfig'
2025-01-21T21:01:56.8005990Z Temporarily overriding HOME='/Users/runner/work/_temp/c0479fb5-281b-445b-a959-2b658bd2bf4b' before making global git config changes
2025-01-21T21:01:56.8007890Z Adding repository directory to the temporary git global config as a safe directory
2025-01-21T21:01:56.8010380Z [command]/opt/homebrew/bin/git config --global --add safe.directory /Users/runner/work/tardis/tardis
2025-01-21T21:01:56.8098160Z Deleting the contents of '/Users/runner/work/tardis/tardis'
2025-01-21T21:01:56.8100710Z ##[group]Initializing the repository
2025-01-21T21:01:56.8105490Z [command]/opt/homebrew/bin/git init /Users/runner/work/tardis/tardis
2025-01-21T21:01:56.8271090Z hint: Using 'master' as the name for the initial branch. This default branch name
2025-01-21T21:01:56.8273180Z hint: is subject to change. To configure the initial branch name to use in all
2025-01-21T21:01:56.8274390Z hint: of your new repositories, which will suppress this warning, call:
2025-01-21T21:01:56.8275160Z hint:
2025-01-21T21:01:56.8275640Z hint: 	git config --global init.defaultBranch <name>
2025-01-21T21:01:56.8276760Z hint:
2025-01-21T21:01:56.8277280Z hint: Names commonly chosen instead of 'master' are 'main', 'trunk' and
2025-01-21T21:01:56.8277900Z hint: 'development'. The just-created branch can be renamed via this command:
2025-01-21T21:01:56.8278430Z hint:
2025-01-21T21:01:56.8278720Z hint: 	git branch -m <name>
2025-01-21T21:01:56.8279260Z Initialized empty Git repository in /Users/runner/work/tardis/tardis/.git/
2025-01-21T21:01:56.8280580Z [command]/opt/homebrew/bin/git remote add origin https://github.com/tardis-sn/tardis
2025-01-21T21:01:56.8333980Z ##[endgroup]
2025-01-21T21:01:56.8334540Z ##[group]Disabling automatic garbage collection
2025-01-21T21:01:56.8336680Z [command]/opt/homebrew/bin/git config --local gc.auto 0
2025-01-21T21:01:56.8386080Z ##[endgroup]
2025-01-21T21:01:56.8387750Z ##[group]Setting up auth
2025-01-21T21:01:56.8390170Z [command]/opt/homebrew/bin/git config --local --name-only --get-regexp core\.sshCommand
2025-01-21T21:01:56.8456380Z [command]/opt/homebrew/bin/git submodule foreach --recursive sh -c "git config --local --name-only --get-regexp 'core\.sshCommand' && git config --local --unset-all 'core.sshCommand' || :"
2025-01-21T21:01:56.9338980Z [command]/opt/homebrew/bin/git config --local --name-only --get-regexp http\.https\:\/\/github\.com\/\.extraheader
2025-01-21T21:01:56.9379560Z [command]/opt/homebrew/bin/git submodule foreach --recursive sh -c "git config --local --name-only --get-regexp 'http\.https\:\/\/github\.com\/\.extraheader' && git config --local --unset-all 'http.https://github.com/.extraheader' || :"
2025-01-21T21:01:56.9958290Z [command]/opt/homebrew/bin/git config --local http.https://github.com/.extraheader AUTHORIZATION: basic ***
2025-01-21T21:01:57.0059330Z ##[endgroup]
2025-01-21T21:01:57.0059900Z ##[group]Fetching the repository
2025-01-21T21:01:57.0063950Z [command]/opt/homebrew/bin/git -c protocol.version=2 fetch --no-tags --prune --no-recurse-submodules --depth=1 origin +299e11500d24924d045e4aa8d89ffd22fd64252b:refs/remotes/pull/2932/merge
2025-01-21T21:01:58.8603270Z From https://github.com/tardis-sn/tardis
2025-01-21T21:01:58.8604230Z  * [new ref]         299e11500d24924d045e4aa8d89ffd22fd64252b -> pull/2932/merge
2025-01-21T21:01:58.8665150Z ##[endgroup]
2025-01-21T21:01:58.8665690Z ##[group]Determining the checkout info
2025-01-21T21:01:58.8666250Z ##[endgroup]
2025-01-21T21:01:58.8671560Z [command]/opt/homebrew/bin/git sparse-checkout disable
2025-01-21T21:01:58.8736630Z [command]/opt/homebrew/bin/git config --local --unset-all extensions.worktreeConfig
2025-01-21T21:01:58.8791180Z ##[group]Checking out the ref
2025-01-21T21:01:58.8794280Z [command]/opt/homebrew/bin/git checkout --progress --force refs/remotes/pull/2932/merge
2025-01-21T21:01:59.1825230Z HEAD is now at 299e115 Merge cdfbbdae5354c133310f8aae35050ba46e583e00 into 145a99565a5431633d6a35525ef6495ec59a9661
2025-01-21T21:01:59.1932500Z ##[endgroup]
2025-01-21T21:01:59.1934910Z [command]/opt/homebrew/bin/git log -1 --format=%H
2025-01-21T21:01:59.1988030Z 299e11500d24924d045e4aa8d89ffd22fd64252b
2025-01-21T21:01:59.2274820Z Prepare all required actions
2025-01-21T21:01:59.2275610Z Getting action download info
2025-01-21T21:01:59.3651540Z Download action repository 'actions/cache@v4' (SHA:1bd1e32a3bdc45362d1e726936510720a7c30a57)
2025-01-21T21:01:59.4690140Z ##[group]Run ./.github/actions/setup_lfs
2025-01-21T21:01:59.4690430Z with:
2025-01-21T21:01:59.4690660Z   regression-data-repo: tardis-sn/tardis-regression-data
2025-01-21T21:01:59.4690930Z env:
2025-01-21T21:01:59.4691100Z   CACHE_NUMBER: 0
2025-01-21T21:01:59.4691660Z   PYTEST_FLAGS: --tardis-regression-data=/Users/runner/work/tardis/tardis/tardis-regression-data --cov=tardis --cov-report=xml --cov-report=html --cov-append
2025-01-21T21:01:59.4692220Z   CODECOV_TOKEN: 
2025-01-21T21:01:59.4692900Z ##[endgroup]
2025-01-21T21:01:59.4802380Z ##[group]Run actions/checkout@v4
2025-01-21T21:01:59.4802660Z with:
2025-01-21T21:01:59.4802880Z   repository: tardis-sn/tardis-regression-data
2025-01-21T21:01:59.4803170Z   path: tardis-regression-data
2025-01-21T21:01:59.4803600Z   token: ***
2025-01-21T21:01:59.4803800Z   ssh-strict: true
2025-01-21T21:01:59.4804020Z   ssh-user: git
2025-01-21T21:01:59.4804220Z   persist-credentials: true
2025-01-21T21:01:59.4804510Z   clean: true
2025-01-21T21:01:59.4804710Z   sparse-checkout-cone-mode: true
2025-01-21T21:01:59.4804950Z   fetch-depth: 1
2025-01-21T21:01:59.4805150Z   fetch-tags: false
2025-01-21T21:01:59.4805350Z   show-progress: true
2025-01-21T21:01:59.4805550Z   lfs: false
2025-01-21T21:01:59.4805730Z   submodules: false
2025-01-21T21:01:59.4805940Z   set-safe-directory: true
2025-01-21T21:01:59.4806150Z env:
2025-01-21T21:01:59.4806330Z   CACHE_NUMBER: 0
2025-01-21T21:01:59.4806890Z   PYTEST_FLAGS: --tardis-regression-data=/Users/runner/work/tardis/tardis/tardis-regression-data --cov=tardis --cov-report=xml --cov-report=html --cov-append
2025-01-21T21:01:59.4807700Z   CODECOV_TOKEN: 
2025-01-21T21:01:59.4807890Z ##[endgroup]
2025-01-21T21:01:59.5865300Z Syncing repository: tardis-sn/tardis-regression-data
2025-01-21T21:01:59.5866920Z ##[group]Getting Git version info
2025-01-21T21:01:59.5867360Z Working directory is '/Users/runner/work/tardis/tardis/tardis-regression-data'
2025-01-21T21:01:59.5899770Z [command]/opt/homebrew/bin/git version
2025-01-21T21:01:59.5945470Z git version 2.48.0
2025-01-21T21:01:59.5962940Z ##[endgroup]
2025-01-21T21:01:59.5966680Z Copying '/Users/runner/.gitconfig' to '/Users/runner/work/_temp/39392d93-2b23-41f3-9490-da9d0f512be2/.gitconfig'
2025-01-21T21:01:59.5978070Z Temporarily overriding HOME='/Users/runner/work/_temp/39392d93-2b23-41f3-9490-da9d0f512be2' before making global git config changes
2025-01-21T21:01:59.5979540Z Adding repository directory to the temporary git global config as a safe directory
2025-01-21T21:01:59.5980580Z [command]/opt/homebrew/bin/git config --global --add safe.directory /Users/runner/work/tardis/tardis/tardis-regression-data
2025-01-21T21:01:59.6030610Z ##[group]Initializing the repository
2025-01-21T21:01:59.6034130Z [command]/opt/homebrew/bin/git init /Users/runner/work/tardis/tardis/tardis-regression-data
2025-01-21T21:01:59.6104130Z hint: Using 'master' as the name for the initial branch. This default branch name
2025-01-21T21:01:59.6105140Z hint: is subject to change. To configure the initial branch name to use in all
2025-01-21T21:01:59.6105970Z hint: of your new repositories, which will suppress this warning, call:
2025-01-21T21:01:59.6106320Z hint:
2025-01-21T21:01:59.6106570Z hint: 	git config --global init.defaultBranch <name>
2025-01-21T21:01:59.6106910Z hint:
2025-01-21T21:01:59.6107190Z hint: Names commonly chosen instead of 'master' are 'main', 'trunk' and
2025-01-21T21:01:59.6107650Z hint: 'development'. The just-created branch can be renamed via this command:
2025-01-21T21:01:59.6108020Z hint:
2025-01-21T21:01:59.6108230Z hint: 	git branch -m <name>
2025-01-21T21:01:59.6108650Z Initialized empty Git repository in /Users/runner/work/tardis/tardis/tardis-regression-data/.git/
2025-01-21T21:01:59.6113040Z [command]/opt/homebrew/bin/git remote add origin https://github.com/tardis-sn/tardis-regression-data
2025-01-21T21:01:59.6161120Z ##[endgroup]
2025-01-21T21:01:59.6161540Z ##[group]Disabling automatic garbage collection
2025-01-21T21:01:59.6163750Z [command]/opt/homebrew/bin/git config --local gc.auto 0
2025-01-21T21:01:59.6212290Z ##[endgroup]
2025-01-21T21:01:59.6213730Z ##[group]Setting up auth
2025-01-21T21:01:59.6216540Z [command]/opt/homebrew/bin/git config --local --name-only --get-regexp core\.sshCommand
2025-01-21T21:01:59.6265060Z [command]/opt/homebrew/bin/git submodule foreach --recursive sh -c "git config --local --name-only --get-regexp 'core\.sshCommand' && git config --local --unset-all 'core.sshCommand' || :"
2025-01-21T21:01:59.6821270Z [command]/opt/homebrew/bin/git config --local --name-only --get-regexp http\.https\:\/\/github\.com\/\.extraheader
2025-01-21T21:01:59.6875380Z [command]/opt/homebrew/bin/git submodule foreach --recursive sh -c "git config --local --name-only --get-regexp 'http\.https\:\/\/github\.com\/\.extraheader' && git config --local --unset-all 'http.https://github.com/.extraheader' || :"
2025-01-21T21:01:59.7741790Z [command]/opt/homebrew/bin/git config --local http.https://github.com/.extraheader AUTHORIZATION: basic ***
2025-01-21T21:01:59.7743670Z ##[endgroup]
2025-01-21T21:01:59.7744130Z ##[group]Determining the default branch
2025-01-21T21:01:59.7744770Z Retrieving the default branch name
2025-01-21T21:02:00.1460850Z Default branch 'main'
2025-01-21T21:02:00.1462020Z ##[endgroup]
2025-01-21T21:02:00.1462570Z ##[group]Fetching the repository
2025-01-21T21:02:00.1464740Z [command]/opt/homebrew/bin/git -c protocol.version=2 fetch --no-tags --prune --no-recurse-submodules --depth=1 origin +refs/heads/main:refs/remotes/origin/main
2025-01-21T21:02:01.0864370Z From https://github.com/tardis-sn/tardis-regression-data
2025-01-21T21:02:01.0869780Z  * [new branch]      main       -> origin/main
2025-01-21T21:02:01.0937530Z ##[endgroup]
2025-01-21T21:02:01.0938780Z ##[group]Determining the checkout info
2025-01-21T21:02:01.0939840Z ##[endgroup]
2025-01-21T21:02:01.0941130Z [command]/opt/homebrew/bin/git sparse-checkout disable
2025-01-21T21:02:01.1035850Z [command]/opt/homebrew/bin/git config --local --unset-all extensions.worktreeConfig
2025-01-21T21:02:01.1110850Z ##[group]Checking out the ref
2025-01-21T21:02:01.1114270Z [command]/opt/homebrew/bin/git checkout --progress --force -B main refs/remotes/origin/main
2025-01-21T21:02:01.3657060Z Switched to a new branch 'main'
2025-01-21T21:02:01.3660750Z branch 'main' set up to track 'origin/main'.
2025-01-21T21:02:01.4515850Z ##[endgroup]
2025-01-21T21:02:01.4584700Z [command]/opt/homebrew/bin/git log -1 --format=%H
2025-01-21T21:02:01.4635130Z fa7729bc9c30e14b69acd641af8b692b56fcd416
2025-01-21T21:02:01.4757100Z ##[group]Run git lfs ls-files -l | cut -d' ' -f1 | sort > .lfs-assets-id
2025-01-21T21:02:01.4757560Z [36;1mgit lfs ls-files -l | cut -d' ' -f1 | sort > .lfs-assets-id[0m
2025-01-21T21:02:01.4824360Z shell: /bin/bash --noprofile --norc -e -o pipefail {0}
2025-01-21T21:02:01.4824650Z env:
2025-01-21T21:02:01.4824810Z   CACHE_NUMBER: 0
2025-01-21T21:02:01.4825280Z   PYTEST_FLAGS: --tardis-regression-data=/Users/runner/work/tardis/tardis/tardis-regression-data --cov=tardis --cov-report=xml --cov-report=html --cov-append
2025-01-21T21:02:01.4825820Z   CODECOV_TOKEN: 
2025-01-21T21:02:01.4826040Z ##[endgroup]
2025-01-21T21:02:01.9680900Z ##[group]Run actions/cache/restore@v4
2025-01-21T21:02:01.9681130Z with:
2025-01-21T21:02:01.9681260Z   path: tardis-regression-data/.git/lfs
2025-01-21T21:02:01.9681590Z   key: macOS-lfs-21f9fa4b6817cc69b9fae3598144724da7828e276a73bd17f47a2a49d9af090a-v1
2025-01-21T21:02:01.9681900Z   enableCrossOsArchive: false
2025-01-21T21:02:01.9682070Z   fail-on-cache-miss: false
2025-01-21T21:02:01.9682230Z   lookup-only: false
2025-01-21T21:02:01.9682380Z env:
2025-01-21T21:02:01.9682560Z   CACHE_NUMBER: 0
2025-01-21T21:02:01.9683400Z   PYTEST_FLAGS: --tardis-regression-data=/Users/runner/work/tardis/tardis/tardis-regression-data --cov=tardis --cov-report=xml --cov-report=html --cov-append
2025-01-21T21:02:01.9683870Z   CODECOV_TOKEN: 
2025-01-21T21:02:01.9684000Z ##[endgroup]
2025-01-21T21:02:03.4965070Z Received 20971520 of 1706796060 (1.2%), 19.9 MBs/sec
2025-01-21T21:02:04.5227570Z Received 71303168 of 1706796060 (4.2%), 33.5 MBs/sec
2025-01-21T21:02:05.5234750Z Received 134217728 of 1706796060 (7.9%), 42.2 MBs/sec
2025-01-21T21:02:06.5258510Z Received 184549376 of 1706796060 (10.8%), 43.6 MBs/sec
2025-01-21T21:02:07.5262860Z Received 234881024 of 1706796060 (13.8%), 44.5 MBs/sec
2025-01-21T21:02:08.5271710Z Received 289406976 of 1706796060 (17.0%), 45.7 MBs/sec
2025-01-21T21:02:09.5287130Z Received 348127232 of 1706796060 (20.4%), 47.2 MBs/sec
2025-01-21T21:02:10.5311820Z Received 402653184 of 1706796060 (23.6%), 47.8 MBs/sec
2025-01-21T21:02:11.5311740Z Received 469762048 of 1706796060 (27.5%), 49.6 MBs/sec
2025-01-21T21:02:12.5310600Z Received 532676608 of 1706796060 (31.2%), 50.6 MBs/sec
2025-01-21T21:02:13.5324060Z Received 612368384 of 1706796060 (35.9%), 52.9 MBs/sec
2025-01-21T21:02:14.5346830Z Received 666894336 of 1706796060 (39.1%), 52.8 MBs/sec
2025-01-21T21:02:15.5345290Z Received 713031680 of 1706796060 (41.8%), 52.1 MBs/sec
2025-01-21T21:02:16.5357300Z Received 763363328 of 1706796060 (44.7%), 51.8 MBs/sec
2025-01-21T21:02:17.5439230Z Received 822083584 of 1706796060 (48.2%), 52.1 MBs/sec
2025-01-21T21:02:18.5391360Z Received 880803840 of 1706796060 (51.6%), 52.3 MBs/sec
2025-01-21T21:02:19.5426760Z Received 914358272 of 1706796060 (53.6%), 51.1 MBs/sec
2025-01-21T21:02:20.5427030Z Received 960495616 of 1706796060 (56.3%), 50.7 MBs/sec
2025-01-21T21:02:21.5463910Z Received 1002438656 of 1706796060 (58.7%), 50.2 MBs/sec
2025-01-21T21:02:22.5514830Z Received 1048576000 of 1706796060 (61.4%), 49.9 MBs/sec
2025-01-21T21:02:23.5497370Z Received 1115684864 of 1706796060 (65.4%), 50.5 MBs/sec
2025-01-21T21:02:24.5601170Z Received 1170210816 of 1706796060 (68.6%), 50.6 MBs/sec
2025-01-21T21:02:25.5519050Z Received 1228931072 of 1706796060 (72.0%), 50.8 MBs/sec
2025-01-21T21:02:26.5603130Z Received 1296039936 of 1706796060 (75.9%), 51.4 MBs/sec
2025-01-21T21:02:27.5557350Z Received 1358954496 of 1706796060 (79.6%), 51.7 MBs/sec
2025-01-21T21:02:28.5756250Z Received 1405091840 of 1706796060 (82.3%), 51.4 MBs/sec
2025-01-21T21:02:29.5751140Z Received 1459617792 of 1706796060 (85.5%), 51.4 MBs/sec
2025-01-21T21:02:30.5667160Z Received 1522532352 of 1706796060 (89.2%), 51.7 MBs/sec
2025-01-21T21:02:31.5669870Z Received 1572864000 of 1706796060 (92.2%), 51.6 MBs/sec
2025-01-21T21:02:32.5713010Z Received 1627389952 of 1706796060 (95.3%), 51.6 MBs/sec
2025-01-21T21:02:33.5704610Z Received 1673527296 of 1706796060 (98.1%), 51.4 MBs/sec
2025-01-21T21:02:34.5716050Z Received 1706796060 of 1706796060 (100.0%), 50.7 MBs/sec
2025-01-21T21:02:34.6954610Z Cache Size: ~1628 MB (1706796060 B)
2025-01-21T21:02:34.7256560Z [command]/opt/homebrew/bin/gtar -xf /Users/runner/work/_temp/c85008b0-cf45-43b6-8b70-f16223b16ceb/cache.tzst -P -C /Users/runner/work/tardis/tardis --delay-directory-restore --use-compress-program unzstd
2025-01-21T21:02:42.4792850Z Cache restored successfully
2025-01-21T21:02:42.6188290Z Cache restored from key: macOS-lfs-21f9fa4b6817cc69b9fae3598144724da7828e276a73bd17f47a2a49d9af090a-v1
2025-01-21T21:02:42.6442970Z ##[group]Run git lfs checkout
2025-01-21T21:02:42.6443240Z [36;1mgit lfs checkout[0m
2025-01-21T21:02:42.6661400Z shell: /bin/bash --noprofile --norc -e -o pipefail {0}
2025-01-21T21:02:42.6661780Z env:
2025-01-21T21:02:42.6661980Z   CACHE_NUMBER: 0
2025-01-21T21:02:42.6662520Z   PYTEST_FLAGS: --tardis-regression-data=/Users/runner/work/tardis/tardis/tardis-regression-data --cov=tardis --cov-report=xml --cov-report=html --cov-append
2025-01-21T21:02:42.6663150Z   CODECOV_TOKEN: 
2025-01-21T21:02:42.6663280Z ##[endgroup]
2025-01-21T21:02:51.3506480Z Checking out LFS objects: 100% (204/204), 3.5 GB | 309 MB/s, done.
2025-01-21T21:02:57.9457650Z Prepare all required actions
2025-01-21T21:02:57.9458360Z Getting action download info
2025-01-21T21:02:58.0741870Z Download action repository 'mamba-org/setup-micromamba@v1' (SHA:4b9113af4fba0e9e1124b252dd6497a419e7396d)
2025-01-21T21:02:59.2645390Z ##[group]Run ./.github/actions/setup_env
2025-01-21T21:02:59.2646180Z with:
2025-01-21T21:02:59.2646380Z   os-label: osx-arm64
2025-01-21T21:02:59.2646570Z env:
2025-01-21T21:02:59.2646800Z   CACHE_NUMBER: 0
2025-01-21T21:02:59.2647330Z   PYTEST_FLAGS: --tardis-regression-data=/Users/runner/work/tardis/tardis/tardis-regression-data --cov=tardis --cov-report=xml --cov-report=html --cov-append
2025-01-21T21:02:59.2647820Z   CODECOV_TOKEN: 
2025-01-21T21:02:59.2648010Z ##[endgroup]
2025-01-21T21:02:59.2667860Z ##[group]Run file_hash=$(cat conda-osx-arm64.lock | shasum -a 256 | cut -d' ' -f1)
2025-01-21T21:02:59.2668630Z [36;1mfile_hash=$(cat conda-osx-arm64.lock | shasum -a 256 | cut -d' ' -f1)[0m
2025-01-21T21:02:59.2669050Z [36;1mecho "file_hash=$file_hash" >> "${GITHUB_OUTPUT}"[0m
2025-01-21T21:02:59.2720510Z shell: /bin/bash --noprofile --norc -e -o pipefail {0}
2025-01-21T21:02:59.2720750Z env:
2025-01-21T21:02:59.2720870Z   CACHE_NUMBER: 0
2025-01-21T21:02:59.2721330Z   PYTEST_FLAGS: --tardis-regression-data=/Users/runner/work/tardis/tardis/tardis-regression-data --cov=tardis --cov-report=xml --cov-report=html --cov-append
2025-01-21T21:02:59.2721850Z   CODECOV_TOKEN: 
2025-01-21T21:02:59.2721980Z ##[endgroup]
2025-01-21T21:02:59.5120740Z ##[group]Run mamba-org/setup-micromamba@v1
2025-01-21T21:02:59.5120990Z with:
2025-01-21T21:02:59.5121130Z   environment-file: conda-osx-arm64.lock
2025-01-21T21:02:59.5121490Z   cache-environment-key: bf0d0a4d4c847cca72476c6c68c493d56c484aada7e80de0e42c7607fcef5824
2025-01-21T21:02:59.5121970Z   cache-downloads-key: bf0d0a4d4c847cca72476c6c68c493d56c484aada7e80de0e42c7607fcef5824
2025-01-21T21:02:59.5122300Z   environment-name: tardis
2025-01-21T21:02:59.5122490Z   cache-environment: true
2025-01-21T21:02:59.5122690Z   cache-downloads: true
2025-01-21T21:02:59.5122850Z env:
2025-01-21T21:02:59.5122970Z   CACHE_NUMBER: 0
2025-01-21T21:02:59.5123460Z   PYTEST_FLAGS: --tardis-regression-data=/Users/runner/work/tardis/tardis/tardis-regression-data --cov=tardis --cov-report=xml --cov-report=html --cov-append
2025-01-21T21:02:59.5123980Z   CODECOV_TOKEN: 
2025-01-21T21:02:59.5124130Z ##[endgroup]
2025-01-21T21:02:59.8381660Z Will download micromamba to /Users/runner/micromamba-bin/micromamba
2025-01-21T21:02:59.8386940Z ##[group]Install micromamba
2025-01-21T21:03:00.4792780Z micromamba installed to /Users/runner/micromamba-bin/micromamba
2025-01-21T21:03:00.4793340Z ##[endgroup]
2025-01-21T21:03:00.4793950Z Adding conda-forge to condarc channels ...
2025-01-21T21:03:00.4804850Z ##[group]Initialize micromamba for bash.
2025-01-21T21:03:00.4814710Z [command]/Users/runner/micromamba-bin/micromamba shell init -s bash -r /Users/runner/micromamba --log-level warning --rc-file /Users/runner/work/_temp/setup-micromamba/.condarc
2025-01-21T21:03:00.5043920Z Modifying RC file "/Users/runner/.bash_profile"
2025-01-21T21:03:00.5047160Z Generating config for root prefix [1m"/Users/runner/micromamba"[0m
2025-01-21T21:03:00.5047790Z Setting mamba executable to: [1m"/Users/runner/micromamba-bin/micromamba"[0m
2025-01-21T21:03:00.5048320Z Adding (or replacing) the following in your "/Users/runner/.bash_profile" file
2025-01-21T21:03:00.5048680Z 
2025-01-21T21:03:00.5048850Z # >>> mamba initialize >>>
2025-01-21T21:03:00.5049290Z # !! Contents within this block are managed by 'mamba init' !!
2025-01-21T21:03:00.5049840Z export MAMBA_EXE='/Users/runner/micromamba-bin/micromamba';
2025-01-21T21:03:00.5050290Z export MAMBA_ROOT_PREFIX='/Users/runner/micromamba';
2025-01-21T21:03:00.5050830Z __mamba_setup="$("$MAMBA_EXE" shell hook --shell bash --root-prefix "$MAMBA_ROOT_PREFIX" 2> /dev/null)"
2025-01-21T21:03:00.5051250Z if [ $? -eq 0 ]; then
2025-01-21T21:03:00.5051410Z     eval "$__mamba_setup"
2025-01-21T21:03:00.5052550Z else
2025-01-21T21:03:00.5052820Z     alias micromamba="$MAMBA_EXE"  # Fallback on help from mamba activate
2025-01-21T21:03:00.5053120Z fi
2025-01-21T21:03:00.5053400Z unset __mamba_setup
2025-01-21T21:03:00.5053610Z # <<< mamba initialize <<<
2025-01-21T21:03:00.5053730Z 
2025-01-21T21:03:00.5054390Z ##[endgroup]
2025-01-21T21:03:00.5054850Z ##[group]Restoring downloads from `/Users/runner/micromamba/pkgs` ...
2025-01-21T21:03:01.8816500Z Received 41943040 of 310595924 (13.5%), 39.4 MBs/sec
2025-01-21T21:03:02.8836460Z Received 83886080 of 310595924 (27.0%), 39.7 MBs/sec
2025-01-21T21:03:03.8886760Z Received 159383552 of 310595924 (51.3%), 50.4 MBs/sec
2025-01-21T21:03:04.8836160Z Received 230686720 of 310595924 (74.3%), 54.8 MBs/sec
2025-01-21T21:03:05.8843800Z Received 281235796 of 310595924 (90.5%), 53.4 MBs/sec
2025-01-21T21:03:06.4520730Z Cache Size: ~296 MB (310595924 B)
2025-01-21T21:03:06.4552300Z [command]/opt/homebrew/bin/gtar -xf /Users/runner/work/_temp/c5f7da63-b2c6-4914-bc18-e5405d731007/cache.tzst -P -C /Users/runner/work/tardis/tardis --delay-directory-restore --use-compress-program unzstd
2025-01-21T21:03:06.8870520Z Received 310595924 of 310595924 (100.0%), 49.2 MBs/sec
2025-01-21T21:03:07.0839940Z Cache restored successfully
2025-01-21T21:03:07.0865210Z Restored cache with key `bf0d0a4d4c847cca72476c6c68c493d56c484aada7e80de0e42c7607fcef5824-osx-arm64`
2025-01-21T21:03:07.0866120Z ##[endgroup]
2025-01-21T21:03:07.0891090Z ##[group]Restoring environment `tardis` from `/Users/runner/micromamba/envs/tardis` ...
2025-01-21T21:03:08.4118740Z Received 0 of 385787123 (0.0%), 0.0 MBs/sec
2025-01-21T21:03:09.4121060Z Received 33554432 of 385787123 (8.7%), 16.0 MBs/sec
2025-01-21T21:03:10.4129080Z Received 75497472 of 385787123 (19.6%), 24.0 MBs/sec
2025-01-21T21:03:11.4171430Z Received 130023424 of 385787123 (33.7%), 31.0 MBs/sec
2025-01-21T21:03:12.4215840Z Received 184549376 of 385787123 (47.8%), 35.2 MBs/sec
2025-01-21T21:03:13.4181550Z Received 234881024 of 385787123 (60.9%), 37.3 MBs/sec
2025-01-21T21:03:14.4212850Z Received 289406976 of 385787123 (75.0%), 39.4 MBs/sec
2025-01-21T21:03:15.4304870Z Received 352321536 of 385787123 (91.3%), 41.9 MBs/sec
2025-01-21T21:03:16.4328220Z Received 385787123 of 385787123 (100.0%), 40.8 MBs/sec
2025-01-21T21:03:16.5929180Z Cache Size: ~368 MB (385787123 B)
2025-01-21T21:03:16.6049640Z [command]/opt/homebrew/bin/gtar -xf /Users/runner/work/_temp/d666f908-a47f-4d65-839a-5a28031235f6/cache.tzst -P -C /Users/runner/work/tardis/tardis --delay-directory-restore --use-compress-program unzstd
2025-01-21T21:03:34.5562350Z Cache restored successfully
2025-01-21T21:03:34.5695210Z Restored cache with key `bf0d0a4d4c847cca72476c6c68c493d56c484aada7e80de0e42c7607fcef5824-osx-arm64-tardis-args-4f53cda-root-873f6fe-bin-[object Promise]-file-bf0d0a4d4c847cca72476c6c68c493d56c484aada7e80de0e42c7607fcef5824`
2025-01-21T21:03:34.5705880Z ##[endgroup]
2025-01-21T21:03:34.5726430Z Adding environment tardis to auto-activate bash ...
2025-01-21T21:03:34.5817760Z Generating micromamba run shell.
2025-01-21T21:03:34.5847660Z ##[endgroup]
2025-01-21T21:03:34.5863060Z Set environment variables.
2025-01-21T21:03:34.5864530Z ##[group]micromamba info
2025-01-21T21:03:34.5866450Z [command]/Users/runner/micromamba-bin/micromamba info -r /Users/runner/micromamba -n tardis
2025-01-21T21:03:35.1325000Z 
2025-01-21T21:03:35.1329920Z        libmamba version : 1.5.10
2025-01-21T21:03:35.1330980Z      micromamba version : 1.5.10
2025-01-21T21:03:35.1332370Z            curl version : libcurl/8.10.1 (OpenSSL/3.3.2) SecureTransport zlib/1.3.1 zstd/1.5.6 libssh2/1.11.0 nghttp2/1.58.0
2025-01-21T21:03:35.1334020Z      libarchive version : libarchive 3.7.4 zlib/1.2.13 bz2lib/1.0.8 libzstd/1.5.6
2025-01-21T21:03:35.1335310Z        envs directories : /Users/runner/micromamba/envs
2025-01-21T21:03:35.1336210Z           package cache : /Users/runner/micromamba/pkgs
2025-01-21T21:03:35.1337180Z                           /Users/runner/.mamba/pkgs
2025-01-21T21:03:35.1337920Z             environment : tardis
2025-01-21T21:03:35.1349110Z            env location : /Users/runner/micromamba/envs/tardis
2025-01-21T21:03:35.1351050Z       user config files : /Users/runner/.mambarc
2025-01-21T21:03:35.1352100Z  populated config files : /Users/runner/work/_temp/setup-micromamba/.condarc
2025-01-21T21:03:35.1353160Z        virtual packages : __unix=0=0
2025-01-21T21:03:35.1360690Z                           __osx=14.7.2=0
2025-01-21T21:03:35.1361000Z                           __archspec=1=arm64
2025-01-21T21:03:35.1361480Z                channels : https://conda.anaconda.org/conda-forge/osx-arm64
2025-01-21T21:03:35.1361910Z                           https://conda.anaconda.org/conda-forge/noarch
2025-01-21T21:03:35.1362250Z        base environment : /Users/runner/micromamba
2025-01-21T21:03:35.1362650Z                platform : osx-arm64
2025-01-21T21:03:35.1363720Z ##[endgroup]
2025-01-21T21:03:35.1364180Z ##[group]micromamba list
2025-01-21T21:03:35.1365220Z [command]/Users/runner/micromamba-bin/micromamba list -r /Users/runner/micromamba -n tardis
2025-01-21T21:03:35.5597740Z List of packages in environment: "/Users/runner/micromamba/envs/tardis"
2025-01-21T21:03:35.5599140Z 
2025-01-21T21:03:35.5599900Z   Name                           Version              Build                    Channel    
2025-01-21T21:03:35.5603450Z ────────────────────────────────────────────────────────────────────────────────────────────
2025-01-21T21:03:35.5604890Z   alabaster                      0.7.16               pyhd8ed1ab_0             conda-forge
2025-01-21T21:03:35.5606070Z   anyio                          4.4.0                pyhd8ed1ab_0             conda-forge
2025-01-21T21:03:35.5608120Z   appnope                        0.1.4                pyhd8ed1ab_0             conda-forge
2025-01-21T21:03:35.5612190Z   argon2-cffi                    23.1.0               pyhd8ed1ab_0             conda-forge
2025-01-21T21:03:35.5613370Z   argon2-cffi-bindings           21.2.0               py312h02f2b3b_4          conda-forge
2025-01-21T21:03:35.5614450Z   arrow                          1.3.0                pyhd8ed1ab_0             conda-forge
2025-01-21T21:03:35.5615450Z   astropy                        6.1.1                py312hbebd99a_0          conda-forge
2025-01-21T21:03:35.5618530Z   astropy-iers-data              0.2024.6.17.0.31.35  pyhd8ed1ab_0             conda-forge
2025-01-21T21:03:35.5619090Z   astropy-sphinx-theme           1.1                  pyhd8ed1ab_0             conda-forge
2025-01-21T21:03:35.5619570Z   asttokens                      2.4.1                pyhd8ed1ab_0             conda-forge
2025-01-21T21:03:35.5619950Z   async-lru                      2.0.4                pyhd8ed1ab_0             conda-forge
2025-01-21T21:03:35.5620390Z   atk-1.0                        2.38.0               hd03087b_2               conda-forge
2025-01-21T21:03:35.5620760Z   attrs                          23.2.0               pyh71513ae_0             conda-forge
2025-01-21T21:03:35.5621230Z   babel                          2.14.0               pyhd8ed1ab_0             conda-forge
2025-01-21T21:03:35.5621970Z   beautifulsoup4                 4.12.3               pyha770c72_0             conda-forge
2025-01-21T21:03:35.5622430Z   bleach                         6.1.0                pyhd8ed1ab_0             conda-forge
2025-01-21T21:03:35.5622860Z   blosc                          1.21.5               h9c252e8_1               conda-forge
2025-01-21T21:03:35.5623230Z   brotli                         1.1.0                hb547adb_1               conda-forge
2025-01-21T21:03:35.5623660Z   brotli-bin                     1.1.0                hb547adb_1               conda-forge
2025-01-21T21:03:35.5624170Z   brotli-python                  1.1.0                py312h9f69965_1          conda-forge
2025-01-21T21:03:35.5624670Z   bzip2                          1.0.8                h93a5062_5               conda-forge
2025-01-21T21:03:35.5625030Z   c-ares                         1.28.1               h93a5062_0               conda-forge
2025-01-21T21:03:35.5626020Z   c-blosc2                       2.14.4               ha57e6be_1               conda-forge
2025-01-21T21:03:35.5626440Z   ca-certificates                2024.6.2             hf0a4a13_0               conda-forge
2025-01-21T21:03:35.5626920Z   cached-property                1.5.2                hd8ed1ab_1               conda-forge
2025-01-21T21:03:35.5627700Z   cached_property                1.5.2                pyha770c72_1             conda-forge
2025-01-21T21:03:35.5628100Z   cairo                          1.18.0               hd1e100b_0               conda-forge
2025-01-21T21:03:35.5628450Z   certifi                        2024.6.2             pyhd8ed1ab_0             conda-forge
2025-01-21T21:03:35.5628890Z   cffi                           1.16.0               py312h8e38eb3_0          conda-forge
2025-01-21T21:03:35.5629490Z   charset-normalizer             3.3.2                pyhd8ed1ab_0             conda-forge
2025-01-21T21:03:35.5629980Z   click                          8.1.7                unix_pyh707e725_0        conda-forge
2025-01-21T21:03:35.5630560Z   codespell                      2.3.0                pyhd8ed1ab_0             conda-forge
2025-01-21T21:03:35.5632150Z   colorama                       0.4.6                pyhd8ed1ab_0             conda-forge
2025-01-21T21:03:35.5632530Z   comm                           0.2.2                pyhd8ed1ab_0             conda-forge
2025-01-21T21:03:35.5632960Z   commonmark                     0.9.1                py_0                     conda-forge
2025-01-21T21:03:35.5633340Z   contourpy                      1.2.1                py312h0fef576_0          conda-forge
2025-01-21T21:03:35.5633870Z   coverage                       7.5.3                py312h7e5086c_0          conda-forge
2025-01-21T21:03:35.5634260Z   cycler                         0.12.1               pyhd8ed1ab_0             conda-forge
2025-01-21T21:03:35.5634700Z   dataclasses                    0.8                  pyhc8e2a94_3             conda-forge
2025-01-21T21:03:35.5635070Z   debugpy                        1.8.1                py312h20a0b95_0          conda-forge
2025-01-21T21:03:35.5635500Z   decorator                      5.1.1                pyhd8ed1ab_0             conda-forge
2025-01-21T21:03:35.5635940Z   defusedxml                     0.7.1                pyhd8ed1ab_0             conda-forge
2025-01-21T21:03:35.5636310Z   docutils                       0.20.1               py312h81bd7bf_3          conda-forge
2025-01-21T21:03:35.5636810Z   dot2tex                        2.11.3               pyhd8ed1ab_0             conda-forge
2025-01-21T21:03:35.5637200Z   entrypoints                    0.4                  pyhd8ed1ab_0             conda-forge
2025-01-21T21:03:35.5637710Z   exceptiongroup                 1.2.0                pyhd8ed1ab_2             conda-forge
2025-01-21T21:03:35.5638110Z   executing                      2.0.1                pyhd8ed1ab_0             conda-forge
2025-01-21T21:03:35.5638730Z   expat                          2.6.2                hebf3989_0               conda-forge
2025-01-21T21:03:35.5639640Z   font-ttf-dejavu-sans-mono      2.37                 hab24e00_0               conda-forge
2025-01-21T21:03:35.5640340Z   font-ttf-inconsolata           3.000                h77eed37_0               conda-forge
2025-01-21T21:03:35.5640750Z   font-ttf-source-code-pro       2.038                h77eed37_0               conda-forge
2025-01-21T21:03:35.5641300Z   font-ttf-ubuntu                0.83                 h77eed37_2               conda-forge
2025-01-21T21:03:35.5643190Z   fontconfig                     2.14.2               h82840c6_0               conda-forge
2025-01-21T21:03:35.5644580Z   fonts-conda-ecosystem          1                    0                        conda-forge
2025-01-21T21:03:35.5645560Z   fonts-conda-forge              1                    0                        conda-forge
2025-01-21T21:03:35.5646680Z   fonttools                      4.53.0               py312h7e5086c_0          conda-forge
2025-01-21T21:03:35.5648930Z   fqdn                           1.5.1                pyhd8ed1ab_0             conda-forge
2025-01-21T21:03:35.5649960Z   freetype                       2.12.1               hadb7bae_2               conda-forge
2025-01-21T21:03:35.5651150Z   fribidi                        1.0.10               h27ca646_0               conda-forge
2025-01-21T21:03:35.5653040Z   future                         1.0.0                pyhd8ed1ab_0             conda-forge
2025-01-21T21:03:35.5654370Z   gdk-pixbuf                     2.42.12              h7ddc832_0               conda-forge
2025-01-21T21:03:35.5654930Z   gettext                        0.22.5               h8fbad5d_2               conda-forge
2025-01-21T21:03:35.5655440Z   gettext-tools                  0.22.5               h8fbad5d_2               conda-forge
2025-01-21T21:03:35.5656320Z   giflib                         5.2.2                h93a5062_0               conda-forge
2025-01-21T21:03:35.5656750Z   git-lfs                        3.5.1                hce30654_0               conda-forge
2025-01-21T21:03:35.5657110Z   gmp                            6.3.0                hebf3989_1               conda-forge
2025-01-21T21:03:35.5657440Z   gmpy2                          2.1.5                py312hfa9fade_1          conda-forge
2025-01-21T21:03:35.5657820Z   graphite2                      1.3.13               hebf3989_1003            conda-forge
2025-01-21T21:03:35.5658400Z   graphviz                       11.0.0               h9bb9bc9_0               conda-forge
2025-01-21T21:03:35.5658780Z   gtk2                           2.24.33              h7895bb2_4               conda-forge
2025-01-21T21:03:35.5659110Z   gts                            0.7.6                he42f4ea_4               conda-forge
2025-01-21T21:03:35.5659600Z   h11                            0.14.0               pyhd8ed1ab_0             conda-forge
2025-01-21T21:03:35.5659950Z   h2                             4.1.0                pyhd8ed1ab_0             conda-forge
2025-01-21T21:03:35.5660310Z   h5py                           3.11.0               nompi_py312h903599c_102  conda-forge
2025-01-21T21:03:35.5660640Z   harfbuzz                       8.5.0                h1836168_0               conda-forge
2025-01-21T21:03:35.5661040Z   hdf5                           1.14.3               nompi_hec07895_105       conda-forge
2025-01-21T21:03:35.5661400Z   hpack                          4.0.0                pyh9f0ad1d_0             conda-forge
2025-01-21T21:03:35.5661880Z   httpcore                       1.0.5                pyhd8ed1ab_0             conda-forge
2025-01-21T21:03:35.5662300Z   httpx                          0.27.0               pyhd8ed1ab_0             conda-forge
2025-01-21T21:03:35.5662640Z   hyperframe                     6.0.1                pyhd8ed1ab_0             conda-forge
2025-01-21T21:03:35.5663060Z   icu                            73.2                 hc8870d7_0               conda-forge
2025-01-21T21:03:35.5663320Z   idna                           3.7                  pyhd8ed1ab_0             conda-forge
2025-01-21T21:03:35.5663750Z   imagesize                      1.4.1                pyhd8ed1ab_0             conda-forge
2025-01-21T21:03:35.5664120Z   importlib-metadata             7.1.0                pyha770c72_0             conda-forge
2025-01-21T21:03:35.5664550Z   importlib_metadata             7.1.0                hd8ed1ab_0               conda-forge
2025-01-21T21:03:35.5664930Z   importlib_resources            6.4.0                pyhd8ed1ab_0             conda-forge
2025-01-21T21:03:35.5665370Z   iniconfig                      2.0.0                pyhd8ed1ab_0             conda-forge
2025-01-21T21:03:35.5665710Z   ipykernel                      6.29.4               pyh57ce528_0             conda-forge
2025-01-21T21:03:35.5666090Z   ipython                        8.25.0               pyh707e725_0             conda-forge
2025-01-21T21:03:35.5666440Z   ipython_genutils               0.2.0                pyhd8ed1ab_1             conda-forge
2025-01-21T21:03:35.5667540Z   ipywidgets                     7.8.0                pyhd8ed1ab_0             conda-forge
2025-01-21T21:03:35.5668320Z   isoduration                    20.11.0              pyhd8ed1ab_0             conda-forge
2025-01-21T21:03:35.5669440Z   jedi                           0.19.1               pyhd8ed1ab_0             conda-forge
2025-01-21T21:03:35.5670270Z   jinja2                         3.1.4                pyhd8ed1ab_0             conda-forge
2025-01-21T21:03:35.5671000Z   json5                          0.9.25               pyhd8ed1ab_0             conda-forge
2025-01-21T21:03:35.5717400Z   jsonpointer                    3.0.0                py312h81bd7bf_0          conda-forge
2025-01-21T21:03:35.5718200Z   jsonschema                     4.22.0               pyhd8ed1ab_0             conda-forge
2025-01-21T21:03:35.5718610Z   jsonschema-specifications      2023.12.1            pyhd8ed1ab_0             conda-forge
2025-01-21T21:03:35.5719320Z   jsonschema-with-format-nongpl  4.22.0               pyhd8ed1ab_0             conda-forge
2025-01-21T21:03:35.5719740Z   jupyter-lsp                    2.2.5                pyhd8ed1ab_0             conda-forge
2025-01-21T21:03:35.5720210Z   jupyter_client                 8.6.2                pyhd8ed1ab_0             conda-forge
2025-01-21T21:03:35.5720610Z   jupyter_core                   5.7.2                py312h81bd7bf_0          conda-forge
2025-01-21T21:03:35.5721120Z   jupyter_events                 0.10.0               pyhd8ed1ab_0             conda-forge
2025-01-21T21:03:35.5721510Z   jupyter_server                 2.14.1               pyhd8ed1ab_0             conda-forge
2025-01-21T21:03:35.5722010Z   jupyter_server_terminals       0.5.3                pyhd8ed1ab_0             conda-forge
2025-01-21T21:03:35.5722440Z   jupyterlab                     4.2.2                pyhd8ed1ab_0             conda-forge
2025-01-21T21:03:35.5722930Z   jupyterlab_pygments            0.3.0                pyhd8ed1ab_1             conda-forge
2025-01-21T21:03:35.5723490Z   jupyterlab_server              2.27.2               pyhd8ed1ab_0             conda-forge
2025-01-21T21:03:35.5723970Z   jupyterlab_widgets             1.1.7                pyhd8ed1ab_0             conda-forge
2025-01-21T21:03:35.5724430Z   kiwisolver                     1.4.5                py312h389731b_1          conda-forge
2025-01-21T21:03:35.5724860Z   krb5                           1.21.2               h92f50d5_0               conda-forge
2025-01-21T21:03:35.5725220Z   latexcodec                     2.0.1                pyh9f0ad1d_0             conda-forge
2025-01-21T21:03:35.5725680Z   lcms2                          2.16                 ha0e7c42_0               conda-forge
2025-01-21T21:03:35.5726000Z   lerc                           4.0.0                h9a09cb3_0               conda-forge
2025-01-21T21:03:35.5726310Z   libaec                         1.1.3                hebf3989_0               conda-forge
2025-01-21T21:03:35.5726710Z   libasprintf                    0.22.5               h8fbad5d_2               conda-forge
2025-01-21T21:03:35.5727130Z   libasprintf-devel              0.22.5               h8fbad5d_2               conda-forge
2025-01-21T21:03:35.5727530Z   libblas                        3.9.0                22_osxarm64_openblas     conda-forge
2025-01-21T21:03:35.5727930Z   libbrotlicommon                1.1.0                hb547adb_1               conda-forge
2025-01-21T21:03:35.5728310Z   libbrotlidec                   1.1.0                hb547adb_1               conda-forge
2025-01-21T21:03:35.5728750Z   libbrotlienc                   1.1.0                hb547adb_1               conda-forge
2025-01-21T21:03:35.5729180Z   libcblas                       3.9.0                22_osxarm64_openblas     conda-forge
2025-01-21T21:03:35.5729520Z   libcurl                        8.8.0                h7b6f9a7_0               conda-forge
2025-01-21T21:03:35.5729940Z   libcxx                         17.0.6               h5f092b4_0               conda-forge
2025-01-21T21:03:35.5730850Z   libdeflate                     1.20                 h93a5062_0               conda-forge
2025-01-21T21:03:35.5731410Z   libedit                        3.1.20191231         hc8eb9b7_2               conda-forge
2025-01-21T21:03:35.5731710Z   libev                          4.33                 h93a5062_2               conda-forge
2025-01-21T21:03:35.5732510Z   libexpat                       2.6.2                hebf3989_0               conda-forge
2025-01-21T21:03:35.5732800Z   libffi                         3.4.2                h3422bc3_5               conda-forge
2025-01-21T21:03:35.5733160Z   libgd                          2.3.3                hfdf3952_9               conda-forge
2025-01-21T21:03:35.5733570Z   libgettextpo                   0.22.5               h8fbad5d_2               conda-forge
2025-01-21T21:03:35.5734010Z   libgettextpo-devel             0.22.5               h8fbad5d_2               conda-forge
2025-01-21T21:03:35.5734430Z   libgfortran                    5.0.0                13_2_0_hd922786_3        conda-forge
2025-01-21T21:03:35.5734740Z   libgfortran5                   13.2.0               hf226fd6_3               conda-forge
2025-01-21T21:03:35.5735120Z   libglib                        2.80.2               h59d46d9_1               conda-forge
2025-01-21T21:03:35.5735510Z   libiconv                       1.17                 h0d3ecfb_2               conda-forge
2025-01-21T21:03:35.5735950Z   libintl                        0.22.5               h8fbad5d_2               conda-forge
2025-01-21T21:03:35.5736310Z   libintl-devel                  0.22.5               h8fbad5d_2               conda-forge
2025-01-21T21:03:35.5736810Z   libjpeg-turbo                  3.0.0                hb547adb_1               conda-forge
2025-01-21T21:03:35.5737210Z   liblapack                      3.9.0                22_osxarm64_openblas     conda-forge
2025-01-21T21:03:35.5737570Z   libllvm14                      14.0.6               hd1a9a77_4               conda-forge
2025-01-21T21:03:35.5737990Z   libnghttp2                     1.58.0               ha4dd798_1               conda-forge
2025-01-21T21:03:35.5738410Z   libopenblas                    0.3.27               openmp_h6c19121_0        conda-forge
2025-01-21T21:03:35.5738730Z   libpng                         1.6.43               h091b4b1_0               conda-forge
2025-01-21T21:03:35.5739210Z   librsvg                        2.58.1               hbc281fb_0               conda-forge
2025-01-21T21:03:35.5739580Z   libsodium                      1.0.18               h27ca646_1               conda-forge
2025-01-21T21:03:35.5739930Z   libsqlite                      3.46.0               hfb93653_0               conda-forge
2025-01-21T21:03:35.5740310Z   libssh2                        1.11.0               h7a5bd25_0               conda-forge
2025-01-21T21:03:35.5740650Z   libtiff                        4.6.0                h07db509_3               conda-forge
2025-01-21T21:03:35.5741040Z   libwebp                        1.4.0                h54798ee_0               conda-forge
2025-01-21T21:03:35.5741390Z   libwebp-base                   1.4.0                h93a5062_0               conda-forge
2025-01-21T21:03:35.5741800Z   libxcb                         1.16                 hf2054a2_0               conda-forge
2025-01-21T21:03:35.5742130Z   libxml2                        2.12.7               ha661575_1               conda-forge
2025-01-21T21:03:35.5742520Z   libxslt                        1.1.39               h223e5b9_0               conda-forge
2025-01-21T21:03:35.5742850Z   libzlib                        1.3.1                hfb2fe0b_1               conda-forge
2025-01-21T21:03:35.5743310Z   llvm-openmp                    18.1.7               hde57baf_0               conda-forge
2025-01-21T21:03:35.5743680Z   llvmlite                       0.42.0               py312h17030e7_1          conda-forge
2025-01-21T21:03:35.5744120Z   lxml                           5.2.2                py312h0e5ab22_0          conda-forge
2025-01-21T21:03:35.5744880Z   lz4-c                          1.9.4                hb7217d7_0               conda-forge
2025-01-21T21:03:35.5745210Z   markupsafe                     2.1.5                py312he37b823_0          conda-forge
2025-01-21T21:03:35.5745700Z   matplotlib-base                3.8.4                py312h4479663_2          conda-forge
2025-01-21T21:03:35.5746050Z   matplotlib-inline              0.1.7                pyhd8ed1ab_0             conda-forge
2025-01-21T21:03:35.5746790Z   mistune                        3.0.2                pyhd8ed1ab_0             conda-forge
2025-01-21T21:03:35.5747170Z   mpc                            1.3.1                h91ba8db_0               conda-forge
2025-01-21T21:03:35.5747610Z   mpfr                           4.2.1                h41d338b_1               conda-forge
2025-01-21T21:03:35.5747950Z   mpmath                         1.3.0                pyhd8ed1ab_0             conda-forge
2025-01-21T21:03:35.5748410Z   munkres                        1.1.4                pyh9f0ad1d_0             conda-forge
2025-01-21T21:03:35.5748790Z   mypy_extensions                1.0.0                pyha770c72_0             conda-forge
2025-01-21T21:03:35.5749100Z   nbclassic                      1.1.0                pyhd8ed1ab_0             conda-forge
2025-01-21T21:03:35.5749400Z   nbclient                       0.10.0               pyhd8ed1ab_0             conda-forge
2025-01-21T21:03:35.5749790Z   nbconvert                      7.16.4               hd8ed1ab_1               conda-forge
2025-01-21T21:03:35.5750170Z   nbconvert-core                 7.16.4               pyhd8ed1ab_1             conda-forge
2025-01-21T21:03:35.5750580Z   nbconvert-pandoc               7.16.4               hd8ed1ab_1               conda-forge
2025-01-21T21:03:35.5750940Z   nbformat                       5.10.4               pyhd8ed1ab_0             conda-forge
2025-01-21T21:03:35.5751310Z   nbsphinx                       0.9.4                pyhd8ed1ab_0             conda-forge
2025-01-21T21:03:35.5751720Z   ncurses                        6.5                  hb89a1cb_0               conda-forge
2025-01-21T21:03:35.5752090Z   nest-asyncio                   1.6.0                pyhd8ed1ab_0             conda-forge
2025-01-21T21:03:35.5752500Z   networkx                       3.3                  pyhd8ed1ab_1             conda-forge
2025-01-21T21:03:35.5752840Z   notebook                       7.2.1                pyhd8ed1ab_0             conda-forge
2025-01-21T21:03:35.5753260Z   notebook-shim                  0.2.4                pyhd8ed1ab_0             conda-forge
2025-01-21T21:03:35.5753620Z   numba                          0.59.1               py312hbaff935_0          conda-forge
2025-01-21T21:03:35.5754010Z   numexpr                        2.10.0               py312h8ae5369_0          conda-forge
2025-01-21T21:03:35.5754300Z   numpy                          1.26.4               py312h8442bc7_0          conda-forge
2025-01-21T21:03:35.5754590Z   numpydoc                       1.7.0                pyhd8ed1ab_1             conda-forge
2025-01-21T21:03:35.5754940Z   openjpeg                       2.5.2                h9f1df11_0               conda-forge
2025-01-21T21:03:35.5755290Z   openssl                        3.3.1                hfb2fe0b_0               conda-forge
2025-01-21T21:03:35.5755690Z   overrides                      7.7.0                pyhd8ed1ab_0             conda-forge
2025-01-21T21:03:35.5756110Z   packaging                      24.1                 pyhd8ed1ab_0             conda-forge
2025-01-21T21:03:35.5756410Z   pandas                         2.2.2                py312h8ae5369_1          conda-forge
2025-01-21T21:03:35.5756700Z   pandoc                         3.2                  hce30654_0               conda-forge
2025-01-21T21:03:35.5757060Z   pandocfilters                  1.5.0                pyhd8ed1ab_0             conda-forge
2025-01-21T21:03:35.5757360Z   pango                          1.54.0               h5cb9fbc_0               conda-forge
2025-01-21T21:03:35.5757980Z   parso                          0.8.4                pyhd8ed1ab_0             conda-forge
2025-01-21T21:03:35.5758290Z   pathspec                       0.12.1               pyhd8ed1ab_0             conda-forge
2025-01-21T21:03:35.5758570Z   pbr                            6.0.0                pyhd8ed1ab_0             conda-forge
2025-01-21T21:03:35.5758840Z   pcre2                          10.44                h297a79d_0               conda-forge
2025-01-21T21:03:35.5759660Z   pexpect                        4.9.0                pyhd8ed1ab_0             conda-forge
2025-01-21T21:03:35.5759960Z   pickleshare                    0.7.5                py_1003                  conda-forge
2025-01-21T21:03:35.5760260Z   pillow                         10.3.0               py312h39b1d8d_1          conda-forge
2025-01-21T21:03:35.5760550Z   pip                            24.0                 pyhd8ed1ab_0             conda-forge
2025-01-21T21:03:35.5760820Z   pixman                         0.43.4               hebf3989_0               conda-forge
2025-01-21T21:03:35.5761130Z   pkgutil-resolve-name           1.3.10               pyhd8ed1ab_1             conda-forge
2025-01-21T21:03:35.5761470Z   platformdirs                   4.2.2                pyhd8ed1ab_0             conda-forge
2025-01-21T21:03:35.5761770Z   plotly                         5.22.0               pyhd8ed1ab_0             conda-forge
2025-01-21T21:03:35.5762060Z   pluggy                         1.5.0                pyhd8ed1ab_0             conda-forge
2025-01-21T21:03:35.5762370Z   prometheus_client              0.20.0               pyhd8ed1ab_0             conda-forge
2025-01-21T21:03:35.5762690Z   prompt-toolkit                 3.0.47               pyha770c72_0             conda-forge
2025-01-21T21:03:35.5763000Z   psutil                         5.9.8                py312he37b823_0          conda-forge
2025-01-21T21:03:35.5763300Z   pthread-stubs                  0.4                  h27ca646_1001            conda-forge
2025-01-21T21:03:35.5763610Z   ptyprocess                     0.7.0                pyhd3deb0d_0             conda-forge
2025-01-21T21:03:35.5763920Z   pure_eval                      0.2.2                pyhd8ed1ab_0             conda-forge
2025-01-21T21:03:35.5764230Z   py-cpuinfo                     9.0.0                pyhd8ed1ab_0             conda-forge
2025-01-21T21:03:35.5764530Z   pybtex                         0.24.0               pyhd8ed1ab_2             conda-forge
2025-01-21T21:03:35.5765080Z   pybtex-docutils                1.0.3                py312h81bd7bf_1          conda-forge
2025-01-21T21:03:35.5765450Z   pycparser                      2.22                 pyhd8ed1ab_0             conda-forge
2025-01-21T21:03:35.5765760Z   pyerfa                         2.0.1.4              py312hbebd99a_1          conda-forge
2025-01-21T21:03:35.5766070Z   pygments                       2.18.0               pyhd8ed1ab_0             conda-forge
2025-01-21T21:03:35.5766600Z   pygraphviz                     1.13                 py312h5f4d302_1          conda-forge
2025-01-21T21:03:35.5766940Z   pyobjc-core                    10.3.1               py312hbb55c70_0          conda-forge
2025-01-21T21:03:35.5767300Z   pyobjc-framework-cocoa         10.3.1               py312hbb55c70_0          conda-forge
2025-01-21T21:03:35.5767650Z   pyparsing                      3.1.2                pyhd8ed1ab_0             conda-forge
2025-01-21T21:03:35.5767960Z   pysocks                        1.7.1                pyha2e5f31_6             conda-forge
2025-01-21T21:03:35.5768270Z   pytables                       3.9.2                py312hb622ae1_2          conda-forge
2025-01-21T21:03:35.5768570Z   pytest                         8.2.2                pyhd8ed1ab_0             conda-forge
2025-01-21T21:03:35.5768880Z   pytest-cov                     5.0.0                pyhd8ed1ab_0             conda-forge
2025-01-21T21:03:35.5769220Z   pytest-doctestplus             1.2.1                pyhd8ed1ab_0             conda-forge
2025-01-21T21:03:35.5769560Z   pytest-html                    4.1.1                pyhd8ed1ab_0             conda-forge
2025-01-21T21:03:35.5770630Z   pytest-metadata                3.1.1                pyhd8ed1ab_0             conda-forge
2025-01-21T21:03:35.5770990Z   python                         3.12.4               h30c5eda_0_cpython       conda-forge
2025-01-21T21:03:35.5771310Z   python-dateutil                2.9.0                pyhd8ed1ab_0             conda-forge
2025-01-21T21:03:35.5771920Z   python-fastjsonschema          2.20.0               pyhd8ed1ab_0             conda-forge
2025-01-21T21:03:35.5772300Z   python-json-logger             2.0.7                pyhd8ed1ab_0             conda-forge
2025-01-21T21:03:35.5772640Z   python-tzdata                  2024.1               pyhd8ed1ab_0             conda-forge
2025-01-21T21:03:35.5772960Z   python_abi                     3.12                 4_cp312                  conda-forge
2025-01-21T21:03:35.5773260Z   pytz                           2024.1               pyhd8ed1ab_0             conda-forge
2025-01-21T21:03:35.5773550Z   pyyaml                         6.0.1                py312h02f2b3b_1          conda-forge
2025-01-21T21:03:35.5773830Z   pyzmq                          26.0.3               py312hfa13136_0          conda-forge
2025-01-21T21:03:35.5774120Z   qgrid                          1.3.1                pyhd8ed1ab_4             conda-forge
2025-01-21T21:03:35.5774450Z   radioactivedecay               0.5.1                pyhd8ed1ab_0             conda-forge
2025-01-21T21:03:35.5774770Z   readline                       8.2                  h92ec313_1               conda-forge
2025-01-21T21:03:35.5775080Z   recommonmark                   0.7.1                pyhd8ed1ab_0             conda-forge
2025-01-21T21:03:35.5775390Z   referencing                    0.35.1               pyhd8ed1ab_0             conda-forge
2025-01-21T21:03:35.5775700Z   requests                       2.32.3               pyhd8ed1ab_0             conda-forge
2025-01-21T21:03:35.5776010Z   rfc3339-validator              0.1.4                pyhd8ed1ab_0             conda-forge
2025-01-21T21:03:35.5776360Z   rfc3986-validator              0.1.1                pyh9f0ad1d_0             conda-forge
2025-01-21T21:03:35.5776690Z   rpds-py                        0.18.1               py312h552d48e_0          conda-forge
2025-01-21T21:03:35.5776970Z   ruff                           0.4.9                py312h3402d49_0          conda-forge
2025-01-21T21:03:35.5777260Z   scipy                          1.13.1               py312h14ffa8f_0          conda-forge
2025-01-21T21:03:35.5777560Z   send2trash                     1.8.3                pyh31c8845_0             conda-forge
2025-01-21T21:03:35.5777880Z   setuptools                     70.0.0               pyhd8ed1ab_0             conda-forge
2025-01-21T21:03:35.5778210Z   setuptools-scm                 8.1.0                pyhd8ed1ab_0             conda-forge
2025-01-21T21:03:35.5778540Z   setuptools_scm                 8.1.0                hd8ed1ab_0               conda-forge
2025-01-21T21:03:35.5778840Z   six                            1.16.0               pyh6c4a22f_0             conda-forge
2025-01-21T21:03:35.5779140Z   snakeviz                       2.2.0                pyhd8ed1ab_0             conda-forge
2025-01-21T21:03:35.5779450Z   snappy                         1.2.0                hd04f947_1               conda-forge
2025-01-21T21:03:35.5779750Z   sniffio                        1.3.1                pyhd8ed1ab_0             conda-forge
2025-01-21T21:03:35.5780060Z   snowballstemmer                2.2.0                pyhd8ed1ab_0             conda-forge
2025-01-21T21:03:35.5780380Z   soupsieve                      2.5                  pyhd8ed1ab_1             conda-forge
2025-01-21T21:03:35.5780680Z   sphinx                         7.3.7                pyhd8ed1ab_0             conda-forge
2025-01-21T21:03:35.5781000Z   sphinx-astropy                 1.9.1                pyhd8ed1ab_0             conda-forge
2025-01-21T21:03:35.5781340Z   sphinx-automodapi              0.17.0               pyh717bed2_1             conda-forge
2025-01-21T21:03:35.5781820Z   sphinx-gallery                 0.16.0               pyhd8ed1ab_0             conda-forge
2025-01-21T21:03:35.5782170Z   sphinx-jsonschema              1.19.1               pyhd8ed1ab_0             conda-forge
2025-01-21T21:03:35.5782510Z   sphinx_bootstrap_theme         0.8.1                pyhd8ed1ab_0             conda-forge
2025-01-21T21:03:35.5782970Z   sphinx_rtd_theme               2.0.0                pyha770c72_0             conda-forge
2025-01-21T21:03:35.5783310Z   sphinxcontrib-apidoc           0.3.0                py_1                     conda-forge
2025-01-21T21:03:35.5783670Z   sphinxcontrib-applehelp        1.0.8                pyhd8ed1ab_0             conda-forge
2025-01-21T21:03:35.5784030Z   sphinxcontrib-bibtex           2.6.2                pyhd8ed1ab_0             conda-forge
2025-01-21T21:03:35.5784390Z   sphinxcontrib-devhelp          1.0.6                pyhd8ed1ab_0             conda-forge
2025-01-21T21:03:35.5784760Z   sphinxcontrib-htmlhelp         2.0.5                pyhd8ed1ab_0             conda-forge
2025-01-21T21:03:35.5785120Z   sphinxcontrib-jquery           4.1                  pyhd8ed1ab_0             conda-forge
2025-01-21T21:03:35.5785480Z   sphinxcontrib-jsmath           1.0.1                pyhd8ed1ab_0             conda-forge
2025-01-21T21:03:35.5785830Z   sphinxcontrib-qthelp           1.0.7                pyhd8ed1ab_0             conda-forge
2025-01-21T21:03:35.5786220Z   sphinxcontrib-serializinghtml  1.1.10               pyhd8ed1ab_0             conda-forge
2025-01-21T21:03:35.5786580Z   stack_data                     0.6.2                pyhd8ed1ab_0             conda-forge
2025-01-21T21:03:35.5786870Z   sympy                          1.12.1               pypyh2585a3b_103         conda-forge
2025-01-21T21:03:35.5787160Z   tabulate                       0.9.0                pyhd8ed1ab_1             conda-forge
2025-01-21T21:03:35.5787460Z   tenacity                       8.4.1                pyhd8ed1ab_0             conda-forge
2025-01-21T21:03:35.5787760Z   terminado                      0.18.1               pyh31c8845_0             conda-forge
2025-01-21T21:03:35.5788060Z   tinycss2                       1.3.0                pyhd8ed1ab_0             conda-forge
2025-01-21T21:03:35.5788340Z   tk                             8.6.13               h5083fa2_1               conda-forge
2025-01-21T21:03:35.5788610Z   toml                           0.10.2               pyhd8ed1ab_0             conda-forge
2025-01-21T21:03:35.5788890Z   tomli                          2.0.1                pyhd8ed1ab_0             conda-forge
2025-01-21T21:03:35.5789180Z   tornado                        6.4.1                py312h7e5086c_0          conda-forge
2025-01-21T21:03:35.5789470Z   tqdm                           4.66.4               pyhd8ed1ab_0             conda-forge
2025-01-21T21:03:35.5789780Z   traitlets                      5.14.3               pyhd8ed1ab_0             conda-forge
2025-01-21T21:03:35.5790090Z   typed-ast                      1.5.5                py312h02f2b3b_1          conda-forge
2025-01-21T21:03:35.5790450Z   types-python-dateutil          2.9.0.20240316       pyhd8ed1ab_0             conda-forge
2025-01-21T21:03:35.5790830Z   typing-extensions              4.12.2               hd8ed1ab_0               conda-forge
2025-01-21T21:03:35.5791180Z   typing_extensions              4.12.2               pyha770c72_0             conda-forge
2025-01-21T21:03:35.5791520Z   typing_utils                   0.1.0                pyhd8ed1ab_0             conda-forge
2025-01-21T21:03:35.5791830Z   tzdata                         2024a                h0c530f3_0               conda-forge
2025-01-21T21:03:35.5792140Z   uri-template                   1.3.0                pyhd8ed1ab_0             conda-forge
2025-01-21T21:03:35.5792440Z   urllib3                        2.2.2                pyhd8ed1ab_0             conda-forge
2025-01-21T21:03:35.5792730Z   wcwidth                        0.2.13               pyhd8ed1ab_0             conda-forge
2025-01-21T21:03:35.5793170Z   webcolors                      24.6.0               pyhd8ed1ab_0             conda-forge
2025-01-21T21:03:35.5793530Z   webencodings                   0.5.1                pyhd8ed1ab_2             conda-forge
2025-01-21T21:03:35.5793880Z   websocket-client               1.8.0                pyhd8ed1ab_0             conda-forge
2025-01-21T21:03:35.5794350Z   wheel                          0.43.0               pyhd8ed1ab_1             conda-forge
2025-01-21T21:03:35.5794680Z   widgetsnbextension             3.6.6                pyhd8ed1ab_0             conda-forge
2025-01-21T21:03:35.5795010Z   xorg-libxau                    1.0.11               hb547adb_0               conda-forge
2025-01-21T21:03:35.5795330Z   xorg-libxdmcp                  1.1.3                h27ca646_0               conda-forge
2025-01-21T21:03:35.5795640Z   xz                             5.2.6                h57fd34a_0               conda-forge
2025-01-21T21:03:35.5796020Z   yaml                           0.2.5                h3422bc3_2               conda-forge
2025-01-21T21:03:35.5796310Z   zeromq                         4.3.5                hcc0f68c_4               conda-forge
2025-01-21T21:03:35.5796600Z   zipp                           3.19.2               pyhd8ed1ab_0             conda-forge
2025-01-21T21:03:35.5796890Z   zlib                           1.3.1                hfb2fe0b_1               conda-forge
2025-01-21T21:03:35.5797190Z   zlib-ng                        2.0.7                h1a8c8d9_0               conda-forge
2025-01-21T21:03:35.5797480Z   zstd                           1.5.6                hb46c0d2_0               conda-forge
2025-01-21T21:03:35.5798250Z ##[endgroup]
2025-01-21T21:03:35.5909630Z ##[group]Run pip install -e . --user
2025-01-21T21:03:35.5909920Z [36;1mpip install -e . --user[0m
2025-01-21T21:03:35.7545410Z shell: /bin/bash -l {0}
2025-01-21T21:03:35.7545930Z env:
2025-01-21T21:03:35.7546310Z   CACHE_NUMBER: 0
2025-01-21T21:03:35.7547680Z   PYTEST_FLAGS: --tardis-regression-data=/Users/runner/work/tardis/tardis/tardis-regression-data --cov=tardis --cov-report=xml --cov-report=html --cov-append
2025-01-21T21:03:35.7549130Z   CODECOV_TOKEN: 
2025-01-21T21:03:35.7549600Z   MAMBA_ROOT_PREFIX: /Users/runner/micromamba
2025-01-21T21:03:35.7550260Z   MAMBA_EXE: /Users/runner/micromamba-bin/micromamba
2025-01-21T21:03:35.7551050Z   CONDARC: /Users/runner/work/_temp/setup-micromamba/.condarc
2025-01-21T21:03:35.7551710Z ##[endgroup]
2025-01-21T21:03:36.9819710Z Obtaining file:///Users/runner/work/tardis/tardis
2025-01-21T21:03:36.9859560Z   Installing build dependencies: started
2025-01-21T21:03:40.7706240Z   Installing build dependencies: finished with status 'done'
2025-01-21T21:03:40.7804640Z   Checking if build backend supports build_editable: started
2025-01-21T21:03:40.9522110Z   Checking if build backend supports build_editable: finished with status 'done'
2025-01-21T21:03:40.9623990Z   Getting requirements to build editable: started
2025-01-21T21:03:41.4921310Z   Getting requirements to build editable: finished with status 'done'
2025-01-21T21:03:41.4938900Z   Preparing editable metadata (pyproject.toml): started
2025-01-21T21:03:41.8737380Z   Preparing editable metadata (pyproject.toml): finished with status 'done'
2025-01-21T21:03:41.9233640Z Requirement already satisfied: astropy in /Users/runner/micromamba/envs/tardis/lib/python3.12/site-packages (from tardis==0.0.0) (6.1.1)
2025-01-21T21:03:41.9579130Z Requirement already satisfied: numpy>=1.23 in /Users/runner/micromamba/envs/tardis/lib/python3.12/site-packages (from astropy->tardis==0.0.0) (1.26.4)
2025-01-21T21:03:41.9682310Z Requirement already satisfied: pyerfa>=2.0.1.1 in /Users/runner/micromamba/envs/tardis/lib/python3.12/site-packages (from astropy->tardis==0.0.0) (2.0.1.4)
2025-01-21T21:03:41.9784250Z Requirement already satisfied: astropy-iers-data>=0.2024.5.27.0.30.8 in /Users/runner/micromamba/envs/tardis/lib/python3.12/site-packages (from astropy->tardis==0.0.0) (0.2024.6.17.0.31.35)
2025-01-21T21:03:41.9885440Z Requirement already satisfied: PyYAML>=3.13 in /Users/runner/micromamba/envs/tardis/lib/python3.12/site-packages (from astropy->tardis==0.0.0) (6.0.1)
2025-01-21T21:03:41.9986460Z Requirement already satisfied: packaging>=19.0 in /Users/runner/micromamba/envs/tardis/lib/python3.12/site-packages (from astropy->tardis==0.0.0) (24.1)
2025-01-21T21:03:42.0036980Z Building wheels for collected packages: tardis
2025-01-21T21:03:42.0120120Z   Building editable for tardis (pyproject.toml): started
2025-01-21T21:03:42.6945450Z   Building editable for tardis (pyproject.toml): finished with status 'done'
2025-01-21T21:03:42.6955880Z   Created wheel for tardis: filename=tardis-0.0.0-0.editable-py3-none-any.whl size=8876 sha256=4eb70cba5c4a2a21ce907ba491230cf2abccb604a4589bb1c6864a2ec40696cb
2025-01-21T21:03:42.6957140Z   Stored in directory: /private/var/folders/84/5079cppj57s0lzywhyzcxkjc0000gn/T/pip-ephem-wheel-cache-1lmkk4q1/wheels/bb/4f/6a/0829b918c1c10bc28535ce7f14be21eee54375bdd9cd0c306a
2025-01-21T21:03:42.7015690Z Successfully built tardis
2025-01-21T21:03:43.3891830Z Installing collected packages: tardis
2025-01-21T21:03:43.3993100Z Successfully installed tardis-0.0.0
2025-01-21T21:03:43.7248010Z ##[group]Run pip install qgridnext
2025-01-21T21:03:43.7248310Z [36;1mpip install qgridnext[0m
2025-01-21T21:03:43.7361970Z shell: /bin/bash -l {0}
2025-01-21T21:03:43.7362260Z env:
2025-01-21T21:03:43.7362610Z   CACHE_NUMBER: 0
2025-01-21T21:03:43.7363220Z   PYTEST_FLAGS: --tardis-regression-data=/Users/runner/work/tardis/tardis/tardis-regression-data --cov=tardis --cov-report=xml --cov-report=html --cov-append
2025-01-21T21:03:43.7363850Z   CODECOV_TOKEN: 
2025-01-21T21:03:43.7364080Z   MAMBA_ROOT_PREFIX: /Users/runner/micromamba
2025-01-21T21:03:43.7364470Z   MAMBA_EXE: /Users/runner/micromamba-bin/micromamba
2025-01-21T21:03:43.7364820Z   CONDARC: /Users/runner/work/_temp/setup-micromamba/.condarc
2025-01-21T21:03:43.7365190Z ##[endgroup]
2025-01-21T21:03:44.4514920Z Collecting qgridnext
2025-01-21T21:03:44.5008800Z   Downloading qgridnext-2.0.4-py3-none-any.whl.metadata (9.9 kB)
2025-01-21T21:03:44.5171700Z Requirement already satisfied: pandas>=0.20.0 in /Users/runner/micromamba/envs/tardis/lib/python3.12/site-packages (from qgridnext) (2.2.2)
2025-01-21T21:03:44.5183550Z Requirement already satisfied: ipywidgets>=7.0.0 in /Users/runner/micromamba/envs/tardis/lib/python3.12/site-packages (from qgridnext) (7.8.0)
2025-01-21T21:03:44.5184640Z Requirement already satisfied: numpy in /Users/runner/micromamba/envs/tardis/lib/python3.12/site-packages (from qgridnext) (1.26.4)
2025-01-21T21:03:44.5198000Z Requirement already satisfied: traitlets in /Users/runner/micromamba/envs/tardis/lib/python3.12/site-packages (from qgridnext) (5.14.3)
2025-01-21T21:03:44.5241820Z Requirement already satisfied: comm>=0.1.3 in /Users/runner/micromamba/envs/tardis/lib/python3.12/site-packages (from ipywidgets>=7.0.0->qgridnext) (0.2.2)
2025-01-21T21:03:44.5246510Z Requirement already satisfied: ipython-genutils~=0.2.0 in /Users/runner/micromamba/envs/tardis/lib/python3.12/site-packages (from ipywidgets>=7.0.0->qgridnext) (0.2.0)
2025-01-21T21:03:44.5255020Z Requirement already satisfied: widgetsnbextension~=3.6.5 in /Users/runner/micromamba/envs/tardis/lib/python3.12/site-packages (from ipywidgets>=7.0.0->qgridnext) (3.6.6)
2025-01-21T21:03:44.5263280Z Requirement already satisfied: ipython>=4.0.0 in /Users/runner/micromamba/envs/tardis/lib/python3.12/site-packages (from ipywidgets>=7.0.0->qgridnext) (8.25.0)
2025-01-21T21:03:44.5272080Z Requirement already satisfied: jupyterlab-widgets<3,>=1.0.0 in /Users/runner/micromamba/envs/tardis/lib/python3.12/site-packages (from ipywidgets>=7.0.0->qgridnext) (1.1.7)
2025-01-21T21:03:44.5551870Z Requirement already satisfied: python-dateutil>=2.8.2 in /Users/runner/micromamba/envs/tardis/lib/python3.12/site-packages (from pandas>=0.20.0->qgridnext) (2.9.0)
2025-01-21T21:03:44.5560230Z Requirement already satisfied: pytz>=2020.1 in /Users/runner/micromamba/envs/tardis/lib/python3.12/site-packages (from pandas>=0.20.0->qgridnext) (2024.1)
2025-01-21T21:03:44.5565420Z Requirement already satisfied: tzdata>=2022.7 in /Users/runner/micromamba/envs/tardis/lib/python3.12/site-packages (from pandas>=0.20.0->qgridnext) (2024.1)
2025-01-21T21:03:44.5806130Z Requirement already satisfied: decorator in /Users/runner/micromamba/envs/tardis/lib/python3.12/site-packages (from ipython>=4.0.0->ipywidgets>=7.0.0->qgridnext) (5.1.1)
2025-01-21T21:03:44.5857190Z Requirement already satisfied: jedi>=0.16 in /Users/runner/micromamba/envs/tardis/lib/python3.12/site-packages (from ipython>=4.0.0->ipywidgets>=7.0.0->qgridnext) (0.19.1)
2025-01-21T21:03:44.5864070Z Requirement already satisfied: matplotlib-inline in /Users/runner/micromamba/envs/tardis/lib/python3.12/site-packages (from ipython>=4.0.0->ipywidgets>=7.0.0->qgridnext) (0.1.7)
2025-01-21T21:03:44.5888780Z Requirement already satisfied: prompt-toolkit<3.1.0,>=3.0.41 in /Users/runner/micromamba/envs/tardis/lib/python3.12/site-packages (from ipython>=4.0.0->ipywidgets>=7.0.0->qgridnext) (3.0.47)
2025-01-21T21:03:44.5902790Z Requirement already satisfied: pygments>=2.4.0 in /Users/runner/micromamba/envs/tardis/lib/python3.12/site-packages (from ipython>=4.0.0->ipywidgets>=7.0.0->qgridnext) (2.18.0)
2025-01-21T21:03:44.5934550Z Requirement already satisfied: stack-data in /Users/runner/micromamba/envs/tardis/lib/python3.12/site-packages (from ipython>=4.0.0->ipywidgets>=7.0.0->qgridnext) (0.6.2)
2025-01-21T21:03:44.5969450Z Requirement already satisfied: pexpect>4.3 in /Users/runner/micromamba/envs/tardis/lib/python3.12/site-packages (from ipython>=4.0.0->ipywidgets>=7.0.0->qgridnext) (4.9.0)
2025-01-21T21:03:44.5985870Z Requirement already satisfied: six>=1.5 in /Users/runner/micromamba/envs/tardis/lib/python3.12/site-packages (from python-dateutil>=2.8.2->pandas>=0.20.0->qgridnext) (1.16.0)
2025-01-21T21:03:44.5992300Z Requirement already satisfied: notebook>=4.4.1 in /Users/runner/micromamba/envs/tardis/lib/python3.12/site-packages (from widgetsnbextension~=3.6.5->ipywidgets>=7.0.0->qgridnext) (7.2.1)
2025-01-21T21:03:44.6108360Z Requirement already satisfied: parso<0.9.0,>=0.8.3 in /Users/runner/micromamba/envs/tardis/lib/python3.12/site-packages (from jedi>=0.16->ipython>=4.0.0->ipywidgets>=7.0.0->qgridnext) (0.8.4)
2025-01-21T21:03:44.6396230Z Requirement already satisfied: jupyter-server<3,>=2.4.0 in /Users/runner/micromamba/envs/tardis/lib/python3.12/site-packages (from notebook>=4.4.1->widgetsnbextension~=3.6.5->ipywidgets>=7.0.0->qgridnext) (2.14.1)
2025-01-21T21:03:44.6496340Z Requirement already satisfied: jupyterlab-server<3,>=2.27.1 in /Users/runner/micromamba/envs/tardis/lib/python3.12/site-packages (from notebook>=4.4.1->widgetsnbextension~=3.6.5->ipywidgets>=7.0.0->qgridnext) (2.27.2)
2025-01-21T21:03:44.6598920Z Requirement already satisfied: jupyterlab<4.3,>=4.2.0 in /Users/runner/micromamba/envs/tardis/lib/python3.12/site-packages (from notebook>=4.4.1->widgetsnbextension~=3.6.5->ipywidgets>=7.0.0->qgridnext) (4.2.2)
2025-01-21T21:03:44.6704680Z Requirement already satisfied: notebook-shim<0.3,>=0.2 in /Users/runner/micromamba/envs/tardis/lib/python3.12/site-packages (from notebook>=4.4.1->widgetsnbextension~=3.6.5->ipywidgets>=7.0.0->qgridnext) (0.2.4)
2025-01-21T21:03:44.6708430Z Requirement already satisfied: tornado>=6.2.0 in /Users/runner/micromamba/envs/tardis/lib/python3.12/site-packages (from notebook>=4.4.1->widgetsnbextension~=3.6.5->ipywidgets>=7.0.0->qgridnext) (6.4.1)
2025-01-21T21:03:44.6811350Z Requirement already satisfied: ptyprocess>=0.5 in /Users/runner/micromamba/envs/tardis/lib/python3.12/site-packages (from pexpect>4.3->ipython>=4.0.0->ipywidgets>=7.0.0->qgridnext) (0.7.0)
2025-01-21T21:03:44.6915650Z Requirement already satisfied: wcwidth in /Users/runner/micromamba/envs/tardis/lib/python3.12/site-packages (from prompt-toolkit<3.1.0,>=3.0.41->ipython>=4.0.0->ipywidgets>=7.0.0->qgridnext) (0.2.13)
2025-01-21T21:03:44.7017920Z Requirement already satisfied: executing>=1.2.0 in /Users/runner/micromamba/envs/tardis/lib/python3.12/site-packages (from stack-data->ipython>=4.0.0->ipywidgets>=7.0.0->qgridnext) (2.0.1)
2025-01-21T21:03:44.7120550Z Requirement already satisfied: asttokens>=2.1.0 in /Users/runner/micromamba/envs/tardis/lib/python3.12/site-packages (from stack-data->ipython>=4.0.0->ipywidgets>=7.0.0->qgridnext) (2.4.1)
2025-01-21T21:03:44.7224400Z Requirement already satisfied: pure-eval in /Users/runner/micromamba/envs/tardis/lib/python3.12/site-packages (from stack-data->ipython>=4.0.0->ipywidgets>=7.0.0->qgridnext) (0.2.2)
2025-01-21T21:03:44.7326920Z Requirement already satisfied: anyio>=3.1.0 in /Users/runner/micromamba/envs/tardis/lib/python3.12/site-packages (from jupyter-server<3,>=2.4.0->notebook>=4.4.1->widgetsnbextension~=3.6.5->ipywidgets>=7.0.0->qgridnext) (4.4.0)
2025-01-21T21:03:44.7400640Z Requirement already satisfied: argon2-cffi>=21.1 in /Users/runner/micromamba/envs/tardis/lib/python3.12/site-packages (from jupyter-server<3,>=2.4.0->notebook>=4.4.1->widgetsnbextension~=3.6.5->ipywidgets>=7.0.0->qgridnext) (23.1.0)
2025-01-21T21:03:44.7402460Z Requirement already satisfied: jinja2>=3.0.3 in /Users/runner/micromamba/envs/tardis/lib/python3.12/site-packages (from jupyter-server<3,>=2.4.0->notebook>=4.4.1->widgetsnbextension~=3.6.5->ipywidgets>=7.0.0->qgridnext) (3.1.4)
2025-01-21T21:03:44.7403940Z Requirement already satisfied: jupyter-client>=7.4.4 in /Users/runner/micromamba/envs/tardis/lib/python3.12/site-packages (from jupyter-server<3,>=2.4.0->notebook>=4.4.1->widgetsnbextension~=3.6.5->ipywidgets>=7.0.0->qgridnext) (8.6.2)
2025-01-21T21:03:44.7405410Z Requirement already satisfied: jupyter-core!=5.0.*,>=4.12 in /Users/runner/micromamba/envs/tardis/lib/python3.12/site-packages (from jupyter-server<3,>=2.4.0->notebook>=4.4.1->widgetsnbextension~=3.6.5->ipywidgets>=7.0.0->qgridnext) (5.7.2)
2025-01-21T21:03:44.7406760Z Requirement already satisfied: jupyter-events>=0.9.0 in /Users/runner/micromamba/envs/tardis/lib/python3.12/site-packages (from jupyter-server<3,>=2.4.0->notebook>=4.4.1->widgetsnbextension~=3.6.5->ipywidgets>=7.0.0->qgridnext) (0.10.0)
2025-01-21T21:03:44.7408110Z Requirement already satisfied: jupyter-server-terminals>=0.4.4 in /Users/runner/micromamba/envs/tardis/lib/python3.12/site-packages (from jupyter-server<3,>=2.4.0->notebook>=4.4.1->widgetsnbextension~=3.6.5->ipywidgets>=7.0.0->qgridnext) (0.5.3)
2025-01-21T21:03:44.7409480Z Requirement already satisfied: nbconvert>=6.4.4 in /Users/runner/micromamba/envs/tardis/lib/python3.12/site-packages (from jupyter-server<3,>=2.4.0->notebook>=4.4.1->widgetsnbextension~=3.6.5->ipywidgets>=7.0.0->qgridnext) (7.16.4)
2025-01-21T21:03:44.7410820Z Requirement already satisfied: nbformat>=5.3.0 in /Users/runner/micromamba/envs/tardis/lib/python3.12/site-packages (from jupyter-server<3,>=2.4.0->notebook>=4.4.1->widgetsnbextension~=3.6.5->ipywidgets>=7.0.0->qgridnext) (5.10.4)
2025-01-21T21:03:44.7412260Z Requirement already satisfied: overrides>=5.0 in /Users/runner/micromamba/envs/tardis/lib/python3.12/site-packages (from jupyter-server<3,>=2.4.0->notebook>=4.4.1->widgetsnbextension~=3.6.5->ipywidgets>=7.0.0->qgridnext) (7.7.0)
2025-01-21T21:03:44.7413560Z Requirement already satisfied: packaging>=22.0 in /Users/runner/micromamba/envs/tardis/lib/python3.12/site-packages (from jupyter-server<3,>=2.4.0->notebook>=4.4.1->widgetsnbextension~=3.6.5->ipywidgets>=7.0.0->qgridnext) (24.1)
2025-01-21T21:03:44.7414990Z Requirement already satisfied: prometheus-client>=0.9 in /Users/runner/micromamba/envs/tardis/lib/python3.12/site-packages (from jupyter-server<3,>=2.4.0->notebook>=4.4.1->widgetsnbextension~=3.6.5->ipywidgets>=7.0.0->qgridnext) (0.20.0)
2025-01-21T21:03:44.7416340Z Requirement already satisfied: pyzmq>=24 in /Users/runner/micromamba/envs/tardis/lib/python3.12/site-packages (from jupyter-server<3,>=2.4.0->notebook>=4.4.1->widgetsnbextension~=3.6.5->ipywidgets>=7.0.0->qgridnext) (26.0.3)
2025-01-21T21:03:44.7418530Z Requirement already satisfied: send2trash>=1.8.2 in /Users/runner/micromamba/envs/tardis/lib/python3.12/site-packages (from jupyter-server<3,>=2.4.0->notebook>=4.4.1->widgetsnbextension~=3.6.5->ipywidgets>=7.0.0->qgridnext) (1.8.3)
2025-01-21T21:03:44.7419800Z Requirement already satisfied: terminado>=0.8.3 in /Users/runner/micromamba/envs/tardis/lib/python3.12/site-packages (from jupyter-server<3,>=2.4.0->notebook>=4.4.1->widgetsnbextension~=3.6.5->ipywidgets>=7.0.0->qgridnext) (0.18.1)
2025-01-21T21:03:44.7421330Z Requirement already satisfied: websocket-client>=1.7 in /Users/runner/micromamba/envs/tardis/lib/python3.12/site-packages (from jupyter-server<3,>=2.4.0->notebook>=4.4.1->widgetsnbextension~=3.6.5->ipywidgets>=7.0.0->qgridnext) (1.8.0)
2025-01-21T21:03:44.7422660Z Requirement already satisfied: async-lru>=1.0.0 in /Users/runner/micromamba/envs/tardis/lib/python3.12/site-packages (from jupyterlab<4.3,>=4.2.0->notebook>=4.4.1->widgetsnbextension~=3.6.5->ipywidgets>=7.0.0->qgridnext) (2.0.4)
2025-01-21T21:03:44.7424060Z Requirement already satisfied: httpx>=0.25.0 in /Users/runner/micromamba/envs/tardis/lib/python3.12/site-packages (from jupyterlab<4.3,>=4.2.0->notebook>=4.4.1->widgetsnbextension~=3.6.5->ipywidgets>=7.0.0->qgridnext) (0.27.0)
2025-01-21T21:03:44.7425540Z Requirement already satisfied: ipykernel>=6.5.0 in /Users/runner/micromamba/envs/tardis/lib/python3.12/site-packages (from jupyterlab<4.3,>=4.2.0->notebook>=4.4.1->widgetsnbextension~=3.6.5->ipywidgets>=7.0.0->qgridnext) (6.29.4)
2025-01-21T21:03:44.7426980Z Requirement already satisfied: jupyter-lsp>=2.0.0 in /Users/runner/micromamba/envs/tardis/lib/python3.12/site-packages (from jupyterlab<4.3,>=4.2.0->notebook>=4.4.1->widgetsnbextension~=3.6.5->ipywidgets>=7.0.0->qgridnext) (2.2.5)
2025-01-21T21:03:44.7428310Z Requirement already satisfied: setuptools>=40.1.0 in /Users/runner/micromamba/envs/tardis/lib/python3.12/site-packages (from jupyterlab<4.3,>=4.2.0->notebook>=4.4.1->widgetsnbextension~=3.6.5->ipywidgets>=7.0.0->qgridnext) (70.0.0)
2025-01-21T21:03:44.7541600Z Requirement already satisfied: babel>=2.10 in /Users/runner/micromamba/envs/tardis/lib/python3.12/site-packages (from jupyterlab-server<3,>=2.27.1->notebook>=4.4.1->widgetsnbextension~=3.6.5->ipywidgets>=7.0.0->qgridnext) (2.14.0)
2025-01-21T21:03:44.7567470Z Requirement already satisfied: json5>=0.9.0 in /Users/runner/micromamba/envs/tardis/lib/python3.12/site-packages (from jupyterlab-server<3,>=2.27.1->notebook>=4.4.1->widgetsnbextension~=3.6.5->ipywidgets>=7.0.0->qgridnext) (0.9.25)
2025-01-21T21:03:44.7575370Z Requirement already satisfied: jsonschema>=4.18.0 in /Users/runner/micromamba/envs/tardis/lib/python3.12/site-packages (from jupyterlab-server<3,>=2.27.1->notebook>=4.4.1->widgetsnbextension~=3.6.5->ipywidgets>=7.0.0->qgridnext) (4.22.0)
2025-01-21T21:03:44.7592730Z Requirement already satisfied: requests>=2.31 in /Users/runner/micromamba/envs/tardis/lib/python3.12/site-packages (from jupyterlab-server<3,>=2.27.1->notebook>=4.4.1->widgetsnbextension~=3.6.5->ipywidgets>=7.0.0->qgridnext) (2.32.3)
2025-01-21T21:03:44.7945500Z Requirement already satisfied: idna>=2.8 in /Users/runner/micromamba/envs/tardis/lib/python3.12/site-packages (from anyio>=3.1.0->jupyter-server<3,>=2.4.0->notebook>=4.4.1->widgetsnbextension~=3.6.5->ipywidgets>=7.0.0->qgridnext) (3.7)
2025-01-21T21:03:44.7950330Z Requirement already satisfied: sniffio>=1.1 in /Users/runner/micromamba/envs/tardis/lib/python3.12/site-packages (from anyio>=3.1.0->jupyter-server<3,>=2.4.0->notebook>=4.4.1->widgetsnbextension~=3.6.5->ipywidgets>=7.0.0->qgridnext) (1.3.1)
2025-01-21T21:03:44.8031000Z Requirement already satisfied: argon2-cffi-bindings in /Users/runner/micromamba/envs/tardis/lib/python3.12/site-packages (from argon2-cffi>=21.1->jupyter-server<3,>=2.4.0->notebook>=4.4.1->widgetsnbextension~=3.6.5->ipywidgets>=7.0.0->qgridnext) (21.2.0)
2025-01-21T21:03:44.8172140Z Requirement already satisfied: certifi in /Users/runner/micromamba/envs/tardis/lib/python3.12/site-packages (from httpx>=0.25.0->jupyterlab<4.3,>=4.2.0->notebook>=4.4.1->widgetsnbextension~=3.6.5->ipywidgets>=7.0.0->qgridnext) (2024.6.2)
2025-01-21T21:03:44.8182930Z Requirement already satisfied: httpcore==1.* in /Users/runner/micromamba/envs/tardis/lib/python3.12/site-packages (from httpx>=0.25.0->jupyterlab<4.3,>=4.2.0->notebook>=4.4.1->widgetsnbextension~=3.6.5->ipywidgets>=7.0.0->qgridnext) (1.0.5)
2025-01-21T21:03:44.8246200Z Requirement already satisfied: h11<0.15,>=0.13 in /Users/runner/micromamba/envs/tardis/lib/python3.12/site-packages (from httpcore==1.*->httpx>=0.25.0->jupyterlab<4.3,>=4.2.0->notebook>=4.4.1->widgetsnbextension~=3.6.5->ipywidgets>=7.0.0->qgridnext) (0.14.0)
2025-01-21T21:03:44.8370850Z Requirement already satisfied: appnope in /Users/runner/micromamba/envs/tardis/lib/python3.12/site-packages (from ipykernel>=6.5.0->jupyterlab<4.3,>=4.2.0->notebook>=4.4.1->widgetsnbextension~=3.6.5->ipywidgets>=7.0.0->qgridnext) (0.1.4)
2025-01-21T21:03:44.8376980Z Requirement already satisfied: debugpy>=1.6.5 in /Users/runner/micromamba/envs/tardis/lib/python3.12/site-packages (from ipykernel>=6.5.0->jupyterlab<4.3,>=4.2.0->notebook>=4.4.1->widgetsnbextension~=3.6.5->ipywidgets>=7.0.0->qgridnext) (1.8.1)
2025-01-21T21:03:44.8395110Z Requirement already satisfied: nest-asyncio in /Users/runner/micromamba/envs/tardis/lib/python3.12/site-packages (from ipykernel>=6.5.0->jupyterlab<4.3,>=4.2.0->notebook>=4.4.1->widgetsnbextension~=3.6.5->ipywidgets>=7.0.0->qgridnext) (1.6.0)
2025-01-21T21:03:44.8403230Z Requirement already satisfied: psutil in /Users/runner/micromamba/envs/tardis/lib/python3.12/site-packages (from ipykernel>=6.5.0->jupyterlab<4.3,>=4.2.0->notebook>=4.4.1->widgetsnbextension~=3.6.5->ipywidgets>=7.0.0->qgridnext) (5.9.8)
2025-01-21T21:03:44.8462270Z Requirement already satisfied: MarkupSafe>=2.0 in /Users/runner/micromamba/envs/tardis/lib/python3.12/site-packages (from jinja2>=3.0.3->jupyter-server<3,>=2.4.0->notebook>=4.4.1->widgetsnbextension~=3.6.5->ipywidgets>=7.0.0->qgridnext) (2.1.5)
2025-01-21T21:03:44.8659030Z Requirement already satisfied: attrs>=22.2.0 in /Users/runner/micromamba/envs/tardis/lib/python3.12/site-packages (from jsonschema>=4.18.0->jupyterlab-server<3,>=2.27.1->notebook>=4.4.1->widgetsnbextension~=3.6.5->ipywidgets>=7.0.0->qgridnext) (23.2.0)
2025-01-21T21:03:44.8674720Z Requirement already satisfied: jsonschema-specifications>=2023.03.6 in /Users/runner/micromamba/envs/tardis/lib/python3.12/site-packages (from jsonschema>=4.18.0->jupyterlab-server<3,>=2.27.1->notebook>=4.4.1->widgetsnbextension~=3.6.5->ipywidgets>=7.0.0->qgridnext) (2023.12.1)
2025-01-21T21:03:44.8683040Z Requirement already satisfied: referencing>=0.28.4 in /Users/runner/micromamba/envs/tardis/lib/python3.12/site-packages (from jsonschema>=4.18.0->jupyterlab-server<3,>=2.27.1->notebook>=4.4.1->widgetsnbextension~=3.6.5->ipywidgets>=7.0.0->qgridnext) (0.35.1)
2025-01-21T21:03:44.8698060Z Requirement already satisfied: rpds-py>=0.7.1 in /Users/runner/micromamba/envs/tardis/lib/python3.12/site-packages (from jsonschema>=4.18.0->jupyterlab-server<3,>=2.27.1->notebook>=4.4.1->widgetsnbextension~=3.6.5->ipywidgets>=7.0.0->qgridnext) (0.18.1)
2025-01-21T21:03:44.8978790Z Requirement already satisfied: platformdirs>=2.5 in /Users/runner/micromamba/envs/tardis/lib/python3.12/site-packages (from jupyter-core!=5.0.*,>=4.12->jupyter-server<3,>=2.4.0->notebook>=4.4.1->widgetsnbextension~=3.6.5->ipywidgets>=7.0.0->qgridnext) (4.2.2)
2025-01-21T21:03:44.9184000Z Requirement already satisfied: python-json-logger>=2.0.4 in /Users/runner/micromamba/envs/tardis/lib/python3.12/site-packages (from jupyter-events>=0.9.0->jupyter-server<3,>=2.4.0->notebook>=4.4.1->widgetsnbextension~=3.6.5->ipywidgets>=7.0.0->qgridnext) (2.0.7)
2025-01-21T21:03:44.9286930Z Requirement already satisfied: pyyaml>=5.3 in /Users/runner/micromamba/envs/tardis/lib/python3.12/site-packages (from jupyter-events>=0.9.0->jupyter-server<3,>=2.4.0->notebook>=4.4.1->widgetsnbextension~=3.6.5->ipywidgets>=7.0.0->qgridnext) (6.0.1)
2025-01-21T21:03:44.9395310Z Requirement already satisfied: rfc3339-validator in /Users/runner/micromamba/envs/tardis/lib/python3.12/site-packages (from jupyter-events>=0.9.0->jupyter-server<3,>=2.4.0->notebook>=4.4.1->widgetsnbextension~=3.6.5->ipywidgets>=7.0.0->qgridnext) (0.1.4)
2025-01-21T21:03:44.9498900Z Requirement already satisfied: rfc3986-validator>=0.1.1 in /Users/runner/micromamba/envs/tardis/lib/python3.12/site-packages (from jupyter-events>=0.9.0->jupyter-server<3,>=2.4.0->notebook>=4.4.1->widgetsnbextension~=3.6.5->ipywidgets>=7.0.0->qgridnext) (0.1.1)
2025-01-21T21:03:44.9602220Z Requirement already satisfied: beautifulsoup4 in /Users/runner/micromamba/envs/tardis/lib/python3.12/site-packages (from nbconvert>=6.4.4->jupyter-server<3,>=2.4.0->notebook>=4.4.1->widgetsnbextension~=3.6.5->ipywidgets>=7.0.0->qgridnext) (4.12.3)
2025-01-21T21:03:44.9703230Z Requirement already satisfied: bleach!=5.0.0 in /Users/runner/micromamba/envs/tardis/lib/python3.12/site-packages (from nbconvert>=6.4.4->jupyter-server<3,>=2.4.0->notebook>=4.4.1->widgetsnbextension~=3.6.5->ipywidgets>=7.0.0->qgridnext) (6.1.0)
2025-01-21T21:03:44.9742870Z Requirement already satisfied: defusedxml in /Users/runner/micromamba/envs/tardis/lib/python3.12/site-packages (from nbconvert>=6.4.4->jupyter-server<3,>=2.4.0->notebook>=4.4.1->widgetsnbextension~=3.6.5->ipywidgets>=7.0.0->qgridnext) (0.7.1)
2025-01-21T21:03:44.9761050Z Requirement already satisfied: jupyterlab-pygments in /Users/runner/micromamba/envs/tardis/lib/python3.12/site-packages (from nbconvert>=6.4.4->jupyter-server<3,>=2.4.0->notebook>=4.4.1->widgetsnbextension~=3.6.5->ipywidgets>=7.0.0->qgridnext) (0.3.0)
2025-01-21T21:03:44.9778500Z Requirement already satisfied: mistune<4,>=2.0.3 in /Users/runner/micromamba/envs/tardis/lib/python3.12/site-packages (from nbconvert>=6.4.4->jupyter-server<3,>=2.4.0->notebook>=4.4.1->widgetsnbextension~=3.6.5->ipywidgets>=7.0.0->qgridnext) (3.0.2)
2025-01-21T21:03:44.9799900Z Requirement already satisfied: nbclient>=0.5.0 in /Users/runner/micromamba/envs/tardis/lib/python3.12/site-packages (from nbconvert>=6.4.4->jupyter-server<3,>=2.4.0->notebook>=4.4.1->widgetsnbextension~=3.6.5->ipywidgets>=7.0.0->qgridnext) (0.10.0)
2025-01-21T21:03:44.9804020Z Requirement already satisfied: pandocfilters>=1.4.1 in /Users/runner/micromamba/envs/tardis/lib/python3.12/site-packages (from nbconvert>=6.4.4->jupyter-server<3,>=2.4.0->notebook>=4.4.1->widgetsnbextension~=3.6.5->ipywidgets>=7.0.0->qgridnext) (1.5.0)
2025-01-21T21:03:44.9807670Z Requirement already satisfied: tinycss2 in /Users/runner/micromamba/envs/tardis/lib/python3.12/site-packages (from nbconvert>=6.4.4->jupyter-server<3,>=2.4.0->notebook>=4.4.1->widgetsnbextension~=3.6.5->ipywidgets>=7.0.0->qgridnext) (1.3.0)
2025-01-21T21:03:44.9811380Z Requirement already satisfied: fastjsonschema>=2.15 in /Users/runner/micromamba/envs/tardis/lib/python3.12/site-packages (from nbformat>=5.3.0->jupyter-server<3,>=2.4.0->notebook>=4.4.1->widgetsnbextension~=3.6.5->ipywidgets>=7.0.0->qgridnext) (2.20.0)
2025-01-21T21:03:45.0013330Z Requirement already satisfied: charset-normalizer<4,>=2 in /Users/runner/micromamba/envs/tardis/lib/python3.12/site-packages (from requests>=2.31->jupyterlab-server<3,>=2.27.1->notebook>=4.4.1->widgetsnbextension~=3.6.5->ipywidgets>=7.0.0->qgridnext) (3.3.2)
2025-01-21T21:03:45.0023100Z Requirement already satisfied: urllib3<3,>=1.21.1 in /Users/runner/micromamba/envs/tardis/lib/python3.12/site-packages (from requests>=2.31->jupyterlab-server<3,>=2.27.1->notebook>=4.4.1->widgetsnbextension~=3.6.5->ipywidgets>=7.0.0->qgridnext) (2.2.2)
2025-01-21T21:03:45.0817990Z Requirement already satisfied: webencodings in /Users/runner/micromamba/envs/tardis/lib/python3.12/site-packages (from bleach!=5.0.0->nbconvert>=6.4.4->jupyter-server<3,>=2.4.0->notebook>=4.4.1->widgetsnbextension~=3.6.5->ipywidgets>=7.0.0->qgridnext) (0.5.1)
2025-01-21T21:03:45.1319540Z Requirement already satisfied: fqdn in /Users/runner/micromamba/envs/tardis/lib/python3.12/site-packages (from jsonschema[format-nongpl]>=4.18.0->jupyter-events>=0.9.0->jupyter-server<3,>=2.4.0->notebook>=4.4.1->widgetsnbextension~=3.6.5->ipywidgets>=7.0.0->qgridnext) (1.5.1)
2025-01-21T21:03:45.1421900Z Requirement already satisfied: isoduration in /Users/runner/micromamba/envs/tardis/lib/python3.12/site-packages (from jsonschema[format-nongpl]>=4.18.0->jupyter-events>=0.9.0->jupyter-server<3,>=2.4.0->notebook>=4.4.1->widgetsnbextension~=3.6.5->ipywidgets>=7.0.0->qgridnext) (20.11.0)
2025-01-21T21:03:45.1522900Z Requirement already satisfied: jsonpointer>1.13 in /Users/runner/micromamba/envs/tardis/lib/python3.12/site-packages (from jsonschema[format-nongpl]>=4.18.0->jupyter-events>=0.9.0->jupyter-server<3,>=2.4.0->notebook>=4.4.1->widgetsnbextension~=3.6.5->ipywidgets>=7.0.0->qgridnext) (3.0.0)
2025-01-21T21:03:45.1624660Z Requirement already satisfied: uri-template in /Users/runner/micromamba/envs/tardis/lib/python3.12/site-packages (from jsonschema[format-nongpl]>=4.18.0->jupyter-events>=0.9.0->jupyter-server<3,>=2.4.0->notebook>=4.4.1->widgetsnbextension~=3.6.5->ipywidgets>=7.0.0->qgridnext) (1.3.0)
2025-01-21T21:03:45.1726470Z Requirement already satisfied: webcolors>=1.11 in /Users/runner/micromamba/envs/tardis/lib/python3.12/site-packages (from jsonschema[format-nongpl]>=4.18.0->jupyter-events>=0.9.0->jupyter-server<3,>=2.4.0->notebook>=4.4.1->widgetsnbextension~=3.6.5->ipywidgets>=7.0.0->qgridnext) (24.6.0)
2025-01-21T21:03:45.2229770Z Requirement already satisfied: cffi>=1.0.1 in /Users/runner/micromamba/envs/tardis/lib/python3.12/site-packages (from argon2-cffi-bindings->argon2-cffi>=21.1->jupyter-server<3,>=2.4.0->notebook>=4.4.1->widgetsnbextension~=3.6.5->ipywidgets>=7.0.0->qgridnext) (1.16.0)
2025-01-21T21:03:45.2329640Z Requirement already satisfied: soupsieve>1.2 in /Users/runner/micromamba/envs/tardis/lib/python3.12/site-packages (from beautifulsoup4->nbconvert>=6.4.4->jupyter-server<3,>=2.4.0->notebook>=4.4.1->widgetsnbextension~=3.6.5->ipywidgets>=7.0.0->qgridnext) (2.5)
2025-01-21T21:03:45.2730980Z Requirement already satisfied: pycparser in /Users/runner/micromamba/envs/tardis/lib/python3.12/site-packages (from cffi>=1.0.1->argon2-cffi-bindings->argon2-cffi>=21.1->jupyter-server<3,>=2.4.0->notebook>=4.4.1->widgetsnbextension~=3.6.5->ipywidgets>=7.0.0->qgridnext) (2.22)
2025-01-21T21:03:45.3134170Z Requirement already satisfied: arrow>=0.15.0 in /Users/runner/micromamba/envs/tardis/lib/python3.12/site-packages (from isoduration->jsonschema[format-nongpl]>=4.18.0->jupyter-events>=0.9.0->jupyter-server<3,>=2.4.0->notebook>=4.4.1->widgetsnbextension~=3.6.5->ipywidgets>=7.0.0->qgridnext) (1.3.0)
2025-01-21T21:03:45.3435800Z Requirement already satisfied: types-python-dateutil>=2.8.10 in /Users/runner/micromamba/envs/tardis/lib/python3.12/site-packages (from arrow>=0.15.0->isoduration->jsonschema[format-nongpl]>=4.18.0->jupyter-events>=0.9.0->jupyter-server<3,>=2.4.0->notebook>=4.4.1->widgetsnbextension~=3.6.5->ipywidgets>=7.0.0->qgridnext) (2.9.0.20240316)
2025-01-21T21:03:45.3837710Z Downloading qgridnext-2.0.4-py3-none-any.whl (1.3 MB)
2025-01-21T21:03:45.4482090Z    ━━━━━━━━━━━━━━━━━━━━━━━━━━━━━━━━━━━━━━━━ 1.3/1.3 MB 19.9 MB/s eta 0:00:00
2025-01-21T21:03:46.1744120Z Installing collected packages: qgridnext
2025-01-21T21:03:46.2268760Z Successfully installed qgridnext-2.0.4
2025-01-21T21:03:46.4696780Z ##[group]Run pytest tardis --tardis-regression-data=/Users/runner/work/tardis/tardis/tardis-regression-data --cov=tardis --cov-report=xml --cov-report=html --cov-append -m "not continuum"
2025-01-21T21:03:46.4697810Z [36;1mpytest tardis --tardis-regression-data=/Users/runner/work/tardis/tardis/tardis-regression-data --cov=tardis --cov-report=xml --cov-report=html --cov-append -m "not continuum"[0m
2025-01-21T21:03:46.4774740Z shell: /bin/bash -l {0}
2025-01-21T21:03:46.4774950Z env:
2025-01-21T21:03:46.4775100Z   CACHE_NUMBER: 0
2025-01-21T21:03:46.4775610Z   PYTEST_FLAGS: --tardis-regression-data=/Users/runner/work/tardis/tardis/tardis-regression-data --cov=tardis --cov-report=xml --cov-report=html --cov-append
2025-01-21T21:03:46.4776150Z   CODECOV_TOKEN: 
2025-01-21T21:03:46.4776330Z   MAMBA_ROOT_PREFIX: /Users/runner/micromamba
2025-01-21T21:03:46.4776590Z   MAMBA_EXE: /Users/runner/micromamba-bin/micromamba
2025-01-21T21:03:46.4776980Z   CONDARC: /Users/runner/work/_temp/setup-micromamba/.condarc
2025-01-21T21:03:46.4777230Z ##[endgroup]
2025-01-21T21:04:00.3263250Z ============================= test session starts ==============================
2025-01-21T21:04:00.3264190Z platform darwin -- Python 3.12.4, pytest-8.2.2, pluggy-1.5.0
2025-01-21T21:04:00.3265050Z rootdir: /Users/runner/work/tardis/tardis
2025-01-21T21:04:00.3289120Z configfile: pyproject.toml
2025-01-21T21:04:00.3289930Z plugins: cov-5.0.0, html-4.1.1, metadata-3.1.1, doctestplus-1.2.1, anyio-4.4.0
2025-01-21T21:04:00.3290830Z collected 1796 items / 2 deselected / 1794 selected
2025-01-21T21:04:00.3291260Z 
2025-01-21T21:04:03.8440730Z tardis/energy_input/tests/test_energy_source.py ..xxx                    [  0%]
2025-01-21T21:04:06.3013950Z tardis/energy_input/tests/test_gamma_ray_channel.py ...........          [  0%]
2025-01-21T21:04:07.9426630Z tardis/energy_input/tests/test_gamma_ray_grid.py xx.                     [  1%]
2025-01-21T21:04:09.3014280Z tardis/energy_input/tests/test_gamma_ray_interactions.py xx....          [  1%]
2025-01-21T21:04:09.3073850Z tardis/energy_input/tests/test_gamma_ray_packet_source.py sssssssss      [  1%]
2025-01-21T21:04:10.5159490Z tardis/energy_input/tests/test_util.py .....xxxx.....                    [  2%]
2025-01-21T21:04:10.9537470Z tardis/grid/tests/test_grid.py .                                         [  2%]
2025-01-21T21:04:10.9563860Z tardis/gui/tests/test_gui.py s                                           [  2%]
2025-01-21T21:04:14.9489780Z tardis/io/configuration/tests/test_config_reader.py ...........          [  3%]
2025-01-21T21:04:14.9690800Z tardis/io/configuration/tests/test_configuration_namespace.py .........  [  3%]
2025-01-21T21:04:14.9894400Z tardis/io/logger/tests/test_logging.py ssssssssssssssssssssssssssss      [  5%]
2025-01-21T21:04:53.8968120Z tardis/io/model/readers/tests/test_arepo_parser.py ..                    [  5%]
2025-01-21T21:04:53.9198720Z tardis/io/model/readers/tests/test_ascii_readers.py ...                  [  5%]
2025-01-21T21:04:53.9370400Z tardis/io/model/readers/tests/test_cmfgen_reader.py ..                   [  5%]
2025-01-21T21:04:53.9731840Z tardis/io/model/readers/tests/test_csvy_reader.py ....                   [  6%]
2025-01-21T21:04:54.0026240Z tardis/io/model/readers/tests/test_stella_reader.py ..                   [  6%]
2025-01-21T21:04:54.2704130Z tardis/io/tests/test_HDFWriter.py ...............                        [  7%]
2025-01-21T21:04:54.9297350Z tardis/io/tests/test_atomic.py .....                                     [  7%]
2025-01-21T21:04:54.9496480Z tardis/io/tests/test_decay.py ..                                         [  7%]
2025-01-21T21:04:55.1548310Z tardis/io/tests/test_model_reader.py ......                              [  7%]
2025-01-21T21:04:55.1589900Z tardis/model/geometry/tests/test_radial1d.py ..                          [  7%]
2025-01-21T21:05:36.1226790Z tardis/model/tests/test_base.py ........................................ [ 10%]
2025-01-21T21:05:37.3531160Z ............                                                             [ 10%]
2025-01-21T21:05:41.0623050Z tardis/model/tests/test_csvy_model.py .........                          [ 11%]
2025-01-21T21:05:41.2167230Z tardis/model/tests/test_density.py ..                                    [ 11%]
2025-01-21T21:05:43.2338730Z tardis/opacities/tests/test_opacity_solver.py .....                      [ 11%]
2025-01-21T21:05:44.7586840Z tardis/opacities/tests/test_opacity_state_numba.py .....                 [ 11%]
2025-01-21T21:05:48.6654200Z tardis/opacities/tests/test_tau_sobolev.py ..                            [ 12%]
2025-01-21T21:05:51.7471350Z tardis/plasma/equilibrium/tests/test_collisional_transitions.py ...      [ 12%]
2025-01-21T21:05:58.5656900Z ##[error]The operation was canceled.
2025-01-21T21:05:58.5817180Z Post job cleanup.
2025-01-21T21:05:58.5948320Z Post job cleanup.
2025-01-21T21:05:59.5576150Z Will use pre-installed micromamba at /Users/runner/micromamba-bin/micromamba
2025-01-21T21:05:59.5734560Z Removing micromamba run shell ...
2025-01-21T21:05:59.5786090Z ##[group]Deinitialize micromamba for bash
2025-01-21T21:05:59.5803070Z [command]/Users/runner/micromamba-bin/micromamba shell deinit -s bash -r /Users/runner/micromamba --log-level warning --rc-file /Users/runner/work/_temp/setup-micromamba/.condarc
2025-01-21T21:05:59.6996800Z Resetting RC file "/Users/runner/.bash_profile"
2025-01-21T21:05:59.6998230Z Deleting config for root prefix 
2025-01-21T21:05:59.6998470Z Clearing mamba executable environment variable
2025-01-21T21:05:59.7060450Z Removing the following in your "/Users/runner/.bash_profile" file
2025-01-21T21:05:59.7064600Z # >>> mamba initialize >>>
2025-01-21T21:05:59.7072170Z ...
2025-01-21T21:05:59.7075410Z # <<< mamba initialize <<<
2025-01-21T21:05:59.7655090Z Removing environment tardis from auto-activate bash ...
2025-01-21T21:05:59.7768380Z Post job cleanup.
2025-01-21T21:05:59.7875580Z Post job cleanup.
2025-01-21T21:06:00.0010280Z [command]/opt/homebrew/bin/git version
2025-01-21T21:06:00.1460070Z git version 2.48.0
2025-01-21T21:06:00.1772240Z Copying '/Users/runner/.gitconfig' to '/Users/runner/work/_temp/a6af8729-fec5-48db-a014-40a642def676/.gitconfig'
2025-01-21T21:06:00.1773090Z Temporarily overriding HOME='/Users/runner/work/_temp/a6af8729-fec5-48db-a014-40a642def676' before making global git config changes
2025-01-21T21:06:00.1774010Z Adding repository directory to the temporary git global config as a safe directory
2025-01-21T21:06:00.1775730Z [command]/opt/homebrew/bin/git config --global --add safe.directory /Users/runner/work/tardis/tardis/tardis-regression-data
2025-01-21T21:06:00.1868940Z [command]/opt/homebrew/bin/git config --local --name-only --get-regexp core\.sshCommand
2025-01-21T21:06:00.1961660Z [command]/opt/homebrew/bin/git submodule foreach --recursive sh -c "git config --local --name-only --get-regexp 'core\.sshCommand' && git config --local --unset-all 'core.sshCommand' || :"
2025-01-21T21:06:00.3441100Z [command]/opt/homebrew/bin/git config --local --name-only --get-regexp http\.https\:\/\/github\.com\/\.extraheader
2025-01-21T21:06:00.3473720Z http.https://github.com/.extraheader
2025-01-21T21:06:00.3483250Z [command]/opt/homebrew/bin/git config --local --unset-all http.https://github.com/.extraheader
2025-01-21T21:06:00.3551770Z [command]/opt/homebrew/bin/git submodule foreach --recursive sh -c "git config --local --name-only --get-regexp 'http\.https\:\/\/github\.com\/\.extraheader' && git config --local --unset-all 'http.https://github.com/.extraheader' || :"
2025-01-21T21:06:00.5104580Z Post job cleanup.
2025-01-21T21:06:00.6888470Z [command]/opt/homebrew/bin/git version
2025-01-21T21:06:00.6889710Z git version 2.48.0
2025-01-21T21:06:00.7128290Z Copying '/Users/runner/.gitconfig' to '/Users/runner/work/_temp/c45a5f0a-48e1-428f-8db9-338ba202e3a4/.gitconfig'
2025-01-21T21:06:00.7130250Z Temporarily overriding HOME='/Users/runner/work/_temp/c45a5f0a-48e1-428f-8db9-338ba202e3a4' before making global git config changes
2025-01-21T21:06:00.7132000Z Adding repository directory to the temporary git global config as a safe directory
2025-01-21T21:06:00.7134150Z [command]/opt/homebrew/bin/git config --global --add safe.directory /Users/runner/work/tardis/tardis
2025-01-21T21:06:00.7135290Z [command]/opt/homebrew/bin/git config --local --name-only --get-regexp core\.sshCommand
2025-01-21T21:06:00.7172320Z [command]/opt/homebrew/bin/git submodule foreach --recursive sh -c "git config --local --name-only --get-regexp 'core\.sshCommand' && git config --local --unset-all 'core.sshCommand' || :"
2025-01-21T21:06:00.8898460Z [command]/opt/homebrew/bin/git config --local --name-only --get-regexp http\.https\:\/\/github\.com\/\.extraheader
2025-01-21T21:06:00.8961830Z http.https://github.com/.extraheader
2025-01-21T21:06:00.8991810Z [command]/opt/homebrew/bin/git config --local --unset-all http.https://github.com/.extraheader
2025-01-21T21:06:00.9068480Z [command]/opt/homebrew/bin/git submodule foreach --recursive sh -c "git config --local --name-only --get-regexp 'http\.https\:\/\/github\.com\/\.extraheader' && git config --local --unset-all 'http.https://github.com/.extraheader' || :"
2025-01-21T21:06:01.0079260Z Cleaning up orphan processes
2025-01-21T21:06:02.0979580Z Terminate orphan process: pid (4262) (python3.12)
2025-01-21T21:06:02.1494360Z Terminate orphan process: pid (4185) (python3.12)
